FACTORIZATION: 32 irreducible factors of degree 2 over F_1000401089: OK
44604608,0,1 RHO mem=True nz=True ynz=True cond=True claim_agree=True upper=0.921802008404  CERT
44604608,0,1 T   mem=True nz=True ynz=True cond=True claim_agree=True upper=1861.23577442  CERT
51627437,0,1 RHO mem=True nz=True ynz=True cond=True claim_agree=True upper=0.891633575868  CERT
51627437,0,1 T   mem=True nz=True ynz=True cond=True claim_agree=True upper=1662.33377646  CERT
54093072,0,1 RHO mem=True nz=True ynz=True cond=True claim_agree=True upper=0.891633575868  CERT
54093072,0,1 T   mem=True nz=True ynz=True cond=True claim_agree=True upper=2624.60805113  CERT
90916152,0,1 RHO mem=True nz=True ynz=True cond=True claim_agree=True upper=0.892013291916  CERT
90916152,0,1 T   mem=True nz=True ynz=True cond=True claim_agree=True upper=2060.29646666  CERT
115424507,0,1 RHO mem=True nz=True ynz=True cond=True claim_agree=True upper=0.930180456803  CERT
115424507,0,1 T   mem=True nz=True ynz=True cond=True claim_agree=True upper=1871.39904815  CERT
125748818,0,1 RHO mem=True nz=True ynz=True cond=True claim_agree=True upper=0.892013291916  CERT
125748818,0,1 T   mem=True nz=True ynz=True cond=True claim_agree=True upper=1829.03229116  CERT
172356964,0,1 RHO mem=True nz=True ynz=True cond=True claim_agree=True upper=0.904293340845  CERT
172356964,0,1 T   mem=True nz=True ynz=True cond=True claim_agree=True upper=1886.11429432  CERT
192502745,0,1 RHO mem=True nz=True ynz=True cond=True claim_agree=True upper=0.930180456803  CERT
192502745,0,1 T   mem=True nz=True ynz=True cond=True claim_agree=True upper=2630.39622262  CERT
234863848,0,1 RHO mem=True nz=True ynz=True cond=True claim_agree=True upper=0.919874143113  CERT
234863848,0,1 T   mem=True nz=True ynz=True cond=True claim_agree=True upper=2442.95025875  CERT
281481974,0,1 RHO mem=True nz=True ynz=True cond=True claim_agree=True upper=0.885208369403  CERT
281481974,0,1 T   mem=True nz=True ynz=True cond=True claim_agree=True upper=2062.67872265  CERT
327254402,0,1 RHO mem=True nz=True ynz=True cond=True claim_agree=True upper=0.940233807250  CERT
327254402,0,1 T   mem=True nz=True ynz=True cond=True claim_agree=True upper=2195.14786589  CERT
335593213,0,1 RHO mem=True nz=True ynz=True cond=True claim_agree=True upper=0.938794851778  CERT
335593213,0,1 T   mem=True nz=True ynz=True cond=True claim_agree=True upper=2976.26788752  CERT
354910400,0,1 RHO mem=True nz=True ynz=True cond=True claim_agree=True upper=0.919214122620  CERT
354910400,0,1 T   mem=True nz=True ynz=True cond=True claim_agree=True upper=1925.07074383  CERT
387347835,0,1 RHO mem=True nz=True ynz=True cond=True claim_agree=True upper=0.941155546337  CERT
387347835,0,1 T   mem=True nz=True ynz=True cond=True claim_agree=True upper=2132.51526089  CERT
425629605,0,1 RHO mem=True nz=True ynz=True cond=True claim_agree=True upper=0.895461520320  CERT
425629605,0,1 T   mem=True nz=True ynz=True cond=True claim_agree=True upper=1924.37254070  CERT
478907054,0,1 RHO mem=True nz=True ynz=True cond=True claim_agree=True upper=0.922244063890  CERT
478907054,0,1 T   mem=True nz=True ynz=True cond=True claim_agree=True upper=1941.78598365  CERT
521494035,0,1 RHO mem=True nz=True ynz=True cond=True claim_agree=True upper=0.921802008404  CERT
521494035,0,1 T   mem=True nz=True ynz=True cond=True claim_agree=True upper=2062.81480095  CERT
574771484,0,1 RHO mem=True nz=True ynz=True cond=True claim_agree=True upper=0.919214122620  CERT
574771484,0,1 T   mem=True nz=True ynz=True cond=True claim_agree=True upper=1874.59560608  CERT
613053254,0,1 RHO mem=True nz=True ynz=True cond=True claim_agree=True upper=0.919874143113  CERT
613053254,0,1 T   mem=True nz=True ynz=True cond=True claim_agree=True upper=2026.49822003  CERT
645490689,0,1 RHO mem=True nz=True ynz=True cond=True claim_agree=True upper=0.895461520320  CERT
645490689,0,1 T   mem=True nz=True ynz=True cond=True claim_agree=True upper=2180.18362372  CERT
664807876,0,1 RHO mem=True nz=True ynz=True cond=True claim_agree=True upper=0.885208369403  CERT
664807876,0,1 T   mem=True nz=True ynz=True cond=True claim_agree=True upper=1545.02671950  CERT
673146687,0,1 RHO mem=True nz=True ynz=True cond=True claim_agree=True upper=0.904293340845  CERT
673146687,0,1 T   mem=True nz=True ynz=True cond=True claim_agree=True upper=2010.07912584  CERT
718919115,0,1 RHO mem=True nz=True ynz=True cond=True claim_agree=True upper=0.938794851778  CERT
718919115,0,1 T   mem=True nz=True ynz=True cond=True claim_agree=True upper=1897.69748060  CERT
765537241,0,1 RHO mem=True nz=True ynz=True cond=True claim_agree=True upper=0.941155546337  CERT
765537241,0,1 T   mem=True nz=True ynz=True cond=True claim_agree=True upper=2267.11769640  CERT
807898344,0,1 RHO mem=True nz=True ynz=True cond=True claim_agree=True upper=0.911771928124  CERT
807898344,0,1 T   mem=True nz=True ynz=True cond=True claim_agree=True upper=2215.94455028  CERT
828044125,0,1 RHO mem=True nz=True ynz=True cond=True claim_agree=True upper=0.940233807250  CERT
828044125,0,1 T   mem=True nz=True ynz=True cond=True claim_agree=True upper=2146.13854397  CERT
874652271,0,1 RHO mem=True nz=True ynz=True cond=True claim_agree=True upper=0.950968303856  CERT
874652271,0,1 T   mem=True nz=True ynz=True cond=True claim_agree=True upper=2844.21065164  CERT
884976582,0,1 RHO mem=True nz=True ynz=True cond=True claim_agree=True upper=0.911771928124  CERT
884976582,0,1 T   mem=True nz=True ynz=True cond=True claim_agree=True upper=1753.92071206  CERT
909484937,0,1 RHO mem=True nz=True ynz=True cond=True claim_agree=True upper=0.950968303856  CERT
909484937,0,1 T   mem=True nz=True ynz=True cond=True claim_agree=True upper=2168.06886170  CERT
946308017,0,1 RHO mem=True nz=True ynz=True cond=True claim_agree=True upper=0.936751597036  CERT
946308017,0,1 T   mem=True nz=True ynz=True cond=True claim_agree=True upper=2235.17688711  CERT
948773652,0,1 RHO mem=True nz=True ynz=True cond=True claim_agree=True upper=0.936751597036  CERT
948773652,0,1 T   mem=True nz=True ynz=True cond=True claim_agree=True upper=2005.13841969  CERT
955796481,0,1 RHO mem=True nz=True ynz=True cond=True claim_agree=True upper=0.922244063890  CERT
955796481,0,1 T   mem=True nz=True ynz=True cond=True claim_agree=True upper=1632.35429946  CERT
FAMILY VERIFY n=7 l=1000401089 : EXCLUDED (components certified 32 / 32 ; lines 64 ; failed lines 0)
FAMILY VERIFY PASS
