FACTORIZATION: 32 irreducible factors of degree 2 over F_1000334017: OK
3939487,0,1 RHO mem=True nz=True ynz=True cond=True claim_agree=True upper=0.939860912706  CERT
3939487,0,1 T   mem=True nz=True ynz=True cond=True claim_agree=True upper=1999.86000642  CERT
33809459,0,1 RHO mem=True nz=True ynz=True cond=True claim_agree=True upper=0.949422303194  CERT
33809459,0,1 T   mem=True nz=True ynz=True cond=True claim_agree=True upper=3172.51739576  CERT
39754905,0,1 RHO mem=True nz=True ynz=True cond=True claim_agree=True upper=0.901243873401  CERT
39754905,0,1 T   mem=True nz=True ynz=True cond=True claim_agree=True upper=2320.13635968  CERT
78335743,0,1 RHO mem=True nz=True ynz=True cond=True claim_agree=True upper=0.953155207576  CERT
78335743,0,1 T   mem=True nz=True ynz=True cond=True claim_agree=True upper=2305.76157591  CERT
137861394,0,1 RHO mem=True nz=True ynz=True cond=True claim_agree=True upper=0.926501386592  CERT
137861394,0,1 T   mem=True nz=True ynz=True cond=True claim_agree=True upper=2009.96664670  CERT
140153873,0,1 RHO mem=True nz=True ynz=True cond=True claim_agree=True upper=0.939860912706  CERT
140153873,0,1 T   mem=True nz=True ynz=True cond=True claim_agree=True upper=2398.18301055  CERT
172720501,0,1 RHO mem=True nz=True ynz=True cond=True claim_agree=True upper=0.938047420923  CERT
172720501,0,1 T   mem=True nz=True ynz=True cond=True claim_agree=True upper=2536.30675786  CERT
226497057,0,1 RHO mem=True nz=True ynz=True cond=True claim_agree=True upper=0.949422303194  CERT
226497057,0,1 T   mem=True nz=True ynz=True cond=True claim_agree=True upper=2727.19739265  CERT
257465958,0,1 RHO mem=True nz=True ynz=True cond=True claim_agree=True upper=0.901243873401  CERT
257465958,0,1 T   mem=True nz=True ynz=True cond=True claim_agree=True upper=1843.13281397  CERT
356683496,0,1 RHO mem=True nz=True ynz=True cond=True claim_agree=True upper=0.894449726244  CERT
356683496,0,1 T   mem=True nz=True ynz=True cond=True claim_agree=True upper=2605.09008971  CERT
392754640,0,1 RHO mem=True nz=True ynz=True cond=True claim_agree=True upper=0.944359368648  CERT
392754640,0,1 T   mem=True nz=True ynz=True cond=True claim_agree=True upper=1984.07568251  CERT
446912916,0,1 RHO mem=True nz=True ynz=True cond=True claim_agree=True upper=0.950562803814  CERT
446912916,0,1 T   mem=True nz=True ynz=True cond=True claim_agree=True upper=1967.32292590  CERT
450536299,0,1 RHO mem=True nz=True ynz=True cond=True claim_agree=True upper=0.948705576317  CERT
450536299,0,1 T   mem=True nz=True ynz=True cond=True claim_agree=True upper=1895.39300227  CERT
470578950,0,1 RHO mem=True nz=True ynz=True cond=True claim_agree=True upper=0.925222602695  CERT
470578950,0,1 T   mem=True nz=True ynz=True cond=True claim_agree=True upper=2040.32911162  CERT
471049315,0,1 RHO mem=True nz=True ynz=True cond=True claim_agree=True upper=0.948705576317  CERT
471049315,0,1 T   mem=True nz=True ynz=True cond=True claim_agree=True upper=2454.22645988  CERT
487616939,0,1 RHO mem=True nz=True ynz=True cond=True claim_agree=True upper=0.949658627834  CERT
487616939,0,1 T   mem=True nz=True ynz=True cond=True claim_agree=True upper=2024.20498719  CERT
512717078,0,1 RHO mem=True nz=True ynz=True cond=True claim_agree=True upper=0.938047420923  CERT
512717078,0,1 T   mem=True nz=True ynz=True cond=True claim_agree=True upper=2203.53570880  CERT
529284702,0,1 RHO mem=True nz=True ynz=True cond=True claim_agree=True upper=0.902790347415  CERT
529284702,0,1 T   mem=True nz=True ynz=True cond=True claim_agree=True upper=1524.88598980  CERT
529755067,0,1 RHO mem=True nz=True ynz=True cond=True claim_agree=True upper=0.944359368648  CERT
529755067,0,1 T   mem=True nz=True ynz=True cond=True claim_agree=True upper=2490.97364655  CERT
549797718,0,1 RHO mem=True nz=True ynz=True cond=True claim_agree=True upper=0.902790347415  CERT
549797718,0,1 T   mem=True nz=True ynz=True cond=True claim_agree=True upper=1748.33213622  CERT
553421101,0,1 RHO mem=True nz=True ynz=True cond=True claim_agree=True upper=0.926501386592  CERT
553421101,0,1 T   mem=True nz=True ynz=True cond=True claim_agree=True upper=2440.56015956  CERT
607579377,0,1 RHO mem=True nz=True ynz=True cond=True claim_agree=True upper=0.925222602695  CERT
607579377,0,1 T   mem=True nz=True ynz=True cond=True claim_agree=True upper=2269.25174437  CERT
643650521,0,1 RHO mem=True nz=True ynz=True cond=True claim_agree=True upper=0.953155207576  CERT
643650521,0,1 T   mem=True nz=True ynz=True cond=True claim_agree=True upper=2248.78042040  CERT
742868059,0,1 RHO mem=True nz=True ynz=True cond=True claim_agree=True upper=0.949384628752  CERT
742868059,0,1 T   mem=True nz=True ynz=True cond=True claim_agree=True upper=2404.20705787  CERT
773836960,0,1 RHO mem=True nz=True ynz=True cond=True claim_agree=True upper=0.923479707247  CERT
773836960,0,1 T   mem=True nz=True ynz=True cond=True claim_agree=True upper=1641.29291675  CERT
827613516,0,1 RHO mem=True nz=True ynz=True cond=True claim_agree=True upper=0.949658627834  CERT
827613516,0,1 T   mem=True nz=True ynz=True cond=True claim_agree=True upper=2313.32530555  CERT
860180144,0,1 RHO mem=True nz=True ynz=True cond=True claim_agree=True upper=0.926357027163  CERT
860180144,0,1 T   mem=True nz=True ynz=True cond=True claim_agree=True upper=2436.18130723  CERT
862472623,0,1 RHO mem=True nz=True ynz=True cond=True claim_agree=True upper=0.950562803814  CERT
862472623,0,1 T   mem=True nz=True ynz=True cond=True claim_agree=True upper=2156.58142267  CERT
921998274,0,1 RHO mem=True nz=True ynz=True cond=True claim_agree=True upper=0.894449726244  CERT
921998274,0,1 T   mem=True nz=True ynz=True cond=True claim_agree=True upper=1678.16916181  CERT
960579112,0,1 RHO mem=True nz=True ynz=True cond=True claim_agree=True upper=0.949384628752  CERT
960579112,0,1 T   mem=True nz=True ynz=True cond=True claim_agree=True upper=2145.21216547  CERT
966524558,0,1 RHO mem=True nz=True ynz=True cond=True claim_agree=True upper=0.923479707247  CERT
966524558,0,1 T   mem=True nz=True ynz=True cond=True claim_agree=True upper=1722.08855328  CERT
996394530,0,1 RHO mem=True nz=True ynz=True cond=True claim_agree=True upper=0.926357027163  CERT
996394530,0,1 T   mem=True nz=True ynz=True cond=True claim_agree=True upper=1752.69167351  CERT
FAMILY VERIFY n=7 l=1000334017 : EXCLUDED (components certified 32 / 32 ; lines 64 ; failed lines 0)
FAMILY VERIFY PASS
