FACTORIZATION: 32 irreducible factors of degree 2 over F_1000374337: OK
8310474,0,1 RHO mem=True nz=True ynz=True cond=True claim_agree=True upper=0.948275282630  CERT
8310474,0,1 T   mem=True nz=True ynz=True cond=True claim_agree=True upper=1842.44235317  CERT
17286312,0,1 RHO mem=True nz=True ynz=True cond=True claim_agree=True upper=0.948583022354  CERT
17286312,0,1 T   mem=True nz=True ynz=True cond=True claim_agree=True upper=2881.24199000  CERT
18588447,0,1 RHO mem=True nz=True ynz=True cond=True claim_agree=True upper=0.948275282630  CERT
18588447,0,1 T   mem=True nz=True ynz=True cond=True claim_agree=True upper=3468.69682275  CERT
147011342,0,1 RHO mem=True nz=True ynz=True cond=True claim_agree=True upper=0.951933753438  CERT
147011342,0,1 T   mem=True nz=True ynz=True cond=True claim_agree=True upper=2659.29787641  CERT
156693787,0,1 RHO mem=True nz=True ynz=True cond=True claim_agree=True upper=0.958144763088  CERT
156693787,0,1 T   mem=True nz=True ynz=True cond=True claim_agree=True upper=2730.73822920  CERT
217959385,0,1 RHO mem=True nz=True ynz=True cond=True claim_agree=True upper=0.967283827687  CERT
217959385,0,1 T   mem=True nz=True ynz=True cond=True claim_agree=True upper=3127.24978688  CERT
246635893,0,1 RHO mem=True nz=True ynz=True cond=True claim_agree=True upper=0.967283827687  CERT
246635893,0,1 T   mem=True nz=True ynz=True cond=True claim_agree=True upper=3100.22448901  CERT
257414484,0,1 RHO mem=True nz=True ynz=True cond=True claim_agree=True upper=0.990869063552  CERT
257414484,0,1 T   mem=True nz=True ynz=True cond=True claim_agree=True upper=2457.38161947  CERT
335636590,0,1 RHO mem=True nz=True ynz=True cond=True claim_agree=True upper=0.955516775665  CERT
335636590,0,1 T   mem=True nz=True ynz=True cond=True claim_agree=True upper=3268.61718661  CERT
341819820,0,1 RHO mem=True nz=True ynz=True cond=True claim_agree=True upper=0.951323924986  CERT
341819820,0,1 T   mem=True nz=True ynz=True cond=True claim_agree=True upper=2135.16702836  CERT
373206281,0,1 RHO mem=True nz=True ynz=True cond=True claim_agree=True upper=0.953078069370  CERT
373206281,0,1 T   mem=True nz=True ynz=True cond=True claim_agree=True upper=2781.89386678  CERT
419995556,0,1 RHO mem=True nz=True ynz=True cond=True claim_agree=True upper=0.974020457283  CERT
419995556,0,1 T   mem=True nz=True ynz=True cond=True claim_agree=True upper=3508.01947319  CERT
446581602,0,1 RHO mem=True nz=True ynz=True cond=True claim_agree=True upper=0.974020457283  CERT
446581602,0,1 T   mem=True nz=True ynz=True cond=True claim_agree=True upper=2408.04591449  CERT
462610868,0,1 RHO mem=True nz=True ynz=True cond=True claim_agree=True upper=0.971237039489  CERT
462610868,0,1 T   mem=True nz=True ynz=True cond=True claim_agree=True upper=3429.13779032  CERT
477407566,0,1 RHO mem=True nz=True ynz=True cond=True claim_agree=True upper=0.935557762505  CERT
477407566,0,1 T   mem=True nz=True ynz=True cond=True claim_agree=True upper=1630.56930646  CERT
485934363,0,1 RHO mem=True nz=True ynz=True cond=True claim_agree=True upper=0.999531376140  CERT
485934363,0,1 T   mem=True nz=True ynz=True cond=True claim_agree=True upper=3271.20855941  CERT
514439974,0,1 RHO mem=True nz=True ynz=True cond=True claim_agree=True upper=0.951933753438  CERT
514439974,0,1 T   mem=True nz=True ynz=True cond=True claim_agree=True upper=2423.28833483  CERT
522966771,0,1 RHO mem=True nz=True ynz=True cond=True claim_agree=True upper=0.953078069370  CERT
522966771,0,1 T   mem=True nz=True ynz=True cond=True claim_agree=True upper=2104.51532995  CERT
537763469,0,1 RHO mem=True nz=True ynz=True cond=True claim_agree=True upper=0.955516775665  CERT
537763469,0,1 T   mem=True nz=True ynz=True cond=True claim_agree=True upper=2837.10337886  CERT
553792735,0,1 RHO mem=True nz=True ynz=True cond=True claim_agree=True upper=0.947129488195  CERT
553792735,0,1 T   mem=True nz=True ynz=True cond=True claim_agree=True upper=2196.36984240  CERT
580378781,0,1 RHO mem=True nz=True ynz=True cond=True claim_agree=True upper=0.947129488195  CERT
580378781,0,1 T   mem=True nz=True ynz=True cond=True claim_agree=True upper=3036.66841229  CERT
627168056,0,1 RHO mem=True nz=True ynz=True cond=True claim_agree=True upper=0.935557762505  CERT
627168056,0,1 T   mem=True nz=True ynz=True cond=True claim_agree=True upper=2695.82934126  CERT
658554517,0,1 RHO mem=True nz=True ynz=True cond=True claim_agree=True upper=0.948583022354  CERT
658554517,0,1 T   mem=True nz=True ynz=True cond=True claim_agree=True upper=3086.29364774  CERT
664737747,0,1 RHO mem=True nz=True ynz=True cond=True claim_agree=True upper=0.971237039489  CERT
664737747,0,1 T   mem=True nz=True ynz=True cond=True claim_agree=True upper=2044.62676542  CERT
742959853,0,1 RHO mem=True nz=True ynz=True cond=True claim_agree=True upper=0.958144763088  CERT
742959853,0,1 T   mem=True nz=True ynz=True cond=True claim_agree=True upper=2094.95294488  CERT
753738444,0,1 RHO mem=True nz=True ynz=True cond=True claim_agree=True upper=0.956874368745  CERT
753738444,0,1 T   mem=True nz=True ynz=True cond=True claim_agree=True upper=2025.26992377  CERT
782414952,0,1 RHO mem=True nz=True ynz=True cond=True claim_agree=True upper=0.956874368745  CERT
782414952,0,1 T   mem=True nz=True ynz=True cond=True claim_agree=True upper=2711.89588288  CERT
843680550,0,1 RHO mem=True nz=True ynz=True cond=True claim_agree=True upper=0.990869063552  CERT
843680550,0,1 T   mem=True nz=True ynz=True cond=True claim_agree=True upper=2788.45002173  CERT
853362995,0,1 RHO mem=True nz=True ynz=True cond=True claim_agree=True upper=0.999531376140  CERT
853362995,0,1 T   mem=True nz=True ynz=True cond=True claim_agree=True upper=3781.32394867  CERT
981785890,0,1 RHO mem=True nz=True ynz=True cond=True claim_agree=True upper=0.934681979738  CERT
981785890,0,1 T   mem=True nz=True ynz=True cond=True claim_agree=True upper=3181.18171963  CERT
983088025,0,1 RHO mem=True nz=True ynz=True cond=True claim_agree=True upper=0.951323924986  CERT
983088025,0,1 T   mem=True nz=True ynz=True cond=True claim_agree=True upper=2460.78395051  CERT
992063863,0,1 RHO mem=True nz=True ynz=True cond=True claim_agree=True upper=0.934681979738  CERT
992063863,0,1 T   mem=True nz=True ynz=True cond=True claim_agree=True upper=2583.29631003  CERT
FAMILY VERIFY n=7 l=1000374337 : EXCLUDED (components certified 32 / 32 ; lines 64 ; failed lines 0)
FAMILY VERIFY PASS
