FACTORIZATION: 32 irreducible factors of degree 2 over F_1000015553: OK
56277547,0,1 RHO mem=True nz=True ynz=True cond=True claim_agree=True upper=0.968873220187  CERT
56277547,0,1 T   mem=True nz=True ynz=True cond=True claim_agree=True upper=2777.67198247  CERT
88114619,0,1 RHO mem=True nz=True ynz=True cond=True claim_agree=True upper=0.972563094755  CERT
88114619,0,1 T   mem=True nz=True ynz=True cond=True claim_agree=True upper=2865.79891063  CERT
126058935,0,1 RHO mem=True nz=True ynz=True cond=True claim_agree=True upper=0.955836322033  CERT
126058935,0,1 T   mem=True nz=True ynz=True cond=True claim_agree=True upper=2763.63122934  CERT
131182225,0,1 RHO mem=True nz=True ynz=True cond=True claim_agree=True upper=0.904552985312  CERT
131182225,0,1 T   mem=True nz=True ynz=True cond=True claim_agree=True upper=2696.67972410  CERT
154929138,0,1 RHO mem=True nz=True ynz=True cond=True claim_agree=True upper=0.931707337688  CERT
154929138,0,1 T   mem=True nz=True ynz=True cond=True claim_agree=True upper=2639.35864307  CERT
155582181,0,1 RHO mem=True nz=True ynz=True cond=True claim_agree=True upper=0.944126503581  CERT
155582181,0,1 T   mem=True nz=True ynz=True cond=True claim_agree=True upper=2226.67790736  CERT
220247141,0,1 RHO mem=True nz=True ynz=True cond=True claim_agree=True upper=0.931707337688  CERT
220247141,0,1 T   mem=True nz=True ynz=True cond=True claim_agree=True upper=2742.51974259  CERT
274765513,0,1 RHO mem=True nz=True ynz=True cond=True claim_agree=True upper=0.977024365567  CERT
274765513,0,1 T   mem=True nz=True ynz=True cond=True claim_agree=True upper=2188.94395659  CERT
291954041,0,1 RHO mem=True nz=True ynz=True cond=True claim_agree=True upper=0.944126503581  CERT
291954041,0,1 T   mem=True nz=True ynz=True cond=True claim_agree=True upper=2328.92654085  CERT
298535848,0,1 RHO mem=True nz=True ynz=True cond=True claim_agree=True upper=0.921902978440  CERT
298535848,0,1 T   mem=True nz=True ynz=True cond=True claim_agree=True upper=2076.40748890  CERT
324651573,0,1 RHO mem=True nz=True ynz=True cond=True claim_agree=True upper=0.968873220187  CERT
324651573,0,1 T   mem=True nz=True ynz=True cond=True claim_agree=True upper=2508.26709679  CERT
333506365,0,1 RHO mem=True nz=True ynz=True cond=True claim_agree=True upper=0.943240936426  CERT
333506365,0,1 T   mem=True nz=True ynz=True cond=True claim_agree=True upper=2744.07027601  CERT
447475603,0,1 RHO mem=True nz=True ynz=True cond=True claim_agree=True upper=0.940659163407  CERT
447475603,0,1 T   mem=True nz=True ynz=True cond=True claim_agree=True upper=2638.03320613  CERT
478547643,0,1 RHO mem=True nz=True ynz=True cond=True claim_agree=True upper=0.955836322033  CERT
478547643,0,1 T   mem=True nz=True ynz=True cond=True claim_agree=True upper=2141.38421017  CERT
481920551,0,1 RHO mem=True nz=True ynz=True cond=True claim_agree=True upper=0.941559645604  CERT
481920551,0,1 T   mem=True nz=True ynz=True cond=True claim_agree=True upper=3049.34678968  CERT
496998550,0,1 RHO mem=True nz=True ynz=True cond=True claim_agree=True upper=0.986603189617  CERT
496998550,0,1 T   mem=True nz=True ynz=True cond=True claim_agree=True upper=3205.04506310  CERT
503017003,0,1 RHO mem=True nz=True ynz=True cond=True claim_agree=True upper=0.940659163407  CERT
503017003,0,1 T   mem=True nz=True ynz=True cond=True claim_agree=True upper=3274.16958151  CERT
518095002,0,1 RHO mem=True nz=True ynz=True cond=True claim_agree=True upper=0.977024365567  CERT
518095002,0,1 T   mem=True nz=True ynz=True cond=True claim_agree=True upper=3044.91056427  CERT
521467910,0,1 RHO mem=True nz=True ynz=True cond=True claim_agree=True upper=0.935622362083  CERT
521467910,0,1 T   mem=True nz=True ynz=True cond=True claim_agree=True upper=2566.21172223  CERT
552539950,0,1 RHO mem=True nz=True ynz=True cond=True claim_agree=True upper=0.986603189617  CERT
552539950,0,1 T   mem=True nz=True ynz=True cond=True claim_agree=True upper=2603.11270682  CERT
666509188,0,1 RHO mem=True nz=True ynz=True cond=True claim_agree=True upper=0.921902978440  CERT
666509188,0,1 T   mem=True nz=True ynz=True cond=True claim_agree=True upper=3052.99504031  CERT
675363980,0,1 RHO mem=True nz=True ynz=True cond=True claim_agree=True upper=0.934846769837  CERT
675363980,0,1 T   mem=True nz=True ynz=True cond=True claim_agree=True upper=2943.51275174  CERT
701479705,0,1 RHO mem=True nz=True ynz=True cond=True claim_agree=True upper=0.943240936426  CERT
701479705,0,1 T   mem=True nz=True ynz=True cond=True claim_agree=True upper=2411.04507514  CERT
708061512,0,1 RHO mem=True nz=True ynz=True cond=True claim_agree=True upper=0.938581182676  CERT
708061512,0,1 T   mem=True nz=True ynz=True cond=True claim_agree=True upper=2622.40655068  CERT
725250040,0,1 RHO mem=True nz=True ynz=True cond=True claim_agree=True upper=0.941559645604  CERT
725250040,0,1 T   mem=True nz=True ynz=True cond=True claim_agree=True upper=2451.68450867  CERT
779768412,0,1 RHO mem=True nz=True ynz=True cond=True claim_agree=True upper=0.915047054229  CERT
779768412,0,1 T   mem=True nz=True ynz=True cond=True claim_agree=True upper=2317.89819360  CERT
844433372,0,1 RHO mem=True nz=True ynz=True cond=True claim_agree=True upper=0.938581182676  CERT
844433372,0,1 T   mem=True nz=True ynz=True cond=True claim_agree=True upper=2844.16368911  CERT
845086415,0,1 RHO mem=True nz=True ynz=True cond=True claim_agree=True upper=0.915047054229  CERT
845086415,0,1 T   mem=True nz=True ynz=True cond=True claim_agree=True upper=3078.09663052  CERT
868833328,0,1 RHO mem=True nz=True ynz=True cond=True claim_agree=True upper=0.972563094755  CERT
868833328,0,1 T   mem=True nz=True ynz=True cond=True claim_agree=True upper=2780.13306654  CERT
873956618,0,1 RHO mem=True nz=True ynz=True cond=True claim_agree=True upper=0.935622362083  CERT
873956618,0,1 T   mem=True nz=True ynz=True cond=True claim_agree=True upper=2428.79576632  CERT
911900934,0,1 RHO mem=True nz=True ynz=True cond=True claim_agree=True upper=0.904552985312  CERT
911900934,0,1 T   mem=True nz=True ynz=True cond=True claim_agree=True upper=2087.31741047  CERT
943738006,0,1 RHO mem=True nz=True ynz=True cond=True claim_agree=True upper=0.934846769837  CERT
943738006,0,1 T   mem=True nz=True ynz=True cond=True claim_agree=True upper=2183.13658109  CERT
FAMILY VERIFY n=7 l=1000015553 : EXCLUDED (components certified 32 / 32 ; lines 64 ; failed lines 0)
FAMILY VERIFY PASS
