FACTORIZATION: 32 irreducible factors of degree 2 over F_1000293313: OK
28110977,0,1 RHO mem=True nz=True ynz=True cond=True claim_agree=True upper=0.953736443774  CERT
28110977,0,1 T   mem=True nz=True ynz=True cond=True claim_agree=True upper=2532.42624844  CERT
30527969,0,1 RHO mem=True nz=True ynz=True cond=True claim_agree=True upper=0.879097427517  CERT
30527969,0,1 T   mem=True nz=True ynz=True cond=True claim_agree=True upper=2867.57935997  CERT
103121195,0,1 RHO mem=True nz=True ynz=True cond=True claim_agree=True upper=0.957891686644  CERT
103121195,0,1 T   mem=True nz=True ynz=True cond=True claim_agree=True upper=2349.34798293  CERT
124644999,0,1 RHO mem=True nz=True ynz=True cond=True claim_agree=True upper=0.944778339639  CERT
124644999,0,1 T   mem=True nz=True ynz=True cond=True claim_agree=True upper=2250.46992193  CERT
182119387,0,1 RHO mem=True nz=True ynz=True cond=True claim_agree=True upper=0.944321276598  CERT
182119387,0,1 T   mem=True nz=True ynz=True cond=True claim_agree=True upper=3022.43462548  CERT
184340608,0,1 RHO mem=True nz=True ynz=True cond=True claim_agree=True upper=0.905017899640  CERT
184340608,0,1 T   mem=True nz=True ynz=True cond=True claim_agree=True upper=1770.89828109  CERT
202081539,0,1 RHO mem=True nz=True ynz=True cond=True claim_agree=True upper=0.879097427517  CERT
202081539,0,1 T   mem=True nz=True ynz=True cond=True claim_agree=True upper=1536.94419864  CERT
244897507,0,1 RHO mem=True nz=True ynz=True cond=True claim_agree=True upper=0.940503816546  CERT
244897507,0,1 T   mem=True nz=True ynz=True cond=True claim_agree=True upper=3066.94465220  CERT
331764014,0,1 RHO mem=True nz=True ynz=True cond=True claim_agree=True upper=0.905017899640  CERT
331764014,0,1 T   mem=True nz=True ynz=True cond=True claim_agree=True upper=3152.50237749  CERT
339016542,0,1 RHO mem=True nz=True ynz=True cond=True claim_agree=True upper=0.940503816546  CERT
339016542,0,1 T   mem=True nz=True ynz=True cond=True claim_agree=True upper=2735.59960433  CERT
359147056,0,1 RHO mem=True nz=True ynz=True cond=True claim_agree=True upper=0.946049228289  CERT
359147056,0,1 T   mem=True nz=True ynz=True cond=True claim_agree=True upper=2803.42768830  CERT
388250551,0,1 RHO mem=True nz=True ynz=True cond=True claim_agree=True upper=0.953736443774  CERT
388250551,0,1 T   mem=True nz=True ynz=True cond=True claim_agree=True upper=2496.92440692  CERT
395432375,0,1 RHO mem=True nz=True ynz=True cond=True claim_agree=True upper=0.915602835733  CERT
395432375,0,1 T   mem=True nz=True ynz=True cond=True claim_agree=True upper=2275.71261413  CERT
422862680,0,1 RHO mem=True nz=True ynz=True cond=True claim_agree=True upper=0.944778339639  CERT
422862680,0,1 T   mem=True nz=True ynz=True cond=True claim_agree=True upper=2821.46576692  CERT
441557011,0,1 RHO mem=True nz=True ynz=True cond=True claim_agree=True upper=0.944321276598  CERT
441557011,0,1 T   mem=True nz=True ynz=True cond=True claim_agree=True upper=2697.12092065  CERT
479629396,0,1 RHO mem=True nz=True ynz=True cond=True claim_agree=True upper=0.946049228289  CERT
479629396,0,1 T   mem=True nz=True ynz=True cond=True claim_agree=True upper=2928.07272159  CERT
520663917,0,1 RHO mem=True nz=True ynz=True cond=True claim_agree=True upper=0.924325978335  CERT
520663917,0,1 T   mem=True nz=True ynz=True cond=True claim_agree=True upper=2289.82353941  CERT
558736302,0,1 RHO mem=True nz=True ynz=True cond=True claim_agree=True upper=0.882473136472  CERT
558736302,0,1 T   mem=True nz=True ynz=True cond=True claim_agree=True upper=1849.17527397  CERT
577430633,0,1 RHO mem=True nz=True ynz=True cond=True claim_agree=True upper=0.895395260622  CERT
577430633,0,1 T   mem=True nz=True ynz=True cond=True claim_agree=True upper=2138.36490281  CERT
604860938,0,1 RHO mem=True nz=True ynz=True cond=True claim_agree=True upper=0.957891686644  CERT
604860938,0,1 T   mem=True nz=True ynz=True cond=True claim_agree=True upper=2800.90985944  CERT
612042762,0,1 RHO mem=True nz=True ynz=True cond=True claim_agree=True upper=0.925222436421  CERT
612042762,0,1 T   mem=True nz=True ynz=True cond=True claim_agree=True upper=3222.11629321  CERT
641146257,0,1 RHO mem=True nz=True ynz=True cond=True claim_agree=True upper=0.924325978335  CERT
641146257,0,1 T   mem=True nz=True ynz=True cond=True claim_agree=True upper=2113.34516902  CERT
661276771,0,1 RHO mem=True nz=True ynz=True cond=True claim_agree=True upper=0.886005594184  CERT
661276771,0,1 T   mem=True nz=True ynz=True cond=True claim_agree=True upper=2637.58484549  CERT
668529299,0,1 RHO mem=True nz=True ynz=True cond=True claim_agree=True upper=0.940089137751  CERT
668529299,0,1 T   mem=True nz=True ynz=True cond=True claim_agree=True upper=2616.36037593  CERT
755395806,0,1 RHO mem=True nz=True ynz=True cond=True claim_agree=True upper=0.886005594184  CERT
755395806,0,1 T   mem=True nz=True ynz=True cond=True claim_agree=True upper=2266.25400847  CERT
798211774,0,1 RHO mem=True nz=True ynz=True cond=True claim_agree=True upper=0.940372942104  CERT
798211774,0,1 T   mem=True nz=True ynz=True cond=True claim_agree=True upper=2583.58900514  CERT
815952705,0,1 RHO mem=True nz=True ynz=True cond=True claim_agree=True upper=0.940089137751  CERT
815952705,0,1 T   mem=True nz=True ynz=True cond=True claim_agree=True upper=2696.66647623  CERT
818173926,0,1 RHO mem=True nz=True ynz=True cond=True claim_agree=True upper=0.882473136472  CERT
818173926,0,1 T   mem=True nz=True ynz=True cond=True claim_agree=True upper=2018.87461426  CERT
875648314,0,1 RHO mem=True nz=True ynz=True cond=True claim_agree=True upper=0.895395260622  CERT
875648314,0,1 T   mem=True nz=True ynz=True cond=True claim_agree=True upper=2386.68222383  CERT
897172118,0,1 RHO mem=True nz=True ynz=True cond=True claim_agree=True upper=0.915602835733  CERT
897172118,0,1 T   mem=True nz=True ynz=True cond=True claim_agree=True upper=2234.36137146  CERT
969765344,0,1 RHO mem=True nz=True ynz=True cond=True claim_agree=True upper=0.940372942104  CERT
969765344,0,1 T   mem=True nz=True ynz=True cond=True claim_agree=True upper=2525.76425690  CERT
972182336,0,1 RHO mem=True nz=True ynz=True cond=True claim_agree=True upper=0.925222436421  CERT
972182336,0,1 T   mem=True nz=True ynz=True cond=True claim_agree=True upper=1920.47393514  CERT
FAMILY VERIFY n=7 l=1000293313 : EXCLUDED (components certified 32 / 32 ; lines 64 ; failed lines 0)
FAMILY VERIFY PASS
