FACTORIZATION: 32 irreducible factors of degree 2 over F_1000279873: OK
11198266,0,1 RHO mem=True nz=True ynz=True cond=True claim_agree=True upper=0.935812700856  CERT
11198266,0,1 T   mem=True nz=True ynz=True cond=True claim_agree=True upper=2103.78461962  CERT
18162135,0,1 RHO mem=True nz=True ynz=True cond=True claim_agree=True upper=0.923295501542  CERT
18162135,0,1 T   mem=True nz=True ynz=True cond=True claim_agree=True upper=2584.52694796  CERT
28301795,0,1 RHO mem=True nz=True ynz=True cond=True claim_agree=True upper=0.917461468572  CERT
28301795,0,1 T   mem=True nz=True ynz=True cond=True claim_agree=True upper=2291.64024939  CERT
36906820,0,1 RHO mem=True nz=True ynz=True cond=True claim_agree=True upper=0.872797284890  CERT
36906820,0,1 T   mem=True nz=True ynz=True cond=True claim_agree=True upper=1683.93206609  CERT
57895311,0,1 RHO mem=True nz=True ynz=True cond=True claim_agree=True upper=0.867604537547  CERT
57895311,0,1 T   mem=True nz=True ynz=True cond=True claim_agree=True upper=2097.66838010  CERT
77906690,0,1 RHO mem=True nz=True ynz=True cond=True claim_agree=True upper=0.849748831942  CERT
77906690,0,1 T   mem=True nz=True ynz=True cond=True claim_agree=True upper=1405.55440811  CERT
108885015,0,1 RHO mem=True nz=True ynz=True cond=True claim_agree=True upper=0.867604537547  CERT
108885015,0,1 T   mem=True nz=True ynz=True cond=True claim_agree=True upper=2458.84877568  CERT
176205150,0,1 RHO mem=True nz=True ynz=True cond=True claim_agree=True upper=0.865013582049  CERT
176205150,0,1 T   mem=True nz=True ynz=True cond=True claim_agree=True upper=2479.19194260  CERT
212218921,0,1 RHO mem=True nz=True ynz=True cond=True claim_agree=True upper=0.855445024314  CERT
212218921,0,1 T   mem=True nz=True ynz=True cond=True claim_agree=True upper=3394.79105861  CERT
232215087,0,1 RHO mem=True nz=True ynz=True cond=True claim_agree=True upper=0.928555568901  CERT
232215087,0,1 T   mem=True nz=True ynz=True cond=True claim_agree=True upper=3071.64152852  CERT
252649323,0,1 RHO mem=True nz=True ynz=True cond=True claim_agree=True upper=0.905464885320  CERT
252649323,0,1 T   mem=True nz=True ynz=True cond=True claim_agree=True upper=2751.56537307  CERT
276586289,0,1 RHO mem=True nz=True ynz=True cond=True claim_agree=True upper=0.861672552043  CERT
276586289,0,1 T   mem=True nz=True ynz=True cond=True claim_agree=True upper=2679.81468833  CERT
359093744,0,1 RHO mem=True nz=True ynz=True cond=True claim_agree=True upper=0.905464885320  CERT
359093744,0,1 T   mem=True nz=True ynz=True cond=True claim_agree=True upper=2015.54368054  CERT
435004932,0,1 RHO mem=True nz=True ynz=True cond=True claim_agree=True upper=0.865013582049  CERT
435004932,0,1 T   mem=True nz=True ynz=True cond=True claim_agree=True upper=1721.74420647  CERT
449224051,0,1 RHO mem=True nz=True ynz=True cond=True claim_agree=True upper=0.901148660175  CERT
449224051,0,1 T   mem=True nz=True ynz=True cond=True claim_agree=True upper=2794.76879773  CERT
460728814,0,1 RHO mem=True nz=True ynz=True cond=True claim_agree=True upper=0.893826377968  CERT
460728814,0,1 T   mem=True nz=True ynz=True cond=True claim_agree=True upper=2767.95334966  CERT
539551059,0,1 RHO mem=True nz=True ynz=True cond=True claim_agree=True upper=0.901148660175  CERT
539551059,0,1 T   mem=True nz=True ynz=True cond=True claim_agree=True upper=2717.39035482  CERT
551055822,0,1 RHO mem=True nz=True ynz=True cond=True claim_agree=True upper=0.893826377968  CERT
551055822,0,1 T   mem=True nz=True ynz=True cond=True claim_agree=True upper=1789.62665585  CERT
565274941,0,1 RHO mem=True nz=True ynz=True cond=True claim_agree=True upper=0.919624957857  CERT
565274941,0,1 T   mem=True nz=True ynz=True cond=True claim_agree=True upper=3378.91966600  CERT
641186129,0,1 RHO mem=True nz=True ynz=True cond=True claim_agree=True upper=0.893148927365  CERT
641186129,0,1 T   mem=True nz=True ynz=True cond=True claim_agree=True upper=1606.80837645  CERT
723693584,0,1 RHO mem=True nz=True ynz=True cond=True claim_agree=True upper=0.923295501542  CERT
723693584,0,1 T   mem=True nz=True ynz=True cond=True claim_agree=True upper=3819.82335549  CERT
747630550,0,1 RHO mem=True nz=True ynz=True cond=True claim_agree=True upper=0.893148927365  CERT
747630550,0,1 T   mem=True nz=True ynz=True cond=True claim_agree=True upper=2869.01962289  CERT
768064786,0,1 RHO mem=True nz=True ynz=True cond=True claim_agree=True upper=0.849748831942  CERT
768064786,0,1 T   mem=True nz=True ynz=True cond=True claim_agree=True upper=2454.66344404  CERT
788060952,0,1 RHO mem=True nz=True ynz=True cond=True claim_agree=True upper=0.935812700856  CERT
788060952,0,1 T   mem=True nz=True ynz=True cond=True claim_agree=True upper=2526.78190581  CERT
824074723,0,1 RHO mem=True nz=True ynz=True cond=True claim_agree=True upper=0.919624957857  CERT
824074723,0,1 T   mem=True nz=True ynz=True cond=True claim_agree=True upper=2391.96123617  CERT
891394858,0,1 RHO mem=True nz=True ynz=True cond=True claim_agree=True upper=0.916776107191  CERT
891394858,0,1 T   mem=True nz=True ynz=True cond=True claim_agree=True upper=1873.66436938  CERT
922373183,0,1 RHO mem=True nz=True ynz=True cond=True claim_agree=True upper=0.928555568901  CERT
922373183,0,1 T   mem=True nz=True ynz=True cond=True claim_agree=True upper=2515.59907500  CERT
942384562,0,1 RHO mem=True nz=True ynz=True cond=True claim_agree=True upper=0.916776107191  CERT
942384562,0,1 T   mem=True nz=True ynz=True cond=True claim_agree=True upper=2298.72214599  CERT
963373053,0,1 RHO mem=True nz=True ynz=True cond=True claim_agree=True upper=0.917461468572  CERT
963373053,0,1 T   mem=True nz=True ynz=True cond=True claim_agree=True upper=2894.35138691  CERT
971978078,0,1 RHO mem=True nz=True ynz=True cond=True claim_agree=True upper=0.872797284890  CERT
971978078,0,1 T   mem=True nz=True ynz=True cond=True claim_agree=True upper=2703.47757296  CERT
982117738,0,1 RHO mem=True nz=True ynz=True cond=True claim_agree=True upper=0.861672552043  CERT
982117738,0,1 T   mem=True nz=True ynz=True cond=True claim_agree=True upper=1550.71520792  CERT
989081607,0,1 RHO mem=True nz=True ynz=True cond=True claim_agree=True upper=0.855445024314  CERT
989081607,0,1 T   mem=True nz=True ynz=True cond=True claim_agree=True upper=1613.03208321  CERT
FAMILY VERIFY n=7 l=1000279873 : EXCLUDED (components certified 32 / 32 ; lines 64 ; failed lines 0)
FAMILY VERIFY PASS
