FACTORIZATION: 32 irreducible factors of degree 2 over F_1000221889: OK
16649464,0,1 RHO mem=True nz=True ynz=True cond=True claim_agree=True upper=0.868949726383  CERT
16649464,0,1 T   mem=True nz=True ynz=True cond=True claim_agree=True upper=1769.24280621  CERT
167115692,0,1 RHO mem=True nz=True ynz=True cond=True claim_agree=True upper=0.909528479593  CERT
167115692,0,1 T   mem=True nz=True ynz=True cond=True claim_agree=True upper=1867.83913429  CERT
191574235,0,1 RHO mem=True nz=True ynz=True cond=True claim_agree=True upper=0.888553398870  CERT
191574235,0,1 T   mem=True nz=True ynz=True cond=True claim_agree=True upper=2119.99114210  CERT
213437880,0,1 RHO mem=True nz=True ynz=True cond=True claim_agree=True upper=0.898472737491  CERT
213437880,0,1 T   mem=True nz=True ynz=True cond=True claim_agree=True upper=2704.58384888  CERT
232612786,0,1 RHO mem=True nz=True ynz=True cond=True claim_agree=True upper=0.923823729737  CERT
232612786,0,1 T   mem=True nz=True ynz=True cond=True claim_agree=True upper=2328.93600315  CERT
248256822,0,1 RHO mem=True nz=True ynz=True cond=True claim_agree=True upper=0.909528479593  CERT
248256822,0,1 T   mem=True nz=True ynz=True cond=True claim_agree=True upper=2747.30591500  CERT
257133851,0,1 RHO mem=True nz=True ynz=True cond=True claim_agree=True upper=0.939276927092  CERT
257133851,0,1 T   mem=True nz=True ynz=True cond=True claim_agree=True upper=2654.14814301  CERT
275241892,0,1 RHO mem=True nz=True ynz=True cond=True claim_agree=True upper=0.937259661942  CERT
275241892,0,1 T   mem=True nz=True ynz=True cond=True claim_agree=True upper=2680.23132838  CERT
276740921,0,1 RHO mem=True nz=True ynz=True cond=True claim_agree=True upper=0.912041831558  CERT
276740921,0,1 T   mem=True nz=True ynz=True cond=True claim_agree=True upper=2552.24395458  CERT
281029531,0,1 RHO mem=True nz=True ynz=True cond=True claim_agree=True upper=0.927160374178  CERT
281029531,0,1 T   mem=True nz=True ynz=True cond=True claim_agree=True upper=1769.53670655  CERT
296974612,0,1 RHO mem=True nz=True ynz=True cond=True claim_agree=True upper=0.923225046213  CERT
296974612,0,1 T   mem=True nz=True ynz=True cond=True claim_agree=True upper=2026.90502673  CERT
344533466,0,1 RHO mem=True nz=True ynz=True cond=True claim_agree=True upper=0.945184163025  CERT
344533466,0,1 T   mem=True nz=True ynz=True cond=True claim_agree=True upper=2547.62080207  CERT
434466406,0,1 RHO mem=True nz=True ynz=True cond=True claim_agree=True upper=0.915134611117  CERT
434466406,0,1 T   mem=True nz=True ynz=True cond=True claim_agree=True upper=2578.85573889  CERT
438803448,0,1 RHO mem=True nz=True ynz=True cond=True claim_agree=True upper=0.923225046213  CERT
438803448,0,1 T   mem=True nz=True ynz=True cond=True claim_agree=True upper=2544.12131947  CERT
477481068,0,1 RHO mem=True nz=True ynz=True cond=True claim_agree=True upper=0.915134611117  CERT
477481068,0,1 T   mem=True nz=True ynz=True cond=True claim_agree=True upper=2351.55211358  CERT
499644865,0,1 RHO mem=True nz=True ynz=True cond=True claim_agree=True upper=0.923823729737  CERT
499644865,0,1 T   mem=True nz=True ynz=True cond=True claim_agree=True upper=2665.33752631  CERT
500577024,0,1 RHO mem=True nz=True ynz=True cond=True claim_agree=True upper=0.861794708427  CERT
500577024,0,1 T   mem=True nz=True ynz=True cond=True claim_agree=True upper=2137.46742877  CERT
522740821,0,1 RHO mem=True nz=True ynz=True cond=True claim_agree=True upper=0.920832895028  CERT
522740821,0,1 T   mem=True nz=True ynz=True cond=True claim_agree=True upper=2632.75248384  CERT
561418441,0,1 RHO mem=True nz=True ynz=True cond=True claim_agree=True upper=0.941295138455  CERT
561418441,0,1 T   mem=True nz=True ynz=True cond=True claim_agree=True upper=2463.19091253  CERT
565755483,0,1 RHO mem=True nz=True ynz=True cond=True claim_agree=True upper=0.920832895028  CERT
565755483,0,1 T   mem=True nz=True ynz=True cond=True claim_agree=True upper=2496.10490353  CERT
655688423,0,1 RHO mem=True nz=True ynz=True cond=True claim_agree=True upper=0.868949726383  CERT
655688423,0,1 T   mem=True nz=True ynz=True cond=True claim_agree=True upper=1981.23648592  CERT
703247277,0,1 RHO mem=True nz=True ynz=True cond=True claim_agree=True upper=0.941295138455  CERT
703247277,0,1 T   mem=True nz=True ynz=True cond=True claim_agree=True upper=2426.16698433  CERT
719192358,0,1 RHO mem=True nz=True ynz=True cond=True claim_agree=True upper=0.888553398870  CERT
719192358,0,1 T   mem=True nz=True ynz=True cond=True claim_agree=True upper=2501.39916361  CERT
723480968,0,1 RHO mem=True nz=True ynz=True cond=True claim_agree=True upper=0.937259661942  CERT
723480968,0,1 T   mem=True nz=True ynz=True cond=True claim_agree=True upper=2804.32549765  CERT
724979997,0,1 RHO mem=True nz=True ynz=True cond=True claim_agree=True upper=0.912041831558  CERT
724979997,0,1 T   mem=True nz=True ynz=True cond=True claim_agree=True upper=2478.63410379  CERT
743088038,0,1 RHO mem=True nz=True ynz=True cond=True claim_agree=True upper=0.898472737491  CERT
743088038,0,1 T   mem=True nz=True ynz=True cond=True claim_agree=True upper=2062.72519944  CERT
751965067,0,1 RHO mem=True nz=True ynz=True cond=True claim_agree=True upper=0.937151437505  CERT
751965067,0,1 T   mem=True nz=True ynz=True cond=True claim_agree=True upper=3047.47849917  CERT
767609103,0,1 RHO mem=True nz=True ynz=True cond=True claim_agree=True upper=0.861794708427  CERT
767609103,0,1 T   mem=True nz=True ynz=True cond=True claim_agree=True upper=1706.87610893  CERT
786784009,0,1 RHO mem=True nz=True ynz=True cond=True claim_agree=True upper=0.939276927092  CERT
786784009,0,1 T   mem=True nz=True ynz=True cond=True claim_agree=True upper=2655.17113632  CERT
808647654,0,1 RHO mem=True nz=True ynz=True cond=True claim_agree=True upper=0.927160374178  CERT
808647654,0,1 T   mem=True nz=True ynz=True cond=True claim_agree=True upper=2392.33183006  CERT
833106197,0,1 RHO mem=True nz=True ynz=True cond=True claim_agree=True upper=0.937151437505  CERT
833106197,0,1 T   mem=True nz=True ynz=True cond=True claim_agree=True upper=2767.85294530  CERT
983572425,0,1 RHO mem=True nz=True ynz=True cond=True claim_agree=True upper=0.945184163025  CERT
983572425,0,1 T   mem=True nz=True ynz=True cond=True claim_agree=True upper=2013.21371450  CERT
FAMILY VERIFY n=7 l=1000221889 : EXCLUDED (components certified 32 / 32 ; lines 64 ; failed lines 0)
FAMILY VERIFY PASS
