FACTORIZATION: 32 irreducible factors of degree 2 over F_1000594753: OK
1078765,0,1 RHO mem=True nz=True ynz=True cond=True claim_agree=True upper=0.968356070723  CERT
1078765,0,1 T   mem=True nz=True ynz=True cond=True claim_agree=True upper=1816.67191262  CERT
17496222,0,1 RHO mem=True nz=True ynz=True cond=True claim_agree=True upper=0.935471825450  CERT
17496222,0,1 T   mem=True nz=True ynz=True cond=True claim_agree=True upper=2330.69984029  CERT
88394051,0,1 RHO mem=True nz=True ynz=True cond=True claim_agree=True upper=0.918527490966  CERT
88394051,0,1 T   mem=True nz=True ynz=True cond=True claim_agree=True upper=2566.78362721  CERT
105517288,0,1 RHO mem=True nz=True ynz=True cond=True claim_agree=True upper=0.948292177610  CERT
105517288,0,1 T   mem=True nz=True ynz=True cond=True claim_agree=True upper=2113.13030322  CERT
139295534,0,1 RHO mem=True nz=True ynz=True cond=True claim_agree=True upper=0.949380134484  CERT
139295534,0,1 T   mem=True nz=True ynz=True cond=True claim_agree=True upper=2795.32904370  CERT
199896992,0,1 RHO mem=True nz=True ynz=True cond=True claim_agree=True upper=0.955659858181  CERT
199896992,0,1 T   mem=True nz=True ynz=True cond=True claim_agree=True upper=1847.55322428  CERT
249401741,0,1 RHO mem=True nz=True ynz=True cond=True claim_agree=True upper=0.911752923436  CERT
249401741,0,1 T   mem=True nz=True ynz=True cond=True claim_agree=True upper=2054.61120098  CERT
266885415,0,1 RHO mem=True nz=True ynz=True cond=True claim_agree=True upper=0.927341223743  CERT
266885415,0,1 T   mem=True nz=True ynz=True cond=True claim_agree=True upper=2474.62757996  CERT
302932337,0,1 RHO mem=True nz=True ynz=True cond=True claim_agree=True upper=0.935471825450  CERT
302932337,0,1 T   mem=True nz=True ynz=True cond=True claim_agree=True upper=2224.48655956  CERT
314648246,0,1 RHO mem=True nz=True ynz=True cond=True claim_agree=True upper=0.927341223743  CERT
314648246,0,1 T   mem=True nz=True ynz=True cond=True claim_agree=True upper=2065.67379646  CERT
318493975,0,1 RHO mem=True nz=True ynz=True cond=True claim_agree=True upper=0.887007100840  CERT
318493975,0,1 T   mem=True nz=True ynz=True cond=True claim_agree=True upper=2330.57785252  CERT
327195268,0,1 RHO mem=True nz=True ynz=True cond=True claim_agree=True upper=0.941737895408  CERT
327195268,0,1 T   mem=True nz=True ynz=True cond=True claim_agree=True upper=2314.73951680  CERT
385840701,0,1 RHO mem=True nz=True ynz=True cond=True claim_agree=True upper=0.918527490966  CERT
385840701,0,1 T   mem=True nz=True ynz=True cond=True claim_agree=True upper=1769.92018134  CERT
419513131,0,1 RHO mem=True nz=True ynz=True cond=True claim_agree=True upper=0.955659858181  CERT
419513131,0,1 T   mem=True nz=True ynz=True cond=True claim_agree=True upper=2282.91054766  CERT
456440671,0,1 RHO mem=True nz=True ynz=True cond=True claim_agree=True upper=0.958562740958  CERT
456440671,0,1 T   mem=True nz=True ynz=True cond=True claim_agree=True upper=2553.18676329  CERT
457209712,0,1 RHO mem=True nz=True ynz=True cond=True claim_agree=True upper=0.887007100840  CERT
457209712,0,1 T   mem=True nz=True ynz=True cond=True claim_agree=True upper=2650.77113844  CERT
543385041,0,1 RHO mem=True nz=True ynz=True cond=True claim_agree=True upper=0.939173157571  CERT
543385041,0,1 T   mem=True nz=True ynz=True cond=True claim_agree=True upper=1904.87416348  CERT
544154082,0,1 RHO mem=True nz=True ynz=True cond=True claim_agree=True upper=0.949380134484  CERT
544154082,0,1 T   mem=True nz=True ynz=True cond=True claim_agree=True upper=2545.81382076  CERT
581081622,0,1 RHO mem=True nz=True ynz=True cond=True claim_agree=True upper=0.949766270136  CERT
581081622,0,1 T   mem=True nz=True ynz=True cond=True claim_agree=True upper=2715.90234720  CERT
614754052,0,1 RHO mem=True nz=True ynz=True cond=True claim_agree=True upper=0.961212375345  CERT
614754052,0,1 T   mem=True nz=True ynz=True cond=True claim_agree=True upper=1946.97190090  CERT
673399485,0,1 RHO mem=True nz=True ynz=True cond=True claim_agree=True upper=0.968356070723  CERT
673399485,0,1 T   mem=True nz=True ynz=True cond=True claim_agree=True upper=3408.69945444  CERT
682100778,0,1 RHO mem=True nz=True ynz=True cond=True claim_agree=True upper=0.939173157571  CERT
682100778,0,1 T   mem=True nz=True ynz=True cond=True claim_agree=True upper=1792.16868554  CERT
685946507,0,1 RHO mem=True nz=True ynz=True cond=True claim_agree=True upper=0.944914656264  CERT
685946507,0,1 T   mem=True nz=True ynz=True cond=True claim_agree=True upper=3204.60921425  CERT
697662416,0,1 RHO mem=True nz=True ynz=True cond=True claim_agree=True upper=0.974125194521  CERT
697662416,0,1 T   mem=True nz=True ynz=True cond=True claim_agree=True upper=2366.53564080  CERT
733709338,0,1 RHO mem=True nz=True ynz=True cond=True claim_agree=True upper=0.944914656264  CERT
733709338,0,1 T   mem=True nz=True ynz=True cond=True claim_agree=True upper=2047.04020966  CERT
751193012,0,1 RHO mem=True nz=True ynz=True cond=True claim_agree=True upper=0.948292177610  CERT
751193012,0,1 T   mem=True nz=True ynz=True cond=True claim_agree=True upper=2092.88593686  CERT
800697761,0,1 RHO mem=True nz=True ynz=True cond=True claim_agree=True upper=0.949766270136  CERT
800697761,0,1 T   mem=True nz=True ynz=True cond=True claim_agree=True upper=2509.16454590  CERT
861299219,0,1 RHO mem=True nz=True ynz=True cond=True claim_agree=True upper=0.958562740958  CERT
861299219,0,1 T   mem=True nz=True ynz=True cond=True claim_agree=True upper=2574.41188524  CERT
895077465,0,1 RHO mem=True nz=True ynz=True cond=True claim_agree=True upper=0.911752923436  CERT
895077465,0,1 T   mem=True nz=True ynz=True cond=True claim_agree=True upper=2166.50148200  CERT
912200702,0,1 RHO mem=True nz=True ynz=True cond=True claim_agree=True upper=0.961212375345  CERT
912200702,0,1 T   mem=True nz=True ynz=True cond=True claim_agree=True upper=2724.23797717  CERT
983098531,0,1 RHO mem=True nz=True ynz=True cond=True claim_agree=True upper=0.974125194521  CERT
983098531,0,1 T   mem=True nz=True ynz=True cond=True claim_agree=True upper=3046.94169251  CERT
999515988,0,1 RHO mem=True nz=True ynz=True cond=True claim_agree=True upper=0.941737895408  CERT
999515988,0,1 T   mem=True nz=True ynz=True cond=True claim_agree=True upper=2587.98597799  CERT
FAMILY VERIFY n=7 l=1000594753 : EXCLUDED (components certified 32 / 32 ; lines 64 ; failed lines 0)
FAMILY VERIFY PASS
