FACTORIZATION: 32 irreducible factors of degree 2 over F_1000037569: OK
38539844,0,1 RHO mem=True nz=True ynz=True cond=True claim_agree=True upper=0.911307003292  CERT
38539844,0,1 T   mem=True nz=True ynz=True cond=True claim_agree=True upper=2338.74569651  CERT
61652784,0,1 RHO mem=True nz=True ynz=True cond=True claim_agree=True upper=0.954044769008  CERT
61652784,0,1 T   mem=True nz=True ynz=True cond=True claim_agree=True upper=2412.33692051  CERT
90256773,0,1 RHO mem=True nz=True ynz=True cond=True claim_agree=True upper=0.944011810433  CERT
90256773,0,1 T   mem=True nz=True ynz=True cond=True claim_agree=True upper=2900.60206237  CERT
200508611,0,1 RHO mem=True nz=True ynz=True cond=True claim_agree=True upper=0.914361888840  CERT
200508611,0,1 T   mem=True nz=True ynz=True cond=True claim_agree=True upper=2489.76405169  CERT
230221497,0,1 RHO mem=True nz=True ynz=True cond=True claim_agree=True upper=0.954044769008  CERT
230221497,0,1 T   mem=True nz=True ynz=True cond=True claim_agree=True upper=2966.08887591  CERT
242949969,0,1 RHO mem=True nz=True ynz=True cond=True claim_agree=True upper=0.943457002753  CERT
242949969,0,1 T   mem=True nz=True ynz=True cond=True claim_agree=True upper=3113.63297852  CERT
244097193,0,1 RHO mem=True nz=True ynz=True cond=True claim_agree=True upper=0.953738375330  CERT
244097193,0,1 T   mem=True nz=True ynz=True cond=True claim_agree=True upper=1946.97290044  CERT
264813264,0,1 RHO mem=True nz=True ynz=True cond=True claim_agree=True upper=0.945776342722  CERT
264813264,0,1 T   mem=True nz=True ynz=True cond=True claim_agree=True upper=1937.38077293  CERT
305194927,0,1 RHO mem=True nz=True ynz=True cond=True claim_agree=True upper=0.911307003292  CERT
305194927,0,1 T   mem=True nz=True ynz=True cond=True claim_agree=True upper=2093.85305543  CERT
330843106,0,1 RHO mem=True nz=True ynz=True cond=True claim_agree=True upper=0.947876505073  CERT
330843106,0,1 T   mem=True nz=True ynz=True cond=True claim_agree=True upper=1921.45997926  CERT
361450277,0,1 RHO mem=True nz=True ynz=True cond=True claim_agree=True upper=0.935796087367  CERT
361450277,0,1 T   mem=True nz=True ynz=True cond=True claim_agree=True upper=2075.39627560  CERT
370503389,0,1 RHO mem=True nz=True ynz=True cond=True claim_agree=True upper=0.944011810433  CERT
370503389,0,1 T   mem=True nz=True ynz=True cond=True claim_agree=True upper=2060.64002561  CERT
390570476,0,1 RHO mem=True nz=True ynz=True cond=True claim_agree=True upper=0.947876505073  CERT
390570476,0,1 T   mem=True nz=True ynz=True cond=True claim_agree=True upper=3232.16195969  CERT
447193416,0,1 RHO mem=True nz=True ynz=True cond=True claim_agree=True upper=0.944607618301  CERT
447193416,0,1 T   mem=True nz=True ynz=True cond=True claim_agree=True upper=1960.49644811  CERT
469431661,0,1 RHO mem=True nz=True ynz=True cond=True claim_agree=True upper=0.980017390483  CERT
469431661,0,1 T   mem=True nz=True ynz=True cond=True claim_agree=True upper=2284.41751302  CERT
488136957,0,1 RHO mem=True nz=True ynz=True cond=True claim_agree=True upper=0.945691909289  CERT
488136957,0,1 T   mem=True nz=True ynz=True cond=True claim_agree=True upper=2397.74563886  CERT
511900612,0,1 RHO mem=True nz=True ynz=True cond=True claim_agree=True upper=0.935796087367  CERT
511900612,0,1 T   mem=True nz=True ynz=True cond=True claim_agree=True upper=2456.35037153  CERT
530605908,0,1 RHO mem=True nz=True ynz=True cond=True claim_agree=True upper=0.953738375330  CERT
530605908,0,1 T   mem=True nz=True ynz=True cond=True claim_agree=True upper=3070.87092781  CERT
552844153,0,1 RHO mem=True nz=True ynz=True cond=True claim_agree=True upper=0.943457002753  CERT
552844153,0,1 T   mem=True nz=True ynz=True cond=True claim_agree=True upper=1999.57926973  CERT
609467093,0,1 RHO mem=True nz=True ynz=True cond=True claim_agree=True upper=0.935605868481  CERT
609467093,0,1 T   mem=True nz=True ynz=True cond=True claim_agree=True upper=1965.12496261  CERT
629534180,0,1 RHO mem=True nz=True ynz=True cond=True claim_agree=True upper=0.959550774535  CERT
629534180,0,1 T   mem=True nz=True ynz=True cond=True claim_agree=True upper=2093.38982594  CERT
638587292,0,1 RHO mem=True nz=True ynz=True cond=True claim_agree=True upper=0.945691909289  CERT
638587292,0,1 T   mem=True nz=True ynz=True cond=True claim_agree=True upper=3507.41422367  CERT
669194463,0,1 RHO mem=True nz=True ynz=True cond=True claim_agree=True upper=0.935605868481  CERT
669194463,0,1 T   mem=True nz=True ynz=True cond=True claim_agree=True upper=2086.45350573  CERT
694842642,0,1 RHO mem=True nz=True ynz=True cond=True claim_agree=True upper=0.970084200850  CERT
694842642,0,1 T   mem=True nz=True ynz=True cond=True claim_agree=True upper=2228.10797943  CERT
735224305,0,1 RHO mem=True nz=True ynz=True cond=True claim_agree=True upper=0.914361888840  CERT
735224305,0,1 T   mem=True nz=True ynz=True cond=True claim_agree=True upper=2311.85201129  CERT
755940376,0,1 RHO mem=True nz=True ynz=True cond=True claim_agree=True upper=0.980017390483  CERT
755940376,0,1 T   mem=True nz=True ynz=True cond=True claim_agree=True upper=2168.72557583  CERT
757087600,0,1 RHO mem=True nz=True ynz=True cond=True claim_agree=True upper=0.944607618301  CERT
757087600,0,1 T   mem=True nz=True ynz=True cond=True claim_agree=True upper=2005.86209206  CERT
769816072,0,1 RHO mem=True nz=True ynz=True cond=True claim_agree=True upper=0.933040803845  CERT
769816072,0,1 T   mem=True nz=True ynz=True cond=True claim_agree=True upper=1813.65204967  CERT
799528958,0,1 RHO mem=True nz=True ynz=True cond=True claim_agree=True upper=0.945776342722  CERT
799528958,0,1 T   mem=True nz=True ynz=True cond=True claim_agree=True upper=2783.74412051  CERT
909780796,0,1 RHO mem=True nz=True ynz=True cond=True claim_agree=True upper=0.959550774535  CERT
909780796,0,1 T   mem=True nz=True ynz=True cond=True claim_agree=True upper=1841.92979980  CERT
938384785,0,1 RHO mem=True nz=True ynz=True cond=True claim_agree=True upper=0.933040803845  CERT
938384785,0,1 T   mem=True nz=True ynz=True cond=True claim_agree=True upper=2077.23274982  CERT
961497725,0,1 RHO mem=True nz=True ynz=True cond=True claim_agree=True upper=0.970084200850  CERT
961497725,0,1 T   mem=True nz=True ynz=True cond=True claim_agree=True upper=2168.10372452  CERT
FAMILY VERIFY n=7 l=1000037569 : EXCLUDED (components certified 32 / 32 ; lines 64 ; failed lines 0)
FAMILY VERIFY PASS
