FACTORIZATION: 32 irreducible factors of degree 2 over F_1000203713: OK
5462022,0,1 RHO mem=True nz=True ynz=True cond=True claim_agree=True upper=0.951790118320  CERT
5462022,0,1 T   mem=True nz=True ynz=True cond=True claim_agree=True upper=2526.38607396  CERT
51874154,0,1 RHO mem=True nz=True ynz=True cond=True claim_agree=True upper=0.885177334692  CERT
51874154,0,1 T   mem=True nz=True ynz=True cond=True claim_agree=True upper=2531.68314146  CERT
55607293,0,1 RHO mem=True nz=True ynz=True cond=True claim_agree=True upper=0.948099152738  CERT
55607293,0,1 T   mem=True nz=True ynz=True cond=True claim_agree=True upper=1975.34871477  CERT
83331954,0,1 RHO mem=True nz=True ynz=True cond=True claim_agree=True upper=0.975113013210  CERT
83331954,0,1 T   mem=True nz=True ynz=True cond=True claim_agree=True upper=2332.23367735  CERT
96185433,0,1 RHO mem=True nz=True ynz=True cond=True claim_agree=True upper=0.953323665452  CERT
96185433,0,1 T   mem=True nz=True ynz=True cond=True claim_agree=True upper=2594.27011993  CERT
116067433,0,1 RHO mem=True nz=True ynz=True cond=True claim_agree=True upper=0.960769130700  CERT
116067433,0,1 T   mem=True nz=True ynz=True cond=True claim_agree=True upper=2039.69314206  CERT
127627971,0,1 RHO mem=True nz=True ynz=True cond=True claim_agree=True upper=0.938479409028  CERT
127627971,0,1 T   mem=True nz=True ynz=True cond=True claim_agree=True upper=2094.79354806  CERT
185003723,0,1 RHO mem=True nz=True ynz=True cond=True claim_agree=True upper=0.885177334692  CERT
185003723,0,1 T   mem=True nz=True ynz=True cond=True claim_agree=True upper=1645.08181078  CERT
248233557,0,1 RHO mem=True nz=True ynz=True cond=True claim_agree=True upper=0.951790118320  CERT
248233557,0,1 T   mem=True nz=True ynz=True cond=True claim_agree=True upper=2597.48680051  CERT
254632750,0,1 RHO mem=True nz=True ynz=True cond=True claim_agree=True upper=0.953323665452  CERT
254632750,0,1 T   mem=True nz=True ynz=True cond=True claim_agree=True upper=2346.73842349  CERT
305057039,0,1 RHO mem=True nz=True ynz=True cond=True claim_agree=True upper=0.928674375645  CERT
305057039,0,1 T   mem=True nz=True ynz=True cond=True claim_agree=True upper=2401.88370818  CERT
360663403,0,1 RHO mem=True nz=True ynz=True cond=True claim_agree=True upper=0.929159245990  CERT
360663403,0,1 T   mem=True nz=True ynz=True cond=True claim_agree=True upper=2182.08067219  CERT
414393151,0,1 RHO mem=True nz=True ynz=True cond=True claim_agree=True upper=0.929159245990  CERT
414393151,0,1 T   mem=True nz=True ynz=True cond=True claim_agree=True upper=2020.57755536  CERT
428135232,0,1 RHO mem=True nz=True ynz=True cond=True claim_agree=True upper=0.975113013210  CERT
428135232,0,1 T   mem=True nz=True ynz=True cond=True claim_agree=True upper=2377.49324925  CERT
446171058,0,1 RHO mem=True nz=True ynz=True cond=True claim_agree=True upper=0.938479409028  CERT
446171058,0,1 T   mem=True nz=True ynz=True cond=True claim_agree=True upper=2282.15461005  CERT
486069247,0,1 RHO mem=True nz=True ynz=True cond=True claim_agree=True upper=0.948099152738  CERT
486069247,0,1 T   mem=True nz=True ynz=True cond=True claim_agree=True upper=1946.43262242  CERT
514134466,0,1 RHO mem=True nz=True ynz=True cond=True claim_agree=True upper=0.920270890359  CERT
514134466,0,1 T   mem=True nz=True ynz=True cond=True claim_agree=True upper=2487.94558593  CERT
554032655,0,1 RHO mem=True nz=True ynz=True cond=True claim_agree=True upper=0.942528419906  CERT
554032655,0,1 T   mem=True nz=True ynz=True cond=True claim_agree=True upper=2161.57070803  CERT
572068481,0,1 RHO mem=True nz=True ynz=True cond=True claim_agree=True upper=0.935038385332  CERT
572068481,0,1 T   mem=True nz=True ynz=True cond=True claim_agree=True upper=2367.31520098  CERT
585810562,0,1 RHO mem=True nz=True ynz=True cond=True claim_agree=True upper=0.947235270866  CERT
585810562,0,1 T   mem=True nz=True ynz=True cond=True claim_agree=True upper=2224.53648677  CERT
639540310,0,1 RHO mem=True nz=True ynz=True cond=True claim_agree=True upper=0.947235270866  CERT
639540310,0,1 T   mem=True nz=True ynz=True cond=True claim_agree=True upper=2270.86471468  CERT
695146674,0,1 RHO mem=True nz=True ynz=True cond=True claim_agree=True upper=0.960769130700  CERT
695146674,0,1 T   mem=True nz=True ynz=True cond=True claim_agree=True upper=2219.39288388  CERT
745570963,0,1 RHO mem=True nz=True ynz=True cond=True claim_agree=True upper=0.937562625328  CERT
745570963,0,1 T   mem=True nz=True ynz=True cond=True claim_agree=True upper=2181.97363949  CERT
751970156,0,1 RHO mem=True nz=True ynz=True cond=True claim_agree=True upper=0.959902057636  CERT
751970156,0,1 T   mem=True nz=True ynz=True cond=True claim_agree=True upper=2548.30128743  CERT
815199990,0,1 RHO mem=True nz=True ynz=True cond=True claim_agree=True upper=0.932947596168  CERT
815199990,0,1 T   mem=True nz=True ynz=True cond=True claim_agree=True upper=2083.81725076  CERT
872575742,0,1 RHO mem=True nz=True ynz=True cond=True claim_agree=True upper=0.942528419906  CERT
872575742,0,1 T   mem=True nz=True ynz=True cond=True claim_agree=True upper=1919.03334343  CERT
884136280,0,1 RHO mem=True nz=True ynz=True cond=True claim_agree=True upper=0.928674375645  CERT
884136280,0,1 T   mem=True nz=True ynz=True cond=True claim_agree=True upper=2081.68010869  CERT
904018280,0,1 RHO mem=True nz=True ynz=True cond=True claim_agree=True upper=0.937562625328  CERT
904018280,0,1 T   mem=True nz=True ynz=True cond=True claim_agree=True upper=2232.96593728  CERT
916871759,0,1 RHO mem=True nz=True ynz=True cond=True claim_agree=True upper=0.935038385332  CERT
916871759,0,1 T   mem=True nz=True ynz=True cond=True claim_agree=True upper=2088.77042555  CERT
944596420,0,1 RHO mem=True nz=True ynz=True cond=True claim_agree=True upper=0.920270890359  CERT
944596420,0,1 T   mem=True nz=True ynz=True cond=True claim_agree=True upper=2736.75331364  CERT
948329559,0,1 RHO mem=True nz=True ynz=True cond=True claim_agree=True upper=0.932947596168  CERT
948329559,0,1 T   mem=True nz=True ynz=True cond=True claim_agree=True upper=2312.79749506  CERT
994741691,0,1 RHO mem=True nz=True ynz=True cond=True claim_agree=True upper=0.959902057636  CERT
994741691,0,1 T   mem=True nz=True ynz=True cond=True claim_agree=True upper=1932.61127038  CERT
FAMILY VERIFY n=7 l=1000203713 : EXCLUDED (components certified 32 / 32 ; lines 64 ; failed lines 0)
FAMILY VERIFY PASS
