FACTORIZATION: 32 irreducible factors of degree 2 over F_1000347713: OK
50149891,0,1 RHO mem=True nz=True ynz=True cond=True claim_agree=True upper=0.888502067072  CERT
50149891,0,1 T   mem=True nz=True ynz=True cond=True claim_agree=True upper=2581.27397634  CERT
60332154,0,1 RHO mem=True nz=True ynz=True cond=True claim_agree=True upper=0.845799679737  CERT
60332154,0,1 T   mem=True nz=True ynz=True cond=True claim_agree=True upper=1449.55999894  CERT
62402328,0,1 RHO mem=True nz=True ynz=True cond=True claim_agree=True upper=0.863100588784  CERT
62402328,0,1 T   mem=True nz=True ynz=True cond=True claim_agree=True upper=1837.66603246  CERT
69700332,0,1 RHO mem=True nz=True ynz=True cond=True claim_agree=True upper=0.872074784656  CERT
69700332,0,1 T   mem=True nz=True ynz=True cond=True claim_agree=True upper=2046.33443831  CERT
69974781,0,1 RHO mem=True nz=True ynz=True cond=True claim_agree=True upper=0.888274014275  CERT
69974781,0,1 T   mem=True nz=True ynz=True cond=True claim_agree=True upper=1644.06286867  CERT
155089109,0,1 RHO mem=True nz=True ynz=True cond=True claim_agree=True upper=0.904041541361  CERT
155089109,0,1 T   mem=True nz=True ynz=True cond=True claim_agree=True upper=2266.33785946  CERT
172487179,0,1 RHO mem=True nz=True ynz=True cond=True claim_agree=True upper=0.897549280156  CERT
172487179,0,1 T   mem=True nz=True ynz=True cond=True claim_agree=True upper=2098.05299828  CERT
293194885,0,1 RHO mem=True nz=True ynz=True cond=True claim_agree=True upper=0.904041541361  CERT
293194885,0,1 T   mem=True nz=True ynz=True cond=True claim_agree=True upper=2031.20128145  CERT
329060947,0,1 RHO mem=True nz=True ynz=True cond=True claim_agree=True upper=0.909140636190  CERT
329060947,0,1 T   mem=True nz=True ynz=True cond=True claim_agree=True upper=2399.88502255  CERT
346059727,0,1 RHO mem=True nz=True ynz=True cond=True claim_agree=True upper=0.837563981411  CERT
346059727,0,1 T   mem=True nz=True ynz=True cond=True claim_agree=True upper=1699.97495386  CERT
359857351,0,1 RHO mem=True nz=True ynz=True cond=True claim_agree=True upper=0.892437742696  CERT
359857351,0,1 T   mem=True nz=True ynz=True cond=True claim_agree=True upper=2071.56535466  CERT
376709257,0,1 RHO mem=True nz=True ynz=True cond=True claim_agree=True upper=0.850549533848  CERT
376709257,0,1 T   mem=True nz=True ynz=True cond=True claim_agree=True upper=1848.91729610  CERT
452900642,0,1 RHO mem=True nz=True ynz=True cond=True claim_agree=True upper=0.850549533848  CERT
452900642,0,1 T   mem=True nz=True ynz=True cond=True claim_agree=True upper=1337.43067727  CERT
469862311,0,1 RHO mem=True nz=True ynz=True cond=True claim_agree=True upper=0.869081481475  CERT
469862311,0,1 T   mem=True nz=True ynz=True cond=True claim_agree=True upper=1561.18883900  CERT
473627967,0,1 RHO mem=True nz=True ynz=True cond=True claim_agree=True upper=0.884587674310  CERT
473627967,0,1 T   mem=True nz=True ynz=True cond=True claim_agree=True upper=2173.62917514  CERT
488225229,0,1 RHO mem=True nz=True ynz=True cond=True claim_agree=True upper=0.894107515775  CERT
488225229,0,1 T   mem=True nz=True ynz=True cond=True claim_agree=True upper=1620.31953618  CERT
512122484,0,1 RHO mem=True nz=True ynz=True cond=True claim_agree=True upper=0.863100588784  CERT
512122484,0,1 T   mem=True nz=True ynz=True cond=True claim_agree=True upper=1640.29009363  CERT
526719746,0,1 RHO mem=True nz=True ynz=True cond=True claim_agree=True upper=0.845799679737  CERT
526719746,0,1 T   mem=True nz=True ynz=True cond=True claim_agree=True upper=2187.96734934  CERT
530485402,0,1 RHO mem=True nz=True ynz=True cond=True claim_agree=True upper=0.888274014275  CERT
530485402,0,1 T   mem=True nz=True ynz=True cond=True claim_agree=True upper=2042.36831685  CERT
547447071,0,1 RHO mem=True nz=True ynz=True cond=True claim_agree=True upper=0.903031117329  CERT
547447071,0,1 T   mem=True nz=True ynz=True cond=True claim_agree=True upper=2091.00161526  CERT
623638456,0,1 RHO mem=True nz=True ynz=True cond=True claim_agree=True upper=0.903031117329  CERT
623638456,0,1 T   mem=True nz=True ynz=True cond=True claim_agree=True upper=1947.21748905  CERT
640490362,0,1 RHO mem=True nz=True ynz=True cond=True claim_agree=True upper=0.888502067072  CERT
640490362,0,1 T   mem=True nz=True ynz=True cond=True claim_agree=True upper=1834.96543669  CERT
654287986,0,1 RHO mem=True nz=True ynz=True cond=True claim_agree=True upper=0.897549280156  CERT
654287986,0,1 T   mem=True nz=True ynz=True cond=True claim_agree=True upper=2050.31392518  CERT
671286766,0,1 RHO mem=True nz=True ynz=True cond=True claim_agree=True upper=0.872074784656  CERT
671286766,0,1 T   mem=True nz=True ynz=True cond=True claim_agree=True upper=1873.64506784  CERT
707152828,0,1 RHO mem=True nz=True ynz=True cond=True claim_agree=True upper=0.847088099765  CERT
707152828,0,1 T   mem=True nz=True ynz=True cond=True claim_agree=True upper=1457.98576952  CERT
827860534,0,1 RHO mem=True nz=True ynz=True cond=True claim_agree=True upper=0.837563981411  CERT
827860534,0,1 T   mem=True nz=True ynz=True cond=True claim_agree=True upper=1435.03049772  CERT
845258604,0,1 RHO mem=True nz=True ynz=True cond=True claim_agree=True upper=0.847088099765  CERT
845258604,0,1 T   mem=True nz=True ynz=True cond=True claim_agree=True upper=1374.18911462  CERT
930372932,0,1 RHO mem=True nz=True ynz=True cond=True claim_agree=True upper=0.869081481475  CERT
930372932,0,1 T   mem=True nz=True ynz=True cond=True claim_agree=True upper=1571.69790091  CERT
930647381,0,1 RHO mem=True nz=True ynz=True cond=True claim_agree=True upper=0.909140636190  CERT
930647381,0,1 T   mem=True nz=True ynz=True cond=True claim_agree=True upper=1951.50335843  CERT
937945385,0,1 RHO mem=True nz=True ynz=True cond=True claim_agree=True upper=0.894107515775  CERT
937945385,0,1 T   mem=True nz=True ynz=True cond=True claim_agree=True upper=1916.85739914  CERT
940015559,0,1 RHO mem=True nz=True ynz=True cond=True claim_agree=True upper=0.884587674310  CERT
940015559,0,1 T   mem=True nz=True ynz=True cond=True claim_agree=True upper=2239.75433630  CERT
950197822,0,1 RHO mem=True nz=True ynz=True cond=True claim_agree=True upper=0.892437742696  CERT
950197822,0,1 T   mem=True nz=True ynz=True cond=True claim_agree=True upper=3068.57379385  CERT
FAMILY VERIFY n=7 l=1000347713 : EXCLUDED (components certified 32 / 32 ; lines 64 ; failed lines 0)
FAMILY VERIFY PASS
