FACTORIZATION: 32 irreducible factors of degree 2 over F_1000963393: OK
251752,0,1 RHO mem=True nz=True ynz=True cond=True claim_agree=True upper=0.928442290823  CERT
251752,0,1 T   mem=True nz=True ynz=True cond=True claim_agree=True upper=3142.60407178  CERT
5715627,0,1 RHO mem=True nz=True ynz=True cond=True claim_agree=True upper=0.933851289260  CERT
5715627,0,1 T   mem=True nz=True ynz=True cond=True claim_agree=True upper=2280.82897726  CERT
76765295,0,1 RHO mem=True nz=True ynz=True cond=True claim_agree=True upper=0.921965196068  CERT
76765295,0,1 T   mem=True nz=True ynz=True cond=True claim_agree=True upper=2291.25445508  CERT
94752331,0,1 RHO mem=True nz=True ynz=True cond=True claim_agree=True upper=0.919217338587  CERT
94752331,0,1 T   mem=True nz=True ynz=True cond=True claim_agree=True upper=2314.66109663  CERT
122357570,0,1 RHO mem=True nz=True ynz=True cond=True claim_agree=True upper=0.905409818129  CERT
122357570,0,1 T   mem=True nz=True ynz=True cond=True claim_agree=True upper=2419.96001321  CERT
132280354,0,1 RHO mem=True nz=True ynz=True cond=True claim_agree=True upper=0.935601262758  CERT
132280354,0,1 T   mem=True nz=True ynz=True cond=True claim_agree=True upper=2509.00251540  CERT
146319184,0,1 RHO mem=True nz=True ynz=True cond=True claim_agree=True upper=0.940820389224  CERT
146319184,0,1 T   mem=True nz=True ynz=True cond=True claim_agree=True upper=2105.29125798  CERT
177520023,0,1 RHO mem=True nz=True ynz=True cond=True claim_agree=True upper=0.905409818129  CERT
177520023,0,1 T   mem=True nz=True ynz=True cond=True claim_agree=True upper=1923.89328912  CERT
229792480,0,1 RHO mem=True nz=True ynz=True cond=True claim_agree=True upper=0.946789201862  CERT
229792480,0,1 T   mem=True nz=True ynz=True cond=True claim_agree=True upper=2299.74701819  CERT
247503381,0,1 RHO mem=True nz=True ynz=True cond=True claim_agree=True upper=0.937870726419  CERT
247503381,0,1 T   mem=True nz=True ynz=True cond=True claim_agree=True upper=2006.32001662  CERT
319242034,0,1 RHO mem=True nz=True ynz=True cond=True claim_agree=True upper=0.962380149376  CERT
319242034,0,1 T   mem=True nz=True ynz=True cond=True claim_agree=True upper=3404.59702292  CERT
411451523,0,1 RHO mem=True nz=True ynz=True cond=True claim_agree=True upper=0.933851289260  CERT
411451523,0,1 T   mem=True nz=True ynz=True cond=True claim_agree=True upper=2416.22659258  CERT
413139235,0,1 RHO mem=True nz=True ynz=True cond=True claim_agree=True upper=0.945466303541  CERT
413139235,0,1 T   mem=True nz=True ynz=True cond=True claim_agree=True upper=3012.92390659  CERT
418385658,0,1 RHO mem=True nz=True ynz=True cond=True claim_agree=True upper=0.923296317419  CERT
418385658,0,1 T   mem=True nz=True ynz=True cond=True claim_agree=True upper=2130.36098599  CERT
422055297,0,1 RHO mem=True nz=True ynz=True cond=True claim_agree=True upper=0.928442290823  CERT
422055297,0,1 T   mem=True nz=True ynz=True cond=True claim_agree=True upper=2455.33084032  CERT
428966602,0,1 RHO mem=True nz=True ynz=True cond=True claim_agree=True upper=0.945203570710  CERT
428966602,0,1 T   mem=True nz=True ynz=True cond=True claim_agree=True upper=2859.77373758  CERT
571996791,0,1 RHO mem=True nz=True ynz=True cond=True claim_agree=True upper=0.940820389224  CERT
571996791,0,1 T   mem=True nz=True ynz=True cond=True claim_agree=True upper=2002.20692392  CERT
578908096,0,1 RHO mem=True nz=True ynz=True cond=True claim_agree=True upper=0.911564742965  CERT
578908096,0,1 T   mem=True nz=True ynz=True cond=True claim_agree=True upper=2652.94513305  CERT
582577735,0,1 RHO mem=True nz=True ynz=True cond=True claim_agree=True upper=0.945466303541  CERT
582577735,0,1 T   mem=True nz=True ynz=True cond=True claim_agree=True upper=2803.86145031  CERT
587824158,0,1 RHO mem=True nz=True ynz=True cond=True claim_agree=True upper=0.923296317419  CERT
587824158,0,1 T   mem=True nz=True ynz=True cond=True claim_agree=True upper=3412.25023075  CERT
589511870,0,1 RHO mem=True nz=True ynz=True cond=True claim_agree=True upper=0.908079507051  CERT
589511870,0,1 T   mem=True nz=True ynz=True cond=True claim_agree=True upper=1718.75879563  CERT
681721359,0,1 RHO mem=True nz=True ynz=True cond=True claim_agree=True upper=0.937870726419  CERT
681721359,0,1 T   mem=True nz=True ynz=True cond=True claim_agree=True upper=2748.82235381  CERT
753460012,0,1 RHO mem=True nz=True ynz=True cond=True claim_agree=True upper=0.962380149376  CERT
753460012,0,1 T   mem=True nz=True ynz=True cond=True claim_agree=True upper=2316.79546732  CERT
771170913,0,1 RHO mem=True nz=True ynz=True cond=True claim_agree=True upper=0.919217338587  CERT
771170913,0,1 T   mem=True nz=True ynz=True cond=True claim_agree=True upper=2039.37984455  CERT
823443370,0,1 RHO mem=True nz=True ynz=True cond=True claim_agree=True upper=0.953135160534  CERT
823443370,0,1 T   mem=True nz=True ynz=True cond=True claim_agree=True upper=3157.11210964  CERT
854644209,0,1 RHO mem=True nz=True ynz=True cond=True claim_agree=True upper=0.945203570710  CERT
854644209,0,1 T   mem=True nz=True ynz=True cond=True claim_agree=True upper=2723.21680673  CERT
868683039,0,1 RHO mem=True nz=True ynz=True cond=True claim_agree=True upper=0.921965196068  CERT
868683039,0,1 T   mem=True nz=True ynz=True cond=True claim_agree=True upper=1932.98572820  CERT
878605823,0,1 RHO mem=True nz=True ynz=True cond=True claim_agree=True upper=0.953135160534  CERT
878605823,0,1 T   mem=True nz=True ynz=True cond=True claim_agree=True upper=2584.39171480  CERT
906211062,0,1 RHO mem=True nz=True ynz=True cond=True claim_agree=True upper=0.946789201862  CERT
906211062,0,1 T   mem=True nz=True ynz=True cond=True claim_agree=True upper=2011.24612325  CERT
924198098,0,1 RHO mem=True nz=True ynz=True cond=True claim_agree=True upper=0.935601262758  CERT
924198098,0,1 T   mem=True nz=True ynz=True cond=True claim_agree=True upper=2812.74048631  CERT
995247766,0,1 RHO mem=True nz=True ynz=True cond=True claim_agree=True upper=0.908079507051  CERT
995247766,0,1 T   mem=True nz=True ynz=True cond=True claim_agree=True upper=2774.72813639  CERT
1000711641,0,1 RHO mem=True nz=True ynz=True cond=True claim_agree=True upper=0.911564742965  CERT
1000711641,0,1 T   mem=True nz=True ynz=True cond=True claim_agree=True upper=1822.61475452  CERT
FAMILY VERIFY n=7 l=1000963393 : EXCLUDED (components certified 32 / 32 ; lines 64 ; failed lines 0)
FAMILY VERIFY PASS
