FACTORIZATION: 32 irreducible factors of degree 2 over F_1001184449: OK
38031977,0,1 RHO mem=True nz=True ynz=True cond=True claim_agree=True upper=0.970536180834  CERT
38031977,0,1 T   mem=True nz=True ynz=True cond=True claim_agree=True upper=2284.28369536  CERT
109011678,0,1 RHO mem=True nz=True ynz=True cond=True claim_agree=True upper=0.984638573482  CERT
109011678,0,1 T   mem=True nz=True ynz=True cond=True claim_agree=True upper=2745.67473834  CERT
122090243,0,1 RHO mem=True nz=True ynz=True cond=True claim_agree=True upper=0.949841391038  CERT
122090243,0,1 T   mem=True nz=True ynz=True cond=True claim_agree=True upper=2903.14083065  CERT
138561402,0,1 RHO mem=True nz=True ynz=True cond=True claim_agree=True upper=0.941266969632  CERT
138561402,0,1 T   mem=True nz=True ynz=True cond=True claim_agree=True upper=1884.99472440  CERT
208849964,0,1 RHO mem=True nz=True ynz=True cond=True claim_agree=True upper=0.985430577974  CERT
208849964,0,1 T   mem=True nz=True ynz=True cond=True claim_agree=True upper=2823.80418504  CERT
289675099,0,1 RHO mem=True nz=True ynz=True cond=True claim_agree=True upper=0.892123422470  CERT
289675099,0,1 T   mem=True nz=True ynz=True cond=True claim_agree=True upper=2509.99361505  CERT
299359333,0,1 RHO mem=True nz=True ynz=True cond=True claim_agree=True upper=0.967542330621  CERT
299359333,0,1 T   mem=True nz=True ynz=True cond=True claim_agree=True upper=2564.33183272  CERT
306567612,0,1 RHO mem=True nz=True ynz=True cond=True claim_agree=True upper=0.943892045431  CERT
306567612,0,1 T   mem=True nz=True ynz=True cond=True claim_agree=True upper=2434.24473628  CERT
310493983,0,1 RHO mem=True nz=True ynz=True cond=True claim_agree=True upper=0.944042311363  CERT
310493983,0,1 T   mem=True nz=True ynz=True cond=True claim_agree=True upper=2059.34364567  CERT
345380304,0,1 RHO mem=True nz=True ynz=True cond=True claim_agree=True upper=0.949841391038  CERT
345380304,0,1 T   mem=True nz=True ynz=True cond=True claim_agree=True upper=2537.16810727  CERT
374437497,0,1 RHO mem=True nz=True ynz=True cond=True claim_agree=True upper=0.951007205081  CERT
374437497,0,1 T   mem=True nz=True ynz=True cond=True claim_agree=True upper=2626.23016756  CERT
378326873,0,1 RHO mem=True nz=True ynz=True cond=True claim_agree=True upper=0.953489621946  CERT
378326873,0,1 T   mem=True nz=True ynz=True cond=True claim_agree=True upper=3004.49542672  CERT
443197002,0,1 RHO mem=True nz=True ynz=True cond=True claim_agree=True upper=0.941266969632  CERT
443197002,0,1 T   mem=True nz=True ynz=True cond=True claim_agree=True upper=2324.09797543  CERT
463452581,0,1 RHO mem=True nz=True ynz=True cond=True claim_agree=True upper=0.908291140591  CERT
463452581,0,1 T   mem=True nz=True ynz=True cond=True claim_agree=True upper=2151.40797152  CERT
466582969,0,1 RHO mem=True nz=True ynz=True cond=True claim_agree=True upper=0.892123422470  CERT
466582969,0,1 T   mem=True nz=True ynz=True cond=True claim_agree=True upper=2146.18318905  CERT
485871565,0,1 RHO mem=True nz=True ynz=True cond=True claim_agree=True upper=0.978598235067  CERT
485871565,0,1 T   mem=True nz=True ynz=True cond=True claim_agree=True upper=3066.62448886  CERT
515312884,0,1 RHO mem=True nz=True ynz=True cond=True claim_agree=True upper=0.908291140591  CERT
515312884,0,1 T   mem=True nz=True ynz=True cond=True claim_agree=True upper=1865.84794368  CERT
534601480,0,1 RHO mem=True nz=True ynz=True cond=True claim_agree=True upper=0.977378048303  CERT
534601480,0,1 T   mem=True nz=True ynz=True cond=True claim_agree=True upper=2847.57086260  CERT
537731868,0,1 RHO mem=True nz=True ynz=True cond=True claim_agree=True upper=0.978598235067  CERT
537731868,0,1 T   mem=True nz=True ynz=True cond=True claim_agree=True upper=2711.55497843  CERT
557987447,0,1 RHO mem=True nz=True ynz=True cond=True claim_agree=True upper=0.904858296851  CERT
557987447,0,1 T   mem=True nz=True ynz=True cond=True claim_agree=True upper=2199.09318233  CERT
622857576,0,1 RHO mem=True nz=True ynz=True cond=True claim_agree=True upper=0.985430577974  CERT
622857576,0,1 T   mem=True nz=True ynz=True cond=True claim_agree=True upper=2433.25151713  CERT
626746952,0,1 RHO mem=True nz=True ynz=True cond=True claim_agree=True upper=0.944042311363  CERT
626746952,0,1 T   mem=True nz=True ynz=True cond=True claim_agree=True upper=2573.73240950  CERT
655804145,0,1 RHO mem=True nz=True ynz=True cond=True claim_agree=True upper=0.949027460696  CERT
655804145,0,1 T   mem=True nz=True ynz=True cond=True claim_agree=True upper=2458.04111857  CERT
690690466,0,1 RHO mem=True nz=True ynz=True cond=True claim_agree=True upper=0.951007205081  CERT
690690466,0,1 T   mem=True nz=True ynz=True cond=True claim_agree=True upper=2250.91318154  CERT
694616837,0,1 RHO mem=True nz=True ynz=True cond=True claim_agree=True upper=0.984638573482  CERT
694616837,0,1 T   mem=True nz=True ynz=True cond=True claim_agree=True upper=2773.42476244  CERT
701825116,0,1 RHO mem=True nz=True ynz=True cond=True claim_agree=True upper=0.970536180834  CERT
701825116,0,1 T   mem=True nz=True ynz=True cond=True claim_agree=True upper=2398.60422131  CERT
711509350,0,1 RHO mem=True nz=True ynz=True cond=True claim_agree=True upper=0.977378048303  CERT
711509350,0,1 T   mem=True nz=True ynz=True cond=True claim_agree=True upper=2531.13327171  CERT
792334485,0,1 RHO mem=True nz=True ynz=True cond=True claim_agree=True upper=0.953489621946  CERT
792334485,0,1 T   mem=True nz=True ynz=True cond=True claim_agree=True upper=3070.92247772  CERT
862623047,0,1 RHO mem=True nz=True ynz=True cond=True claim_agree=True upper=0.904858296851  CERT
862623047,0,1 T   mem=True nz=True ynz=True cond=True claim_agree=True upper=2245.52296362  CERT
879094206,0,1 RHO mem=True nz=True ynz=True cond=True claim_agree=True upper=0.949027460696  CERT
879094206,0,1 T   mem=True nz=True ynz=True cond=True claim_agree=True upper=2038.16475528  CERT
892172771,0,1 RHO mem=True nz=True ynz=True cond=True claim_agree=True upper=0.943892045431  CERT
892172771,0,1 T   mem=True nz=True ynz=True cond=True claim_agree=True upper=2653.66362581  CERT
963152472,0,1 RHO mem=True nz=True ynz=True cond=True claim_agree=True upper=0.967542330621  CERT
963152472,0,1 T   mem=True nz=True ynz=True cond=True claim_agree=True upper=2853.80442730  CERT
FAMILY VERIFY n=7 l=1001184449 : EXCLUDED (components certified 32 / 32 ; lines 64 ; failed lines 0)
FAMILY VERIFY PASS
