FACTORIZATION: 32 irreducible factors of degree 2 over F_1000470337: OK
7068855,0,1 RHO mem=True nz=True ynz=True cond=True claim_agree=True upper=0.899615167862  CERT
7068855,0,1 T   mem=True nz=True ynz=True cond=True claim_agree=True upper=1750.31577877  CERT
21366732,0,1 RHO mem=True nz=True ynz=True cond=True claim_agree=True upper=0.940331295698  CERT
21366732,0,1 T   mem=True nz=True ynz=True cond=True claim_agree=True upper=2207.34044600  CERT
48560326,0,1 RHO mem=True nz=True ynz=True cond=True claim_agree=True upper=0.924132290834  CERT
48560326,0,1 T   mem=True nz=True ynz=True cond=True claim_agree=True upper=2767.68790284  CERT
112703052,0,1 RHO mem=True nz=True ynz=True cond=True claim_agree=True upper=0.899615167862  CERT
112703052,0,1 T   mem=True nz=True ynz=True cond=True claim_agree=True upper=2347.36442470  CERT
142775162,0,1 RHO mem=True nz=True ynz=True cond=True claim_agree=True upper=0.931863915288  CERT
142775162,0,1 T   mem=True nz=True ynz=True cond=True claim_agree=True upper=1634.46277712  CERT
144351570,0,1 RHO mem=True nz=True ynz=True cond=True claim_agree=True upper=0.927941977306  CERT
144351570,0,1 T   mem=True nz=True ynz=True cond=True claim_agree=True upper=1762.06456204  CERT
187270298,0,1 RHO mem=True nz=True ynz=True cond=True claim_agree=True upper=0.946585853622  CERT
187270298,0,1 T   mem=True nz=True ynz=True cond=True claim_agree=True upper=2252.79907764  CERT
189169742,0,1 RHO mem=True nz=True ynz=True cond=True claim_agree=True upper=0.940331295698  CERT
189169742,0,1 T   mem=True nz=True ynz=True cond=True claim_agree=True upper=1802.39513262  CERT
206292297,0,1 RHO mem=True nz=True ynz=True cond=True claim_agree=True upper=0.917818972750  CERT
206292297,0,1 T   mem=True nz=True ynz=True cond=True claim_agree=True upper=1791.90993179  CERT
276668919,0,1 RHO mem=True nz=True ynz=True cond=True claim_agree=True upper=0.912219741750  CERT
276668919,0,1 T   mem=True nz=True ynz=True cond=True claim_agree=True upper=2025.33968617  CERT
334307011,0,1 RHO mem=True nz=True ynz=True cond=True claim_agree=True upper=0.895552811187  CERT
334307011,0,1 T   mem=True nz=True ynz=True cond=True claim_agree=True upper=1850.12610374  CERT
409625585,0,1 RHO mem=True nz=True ynz=True cond=True claim_agree=True upper=0.931662717240  CERT
409625585,0,1 T   mem=True nz=True ynz=True cond=True claim_agree=True upper=2374.01127106  CERT
418428361,0,1 RHO mem=True nz=True ynz=True cond=True claim_agree=True upper=0.917818972750  CERT
418428361,0,1 T   mem=True nz=True ynz=True cond=True claim_agree=True upper=1891.41661854  CERT
479060546,0,1 RHO mem=True nz=True ynz=True cond=True claim_agree=True upper=0.952416303361  CERT
479060546,0,1 T   mem=True nz=True ynz=True cond=True claim_agree=True upper=2145.54863419  CERT
494748841,0,1 RHO mem=True nz=True ynz=True cond=True claim_agree=True upper=0.895552811187  CERT
494748841,0,1 T   mem=True nz=True ynz=True cond=True claim_agree=True upper=2143.98165301  CERT
498103101,0,1 RHO mem=True nz=True ynz=True cond=True claim_agree=True upper=0.937330504350  CERT
498103101,0,1 T   mem=True nz=True ynz=True cond=True claim_agree=True upper=2030.05364263  CERT
502367236,0,1 RHO mem=True nz=True ynz=True cond=True claim_agree=True upper=0.912219741750  CERT
502367236,0,1 T   mem=True nz=True ynz=True cond=True claim_agree=True upper=1969.15076767  CERT
505721496,0,1 RHO mem=True nz=True ynz=True cond=True claim_agree=True upper=0.953257931389  CERT
505721496,0,1 T   mem=True nz=True ynz=True cond=True claim_agree=True upper=1972.65330196  CERT
521409791,0,1 RHO mem=True nz=True ynz=True cond=True claim_agree=True upper=0.931662717240  CERT
521409791,0,1 T   mem=True nz=True ynz=True cond=True claim_agree=True upper=1694.78076851  CERT
582041976,0,1 RHO mem=True nz=True ynz=True cond=True claim_agree=True upper=0.962320702369  CERT
582041976,0,1 T   mem=True nz=True ynz=True cond=True claim_agree=True upper=2223.18914275  CERT
590844752,0,1 RHO mem=True nz=True ynz=True cond=True claim_agree=True upper=0.952416303361  CERT
590844752,0,1 T   mem=True nz=True ynz=True cond=True claim_agree=True upper=2355.46890539  CERT
666163326,0,1 RHO mem=True nz=True ynz=True cond=True claim_agree=True upper=0.953257931389  CERT
666163326,0,1 T   mem=True nz=True ynz=True cond=True claim_agree=True upper=2240.02569301  CERT
723801418,0,1 RHO mem=True nz=True ynz=True cond=True claim_agree=True upper=0.937330504350  CERT
723801418,0,1 T   mem=True nz=True ynz=True cond=True claim_agree=True upper=1963.28335459  CERT
794178040,0,1 RHO mem=True nz=True ynz=True cond=True claim_agree=True upper=0.962320702369  CERT
794178040,0,1 T   mem=True nz=True ynz=True cond=True claim_agree=True upper=2306.23529709  CERT
811300595,0,1 RHO mem=True nz=True ynz=True cond=True claim_agree=True upper=0.915932886697  CERT
811300595,0,1 T   mem=True nz=True ynz=True cond=True claim_agree=True upper=2434.21313344  CERT
813200039,0,1 RHO mem=True nz=True ynz=True cond=True claim_agree=True upper=0.927941977306  CERT
813200039,0,1 T   mem=True nz=True ynz=True cond=True claim_agree=True upper=2176.74450215  CERT
856118767,0,1 RHO mem=True nz=True ynz=True cond=True claim_agree=True upper=0.946585853622  CERT
856118767,0,1 T   mem=True nz=True ynz=True cond=True claim_agree=True upper=2205.33224600  CERT
857695175,0,1 RHO mem=True nz=True ynz=True cond=True claim_agree=True upper=0.924132290834  CERT
857695175,0,1 T   mem=True nz=True ynz=True cond=True claim_agree=True upper=2158.06935915  CERT
887767285,0,1 RHO mem=True nz=True ynz=True cond=True claim_agree=True upper=0.895426723394  CERT
887767285,0,1 T   mem=True nz=True ynz=True cond=True claim_agree=True upper=1595.54797460  CERT
951910011,0,1 RHO mem=True nz=True ynz=True cond=True claim_agree=True upper=0.931863915288  CERT
951910011,0,1 T   mem=True nz=True ynz=True cond=True claim_agree=True upper=2552.04332072  CERT
979103605,0,1 RHO mem=True nz=True ynz=True cond=True claim_agree=True upper=0.915932886697  CERT
979103605,0,1 T   mem=True nz=True ynz=True cond=True claim_agree=True upper=1974.98614218  CERT
993401482,0,1 RHO mem=True nz=True ynz=True cond=True claim_agree=True upper=0.895426723394  CERT
993401482,0,1 T   mem=True nz=True ynz=True cond=True claim_agree=True upper=2466.29036290  CERT
FAMILY VERIFY n=7 l=1000470337 : EXCLUDED (components certified 32 / 32 ; lines 64 ; failed lines 0)
FAMILY VERIFY PASS
