FACTORIZATION: 32 irreducible factors of degree 2 over F_1000032961: OK
4287950,0,1 RHO mem=True nz=True ynz=True cond=True claim_agree=True upper=0.927854184893  CERT
4287950,0,1 T   mem=True nz=True ynz=True cond=True claim_agree=True upper=3344.13827336  CERT
5051401,0,1 RHO mem=True nz=True ynz=True cond=True claim_agree=True upper=0.915725239087  CERT
5051401,0,1 T   mem=True nz=True ynz=True cond=True claim_agree=True upper=2083.25742401  CERT
120116768,0,1 RHO mem=True nz=True ynz=True cond=True claim_agree=True upper=0.907295474082  CERT
120116768,0,1 T   mem=True nz=True ynz=True cond=True claim_agree=True upper=2583.37278354  CERT
163495823,0,1 RHO mem=True nz=True ynz=True cond=True claim_agree=True upper=0.935178881947  CERT
163495823,0,1 T   mem=True nz=True ynz=True cond=True claim_agree=True upper=2119.31020668  CERT
169169991,0,1 RHO mem=True nz=True ynz=True cond=True claim_agree=True upper=0.897590372442  CERT
169169991,0,1 T   mem=True nz=True ynz=True cond=True claim_agree=True upper=2350.44409758  CERT
222336793,0,1 RHO mem=True nz=True ynz=True cond=True claim_agree=True upper=0.912884384644  CERT
222336793,0,1 T   mem=True nz=True ynz=True cond=True claim_agree=True upper=2789.13729682  CERT
267377533,0,1 RHO mem=True nz=True ynz=True cond=True claim_agree=True upper=0.965833445202  CERT
267377533,0,1 T   mem=True nz=True ynz=True cond=True claim_agree=True upper=2749.33462225  CERT
268248901,0,1 RHO mem=True nz=True ynz=True cond=True claim_agree=True upper=0.990149734410  CERT
268248901,0,1 T   mem=True nz=True ynz=True cond=True claim_agree=True upper=2329.44338890  CERT
304403697,0,1 RHO mem=True nz=True ynz=True cond=True claim_agree=True upper=0.950366450487  CERT
304403697,0,1 T   mem=True nz=True ynz=True cond=True claim_agree=True upper=2350.23057231  CERT
317023814,0,1 RHO mem=True nz=True ynz=True cond=True claim_agree=True upper=0.935178881947  CERT
317023814,0,1 T   mem=True nz=True ynz=True cond=True claim_agree=True upper=2497.00411367  CERT
345414571,0,1 RHO mem=True nz=True ynz=True cond=True claim_agree=True upper=0.915725239087  CERT
345414571,0,1 T   mem=True nz=True ynz=True cond=True claim_agree=True upper=1954.54067251  CERT
362327501,0,1 RHO mem=True nz=True ynz=True cond=True claim_agree=True upper=0.930025664805  CERT
362327501,0,1 T   mem=True nz=True ynz=True cond=True claim_agree=True upper=2195.56408724  CERT
389006075,0,1 RHO mem=True nz=True ynz=True cond=True claim_agree=True upper=0.944619018575  CERT
389006075,0,1 T   mem=True nz=True ynz=True cond=True claim_agree=True upper=2781.07565192  CERT
474147298,0,1 RHO mem=True nz=True ynz=True cond=True claim_agree=True upper=0.964169309555  CERT
474147298,0,1 T   mem=True nz=True ynz=True cond=True claim_agree=True upper=3477.69573755  CERT
482062047,0,1 RHO mem=True nz=True ynz=True cond=True claim_agree=True upper=0.944619018575  CERT
482062047,0,1 T   mem=True nz=True ynz=True cond=True claim_agree=True upper=2322.38887802  CERT
493028702,0,1 RHO mem=True nz=True ynz=True cond=True claim_agree=True upper=0.950366450487  CERT
493028702,0,1 T   mem=True nz=True ynz=True cond=True claim_agree=True upper=2345.47219470  CERT
507004259,0,1 RHO mem=True nz=True ynz=True cond=True claim_agree=True upper=0.937952498982  CERT
507004259,0,1 T   mem=True nz=True ynz=True cond=True claim_agree=True upper=3130.88380673  CERT
517970914,0,1 RHO mem=True nz=True ynz=True cond=True claim_agree=True upper=0.905683253352  CERT
517970914,0,1 T   mem=True nz=True ynz=True cond=True claim_agree=True upper=3021.74701584  CERT
525885663,0,1 RHO mem=True nz=True ynz=True cond=True claim_agree=True upper=0.912884384644  CERT
525885663,0,1 T   mem=True nz=True ynz=True cond=True claim_agree=True upper=2415.03654531  CERT
611026886,0,1 RHO mem=True nz=True ynz=True cond=True claim_agree=True upper=0.905683253352  CERT
611026886,0,1 T   mem=True nz=True ynz=True cond=True claim_agree=True upper=2629.86988416  CERT
637705460,0,1 RHO mem=True nz=True ynz=True cond=True claim_agree=True upper=0.927854184893  CERT
637705460,0,1 T   mem=True nz=True ynz=True cond=True claim_agree=True upper=2595.63388328  CERT
654618390,0,1 RHO mem=True nz=True ynz=True cond=True claim_agree=True upper=0.985903003582  CERT
654618390,0,1 T   mem=True nz=True ynz=True cond=True claim_agree=True upper=2920.30713035  CERT
683009147,0,1 RHO mem=True nz=True ynz=True cond=True claim_agree=True upper=0.953200002199  CERT
683009147,0,1 T   mem=True nz=True ynz=True cond=True claim_agree=True upper=3142.85051756  CERT
695629264,0,1 RHO mem=True nz=True ynz=True cond=True claim_agree=True upper=0.937952498982  CERT
695629264,0,1 T   mem=True nz=True ynz=True cond=True claim_agree=True upper=2125.02132401  CERT
731784060,0,1 RHO mem=True nz=True ynz=True cond=True claim_agree=True upper=0.907295474082  CERT
731784060,0,1 T   mem=True nz=True ynz=True cond=True claim_agree=True upper=2233.92598584  CERT
732655428,0,1 RHO mem=True nz=True ynz=True cond=True claim_agree=True upper=0.897590372442  CERT
732655428,0,1 T   mem=True nz=True ynz=True cond=True claim_agree=True upper=1949.99135209  CERT
777696168,0,1 RHO mem=True nz=True ynz=True cond=True claim_agree=True upper=0.964169309555  CERT
777696168,0,1 T   mem=True nz=True ynz=True cond=True claim_agree=True upper=3305.83510502  CERT
830862970,0,1 RHO mem=True nz=True ynz=True cond=True claim_agree=True upper=0.965833445202  CERT
830862970,0,1 T   mem=True nz=True ynz=True cond=True claim_agree=True upper=2589.20412365  CERT
836537138,0,1 RHO mem=True nz=True ynz=True cond=True claim_agree=True upper=0.953200002199  CERT
836537138,0,1 T   mem=True nz=True ynz=True cond=True claim_agree=True upper=2893.13751623  CERT
879916193,0,1 RHO mem=True nz=True ynz=True cond=True claim_agree=True upper=0.990149734410  CERT
879916193,0,1 T   mem=True nz=True ynz=True cond=True claim_agree=True upper=2968.61288465  CERT
994981560,0,1 RHO mem=True nz=True ynz=True cond=True claim_agree=True upper=0.985903003582  CERT
994981560,0,1 T   mem=True nz=True ynz=True cond=True claim_agree=True upper=3172.53272139  CERT
995745011,0,1 RHO mem=True nz=True ynz=True cond=True claim_agree=True upper=0.930025664805  CERT
995745011,0,1 T   mem=True nz=True ynz=True cond=True claim_agree=True upper=2415.27702094  CERT
FAMILY VERIFY n=7 l=1000032961 : EXCLUDED (components certified 32 / 32 ; lines 64 ; failed lines 0)
FAMILY VERIFY PASS
