FACTORIZATION: 32 irreducible factors of degree 2 over F_1000001857: OK
123153166,0,1 RHO mem=True nz=True ynz=True cond=True claim_agree=True upper=0.885462969195  CERT
123153166,0,1 T   mem=True nz=True ynz=True cond=True claim_agree=True upper=2225.38575862  CERT
127953586,0,1 RHO mem=True nz=True ynz=True cond=True claim_agree=True upper=0.920357606900  CERT
127953586,0,1 T   mem=True nz=True ynz=True cond=True claim_agree=True upper=2618.12100456  CERT
133580200,0,1 RHO mem=True nz=True ynz=True cond=True claim_agree=True upper=0.931625445681  CERT
133580200,0,1 T   mem=True nz=True ynz=True cond=True claim_agree=True upper=2347.12378514  CERT
201201434,0,1 RHO mem=True nz=True ynz=True cond=True claim_agree=True upper=0.908802068372  CERT
201201434,0,1 T   mem=True nz=True ynz=True cond=True claim_agree=True upper=1821.13799096  CERT
207551225,0,1 RHO mem=True nz=True ynz=True cond=True claim_agree=True upper=0.965167663717  CERT
207551225,0,1 T   mem=True nz=True ynz=True cond=True claim_agree=True upper=2479.59110318  CERT
225887620,0,1 RHO mem=True nz=True ynz=True cond=True claim_agree=True upper=0.893831107139  CERT
225887620,0,1 T   mem=True nz=True ynz=True cond=True claim_agree=True upper=2124.23944379  CERT
228627062,0,1 RHO mem=True nz=True ynz=True cond=True claim_agree=True upper=0.893831107139  CERT
228627062,0,1 T   mem=True nz=True ynz=True cond=True claim_agree=True upper=2509.42191031  CERT
237329951,0,1 RHO mem=True nz=True ynz=True cond=True claim_agree=True upper=0.872688309749  CERT
237329951,0,1 T   mem=True nz=True ynz=True cond=True claim_agree=True upper=1530.69065784  CERT
244066746,0,1 RHO mem=True nz=True ynz=True cond=True claim_agree=True upper=0.940914381643  CERT
244066746,0,1 T   mem=True nz=True ynz=True cond=True claim_agree=True upper=3163.59628919  CERT
253312999,0,1 RHO mem=True nz=True ynz=True cond=True claim_agree=True upper=0.957153429915  CERT
253312999,0,1 T   mem=True nz=True ynz=True cond=True claim_agree=True upper=3102.67040778  CERT
280319427,0,1 RHO mem=True nz=True ynz=True cond=True claim_agree=True upper=0.943616992921  CERT
280319427,0,1 T   mem=True nz=True ynz=True cond=True claim_agree=True upper=3229.98189953  CERT
296256022,0,1 RHO mem=True nz=True ynz=True cond=True claim_agree=True upper=0.900781883573  CERT
296256022,0,1 T   mem=True nz=True ynz=True cond=True claim_agree=True upper=1961.58232414  CERT
358745180,0,1 RHO mem=True nz=True ynz=True cond=True claim_agree=True upper=0.920357606900  CERT
358745180,0,1 T   mem=True nz=True ynz=True cond=True claim_agree=True upper=2667.27301325  CERT
412561994,0,1 RHO mem=True nz=True ynz=True cond=True claim_agree=True upper=0.911526731131  CERT
412561994,0,1 T   mem=True nz=True ynz=True cond=True claim_agree=True upper=2419.89153577  CERT
424910698,0,1 RHO mem=True nz=True ynz=True cond=True claim_agree=True upper=0.908802068372  CERT
424910698,0,1 T   mem=True nz=True ynz=True cond=True claim_agree=True upper=2249.35484887  CERT
437963977,0,1 RHO mem=True nz=True ynz=True cond=True claim_agree=True upper=0.931625445681  CERT
437963977,0,1 T   mem=True nz=True ynz=True cond=True claim_agree=True upper=2628.58706762  CERT
562037880,0,1 RHO mem=True nz=True ynz=True cond=True claim_agree=True upper=0.902033803388  CERT
562037880,0,1 T   mem=True nz=True ynz=True cond=True claim_agree=True upper=2652.14007910  CERT
575091159,0,1 RHO mem=True nz=True ynz=True cond=True claim_agree=True upper=0.924747092809  CERT
575091159,0,1 T   mem=True nz=True ynz=True cond=True claim_agree=True upper=2992.32496072  CERT
587439863,0,1 RHO mem=True nz=True ynz=True cond=True claim_agree=True upper=0.943616992921  CERT
587439863,0,1 T   mem=True nz=True ynz=True cond=True claim_agree=True upper=2856.22904571  CERT
641256677,0,1 RHO mem=True nz=True ynz=True cond=True claim_agree=True upper=0.881285543267  CERT
641256677,0,1 T   mem=True nz=True ynz=True cond=True claim_agree=True upper=3234.50910374  CERT
703745835,0,1 RHO mem=True nz=True ynz=True cond=True claim_agree=True upper=0.940914381643  CERT
703745835,0,1 T   mem=True nz=True ynz=True cond=True claim_agree=True upper=2141.15893307  CERT
719682430,0,1 RHO mem=True nz=True ynz=True cond=True claim_agree=True upper=0.911526731131  CERT
719682430,0,1 T   mem=True nz=True ynz=True cond=True claim_agree=True upper=2215.16999542  CERT
746688858,0,1 RHO mem=True nz=True ynz=True cond=True claim_agree=True upper=0.872688309749  CERT
746688858,0,1 T   mem=True nz=True ynz=True cond=True claim_agree=True upper=1947.22366002  CERT
755935111,0,1 RHO mem=True nz=True ynz=True cond=True claim_agree=True upper=0.900781883573  CERT
755935111,0,1 T   mem=True nz=True ynz=True cond=True claim_agree=True upper=2101.00148350  CERT
762671906,0,1 RHO mem=True nz=True ynz=True cond=True claim_agree=True upper=0.957153429915  CERT
762671906,0,1 T   mem=True nz=True ynz=True cond=True claim_agree=True upper=2686.90398327  CERT
771374795,0,1 RHO mem=True nz=True ynz=True cond=True claim_agree=True upper=0.950206211789  CERT
771374795,0,1 T   mem=True nz=True ynz=True cond=True claim_agree=True upper=1733.45844030  CERT
774114237,0,1 RHO mem=True nz=True ynz=True cond=True claim_agree=True upper=0.950206211789  CERT
774114237,0,1 T   mem=True nz=True ynz=True cond=True claim_agree=True upper=1892.48781307  CERT
792450632,0,1 RHO mem=True nz=True ynz=True cond=True claim_agree=True upper=0.885462969195  CERT
792450632,0,1 T   mem=True nz=True ynz=True cond=True claim_agree=True upper=2400.43475585  CERT
798800423,0,1 RHO mem=True nz=True ynz=True cond=True claim_agree=True upper=0.924747092809  CERT
798800423,0,1 T   mem=True nz=True ynz=True cond=True claim_agree=True upper=2138.54345327  CERT
866421657,0,1 RHO mem=True nz=True ynz=True cond=True claim_agree=True upper=0.902033803388  CERT
866421657,0,1 T   mem=True nz=True ynz=True cond=True claim_agree=True upper=2917.47098219  CERT
872048271,0,1 RHO mem=True nz=True ynz=True cond=True claim_agree=True upper=0.881285543267  CERT
872048271,0,1 T   mem=True nz=True ynz=True cond=True claim_agree=True upper=1524.97386759  CERT
876848691,0,1 RHO mem=True nz=True ynz=True cond=True claim_agree=True upper=0.965167663717  CERT
876848691,0,1 T   mem=True nz=True ynz=True cond=True claim_agree=True upper=3063.83530960  CERT
FAMILY VERIFY n=7 l=1000001857 : EXCLUDED (components certified 32 / 32 ; lines 64 ; failed lines 0)
FAMILY VERIFY PASS
