FACTORIZATION: 32 irreducible factors of degree 2 over F_1001113793: OK
8249772,0,1 RHO mem=True nz=True ynz=True cond=True claim_agree=True upper=0.940893652018  CERT
8249772,0,1 T   mem=True nz=True ynz=True cond=True claim_agree=True upper=3422.17232001  CERT
16033016,0,1 RHO mem=True nz=True ynz=True cond=True claim_agree=True upper=0.959023045670  CERT
16033016,0,1 T   mem=True nz=True ynz=True cond=True claim_agree=True upper=2834.95889736  CERT
28720782,0,1 RHO mem=True nz=True ynz=True cond=True claim_agree=True upper=0.945358036650  CERT
28720782,0,1 T   mem=True nz=True ynz=True cond=True claim_agree=True upper=2822.53385871  CERT
112855671,0,1 RHO mem=True nz=True ynz=True cond=True claim_agree=True upper=0.945358036650  CERT
112855671,0,1 T   mem=True nz=True ynz=True cond=True claim_agree=True upper=2941.37223949  CERT
166604167,0,1 RHO mem=True nz=True ynz=True cond=True claim_agree=True upper=0.927338322722  CERT
166604167,0,1 T   mem=True nz=True ynz=True cond=True claim_agree=True upper=2490.11172111  CERT
166881787,0,1 RHO mem=True nz=True ynz=True cond=True claim_agree=True upper=0.989908317366  CERT
166881787,0,1 T   mem=True nz=True ynz=True cond=True claim_agree=True upper=2438.82035431  CERT
168234415,0,1 RHO mem=True nz=True ynz=True cond=True claim_agree=True upper=0.966589725878  CERT
168234415,0,1 T   mem=True nz=True ynz=True cond=True claim_agree=True upper=3330.06626675  CERT
209468210,0,1 RHO mem=True nz=True ynz=True cond=True claim_agree=True upper=0.952549328704  CERT
209468210,0,1 T   mem=True nz=True ynz=True cond=True claim_agree=True upper=2689.35355108  CERT
222406737,0,1 RHO mem=True nz=True ynz=True cond=True claim_agree=True upper=0.944049513766  CERT
222406737,0,1 T   mem=True nz=True ynz=True cond=True claim_agree=True upper=2153.12950008  CERT
242273274,0,1 RHO mem=True nz=True ynz=True cond=True claim_agree=True upper=0.965964666058  CERT
242273274,0,1 T   mem=True nz=True ynz=True cond=True claim_agree=True upper=2805.62499138  CERT
271194260,0,1 RHO mem=True nz=True ynz=True cond=True claim_agree=True upper=0.965964666058  CERT
271194260,0,1 T   mem=True nz=True ynz=True cond=True claim_agree=True upper=2521.63738574  CERT
310135852,0,1 RHO mem=True nz=True ynz=True cond=True claim_agree=True upper=0.966972008445  CERT
310135852,0,1 T   mem=True nz=True ynz=True cond=True claim_agree=True upper=2630.76580582  CERT
330441674,0,1 RHO mem=True nz=True ynz=True cond=True claim_agree=True upper=0.966589725878  CERT
330441674,0,1 T   mem=True nz=True ynz=True cond=True claim_agree=True upper=3127.73059282  CERT
403945940,0,1 RHO mem=True nz=True ynz=True cond=True claim_agree=True upper=0.927338322722  CERT
403945940,0,1 T   mem=True nz=True ynz=True cond=True claim_agree=True upper=2523.82078450  CERT
450579166,0,1 RHO mem=True nz=True ynz=True cond=True claim_agree=True upper=0.963517192944  CERT
450579166,0,1 T   mem=True nz=True ynz=True cond=True claim_agree=True upper=3043.84415730  CERT
457544012,0,1 RHO mem=True nz=True ynz=True cond=True claim_agree=True upper=0.952940086873  CERT
457544012,0,1 T   mem=True nz=True ynz=True cond=True claim_agree=True upper=2367.02620765  CERT
543569781,0,1 RHO mem=True nz=True ynz=True cond=True claim_agree=True upper=0.952549328704  CERT
543569781,0,1 T   mem=True nz=True ynz=True cond=True claim_agree=True upper=2655.41094600  CERT
550534627,0,1 RHO mem=True nz=True ynz=True cond=True claim_agree=True upper=0.944049513766  CERT
550534627,0,1 T   mem=True nz=True ynz=True cond=True claim_agree=True upper=2529.13842769  CERT
597167853,0,1 RHO mem=True nz=True ynz=True cond=True claim_agree=True upper=0.880151921168  CERT
597167853,0,1 T   mem=True nz=True ynz=True cond=True claim_agree=True upper=2997.22590702  CERT
670672119,0,1 RHO mem=True nz=True ynz=True cond=True claim_agree=True upper=0.959044164345  CERT
670672119,0,1 T   mem=True nz=True ynz=True cond=True claim_agree=True upper=2072.04838879  CERT
690977941,0,1 RHO mem=True nz=True ynz=True cond=True claim_agree=True upper=0.959023045670  CERT
690977941,0,1 T   mem=True nz=True ynz=True cond=True claim_agree=True upper=3058.07956135  CERT
729919533,0,1 RHO mem=True nz=True ynz=True cond=True claim_agree=True upper=0.935010915611  CERT
729919533,0,1 T   mem=True nz=True ynz=True cond=True claim_agree=True upper=2305.81150328  CERT
758840519,0,1 RHO mem=True nz=True ynz=True cond=True claim_agree=True upper=0.935010915611  CERT
758840519,0,1 T   mem=True nz=True ynz=True cond=True claim_agree=True upper=2956.37015028  CERT
778707056,0,1 RHO mem=True nz=True ynz=True cond=True claim_agree=True upper=0.963517192944  CERT
778707056,0,1 T   mem=True nz=True ynz=True cond=True claim_agree=True upper=3330.93462791  CERT
791645583,0,1 RHO mem=True nz=True ynz=True cond=True claim_agree=True upper=0.952940086873  CERT
791645583,0,1 T   mem=True nz=True ynz=True cond=True claim_agree=True upper=2419.50000622  CERT
832879378,0,1 RHO mem=True nz=True ynz=True cond=True claim_agree=True upper=0.959044164345  CERT
832879378,0,1 T   mem=True nz=True ynz=True cond=True claim_agree=True upper=3377.64149253  CERT
834232006,0,1 RHO mem=True nz=True ynz=True cond=True claim_agree=True upper=0.940893652018  CERT
834232006,0,1 T   mem=True nz=True ynz=True cond=True claim_agree=True upper=2426.40936851  CERT
834509626,0,1 RHO mem=True nz=True ynz=True cond=True claim_agree=True upper=0.880151921168  CERT
834509626,0,1 T   mem=True nz=True ynz=True cond=True claim_agree=True upper=1540.83364839  CERT
888258122,0,1 RHO mem=True nz=True ynz=True cond=True claim_agree=True upper=0.948832773411  CERT
888258122,0,1 T   mem=True nz=True ynz=True cond=True claim_agree=True upper=2877.06183206  CERT
972393011,0,1 RHO mem=True nz=True ynz=True cond=True claim_agree=True upper=0.948832773411  CERT
972393011,0,1 T   mem=True nz=True ynz=True cond=True claim_agree=True upper=2009.07056041  CERT
985080777,0,1 RHO mem=True nz=True ynz=True cond=True claim_agree=True upper=0.966972008445  CERT
985080777,0,1 T   mem=True nz=True ynz=True cond=True claim_agree=True upper=2690.06668872  CERT
992864021,0,1 RHO mem=True nz=True ynz=True cond=True claim_agree=True upper=0.989908317366  CERT
992864021,0,1 T   mem=True nz=True ynz=True cond=True claim_agree=True upper=2289.19451907  CERT
FAMILY VERIFY n=7 l=1001113793 : EXCLUDED (components certified 32 / 32 ; lines 64 ; failed lines 0)
FAMILY VERIFY PASS
