FACTORIZATION: 32 irreducible factors of degree 2 over F_1001112769: OK
11136820,0,1 RHO mem=True nz=True ynz=True cond=True claim_agree=True upper=0.988607151025  CERT
11136820,0,1 T   mem=True nz=True ynz=True cond=True claim_agree=True upper=2908.43347371  CERT
24885058,0,1 RHO mem=True nz=True ynz=True cond=True claim_agree=True upper=0.924235878054  CERT
24885058,0,1 T   mem=True nz=True ynz=True cond=True claim_agree=True upper=2129.20117491  CERT
27376811,0,1 RHO mem=True nz=True ynz=True cond=True claim_agree=True upper=0.954630670354  CERT
27376811,0,1 T   mem=True nz=True ynz=True cond=True claim_agree=True upper=2780.43955354  CERT
66401184,0,1 RHO mem=True nz=True ynz=True cond=True claim_agree=True upper=0.938598936160  CERT
66401184,0,1 T   mem=True nz=True ynz=True cond=True claim_agree=True upper=2218.23441780  CERT
148958849,0,1 RHO mem=True nz=True ynz=True cond=True claim_agree=True upper=0.948003218595  CERT
148958849,0,1 T   mem=True nz=True ynz=True cond=True claim_agree=True upper=2147.39558024  CERT
170669089,0,1 RHO mem=True nz=True ynz=True cond=True claim_agree=True upper=0.957908103270  CERT
170669089,0,1 T   mem=True nz=True ynz=True cond=True claim_agree=True upper=2726.48527147  CERT
276708550,0,1 RHO mem=True nz=True ynz=True cond=True claim_agree=True upper=0.950837102628  CERT
276708550,0,1 T   mem=True nz=True ynz=True cond=True claim_agree=True upper=2845.32605597  CERT
320063839,0,1 RHO mem=True nz=True ynz=True cond=True claim_agree=True upper=0.930137986911  CERT
320063839,0,1 T   mem=True nz=True ynz=True cond=True claim_agree=True upper=2480.19010309  CERT
333942766,0,1 RHO mem=True nz=True ynz=True cond=True claim_agree=True upper=0.927188959803  CERT
333942766,0,1 T   mem=True nz=True ynz=True cond=True claim_agree=True upper=2056.53659489  CERT
401340849,0,1 RHO mem=True nz=True ynz=True cond=True claim_agree=True upper=0.924235878054  CERT
401340849,0,1 T   mem=True nz=True ynz=True cond=True claim_agree=True upper=1820.69993255  CERT
415955370,0,1 RHO mem=True nz=True ynz=True cond=True claim_agree=True upper=0.988607151025  CERT
415955370,0,1 T   mem=True nz=True ynz=True cond=True claim_agree=True upper=3030.15017746  CERT
420209361,0,1 RHO mem=True nz=True ynz=True cond=True claim_agree=True upper=0.930902735036  CERT
420209361,0,1 T   mem=True nz=True ynz=True cond=True claim_agree=True upper=2323.85299129  CERT
421228478,0,1 RHO mem=True nz=True ynz=True cond=True claim_agree=True upper=0.886057050163  CERT
421228478,0,1 T   mem=True nz=True ynz=True cond=True claim_agree=True upper=1964.39971094  CERT
429930311,0,1 RHO mem=True nz=True ynz=True cond=True claim_agree=True upper=0.923396106096  CERT
429930311,0,1 T   mem=True nz=True ynz=True cond=True claim_agree=True upper=2394.88864559  CERT
452140262,0,1 RHO mem=True nz=True ynz=True cond=True claim_agree=True upper=0.940215047093  CERT
452140262,0,1 T   mem=True nz=True ynz=True cond=True claim_agree=True upper=2707.76679909  CERT
480921798,0,1 RHO mem=True nz=True ynz=True cond=True claim_agree=True upper=0.927188959803  CERT
480921798,0,1 T   mem=True nz=True ynz=True cond=True claim_agree=True upper=2538.65076723  CERT
520190971,0,1 RHO mem=True nz=True ynz=True cond=True claim_agree=True upper=0.984606633769  CERT
520190971,0,1 T   mem=True nz=True ynz=True cond=True claim_agree=True upper=2740.02365702  CERT
548972507,0,1 RHO mem=True nz=True ynz=True cond=True claim_agree=True upper=0.948003218595  CERT
548972507,0,1 T   mem=True nz=True ynz=True cond=True claim_agree=True upper=3422.61107292  CERT
571182458,0,1 RHO mem=True nz=True ynz=True cond=True claim_agree=True upper=0.954630670354  CERT
571182458,0,1 T   mem=True nz=True ynz=True cond=True claim_agree=True upper=1869.51863235  CERT
579884291,0,1 RHO mem=True nz=True ynz=True cond=True claim_agree=True upper=0.930137986911  CERT
579884291,0,1 T   mem=True nz=True ynz=True cond=True claim_agree=True upper=2547.24630652  CERT
580903408,0,1 RHO mem=True nz=True ynz=True cond=True claim_agree=True upper=0.950837102628  CERT
580903408,0,1 T   mem=True nz=True ynz=True cond=True claim_agree=True upper=2430.46863180  CERT
585157399,0,1 RHO mem=True nz=True ynz=True cond=True claim_agree=True upper=0.929957132732  CERT
585157399,0,1 T   mem=True nz=True ynz=True cond=True claim_agree=True upper=2074.48922246  CERT
599771920,0,1 RHO mem=True nz=True ynz=True cond=True claim_agree=True upper=0.954448836997  CERT
599771920,0,1 T   mem=True nz=True ynz=True cond=True claim_agree=True upper=2351.37917695  CERT
667170003,0,1 RHO mem=True nz=True ynz=True cond=True claim_agree=True upper=0.984606633769  CERT
667170003,0,1 T   mem=True nz=True ynz=True cond=True claim_agree=True upper=2625.06995613  CERT
681048930,0,1 RHO mem=True nz=True ynz=True cond=True claim_agree=True upper=0.886057050163  CERT
681048930,0,1 T   mem=True nz=True ynz=True cond=True claim_agree=True upper=1708.18166418  CERT
724404219,0,1 RHO mem=True nz=True ynz=True cond=True claim_agree=True upper=0.930902735036  CERT
724404219,0,1 T   mem=True nz=True ynz=True cond=True claim_agree=True upper=1927.15766139  CERT
830443680,0,1 RHO mem=True nz=True ynz=True cond=True claim_agree=True upper=0.938598936160  CERT
830443680,0,1 T   mem=True nz=True ynz=True cond=True claim_agree=True upper=2561.12542516  CERT
852153920,0,1 RHO mem=True nz=True ynz=True cond=True claim_agree=True upper=0.940215047093  CERT
852153920,0,1 T   mem=True nz=True ynz=True cond=True claim_agree=True upper=2690.26503307  CERT
934711585,0,1 RHO mem=True nz=True ynz=True cond=True claim_agree=True upper=0.957908103270  CERT
934711585,0,1 T   mem=True nz=True ynz=True cond=True claim_agree=True upper=2890.02895528  CERT
973735958,0,1 RHO mem=True nz=True ynz=True cond=True claim_agree=True upper=0.923396106096  CERT
973735958,0,1 T   mem=True nz=True ynz=True cond=True claim_agree=True upper=1792.60653670  CERT
976227711,0,1 RHO mem=True nz=True ynz=True cond=True claim_agree=True upper=0.954448836997  CERT
976227711,0,1 T   mem=True nz=True ynz=True cond=True claim_agree=True upper=2759.43759351  CERT
989975949,0,1 RHO mem=True nz=True ynz=True cond=True claim_agree=True upper=0.929957132732  CERT
989975949,0,1 T   mem=True nz=True ynz=True cond=True claim_agree=True upper=2606.72641534  CERT
FAMILY VERIFY n=7 l=1001112769 : EXCLUDED (components certified 32 / 32 ; lines 64 ; failed lines 0)
FAMILY VERIFY PASS
