FACTORIZATION: 32 irreducible factors of degree 2 over F_1000469441: OK
7832114,0,1 RHO mem=True nz=True ynz=True cond=True claim_agree=True upper=0.877485100795  CERT
7832114,0,1 T   mem=True nz=True ynz=True cond=True claim_agree=True upper=1531.93071009  CERT
30142066,0,1 RHO mem=True nz=True ynz=True cond=True claim_agree=True upper=0.877907974196  CERT
30142066,0,1 T   mem=True nz=True ynz=True cond=True claim_agree=True upper=1857.00986598  CERT
70484203,0,1 RHO mem=True nz=True ynz=True cond=True claim_agree=True upper=0.866240293937  CERT
70484203,0,1 T   mem=True nz=True ynz=True cond=True claim_agree=True upper=1553.79856683  CERT
96074507,0,1 RHO mem=True nz=True ynz=True cond=True claim_agree=True upper=0.916263234534  CERT
96074507,0,1 T   mem=True nz=True ynz=True cond=True claim_agree=True upper=2678.25603485  CERT
102274206,0,1 RHO mem=True nz=True ynz=True cond=True claim_agree=True upper=0.918740292846  CERT
102274206,0,1 T   mem=True nz=True ynz=True cond=True claim_agree=True upper=1618.45345891  CERT
134106805,0,1 RHO mem=True nz=True ynz=True cond=True claim_agree=True upper=0.958283937416  CERT
134106805,0,1 T   mem=True nz=True ynz=True cond=True claim_agree=True upper=2483.48313000  CERT
153881881,0,1 RHO mem=True nz=True ynz=True cond=True claim_agree=True upper=0.885450833610  CERT
153881881,0,1 T   mem=True nz=True ynz=True cond=True claim_agree=True upper=1900.73190852  CERT
211873991,0,1 RHO mem=True nz=True ynz=True cond=True claim_agree=True upper=0.885450833610  CERT
211873991,0,1 T   mem=True nz=True ynz=True cond=True claim_agree=True upper=2315.15515420  CERT
251772119,0,1 RHO mem=True nz=True ynz=True cond=True claim_agree=True upper=0.927627293127  CERT
251772119,0,1 T   mem=True nz=True ynz=True cond=True claim_agree=True upper=2358.85615466  CERT
293325587,0,1 RHO mem=True nz=True ynz=True cond=True claim_agree=True upper=0.916263234534  CERT
293325587,0,1 T   mem=True nz=True ynz=True cond=True claim_agree=True upper=2283.28544441  CERT
310734048,0,1 RHO mem=True nz=True ynz=True cond=True claim_agree=True upper=0.953310466854  CERT
310734048,0,1 T   mem=True nz=True ynz=True cond=True claim_agree=True upper=2497.58435958  CERT
384373288,0,1 RHO mem=True nz=True ynz=True cond=True claim_agree=True upper=0.893156463364  CERT
384373288,0,1 T   mem=True nz=True ynz=True cond=True claim_agree=True upper=2608.00085478  CERT
393727408,0,1 RHO mem=True nz=True ynz=True cond=True claim_agree=True upper=0.877485100795  CERT
393727408,0,1 T   mem=True nz=True ynz=True cond=True claim_agree=True upper=1656.92924780  CERT
395572880,0,1 RHO mem=True nz=True ynz=True cond=True claim_agree=True upper=0.918740292846  CERT
395572880,0,1 T   mem=True nz=True ynz=True cond=True claim_agree=True upper=2124.94881390  CERT
448912149,0,1 RHO mem=True nz=True ynz=True cond=True claim_agree=True upper=0.927627293127  CERT
448912149,0,1 T   mem=True nz=True ynz=True cond=True claim_agree=True upper=2479.22553082  CERT
488316939,0,1 RHO mem=True nz=True ynz=True cond=True claim_agree=True upper=0.916569189397  CERT
488316939,0,1 T   mem=True nz=True ynz=True cond=True claim_agree=True upper=2014.29179779  CERT
512152502,0,1 RHO mem=True nz=True ynz=True cond=True claim_agree=True upper=0.877907974196  CERT
512152502,0,1 T   mem=True nz=True ynz=True cond=True claim_agree=True upper=1732.24793708  CERT
551557292,0,1 RHO mem=True nz=True ynz=True cond=True claim_agree=True upper=0.920116808373  CERT
551557292,0,1 T   mem=True nz=True ynz=True cond=True claim_agree=True upper=2676.27734696  CERT
604896561,0,1 RHO mem=True nz=True ynz=True cond=True claim_agree=True upper=0.939472751658  CERT
604896561,0,1 T   mem=True nz=True ynz=True cond=True claim_agree=True upper=2580.77035213  CERT
606742033,0,1 RHO mem=True nz=True ynz=True cond=True claim_agree=True upper=0.902205689100  CERT
606742033,0,1 T   mem=True nz=True ynz=True cond=True claim_agree=True upper=3086.41921989  CERT
616096153,0,1 RHO mem=True nz=True ynz=True cond=True claim_agree=True upper=0.937904743424  CERT
616096153,0,1 T   mem=True nz=True ynz=True cond=True claim_agree=True upper=2118.04587732  CERT
689735393,0,1 RHO mem=True nz=True ynz=True cond=True claim_agree=True upper=0.893156463364  CERT
689735393,0,1 T   mem=True nz=True ynz=True cond=True claim_agree=True upper=2753.85427769  CERT
707143854,0,1 RHO mem=True nz=True ynz=True cond=True claim_agree=True upper=0.878672015830  CERT
707143854,0,1 T   mem=True nz=True ynz=True cond=True claim_agree=True upper=1917.48152215  CERT
748697322,0,1 RHO mem=True nz=True ynz=True cond=True claim_agree=True upper=0.920116808373  CERT
748697322,0,1 T   mem=True nz=True ynz=True cond=True claim_agree=True upper=2030.99361400  CERT
788595450,0,1 RHO mem=True nz=True ynz=True cond=True claim_agree=True upper=0.943965045951  CERT
788595450,0,1 T   mem=True nz=True ynz=True cond=True claim_agree=True upper=2268.21052109  CERT
846587560,0,1 RHO mem=True nz=True ynz=True cond=True claim_agree=True upper=0.943965045951  CERT
846587560,0,1 T   mem=True nz=True ynz=True cond=True claim_agree=True upper=2431.21062875  CERT
866362636,0,1 RHO mem=True nz=True ynz=True cond=True claim_agree=True upper=0.866240293937  CERT
866362636,0,1 T   mem=True nz=True ynz=True cond=True claim_agree=True upper=2003.65327816  CERT
898195235,0,1 RHO mem=True nz=True ynz=True cond=True claim_agree=True upper=0.939472751658  CERT
898195235,0,1 T   mem=True nz=True ynz=True cond=True claim_agree=True upper=2388.05143156  CERT
904394934,0,1 RHO mem=True nz=True ynz=True cond=True claim_agree=True upper=0.878672015830  CERT
904394934,0,1 T   mem=True nz=True ynz=True cond=True claim_agree=True upper=1880.43963602  CERT
929985238,0,1 RHO mem=True nz=True ynz=True cond=True claim_agree=True upper=0.958283937416  CERT
929985238,0,1 T   mem=True nz=True ynz=True cond=True claim_agree=True upper=2212.31648609  CERT
970327375,0,1 RHO mem=True nz=True ynz=True cond=True claim_agree=True upper=0.916569189397  CERT
970327375,0,1 T   mem=True nz=True ynz=True cond=True claim_agree=True upper=2191.50859879  CERT
992637327,0,1 RHO mem=True nz=True ynz=True cond=True claim_agree=True upper=0.902205689100  CERT
992637327,0,1 T   mem=True nz=True ynz=True cond=True claim_agree=True upper=2754.04398430  CERT
FAMILY VERIFY n=7 l=1000469441 : EXCLUDED (components certified 32 / 32 ; lines 64 ; failed lines 0)
FAMILY VERIFY PASS
