FACTORIZATION: 32 irreducible factors of degree 2 over F_1000478657: OK
66277401,0,1 RHO mem=True nz=True ynz=True cond=True claim_agree=True upper=0.907559435368  CERT
66277401,0,1 T   mem=True nz=True ynz=True cond=True claim_agree=True upper=1769.99320662  CERT
76137284,0,1 RHO mem=True nz=True ynz=True cond=True claim_agree=True upper=0.911507009344  CERT
76137284,0,1 T   mem=True nz=True ynz=True cond=True claim_agree=True upper=2168.61005693  CERT
124727573,0,1 RHO mem=True nz=True ynz=True cond=True claim_agree=True upper=0.930329408729  CERT
124727573,0,1 T   mem=True nz=True ynz=True cond=True claim_agree=True upper=2596.76984541  CERT
131112184,0,1 RHO mem=True nz=True ynz=True cond=True claim_agree=True upper=0.931770483313  CERT
131112184,0,1 T   mem=True nz=True ynz=True cond=True claim_agree=True upper=2811.61684157  CERT
155267539,0,1 RHO mem=True nz=True ynz=True cond=True claim_agree=True upper=0.930329408729  CERT
155267539,0,1 T   mem=True nz=True ynz=True cond=True claim_agree=True upper=2379.21847034  CERT
180017845,0,1 RHO mem=True nz=True ynz=True cond=True claim_agree=True upper=0.916110742022  CERT
180017845,0,1 T   mem=True nz=True ynz=True cond=True claim_agree=True upper=2751.70919414  CERT
205446848,0,1 RHO mem=True nz=True ynz=True cond=True claim_agree=True upper=0.928213431568  CERT
205446848,0,1 T   mem=True nz=True ynz=True cond=True claim_agree=True upper=1749.51625539  CERT
216361107,0,1 RHO mem=True nz=True ynz=True cond=True claim_agree=True upper=0.906680026824  CERT
216361107,0,1 T   mem=True nz=True ynz=True cond=True claim_agree=True upper=3358.33502103  CERT
243876686,0,1 RHO mem=True nz=True ynz=True cond=True claim_agree=True upper=0.868091679750  CERT
243876686,0,1 T   mem=True nz=True ynz=True cond=True claim_agree=True upper=1592.19226936  CERT
289712206,0,1 RHO mem=True nz=True ynz=True cond=True claim_agree=True upper=0.919054064576  CERT
289712206,0,1 T   mem=True nz=True ynz=True cond=True claim_agree=True upper=1754.59390865  CERT
337688191,0,1 RHO mem=True nz=True ynz=True cond=True claim_agree=True upper=0.919054064576  CERT
337688191,0,1 T   mem=True nz=True ynz=True cond=True claim_agree=True upper=2198.30238795  CERT
355727051,0,1 RHO mem=True nz=True ynz=True cond=True claim_agree=True upper=0.927644726167  CERT
355727051,0,1 T   mem=True nz=True ynz=True cond=True claim_agree=True upper=2101.98347953  CERT
424514062,0,1 RHO mem=True nz=True ynz=True cond=True claim_agree=True upper=0.929392593620  CERT
424514062,0,1 T   mem=True nz=True ynz=True cond=True claim_agree=True upper=2208.74050265  CERT
455900951,0,1 RHO mem=True nz=True ynz=True cond=True claim_agree=True upper=0.916110742022  CERT
455900951,0,1 T   mem=True nz=True ynz=True cond=True claim_agree=True upper=2300.68934545  CERT
465480306,0,1 RHO mem=True nz=True ynz=True cond=True claim_agree=True upper=0.907559435368  CERT
465480306,0,1 T   mem=True nz=True ynz=True cond=True claim_agree=True upper=2686.12005874  CERT
487925457,0,1 RHO mem=True nz=True ynz=True cond=True claim_agree=True upper=0.909785121165  CERT
487925457,0,1 T   mem=True nz=True ynz=True cond=True claim_agree=True upper=3493.92058528  CERT
512553200,0,1 RHO mem=True nz=True ynz=True cond=True claim_agree=True upper=0.927644726167  CERT
512553200,0,1 T   mem=True nz=True ynz=True cond=True claim_agree=True upper=2764.36391169  CERT
534998351,0,1 RHO mem=True nz=True ynz=True cond=True claim_agree=True upper=0.953088914099  CERT
534998351,0,1 T   mem=True nz=True ynz=True cond=True claim_agree=True upper=2946.42786553  CERT
544577706,0,1 RHO mem=True nz=True ynz=True cond=True claim_agree=True upper=0.912908407910  CERT
544577706,0,1 T   mem=True nz=True ynz=True cond=True claim_agree=True upper=2015.39804919  CERT
575964595,0,1 RHO mem=True nz=True ynz=True cond=True claim_agree=True upper=0.931770483313  CERT
575964595,0,1 T   mem=True nz=True ynz=True cond=True claim_agree=True upper=2320.94215027  CERT
644751606,0,1 RHO mem=True nz=True ynz=True cond=True claim_agree=True upper=0.909785121165  CERT
644751606,0,1 T   mem=True nz=True ynz=True cond=True claim_agree=True upper=1805.62793555  CERT
662790466,0,1 RHO mem=True nz=True ynz=True cond=True claim_agree=True upper=0.945850046741  CERT
662790466,0,1 T   mem=True nz=True ynz=True cond=True claim_agree=True upper=2338.77697098  CERT
710766451,0,1 RHO mem=True nz=True ynz=True cond=True claim_agree=True upper=0.945850046741  CERT
710766451,0,1 T   mem=True nz=True ynz=True cond=True claim_agree=True upper=2056.31962268  CERT
756601971,0,1 RHO mem=True nz=True ynz=True cond=True claim_agree=True upper=0.911507009344  CERT
756601971,0,1 T   mem=True nz=True ynz=True cond=True claim_agree=True upper=2453.91517164  CERT
784117550,0,1 RHO mem=True nz=True ynz=True cond=True claim_agree=True upper=0.928213431568  CERT
784117550,0,1 T   mem=True nz=True ynz=True cond=True claim_agree=True upper=2876.13843680  CERT
795031809,0,1 RHO mem=True nz=True ynz=True cond=True claim_agree=True upper=0.906680026824  CERT
795031809,0,1 T   mem=True nz=True ynz=True cond=True claim_agree=True upper=2172.73748314  CERT
820460812,0,1 RHO mem=True nz=True ynz=True cond=True claim_agree=True upper=0.912908407910  CERT
820460812,0,1 T   mem=True nz=True ynz=True cond=True claim_agree=True upper=2073.25461842  CERT
845211118,0,1 RHO mem=True nz=True ynz=True cond=True claim_agree=True upper=0.939331913920  CERT
845211118,0,1 T   mem=True nz=True ynz=True cond=True claim_agree=True upper=1876.64088557  CERT
869366473,0,1 RHO mem=True nz=True ynz=True cond=True claim_agree=True upper=0.929392593620  CERT
869366473,0,1 T   mem=True nz=True ynz=True cond=True claim_agree=True upper=2363.29524576  CERT
875751084,0,1 RHO mem=True nz=True ynz=True cond=True claim_agree=True upper=0.939331913920  CERT
875751084,0,1 T   mem=True nz=True ynz=True cond=True claim_agree=True upper=2235.11410710  CERT
924341373,0,1 RHO mem=True nz=True ynz=True cond=True claim_agree=True upper=0.868091679750  CERT
924341373,0,1 T   mem=True nz=True ynz=True cond=True claim_agree=True upper=1981.64918490  CERT
934201256,0,1 RHO mem=True nz=True ynz=True cond=True claim_agree=True upper=0.953088914099  CERT
934201256,0,1 T   mem=True nz=True ynz=True cond=True claim_agree=True upper=2511.78766059  CERT
FAMILY VERIFY n=7 l=1000478657 : EXCLUDED (components certified 32 / 32 ; lines 64 ; failed lines 0)
FAMILY VERIFY PASS
