FACTORIZATION: 32 irreducible factors of degree 2 over F_1001021377: OK
36310202,0,1 RHO mem=True nz=True ynz=True cond=True claim_agree=True upper=0.923615442350  CERT
36310202,0,1 T   mem=True nz=True ynz=True cond=True claim_agree=True upper=2145.60337455  CERT
62221949,0,1 RHO mem=True nz=True ynz=True cond=True claim_agree=True upper=0.974921833129  CERT
62221949,0,1 T   mem=True nz=True ynz=True cond=True claim_agree=True upper=2601.85245159  CERT
85860802,0,1 RHO mem=True nz=True ynz=True cond=True claim_agree=True upper=0.918670448217  CERT
85860802,0,1 T   mem=True nz=True ynz=True cond=True claim_agree=True upper=1749.80472011  CERT
133709229,0,1 RHO mem=True nz=True ynz=True cond=True claim_agree=True upper=0.974921833129  CERT
133709229,0,1 T   mem=True nz=True ynz=True cond=True claim_agree=True upper=2520.18449118  CERT
169123013,0,1 RHO mem=True nz=True ynz=True cond=True claim_agree=True upper=0.923615442350  CERT
169123013,0,1 T   mem=True nz=True ynz=True cond=True claim_agree=True upper=2875.70261054  CERT
188026062,0,1 RHO mem=True nz=True ynz=True cond=True claim_agree=True upper=0.964037345893  CERT
188026062,0,1 T   mem=True nz=True ynz=True cond=True claim_agree=True upper=2930.34754511  CERT
199177371,0,1 RHO mem=True nz=True ynz=True cond=True claim_agree=True upper=0.995500006088  CERT
199177371,0,1 T   mem=True nz=True ynz=True cond=True claim_agree=True upper=2842.21615719  CERT
337124502,0,1 RHO mem=True nz=True ynz=True cond=True claim_agree=True upper=0.962508590631  CERT
337124502,0,1 T   mem=True nz=True ynz=True cond=True claim_agree=True upper=3017.73705740  CERT
356982399,0,1 RHO mem=True nz=True ynz=True cond=True claim_agree=True upper=0.983517757246  CERT
356982399,0,1 T   mem=True nz=True ynz=True cond=True claim_agree=True upper=3093.16021888  CERT
375288829,0,1 RHO mem=True nz=True ynz=True cond=True claim_agree=True upper=0.937731347428  CERT
375288829,0,1 T   mem=True nz=True ynz=True cond=True claim_agree=True upper=1851.80430566  CERT
394657615,0,1 RHO mem=True nz=True ynz=True cond=True claim_agree=True upper=0.989689600294  CERT
394657615,0,1 T   mem=True nz=True ynz=True cond=True claim_agree=True upper=2713.61762832  CERT
401693694,0,1 RHO mem=True nz=True ynz=True cond=True claim_agree=True upper=0.983517757246  CERT
401693694,0,1 T   mem=True nz=True ynz=True cond=True claim_agree=True upper=2512.49072562  CERT
417362886,0,1 RHO mem=True nz=True ynz=True cond=True claim_agree=True upper=0.981943946379  CERT
417362886,0,1 T   mem=True nz=True ynz=True cond=True claim_agree=True upper=2712.50473858  CERT
419028919,0,1 RHO mem=True nz=True ynz=True cond=True claim_agree=True upper=0.970022920587  CERT
419028919,0,1 T   mem=True nz=True ynz=True cond=True claim_agree=True upper=2609.31498700  CERT
449372941,0,1 RHO mem=True nz=True ynz=True cond=True claim_agree=True upper=0.918670448217  CERT
449372941,0,1 T   mem=True nz=True ynz=True cond=True claim_agree=True upper=2059.94651551  CERT
489371903,0,1 RHO mem=True nz=True ynz=True cond=True claim_agree=True upper=0.937731347428  CERT
489371903,0,1 T   mem=True nz=True ynz=True cond=True claim_agree=True upper=2983.45857827  CERT
511649474,0,1 RHO mem=True nz=True ynz=True cond=True claim_agree=True upper=0.970435553794  CERT
511649474,0,1 T   mem=True nz=True ynz=True cond=True claim_agree=True upper=2402.42143848  CERT
551648436,0,1 RHO mem=True nz=True ynz=True cond=True claim_agree=True upper=0.966195310811  CERT
551648436,0,1 T   mem=True nz=True ynz=True cond=True claim_agree=True upper=3207.08023831  CERT
581992458,0,1 RHO mem=True nz=True ynz=True cond=True claim_agree=True upper=0.989689600294  CERT
581992458,0,1 T   mem=True nz=True ynz=True cond=True claim_agree=True upper=2541.81997280  CERT
583658491,0,1 RHO mem=True nz=True ynz=True cond=True claim_agree=True upper=0.964037345893  CERT
583658491,0,1 T   mem=True nz=True ynz=True cond=True claim_agree=True upper=2432.91394990  CERT
599327683,0,1 RHO mem=True nz=True ynz=True cond=True claim_agree=True upper=0.939885420609  CERT
599327683,0,1 T   mem=True nz=True ynz=True cond=True claim_agree=True upper=2363.34532648  CERT
606363762,0,1 RHO mem=True nz=True ynz=True cond=True claim_agree=True upper=0.970022920587  CERT
606363762,0,1 T   mem=True nz=True ynz=True cond=True claim_agree=True upper=2373.84704863  CERT
625732548,0,1 RHO mem=True nz=True ynz=True cond=True claim_agree=True upper=0.970435553794  CERT
625732548,0,1 T   mem=True nz=True ynz=True cond=True claim_agree=True upper=2327.67320884  CERT
644038978,0,1 RHO mem=True nz=True ynz=True cond=True claim_agree=True upper=0.939885420609  CERT
644038978,0,1 T   mem=True nz=True ynz=True cond=True claim_agree=True upper=2947.89730088  CERT
663896875,0,1 RHO mem=True nz=True ynz=True cond=True claim_agree=True upper=0.996284210674  CERT
663896875,0,1 T   mem=True nz=True ynz=True cond=True claim_agree=True upper=2671.47180253  CERT
801844006,0,1 RHO mem=True nz=True ynz=True cond=True claim_agree=True upper=0.962508590631  CERT
801844006,0,1 T   mem=True nz=True ynz=True cond=True claim_agree=True upper=2898.63702902  CERT
812995315,0,1 RHO mem=True nz=True ynz=True cond=True claim_agree=True upper=0.981943946379  CERT
812995315,0,1 T   mem=True nz=True ynz=True cond=True claim_agree=True upper=2466.07941410  CERT
831898364,0,1 RHO mem=True nz=True ynz=True cond=True claim_agree=True upper=0.965631397275  CERT
831898364,0,1 T   mem=True nz=True ynz=True cond=True claim_agree=True upper=3381.99295036  CERT
867312148,0,1 RHO mem=True nz=True ynz=True cond=True claim_agree=True upper=0.961495825838  CERT
867312148,0,1 T   mem=True nz=True ynz=True cond=True claim_agree=True upper=2542.97459885  CERT
915160575,0,1 RHO mem=True nz=True ynz=True cond=True claim_agree=True upper=0.966195310811  CERT
915160575,0,1 T   mem=True nz=True ynz=True cond=True claim_agree=True upper=2767.34316186  CERT
938799428,0,1 RHO mem=True nz=True ynz=True cond=True claim_agree=True upper=0.961495825838  CERT
938799428,0,1 T   mem=True nz=True ynz=True cond=True claim_agree=True upper=2665.63671810  CERT
964711175,0,1 RHO mem=True nz=True ynz=True cond=True claim_agree=True upper=0.965631397275  CERT
964711175,0,1 T   mem=True nz=True ynz=True cond=True claim_agree=True upper=3060.76692562  CERT
FAMILY VERIFY n=7 l=1001021377 : EXCLUDED (components certified 32 / 32 ; lines 64 ; failed lines 0)
FAMILY VERIFY PASS
