FACTORIZATION: 32 irreducible factors of degree 2 over F_1000081601: OK
62670868,0,1 RHO mem=True nz=True ynz=True cond=True claim_agree=True upper=0.935262839940  CERT
62670868,0,1 T   mem=True nz=True ynz=True cond=True claim_agree=True upper=1753.34583239  CERT
72636450,0,1 RHO mem=True nz=True ynz=True cond=True claim_agree=True upper=0.973374858552  CERT
72636450,0,1 T   mem=True nz=True ynz=True cond=True claim_agree=True upper=2575.69604170  CERT
105665054,0,1 RHO mem=True nz=True ynz=True cond=True claim_agree=True upper=0.934685222577  CERT
105665054,0,1 T   mem=True nz=True ynz=True cond=True claim_agree=True upper=2255.87197244  CERT
146750006,0,1 RHO mem=True nz=True ynz=True cond=True claim_agree=True upper=0.961982957555  CERT
146750006,0,1 T   mem=True nz=True ynz=True cond=True claim_agree=True upper=3295.93456013  CERT
150385599,0,1 RHO mem=True nz=True ynz=True cond=True claim_agree=True upper=0.958917323720  CERT
150385599,0,1 T   mem=True nz=True ynz=True cond=True claim_agree=True upper=2847.02223943  CERT
155123388,0,1 RHO mem=True nz=True ynz=True cond=True claim_agree=True upper=0.964700564429  CERT
155123388,0,1 T   mem=True nz=True ynz=True cond=True claim_agree=True upper=2787.39030535  CERT
194159430,0,1 RHO mem=True nz=True ynz=True cond=True claim_agree=True upper=0.936954217387  CERT
194159430,0,1 T   mem=True nz=True ynz=True cond=True claim_agree=True upper=2415.50814047  CERT
207894101,0,1 RHO mem=True nz=True ynz=True cond=True claim_agree=True upper=0.979946818913  CERT
207894101,0,1 T   mem=True nz=True ynz=True cond=True claim_agree=True upper=2727.33739284  CERT
208578174,0,1 RHO mem=True nz=True ynz=True cond=True claim_agree=True upper=0.955823757770  CERT
208578174,0,1 T   mem=True nz=True ynz=True cond=True claim_agree=True upper=2391.30566841  CERT
239925163,0,1 RHO mem=True nz=True ynz=True cond=True claim_agree=True upper=0.936032059598  CERT
239925163,0,1 T   mem=True nz=True ynz=True cond=True claim_agree=True upper=2466.68615281  CERT
311689778,0,1 RHO mem=True nz=True ynz=True cond=True claim_agree=True upper=0.935800717911  CERT
311689778,0,1 T   mem=True nz=True ynz=True cond=True claim_agree=True upper=2576.31021621  CERT
313920736,0,1 RHO mem=True nz=True ynz=True cond=True claim_agree=True upper=0.955870351214  CERT
313920736,0,1 T   mem=True nz=True ynz=True cond=True claim_agree=True upper=2763.57167982  CERT
330768250,0,1 RHO mem=True nz=True ynz=True cond=True claim_agree=True upper=0.964555119546  CERT
330768250,0,1 T   mem=True nz=True ynz=True cond=True claim_agree=True upper=2551.09149080  CERT
357286862,0,1 RHO mem=True nz=True ynz=True cond=True claim_agree=True upper=0.961982957555  CERT
357286862,0,1 T   mem=True nz=True ynz=True cond=True claim_agree=True upper=2700.48939649  CERT
374825101,0,1 RHO mem=True nz=True ynz=True cond=True claim_agree=True upper=0.958917323720  CERT
374825101,0,1 T   mem=True nz=True ynz=True cond=True claim_agree=True upper=2505.83622796  CERT
386083615,0,1 RHO mem=True nz=True ynz=True cond=True claim_agree=True upper=0.977207526869  CERT
386083615,0,1 T   mem=True nz=True ynz=True cond=True claim_agree=True upper=2512.29455117  CERT
613997986,0,1 RHO mem=True nz=True ynz=True cond=True claim_agree=True upper=0.935262839940  CERT
613997986,0,1 T   mem=True nz=True ynz=True cond=True claim_agree=True upper=1863.81666392  CERT
625256500,0,1 RHO mem=True nz=True ynz=True cond=True claim_agree=True upper=0.947855953126  CERT
625256500,0,1 T   mem=True nz=True ynz=True cond=True claim_agree=True upper=2247.86980142  CERT
642794739,0,1 RHO mem=True nz=True ynz=True cond=True claim_agree=True upper=0.943322356837  CERT
642794739,0,1 T   mem=True nz=True ynz=True cond=True claim_agree=True upper=3014.66961905  CERT
669313351,0,1 RHO mem=True nz=True ynz=True cond=True claim_agree=True upper=0.936032059598  CERT
669313351,0,1 T   mem=True nz=True ynz=True cond=True claim_agree=True upper=2319.61274905  CERT
686160865,0,1 RHO mem=True nz=True ynz=True cond=True claim_agree=True upper=0.934685222577  CERT
686160865,0,1 T   mem=True nz=True ynz=True cond=True claim_agree=True upper=2337.11073334  CERT
688391823,0,1 RHO mem=True nz=True ynz=True cond=True claim_agree=True upper=0.979946818913  CERT
688391823,0,1 T   mem=True nz=True ynz=True cond=True claim_agree=True upper=2944.49832837  CERT
760156438,0,1 RHO mem=True nz=True ynz=True cond=True claim_agree=True upper=0.964555119546  CERT
760156438,0,1 T   mem=True nz=True ynz=True cond=True claim_agree=True upper=3125.66324111  CERT
791503427,0,1 RHO mem=True nz=True ynz=True cond=True claim_agree=True upper=0.964700564429  CERT
791503427,0,1 T   mem=True nz=True ynz=True cond=True claim_agree=True upper=2880.64774603  CERT
792187500,0,1 RHO mem=True nz=True ynz=True cond=True claim_agree=True upper=0.935800717911  CERT
792187500,0,1 T   mem=True nz=True ynz=True cond=True claim_agree=True upper=2356.25152819  CERT
805922171,0,1 RHO mem=True nz=True ynz=True cond=True claim_agree=True upper=0.973374858552  CERT
805922171,0,1 T   mem=True nz=True ynz=True cond=True claim_agree=True upper=2882.79665543  CERT
844958213,0,1 RHO mem=True nz=True ynz=True cond=True claim_agree=True upper=0.955823757770  CERT
844958213,0,1 T   mem=True nz=True ynz=True cond=True claim_agree=True upper=2666.28181916  CERT
849696002,0,1 RHO mem=True nz=True ynz=True cond=True claim_agree=True upper=0.947855953126  CERT
849696002,0,1 T   mem=True nz=True ynz=True cond=True claim_agree=True upper=2476.23139943  CERT
853331595,0,1 RHO mem=True nz=True ynz=True cond=True claim_agree=True upper=0.943322356837  CERT
853331595,0,1 T   mem=True nz=True ynz=True cond=True claim_agree=True upper=2506.37102435  CERT
894416547,0,1 RHO mem=True nz=True ynz=True cond=True claim_agree=True upper=0.955870351214  CERT
894416547,0,1 T   mem=True nz=True ynz=True cond=True claim_agree=True upper=2639.27748420  CERT
927445151,0,1 RHO mem=True nz=True ynz=True cond=True claim_agree=True upper=0.936954217387  CERT
927445151,0,1 T   mem=True nz=True ynz=True cond=True claim_agree=True upper=2302.13061603  CERT
937410733,0,1 RHO mem=True nz=True ynz=True cond=True claim_agree=True upper=0.977207526869  CERT
937410733,0,1 T   mem=True nz=True ynz=True cond=True claim_agree=True upper=2788.75466513  CERT
FAMILY VERIFY n=7 l=1000081601 : EXCLUDED (components certified 32 / 32 ; lines 64 ; failed lines 0)
FAMILY VERIFY PASS
