FACTORIZATION: 32 irreducible factors of degree 2 over F_1001161921: OK
28375212,0,1 RHO mem=True nz=True ynz=True cond=True claim_agree=True upper=0.954069439476  CERT
28375212,0,1 T   mem=True nz=True ynz=True cond=True claim_agree=True upper=2753.14146269  CERT
52064230,0,1 RHO mem=True nz=True ynz=True cond=True claim_agree=True upper=0.920937176240  CERT
52064230,0,1 T   mem=True nz=True ynz=True cond=True claim_agree=True upper=1743.13121062  CERT
86230188,0,1 RHO mem=True nz=True ynz=True cond=True claim_agree=True upper=0.942939392074  CERT
86230188,0,1 T   mem=True nz=True ynz=True cond=True claim_agree=True upper=1984.35293903  CERT
119869848,0,1 RHO mem=True nz=True ynz=True cond=True claim_agree=True upper=0.952476072819  CERT
119869848,0,1 T   mem=True nz=True ynz=True cond=True claim_agree=True upper=1703.65648511  CERT
121139007,0,1 RHO mem=True nz=True ynz=True cond=True claim_agree=True upper=0.911768170160  CERT
121139007,0,1 T   mem=True nz=True ynz=True cond=True claim_agree=True upper=1702.39229582  CERT
146586391,0,1 RHO mem=True nz=True ynz=True cond=True claim_agree=True upper=0.951231714748  CERT
146586391,0,1 T   mem=True nz=True ynz=True cond=True claim_agree=True upper=1964.46105821  CERT
152073656,0,1 RHO mem=True nz=True ynz=True cond=True claim_agree=True upper=0.951016649308  CERT
152073656,0,1 T   mem=True nz=True ynz=True cond=True claim_agree=True upper=2028.93702246  CERT
238122107,0,1 RHO mem=True nz=True ynz=True cond=True claim_agree=True upper=0.918054920038  CERT
238122107,0,1 T   mem=True nz=True ynz=True cond=True claim_agree=True upper=2716.39826095  CERT
269602757,0,1 RHO mem=True nz=True ynz=True cond=True claim_agree=True upper=0.952476072819  CERT
269602757,0,1 T   mem=True nz=True ynz=True cond=True claim_agree=True upper=2167.29755957  CERT
281506137,0,1 RHO mem=True nz=True ynz=True cond=True claim_agree=True upper=0.942939392074  CERT
281506137,0,1 T   mem=True nz=True ynz=True cond=True claim_agree=True upper=2291.79842902  CERT
304152083,0,1 RHO mem=True nz=True ynz=True cond=True claim_agree=True upper=0.918054920038  CERT
304152083,0,1 T   mem=True nz=True ynz=True cond=True claim_agree=True upper=1684.07896238  CERT
357473274,0,1 RHO mem=True nz=True ynz=True cond=True claim_agree=True upper=0.934881328246  CERT
357473274,0,1 T   mem=True nz=True ynz=True cond=True claim_agree=True upper=1991.46840372  CERT
446337866,0,1 RHO mem=True nz=True ynz=True cond=True claim_agree=True upper=0.943017511297  CERT
446337866,0,1 T   mem=True nz=True ynz=True cond=True claim_agree=True upper=2713.37923990  CERT
456987666,0,1 RHO mem=True nz=True ynz=True cond=True claim_agree=True upper=0.971882725697  CERT
456987666,0,1 T   mem=True nz=True ynz=True cond=True claim_agree=True upper=2188.71691941  CERT
457564801,0,1 RHO mem=True nz=True ynz=True cond=True claim_agree=True upper=0.992031348500  CERT
457564801,0,1 T   mem=True nz=True ynz=True cond=True claim_agree=True upper=3100.32324603  CERT
467249016,0,1 RHO mem=True nz=True ynz=True cond=True claim_agree=True upper=0.911768170160  CERT
467249016,0,1 T   mem=True nz=True ynz=True cond=True claim_agree=True upper=2383.56777905  CERT
533912905,0,1 RHO mem=True nz=True ynz=True cond=True claim_agree=True upper=0.947869115642  CERT
533912905,0,1 T   mem=True nz=True ynz=True cond=True claim_agree=True upper=1866.22442610  CERT
543597120,0,1 RHO mem=True nz=True ynz=True cond=True claim_agree=True upper=0.920937176240  CERT
543597120,0,1 T   mem=True nz=True ynz=True cond=True claim_agree=True upper=2022.23059081  CERT
544174255,0,1 RHO mem=True nz=True ynz=True cond=True claim_agree=True upper=0.934881328246  CERT
544174255,0,1 T   mem=True nz=True ynz=True cond=True claim_agree=True upper=2450.38637667  CERT
554824055,0,1 RHO mem=True nz=True ynz=True cond=True claim_agree=True upper=0.954069439476  CERT
554824055,0,1 T   mem=True nz=True ynz=True cond=True claim_agree=True upper=1808.91630508  CERT
643688647,0,1 RHO mem=True nz=True ynz=True cond=True claim_agree=True upper=0.971882725697  CERT
643688647,0,1 T   mem=True nz=True ynz=True cond=True claim_agree=True upper=2429.45621954  CERT
697009838,0,1 RHO mem=True nz=True ynz=True cond=True claim_agree=True upper=0.954065448587  CERT
697009838,0,1 T   mem=True nz=True ynz=True cond=True claim_agree=True upper=2814.50661994  CERT
719655784,0,1 RHO mem=True nz=True ynz=True cond=True claim_agree=True upper=0.960556558031  CERT
719655784,0,1 T   mem=True nz=True ynz=True cond=True claim_agree=True upper=2343.45157993  CERT
731559164,0,1 RHO mem=True nz=True ynz=True cond=True claim_agree=True upper=0.954657654338  CERT
731559164,0,1 T   mem=True nz=True ynz=True cond=True claim_agree=True upper=2425.73996151  CERT
763039814,0,1 RHO mem=True nz=True ynz=True cond=True claim_agree=True upper=0.954065448587  CERT
763039814,0,1 T   mem=True nz=True ynz=True cond=True claim_agree=True upper=2291.92175794  CERT
849088265,0,1 RHO mem=True nz=True ynz=True cond=True claim_agree=True upper=0.951231714748  CERT
849088265,0,1 T   mem=True nz=True ynz=True cond=True claim_agree=True upper=2508.41411942  CERT
854575530,0,1 RHO mem=True nz=True ynz=True cond=True claim_agree=True upper=0.951016649308  CERT
854575530,0,1 T   mem=True nz=True ynz=True cond=True claim_agree=True upper=2243.36588341  CERT
880022914,0,1 RHO mem=True nz=True ynz=True cond=True claim_agree=True upper=0.947869115642  CERT
880022914,0,1 T   mem=True nz=True ynz=True cond=True claim_agree=True upper=2166.77910960  CERT
881292073,0,1 RHO mem=True nz=True ynz=True cond=True claim_agree=True upper=0.954657654338  CERT
881292073,0,1 T   mem=True nz=True ynz=True cond=True claim_agree=True upper=2515.71753730  CERT
914931733,0,1 RHO mem=True nz=True ynz=True cond=True claim_agree=True upper=0.960556558031  CERT
914931733,0,1 T   mem=True nz=True ynz=True cond=True claim_agree=True upper=2613.24380071  CERT
949097691,0,1 RHO mem=True nz=True ynz=True cond=True claim_agree=True upper=0.992031348500  CERT
949097691,0,1 T   mem=True nz=True ynz=True cond=True claim_agree=True upper=3217.32615708  CERT
972786709,0,1 RHO mem=True nz=True ynz=True cond=True claim_agree=True upper=0.943017511297  CERT
972786709,0,1 T   mem=True nz=True ynz=True cond=True claim_agree=True upper=2795.96056406  CERT
FAMILY VERIFY n=7 l=1001161921 : EXCLUDED (components certified 32 / 32 ; lines 64 ; failed lines 0)
FAMILY VERIFY PASS
