FACTORIZATION: 32 irreducible factors of degree 2 over F_1000070593: OK
11672516,0,1 RHO mem=True nz=True ynz=True cond=True claim_agree=True upper=0.974862995113  CERT
11672516,0,1 T   mem=True nz=True ynz=True cond=True claim_agree=True upper=2490.21099418  CERT
26446101,0,1 RHO mem=True nz=True ynz=True cond=True claim_agree=True upper=0.976263419762  CERT
26446101,0,1 T   mem=True nz=True ynz=True cond=True claim_agree=True upper=2125.80919079  CERT
166870394,0,1 RHO mem=True nz=True ynz=True cond=True claim_agree=True upper=0.904682585253  CERT
166870394,0,1 T   mem=True nz=True ynz=True cond=True claim_agree=True upper=2068.76909508  CERT
172116627,0,1 RHO mem=True nz=True ynz=True cond=True claim_agree=True upper=0.952248626132  CERT
172116627,0,1 T   mem=True nz=True ynz=True cond=True claim_agree=True upper=2247.25021949  CERT
236490720,0,1 RHO mem=True nz=True ynz=True cond=True claim_agree=True upper=0.976640649545  CERT
236490720,0,1 T   mem=True nz=True ynz=True cond=True claim_agree=True upper=2395.42353864  CERT
265627134,0,1 RHO mem=True nz=True ynz=True cond=True claim_agree=True upper=0.950183929440  CERT
265627134,0,1 T   mem=True nz=True ynz=True cond=True claim_agree=True upper=2490.43569842  CERT
273967474,0,1 RHO mem=True nz=True ynz=True cond=True claim_agree=True upper=0.952248626132  CERT
273967474,0,1 T   mem=True nz=True ynz=True cond=True claim_agree=True upper=2745.64823357  CERT
296460353,0,1 RHO mem=True nz=True ynz=True cond=True claim_agree=True upper=0.976253107510  CERT
296460353,0,1 T   mem=True nz=True ynz=True cond=True claim_agree=True upper=3257.41637955  CERT
302366699,0,1 RHO mem=True nz=True ynz=True cond=True claim_agree=True upper=0.974862995113  CERT
302366699,0,1 T   mem=True nz=True ynz=True cond=True claim_agree=True upper=2594.61547747  CERT
331458215,0,1 RHO mem=True nz=True ynz=True cond=True claim_agree=True upper=0.962845097406  CERT
331458215,0,1 T   mem=True nz=True ynz=True cond=True claim_agree=True upper=2140.94494263  CERT
338943728,0,1 RHO mem=True nz=True ynz=True cond=True claim_agree=True upper=0.974708140038  CERT
338943728,0,1 T   mem=True nz=True ynz=True cond=True claim_agree=True upper=2586.26097403  CERT
341844808,0,1 RHO mem=True nz=True ynz=True cond=True claim_agree=True upper=0.950183929440  CERT
341844808,0,1 T   mem=True nz=True ynz=True cond=True claim_agree=True upper=3053.23175271  CERT
351572263,0,1 RHO mem=True nz=True ynz=True cond=True claim_agree=True upper=0.960389727666  CERT
351572263,0,1 T   mem=True nz=True ynz=True cond=True claim_agree=True upper=2513.66991222  CERT
363977717,0,1 RHO mem=True nz=True ynz=True cond=True claim_agree=True upper=0.976263419762  CERT
363977717,0,1 T   mem=True nz=True ynz=True cond=True claim_agree=True upper=2787.70497288  CERT
395244464,0,1 RHO mem=True nz=True ynz=True cond=True claim_agree=True upper=0.906492197325  CERT
395244464,0,1 T   mem=True nz=True ynz=True cond=True claim_agree=True upper=2110.32105112  CERT
492692008,0,1 RHO mem=True nz=True ynz=True cond=True claim_agree=True upper=0.976640649545  CERT
492692008,0,1 T   mem=True nz=True ynz=True cond=True claim_agree=True upper=2438.74994710  CERT
507378585,0,1 RHO mem=True nz=True ynz=True cond=True claim_agree=True upper=0.959582946057  CERT
507378585,0,1 T   mem=True nz=True ynz=True cond=True claim_agree=True upper=2377.78098706  CERT
604826129,0,1 RHO mem=True nz=True ynz=True cond=True claim_agree=True upper=0.962845097406  CERT
604826129,0,1 T   mem=True nz=True ynz=True cond=True claim_agree=True upper=3294.90389383  CERT
636092876,0,1 RHO mem=True nz=True ynz=True cond=True claim_agree=True upper=0.945928259575  CERT
636092876,0,1 T   mem=True nz=True ynz=True cond=True claim_agree=True upper=2398.59221662  CERT
648498330,0,1 RHO mem=True nz=True ynz=True cond=True claim_agree=True upper=0.976253107510  CERT
648498330,0,1 T   mem=True nz=True ynz=True cond=True claim_agree=True upper=2327.95077278  CERT
658225785,0,1 RHO mem=True nz=True ynz=True cond=True claim_agree=True upper=0.963378306466  CERT
658225785,0,1 T   mem=True nz=True ynz=True cond=True claim_agree=True upper=2972.84954457  CERT
661126865,0,1 RHO mem=True nz=True ynz=True cond=True claim_agree=True upper=0.904682585253  CERT
661126865,0,1 T   mem=True nz=True ynz=True cond=True claim_agree=True upper=2135.19708588  CERT
668612378,0,1 RHO mem=True nz=True ynz=True cond=True claim_agree=True upper=0.906492197325  CERT
668612378,0,1 T   mem=True nz=True ynz=True cond=True claim_agree=True upper=1496.85265991  CERT
697703894,0,1 RHO mem=True nz=True ynz=True cond=True claim_agree=True upper=0.979697739659  CERT
697703894,0,1 T   mem=True nz=True ynz=True cond=True claim_agree=True upper=2577.87577556  CERT
703610240,0,1 RHO mem=True nz=True ynz=True cond=True claim_agree=True upper=0.960389727666  CERT
703610240,0,1 T   mem=True nz=True ynz=True cond=True claim_agree=True upper=2275.17816861  CERT
726103119,0,1 RHO mem=True nz=True ynz=True cond=True claim_agree=True upper=0.952861266090  CERT
726103119,0,1 T   mem=True nz=True ynz=True cond=True claim_agree=True upper=3066.20344235  CERT
734443459,0,1 RHO mem=True nz=True ynz=True cond=True claim_agree=True upper=0.963378306466  CERT
734443459,0,1 T   mem=True nz=True ynz=True cond=True claim_agree=True upper=2784.49153615  CERT
763579873,0,1 RHO mem=True nz=True ynz=True cond=True claim_agree=True upper=0.959582946057  CERT
763579873,0,1 T   mem=True nz=True ynz=True cond=True claim_agree=True upper=2706.37106208  CERT
827953966,0,1 RHO mem=True nz=True ynz=True cond=True claim_agree=True upper=0.952861266090  CERT
827953966,0,1 T   mem=True nz=True ynz=True cond=True claim_agree=True upper=3102.60221930  CERT
833200199,0,1 RHO mem=True nz=True ynz=True cond=True claim_agree=True upper=0.974708140038  CERT
833200199,0,1 T   mem=True nz=True ynz=True cond=True claim_agree=True upper=2427.50202549  CERT
973624492,0,1 RHO mem=True nz=True ynz=True cond=True claim_agree=True upper=0.945928259575  CERT
973624492,0,1 T   mem=True nz=True ynz=True cond=True claim_agree=True upper=2925.81063855  CERT
988398077,0,1 RHO mem=True nz=True ynz=True cond=True claim_agree=True upper=0.979697739659  CERT
988398077,0,1 T   mem=True nz=True ynz=True cond=True claim_agree=True upper=3166.14675292  CERT
FAMILY VERIFY n=7 l=1000070593 : EXCLUDED (components certified 32 / 32 ; lines 64 ; failed lines 0)
FAMILY VERIFY PASS
