FACTORIZATION: 32 irreducible factors of degree 2 over F_1000793537: OK
10364881,0,1 RHO mem=True nz=True ynz=True cond=True claim_agree=True upper=0.940243597561  CERT
10364881,0,1 T   mem=True nz=True ynz=True cond=True claim_agree=True upper=2898.79480625  CERT
88513799,0,1 RHO mem=True nz=True ynz=True cond=True claim_agree=True upper=0.936134977455  CERT
88513799,0,1 T   mem=True nz=True ynz=True cond=True claim_agree=True upper=2715.24386489  CERT
101366740,0,1 RHO mem=True nz=True ynz=True cond=True claim_agree=True upper=0.966886112948  CERT
101366740,0,1 T   mem=True nz=True ynz=True cond=True claim_agree=True upper=2245.47053194  CERT
115364090,0,1 RHO mem=True nz=True ynz=True cond=True claim_agree=True upper=0.911448908789  CERT
115364090,0,1 T   mem=True nz=True ynz=True cond=True claim_agree=True upper=2717.95206573  CERT
150159529,0,1 RHO mem=True nz=True ynz=True cond=True claim_agree=True upper=0.937184681460  CERT
150159529,0,1 T   mem=True nz=True ynz=True cond=True claim_agree=True upper=2393.41517652  CERT
181468111,0,1 RHO mem=True nz=True ynz=True cond=True claim_agree=True upper=0.928855773121  CERT
181468111,0,1 T   mem=True nz=True ynz=True cond=True claim_agree=True upper=2281.37799204  CERT
214382189,0,1 RHO mem=True nz=True ynz=True cond=True claim_agree=True upper=0.940243597561  CERT
214382189,0,1 T   mem=True nz=True ynz=True cond=True claim_agree=True upper=2227.54855858  CERT
251807948,0,1 RHO mem=True nz=True ynz=True cond=True claim_agree=True upper=0.970565751056  CERT
251807948,0,1 T   mem=True nz=True ynz=True cond=True claim_agree=True upper=2090.15595388  CERT
263643649,0,1 RHO mem=True nz=True ynz=True cond=True claim_agree=True upper=0.966886112948  CERT
263643649,0,1 T   mem=True nz=True ynz=True cond=True claim_agree=True upper=2789.71761609  CERT
267292804,0,1 RHO mem=True nz=True ynz=True cond=True claim_agree=True upper=0.944892849877  CERT
267292804,0,1 T   mem=True nz=True ynz=True cond=True claim_agree=True upper=2090.56033652  CERT
330857079,0,1 RHO mem=True nz=True ynz=True cond=True claim_agree=True upper=0.944892849877  CERT
330857079,0,1 T   mem=True nz=True ynz=True cond=True claim_agree=True upper=2268.39109534  CERT
334811559,0,1 RHO mem=True nz=True ynz=True cond=True claim_agree=True upper=0.970565751056  CERT
334811559,0,1 T   mem=True nz=True ynz=True cond=True claim_agree=True upper=2878.00017254  CERT
349364663,0,1 RHO mem=True nz=True ynz=True cond=True claim_agree=True upper=0.965345826234  CERT
349364663,0,1 T   mem=True nz=True ynz=True cond=True claim_agree=True upper=2714.53545439  CERT
433235996,0,1 RHO mem=True nz=True ynz=True cond=True claim_agree=True upper=0.911448908789  CERT
433235996,0,1 T   mem=True nz=True ynz=True cond=True claim_agree=True upper=2830.57611197  CERT
483730517,0,1 RHO mem=True nz=True ynz=True cond=True claim_agree=True upper=0.923663056172  CERT
483730517,0,1 T   mem=True nz=True ynz=True cond=True claim_agree=True upper=2778.84711708  CERT
495558777,0,1 RHO mem=True nz=True ynz=True cond=True claim_agree=True upper=0.947773190535  CERT
495558777,0,1 T   mem=True nz=True ynz=True cond=True claim_agree=True upper=2353.06949432  CERT
505234760,0,1 RHO mem=True nz=True ynz=True cond=True claim_agree=True upper=0.923663056172  CERT
505234760,0,1 T   mem=True nz=True ynz=True cond=True claim_agree=True upper=1883.31490866  CERT
517063020,0,1 RHO mem=True nz=True ynz=True cond=True claim_agree=True upper=0.947773190535  CERT
517063020,0,1 T   mem=True nz=True ynz=True cond=True claim_agree=True upper=2693.02233834  CERT
567557541,0,1 RHO mem=True nz=True ynz=True cond=True claim_agree=True upper=0.926897794971  CERT
567557541,0,1 T   mem=True nz=True ynz=True cond=True claim_agree=True upper=1750.76962879  CERT
651428874,0,1 RHO mem=True nz=True ynz=True cond=True claim_agree=True upper=0.936134977455  CERT
651428874,0,1 T   mem=True nz=True ynz=True cond=True claim_agree=True upper=1703.69383129  CERT
665981978,0,1 RHO mem=True nz=True ynz=True cond=True claim_agree=True upper=0.859779344574  CERT
665981978,0,1 T   mem=True nz=True ynz=True cond=True claim_agree=True upper=2090.97066527  CERT
669936458,0,1 RHO mem=True nz=True ynz=True cond=True claim_agree=True upper=0.895966743017  CERT
669936458,0,1 T   mem=True nz=True ynz=True cond=True claim_agree=True upper=2136.67691906  CERT
733500733,0,1 RHO mem=True nz=True ynz=True cond=True claim_agree=True upper=0.895966743017  CERT
733500733,0,1 T   mem=True nz=True ynz=True cond=True claim_agree=True upper=1843.92568618  CERT
737149888,0,1 RHO mem=True nz=True ynz=True cond=True claim_agree=True upper=0.926172772792  CERT
737149888,0,1 T   mem=True nz=True ynz=True cond=True claim_agree=True upper=2446.42276748  CERT
748985589,0,1 RHO mem=True nz=True ynz=True cond=True claim_agree=True upper=0.859779344574  CERT
748985589,0,1 T   mem=True nz=True ynz=True cond=True claim_agree=True upper=1472.69150879  CERT
786411348,0,1 RHO mem=True nz=True ynz=True cond=True claim_agree=True upper=0.946571082417  CERT
786411348,0,1 T   mem=True nz=True ynz=True cond=True claim_agree=True upper=2305.94956366  CERT
819325426,0,1 RHO mem=True nz=True ynz=True cond=True claim_agree=True upper=0.937184681460  CERT
819325426,0,1 T   mem=True nz=True ynz=True cond=True claim_agree=True upper=2141.03275492  CERT
850634008,0,1 RHO mem=True nz=True ynz=True cond=True claim_agree=True upper=0.928855773121  CERT
850634008,0,1 T   mem=True nz=True ynz=True cond=True claim_agree=True upper=2670.84915762  CERT
885429447,0,1 RHO mem=True nz=True ynz=True cond=True claim_agree=True upper=0.926897794971  CERT
885429447,0,1 T   mem=True nz=True ynz=True cond=True claim_agree=True upper=2367.57576829  CERT
899426797,0,1 RHO mem=True nz=True ynz=True cond=True claim_agree=True upper=0.926172772792  CERT
899426797,0,1 T   mem=True nz=True ynz=True cond=True claim_agree=True upper=1907.07604369  CERT
912279738,0,1 RHO mem=True nz=True ynz=True cond=True claim_agree=True upper=0.965345826234  CERT
912279738,0,1 T   mem=True nz=True ynz=True cond=True claim_agree=True upper=2804.52389972  CERT
990428656,0,1 RHO mem=True nz=True ynz=True cond=True claim_agree=True upper=0.946571082417  CERT
990428656,0,1 T   mem=True nz=True ynz=True cond=True claim_agree=True upper=2350.93238158  CERT
FAMILY VERIFY n=7 l=1000793537 : EXCLUDED (components certified 32 / 32 ; lines 64 ; failed lines 0)
FAMILY VERIFY PASS
