FACTORIZATION: 32 irreducible factors of degree 2 over F_1000810177: OK
54596848,0,1 RHO mem=True nz=True ynz=True cond=True claim_agree=True upper=0.898231806528  CERT
54596848,0,1 T   mem=True nz=True ynz=True cond=True claim_agree=True upper=1505.56285058  CERT
58468783,0,1 RHO mem=True nz=True ynz=True cond=True claim_agree=True upper=0.956375766604  CERT
58468783,0,1 T   mem=True nz=True ynz=True cond=True claim_agree=True upper=2674.35975745  CERT
115694771,0,1 RHO mem=True nz=True ynz=True cond=True claim_agree=True upper=0.914174345473  CERT
115694771,0,1 T   mem=True nz=True ynz=True cond=True claim_agree=True upper=1792.79832615  CERT
127482170,0,1 RHO mem=True nz=True ynz=True cond=True claim_agree=True upper=0.919133232856  CERT
127482170,0,1 T   mem=True nz=True ynz=True cond=True claim_agree=True upper=2566.67374622  CERT
208989673,0,1 RHO mem=True nz=True ynz=True cond=True claim_agree=True upper=0.876972054617  CERT
208989673,0,1 T   mem=True nz=True ynz=True cond=True claim_agree=True upper=2336.73475780  CERT
251253052,0,1 RHO mem=True nz=True ynz=True cond=True claim_agree=True upper=0.895606776214  CERT
251253052,0,1 T   mem=True nz=True ynz=True cond=True claim_agree=True upper=2579.59483080  CERT
310203680,0,1 RHO mem=True nz=True ynz=True cond=True claim_agree=True upper=0.939965954167  CERT
310203680,0,1 T   mem=True nz=True ynz=True cond=True claim_agree=True upper=2538.79115443  CERT
328490402,0,1 RHO mem=True nz=True ynz=True cond=True claim_agree=True upper=0.922556699754  CERT
328490402,0,1 T   mem=True nz=True ynz=True cond=True claim_agree=True upper=2796.60035774  CERT
351085174,0,1 RHO mem=True nz=True ynz=True cond=True claim_agree=True upper=0.938792374921  CERT
351085174,0,1 T   mem=True nz=True ynz=True cond=True claim_agree=True upper=1977.43817202  CERT
371238837,0,1 RHO mem=True nz=True ynz=True cond=True claim_agree=True upper=0.904534007072  CERT
371238837,0,1 T   mem=True nz=True ynz=True cond=True claim_agree=True upper=2223.44883234  CERT
391566832,0,1 RHO mem=True nz=True ynz=True cond=True claim_agree=True upper=0.895606776214  CERT
391566832,0,1 T   mem=True nz=True ynz=True cond=True claim_agree=True upper=3602.93819396  CERT
415258638,0,1 RHO mem=True nz=True ynz=True cond=True claim_agree=True upper=0.914174345473  CERT
415258638,0,1 T   mem=True nz=True ynz=True cond=True claim_agree=True upper=2358.50809621  CERT
422411517,0,1 RHO mem=True nz=True ynz=True cond=True claim_agree=True upper=0.886800426216  CERT
422411517,0,1 T   mem=True nz=True ynz=True cond=True claim_agree=True upper=1553.43633510  CERT
422870293,0,1 RHO mem=True nz=True ynz=True cond=True claim_agree=True upper=0.888903145489  CERT
422870293,0,1 T   mem=True nz=True ynz=True cond=True claim_agree=True upper=2992.64462369  CERT
458761103,0,1 RHO mem=True nz=True ynz=True cond=True claim_agree=True upper=0.919133232856  CERT
458761103,0,1 T   mem=True nz=True ynz=True cond=True claim_agree=True upper=2693.79042392  CERT
493872192,0,1 RHO mem=True nz=True ynz=True cond=True claim_agree=True upper=0.888903145489  CERT
493872192,0,1 T   mem=True nz=True ynz=True cond=True claim_agree=True upper=3126.72143836  CERT
506937985,0,1 RHO mem=True nz=True ynz=True cond=True claim_agree=True upper=0.935021236028  CERT
506937985,0,1 T   mem=True nz=True ynz=True cond=True claim_agree=True upper=2501.95612731  CERT
542049074,0,1 RHO mem=True nz=True ynz=True cond=True claim_agree=True upper=0.921801526364  CERT
542049074,0,1 T   mem=True nz=True ynz=True cond=True claim_agree=True upper=2479.45643528  CERT
577939884,0,1 RHO mem=True nz=True ynz=True cond=True claim_agree=True upper=0.935021236028  CERT
577939884,0,1 T   mem=True nz=True ynz=True cond=True claim_agree=True upper=2747.66936697  CERT
578398660,0,1 RHO mem=True nz=True ynz=True cond=True claim_agree=True upper=0.938792374921  CERT
578398660,0,1 T   mem=True nz=True ynz=True cond=True claim_agree=True upper=1872.42324973  CERT
585551539,0,1 RHO mem=True nz=True ynz=True cond=True claim_agree=True upper=0.914289050428  CERT
585551539,0,1 T   mem=True nz=True ynz=True cond=True claim_agree=True upper=2460.19584714  CERT
609243345,0,1 RHO mem=True nz=True ynz=True cond=True claim_agree=True upper=0.940015856527  CERT
609243345,0,1 T   mem=True nz=True ynz=True cond=True claim_agree=True upper=2437.26880137  CERT
629571340,0,1 RHO mem=True nz=True ynz=True cond=True claim_agree=True upper=0.922556699754  CERT
629571340,0,1 T   mem=True nz=True ynz=True cond=True claim_agree=True upper=3080.78921957  CERT
649725003,0,1 RHO mem=True nz=True ynz=True cond=True claim_agree=True upper=0.886800426216  CERT
649725003,0,1 T   mem=True nz=True ynz=True cond=True claim_agree=True upper=2335.75045340  CERT
672319775,0,1 RHO mem=True nz=True ynz=True cond=True claim_agree=True upper=0.904534007072  CERT
672319775,0,1 T   mem=True nz=True ynz=True cond=True claim_agree=True upper=3218.76836009  CERT
690606497,0,1 RHO mem=True nz=True ynz=True cond=True claim_agree=True upper=0.898231806528  CERT
690606497,0,1 T   mem=True nz=True ynz=True cond=True claim_agree=True upper=2488.74624049  CERT
749557125,0,1 RHO mem=True nz=True ynz=True cond=True claim_agree=True upper=0.940015856527  CERT
749557125,0,1 T   mem=True nz=True ynz=True cond=True claim_agree=True upper=2530.37811378  CERT
791820504,0,1 RHO mem=True nz=True ynz=True cond=True claim_agree=True upper=0.956375766604  CERT
791820504,0,1 T   mem=True nz=True ynz=True cond=True claim_agree=True upper=2419.23818545  CERT
873328007,0,1 RHO mem=True nz=True ynz=True cond=True claim_agree=True upper=0.921801526364  CERT
873328007,0,1 T   mem=True nz=True ynz=True cond=True claim_agree=True upper=2245.25312557  CERT
885115406,0,1 RHO mem=True nz=True ynz=True cond=True claim_agree=True upper=0.914289050428  CERT
885115406,0,1 T   mem=True nz=True ynz=True cond=True claim_agree=True upper=1939.50964349  CERT
942341394,0,1 RHO mem=True nz=True ynz=True cond=True claim_agree=True upper=0.876972054617  CERT
942341394,0,1 T   mem=True nz=True ynz=True cond=True claim_agree=True upper=2396.44542164  CERT
946213329,0,1 RHO mem=True nz=True ynz=True cond=True claim_agree=True upper=0.939965954167  CERT
946213329,0,1 T   mem=True nz=True ynz=True cond=True claim_agree=True upper=2008.01547387  CERT
FAMILY VERIFY n=7 l=1000810177 : EXCLUDED (components certified 32 / 32 ; lines 64 ; failed lines 0)
FAMILY VERIFY PASS
