FACTORIZATION: 32 irreducible factors of degree 2 over F_1000165697: OK
45405943,0,1 RHO mem=True nz=True ynz=True cond=True claim_agree=True upper=0.955348389532  CERT
45405943,0,1 T   mem=True nz=True ynz=True cond=True claim_agree=True upper=3268.77150410  CERT
52869379,0,1 RHO mem=True nz=True ynz=True cond=True claim_agree=True upper=0.953585353479  CERT
52869379,0,1 T   mem=True nz=True ynz=True cond=True claim_agree=True upper=2372.55217292  CERT
60288623,0,1 RHO mem=True nz=True ynz=True cond=True claim_agree=True upper=0.902764377661  CERT
60288623,0,1 T   mem=True nz=True ynz=True cond=True claim_agree=True upper=2890.00436643  CERT
68189270,0,1 RHO mem=True nz=True ynz=True cond=True claim_agree=True upper=0.965606466478  CERT
68189270,0,1 T   mem=True nz=True ynz=True cond=True claim_agree=True upper=2953.39693876  CERT
146636807,0,1 RHO mem=True nz=True ynz=True cond=True claim_agree=True upper=0.957780353371  CERT
146636807,0,1 T   mem=True nz=True ynz=True cond=True claim_agree=True upper=2667.17763277  CERT
170951055,0,1 RHO mem=True nz=True ynz=True cond=True claim_agree=True upper=0.957952491230  CERT
170951055,0,1 T   mem=True nz=True ynz=True cond=True claim_agree=True upper=3070.86959839  CERT
209751961,0,1 RHO mem=True nz=True ynz=True cond=True claim_agree=True upper=0.964498424581  CERT
209751961,0,1 T   mem=True nz=True ynz=True cond=True claim_agree=True upper=2729.95682937  CERT
269256886,0,1 RHO mem=True nz=True ynz=True cond=True claim_agree=True upper=0.957144710335  CERT
269256886,0,1 T   mem=True nz=True ynz=True cond=True claim_agree=True upper=2694.54416438  CERT
322588180,0,1 RHO mem=True nz=True ynz=True cond=True claim_agree=True upper=0.981781468940  CERT
322588180,0,1 T   mem=True nz=True ynz=True cond=True claim_agree=True upper=3026.47235435  CERT
369889718,0,1 RHO mem=True nz=True ynz=True cond=True claim_agree=True upper=0.955348389532  CERT
369889718,0,1 T   mem=True nz=True ynz=True cond=True claim_agree=True upper=2585.18696974  CERT
414958704,0,1 RHO mem=True nz=True ynz=True cond=True claim_agree=True upper=0.937392398516  CERT
414958704,0,1 T   mem=True nz=True ynz=True cond=True claim_agree=True upper=3183.25535196  CERT
431459223,0,1 RHO mem=True nz=True ynz=True cond=True claim_agree=True upper=0.981781468940  CERT
431459223,0,1 T   mem=True nz=True ynz=True cond=True claim_agree=True upper=2797.70741178  CERT
450671846,0,1 RHO mem=True nz=True ynz=True cond=True claim_agree=True upper=0.971739329347  CERT
450671846,0,1 T   mem=True nz=True ynz=True cond=True claim_agree=True upper=2739.91855259  CERT
467896485,0,1 RHO mem=True nz=True ynz=True cond=True claim_agree=True upper=0.958278872774  CERT
467896485,0,1 T   mem=True nz=True ynz=True cond=True claim_agree=True upper=3140.59945064  CERT
470652286,0,1 RHO mem=True nz=True ynz=True cond=True claim_agree=True upper=0.964498424581  CERT
470652286,0,1 T   mem=True nz=True ynz=True cond=True claim_agree=True upper=2712.76919985  CERT
494053503,0,1 RHO mem=True nz=True ynz=True cond=True claim_agree=True upper=0.950384099968  CERT
494053503,0,1 T   mem=True nz=True ynz=True cond=True claim_agree=True upper=2824.42289769  CERT
506112194,0,1 RHO mem=True nz=True ynz=True cond=True claim_agree=True upper=0.957780353371  CERT
506112194,0,1 T   mem=True nz=True ynz=True cond=True claim_agree=True upper=2287.49404244  CERT
529513411,0,1 RHO mem=True nz=True ynz=True cond=True claim_agree=True upper=0.965745653742  CERT
529513411,0,1 T   mem=True nz=True ynz=True cond=True claim_agree=True upper=2645.86062658  CERT
532269212,0,1 RHO mem=True nz=True ynz=True cond=True claim_agree=True upper=0.937392398516  CERT
532269212,0,1 T   mem=True nz=True ynz=True cond=True claim_agree=True upper=2594.60183468  CERT
549493851,0,1 RHO mem=True nz=True ynz=True cond=True claim_agree=True upper=0.965606466478  CERT
549493851,0,1 T   mem=True nz=True ynz=True cond=True claim_agree=True upper=3051.12079570  CERT
568706474,0,1 RHO mem=True nz=True ynz=True cond=True claim_agree=True upper=0.965715484614  CERT
568706474,0,1 T   mem=True nz=True ynz=True cond=True claim_agree=True upper=2104.98870478  CERT
585206993,0,1 RHO mem=True nz=True ynz=True cond=True claim_agree=True upper=0.958278872774  CERT
585206993,0,1 T   mem=True nz=True ynz=True cond=True claim_agree=True upper=2388.96409524  CERT
630275979,0,1 RHO mem=True nz=True ynz=True cond=True claim_agree=True upper=0.948767975397  CERT
630275979,0,1 T   mem=True nz=True ynz=True cond=True claim_agree=True upper=2266.81584719  CERT
677577517,0,1 RHO mem=True nz=True ynz=True cond=True claim_agree=True upper=0.965715484614  CERT
677577517,0,1 T   mem=True nz=True ynz=True cond=True claim_agree=True upper=2349.14217198  CERT
730908811,0,1 RHO mem=True nz=True ynz=True cond=True claim_agree=True upper=0.957952491230  CERT
730908811,0,1 T   mem=True nz=True ynz=True cond=True claim_agree=True upper=2538.33771320  CERT
790413736,0,1 RHO mem=True nz=True ynz=True cond=True claim_agree=True upper=0.965745653742  CERT
790413736,0,1 T   mem=True nz=True ynz=True cond=True claim_agree=True upper=2304.88454636  CERT
829214642,0,1 RHO mem=True nz=True ynz=True cond=True claim_agree=True upper=0.957144710335  CERT
829214642,0,1 T   mem=True nz=True ynz=True cond=True claim_agree=True upper=2860.28535218  CERT
853528890,0,1 RHO mem=True nz=True ynz=True cond=True claim_agree=True upper=0.950384099968  CERT
853528890,0,1 T   mem=True nz=True ynz=True cond=True claim_agree=True upper=2147.12916692  CERT
931976427,0,1 RHO mem=True nz=True ynz=True cond=True claim_agree=True upper=0.971739329347  CERT
931976427,0,1 T   mem=True nz=True ynz=True cond=True claim_agree=True upper=2054.87830639  CERT
939877074,0,1 RHO mem=True nz=True ynz=True cond=True claim_agree=True upper=0.953585353479  CERT
939877074,0,1 T   mem=True nz=True ynz=True cond=True claim_agree=True upper=2297.15481468  CERT
947296318,0,1 RHO mem=True nz=True ynz=True cond=True claim_agree=True upper=0.902764377661  CERT
947296318,0,1 T   mem=True nz=True ynz=True cond=True claim_agree=True upper=2238.68084928  CERT
954759754,0,1 RHO mem=True nz=True ynz=True cond=True claim_agree=True upper=0.948767975397  CERT
954759754,0,1 T   mem=True nz=True ynz=True cond=True claim_agree=True upper=2043.47797558  CERT
FAMILY VERIFY n=7 l=1000165697 : EXCLUDED (components certified 32 / 32 ; lines 64 ; failed lines 0)
FAMILY VERIFY PASS
