FACTORIZATION: 32 irreducible factors of degree 2 over F_1000782529: OK
4006423,0,1 RHO mem=True nz=True ynz=True cond=True claim_agree=True upper=0.890927707816  CERT
4006423,0,1 T   mem=True nz=True ynz=True cond=True claim_agree=True upper=2589.37009641  CERT
12041952,0,1 RHO mem=True nz=True ynz=True cond=True claim_agree=True upper=0.914568427527  CERT
12041952,0,1 T   mem=True nz=True ynz=True cond=True claim_agree=True upper=2739.13951665  CERT
16282589,0,1 RHO mem=True nz=True ynz=True cond=True claim_agree=True upper=0.929209458513  CERT
16282589,0,1 T   mem=True nz=True ynz=True cond=True claim_agree=True upper=2624.48920643  CERT
44157609,0,1 RHO mem=True nz=True ynz=True cond=True claim_agree=True upper=0.888212922688  CERT
44157609,0,1 T   mem=True nz=True ynz=True cond=True claim_agree=True upper=2244.04656754  CERT
64806227,0,1 RHO mem=True nz=True ynz=True cond=True claim_agree=True upper=0.895453389966  CERT
64806227,0,1 T   mem=True nz=True ynz=True cond=True claim_agree=True upper=2211.33715420  CERT
120390070,0,1 RHO mem=True nz=True ynz=True cond=True claim_agree=True upper=0.901068416220  CERT
120390070,0,1 T   mem=True nz=True ynz=True cond=True claim_agree=True upper=2019.29007547  CERT
124684937,0,1 RHO mem=True nz=True ynz=True cond=True claim_agree=True upper=0.890927707816  CERT
124684937,0,1 T   mem=True nz=True ynz=True cond=True claim_agree=True upper=3569.34917918  CERT
143449259,0,1 RHO mem=True nz=True ynz=True cond=True claim_agree=True upper=0.937044411150  CERT
143449259,0,1 T   mem=True nz=True ynz=True cond=True claim_agree=True upper=2447.24191440  CERT
221831110,0,1 RHO mem=True nz=True ynz=True cond=True claim_agree=True upper=0.911838612613  CERT
221831110,0,1 T   mem=True nz=True ynz=True cond=True claim_agree=True upper=2452.08839621  CERT
223287512,0,1 RHO mem=True nz=True ynz=True cond=True claim_agree=True upper=0.937044411150  CERT
223287512,0,1 T   mem=True nz=True ynz=True cond=True claim_agree=True upper=2397.04909583  CERT
323622851,0,1 RHO mem=True nz=True ynz=True cond=True claim_agree=True upper=0.947605569646  CERT
323622851,0,1 T   mem=True nz=True ynz=True cond=True claim_agree=True upper=2652.53508686  CERT
369547808,0,1 RHO mem=True nz=True ynz=True cond=True claim_agree=True upper=0.912382426021  CERT
369547808,0,1 T   mem=True nz=True ynz=True cond=True claim_agree=True upper=2563.91164302  CERT
385903471,0,1 RHO mem=True nz=True ynz=True cond=True claim_agree=True upper=0.892152643984  CERT
385903471,0,1 T   mem=True nz=True ynz=True cond=True claim_agree=True upper=1711.56212663  CERT
447763684,0,1 RHO mem=True nz=True ynz=True cond=True claim_agree=True upper=0.901068416220  CERT
447763684,0,1 T   mem=True nz=True ynz=True cond=True claim_agree=True upper=2461.83619844  CERT
460600241,0,1 RHO mem=True nz=True ynz=True cond=True claim_agree=True upper=0.947605569646  CERT
460600241,0,1 T   mem=True nz=True ynz=True cond=True claim_agree=True upper=2616.26320463  CERT
491403550,0,1 RHO mem=True nz=True ynz=True cond=True claim_agree=True upper=0.914568427527  CERT
491403550,0,1 T   mem=True nz=True ynz=True cond=True claim_agree=True upper=2292.28758721  CERT
509378979,0,1 RHO mem=True nz=True ynz=True cond=True claim_agree=True upper=0.897604708583  CERT
509378979,0,1 T   mem=True nz=True ynz=True cond=True claim_agree=True upper=1965.08261096  CERT
540182288,0,1 RHO mem=True nz=True ynz=True cond=True claim_agree=True upper=0.865287112721  CERT
540182288,0,1 T   mem=True nz=True ynz=True cond=True claim_agree=True upper=2320.09301214  CERT
553018845,0,1 RHO mem=True nz=True ynz=True cond=True claim_agree=True upper=0.911746270943  CERT
553018845,0,1 T   mem=True nz=True ynz=True cond=True claim_agree=True upper=2204.42700316  CERT
614879058,0,1 RHO mem=True nz=True ynz=True cond=True claim_agree=True upper=0.911838612613  CERT
614879058,0,1 T   mem=True nz=True ynz=True cond=True claim_agree=True upper=2376.94954120  CERT
631234721,0,1 RHO mem=True nz=True ynz=True cond=True claim_agree=True upper=0.895453389966  CERT
631234721,0,1 T   mem=True nz=True ynz=True cond=True claim_agree=True upper=2315.96013941  CERT
677159678,0,1 RHO mem=True nz=True ynz=True cond=True claim_agree=True upper=0.865287112721  CERT
677159678,0,1 T   mem=True nz=True ynz=True cond=True claim_agree=True upper=2449.42247248  CERT
777495017,0,1 RHO mem=True nz=True ynz=True cond=True claim_agree=True upper=0.879787360927  CERT
777495017,0,1 T   mem=True nz=True ynz=True cond=True claim_agree=True upper=2574.04887821  CERT
778951419,0,1 RHO mem=True nz=True ynz=True cond=True claim_agree=True upper=0.892152643984  CERT
778951419,0,1 T   mem=True nz=True ynz=True cond=True claim_agree=True upper=2493.90708326  CERT
857333270,0,1 RHO mem=True nz=True ynz=True cond=True claim_agree=True upper=0.879787360927  CERT
857333270,0,1 T   mem=True nz=True ynz=True cond=True claim_agree=True upper=2183.00405182  CERT
876097592,0,1 RHO mem=True nz=True ynz=True cond=True claim_agree=True upper=0.932386187640  CERT
876097592,0,1 T   mem=True nz=True ynz=True cond=True claim_agree=True upper=1957.65278874  CERT
880392459,0,1 RHO mem=True nz=True ynz=True cond=True claim_agree=True upper=0.911746270943  CERT
880392459,0,1 T   mem=True nz=True ynz=True cond=True claim_agree=True upper=2694.83833589  CERT
935976302,0,1 RHO mem=True nz=True ynz=True cond=True claim_agree=True upper=0.912382426021  CERT
935976302,0,1 T   mem=True nz=True ynz=True cond=True claim_agree=True upper=3098.07174244  CERT
956624920,0,1 RHO mem=True nz=True ynz=True cond=True claim_agree=True upper=0.929209458513  CERT
956624920,0,1 T   mem=True nz=True ynz=True cond=True claim_agree=True upper=2515.03109184  CERT
984499940,0,1 RHO mem=True nz=True ynz=True cond=True claim_agree=True upper=0.888212922688  CERT
984499940,0,1 T   mem=True nz=True ynz=True cond=True claim_agree=True upper=1920.71413825  CERT
988740577,0,1 RHO mem=True nz=True ynz=True cond=True claim_agree=True upper=0.897604708583  CERT
988740577,0,1 T   mem=True nz=True ynz=True cond=True claim_agree=True upper=2103.13795133  CERT
996776106,0,1 RHO mem=True nz=True ynz=True cond=True claim_agree=True upper=0.932386187640  CERT
996776106,0,1 T   mem=True nz=True ynz=True cond=True claim_agree=True upper=2405.11228978  CERT
FAMILY VERIFY n=7 l=1000782529 : EXCLUDED (components certified 32 / 32 ; lines 64 ; failed lines 0)
FAMILY VERIFY PASS
