FACTORIZATION: 32 irreducible factors of degree 2 over F_1000159553: OK
68900967,0,1 RHO mem=True nz=True ynz=True cond=True claim_agree=True upper=0.949911299382  CERT
68900967,0,1 T   mem=True nz=True ynz=True cond=True claim_agree=True upper=2662.06064659  CERT
73932100,0,1 RHO mem=True nz=True ynz=True cond=True claim_agree=True upper=0.964292216843  CERT
73932100,0,1 T   mem=True nz=True ynz=True cond=True claim_agree=True upper=2849.13794390  CERT
142559383,0,1 RHO mem=True nz=True ynz=True cond=True claim_agree=True upper=0.955107703495  CERT
142559383,0,1 T   mem=True nz=True ynz=True cond=True claim_agree=True upper=2879.22943303  CERT
166039397,0,1 RHO mem=True nz=True ynz=True cond=True claim_agree=True upper=0.964292216843  CERT
166039397,0,1 T   mem=True nz=True ynz=True cond=True claim_agree=True upper=3015.54846440  CERT
176918267,0,1 RHO mem=True nz=True ynz=True cond=True claim_agree=True upper=0.904781878580  CERT
176918267,0,1 T   mem=True nz=True ynz=True cond=True claim_agree=True upper=2216.76300085  CERT
205397925,0,1 RHO mem=True nz=True ynz=True cond=True claim_agree=True upper=0.949911299382  CERT
205397925,0,1 T   mem=True nz=True ynz=True cond=True claim_agree=True upper=2689.06463859  CERT
234217471,0,1 RHO mem=True nz=True ynz=True cond=True claim_agree=True upper=0.949492261266  CERT
234217471,0,1 T   mem=True nz=True ynz=True cond=True claim_agree=True upper=2328.16224852  CERT
261837996,0,1 RHO mem=True nz=True ynz=True cond=True claim_agree=True upper=0.957113942477  CERT
261837996,0,1 T   mem=True nz=True ynz=True cond=True claim_agree=True upper=2347.61521759  CERT
287687269,0,1 RHO mem=True nz=True ynz=True cond=True claim_agree=True upper=0.921457539633  CERT
287687269,0,1 T   mem=True nz=True ynz=True cond=True claim_agree=True upper=2654.68406217  CERT
309193554,0,1 RHO mem=True nz=True ynz=True cond=True claim_agree=True upper=0.946004083506  CERT
309193554,0,1 T   mem=True nz=True ynz=True cond=True claim_agree=True upper=2952.88166071  CERT
341539570,0,1 RHO mem=True nz=True ynz=True cond=True claim_agree=True upper=0.949492261266  CERT
341539570,0,1 T   mem=True nz=True ynz=True cond=True claim_agree=True upper=2740.20432457  CERT
366496348,0,1 RHO mem=True nz=True ynz=True cond=True claim_agree=True upper=0.904781878580  CERT
366496348,0,1 T   mem=True nz=True ynz=True cond=True claim_agree=True upper=2463.06808766  CERT
392310003,0,1 RHO mem=True nz=True ynz=True cond=True claim_agree=True upper=0.935700018591  CERT
392310003,0,1 T   mem=True nz=True ynz=True cond=True claim_agree=True upper=2068.06207320  CERT
424903135,0,1 RHO mem=True nz=True ynz=True cond=True claim_agree=True upper=0.950799390426  CERT
424903135,0,1 T   mem=True nz=True ynz=True cond=True claim_agree=True upper=3062.33270260  CERT
454115640,0,1 RHO mem=True nz=True ynz=True cond=True claim_agree=True upper=0.944196611267  CERT
454115640,0,1 T   mem=True nz=True ynz=True cond=True claim_agree=True upper=2030.92229770  CERT
459508401,0,1 RHO mem=True nz=True ynz=True cond=True claim_agree=True upper=0.944196611267  CERT
459508401,0,1 T   mem=True nz=True ynz=True cond=True claim_agree=True upper=2579.99627810  CERT
540651152,0,1 RHO mem=True nz=True ynz=True cond=True claim_agree=True upper=0.971212346820  CERT
540651152,0,1 T   mem=True nz=True ynz=True cond=True claim_agree=True upper=2674.35186218  CERT
546043913,0,1 RHO mem=True nz=True ynz=True cond=True claim_agree=True upper=0.971212346820  CERT
546043913,0,1 T   mem=True nz=True ynz=True cond=True claim_agree=True upper=2220.72354661  CERT
575256418,0,1 RHO mem=True nz=True ynz=True cond=True claim_agree=True upper=0.957113942477  CERT
575256418,0,1 T   mem=True nz=True ynz=True cond=True claim_agree=True upper=2698.32093232  CERT
607849550,0,1 RHO mem=True nz=True ynz=True cond=True claim_agree=True upper=0.955107703495  CERT
607849550,0,1 T   mem=True nz=True ynz=True cond=True claim_agree=True upper=2865.16607303  CERT
633663205,0,1 RHO mem=True nz=True ynz=True cond=True claim_agree=True upper=0.973091097138  CERT
633663205,0,1 T   mem=True nz=True ynz=True cond=True claim_agree=True upper=3292.65622664  CERT
658619983,0,1 RHO mem=True nz=True ynz=True cond=True claim_agree=True upper=0.913280925856  CERT
658619983,0,1 T   mem=True nz=True ynz=True cond=True claim_agree=True upper=2484.80763114  CERT
690965999,0,1 RHO mem=True nz=True ynz=True cond=True claim_agree=True upper=0.921457539633  CERT
690965999,0,1 T   mem=True nz=True ynz=True cond=True claim_agree=True upper=2288.24345920  CERT
712472284,0,1 RHO mem=True nz=True ynz=True cond=True claim_agree=True upper=0.946004083506  CERT
712472284,0,1 T   mem=True nz=True ynz=True cond=True claim_agree=True upper=2216.69864292  CERT
738321557,0,1 RHO mem=True nz=True ynz=True cond=True claim_agree=True upper=0.950799390426  CERT
738321557,0,1 T   mem=True nz=True ynz=True cond=True claim_agree=True upper=2980.68570659  CERT
765942082,0,1 RHO mem=True nz=True ynz=True cond=True claim_agree=True upper=0.913280925856  CERT
765942082,0,1 T   mem=True nz=True ynz=True cond=True claim_agree=True upper=2662.53503466  CERT
794761628,0,1 RHO mem=True nz=True ynz=True cond=True claim_agree=True upper=0.948391935493  CERT
794761628,0,1 T   mem=True nz=True ynz=True cond=True claim_agree=True upper=2571.47114722  CERT
823241286,0,1 RHO mem=True nz=True ynz=True cond=True claim_agree=True upper=0.973091097138  CERT
823241286,0,1 T   mem=True nz=True ynz=True cond=True claim_agree=True upper=3038.25043259  CERT
834120156,0,1 RHO mem=True nz=True ynz=True cond=True claim_agree=True upper=0.984321560407  CERT
834120156,0,1 T   mem=True nz=True ynz=True cond=True claim_agree=True upper=2775.46761173  CERT
857600170,0,1 RHO mem=True nz=True ynz=True cond=True claim_agree=True upper=0.935700018591  CERT
857600170,0,1 T   mem=True nz=True ynz=True cond=True claim_agree=True upper=2746.19908768  CERT
926227453,0,1 RHO mem=True nz=True ynz=True cond=True claim_agree=True upper=0.984321560407  CERT
926227453,0,1 T   mem=True nz=True ynz=True cond=True claim_agree=True upper=2518.33380629  CERT
931258586,0,1 RHO mem=True nz=True ynz=True cond=True claim_agree=True upper=0.948391935493  CERT
931258586,0,1 T   mem=True nz=True ynz=True cond=True claim_agree=True upper=2790.44502983  CERT
FAMILY VERIFY n=7 l=1000159553 : EXCLUDED (components certified 32 / 32 ; lines 64 ; failed lines 0)
FAMILY VERIFY PASS
