FACTORIZATION: 32 irreducible factors of degree 2 over F_1000785089: OK
13799831,0,1 RHO mem=True nz=True ynz=True cond=True claim_agree=True upper=0.935539159887  CERT
13799831,0,1 T   mem=True nz=True ynz=True cond=True claim_agree=True upper=2509.75345741  CERT
14088462,0,1 RHO mem=True nz=True ynz=True cond=True claim_agree=True upper=0.942757354446  CERT
14088462,0,1 T   mem=True nz=True ynz=True cond=True claim_agree=True upper=2385.71142255  CERT
15964038,0,1 RHO mem=True nz=True ynz=True cond=True claim_agree=True upper=0.945288839984  CERT
15964038,0,1 T   mem=True nz=True ynz=True cond=True claim_agree=True upper=2259.99239773  CERT
36682128,0,1 RHO mem=True nz=True ynz=True cond=True claim_agree=True upper=0.902101284880  CERT
36682128,0,1 T   mem=True nz=True ynz=True cond=True claim_agree=True upper=2082.06060544  CERT
49131698,0,1 RHO mem=True nz=True ynz=True cond=True claim_agree=True upper=0.915041269718  CERT
49131698,0,1 T   mem=True nz=True ynz=True cond=True claim_agree=True upper=2332.01077060  CERT
111673110,0,1 RHO mem=True nz=True ynz=True cond=True claim_agree=True upper=0.962533443042  CERT
111673110,0,1 T   mem=True nz=True ynz=True cond=True claim_agree=True upper=2306.28824253  CERT
218063546,0,1 RHO mem=True nz=True ynz=True cond=True claim_agree=True upper=0.962533443042  CERT
218063546,0,1 T   mem=True nz=True ynz=True cond=True claim_agree=True upper=2313.92461587  CERT
218845340,0,1 RHO mem=True nz=True ynz=True cond=True claim_agree=True upper=0.927083042489  CERT
218845340,0,1 T   mem=True nz=True ynz=True cond=True claim_agree=True upper=2957.25241012  CERT
286811193,0,1 RHO mem=True nz=True ynz=True cond=True claim_agree=True upper=0.961718825875  CERT
286811193,0,1 T   mem=True nz=True ynz=True cond=True claim_agree=True upper=2760.52523372  CERT
298272369,0,1 RHO mem=True nz=True ynz=True cond=True claim_agree=True upper=0.961718825875  CERT
298272369,0,1 T   mem=True nz=True ynz=True cond=True claim_agree=True upper=2515.75570517  CERT
378082744,0,1 RHO mem=True nz=True ynz=True cond=True claim_agree=True upper=0.969807376573  CERT
378082744,0,1 T   mem=True nz=True ynz=True cond=True claim_agree=True upper=2820.24008332  CERT
408099111,0,1 RHO mem=True nz=True ynz=True cond=True claim_agree=True upper=0.959675202781  CERT
408099111,0,1 T   mem=True nz=True ynz=True cond=True claim_agree=True upper=2507.78427342  CERT
439498823,0,1 RHO mem=True nz=True ynz=True cond=True claim_agree=True upper=0.952201728546  CERT
439498823,0,1 T   mem=True nz=True ynz=True cond=True claim_agree=True upper=3193.70868546  CERT
439530432,0,1 RHO mem=True nz=True ynz=True cond=True claim_agree=True upper=0.945831963319  CERT
439530432,0,1 T   mem=True nz=True ynz=True cond=True claim_agree=True upper=2110.83771153  CERT
493345196,0,1 RHO mem=True nz=True ynz=True cond=True claim_agree=True upper=0.959675202781  CERT
493345196,0,1 T   mem=True nz=True ynz=True cond=True claim_agree=True upper=2538.80212090  CERT
497603253,0,1 RHO mem=True nz=True ynz=True cond=True claim_agree=True upper=0.942757354446  CERT
497603253,0,1 T   mem=True nz=True ynz=True cond=True claim_agree=True upper=2438.87821296  CERT
503181836,0,1 RHO mem=True nz=True ynz=True cond=True claim_agree=True upper=0.896727292819  CERT
503181836,0,1 T   mem=True nz=True ynz=True cond=True claim_agree=True upper=2305.72402285  CERT
507439893,0,1 RHO mem=True nz=True ynz=True cond=True claim_agree=True upper=0.941509247304  CERT
507439893,0,1 T   mem=True nz=True ynz=True cond=True claim_agree=True upper=2572.22583344  CERT
561254657,0,1 RHO mem=True nz=True ynz=True cond=True claim_agree=True upper=0.927083042489  CERT
561254657,0,1 T   mem=True nz=True ynz=True cond=True claim_agree=True upper=2826.07852750  CERT
561286266,0,1 RHO mem=True nz=True ynz=True cond=True claim_agree=True upper=0.902101284880  CERT
561286266,0,1 T   mem=True nz=True ynz=True cond=True claim_agree=True upper=3111.98299938  CERT
592685978,0,1 RHO mem=True nz=True ynz=True cond=True claim_agree=True upper=0.941509247304  CERT
592685978,0,1 T   mem=True nz=True ynz=True cond=True claim_agree=True upper=3071.17588873  CERT
622702345,0,1 RHO mem=True nz=True ynz=True cond=True claim_agree=True upper=0.935539159887  CERT
622702345,0,1 T   mem=True nz=True ynz=True cond=True claim_agree=True upper=2549.32749169  CERT
702512720,0,1 RHO mem=True nz=True ynz=True cond=True claim_agree=True upper=0.895510126101  CERT
702512720,0,1 T   mem=True nz=True ynz=True cond=True claim_agree=True upper=1742.30653563  CERT
713973896,0,1 RHO mem=True nz=True ynz=True cond=True claim_agree=True upper=0.895510126101  CERT
713973896,0,1 T   mem=True nz=True ynz=True cond=True claim_agree=True upper=1938.70874845  CERT
781939749,0,1 RHO mem=True nz=True ynz=True cond=True claim_agree=True upper=0.945831963319  CERT
781939749,0,1 T   mem=True nz=True ynz=True cond=True claim_agree=True upper=2721.33496735  CERT
782721543,0,1 RHO mem=True nz=True ynz=True cond=True claim_agree=True upper=0.905680252744  CERT
782721543,0,1 T   mem=True nz=True ynz=True cond=True claim_agree=True upper=2473.19110331  CERT
889111979,0,1 RHO mem=True nz=True ynz=True cond=True claim_agree=True upper=0.905680252744  CERT
889111979,0,1 T   mem=True nz=True ynz=True cond=True claim_agree=True upper=1774.46635305  CERT
951653391,0,1 RHO mem=True nz=True ynz=True cond=True claim_agree=True upper=0.945288839984  CERT
951653391,0,1 T   mem=True nz=True ynz=True cond=True claim_agree=True upper=2631.52425537  CERT
964102961,0,1 RHO mem=True nz=True ynz=True cond=True claim_agree=True upper=0.952201728546  CERT
964102961,0,1 T   mem=True nz=True ynz=True cond=True claim_agree=True upper=2728.61836856  CERT
984821051,0,1 RHO mem=True nz=True ynz=True cond=True claim_agree=True upper=0.915041269718  CERT
984821051,0,1 T   mem=True nz=True ynz=True cond=True claim_agree=True upper=2369.56742445  CERT
986696627,0,1 RHO mem=True nz=True ynz=True cond=True claim_agree=True upper=0.896727292819  CERT
986696627,0,1 T   mem=True nz=True ynz=True cond=True claim_agree=True upper=2217.90899807  CERT
986985258,0,1 RHO mem=True nz=True ynz=True cond=True claim_agree=True upper=0.969807376573  CERT
986985258,0,1 T   mem=True nz=True ynz=True cond=True claim_agree=True upper=2891.25848667  CERT
FAMILY VERIFY n=7 l=1000785089 : EXCLUDED (components certified 32 / 32 ; lines 64 ; failed lines 0)
FAMILY VERIFY PASS
