FACTORIZATION: 32 irreducible factors of degree 2 over F_1001203009: OK
27055025,0,1 RHO mem=True nz=True ynz=True cond=True claim_agree=True upper=0.923044107914  CERT
27055025,0,1 T   mem=True nz=True ynz=True cond=True claim_agree=True upper=2500.60103934  CERT
49155409,0,1 RHO mem=True nz=True ynz=True cond=True claim_agree=True upper=0.941233924049  CERT
49155409,0,1 T   mem=True nz=True ynz=True cond=True claim_agree=True upper=2541.13003960  CERT
85186014,0,1 RHO mem=True nz=True ynz=True cond=True claim_agree=True upper=0.958030260640  CERT
85186014,0,1 T   mem=True nz=True ynz=True cond=True claim_agree=True upper=2224.41488100  CERT
126249579,0,1 RHO mem=True nz=True ynz=True cond=True claim_agree=True upper=0.965996068530  CERT
126249579,0,1 T   mem=True nz=True ynz=True cond=True claim_agree=True upper=2561.28603930  CERT
128587726,0,1 RHO mem=True nz=True ynz=True cond=True claim_agree=True upper=0.969724394372  CERT
128587726,0,1 T   mem=True nz=True ynz=True cond=True claim_agree=True upper=2104.72122898  CERT
151456255,0,1 RHO mem=True nz=True ynz=True cond=True claim_agree=True upper=0.948012879156  CERT
151456255,0,1 T   mem=True nz=True ynz=True cond=True claim_agree=True upper=2362.22273745  CERT
180646242,0,1 RHO mem=True nz=True ynz=True cond=True claim_agree=True upper=0.958030260640  CERT
180646242,0,1 T   mem=True nz=True ynz=True cond=True claim_agree=True upper=2677.66481843  CERT
196960321,0,1 RHO mem=True nz=True ynz=True cond=True claim_agree=True upper=0.941233924049  CERT
196960321,0,1 T   mem=True nz=True ynz=True cond=True claim_agree=True upper=2953.44100170  CERT
284892671,0,1 RHO mem=True nz=True ynz=True cond=True claim_agree=True upper=0.932656087614  CERT
284892671,0,1 T   mem=True nz=True ynz=True cond=True claim_agree=True upper=2393.10726797  CERT
376805928,0,1 RHO mem=True nz=True ynz=True cond=True claim_agree=True upper=0.946964201567  CERT
376805928,0,1 T   mem=True nz=True ynz=True cond=True claim_agree=True upper=2512.16636680  CERT
380770162,0,1 RHO mem=True nz=True ynz=True cond=True claim_agree=True upper=0.928390916507  CERT
380770162,0,1 T   mem=True nz=True ynz=True cond=True claim_agree=True upper=2160.83408691  CERT
406194180,0,1 RHO mem=True nz=True ynz=True cond=True claim_agree=True upper=0.973988055379  CERT
406194180,0,1 T   mem=True nz=True ynz=True cond=True claim_agree=True upper=2480.30196407  CERT
454847773,0,1 RHO mem=True nz=True ynz=True cond=True claim_agree=True upper=0.953525722289  CERT
454847773,0,1 T   mem=True nz=True ynz=True cond=True claim_agree=True upper=2672.42661255  CERT
459455849,0,1 RHO mem=True nz=True ynz=True cond=True claim_agree=True upper=0.953525722289  CERT
459455849,0,1 T   mem=True nz=True ynz=True cond=True claim_agree=True upper=2636.92015392  CERT
461541653,0,1 RHO mem=True nz=True ynz=True cond=True claim_agree=True upper=0.942905552579  CERT
461541653,0,1 T   mem=True nz=True ynz=True cond=True claim_agree=True upper=2158.44352117  CERT
489425602,0,1 RHO mem=True nz=True ynz=True cond=True claim_agree=True upper=0.948012879156  CERT
489425602,0,1 T   mem=True nz=True ynz=True cond=True claim_agree=True upper=2536.34059093  CERT
511777407,0,1 RHO mem=True nz=True ynz=True cond=True claim_agree=True upper=0.966873454024  CERT
511777407,0,1 T   mem=True nz=True ynz=True cond=True claim_agree=True upper=2788.21831030  CERT
539661356,0,1 RHO mem=True nz=True ynz=True cond=True claim_agree=True upper=0.946964201567  CERT
539661356,0,1 T   mem=True nz=True ynz=True cond=True claim_agree=True upper=2899.93225902  CERT
541747160,0,1 RHO mem=True nz=True ynz=True cond=True claim_agree=True upper=0.942647777544  CERT
541747160,0,1 T   mem=True nz=True ynz=True cond=True claim_agree=True upper=1861.02985154  CERT
546355236,0,1 RHO mem=True nz=True ynz=True cond=True claim_agree=True upper=0.942647777544  CERT
546355236,0,1 T   mem=True nz=True ynz=True cond=True claim_agree=True upper=2251.04100332  CERT
595008829,0,1 RHO mem=True nz=True ynz=True cond=True claim_agree=True upper=0.923044107914  CERT
595008829,0,1 T   mem=True nz=True ynz=True cond=True claim_agree=True upper=2059.72141315  CERT
620432847,0,1 RHO mem=True nz=True ynz=True cond=True claim_agree=True upper=0.965996068530  CERT
620432847,0,1 T   mem=True nz=True ynz=True cond=True claim_agree=True upper=2219.81386788  CERT
624397081,0,1 RHO mem=True nz=True ynz=True cond=True claim_agree=True upper=0.942905552579  CERT
624397081,0,1 T   mem=True nz=True ynz=True cond=True claim_agree=True upper=2542.80394229  CERT
716310338,0,1 RHO mem=True nz=True ynz=True cond=True claim_agree=True upper=0.969724394372  CERT
716310338,0,1 T   mem=True nz=True ynz=True cond=True claim_agree=True upper=2630.06927356  CERT
804242688,0,1 RHO mem=True nz=True ynz=True cond=True claim_agree=True upper=0.947629806699  CERT
804242688,0,1 T   mem=True nz=True ynz=True cond=True claim_agree=True upper=1793.53005244  CERT
820556767,0,1 RHO mem=True nz=True ynz=True cond=True claim_agree=True upper=0.944028752109  CERT
820556767,0,1 T   mem=True nz=True ynz=True cond=True claim_agree=True upper=1691.16476665  CERT
849746754,0,1 RHO mem=True nz=True ynz=True cond=True claim_agree=True upper=0.969466063044  CERT
849746754,0,1 T   mem=True nz=True ynz=True cond=True claim_agree=True upper=2886.64604642  CERT
872615283,0,1 RHO mem=True nz=True ynz=True cond=True claim_agree=True upper=0.932656087614  CERT
872615283,0,1 T   mem=True nz=True ynz=True cond=True claim_agree=True upper=1956.17445794  CERT
874953430,0,1 RHO mem=True nz=True ynz=True cond=True claim_agree=True upper=0.928390916507  CERT
874953430,0,1 T   mem=True nz=True ynz=True cond=True claim_agree=True upper=1990.33916641  CERT
916016995,0,1 RHO mem=True nz=True ynz=True cond=True claim_agree=True upper=0.944028752109  CERT
916016995,0,1 T   mem=True nz=True ynz=True cond=True claim_agree=True upper=2596.77612500  CERT
952047600,0,1 RHO mem=True nz=True ynz=True cond=True claim_agree=True upper=0.947629806699  CERT
952047600,0,1 T   mem=True nz=True ynz=True cond=True claim_agree=True upper=2166.05680976  CERT
974147984,0,1 RHO mem=True nz=True ynz=True cond=True claim_agree=True upper=0.973988055379  CERT
974147984,0,1 T   mem=True nz=True ynz=True cond=True claim_agree=True upper=3254.22931499  CERT
FAMILY VERIFY n=7 l=1001203009 : EXCLUDED (components certified 32 / 32 ; lines 64 ; failed lines 0)
FAMILY VERIFY PASS
