FACTORIZATION: 32 irreducible factors of degree 2 over F_1000962881: OK
8212853,0,1 RHO mem=True nz=True ynz=True cond=True claim_agree=True upper=0.988330025847  CERT
8212853,0,1 T   mem=True nz=True ynz=True cond=True claim_agree=True upper=2856.27612124  CERT
49973879,0,1 RHO mem=True nz=True ynz=True cond=True claim_agree=True upper=0.965664624193  CERT
49973879,0,1 T   mem=True nz=True ynz=True cond=True claim_agree=True upper=2609.89491089  CERT
185108839,0,1 RHO mem=True nz=True ynz=True cond=True claim_agree=True upper=0.963738866613  CERT
185108839,0,1 T   mem=True nz=True ynz=True cond=True claim_agree=True upper=2789.32735382  CERT
188446068,0,1 RHO mem=True nz=True ynz=True cond=True claim_agree=True upper=0.989485361689  CERT
188446068,0,1 T   mem=True nz=True ynz=True cond=True claim_agree=True upper=2829.12872044  CERT
189197726,0,1 RHO mem=True nz=True ynz=True cond=True claim_agree=True upper=0.911755865980  CERT
189197726,0,1 T   mem=True nz=True ynz=True cond=True claim_agree=True upper=2442.07836185  CERT
238206401,0,1 RHO mem=True nz=True ynz=True cond=True claim_agree=True upper=0.917569772232  CERT
238206401,0,1 T   mem=True nz=True ynz=True cond=True claim_agree=True upper=1695.61295700  CERT
272957802,0,1 RHO mem=True nz=True ynz=True cond=True claim_agree=True upper=0.948963469724  CERT
272957802,0,1 T   mem=True nz=True ynz=True cond=True claim_agree=True upper=2529.73046348  CERT
327597341,0,1 RHO mem=True nz=True ynz=True cond=True claim_agree=True upper=0.951887642016  CERT
327597341,0,1 T   mem=True nz=True ynz=True cond=True claim_agree=True upper=2683.40022562  CERT
332847516,0,1 RHO mem=True nz=True ynz=True cond=True claim_agree=True upper=0.911755865980  CERT
332847516,0,1 T   mem=True nz=True ynz=True cond=True claim_agree=True upper=1927.86183599  CERT
348335911,0,1 RHO mem=True nz=True ynz=True cond=True claim_agree=True upper=0.948963469724  CERT
348335911,0,1 T   mem=True nz=True ynz=True cond=True claim_agree=True upper=2104.04825943  CERT
351115534,0,1 RHO mem=True nz=True ynz=True cond=True claim_agree=True upper=0.957740551223  CERT
351115534,0,1 T   mem=True nz=True ynz=True cond=True claim_agree=True upper=2157.46194676  CERT
415063828,0,1 RHO mem=True nz=True ynz=True cond=True claim_agree=True upper=0.933370765706  CERT
415063828,0,1 T   mem=True nz=True ynz=True cond=True claim_agree=True upper=2308.05973340  CERT
443198952,0,1 RHO mem=True nz=True ynz=True cond=True claim_agree=True upper=0.917569772232  CERT
443198952,0,1 T   mem=True nz=True ynz=True cond=True claim_agree=True upper=3444.29920961  CERT
445669825,0,1 RHO mem=True nz=True ynz=True cond=True claim_agree=True upper=0.951887642016  CERT
445669825,0,1 T   mem=True nz=True ynz=True cond=True claim_agree=True upper=2935.87659083  CERT
469457800,0,1 RHO mem=True nz=True ynz=True cond=True claim_agree=True upper=0.988330025847  CERT
469457800,0,1 T   mem=True nz=True ynz=True cond=True claim_agree=True upper=3080.11449675  CERT
489112200,0,1 RHO mem=True nz=True ynz=True cond=True claim_agree=True upper=0.945542926971  CERT
489112200,0,1 T   mem=True nz=True ynz=True cond=True claim_agree=True upper=2240.47316680  CERT
511850681,0,1 RHO mem=True nz=True ynz=True cond=True claim_agree=True upper=0.965664624193  CERT
511850681,0,1 T   mem=True nz=True ynz=True cond=True claim_agree=True upper=2953.50375991  CERT
531505081,0,1 RHO mem=True nz=True ynz=True cond=True claim_agree=True upper=0.949436982237  CERT
531505081,0,1 T   mem=True nz=True ynz=True cond=True claim_agree=True upper=2498.82126622  CERT
555293056,0,1 RHO mem=True nz=True ynz=True cond=True claim_agree=True upper=0.963953422847  CERT
555293056,0,1 T   mem=True nz=True ynz=True cond=True claim_agree=True upper=3175.53506148  CERT
557763929,0,1 RHO mem=True nz=True ynz=True cond=True claim_agree=True upper=0.969866188318  CERT
557763929,0,1 T   mem=True nz=True ynz=True cond=True claim_agree=True upper=2888.00636884  CERT
585899053,0,1 RHO mem=True nz=True ynz=True cond=True claim_agree=True upper=0.989485361689  CERT
585899053,0,1 T   mem=True nz=True ynz=True cond=True claim_agree=True upper=2866.03583722  CERT
649847347,0,1 RHO mem=True nz=True ynz=True cond=True claim_agree=True upper=0.963738866613  CERT
649847347,0,1 T   mem=True nz=True ynz=True cond=True claim_agree=True upper=3058.83541335  CERT
652626970,0,1 RHO mem=True nz=True ynz=True cond=True claim_agree=True upper=0.976278141337  CERT
652626970,0,1 T   mem=True nz=True ynz=True cond=True claim_agree=True upper=2989.70835113  CERT
668115365,0,1 RHO mem=True nz=True ynz=True cond=True claim_agree=True upper=0.979971728352  CERT
668115365,0,1 T   mem=True nz=True ynz=True cond=True claim_agree=True upper=2947.29199121  CERT
673365540,0,1 RHO mem=True nz=True ynz=True cond=True claim_agree=True upper=0.963953422847  CERT
673365540,0,1 T   mem=True nz=True ynz=True cond=True claim_agree=True upper=2545.94837071  CERT
728005079,0,1 RHO mem=True nz=True ynz=True cond=True claim_agree=True upper=0.976278141337  CERT
728005079,0,1 T   mem=True nz=True ynz=True cond=True claim_agree=True upper=2780.20997220  CERT
762756480,0,1 RHO mem=True nz=True ynz=True cond=True claim_agree=True upper=0.969866188318  CERT
762756480,0,1 T   mem=True nz=True ynz=True cond=True claim_agree=True upper=2443.69236225  CERT
811765155,0,1 RHO mem=True nz=True ynz=True cond=True claim_agree=True upper=0.979971728352  CERT
811765155,0,1 T   mem=True nz=True ynz=True cond=True claim_agree=True upper=2847.33585963  CERT
812516813,0,1 RHO mem=True nz=True ynz=True cond=True claim_agree=True upper=0.933370765706  CERT
812516813,0,1 T   mem=True nz=True ynz=True cond=True claim_agree=True upper=2467.52487026  CERT
815854042,0,1 RHO mem=True nz=True ynz=True cond=True claim_agree=True upper=0.957740551223  CERT
815854042,0,1 T   mem=True nz=True ynz=True cond=True claim_agree=True upper=2616.84632139  CERT
950989002,0,1 RHO mem=True nz=True ynz=True cond=True claim_agree=True upper=0.945542926971  CERT
950989002,0,1 T   mem=True nz=True ynz=True cond=True claim_agree=True upper=3350.51456190  CERT
992750028,0,1 RHO mem=True nz=True ynz=True cond=True claim_agree=True upper=0.949436982237  CERT
992750028,0,1 T   mem=True nz=True ynz=True cond=True claim_agree=True upper=2996.04717157  CERT
FAMILY VERIFY n=7 l=1000962881 : EXCLUDED (components certified 32 / 32 ; lines 64 ; failed lines 0)
FAMILY VERIFY PASS
