FACTORIZATION: 32 irreducible factors of degree 2 over F_1000854721: OK
21063306,0,1 RHO mem=True nz=True ynz=True cond=True claim_agree=True upper=0.880867581244  CERT
21063306,0,1 T   mem=True nz=True ynz=True cond=True claim_agree=True upper=1615.16864440  CERT
63243148,0,1 RHO mem=True nz=True ynz=True cond=True claim_agree=True upper=0.867345313328  CERT
63243148,0,1 T   mem=True nz=True ynz=True cond=True claim_agree=True upper=2516.85140638  CERT
68002948,0,1 RHO mem=True nz=True ynz=True cond=True claim_agree=True upper=0.845676381365  CERT
68002948,0,1 T   mem=True nz=True ynz=True cond=True claim_agree=True upper=1748.63023654  CERT
118463270,0,1 RHO mem=True nz=True ynz=True cond=True claim_agree=True upper=0.836401905689  CERT
118463270,0,1 T   mem=True nz=True ynz=True cond=True claim_agree=True upper=1426.06045712  CERT
143304179,0,1 RHO mem=True nz=True ynz=True cond=True claim_agree=True upper=0.911864011811  CERT
143304179,0,1 T   mem=True nz=True ynz=True cond=True claim_agree=True upper=1802.12727439  CERT
165606488,0,1 RHO mem=True nz=True ynz=True cond=True claim_agree=True upper=0.854129058789  CERT
165606488,0,1 T   mem=True nz=True ynz=True cond=True claim_agree=True upper=1578.60321952  CERT
217227157,0,1 RHO mem=True nz=True ynz=True cond=True claim_agree=True upper=0.870919270687  CERT
217227157,0,1 T   mem=True nz=True ynz=True cond=True claim_agree=True upper=1504.75481235  CERT
246498613,0,1 RHO mem=True nz=True ynz=True cond=True claim_agree=True upper=0.856833045620  CERT
246498613,0,1 T   mem=True nz=True ynz=True cond=True claim_agree=True upper=1747.21964130  CERT
284296959,0,1 RHO mem=True nz=True ynz=True cond=True claim_agree=True upper=0.882178257877  CERT
284296959,0,1 T   mem=True nz=True ynz=True cond=True claim_agree=True upper=2150.09632296  CERT
285399012,0,1 RHO mem=True nz=True ynz=True cond=True claim_agree=True upper=0.881911365046  CERT
285399012,0,1 T   mem=True nz=True ynz=True cond=True claim_agree=True upper=2206.14677086  CERT
300230439,0,1 RHO mem=True nz=True ynz=True cond=True claim_agree=True upper=0.856833045620  CERT
300230439,0,1 T   mem=True nz=True ynz=True cond=True claim_agree=True upper=1982.91357488  CERT
348221571,0,1 RHO mem=True nz=True ynz=True cond=True claim_agree=True upper=0.861608638062  CERT
348221571,0,1 T   mem=True nz=True ynz=True cond=True claim_agree=True upper=1804.00716176  CERT
378483212,0,1 RHO mem=True nz=True ynz=True cond=True claim_agree=True upper=0.911864011811  CERT
378483212,0,1 T   mem=True nz=True ynz=True cond=True claim_agree=True upper=2261.86915858  CERT
397157702,0,1 RHO mem=True nz=True ynz=True cond=True claim_agree=True upper=0.917010027838  CERT
397157702,0,1 T   mem=True nz=True ynz=True cond=True claim_agree=True upper=1996.70096422  CERT
443265094,0,1 RHO mem=True nz=True ynz=True cond=True claim_agree=True upper=0.845676381365  CERT
443265094,0,1 T   mem=True nz=True ynz=True cond=True claim_agree=True upper=1417.46259285  CERT
488786057,0,1 RHO mem=True nz=True ynz=True cond=True claim_agree=True upper=0.854129058789  CERT
488786057,0,1 T   mem=True nz=True ynz=True cond=True claim_agree=True upper=1830.58313448  CERT
512068664,0,1 RHO mem=True nz=True ynz=True cond=True claim_agree=True upper=0.854448106165  CERT
512068664,0,1 T   mem=True nz=True ynz=True cond=True claim_agree=True upper=1212.91328299  CERT
557589627,0,1 RHO mem=True nz=True ynz=True cond=True claim_agree=True upper=0.917090485065  CERT
557589627,0,1 T   mem=True nz=True ynz=True cond=True claim_agree=True upper=1667.63410531  CERT
603697019,0,1 RHO mem=True nz=True ynz=True cond=True claim_agree=True upper=0.836401905689  CERT
603697019,0,1 T   mem=True nz=True ynz=True cond=True claim_agree=True upper=1316.12735241  CERT
622371509,0,1 RHO mem=True nz=True ynz=True cond=True claim_agree=True upper=0.828573394701  CERT
622371509,0,1 T   mem=True nz=True ynz=True cond=True claim_agree=True upper=1672.53757879  CERT
652633150,0,1 RHO mem=True nz=True ynz=True cond=True claim_agree=True upper=0.882178257877  CERT
652633150,0,1 T   mem=True nz=True ynz=True cond=True claim_agree=True upper=1660.08689178  CERT
700624282,0,1 RHO mem=True nz=True ynz=True cond=True claim_agree=True upper=0.896101123791  CERT
700624282,0,1 T   mem=True nz=True ynz=True cond=True claim_agree=True upper=1890.20005220  CERT
715455709,0,1 RHO mem=True nz=True ynz=True cond=True claim_agree=True upper=0.880867581244  CERT
715455709,0,1 T   mem=True nz=True ynz=True cond=True claim_agree=True upper=2306.01123822  CERT
716557762,0,1 RHO mem=True nz=True ynz=True cond=True claim_agree=True upper=0.861608638062  CERT
716557762,0,1 T   mem=True nz=True ynz=True cond=True claim_agree=True upper=1740.18708092  CERT
754356108,0,1 RHO mem=True nz=True ynz=True cond=True claim_agree=True upper=0.896101123791  CERT
754356108,0,1 T   mem=True nz=True ynz=True cond=True claim_agree=True upper=1474.03255397  CERT
783627564,0,1 RHO mem=True nz=True ynz=True cond=True claim_agree=True upper=0.867345313328  CERT
783627564,0,1 T   mem=True nz=True ynz=True cond=True claim_agree=True upper=1506.22532575  CERT
835248233,0,1 RHO mem=True nz=True ynz=True cond=True claim_agree=True upper=0.854448106165  CERT
835248233,0,1 T   mem=True nz=True ynz=True cond=True claim_agree=True upper=1856.97942612  CERT
857550542,0,1 RHO mem=True nz=True ynz=True cond=True claim_agree=True upper=0.828573394701  CERT
857550542,0,1 T   mem=True nz=True ynz=True cond=True claim_agree=True upper=1283.91936430  CERT
882391451,0,1 RHO mem=True nz=True ynz=True cond=True claim_agree=True upper=0.917010027838  CERT
882391451,0,1 T   mem=True nz=True ynz=True cond=True claim_agree=True upper=1981.62116085  CERT
932851773,0,1 RHO mem=True nz=True ynz=True cond=True claim_agree=True upper=0.917090485065  CERT
932851773,0,1 T   mem=True nz=True ynz=True cond=True claim_agree=True upper=1793.71540830  CERT
937611573,0,1 RHO mem=True nz=True ynz=True cond=True claim_agree=True upper=0.870919270687  CERT
937611573,0,1 T   mem=True nz=True ynz=True cond=True claim_agree=True upper=2515.88016009  CERT
979791415,0,1 RHO mem=True nz=True ynz=True cond=True claim_agree=True upper=0.881911365046  CERT
979791415,0,1 T   mem=True nz=True ynz=True cond=True claim_agree=True upper=1570.11155111  CERT
FAMILY VERIFY n=7 l=1000854721 : EXCLUDED (components certified 32 / 32 ; lines 64 ; failed lines 0)
FAMILY VERIFY PASS
