FACTORIZATION: 32 irreducible factors of degree 2 over F_1000474817: OK
7456505,0,1 RHO mem=True nz=True ynz=True cond=True claim_agree=True upper=0.938154018762  CERT
7456505,0,1 T   mem=True nz=True ynz=True cond=True claim_agree=True upper=2990.67483557  CERT
62655963,0,1 RHO mem=True nz=True ynz=True cond=True claim_agree=True upper=0.918006221854  CERT
62655963,0,1 T   mem=True nz=True ynz=True cond=True claim_agree=True upper=2530.83820555  CERT
85034195,0,1 RHO mem=True nz=True ynz=True cond=True claim_agree=True upper=0.953848459870  CERT
85034195,0,1 T   mem=True nz=True ynz=True cond=True claim_agree=True upper=2569.71698062  CERT
87592572,0,1 RHO mem=True nz=True ynz=True cond=True claim_agree=True upper=0.958079661008  CERT
87592572,0,1 T   mem=True nz=True ynz=True cond=True claim_agree=True upper=2486.37966944  CERT
142511574,0,1 RHO mem=True nz=True ynz=True cond=True claim_agree=True upper=0.958079661008  CERT
142511574,0,1 T   mem=True nz=True ynz=True cond=True claim_agree=True upper=2359.01251982  CERT
162940640,0,1 RHO mem=True nz=True ynz=True cond=True claim_agree=True upper=0.919903003984  CERT
162940640,0,1 T   mem=True nz=True ynz=True cond=True claim_agree=True upper=2700.16001300  CERT
257657253,0,1 RHO mem=True nz=True ynz=True cond=True claim_agree=True upper=0.952184886767  CERT
257657253,0,1 T   mem=True nz=True ynz=True cond=True claim_agree=True upper=2661.28485149  CERT
263870838,0,1 RHO mem=True nz=True ynz=True cond=True claim_agree=True upper=0.955016024568  CERT
263870838,0,1 T   mem=True nz=True ynz=True cond=True claim_agree=True upper=2425.45816859  CERT
298810225,0,1 RHO mem=True nz=True ynz=True cond=True claim_agree=True upper=0.942711925934  CERT
298810225,0,1 T   mem=True nz=True ynz=True cond=True claim_agree=True upper=2538.28823471  CERT
308472390,0,1 RHO mem=True nz=True ynz=True cond=True claim_agree=True upper=0.937395327386  CERT
308472390,0,1 T   mem=True nz=True ynz=True cond=True claim_agree=True upper=2912.47079854  CERT
329153353,0,1 RHO mem=True nz=True ynz=True cond=True claim_agree=True upper=0.968208481290  CERT
329153353,0,1 T   mem=True nz=True ynz=True cond=True claim_agree=True upper=2375.89601415  CERT
368447480,0,1 RHO mem=True nz=True ynz=True cond=True claim_agree=True upper=0.968208481290  CERT
368447480,0,1 T   mem=True nz=True ynz=True cond=True claim_agree=True upper=2940.51642929  CERT
378181694,0,1 RHO mem=True nz=True ynz=True cond=True claim_agree=True upper=0.965891364533  CERT
378181694,0,1 T   mem=True nz=True ynz=True cond=True claim_agree=True upper=2700.66571508  CERT
390036064,0,1 RHO mem=True nz=True ynz=True cond=True claim_agree=True upper=0.965891364533  CERT
390036064,0,1 T   mem=True nz=True ynz=True cond=True claim_agree=True upper=1825.85505557  CERT
413488744,0,1 RHO mem=True nz=True ynz=True cond=True claim_agree=True upper=0.937395327386  CERT
413488744,0,1 T   mem=True nz=True ynz=True cond=True claim_agree=True upper=2027.03968182  CERT
455186956,0,1 RHO mem=True nz=True ynz=True cond=True claim_agree=True upper=0.949761213179  CERT
455186956,0,1 T   mem=True nz=True ynz=True cond=True claim_agree=True upper=2130.82014651  CERT
545287861,0,1 RHO mem=True nz=True ynz=True cond=True claim_agree=True upper=0.938154018762  CERT
545287861,0,1 T   mem=True nz=True ynz=True cond=True claim_agree=True upper=2080.48785274  CERT
586986073,0,1 RHO mem=True nz=True ynz=True cond=True claim_agree=True upper=0.928362929701  CERT
586986073,0,1 T   mem=True nz=True ynz=True cond=True claim_agree=True upper=2107.04746636  CERT
610438753,0,1 RHO mem=True nz=True ynz=True cond=True claim_agree=True upper=0.920170614498  CERT
610438753,0,1 T   mem=True nz=True ynz=True cond=True claim_agree=True upper=2572.36281396  CERT
622293123,0,1 RHO mem=True nz=True ynz=True cond=True claim_agree=True upper=0.920170614498  CERT
622293123,0,1 T   mem=True nz=True ynz=True cond=True claim_agree=True upper=2076.79288220  CERT
632027337,0,1 RHO mem=True nz=True ynz=True cond=True claim_agree=True upper=0.943411441229  CERT
632027337,0,1 T   mem=True nz=True ynz=True cond=True claim_agree=True upper=2762.20139360  CERT
671321464,0,1 RHO mem=True nz=True ynz=True cond=True claim_agree=True upper=0.943411441229  CERT
671321464,0,1 T   mem=True nz=True ynz=True cond=True claim_agree=True upper=2339.31291033  CERT
692002427,0,1 RHO mem=True nz=True ynz=True cond=True claim_agree=True upper=0.928362929701  CERT
692002427,0,1 T   mem=True nz=True ynz=True cond=True claim_agree=True upper=1938.57188567  CERT
701664592,0,1 RHO mem=True nz=True ynz=True cond=True claim_agree=True upper=0.953848459870  CERT
701664592,0,1 T   mem=True nz=True ynz=True cond=True claim_agree=True upper=2635.48021052  CERT
736603979,0,1 RHO mem=True nz=True ynz=True cond=True claim_agree=True upper=0.918006221854  CERT
736603979,0,1 T   mem=True nz=True ynz=True cond=True claim_agree=True upper=2094.18080865  CERT
742817564,0,1 RHO mem=True nz=True ynz=True cond=True claim_agree=True upper=0.919903003984  CERT
742817564,0,1 T   mem=True nz=True ynz=True cond=True claim_agree=True upper=2499.60010040  CERT
837534177,0,1 RHO mem=True nz=True ynz=True cond=True claim_agree=True upper=0.952184886767  CERT
837534177,0,1 T   mem=True nz=True ynz=True cond=True claim_agree=True upper=1986.12922353  CERT
857963243,0,1 RHO mem=True nz=True ynz=True cond=True claim_agree=True upper=0.917150906469  CERT
857963243,0,1 T   mem=True nz=True ynz=True cond=True claim_agree=True upper=2792.01357825  CERT
912882245,0,1 RHO mem=True nz=True ynz=True cond=True claim_agree=True upper=0.917150906469  CERT
912882245,0,1 T   mem=True nz=True ynz=True cond=True claim_agree=True upper=2103.09470591  CERT
915440622,0,1 RHO mem=True nz=True ynz=True cond=True claim_agree=True upper=0.951563416128  CERT
915440622,0,1 T   mem=True nz=True ynz=True cond=True claim_agree=True upper=2653.76580415  CERT
937818854,0,1 RHO mem=True nz=True ynz=True cond=True claim_agree=True upper=0.955016024568  CERT
937818854,0,1 T   mem=True nz=True ynz=True cond=True claim_agree=True upper=2352.68892597  CERT
993018312,0,1 RHO mem=True nz=True ynz=True cond=True claim_agree=True upper=0.949761213179  CERT
993018312,0,1 T   mem=True nz=True ynz=True cond=True claim_agree=True upper=2095.72874901  CERT
FAMILY VERIFY n=7 l=1000474817 : EXCLUDED (components certified 32 / 32 ; lines 64 ; failed lines 0)
FAMILY VERIFY PASS
