FACTORIZATION: 32 irreducible factors of degree 2 over F_1000311233: OK
47462563,0,1 RHO mem=True nz=True ynz=True cond=True claim_agree=True upper=0.925008207309  CERT
47462563,0,1 T   mem=True nz=True ynz=True cond=True claim_agree=True upper=2370.89187769  CERT
60649435,0,1 RHO mem=True nz=True ynz=True cond=True claim_agree=True upper=0.954404117786  CERT
60649435,0,1 T   mem=True nz=True ynz=True cond=True claim_agree=True upper=2508.65937279  CERT
187789343,0,1 RHO mem=True nz=True ynz=True cond=True claim_agree=True upper=0.916883753054  CERT
187789343,0,1 T   mem=True nz=True ynz=True cond=True claim_agree=True upper=2655.45703683  CERT
188500919,0,1 RHO mem=True nz=True ynz=True cond=True claim_agree=True upper=0.930602580448  CERT
188500919,0,1 T   mem=True nz=True ynz=True cond=True claim_agree=True upper=2671.39216829  CERT
209813519,0,1 RHO mem=True nz=True ynz=True cond=True claim_agree=True upper=0.956414162170  CERT
209813519,0,1 T   mem=True nz=True ynz=True cond=True claim_agree=True upper=2450.94789373  CERT
222123063,0,1 RHO mem=True nz=True ynz=True cond=True claim_agree=True upper=0.962559697074  CERT
222123063,0,1 T   mem=True nz=True ynz=True cond=True claim_agree=True upper=2167.31894997  CERT
223455964,0,1 RHO mem=True nz=True ynz=True cond=True claim_agree=True upper=0.948858166863  CERT
223455964,0,1 T   mem=True nz=True ynz=True cond=True claim_agree=True upper=2541.70736741  CERT
246795095,0,1 RHO mem=True nz=True ynz=True cond=True claim_agree=True upper=0.939292007454  CERT
246795095,0,1 T   mem=True nz=True ynz=True cond=True claim_agree=True upper=2620.14322409  CERT
250422658,0,1 RHO mem=True nz=True ynz=True cond=True claim_agree=True upper=0.962559697074  CERT
250422658,0,1 T   mem=True nz=True ynz=True cond=True claim_agree=True upper=2284.82889856  CERT
269559481,0,1 RHO mem=True nz=True ynz=True cond=True claim_agree=True upper=0.895386378787  CERT
269559481,0,1 T   mem=True nz=True ynz=True cond=True claim_agree=True upper=1735.38511183  CERT
307897742,0,1 RHO mem=True nz=True ynz=True cond=True claim_agree=True upper=0.956414162170  CERT
307897742,0,1 T   mem=True nz=True ynz=True cond=True claim_agree=True upper=2750.27210103  CERT
315187603,0,1 RHO mem=True nz=True ynz=True cond=True claim_agree=True upper=0.940163585811  CERT
315187603,0,1 T   mem=True nz=True ynz=True cond=True claim_agree=True upper=2282.05837637  CERT
366219003,0,1 RHO mem=True nz=True ynz=True cond=True claim_agree=True upper=0.940163585811  CERT
366219003,0,1 T   mem=True nz=True ynz=True cond=True claim_agree=True upper=2680.02688187  CERT
380821706,0,1 RHO mem=True nz=True ynz=True cond=True claim_agree=True upper=0.935126645580  CERT
380821706,0,1 T   mem=True nz=True ynz=True cond=True claim_agree=True upper=2325.35833849  CERT
390973048,0,1 RHO mem=True nz=True ynz=True cond=True claim_agree=True upper=0.937317071336  CERT
390973048,0,1 T   mem=True nz=True ynz=True cond=True claim_agree=True upper=2941.01233933  CERT
475828916,0,1 RHO mem=True nz=True ynz=True cond=True claim_agree=True upper=0.937317071336  CERT
475828916,0,1 T   mem=True nz=True ynz=True cond=True claim_agree=True upper=2701.49369563  CERT
524482317,0,1 RHO mem=True nz=True ynz=True cond=True claim_agree=True upper=0.925247575953  CERT
524482317,0,1 T   mem=True nz=True ynz=True cond=True claim_agree=True upper=2052.56455547  CERT
609338185,0,1 RHO mem=True nz=True ynz=True cond=True claim_agree=True upper=0.925247575953  CERT
609338185,0,1 T   mem=True nz=True ynz=True cond=True claim_agree=True upper=1784.19126221  CERT
619489527,0,1 RHO mem=True nz=True ynz=True cond=True claim_agree=True upper=0.939292007454  CERT
619489527,0,1 T   mem=True nz=True ynz=True cond=True claim_agree=True upper=2792.58711174  CERT
634092230,0,1 RHO mem=True nz=True ynz=True cond=True claim_agree=True upper=0.941713311126  CERT
634092230,0,1 T   mem=True nz=True ynz=True cond=True claim_agree=True upper=2223.68105098  CERT
685123630,0,1 RHO mem=True nz=True ynz=True cond=True claim_agree=True upper=0.941713311126  CERT
685123630,0,1 T   mem=True nz=True ynz=True cond=True claim_agree=True upper=2444.47655334  CERT
692413491,0,1 RHO mem=True nz=True ynz=True cond=True claim_agree=True upper=0.958371638370  CERT
692413491,0,1 T   mem=True nz=True ynz=True cond=True claim_agree=True upper=3013.52916258  CERT
730751752,0,1 RHO mem=True nz=True ynz=True cond=True claim_agree=True upper=0.916883753054  CERT
730751752,0,1 T   mem=True nz=True ynz=True cond=True claim_agree=True upper=2045.20522415  CERT
749888575,0,1 RHO mem=True nz=True ynz=True cond=True claim_agree=True upper=0.918592638871  CERT
749888575,0,1 T   mem=True nz=True ynz=True cond=True claim_agree=True upper=2106.65533306  CERT
753516138,0,1 RHO mem=True nz=True ynz=True cond=True claim_agree=True upper=0.935126645580  CERT
753516138,0,1 T   mem=True nz=True ynz=True cond=True claim_agree=True upper=2295.63011819  CERT
776855269,0,1 RHO mem=True nz=True ynz=True cond=True claim_agree=True upper=0.930602580448  CERT
776855269,0,1 T   mem=True nz=True ynz=True cond=True claim_agree=True upper=2794.16234002  CERT
778188170,0,1 RHO mem=True nz=True ynz=True cond=True claim_agree=True upper=0.918592638871  CERT
778188170,0,1 T   mem=True nz=True ynz=True cond=True claim_agree=True upper=2389.16619833  CERT
790497714,0,1 RHO mem=True nz=True ynz=True cond=True claim_agree=True upper=0.958371638370  CERT
790497714,0,1 T   mem=True nz=True ynz=True cond=True claim_agree=True upper=2784.11446330  CERT
811810314,0,1 RHO mem=True nz=True ynz=True cond=True claim_agree=True upper=0.948858166863  CERT
811810314,0,1 T   mem=True nz=True ynz=True cond=True claim_agree=True upper=1909.99140735  CERT
812521890,0,1 RHO mem=True nz=True ynz=True cond=True claim_agree=True upper=0.895386378787  CERT
812521890,0,1 T   mem=True nz=True ynz=True cond=True claim_agree=True upper=3118.96796230  CERT
939661798,0,1 RHO mem=True nz=True ynz=True cond=True claim_agree=True upper=0.925008207309  CERT
939661798,0,1 T   mem=True nz=True ynz=True cond=True claim_agree=True upper=1692.14842366  CERT
952848670,0,1 RHO mem=True nz=True ynz=True cond=True claim_agree=True upper=0.954404117786  CERT
952848670,0,1 T   mem=True nz=True ynz=True cond=True claim_agree=True upper=2531.20541988  CERT
FAMILY VERIFY n=7 l=1000311233 : EXCLUDED (components certified 32 / 32 ; lines 64 ; failed lines 0)
FAMILY VERIFY PASS
