FACTORIZATION: 32 irreducible factors of degree 2 over F_1000355393: OK
1062190,0,1 RHO mem=True nz=True ynz=True cond=True claim_agree=True upper=0.910730912629  CERT
1062190,0,1 T   mem=True nz=True ynz=True cond=True claim_agree=True upper=2592.76568163  CERT
23965155,0,1 RHO mem=True nz=True ynz=True cond=True claim_agree=True upper=0.954293452957  CERT
23965155,0,1 T   mem=True nz=True ynz=True cond=True claim_agree=True upper=2613.93655636  CERT
91136906,0,1 RHO mem=True nz=True ynz=True cond=True claim_agree=True upper=0.908678157087  CERT
91136906,0,1 T   mem=True nz=True ynz=True cond=True claim_agree=True upper=1834.28887340  CERT
97326787,0,1 RHO mem=True nz=True ynz=True cond=True claim_agree=True upper=0.913186752448  CERT
97326787,0,1 T   mem=True nz=True ynz=True cond=True claim_agree=True upper=1944.24859886  CERT
99860215,0,1 RHO mem=True nz=True ynz=True cond=True claim_agree=True upper=0.885879600221  CERT
99860215,0,1 T   mem=True nz=True ynz=True cond=True claim_agree=True upper=1758.47075858  CERT
101743097,0,1 RHO mem=True nz=True ynz=True cond=True claim_agree=True upper=0.885879600221  CERT
101743097,0,1 T   mem=True nz=True ynz=True cond=True claim_agree=True upper=1492.21975589  CERT
148506297,0,1 RHO mem=True nz=True ynz=True cond=True claim_agree=True upper=0.911363949094  CERT
148506297,0,1 T   mem=True nz=True ynz=True cond=True claim_agree=True upper=2192.62859458  CERT
153636295,0,1 RHO mem=True nz=True ynz=True cond=True claim_agree=True upper=0.925299519752  CERT
153636295,0,1 T   mem=True nz=True ynz=True cond=True claim_agree=True upper=2058.15269556  CERT
155643806,0,1 RHO mem=True nz=True ynz=True cond=True claim_agree=True upper=0.938752283323  CERT
155643806,0,1 T   mem=True nz=True ynz=True cond=True claim_agree=True upper=2369.43288918  CERT
184724680,0,1 RHO mem=True nz=True ynz=True cond=True claim_agree=True upper=0.910730912629  CERT
184724680,0,1 T   mem=True nz=True ynz=True cond=True claim_agree=True upper=2629.93232537  CERT
289535416,0,1 RHO mem=True nz=True ynz=True cond=True claim_agree=True upper=0.915036905156  CERT
289535416,0,1 T   mem=True nz=True ynz=True cond=True claim_agree=True upper=2220.24118645  CERT
290741294,0,1 RHO mem=True nz=True ynz=True cond=True claim_agree=True upper=0.882695116194  CERT
290741294,0,1 T   mem=True nz=True ynz=True cond=True claim_agree=True upper=2129.82026437  CERT
382553730,0,1 RHO mem=True nz=True ynz=True cond=True claim_agree=True upper=0.915036905156  CERT
382553730,0,1 T   mem=True nz=True ynz=True cond=True claim_agree=True upper=1705.36870873  CERT
392014557,0,1 RHO mem=True nz=True ynz=True cond=True claim_agree=True upper=0.895200294858  CERT
392014557,0,1 T   mem=True nz=True ynz=True cond=True claim_agree=True upper=1929.06503630  CERT
400539367,0,1 RHO mem=True nz=True ynz=True cond=True claim_agree=True upper=0.911363949094  CERT
400539367,0,1 T   mem=True nz=True ynz=True cond=True claim_agree=True upper=2028.01264736  CERT
487501451,0,1 RHO mem=True nz=True ynz=True cond=True claim_agree=True upper=0.925299519752  CERT
487501451,0,1 T   mem=True nz=True ynz=True cond=True claim_agree=True upper=2080.38478295  CERT
512853942,0,1 RHO mem=True nz=True ynz=True cond=True claim_agree=True upper=0.886826555060  CERT
512853942,0,1 T   mem=True nz=True ynz=True cond=True claim_agree=True upper=1981.96178340  CERT
599816026,0,1 RHO mem=True nz=True ynz=True cond=True claim_agree=True upper=0.920576077406  CERT
599816026,0,1 T   mem=True nz=True ynz=True cond=True claim_agree=True upper=2044.20225114  CERT
608340836,0,1 RHO mem=True nz=True ynz=True cond=True claim_agree=True upper=0.954293452957  CERT
608340836,0,1 T   mem=True nz=True ynz=True cond=True claim_agree=True upper=2576.81897061  CERT
617801663,0,1 RHO mem=True nz=True ynz=True cond=True claim_agree=True upper=0.891027852243  CERT
617801663,0,1 T   mem=True nz=True ynz=True cond=True claim_agree=True upper=2354.75471631  CERT
709614099,0,1 RHO mem=True nz=True ynz=True cond=True claim_agree=True upper=0.938752283323  CERT
709614099,0,1 T   mem=True nz=True ynz=True cond=True claim_agree=True upper=1914.73757498  CERT
710819977,0,1 RHO mem=True nz=True ynz=True cond=True claim_agree=True upper=0.891027852243  CERT
710819977,0,1 T   mem=True nz=True ynz=True cond=True claim_agree=True upper=2135.00765630  CERT
815630713,0,1 RHO mem=True nz=True ynz=True cond=True claim_agree=True upper=0.930106873820  CERT
815630713,0,1 T   mem=True nz=True ynz=True cond=True claim_agree=True upper=2071.34346678  CERT
844711587,0,1 RHO mem=True nz=True ynz=True cond=True claim_agree=True upper=0.882695116194  CERT
844711587,0,1 T   mem=True nz=True ynz=True cond=True claim_agree=True upper=1829.62521387  CERT
846719098,0,1 RHO mem=True nz=True ynz=True cond=True claim_agree=True upper=0.886826555060  CERT
846719098,0,1 T   mem=True nz=True ynz=True cond=True claim_agree=True upper=1774.48376928  CERT
851849096,0,1 RHO mem=True nz=True ynz=True cond=True claim_agree=True upper=0.920576077406  CERT
851849096,0,1 T   mem=True nz=True ynz=True cond=True claim_agree=True upper=1938.13841904  CERT
898612296,0,1 RHO mem=True nz=True ynz=True cond=True claim_agree=True upper=0.901246327807  CERT
898612296,0,1 T   mem=True nz=True ynz=True cond=True claim_agree=True upper=2035.15279283  CERT
900495178,0,1 RHO mem=True nz=True ynz=True cond=True claim_agree=True upper=0.901246327807  CERT
900495178,0,1 T   mem=True nz=True ynz=True cond=True claim_agree=True upper=2188.24671243  CERT
903028606,0,1 RHO mem=True nz=True ynz=True cond=True claim_agree=True upper=0.908678157087  CERT
903028606,0,1 T   mem=True nz=True ynz=True cond=True claim_agree=True upper=1465.20573487  CERT
909218487,0,1 RHO mem=True nz=True ynz=True cond=True claim_agree=True upper=0.913186752448  CERT
909218487,0,1 T   mem=True nz=True ynz=True cond=True claim_agree=True upper=2306.65325563  CERT
976390238,0,1 RHO mem=True nz=True ynz=True cond=True claim_agree=True upper=0.895200294858  CERT
976390238,0,1 T   mem=True nz=True ynz=True cond=True claim_agree=True upper=2671.15185095  CERT
999293203,0,1 RHO mem=True nz=True ynz=True cond=True claim_agree=True upper=0.930106873820  CERT
999293203,0,1 T   mem=True nz=True ynz=True cond=True claim_agree=True upper=2265.83224417  CERT
FAMILY VERIFY n=7 l=1000355393 : EXCLUDED (components certified 32 / 32 ; lines 64 ; failed lines 0)
FAMILY VERIFY PASS
