FACTORIZATION: 32 irreducible factors of degree 2 over F_1000355777: OK
18319774,0,1 RHO mem=True nz=True ynz=True cond=True claim_agree=True upper=0.947185326429  CERT
18319774,0,1 T   mem=True nz=True ynz=True cond=True claim_agree=True upper=2899.46431841  CERT
83267199,0,1 RHO mem=True nz=True ynz=True cond=True claim_agree=True upper=0.968367176272  CERT
83267199,0,1 T   mem=True nz=True ynz=True cond=True claim_agree=True upper=2321.09303050  CERT
102518238,0,1 RHO mem=True nz=True ynz=True cond=True claim_agree=True upper=0.947185326429  CERT
102518238,0,1 T   mem=True nz=True ynz=True cond=True claim_agree=True upper=2632.18460472  CERT
132688073,0,1 RHO mem=True nz=True ynz=True cond=True claim_agree=True upper=0.948883460580  CERT
132688073,0,1 T   mem=True nz=True ynz=True cond=True claim_agree=True upper=2530.18237240  CERT
159102038,0,1 RHO mem=True nz=True ynz=True cond=True claim_agree=True upper=0.945318212735  CERT
159102038,0,1 T   mem=True nz=True ynz=True cond=True claim_agree=True upper=2033.04295572  CERT
199248861,0,1 RHO mem=True nz=True ynz=True cond=True claim_agree=True upper=0.968367176272  CERT
199248861,0,1 T   mem=True nz=True ynz=True cond=True claim_agree=True upper=2220.36627992  CERT
232541105,0,1 RHO mem=True nz=True ynz=True cond=True claim_agree=True upper=0.934221098327  CERT
232541105,0,1 T   mem=True nz=True ynz=True cond=True claim_agree=True upper=2144.08280247  CERT
242057771,0,1 RHO mem=True nz=True ynz=True cond=True claim_agree=True upper=0.914528402106  CERT
242057771,0,1 T   mem=True nz=True ynz=True cond=True claim_agree=True upper=2663.61043620  CERT
250567056,0,1 RHO mem=True nz=True ynz=True cond=True claim_agree=True upper=0.945318212735  CERT
250567056,0,1 T   mem=True nz=True ynz=True cond=True claim_agree=True upper=2428.37480799  CERT
260454544,0,1 RHO mem=True nz=True ynz=True cond=True claim_agree=True upper=0.934221098327  CERT
260454544,0,1 T   mem=True nz=True ynz=True cond=True claim_agree=True upper=2506.96050861  CERT
283161602,0,1 RHO mem=True nz=True ynz=True cond=True claim_agree=True upper=0.967266983690  CERT
283161602,0,1 T   mem=True nz=True ynz=True cond=True claim_agree=True upper=2637.88233172  CERT
284999708,0,1 RHO mem=True nz=True ynz=True cond=True claim_agree=True upper=0.947316243209  CERT
284999708,0,1 T   mem=True nz=True ynz=True cond=True claim_agree=True upper=3120.82394298  CERT
361221974,0,1 RHO mem=True nz=True ynz=True cond=True claim_agree=True upper=0.914528402106  CERT
361221974,0,1 T   mem=True nz=True ynz=True cond=True claim_agree=True upper=2548.02287690  CERT
420296269,0,1 RHO mem=True nz=True ynz=True cond=True claim_agree=True upper=0.948883460580  CERT
420296269,0,1 T   mem=True nz=True ynz=True cond=True claim_agree=True upper=2625.33011634  CERT
444481004,0,1 RHO mem=True nz=True ynz=True cond=True claim_agree=True upper=0.967266983690  CERT
444481004,0,1 T   mem=True nz=True ynz=True cond=True claim_agree=True upper=2730.52440493  CERT
446104802,0,1 RHO mem=True nz=True ynz=True cond=True claim_agree=True upper=0.910655103951  CERT
446104802,0,1 T   mem=True nz=True ynz=True cond=True claim_agree=True upper=2927.48801984  CERT
554250975,0,1 RHO mem=True nz=True ynz=True cond=True claim_agree=True upper=0.947316243209  CERT
554250975,0,1 T   mem=True nz=True ynz=True cond=True claim_agree=True upper=2877.57731124  CERT
555874773,0,1 RHO mem=True nz=True ynz=True cond=True claim_agree=True upper=0.947532491625  CERT
555874773,0,1 T   mem=True nz=True ynz=True cond=True claim_agree=True upper=1727.11399908  CERT
580059508,0,1 RHO mem=True nz=True ynz=True cond=True claim_agree=True upper=0.945851534046  CERT
580059508,0,1 T   mem=True nz=True ynz=True cond=True claim_agree=True upper=2936.89871171  CERT
639133803,0,1 RHO mem=True nz=True ynz=True cond=True claim_agree=True upper=0.976667774612  CERT
639133803,0,1 T   mem=True nz=True ynz=True cond=True claim_agree=True upper=2358.71702434  CERT
715356069,0,1 RHO mem=True nz=True ynz=True cond=True claim_agree=True upper=0.910655103951  CERT
715356069,0,1 T   mem=True nz=True ynz=True cond=True claim_agree=True upper=2147.60951316  CERT
717194175,0,1 RHO mem=True nz=True ynz=True cond=True claim_agree=True upper=0.947532491625  CERT
717194175,0,1 T   mem=True nz=True ynz=True cond=True claim_agree=True upper=2217.23876301  CERT
739901233,0,1 RHO mem=True nz=True ynz=True cond=True claim_agree=True upper=0.896459643613  CERT
739901233,0,1 T   mem=True nz=True ynz=True cond=True claim_agree=True upper=1906.94662601  CERT
749788721,0,1 RHO mem=True nz=True ynz=True cond=True claim_agree=True upper=0.938421907387  CERT
749788721,0,1 T   mem=True nz=True ynz=True cond=True claim_agree=True upper=2643.89264651  CERT
758298006,0,1 RHO mem=True nz=True ynz=True cond=True claim_agree=True upper=0.976667774612  CERT
758298006,0,1 T   mem=True nz=True ynz=True cond=True claim_agree=True upper=2498.05502195  CERT
767814672,0,1 RHO mem=True nz=True ynz=True cond=True claim_agree=True upper=0.896459643613  CERT
767814672,0,1 T   mem=True nz=True ynz=True cond=True claim_agree=True upper=1899.10704289  CERT
801106916,0,1 RHO mem=True nz=True ynz=True cond=True claim_agree=True upper=0.939554404914  CERT
801106916,0,1 T   mem=True nz=True ynz=True cond=True claim_agree=True upper=1565.74824208  CERT
841253739,0,1 RHO mem=True nz=True ynz=True cond=True claim_agree=True upper=0.938421907387  CERT
841253739,0,1 T   mem=True nz=True ynz=True cond=True claim_agree=True upper=2334.91050970  CERT
867667704,0,1 RHO mem=True nz=True ynz=True cond=True claim_agree=True upper=0.945851534046  CERT
867667704,0,1 T   mem=True nz=True ynz=True cond=True claim_agree=True upper=2376.92189652  CERT
897837539,0,1 RHO mem=True nz=True ynz=True cond=True claim_agree=True upper=0.964130247623  CERT
897837539,0,1 T   mem=True nz=True ynz=True cond=True claim_agree=True upper=2522.33366853  CERT
917088578,0,1 RHO mem=True nz=True ynz=True cond=True claim_agree=True upper=0.939554404914  CERT
917088578,0,1 T   mem=True nz=True ynz=True cond=True claim_agree=True upper=2315.34506398  CERT
982036003,0,1 RHO mem=True nz=True ynz=True cond=True claim_agree=True upper=0.964130247623  CERT
982036003,0,1 T   mem=True nz=True ynz=True cond=True claim_agree=True upper=2734.41222071  CERT
FAMILY VERIFY n=7 l=1000355777 : EXCLUDED (components certified 32 / 32 ; lines 64 ; failed lines 0)
FAMILY VERIFY PASS
