FACTORIZATION: 32 irreducible factors of degree 2 over F_1000903873: OK
8044026,0,1 RHO mem=True nz=True ynz=True cond=True claim_agree=True upper=0.944180073310  CERT
8044026,0,1 T   mem=True nz=True ynz=True cond=True claim_agree=True upper=2097.81440217  CERT
14033600,0,1 RHO mem=True nz=True ynz=True cond=True claim_agree=True upper=0.956515905434  CERT
14033600,0,1 T   mem=True nz=True ynz=True cond=True claim_agree=True upper=1857.28387058  CERT
89489526,0,1 RHO mem=True nz=True ynz=True cond=True claim_agree=True upper=0.956555506298  CERT
89489526,0,1 T   mem=True nz=True ynz=True cond=True claim_agree=True upper=2437.14001389  CERT
177646621,0,1 RHO mem=True nz=True ynz=True cond=True claim_agree=True upper=0.967433505219  CERT
177646621,0,1 T   mem=True nz=True ynz=True cond=True claim_agree=True upper=2241.79215472  CERT
181606050,0,1 RHO mem=True nz=True ynz=True cond=True claim_agree=True upper=0.956555506298  CERT
181606050,0,1 T   mem=True nz=True ynz=True cond=True claim_agree=True upper=2779.70888174  CERT
216024449,0,1 RHO mem=True nz=True ynz=True cond=True claim_agree=True upper=0.956515905434  CERT
216024449,0,1 T   mem=True nz=True ynz=True cond=True claim_agree=True upper=2313.61229116  CERT
237363306,0,1 RHO mem=True nz=True ynz=True cond=True claim_agree=True upper=0.945175751871  CERT
237363306,0,1 T   mem=True nz=True ynz=True cond=True claim_agree=True upper=2095.76653561  CERT
253913426,0,1 RHO mem=True nz=True ynz=True cond=True claim_agree=True upper=0.935140342070  CERT
253913426,0,1 T   mem=True nz=True ynz=True cond=True claim_agree=True upper=2540.27671703  CERT
309109448,0,1 RHO mem=True nz=True ynz=True cond=True claim_agree=True upper=0.944180073310  CERT
309109448,0,1 T   mem=True nz=True ynz=True cond=True claim_agree=True upper=2363.88578382  CERT
312139351,0,1 RHO mem=True nz=True ynz=True cond=True claim_agree=True upper=0.979210996756  CERT
312139351,0,1 T   mem=True nz=True ynz=True cond=True claim_agree=True upper=2867.13023941  CERT
338478011,0,1 RHO mem=True nz=True ynz=True cond=True claim_agree=True upper=0.962868514286  CERT
338478011,0,1 T   mem=True nz=True ynz=True cond=True claim_agree=True upper=2607.01925309  CERT
354184431,0,1 RHO mem=True nz=True ynz=True cond=True claim_agree=True upper=0.962868514286  CERT
354184431,0,1 T   mem=True nz=True ynz=True cond=True claim_agree=True upper=2602.50312168  CERT
393164539,0,1 RHO mem=True nz=True ynz=True cond=True claim_agree=True upper=0.955136861225  CERT
393164539,0,1 T   mem=True nz=True ynz=True cond=True claim_agree=True upper=2372.91556100  CERT
485691981,0,1 RHO mem=True nz=True ynz=True cond=True claim_agree=True upper=0.945175751871  CERT
485691981,0,1 T   mem=True nz=True ynz=True cond=True claim_agree=True upper=2178.10311590  CERT
494580170,0,1 RHO mem=True nz=True ynz=True cond=True claim_agree=True upper=0.967433505219  CERT
494580170,0,1 T   mem=True nz=True ynz=True cond=True claim_agree=True upper=2973.50081051  CERT
494941577,0,1 RHO mem=True nz=True ynz=True cond=True claim_agree=True upper=0.942382422703  CERT
494941577,0,1 T   mem=True nz=True ynz=True cond=True claim_agree=True upper=2565.23041090  CERT
505962296,0,1 RHO mem=True nz=True ynz=True cond=True claim_agree=True upper=0.955136861225  CERT
505962296,0,1 T   mem=True nz=True ynz=True cond=True claim_agree=True upper=1970.18193721  CERT
506323703,0,1 RHO mem=True nz=True ynz=True cond=True claim_agree=True upper=0.907069869960  CERT
506323703,0,1 T   mem=True nz=True ynz=True cond=True claim_agree=True upper=2231.87636459  CERT
515211892,0,1 RHO mem=True nz=True ynz=True cond=True claim_agree=True upper=0.984023474064  CERT
515211892,0,1 T   mem=True nz=True ynz=True cond=True claim_agree=True upper=2329.40388360  CERT
607739334,0,1 RHO mem=True nz=True ynz=True cond=True claim_agree=True upper=0.942382422703  CERT
607739334,0,1 T   mem=True nz=True ynz=True cond=True claim_agree=True upper=1999.12997724  CERT
646719442,0,1 RHO mem=True nz=True ynz=True cond=True claim_agree=True upper=0.954543272719  CERT
646719442,0,1 T   mem=True nz=True ynz=True cond=True claim_agree=True upper=2234.83554453  CERT
662425862,0,1 RHO mem=True nz=True ynz=True cond=True claim_agree=True upper=0.954543272719  CERT
662425862,0,1 T   mem=True nz=True ynz=True cond=True claim_agree=True upper=2141.21236008  CERT
688764522,0,1 RHO mem=True nz=True ynz=True cond=True claim_agree=True upper=0.935140342070  CERT
688764522,0,1 T   mem=True nz=True ynz=True cond=True claim_agree=True upper=2098.35140232  CERT
691794425,0,1 RHO mem=True nz=True ynz=True cond=True claim_agree=True upper=0.961135639376  CERT
691794425,0,1 T   mem=True nz=True ynz=True cond=True claim_agree=True upper=2817.41482979  CERT
746990447,0,1 RHO mem=True nz=True ynz=True cond=True claim_agree=True upper=0.979210996756  CERT
746990447,0,1 T   mem=True nz=True ynz=True cond=True claim_agree=True upper=2315.98749556  CERT
763540567,0,1 RHO mem=True nz=True ynz=True cond=True claim_agree=True upper=0.984023474064  CERT
763540567,0,1 T   mem=True nz=True ynz=True cond=True claim_agree=True upper=2858.92123506  CERT
784879424,0,1 RHO mem=True nz=True ynz=True cond=True claim_agree=True upper=0.906831082759  CERT
784879424,0,1 T   mem=True nz=True ynz=True cond=True claim_agree=True upper=2022.22986497  CERT
819297823,0,1 RHO mem=True nz=True ynz=True cond=True claim_agree=True upper=0.894761754346  CERT
819297823,0,1 T   mem=True nz=True ynz=True cond=True claim_agree=True upper=2414.17356181  CERT
823257252,0,1 RHO mem=True nz=True ynz=True cond=True claim_agree=True upper=0.907069869960  CERT
823257252,0,1 T   mem=True nz=True ynz=True cond=True claim_agree=True upper=2203.18149519  CERT
911414347,0,1 RHO mem=True nz=True ynz=True cond=True claim_agree=True upper=0.894761754346  CERT
911414347,0,1 T   mem=True nz=True ynz=True cond=True claim_agree=True upper=2305.43377185  CERT
986870273,0,1 RHO mem=True nz=True ynz=True cond=True claim_agree=True upper=0.906831082759  CERT
986870273,0,1 T   mem=True nz=True ynz=True cond=True claim_agree=True upper=3085.26889497  CERT
992859847,0,1 RHO mem=True nz=True ynz=True cond=True claim_agree=True upper=0.961135639376  CERT
992859847,0,1 T   mem=True nz=True ynz=True cond=True claim_agree=True upper=2207.40921656  CERT
FAMILY VERIFY n=7 l=1000903873 : EXCLUDED (components certified 32 / 32 ; lines 64 ; failed lines 0)
FAMILY VERIFY PASS
