FACTORIZATION: 32 irreducible factors of degree 2 over F_1000086977: OK
50228826,0,1 RHO mem=True nz=True ynz=True cond=True claim_agree=True upper=0.950270336436  CERT
50228826,0,1 T   mem=True nz=True ynz=True cond=True claim_agree=True upper=2578.48374280  CERT
50629830,0,1 RHO mem=True nz=True ynz=True cond=True claim_agree=True upper=0.947002828053  CERT
50629830,0,1 T   mem=True nz=True ynz=True cond=True claim_agree=True upper=2865.90144009  CERT
55774876,0,1 RHO mem=True nz=True ynz=True cond=True claim_agree=True upper=0.948088539262  CERT
55774876,0,1 T   mem=True nz=True ynz=True cond=True claim_agree=True upper=2333.45041641  CERT
55783282,0,1 RHO mem=True nz=True ynz=True cond=True claim_agree=True upper=0.948925550675  CERT
55783282,0,1 T   mem=True nz=True ynz=True cond=True claim_agree=True upper=2549.01166941  CERT
118951134,0,1 RHO mem=True nz=True ynz=True cond=True claim_agree=True upper=0.928223266442  CERT
118951134,0,1 T   mem=True nz=True ynz=True cond=True claim_agree=True upper=2889.69920652  CERT
168569700,0,1 RHO mem=True nz=True ynz=True cond=True claim_agree=True upper=0.934387478588  CERT
168569700,0,1 T   mem=True nz=True ynz=True cond=True claim_agree=True upper=1600.40035815  CERT
238310108,0,1 RHO mem=True nz=True ynz=True cond=True claim_agree=True upper=0.973476610936  CERT
238310108,0,1 T   mem=True nz=True ynz=True cond=True claim_agree=True upper=3019.82605958  CERT
252210411,0,1 RHO mem=True nz=True ynz=True cond=True claim_agree=True upper=0.939919536985  CERT
252210411,0,1 T   mem=True nz=True ynz=True cond=True claim_agree=True upper=2792.11400864  CERT
271521547,0,1 RHO mem=True nz=True ynz=True cond=True claim_agree=True upper=0.963715142867  CERT
271521547,0,1 T   mem=True nz=True ynz=True cond=True claim_agree=True upper=2623.59101366  CERT
296881180,0,1 RHO mem=True nz=True ynz=True cond=True claim_agree=True upper=0.930322306567  CERT
296881180,0,1 T   mem=True nz=True ynz=True cond=True claim_agree=True upper=2639.73170214  CERT
316951581,0,1 RHO mem=True nz=True ynz=True cond=True claim_agree=True upper=0.934541469730  CERT
316951581,0,1 T   mem=True nz=True ynz=True cond=True claim_agree=True upper=1854.13270725  CERT
333265076,0,1 RHO mem=True nz=True ynz=True cond=True claim_agree=True upper=0.936542738827  CERT
333265076,0,1 T   mem=True nz=True ynz=True cond=True claim_agree=True upper=2290.00483411  CERT
358340017,0,1 RHO mem=True nz=True ynz=True cond=True claim_agree=True upper=0.950270336436  CERT
358340017,0,1 T   mem=True nz=True ynz=True cond=True claim_agree=True upper=2388.84239240  CERT
483634565,0,1 RHO mem=True nz=True ynz=True cond=True claim_agree=True upper=0.948925550675  CERT
483634565,0,1 T   mem=True nz=True ynz=True cond=True claim_agree=True upper=2295.94611170  CERT
492541525,0,1 RHO mem=True nz=True ynz=True cond=True claim_agree=True upper=0.937191135440  CERT
492541525,0,1 T   mem=True nz=True ynz=True cond=True claim_agree=True upper=3016.21477548  CERT
494459669,0,1 RHO mem=True nz=True ynz=True cond=True claim_agree=True upper=0.934541469730  CERT
494459669,0,1 T   mem=True nz=True ynz=True cond=True claim_agree=True upper=2198.43312364  CERT
505627308,0,1 RHO mem=True nz=True ynz=True cond=True claim_agree=True upper=0.963206924836  CERT
505627308,0,1 T   mem=True nz=True ynz=True cond=True claim_agree=True upper=2870.82891950  CERT
507545452,0,1 RHO mem=True nz=True ynz=True cond=True claim_agree=True upper=0.936542738827  CERT
507545452,0,1 T   mem=True nz=True ynz=True cond=True claim_agree=True upper=2302.41425123  CERT
516452412,0,1 RHO mem=True nz=True ynz=True cond=True claim_agree=True upper=0.923976833064  CERT
516452412,0,1 T   mem=True nz=True ynz=True cond=True claim_agree=True upper=2237.76476319  CERT
641746960,0,1 RHO mem=True nz=True ynz=True cond=True claim_agree=True upper=0.957898894761  CERT
641746960,0,1 T   mem=True nz=True ynz=True cond=True claim_agree=True upper=2851.11641870  CERT
666821901,0,1 RHO mem=True nz=True ynz=True cond=True claim_agree=True upper=0.937191135440  CERT
666821901,0,1 T   mem=True nz=True ynz=True cond=True claim_agree=True upper=2469.43516287  CERT
683135396,0,1 RHO mem=True nz=True ynz=True cond=True claim_agree=True upper=0.963206924836  CERT
683135396,0,1 T   mem=True nz=True ynz=True cond=True claim_agree=True upper=2700.50217445  CERT
703205797,0,1 RHO mem=True nz=True ynz=True cond=True claim_agree=True upper=0.973476610936  CERT
703205797,0,1 T   mem=True nz=True ynz=True cond=True claim_agree=True upper=3250.65459902  CERT
728565430,0,1 RHO mem=True nz=True ynz=True cond=True claim_agree=True upper=0.928223266442  CERT
728565430,0,1 T   mem=True nz=True ynz=True cond=True claim_agree=True upper=2999.86644536  CERT
747876566,0,1 RHO mem=True nz=True ynz=True cond=True claim_agree=True upper=0.948088539262  CERT
747876566,0,1 T   mem=True nz=True ynz=True cond=True claim_agree=True upper=2503.80911772  CERT
761776869,0,1 RHO mem=True nz=True ynz=True cond=True claim_agree=True upper=0.930322306567  CERT
761776869,0,1 T   mem=True nz=True ynz=True cond=True claim_agree=True upper=2075.11943682  CERT
831517277,0,1 RHO mem=True nz=True ynz=True cond=True claim_agree=True upper=0.947002828053  CERT
831517277,0,1 T   mem=True nz=True ynz=True cond=True claim_agree=True upper=3172.48442947  CERT
881135843,0,1 RHO mem=True nz=True ynz=True cond=True claim_agree=True upper=0.963715142867  CERT
881135843,0,1 T   mem=True nz=True ynz=True cond=True claim_agree=True upper=2436.76909753  CERT
944303695,0,1 RHO mem=True nz=True ynz=True cond=True claim_agree=True upper=0.923976833064  CERT
944303695,0,1 T   mem=True nz=True ynz=True cond=True claim_agree=True upper=2657.03244339  CERT
944312101,0,1 RHO mem=True nz=True ynz=True cond=True claim_agree=True upper=0.939919536985  CERT
944312101,0,1 T   mem=True nz=True ynz=True cond=True claim_agree=True upper=2867.13329982  CERT
949457147,0,1 RHO mem=True nz=True ynz=True cond=True claim_agree=True upper=0.934387478588  CERT
949457147,0,1 T   mem=True nz=True ynz=True cond=True claim_agree=True upper=2681.14332785  CERT
949858151,0,1 RHO mem=True nz=True ynz=True cond=True claim_agree=True upper=0.957898894761  CERT
949858151,0,1 T   mem=True nz=True ynz=True cond=True claim_agree=True upper=2571.16390409  CERT
FAMILY VERIFY n=7 l=1000086977 : EXCLUDED (components certified 32 / 32 ; lines 64 ; failed lines 0)
FAMILY VERIFY PASS
