FACTORIZATION: 32 irreducible factors of degree 2 over F_1000424129: OK
16069747,0,1 RHO mem=True nz=True ynz=True cond=True claim_agree=True upper=0.923918645347  CERT
16069747,0,1 T   mem=True nz=True ynz=True cond=True claim_agree=True upper=2413.88366166  CERT
38810635,0,1 RHO mem=True nz=True ynz=True cond=True claim_agree=True upper=0.941189339317  CERT
38810635,0,1 T   mem=True nz=True ynz=True cond=True claim_agree=True upper=2393.55319601  CERT
67537157,0,1 RHO mem=True nz=True ynz=True cond=True claim_agree=True upper=0.963249562160  CERT
67537157,0,1 T   mem=True nz=True ynz=True cond=True claim_agree=True upper=2395.05094084  CERT
120878557,0,1 RHO mem=True nz=True ynz=True cond=True claim_agree=True upper=0.948602624595  CERT
120878557,0,1 T   mem=True nz=True ynz=True cond=True claim_agree=True upper=2491.10455567  CERT
121993705,0,1 RHO mem=True nz=True ynz=True cond=True claim_agree=True upper=0.904347619880  CERT
121993705,0,1 T   mem=True nz=True ynz=True cond=True claim_agree=True upper=1657.99898493  CERT
166479795,0,1 RHO mem=True nz=True ynz=True cond=True claim_agree=True upper=0.955689461511  CERT
166479795,0,1 T   mem=True nz=True ynz=True cond=True claim_agree=True upper=2402.42237481  CERT
256791805,0,1 RHO mem=True nz=True ynz=True cond=True claim_agree=True upper=0.929648804635  CERT
256791805,0,1 T   mem=True nz=True ynz=True cond=True claim_agree=True upper=3147.81699984  CERT
279056901,0,1 RHO mem=True nz=True ynz=True cond=True claim_agree=True upper=0.931524796394  CERT
279056901,0,1 T   mem=True nz=True ynz=True cond=True claim_agree=True upper=2575.33490337  CERT
322444880,0,1 RHO mem=True nz=True ynz=True cond=True claim_agree=True upper=0.968373912910  CERT
322444880,0,1 T   mem=True nz=True ynz=True cond=True claim_agree=True upper=2550.87909186  CERT
330303273,0,1 RHO mem=True nz=True ynz=True cond=True claim_agree=True upper=0.894083960338  CERT
330303273,0,1 T   mem=True nz=True ynz=True cond=True claim_agree=True upper=2461.14073873  CERT
371421700,0,1 RHO mem=True nz=True ynz=True cond=True claim_agree=True upper=0.963249562160  CERT
371421700,0,1 T   mem=True nz=True ynz=True cond=True claim_agree=True upper=2601.36302268  CERT
378324343,0,1 RHO mem=True nz=True ynz=True cond=True claim_agree=True upper=0.966299674107  CERT
378324343,0,1 T   mem=True nz=True ynz=True cond=True claim_agree=True upper=2379.39917662  CERT
415793698,0,1 RHO mem=True nz=True ynz=True cond=True claim_agree=True upper=0.970291300304  CERT
415793698,0,1 T   mem=True nz=True ynz=True cond=True claim_agree=True upper=2538.15747282  CERT
418537295,0,1 RHO mem=True nz=True ynz=True cond=True claim_agree=True upper=0.975940017491  CERT
418537295,0,1 T   mem=True nz=True ynz=True cond=True claim_agree=True upper=2649.17020813  CERT
454504425,0,1 RHO mem=True nz=True ynz=True cond=True claim_agree=True upper=0.975940017491  CERT
454504425,0,1 T   mem=True nz=True ynz=True cond=True claim_agree=True upper=2530.78013290  CERT
481880377,0,1 RHO mem=True nz=True ynz=True cond=True claim_agree=True upper=0.935629967204  CERT
481880377,0,1 T   mem=True nz=True ynz=True cond=True claim_agree=True upper=3485.93247926  CERT
518543752,0,1 RHO mem=True nz=True ynz=True cond=True claim_agree=True upper=0.948602624595  CERT
518543752,0,1 T   mem=True nz=True ynz=True cond=True claim_agree=True upper=2705.38025881  CERT
545919704,0,1 RHO mem=True nz=True ynz=True cond=True claim_agree=True upper=0.901507226527  CERT
545919704,0,1 T   mem=True nz=True ynz=True cond=True claim_agree=True upper=1838.68689266  CERT
581886834,0,1 RHO mem=True nz=True ynz=True cond=True claim_agree=True upper=0.901507226527  CERT
581886834,0,1 T   mem=True nz=True ynz=True cond=True claim_agree=True upper=3215.78420751  CERT
584630431,0,1 RHO mem=True nz=True ynz=True cond=True claim_agree=True upper=0.894083960338  CERT
584630431,0,1 T   mem=True nz=True ynz=True cond=True claim_agree=True upper=2339.29676818  CERT
622099786,0,1 RHO mem=True nz=True ynz=True cond=True claim_agree=True upper=0.929648804635  CERT
622099786,0,1 T   mem=True nz=True ynz=True cond=True claim_agree=True upper=2668.89137515  CERT
629002429,0,1 RHO mem=True nz=True ynz=True cond=True claim_agree=True upper=0.920202812624  CERT
629002429,0,1 T   mem=True nz=True ynz=True cond=True claim_agree=True upper=3269.57581718  CERT
670120856,0,1 RHO mem=True nz=True ynz=True cond=True claim_agree=True upper=0.970291300304  CERT
670120856,0,1 T   mem=True nz=True ynz=True cond=True claim_agree=True upper=2179.42953889  CERT
677979249,0,1 RHO mem=True nz=True ynz=True cond=True claim_agree=True upper=0.904347619880  CERT
677979249,0,1 T   mem=True nz=True ynz=True cond=True claim_agree=True upper=2166.32252871  CERT
721367228,0,1 RHO mem=True nz=True ynz=True cond=True claim_agree=True upper=0.941189339317  CERT
721367228,0,1 T   mem=True nz=True ynz=True cond=True claim_agree=True upper=2970.71779649  CERT
743632324,0,1 RHO mem=True nz=True ynz=True cond=True claim_agree=True upper=0.966299674107  CERT
743632324,0,1 T   mem=True nz=True ynz=True cond=True claim_agree=True upper=2631.69591908  CERT
833944334,0,1 RHO mem=True nz=True ynz=True cond=True claim_agree=True upper=0.923918645347  CERT
833944334,0,1 T   mem=True nz=True ynz=True cond=True claim_agree=True upper=1754.89630976  CERT
878430424,0,1 RHO mem=True nz=True ynz=True cond=True claim_agree=True upper=0.968373912910  CERT
878430424,0,1 T   mem=True nz=True ynz=True cond=True claim_agree=True upper=2897.53365257  CERT
879545572,0,1 RHO mem=True nz=True ynz=True cond=True claim_agree=True upper=0.935629967204  CERT
879545572,0,1 T   mem=True nz=True ynz=True cond=True claim_agree=True upper=2269.74612006  CERT
932886972,0,1 RHO mem=True nz=True ynz=True cond=True claim_agree=True upper=0.920202812624  CERT
932886972,0,1 T   mem=True nz=True ynz=True cond=True claim_agree=True upper=2105.89789449  CERT
961613494,0,1 RHO mem=True nz=True ynz=True cond=True claim_agree=True upper=0.931524796394  CERT
961613494,0,1 T   mem=True nz=True ynz=True cond=True claim_agree=True upper=2538.27332061  CERT
984354382,0,1 RHO mem=True nz=True ynz=True cond=True claim_agree=True upper=0.955689461511  CERT
984354382,0,1 T   mem=True nz=True ynz=True cond=True claim_agree=True upper=2319.16627979  CERT
FAMILY VERIFY n=7 l=1000424129 : EXCLUDED (components certified 32 / 32 ; lines 64 ; failed lines 0)
FAMILY VERIFY PASS
