FACTORIZATION: 32 irreducible factors of degree 2 over F_1001172929: OK
12442823,0,1 RHO mem=True nz=True ynz=True cond=True claim_agree=True upper=0.935154443109  CERT
12442823,0,1 T   mem=True nz=True ynz=True cond=True claim_agree=True upper=2607.25563302  CERT
23403497,0,1 RHO mem=True nz=True ynz=True cond=True claim_agree=True upper=0.922875201770  CERT
23403497,0,1 T   mem=True nz=True ynz=True cond=True claim_agree=True upper=2808.22195877  CERT
116541149,0,1 RHO mem=True nz=True ynz=True cond=True claim_agree=True upper=0.943741901354  CERT
116541149,0,1 T   mem=True nz=True ynz=True cond=True claim_agree=True upper=2891.19416289  CERT
147565269,0,1 RHO mem=True nz=True ynz=True cond=True claim_agree=True upper=0.942516465575  CERT
147565269,0,1 T   mem=True nz=True ynz=True cond=True claim_agree=True upper=2011.23439005  CERT
174898908,0,1 RHO mem=True nz=True ynz=True cond=True claim_agree=True upper=0.952236186780  CERT
174898908,0,1 T   mem=True nz=True ynz=True cond=True claim_agree=True upper=2497.20093066  CERT
190810118,0,1 RHO mem=True nz=True ynz=True cond=True claim_agree=True upper=0.961424444877  CERT
190810118,0,1 T   mem=True nz=True ynz=True cond=True claim_agree=True upper=2536.75464224  CERT
192284066,0,1 RHO mem=True nz=True ynz=True cond=True claim_agree=True upper=0.950192245910  CERT
192284066,0,1 T   mem=True nz=True ynz=True cond=True claim_agree=True upper=2605.83288310  CERT
285495276,0,1 RHO mem=True nz=True ynz=True cond=True claim_agree=True upper=0.958827228804  CERT
285495276,0,1 T   mem=True nz=True ynz=True cond=True claim_agree=True upper=2174.02612405  CERT
296549466,0,1 RHO mem=True nz=True ynz=True cond=True claim_agree=True upper=0.896239246281  CERT
296549466,0,1 T   mem=True nz=True ynz=True cond=True claim_agree=True upper=3156.61669970  CERT
311259198,0,1 RHO mem=True nz=True ynz=True cond=True claim_agree=True upper=0.924570701323  CERT
311259198,0,1 T   mem=True nz=True ynz=True cond=True claim_agree=True upper=2710.81244746  CERT
313643582,0,1 RHO mem=True nz=True ynz=True cond=True claim_agree=True upper=0.922875201770  CERT
313643582,0,1 T   mem=True nz=True ynz=True cond=True claim_agree=True upper=3041.18839607  CERT
393578215,0,1 RHO mem=True nz=True ynz=True cond=True claim_agree=True upper=0.887840365851  CERT
393578215,0,1 T   mem=True nz=True ynz=True cond=True claim_agree=True upper=2410.07567973  CERT
420180545,0,1 RHO mem=True nz=True ynz=True cond=True claim_agree=True upper=0.933059552709  CERT
420180545,0,1 T   mem=True nz=True ynz=True cond=True claim_agree=True upper=2482.23111649  CERT
479300256,0,1 RHO mem=True nz=True ynz=True cond=True claim_agree=True upper=0.933828996345  CERT
479300256,0,1 T   mem=True nz=True ynz=True cond=True claim_agree=True upper=2996.92230033  CERT
489343380,0,1 RHO mem=True nz=True ynz=True cond=True claim_agree=True upper=0.958827228804  CERT
489343380,0,1 T   mem=True nz=True ynz=True cond=True claim_agree=True upper=2348.77185614  CERT
499814477,0,1 RHO mem=True nz=True ynz=True cond=True claim_agree=True upper=0.887840365851  CERT
499814477,0,1 T   mem=True nz=True ynz=True cond=True claim_agree=True upper=2608.26970304  CERT
501358452,0,1 RHO mem=True nz=True ynz=True cond=True claim_agree=True upper=0.939911281378  CERT
501358452,0,1 T   mem=True nz=True ynz=True cond=True claim_agree=True upper=2104.29095454  CERT
511829549,0,1 RHO mem=True nz=True ynz=True cond=True claim_agree=True upper=0.905238663107  CERT
511829549,0,1 T   mem=True nz=True ynz=True cond=True claim_agree=True upper=2817.90118264  CERT
521872673,0,1 RHO mem=True nz=True ynz=True cond=True claim_agree=True upper=0.952236186780  CERT
521872673,0,1 T   mem=True nz=True ynz=True cond=True claim_agree=True upper=3193.47673781  CERT
580992384,0,1 RHO mem=True nz=True ynz=True cond=True claim_agree=True upper=0.942516465575  CERT
580992384,0,1 T   mem=True nz=True ynz=True cond=True claim_agree=True upper=1967.70943578  CERT
607594714,0,1 RHO mem=True nz=True ynz=True cond=True claim_agree=True upper=0.939911281378  CERT
607594714,0,1 T   mem=True nz=True ynz=True cond=True claim_agree=True upper=2517.29846130  CERT
687529347,0,1 RHO mem=True nz=True ynz=True cond=True claim_agree=True upper=0.966593886329  CERT
687529347,0,1 T   mem=True nz=True ynz=True cond=True claim_agree=True upper=3220.95131963  CERT
689913731,0,1 RHO mem=True nz=True ynz=True cond=True claim_agree=True upper=0.943741901354  CERT
689913731,0,1 T   mem=True nz=True ynz=True cond=True claim_agree=True upper=2508.50490219  CERT
704623463,0,1 RHO mem=True nz=True ynz=True cond=True claim_agree=True upper=0.950192245910  CERT
704623463,0,1 T   mem=True nz=True ynz=True cond=True claim_agree=True upper=2954.52621364  CERT
715677653,0,1 RHO mem=True nz=True ynz=True cond=True claim_agree=True upper=0.905238663107  CERT
715677653,0,1 T   mem=True nz=True ynz=True cond=True claim_agree=True upper=2343.49227008  CERT
808888863,0,1 RHO mem=True nz=True ynz=True cond=True claim_agree=True upper=0.896239246281  CERT
808888863,0,1 T   mem=True nz=True ynz=True cond=True claim_agree=True upper=2493.91510556  CERT
810362811,0,1 RHO mem=True nz=True ynz=True cond=True claim_agree=True upper=0.935154443109  CERT
810362811,0,1 T   mem=True nz=True ynz=True cond=True claim_agree=True upper=2682.09966944  CERT
826274021,0,1 RHO mem=True nz=True ynz=True cond=True claim_agree=True upper=0.933828996345  CERT
826274021,0,1 T   mem=True nz=True ynz=True cond=True claim_agree=True upper=2959.77379126  CERT
853607660,0,1 RHO mem=True nz=True ynz=True cond=True claim_agree=True upper=0.933059552709  CERT
853607660,0,1 T   mem=True nz=True ynz=True cond=True claim_agree=True upper=1810.62897332  CERT
884631780,0,1 RHO mem=True nz=True ynz=True cond=True claim_agree=True upper=0.924570701323  CERT
884631780,0,1 T   mem=True nz=True ynz=True cond=True claim_agree=True upper=2660.23060852  CERT
977769432,0,1 RHO mem=True nz=True ynz=True cond=True claim_agree=True upper=0.966593886329  CERT
977769432,0,1 T   mem=True nz=True ynz=True cond=True claim_agree=True upper=3608.81115768  CERT
988730106,0,1 RHO mem=True nz=True ynz=True cond=True claim_agree=True upper=0.961424444877  CERT
988730106,0,1 T   mem=True nz=True ynz=True cond=True claim_agree=True upper=3133.37595315  CERT
FAMILY VERIFY n=7 l=1001172929 : EXCLUDED (components certified 32 / 32 ; lines 64 ; failed lines 0)
FAMILY VERIFY PASS
