FACTORIZATION: 32 irreducible factors of degree 2 over F_1000447681: OK
24397741,0,1 RHO mem=True nz=True ynz=True cond=True claim_agree=True upper=0.865605279847  CERT
24397741,0,1 T   mem=True nz=True ynz=True cond=True claim_agree=True upper=2544.02987470  CERT
58651425,0,1 RHO mem=True nz=True ynz=True cond=True claim_agree=True upper=0.917423880110  CERT
58651425,0,1 T   mem=True nz=True ynz=True cond=True claim_agree=True upper=2158.18505710  CERT
66042727,0,1 RHO mem=True nz=True ynz=True cond=True claim_agree=True upper=0.855403670726  CERT
66042727,0,1 T   mem=True nz=True ynz=True cond=True claim_agree=True upper=2393.60760383  CERT
80200563,0,1 RHO mem=True nz=True ynz=True cond=True claim_agree=True upper=0.914751254558  CERT
80200563,0,1 T   mem=True nz=True ynz=True cond=True claim_agree=True upper=1962.44180364  CERT
130743554,0,1 RHO mem=True nz=True ynz=True cond=True claim_agree=True upper=0.855403670726  CERT
130743554,0,1 T   mem=True nz=True ynz=True cond=True claim_agree=True upper=1447.81578357  CERT
166773408,0,1 RHO mem=True nz=True ynz=True cond=True claim_agree=True upper=0.803108674135  CERT
166773408,0,1 T   mem=True nz=True ynz=True cond=True claim_agree=True upper=1005.48938561  CERT
189093579,0,1 RHO mem=True nz=True ynz=True cond=True claim_agree=True upper=0.922735529109  CERT
189093579,0,1 T   mem=True nz=True ynz=True cond=True claim_agree=True upper=2147.54206805  CERT
230367699,0,1 RHO mem=True nz=True ynz=True cond=True claim_agree=True upper=0.881185160521  CERT
230367699,0,1 T   mem=True nz=True ynz=True cond=True claim_agree=True upper=1508.30711412  CERT
276912968,0,1 RHO mem=True nz=True ynz=True cond=True claim_agree=True upper=0.801277714885  CERT
276912968,0,1 T   mem=True nz=True ynz=True cond=True claim_agree=True upper=1906.38165633  CERT
279322396,0,1 RHO mem=True nz=True ynz=True cond=True claim_agree=True upper=0.852818452551  CERT
279322396,0,1 T   mem=True nz=True ynz=True cond=True claim_agree=True upper=1255.14325572  CERT
289742696,0,1 RHO mem=True nz=True ynz=True cond=True claim_agree=True upper=0.838118913976  CERT
289742696,0,1 T   mem=True nz=True ynz=True cond=True claim_agree=True upper=1654.92757605  CERT
335581385,0,1 RHO mem=True nz=True ynz=True cond=True claim_agree=True upper=0.865605279847  CERT
335581385,0,1 T   mem=True nz=True ynz=True cond=True claim_agree=True upper=1246.06884450  CERT
360468815,0,1 RHO mem=True nz=True ynz=True cond=True claim_agree=True upper=0.859233274451  CERT
360468815,0,1 T   mem=True nz=True ynz=True cond=True claim_agree=True upper=1610.51179016  CERT
419567261,0,1 RHO mem=True nz=True ynz=True cond=True claim_agree=True upper=0.894124794291  CERT
419567261,0,1 T   mem=True nz=True ynz=True cond=True claim_agree=True upper=3060.54495495  CERT
449077595,0,1 RHO mem=True nz=True ynz=True cond=True claim_agree=True upper=0.852818452551  CERT
449077595,0,1 T   mem=True nz=True ynz=True cond=True claim_agree=True upper=1940.65259366  CERT
497528574,0,1 RHO mem=True nz=True ynz=True cond=True claim_agree=True upper=0.881185160521  CERT
497528574,0,1 T   mem=True nz=True ynz=True cond=True claim_agree=True upper=3294.89879393  CERT
502919107,0,1 RHO mem=True nz=True ynz=True cond=True claim_agree=True upper=0.852412762772  CERT
502919107,0,1 T   mem=True nz=True ynz=True cond=True claim_agree=True upper=1979.01160547  CERT
551370086,0,1 RHO mem=True nz=True ynz=True cond=True claim_agree=True upper=0.867568812746  CERT
551370086,0,1 T   mem=True nz=True ynz=True cond=True claim_agree=True upper=3114.17218344  CERT
580880420,0,1 RHO mem=True nz=True ynz=True cond=True claim_agree=True upper=0.859233274451  CERT
580880420,0,1 T   mem=True nz=True ynz=True cond=True claim_agree=True upper=2479.56557730  CERT
639978866,0,1 RHO mem=True nz=True ynz=True cond=True claim_agree=True upper=0.894124794291  CERT
639978866,0,1 T   mem=True nz=True ynz=True cond=True claim_agree=True upper=1705.65515023  CERT
664866296,0,1 RHO mem=True nz=True ynz=True cond=True claim_agree=True upper=0.851229362492  CERT
664866296,0,1 T   mem=True nz=True ynz=True cond=True claim_agree=True upper=2017.28927896  CERT
710704985,0,1 RHO mem=True nz=True ynz=True cond=True claim_agree=True upper=0.914751254558  CERT
710704985,0,1 T   mem=True nz=True ynz=True cond=True claim_agree=True upper=3085.74547681  CERT
721125285,0,1 RHO mem=True nz=True ynz=True cond=True claim_agree=True upper=0.867568812746  CERT
721125285,0,1 T   mem=True nz=True ynz=True cond=True claim_agree=True upper=1807.98089200  CERT
723534713,0,1 RHO mem=True nz=True ynz=True cond=True claim_agree=True upper=0.922735529109  CERT
723534713,0,1 T   mem=True nz=True ynz=True cond=True claim_agree=True upper=2648.35563755  CERT
770079982,0,1 RHO mem=True nz=True ynz=True cond=True claim_agree=True upper=0.852412762772  CERT
770079982,0,1 T   mem=True nz=True ynz=True cond=True claim_agree=True upper=1692.83474429  CERT
811354102,0,1 RHO mem=True nz=True ynz=True cond=True claim_agree=True upper=0.801277714885  CERT
811354102,0,1 T   mem=True nz=True ynz=True cond=True claim_agree=True upper=1483.33321662  CERT
833674273,0,1 RHO mem=True nz=True ynz=True cond=True claim_agree=True upper=0.917423880110  CERT
833674273,0,1 T   mem=True nz=True ynz=True cond=True claim_agree=True upper=1995.72486315  CERT
869704127,0,1 RHO mem=True nz=True ynz=True cond=True claim_agree=True upper=0.884153547580  CERT
869704127,0,1 T   mem=True nz=True ynz=True cond=True claim_agree=True upper=1513.36458119  CERT
920247118,0,1 RHO mem=True nz=True ynz=True cond=True claim_agree=True upper=0.838118913976  CERT
920247118,0,1 T   mem=True nz=True ynz=True cond=True claim_agree=True upper=1636.09552265  CERT
934404954,0,1 RHO mem=True nz=True ynz=True cond=True claim_agree=True upper=0.884153547580  CERT
934404954,0,1 T   mem=True nz=True ynz=True cond=True claim_agree=True upper=2678.25222090  CERT
941796256,0,1 RHO mem=True nz=True ynz=True cond=True claim_agree=True upper=0.803108674135  CERT
941796256,0,1 T   mem=True nz=True ynz=True cond=True claim_agree=True upper=1493.43730466  CERT
976049940,0,1 RHO mem=True nz=True ynz=True cond=True claim_agree=True upper=0.851229362492  CERT
976049940,0,1 T   mem=True nz=True ynz=True cond=True claim_agree=True upper=2790.05309907  CERT
FAMILY VERIFY n=7 l=1000447681 : EXCLUDED (components certified 32 / 32 ; lines 64 ; failed lines 0)
FAMILY VERIFY PASS
