FACTORIZATION: 32 irreducible factors of degree 2 over F_1000281281: OK
33165082,0,1 RHO mem=True nz=True ynz=True cond=True claim_agree=True upper=0.952860078549  CERT
33165082,0,1 T   mem=True nz=True ynz=True cond=True claim_agree=True upper=2606.66086622  CERT
45179293,0,1 RHO mem=True nz=True ynz=True cond=True claim_agree=True upper=0.978132410767  CERT
45179293,0,1 T   mem=True nz=True ynz=True cond=True claim_agree=True upper=2382.50727593  CERT
97039067,0,1 RHO mem=True nz=True ynz=True cond=True claim_agree=True upper=0.939371516269  CERT
97039067,0,1 T   mem=True nz=True ynz=True cond=True claim_agree=True upper=2031.95724775  CERT
141250119,0,1 RHO mem=True nz=True ynz=True cond=True claim_agree=True upper=0.978132410767  CERT
141250119,0,1 T   mem=True nz=True ynz=True cond=True claim_agree=True upper=3027.07386534  CERT
166493217,0,1 RHO mem=True nz=True ynz=True cond=True claim_agree=True upper=0.955432192638  CERT
166493217,0,1 T   mem=True nz=True ynz=True cond=True claim_agree=True upper=2995.09678954  CERT
213579950,0,1 RHO mem=True nz=True ynz=True cond=True claim_agree=True upper=0.954187094299  CERT
213579950,0,1 T   mem=True nz=True ynz=True cond=True claim_agree=True upper=3112.80792174  CERT
214767174,0,1 RHO mem=True nz=True ynz=True cond=True claim_agree=True upper=0.937292796060  CERT
214767174,0,1 T   mem=True nz=True ynz=True cond=True claim_agree=True upper=2309.63711675  CERT
287185795,0,1 RHO mem=True nz=True ynz=True cond=True claim_agree=True upper=0.961971883796  CERT
287185795,0,1 T   mem=True nz=True ynz=True cond=True claim_agree=True upper=2740.00719262  CERT
289375886,0,1 RHO mem=True nz=True ynz=True cond=True claim_agree=True upper=0.974583649779  CERT
289375886,0,1 T   mem=True nz=True ynz=True cond=True claim_agree=True upper=2940.28565499  CERT
291886261,0,1 RHO mem=True nz=True ynz=True cond=True claim_agree=True upper=0.905461510603  CERT
291886261,0,1 T   mem=True nz=True ynz=True cond=True claim_agree=True upper=2573.08349435  CERT
308296292,0,1 RHO mem=True nz=True ynz=True cond=True claim_agree=True upper=0.967636622489  CERT
308296292,0,1 T   mem=True nz=True ynz=True cond=True claim_agree=True upper=3114.81207837  CERT
319185596,0,1 RHO mem=True nz=True ynz=True cond=True claim_agree=True upper=0.960183202753  CERT
319185596,0,1 T   mem=True nz=True ynz=True cond=True claim_agree=True upper=2476.68654943  CERT
367108053,0,1 RHO mem=True nz=True ynz=True cond=True claim_agree=True upper=0.952860078549  CERT
367108053,0,1 T   mem=True nz=True ynz=True cond=True claim_agree=True upper=2757.73548518  CERT
373702758,0,1 RHO mem=True nz=True ynz=True cond=True claim_agree=True upper=0.938692574710  CERT
373702758,0,1 T   mem=True nz=True ynz=True cond=True claim_agree=True upper=2333.38518485  CERT
446610308,0,1 RHO mem=True nz=True ynz=True cond=True claim_agree=True upper=0.967547965014  CERT
446610308,0,1 T   mem=True nz=True ynz=True cond=True claim_agree=True upper=2502.08581504  CERT
451879139,0,1 RHO mem=True nz=True ynz=True cond=True claim_agree=True upper=0.967547965014  CERT
451879139,0,1 T   mem=True nz=True ynz=True cond=True claim_agree=True upper=2499.27703413  CERT
548402142,0,1 RHO mem=True nz=True ynz=True cond=True claim_agree=True upper=0.975214612151  CERT
548402142,0,1 T   mem=True nz=True ynz=True cond=True claim_agree=True upper=2843.30880379  CERT
553670973,0,1 RHO mem=True nz=True ynz=True cond=True claim_agree=True upper=0.975352248201  CERT
553670973,0,1 T   mem=True nz=True ynz=True cond=True claim_agree=True upper=2536.44502914  CERT
626578523,0,1 RHO mem=True nz=True ynz=True cond=True claim_agree=True upper=0.967636622489  CERT
626578523,0,1 T   mem=True nz=True ynz=True cond=True claim_agree=True upper=2638.77511129  CERT
633173228,0,1 RHO mem=True nz=True ynz=True cond=True claim_agree=True upper=0.928781304791  CERT
633173228,0,1 T   mem=True nz=True ynz=True cond=True claim_agree=True upper=2532.18031877  CERT
681095685,0,1 RHO mem=True nz=True ynz=True cond=True claim_agree=True upper=0.955432192638  CERT
681095685,0,1 T   mem=True nz=True ynz=True cond=True claim_agree=True upper=2296.40717667  CERT
691984989,0,1 RHO mem=True nz=True ynz=True cond=True claim_agree=True upper=0.938692574710  CERT
691984989,0,1 T   mem=True nz=True ynz=True cond=True claim_agree=True upper=2055.17803131  CERT
708395020,0,1 RHO mem=True nz=True ynz=True cond=True claim_agree=True upper=0.961971883796  CERT
708395020,0,1 T   mem=True nz=True ynz=True cond=True claim_agree=True upper=2457.35472916  CERT
710905395,0,1 RHO mem=True nz=True ynz=True cond=True claim_agree=True upper=0.937292796060  CERT
710905395,0,1 T   mem=True nz=True ynz=True cond=True claim_agree=True upper=2335.31557656  CERT
713095486,0,1 RHO mem=True nz=True ynz=True cond=True claim_agree=True upper=0.905461510603  CERT
713095486,0,1 T   mem=True nz=True ynz=True cond=True claim_agree=True upper=2615.69722023  CERT
785514107,0,1 RHO mem=True nz=True ynz=True cond=True claim_agree=True upper=0.974583649779  CERT
785514107,0,1 T   mem=True nz=True ynz=True cond=True claim_agree=True upper=2040.50558393  CERT
786701331,0,1 RHO mem=True nz=True ynz=True cond=True claim_agree=True upper=0.939371516269  CERT
786701331,0,1 T   mem=True nz=True ynz=True cond=True claim_agree=True upper=2704.81018841  CERT
833788064,0,1 RHO mem=True nz=True ynz=True cond=True claim_agree=True upper=0.960183202753  CERT
833788064,0,1 T   mem=True nz=True ynz=True cond=True claim_agree=True upper=2421.02044156  CERT
859031162,0,1 RHO mem=True nz=True ynz=True cond=True claim_agree=True upper=0.928651536147  CERT
859031162,0,1 T   mem=True nz=True ynz=True cond=True claim_agree=True upper=2420.73651887  CERT
903242214,0,1 RHO mem=True nz=True ynz=True cond=True claim_agree=True upper=0.954187094299  CERT
903242214,0,1 T   mem=True nz=True ynz=True cond=True claim_agree=True upper=2790.22459142  CERT
955101988,0,1 RHO mem=True nz=True ynz=True cond=True claim_agree=True upper=0.928651536147  CERT
955101988,0,1 T   mem=True nz=True ynz=True cond=True claim_agree=True upper=1941.01304548  CERT
967116199,0,1 RHO mem=True nz=True ynz=True cond=True claim_agree=True upper=0.928781304791  CERT
967116199,0,1 T   mem=True nz=True ynz=True cond=True claim_agree=True upper=2392.38775355  CERT
FAMILY VERIFY n=7 l=1000281281 : EXCLUDED (components certified 32 / 32 ; lines 64 ; failed lines 0)
FAMILY VERIFY PASS
