FACTORIZATION: 32 irreducible factors of degree 2 over F_1000228673: OK
50177896,0,1 RHO mem=True nz=True ynz=True cond=True claim_agree=True upper=0.961906514207  CERT
50177896,0,1 T   mem=True nz=True ynz=True cond=True claim_agree=True upper=2241.89079562  CERT
139865033,0,1 RHO mem=True nz=True ynz=True cond=True claim_agree=True upper=0.970998504868  CERT
139865033,0,1 T   mem=True nz=True ynz=True cond=True claim_agree=True upper=2789.08880744  CERT
185273374,0,1 RHO mem=True nz=True ynz=True cond=True claim_agree=True upper=0.936835795270  CERT
185273374,0,1 T   mem=True nz=True ynz=True cond=True claim_agree=True upper=2062.98895339  CERT
206409469,0,1 RHO mem=True nz=True ynz=True cond=True claim_agree=True upper=0.976055452860  CERT
206409469,0,1 T   mem=True nz=True ynz=True cond=True claim_agree=True upper=2881.32608988  CERT
214524479,0,1 RHO mem=True nz=True ynz=True cond=True claim_agree=True upper=0.967839944113  CERT
214524479,0,1 T   mem=True nz=True ynz=True cond=True claim_agree=True upper=2634.81431092  CERT
215047108,0,1 RHO mem=True nz=True ynz=True cond=True claim_agree=True upper=0.967627788508  CERT
215047108,0,1 T   mem=True nz=True ynz=True cond=True claim_agree=True upper=2496.86235079  CERT
222886195,0,1 RHO mem=True nz=True ynz=True cond=True claim_agree=True upper=0.970998504868  CERT
222886195,0,1 T   mem=True nz=True ynz=True cond=True claim_agree=True upper=2301.84324854  CERT
280904345,0,1 RHO mem=True nz=True ynz=True cond=True claim_agree=True upper=0.976075337077  CERT
280904345,0,1 T   mem=True nz=True ynz=True cond=True claim_agree=True upper=2624.26860466  CERT
322983239,0,1 RHO mem=True nz=True ynz=True cond=True claim_agree=True upper=0.956008946707  CERT
322983239,0,1 T   mem=True nz=True ynz=True cond=True claim_agree=True upper=2445.40842546  CERT
333493014,0,1 RHO mem=True nz=True ynz=True cond=True claim_agree=True upper=0.901946452424  CERT
333493014,0,1 T   mem=True nz=True ynz=True cond=True claim_agree=True upper=2298.52317359  CERT
408824623,0,1 RHO mem=True nz=True ynz=True cond=True claim_agree=True upper=0.976075337077  CERT
408824623,0,1 T   mem=True nz=True ynz=True cond=True claim_agree=True upper=2823.81823649  CERT
408848642,0,1 RHO mem=True nz=True ynz=True cond=True claim_agree=True upper=0.956008946707  CERT
408848642,0,1 T   mem=True nz=True ynz=True cond=True claim_agree=True upper=2351.19682040  CERT
421163720,0,1 RHO mem=True nz=True ynz=True cond=True claim_agree=True upper=0.957179924168  CERT
421163720,0,1 T   mem=True nz=True ynz=True cond=True claim_agree=True upper=2170.99379330  CERT
441098216,0,1 RHO mem=True nz=True ynz=True cond=True claim_agree=True upper=0.936835795270  CERT
441098216,0,1 T   mem=True nz=True ynz=True cond=True claim_agree=True upper=2507.48306576  CERT
454354913,0,1 RHO mem=True nz=True ynz=True cond=True claim_agree=True upper=0.943016348988  CERT
454354913,0,1 T   mem=True nz=True ynz=True cond=True claim_agree=True upper=2072.43793139  CERT
480570024,0,1 RHO mem=True nz=True ynz=True cond=True claim_agree=True upper=0.967627788508  CERT
480570024,0,1 T   mem=True nz=True ynz=True cond=True claim_agree=True upper=2325.74601614  CERT
519658649,0,1 RHO mem=True nz=True ynz=True cond=True claim_agree=True upper=0.951118560720  CERT
519658649,0,1 T   mem=True nz=True ynz=True cond=True claim_agree=True upper=2154.53971140  CERT
545873760,0,1 RHO mem=True nz=True ynz=True cond=True claim_agree=True upper=0.957179924168  CERT
545873760,0,1 T   mem=True nz=True ynz=True cond=True claim_agree=True upper=3127.20173505  CERT
559130457,0,1 RHO mem=True nz=True ynz=True cond=True claim_agree=True upper=0.974558808633  CERT
559130457,0,1 T   mem=True nz=True ynz=True cond=True claim_agree=True upper=2148.12896980  CERT
579064953,0,1 RHO mem=True nz=True ynz=True cond=True claim_agree=True upper=0.943016348988  CERT
579064953,0,1 T   mem=True nz=True ynz=True cond=True claim_agree=True upper=2539.59415186  CERT
591380031,0,1 RHO mem=True nz=True ynz=True cond=True claim_agree=True upper=0.951280982832  CERT
591380031,0,1 T   mem=True nz=True ynz=True cond=True claim_agree=True upper=2286.72694206  CERT
591404050,0,1 RHO mem=True nz=True ynz=True cond=True claim_agree=True upper=0.929910536464  CERT
591404050,0,1 T   mem=True nz=True ynz=True cond=True claim_agree=True upper=2188.78266576  CERT
666735659,0,1 RHO mem=True nz=True ynz=True cond=True claim_agree=True upper=0.967839944113  CERT
666735659,0,1 T   mem=True nz=True ynz=True cond=True claim_agree=True upper=2675.14716483  CERT
677245434,0,1 RHO mem=True nz=True ynz=True cond=True claim_agree=True upper=0.951280982832  CERT
677245434,0,1 T   mem=True nz=True ynz=True cond=True claim_agree=True upper=2632.76624362  CERT
719324328,0,1 RHO mem=True nz=True ynz=True cond=True claim_agree=True upper=0.929910536464  CERT
719324328,0,1 T   mem=True nz=True ynz=True cond=True claim_agree=True upper=3043.49207238  CERT
777342478,0,1 RHO mem=True nz=True ynz=True cond=True claim_agree=True upper=0.942549325846  CERT
777342478,0,1 T   mem=True nz=True ynz=True cond=True claim_agree=True upper=2506.37562790  CERT
785181565,0,1 RHO mem=True nz=True ynz=True cond=True claim_agree=True upper=0.951118560720  CERT
785181565,0,1 T   mem=True nz=True ynz=True cond=True claim_agree=True upper=2061.44897251  CERT
785704194,0,1 RHO mem=True nz=True ynz=True cond=True claim_agree=True upper=0.901946452424  CERT
785704194,0,1 T   mem=True nz=True ynz=True cond=True claim_agree=True upper=2801.98913716  CERT
793819204,0,1 RHO mem=True nz=True ynz=True cond=True claim_agree=True upper=0.961906514207  CERT
793819204,0,1 T   mem=True nz=True ynz=True cond=True claim_agree=True upper=2571.92561405  CERT
814955299,0,1 RHO mem=True nz=True ynz=True cond=True claim_agree=True upper=0.974558808633  CERT
814955299,0,1 T   mem=True nz=True ynz=True cond=True claim_agree=True upper=3030.27329510  CERT
860363640,0,1 RHO mem=True nz=True ynz=True cond=True claim_agree=True upper=0.942549325846  CERT
860363640,0,1 T   mem=True nz=True ynz=True cond=True claim_agree=True upper=2370.85973790  CERT
950050777,0,1 RHO mem=True nz=True ynz=True cond=True claim_agree=True upper=0.976055452860  CERT
950050777,0,1 T   mem=True nz=True ynz=True cond=True claim_agree=True upper=2546.74328813  CERT
FAMILY VERIFY n=7 l=1000228673 : EXCLUDED (components certified 32 / 32 ; lines 64 ; failed lines 0)
FAMILY VERIFY PASS
