FACTORIZATION: 32 irreducible factors of degree 2 over F_1001131841: OK
27863253,0,1 RHO mem=True nz=True ynz=True cond=True claim_agree=True upper=0.972078292915  CERT
27863253,0,1 T   mem=True nz=True ynz=True cond=True claim_agree=True upper=1843.86906035  CERT
34572635,0,1 RHO mem=True nz=True ynz=True cond=True claim_agree=True upper=0.951201658615  CERT
34572635,0,1 T   mem=True nz=True ynz=True cond=True claim_agree=True upper=2138.74875762  CERT
51590760,0,1 RHO mem=True nz=True ynz=True cond=True claim_agree=True upper=0.947177100094  CERT
51590760,0,1 T   mem=True nz=True ynz=True cond=True claim_agree=True upper=3129.28522586  CERT
168536232,0,1 RHO mem=True nz=True ynz=True cond=True claim_agree=True upper=0.959932713728  CERT
168536232,0,1 T   mem=True nz=True ynz=True cond=True claim_agree=True upper=2809.28739339  CERT
216831916,0,1 RHO mem=True nz=True ynz=True cond=True claim_agree=True upper=0.974398053435  CERT
216831916,0,1 T   mem=True nz=True ynz=True cond=True claim_agree=True upper=2401.80374669  CERT
235746622,0,1 RHO mem=True nz=True ynz=True cond=True claim_agree=True upper=0.969052448069  CERT
235746622,0,1 T   mem=True nz=True ynz=True cond=True claim_agree=True upper=3230.28252712  CERT
303770673,0,1 RHO mem=True nz=True ynz=True cond=True claim_agree=True upper=0.930054884089  CERT
303770673,0,1 T   mem=True nz=True ynz=True cond=True claim_agree=True upper=2117.17954332  CERT
309047394,0,1 RHO mem=True nz=True ynz=True cond=True claim_agree=True upper=0.969544939823  CERT
309047394,0,1 T   mem=True nz=True ynz=True cond=True claim_agree=True upper=2739.65419678  CERT
316990061,0,1 RHO mem=True nz=True ynz=True cond=True claim_agree=True upper=0.959932713728  CERT
316990061,0,1 T   mem=True nz=True ynz=True cond=True claim_agree=True upper=2327.70538632  CERT
369505566,0,1 RHO mem=True nz=True ynz=True cond=True claim_agree=True upper=0.946366425369  CERT
369505566,0,1 T   mem=True nz=True ynz=True cond=True claim_agree=True upper=2580.21333660  CERT
376480685,0,1 RHO mem=True nz=True ynz=True cond=True claim_agree=True upper=0.951201658615  CERT
376480685,0,1 T   mem=True nz=True ynz=True cond=True claim_agree=True upper=2285.77699381  CERT
405027386,0,1 RHO mem=True nz=True ynz=True cond=True claim_agree=True upper=0.974398053435  CERT
405027386,0,1 T   mem=True nz=True ynz=True cond=True claim_agree=True upper=2662.67122901  CERT
416678256,0,1 RHO mem=True nz=True ynz=True cond=True claim_agree=True upper=0.969544939823  CERT
416678256,0,1 T   mem=True nz=True ynz=True cond=True claim_agree=True upper=2466.29980863  CERT
424645643,0,1 RHO mem=True nz=True ynz=True cond=True claim_agree=True upper=0.930116993104  CERT
424645643,0,1 T   mem=True nz=True ynz=True cond=True claim_agree=True upper=2173.93160748  CERT
459738266,0,1 RHO mem=True nz=True ynz=True cond=True claim_agree=True upper=0.969052448069  CERT
459738266,0,1 T   mem=True nz=True ynz=True cond=True claim_agree=True upper=2554.50299655  CERT
468573562,0,1 RHO mem=True nz=True ynz=True cond=True claim_agree=True upper=0.930116993104  CERT
468573562,0,1 T   mem=True nz=True ynz=True cond=True claim_agree=True upper=1834.88871783  CERT
532558279,0,1 RHO mem=True nz=True ynz=True cond=True claim_agree=True upper=0.976842905854  CERT
532558279,0,1 T   mem=True nz=True ynz=True cond=True claim_agree=True upper=2652.36731062  CERT
541393575,0,1 RHO mem=True nz=True ynz=True cond=True claim_agree=True upper=0.982797999256  CERT
541393575,0,1 T   mem=True nz=True ynz=True cond=True claim_agree=True upper=2845.83674778  CERT
576486198,0,1 RHO mem=True nz=True ynz=True cond=True claim_agree=True upper=0.976842905854  CERT
576486198,0,1 T   mem=True nz=True ynz=True cond=True claim_agree=True upper=2915.53629097  CERT
584453585,0,1 RHO mem=True nz=True ynz=True cond=True claim_agree=True upper=0.971360481163  CERT
584453585,0,1 T   mem=True nz=True ynz=True cond=True claim_agree=True upper=3044.64315583  CERT
596104455,0,1 RHO mem=True nz=True ynz=True cond=True claim_agree=True upper=0.946297231082  CERT
596104455,0,1 T   mem=True nz=True ynz=True cond=True claim_agree=True upper=2911.51963360  CERT
624651156,0,1 RHO mem=True nz=True ynz=True cond=True claim_agree=True upper=0.968452722472  CERT
624651156,0,1 T   mem=True nz=True ynz=True cond=True claim_agree=True upper=2641.91300112  CERT
631626275,0,1 RHO mem=True nz=True ynz=True cond=True claim_agree=True upper=0.947177100094  CERT
631626275,0,1 T   mem=True nz=True ynz=True cond=True claim_agree=True upper=2369.49338217  CERT
684141780,0,1 RHO mem=True nz=True ynz=True cond=True claim_agree=True upper=0.940970937429  CERT
684141780,0,1 T   mem=True nz=True ynz=True cond=True claim_agree=True upper=2500.04922617  CERT
692084447,0,1 RHO mem=True nz=True ynz=True cond=True claim_agree=True upper=0.971360481163  CERT
692084447,0,1 T   mem=True nz=True ynz=True cond=True claim_agree=True upper=3138.79302358  CERT
697361168,0,1 RHO mem=True nz=True ynz=True cond=True claim_agree=True upper=0.972078292915  CERT
697361168,0,1 T   mem=True nz=True ynz=True cond=True claim_agree=True upper=2416.68903196  CERT
765385219,0,1 RHO mem=True nz=True ynz=True cond=True claim_agree=True upper=0.982797999256  CERT
765385219,0,1 T   mem=True nz=True ynz=True cond=True claim_agree=True upper=2568.90385296  CERT
784299925,0,1 RHO mem=True nz=True ynz=True cond=True claim_agree=True upper=0.946297231082  CERT
784299925,0,1 T   mem=True nz=True ynz=True cond=True claim_agree=True upper=2900.25570754  CERT
832595609,0,1 RHO mem=True nz=True ynz=True cond=True claim_agree=True upper=0.940970937429  CERT
832595609,0,1 T   mem=True nz=True ynz=True cond=True claim_agree=True upper=2854.04776075  CERT
949541081,0,1 RHO mem=True nz=True ynz=True cond=True claim_agree=True upper=0.946366425369  CERT
949541081,0,1 T   mem=True nz=True ynz=True cond=True claim_agree=True upper=2394.36029892  CERT
966559206,0,1 RHO mem=True nz=True ynz=True cond=True claim_agree=True upper=0.968452722472  CERT
966559206,0,1 T   mem=True nz=True ynz=True cond=True claim_agree=True upper=2654.23881070  CERT
973268588,0,1 RHO mem=True nz=True ynz=True cond=True claim_agree=True upper=0.930054884089  CERT
973268588,0,1 T   mem=True nz=True ynz=True cond=True claim_agree=True upper=3486.21955031  CERT
FAMILY VERIFY n=7 l=1001131841 : EXCLUDED (components certified 32 / 32 ; lines 64 ; failed lines 0)
FAMILY VERIFY PASS
