FACTORIZATION: 32 irreducible factors of degree 2 over F_1000604609: OK
70675425,0,1 RHO mem=True nz=True ynz=True cond=True claim_agree=True upper=0.919221371465  CERT
70675425,0,1 T   mem=True nz=True ynz=True cond=True claim_agree=True upper=2356.11029647  CERT
105890882,0,1 RHO mem=True nz=True ynz=True cond=True claim_agree=True upper=0.919221371465  CERT
105890882,0,1 T   mem=True nz=True ynz=True cond=True claim_agree=True upper=2142.49796799  CERT
109872584,0,1 RHO mem=True nz=True ynz=True cond=True claim_agree=True upper=0.840276761039  CERT
109872584,0,1 T   mem=True nz=True ynz=True cond=True claim_agree=True upper=2984.95158133  CERT
136956268,0,1 RHO mem=True nz=True ynz=True cond=True claim_agree=True upper=0.811802287271  CERT
136956268,0,1 T   mem=True nz=True ynz=True cond=True claim_agree=True upper=1012.46565531  CERT
139376263,0,1 RHO mem=True nz=True ynz=True cond=True claim_agree=True upper=0.890487600146  CERT
139376263,0,1 T   mem=True nz=True ynz=True cond=True claim_agree=True upper=2007.72507120  CERT
166325460,0,1 RHO mem=True nz=True ynz=True cond=True claim_agree=True upper=0.870422662505  CERT
166325460,0,1 T   mem=True nz=True ynz=True cond=True claim_agree=True upper=2256.58029314  CERT
190976188,0,1 RHO mem=True nz=True ynz=True cond=True claim_agree=True upper=0.872431627294  CERT
190976188,0,1 T   mem=True nz=True ynz=True cond=True claim_agree=True upper=1323.41772965  CERT
199108826,0,1 RHO mem=True nz=True ynz=True cond=True claim_agree=True upper=0.890826017320  CERT
199108826,0,1 T   mem=True nz=True ynz=True cond=True claim_agree=True upper=1729.83777450  CERT
212233874,0,1 RHO mem=True nz=True ynz=True cond=True claim_agree=True upper=0.900899291771  CERT
212233874,0,1 T   mem=True nz=True ynz=True cond=True claim_agree=True upper=2459.40762549  CERT
233958801,0,1 RHO mem=True nz=True ynz=True cond=True claim_agree=True upper=0.811802287271  CERT
233958801,0,1 T   mem=True nz=True ynz=True cond=True claim_agree=True upper=1460.22264063  CERT
367823440,0,1 RHO mem=True nz=True ynz=True cond=True claim_agree=True upper=0.887756049047  CERT
367823440,0,1 T   mem=True nz=True ynz=True cond=True claim_agree=True upper=2766.17917700  CERT
381498001,0,1 RHO mem=True nz=True ynz=True cond=True claim_agree=True upper=0.828708224187  CERT
381498001,0,1 T   mem=True nz=True ynz=True cond=True claim_agree=True upper=2065.42478212  CERT
381977099,0,1 RHO mem=True nz=True ynz=True cond=True claim_agree=True upper=0.870361958677  CERT
381977099,0,1 T   mem=True nz=True ynz=True cond=True claim_agree=True upper=2702.44692983  CERT
390384132,0,1 RHO mem=True nz=True ynz=True cond=True claim_agree=True upper=0.890826017320  CERT
390384132,0,1 T   mem=True nz=True ynz=True cond=True claim_agree=True upper=1980.51514232  CERT
484416179,0,1 RHO mem=True nz=True ynz=True cond=True claim_agree=True upper=0.870361958677  CERT
484416179,0,1 T   mem=True nz=True ynz=True cond=True claim_agree=True upper=1405.30785900  CERT
487145848,0,1 RHO mem=True nz=True ynz=True cond=True claim_agree=True upper=0.887756049047  CERT
487145848,0,1 T   mem=True nz=True ynz=True cond=True claim_agree=True upper=2769.64962207  CERT
513458761,0,1 RHO mem=True nz=True ynz=True cond=True claim_agree=True upper=0.865776137287  CERT
513458761,0,1 T   mem=True nz=True ynz=True cond=True claim_agree=True upper=2076.53095004  CERT
516188430,0,1 RHO mem=True nz=True ynz=True cond=True claim_agree=True upper=0.880994582586  CERT
516188430,0,1 T   mem=True nz=True ynz=True cond=True claim_agree=True upper=1473.40301815  CERT
610220477,0,1 RHO mem=True nz=True ynz=True cond=True claim_agree=True upper=0.853253344587  CERT
610220477,0,1 T   mem=True nz=True ynz=True cond=True claim_agree=True upper=1475.18763702  CERT
618627510,0,1 RHO mem=True nz=True ynz=True cond=True claim_agree=True upper=0.880994582586  CERT
618627510,0,1 T   mem=True nz=True ynz=True cond=True claim_agree=True upper=1993.92308493  CERT
619106608,0,1 RHO mem=True nz=True ynz=True cond=True claim_agree=True upper=0.900899291771  CERT
619106608,0,1 T   mem=True nz=True ynz=True cond=True claim_agree=True upper=2529.32893745  CERT
632781169,0,1 RHO mem=True nz=True ynz=True cond=True claim_agree=True upper=0.865776137287  CERT
632781169,0,1 T   mem=True nz=True ynz=True cond=True claim_agree=True upper=2531.03224170  CERT
766645808,0,1 RHO mem=True nz=True ynz=True cond=True claim_agree=True upper=0.922600015319  CERT
766645808,0,1 T   mem=True nz=True ynz=True cond=True claim_agree=True upper=1929.63722481  CERT
788370735,0,1 RHO mem=True nz=True ynz=True cond=True claim_agree=True upper=0.828708224187  CERT
788370735,0,1 T   mem=True nz=True ynz=True cond=True claim_agree=True upper=2037.81479182  CERT
801495783,0,1 RHO mem=True nz=True ynz=True cond=True claim_agree=True upper=0.853253344587  CERT
801495783,0,1 T   mem=True nz=True ynz=True cond=True claim_agree=True upper=1318.61174661  CERT
809628421,0,1 RHO mem=True nz=True ynz=True cond=True claim_agree=True upper=0.870422662505  CERT
809628421,0,1 T   mem=True nz=True ynz=True cond=True claim_agree=True upper=1691.70947192  CERT
834279149,0,1 RHO mem=True nz=True ynz=True cond=True claim_agree=True upper=0.872431627294  CERT
834279149,0,1 T   mem=True nz=True ynz=True cond=True claim_agree=True upper=1609.46949910  CERT
861228346,0,1 RHO mem=True nz=True ynz=True cond=True claim_agree=True upper=0.840276761039  CERT
861228346,0,1 T   mem=True nz=True ynz=True cond=True claim_agree=True upper=2156.10073228  CERT
863648341,0,1 RHO mem=True nz=True ynz=True cond=True claim_agree=True upper=0.922600015319  CERT
863648341,0,1 T   mem=True nz=True ynz=True cond=True claim_agree=True upper=1875.55144266  CERT
890732025,0,1 RHO mem=True nz=True ynz=True cond=True claim_agree=True upper=0.890487600146  CERT
890732025,0,1 T   mem=True nz=True ynz=True cond=True claim_agree=True upper=1748.63574106  CERT
894713727,0,1 RHO mem=True nz=True ynz=True cond=True claim_agree=True upper=0.838996524835  CERT
894713727,0,1 T   mem=True nz=True ynz=True cond=True claim_agree=True upper=2457.41799242  CERT
929929184,0,1 RHO mem=True nz=True ynz=True cond=True claim_agree=True upper=0.838996524835  CERT
929929184,0,1 T   mem=True nz=True ynz=True cond=True claim_agree=True upper=2577.90528252  CERT
FAMILY VERIFY n=7 l=1000604609 : EXCLUDED (components certified 32 / 32 ; lines 64 ; failed lines 0)
FAMILY VERIFY PASS
