FACTORIZATION: 32 irreducible factors of degree 2 over F_1000503233: OK
15064954,0,1 RHO mem=True nz=True ynz=True cond=True claim_agree=True upper=0.907531196571  CERT
15064954,0,1 T   mem=True nz=True ynz=True cond=True claim_agree=True upper=1917.34092477  CERT
43499247,0,1 RHO mem=True nz=True ynz=True cond=True claim_agree=True upper=0.935562304378  CERT
43499247,0,1 T   mem=True nz=True ynz=True cond=True claim_agree=True upper=2532.03465159  CERT
44918504,0,1 RHO mem=True nz=True ynz=True cond=True claim_agree=True upper=0.942761089557  CERT
44918504,0,1 T   mem=True nz=True ynz=True cond=True claim_agree=True upper=2054.73078407  CERT
119454065,0,1 RHO mem=True nz=True ynz=True cond=True claim_agree=True upper=0.950732951154  CERT
119454065,0,1 T   mem=True nz=True ynz=True cond=True claim_agree=True upper=2294.18195100  CERT
127295145,0,1 RHO mem=True nz=True ynz=True cond=True claim_agree=True upper=0.933994926073  CERT
127295145,0,1 T   mem=True nz=True ynz=True cond=True claim_agree=True upper=2456.95289759  CERT
157133788,0,1 RHO mem=True nz=True ynz=True cond=True claim_agree=True upper=0.946482882012  CERT
157133788,0,1 T   mem=True nz=True ynz=True cond=True claim_agree=True upper=2430.34736237  CERT
177751266,0,1 RHO mem=True nz=True ynz=True cond=True claim_agree=True upper=0.964652037754  CERT
177751266,0,1 T   mem=True nz=True ynz=True cond=True claim_agree=True upper=1871.43566912  CERT
238511999,0,1 RHO mem=True nz=True ynz=True cond=True claim_agree=True upper=0.907531196571  CERT
238511999,0,1 T   mem=True nz=True ynz=True cond=True claim_agree=True upper=2144.67746396  CERT
239627316,0,1 RHO mem=True nz=True ynz=True cond=True claim_agree=True upper=0.964975634459  CERT
239627316,0,1 T   mem=True nz=True ynz=True cond=True claim_agree=True upper=2403.44511451  CERT
291267526,0,1 RHO mem=True nz=True ynz=True cond=True claim_agree=True upper=0.933994926073  CERT
291267526,0,1 T   mem=True nz=True ynz=True cond=True claim_agree=True upper=2087.87999743  CERT
344834274,0,1 RHO mem=True nz=True ynz=True cond=True claim_agree=True upper=0.969291886607  CERT
344834274,0,1 T   mem=True nz=True ynz=True cond=True claim_agree=True upper=3012.35386731  CERT
345423341,0,1 RHO mem=True nz=True ynz=True cond=True claim_agree=True upper=0.964975634459  CERT
345423341,0,1 T   mem=True nz=True ynz=True cond=True claim_agree=True upper=1929.50901783  CERT
406432189,0,1 RHO mem=True nz=True ynz=True cond=True claim_agree=True upper=0.946482882012  CERT
406432189,0,1 T   mem=True nz=True ynz=True cond=True claim_agree=True upper=2634.08342452  CERT
434190752,0,1 RHO mem=True nz=True ynz=True cond=True claim_agree=True upper=0.935562304378  CERT
434190752,0,1 T   mem=True nz=True ynz=True cond=True claim_agree=True upper=2930.82889163  CERT
449301314,0,1 RHO mem=True nz=True ynz=True cond=True claim_agree=True upper=0.950732951154  CERT
449301314,0,1 T   mem=True nz=True ynz=True cond=True claim_agree=True upper=2681.17112150  CERT
499544620,0,1 RHO mem=True nz=True ynz=True cond=True claim_agree=True upper=0.969291886607  CERT
499544620,0,1 T   mem=True nz=True ynz=True cond=True claim_agree=True upper=2200.58584925  CERT
500958613,0,1 RHO mem=True nz=True ynz=True cond=True claim_agree=True upper=0.914466696562  CERT
500958613,0,1 T   mem=True nz=True ynz=True cond=True claim_agree=True upper=1811.00611438  CERT
551201919,0,1 RHO mem=True nz=True ynz=True cond=True claim_agree=True upper=0.939528587452  CERT
551201919,0,1 T   mem=True nz=True ynz=True cond=True claim_agree=True upper=2340.79323840  CERT
566312481,0,1 RHO mem=True nz=True ynz=True cond=True claim_agree=True upper=0.955595803370  CERT
566312481,0,1 T   mem=True nz=True ynz=True cond=True claim_agree=True upper=2252.93634912  CERT
594071044,0,1 RHO mem=True nz=True ynz=True cond=True claim_agree=True upper=0.964148876902  CERT
594071044,0,1 T   mem=True nz=True ynz=True cond=True claim_agree=True upper=2986.53753754  CERT
655079892,0,1 RHO mem=True nz=True ynz=True cond=True claim_agree=True upper=0.945325730992  CERT
655079892,0,1 T   mem=True nz=True ynz=True cond=True claim_agree=True upper=2217.49401128  CERT
655668959,0,1 RHO mem=True nz=True ynz=True cond=True claim_agree=True upper=0.914466696562  CERT
655668959,0,1 T   mem=True nz=True ynz=True cond=True claim_agree=True upper=1887.18192456  CERT
709235707,0,1 RHO mem=True nz=True ynz=True cond=True claim_agree=True upper=0.959510034397  CERT
709235707,0,1 T   mem=True nz=True ynz=True cond=True claim_agree=True upper=2669.00377413  CERT
760875917,0,1 RHO mem=True nz=True ynz=True cond=True claim_agree=True upper=0.945325730992  CERT
760875917,0,1 T   mem=True nz=True ynz=True cond=True claim_agree=True upper=2438.82227848  CERT
761991234,0,1 RHO mem=True nz=True ynz=True cond=True claim_agree=True upper=0.966847639532  CERT
761991234,0,1 T   mem=True nz=True ynz=True cond=True claim_agree=True upper=2931.26014517  CERT
822751967,0,1 RHO mem=True nz=True ynz=True cond=True claim_agree=True upper=0.942761089557  CERT
822751967,0,1 T   mem=True nz=True ynz=True cond=True claim_agree=True upper=3147.14581480  CERT
843369445,0,1 RHO mem=True nz=True ynz=True cond=True claim_agree=True upper=0.964148876902  CERT
843369445,0,1 T   mem=True nz=True ynz=True cond=True claim_agree=True upper=2695.73835660  CERT
873208088,0,1 RHO mem=True nz=True ynz=True cond=True claim_agree=True upper=0.959510034397  CERT
873208088,0,1 T   mem=True nz=True ynz=True cond=True claim_agree=True upper=2417.50352625  CERT
881049168,0,1 RHO mem=True nz=True ynz=True cond=True claim_agree=True upper=0.939528587452  CERT
881049168,0,1 T   mem=True nz=True ynz=True cond=True claim_agree=True upper=2101.73041404  CERT
955584729,0,1 RHO mem=True nz=True ynz=True cond=True claim_agree=True upper=0.964652037754  CERT
955584729,0,1 T   mem=True nz=True ynz=True cond=True claim_agree=True upper=2606.44188731  CERT
957003986,0,1 RHO mem=True nz=True ynz=True cond=True claim_agree=True upper=0.955595803370  CERT
957003986,0,1 T   mem=True nz=True ynz=True cond=True claim_agree=True upper=2636.89212839  CERT
985438279,0,1 RHO mem=True nz=True ynz=True cond=True claim_agree=True upper=0.966847639532  CERT
985438279,0,1 T   mem=True nz=True ynz=True cond=True claim_agree=True upper=2851.38864195  CERT
FAMILY VERIFY n=7 l=1000503233 : EXCLUDED (components certified 32 / 32 ; lines 64 ; failed lines 0)
FAMILY VERIFY PASS
