FACTORIZATION: 32 irreducible factors of degree 2 over F_1000019393: OK
65848170,0,1 RHO mem=True nz=True ynz=True cond=True claim_agree=True upper=0.915915000550  CERT
65848170,0,1 T   mem=True nz=True ynz=True cond=True claim_agree=True upper=2034.45045345  CERT
94453965,0,1 RHO mem=True nz=True ynz=True cond=True claim_agree=True upper=0.921579466932  CERT
94453965,0,1 T   mem=True nz=True ynz=True cond=True claim_agree=True upper=2699.15413268  CERT
99237568,0,1 RHO mem=True nz=True ynz=True cond=True claim_agree=True upper=0.887206385374  CERT
99237568,0,1 T   mem=True nz=True ynz=True cond=True claim_agree=True upper=2032.47923697  CERT
102485839,0,1 RHO mem=True nz=True ynz=True cond=True claim_agree=True upper=0.901081875616  CERT
102485839,0,1 T   mem=True nz=True ynz=True cond=True claim_agree=True upper=2130.11063512  CERT
119008631,0,1 RHO mem=True nz=True ynz=True cond=True claim_agree=True upper=0.943322766538  CERT
119008631,0,1 T   mem=True nz=True ynz=True cond=True claim_agree=True upper=2577.55392746  CERT
170499281,0,1 RHO mem=True nz=True ynz=True cond=True claim_agree=True upper=0.962899327162  CERT
170499281,0,1 T   mem=True nz=True ynz=True cond=True claim_agree=True upper=2953.90519438  CERT
200360239,0,1 RHO mem=True nz=True ynz=True cond=True claim_agree=True upper=0.932695264945  CERT
200360239,0,1 T   mem=True nz=True ynz=True cond=True claim_agree=True upper=3540.09800416  CERT
237110838,0,1 RHO mem=True nz=True ynz=True cond=True claim_agree=True upper=0.943322766538  CERT
237110838,0,1 T   mem=True nz=True ynz=True cond=True claim_agree=True upper=2705.59273669  CERT
249418058,0,1 RHO mem=True nz=True ynz=True cond=True claim_agree=True upper=0.939442062500  CERT
249418058,0,1 T   mem=True nz=True ynz=True cond=True claim_agree=True upper=2215.84998555  CERT
351277622,0,1 RHO mem=True nz=True ynz=True cond=True claim_agree=True upper=0.933949145548  CERT
351277622,0,1 T   mem=True nz=True ynz=True cond=True claim_agree=True upper=2152.18790770  CERT
354395898,0,1 RHO mem=True nz=True ynz=True cond=True claim_agree=True upper=0.940563092072  CERT
354395898,0,1 T   mem=True nz=True ynz=True cond=True claim_agree=True upper=2579.51263786  CERT
354978985,0,1 RHO mem=True nz=True ynz=True cond=True claim_agree=True upper=0.962899327162  CERT
354978985,0,1 T   mem=True nz=True ynz=True cond=True claim_agree=True upper=2330.98659607  CERT
386143335,0,1 RHO mem=True nz=True ynz=True cond=True claim_agree=True upper=0.939442062500  CERT
386143335,0,1 T   mem=True nz=True ynz=True cond=True claim_agree=True upper=2617.77361616  CERT
425200052,0,1 RHO mem=True nz=True ynz=True cond=True claim_agree=True upper=0.901081875616  CERT
425200052,0,1 T   mem=True nz=True ynz=True cond=True claim_agree=True upper=1904.17777475  CERT
446053491,0,1 RHO mem=True nz=True ynz=True cond=True claim_agree=True upper=0.921711004299  CERT
446053491,0,1 T   mem=True nz=True ynz=True cond=True claim_agree=True upper=2754.87908062  CERT
471564649,0,1 RHO mem=True nz=True ynz=True cond=True claim_agree=True upper=0.923019187632  CERT
471564649,0,1 T   mem=True nz=True ynz=True cond=True claim_agree=True upper=1978.65215188  CERT
528454744,0,1 RHO mem=True nz=True ynz=True cond=True claim_agree=True upper=0.915915000550  CERT
528454744,0,1 T   mem=True nz=True ynz=True cond=True claim_agree=True upper=2505.00233011  CERT
553965902,0,1 RHO mem=True nz=True ynz=True cond=True claim_agree=True upper=0.933949145548  CERT
553965902,0,1 T   mem=True nz=True ynz=True cond=True claim_agree=True upper=2094.38724578  CERT
574819341,0,1 RHO mem=True nz=True ynz=True cond=True claim_agree=True upper=0.903142199425  CERT
574819341,0,1 T   mem=True nz=True ynz=True cond=True claim_agree=True upper=2628.50056734  CERT
613876058,0,1 RHO mem=True nz=True ynz=True cond=True claim_agree=True upper=0.921284999882  CERT
613876058,0,1 T   mem=True nz=True ynz=True cond=True claim_agree=True upper=2138.38741507  CERT
645040408,0,1 RHO mem=True nz=True ynz=True cond=True claim_agree=True upper=0.892666482637  CERT
645040408,0,1 T   mem=True nz=True ynz=True cond=True claim_agree=True upper=2106.12419686  CERT
645623495,0,1 RHO mem=True nz=True ynz=True cond=True claim_agree=True upper=0.887206385374  CERT
645623495,0,1 T   mem=True nz=True ynz=True cond=True claim_agree=True upper=2135.37617387  CERT
648741771,0,1 RHO mem=True nz=True ynz=True cond=True claim_agree=True upper=0.921711004299  CERT
648741771,0,1 T   mem=True nz=True ynz=True cond=True claim_agree=True upper=2370.11807901  CERT
750601335,0,1 RHO mem=True nz=True ynz=True cond=True claim_agree=True upper=0.921284999882  CERT
750601335,0,1 T   mem=True nz=True ynz=True cond=True claim_agree=True upper=2090.38923164  CERT
762908555,0,1 RHO mem=True nz=True ynz=True cond=True claim_agree=True upper=0.933632638921  CERT
762908555,0,1 T   mem=True nz=True ynz=True cond=True claim_agree=True upper=2440.83575510  CERT
799659154,0,1 RHO mem=True nz=True ynz=True cond=True claim_agree=True upper=0.921579466932  CERT
799659154,0,1 T   mem=True nz=True ynz=True cond=True claim_agree=True upper=2359.73975804  CERT
829520112,0,1 RHO mem=True nz=True ynz=True cond=True claim_agree=True upper=0.892666482637  CERT
829520112,0,1 T   mem=True nz=True ynz=True cond=True claim_agree=True upper=2905.84597099  CERT
881010762,0,1 RHO mem=True nz=True ynz=True cond=True claim_agree=True upper=0.933632638921  CERT
881010762,0,1 T   mem=True nz=True ynz=True cond=True claim_agree=True upper=2782.34233263  CERT
897533554,0,1 RHO mem=True nz=True ynz=True cond=True claim_agree=True upper=0.903142199425  CERT
897533554,0,1 T   mem=True nz=True ynz=True cond=True claim_agree=True upper=2566.45473967  CERT
900781825,0,1 RHO mem=True nz=True ynz=True cond=True claim_agree=True upper=0.940563092072  CERT
900781825,0,1 T   mem=True nz=True ynz=True cond=True claim_agree=True upper=2431.42797647  CERT
905565428,0,1 RHO mem=True nz=True ynz=True cond=True claim_agree=True upper=0.932695264945  CERT
905565428,0,1 T   mem=True nz=True ynz=True cond=True claim_agree=True upper=3133.39076362  CERT
934171223,0,1 RHO mem=True nz=True ynz=True cond=True claim_agree=True upper=0.923019187632  CERT
934171223,0,1 T   mem=True nz=True ynz=True cond=True claim_agree=True upper=2372.12700071  CERT
FAMILY VERIFY n=7 l=1000019393 : EXCLUDED (components certified 32 / 32 ; lines 64 ; failed lines 0)
FAMILY VERIFY PASS
