FACTORIZATION: 32 irreducible factors of degree 2 over F_1000434497: OK
11980297,0,1 RHO mem=True nz=True ynz=True cond=True claim_agree=True upper=0.908165664067  CERT
11980297,0,1 T   mem=True nz=True ynz=True cond=True claim_agree=True upper=2754.35961911  CERT
25239922,0,1 RHO mem=True nz=True ynz=True cond=True claim_agree=True upper=0.919245334878  CERT
25239922,0,1 T   mem=True nz=True ynz=True cond=True claim_agree=True upper=2538.14461009  CERT
53315420,0,1 RHO mem=True nz=True ynz=True cond=True claim_agree=True upper=0.906573806346  CERT
53315420,0,1 T   mem=True nz=True ynz=True cond=True claim_agree=True upper=2951.46379054  CERT
78248346,0,1 RHO mem=True nz=True ynz=True cond=True claim_agree=True upper=0.944728652030  CERT
78248346,0,1 T   mem=True nz=True ynz=True cond=True claim_agree=True upper=3057.06034930  CERT
103593053,0,1 RHO mem=True nz=True ynz=True cond=True claim_agree=True upper=0.919245334878  CERT
103593053,0,1 T   mem=True nz=True ynz=True cond=True claim_agree=True upper=2813.78766427  CERT
143106544,0,1 RHO mem=True nz=True ynz=True cond=True claim_agree=True upper=0.951420756504  CERT
143106544,0,1 T   mem=True nz=True ynz=True cond=True claim_agree=True upper=2383.66471842  CERT
157414683,0,1 RHO mem=True nz=True ynz=True cond=True claim_agree=True upper=0.928773866722  CERT
157414683,0,1 T   mem=True nz=True ynz=True cond=True claim_agree=True upper=2549.39862362  CERT
188030797,0,1 RHO mem=True nz=True ynz=True cond=True claim_agree=True upper=0.906573806346  CERT
188030797,0,1 T   mem=True nz=True ynz=True cond=True claim_agree=True upper=2355.63249008  CERT
195783938,0,1 RHO mem=True nz=True ynz=True cond=True claim_agree=True upper=0.917471332581  CERT
195783938,0,1 T   mem=True nz=True ynz=True cond=True claim_agree=True upper=2420.51962842  CERT
252234932,0,1 RHO mem=True nz=True ynz=True cond=True claim_agree=True upper=0.935401222558  CERT
252234932,0,1 T   mem=True nz=True ynz=True cond=True claim_agree=True upper=2663.64132538  CERT
310796518,0,1 RHO mem=True nz=True ynz=True cond=True claim_agree=True upper=0.917471332581  CERT
310796518,0,1 T   mem=True nz=True ynz=True cond=True claim_agree=True upper=2275.32441875  CERT
368191803,0,1 RHO mem=True nz=True ynz=True cond=True claim_agree=True upper=0.914311251593  CERT
368191803,0,1 T   mem=True nz=True ynz=True cond=True claim_agree=True upper=2783.10407559  CERT
380893486,0,1 RHO mem=True nz=True ynz=True cond=True claim_agree=True upper=0.932779919887  CERT
380893486,0,1 T   mem=True nz=True ynz=True cond=True claim_agree=True upper=2742.43847400  CERT
453587535,0,1 RHO mem=True nz=True ynz=True cond=True claim_agree=True upper=0.916592160161  CERT
453587535,0,1 T   mem=True nz=True ynz=True cond=True claim_agree=True upper=1832.43419038  CERT
494527648,0,1 RHO mem=True nz=True ynz=True cond=True claim_agree=True upper=0.908165664067  CERT
494527648,0,1 T   mem=True nz=True ynz=True cond=True claim_agree=True upper=2007.34319395  CERT
494982254,0,1 RHO mem=True nz=True ynz=True cond=True claim_agree=True upper=0.935401222558  CERT
494982254,0,1 T   mem=True nz=True ynz=True cond=True claim_agree=True upper=2349.08268831  CERT
505452243,0,1 RHO mem=True nz=True ynz=True cond=True claim_agree=True upper=0.919359922302  CERT
505452243,0,1 T   mem=True nz=True ynz=True cond=True claim_agree=True upper=2362.75362871  CERT
505906849,0,1 RHO mem=True nz=True ynz=True cond=True claim_agree=True upper=0.953485129480  CERT
505906849,0,1 T   mem=True nz=True ynz=True cond=True claim_agree=True upper=2786.82269802  CERT
546846962,0,1 RHO mem=True nz=True ynz=True cond=True claim_agree=True upper=0.951420756504  CERT
546846962,0,1 T   mem=True nz=True ynz=True cond=True claim_agree=True upper=3141.92362846  CERT
619541011,0,1 RHO mem=True nz=True ynz=True cond=True claim_agree=True upper=0.928773866722  CERT
619541011,0,1 T   mem=True nz=True ynz=True cond=True claim_agree=True upper=1871.88016286  CERT
632242694,0,1 RHO mem=True nz=True ynz=True cond=True claim_agree=True upper=0.944728652030  CERT
632242694,0,1 T   mem=True nz=True ynz=True cond=True claim_agree=True upper=2752.09029637  CERT
689637979,0,1 RHO mem=True nz=True ynz=True cond=True claim_agree=True upper=0.938782241691  CERT
689637979,0,1 T   mem=True nz=True ynz=True cond=True claim_agree=True upper=2741.96035286  CERT
748199565,0,1 RHO mem=True nz=True ynz=True cond=True claim_agree=True upper=0.919359922302  CERT
748199565,0,1 T   mem=True nz=True ynz=True cond=True claim_agree=True upper=2084.44306215  CERT
804650559,0,1 RHO mem=True nz=True ynz=True cond=True claim_agree=True upper=0.938782241691  CERT
804650559,0,1 T   mem=True nz=True ynz=True cond=True claim_agree=True upper=2551.64451959  CERT
812403700,0,1 RHO mem=True nz=True ynz=True cond=True claim_agree=True upper=0.944718474420  CERT
812403700,0,1 T   mem=True nz=True ynz=True cond=True claim_agree=True upper=2586.00130995  CERT
843019814,0,1 RHO mem=True nz=True ynz=True cond=True claim_agree=True upper=0.932779919887  CERT
843019814,0,1 T   mem=True nz=True ynz=True cond=True claim_agree=True upper=2393.70672559  CERT
857327953,0,1 RHO mem=True nz=True ynz=True cond=True claim_agree=True upper=0.916592160161  CERT
857327953,0,1 T   mem=True nz=True ynz=True cond=True claim_agree=True upper=2351.06334900  CERT
896841444,0,1 RHO mem=True nz=True ynz=True cond=True claim_agree=True upper=0.945745765471  CERT
896841444,0,1 T   mem=True nz=True ynz=True cond=True claim_agree=True upper=2330.03124812  CERT
922186151,0,1 RHO mem=True nz=True ynz=True cond=True claim_agree=True upper=0.914311251593  CERT
922186151,0,1 T   mem=True nz=True ynz=True cond=True claim_agree=True upper=2831.04269285  CERT
947119077,0,1 RHO mem=True nz=True ynz=True cond=True claim_agree=True upper=0.944718474420  CERT
947119077,0,1 T   mem=True nz=True ynz=True cond=True claim_agree=True upper=2466.69503044  CERT
975194575,0,1 RHO mem=True nz=True ynz=True cond=True claim_agree=True upper=0.945745765471  CERT
975194575,0,1 T   mem=True nz=True ynz=True cond=True claim_agree=True upper=2607.51886621  CERT
988454200,0,1 RHO mem=True nz=True ynz=True cond=True claim_agree=True upper=0.953485129480  CERT
988454200,0,1 T   mem=True nz=True ynz=True cond=True claim_agree=True upper=3201.74706457  CERT
FAMILY VERIFY n=7 l=1000434497 : EXCLUDED (components certified 32 / 32 ; lines 64 ; failed lines 0)
FAMILY VERIFY PASS
