FACTORIZATION: 32 irreducible factors of degree 2 over F_1001166401: OK
11544454,0,1 RHO mem=True nz=True ynz=True cond=True claim_agree=True upper=0.953282302148  CERT
11544454,0,1 T   mem=True nz=True ynz=True cond=True claim_agree=True upper=3150.04363149  CERT
13272291,0,1 RHO mem=True nz=True ynz=True cond=True claim_agree=True upper=0.917923633558  CERT
13272291,0,1 T   mem=True nz=True ynz=True cond=True claim_agree=True upper=2790.94668337  CERT
14225429,0,1 RHO mem=True nz=True ynz=True cond=True claim_agree=True upper=0.910666804367  CERT
14225429,0,1 T   mem=True nz=True ynz=True cond=True claim_agree=True upper=2522.22584306  CERT
23875891,0,1 RHO mem=True nz=True ynz=True cond=True claim_agree=True upper=0.953282302148  CERT
23875891,0,1 T   mem=True nz=True ynz=True cond=True claim_agree=True upper=2616.41188447  CERT
84710139,0,1 RHO mem=True nz=True ynz=True cond=True claim_agree=True upper=0.948861298433  CERT
84710139,0,1 T   mem=True nz=True ynz=True cond=True claim_agree=True upper=3041.36632060  CERT
92448879,0,1 RHO mem=True nz=True ynz=True cond=True claim_agree=True upper=0.967487545286  CERT
92448879,0,1 T   mem=True nz=True ynz=True cond=True claim_agree=True upper=3229.27947709  CERT
99623870,0,1 RHO mem=True nz=True ynz=True cond=True claim_agree=True upper=0.967387699714  CERT
99623870,0,1 T   mem=True nz=True ynz=True cond=True claim_agree=True upper=2765.21553890  CERT
154015126,0,1 RHO mem=True nz=True ynz=True cond=True claim_agree=True upper=0.975100447275  CERT
154015126,0,1 T   mem=True nz=True ynz=True cond=True claim_agree=True upper=2765.18218168  CERT
175692174,0,1 RHO mem=True nz=True ynz=True cond=True claim_agree=True upper=0.945668350886  CERT
175692174,0,1 T   mem=True nz=True ynz=True cond=True claim_agree=True upper=3353.51838625  CERT
175985707,0,1 RHO mem=True nz=True ynz=True cond=True claim_agree=True upper=0.918415763450  CERT
175985707,0,1 T   mem=True nz=True ynz=True cond=True claim_agree=True upper=2352.40749450  CERT
182497313,0,1 RHO mem=True nz=True ynz=True cond=True claim_agree=True upper=0.933019950848  CERT
182497313,0,1 T   mem=True nz=True ynz=True cond=True claim_agree=True upper=2796.05386708  CERT
253384194,0,1 RHO mem=True nz=True ynz=True cond=True claim_agree=True upper=0.945668350886  CERT
253384194,0,1 T   mem=True nz=True ynz=True cond=True claim_agree=True upper=2894.83005167  CERT
306193060,0,1 RHO mem=True nz=True ynz=True cond=True claim_agree=True upper=0.967387699714  CERT
306193060,0,1 T   mem=True nz=True ynz=True cond=True claim_agree=True upper=2481.14331447  CERT
306846776,0,1 RHO mem=True nz=True ynz=True cond=True claim_agree=True upper=0.917923633558  CERT
306846776,0,1 T   mem=True nz=True ynz=True cond=True claim_agree=True upper=2412.06682780  CERT
345506487,0,1 RHO mem=True nz=True ynz=True cond=True claim_agree=True upper=0.944757652993  CERT
345506487,0,1 T   mem=True nz=True ynz=True cond=True claim_agree=True upper=2600.47548316  CERT
416712180,0,1 RHO mem=True nz=True ynz=True cond=True claim_agree=True upper=0.971394932229  CERT
416712180,0,1 T   mem=True nz=True ynz=True cond=True claim_agree=True upper=1856.18901709  CERT
584454221,0,1 RHO mem=True nz=True ynz=True cond=True claim_agree=True upper=0.948861298433  CERT
584454221,0,1 T   mem=True nz=True ynz=True cond=True claim_agree=True upper=2143.78296507  CERT
655659914,0,1 RHO mem=True nz=True ynz=True cond=True claim_agree=True upper=0.967487545286  CERT
655659914,0,1 T   mem=True nz=True ynz=True cond=True claim_agree=True upper=3037.72908906  CERT
694319625,0,1 RHO mem=True nz=True ynz=True cond=True claim_agree=True upper=0.942589193748  CERT
694319625,0,1 T   mem=True nz=True ynz=True cond=True claim_agree=True upper=3034.85011314  CERT
694973341,0,1 RHO mem=True nz=True ynz=True cond=True claim_agree=True upper=0.948591686980  CERT
694973341,0,1 T   mem=True nz=True ynz=True cond=True claim_agree=True upper=2846.03303436  CERT
747782207,0,1 RHO mem=True nz=True ynz=True cond=True claim_agree=True upper=0.932575667636  CERT
747782207,0,1 T   mem=True nz=True ynz=True cond=True claim_agree=True upper=2860.96472405  CERT
818669088,0,1 RHO mem=True nz=True ynz=True cond=True claim_agree=True upper=0.910666804367  CERT
818669088,0,1 T   mem=True nz=True ynz=True cond=True claim_agree=True upper=3160.97236392  CERT
825180694,0,1 RHO mem=True nz=True ynz=True cond=True claim_agree=True upper=0.975100447275  CERT
825180694,0,1 T   mem=True nz=True ynz=True cond=True claim_agree=True upper=2996.22742200  CERT
825474227,0,1 RHO mem=True nz=True ynz=True cond=True claim_agree=True upper=0.932575667636  CERT
825474227,0,1 T   mem=True nz=True ynz=True cond=True claim_agree=True upper=2662.54459706  CERT
847151275,0,1 RHO mem=True nz=True ynz=True cond=True claim_agree=True upper=0.918415763450  CERT
847151275,0,1 T   mem=True nz=True ynz=True cond=True claim_agree=True upper=2694.56041779  CERT
901542531,0,1 RHO mem=True nz=True ynz=True cond=True claim_agree=True upper=0.948591686980  CERT
901542531,0,1 T   mem=True nz=True ynz=True cond=True claim_agree=True upper=2567.95955273  CERT
908717522,0,1 RHO mem=True nz=True ynz=True cond=True claim_agree=True upper=0.944757652993  CERT
908717522,0,1 T   mem=True nz=True ynz=True cond=True claim_agree=True upper=2407.78569334  CERT
916456262,0,1 RHO mem=True nz=True ynz=True cond=True claim_agree=True upper=0.971394932229  CERT
916456262,0,1 T   mem=True nz=True ynz=True cond=True claim_agree=True upper=2522.76978108  CERT
977290510,0,1 RHO mem=True nz=True ynz=True cond=True claim_agree=True upper=0.952740775769  CERT
977290510,0,1 T   mem=True nz=True ynz=True cond=True claim_agree=True upper=3544.15869369  CERT
986940972,0,1 RHO mem=True nz=True ynz=True cond=True claim_agree=True upper=0.933019950848  CERT
986940972,0,1 T   mem=True nz=True ynz=True cond=True claim_agree=True upper=3028.86848367  CERT
987894110,0,1 RHO mem=True nz=True ynz=True cond=True claim_agree=True upper=0.942589193748  CERT
987894110,0,1 T   mem=True nz=True ynz=True cond=True claim_agree=True upper=2890.85782426  CERT
989621947,0,1 RHO mem=True nz=True ynz=True cond=True claim_agree=True upper=0.952740775769  CERT
989621947,0,1 T   mem=True nz=True ynz=True cond=True claim_agree=True upper=2206.27298058  CERT
FAMILY VERIFY n=7 l=1001166401 : EXCLUDED (components certified 32 / 32 ; lines 64 ; failed lines 0)
FAMILY VERIFY PASS
