FACTORIZATION: 32 irreducible factors of degree 2 over F_1001144129: OK
12230853,0,1 RHO mem=True nz=True ynz=True cond=True claim_agree=True upper=0.964469713512  CERT
12230853,0,1 T   mem=True nz=True ynz=True cond=True claim_agree=True upper=2732.39854475  CERT
22738043,0,1 RHO mem=True nz=True ynz=True cond=True claim_agree=True upper=0.932745702916  CERT
22738043,0,1 T   mem=True nz=True ynz=True cond=True claim_agree=True upper=2772.38804115  CERT
86428406,0,1 RHO mem=True nz=True ynz=True cond=True claim_agree=True upper=0.943379107975  CERT
86428406,0,1 T   mem=True nz=True ynz=True cond=True claim_agree=True upper=2613.72358508  CERT
88157158,0,1 RHO mem=True nz=True ynz=True cond=True claim_agree=True upper=0.945377903538  CERT
88157158,0,1 T   mem=True nz=True ynz=True cond=True claim_agree=True upper=1882.88716981  CERT
161295999,0,1 RHO mem=True nz=True ynz=True cond=True claim_agree=True upper=0.932745702916  CERT
161295999,0,1 T   mem=True nz=True ynz=True cond=True claim_agree=True upper=2848.34617795  CERT
228805157,0,1 RHO mem=True nz=True ynz=True cond=True claim_agree=True upper=0.911332578303  CERT
228805157,0,1 T   mem=True nz=True ynz=True cond=True claim_agree=True upper=2056.44351937  CERT
305566108,0,1 RHO mem=True nz=True ynz=True cond=True claim_agree=True upper=0.947505940776  CERT
305566108,0,1 T   mem=True nz=True ynz=True cond=True claim_agree=True upper=2795.92392383  CERT
305576960,0,1 RHO mem=True nz=True ynz=True cond=True claim_agree=True upper=0.943189184952  CERT
305576960,0,1 T   mem=True nz=True ynz=True cond=True claim_agree=True upper=2215.23229155  CERT
321529813,0,1 RHO mem=True nz=True ynz=True cond=True claim_agree=True upper=0.971992525250  CERT
321529813,0,1 T   mem=True nz=True ynz=True cond=True claim_agree=True upper=2753.83187203  CERT
351665405,0,1 RHO mem=True nz=True ynz=True cond=True claim_agree=True upper=0.922139760574  CERT
351665405,0,1 T   mem=True nz=True ynz=True cond=True claim_agree=True upper=2362.10327264  CERT
375735428,0,1 RHO mem=True nz=True ynz=True cond=True claim_agree=True upper=0.911332578303  CERT
375735428,0,1 T   mem=True nz=True ynz=True cond=True claim_agree=True upper=1771.11292433  CERT
383842809,0,1 RHO mem=True nz=True ynz=True cond=True claim_agree=True upper=0.943535777896  CERT
383842809,0,1 T   mem=True nz=True ynz=True cond=True claim_agree=True upper=2929.68322826  CERT
397655282,0,1 RHO mem=True nz=True ynz=True cond=True claim_agree=True upper=0.964469713512  CERT
397655282,0,1 T   mem=True nz=True ynz=True cond=True claim_agree=True upper=2283.73495135  CERT
435715957,0,1 RHO mem=True nz=True ynz=True cond=True claim_agree=True upper=0.915133029922  CERT
435715957,0,1 T   mem=True nz=True ynz=True cond=True claim_agree=True upper=2106.75736411  CERT
440640262,0,1 RHO mem=True nz=True ynz=True cond=True claim_agree=True upper=0.947505940776  CERT
440640262,0,1 T   mem=True nz=True ynz=True cond=True claim_agree=True upper=2826.23549562  CERT
462365737,0,1 RHO mem=True nz=True ynz=True cond=True claim_agree=True upper=0.910161974125  CERT
462365737,0,1 T   mem=True nz=True ynz=True cond=True claim_agree=True upper=3328.16529052  CERT
538778392,0,1 RHO mem=True nz=True ynz=True cond=True claim_agree=True upper=0.943189184952  CERT
538778392,0,1 T   mem=True nz=True ynz=True cond=True claim_agree=True upper=2071.85887858  CERT
560503867,0,1 RHO mem=True nz=True ynz=True cond=True claim_agree=True upper=0.938850054323  CERT
560503867,0,1 T   mem=True nz=True ynz=True cond=True claim_agree=True upper=2131.40301504  CERT
565428172,0,1 RHO mem=True nz=True ynz=True cond=True claim_agree=True upper=0.945377903538  CERT
565428172,0,1 T   mem=True nz=True ynz=True cond=True claim_agree=True upper=2849.05974222  CERT
603488847,0,1 RHO mem=True nz=True ynz=True cond=True claim_agree=True upper=0.952531414221  CERT
603488847,0,1 T   mem=True nz=True ynz=True cond=True claim_agree=True upper=2235.34278261  CERT
617301320,0,1 RHO mem=True nz=True ynz=True cond=True claim_agree=True upper=0.922139760574  CERT
617301320,0,1 T   mem=True nz=True ynz=True cond=True claim_agree=True upper=1921.71998749  CERT
625408701,0,1 RHO mem=True nz=True ynz=True cond=True claim_agree=True upper=0.962464686508  CERT
625408701,0,1 T   mem=True nz=True ynz=True cond=True claim_agree=True upper=2270.84491171  CERT
649478724,0,1 RHO mem=True nz=True ynz=True cond=True claim_agree=True upper=0.943535777896  CERT
649478724,0,1 T   mem=True nz=True ynz=True cond=True claim_agree=True upper=2205.46779234  CERT
679614316,0,1 RHO mem=True nz=True ynz=True cond=True claim_agree=True upper=0.943379107975  CERT
679614316,0,1 T   mem=True nz=True ynz=True cond=True claim_agree=True upper=2325.95026361  CERT
695567169,0,1 RHO mem=True nz=True ynz=True cond=True claim_agree=True upper=0.910161974125  CERT
695567169,0,1 T   mem=True nz=True ynz=True cond=True claim_agree=True upper=2116.06091079  CERT
695578021,0,1 RHO mem=True nz=True ynz=True cond=True claim_agree=True upper=0.938850054323  CERT
695578021,0,1 T   mem=True nz=True ynz=True cond=True claim_agree=True upper=2183.37341260  CERT
772338972,0,1 RHO mem=True nz=True ynz=True cond=True claim_agree=True upper=0.962464686508  CERT
772338972,0,1 T   mem=True nz=True ynz=True cond=True claim_agree=True upper=2407.63175895  CERT
839848130,0,1 RHO mem=True nz=True ynz=True cond=True claim_agree=True upper=0.943423732991  CERT
839848130,0,1 T   mem=True nz=True ynz=True cond=True claim_agree=True upper=2631.50867906  CERT
912986971,0,1 RHO mem=True nz=True ynz=True cond=True claim_agree=True upper=0.915133029922  CERT
912986971,0,1 T   mem=True nz=True ynz=True cond=True claim_agree=True upper=2930.71022078  CERT
914715723,0,1 RHO mem=True nz=True ynz=True cond=True claim_agree=True upper=0.971992525250  CERT
914715723,0,1 T   mem=True nz=True ynz=True cond=True claim_agree=True upper=2335.60762827  CERT
978406086,0,1 RHO mem=True nz=True ynz=True cond=True claim_agree=True upper=0.943423732991  CERT
978406086,0,1 T   mem=True nz=True ynz=True cond=True claim_agree=True upper=2643.79420069  CERT
988913276,0,1 RHO mem=True nz=True ynz=True cond=True claim_agree=True upper=0.952531414221  CERT
988913276,0,1 T   mem=True nz=True ynz=True cond=True claim_agree=True upper=2504.96169061  CERT
FAMILY VERIFY n=7 l=1001144129 : EXCLUDED (components certified 32 / 32 ; lines 64 ; failed lines 0)
FAMILY VERIFY PASS
