FACTORIZATION: 32 irreducible factors of degree 2 over F_1001138753: OK
9018392,0,1 RHO mem=True nz=True ynz=True cond=True claim_agree=True upper=0.931022157037  CERT
9018392,0,1 T   mem=True nz=True ynz=True cond=True claim_agree=True upper=2280.63039588  CERT
18098967,0,1 RHO mem=True nz=True ynz=True cond=True claim_agree=True upper=0.921879329927  CERT
18098967,0,1 T   mem=True nz=True ynz=True cond=True claim_agree=True upper=3020.71778382  CERT
98303731,0,1 RHO mem=True nz=True ynz=True cond=True claim_agree=True upper=0.936659413131  CERT
98303731,0,1 T   mem=True nz=True ynz=True cond=True claim_agree=True upper=1718.40940895  CERT
101500353,0,1 RHO mem=True nz=True ynz=True cond=True claim_agree=True upper=0.936659413131  CERT
101500353,0,1 T   mem=True nz=True ynz=True cond=True claim_agree=True upper=2168.94397147  CERT
125293409,0,1 RHO mem=True nz=True ynz=True cond=True claim_agree=True upper=0.915138058579  CERT
125293409,0,1 T   mem=True nz=True ynz=True cond=True claim_agree=True upper=2639.44560718  CERT
136016872,0,1 RHO mem=True nz=True ynz=True cond=True claim_agree=True upper=0.917539587444  CERT
136016872,0,1 T   mem=True nz=True ynz=True cond=True claim_agree=True upper=2205.51054867  CERT
153885922,0,1 RHO mem=True nz=True ynz=True cond=True claim_agree=True upper=0.917819361818  CERT
153885922,0,1 T   mem=True nz=True ynz=True cond=True claim_agree=True upper=1932.89692757  CERT
216177433,0,1 RHO mem=True nz=True ynz=True cond=True claim_agree=True upper=0.914020611915  CERT
216177433,0,1 T   mem=True nz=True ynz=True cond=True claim_agree=True upper=2448.23173334  CERT
242907688,0,1 RHO mem=True nz=True ynz=True cond=True claim_agree=True upper=0.911409237400  CERT
242907688,0,1 T   mem=True nz=True ynz=True cond=True claim_agree=True upper=2885.73624540  CERT
260111744,0,1 RHO mem=True nz=True ynz=True cond=True claim_agree=True upper=0.921879329927  CERT
260111744,0,1 T   mem=True nz=True ynz=True cond=True claim_agree=True upper=1829.82300285  CERT
342521226,0,1 RHO mem=True nz=True ynz=True cond=True claim_agree=True upper=0.945531476126  CERT
342521226,0,1 T   mem=True nz=True ynz=True cond=True claim_agree=True upper=2149.83285964  CERT
370984029,0,1 RHO mem=True nz=True ynz=True cond=True claim_agree=True upper=0.908068320693  CERT
370984029,0,1 T   mem=True nz=True ynz=True cond=True claim_agree=True upper=1688.66699390  CERT
406702985,0,1 RHO mem=True nz=True ynz=True cond=True claim_agree=True upper=0.880126879468  CERT
406702985,0,1 T   mem=True nz=True ynz=True cond=True claim_agree=True upper=2433.03920758  CERT
418042260,0,1 RHO mem=True nz=True ynz=True cond=True claim_agree=True upper=0.949838571580  CERT
418042260,0,1 T   mem=True nz=True ynz=True cond=True claim_agree=True upper=2339.94586913  CERT
465676741,0,1 RHO mem=True nz=True ynz=True cond=True claim_agree=True upper=0.908040395186  CERT
465676741,0,1 T   mem=True nz=True ynz=True cond=True claim_agree=True upper=2530.91308979  CERT
500534414,0,1 RHO mem=True nz=True ynz=True cond=True claim_agree=True upper=0.844540937627  CERT
500534414,0,1 T   mem=True nz=True ynz=True cond=True claim_agree=True upper=1610.46713319  CERT
500604339,0,1 RHO mem=True nz=True ynz=True cond=True claim_agree=True upper=0.911409237400  CERT
500604339,0,1 T   mem=True nz=True ynz=True cond=True claim_agree=True upper=2238.65658440  CERT
535462012,0,1 RHO mem=True nz=True ynz=True cond=True claim_agree=True upper=0.945531476126  CERT
535462012,0,1 T   mem=True nz=True ynz=True cond=True claim_agree=True upper=2914.55361173  CERT
583096493,0,1 RHO mem=True nz=True ynz=True cond=True claim_agree=True upper=0.908068320693  CERT
583096493,0,1 T   mem=True nz=True ynz=True cond=True claim_agree=True upper=2085.00017739  CERT
594435768,0,1 RHO mem=True nz=True ynz=True cond=True claim_agree=True upper=0.914020611915  CERT
594435768,0,1 T   mem=True nz=True ynz=True cond=True claim_agree=True upper=2592.87200109  CERT
630154724,0,1 RHO mem=True nz=True ynz=True cond=True claim_agree=True upper=0.949838571580  CERT
630154724,0,1 T   mem=True nz=True ynz=True cond=True claim_agree=True upper=2378.10822287  CERT
658617527,0,1 RHO mem=True nz=True ynz=True cond=True claim_agree=True upper=0.908040395186  CERT
658617527,0,1 T   mem=True nz=True ynz=True cond=True claim_agree=True upper=2703.99220430  CERT
741027009,0,1 RHO mem=True nz=True ynz=True cond=True claim_agree=True upper=0.932866731057  CERT
741027009,0,1 T   mem=True nz=True ynz=True cond=True claim_agree=True upper=1896.96483578  CERT
758231065,0,1 RHO mem=True nz=True ynz=True cond=True claim_agree=True upper=0.844540937627  CERT
758231065,0,1 T   mem=True nz=True ynz=True cond=True claim_agree=True upper=2552.12403347  CERT
784961320,0,1 RHO mem=True nz=True ynz=True cond=True claim_agree=True upper=0.880126879468  CERT
784961320,0,1 T   mem=True nz=True ynz=True cond=True claim_agree=True upper=2302.20661637  CERT
847252831,0,1 RHO mem=True nz=True ynz=True cond=True claim_agree=True upper=0.931022157037  CERT
847252831,0,1 T   mem=True nz=True ynz=True cond=True claim_agree=True upper=2154.12151582  CERT
865121881,0,1 RHO mem=True nz=True ynz=True cond=True claim_agree=True upper=0.915138058579  CERT
865121881,0,1 T   mem=True nz=True ynz=True cond=True claim_agree=True upper=2510.30592667  CERT
875845344,0,1 RHO mem=True nz=True ynz=True cond=True claim_agree=True upper=0.917539587444  CERT
875845344,0,1 T   mem=True nz=True ynz=True cond=True claim_agree=True upper=1830.94091787  CERT
899638400,0,1 RHO mem=True nz=True ynz=True cond=True claim_agree=True upper=0.905485670802  CERT
899638400,0,1 T   mem=True nz=True ynz=True cond=True claim_agree=True upper=2263.99145730  CERT
902835022,0,1 RHO mem=True nz=True ynz=True cond=True claim_agree=True upper=0.905485670802  CERT
902835022,0,1 T   mem=True nz=True ynz=True cond=True claim_agree=True upper=1641.46416002  CERT
983039786,0,1 RHO mem=True nz=True ynz=True cond=True claim_agree=True upper=0.932866731057  CERT
983039786,0,1 T   mem=True nz=True ynz=True cond=True claim_agree=True upper=2064.11021819  CERT
992120361,0,1 RHO mem=True nz=True ynz=True cond=True claim_agree=True upper=0.917819361818  CERT
992120361,0,1 T   mem=True nz=True ynz=True cond=True claim_agree=True upper=1782.74816585  CERT
FAMILY VERIFY n=7 l=1001138753 : EXCLUDED (components certified 32 / 32 ; lines 64 ; failed lines 0)
FAMILY VERIFY PASS
