FACTORIZATION: 32 irreducible factors of degree 2 over F_1000616129: OK
13877998,0,1 RHO mem=True nz=True ynz=True cond=True claim_agree=True upper=0.903143477814  CERT
13877998,0,1 T   mem=True nz=True ynz=True cond=True claim_agree=True upper=2030.16232228  CERT
28410828,0,1 RHO mem=True nz=True ynz=True cond=True claim_agree=True upper=0.913559682240  CERT
28410828,0,1 T   mem=True nz=True ynz=True cond=True claim_agree=True upper=2170.65147687  CERT
74742171,0,1 RHO mem=True nz=True ynz=True cond=True claim_agree=True upper=0.903143477814  CERT
74742171,0,1 T   mem=True nz=True ynz=True cond=True claim_agree=True upper=2197.40860266  CERT
95202272,0,1 RHO mem=True nz=True ynz=True cond=True claim_agree=True upper=0.893942878896  CERT
95202272,0,1 T   mem=True nz=True ynz=True cond=True claim_agree=True upper=1653.40953689  CERT
111320691,0,1 RHO mem=True nz=True ynz=True cond=True claim_agree=True upper=0.924785757785  CERT
111320691,0,1 T   mem=True nz=True ynz=True cond=True claim_agree=True upper=2405.50703837  CERT
128582117,0,1 RHO mem=True nz=True ynz=True cond=True claim_agree=True upper=0.913559682240  CERT
128582117,0,1 T   mem=True nz=True ynz=True cond=True claim_agree=True upper=2351.21860104  CERT
130886050,0,1 RHO mem=True nz=True ynz=True cond=True claim_agree=True upper=0.843866496781  CERT
130886050,0,1 T   mem=True nz=True ynz=True cond=True claim_agree=True upper=2144.66054949  CERT
142798591,0,1 RHO mem=True nz=True ynz=True cond=True claim_agree=True upper=0.936252459640  CERT
142798591,0,1 T   mem=True nz=True ynz=True cond=True claim_agree=True upper=2314.16690963  CERT
185695566,0,1 RHO mem=True nz=True ynz=True cond=True claim_agree=True upper=0.836665136378  CERT
185695566,0,1 T   mem=True nz=True ynz=True cond=True claim_agree=True upper=2852.50605434  CERT
200112019,0,1 RHO mem=True nz=True ynz=True cond=True claim_agree=True upper=0.865646383797  CERT
200112019,0,1 T   mem=True nz=True ynz=True cond=True claim_agree=True upper=2474.41988280  CERT
221024337,0,1 RHO mem=True nz=True ynz=True cond=True claim_agree=True upper=0.964655306096  CERT
221024337,0,1 T   mem=True nz=True ynz=True cond=True claim_agree=True upper=3006.80080862  CERT
283913264,0,1 RHO mem=True nz=True ynz=True cond=True claim_agree=True upper=0.885408271098  CERT
283913264,0,1 T   mem=True nz=True ynz=True cond=True claim_agree=True upper=1726.92219909  CERT
328166614,0,1 RHO mem=True nz=True ynz=True cond=True claim_agree=True upper=0.928717393958  CERT
328166614,0,1 T   mem=True nz=True ynz=True cond=True claim_agree=True upper=2673.67792642  CERT
434312893,0,1 RHO mem=True nz=True ynz=True cond=True claim_agree=True upper=0.878607483477  CERT
434312893,0,1 T   mem=True nz=True ynz=True cond=True claim_agree=True upper=2227.10788128  CERT
476549545,0,1 RHO mem=True nz=True ynz=True cond=True claim_agree=True upper=0.843866496781  CERT
476549545,0,1 T   mem=True nz=True ynz=True cond=True claim_agree=True upper=2159.19552307  CERT
494311210,0,1 RHO mem=True nz=True ynz=True cond=True claim_agree=True upper=0.935348439903  CERT
494311210,0,1 T   mem=True nz=True ynz=True cond=True claim_agree=True upper=2607.22767529  CERT
506304919,0,1 RHO mem=True nz=True ynz=True cond=True claim_agree=True upper=0.878607483477  CERT
506304919,0,1 T   mem=True nz=True ynz=True cond=True claim_agree=True upper=2769.44073960  CERT
524066584,0,1 RHO mem=True nz=True ynz=True cond=True claim_agree=True upper=0.935622112257  CERT
524066584,0,1 T   mem=True nz=True ynz=True cond=True claim_agree=True upper=1894.68919481  CERT
566303236,0,1 RHO mem=True nz=True ynz=True cond=True claim_agree=True upper=0.935348439903  CERT
566303236,0,1 T   mem=True nz=True ynz=True cond=True claim_agree=True upper=2086.71218838  CERT
672449515,0,1 RHO mem=True nz=True ynz=True cond=True claim_agree=True upper=0.936252459640  CERT
672449515,0,1 T   mem=True nz=True ynz=True cond=True claim_agree=True upper=2126.89067857  CERT
716702865,0,1 RHO mem=True nz=True ynz=True cond=True claim_agree=True upper=0.865646383797  CERT
716702865,0,1 T   mem=True nz=True ynz=True cond=True claim_agree=True upper=1671.42797886  CERT
779591792,0,1 RHO mem=True nz=True ynz=True cond=True claim_agree=True upper=0.836665136378  CERT
779591792,0,1 T   mem=True nz=True ynz=True cond=True claim_agree=True upper=1661.24890046  CERT
800504110,0,1 RHO mem=True nz=True ynz=True cond=True claim_agree=True upper=0.885408271098  CERT
800504110,0,1 T   mem=True nz=True ynz=True cond=True claim_agree=True upper=2276.44565677  CERT
814920563,0,1 RHO mem=True nz=True ynz=True cond=True claim_agree=True upper=0.964655306096  CERT
814920563,0,1 T   mem=True nz=True ynz=True cond=True claim_agree=True upper=2300.70575985  CERT
857817538,0,1 RHO mem=True nz=True ynz=True cond=True claim_agree=True upper=0.928717393958  CERT
857817538,0,1 T   mem=True nz=True ynz=True cond=True claim_agree=True upper=2492.63348865  CERT
869730079,0,1 RHO mem=True nz=True ynz=True cond=True claim_agree=True upper=0.935622112257  CERT
869730079,0,1 T   mem=True nz=True ynz=True cond=True claim_agree=True upper=2392.26911421  CERT
872034012,0,1 RHO mem=True nz=True ynz=True cond=True claim_agree=True upper=0.887390080797  CERT
872034012,0,1 T   mem=True nz=True ynz=True cond=True claim_agree=True upper=1715.47279813  CERT
889295438,0,1 RHO mem=True nz=True ynz=True cond=True claim_agree=True upper=0.893942878896  CERT
889295438,0,1 T   mem=True nz=True ynz=True cond=True claim_agree=True upper=2424.85881725  CERT
905413857,0,1 RHO mem=True nz=True ynz=True cond=True claim_agree=True upper=0.924785757785  CERT
905413857,0,1 T   mem=True nz=True ynz=True cond=True claim_agree=True upper=2544.55807098  CERT
925873958,0,1 RHO mem=True nz=True ynz=True cond=True claim_agree=True upper=0.926394663647  CERT
925873958,0,1 T   mem=True nz=True ynz=True cond=True claim_agree=True upper=2330.30382880  CERT
972205301,0,1 RHO mem=True nz=True ynz=True cond=True claim_agree=True upper=0.887390080797  CERT
972205301,0,1 T   mem=True nz=True ynz=True cond=True claim_agree=True upper=2245.34002845  CERT
986738131,0,1 RHO mem=True nz=True ynz=True cond=True claim_agree=True upper=0.926394663647  CERT
986738131,0,1 T   mem=True nz=True ynz=True cond=True claim_agree=True upper=2465.95167400  CERT
FAMILY VERIFY n=7 l=1000616129 : EXCLUDED (components certified 32 / 32 ; lines 64 ; failed lines 0)
FAMILY VERIFY PASS
