FACTORIZATION: 32 irreducible factors of degree 2 over F_1001175233: OK
1890420,0,1 RHO mem=True nz=True ynz=True cond=True claim_agree=True upper=0.933442734669  CERT
1890420,0,1 T   mem=True nz=True ynz=True cond=True claim_agree=True upper=2441.74880223  CERT
41488801,0,1 RHO mem=True nz=True ynz=True cond=True claim_agree=True upper=0.868723322762  CERT
41488801,0,1 T   mem=True nz=True ynz=True cond=True claim_agree=True upper=2532.07187691  CERT
72852973,0,1 RHO mem=True nz=True ynz=True cond=True claim_agree=True upper=0.942382924637  CERT
72852973,0,1 T   mem=True nz=True ynz=True cond=True claim_agree=True upper=2633.36534849  CERT
76754341,0,1 RHO mem=True nz=True ynz=True cond=True claim_agree=True upper=0.924200121695  CERT
76754341,0,1 T   mem=True nz=True ynz=True cond=True claim_agree=True upper=2903.65192397  CERT
105342991,0,1 RHO mem=True nz=True ynz=True cond=True claim_agree=True upper=0.947272842805  CERT
105342991,0,1 T   mem=True nz=True ynz=True cond=True claim_agree=True upper=2759.28753284  CERT
142068368,0,1 RHO mem=True nz=True ynz=True cond=True claim_agree=True upper=0.974514058594  CERT
142068368,0,1 T   mem=True nz=True ynz=True cond=True claim_agree=True upper=2534.42588173  CERT
151599482,0,1 RHO mem=True nz=True ynz=True cond=True claim_agree=True upper=0.933034653860  CERT
151599482,0,1 T   mem=True nz=True ynz=True cond=True claim_agree=True upper=2532.61511411  CERT
172499349,0,1 RHO mem=True nz=True ynz=True cond=True claim_agree=True upper=0.921304019989  CERT
172499349,0,1 T   mem=True nz=True ynz=True cond=True claim_agree=True upper=1922.45963773  CERT
224212193,0,1 RHO mem=True nz=True ynz=True cond=True claim_agree=True upper=0.929276550313  CERT
224212193,0,1 T   mem=True nz=True ynz=True cond=True claim_agree=True upper=2925.52911602  CERT
309555510,0,1 RHO mem=True nz=True ynz=True cond=True claim_agree=True upper=0.933442734669  CERT
309555510,0,1 T   mem=True nz=True ynz=True cond=True claim_agree=True upper=2123.76527569  CERT
343905684,0,1 RHO mem=True nz=True ynz=True cond=True claim_agree=True upper=0.974514058594  CERT
343905684,0,1 T   mem=True nz=True ynz=True cond=True claim_agree=True upper=2713.82010539  CERT
356062287,0,1 RHO mem=True nz=True ynz=True cond=True claim_agree=True upper=0.916552211687  CERT
356062287,0,1 T   mem=True nz=True ynz=True cond=True claim_agree=True upper=3134.74340819  CERT
421648721,0,1 RHO mem=True nz=True ynz=True cond=True claim_agree=True upper=0.939389971598  CERT
421648721,0,1 T   mem=True nz=True ynz=True cond=True claim_agree=True upper=2165.39501763  CERT
423856097,0,1 RHO mem=True nz=True ynz=True cond=True claim_agree=True upper=0.939389971598  CERT
423856097,0,1 T   mem=True nz=True ynz=True cond=True claim_agree=True upper=2204.86688924  CERT
424855296,0,1 RHO mem=True nz=True ynz=True cond=True claim_agree=True upper=0.929276550313  CERT
424855296,0,1 T   mem=True nz=True ynz=True cond=True claim_agree=True upper=2184.39623893  CERT
450663680,0,1 RHO mem=True nz=True ynz=True cond=True claim_agree=True upper=0.933492411339  CERT
450663680,0,1 T   mem=True nz=True ynz=True cond=True claim_agree=True upper=1882.65396992  CERT
550511553,0,1 RHO mem=True nz=True ynz=True cond=True claim_agree=True upper=0.921304019989  CERT
550511553,0,1 T   mem=True nz=True ynz=True cond=True claim_agree=True upper=2490.30080002  CERT
576319937,0,1 RHO mem=True nz=True ynz=True cond=True claim_agree=True upper=0.945244158123  CERT
576319937,0,1 T   mem=True nz=True ynz=True cond=True claim_agree=True upper=2646.19788246  CERT
577319136,0,1 RHO mem=True nz=True ynz=True cond=True claim_agree=True upper=0.924809457848  CERT
577319136,0,1 T   mem=True nz=True ynz=True cond=True claim_agree=True upper=2363.21869805  CERT
579526512,0,1 RHO mem=True nz=True ynz=True cond=True claim_agree=True upper=0.924809457848  CERT
579526512,0,1 T   mem=True nz=True ynz=True cond=True claim_agree=True upper=2566.82851591  CERT
645112946,0,1 RHO mem=True nz=True ynz=True cond=True claim_agree=True upper=0.933034653860  CERT
645112946,0,1 T   mem=True nz=True ynz=True cond=True claim_agree=True upper=2358.88649888  CERT
657269549,0,1 RHO mem=True nz=True ynz=True cond=True claim_agree=True upper=0.873511834733  CERT
657269549,0,1 T   mem=True nz=True ynz=True cond=True claim_agree=True upper=1714.47892308  CERT
691619723,0,1 RHO mem=True nz=True ynz=True cond=True claim_agree=True upper=0.906970094655  CERT
691619723,0,1 T   mem=True nz=True ynz=True cond=True claim_agree=True upper=1861.08547010  CERT
776963040,0,1 RHO mem=True nz=True ynz=True cond=True claim_agree=True upper=0.945244158123  CERT
776963040,0,1 T   mem=True nz=True ynz=True cond=True claim_agree=True upper=2724.48293910  CERT
828675884,0,1 RHO mem=True nz=True ynz=True cond=True claim_agree=True upper=0.933492411339  CERT
828675884,0,1 T   mem=True nz=True ynz=True cond=True claim_agree=True upper=2245.62912902  CERT
849575751,0,1 RHO mem=True nz=True ynz=True cond=True claim_agree=True upper=0.916552211687  CERT
849575751,0,1 T   mem=True nz=True ynz=True cond=True claim_agree=True upper=2569.33283583  CERT
859106865,0,1 RHO mem=True nz=True ynz=True cond=True claim_agree=True upper=0.873511834733  CERT
859106865,0,1 T   mem=True nz=True ynz=True cond=True claim_agree=True upper=1840.37799120  CERT
895832242,0,1 RHO mem=True nz=True ynz=True cond=True claim_agree=True upper=0.868723322762  CERT
895832242,0,1 T   mem=True nz=True ynz=True cond=True claim_agree=True upper=2256.81952716  CERT
924420892,0,1 RHO mem=True nz=True ynz=True cond=True claim_agree=True upper=0.942382924637  CERT
924420892,0,1 T   mem=True nz=True ynz=True cond=True claim_agree=True upper=2604.78893945  CERT
928322260,0,1 RHO mem=True nz=True ynz=True cond=True claim_agree=True upper=0.924200121695  CERT
928322260,0,1 T   mem=True nz=True ynz=True cond=True claim_agree=True upper=3112.81704032  CERT
959686432,0,1 RHO mem=True nz=True ynz=True cond=True claim_agree=True upper=0.947272842805  CERT
959686432,0,1 T   mem=True nz=True ynz=True cond=True claim_agree=True upper=3038.90206247  CERT
999284813,0,1 RHO mem=True nz=True ynz=True cond=True claim_agree=True upper=0.906970094655  CERT
999284813,0,1 T   mem=True nz=True ynz=True cond=True claim_agree=True upper=1728.17114000  CERT
FAMILY VERIFY n=7 l=1001175233 : EXCLUDED (components certified 32 / 32 ; lines 64 ; failed lines 0)
FAMILY VERIFY PASS
