FACTORIZATION: 32 irreducible factors of degree 2 over F_1000163393: OK
2396218,0,1 RHO mem=True nz=True ynz=True cond=True claim_agree=True upper=0.949144003132  CERT
2396218,0,1 T   mem=True nz=True ynz=True cond=True claim_agree=True upper=1786.68412273  CERT
57389440,0,1 RHO mem=True nz=True ynz=True cond=True claim_agree=True upper=0.961894571849  CERT
57389440,0,1 T   mem=True nz=True ynz=True cond=True claim_agree=True upper=3107.12163635  CERT
66971514,0,1 RHO mem=True nz=True ynz=True cond=True claim_agree=True upper=0.954060653087  CERT
66971514,0,1 T   mem=True nz=True ynz=True cond=True claim_agree=True upper=2066.18024715  CERT
72080343,0,1 RHO mem=True nz=True ynz=True cond=True claim_agree=True upper=0.975913021444  CERT
72080343,0,1 T   mem=True nz=True ynz=True cond=True claim_agree=True upper=2317.24120568  CERT
103921017,0,1 RHO mem=True nz=True ynz=True cond=True claim_agree=True upper=0.984811237759  CERT
103921017,0,1 T   mem=True nz=True ynz=True cond=True claim_agree=True upper=3023.09238324  CERT
120204691,0,1 RHO mem=True nz=True ynz=True cond=True claim_agree=True upper=0.935965398609  CERT
120204691,0,1 T   mem=True nz=True ynz=True cond=True claim_agree=True upper=1771.67942204  CERT
147144626,0,1 RHO mem=True nz=True ynz=True cond=True claim_agree=True upper=0.936909286680  CERT
147144626,0,1 T   mem=True nz=True ynz=True cond=True claim_agree=True upper=2274.60544941  CERT
177124951,0,1 RHO mem=True nz=True ynz=True cond=True claim_agree=True upper=0.950835565791  CERT
177124951,0,1 T   mem=True nz=True ynz=True cond=True claim_agree=True upper=2593.48744461  CERT
198437107,0,1 RHO mem=True nz=True ynz=True cond=True claim_agree=True upper=0.945031709699  CERT
198437107,0,1 T   mem=True nz=True ynz=True cond=True claim_agree=True upper=2079.47101891  CERT
293740060,0,1 RHO mem=True nz=True ynz=True cond=True claim_agree=True upper=0.993341562570  CERT
293740060,0,1 T   mem=True nz=True ynz=True cond=True claim_agree=True upper=2917.10959509  CERT
296143223,0,1 RHO mem=True nz=True ynz=True cond=True claim_agree=True upper=0.935616232805  CERT
296143223,0,1 T   mem=True nz=True ynz=True cond=True claim_agree=True upper=1904.01571075  CERT
305902462,0,1 RHO mem=True nz=True ynz=True cond=True claim_agree=True upper=0.961894571849  CERT
305902462,0,1 T   mem=True nz=True ynz=True cond=True claim_agree=True upper=2047.42000884  CERT
319964333,0,1 RHO mem=True nz=True ynz=True cond=True claim_agree=True upper=0.965156319067  CERT
319964333,0,1 T   mem=True nz=True ynz=True cond=True claim_agree=True upper=3263.03742824  CERT
322950831,0,1 RHO mem=True nz=True ynz=True cond=True claim_agree=True upper=0.923382621865  CERT
322950831,0,1 T   mem=True nz=True ynz=True cond=True claim_agree=True upper=2280.07160818  CERT
329543864,0,1 RHO mem=True nz=True ynz=True cond=True claim_agree=True upper=0.951066079906  CERT
329543864,0,1 T   mem=True nz=True ynz=True cond=True claim_agree=True upper=2817.03485376  CERT
491705250,0,1 RHO mem=True nz=True ynz=True cond=True claim_agree=True upper=0.975913021444  CERT
491705250,0,1 T   mem=True nz=True ynz=True cond=True claim_agree=True upper=2951.19395904  CERT
508458143,0,1 RHO mem=True nz=True ynz=True cond=True claim_agree=True upper=0.930597998655  CERT
508458143,0,1 T   mem=True nz=True ynz=True cond=True claim_agree=True upper=2982.43352515  CERT
670619529,0,1 RHO mem=True nz=True ynz=True cond=True claim_agree=True upper=0.950835565791  CERT
670619529,0,1 T   mem=True nz=True ynz=True cond=True claim_agree=True upper=3145.25379474  CERT
677212562,0,1 RHO mem=True nz=True ynz=True cond=True claim_agree=True upper=0.984811237759  CERT
677212562,0,1 T   mem=True nz=True ynz=True cond=True claim_agree=True upper=2796.74128333  CERT
680199060,0,1 RHO mem=True nz=True ynz=True cond=True claim_agree=True upper=0.945031709699  CERT
680199060,0,1 T   mem=True nz=True ynz=True cond=True claim_agree=True upper=3238.72662282  CERT
694260931,0,1 RHO mem=True nz=True ynz=True cond=True claim_agree=True upper=0.979140914918  CERT
694260931,0,1 T   mem=True nz=True ynz=True cond=True claim_agree=True upper=2296.37549181  CERT
704020170,0,1 RHO mem=True nz=True ynz=True cond=True claim_agree=True upper=0.993341562570  CERT
704020170,0,1 T   mem=True nz=True ynz=True cond=True claim_agree=True upper=2718.83469356  CERT
706423333,0,1 RHO mem=True nz=True ynz=True cond=True claim_agree=True upper=0.935616232805  CERT
706423333,0,1 T   mem=True nz=True ynz=True cond=True claim_agree=True upper=2402.32933431  CERT
801726286,0,1 RHO mem=True nz=True ynz=True cond=True claim_agree=True upper=0.965156319067  CERT
801726286,0,1 T   mem=True nz=True ynz=True cond=True claim_agree=True upper=2926.40703580  CERT
823038442,0,1 RHO mem=True nz=True ynz=True cond=True claim_agree=True upper=0.951066079906  CERT
823038442,0,1 T   mem=True nz=True ynz=True cond=True claim_agree=True upper=2452.30809335  CERT
853018767,0,1 RHO mem=True nz=True ynz=True cond=True claim_agree=True upper=0.949144003132  CERT
853018767,0,1 T   mem=True nz=True ynz=True cond=True claim_agree=True upper=2288.01395569  CERT
879958702,0,1 RHO mem=True nz=True ynz=True cond=True claim_agree=True upper=0.954060653087  CERT
879958702,0,1 T   mem=True nz=True ynz=True cond=True claim_agree=True upper=2165.10747159  CERT
896242376,0,1 RHO mem=True nz=True ynz=True cond=True claim_agree=True upper=0.923382621865  CERT
896242376,0,1 T   mem=True nz=True ynz=True cond=True claim_agree=True upper=2228.21640439  CERT
928083050,0,1 RHO mem=True nz=True ynz=True cond=True claim_agree=True upper=0.930597998655  CERT
928083050,0,1 T   mem=True nz=True ynz=True cond=True claim_agree=True upper=2797.92474497  CERT
933191879,0,1 RHO mem=True nz=True ynz=True cond=True claim_agree=True upper=0.935965398609  CERT
933191879,0,1 T   mem=True nz=True ynz=True cond=True claim_agree=True upper=2319.45156907  CERT
942773953,0,1 RHO mem=True nz=True ynz=True cond=True claim_agree=True upper=0.979140914918  CERT
942773953,0,1 T   mem=True nz=True ynz=True cond=True claim_agree=True upper=2682.65056952  CERT
997767175,0,1 RHO mem=True nz=True ynz=True cond=True claim_agree=True upper=0.936909286680  CERT
997767175,0,1 T   mem=True nz=True ynz=True cond=True claim_agree=True upper=2393.02676025  CERT
FAMILY VERIFY n=7 l=1000163393 : EXCLUDED (components certified 32 / 32 ; lines 64 ; failed lines 0)
FAMILY VERIFY PASS
