FACTORIZATION: 32 irreducible factors of degree 2 over F_1001236417: OK
20629583,0,1 RHO mem=True nz=True ynz=True cond=True claim_agree=True upper=0.891882913239  CERT
20629583,0,1 T   mem=True nz=True ynz=True cond=True claim_agree=True upper=2570.99775913  CERT
134020185,0,1 RHO mem=True nz=True ynz=True cond=True claim_agree=True upper=0.871073547870  CERT
134020185,0,1 T   mem=True nz=True ynz=True cond=True claim_agree=True upper=2999.61808375  CERT
159762604,0,1 RHO mem=True nz=True ynz=True cond=True claim_agree=True upper=0.966884790939  CERT
159762604,0,1 T   mem=True nz=True ynz=True cond=True claim_agree=True upper=2814.90212066  CERT
168523427,0,1 RHO mem=True nz=True ynz=True cond=True claim_agree=True upper=0.888337763773  CERT
168523427,0,1 T   mem=True nz=True ynz=True cond=True claim_agree=True upper=3030.25266020  CERT
178616519,0,1 RHO mem=True nz=True ynz=True cond=True claim_agree=True upper=0.950345668922  CERT
178616519,0,1 T   mem=True nz=True ynz=True cond=True claim_agree=True upper=2226.73825287  CERT
214688116,0,1 RHO mem=True nz=True ynz=True cond=True claim_agree=True upper=0.940821241739  CERT
214688116,0,1 T   mem=True nz=True ynz=True cond=True claim_agree=True upper=2519.58003522  CERT
260351987,0,1 RHO mem=True nz=True ynz=True cond=True claim_agree=True upper=0.898322854509  CERT
260351987,0,1 T   mem=True nz=True ynz=True cond=True claim_agree=True upper=2267.15297453  CERT
274497208,0,1 RHO mem=True nz=True ynz=True cond=True claim_agree=True upper=0.955189554668  CERT
274497208,0,1 T   mem=True nz=True ynz=True cond=True claim_agree=True upper=2539.98762650  CERT
296920104,0,1 RHO mem=True nz=True ynz=True cond=True claim_agree=True upper=0.928398192197  CERT
296920104,0,1 T   mem=True nz=True ynz=True cond=True claim_agree=True upper=2435.86264354  CERT
351705615,0,1 RHO mem=True nz=True ynz=True cond=True claim_agree=True upper=0.935515076778  CERT
351705615,0,1 T   mem=True nz=True ynz=True cond=True claim_agree=True upper=2651.85855570  CERT
357861912,0,1 RHO mem=True nz=True ynz=True cond=True claim_agree=True upper=0.910612628183  CERT
357861912,0,1 T   mem=True nz=True ynz=True cond=True claim_agree=True upper=2155.48898528  CERT
370862833,0,1 RHO mem=True nz=True ynz=True cond=True claim_agree=True upper=0.931204106927  CERT
370862833,0,1 T   mem=True nz=True ynz=True cond=True claim_agree=True upper=2155.01799785  CERT
380403887,0,1 RHO mem=True nz=True ynz=True cond=True claim_agree=True upper=0.902502222423  CERT
380403887,0,1 T   mem=True nz=True ynz=True cond=True claim_agree=True upper=1944.24126877  CERT
402385503,0,1 RHO mem=True nz=True ynz=True cond=True claim_agree=True upper=0.905530076871  CERT
402385503,0,1 T   mem=True nz=True ynz=True cond=True claim_agree=True upper=2381.53415318  CERT
414006107,0,1 RHO mem=True nz=True ynz=True cond=True claim_agree=True upper=0.980152136779  CERT
414006107,0,1 T   mem=True nz=True ynz=True cond=True claim_agree=True upper=3177.58502124  CERT
420678872,0,1 RHO mem=True nz=True ynz=True cond=True claim_agree=True upper=0.910612628183  CERT
420678872,0,1 T   mem=True nz=True ynz=True cond=True claim_agree=True upper=1992.46791973  CERT
580557545,0,1 RHO mem=True nz=True ynz=True cond=True claim_agree=True upper=0.938120118118  CERT
580557545,0,1 T   mem=True nz=True ynz=True cond=True claim_agree=True upper=2453.85242896  CERT
587230310,0,1 RHO mem=True nz=True ynz=True cond=True claim_agree=True upper=0.888337763773  CERT
587230310,0,1 T   mem=True nz=True ynz=True cond=True claim_agree=True upper=2435.01739100  CERT
598850914,0,1 RHO mem=True nz=True ynz=True cond=True claim_agree=True upper=0.902502222423  CERT
598850914,0,1 T   mem=True nz=True ynz=True cond=True claim_agree=True upper=2155.72659136  CERT
620832530,0,1 RHO mem=True nz=True ynz=True cond=True claim_agree=True upper=0.905530076871  CERT
620832530,0,1 T   mem=True nz=True ynz=True cond=True claim_agree=True upper=2174.36384734  CERT
630373584,0,1 RHO mem=True nz=True ynz=True cond=True claim_agree=True upper=0.928398192197  CERT
630373584,0,1 T   mem=True nz=True ynz=True cond=True claim_agree=True upper=2477.84904226  CERT
643374505,0,1 RHO mem=True nz=True ynz=True cond=True claim_agree=True upper=0.938120118118  CERT
643374505,0,1 T   mem=True nz=True ynz=True cond=True claim_agree=True upper=2921.97739948  CERT
649530802,0,1 RHO mem=True nz=True ynz=True cond=True claim_agree=True upper=0.940821241739  CERT
649530802,0,1 T   mem=True nz=True ynz=True cond=True claim_agree=True upper=2518.03405732  CERT
704316313,0,1 RHO mem=True nz=True ynz=True cond=True claim_agree=True upper=0.931204106927  CERT
704316313,0,1 T   mem=True nz=True ynz=True cond=True claim_agree=True upper=2304.80769596  CERT
726739209,0,1 RHO mem=True nz=True ynz=True cond=True claim_agree=True upper=0.898322854509  CERT
726739209,0,1 T   mem=True nz=True ynz=True cond=True claim_agree=True upper=1736.51640856  CERT
740884430,0,1 RHO mem=True nz=True ynz=True cond=True claim_agree=True upper=0.955189554668  CERT
740884430,0,1 T   mem=True nz=True ynz=True cond=True claim_agree=True upper=2525.71482740  CERT
786548301,0,1 RHO mem=True nz=True ynz=True cond=True claim_agree=True upper=0.935515076778  CERT
786548301,0,1 T   mem=True nz=True ynz=True cond=True claim_agree=True upper=2824.29439820  CERT
822619898,0,1 RHO mem=True nz=True ynz=True cond=True claim_agree=True upper=0.891882913239  CERT
822619898,0,1 T   mem=True nz=True ynz=True cond=True claim_agree=True upper=2377.66613684  CERT
832712990,0,1 RHO mem=True nz=True ynz=True cond=True claim_agree=True upper=0.980152136779  CERT
832712990,0,1 T   mem=True nz=True ynz=True cond=True claim_agree=True upper=2619.54984658  CERT
841473813,0,1 RHO mem=True nz=True ynz=True cond=True claim_agree=True upper=0.871073547870  CERT
841473813,0,1 T   mem=True nz=True ynz=True cond=True claim_agree=True upper=2747.80148946  CERT
867216232,0,1 RHO mem=True nz=True ynz=True cond=True claim_agree=True upper=0.966884790939  CERT
867216232,0,1 T   mem=True nz=True ynz=True cond=True claim_agree=True upper=2688.60081900  CERT
980606834,0,1 RHO mem=True nz=True ynz=True cond=True claim_agree=True upper=0.950345668922  CERT
980606834,0,1 T   mem=True nz=True ynz=True cond=True claim_agree=True upper=2269.01471140  CERT
FAMILY VERIFY n=7 l=1001236417 : EXCLUDED (components certified 32 / 32 ; lines 64 ; failed lines 0)
FAMILY VERIFY PASS
