FACTORIZATION: 32 irreducible factors of degree 2 over F_1000792129: OK
12372607,0,1 RHO mem=True nz=True ynz=True cond=True claim_agree=True upper=0.942790381125  CERT
12372607,0,1 T   mem=True nz=True ynz=True cond=True claim_agree=True upper=2632.41192197  CERT
54603165,0,1 RHO mem=True nz=True ynz=True cond=True claim_agree=True upper=0.962011218149  CERT
54603165,0,1 T   mem=True nz=True ynz=True cond=True claim_agree=True upper=2844.88736424  CERT
98265689,0,1 RHO mem=True nz=True ynz=True cond=True claim_agree=True upper=0.920437004139  CERT
98265689,0,1 T   mem=True nz=True ynz=True cond=True claim_agree=True upper=2218.44591406  CERT
100810482,0,1 RHO mem=True nz=True ynz=True cond=True claim_agree=True upper=0.952683167483  CERT
100810482,0,1 T   mem=True nz=True ynz=True cond=True claim_agree=True upper=2564.78848187  CERT
144001963,0,1 RHO mem=True nz=True ynz=True cond=True claim_agree=True upper=0.961310825766  CERT
144001963,0,1 T   mem=True nz=True ynz=True cond=True claim_agree=True upper=2026.58533870  CERT
172865861,0,1 RHO mem=True nz=True ynz=True cond=True claim_agree=True upper=0.944192242057  CERT
172865861,0,1 T   mem=True nz=True ynz=True cond=True claim_agree=True upper=2288.41604646  CERT
258161814,0,1 RHO mem=True nz=True ynz=True cond=True claim_agree=True upper=0.945339630189  CERT
258161814,0,1 T   mem=True nz=True ynz=True cond=True claim_agree=True upper=2578.95854293  CERT
260882703,0,1 RHO mem=True nz=True ynz=True cond=True claim_agree=True upper=0.935951513504  CERT
260882703,0,1 T   mem=True nz=True ynz=True cond=True claim_agree=True upper=1982.59516540  CERT
271950407,0,1 RHO mem=True nz=True ynz=True cond=True claim_agree=True upper=0.906347805183  CERT
271950407,0,1 T   mem=True nz=True ynz=True cond=True claim_agree=True upper=1948.50583294  CERT
277265817,0,1 RHO mem=True nz=True ynz=True cond=True claim_agree=True upper=0.948123682000  CERT
277265817,0,1 T   mem=True nz=True ynz=True cond=True claim_agree=True upper=2621.50263422  CERT
325950304,0,1 RHO mem=True nz=True ynz=True cond=True claim_agree=True upper=0.942790381125  CERT
325950304,0,1 T   mem=True nz=True ynz=True cond=True claim_agree=True upper=1959.69336996  CERT
328897216,0,1 RHO mem=True nz=True ynz=True cond=True claim_agree=True upper=0.930589188634  CERT
328897216,0,1 T   mem=True nz=True ynz=True cond=True claim_agree=True upper=2477.39153953  CERT
386921929,0,1 RHO mem=True nz=True ynz=True cond=True claim_agree=True upper=0.952683167483  CERT
386921929,0,1 T   mem=True nz=True ynz=True cond=True claim_agree=True upper=2330.66591352  CERT
422413234,0,1 RHO mem=True nz=True ynz=True cond=True claim_agree=True upper=0.934828335485  CERT
422413234,0,1 T   mem=True nz=True ynz=True cond=True claim_agree=True upper=2514.01697425  CERT
463396184,0,1 RHO mem=True nz=True ynz=True cond=True claim_agree=True upper=0.962011218149  CERT
463396184,0,1 T   mem=True nz=True ynz=True cond=True claim_agree=True upper=2248.54501876  CERT
484677079,0,1 RHO mem=True nz=True ynz=True cond=True claim_agree=True upper=0.934828335485  CERT
484677079,0,1 T   mem=True nz=True ynz=True cond=True claim_agree=True upper=2208.33015000  CERT
516115050,0,1 RHO mem=True nz=True ynz=True cond=True claim_agree=True upper=0.903102628330  CERT
516115050,0,1 T   mem=True nz=True ynz=True cond=True claim_agree=True upper=1568.56048128  CERT
537395945,0,1 RHO mem=True nz=True ynz=True cond=True claim_agree=True upper=0.931736772362  CERT
537395945,0,1 T   mem=True nz=True ynz=True cond=True claim_agree=True upper=1900.99524793  CERT
578378895,0,1 RHO mem=True nz=True ynz=True cond=True claim_agree=True upper=0.903102628330  CERT
578378895,0,1 T   mem=True nz=True ynz=True cond=True claim_agree=True upper=2586.12138603  CERT
613870200,0,1 RHO mem=True nz=True ynz=True cond=True claim_agree=True upper=0.945171314556  CERT
613870200,0,1 T   mem=True nz=True ynz=True cond=True claim_agree=True upper=2323.38135248  CERT
671894913,0,1 RHO mem=True nz=True ynz=True cond=True claim_agree=True upper=0.935951513504  CERT
671894913,0,1 T   mem=True nz=True ynz=True cond=True claim_agree=True upper=1922.32556533  CERT
674841825,0,1 RHO mem=True nz=True ynz=True cond=True claim_agree=True upper=0.934295162413  CERT
674841825,0,1 T   mem=True nz=True ynz=True cond=True claim_agree=True upper=1919.31390429  CERT
723526312,0,1 RHO mem=True nz=True ynz=True cond=True claim_agree=True upper=0.945339630189  CERT
723526312,0,1 T   mem=True nz=True ynz=True cond=True claim_agree=True upper=2498.07082839  CERT
728841722,0,1 RHO mem=True nz=True ynz=True cond=True claim_agree=True upper=0.944192242057  CERT
728841722,0,1 T   mem=True nz=True ynz=True cond=True claim_agree=True upper=2368.31748872  CERT
739909426,0,1 RHO mem=True nz=True ynz=True cond=True claim_agree=True upper=0.930589188634  CERT
739909426,0,1 T   mem=True nz=True ynz=True cond=True claim_agree=True upper=2624.16699539  CERT
742630315,0,1 RHO mem=True nz=True ynz=True cond=True claim_agree=True upper=0.948123682000  CERT
742630315,0,1 T   mem=True nz=True ynz=True cond=True claim_agree=True upper=2175.28538195  CERT
827926268,0,1 RHO mem=True nz=True ynz=True cond=True claim_agree=True upper=0.906347805183  CERT
827926268,0,1 T   mem=True nz=True ynz=True cond=True claim_agree=True upper=2407.26839106  CERT
856790166,0,1 RHO mem=True nz=True ynz=True cond=True claim_agree=True upper=0.920437004139  CERT
856790166,0,1 T   mem=True nz=True ynz=True cond=True claim_agree=True upper=1895.47550808  CERT
899981647,0,1 RHO mem=True nz=True ynz=True cond=True claim_agree=True upper=0.945171314556  CERT
899981647,0,1 T   mem=True nz=True ynz=True cond=True claim_agree=True upper=2736.93591174  CERT
902526440,0,1 RHO mem=True nz=True ynz=True cond=True claim_agree=True upper=0.961310825766  CERT
902526440,0,1 T   mem=True nz=True ynz=True cond=True claim_agree=True upper=2456.15592601  CERT
946188964,0,1 RHO mem=True nz=True ynz=True cond=True claim_agree=True upper=0.931736772362  CERT
946188964,0,1 T   mem=True nz=True ynz=True cond=True claim_agree=True upper=2706.12885144  CERT
988419522,0,1 RHO mem=True nz=True ynz=True cond=True claim_agree=True upper=0.934295162413  CERT
988419522,0,1 T   mem=True nz=True ynz=True cond=True claim_agree=True upper=1684.60976584  CERT
FAMILY VERIFY n=7 l=1000792129 : EXCLUDED (components certified 32 / 32 ; lines 64 ; failed lines 0)
FAMILY VERIFY PASS
