FACTORIZATION: 32 irreducible factors of degree 2 over F_1000510657: OK
10755393,0,1 RHO mem=True nz=True ynz=True cond=True claim_agree=True upper=0.765934611457  CERT
10755393,0,1 T   mem=True nz=True ynz=True cond=True claim_agree=True upper=1042.79234537  CERT
32218406,0,1 RHO mem=True nz=True ynz=True cond=True claim_agree=True upper=0.768154560702  CERT
32218406,0,1 T   mem=True nz=True ynz=True cond=True claim_agree=True upper=1070.45151322  CERT
64637893,0,1 RHO mem=True nz=True ynz=True cond=True claim_agree=True upper=0.762499850560  CERT
64637893,0,1 T   mem=True nz=True ynz=True cond=True claim_agree=True upper=1084.59178685  CERT
92143006,0,1 RHO mem=True nz=True ynz=True cond=True claim_agree=True upper=0.802017744992  CERT
92143006,0,1 T   mem=True nz=True ynz=True cond=True claim_agree=True upper=1328.35197698  CERT
99767224,0,1 RHO mem=True nz=True ynz=True cond=True claim_agree=True upper=0.778068104535  CERT
99767224,0,1 T   mem=True nz=True ynz=True cond=True claim_agree=True upper=1055.04305495  CERT
160218344,0,1 RHO mem=True nz=True ynz=True cond=True claim_agree=True upper=0.799904150102  CERT
160218344,0,1 T   mem=True nz=True ynz=True cond=True claim_agree=True upper=1265.89367564  CERT
216851482,0,1 RHO mem=True nz=True ynz=True cond=True claim_agree=True upper=0.764947230441  CERT
216851482,0,1 T   mem=True nz=True ynz=True cond=True claim_agree=True upper=1102.65341140  CERT
230881154,0,1 RHO mem=True nz=True ynz=True cond=True claim_agree=True upper=0.790057556140  CERT
230881154,0,1 T   mem=True nz=True ynz=True cond=True claim_agree=True upper=1241.69000471  CERT
258720552,0,1 RHO mem=True nz=True ynz=True cond=True claim_agree=True upper=0.778955609548  CERT
258720552,0,1 T   mem=True nz=True ynz=True cond=True claim_agree=True upper=1184.78411114  CERT
316568857,0,1 RHO mem=True nz=True ynz=True cond=True claim_agree=True upper=0.762499850560  CERT
316568857,0,1 T   mem=True nz=True ynz=True cond=True claim_agree=True upper=1093.45210027  CERT
352523351,0,1 RHO mem=True nz=True ynz=True cond=True claim_agree=True upper=0.795982193807  CERT
352523351,0,1 T   mem=True nz=True ynz=True cond=True claim_agree=True upper=1372.81117089  CERT
361543886,0,1 RHO mem=True nz=True ynz=True cond=True claim_agree=True upper=0.788967655854  CERT
361543886,0,1 T   mem=True nz=True ynz=True cond=True claim_agree=True upper=1464.79417715  CERT
362122475,0,1 RHO mem=True nz=True ynz=True cond=True claim_agree=True upper=0.766648211661  CERT
362122475,0,1 T   mem=True nz=True ynz=True cond=True claim_agree=True upper=1186.17315706  CERT
422353459,0,1 RHO mem=True nz=True ynz=True cond=True claim_agree=True upper=0.788543402147  CERT
422353459,0,1 T   mem=True nz=True ynz=True cond=True claim_agree=True upper=1193.55066203  CERT
448383305,0,1 RHO mem=True nz=True ynz=True cond=True claim_agree=True upper=0.790057556140  CERT
448383305,0,1 T   mem=True nz=True ynz=True cond=True claim_agree=True upper=1283.90411277  CERT
492837062,0,1 RHO mem=True nz=True ynz=True cond=True claim_agree=True upper=0.788967655854  CERT
492837062,0,1 T   mem=True nz=True ynz=True cond=True claim_agree=True upper=1043.84808557  CERT
507673595,0,1 RHO mem=True nz=True ynz=True cond=True claim_agree=True upper=0.773461504890  CERT
507673595,0,1 T   mem=True nz=True ynz=True cond=True claim_agree=True upper=1175.46631432  CERT
552127352,0,1 RHO mem=True nz=True ynz=True cond=True claim_agree=True upper=0.768895253580  CERT
552127352,0,1 T   mem=True nz=True ynz=True cond=True claim_agree=True upper=1022.36870593  CERT
578157198,0,1 RHO mem=True nz=True ynz=True cond=True claim_agree=True upper=0.766648211661  CERT
578157198,0,1 T   mem=True nz=True ynz=True cond=True claim_agree=True upper=1097.96123686  CERT
638388182,0,1 RHO mem=True nz=True ynz=True cond=True claim_agree=True upper=0.788543402147  CERT
638388182,0,1 T   mem=True nz=True ynz=True cond=True claim_agree=True upper=1325.20214860  CERT
638966771,0,1 RHO mem=True nz=True ynz=True cond=True claim_agree=True upper=0.773461504890  CERT
638966771,0,1 T   mem=True nz=True ynz=True cond=True claim_agree=True upper=1257.15868519  CERT
647987306,0,1 RHO mem=True nz=True ynz=True cond=True claim_agree=True upper=0.765934611457  CERT
647987306,0,1 T   mem=True nz=True ynz=True cond=True claim_agree=True upper=1210.51925619  CERT
683941800,0,1 RHO mem=True nz=True ynz=True cond=True claim_agree=True upper=0.793330147065  CERT
683941800,0,1 T   mem=True nz=True ynz=True cond=True claim_agree=True upper=1289.70475951  CERT
741790105,0,1 RHO mem=True nz=True ynz=True cond=True claim_agree=True upper=0.778068104535  CERT
741790105,0,1 T   mem=True nz=True ynz=True cond=True claim_agree=True upper=1223.32732238  CERT
769629503,0,1 RHO mem=True nz=True ynz=True cond=True claim_agree=True upper=0.768895253580  CERT
769629503,0,1 T   mem=True nz=True ynz=True cond=True claim_agree=True upper=1123.20535890  CERT
783659175,0,1 RHO mem=True nz=True ynz=True cond=True claim_agree=True upper=0.802017744992  CERT
783659175,0,1 T   mem=True nz=True ynz=True cond=True claim_agree=True upper=1492.49058707  CERT
840292313,0,1 RHO mem=True nz=True ynz=True cond=True claim_agree=True upper=0.768154560702  CERT
840292313,0,1 T   mem=True nz=True ynz=True cond=True claim_agree=True upper=1096.61931914  CERT
900743433,0,1 RHO mem=True nz=True ynz=True cond=True claim_agree=True upper=0.778955609548  CERT
900743433,0,1 T   mem=True nz=True ynz=True cond=True claim_agree=True upper=1215.63472649  CERT
908367651,0,1 RHO mem=True nz=True ynz=True cond=True claim_agree=True upper=0.764947230441  CERT
908367651,0,1 T   mem=True nz=True ynz=True cond=True claim_agree=True upper=1441.05123692  CERT
935872764,0,1 RHO mem=True nz=True ynz=True cond=True claim_agree=True upper=0.793330147065  CERT
935872764,0,1 T   mem=True nz=True ynz=True cond=True claim_agree=True upper=1259.53787999  CERT
968292251,0,1 RHO mem=True nz=True ynz=True cond=True claim_agree=True upper=0.799904150102  CERT
968292251,0,1 T   mem=True nz=True ynz=True cond=True claim_agree=True upper=1325.78480290  CERT
989755264,0,1 RHO mem=True nz=True ynz=True cond=True claim_agree=True upper=0.795982193807  CERT
989755264,0,1 T   mem=True nz=True ynz=True cond=True claim_agree=True upper=1171.13445602  CERT
FAMILY VERIFY n=7 l=1000510657 : EXCLUDED (components certified 32 / 32 ; lines 64 ; failed lines 0)
FAMILY VERIFY PASS
