FACTORIZATION: 32 irreducible factors of degree 2 over F_1000666561: OK
11246227,0,1 RHO mem=True nz=True ynz=True cond=True claim_agree=True upper=0.930492983442  CERT
11246227,0,1 T   mem=True nz=True ynz=True cond=True claim_agree=True upper=2780.14841951  CERT
17077015,0,1 RHO mem=True nz=True ynz=True cond=True claim_agree=True upper=0.967678899964  CERT
17077015,0,1 T   mem=True nz=True ynz=True cond=True claim_agree=True upper=2651.89610704  CERT
34218253,0,1 RHO mem=True nz=True ynz=True cond=True claim_agree=True upper=0.954649093070  CERT
34218253,0,1 T   mem=True nz=True ynz=True cond=True claim_agree=True upper=1934.54517377  CERT
91640824,0,1 RHO mem=True nz=True ynz=True cond=True claim_agree=True upper=0.930492983442  CERT
91640824,0,1 T   mem=True nz=True ynz=True cond=True claim_agree=True upper=1744.66837757  CERT
123488251,0,1 RHO mem=True nz=True ynz=True cond=True claim_agree=True upper=0.938283469180  CERT
123488251,0,1 T   mem=True nz=True ynz=True cond=True claim_agree=True upper=2170.43969371  CERT
147675948,0,1 RHO mem=True nz=True ynz=True cond=True claim_agree=True upper=0.955075847506  CERT
147675948,0,1 T   mem=True nz=True ynz=True cond=True claim_agree=True upper=2008.11879306  CERT
230819680,0,1 RHO mem=True nz=True ynz=True cond=True claim_agree=True upper=0.977339312198  CERT
230819680,0,1 T   mem=True nz=True ynz=True cond=True claim_agree=True upper=2440.79028913  CERT
271903370,0,1 RHO mem=True nz=True ynz=True cond=True claim_agree=True upper=0.920228934135  CERT
271903370,0,1 T   mem=True nz=True ynz=True cond=True claim_agree=True upper=2689.96879845  CERT
321058046,0,1 RHO mem=True nz=True ynz=True cond=True claim_agree=True upper=0.965133844657  CERT
321058046,0,1 T   mem=True nz=True ynz=True cond=True claim_agree=True upper=2072.48041396  CERT
338169281,0,1 RHO mem=True nz=True ynz=True cond=True claim_agree=True upper=0.932164989226  CERT
338169281,0,1 T   mem=True nz=True ynz=True cond=True claim_agree=True upper=2715.11777859  CERT
380218787,0,1 RHO mem=True nz=True ynz=True cond=True claim_agree=True upper=0.977339312198  CERT
380218787,0,1 T   mem=True nz=True ynz=True cond=True claim_agree=True upper=2731.86451962  CERT
386253064,0,1 RHO mem=True nz=True ynz=True cond=True claim_agree=True upper=0.966559876148  CERT
386253064,0,1 T   mem=True nz=True ynz=True cond=True claim_agree=True upper=2445.34445982  CERT
394776619,0,1 RHO mem=True nz=True ynz=True cond=True claim_agree=True upper=0.920190771415  CERT
394776619,0,1 T   mem=True nz=True ynz=True cond=True claim_agree=True upper=1985.57851996  CERT
450084676,0,1 RHO mem=True nz=True ynz=True cond=True claim_agree=True upper=0.966559876148  CERT
450084676,0,1 T   mem=True nz=True ynz=True cond=True claim_agree=True upper=2242.69701536  CERT
459538478,0,1 RHO mem=True nz=True ynz=True cond=True claim_agree=True upper=0.912348431694  CERT
459538478,0,1 T   mem=True nz=True ynz=True cond=True claim_agree=True upper=2162.17797598  CERT
474102878,0,1 RHO mem=True nz=True ynz=True cond=True claim_agree=True upper=0.946986808233  CERT
474102878,0,1 T   mem=True nz=True ynz=True cond=True claim_agree=True upper=2165.33163592  CERT
526563683,0,1 RHO mem=True nz=True ynz=True cond=True claim_agree=True upper=0.920228934135  CERT
526563683,0,1 T   mem=True nz=True ynz=True cond=True claim_agree=True upper=2352.84722307  CERT
541128083,0,1 RHO mem=True nz=True ynz=True cond=True claim_agree=True upper=0.920190771415  CERT
541128083,0,1 T   mem=True nz=True ynz=True cond=True claim_agree=True upper=2576.81416820  CERT
550581885,0,1 RHO mem=True nz=True ynz=True cond=True claim_agree=True upper=0.949769213977  CERT
550581885,0,1 T   mem=True nz=True ynz=True cond=True claim_agree=True upper=2621.41862634  CERT
605889942,0,1 RHO mem=True nz=True ynz=True cond=True claim_agree=True upper=0.912348431694  CERT
605889942,0,1 T   mem=True nz=True ynz=True cond=True claim_agree=True upper=1766.64018492  CERT
614413497,0,1 RHO mem=True nz=True ynz=True cond=True claim_agree=True upper=0.949769213977  CERT
614413497,0,1 T   mem=True nz=True ynz=True cond=True claim_agree=True upper=2592.77270740  CERT
620447774,0,1 RHO mem=True nz=True ynz=True cond=True claim_agree=True upper=0.939863555741  CERT
620447774,0,1 T   mem=True nz=True ynz=True cond=True claim_agree=True upper=2747.24825035  CERT
662497280,0,1 RHO mem=True nz=True ynz=True cond=True claim_agree=True upper=0.954649093070  CERT
662497280,0,1 T   mem=True nz=True ynz=True cond=True claim_agree=True upper=2309.40416359  CERT
679608515,0,1 RHO mem=True nz=True ynz=True cond=True claim_agree=True upper=0.955075847506  CERT
679608515,0,1 T   mem=True nz=True ynz=True cond=True claim_agree=True upper=2325.41760246  CERT
728763191,0,1 RHO mem=True nz=True ynz=True cond=True claim_agree=True upper=0.946986808233  CERT
728763191,0,1 T   mem=True nz=True ynz=True cond=True claim_agree=True upper=3174.27314272  CERT
769846881,0,1 RHO mem=True nz=True ynz=True cond=True claim_agree=True upper=0.939863555741  CERT
769846881,0,1 T   mem=True nz=True ynz=True cond=True claim_agree=True upper=1892.22243049  CERT
852990613,0,1 RHO mem=True nz=True ynz=True cond=True claim_agree=True upper=0.965133844657  CERT
852990613,0,1 T   mem=True nz=True ynz=True cond=True claim_agree=True upper=2133.52524036  CERT
877178310,0,1 RHO mem=True nz=True ynz=True cond=True claim_agree=True upper=0.967678899964  CERT
877178310,0,1 T   mem=True nz=True ynz=True cond=True claim_agree=True upper=2422.86557355  CERT
909025737,0,1 RHO mem=True nz=True ynz=True cond=True claim_agree=True upper=0.963660377060  CERT
909025737,0,1 T   mem=True nz=True ynz=True cond=True claim_agree=True upper=2747.44539729  CERT
966448308,0,1 RHO mem=True nz=True ynz=True cond=True claim_agree=True upper=0.932164989226  CERT
966448308,0,1 T   mem=True nz=True ynz=True cond=True claim_agree=True upper=2584.25994872  CERT
983589546,0,1 RHO mem=True nz=True ynz=True cond=True claim_agree=True upper=0.938283469180  CERT
983589546,0,1 T   mem=True nz=True ynz=True cond=True claim_agree=True upper=2126.47806268  CERT
989420334,0,1 RHO mem=True nz=True ynz=True cond=True claim_agree=True upper=0.963660377060  CERT
989420334,0,1 T   mem=True nz=True ynz=True cond=True claim_agree=True upper=2954.19450106  CERT
FAMILY VERIFY n=7 l=1000666561 : EXCLUDED (components certified 32 / 32 ; lines 64 ; failed lines 0)
FAMILY VERIFY PASS
