FACTORIZATION: 32 irreducible factors of degree 2 over F_1000025281: OK
28502388,0,1 RHO mem=True nz=True ynz=True cond=True claim_agree=True upper=0.872915053804  CERT
28502388,0,1 T   mem=True nz=True ynz=True cond=True claim_agree=True upper=1663.84419768  CERT
47055190,0,1 RHO mem=True nz=True ynz=True cond=True claim_agree=True upper=0.864890555691  CERT
47055190,0,1 T   mem=True nz=True ynz=True cond=True claim_agree=True upper=1491.70979655  CERT
77254886,0,1 RHO mem=True nz=True ynz=True cond=True claim_agree=True upper=0.894544790232  CERT
77254886,0,1 T   mem=True nz=True ynz=True cond=True claim_agree=True upper=2410.80583305  CERT
129962045,0,1 RHO mem=True nz=True ynz=True cond=True claim_agree=True upper=0.881705688909  CERT
129962045,0,1 T   mem=True nz=True ynz=True cond=True claim_agree=True upper=1983.44887029  CERT
170147689,0,1 RHO mem=True nz=True ynz=True cond=True claim_agree=True upper=0.929757687311  CERT
170147689,0,1 T   mem=True nz=True ynz=True cond=True claim_agree=True upper=1894.29546532  CERT
197124723,0,1 RHO mem=True nz=True ynz=True cond=True claim_agree=True upper=0.911069939703  CERT
197124723,0,1 T   mem=True nz=True ynz=True cond=True claim_agree=True upper=1912.09259093  CERT
232505715,0,1 RHO mem=True nz=True ynz=True cond=True claim_agree=True upper=0.860664421342  CERT
232505715,0,1 T   mem=True nz=True ynz=True cond=True claim_agree=True upper=2283.36031318  CERT
234769603,0,1 RHO mem=True nz=True ynz=True cond=True claim_agree=True upper=0.864890555691  CERT
234769603,0,1 T   mem=True nz=True ynz=True cond=True claim_agree=True upper=1856.61141690  CERT
259877142,0,1 RHO mem=True nz=True ynz=True cond=True claim_agree=True upper=0.891522451430  CERT
259877142,0,1 T   mem=True nz=True ynz=True cond=True claim_agree=True upper=1654.00023990  CERT
280921052,0,1 RHO mem=True nz=True ynz=True cond=True claim_agree=True upper=0.897807871487  CERT
280921052,0,1 T   mem=True nz=True ynz=True cond=True claim_agree=True upper=2118.80203539  CERT
330365565,0,1 RHO mem=True nz=True ynz=True cond=True claim_agree=True upper=0.885899390011  CERT
330365565,0,1 T   mem=True nz=True ynz=True cond=True claim_agree=True upper=2163.80487010  CERT
362434635,0,1 RHO mem=True nz=True ynz=True cond=True claim_agree=True upper=0.896669586092  CERT
362434635,0,1 T   mem=True nz=True ynz=True cond=True claim_agree=True upper=1650.11096081  CERT
376169823,0,1 RHO mem=True nz=True ynz=True cond=True claim_agree=True upper=0.865765560427  CERT
376169823,0,1 T   mem=True nz=True ynz=True cond=True claim_agree=True upper=1837.19933047  CERT
461871854,0,1 RHO mem=True nz=True ynz=True cond=True claim_agree=True upper=0.897807871487  CERT
461871854,0,1 T   mem=True nz=True ynz=True cond=True claim_agree=True upper=1852.98243204  CERT
476402478,0,1 RHO mem=True nz=True ynz=True cond=True claim_agree=True upper=0.918955503032  CERT
476402478,0,1 T   mem=True nz=True ynz=True cond=True claim_agree=True upper=2160.96939912  CERT
497956149,0,1 RHO mem=True nz=True ynz=True cond=True claim_agree=True upper=0.894544790232  CERT
497956149,0,1 T   mem=True nz=True ynz=True cond=True claim_agree=True upper=2357.07768632  CERT
502069132,0,1 RHO mem=True nz=True ynz=True cond=True claim_agree=True upper=0.895460303984  CERT
502069132,0,1 T   mem=True nz=True ynz=True cond=True claim_agree=True upper=1830.42956102  CERT
523622803,0,1 RHO mem=True nz=True ynz=True cond=True claim_agree=True upper=0.872915053804  CERT
523622803,0,1 T   mem=True nz=True ynz=True cond=True claim_agree=True upper=1590.34500996  CERT
538153427,0,1 RHO mem=True nz=True ynz=True cond=True claim_agree=True upper=0.900018369368  CERT
538153427,0,1 T   mem=True nz=True ynz=True cond=True claim_agree=True upper=1826.98495208  CERT
623855458,0,1 RHO mem=True nz=True ynz=True cond=True claim_agree=True upper=0.929757687311  CERT
623855458,0,1 T   mem=True nz=True ynz=True cond=True claim_agree=True upper=1940.53002287  CERT
637590646,0,1 RHO mem=True nz=True ynz=True cond=True claim_agree=True upper=0.885899390011  CERT
637590646,0,1 T   mem=True nz=True ynz=True cond=True claim_agree=True upper=2441.77634377  CERT
669659716,0,1 RHO mem=True nz=True ynz=True cond=True claim_agree=True upper=0.896669586092  CERT
669659716,0,1 T   mem=True nz=True ynz=True cond=True claim_agree=True upper=1787.79157820  CERT
719104229,0,1 RHO mem=True nz=True ynz=True cond=True claim_agree=True upper=0.900018369368  CERT
719104229,0,1 T   mem=True nz=True ynz=True cond=True claim_agree=True upper=1591.88239547  CERT
740148139,0,1 RHO mem=True nz=True ynz=True cond=True claim_agree=True upper=0.881705688909  CERT
740148139,0,1 T   mem=True nz=True ynz=True cond=True claim_agree=True upper=2153.75804240  CERT
765255678,0,1 RHO mem=True nz=True ynz=True cond=True claim_agree=True upper=0.916769239653  CERT
765255678,0,1 T   mem=True nz=True ynz=True cond=True claim_agree=True upper=2469.18055377  CERT
767519566,0,1 RHO mem=True nz=True ynz=True cond=True claim_agree=True upper=0.911069939703  CERT
767519566,0,1 T   mem=True nz=True ynz=True cond=True claim_agree=True upper=2010.36664578  CERT
802900558,0,1 RHO mem=True nz=True ynz=True cond=True claim_agree=True upper=0.860664421342  CERT
802900558,0,1 T   mem=True nz=True ynz=True cond=True claim_agree=True upper=1657.96003246  CERT
829877592,0,1 RHO mem=True nz=True ynz=True cond=True claim_agree=True upper=0.865765560427  CERT
829877592,0,1 T   mem=True nz=True ynz=True cond=True claim_agree=True upper=1993.46589355  CERT
870063236,0,1 RHO mem=True nz=True ynz=True cond=True claim_agree=True upper=0.891522451430  CERT
870063236,0,1 T   mem=True nz=True ynz=True cond=True claim_agree=True upper=1776.13051813  CERT
922770395,0,1 RHO mem=True nz=True ynz=True cond=True claim_agree=True upper=0.895460303984  CERT
922770395,0,1 T   mem=True nz=True ynz=True cond=True claim_agree=True upper=1710.77045333  CERT
952970091,0,1 RHO mem=True nz=True ynz=True cond=True claim_agree=True upper=0.916769239653  CERT
952970091,0,1 T   mem=True nz=True ynz=True cond=True claim_agree=True upper=2740.06940530  CERT
971522893,0,1 RHO mem=True nz=True ynz=True cond=True claim_agree=True upper=0.918955503032  CERT
971522893,0,1 T   mem=True nz=True ynz=True cond=True claim_agree=True upper=1818.26768471  CERT
FAMILY VERIFY n=7 l=1000025281 : EXCLUDED (components certified 32 / 32 ; lines 64 ; failed lines 0)
FAMILY VERIFY PASS
