FACTORIZATION: 32 irreducible factors of degree 2 over F_1000404673: OK
5221791,0,1 RHO mem=True nz=True ynz=True cond=True claim_agree=True upper=0.892147720742  CERT
5221791,0,1 T   mem=True nz=True ynz=True cond=True claim_agree=True upper=2265.84538776  CERT
16346927,0,1 RHO mem=True nz=True ynz=True cond=True claim_agree=True upper=0.959836904959  CERT
16346927,0,1 T   mem=True nz=True ynz=True cond=True claim_agree=True upper=2573.33311098  CERT
53277587,0,1 RHO mem=True nz=True ynz=True cond=True claim_agree=True upper=0.925356782694  CERT
53277587,0,1 T   mem=True nz=True ynz=True cond=True claim_agree=True upper=2833.43475853  CERT
80774545,0,1 RHO mem=True nz=True ynz=True cond=True claim_agree=True upper=0.936864983502  CERT
80774545,0,1 T   mem=True nz=True ynz=True cond=True claim_agree=True upper=2424.88859911  CERT
103382235,0,1 RHO mem=True nz=True ynz=True cond=True claim_agree=True upper=0.925356782694  CERT
103382235,0,1 T   mem=True nz=True ynz=True cond=True claim_agree=True upper=2481.03731434  CERT
214616364,0,1 RHO mem=True nz=True ynz=True cond=True claim_agree=True upper=0.921180702604  CERT
214616364,0,1 T   mem=True nz=True ynz=True cond=True claim_agree=True upper=2443.19168087  CERT
302049366,0,1 RHO mem=True nz=True ynz=True cond=True claim_agree=True upper=0.930239876029  CERT
302049366,0,1 T   mem=True nz=True ynz=True cond=True claim_agree=True upper=2301.76744888  CERT
306622963,0,1 RHO mem=True nz=True ynz=True cond=True claim_agree=True upper=0.937286412803  CERT
306622963,0,1 T   mem=True nz=True ynz=True cond=True claim_agree=True upper=2282.61941165  CERT
312675802,0,1 RHO mem=True nz=True ynz=True cond=True claim_agree=True upper=0.921180702604  CERT
312675802,0,1 T   mem=True nz=True ynz=True cond=True claim_agree=True upper=2927.17604329  CERT
333441068,0,1 RHO mem=True nz=True ynz=True cond=True claim_agree=True upper=0.949764685933  CERT
333441068,0,1 T   mem=True nz=True ynz=True cond=True claim_agree=True upper=2637.39143394  CERT
349165582,0,1 RHO mem=True nz=True ynz=True cond=True claim_agree=True upper=0.959125949672  CERT
349165582,0,1 T   mem=True nz=True ynz=True cond=True claim_agree=True upper=2503.28099273  CERT
355982239,0,1 RHO mem=True nz=True ynz=True cond=True claim_agree=True upper=0.922994858296  CERT
355982239,0,1 T   mem=True nz=True ynz=True cond=True claim_agree=True upper=2562.77547210  CERT
359570507,0,1 RHO mem=True nz=True ynz=True cond=True claim_agree=True upper=0.949764685933  CERT
359570507,0,1 T   mem=True nz=True ynz=True cond=True claim_agree=True upper=2576.17133753  CERT
363052865,0,1 RHO mem=True nz=True ynz=True cond=True claim_agree=True upper=0.959836904959  CERT
363052865,0,1 T   mem=True nz=True ynz=True cond=True claim_agree=True upper=2182.30310834  CERT
457163467,0,1 RHO mem=True nz=True ynz=True cond=True claim_agree=True upper=0.963184395309  CERT
457163467,0,1 T   mem=True nz=True ynz=True cond=True claim_agree=True upper=2278.19326120  CERT
478701109,0,1 RHO mem=True nz=True ynz=True cond=True claim_agree=True upper=0.892147720742  CERT
478701109,0,1 T   mem=True nz=True ynz=True cond=True claim_agree=True upper=1732.07317853  CERT
521703564,0,1 RHO mem=True nz=True ynz=True cond=True claim_agree=True upper=0.970598338028  CERT
521703564,0,1 T   mem=True nz=True ynz=True cond=True claim_agree=True upper=3459.28207565  CERT
543241206,0,1 RHO mem=True nz=True ynz=True cond=True claim_agree=True upper=0.937286412803  CERT
543241206,0,1 T   mem=True nz=True ynz=True cond=True claim_agree=True upper=2443.06646956  CERT
637351808,0,1 RHO mem=True nz=True ynz=True cond=True claim_agree=True upper=0.919185887662  CERT
637351808,0,1 T   mem=True nz=True ynz=True cond=True claim_agree=True upper=1633.34144476  CERT
640834166,0,1 RHO mem=True nz=True ynz=True cond=True claim_agree=True upper=0.923183853035  CERT
640834166,0,1 T   mem=True nz=True ynz=True cond=True claim_agree=True upper=2077.10303957  CERT
644422434,0,1 RHO mem=True nz=True ynz=True cond=True claim_agree=True upper=0.936864983502  CERT
644422434,0,1 T   mem=True nz=True ynz=True cond=True claim_agree=True upper=2768.21392611  CERT
651239091,0,1 RHO mem=True nz=True ynz=True cond=True claim_agree=True upper=0.930239876029  CERT
651239091,0,1 T   mem=True nz=True ynz=True cond=True claim_agree=True upper=2275.33188711  CERT
666963605,0,1 RHO mem=True nz=True ynz=True cond=True claim_agree=True upper=0.923183853035  CERT
666963605,0,1 T   mem=True nz=True ynz=True cond=True claim_agree=True upper=2313.76306548  CERT
687728871,0,1 RHO mem=True nz=True ynz=True cond=True claim_agree=True upper=0.939013968875  CERT
687728871,0,1 T   mem=True nz=True ynz=True cond=True claim_agree=True upper=2408.49303637  CERT
693781710,0,1 RHO mem=True nz=True ynz=True cond=True claim_agree=True upper=0.963184395309  CERT
693781710,0,1 T   mem=True nz=True ynz=True cond=True claim_agree=True upper=2610.52971937  CERT
698355307,0,1 RHO mem=True nz=True ynz=True cond=True claim_agree=True upper=0.959125949672  CERT
698355307,0,1 T   mem=True nz=True ynz=True cond=True claim_agree=True upper=2753.35201361  CERT
785788309,0,1 RHO mem=True nz=True ynz=True cond=True claim_agree=True upper=0.939013968875  CERT
785788309,0,1 T   mem=True nz=True ynz=True cond=True claim_agree=True upper=2066.51884953  CERT
897022438,0,1 RHO mem=True nz=True ynz=True cond=True claim_agree=True upper=0.957101026592  CERT
897022438,0,1 T   mem=True nz=True ynz=True cond=True claim_agree=True upper=2079.46522606  CERT
919630128,0,1 RHO mem=True nz=True ynz=True cond=True claim_agree=True upper=0.922994858296  CERT
919630128,0,1 T   mem=True nz=True ynz=True cond=True claim_agree=True upper=2961.96314352  CERT
947127086,0,1 RHO mem=True nz=True ynz=True cond=True claim_agree=True upper=0.957101026592  CERT
947127086,0,1 T   mem=True nz=True ynz=True cond=True claim_agree=True upper=2312.13488138  CERT
984057746,0,1 RHO mem=True nz=True ynz=True cond=True claim_agree=True upper=0.919185887662  CERT
984057746,0,1 T   mem=True nz=True ynz=True cond=True claim_agree=True upper=1956.62558792  CERT
995182882,0,1 RHO mem=True nz=True ynz=True cond=True claim_agree=True upper=0.970598338028  CERT
995182882,0,1 T   mem=True nz=True ynz=True cond=True claim_agree=True upper=2856.54963308  CERT
FAMILY VERIFY n=7 l=1000404673 : EXCLUDED (components certified 32 / 32 ; lines 64 ; failed lines 0)
FAMILY VERIFY PASS
