FACTORIZATION: 32 irreducible factors of degree 2 over F_1000944961: OK
66881288,0,1 RHO mem=True nz=True ynz=True cond=True claim_agree=True upper=0.897644375158  CERT
66881288,0,1 T   mem=True nz=True ynz=True cond=True claim_agree=True upper=2643.30003695  CERT
120258335,0,1 RHO mem=True nz=True ynz=True cond=True claim_agree=True upper=0.882397862270  CERT
120258335,0,1 T   mem=True nz=True ynz=True cond=True claim_agree=True upper=2459.34631626  CERT
120522884,0,1 RHO mem=True nz=True ynz=True cond=True claim_agree=True upper=0.849845670378  CERT
120522884,0,1 T   mem=True nz=True ynz=True cond=True claim_agree=True upper=2109.82050440  CERT
167569001,0,1 RHO mem=True nz=True ynz=True cond=True claim_agree=True upper=0.898932300045  CERT
167569001,0,1 T   mem=True nz=True ynz=True cond=True claim_agree=True upper=2490.22295241  CERT
192216539,0,1 RHO mem=True nz=True ynz=True cond=True claim_agree=True upper=0.908154005184  CERT
192216539,0,1 T   mem=True nz=True ynz=True cond=True claim_agree=True upper=2558.90256630  CERT
227375658,0,1 RHO mem=True nz=True ynz=True cond=True claim_agree=True upper=0.892006827990  CERT
227375658,0,1 T   mem=True nz=True ynz=True cond=True claim_agree=True upper=2535.20675658  CERT
321526798,0,1 RHO mem=True nz=True ynz=True cond=True claim_agree=True upper=0.886400194095  CERT
321526798,0,1 T   mem=True nz=True ynz=True cond=True claim_agree=True upper=2389.78097724  CERT
377000617,0,1 RHO mem=True nz=True ynz=True cond=True claim_agree=True upper=0.908318882748  CERT
377000617,0,1 T   mem=True nz=True ynz=True cond=True claim_agree=True upper=1794.96760472  CERT
396554991,0,1 RHO mem=True nz=True ynz=True cond=True claim_agree=True upper=0.898932300045  CERT
396554991,0,1 T   mem=True nz=True ynz=True cond=True claim_agree=True upper=2421.16368715  CERT
421287219,0,1 RHO mem=True nz=True ynz=True cond=True claim_agree=True upper=0.853924221287  CERT
421287219,0,1 T   mem=True nz=True ynz=True cond=True claim_agree=True upper=1761.23921552  CERT
426266605,0,1 RHO mem=True nz=True ynz=True cond=True claim_agree=True upper=0.909397316278  CERT
426266605,0,1 T   mem=True nz=True ynz=True cond=True claim_agree=True upper=2424.11946306  CERT
429121442,0,1 RHO mem=True nz=True ynz=True cond=True claim_agree=True upper=0.870203289783  CERT
429121442,0,1 T   mem=True nz=True ynz=True cond=True claim_agree=True upper=2251.79087060  CERT
441976911,0,1 RHO mem=True nz=True ynz=True cond=True claim_agree=True upper=0.849845670378  CERT
441976911,0,1 T   mem=True nz=True ynz=True cond=True claim_agree=True upper=1504.51663691  CERT
443581861,0,1 RHO mem=True nz=True ynz=True cond=True claim_agree=True upper=0.883545322430  CERT
443581861,0,1 T   mem=True nz=True ynz=True cond=True claim_agree=True upper=2499.88983256  CERT
460219957,0,1 RHO mem=True nz=True ynz=True cond=True claim_agree=True upper=0.886787937091  CERT
460219957,0,1 T   mem=True nz=True ynz=True cond=True claim_agree=True upper=1941.12040946  CERT
497340493,0,1 RHO mem=True nz=True ynz=True cond=True claim_agree=True upper=0.867906434257  CERT
497340493,0,1 T   mem=True nz=True ynz=True cond=True claim_agree=True upper=1815.28544134  CERT
503604468,0,1 RHO mem=True nz=True ynz=True cond=True claim_agree=True upper=0.908318882748  CERT
503604468,0,1 T   mem=True nz=True ynz=True cond=True claim_agree=True upper=2751.47990754  CERT
540725004,0,1 RHO mem=True nz=True ynz=True cond=True claim_agree=True upper=0.882397862270  CERT
540725004,0,1 T   mem=True nz=True ynz=True cond=True claim_agree=True upper=2457.04382057  CERT
557363100,0,1 RHO mem=True nz=True ynz=True cond=True claim_agree=True upper=0.892006827990  CERT
557363100,0,1 T   mem=True nz=True ynz=True cond=True claim_agree=True upper=2412.58578506  CERT
558968050,0,1 RHO mem=True nz=True ynz=True cond=True claim_agree=True upper=0.930925791921  CERT
558968050,0,1 T   mem=True nz=True ynz=True cond=True claim_agree=True upper=2285.12224874  CERT
571823519,0,1 RHO mem=True nz=True ynz=True cond=True claim_agree=True upper=0.909397316278  CERT
571823519,0,1 T   mem=True nz=True ynz=True cond=True claim_agree=True upper=2035.41641069  CERT
574678356,0,1 RHO mem=True nz=True ynz=True cond=True claim_agree=True upper=0.870203289783  CERT
574678356,0,1 T   mem=True nz=True ynz=True cond=True claim_agree=True upper=2242.99889140  CERT
579657742,0,1 RHO mem=True nz=True ynz=True cond=True claim_agree=True upper=0.908154005184  CERT
579657742,0,1 T   mem=True nz=True ynz=True cond=True claim_agree=True upper=1963.08221938  CERT
604389970,0,1 RHO mem=True nz=True ynz=True cond=True claim_agree=True upper=0.871499806866  CERT
604389970,0,1 T   mem=True nz=True ynz=True cond=True claim_agree=True upper=2236.77249284  CERT
623944344,0,1 RHO mem=True nz=True ynz=True cond=True claim_agree=True upper=0.867906434257  CERT
623944344,0,1 T   mem=True nz=True ynz=True cond=True claim_agree=True upper=2552.47742820  CERT
679418163,0,1 RHO mem=True nz=True ynz=True cond=True claim_agree=True upper=0.897644375158  CERT
679418163,0,1 T   mem=True nz=True ynz=True cond=True claim_agree=True upper=2014.43545154  CERT
773569303,0,1 RHO mem=True nz=True ynz=True cond=True claim_agree=True upper=0.883545322430  CERT
773569303,0,1 T   mem=True nz=True ynz=True cond=True claim_agree=True upper=1702.86968764  CERT
808728422,0,1 RHO mem=True nz=True ynz=True cond=True claim_agree=True upper=0.853924221287  CERT
808728422,0,1 T   mem=True nz=True ynz=True cond=True claim_agree=True upper=1639.10547407  CERT
833375960,0,1 RHO mem=True nz=True ynz=True cond=True claim_agree=True upper=0.871499806866  CERT
833375960,0,1 T   mem=True nz=True ynz=True cond=True claim_agree=True upper=1824.34799631  CERT
880422077,0,1 RHO mem=True nz=True ynz=True cond=True claim_agree=True upper=0.930925791921  CERT
880422077,0,1 T   mem=True nz=True ynz=True cond=True claim_agree=True upper=2191.14602930  CERT
880686626,0,1 RHO mem=True nz=True ynz=True cond=True claim_agree=True upper=0.886787937091  CERT
880686626,0,1 T   mem=True nz=True ynz=True cond=True claim_agree=True upper=2238.10026910  CERT
934063673,0,1 RHO mem=True nz=True ynz=True cond=True claim_agree=True upper=0.886400194095  CERT
934063673,0,1 T   mem=True nz=True ynz=True cond=True claim_agree=True upper=1599.28056961  CERT
FAMILY VERIFY n=7 l=1000944961 : EXCLUDED (components certified 32 / 32 ; lines 64 ; failed lines 0)
FAMILY VERIFY PASS
