FACTORIZATION: 32 irreducible factors of degree 2 over F_1000274369: OK
43868332,0,1 RHO mem=True nz=True ynz=True cond=True claim_agree=True upper=0.924056199395  CERT
43868332,0,1 T   mem=True nz=True ynz=True cond=True claim_agree=True upper=2624.07114542  CERT
58860833,0,1 RHO mem=True nz=True ynz=True cond=True claim_agree=True upper=0.950870637495  CERT
58860833,0,1 T   mem=True nz=True ynz=True cond=True claim_agree=True upper=2886.59587302  CERT
137447649,0,1 RHO mem=True nz=True ynz=True cond=True claim_agree=True upper=0.950870637495  CERT
137447649,0,1 T   mem=True nz=True ynz=True cond=True claim_agree=True upper=1770.54262554  CERT
179483232,0,1 RHO mem=True nz=True ynz=True cond=True claim_agree=True upper=0.946651936214  CERT
179483232,0,1 T   mem=True nz=True ynz=True cond=True claim_agree=True upper=2459.99959737  CERT
195508994,0,1 RHO mem=True nz=True ynz=True cond=True claim_agree=True upper=0.936898486637  CERT
195508994,0,1 T   mem=True nz=True ynz=True cond=True claim_agree=True upper=2514.14179349  CERT
195935030,0,1 RHO mem=True nz=True ynz=True cond=True claim_agree=True upper=0.930945310322  CERT
195935030,0,1 T   mem=True nz=True ynz=True cond=True claim_agree=True upper=2704.54053054  CERT
206444484,0,1 RHO mem=True nz=True ynz=True cond=True claim_agree=True upper=0.917338281101  CERT
206444484,0,1 T   mem=True nz=True ynz=True cond=True claim_agree=True upper=1656.57240654  CERT
222520334,0,1 RHO mem=True nz=True ynz=True cond=True claim_agree=True upper=0.917338281101  CERT
222520334,0,1 T   mem=True nz=True ynz=True cond=True claim_agree=True upper=2592.67211208  CERT
230887005,0,1 RHO mem=True nz=True ynz=True cond=True claim_agree=True upper=0.945110495609  CERT
230887005,0,1 T   mem=True nz=True ynz=True cond=True claim_agree=True upper=2509.94605371  CERT
265207358,0,1 RHO mem=True nz=True ynz=True cond=True claim_agree=True upper=0.956451187179  CERT
265207358,0,1 T   mem=True nz=True ynz=True cond=True claim_agree=True upper=2227.03627904  CERT
350287576,0,1 RHO mem=True nz=True ynz=True cond=True claim_agree=True upper=0.941194969436  CERT
350287576,0,1 T   mem=True nz=True ynz=True cond=True claim_agree=True upper=2865.56664044  CERT
383631800,0,1 RHO mem=True nz=True ynz=True cond=True claim_agree=True upper=0.924056199395  CERT
383631800,0,1 T   mem=True nz=True ynz=True cond=True claim_agree=True upper=1826.82936630  CERT
391774592,0,1 RHO mem=True nz=True ynz=True cond=True claim_agree=True upper=0.930945310322  CERT
391774592,0,1 T   mem=True nz=True ynz=True cond=True claim_agree=True upper=1966.59294535  CERT
405161998,0,1 RHO mem=True nz=True ynz=True cond=True claim_agree=True upper=0.945110495609  CERT
405161998,0,1 T   mem=True nz=True ynz=True cond=True claim_agree=True upper=2938.91583324  CERT
442499296,0,1 RHO mem=True nz=True ynz=True cond=True claim_agree=True upper=0.963305321260  CERT
442499296,0,1 T   mem=True nz=True ynz=True cond=True claim_agree=True upper=2039.62054490  CERT
497196389,0,1 RHO mem=True nz=True ynz=True cond=True claim_agree=True upper=0.930424354773  CERT
497196389,0,1 T   mem=True nz=True ynz=True cond=True claim_agree=True upper=2622.04738761  CERT
503077980,0,1 RHO mem=True nz=True ynz=True cond=True claim_agree=True upper=0.963305321260  CERT
503077980,0,1 T   mem=True nz=True ynz=True cond=True claim_agree=True upper=2698.27973399  CERT
557775073,0,1 RHO mem=True nz=True ynz=True cond=True claim_agree=True upper=0.930424354773  CERT
557775073,0,1 T   mem=True nz=True ynz=True cond=True claim_agree=True upper=1879.16547303  CERT
595112371,0,1 RHO mem=True nz=True ynz=True cond=True claim_agree=True upper=0.960282798024  CERT
595112371,0,1 T   mem=True nz=True ynz=True cond=True claim_agree=True upper=2956.22713366  CERT
608499777,0,1 RHO mem=True nz=True ynz=True cond=True claim_agree=True upper=0.904659021657  CERT
608499777,0,1 T   mem=True nz=True ynz=True cond=True claim_agree=True upper=2904.83043358  CERT
616642569,0,1 RHO mem=True nz=True ynz=True cond=True claim_agree=True upper=0.948482745319  CERT
616642569,0,1 T   mem=True nz=True ynz=True cond=True claim_agree=True upper=2127.28916337  CERT
649986793,0,1 RHO mem=True nz=True ynz=True cond=True claim_agree=True upper=0.956451187179  CERT
649986793,0,1 T   mem=True nz=True ynz=True cond=True claim_agree=True upper=2285.60139569  CERT
735067011,0,1 RHO mem=True nz=True ynz=True cond=True claim_agree=True upper=0.941194969436  CERT
735067011,0,1 T   mem=True nz=True ynz=True cond=True claim_agree=True upper=2698.79533756  CERT
769387364,0,1 RHO mem=True nz=True ynz=True cond=True claim_agree=True upper=0.960282798024  CERT
769387364,0,1 T   mem=True nz=True ynz=True cond=True claim_agree=True upper=2710.61462691  CERT
777754035,0,1 RHO mem=True nz=True ynz=True cond=True claim_agree=True upper=0.950355982778  CERT
777754035,0,1 T   mem=True nz=True ynz=True cond=True claim_agree=True upper=2430.52971624  CERT
793829885,0,1 RHO mem=True nz=True ynz=True cond=True claim_agree=True upper=0.950355982778  CERT
793829885,0,1 T   mem=True nz=True ynz=True cond=True claim_agree=True upper=2211.16722874  CERT
804339339,0,1 RHO mem=True nz=True ynz=True cond=True claim_agree=True upper=0.904659021657  CERT
804339339,0,1 T   mem=True nz=True ynz=True cond=True claim_agree=True upper=2172.69824309  CERT
804765375,0,1 RHO mem=True nz=True ynz=True cond=True claim_agree=True upper=0.946651936214  CERT
804765375,0,1 T   mem=True nz=True ynz=True cond=True claim_agree=True upper=3012.80768666  CERT
820791137,0,1 RHO mem=True nz=True ynz=True cond=True claim_agree=True upper=0.936898486637  CERT
820791137,0,1 T   mem=True nz=True ynz=True cond=True claim_agree=True upper=2567.46205920  CERT
862826720,0,1 RHO mem=True nz=True ynz=True cond=True claim_agree=True upper=0.945870179391  CERT
862826720,0,1 T   mem=True nz=True ynz=True cond=True claim_agree=True upper=2135.44583823  CERT
941413536,0,1 RHO mem=True nz=True ynz=True cond=True claim_agree=True upper=0.945870179391  CERT
941413536,0,1 T   mem=True nz=True ynz=True cond=True claim_agree=True upper=2557.06833396  CERT
956406037,0,1 RHO mem=True nz=True ynz=True cond=True claim_agree=True upper=0.948482745319  CERT
956406037,0,1 T   mem=True nz=True ynz=True cond=True claim_agree=True upper=2697.23088499  CERT
FAMILY VERIFY n=7 l=1000274369 : EXCLUDED (components certified 32 / 32 ; lines 64 ; failed lines 0)
FAMILY VERIFY PASS
