FACTORIZATION: 32 irreducible factors of degree 2 over F_1001098561: OK
111585395,0,1 RHO mem=True nz=True ynz=True cond=True claim_agree=True upper=0.962286594313  CERT
111585395,0,1 T   mem=True nz=True ynz=True cond=True claim_agree=True upper=2974.82212349  CERT
217377313,0,1 RHO mem=True nz=True ynz=True cond=True claim_agree=True upper=0.974656398746  CERT
217377313,0,1 T   mem=True nz=True ynz=True cond=True claim_agree=True upper=2771.42401200  CERT
256843625,0,1 RHO mem=True nz=True ynz=True cond=True claim_agree=True upper=0.945672169884  CERT
256843625,0,1 T   mem=True nz=True ynz=True cond=True claim_agree=True upper=2426.14734012  CERT
256874829,0,1 RHO mem=True nz=True ynz=True cond=True claim_agree=True upper=0.941481036541  CERT
256874829,0,1 T   mem=True nz=True ynz=True cond=True claim_agree=True upper=3280.90510237  CERT
301040632,0,1 RHO mem=True nz=True ynz=True cond=True claim_agree=True upper=0.927865778152  CERT
301040632,0,1 T   mem=True nz=True ynz=True cond=True claim_agree=True upper=2494.93317673  CERT
326747769,0,1 RHO mem=True nz=True ynz=True cond=True claim_agree=True upper=0.924862640641  CERT
326747769,0,1 T   mem=True nz=True ynz=True cond=True claim_agree=True upper=2435.82779542  CERT
328214732,0,1 RHO mem=True nz=True ynz=True cond=True claim_agree=True upper=0.942488718364  CERT
328214732,0,1 T   mem=True nz=True ynz=True cond=True claim_agree=True upper=3246.23365268  CERT
334310602,0,1 RHO mem=True nz=True ynz=True cond=True claim_agree=True upper=0.932379314107  CERT
334310602,0,1 T   mem=True nz=True ynz=True cond=True claim_agree=True upper=2914.25308843  CERT
344670451,0,1 RHO mem=True nz=True ynz=True cond=True claim_agree=True upper=0.932379314107  CERT
344670451,0,1 T   mem=True nz=True ynz=True cond=True claim_agree=True upper=2228.52925380  CERT
346328710,0,1 RHO mem=True nz=True ynz=True cond=True claim_agree=True upper=0.945672169884  CERT
346328710,0,1 T   mem=True nz=True ynz=True cond=True claim_agree=True upper=2001.84790090  CERT
366603865,0,1 RHO mem=True nz=True ynz=True cond=True claim_agree=True upper=0.932881740460  CERT
366603865,0,1 T   mem=True nz=True ynz=True cond=True claim_agree=True upper=2633.99882174  CERT
374873013,0,1 RHO mem=True nz=True ynz=True cond=True claim_agree=True upper=0.942175632261  CERT
374873013,0,1 T   mem=True nz=True ynz=True cond=True claim_agree=True upper=1966.91751534  CERT
418669872,0,1 RHO mem=True nz=True ynz=True cond=True claim_agree=True upper=0.961514898346  CERT
418669872,0,1 T   mem=True nz=True ynz=True cond=True claim_agree=True upper=2574.20551053  CERT
438993218,0,1 RHO mem=True nz=True ynz=True cond=True claim_agree=True upper=0.927865778152  CERT
438993218,0,1 T   mem=True nz=True ynz=True cond=True claim_agree=True upper=1969.06847675  CERT
444406486,0,1 RHO mem=True nz=True ynz=True cond=True claim_agree=True upper=0.934308386432  CERT
444406486,0,1 T   mem=True nz=True ynz=True cond=True claim_agree=True upper=2256.23967370  CERT
491718763,0,1 RHO mem=True nz=True ynz=True cond=True claim_agree=True upper=0.941481036541  CERT
491718763,0,1 T   mem=True nz=True ynz=True cond=True claim_agree=True upper=3528.78552100  CERT
509379798,0,1 RHO mem=True nz=True ynz=True cond=True claim_agree=True upper=0.942040695484  CERT
509379798,0,1 T   mem=True nz=True ynz=True cond=True claim_agree=True upper=2497.18135051  CERT
556692075,0,1 RHO mem=True nz=True ynz=True cond=True claim_agree=True upper=0.974656398746  CERT
556692075,0,1 T   mem=True nz=True ynz=True cond=True claim_agree=True upper=2013.28540390  CERT
562105343,0,1 RHO mem=True nz=True ynz=True cond=True claim_agree=True upper=0.931158091316  CERT
562105343,0,1 T   mem=True nz=True ynz=True cond=True claim_agree=True upper=2311.46884560  CERT
582428689,0,1 RHO mem=True nz=True ynz=True cond=True claim_agree=True upper=0.924862640641  CERT
582428689,0,1 T   mem=True nz=True ynz=True cond=True claim_agree=True upper=1831.62533370  CERT
626225548,0,1 RHO mem=True nz=True ynz=True cond=True claim_agree=True upper=0.932881740460  CERT
626225548,0,1 T   mem=True nz=True ynz=True cond=True claim_agree=True upper=2574.43029211  CERT
634494696,0,1 RHO mem=True nz=True ynz=True cond=True claim_agree=True upper=0.942175632261  CERT
634494696,0,1 T   mem=True nz=True ynz=True cond=True claim_agree=True upper=2410.41012199  CERT
654769851,0,1 RHO mem=True nz=True ynz=True cond=True claim_agree=True upper=0.944679170565  CERT
654769851,0,1 T   mem=True nz=True ynz=True cond=True claim_agree=True upper=2495.05168742  CERT
656428110,0,1 RHO mem=True nz=True ynz=True cond=True claim_agree=True upper=0.927794956030  CERT
656428110,0,1 T   mem=True nz=True ynz=True cond=True claim_agree=True upper=3572.18013571  CERT
666787959,0,1 RHO mem=True nz=True ynz=True cond=True claim_agree=True upper=0.927794956030  CERT
666787959,0,1 T   mem=True nz=True ynz=True cond=True claim_agree=True upper=2772.21670366  CERT
672883829,0,1 RHO mem=True nz=True ynz=True cond=True claim_agree=True upper=0.962286594313  CERT
672883829,0,1 T   mem=True nz=True ynz=True cond=True claim_agree=True upper=2492.98314863  CERT
674350792,0,1 RHO mem=True nz=True ynz=True cond=True claim_agree=True upper=0.961514898346  CERT
674350792,0,1 T   mem=True nz=True ynz=True cond=True claim_agree=True upper=2641.89754556  CERT
700057929,0,1 RHO mem=True nz=True ynz=True cond=True claim_agree=True upper=0.931158091316  CERT
700057929,0,1 T   mem=True nz=True ynz=True cond=True claim_agree=True upper=2536.78618579  CERT
744223732,0,1 RHO mem=True nz=True ynz=True cond=True claim_agree=True upper=0.942040695484  CERT
744223732,0,1 T   mem=True nz=True ynz=True cond=True claim_agree=True upper=2598.25417165  CERT
744254936,0,1 RHO mem=True nz=True ynz=True cond=True claim_agree=True upper=0.944679170565  CERT
744254936,0,1 T   mem=True nz=True ynz=True cond=True claim_agree=True upper=2410.10092190  CERT
783721248,0,1 RHO mem=True nz=True ynz=True cond=True claim_agree=True upper=0.934308386432  CERT
783721248,0,1 T   mem=True nz=True ynz=True cond=True claim_agree=True upper=2207.28531469  CERT
889513166,0,1 RHO mem=True nz=True ynz=True cond=True claim_agree=True upper=0.942488718364  CERT
889513166,0,1 T   mem=True nz=True ynz=True cond=True claim_agree=True upper=2801.39543397  CERT
FAMILY VERIFY n=7 l=1001098561 : EXCLUDED (components certified 32 / 32 ; lines 64 ; failed lines 0)
FAMILY VERIFY PASS
