FACTORIZATION: 32 irreducible factors of degree 2 over F_1001029441: OK
35078725,0,1 RHO mem=True nz=True ynz=True cond=True claim_agree=True upper=0.940026090005  CERT
35078725,0,1 T   mem=True nz=True ynz=True cond=True claim_agree=True upper=3014.84776900  CERT
122617547,0,1 RHO mem=True nz=True ynz=True cond=True claim_agree=True upper=0.970401802157  CERT
122617547,0,1 T   mem=True nz=True ynz=True cond=True claim_agree=True upper=3439.71731916  CERT
123532953,0,1 RHO mem=True nz=True ynz=True cond=True claim_agree=True upper=0.924179682062  CERT
123532953,0,1 T   mem=True nz=True ynz=True cond=True claim_agree=True upper=2021.61972113  CERT
180242628,0,1 RHO mem=True nz=True ynz=True cond=True claim_agree=True upper=0.939552860340  CERT
180242628,0,1 T   mem=True nz=True ynz=True cond=True claim_agree=True upper=2380.71733624  CERT
183588079,0,1 RHO mem=True nz=True ynz=True cond=True claim_agree=True upper=0.943129538582  CERT
183588079,0,1 T   mem=True nz=True ynz=True cond=True claim_agree=True upper=2603.53386489  CERT
185311271,0,1 RHO mem=True nz=True ynz=True cond=True claim_agree=True upper=0.982807346728  CERT
185311271,0,1 T   mem=True nz=True ynz=True cond=True claim_agree=True upper=3407.53923244  CERT
288353929,0,1 RHO mem=True nz=True ynz=True cond=True claim_agree=True upper=0.941198399721  CERT
288353929,0,1 T   mem=True nz=True ynz=True cond=True claim_agree=True upper=2057.60799595  CERT
299024250,0,1 RHO mem=True nz=True ynz=True cond=True claim_agree=True upper=0.939691084199  CERT
299024250,0,1 T   mem=True nz=True ynz=True cond=True claim_agree=True upper=2881.84627535  CERT
330545343,0,1 RHO mem=True nz=True ynz=True cond=True claim_agree=True upper=0.949969460433  CERT
330545343,0,1 T   mem=True nz=True ynz=True cond=True claim_agree=True upper=2584.12886373  CERT
361174263,0,1 RHO mem=True nz=True ynz=True cond=True claim_agree=True upper=0.966212675185  CERT
361174263,0,1 T   mem=True nz=True ynz=True cond=True claim_agree=True upper=2929.38974877  CERT
397889112,0,1 RHO mem=True nz=True ynz=True cond=True claim_agree=True upper=0.982807346728  CERT
397889112,0,1 T   mem=True nz=True ynz=True cond=True claim_agree=True upper=2675.04616600  CERT
405484773,0,1 RHO mem=True nz=True ynz=True cond=True claim_agree=True upper=0.939691084199  CERT
405484773,0,1 T   mem=True nz=True ynz=True cond=True claim_agree=True upper=3090.82411467  CERT
443861123,0,1 RHO mem=True nz=True ynz=True cond=True claim_agree=True upper=0.952379059301  CERT
443861123,0,1 T   mem=True nz=True ynz=True cond=True claim_agree=True upper=2809.34115931  CERT
454872804,0,1 RHO mem=True nz=True ynz=True cond=True claim_agree=True upper=0.949448917692  CERT
454872804,0,1 T   mem=True nz=True ynz=True cond=True claim_agree=True upper=2279.36844954  CERT
455649956,0,1 RHO mem=True nz=True ynz=True cond=True claim_agree=True upper=0.939552860340  CERT
455649956,0,1 T   mem=True nz=True ynz=True cond=True claim_agree=True upper=1964.53416004  CERT
495261421,0,1 RHO mem=True nz=True ynz=True cond=True claim_agree=True upper=0.928947049493  CERT
495261421,0,1 T   mem=True nz=True ynz=True cond=True claim_agree=True upper=1902.78346915  CERT
505768020,0,1 RHO mem=True nz=True ynz=True cond=True claim_agree=True upper=0.952379059301  CERT
505768020,0,1 T   mem=True nz=True ynz=True cond=True claim_agree=True upper=2471.43890463  CERT
545379485,0,1 RHO mem=True nz=True ynz=True cond=True claim_agree=True upper=0.964831853532  CERT
545379485,0,1 T   mem=True nz=True ynz=True cond=True claim_agree=True upper=2991.24600020  CERT
546156637,0,1 RHO mem=True nz=True ynz=True cond=True claim_agree=True upper=0.970401802157  CERT
546156637,0,1 T   mem=True nz=True ynz=True cond=True claim_agree=True upper=2709.16524111  CERT
557168318,0,1 RHO mem=True nz=True ynz=True cond=True claim_agree=True upper=0.928947049493  CERT
557168318,0,1 T   mem=True nz=True ynz=True cond=True claim_agree=True upper=2260.53436488  CERT
595544668,0,1 RHO mem=True nz=True ynz=True cond=True claim_agree=True upper=0.978144502202  CERT
595544668,0,1 T   mem=True nz=True ynz=True cond=True claim_agree=True upper=2983.88018346  CERT
603140329,0,1 RHO mem=True nz=True ynz=True cond=True claim_agree=True upper=0.933239553419  CERT
603140329,0,1 T   mem=True nz=True ynz=True cond=True claim_agree=True upper=2633.94851411  CERT
639855178,0,1 RHO mem=True nz=True ynz=True cond=True claim_agree=True upper=0.924179682062  CERT
639855178,0,1 T   mem=True nz=True ynz=True cond=True claim_agree=True upper=2138.68928843  CERT
670484098,0,1 RHO mem=True nz=True ynz=True cond=True claim_agree=True upper=0.943129538582  CERT
670484098,0,1 T   mem=True nz=True ynz=True cond=True claim_agree=True upper=2166.07184723  CERT
702005191,0,1 RHO mem=True nz=True ynz=True cond=True claim_agree=True upper=0.978144502202  CERT
702005191,0,1 T   mem=True nz=True ynz=True cond=True claim_agree=True upper=3203.51976675  CERT
712675512,0,1 RHO mem=True nz=True ynz=True cond=True claim_agree=True upper=0.940026090005  CERT
712675512,0,1 T   mem=True nz=True ynz=True cond=True claim_agree=True upper=2169.39217755  CERT
815718170,0,1 RHO mem=True nz=True ynz=True cond=True claim_agree=True upper=0.933239553419  CERT
815718170,0,1 T   mem=True nz=True ynz=True cond=True claim_agree=True upper=2335.05740911  CERT
817441362,0,1 RHO mem=True nz=True ynz=True cond=True claim_agree=True upper=0.949969460433  CERT
817441362,0,1 T   mem=True nz=True ynz=True cond=True claim_agree=True upper=2537.51464407  CERT
820786813,0,1 RHO mem=True nz=True ynz=True cond=True claim_agree=True upper=0.964831853532  CERT
820786813,0,1 T   mem=True nz=True ynz=True cond=True claim_agree=True upper=2460.59490308  CERT
877496488,0,1 RHO mem=True nz=True ynz=True cond=True claim_agree=True upper=0.966212675185  CERT
877496488,0,1 T   mem=True nz=True ynz=True cond=True claim_agree=True upper=2681.15592046  CERT
878411894,0,1 RHO mem=True nz=True ynz=True cond=True claim_agree=True upper=0.949448917692  CERT
878411894,0,1 T   mem=True nz=True ynz=True cond=True claim_agree=True upper=2671.86857484  CERT
965950716,0,1 RHO mem=True nz=True ynz=True cond=True claim_agree=True upper=0.941198399721  CERT
965950716,0,1 T   mem=True nz=True ynz=True cond=True claim_agree=True upper=2452.52604812  CERT
FAMILY VERIFY n=7 l=1001029441 : EXCLUDED (components certified 32 / 32 ; lines 64 ; failed lines 0)
FAMILY VERIFY PASS
