FACTORIZATION: 32 irreducible factors of degree 2 over F_1001066177: OK
71850358,0,1 RHO mem=True nz=True ynz=True cond=True claim_agree=True upper=0.972763357687  CERT
71850358,0,1 T   mem=True nz=True ynz=True cond=True claim_agree=True upper=2018.90506928  CERT
86239103,0,1 RHO mem=True nz=True ynz=True cond=True claim_agree=True upper=0.922503339978  CERT
86239103,0,1 T   mem=True nz=True ynz=True cond=True claim_agree=True upper=2091.30505700  CERT
107086299,0,1 RHO mem=True nz=True ynz=True cond=True claim_agree=True upper=0.941729326584  CERT
107086299,0,1 T   mem=True nz=True ynz=True cond=True claim_agree=True upper=2276.78062467  CERT
210094460,0,1 RHO mem=True nz=True ynz=True cond=True claim_agree=True upper=0.945699822965  CERT
210094460,0,1 T   mem=True nz=True ynz=True cond=True claim_agree=True upper=2597.47369662  CERT
315698711,0,1 RHO mem=True nz=True ynz=True cond=True claim_agree=True upper=0.931516584160  CERT
315698711,0,1 T   mem=True nz=True ynz=True cond=True claim_agree=True upper=2431.48820642  CERT
336756330,0,1 RHO mem=True nz=True ynz=True cond=True claim_agree=True upper=0.948431107224  CERT
336756330,0,1 T   mem=True nz=True ynz=True cond=True claim_agree=True upper=2051.68316481  CERT
342837627,0,1 RHO mem=True nz=True ynz=True cond=True claim_agree=True upper=0.971118743587  CERT
342837627,0,1 T   mem=True nz=True ynz=True cond=True claim_agree=True upper=2444.32133534  CERT
347103227,0,1 RHO mem=True nz=True ynz=True cond=True claim_agree=True upper=0.948431107224  CERT
347103227,0,1 T   mem=True nz=True ynz=True cond=True claim_agree=True upper=2164.22888228  CERT
361714088,0,1 RHO mem=True nz=True ynz=True cond=True claim_agree=True upper=0.952950791376  CERT
361714088,0,1 T   mem=True nz=True ynz=True cond=True claim_agree=True upper=2032.95105082  CERT
372459669,0,1 RHO mem=True nz=True ynz=True cond=True claim_agree=True upper=0.922503339978  CERT
372459669,0,1 T   mem=True nz=True ynz=True cond=True claim_agree=True upper=2465.07851136  CERT
383634605,0,1 RHO mem=True nz=True ynz=True cond=True claim_agree=True upper=0.919249321026  CERT
383634605,0,1 T   mem=True nz=True ynz=True cond=True claim_agree=True upper=1793.30636486  CERT
388957042,0,1 RHO mem=True nz=True ynz=True cond=True claim_agree=True upper=0.939434187754  CERT
388957042,0,1 T   mem=True nz=True ynz=True cond=True claim_agree=True upper=2025.31019498  CERT
396026921,0,1 RHO mem=True nz=True ynz=True cond=True claim_agree=True upper=0.922957626986  CERT
396026921,0,1 T   mem=True nz=True ynz=True cond=True claim_agree=True upper=2831.42002107  CERT
436014346,0,1 RHO mem=True nz=True ynz=True cond=True claim_agree=True upper=0.922288744856  CERT
436014346,0,1 T   mem=True nz=True ynz=True cond=True claim_agree=True upper=1812.10582142  CERT
439962046,0,1 RHO mem=True nz=True ynz=True cond=True claim_agree=True upper=0.922957626986  CERT
439962046,0,1 T   mem=True nz=True ynz=True cond=True claim_agree=True upper=2327.57059101  CERT
445991292,0,1 RHO mem=True nz=True ynz=True cond=True claim_agree=True upper=0.919249321026  CERT
445991292,0,1 T   mem=True nz=True ynz=True cond=True claim_agree=True upper=1725.05788019  CERT
555074885,0,1 RHO mem=True nz=True ynz=True cond=True claim_agree=True upper=0.936503284857  CERT
555074885,0,1 T   mem=True nz=True ynz=True cond=True claim_agree=True upper=2699.43089184  CERT
561104131,0,1 RHO mem=True nz=True ynz=True cond=True claim_agree=True upper=0.952273608777  CERT
561104131,0,1 T   mem=True nz=True ynz=True cond=True claim_agree=True upper=2392.01487596  CERT
565051831,0,1 RHO mem=True nz=True ynz=True cond=True claim_agree=True upper=0.939434187754  CERT
565051831,0,1 T   mem=True nz=True ynz=True cond=True claim_agree=True upper=2255.43252643  CERT
605039256,0,1 RHO mem=True nz=True ynz=True cond=True claim_agree=True upper=0.952273608777  CERT
605039256,0,1 T   mem=True nz=True ynz=True cond=True claim_agree=True upper=2400.31920195  CERT
612109135,0,1 RHO mem=True nz=True ynz=True cond=True claim_agree=True upper=0.922288744856  CERT
612109135,0,1 T   mem=True nz=True ynz=True cond=True claim_agree=True upper=2026.21794390  CERT
617431572,0,1 RHO mem=True nz=True ynz=True cond=True claim_agree=True upper=0.936503284857  CERT
617431572,0,1 T   mem=True nz=True ynz=True cond=True claim_agree=True upper=2578.27842484  CERT
628606508,0,1 RHO mem=True nz=True ynz=True cond=True claim_agree=True upper=0.888043423102  CERT
628606508,0,1 T   mem=True nz=True ynz=True cond=True claim_agree=True upper=2081.88828984  CERT
639352089,0,1 RHO mem=True nz=True ynz=True cond=True claim_agree=True upper=0.941729326584  CERT
639352089,0,1 T   mem=True nz=True ynz=True cond=True claim_agree=True upper=2543.39308081  CERT
653962950,0,1 RHO mem=True nz=True ynz=True cond=True claim_agree=True upper=0.957482549596  CERT
653962950,0,1 T   mem=True nz=True ynz=True cond=True claim_agree=True upper=2246.57519713  CERT
658228550,0,1 RHO mem=True nz=True ynz=True cond=True claim_agree=True upper=0.945699822965  CERT
658228550,0,1 T   mem=True nz=True ynz=True cond=True claim_agree=True upper=2174.22355014  CERT
664309847,0,1 RHO mem=True nz=True ynz=True cond=True claim_agree=True upper=0.957482549596  CERT
664309847,0,1 T   mem=True nz=True ynz=True cond=True claim_agree=True upper=2251.50609676  CERT
685367466,0,1 RHO mem=True nz=True ynz=True cond=True claim_agree=True upper=0.972763357687  CERT
685367466,0,1 T   mem=True nz=True ynz=True cond=True claim_agree=True upper=2175.62245958  CERT
790971717,0,1 RHO mem=True nz=True ynz=True cond=True claim_agree=True upper=0.971118743587  CERT
790971717,0,1 T   mem=True nz=True ynz=True cond=True claim_agree=True upper=2754.99212287  CERT
893979878,0,1 RHO mem=True nz=True ynz=True cond=True claim_agree=True upper=0.952950791376  CERT
893979878,0,1 T   mem=True nz=True ynz=True cond=True claim_agree=True upper=3036.77316916  CERT
914827074,0,1 RHO mem=True nz=True ynz=True cond=True claim_agree=True upper=0.888043423102  CERT
914827074,0,1 T   mem=True nz=True ynz=True cond=True claim_agree=True upper=1666.81622132  CERT
929215819,0,1 RHO mem=True nz=True ynz=True cond=True claim_agree=True upper=0.931516584160  CERT
929215819,0,1 T   mem=True nz=True ynz=True cond=True claim_agree=True upper=2857.48938917  CERT
FAMILY VERIFY n=7 l=1001066177 : EXCLUDED (components certified 32 / 32 ; lines 64 ; failed lines 0)
FAMILY VERIFY PASS
