FACTORIZATION: 32 irreducible factors of degree 2 over F_1000729537: OK
57691536,0,1 RHO mem=True nz=True ynz=True cond=True claim_agree=True upper=0.967473121074  CERT
57691536,0,1 T   mem=True nz=True ynz=True cond=True claim_agree=True upper=2551.06518325  CERT
77283125,0,1 RHO mem=True nz=True ynz=True cond=True claim_agree=True upper=0.939163434129  CERT
77283125,0,1 T   mem=True nz=True ynz=True cond=True claim_agree=True upper=2020.05497604  CERT
78860619,0,1 RHO mem=True nz=True ynz=True cond=True claim_agree=True upper=0.977668703701  CERT
78860619,0,1 T   mem=True nz=True ynz=True cond=True claim_agree=True upper=2475.68279641  CERT
94996942,0,1 RHO mem=True nz=True ynz=True cond=True claim_agree=True upper=0.965105176475  CERT
94996942,0,1 T   mem=True nz=True ynz=True cond=True claim_agree=True upper=2802.05566704  CERT
106723508,0,1 RHO mem=True nz=True ynz=True cond=True claim_agree=True upper=0.974269819983  CERT
106723508,0,1 T   mem=True nz=True ynz=True cond=True claim_agree=True upper=2753.23457224  CERT
145385343,0,1 RHO mem=True nz=True ynz=True cond=True claim_agree=True upper=0.923166079752  CERT
145385343,0,1 T   mem=True nz=True ynz=True cond=True claim_agree=True upper=2799.11784430  CERT
188896235,0,1 RHO mem=True nz=True ynz=True cond=True claim_agree=True upper=0.974898815053  CERT
188896235,0,1 T   mem=True nz=True ynz=True cond=True claim_agree=True upper=2618.68846141  CERT
203055592,0,1 RHO mem=True nz=True ynz=True cond=True claim_agree=True upper=0.956076287473  CERT
203055592,0,1 T   mem=True nz=True ynz=True cond=True claim_agree=True upper=2747.00664394  CERT
213308895,0,1 RHO mem=True nz=True ynz=True cond=True claim_agree=True upper=0.948586014996  CERT
213308895,0,1 T   mem=True nz=True ynz=True cond=True claim_agree=True upper=2668.75159155  CERT
220343750,0,1 RHO mem=True nz=True ynz=True cond=True claim_agree=True upper=0.977668703701  CERT
220343750,0,1 T   mem=True nz=True ynz=True cond=True claim_agree=True upper=2915.23313676  CERT
232319325,0,1 RHO mem=True nz=True ynz=True cond=True claim_agree=True upper=0.923166079752  CERT
232319325,0,1 T   mem=True nz=True ynz=True cond=True claim_agree=True upper=2216.77047954  CERT
316624328,0,1 RHO mem=True nz=True ynz=True cond=True claim_agree=True upper=0.933039810384  CERT
316624328,0,1 T   mem=True nz=True ynz=True cond=True claim_agree=True upper=2290.82484546  CERT
318147232,0,1 RHO mem=True nz=True ynz=True cond=True claim_agree=True upper=0.951935143477  CERT
318147232,0,1 T   mem=True nz=True ynz=True cond=True claim_agree=True upper=2628.54097084  CERT
350396212,0,1 RHO mem=True nz=True ynz=True cond=True claim_agree=True upper=0.967618077026  CERT
350396212,0,1 T   mem=True nz=True ynz=True cond=True claim_agree=True upper=2540.76418434  CERT
351954226,0,1 RHO mem=True nz=True ynz=True cond=True claim_agree=True upper=0.948586014996  CERT
351954226,0,1 T   mem=True nz=True ynz=True cond=True claim_agree=True upper=2467.14814354  CERT
469807551,0,1 RHO mem=True nz=True ynz=True cond=True claim_agree=True upper=0.932641670287  CERT
469807551,0,1 T   mem=True nz=True ynz=True cond=True claim_agree=True upper=2354.92590754  CERT
530921986,0,1 RHO mem=True nz=True ynz=True cond=True claim_agree=True upper=0.951935143477  CERT
530921986,0,1 T   mem=True nz=True ynz=True cond=True claim_agree=True upper=2237.73196374  CERT
648775311,0,1 RHO mem=True nz=True ynz=True cond=True claim_agree=True upper=0.925158692472  CERT
648775311,0,1 T   mem=True nz=True ynz=True cond=True claim_agree=True upper=2728.18180261  CERT
650333325,0,1 RHO mem=True nz=True ynz=True cond=True claim_agree=True upper=0.939163434129  CERT
650333325,0,1 T   mem=True nz=True ynz=True cond=True claim_agree=True upper=2463.88017581  CERT
682582305,0,1 RHO mem=True nz=True ynz=True cond=True claim_agree=True upper=0.932641670287  CERT
682582305,0,1 T   mem=True nz=True ynz=True cond=True claim_agree=True upper=2423.01246756  CERT
684105209,0,1 RHO mem=True nz=True ynz=True cond=True claim_agree=True upper=0.974269819983  CERT
684105209,0,1 T   mem=True nz=True ynz=True cond=True claim_agree=True upper=3595.72996124  CERT
768410212,0,1 RHO mem=True nz=True ynz=True cond=True claim_agree=True upper=0.950920510284  CERT
768410212,0,1 T   mem=True nz=True ynz=True cond=True claim_agree=True upper=3097.27853394  CERT
780385787,0,1 RHO mem=True nz=True ynz=True cond=True claim_agree=True upper=0.939728011658  CERT
780385787,0,1 T   mem=True nz=True ynz=True cond=True claim_agree=True upper=2830.69125209  CERT
787420642,0,1 RHO mem=True nz=True ynz=True cond=True claim_agree=True upper=0.925158692472  CERT
787420642,0,1 T   mem=True nz=True ynz=True cond=True claim_agree=True upper=1984.28020327  CERT
797673945,0,1 RHO mem=True nz=True ynz=True cond=True claim_agree=True upper=0.967473121074  CERT
797673945,0,1 T   mem=True nz=True ynz=True cond=True claim_agree=True upper=2328.60027613  CERT
811833302,0,1 RHO mem=True nz=True ynz=True cond=True claim_agree=True upper=0.965105176475  CERT
811833302,0,1 T   mem=True nz=True ynz=True cond=True claim_agree=True upper=2243.40683513  CERT
855344194,0,1 RHO mem=True nz=True ynz=True cond=True claim_agree=True upper=0.950920510284  CERT
855344194,0,1 T   mem=True nz=True ynz=True cond=True claim_agree=True upper=2490.46152693  CERT
894006029,0,1 RHO mem=True nz=True ynz=True cond=True claim_agree=True upper=0.933039810384  CERT
894006029,0,1 T   mem=True nz=True ynz=True cond=True claim_agree=True upper=2491.82109665  CERT
905732595,0,1 RHO mem=True nz=True ynz=True cond=True claim_agree=True upper=0.978737987017  CERT
905732595,0,1 T   mem=True nz=True ynz=True cond=True claim_agree=True upper=2693.38046998  CERT
921868918,0,1 RHO mem=True nz=True ynz=True cond=True claim_agree=True upper=0.939728011658  CERT
921868918,0,1 T   mem=True nz=True ynz=True cond=True claim_agree=True upper=2391.15830909  CERT
923446412,0,1 RHO mem=True nz=True ynz=True cond=True claim_agree=True upper=0.967618077026  CERT
923446412,0,1 T   mem=True nz=True ynz=True cond=True claim_agree=True upper=2517.01027121  CERT
943038001,0,1 RHO mem=True nz=True ynz=True cond=True claim_agree=True upper=0.956076287473  CERT
943038001,0,1 T   mem=True nz=True ynz=True cond=True claim_agree=True upper=2462.64841330  CERT
FAMILY VERIFY n=7 l=1000729537 : EXCLUDED (components certified 32 / 32 ; lines 64 ; failed lines 0)
FAMILY VERIFY PASS
