FACTORIZATION: 32 irreducible factors of degree 2 over F_1000082753: OK
47803725,0,1 RHO mem=True nz=True ynz=True cond=True claim_agree=True upper=0.929723284033  CERT
47803725,0,1 T   mem=True nz=True ynz=True cond=True claim_agree=True upper=2371.60677113  CERT
65418037,0,1 RHO mem=True nz=True ynz=True cond=True claim_agree=True upper=0.945061990179  CERT
65418037,0,1 T   mem=True nz=True ynz=True cond=True claim_agree=True upper=2603.29646509  CERT
157339060,0,1 RHO mem=True nz=True ynz=True cond=True claim_agree=True upper=0.956697545529  CERT
157339060,0,1 T   mem=True nz=True ynz=True cond=True claim_agree=True upper=2413.24361701  CERT
158014795,0,1 RHO mem=True nz=True ynz=True cond=True claim_agree=True upper=0.933699306920  CERT
158014795,0,1 T   mem=True nz=True ynz=True cond=True claim_agree=True upper=2623.04894744  CERT
183428483,0,1 RHO mem=True nz=True ynz=True cond=True claim_agree=True upper=0.904255882733  CERT
183428483,0,1 T   mem=True nz=True ynz=True cond=True claim_agree=True upper=2922.59882746  CERT
210636739,0,1 RHO mem=True nz=True ynz=True cond=True claim_agree=True upper=0.934447647657  CERT
210636739,0,1 T   mem=True nz=True ynz=True cond=True claim_agree=True upper=2390.10622243  CERT
244302567,0,1 RHO mem=True nz=True ynz=True cond=True claim_agree=True upper=0.929852337575  CERT
244302567,0,1 T   mem=True nz=True ynz=True cond=True claim_agree=True upper=2392.78519011  CERT
282048145,0,1 RHO mem=True nz=True ynz=True cond=True claim_agree=True upper=0.921597077221  CERT
282048145,0,1 T   mem=True nz=True ynz=True cond=True claim_agree=True upper=2034.37467101  CERT
293174887,0,1 RHO mem=True nz=True ynz=True cond=True claim_agree=True upper=0.878812008899  CERT
293174887,0,1 T   mem=True nz=True ynz=True cond=True claim_agree=True upper=1716.12849149  CERT
337044186,0,1 RHO mem=True nz=True ynz=True cond=True claim_agree=True upper=0.895653205585  CERT
337044186,0,1 T   mem=True nz=True ynz=True cond=True claim_agree=True upper=1981.13986068  CERT
347773275,0,1 RHO mem=True nz=True ynz=True cond=True claim_agree=True upper=0.914373182166  CERT
347773275,0,1 T   mem=True nz=True ynz=True cond=True claim_agree=True upper=2483.88849536  CERT
410065816,0,1 RHO mem=True nz=True ynz=True cond=True claim_agree=True upper=0.869503036290  CERT
410065816,0,1 T   mem=True nz=True ynz=True cond=True claim_agree=True upper=1612.42414021  CERT
456919726,0,1 RHO mem=True nz=True ynz=True cond=True claim_agree=True upper=0.943763751815  CERT
456919726,0,1 T   mem=True nz=True ynz=True cond=True claim_agree=True upper=2375.27027831  CERT
488965136,0,1 RHO mem=True nz=True ynz=True cond=True claim_agree=True upper=0.937945450739  CERT
488965136,0,1 T   mem=True nz=True ynz=True cond=True claim_agree=True upper=3068.45928722  CERT
491814623,0,1 RHO mem=True nz=True ynz=True cond=True claim_agree=True upper=0.963578518581  CERT
491814623,0,1 T   mem=True nz=True ynz=True cond=True claim_agree=True upper=2983.88470052  CERT
493924013,0,1 RHO mem=True nz=True ynz=True cond=True claim_agree=True upper=0.914373182166  CERT
493924013,0,1 T   mem=True nz=True ynz=True cond=True claim_agree=True upper=1883.62122553  CERT
506158740,0,1 RHO mem=True nz=True ynz=True cond=True claim_agree=True upper=0.927513687968  CERT
506158740,0,1 T   mem=True nz=True ynz=True cond=True claim_agree=True upper=2641.52025637  CERT
508268130,0,1 RHO mem=True nz=True ynz=True cond=True claim_agree=True upper=0.895653205585  CERT
508268130,0,1 T   mem=True nz=True ynz=True cond=True claim_agree=True upper=2365.08843718  CERT
511117617,0,1 RHO mem=True nz=True ynz=True cond=True claim_agree=True upper=0.943763751815  CERT
511117617,0,1 T   mem=True nz=True ynz=True cond=True claim_agree=True upper=2719.78536495  CERT
543163027,0,1 RHO mem=True nz=True ynz=True cond=True claim_agree=True upper=0.937945450739  CERT
543163027,0,1 T   mem=True nz=True ynz=True cond=True claim_agree=True upper=2259.78898615  CERT
590016937,0,1 RHO mem=True nz=True ynz=True cond=True claim_agree=True upper=0.945061990179  CERT
590016937,0,1 T   mem=True nz=True ynz=True cond=True claim_agree=True upper=3077.70153057  CERT
652309478,0,1 RHO mem=True nz=True ynz=True cond=True claim_agree=True upper=0.927513687968  CERT
652309478,0,1 T   mem=True nz=True ynz=True cond=True claim_agree=True upper=2979.28122552  CERT
663038567,0,1 RHO mem=True nz=True ynz=True cond=True claim_agree=True upper=0.963578518581  CERT
663038567,0,1 T   mem=True nz=True ynz=True cond=True claim_agree=True upper=2313.25393450  CERT
706907866,0,1 RHO mem=True nz=True ynz=True cond=True claim_agree=True upper=0.929723284033  CERT
706907866,0,1 T   mem=True nz=True ynz=True cond=True claim_agree=True upper=2639.68213401  CERT
718034608,0,1 RHO mem=True nz=True ynz=True cond=True claim_agree=True upper=0.933699306920  CERT
718034608,0,1 T   mem=True nz=True ynz=True cond=True claim_agree=True upper=2224.53554611  CERT
755780186,0,1 RHO mem=True nz=True ynz=True cond=True claim_agree=True upper=0.934447647657  CERT
755780186,0,1 T   mem=True nz=True ynz=True cond=True claim_agree=True upper=3193.40333949  CERT
789446014,0,1 RHO mem=True nz=True ynz=True cond=True claim_agree=True upper=0.929852337575  CERT
789446014,0,1 T   mem=True nz=True ynz=True cond=True claim_agree=True upper=2115.77166741  CERT
816654270,0,1 RHO mem=True nz=True ynz=True cond=True claim_agree=True upper=0.956697545529  CERT
816654270,0,1 T   mem=True nz=True ynz=True cond=True claim_agree=True upper=2561.00679308  CERT
842067958,0,1 RHO mem=True nz=True ynz=True cond=True claim_agree=True upper=0.921597077221  CERT
842067958,0,1 T   mem=True nz=True ynz=True cond=True claim_agree=True upper=2097.59927554  CERT
842743693,0,1 RHO mem=True nz=True ynz=True cond=True claim_agree=True upper=0.904255882733  CERT
842743693,0,1 T   mem=True nz=True ynz=True cond=True claim_agree=True upper=1911.99316210  CERT
934664716,0,1 RHO mem=True nz=True ynz=True cond=True claim_agree=True upper=0.869503036290  CERT
934664716,0,1 T   mem=True nz=True ynz=True cond=True claim_agree=True upper=1736.95067354  CERT
952279028,0,1 RHO mem=True nz=True ynz=True cond=True claim_agree=True upper=0.878812008899  CERT
952279028,0,1 T   mem=True nz=True ynz=True cond=True claim_agree=True upper=2993.25984207  CERT
FAMILY VERIFY n=7 l=1000082753 : EXCLUDED (components certified 32 / 32 ; lines 64 ; failed lines 0)
FAMILY VERIFY PASS
