FACTORIZATION: 32 irreducible factors of degree 2 over F_1000599361: OK
2834086,0,1 RHO mem=True nz=True ynz=True cond=True claim_agree=True upper=0.927771457698  CERT
2834086,0,1 T   mem=True nz=True ynz=True cond=True claim_agree=True upper=2195.24035064  CERT
90711332,0,1 RHO mem=True nz=True ynz=True cond=True claim_agree=True upper=0.915925183583  CERT
90711332,0,1 T   mem=True nz=True ynz=True cond=True claim_agree=True upper=2219.50770142  CERT
124205014,0,1 RHO mem=True nz=True ynz=True cond=True claim_agree=True upper=0.918371061735  CERT
124205014,0,1 T   mem=True nz=True ynz=True cond=True claim_agree=True upper=3398.19218199  CERT
132743334,0,1 RHO mem=True nz=True ynz=True cond=True claim_agree=True upper=0.954633317465  CERT
132743334,0,1 T   mem=True nz=True ynz=True cond=True claim_agree=True upper=2629.56741535  CERT
273328982,0,1 RHO mem=True nz=True ynz=True cond=True claim_agree=True upper=0.954633317465  CERT
273328982,0,1 T   mem=True nz=True ynz=True cond=True claim_agree=True upper=2151.11691506  CERT
353283119,0,1 RHO mem=True nz=True ynz=True cond=True claim_agree=True upper=0.895807897944  CERT
353283119,0,1 T   mem=True nz=True ynz=True cond=True claim_agree=True upper=2111.15591815  CERT
357433131,0,1 RHO mem=True nz=True ynz=True cond=True claim_agree=True upper=0.856903398950  CERT
357433131,0,1 T   mem=True nz=True ynz=True cond=True claim_agree=True upper=1294.21406517  CERT
366694137,0,1 RHO mem=True nz=True ynz=True cond=True claim_agree=True upper=0.942900999609  CERT
366694137,0,1 T   mem=True nz=True ynz=True cond=True claim_agree=True upper=3312.99030108  CERT
373631545,0,1 RHO mem=True nz=True ynz=True cond=True claim_agree=True upper=0.848986671102  CERT
373631545,0,1 T   mem=True nz=True ynz=True cond=True claim_agree=True upper=1414.65048914  CERT
385655397,0,1 RHO mem=True nz=True ynz=True cond=True claim_agree=True upper=0.856903398950  CERT
385655397,0,1 T   mem=True nz=True ynz=True cond=True claim_agree=True upper=1654.98488882  CERT
402413321,0,1 RHO mem=True nz=True ynz=True cond=True claim_agree=True upper=0.918371061735  CERT
402413321,0,1 T   mem=True nz=True ynz=True cond=True claim_agree=True upper=2955.79143152  CERT
414008698,0,1 RHO mem=True nz=True ynz=True cond=True claim_agree=True upper=0.942900999609  CERT
414008698,0,1 T   mem=True nz=True ynz=True cond=True claim_agree=True upper=2701.24154991  CERT
421461830,0,1 RHO mem=True nz=True ynz=True cond=True claim_agree=True upper=0.848986671102  CERT
421461830,0,1 T   mem=True nz=True ynz=True cond=True claim_agree=True upper=1465.66518408  CERT
423223958,0,1 RHO mem=True nz=True ynz=True cond=True claim_agree=True upper=0.886178838774  CERT
423223958,0,1 T   mem=True nz=True ynz=True cond=True claim_agree=True upper=1692.11253143  CERT
426972406,0,1 RHO mem=True nz=True ynz=True cond=True claim_agree=True upper=0.954245214645  CERT
426972406,0,1 T   mem=True nz=True ynz=True cond=True claim_agree=True upper=2325.66374491  CERT
459741586,0,1 RHO mem=True nz=True ynz=True cond=True claim_agree=True upper=0.915925183583  CERT
459741586,0,1 T   mem=True nz=True ynz=True cond=True claim_agree=True upper=2075.57913798  CERT
540857775,0,1 RHO mem=True nz=True ynz=True cond=True claim_agree=True upper=0.892940743251  CERT
540857775,0,1 T   mem=True nz=True ynz=True cond=True claim_agree=True upper=2598.94289284  CERT
573626955,0,1 RHO mem=True nz=True ynz=True cond=True claim_agree=True upper=0.886178838774  CERT
573626955,0,1 T   mem=True nz=True ynz=True cond=True claim_agree=True upper=1926.06009166  CERT
577375403,0,1 RHO mem=True nz=True ynz=True cond=True claim_agree=True upper=0.954245214645  CERT
577375403,0,1 T   mem=True nz=True ynz=True cond=True claim_agree=True upper=2507.26365790  CERT
579137531,0,1 RHO mem=True nz=True ynz=True cond=True claim_agree=True upper=0.942981317995  CERT
579137531,0,1 T   mem=True nz=True ynz=True cond=True claim_agree=True upper=2451.21066762  CERT
586590663,0,1 RHO mem=True nz=True ynz=True cond=True claim_agree=True upper=0.851396716007  CERT
586590663,0,1 T   mem=True nz=True ynz=True cond=True claim_agree=True upper=2784.97362387  CERT
598186040,0,1 RHO mem=True nz=True ynz=True cond=True claim_agree=True upper=0.923339220975  CERT
598186040,0,1 T   mem=True nz=True ynz=True cond=True claim_agree=True upper=2639.47707999  CERT
614943964,0,1 RHO mem=True nz=True ynz=True cond=True claim_agree=True upper=0.900263805272  CERT
614943964,0,1 T   mem=True nz=True ynz=True cond=True claim_agree=True upper=2850.80785280  CERT
626967816,0,1 RHO mem=True nz=True ynz=True cond=True claim_agree=True upper=0.942981317995  CERT
626967816,0,1 T   mem=True nz=True ynz=True cond=True claim_agree=True upper=1939.41020360  CERT
633905224,0,1 RHO mem=True nz=True ynz=True cond=True claim_agree=True upper=0.851396716007  CERT
633905224,0,1 T   mem=True nz=True ynz=True cond=True claim_agree=True upper=1960.85339033  CERT
643166230,0,1 RHO mem=True nz=True ynz=True cond=True claim_agree=True upper=0.900263805272  CERT
643166230,0,1 T   mem=True nz=True ynz=True cond=True claim_agree=True upper=2372.03481871  CERT
647316242,0,1 RHO mem=True nz=True ynz=True cond=True claim_agree=True upper=0.927771457698  CERT
647316242,0,1 T   mem=True nz=True ynz=True cond=True claim_agree=True upper=2446.06609874  CERT
727270379,0,1 RHO mem=True nz=True ynz=True cond=True claim_agree=True upper=0.896871916140  CERT
727270379,0,1 T   mem=True nz=True ynz=True cond=True claim_agree=True upper=1987.25718008  CERT
867856027,0,1 RHO mem=True nz=True ynz=True cond=True claim_agree=True upper=0.896871916140  CERT
867856027,0,1 T   mem=True nz=True ynz=True cond=True claim_agree=True upper=2115.84405652  CERT
876394347,0,1 RHO mem=True nz=True ynz=True cond=True claim_agree=True upper=0.923339220975  CERT
876394347,0,1 T   mem=True nz=True ynz=True cond=True claim_agree=True upper=2647.58001933  CERT
909888029,0,1 RHO mem=True nz=True ynz=True cond=True claim_agree=True upper=0.892940743251  CERT
909888029,0,1 T   mem=True nz=True ynz=True cond=True claim_agree=True upper=3146.13476163  CERT
997765275,0,1 RHO mem=True nz=True ynz=True cond=True claim_agree=True upper=0.895807897944  CERT
997765275,0,1 T   mem=True nz=True ynz=True cond=True claim_agree=True upper=3133.38625104  CERT
FAMILY VERIFY n=7 l=1000599361 : EXCLUDED (components certified 32 / 32 ; lines 64 ; failed lines 0)
FAMILY VERIFY PASS
