FACTORIZATION: 32 irreducible factors of degree 2 over F_1000997057: OK
30160042,0,1 RHO mem=True nz=True ynz=True cond=True claim_agree=True upper=0.959302679143  CERT
30160042,0,1 T   mem=True nz=True ynz=True cond=True claim_agree=True upper=1984.10162307  CERT
34561115,0,1 RHO mem=True nz=True ynz=True cond=True claim_agree=True upper=0.970207250050  CERT
34561115,0,1 T   mem=True nz=True ynz=True cond=True claim_agree=True upper=2640.19517386  CERT
94594588,0,1 RHO mem=True nz=True ynz=True cond=True claim_agree=True upper=0.959302679143  CERT
94594588,0,1 T   mem=True nz=True ynz=True cond=True claim_agree=True upper=2650.93334659  CERT
101071624,0,1 RHO mem=True nz=True ynz=True cond=True claim_agree=True upper=0.958409964549  CERT
101071624,0,1 T   mem=True nz=True ynz=True cond=True claim_agree=True upper=2348.67075644  CERT
117235574,0,1 RHO mem=True nz=True ynz=True cond=True claim_agree=True upper=0.968883636528  CERT
117235574,0,1 T   mem=True nz=True ynz=True cond=True claim_agree=True upper=3131.10511377  CERT
170601963,0,1 RHO mem=True nz=True ynz=True cond=True claim_agree=True upper=0.991316955376  CERT
170601963,0,1 T   mem=True nz=True ynz=True cond=True claim_agree=True upper=2432.74588202  CERT
222461375,0,1 RHO mem=True nz=True ynz=True cond=True claim_agree=True upper=0.948405427953  CERT
222461375,0,1 T   mem=True nz=True ynz=True cond=True claim_agree=True upper=2424.28616426  CERT
263304398,0,1 RHO mem=True nz=True ynz=True cond=True claim_agree=True upper=0.957336500668  CERT
263304398,0,1 T   mem=True nz=True ynz=True cond=True claim_agree=True upper=2242.56309421  CERT
288393067,0,1 RHO mem=True nz=True ynz=True cond=True claim_agree=True upper=0.965722055802  CERT
288393067,0,1 T   mem=True nz=True ynz=True cond=True claim_agree=True upper=1866.99932272  CERT
323759559,0,1 RHO mem=True nz=True ynz=True cond=True claim_agree=True upper=0.978524866239  CERT
323759559,0,1 T   mem=True nz=True ynz=True cond=True claim_agree=True upper=2684.47530288  CERT
323821058,0,1 RHO mem=True nz=True ynz=True cond=True claim_agree=True upper=0.963101333363  CERT
323821058,0,1 T   mem=True nz=True ynz=True cond=True claim_agree=True upper=2270.45167634  CERT
340103912,0,1 RHO mem=True nz=True ynz=True cond=True claim_agree=True upper=0.967403179492  CERT
340103912,0,1 T   mem=True nz=True ynz=True cond=True claim_agree=True upper=2818.04111834  CERT
369112162,0,1 RHO mem=True nz=True ynz=True cond=True claim_agree=True upper=0.963101333363  CERT
369112162,0,1 T   mem=True nz=True ynz=True cond=True claim_agree=True upper=2467.17762738  CERT
390657105,0,1 RHO mem=True nz=True ynz=True cond=True claim_agree=True upper=0.957336500668  CERT
390657105,0,1 T   mem=True nz=True ynz=True cond=True claim_agree=True upper=2618.43680426  CERT
400876991,0,1 RHO mem=True nz=True ynz=True cond=True claim_agree=True upper=0.885021022304  CERT
400876991,0,1 T   mem=True nz=True ynz=True cond=True claim_agree=True upper=1607.11794254  CERT
498389615,0,1 RHO mem=True nz=True ynz=True cond=True claim_agree=True upper=0.944673933570  CERT
498389615,0,1 T   mem=True nz=True ynz=True cond=True claim_agree=True upper=2081.75579249  CERT
502607442,0,1 RHO mem=True nz=True ynz=True cond=True claim_agree=True upper=0.958409964549  CERT
502607442,0,1 T   mem=True nz=True ynz=True cond=True claim_agree=True upper=2476.08569417  CERT
600120066,0,1 RHO mem=True nz=True ynz=True cond=True claim_agree=True upper=0.948405427953  CERT
600120066,0,1 T   mem=True nz=True ynz=True cond=True claim_agree=True upper=2330.11072619  CERT
610339952,0,1 RHO mem=True nz=True ynz=True cond=True claim_agree=True upper=0.980159913635  CERT
610339952,0,1 T   mem=True nz=True ynz=True cond=True claim_agree=True upper=2578.78290541  CERT
631884895,0,1 RHO mem=True nz=True ynz=True cond=True claim_agree=True upper=0.959105230305  CERT
631884895,0,1 T   mem=True nz=True ynz=True cond=True claim_agree=True upper=3201.30268730  CERT
660893145,0,1 RHO mem=True nz=True ynz=True cond=True claim_agree=True upper=0.991316955376  CERT
660893145,0,1 T   mem=True nz=True ynz=True cond=True claim_agree=True upper=3130.03044193  CERT
677175999,0,1 RHO mem=True nz=True ynz=True cond=True claim_agree=True upper=0.959105230305  CERT
677175999,0,1 T   mem=True nz=True ynz=True cond=True claim_agree=True upper=2659.58004109  CERT
677237498,0,1 RHO mem=True nz=True ynz=True cond=True claim_agree=True upper=0.968883636528  CERT
677237498,0,1 T   mem=True nz=True ynz=True cond=True claim_agree=True upper=2543.51302598  CERT
712603990,0,1 RHO mem=True nz=True ynz=True cond=True claim_agree=True upper=0.970207250050  CERT
712603990,0,1 T   mem=True nz=True ynz=True cond=True claim_agree=True upper=2144.99102756  CERT
737692659,0,1 RHO mem=True nz=True ynz=True cond=True claim_agree=True upper=0.980159913635  CERT
737692659,0,1 T   mem=True nz=True ynz=True cond=True claim_agree=True upper=2069.10085207  CERT
778535682,0,1 RHO mem=True nz=True ynz=True cond=True claim_agree=True upper=0.885021022304  CERT
778535682,0,1 T   mem=True nz=True ynz=True cond=True claim_agree=True upper=1883.78191181  CERT
830395094,0,1 RHO mem=True nz=True ynz=True cond=True claim_agree=True upper=0.967403179492  CERT
830395094,0,1 T   mem=True nz=True ynz=True cond=True claim_agree=True upper=2454.30544933  CERT
883761483,0,1 RHO mem=True nz=True ynz=True cond=True claim_agree=True upper=0.978524866239  CERT
883761483,0,1 T   mem=True nz=True ynz=True cond=True claim_agree=True upper=2343.69484227  CERT
899925433,0,1 RHO mem=True nz=True ynz=True cond=True claim_agree=True upper=0.944673933570  CERT
899925433,0,1 T   mem=True nz=True ynz=True cond=True claim_agree=True upper=2321.27940491  CERT
906402469,0,1 RHO mem=True nz=True ynz=True cond=True claim_agree=True upper=0.969556291849  CERT
906402469,0,1 T   mem=True nz=True ynz=True cond=True claim_agree=True upper=2214.70591376  CERT
966435942,0,1 RHO mem=True nz=True ynz=True cond=True claim_agree=True upper=0.965722055802  CERT
966435942,0,1 T   mem=True nz=True ynz=True cond=True claim_agree=True upper=2628.24452111  CERT
970837015,0,1 RHO mem=True nz=True ynz=True cond=True claim_agree=True upper=0.969556291849  CERT
970837015,0,1 T   mem=True nz=True ynz=True cond=True claim_agree=True upper=2640.45760189  CERT
FAMILY VERIFY n=7 l=1000997057 : EXCLUDED (components certified 32 / 32 ; lines 64 ; failed lines 0)
FAMILY VERIFY PASS
