FACTORIZATION: 32 irreducible factors of degree 2 over F_1000233281: OK
19808394,0,1 RHO mem=True nz=True ynz=True cond=True claim_agree=True upper=0.896202909688  CERT
19808394,0,1 T   mem=True nz=True ynz=True cond=True claim_agree=True upper=1644.79361551  CERT
30448293,0,1 RHO mem=True nz=True ynz=True cond=True claim_agree=True upper=0.909027571729  CERT
30448293,0,1 T   mem=True nz=True ynz=True cond=True claim_agree=True upper=1951.99640123  CERT
84318136,0,1 RHO mem=True nz=True ynz=True cond=True claim_agree=True upper=0.900125624703  CERT
84318136,0,1 T   mem=True nz=True ynz=True cond=True claim_agree=True upper=1955.68151762  CERT
85099231,0,1 RHO mem=True nz=True ynz=True cond=True claim_agree=True upper=0.909027571729  CERT
85099231,0,1 T   mem=True nz=True ynz=True cond=True claim_agree=True upper=2186.05145055  CERT
161080218,0,1 RHO mem=True nz=True ynz=True cond=True claim_agree=True upper=0.909355927108  CERT
161080218,0,1 T   mem=True nz=True ynz=True cond=True claim_agree=True upper=2511.74190858  CERT
201538781,0,1 RHO mem=True nz=True ynz=True cond=True claim_agree=True upper=0.936251981995  CERT
201538781,0,1 T   mem=True nz=True ynz=True cond=True claim_agree=True upper=2004.73594672  CERT
259028790,0,1 RHO mem=True nz=True ynz=True cond=True claim_agree=True upper=0.929044103353  CERT
259028790,0,1 T   mem=True nz=True ynz=True cond=True claim_agree=True upper=2233.11523515  CERT
272014743,0,1 RHO mem=True nz=True ynz=True cond=True claim_agree=True upper=0.891010829336  CERT
272014743,0,1 T   mem=True nz=True ynz=True cond=True claim_agree=True upper=1693.37252178  CERT
276108464,0,1 RHO mem=True nz=True ynz=True cond=True claim_agree=True upper=0.888711925901  CERT
276108464,0,1 T   mem=True nz=True ynz=True cond=True claim_agree=True upper=1754.31449964  CERT
281812455,0,1 RHO mem=True nz=True ynz=True cond=True claim_agree=True upper=0.900125624703  CERT
281812455,0,1 T   mem=True nz=True ynz=True cond=True claim_agree=True upper=1657.90277342  CERT
298459477,0,1 RHO mem=True nz=True ynz=True cond=True claim_agree=True upper=0.926333237514  CERT
298459477,0,1 T   mem=True nz=True ynz=True cond=True claim_agree=True upper=2315.07553592  CERT
340645708,0,1 RHO mem=True nz=True ynz=True cond=True claim_agree=True upper=0.951892683339  CERT
340645708,0,1 T   mem=True nz=True ynz=True cond=True claim_agree=True upper=2447.84455606  CERT
377497793,0,1 RHO mem=True nz=True ynz=True cond=True claim_agree=True upper=0.892020952950  CERT
377497793,0,1 T   mem=True nz=True ynz=True cond=True claim_agree=True upper=2427.35204223  CERT
411582795,0,1 RHO mem=True nz=True ynz=True cond=True claim_agree=True upper=0.902357267448  CERT
411582795,0,1 T   mem=True nz=True ynz=True cond=True claim_agree=True upper=2023.38661097  CERT
445229433,0,1 RHO mem=True nz=True ynz=True cond=True claim_agree=True upper=0.951892683339  CERT
445229433,0,1 T   mem=True nz=True ynz=True cond=True claim_agree=True upper=2029.83357359  CERT
463309919,0,1 RHO mem=True nz=True ynz=True cond=True claim_agree=True upper=0.896202909688  CERT
463309919,0,1 T   mem=True nz=True ynz=True cond=True claim_agree=True upper=2063.57184629  CERT
536923362,0,1 RHO mem=True nz=True ynz=True cond=True claim_agree=True upper=0.935387585570  CERT
536923362,0,1 T   mem=True nz=True ynz=True cond=True claim_agree=True upper=2014.28500735  CERT
555003848,0,1 RHO mem=True nz=True ynz=True cond=True claim_agree=True upper=0.864397064328  CERT
555003848,0,1 T   mem=True nz=True ynz=True cond=True claim_agree=True upper=1678.46552825  CERT
588650486,0,1 RHO mem=True nz=True ynz=True cond=True claim_agree=True upper=0.926333237514  CERT
588650486,0,1 T   mem=True nz=True ynz=True cond=True claim_agree=True upper=1935.15779494  CERT
622735488,0,1 RHO mem=True nz=True ynz=True cond=True claim_agree=True upper=0.929044103353  CERT
622735488,0,1 T   mem=True nz=True ynz=True cond=True claim_agree=True upper=2463.66488839  CERT
659587573,0,1 RHO mem=True nz=True ynz=True cond=True claim_agree=True upper=0.864397064328  CERT
659587573,0,1 T   mem=True nz=True ynz=True cond=True claim_agree=True upper=2164.61591074  CERT
701773804,0,1 RHO mem=True nz=True ynz=True cond=True claim_agree=True upper=0.902357267448  CERT
701773804,0,1 T   mem=True nz=True ynz=True cond=True claim_agree=True upper=2423.81359075  CERT
718420826,0,1 RHO mem=True nz=True ynz=True cond=True claim_agree=True upper=0.908109160500  CERT
718420826,0,1 T   mem=True nz=True ynz=True cond=True claim_agree=True upper=1875.11455499  CERT
724124817,0,1 RHO mem=True nz=True ynz=True cond=True claim_agree=True upper=0.936251981995  CERT
724124817,0,1 T   mem=True nz=True ynz=True cond=True claim_agree=True upper=2481.30742873  CERT
728218538,0,1 RHO mem=True nz=True ynz=True cond=True claim_agree=True upper=0.909355927108  CERT
728218538,0,1 T   mem=True nz=True ynz=True cond=True claim_agree=True upper=2360.44078534  CERT
741204491,0,1 RHO mem=True nz=True ynz=True cond=True claim_agree=True upper=0.892020952950  CERT
741204491,0,1 T   mem=True nz=True ynz=True cond=True claim_agree=True upper=1690.91899247  CERT
798694500,0,1 RHO mem=True nz=True ynz=True cond=True claim_agree=True upper=0.888711925901  CERT
798694500,0,1 T   mem=True nz=True ynz=True cond=True claim_agree=True upper=1792.10136710  CERT
839153063,0,1 RHO mem=True nz=True ynz=True cond=True claim_agree=True upper=0.891010829336  CERT
839153063,0,1 T   mem=True nz=True ynz=True cond=True claim_agree=True upper=2541.34123005  CERT
915134050,0,1 RHO mem=True nz=True ynz=True cond=True claim_agree=True upper=0.900609852132  CERT
915134050,0,1 T   mem=True nz=True ynz=True cond=True claim_agree=True upper=2998.60704594  CERT
915915145,0,1 RHO mem=True nz=True ynz=True cond=True claim_agree=True upper=0.908109160500  CERT
915915145,0,1 T   mem=True nz=True ynz=True cond=True claim_agree=True upper=2686.74094459  CERT
969784988,0,1 RHO mem=True nz=True ynz=True cond=True claim_agree=True upper=0.900609852132  CERT
969784988,0,1 T   mem=True nz=True ynz=True cond=True claim_agree=True upper=2640.24416369  CERT
980424887,0,1 RHO mem=True nz=True ynz=True cond=True claim_agree=True upper=0.935387585570  CERT
980424887,0,1 T   mem=True nz=True ynz=True cond=True claim_agree=True upper=2174.94821560  CERT
FAMILY VERIFY n=7 l=1000233281 : EXCLUDED (components certified 32 / 32 ; lines 64 ; failed lines 0)
FAMILY VERIFY PASS
