FACTORIZATION: 32 irreducible factors of degree 2 over F_1000685761: OK
39129591,0,1 RHO mem=True nz=True ynz=True cond=True claim_agree=True upper=0.923868224080  CERT
39129591,0,1 T   mem=True nz=True ynz=True cond=True claim_agree=True upper=3082.93275267  CERT
44426253,0,1 RHO mem=True nz=True ynz=True cond=True claim_agree=True upper=0.957375404226  CERT
44426253,0,1 T   mem=True nz=True ynz=True cond=True claim_agree=True upper=3026.69226264  CERT
67451067,0,1 RHO mem=True nz=True ynz=True cond=True claim_agree=True upper=0.911100859149  CERT
67451067,0,1 T   mem=True nz=True ynz=True cond=True claim_agree=True upper=1816.49121884  CERT
75905418,0,1 RHO mem=True nz=True ynz=True cond=True claim_agree=True upper=0.922661995898  CERT
75905418,0,1 T   mem=True nz=True ynz=True cond=True claim_agree=True upper=2793.13255476  CERT
160711455,0,1 RHO mem=True nz=True ynz=True cond=True claim_agree=True upper=0.923868224080  CERT
160711455,0,1 T   mem=True nz=True ynz=True cond=True claim_agree=True upper=2422.95078141  CERT
160770493,0,1 RHO mem=True nz=True ynz=True cond=True claim_agree=True upper=0.944179165431  CERT
160770493,0,1 T   mem=True nz=True ynz=True cond=True claim_agree=True upper=2446.06607273  CERT
175812219,0,1 RHO mem=True nz=True ynz=True cond=True claim_agree=True upper=0.940024790271  CERT
175812219,0,1 T   mem=True nz=True ynz=True cond=True claim_agree=True upper=3069.14867621  CERT
178895551,0,1 RHO mem=True nz=True ynz=True cond=True claim_agree=True upper=0.942164090041  CERT
178895551,0,1 T   mem=True nz=True ynz=True cond=True claim_agree=True upper=2455.80399076  CERT
199499459,0,1 RHO mem=True nz=True ynz=True cond=True claim_agree=True upper=0.869042070915  CERT
199499459,0,1 T   mem=True nz=True ynz=True cond=True claim_agree=True upper=2040.96202640  CERT
265126513,0,1 RHO mem=True nz=True ynz=True cond=True claim_agree=True upper=0.942169056016  CERT
265126513,0,1 T   mem=True nz=True ynz=True cond=True claim_agree=True upper=2767.84276248  CERT
267721912,0,1 RHO mem=True nz=True ynz=True cond=True claim_agree=True upper=0.933306064570  CERT
267721912,0,1 T   mem=True nz=True ynz=True cond=True claim_agree=True upper=2943.67238704  CERT
269465957,0,1 RHO mem=True nz=True ynz=True cond=True claim_agree=True upper=0.933306064570  CERT
269465957,0,1 T   mem=True nz=True ynz=True cond=True claim_agree=True upper=2650.24666775  CERT
275415114,0,1 RHO mem=True nz=True ynz=True cond=True claim_agree=True upper=0.882667703679  CERT
275415114,0,1 T   mem=True nz=True ynz=True cond=True claim_agree=True upper=2354.48176421  CERT
347493123,0,1 RHO mem=True nz=True ynz=True cond=True claim_agree=True upper=0.957375404226  CERT
347493123,0,1 T   mem=True nz=True ynz=True cond=True claim_agree=True upper=2774.43518964  CERT
412114001,0,1 RHO mem=True nz=True ynz=True cond=True claim_agree=True upper=0.869042070915  CERT
412114001,0,1 T   mem=True nz=True ynz=True cond=True claim_agree=True upper=1829.07321272  CERT
412560739,0,1 RHO mem=True nz=True ynz=True cond=True claim_agree=True upper=0.911100859149  CERT
412560739,0,1 T   mem=True nz=True ynz=True cond=True claim_agree=True upper=2867.25776947  CERT
588125022,0,1 RHO mem=True nz=True ynz=True cond=True claim_agree=True upper=0.958642936503  CERT
588125022,0,1 T   mem=True nz=True ynz=True cond=True claim_agree=True upper=2870.84260875  CERT
588571760,0,1 RHO mem=True nz=True ynz=True cond=True claim_agree=True upper=0.940938516427  CERT
588571760,0,1 T   mem=True nz=True ynz=True cond=True claim_agree=True upper=2374.47866512  CERT
653192638,0,1 RHO mem=True nz=True ynz=True cond=True claim_agree=True upper=0.948186846611  CERT
653192638,0,1 T   mem=True nz=True ynz=True cond=True claim_agree=True upper=2930.66311738  CERT
725270647,0,1 RHO mem=True nz=True ynz=True cond=True claim_agree=True upper=0.922661995898  CERT
725270647,0,1 T   mem=True nz=True ynz=True cond=True claim_agree=True upper=2123.80395766  CERT
731219804,0,1 RHO mem=True nz=True ynz=True cond=True claim_agree=True upper=0.914139322716  CERT
731219804,0,1 T   mem=True nz=True ynz=True cond=True claim_agree=True upper=1850.26946227  CERT
732963849,0,1 RHO mem=True nz=True ynz=True cond=True claim_agree=True upper=0.914139322716  CERT
732963849,0,1 T   mem=True nz=True ynz=True cond=True claim_agree=True upper=2119.25267514  CERT
735559248,0,1 RHO mem=True nz=True ynz=True cond=True claim_agree=True upper=0.944179165431  CERT
735559248,0,1 T   mem=True nz=True ynz=True cond=True claim_agree=True upper=2654.96099131  CERT
801186302,0,1 RHO mem=True nz=True ynz=True cond=True claim_agree=True upper=0.940938516427  CERT
801186302,0,1 T   mem=True nz=True ynz=True cond=True claim_agree=True upper=2191.37763828  CERT
821790210,0,1 RHO mem=True nz=True ynz=True cond=True claim_agree=True upper=0.940024790271  CERT
821790210,0,1 T   mem=True nz=True ynz=True cond=True claim_agree=True upper=3378.08626371  CERT
824873542,0,1 RHO mem=True nz=True ynz=True cond=True claim_agree=True upper=0.942164090041  CERT
824873542,0,1 T   mem=True nz=True ynz=True cond=True claim_agree=True upper=2244.41520425  CERT
839915268,0,1 RHO mem=True nz=True ynz=True cond=True claim_agree=True upper=0.942169056016  CERT
839915268,0,1 T   mem=True nz=True ynz=True cond=True claim_agree=True upper=2910.25717109  CERT
839974306,0,1 RHO mem=True nz=True ynz=True cond=True claim_agree=True upper=0.904546337541  CERT
839974306,0,1 T   mem=True nz=True ynz=True cond=True claim_agree=True upper=2019.08144894  CERT
924780343,0,1 RHO mem=True nz=True ynz=True cond=True claim_agree=True upper=0.882667703679  CERT
924780343,0,1 T   mem=True nz=True ynz=True cond=True claim_agree=True upper=2763.72724179  CERT
933234694,0,1 RHO mem=True nz=True ynz=True cond=True claim_agree=True upper=0.958642936503  CERT
933234694,0,1 T   mem=True nz=True ynz=True cond=True claim_agree=True upper=2452.13143690  CERT
956259508,0,1 RHO mem=True nz=True ynz=True cond=True claim_agree=True upper=0.948186846611  CERT
956259508,0,1 T   mem=True nz=True ynz=True cond=True claim_agree=True upper=2534.56778678  CERT
961556170,0,1 RHO mem=True nz=True ynz=True cond=True claim_agree=True upper=0.904546337541  CERT
961556170,0,1 T   mem=True nz=True ynz=True cond=True claim_agree=True upper=2302.38371140  CERT
FAMILY VERIFY n=7 l=1000685761 : EXCLUDED (components certified 32 / 32 ; lines 64 ; failed lines 0)
FAMILY VERIFY PASS
