FACTORIZATION: 32 irreducible factors of degree 2 over F_1000919617: OK
60860022,0,1 RHO mem=True nz=True ynz=True cond=True claim_agree=True upper=0.954758648060  CERT
60860022,0,1 T   mem=True nz=True ynz=True cond=True claim_agree=True upper=2511.02224641  CERT
103313764,0,1 RHO mem=True nz=True ynz=True cond=True claim_agree=True upper=0.945438099569  CERT
103313764,0,1 T   mem=True nz=True ynz=True cond=True claim_agree=True upper=2231.33705775  CERT
110785137,0,1 RHO mem=True nz=True ynz=True cond=True claim_agree=True upper=0.927601633278  CERT
110785137,0,1 T   mem=True nz=True ynz=True cond=True claim_agree=True upper=1697.85904842  CERT
123381284,0,1 RHO mem=True nz=True ynz=True cond=True claim_agree=True upper=0.956358003547  CERT
123381284,0,1 T   mem=True nz=True ynz=True cond=True claim_agree=True upper=1845.49118979  CERT
126136673,0,1 RHO mem=True nz=True ynz=True cond=True claim_agree=True upper=0.948224391181  CERT
126136673,0,1 T   mem=True nz=True ynz=True cond=True claim_agree=True upper=2155.24021673  CERT
177578093,0,1 RHO mem=True nz=True ynz=True cond=True claim_agree=True upper=0.956358003547  CERT
177578093,0,1 T   mem=True nz=True ynz=True cond=True claim_agree=True upper=2155.02436339  CERT
178729132,0,1 RHO mem=True nz=True ynz=True cond=True claim_agree=True upper=0.955274644058  CERT
178729132,0,1 T   mem=True nz=True ynz=True cond=True claim_agree=True upper=2210.08934319  CERT
182980176,0,1 RHO mem=True nz=True ynz=True cond=True claim_agree=True upper=0.938494801699  CERT
182980176,0,1 T   mem=True nz=True ynz=True cond=True claim_agree=True upper=2294.58912329  CERT
240542892,0,1 RHO mem=True nz=True ynz=True cond=True claim_agree=True upper=0.969116544438  CERT
240542892,0,1 T   mem=True nz=True ynz=True cond=True claim_agree=True upper=2383.86157102  CERT
241193899,0,1 RHO mem=True nz=True ynz=True cond=True claim_agree=True upper=0.945438099569  CERT
241193899,0,1 T   mem=True nz=True ynz=True cond=True claim_agree=True upper=1870.86778351  CERT
325346540,0,1 RHO mem=True nz=True ynz=True cond=True claim_agree=True upper=0.930877216673  CERT
325346540,0,1 T   mem=True nz=True ynz=True cond=True claim_agree=True upper=2793.38909984  CERT
348302719,0,1 RHO mem=True nz=True ynz=True cond=True claim_agree=True upper=0.910018342649  CERT
348302719,0,1 T   mem=True nz=True ynz=True cond=True claim_agree=True upper=2107.80491212  CERT
374824557,0,1 RHO mem=True nz=True ynz=True cond=True claim_agree=True upper=0.939088819462  CERT
374824557,0,1 T   mem=True nz=True ynz=True cond=True claim_agree=True upper=1811.96834473  CERT
448692123,0,1 RHO mem=True nz=True ynz=True cond=True claim_agree=True upper=0.930877216673  CERT
448692123,0,1 T   mem=True nz=True ynz=True cond=True claim_agree=True upper=2267.45158454  CERT
486445616,0,1 RHO mem=True nz=True ynz=True cond=True claim_agree=True upper=0.983960985763  CERT
486445616,0,1 T   mem=True nz=True ynz=True cond=True claim_agree=True upper=2407.22404983  CERT
498698450,0,1 RHO mem=True nz=True ynz=True cond=True claim_agree=True upper=0.967656817112  CERT
498698450,0,1 T   mem=True nz=True ynz=True cond=True claim_agree=True upper=2487.24428446  CERT
502221167,0,1 RHO mem=True nz=True ynz=True cond=True claim_agree=True upper=0.969116544438  CERT
502221167,0,1 T   mem=True nz=True ynz=True cond=True claim_agree=True upper=3208.30316013  CERT
514474001,0,1 RHO mem=True nz=True ynz=True cond=True claim_agree=True upper=0.948224391181  CERT
514474001,0,1 T   mem=True nz=True ynz=True cond=True claim_agree=True upper=2126.24996252  CERT
552227494,0,1 RHO mem=True nz=True ynz=True cond=True claim_agree=True upper=0.961634866859  CERT
552227494,0,1 T   mem=True nz=True ynz=True cond=True claim_agree=True upper=2418.40021046  CERT
626095060,0,1 RHO mem=True nz=True ynz=True cond=True claim_agree=True upper=0.938494801699  CERT
626095060,0,1 T   mem=True nz=True ynz=True cond=True claim_agree=True upper=2311.75222275  CERT
652616898,0,1 RHO mem=True nz=True ynz=True cond=True claim_agree=True upper=0.927601633278  CERT
652616898,0,1 T   mem=True nz=True ynz=True cond=True claim_agree=True upper=2398.96937216  CERT
675573077,0,1 RHO mem=True nz=True ynz=True cond=True claim_agree=True upper=0.961634866859  CERT
675573077,0,1 T   mem=True nz=True ynz=True cond=True claim_agree=True upper=2480.20139276  CERT
759725718,0,1 RHO mem=True nz=True ynz=True cond=True claim_agree=True upper=0.944544631822  CERT
759725718,0,1 T   mem=True nz=True ynz=True cond=True claim_agree=True upper=2052.33662642  CERT
760376725,0,1 RHO mem=True nz=True ynz=True cond=True claim_agree=True upper=0.967656817112  CERT
760376725,0,1 T   mem=True nz=True ynz=True cond=True claim_agree=True upper=2370.77266647  CERT
817939441,0,1 RHO mem=True nz=True ynz=True cond=True claim_agree=True upper=0.939088819462  CERT
817939441,0,1 T   mem=True nz=True ynz=True cond=True claim_agree=True upper=2501.02499387  CERT
822190485,0,1 RHO mem=True nz=True ynz=True cond=True claim_agree=True upper=0.954758648060  CERT
822190485,0,1 T   mem=True nz=True ynz=True cond=True claim_agree=True upper=2219.12820835  CERT
823341524,0,1 RHO mem=True nz=True ynz=True cond=True claim_agree=True upper=0.929181701246  CERT
823341524,0,1 T   mem=True nz=True ynz=True cond=True claim_agree=True upper=2808.59163346  CERT
874782944,0,1 RHO mem=True nz=True ynz=True cond=True claim_agree=True upper=0.983960985763  CERT
874782944,0,1 T   mem=True nz=True ynz=True cond=True claim_agree=True upper=3052.05438359  CERT
877538333,0,1 RHO mem=True nz=True ynz=True cond=True claim_agree=True upper=0.929181701246  CERT
877538333,0,1 T   mem=True nz=True ynz=True cond=True claim_agree=True upper=2781.86802662  CERT
890134480,0,1 RHO mem=True nz=True ynz=True cond=True claim_agree=True upper=0.910018342649  CERT
890134480,0,1 T   mem=True nz=True ynz=True cond=True claim_agree=True upper=1963.33207845  CERT
897605853,0,1 RHO mem=True nz=True ynz=True cond=True claim_agree=True upper=0.944544631822  CERT
897605853,0,1 T   mem=True nz=True ynz=True cond=True claim_agree=True upper=2215.79524142  CERT
940059595,0,1 RHO mem=True nz=True ynz=True cond=True claim_agree=True upper=0.955274644058  CERT
940059595,0,1 T   mem=True nz=True ynz=True cond=True claim_agree=True upper=2345.65757745  CERT
FAMILY VERIFY n=7 l=1000919617 : EXCLUDED (components certified 32 / 32 ; lines 64 ; failed lines 0)
FAMILY VERIFY PASS
