FACTORIZATION: 32 irreducible factors of degree 2 over F_1000381633: OK
84977288,0,1 RHO mem=True nz=True ynz=True cond=True claim_agree=True upper=0.937576263151  CERT
84977288,0,1 T   mem=True nz=True ynz=True cond=True claim_agree=True upper=2284.07573096  CERT
128309513,0,1 RHO mem=True nz=True ynz=True cond=True claim_agree=True upper=0.951984347281  CERT
128309513,0,1 T   mem=True nz=True ynz=True cond=True claim_agree=True upper=2952.69373333  CERT
150970618,0,1 RHO mem=True nz=True ynz=True cond=True claim_agree=True upper=0.933202568022  CERT
150970618,0,1 T   mem=True nz=True ynz=True cond=True claim_agree=True upper=2159.78531530  CERT
165644869,0,1 RHO mem=True nz=True ynz=True cond=True claim_agree=True upper=0.964894885652  CERT
165644869,0,1 T   mem=True nz=True ynz=True cond=True claim_agree=True upper=2266.03671559  CERT
176656710,0,1 RHO mem=True nz=True ynz=True cond=True claim_agree=True upper=0.948005459630  CERT
176656710,0,1 T   mem=True nz=True ynz=True cond=True claim_agree=True upper=2445.16154885  CERT
197064736,0,1 RHO mem=True nz=True ynz=True cond=True claim_agree=True upper=0.980044517669  CERT
197064736,0,1 T   mem=True nz=True ynz=True cond=True claim_agree=True upper=2610.42839454  CERT
207647536,0,1 RHO mem=True nz=True ynz=True cond=True claim_agree=True upper=0.911387764461  CERT
207647536,0,1 T   mem=True nz=True ynz=True cond=True claim_agree=True upper=1911.80356352  CERT
209438938,0,1 RHO mem=True nz=True ynz=True cond=True claim_agree=True upper=0.910389504214  CERT
209438938,0,1 T   mem=True nz=True ynz=True cond=True claim_agree=True upper=2533.49500232  CERT
301830471,0,1 RHO mem=True nz=True ynz=True cond=True claim_agree=True upper=0.918574971569  CERT
301830471,0,1 T   mem=True nz=True ynz=True cond=True claim_agree=True upper=2368.75379678  CERT
326533148,0,1 RHO mem=True nz=True ynz=True cond=True claim_agree=True upper=0.962873068575  CERT
326533148,0,1 T   mem=True nz=True ynz=True cond=True claim_agree=True upper=2556.53773017  CERT
369368688,0,1 RHO mem=True nz=True ynz=True cond=True claim_agree=True upper=0.964894885652  CERT
369368688,0,1 T   mem=True nz=True ynz=True cond=True claim_agree=True upper=2898.39023197  CERT
383947507,0,1 RHO mem=True nz=True ynz=True cond=True claim_agree=True upper=0.958989623578  CERT
383947507,0,1 T   mem=True nz=True ynz=True cond=True claim_agree=True upper=2478.38910311  CERT
388511060,0,1 RHO mem=True nz=True ynz=True cond=True claim_agree=True upper=0.948005459630  CERT
388511060,0,1 T   mem=True nz=True ynz=True cond=True claim_agree=True upper=2754.78068577  CERT
448945324,0,1 RHO mem=True nz=True ynz=True cond=True claim_agree=True upper=0.989554694583  CERT
448945324,0,1 T   mem=True nz=True ynz=True cond=True claim_agree=True upper=2405.82082392  CERT
471416667,0,1 RHO mem=True nz=True ynz=True cond=True claim_agree=True upper=0.957451250786  CERT
471416667,0,1 T   mem=True nz=True ynz=True cond=True claim_agree=True upper=2700.34116069  CERT
493063472,0,1 RHO mem=True nz=True ynz=True cond=True claim_agree=True upper=0.910389504214  CERT
493063472,0,1 T   mem=True nz=True ynz=True cond=True claim_agree=True upper=1665.66285636  CERT
507318161,0,1 RHO mem=True nz=True ynz=True cond=True claim_agree=True upper=0.966951929274  CERT
507318161,0,1 T   mem=True nz=True ynz=True cond=True claim_agree=True upper=2683.03618201  CERT
528964966,0,1 RHO mem=True nz=True ynz=True cond=True claim_agree=True upper=0.980044517669  CERT
528964966,0,1 T   mem=True nz=True ynz=True cond=True claim_agree=True upper=3100.45614532  CERT
551436309,0,1 RHO mem=True nz=True ynz=True cond=True claim_agree=True upper=0.918574971569  CERT
551436309,0,1 T   mem=True nz=True ynz=True cond=True claim_agree=True upper=2516.28201456  CERT
611870573,0,1 RHO mem=True nz=True ynz=True cond=True claim_agree=True upper=0.971379691635  CERT
611870573,0,1 T   mem=True nz=True ynz=True cond=True claim_agree=True upper=2367.08114285  CERT
616434126,0,1 RHO mem=True nz=True ynz=True cond=True claim_agree=True upper=0.951984347281  CERT
616434126,0,1 T   mem=True nz=True ynz=True cond=True claim_agree=True upper=2214.34257959  CERT
631012945,0,1 RHO mem=True nz=True ynz=True cond=True claim_agree=True upper=0.929203623388  CERT
631012945,0,1 T   mem=True nz=True ynz=True cond=True claim_agree=True upper=3416.77056726  CERT
673848485,0,1 RHO mem=True nz=True ynz=True cond=True claim_agree=True upper=0.933202568022  CERT
673848485,0,1 T   mem=True nz=True ynz=True cond=True claim_agree=True upper=1867.72584694  CERT
698551162,0,1 RHO mem=True nz=True ynz=True cond=True claim_agree=True upper=0.989554694583  CERT
698551162,0,1 T   mem=True nz=True ynz=True cond=True claim_agree=True upper=2514.50289108  CERT
790942695,0,1 RHO mem=True nz=True ynz=True cond=True claim_agree=True upper=0.966951929274  CERT
790942695,0,1 T   mem=True nz=True ynz=True cond=True claim_agree=True upper=2520.00822859  CERT
792734097,0,1 RHO mem=True nz=True ynz=True cond=True claim_agree=True upper=0.937576263151  CERT
792734097,0,1 T   mem=True nz=True ynz=True cond=True claim_agree=True upper=2744.71078072  CERT
803316897,0,1 RHO mem=True nz=True ynz=True cond=True claim_agree=True upper=0.957451250786  CERT
803316897,0,1 T   mem=True nz=True ynz=True cond=True claim_agree=True upper=1957.97810186  CERT
823724923,0,1 RHO mem=True nz=True ynz=True cond=True claim_agree=True upper=0.971379691635  CERT
823724923,0,1 T   mem=True nz=True ynz=True cond=True claim_agree=True upper=2818.85334276  CERT
834736764,0,1 RHO mem=True nz=True ynz=True cond=True claim_agree=True upper=0.929203623388  CERT
834736764,0,1 T   mem=True nz=True ynz=True cond=True claim_agree=True upper=2882.11509115  CERT
849411015,0,1 RHO mem=True nz=True ynz=True cond=True claim_agree=True upper=0.962873068575  CERT
849411015,0,1 T   mem=True nz=True ynz=True cond=True claim_agree=True upper=2425.70641776  CERT
872072120,0,1 RHO mem=True nz=True ynz=True cond=True claim_agree=True upper=0.958989623578  CERT
872072120,0,1 T   mem=True nz=True ynz=True cond=True claim_agree=True upper=3272.62581377  CERT
915404345,0,1 RHO mem=True nz=True ynz=True cond=True claim_agree=True upper=0.911387764461  CERT
915404345,0,1 T   mem=True nz=True ynz=True cond=True claim_agree=True upper=2261.53000411  CERT
FAMILY VERIFY n=7 l=1000381633 : EXCLUDED (components certified 32 / 32 ; lines 64 ; failed lines 0)
FAMILY VERIFY PASS
