FACTORIZATION: 32 irreducible factors of degree 2 over F_1000669889: OK
7349829,0,1 RHO mem=True nz=True ynz=True cond=True claim_agree=True upper=0.946014781278  CERT
7349829,0,1 T   mem=True nz=True ynz=True cond=True claim_agree=True upper=2411.56368485  CERT
48451758,0,1 RHO mem=True nz=True ynz=True cond=True claim_agree=True upper=0.942824497936  CERT
48451758,0,1 T   mem=True nz=True ynz=True cond=True claim_agree=True upper=2365.63539834  CERT
57019633,0,1 RHO mem=True nz=True ynz=True cond=True claim_agree=True upper=0.946014781278  CERT
57019633,0,1 T   mem=True nz=True ynz=True cond=True claim_agree=True upper=2050.09404693  CERT
69661376,0,1 RHO mem=True nz=True ynz=True cond=True claim_agree=True upper=0.884422314674  CERT
69661376,0,1 T   mem=True nz=True ynz=True cond=True claim_agree=True upper=1788.86622188  CERT
75470236,0,1 RHO mem=True nz=True ynz=True cond=True claim_agree=True upper=0.967500142216  CERT
75470236,0,1 T   mem=True nz=True ynz=True cond=True claim_agree=True upper=2106.45170774  CERT
141221568,0,1 RHO mem=True nz=True ynz=True cond=True claim_agree=True upper=0.884422314674  CERT
141221568,0,1 T   mem=True nz=True ynz=True cond=True claim_agree=True upper=2226.20808957  CERT
182408769,0,1 RHO mem=True nz=True ynz=True cond=True claim_agree=True upper=0.942824497936  CERT
182408769,0,1 T   mem=True nz=True ynz=True cond=True claim_agree=True upper=2196.78900105  CERT
196659605,0,1 RHO mem=True nz=True ynz=True cond=True claim_agree=True upper=0.967500142216  CERT
196659605,0,1 T   mem=True nz=True ynz=True cond=True claim_agree=True upper=3376.44362164  CERT
222225176,0,1 RHO mem=True nz=True ynz=True cond=True claim_agree=True upper=0.935635259991  CERT
222225176,0,1 T   mem=True nz=True ynz=True cond=True claim_agree=True upper=2629.39534054  CERT
222316032,0,1 RHO mem=True nz=True ynz=True cond=True claim_agree=True upper=0.939309721678  CERT
222316032,0,1 T   mem=True nz=True ynz=True cond=True claim_agree=True upper=2780.37537260  CERT
252629637,0,1 RHO mem=True nz=True ynz=True cond=True claim_agree=True upper=0.913618461549  CERT
252629637,0,1 T   mem=True nz=True ynz=True cond=True claim_agree=True upper=2180.36852704  CERT
267965387,0,1 RHO mem=True nz=True ynz=True cond=True claim_agree=True upper=0.964519750865  CERT
267965387,0,1 T   mem=True nz=True ynz=True cond=True claim_agree=True upper=2449.96323695  CERT
272127043,0,1 RHO mem=True nz=True ynz=True cond=True claim_agree=True upper=0.950360079579  CERT
272127043,0,1 T   mem=True nz=True ynz=True cond=True claim_agree=True upper=2446.29878669  CERT
288132099,0,1 RHO mem=True nz=True ynz=True cond=True claim_agree=True upper=0.939309721678  CERT
288132099,0,1 T   mem=True nz=True ynz=True cond=True claim_agree=True upper=2276.23771504  CERT
335571136,0,1 RHO mem=True nz=True ynz=True cond=True claim_agree=True upper=0.934568431807  CERT
335571136,0,1 T   mem=True nz=True ynz=True cond=True claim_agree=True upper=1908.87032354  CERT
362886062,0,1 RHO mem=True nz=True ynz=True cond=True claim_agree=True upper=0.923432428613  CERT
362886062,0,1 T   mem=True nz=True ynz=True cond=True claim_agree=True upper=1681.44650859  CERT
637783827,0,1 RHO mem=True nz=True ynz=True cond=True claim_agree=True upper=0.950360079579  CERT
637783827,0,1 T   mem=True nz=True ynz=True cond=True claim_agree=True upper=2214.45196842  CERT
665098753,0,1 RHO mem=True nz=True ynz=True cond=True claim_agree=True upper=0.935635259991  CERT
665098753,0,1 T   mem=True nz=True ynz=True cond=True claim_agree=True upper=1865.77202121  CERT
712537790,0,1 RHO mem=True nz=True ynz=True cond=True claim_agree=True upper=0.921321356118  CERT
712537790,0,1 T   mem=True nz=True ynz=True cond=True claim_agree=True upper=1954.40182703  CERT
728542846,0,1 RHO mem=True nz=True ynz=True cond=True claim_agree=True upper=0.923432428613  CERT
728542846,0,1 T   mem=True nz=True ynz=True cond=True claim_agree=True upper=2702.76886451  CERT
732704502,0,1 RHO mem=True nz=True ynz=True cond=True claim_agree=True upper=0.913618461549  CERT
732704502,0,1 T   mem=True nz=True ynz=True cond=True claim_agree=True upper=1656.00429327  CERT
748040252,0,1 RHO mem=True nz=True ynz=True cond=True claim_agree=True upper=0.964519750865  CERT
748040252,0,1 T   mem=True nz=True ynz=True cond=True claim_agree=True upper=2676.78510295  CERT
778353857,0,1 RHO mem=True nz=True ynz=True cond=True claim_agree=True upper=0.921321356118  CERT
778353857,0,1 T   mem=True nz=True ynz=True cond=True claim_agree=True upper=2121.95706985  CERT
778444713,0,1 RHO mem=True nz=True ynz=True cond=True claim_agree=True upper=0.934568431807  CERT
778444713,0,1 T   mem=True nz=True ynz=True cond=True claim_agree=True upper=2270.10869014  CERT
804010284,0,1 RHO mem=True nz=True ynz=True cond=True claim_agree=True upper=0.940092943976  CERT
804010284,0,1 T   mem=True nz=True ynz=True cond=True claim_agree=True upper=1856.48362175  CERT
818261120,0,1 RHO mem=True nz=True ynz=True cond=True claim_agree=True upper=0.916597299465  CERT
818261120,0,1 T   mem=True nz=True ynz=True cond=True claim_agree=True upper=2428.10469210  CERT
859448321,0,1 RHO mem=True nz=True ynz=True cond=True claim_agree=True upper=0.922118412998  CERT
859448321,0,1 T   mem=True nz=True ynz=True cond=True claim_agree=True upper=1709.11529968  CERT
925199653,0,1 RHO mem=True nz=True ynz=True cond=True claim_agree=True upper=0.940092943976  CERT
925199653,0,1 T   mem=True nz=True ynz=True cond=True claim_agree=True upper=2235.09266480  CERT
931008513,0,1 RHO mem=True nz=True ynz=True cond=True claim_agree=True upper=0.922118412998  CERT
931008513,0,1 T   mem=True nz=True ynz=True cond=True claim_agree=True upper=3222.67134663  CERT
943650256,0,1 RHO mem=True nz=True ynz=True cond=True claim_agree=True upper=0.940947500516  CERT
943650256,0,1 T   mem=True nz=True ynz=True cond=True claim_agree=True upper=1938.39631356  CERT
952218131,0,1 RHO mem=True nz=True ynz=True cond=True claim_agree=True upper=0.916597299465  CERT
952218131,0,1 T   mem=True nz=True ynz=True cond=True claim_agree=True upper=2039.76359031  CERT
993320060,0,1 RHO mem=True nz=True ynz=True cond=True claim_agree=True upper=0.940947500516  CERT
993320060,0,1 T   mem=True nz=True ynz=True cond=True claim_agree=True upper=2131.01386441  CERT
FAMILY VERIFY n=7 l=1000669889 : EXCLUDED (components certified 32 / 32 ; lines 64 ; failed lines 0)
FAMILY VERIFY PASS
