FACTORIZATION: 32 irreducible factors of degree 2 over F_1001198273: OK
14179995,0,1 RHO mem=True nz=True ynz=True cond=True claim_agree=True upper=0.918316662211  CERT
14179995,0,1 T   mem=True nz=True ynz=True cond=True claim_agree=True upper=2198.82287001  CERT
35487177,0,1 RHO mem=True nz=True ynz=True cond=True claim_agree=True upper=0.919746813532  CERT
35487177,0,1 T   mem=True nz=True ynz=True cond=True claim_agree=True upper=1883.06808795  CERT
36459234,0,1 RHO mem=True nz=True ynz=True cond=True claim_agree=True upper=0.918316662211  CERT
36459234,0,1 T   mem=True nz=True ynz=True cond=True claim_agree=True upper=2305.03239756  CERT
115445842,0,1 RHO mem=True nz=True ynz=True cond=True claim_agree=True upper=0.916589453327  CERT
115445842,0,1 T   mem=True nz=True ynz=True cond=True claim_agree=True upper=2222.67784019  CERT
137686381,0,1 RHO mem=True nz=True ynz=True cond=True claim_agree=True upper=0.904643072113  CERT
137686381,0,1 T   mem=True nz=True ynz=True cond=True claim_agree=True upper=1918.30545662  CERT
143917436,0,1 RHO mem=True nz=True ynz=True cond=True claim_agree=True upper=0.904643072113  CERT
143917436,0,1 T   mem=True nz=True ynz=True cond=True claim_agree=True upper=2199.11826424  CERT
235603854,0,1 RHO mem=True nz=True ynz=True cond=True claim_agree=True upper=0.919746813532  CERT
235603854,0,1 T   mem=True nz=True ynz=True cond=True claim_agree=True upper=2269.80398088  CERT
257465200,0,1 RHO mem=True nz=True ynz=True cond=True claim_agree=True upper=0.918878851902  CERT
257465200,0,1 T   mem=True nz=True ynz=True cond=True claim_agree=True upper=2477.19122276  CERT
282658872,0,1 RHO mem=True nz=True ynz=True cond=True claim_agree=True upper=0.898309896326  CERT
282658872,0,1 T   mem=True nz=True ynz=True cond=True claim_agree=True upper=1910.86738072  CERT
367207708,0,1 RHO mem=True nz=True ynz=True cond=True claim_agree=True upper=0.920219933499  CERT
367207708,0,1 T   mem=True nz=True ynz=True cond=True claim_agree=True upper=1758.30650343  CERT
419488261,0,1 RHO mem=True nz=True ynz=True cond=True claim_agree=True upper=0.898309896326  CERT
419488261,0,1 T   mem=True nz=True ynz=True cond=True claim_agree=True upper=2101.96393273  CERT
424020173,0,1 RHO mem=True nz=True ynz=True cond=True claim_agree=True upper=0.912347734965  CERT
424020173,0,1 T   mem=True nz=True ynz=True cond=True claim_agree=True upper=2132.89441765  CERT
447970843,0,1 RHO mem=True nz=True ynz=True cond=True claim_agree=True upper=0.918878851902  CERT
447970843,0,1 T   mem=True nz=True ynz=True cond=True claim_agree=True upper=2207.73338930  CERT
450972497,0,1 RHO mem=True nz=True ynz=True cond=True claim_agree=True upper=0.889244102900  CERT
450972497,0,1 T   mem=True nz=True ynz=True cond=True claim_agree=True upper=2328.66381706  CERT
490946858,0,1 RHO mem=True nz=True ynz=True cond=True claim_agree=True upper=0.898677519584  CERT
490946858,0,1 T   mem=True nz=True ynz=True cond=True claim_agree=True upper=2237.04645707  CERT
497856191,0,1 RHO mem=True nz=True ynz=True cond=True claim_agree=True upper=0.937141418313  CERT
497856191,0,1 T   mem=True nz=True ynz=True cond=True claim_agree=True upper=2370.72742495  CERT
503342082,0,1 RHO mem=True nz=True ynz=True cond=True claim_agree=True upper=0.889244102900  CERT
503342082,0,1 T   mem=True nz=True ynz=True cond=True claim_agree=True upper=1989.17591447  CERT
510251415,0,1 RHO mem=True nz=True ynz=True cond=True claim_agree=True upper=0.920219933499  CERT
510251415,0,1 T   mem=True nz=True ynz=True cond=True claim_agree=True upper=2191.61582776  CERT
550225776,0,1 RHO mem=True nz=True ynz=True cond=True claim_agree=True upper=0.937141418313  CERT
550225776,0,1 T   mem=True nz=True ynz=True cond=True claim_agree=True upper=2538.45954743  CERT
553227430,0,1 RHO mem=True nz=True ynz=True cond=True claim_agree=True upper=0.914323129397  CERT
553227430,0,1 T   mem=True nz=True ynz=True cond=True claim_agree=True upper=2145.50315932  CERT
577178100,0,1 RHO mem=True nz=True ynz=True cond=True claim_agree=True upper=0.916589453327  CERT
577178100,0,1 T   mem=True nz=True ynz=True cond=True claim_agree=True upper=2119.12076459  CERT
581710012,0,1 RHO mem=True nz=True ynz=True cond=True claim_agree=True upper=0.936328832794  CERT
581710012,0,1 T   mem=True nz=True ynz=True cond=True claim_agree=True upper=2098.44992056  CERT
633990565,0,1 RHO mem=True nz=True ynz=True cond=True claim_agree=True upper=0.898677519584  CERT
633990565,0,1 T   mem=True nz=True ynz=True cond=True claim_agree=True upper=1913.99848222  CERT
718539401,0,1 RHO mem=True nz=True ynz=True cond=True claim_agree=True upper=0.936328832794  CERT
718539401,0,1 T   mem=True nz=True ynz=True cond=True claim_agree=True upper=2141.23164326  CERT
743733073,0,1 RHO mem=True nz=True ynz=True cond=True claim_agree=True upper=0.914323129397  CERT
743733073,0,1 T   mem=True nz=True ynz=True cond=True claim_agree=True upper=1784.80661589  CERT
765594419,0,1 RHO mem=True nz=True ynz=True cond=True claim_agree=True upper=0.888283548798  CERT
765594419,0,1 T   mem=True nz=True ynz=True cond=True claim_agree=True upper=2140.28300816  CERT
857280837,0,1 RHO mem=True nz=True ynz=True cond=True claim_agree=True upper=0.911171824365  CERT
857280837,0,1 T   mem=True nz=True ynz=True cond=True claim_agree=True upper=2750.05946231  CERT
863511892,0,1 RHO mem=True nz=True ynz=True cond=True claim_agree=True upper=0.911171824365  CERT
863511892,0,1 T   mem=True nz=True ynz=True cond=True claim_agree=True upper=1962.76384116  CERT
885752431,0,1 RHO mem=True nz=True ynz=True cond=True claim_agree=True upper=0.912347734965  CERT
885752431,0,1 T   mem=True nz=True ynz=True cond=True claim_agree=True upper=1916.10297872  CERT
964739039,0,1 RHO mem=True nz=True ynz=True cond=True claim_agree=True upper=0.920385686129  CERT
964739039,0,1 T   mem=True nz=True ynz=True cond=True claim_agree=True upper=2421.24445146  CERT
965711096,0,1 RHO mem=True nz=True ynz=True cond=True claim_agree=True upper=0.888283548798  CERT
965711096,0,1 T   mem=True nz=True ynz=True cond=True claim_agree=True upper=2116.42249055  CERT
987018278,0,1 RHO mem=True nz=True ynz=True cond=True claim_agree=True upper=0.920385686129  CERT
987018278,0,1 T   mem=True nz=True ynz=True cond=True claim_agree=True upper=2160.76304842  CERT
FAMILY VERIFY n=7 l=1001198273 : EXCLUDED (components certified 32 / 32 ; lines 64 ; failed lines 0)
FAMILY VERIFY PASS
