FACTORIZATION: 32 irreducible factors of degree 2 over F_1000808257: OK
46386532,0,1 T   mem=True nz=True ynz=True cond=True claim_agree=True upper=2836.30400695  CERT
122219518,0,1 RHO mem=True nz=True ynz=True cond=True claim_agree=True upper=0.957191847151  CERT
122219518,0,1 T   mem=True nz=True ynz=True cond=True claim_agree=True upper=2599.57121332  CERT
136606035,0,1 RHO mem=True nz=True ynz=True cond=True claim_agree=True upper=0.942459535626  CERT
136606035,0,1 T   mem=True nz=True ynz=True cond=True claim_agree=True upper=2685.04335857  CERT
152952838,0,1 RHO mem=True nz=True ynz=True cond=True claim_agree=True upper=0.952684102907  CERT
152952838,0,1 T   mem=True nz=True ynz=True cond=True claim_agree=True upper=2421.99209268  CERT
164197107,0,1 RHO mem=True nz=True ynz=True cond=True claim_agree=True upper=0.975876163994  CERT
164197107,0,1 T   mem=True nz=True ynz=True cond=True claim_agree=True upper=2266.54952959  CERT
212544379,0,1 RHO mem=True nz=True ynz=True cond=True claim_agree=True upper=0.967975081241  CERT
212544379,0,1 T   mem=True nz=True ynz=True cond=True claim_agree=True upper=2911.78711561  CERT
226406882,0,1 RHO mem=True nz=True ynz=True cond=True claim_agree=True upper=0.967103894163  CERT
226406882,0,1 T   mem=True nz=True ynz=True cond=True claim_agree=True upper=2639.66369481  CERT
241969103,0,1 RHO mem=True nz=True ynz=True cond=True claim_agree=True upper=0.938922933160  CERT
241969103,0,1 T   mem=True nz=True ynz=True cond=True claim_agree=True upper=2435.95242652  CERT
306454284,0,1 RHO mem=True nz=True ynz=True cond=True claim_agree=True upper=0.962474049273  CERT
306454284,0,1 T   mem=True nz=True ynz=True cond=True claim_agree=True upper=2375.46003194  CERT
356261777,0,1 RHO mem=True nz=True ynz=True cond=True claim_agree=True upper=0.985565736530  CERT
356261777,0,1 T   mem=True nz=True ynz=True cond=True claim_agree=True upper=2989.89730161  CERT
360825623,0,1 RHO mem=True nz=True ynz=True cond=True claim_agree=True upper=0.944409710337  CERT
360825623,0,1 T   mem=True nz=True ynz=True cond=True claim_agree=True upper=2592.67682895  CERT
426985061,0,1 RHO mem=True nz=True ynz=True cond=True claim_agree=True upper=0.964593216882  CERT
426985061,0,1 T   mem=True nz=True ynz=True cond=True claim_agree=True upper=1949.69857578  CERT
428556002,0,1 RHO mem=True nz=True ynz=True cond=True claim_agree=True upper=0.938922933160  CERT
428556002,0,1 T   mem=True nz=True ynz=True cond=True claim_agree=True upper=2144.73284983  CERT
432756678,0,1 RHO mem=True nz=True ynz=True cond=True claim_agree=True upper=0.991393655108  CERT
432756678,0,1 T   mem=True nz=True ynz=True cond=True claim_agree=True upper=2406.99520544  CERT
453740395,0,1 RHO mem=True nz=True ynz=True cond=True claim_agree=True upper=0.972935334183  CERT
453740395,0,1 T   mem=True nz=True ynz=True cond=True claim_agree=True upper=2274.74229718  CERT
492383593,0,1 RHO mem=True nz=True ynz=True cond=True claim_agree=True upper=0.944409710337  CERT
492383593,0,1 T   mem=True nz=True ynz=True cond=True claim_agree=True upper=1772.39635858  CERT
508424664,0,1 RHO mem=True nz=True ynz=True cond=True claim_agree=True upper=0.955336678459  CERT
508424664,0,1 T   mem=True nz=True ynz=True cond=True claim_agree=True upper=2581.35407767  CERT
547067862,0,1 RHO mem=True nz=True ynz=True cond=True claim_agree=True upper=0.942459535626  CERT
547067862,0,1 T   mem=True nz=True ynz=True cond=True claim_agree=True upper=3328.10084525  CERT
568051579,0,1 RHO mem=True nz=True ynz=True cond=True claim_agree=True upper=0.985565736530  CERT
568051579,0,1 T   mem=True nz=True ynz=True cond=True claim_agree=True upper=2871.99205168  CERT
572252255,0,1 RHO mem=True nz=True ynz=True cond=True claim_agree=True upper=0.965580972108  CERT
572252255,0,1 T   mem=True nz=True ynz=True cond=True claim_agree=True upper=2911.65761702  CERT
573823196,0,1 RHO mem=True nz=True ynz=True cond=True claim_agree=True upper=0.962474049273  CERT
573823196,0,1 T   mem=True nz=True ynz=True cond=True claim_agree=True upper=2255.01726000  CERT
639982634,0,1 RHO mem=True nz=True ynz=True cond=True claim_agree=True upper=0.955336678459  CERT
639982634,0,1 T   mem=True nz=True ynz=True cond=True claim_agree=True upper=2778.34063256  CERT
644546480,0,1 RHO mem=True nz=True ynz=True cond=True claim_agree=True upper=0.991393655108  CERT
644546480,0,1 T   mem=True nz=True ynz=True cond=True claim_agree=True upper=2483.39153178  CERT
694353973,0,1 RHO mem=True nz=True ynz=True cond=True claim_agree=True upper=0.964593216882  CERT
694353973,0,1 T   mem=True nz=True ynz=True cond=True claim_agree=True upper=3175.58484525  CERT
758839154,0,1 RHO mem=True nz=True ynz=True cond=True claim_agree=True upper=0.965580972108  CERT
758839154,0,1 T   mem=True nz=True ynz=True cond=True claim_agree=True upper=2465.79691528  CERT
774401375,0,1 RHO mem=True nz=True ynz=True cond=True claim_agree=True upper=0.967975081241  CERT
774401375,0,1 T   mem=True nz=True ynz=True cond=True claim_agree=True upper=2638.52642485  CERT
788263878,0,1 RHO mem=True nz=True ynz=True cond=True claim_agree=True upper=0.967103894163  CERT
788263878,0,1 T   mem=True nz=True ynz=True cond=True claim_agree=True upper=2630.92966415  CERT
836611150,0,1 RHO mem=True nz=True ynz=True cond=True claim_agree=True upper=0.952684102907  CERT
836611150,0,1 T   mem=True nz=True ynz=True cond=True claim_agree=True upper=2904.00892269  CERT
847855419,0,1 RHO mem=True nz=True ynz=True cond=True claim_agree=True upper=0.975876163994  CERT
847855419,0,1 T   mem=True nz=True ynz=True cond=True claim_agree=True upper=2969.41354347  CERT
864202222,0,1 RHO mem=True nz=True ynz=True cond=True claim_agree=True upper=0.972935334183  CERT
864202222,0,1 T   mem=True nz=True ynz=True cond=True claim_agree=True upper=3222.70497651  CERT
878588739,0,1 T   mem=True nz=True ynz=True cond=True claim_agree=True upper=3529.71543660  CERT
954421725,0,1 RHO mem=True nz=True ynz=True cond=True claim_agree=True upper=0.957191847151  CERT
954421725,0,1 T   mem=True nz=True ynz=True cond=True claim_agree=True upper=2769.12962229  CERT
FAMILY VERIFY n=7 l=1000808257 : EXCLUDED (components certified 32 / 32 ; lines 62 ; failed lines 0)
FAMILY VERIFY PASS
