FACTORIZATION: 32 irreducible factors of degree 2 over F_1000167361: OK
10256200,0,1 RHO mem=True nz=True ynz=True cond=True claim_agree=True upper=0.866023848940  CERT
10256200,0,1 T   mem=True nz=True ynz=True cond=True claim_agree=True upper=1726.06834740  CERT
38894303,0,1 RHO mem=True nz=True ynz=True cond=True claim_agree=True upper=0.875422959572  CERT
38894303,0,1 T   mem=True nz=True ynz=True cond=True claim_agree=True upper=2499.05213436  CERT
81742999,0,1 RHO mem=True nz=True ynz=True cond=True claim_agree=True upper=0.869928314209  CERT
81742999,0,1 T   mem=True nz=True ynz=True cond=True claim_agree=True upper=1340.60831474  CERT
112673131,0,1 RHO mem=True nz=True ynz=True cond=True claim_agree=True upper=0.849782263566  CERT
112673131,0,1 T   mem=True nz=True ynz=True cond=True claim_agree=True upper=1806.51805918  CERT
137518274,0,1 RHO mem=True nz=True ynz=True cond=True claim_agree=True upper=0.883012536312  CERT
137518274,0,1 T   mem=True nz=True ynz=True cond=True claim_agree=True upper=2140.50897487  CERT
140680630,0,1 RHO mem=True nz=True ynz=True cond=True claim_agree=True upper=0.884370257848  CERT
140680630,0,1 T   mem=True nz=True ynz=True cond=True claim_agree=True upper=2184.53288144  CERT
242283369,0,1 RHO mem=True nz=True ynz=True cond=True claim_agree=True upper=0.881747712660  CERT
242283369,0,1 T   mem=True nz=True ynz=True cond=True claim_agree=True upper=1786.52453083  CERT
287323949,0,1 RHO mem=True nz=True ynz=True cond=True claim_agree=True upper=0.848223016147  CERT
287323949,0,1 T   mem=True nz=True ynz=True cond=True claim_agree=True upper=1928.97707497  CERT
294603168,0,1 RHO mem=True nz=True ynz=True cond=True claim_agree=True upper=0.871267044936  CERT
294603168,0,1 T   mem=True nz=True ynz=True cond=True claim_agree=True upper=1725.07780232  CERT
334599453,0,1 RHO mem=True nz=True ynz=True cond=True claim_agree=True upper=0.869928314209  CERT
334599453,0,1 T   mem=True nz=True ynz=True cond=True claim_agree=True upper=2741.76165392  CERT
336294894,0,1 RHO mem=True nz=True ynz=True cond=True claim_agree=True upper=0.855852072311  CERT
336294894,0,1 T   mem=True nz=True ynz=True cond=True claim_agree=True upper=2396.75577230  CERT
363078653,0,1 RHO mem=True nz=True ynz=True cond=True claim_agree=True upper=0.848223016147  CERT
363078653,0,1 T   mem=True nz=True ynz=True cond=True claim_agree=True upper=1249.99778977  CERT
374782738,0,1 RHO mem=True nz=True ynz=True cond=True claim_agree=True upper=0.883012536312  CERT
374782738,0,1 T   mem=True nz=True ynz=True cond=True claim_agree=True upper=2103.66631653  CERT
385091992,0,1 RHO mem=True nz=True ynz=True cond=True claim_agree=True upper=0.879552103572  CERT
385091992,0,1 T   mem=True nz=True ynz=True cond=True claim_agree=True upper=1975.43814503  CERT
441247206,0,1 RHO mem=True nz=True ynz=True cond=True claim_agree=True upper=0.849782263566  CERT
441247206,0,1 T   mem=True nz=True ynz=True cond=True claim_agree=True upper=1772.59705767  CERT
474631383,0,1 RHO mem=True nz=True ynz=True cond=True claim_agree=True upper=0.872589961207  CERT
474631383,0,1 T   mem=True nz=True ynz=True cond=True claim_agree=True upper=1990.28712548  CERT
525535978,0,1 RHO mem=True nz=True ynz=True cond=True claim_agree=True upper=0.881747712660  CERT
525535978,0,1 T   mem=True nz=True ynz=True cond=True claim_agree=True upper=2234.23808396  CERT
558920155,0,1 RHO mem=True nz=True ynz=True cond=True claim_agree=True upper=0.926456676942  CERT
558920155,0,1 T   mem=True nz=True ynz=True cond=True claim_agree=True upper=2144.44633112  CERT
615075369,0,1 RHO mem=True nz=True ynz=True cond=True claim_agree=True upper=0.871267044936  CERT
615075369,0,1 T   mem=True nz=True ynz=True cond=True claim_agree=True upper=2753.45979117  CERT
625384623,0,1 RHO mem=True nz=True ynz=True cond=True claim_agree=True upper=0.880458072832  CERT
625384623,0,1 T   mem=True nz=True ynz=True cond=True claim_agree=True upper=2018.57618872  CERT
637088708,0,1 RHO mem=True nz=True ynz=True cond=True claim_agree=True upper=0.899573724489  CERT
637088708,0,1 T   mem=True nz=True ynz=True cond=True claim_agree=True upper=2323.80891795  CERT
663872467,0,1 RHO mem=True nz=True ynz=True cond=True claim_agree=True upper=0.884370257848  CERT
663872467,0,1 T   mem=True nz=True ynz=True cond=True claim_agree=True upper=2552.53441317  CERT
665567908,0,1 RHO mem=True nz=True ynz=True cond=True claim_agree=True upper=0.907047925459  CERT
665567908,0,1 T   mem=True nz=True ynz=True cond=True claim_agree=True upper=2574.38903214  CERT
705564193,0,1 RHO mem=True nz=True ynz=True cond=True claim_agree=True upper=0.879552103572  CERT
705564193,0,1 T   mem=True nz=True ynz=True cond=True claim_agree=True upper=1871.51051476  CERT
712843412,0,1 RHO mem=True nz=True ynz=True cond=True claim_agree=True upper=0.899573724489  CERT
712843412,0,1 T   mem=True nz=True ynz=True cond=True claim_agree=True upper=2307.32266643  CERT
757883992,0,1 RHO mem=True nz=True ynz=True cond=True claim_agree=True upper=0.872589961207  CERT
757883992,0,1 T   mem=True nz=True ynz=True cond=True claim_agree=True upper=2199.71661319  CERT
859486731,0,1 RHO mem=True nz=True ynz=True cond=True claim_agree=True upper=0.855852072311  CERT
859486731,0,1 T   mem=True nz=True ynz=True cond=True claim_agree=True upper=1814.52333658  CERT
862649087,0,1 RHO mem=True nz=True ynz=True cond=True claim_agree=True upper=0.880458072832  CERT
862649087,0,1 T   mem=True nz=True ynz=True cond=True claim_agree=True upper=2201.45521931  CERT
887494230,0,1 RHO mem=True nz=True ynz=True cond=True claim_agree=True upper=0.926456676942  CERT
887494230,0,1 T   mem=True nz=True ynz=True cond=True claim_agree=True upper=2903.44367752  CERT
918424362,0,1 RHO mem=True nz=True ynz=True cond=True claim_agree=True upper=0.907047925459  CERT
918424362,0,1 T   mem=True nz=True ynz=True cond=True claim_agree=True upper=1978.23359000  CERT
961273058,0,1 RHO mem=True nz=True ynz=True cond=True claim_agree=True upper=0.866023848940  CERT
961273058,0,1 T   mem=True nz=True ynz=True cond=True claim_agree=True upper=2235.49337636  CERT
989911161,0,1 RHO mem=True nz=True ynz=True cond=True claim_agree=True upper=0.875422959572  CERT
989911161,0,1 T   mem=True nz=True ynz=True cond=True claim_agree=True upper=2064.24670123  CERT
FAMILY VERIFY n=7 l=1000167361 : EXCLUDED (components certified 32 / 32 ; lines 64 ; failed lines 0)
FAMILY VERIFY PASS
