FACTORIZATION: 32 irreducible factors of degree 2 over F_1001284033: OK
23852733,0,1 RHO mem=True nz=True ynz=True cond=True claim_agree=True upper=0.967251089756  CERT
23852733,0,1 T   mem=True nz=True ynz=True cond=True claim_agree=True upper=2548.32054536  CERT
34298405,0,1 RHO mem=True nz=True ynz=True cond=True claim_agree=True upper=0.912914630456  CERT
34298405,0,1 T   mem=True nz=True ynz=True cond=True claim_agree=True upper=2209.31082775  CERT
34924092,0,1 RHO mem=True nz=True ynz=True cond=True claim_agree=True upper=0.939298718987  CERT
34924092,0,1 T   mem=True nz=True ynz=True cond=True claim_agree=True upper=2394.66991898  CERT
37850445,0,1 RHO mem=True nz=True ynz=True cond=True claim_agree=True upper=0.927929551146  CERT
37850445,0,1 T   mem=True nz=True ynz=True cond=True claim_agree=True upper=2838.83937644  CERT
112496966,0,1 RHO mem=True nz=True ynz=True cond=True claim_agree=True upper=0.946458391340  CERT
112496966,0,1 T   mem=True nz=True ynz=True cond=True claim_agree=True upper=2757.73595599  CERT
156919774,0,1 RHO mem=True nz=True ynz=True cond=True claim_agree=True upper=0.926269319761  CERT
156919774,0,1 T   mem=True nz=True ynz=True cond=True claim_agree=True upper=2581.36518814  CERT
185067825,0,1 RHO mem=True nz=True ynz=True cond=True claim_agree=True upper=0.902529879382  CERT
185067825,0,1 T   mem=True nz=True ynz=True cond=True claim_agree=True upper=2554.70065035  CERT
195134863,0,1 RHO mem=True nz=True ynz=True cond=True claim_agree=True upper=0.946458391340  CERT
195134863,0,1 T   mem=True nz=True ynz=True cond=True claim_agree=True upper=1984.87024397  CERT
221121882,0,1 RHO mem=True nz=True ynz=True cond=True claim_agree=True upper=0.926269319761  CERT
221121882,0,1 T   mem=True nz=True ynz=True cond=True claim_agree=True upper=2901.50474988  CERT
231225101,0,1 RHO mem=True nz=True ynz=True cond=True claim_agree=True upper=0.876341721835  CERT
231225101,0,1 T   mem=True nz=True ynz=True cond=True claim_agree=True upper=2166.74761529  CERT
234159806,0,1 RHO mem=True nz=True ynz=True cond=True claim_agree=True upper=0.940859180412  CERT
234159806,0,1 T   mem=True nz=True ynz=True cond=True claim_agree=True upper=2191.30954333  CERT
280317545,0,1 RHO mem=True nz=True ynz=True cond=True claim_agree=True upper=0.917346349308  CERT
280317545,0,1 T   mem=True nz=True ynz=True cond=True claim_agree=True upper=2194.27386771  CERT
290541626,0,1 RHO mem=True nz=True ynz=True cond=True claim_agree=True upper=0.902529879382  CERT
290541626,0,1 T   mem=True nz=True ynz=True cond=True claim_agree=True upper=3267.10113717  CERT
297216020,0,1 RHO mem=True nz=True ynz=True cond=True claim_agree=True upper=0.967251089756  CERT
297216020,0,1 T   mem=True nz=True ynz=True cond=True claim_agree=True upper=2494.14389631  CERT
382396543,0,1 RHO mem=True nz=True ynz=True cond=True claim_agree=True upper=0.917346349308  CERT
382396543,0,1 T   mem=True nz=True ynz=True cond=True claim_agree=True upper=2919.40873791  CERT
421104109,0,1 RHO mem=True nz=True ynz=True cond=True claim_agree=True upper=0.939298718987  CERT
421104109,0,1 T   mem=True nz=True ynz=True cond=True claim_agree=True upper=2496.93036037  CERT
580179924,0,1 RHO mem=True nz=True ynz=True cond=True claim_agree=True upper=0.934654825048  CERT
580179924,0,1 T   mem=True nz=True ynz=True cond=True claim_agree=True upper=2524.35360147  CERT
618887490,0,1 RHO mem=True nz=True ynz=True cond=True claim_agree=True upper=0.911020031015  CERT
618887490,0,1 T   mem=True nz=True ynz=True cond=True claim_agree=True upper=3094.50151060  CERT
704068013,0,1 RHO mem=True nz=True ynz=True cond=True claim_agree=True upper=0.941103090330  CERT
704068013,0,1 T   mem=True nz=True ynz=True cond=True claim_agree=True upper=1985.09650298  CERT
710742407,0,1 RHO mem=True nz=True ynz=True cond=True claim_agree=True upper=0.970765904869  CERT
710742407,0,1 T   mem=True nz=True ynz=True cond=True claim_agree=True upper=2655.35390575  CERT
720966488,0,1 RHO mem=True nz=True ynz=True cond=True claim_agree=True upper=0.911020031015  CERT
720966488,0,1 T   mem=True nz=True ynz=True cond=True claim_agree=True upper=2349.16773923  CERT
767124227,0,1 RHO mem=True nz=True ynz=True cond=True claim_agree=True upper=0.927929551146  CERT
767124227,0,1 T   mem=True nz=True ynz=True cond=True claim_agree=True upper=2256.99206425  CERT
770058932,0,1 RHO mem=True nz=True ynz=True cond=True claim_agree=True upper=0.912914630456  CERT
770058932,0,1 T   mem=True nz=True ynz=True cond=True claim_agree=True upper=2801.24458202  CERT
780162151,0,1 RHO mem=True nz=True ynz=True cond=True claim_agree=True upper=0.936478529620  CERT
780162151,0,1 T   mem=True nz=True ynz=True cond=True claim_agree=True upper=2113.07864482  CERT
806149170,0,1 RHO mem=True nz=True ynz=True cond=True claim_agree=True upper=0.933051843797  CERT
806149170,0,1 T   mem=True nz=True ynz=True cond=True claim_agree=True upper=2252.55054001  CERT
816216208,0,1 RHO mem=True nz=True ynz=True cond=True claim_agree=True upper=0.970765904869  CERT
816216208,0,1 T   mem=True nz=True ynz=True cond=True claim_agree=True upper=2682.29299370  CERT
844364259,0,1 RHO mem=True nz=True ynz=True cond=True claim_agree=True upper=0.936478529620  CERT
844364259,0,1 T   mem=True nz=True ynz=True cond=True claim_agree=True upper=3108.26782846  CERT
888787067,0,1 RHO mem=True nz=True ynz=True cond=True claim_agree=True upper=0.933051843797  CERT
888787067,0,1 T   mem=True nz=True ynz=True cond=True claim_agree=True upper=1802.60490017  CERT
963433588,0,1 RHO mem=True nz=True ynz=True cond=True claim_agree=True upper=0.940859180412  CERT
963433588,0,1 T   mem=True nz=True ynz=True cond=True claim_agree=True upper=2713.61473450  CERT
966359941,0,1 RHO mem=True nz=True ynz=True cond=True claim_agree=True upper=0.934654825048  CERT
966359941,0,1 T   mem=True nz=True ynz=True cond=True claim_agree=True upper=2714.83960142  CERT
966985628,0,1 RHO mem=True nz=True ynz=True cond=True claim_agree=True upper=0.876341721835  CERT
966985628,0,1 T   mem=True nz=True ynz=True cond=True claim_agree=True upper=2214.26196415  CERT
977431300,0,1 RHO mem=True nz=True ynz=True cond=True claim_agree=True upper=0.941103090330  CERT
977431300,0,1 T   mem=True nz=True ynz=True cond=True claim_agree=True upper=2643.89464216  CERT
FAMILY VERIFY n=7 l=1001284033 : EXCLUDED (components certified 32 / 32 ; lines 64 ; failed lines 0)
FAMILY VERIFY PASS
