FACTORIZATION: 32 irreducible factors of degree 2 over F_1000895041: OK
32826370,0,1 RHO mem=True nz=True ynz=True cond=True claim_agree=True upper=0.903232096442  CERT
32826370,0,1 T   mem=True nz=True ynz=True cond=True claim_agree=True upper=1880.02069198  CERT
42829344,0,1 RHO mem=True nz=True ynz=True cond=True claim_agree=True upper=0.966278389719  CERT
42829344,0,1 T   mem=True nz=True ynz=True cond=True claim_agree=True upper=2810.78334032  CERT
51006443,0,1 RHO mem=True nz=True ynz=True cond=True claim_agree=True upper=0.935065837240  CERT
51006443,0,1 T   mem=True nz=True ynz=True cond=True claim_agree=True upper=2540.13703386  CERT
58289158,0,1 RHO mem=True nz=True ynz=True cond=True claim_agree=True upper=0.960779452960  CERT
58289158,0,1 T   mem=True nz=True ynz=True cond=True claim_agree=True upper=2772.60843952  CERT
98166856,0,1 RHO mem=True nz=True ynz=True cond=True claim_agree=True upper=0.955676070314  CERT
98166856,0,1 T   mem=True nz=True ynz=True cond=True claim_agree=True upper=2836.65293190  CERT
129303260,0,1 RHO mem=True nz=True ynz=True cond=True claim_agree=True upper=0.962065787495  CERT
129303260,0,1 T   mem=True nz=True ynz=True cond=True claim_agree=True upper=2847.61905207  CERT
133681374,0,1 RHO mem=True nz=True ynz=True cond=True claim_agree=True upper=0.948130759076  CERT
133681374,0,1 T   mem=True nz=True ynz=True cond=True claim_agree=True upper=2842.68032390  CERT
154576366,0,1 RHO mem=True nz=True ynz=True cond=True claim_agree=True upper=0.945445522356  CERT
154576366,0,1 T   mem=True nz=True ynz=True cond=True claim_agree=True upper=2406.47463497  CERT
199869160,0,1 RHO mem=True nz=True ynz=True cond=True claim_agree=True upper=0.957832080446  CERT
199869160,0,1 T   mem=True nz=True ynz=True cond=True claim_agree=True upper=2914.45034553  CERT
215987007,0,1 RHO mem=True nz=True ynz=True cond=True claim_agree=True upper=0.955715288306  CERT
215987007,0,1 T   mem=True nz=True ynz=True cond=True claim_agree=True upper=2520.56252435  CERT
277736501,0,1 RHO mem=True nz=True ynz=True cond=True claim_agree=True upper=0.936830941231  CERT
277736501,0,1 T   mem=True nz=True ynz=True cond=True claim_agree=True upper=2369.88016175  CERT
300416119,0,1 RHO mem=True nz=True ynz=True cond=True claim_agree=True upper=0.972006634632  CERT
300416119,0,1 T   mem=True nz=True ynz=True cond=True claim_agree=True upper=2812.06091087  CERT
363337894,0,1 RHO mem=True nz=True ynz=True cond=True claim_agree=True upper=0.935065837240  CERT
363337894,0,1 T   mem=True nz=True ynz=True cond=True claim_agree=True upper=2233.82138899  CERT
418758726,0,1 RHO mem=True nz=True ynz=True cond=True claim_agree=True upper=0.937549913251  CERT
418758726,0,1 T   mem=True nz=True ynz=True cond=True claim_agree=True upper=2191.94093406  CERT
440676931,0,1 RHO mem=True nz=True ynz=True cond=True claim_agree=True upper=0.972006634632  CERT
440676931,0,1 T   mem=True nz=True ynz=True cond=True claim_agree=True upper=3429.92711604  CERT
455990017,0,1 RHO mem=True nz=True ynz=True cond=True claim_agree=True upper=0.953855288767  CERT
455990017,0,1 T   mem=True nz=True ynz=True cond=True claim_agree=True upper=2752.67258861  CERT
544905024,0,1 RHO mem=True nz=True ynz=True cond=True claim_agree=True upper=0.966278389719  CERT
544905024,0,1 T   mem=True nz=True ynz=True cond=True claim_agree=True upper=2909.29597823  CERT
560218110,0,1 RHO mem=True nz=True ynz=True cond=True claim_agree=True upper=0.932435627336  CERT
560218110,0,1 T   mem=True nz=True ynz=True cond=True claim_agree=True upper=2227.90194442  CERT
582136315,0,1 RHO mem=True nz=True ynz=True cond=True claim_agree=True upper=0.955715288306  CERT
582136315,0,1 T   mem=True nz=True ynz=True cond=True claim_agree=True upper=2208.80627372  CERT
637557147,0,1 RHO mem=True nz=True ynz=True cond=True claim_agree=True upper=0.970605518437  CERT
637557147,0,1 T   mem=True nz=True ynz=True cond=True claim_agree=True upper=2322.39081776  CERT
700478922,0,1 RHO mem=True nz=True ynz=True cond=True claim_agree=True upper=0.932435627336  CERT
700478922,0,1 T   mem=True nz=True ynz=True cond=True claim_agree=True upper=2443.36357908  CERT
723158540,0,1 RHO mem=True nz=True ynz=True cond=True claim_agree=True upper=0.957832080446  CERT
723158540,0,1 T   mem=True nz=True ynz=True cond=True claim_agree=True upper=2252.67953906  CERT
784908034,0,1 RHO mem=True nz=True ynz=True cond=True claim_agree=True upper=0.937549913251  CERT
784908034,0,1 T   mem=True nz=True ynz=True cond=True claim_agree=True upper=2286.46127818  CERT
801025881,0,1 RHO mem=True nz=True ynz=True cond=True claim_agree=True upper=0.936830941231  CERT
801025881,0,1 T   mem=True nz=True ynz=True cond=True claim_agree=True upper=2660.85336600  CERT
846318675,0,1 RHO mem=True nz=True ynz=True cond=True claim_agree=True upper=0.960779452960  CERT
846318675,0,1 T   mem=True nz=True ynz=True cond=True claim_agree=True upper=2596.24435443  CERT
867213667,0,1 RHO mem=True nz=True ynz=True cond=True claim_agree=True upper=0.955676070314  CERT
867213667,0,1 T   mem=True nz=True ynz=True cond=True claim_agree=True upper=3108.30638277  CERT
871591781,0,1 RHO mem=True nz=True ynz=True cond=True claim_agree=True upper=0.903232096442  CERT
871591781,0,1 T   mem=True nz=True ynz=True cond=True claim_agree=True upper=2119.74300923  CERT
902728185,0,1 RHO mem=True nz=True ynz=True cond=True claim_agree=True upper=0.948130759076  CERT
902728185,0,1 T   mem=True nz=True ynz=True cond=True claim_agree=True upper=2435.78386225  CERT
942605883,0,1 RHO mem=True nz=True ynz=True cond=True claim_agree=True upper=0.945445522356  CERT
942605883,0,1 T   mem=True nz=True ynz=True cond=True claim_agree=True upper=2881.07749561  CERT
949888598,0,1 RHO mem=True nz=True ynz=True cond=True claim_agree=True upper=0.970605518437  CERT
949888598,0,1 T   mem=True nz=True ynz=True cond=True claim_agree=True upper=3432.70436626  CERT
958065697,0,1 RHO mem=True nz=True ynz=True cond=True claim_agree=True upper=0.953855288767  CERT
958065697,0,1 T   mem=True nz=True ynz=True cond=True claim_agree=True upper=2473.23485676  CERT
968068671,0,1 RHO mem=True nz=True ynz=True cond=True claim_agree=True upper=0.962065787495  CERT
968068671,0,1 T   mem=True nz=True ynz=True cond=True claim_agree=True upper=2792.80609945  CERT
FAMILY VERIFY n=7 l=1000895041 : EXCLUDED (components certified 32 / 32 ; lines 64 ; failed lines 0)
FAMILY VERIFY PASS
