FACTORIZATION: 32 irreducible factors of degree 2 over F_1000647617: OK
6777621,0,1 RHO mem=True nz=True ynz=True cond=True claim_agree=True upper=0.958568061160  CERT
6777621,0,1 T   mem=True nz=True ynz=True cond=True claim_agree=True upper=2520.87903429  CERT
10021851,0,1 RHO mem=True nz=True ynz=True cond=True claim_agree=True upper=0.946276830169  CERT
10021851,0,1 T   mem=True nz=True ynz=True cond=True claim_agree=True upper=2207.76761363  CERT
16531479,0,1 RHO mem=True nz=True ynz=True cond=True claim_agree=True upper=0.964971453848  CERT
16531479,0,1 T   mem=True nz=True ynz=True cond=True claim_agree=True upper=2362.71547735  CERT
121802917,0,1 RHO mem=True nz=True ynz=True cond=True claim_agree=True upper=0.957285808356  CERT
121802917,0,1 T   mem=True nz=True ynz=True cond=True claim_agree=True upper=2908.39162493  CERT
122979994,0,1 RHO mem=True nz=True ynz=True cond=True claim_agree=True upper=0.953765972591  CERT
122979994,0,1 T   mem=True nz=True ynz=True cond=True claim_agree=True upper=2710.23967538  CERT
140983099,0,1 RHO mem=True nz=True ynz=True cond=True claim_agree=True upper=0.885418518065  CERT
140983099,0,1 T   mem=True nz=True ynz=True cond=True claim_agree=True upper=2701.05605424  CERT
180001581,0,1 RHO mem=True nz=True ynz=True cond=True claim_agree=True upper=0.957285808356  CERT
180001581,0,1 T   mem=True nz=True ynz=True cond=True claim_agree=True upper=2669.40774295  CERT
217942375,0,1 RHO mem=True nz=True ynz=True cond=True claim_agree=True upper=0.936808283382  CERT
217942375,0,1 T   mem=True nz=True ynz=True cond=True claim_agree=True upper=2237.29770960  CERT
217999611,0,1 RHO mem=True nz=True ynz=True cond=True claim_agree=True upper=0.927733931071  CERT
217999611,0,1 T   mem=True nz=True ynz=True cond=True claim_agree=True upper=2202.22844990  CERT
243318816,0,1 RHO mem=True nz=True ynz=True cond=True claim_agree=True upper=0.910133945221  CERT
243318816,0,1 T   mem=True nz=True ynz=True cond=True claim_agree=True upper=2334.25522108  CERT
258781943,0,1 RHO mem=True nz=True ynz=True cond=True claim_agree=True upper=0.885418518065  CERT
258781943,0,1 T   mem=True nz=True ynz=True cond=True claim_agree=True upper=2025.60776801  CERT
330172752,0,1 RHO mem=True nz=True ynz=True cond=True claim_agree=True upper=0.931765684078  CERT
330172752,0,1 T   mem=True nz=True ynz=True cond=True claim_agree=True upper=2034.88156512  CERT
366437281,0,1 RHO mem=True nz=True ynz=True cond=True claim_agree=True upper=0.953765972591  CERT
366437281,0,1 T   mem=True nz=True ynz=True cond=True claim_agree=True upper=1911.85769852  CERT
433967255,0,1 RHO mem=True nz=True ynz=True cond=True claim_agree=True upper=0.958568061160  CERT
433967255,0,1 T   mem=True nz=True ynz=True cond=True claim_agree=True upper=2379.14691146  CERT
451721735,0,1 RHO mem=True nz=True ynz=True cond=True claim_agree=True upper=0.957363063517  CERT
451721735,0,1 T   mem=True nz=True ynz=True cond=True claim_agree=True upper=2289.81991474  CERT
468910750,0,1 RHO mem=True nz=True ynz=True cond=True claim_agree=True upper=0.916834015057  CERT
468910750,0,1 T   mem=True nz=True ynz=True cond=True claim_agree=True upper=2464.21803432  CERT
531736867,0,1 RHO mem=True nz=True ynz=True cond=True claim_agree=True upper=0.927733931071  CERT
531736867,0,1 T   mem=True nz=True ynz=True cond=True claim_agree=True upper=2290.15136758  CERT
548925882,0,1 RHO mem=True nz=True ynz=True cond=True claim_agree=True upper=0.946276830169  CERT
548925882,0,1 T   mem=True nz=True ynz=True cond=True claim_agree=True upper=2283.96830685  CERT
566680362,0,1 RHO mem=True nz=True ynz=True cond=True claim_agree=True upper=0.895904619066  CERT
566680362,0,1 T   mem=True nz=True ynz=True cond=True claim_agree=True upper=2459.29232952  CERT
634210336,0,1 RHO mem=True nz=True ynz=True cond=True claim_agree=True upper=0.940721618670  CERT
634210336,0,1 T   mem=True nz=True ynz=True cond=True claim_agree=True upper=2008.79823504  CERT
670474865,0,1 RHO mem=True nz=True ynz=True cond=True claim_agree=True upper=0.910133945221  CERT
670474865,0,1 T   mem=True nz=True ynz=True cond=True claim_agree=True upper=1806.45986139  CERT
741865674,0,1 RHO mem=True nz=True ynz=True cond=True claim_agree=True upper=0.948680666818  CERT
741865674,0,1 T   mem=True nz=True ynz=True cond=True claim_agree=True upper=1992.68562028  CERT
757328801,0,1 RHO mem=True nz=True ynz=True cond=True claim_agree=True upper=0.931765684078  CERT
757328801,0,1 T   mem=True nz=True ynz=True cond=True claim_agree=True upper=1927.77306276  CERT
782648006,0,1 RHO mem=True nz=True ynz=True cond=True claim_agree=True upper=0.916834015057  CERT
782648006,0,1 T   mem=True nz=True ynz=True cond=True claim_agree=True upper=1843.05085940  CERT
782705242,0,1 RHO mem=True nz=True ynz=True cond=True claim_agree=True upper=0.964971453848  CERT
782705242,0,1 T   mem=True nz=True ynz=True cond=True claim_agree=True upper=2076.12471043  CERT
820646036,0,1 RHO mem=True nz=True ynz=True cond=True claim_agree=True upper=0.934230886377  CERT
820646036,0,1 T   mem=True nz=True ynz=True cond=True claim_agree=True upper=2270.92986065  CERT
859664518,0,1 RHO mem=True nz=True ynz=True cond=True claim_agree=True upper=0.948680666818  CERT
859664518,0,1 T   mem=True nz=True ynz=True cond=True claim_agree=True upper=1860.35634508  CERT
877667623,0,1 RHO mem=True nz=True ynz=True cond=True claim_agree=True upper=0.940721618670  CERT
877667623,0,1 T   mem=True nz=True ynz=True cond=True claim_agree=True upper=2422.48558692  CERT
878844700,0,1 RHO mem=True nz=True ynz=True cond=True claim_agree=True upper=0.934230886377  CERT
878844700,0,1 T   mem=True nz=True ynz=True cond=True claim_agree=True upper=2455.24391646  CERT
984116138,0,1 RHO mem=True nz=True ynz=True cond=True claim_agree=True upper=0.936808283382  CERT
984116138,0,1 T   mem=True nz=True ynz=True cond=True claim_agree=True upper=2066.10778953  CERT
990625766,0,1 RHO mem=True nz=True ynz=True cond=True claim_agree=True upper=0.957363063517  CERT
990625766,0,1 T   mem=True nz=True ynz=True cond=True claim_agree=True upper=2181.37694800  CERT
993869996,0,1 RHO mem=True nz=True ynz=True cond=True claim_agree=True upper=0.895904619066  CERT
993869996,0,1 T   mem=True nz=True ynz=True cond=True claim_agree=True upper=1958.65083920  CERT
FAMILY VERIFY n=7 l=1000647617 : EXCLUDED (components certified 32 / 32 ; lines 64 ; failed lines 0)
FAMILY VERIFY PASS
