FACTORIZATION: 32 irreducible factors of degree 2 over F_1000017089: OK
40521166,0,1 RHO mem=True nz=True ynz=True cond=True claim_agree=True upper=0.894654924996  CERT
40521166,0,1 T   mem=True nz=True ynz=True cond=True claim_agree=True upper=2499.27966097  CERT
41795267,0,1 RHO mem=True nz=True ynz=True cond=True claim_agree=True upper=0.951138363188  CERT
41795267,0,1 T   mem=True nz=True ynz=True cond=True claim_agree=True upper=2750.41073571  CERT
73195663,0,1 RHO mem=True nz=True ynz=True cond=True claim_agree=True upper=0.951138363188  CERT
73195663,0,1 T   mem=True nz=True ynz=True cond=True claim_agree=True upper=2613.94707689  CERT
81529809,0,1 RHO mem=True nz=True ynz=True cond=True claim_agree=True upper=0.941373729673  CERT
81529809,0,1 T   mem=True nz=True ynz=True cond=True claim_agree=True upper=1928.23845070  CERT
132682175,0,1 RHO mem=True nz=True ynz=True cond=True claim_agree=True upper=0.933119031964  CERT
132682175,0,1 T   mem=True nz=True ynz=True cond=True claim_agree=True upper=2955.05747035  CERT
151843006,0,1 RHO mem=True nz=True ynz=True cond=True claim_agree=True upper=0.889311593890  CERT
151843006,0,1 T   mem=True nz=True ynz=True cond=True claim_agree=True upper=1907.17852547  CERT
200452234,0,1 RHO mem=True nz=True ynz=True cond=True claim_agree=True upper=0.927081586174  CERT
200452234,0,1 T   mem=True nz=True ynz=True cond=True claim_agree=True upper=1840.48854250  CERT
203380949,0,1 RHO mem=True nz=True ynz=True cond=True claim_agree=True upper=0.929316013104  CERT
203380949,0,1 T   mem=True nz=True ynz=True cond=True claim_agree=True upper=2620.05181644  CERT
286907854,0,1 RHO mem=True nz=True ynz=True cond=True claim_agree=True upper=0.909788160717  CERT
286907854,0,1 T   mem=True nz=True ynz=True cond=True claim_agree=True upper=2161.47072025  CERT
306121211,0,1 RHO mem=True nz=True ynz=True cond=True claim_agree=True upper=0.907460462651  CERT
306121211,0,1 T   mem=True nz=True ynz=True cond=True claim_agree=True upper=2257.32155352  CERT
333298400,0,1 RHO mem=True nz=True ynz=True cond=True claim_agree=True upper=0.915857673997  CERT
333298400,0,1 T   mem=True nz=True ynz=True cond=True claim_agree=True upper=1871.18925794  CERT
342719575,0,1 RHO mem=True nz=True ynz=True cond=True claim_agree=True upper=0.947040897337  CERT
342719575,0,1 T   mem=True nz=True ynz=True cond=True claim_agree=True upper=2164.84856340  CERT
377422862,0,1 RHO mem=True nz=True ynz=True cond=True claim_agree=True upper=0.927081586174  CERT
377422862,0,1 T   mem=True nz=True ynz=True cond=True claim_agree=True upper=2150.56890324  CERT
384696067,0,1 RHO mem=True nz=True ynz=True cond=True claim_agree=True upper=0.889311593890  CERT
384696067,0,1 T   mem=True nz=True ynz=True cond=True claim_agree=True upper=1627.75178166  CERT
395994773,0,1 RHO mem=True nz=True ynz=True cond=True claim_agree=True upper=0.909788160717  CERT
395994773,0,1 T   mem=True nz=True ynz=True cond=True claim_agree=True upper=1893.11159664  CERT
439533103,0,1 RHO mem=True nz=True ynz=True cond=True claim_agree=True upper=0.900914892617  CERT
439533103,0,1 T   mem=True nz=True ynz=True cond=True claim_agree=True upper=1954.00155070  CERT
560483986,0,1 RHO mem=True nz=True ynz=True cond=True claim_agree=True upper=0.929316013104  CERT
560483986,0,1 T   mem=True nz=True ynz=True cond=True claim_agree=True upper=2466.92684105  CERT
604022316,0,1 RHO mem=True nz=True ynz=True cond=True claim_agree=True upper=0.959234847578  CERT
604022316,0,1 T   mem=True nz=True ynz=True cond=True claim_agree=True upper=2571.45497440  CERT
615321022,0,1 RHO mem=True nz=True ynz=True cond=True claim_agree=True upper=0.956346293739  CERT
615321022,0,1 T   mem=True nz=True ynz=True cond=True claim_agree=True upper=2539.02966568  CERT
622594227,0,1 RHO mem=True nz=True ynz=True cond=True claim_agree=True upper=0.943661055849  CERT
622594227,0,1 T   mem=True nz=True ynz=True cond=True claim_agree=True upper=2599.66965516  CERT
657297514,0,1 RHO mem=True nz=True ynz=True cond=True claim_agree=True upper=0.941373729673  CERT
657297514,0,1 T   mem=True nz=True ynz=True cond=True claim_agree=True upper=1943.40923462  CERT
666718689,0,1 RHO mem=True nz=True ynz=True cond=True claim_agree=True upper=0.894654924996  CERT
666718689,0,1 T   mem=True nz=True ynz=True cond=True claim_agree=True upper=2297.32797953  CERT
693895878,0,1 RHO mem=True nz=True ynz=True cond=True claim_agree=True upper=0.933119031964  CERT
693895878,0,1 T   mem=True nz=True ynz=True cond=True claim_agree=True upper=2669.83454428  CERT
713109235,0,1 RHO mem=True nz=True ynz=True cond=True claim_agree=True upper=0.959234847578  CERT
713109235,0,1 T   mem=True nz=True ynz=True cond=True claim_agree=True upper=2353.34250693  CERT
796636140,0,1 RHO mem=True nz=True ynz=True cond=True claim_agree=True upper=0.900914892617  CERT
796636140,0,1 T   mem=True nz=True ynz=True cond=True claim_agree=True upper=1539.58354442  CERT
799564855,0,1 RHO mem=True nz=True ynz=True cond=True claim_agree=True upper=0.943661055849  CERT
799564855,0,1 T   mem=True nz=True ynz=True cond=True claim_agree=True upper=2323.99948627  CERT
848174083,0,1 RHO mem=True nz=True ynz=True cond=True claim_agree=True upper=0.956346293739  CERT
848174083,0,1 T   mem=True nz=True ynz=True cond=True claim_agree=True upper=2545.11982277  CERT
867334914,0,1 RHO mem=True nz=True ynz=True cond=True claim_agree=True upper=0.907460462651  CERT
867334914,0,1 T   mem=True nz=True ynz=True cond=True claim_agree=True upper=2210.19453411  CERT
918487280,0,1 RHO mem=True nz=True ynz=True cond=True claim_agree=True upper=0.947040897337  CERT
918487280,0,1 T   mem=True nz=True ynz=True cond=True claim_agree=True upper=2611.32897218  CERT
926821426,0,1 RHO mem=True nz=True ynz=True cond=True claim_agree=True upper=0.903820723366  CERT
926821426,0,1 T   mem=True nz=True ynz=True cond=True claim_agree=True upper=1671.73505508  CERT
958221822,0,1 RHO mem=True nz=True ynz=True cond=True claim_agree=True upper=0.903820723366  CERT
958221822,0,1 T   mem=True nz=True ynz=True cond=True claim_agree=True upper=1974.66846434  CERT
959495923,0,1 RHO mem=True nz=True ynz=True cond=True claim_agree=True upper=0.915857673997  CERT
959495923,0,1 T   mem=True nz=True ynz=True cond=True claim_agree=True upper=1634.31138981  CERT
FAMILY VERIFY n=7 l=1000017089 : EXCLUDED (components certified 32 / 32 ; lines 64 ; failed lines 0)
FAMILY VERIFY PASS
