FACTORIZATION: 32 irreducible factors of degree 2 over F_1000340417: OK
710089,0,1 RHO mem=True nz=True ynz=True cond=True claim_agree=True upper=0.882319543638  CERT
710089,0,1 T   mem=True nz=True ynz=True cond=True claim_agree=True upper=2387.79757162  CERT
111614437,0,1 RHO mem=True nz=True ynz=True cond=True claim_agree=True upper=0.913928382770  CERT
111614437,0,1 T   mem=True nz=True ynz=True cond=True claim_agree=True upper=2998.73133007  CERT
112990985,0,1 RHO mem=True nz=True ynz=True cond=True claim_agree=True upper=0.931802639201  CERT
112990985,0,1 T   mem=True nz=True ynz=True cond=True claim_agree=True upper=2035.18063033  CERT
237103713,0,1 RHO mem=True nz=True ynz=True cond=True claim_agree=True upper=0.877150373195  CERT
237103713,0,1 T   mem=True nz=True ynz=True cond=True claim_agree=True upper=2472.31940233  CERT
261091583,0,1 RHO mem=True nz=True ynz=True cond=True claim_agree=True upper=0.894096705005  CERT
261091583,0,1 T   mem=True nz=True ynz=True cond=True claim_agree=True upper=1898.67115054  CERT
267401151,0,1 RHO mem=True nz=True ynz=True cond=True claim_agree=True upper=0.882319543638  CERT
267401151,0,1 T   mem=True nz=True ynz=True cond=True claim_agree=True upper=2044.74131811  CERT
268552799,0,1 RHO mem=True nz=True ynz=True cond=True claim_agree=True upper=0.892754653933  CERT
268552799,0,1 T   mem=True nz=True ynz=True cond=True claim_agree=True upper=2486.37998716  CERT
272940580,0,1 RHO mem=True nz=True ynz=True cond=True claim_agree=True upper=0.941231154416  CERT
272940580,0,1 T   mem=True nz=True ynz=True cond=True claim_agree=True upper=2924.36853942  CERT
284229726,0,1 RHO mem=True nz=True ynz=True cond=True claim_agree=True upper=0.936210850592  CERT
284229726,0,1 T   mem=True nz=True ynz=True cond=True claim_agree=True upper=2491.59855826  CERT
285369684,0,1 RHO mem=True nz=True ynz=True cond=True claim_agree=True upper=0.906587399664  CERT
285369684,0,1 T   mem=True nz=True ynz=True cond=True claim_agree=True upper=1912.43602981  CERT
287293301,0,1 RHO mem=True nz=True ynz=True cond=True claim_agree=True upper=0.906587399664  CERT
287293301,0,1 T   mem=True nz=True ynz=True cond=True claim_agree=True upper=2120.51340122  CERT
292603641,0,1 RHO mem=True nz=True ynz=True cond=True claim_agree=True upper=0.867885764615  CERT
292603641,0,1 T   mem=True nz=True ynz=True cond=True claim_agree=True upper=2090.90403924  CERT
362790888,0,1 RHO mem=True nz=True ynz=True cond=True claim_agree=True upper=0.913814076006  CERT
362790888,0,1 T   mem=True nz=True ynz=True cond=True claim_agree=True upper=2272.60054729  CERT
409813635,0,1 RHO mem=True nz=True ynz=True cond=True claim_agree=True upper=0.908020360305  CERT
409813635,0,1 T   mem=True nz=True ynz=True cond=True claim_agree=True upper=1889.12549600  CERT
409941374,0,1 RHO mem=True nz=True ynz=True cond=True claim_agree=True upper=0.931802639201  CERT
409941374,0,1 T   mem=True nz=True ynz=True cond=True claim_agree=True upper=2300.71131293  CERT
477966646,0,1 RHO mem=True nz=True ynz=True cond=True claim_agree=True upper=0.894096705005  CERT
477966646,0,1 T   mem=True nz=True ynz=True cond=True claim_agree=True upper=2236.95098577  CERT
522373771,0,1 RHO mem=True nz=True ynz=True cond=True claim_agree=True upper=0.896939037943  CERT
522373771,0,1 T   mem=True nz=True ynz=True cond=True claim_agree=True upper=1782.77070520  CERT
590399043,0,1 RHO mem=True nz=True ynz=True cond=True claim_agree=True upper=0.907572021188  CERT
590399043,0,1 T   mem=True nz=True ynz=True cond=True claim_agree=True upper=2330.26001383  CERT
590526782,0,1 RHO mem=True nz=True ynz=True cond=True claim_agree=True upper=0.877150373195  CERT
590526782,0,1 T   mem=True nz=True ynz=True cond=True claim_agree=True upper=1789.52451052  CERT
637549529,0,1 RHO mem=True nz=True ynz=True cond=True claim_agree=True upper=0.913928382770  CERT
637549529,0,1 T   mem=True nz=True ynz=True cond=True claim_agree=True upper=2287.26223021  CERT
707736776,0,1 RHO mem=True nz=True ynz=True cond=True claim_agree=True upper=0.936210850592  CERT
707736776,0,1 T   mem=True nz=True ynz=True cond=True claim_agree=True upper=2267.76239943  CERT
713047116,0,1 RHO mem=True nz=True ynz=True cond=True claim_agree=True upper=0.920275816224  CERT
713047116,0,1 T   mem=True nz=True ynz=True cond=True claim_agree=True upper=2618.28000983  CERT
714970733,0,1 RHO mem=True nz=True ynz=True cond=True claim_agree=True upper=0.920275816224  CERT
714970733,0,1 T   mem=True nz=True ynz=True cond=True claim_agree=True upper=3126.87789375  CERT
716110691,0,1 RHO mem=True nz=True ynz=True cond=True claim_agree=True upper=0.867885764615  CERT
716110691,0,1 T   mem=True nz=True ynz=True cond=True claim_agree=True upper=2291.90500245  CERT
727399837,0,1 RHO mem=True nz=True ynz=True cond=True claim_agree=True upper=0.892754653933  CERT
727399837,0,1 T   mem=True nz=True ynz=True cond=True claim_agree=True upper=1977.96895584  CERT
731787618,0,1 RHO mem=True nz=True ynz=True cond=True claim_agree=True upper=0.941231154416  CERT
731787618,0,1 T   mem=True nz=True ynz=True cond=True claim_agree=True upper=2080.69557507  CERT
732939266,0,1 RHO mem=True nz=True ynz=True cond=True claim_agree=True upper=0.951090234538  CERT
732939266,0,1 T   mem=True nz=True ynz=True cond=True claim_agree=True upper=2123.33200430  CERT
739248834,0,1 RHO mem=True nz=True ynz=True cond=True claim_agree=True upper=0.896939037943  CERT
739248834,0,1 T   mem=True nz=True ynz=True cond=True claim_agree=True upper=2152.95820039  CERT
763236704,0,1 RHO mem=True nz=True ynz=True cond=True claim_agree=True upper=0.908020360305  CERT
763236704,0,1 T   mem=True nz=True ynz=True cond=True claim_agree=True upper=1938.47976716  CERT
887349432,0,1 RHO mem=True nz=True ynz=True cond=True claim_agree=True upper=0.907572021188  CERT
887349432,0,1 T   mem=True nz=True ynz=True cond=True claim_agree=True upper=2089.02370884  CERT
888725980,0,1 RHO mem=True nz=True ynz=True cond=True claim_agree=True upper=0.913814076006  CERT
888725980,0,1 T   mem=True nz=True ynz=True cond=True claim_agree=True upper=1823.99667470  CERT
999630328,0,1 RHO mem=True nz=True ynz=True cond=True claim_agree=True upper=0.951090234538  CERT
999630328,0,1 T   mem=True nz=True ynz=True cond=True claim_agree=True upper=2199.63955775  CERT
FAMILY VERIFY n=7 l=1000340417 : EXCLUDED (components certified 32 / 32 ; lines 64 ; failed lines 0)
FAMILY VERIFY PASS
