FACTORIZATION: 32 irreducible factors of degree 2 over F_1000850881: OK
42458362,0,1 RHO mem=True nz=True ynz=True cond=True claim_agree=True upper=0.925148906728  CERT
42458362,0,1 T   mem=True nz=True ynz=True cond=True claim_agree=True upper=2174.32127295  CERT
73469170,0,1 RHO mem=True nz=True ynz=True cond=True claim_agree=True upper=0.955939490051  CERT
73469170,0,1 T   mem=True nz=True ynz=True cond=True claim_agree=True upper=2723.54648041  CERT
98143104,0,1 RHO mem=True nz=True ynz=True cond=True claim_agree=True upper=0.950700832860  CERT
98143104,0,1 T   mem=True nz=True ynz=True cond=True claim_agree=True upper=2881.37339110  CERT
121388181,0,1 RHO mem=True nz=True ynz=True cond=True claim_agree=True upper=0.932982905540  CERT
121388181,0,1 T   mem=True nz=True ynz=True cond=True claim_agree=True upper=1935.65072799  CERT
146534504,0,1 RHO mem=True nz=True ynz=True cond=True claim_agree=True upper=0.969442153218  CERT
146534504,0,1 T   mem=True nz=True ynz=True cond=True claim_agree=True upper=2323.69993595  CERT
166038735,0,1 RHO mem=True nz=True ynz=True cond=True claim_agree=True upper=0.969442153218  CERT
166038735,0,1 T   mem=True nz=True ynz=True cond=True claim_agree=True upper=2999.50542680  CERT
192007252,0,1 RHO mem=True nz=True ynz=True cond=True claim_agree=True upper=0.929872921665  CERT
192007252,0,1 T   mem=True nz=True ynz=True cond=True claim_agree=True upper=2283.55402261  CERT
201718477,0,1 RHO mem=True nz=True ynz=True cond=True claim_agree=True upper=0.956603537319  CERT
201718477,0,1 T   mem=True nz=True ynz=True cond=True claim_agree=True upper=2802.49530426  CERT
244751252,0,1 RHO mem=True nz=True ynz=True cond=True claim_agree=True upper=0.929872921665  CERT
244751252,0,1 T   mem=True nz=True ynz=True cond=True claim_agree=True upper=2512.26460867  CERT
269362289,0,1 RHO mem=True nz=True ynz=True cond=True claim_agree=True upper=0.930442216083  CERT
269362289,0,1 T   mem=True nz=True ynz=True cond=True claim_agree=True upper=2174.72961837  CERT
287568252,0,1 RHO mem=True nz=True ynz=True cond=True claim_agree=True upper=0.950700832860  CERT
287568252,0,1 T   mem=True nz=True ynz=True cond=True claim_agree=True upper=2519.44847544  CERT
428997147,0,1 RHO mem=True nz=True ynz=True cond=True claim_agree=True upper=0.955939490051  CERT
428997147,0,1 T   mem=True nz=True ynz=True cond=True claim_agree=True upper=2562.28431972  CERT
432656565,0,1 RHO mem=True nz=True ynz=True cond=True claim_agree=True upper=0.975607531573  CERT
432656565,0,1 T   mem=True nz=True ynz=True cond=True claim_agree=True upper=2434.77102987  CERT
448274572,0,1 RHO mem=True nz=True ynz=True cond=True claim_agree=True upper=0.925148906728  CERT
448274572,0,1 T   mem=True nz=True ynz=True cond=True claim_agree=True upper=2840.98130596  CERT
464023683,0,1 RHO mem=True nz=True ynz=True cond=True claim_agree=True upper=0.928685092482  CERT
464023683,0,1 T   mem=True nz=True ynz=True cond=True claim_agree=True upper=2937.83711196  CERT
489219467,0,1 RHO mem=True nz=True ynz=True cond=True claim_agree=True upper=0.959336063200  CERT
489219467,0,1 T   mem=True nz=True ynz=True cond=True claim_agree=True upper=3109.39068211  CERT
511631414,0,1 RHO mem=True nz=True ynz=True cond=True claim_agree=True upper=0.930442216083  CERT
511631414,0,1 T   mem=True nz=True ynz=True cond=True claim_agree=True upper=2956.19662501  CERT
536827198,0,1 RHO mem=True nz=True ynz=True cond=True claim_agree=True upper=0.932982905540  CERT
536827198,0,1 T   mem=True nz=True ynz=True cond=True claim_agree=True upper=2655.16197936  CERT
552576309,0,1 RHO mem=True nz=True ynz=True cond=True claim_agree=True upper=0.945747307899  CERT
552576309,0,1 T   mem=True nz=True ynz=True cond=True claim_agree=True upper=2105.32672515  CERT
568194316,0,1 RHO mem=True nz=True ynz=True cond=True claim_agree=True upper=0.956603537319  CERT
568194316,0,1 T   mem=True nz=True ynz=True cond=True claim_agree=True upper=2266.21575910  CERT
571853734,0,1 RHO mem=True nz=True ynz=True cond=True claim_agree=True upper=0.872279370048  CERT
571853734,0,1 T   mem=True nz=True ynz=True cond=True claim_agree=True upper=1597.61504098  CERT
713282629,0,1 RHO mem=True nz=True ynz=True cond=True claim_agree=True upper=0.936218281885  CERT
713282629,0,1 T   mem=True nz=True ynz=True cond=True claim_agree=True upper=2432.66046244  CERT
731488592,0,1 RHO mem=True nz=True ynz=True cond=True claim_agree=True upper=0.959336063200  CERT
731488592,0,1 T   mem=True nz=True ynz=True cond=True claim_agree=True upper=2862.89576913  CERT
756099629,0,1 RHO mem=True nz=True ynz=True cond=True claim_agree=True upper=0.950483909696  CERT
756099629,0,1 T   mem=True nz=True ynz=True cond=True claim_agree=True upper=2247.11666740  CERT
799132404,0,1 RHO mem=True nz=True ynz=True cond=True claim_agree=True upper=0.975607531573  CERT
799132404,0,1 T   mem=True nz=True ynz=True cond=True claim_agree=True upper=2980.91644102  CERT
808843629,0,1 RHO mem=True nz=True ynz=True cond=True claim_agree=True upper=0.950483909696  CERT
808843629,0,1 T   mem=True nz=True ynz=True cond=True claim_agree=True upper=2781.26700384  CERT
834812146,0,1 RHO mem=True nz=True ynz=True cond=True claim_agree=True upper=0.956673012794  CERT
834812146,0,1 T   mem=True nz=True ynz=True cond=True claim_agree=True upper=2677.73353560  CERT
854316377,0,1 RHO mem=True nz=True ynz=True cond=True claim_agree=True upper=0.956673012794  CERT
854316377,0,1 T   mem=True nz=True ynz=True cond=True claim_agree=True upper=2802.00036902  CERT
879462700,0,1 RHO mem=True nz=True ynz=True cond=True claim_agree=True upper=0.928685092482  CERT
879462700,0,1 T   mem=True nz=True ynz=True cond=True claim_agree=True upper=2455.76216101  CERT
902707777,0,1 RHO mem=True nz=True ynz=True cond=True claim_agree=True upper=0.936218281885  CERT
902707777,0,1 T   mem=True nz=True ynz=True cond=True claim_agree=True upper=2460.12757116  CERT
927381711,0,1 RHO mem=True nz=True ynz=True cond=True claim_agree=True upper=0.872279370048  CERT
927381711,0,1 T   mem=True nz=True ynz=True cond=True claim_agree=True upper=2228.22303037  CERT
958392519,0,1 RHO mem=True nz=True ynz=True cond=True claim_agree=True upper=0.945747307899  CERT
958392519,0,1 T   mem=True nz=True ynz=True cond=True claim_agree=True upper=3040.03501523  CERT
FAMILY VERIFY n=7 l=1000850881 : EXCLUDED (components certified 32 / 32 ; lines 64 ; failed lines 0)
FAMILY VERIFY PASS
