FACTORIZATION: 32 irreducible factors of degree 2 over F_1000986817: OK
14754195,0,1 RHO mem=True nz=True ynz=True cond=True claim_agree=True upper=0.950015663246  CERT
14754195,0,1 T   mem=True nz=True ynz=True cond=True claim_agree=True upper=2430.78119109  CERT
27607795,0,1 RHO mem=True nz=True ynz=True cond=True claim_agree=True upper=0.930458979292  CERT
27607795,0,1 T   mem=True nz=True ynz=True cond=True claim_agree=True upper=1719.99316090  CERT
71761257,0,1 RHO mem=True nz=True ynz=True cond=True claim_agree=True upper=0.954429041856  CERT
71761257,0,1 T   mem=True nz=True ynz=True cond=True claim_agree=True upper=2592.78088153  CERT
99617448,0,1 RHO mem=True nz=True ynz=True cond=True claim_agree=True upper=0.938636668482  CERT
99617448,0,1 T   mem=True nz=True ynz=True cond=True claim_agree=True upper=2561.71127933  CERT
160744055,0,1 RHO mem=True nz=True ynz=True cond=True claim_agree=True upper=0.976644776510  CERT
160744055,0,1 T   mem=True nz=True ynz=True cond=True claim_agree=True upper=2857.87342833  CERT
202787635,0,1 RHO mem=True nz=True ynz=True cond=True claim_agree=True upper=0.962871146988  CERT
202787635,0,1 T   mem=True nz=True ynz=True cond=True claim_agree=True upper=2450.71016765  CERT
227253753,0,1 RHO mem=True nz=True ynz=True cond=True claim_agree=True upper=0.926256447582  CERT
227253753,0,1 T   mem=True nz=True ynz=True cond=True claim_agree=True upper=2610.55122403  CERT
284869041,0,1 RHO mem=True nz=True ynz=True cond=True claim_agree=True upper=0.976644776510  CERT
284869041,0,1 T   mem=True nz=True ynz=True cond=True claim_agree=True upper=2099.90143533  CERT
330039184,0,1 RHO mem=True nz=True ynz=True cond=True claim_agree=True upper=0.958384715368  CERT
330039184,0,1 T   mem=True nz=True ynz=True cond=True claim_agree=True upper=3093.35113769  CERT
362356405,0,1 RHO mem=True nz=True ynz=True cond=True claim_agree=True upper=0.971017607981  CERT
362356405,0,1 T   mem=True nz=True ynz=True cond=True claim_agree=True upper=2473.39043968  CERT
388567302,0,1 RHO mem=True nz=True ynz=True cond=True claim_agree=True upper=0.937674771799  CERT
388567302,0,1 T   mem=True nz=True ynz=True cond=True claim_agree=True upper=2835.16304710  CERT
418430705,0,1 RHO mem=True nz=True ynz=True cond=True claim_agree=True upper=0.950015663246  CERT
418430705,0,1 T   mem=True nz=True ynz=True cond=True claim_agree=True upper=2271.48573415  CERT
422537871,0,1 RHO mem=True nz=True ynz=True cond=True claim_agree=True upper=0.971017607981  CERT
422537871,0,1 T   mem=True nz=True ynz=True cond=True claim_agree=True upper=3035.83072348  CERT
467024886,0,1 RHO mem=True nz=True ynz=True cond=True claim_agree=True upper=0.954429041856  CERT
467024886,0,1 T   mem=True nz=True ynz=True cond=True claim_agree=True upper=3183.27490562  CERT
487539891,0,1 RHO mem=True nz=True ynz=True cond=True claim_agree=True upper=0.930458979292  CERT
487539891,0,1 T   mem=True nz=True ynz=True cond=True claim_agree=True upper=2426.49871867  CERT
490466274,0,1 RHO mem=True nz=True ynz=True cond=True claim_agree=True upper=0.965427184233  CERT
490466274,0,1 T   mem=True nz=True ynz=True cond=True claim_agree=True upper=2171.16947376  CERT
510520543,0,1 RHO mem=True nz=True ynz=True cond=True claim_agree=True upper=0.926256447582  CERT
510520543,0,1 T   mem=True nz=True ynz=True cond=True claim_agree=True upper=2206.32259659  CERT
513446926,0,1 RHO mem=True nz=True ynz=True cond=True claim_agree=True upper=0.970049929989  CERT
513446926,0,1 T   mem=True nz=True ynz=True cond=True claim_agree=True upper=2663.26177690  CERT
533961931,0,1 RHO mem=True nz=True ynz=True cond=True claim_agree=True upper=0.950907737715  CERT
533961931,0,1 T   mem=True nz=True ynz=True cond=True claim_agree=True upper=2590.82540437  CERT
578448946,0,1 RHO mem=True nz=True ynz=True cond=True claim_agree=True upper=0.964483661640  CERT
578448946,0,1 T   mem=True nz=True ynz=True cond=True claim_agree=True upper=2887.90749411  CERT
582556112,0,1 RHO mem=True nz=True ynz=True cond=True claim_agree=True upper=0.957485654481  CERT
582556112,0,1 T   mem=True nz=True ynz=True cond=True claim_agree=True upper=2609.27171923  CERT
612419515,0,1 RHO mem=True nz=True ynz=True cond=True claim_agree=True upper=0.962871146988  CERT
612419515,0,1 T   mem=True nz=True ynz=True cond=True claim_agree=True upper=2198.14513702  CERT
638630412,0,1 RHO mem=True nz=True ynz=True cond=True claim_agree=True upper=0.964483661640  CERT
638630412,0,1 T   mem=True nz=True ynz=True cond=True claim_agree=True upper=2457.61332549  CERT
670947633,0,1 RHO mem=True nz=True ynz=True cond=True claim_agree=True upper=0.938636668482  CERT
670947633,0,1 T   mem=True nz=True ynz=True cond=True claim_agree=True upper=2375.74424925  CERT
716117776,0,1 RHO mem=True nz=True ynz=True cond=True claim_agree=True upper=0.961875327397  CERT
716117776,0,1 T   mem=True nz=True ynz=True cond=True claim_agree=True upper=2724.98579358  CERT
773733064,0,1 RHO mem=True nz=True ynz=True cond=True claim_agree=True upper=0.965427184233  CERT
773733064,0,1 T   mem=True nz=True ynz=True cond=True claim_agree=True upper=1887.95845009  CERT
798199182,0,1 RHO mem=True nz=True ynz=True cond=True claim_agree=True upper=0.937674771799  CERT
798199182,0,1 T   mem=True nz=True ynz=True cond=True claim_agree=True upper=2388.40743493  CERT
840242762,0,1 RHO mem=True nz=True ynz=True cond=True claim_agree=True upper=0.961875327397  CERT
840242762,0,1 T   mem=True nz=True ynz=True cond=True claim_agree=True upper=2136.44185697  CERT
901369369,0,1 RHO mem=True nz=True ynz=True cond=True claim_agree=True upper=0.958384715368  CERT
901369369,0,1 T   mem=True nz=True ynz=True cond=True claim_agree=True upper=2570.90180346  CERT
929225560,0,1 RHO mem=True nz=True ynz=True cond=True claim_agree=True upper=0.950907737715  CERT
929225560,0,1 T   mem=True nz=True ynz=True cond=True claim_agree=True upper=2105.13436178  CERT
973379022,0,1 RHO mem=True nz=True ynz=True cond=True claim_agree=True upper=0.970049929989  CERT
973379022,0,1 T   mem=True nz=True ynz=True cond=True claim_agree=True upper=2395.42480208  CERT
986232622,0,1 RHO mem=True nz=True ynz=True cond=True claim_agree=True upper=0.957485654481  CERT
986232622,0,1 T   mem=True nz=True ynz=True cond=True claim_agree=True upper=2004.54651944  CERT
FAMILY VERIFY n=7 l=1000986817 : EXCLUDED (components certified 32 / 32 ; lines 64 ; failed lines 0)
FAMILY VERIFY PASS
