FACTORIZATION: 32 irreducible factors of degree 2 over F_1000387777: OK
30297701,0,1 RHO mem=True nz=True ynz=True cond=True claim_agree=True upper=0.918200843588  CERT
30297701,0,1 T   mem=True nz=True ynz=True cond=True claim_agree=True upper=2023.54559920  CERT
108652772,0,1 RHO mem=True nz=True ynz=True cond=True claim_agree=True upper=0.884138158566  CERT
108652772,0,1 T   mem=True nz=True ynz=True cond=True claim_agree=True upper=1669.50995207  CERT
115647321,0,1 RHO mem=True nz=True ynz=True cond=True claim_agree=True upper=0.929948672636  CERT
115647321,0,1 T   mem=True nz=True ynz=True cond=True claim_agree=True upper=2548.35846393  CERT
118420734,0,1 RHO mem=True nz=True ynz=True cond=True claim_agree=True upper=0.956840050565  CERT
118420734,0,1 T   mem=True nz=True ynz=True cond=True claim_agree=True upper=2305.42599075  CERT
156242480,0,1 RHO mem=True nz=True ynz=True cond=True claim_agree=True upper=0.963083174187  CERT
156242480,0,1 T   mem=True nz=True ynz=True cond=True claim_agree=True upper=2348.32708264  CERT
187488785,0,1 RHO mem=True nz=True ynz=True cond=True claim_agree=True upper=0.921671229165  CERT
187488785,0,1 T   mem=True nz=True ynz=True cond=True claim_agree=True upper=1796.41513151  CERT
192782676,0,1 RHO mem=True nz=True ynz=True cond=True claim_agree=True upper=0.944826132564  CERT
192782676,0,1 T   mem=True nz=True ynz=True cond=True claim_agree=True upper=2789.19631287  CERT
199090393,0,1 RHO mem=True nz=True ynz=True cond=True claim_agree=True upper=0.933761648356  CERT
199090393,0,1 T   mem=True nz=True ynz=True cond=True claim_agree=True upper=2431.01701691  CERT
224559609,0,1 RHO mem=True nz=True ynz=True cond=True claim_agree=True upper=0.936618060767  CERT
224559609,0,1 T   mem=True nz=True ynz=True cond=True claim_agree=True upper=2444.04566552  CERT
228870323,0,1 RHO mem=True nz=True ynz=True cond=True claim_agree=True upper=0.909098424963  CERT
228870323,0,1 T   mem=True nz=True ynz=True cond=True claim_agree=True upper=2235.18635563  CERT
297923669,0,1 RHO mem=True nz=True ynz=True cond=True claim_agree=True upper=0.944826132564  CERT
297923669,0,1 T   mem=True nz=True ynz=True cond=True claim_agree=True upper=2330.14804183  CERT
335430680,0,1 RHO mem=True nz=True ynz=True cond=True claim_agree=True upper=0.964110686181  CERT
335430680,0,1 T   mem=True nz=True ynz=True cond=True claim_agree=True upper=2681.38099717  CERT
396577944,0,1 RHO mem=True nz=True ynz=True cond=True claim_agree=True upper=0.929948672636  CERT
396577944,0,1 T   mem=True nz=True ynz=True cond=True claim_agree=True upper=2284.41987552  CERT
417287768,0,1 RHO mem=True nz=True ynz=True cond=True claim_agree=True upper=0.906898025544  CERT
417287768,0,1 T   mem=True nz=True ynz=True cond=True claim_agree=True upper=2365.75579464  CERT
448372426,0,1 RHO mem=True nz=True ynz=True cond=True claim_agree=True upper=0.884138158566  CERT
448372426,0,1 T   mem=True nz=True ynz=True cond=True claim_agree=True upper=1770.39382097  CERT
479423584,0,1 RHO mem=True nz=True ynz=True cond=True claim_agree=True upper=0.979998964711  CERT
479423584,0,1 T   mem=True nz=True ynz=True cond=True claim_agree=True upper=2363.32736103  CERT
520964193,0,1 RHO mem=True nz=True ynz=True cond=True claim_agree=True upper=0.936618060767  CERT
520964193,0,1 T   mem=True nz=True ynz=True cond=True claim_agree=True upper=1875.17446871  CERT
552015351,0,1 RHO mem=True nz=True ynz=True cond=True claim_agree=True upper=0.980781473102  CERT
552015351,0,1 T   mem=True nz=True ynz=True cond=True claim_agree=True upper=2660.62262711  CERT
583100009,0,1 RHO mem=True nz=True ynz=True cond=True claim_agree=True upper=0.956840050565  CERT
583100009,0,1 T   mem=True nz=True ynz=True cond=True claim_agree=True upper=2471.23633129  CERT
603809833,0,1 RHO mem=True nz=True ynz=True cond=True claim_agree=True upper=0.949166337622  CERT
603809833,0,1 T   mem=True nz=True ynz=True cond=True claim_agree=True upper=2122.46860275  CERT
664957097,0,1 RHO mem=True nz=True ynz=True cond=True claim_agree=True upper=0.921671229165  CERT
664957097,0,1 T   mem=True nz=True ynz=True cond=True claim_agree=True upper=1727.50368326  CERT
702464108,0,1 RHO mem=True nz=True ynz=True cond=True claim_agree=True upper=0.957768558786  CERT
702464108,0,1 T   mem=True nz=True ynz=True cond=True claim_agree=True upper=2480.62188255  CERT
771517454,0,1 RHO mem=True nz=True ynz=True cond=True claim_agree=True upper=0.933761648356  CERT
771517454,0,1 T   mem=True nz=True ynz=True cond=True claim_agree=True upper=1971.73039231  CERT
775828168,0,1 RHO mem=True nz=True ynz=True cond=True claim_agree=True upper=0.979998964711  CERT
775828168,0,1 T   mem=True nz=True ynz=True cond=True claim_agree=True upper=2572.47868690  CERT
801297384,0,1 RHO mem=True nz=True ynz=True cond=True claim_agree=True upper=0.909098424963  CERT
801297384,0,1 T   mem=True nz=True ynz=True cond=True claim_agree=True upper=2284.96922241  CERT
807605101,0,1 RHO mem=True nz=True ynz=True cond=True claim_agree=True upper=0.957768558786  CERT
807605101,0,1 T   mem=True nz=True ynz=True cond=True claim_agree=True upper=2688.31822994  CERT
812898992,0,1 RHO mem=True nz=True ynz=True cond=True claim_agree=True upper=0.964110686181  CERT
812898992,0,1 T   mem=True nz=True ynz=True cond=True claim_agree=True upper=2050.92460106  CERT
844145297,0,1 RHO mem=True nz=True ynz=True cond=True claim_agree=True upper=0.918200843588  CERT
844145297,0,1 T   mem=True nz=True ynz=True cond=True claim_agree=True upper=2269.24556888  CERT
881967043,0,1 RHO mem=True nz=True ynz=True cond=True claim_agree=True upper=0.906898025544  CERT
881967043,0,1 T   mem=True nz=True ynz=True cond=True claim_agree=True upper=2487.20534517  CERT
884740456,0,1 RHO mem=True nz=True ynz=True cond=True claim_agree=True upper=0.949166337622  CERT
884740456,0,1 T   mem=True nz=True ynz=True cond=True claim_agree=True upper=2495.99629967  CERT
891735005,0,1 RHO mem=True nz=True ynz=True cond=True claim_agree=True upper=0.980781473102  CERT
891735005,0,1 T   mem=True nz=True ynz=True cond=True claim_agree=True upper=2466.45328335  CERT
970090076,0,1 RHO mem=True nz=True ynz=True cond=True claim_agree=True upper=0.963083174187  CERT
970090076,0,1 T   mem=True nz=True ynz=True cond=True claim_agree=True upper=2378.05646611  CERT
FAMILY VERIFY n=7 l=1000387777 : EXCLUDED (components certified 32 / 32 ; lines 64 ; failed lines 0)
FAMILY VERIFY PASS
