FACTORIZATION: 32 irreducible factors of degree 2 over F_1000322753: OK
3844886,0,1 RHO mem=True nz=True ynz=True cond=True claim_agree=True upper=0.975016147567  CERT
3844886,0,1 T   mem=True nz=True ynz=True cond=True claim_agree=True upper=2671.33361809  CERT
10468003,0,1 RHO mem=True nz=True ynz=True cond=True claim_agree=True upper=0.939282757858  CERT
10468003,0,1 T   mem=True nz=True ynz=True cond=True claim_agree=True upper=2275.71055910  CERT
31564475,0,1 RHO mem=True nz=True ynz=True cond=True claim_agree=True upper=0.908099521628  CERT
31564475,0,1 T   mem=True nz=True ynz=True cond=True claim_agree=True upper=1582.63664628  CERT
47838684,0,1 RHO mem=True nz=True ynz=True cond=True claim_agree=True upper=0.930177478402  CERT
47838684,0,1 T   mem=True nz=True ynz=True cond=True claim_agree=True upper=2023.00517546  CERT
51228948,0,1 RHO mem=True nz=True ynz=True cond=True claim_agree=True upper=0.951820583973  CERT
51228948,0,1 T   mem=True nz=True ynz=True cond=True claim_agree=True upper=2435.29023804  CERT
85968754,0,1 RHO mem=True nz=True ynz=True cond=True claim_agree=True upper=0.918034836015  CERT
85968754,0,1 T   mem=True nz=True ynz=True cond=True claim_agree=True upper=1995.56881516  CERT
99784675,0,1 RHO mem=True nz=True ynz=True cond=True claim_agree=True upper=0.939694188575  CERT
99784675,0,1 T   mem=True nz=True ynz=True cond=True claim_agree=True upper=1686.55107882  CERT
138178099,0,1 RHO mem=True nz=True ynz=True cond=True claim_agree=True upper=0.939694188575  CERT
138178099,0,1 T   mem=True nz=True ynz=True cond=True claim_agree=True upper=1793.73532150  CERT
229591482,0,1 RHO mem=True nz=True ynz=True cond=True claim_agree=True upper=0.953683175869  CERT
229591482,0,1 T   mem=True nz=True ynz=True cond=True claim_agree=True upper=3181.14540733  CERT
251967340,0,1 RHO mem=True nz=True ynz=True cond=True claim_agree=True upper=0.914597271066  CERT
251967340,0,1 T   mem=True nz=True ynz=True cond=True claim_agree=True upper=2198.04608744  CERT
256596698,0,1 RHO mem=True nz=True ynz=True cond=True claim_agree=True upper=0.966819544450  CERT
256596698,0,1 T   mem=True nz=True ynz=True cond=True claim_agree=True upper=2268.58996830  CERT
273186424,0,1 RHO mem=True nz=True ynz=True cond=True claim_agree=True upper=0.953683175869  CERT
273186424,0,1 T   mem=True nz=True ynz=True cond=True claim_agree=True upper=2638.71121759  CERT
298014740,0,1 RHO mem=True nz=True ynz=True cond=True claim_agree=True upper=0.975016147567  CERT
298014740,0,1 T   mem=True nz=True ynz=True cond=True claim_agree=True upper=3042.43446188  CERT
442333164,0,1 RHO mem=True nz=True ynz=True cond=True claim_agree=True upper=0.919029083684  CERT
442333164,0,1 T   mem=True nz=True ynz=True cond=True claim_agree=True upper=1757.25839147  CERT
484003751,0,1 RHO mem=True nz=True ynz=True cond=True claim_agree=True upper=0.924391950540  CERT
484003751,0,1 T   mem=True nz=True ynz=True cond=True claim_agree=True upper=2079.85896001  CERT
488710620,0,1 RHO mem=True nz=True ynz=True cond=True claim_agree=True upper=0.924604815826  CERT
488710620,0,1 T   mem=True nz=True ynz=True cond=True claim_agree=True upper=2033.30584862  CERT
511612133,0,1 RHO mem=True nz=True ynz=True cond=True claim_agree=True upper=0.908099521628  CERT
511612133,0,1 T   mem=True nz=True ynz=True cond=True claim_agree=True upper=3377.98100325  CERT
516319002,0,1 RHO mem=True nz=True ynz=True cond=True claim_agree=True upper=0.939282757858  CERT
516319002,0,1 T   mem=True nz=True ynz=True cond=True claim_agree=True upper=2649.54733775  CERT
557989589,0,1 RHO mem=True nz=True ynz=True cond=True claim_agree=True upper=0.930177478402  CERT
557989589,0,1 T   mem=True nz=True ynz=True cond=True claim_agree=True upper=1838.68784094  CERT
702308013,0,1 RHO mem=True nz=True ynz=True cond=True claim_agree=True upper=0.925813291563  CERT
702308013,0,1 T   mem=True nz=True ynz=True cond=True claim_agree=True upper=2264.32295764  CERT
727136329,0,1 RHO mem=True nz=True ynz=True cond=True claim_agree=True upper=0.933855507104  CERT
727136329,0,1 T   mem=True nz=True ynz=True cond=True claim_agree=True upper=2388.48755948  CERT
743726055,0,1 RHO mem=True nz=True ynz=True cond=True claim_agree=True upper=0.918034836015  CERT
743726055,0,1 T   mem=True nz=True ynz=True cond=True claim_agree=True upper=1921.97832314  CERT
748355413,0,1 RHO mem=True nz=True ynz=True cond=True claim_agree=True upper=0.951820583973  CERT
748355413,0,1 T   mem=True nz=True ynz=True cond=True claim_agree=True upper=2920.02428242  CERT
770731271,0,1 RHO mem=True nz=True ynz=True cond=True claim_agree=True upper=0.933855507104  CERT
770731271,0,1 T   mem=True nz=True ynz=True cond=True claim_agree=True upper=2475.84781426  CERT
862144654,0,1 RHO mem=True nz=True ynz=True cond=True claim_agree=True upper=0.879490472595  CERT
862144654,0,1 T   mem=True nz=True ynz=True cond=True claim_agree=True upper=1648.54218689  CERT
900538078,0,1 RHO mem=True nz=True ynz=True cond=True claim_agree=True upper=0.879490472595  CERT
900538078,0,1 T   mem=True nz=True ynz=True cond=True claim_agree=True upper=3434.81213660  CERT
914353999,0,1 RHO mem=True nz=True ynz=True cond=True claim_agree=True upper=0.966819544450  CERT
914353999,0,1 T   mem=True nz=True ynz=True cond=True claim_agree=True upper=2366.29023762  CERT
949093805,0,1 RHO mem=True nz=True ynz=True cond=True claim_agree=True upper=0.914597271066  CERT
949093805,0,1 T   mem=True nz=True ynz=True cond=True claim_agree=True upper=2060.57509760  CERT
952484069,0,1 RHO mem=True nz=True ynz=True cond=True claim_agree=True upper=0.919029083684  CERT
952484069,0,1 T   mem=True nz=True ynz=True cond=True claim_agree=True upper=2445.54428049  CERT
968758278,0,1 RHO mem=True nz=True ynz=True cond=True claim_agree=True upper=0.924604815826  CERT
968758278,0,1 T   mem=True nz=True ynz=True cond=True claim_agree=True upper=2017.60873363  CERT
989854750,0,1 RHO mem=True nz=True ynz=True cond=True claim_agree=True upper=0.924391950540  CERT
989854750,0,1 T   mem=True nz=True ynz=True cond=True claim_agree=True upper=2182.46174288  CERT
996477867,0,1 RHO mem=True nz=True ynz=True cond=True claim_agree=True upper=0.925813291563  CERT
996477867,0,1 T   mem=True nz=True ynz=True cond=True claim_agree=True upper=1738.46938054  CERT
FAMILY VERIFY n=7 l=1000322753 : EXCLUDED (components certified 32 / 32 ; lines 64 ; failed lines 0)
FAMILY VERIFY PASS
