FACTORIZATION: 32 irreducible factors of degree 2 over F_1001071553: OK
29967342,0,1 RHO mem=True nz=True ynz=True cond=True claim_agree=True upper=0.961980352370  CERT
29967342,0,1 T   mem=True nz=True ynz=True cond=True claim_agree=True upper=2694.43940870  CERT
51869815,0,1 RHO mem=True nz=True ynz=True cond=True claim_agree=True upper=0.972106331347  CERT
51869815,0,1 T   mem=True nz=True ynz=True cond=True claim_agree=True upper=2545.90249790  CERT
95899286,0,1 RHO mem=True nz=True ynz=True cond=True claim_agree=True upper=0.973067690308  CERT
95899286,0,1 T   mem=True nz=True ynz=True cond=True claim_agree=True upper=2470.28185652  CERT
176136980,0,1 RHO mem=True nz=True ynz=True cond=True claim_agree=True upper=0.972188764715  CERT
176136980,0,1 T   mem=True nz=True ynz=True cond=True claim_agree=True upper=2483.33764934  CERT
178964148,0,1 RHO mem=True nz=True ynz=True cond=True claim_agree=True upper=0.972188764715  CERT
178964148,0,1 T   mem=True nz=True ynz=True cond=True claim_agree=True upper=3304.72831646  CERT
181325108,0,1 RHO mem=True nz=True ynz=True cond=True claim_agree=True upper=0.978738590202  CERT
181325108,0,1 T   mem=True nz=True ynz=True cond=True claim_agree=True upper=2848.41879221  CERT
195580136,0,1 RHO mem=True nz=True ynz=True cond=True claim_agree=True upper=0.964090608968  CERT
195580136,0,1 T   mem=True nz=True ynz=True cond=True claim_agree=True upper=2367.55513178  CERT
245343786,0,1 RHO mem=True nz=True ynz=True cond=True claim_agree=True upper=0.959314206583  CERT
245343786,0,1 T   mem=True nz=True ynz=True cond=True claim_agree=True upper=2477.27475534  CERT
307796146,0,1 RHO mem=True nz=True ynz=True cond=True claim_agree=True upper=0.973067690308  CERT
307796146,0,1 T   mem=True nz=True ynz=True cond=True claim_agree=True upper=2730.97369064  CERT
311652129,0,1 RHO mem=True nz=True ynz=True cond=True claim_agree=True upper=0.961980352370  CERT
311652129,0,1 T   mem=True nz=True ynz=True cond=True claim_agree=True upper=2165.98292908  CERT
332034308,0,1 RHO mem=True nz=True ynz=True cond=True claim_agree=True upper=0.972106331347  CERT
332034308,0,1 T   mem=True nz=True ynz=True cond=True claim_agree=True upper=2822.63613310  CERT
363712997,0,1 RHO mem=True nz=True ynz=True cond=True claim_agree=True upper=0.968340443661  CERT
363712997,0,1 T   mem=True nz=True ynz=True cond=True claim_agree=True upper=2423.35185757  CERT
383549766,0,1 RHO mem=True nz=True ynz=True cond=True claim_agree=True upper=0.978738590202  CERT
383549766,0,1 T   mem=True nz=True ynz=True cond=True claim_agree=True upper=2326.02739493  CERT
404973142,0,1 RHO mem=True nz=True ynz=True cond=True claim_agree=True upper=0.948637262272  CERT
404973142,0,1 T   mem=True nz=True ynz=True cond=True claim_agree=True upper=2608.35924071  CERT
436716700,0,1 RHO mem=True nz=True ynz=True cond=True claim_agree=True upper=0.983782582420  CERT
436716700,0,1 T   mem=True nz=True ynz=True cond=True claim_agree=True upper=2720.71593247  CERT
442355876,0,1 RHO mem=True nz=True ynz=True cond=True claim_agree=True upper=0.959314206583  CERT
442355876,0,1 T   mem=True nz=True ynz=True cond=True claim_agree=True upper=2497.15233760  CERT
558715677,0,1 RHO mem=True nz=True ynz=True cond=True claim_agree=True upper=0.968473221733  CERT
558715677,0,1 T   mem=True nz=True ynz=True cond=True claim_agree=True upper=2818.65641826  CERT
564354853,0,1 RHO mem=True nz=True ynz=True cond=True claim_agree=True upper=0.968340443661  CERT
564354853,0,1 T   mem=True nz=True ynz=True cond=True claim_agree=True upper=2384.03504846  CERT
596098411,0,1 RHO mem=True nz=True ynz=True cond=True claim_agree=True upper=0.964090608968  CERT
596098411,0,1 T   mem=True nz=True ynz=True cond=True claim_agree=True upper=2669.99367665  CERT
617521787,0,1 RHO mem=True nz=True ynz=True cond=True claim_agree=True upper=0.964525090270  CERT
617521787,0,1 T   mem=True nz=True ynz=True cond=True claim_agree=True upper=3181.65379422  CERT
637358556,0,1 RHO mem=True nz=True ynz=True cond=True claim_agree=True upper=0.983782582420  CERT
637358556,0,1 T   mem=True nz=True ynz=True cond=True claim_agree=True upper=2634.47524725  CERT
669037245,0,1 RHO mem=True nz=True ynz=True cond=True claim_agree=True upper=0.961635593127  CERT
669037245,0,1 T   mem=True nz=True ynz=True cond=True claim_agree=True upper=2602.27058502  CERT
689419424,0,1 RHO mem=True nz=True ynz=True cond=True claim_agree=True upper=0.970771758470  CERT
689419424,0,1 T   mem=True nz=True ynz=True cond=True claim_agree=True upper=2573.86458889  CERT
693275407,0,1 RHO mem=True nz=True ynz=True cond=True claim_agree=True upper=0.972106823388  CERT
693275407,0,1 T   mem=True nz=True ynz=True cond=True claim_agree=True upper=2627.14233001  CERT
755727767,0,1 RHO mem=True nz=True ynz=True cond=True claim_agree=True upper=0.968473221733  CERT
755727767,0,1 T   mem=True nz=True ynz=True cond=True claim_agree=True upper=2895.25233355  CERT
805491417,0,1 RHO mem=True nz=True ynz=True cond=True claim_agree=True upper=0.948637262272  CERT
805491417,0,1 T   mem=True nz=True ynz=True cond=True claim_agree=True upper=2451.15784241  CERT
819746445,0,1 RHO mem=True nz=True ynz=True cond=True claim_agree=True upper=0.964525090270  CERT
819746445,0,1 T   mem=True nz=True ynz=True cond=True claim_agree=True upper=2092.34474673  CERT
822107405,0,1 RHO mem=True nz=True ynz=True cond=True claim_agree=True upper=0.953690044674  CERT
822107405,0,1 T   mem=True nz=True ynz=True cond=True claim_agree=True upper=3405.92623499  CERT
824934573,0,1 RHO mem=True nz=True ynz=True cond=True claim_agree=True upper=0.953690044674  CERT
824934573,0,1 T   mem=True nz=True ynz=True cond=True claim_agree=True upper=2336.32597796  CERT
905172267,0,1 RHO mem=True nz=True ynz=True cond=True claim_agree=True upper=0.972106823388  CERT
905172267,0,1 T   mem=True nz=True ynz=True cond=True claim_agree=True upper=3196.45311422  CERT
949201738,0,1 RHO mem=True nz=True ynz=True cond=True claim_agree=True upper=0.961635593127  CERT
949201738,0,1 T   mem=True nz=True ynz=True cond=True claim_agree=True upper=2628.95716521  CERT
971104211,0,1 RHO mem=True nz=True ynz=True cond=True claim_agree=True upper=0.970771758470  CERT
971104211,0,1 T   mem=True nz=True ynz=True cond=True claim_agree=True upper=2429.38426645  CERT
FAMILY VERIFY n=7 l=1001071553 : EXCLUDED (components certified 32 / 32 ; lines 64 ; failed lines 0)
FAMILY VERIFY PASS
