FACTORIZATION: 32 irreducible factors of degree 2 over F_1000802113: OK
63222073,0,1 RHO mem=True nz=True ynz=True cond=True claim_agree=True upper=0.929361724752  CERT
63222073,0,1 T   mem=True nz=True ynz=True cond=True claim_agree=True upper=2861.49548597  CERT
83878666,0,1 RHO mem=True nz=True ynz=True cond=True claim_agree=True upper=0.929822799546  CERT
83878666,0,1 T   mem=True nz=True ynz=True cond=True claim_agree=True upper=2754.36066054  CERT
101794051,0,1 RHO mem=True nz=True ynz=True cond=True claim_agree=True upper=0.945146381853  CERT
101794051,0,1 T   mem=True nz=True ynz=True cond=True claim_agree=True upper=1923.38724038  CERT
136176607,0,1 RHO mem=True nz=True ynz=True cond=True claim_agree=True upper=0.948989758763  CERT
136176607,0,1 T   mem=True nz=True ynz=True cond=True claim_agree=True upper=2096.34933310  CERT
141556648,0,1 RHO mem=True nz=True ynz=True cond=True claim_agree=True upper=0.936568740146  CERT
141556648,0,1 T   mem=True nz=True ynz=True cond=True claim_agree=True upper=2618.27346739  CERT
193606303,0,1 RHO mem=True nz=True ynz=True cond=True claim_agree=True upper=0.907343287737  CERT
193606303,0,1 T   mem=True nz=True ynz=True cond=True claim_agree=True upper=2037.21043115  CERT
290126217,0,1 RHO mem=True nz=True ynz=True cond=True claim_agree=True upper=0.929361724752  CERT
290126217,0,1 T   mem=True nz=True ynz=True cond=True claim_agree=True upper=2859.99889359  CERT
300320715,0,1 RHO mem=True nz=True ynz=True cond=True claim_agree=True upper=0.935373042631  CERT
300320715,0,1 T   mem=True nz=True ynz=True cond=True claim_agree=True upper=3217.79905767  CERT
302952902,0,1 RHO mem=True nz=True ynz=True cond=True claim_agree=True upper=0.935622169075  CERT
302952902,0,1 T   mem=True nz=True ynz=True cond=True claim_agree=True upper=2000.28725578  CERT
313816608,0,1 RHO mem=True nz=True ynz=True cond=True claim_agree=True upper=0.935622169075  CERT
313816608,0,1 T   mem=True nz=True ynz=True cond=True claim_agree=True upper=2175.57506756  CERT
339790565,0,1 RHO mem=True nz=True ynz=True cond=True claim_agree=True upper=0.936568740146  CERT
339790565,0,1 T   mem=True nz=True ynz=True cond=True claim_agree=True upper=2462.59111392  CERT
370274026,0,1 RHO mem=True nz=True ynz=True cond=True claim_agree=True upper=0.934030115354  CERT
370274026,0,1 T   mem=True nz=True ynz=True cond=True claim_agree=True upper=2319.14434247  CERT
442290505,0,1 RHO mem=True nz=True ynz=True cond=True claim_agree=True upper=0.945146381853  CERT
442290505,0,1 T   mem=True nz=True ynz=True cond=True claim_agree=True upper=2861.68783442  CERT
461068749,0,1 RHO mem=True nz=True ynz=True cond=True claim_agree=True upper=0.935373042631  CERT
461068749,0,1 T   mem=True nz=True ynz=True cond=True claim_agree=True upper=3174.06530238  CERT
495667379,0,1 RHO mem=True nz=True ynz=True cond=True claim_agree=True upper=0.948989758763  CERT
495667379,0,1 T   mem=True nz=True ynz=True cond=True claim_agree=True upper=2078.77217941  CERT
496244720,0,1 RHO mem=True nz=True ynz=True cond=True claim_agree=True upper=0.934030115354  CERT
496244720,0,1 T   mem=True nz=True ynz=True cond=True claim_agree=True upper=2580.20139045  CERT
504557393,0,1 RHO mem=True nz=True ynz=True cond=True claim_agree=True upper=0.928320247086  CERT
504557393,0,1 T   mem=True nz=True ynz=True cond=True claim_agree=True upper=2778.78918828  CERT
505134734,0,1 RHO mem=True nz=True ynz=True cond=True claim_agree=True upper=0.883318356642  CERT
505134734,0,1 T   mem=True nz=True ynz=True cond=True claim_agree=True upper=2883.32863785  CERT
539733364,0,1 RHO mem=True nz=True ynz=True cond=True claim_agree=True upper=0.906172764724  CERT
539733364,0,1 T   mem=True nz=True ynz=True cond=True claim_agree=True upper=2420.73383575  CERT
558511608,0,1 RHO mem=True nz=True ynz=True cond=True claim_agree=True upper=0.913134051610  CERT
558511608,0,1 T   mem=True nz=True ynz=True cond=True claim_agree=True upper=2733.84219080  CERT
630528087,0,1 RHO mem=True nz=True ynz=True cond=True claim_agree=True upper=0.928320247086  CERT
630528087,0,1 T   mem=True nz=True ynz=True cond=True claim_agree=True upper=3529.76865042  CERT
661011548,0,1 RHO mem=True nz=True ynz=True cond=True claim_agree=True upper=0.892462939005  CERT
661011548,0,1 T   mem=True nz=True ynz=True cond=True claim_agree=True upper=2122.74455531  CERT
686985505,0,1 RHO mem=True nz=True ynz=True cond=True claim_agree=True upper=0.950024656707  CERT
686985505,0,1 T   mem=True nz=True ynz=True cond=True claim_agree=True upper=2452.26701703  CERT
697849211,0,1 RHO mem=True nz=True ynz=True cond=True claim_agree=True upper=0.950024656707  CERT
697849211,0,1 T   mem=True nz=True ynz=True cond=True claim_agree=True upper=2852.65130768  CERT
700481398,0,1 RHO mem=True nz=True ynz=True cond=True claim_agree=True upper=0.906172764724  CERT
700481398,0,1 T   mem=True nz=True ynz=True cond=True claim_agree=True upper=2462.79055840  CERT
710675896,0,1 RHO mem=True nz=True ynz=True cond=True claim_agree=True upper=0.915554229544  CERT
710675896,0,1 T   mem=True nz=True ynz=True cond=True claim_agree=True upper=2302.05230552  CERT
807195810,0,1 RHO mem=True nz=True ynz=True cond=True claim_agree=True upper=0.929822799546  CERT
807195810,0,1 T   mem=True nz=True ynz=True cond=True claim_agree=True upper=2507.44062953  CERT
859245465,0,1 RHO mem=True nz=True ynz=True cond=True claim_agree=True upper=0.892462939005  CERT
859245465,0,1 T   mem=True nz=True ynz=True cond=True claim_agree=True upper=3024.01449025  CERT
864625506,0,1 RHO mem=True nz=True ynz=True cond=True claim_agree=True upper=0.883318356642  CERT
864625506,0,1 T   mem=True nz=True ynz=True cond=True claim_agree=True upper=2260.60009374  CERT
899008062,0,1 RHO mem=True nz=True ynz=True cond=True claim_agree=True upper=0.913134051610  CERT
899008062,0,1 T   mem=True nz=True ynz=True cond=True claim_agree=True upper=2813.54819608  CERT
916923447,0,1 RHO mem=True nz=True ynz=True cond=True claim_agree=True upper=0.907343287737  CERT
916923447,0,1 T   mem=True nz=True ynz=True cond=True claim_agree=True upper=2518.58747055  CERT
937580040,0,1 RHO mem=True nz=True ynz=True cond=True claim_agree=True upper=0.915554229544  CERT
937580040,0,1 T   mem=True nz=True ynz=True cond=True claim_agree=True upper=1987.49139465  CERT
FAMILY VERIFY n=7 l=1000802113 : EXCLUDED (components certified 32 / 32 ; lines 64 ; failed lines 0)
FAMILY VERIFY PASS
