FACTORIZATION: 32 irreducible factors of degree 2 over F_1001034689: OK
37804536,0,1 RHO mem=True nz=True ynz=True cond=True claim_agree=True upper=0.923566347816  CERT
37804536,0,1 T   mem=True nz=True ynz=True cond=True claim_agree=True upper=1596.66621120  CERT
54431762,0,1 RHO mem=True nz=True ynz=True cond=True claim_agree=True upper=0.868037191378  CERT
54431762,0,1 T   mem=True nz=True ynz=True cond=True claim_agree=True upper=1261.47263605  CERT
135210804,0,1 RHO mem=True nz=True ynz=True cond=True claim_agree=True upper=0.862657439550  CERT
135210804,0,1 T   mem=True nz=True ynz=True cond=True claim_agree=True upper=2136.14612767  CERT
161735746,0,1 RHO mem=True nz=True ynz=True cond=True claim_agree=True upper=0.910931246397  CERT
161735746,0,1 T   mem=True nz=True ynz=True cond=True claim_agree=True upper=2271.81035349  CERT
162249050,0,1 RHO mem=True nz=True ynz=True cond=True claim_agree=True upper=0.906311515982  CERT
162249050,0,1 T   mem=True nz=True ynz=True cond=True claim_agree=True upper=1809.31790983  CERT
197428586,0,1 RHO mem=True nz=True ynz=True cond=True claim_agree=True upper=0.906311515982  CERT
197428586,0,1 T   mem=True nz=True ynz=True cond=True claim_agree=True upper=2793.92136696  CERT
213843496,0,1 RHO mem=True nz=True ynz=True cond=True claim_agree=True upper=0.925280695505  CERT
213843496,0,1 T   mem=True nz=True ynz=True cond=True claim_agree=True upper=2393.90894445  CERT
223302794,0,1 RHO mem=True nz=True ynz=True cond=True claim_agree=True upper=0.887050160638  CERT
223302794,0,1 T   mem=True nz=True ynz=True cond=True claim_agree=True upper=2388.65748430  CERT
238768520,0,1 RHO mem=True nz=True ynz=True cond=True claim_agree=True upper=0.883361949533  CERT
238768520,0,1 T   mem=True nz=True ynz=True cond=True claim_agree=True upper=2385.88994083  CERT
262791642,0,1 RHO mem=True nz=True ynz=True cond=True claim_agree=True upper=0.868037191378  CERT
262791642,0,1 T   mem=True nz=True ynz=True cond=True claim_agree=True upper=2159.62370091  CERT
349497900,0,1 RHO mem=True nz=True ynz=True cond=True claim_agree=True upper=0.909235358461  CERT
349497900,0,1 T   mem=True nz=True ynz=True cond=True claim_agree=True upper=2469.15979566  CERT
410013010,0,1 RHO mem=True nz=True ynz=True cond=True claim_agree=True upper=0.872937013632  CERT
410013010,0,1 T   mem=True nz=True ynz=True cond=True claim_agree=True upper=2484.54561429  CERT
411035307,0,1 RHO mem=True nz=True ynz=True cond=True claim_agree=True upper=0.909235358461  CERT
411035307,0,1 T   mem=True nz=True ynz=True cond=True claim_agree=True upper=1738.00035164  CERT
437468423,0,1 RHO mem=True nz=True ynz=True cond=True claim_agree=True upper=0.887050160638  CERT
437468423,0,1 T   mem=True nz=True ynz=True cond=True claim_agree=True upper=1428.48995313  CERT
440053710,0,1 RHO mem=True nz=True ynz=True cond=True claim_agree=True upper=0.923566347816  CERT
440053710,0,1 T   mem=True nz=True ynz=True cond=True claim_agree=True upper=2178.72712302  CERT
462170275,0,1 RHO mem=True nz=True ynz=True cond=True claim_agree=True upper=0.904554794709  CERT
462170275,0,1 T   mem=True nz=True ynz=True cond=True claim_agree=True upper=2443.08273149  CERT
538864414,0,1 RHO mem=True nz=True ynz=True cond=True claim_agree=True upper=0.872937013632  CERT
538864414,0,1 T   mem=True nz=True ynz=True cond=True claim_agree=True upper=1717.33782191  CERT
560980979,0,1 RHO mem=True nz=True ynz=True cond=True claim_agree=True upper=0.854994602051  CERT
560980979,0,1 T   mem=True nz=True ynz=True cond=True claim_agree=True upper=1963.63317024  CERT
563566266,0,1 RHO mem=True nz=True ynz=True cond=True claim_agree=True upper=0.904971299780  CERT
563566266,0,1 T   mem=True nz=True ynz=True cond=True claim_agree=True upper=1593.60877273  CERT
589999382,0,1 RHO mem=True nz=True ynz=True cond=True claim_agree=True upper=0.870244524854  CERT
589999382,0,1 T   mem=True nz=True ynz=True cond=True claim_agree=True upper=1374.97138383  CERT
591021679,0,1 RHO mem=True nz=True ynz=True cond=True claim_agree=True upper=0.904554794709  CERT
591021679,0,1 T   mem=True nz=True ynz=True cond=True claim_agree=True upper=2559.88127000  CERT
651536789,0,1 RHO mem=True nz=True ynz=True cond=True claim_agree=True upper=0.870244524854  CERT
651536789,0,1 T   mem=True nz=True ynz=True cond=True claim_agree=True upper=1906.36933167  CERT
738243047,0,1 RHO mem=True nz=True ynz=True cond=True claim_agree=True upper=0.896753001636  CERT
738243047,0,1 T   mem=True nz=True ynz=True cond=True claim_agree=True upper=1996.67577589  CERT
762266169,0,1 RHO mem=True nz=True ynz=True cond=True claim_agree=True upper=0.910931246397  CERT
762266169,0,1 T   mem=True nz=True ynz=True cond=True claim_agree=True upper=3206.74975089  CERT
777731895,0,1 RHO mem=True nz=True ynz=True cond=True claim_agree=True upper=0.904971299780  CERT
777731895,0,1 T   mem=True nz=True ynz=True cond=True claim_agree=True upper=2037.08199047  CERT
787191193,0,1 RHO mem=True nz=True ynz=True cond=True claim_agree=True upper=0.862657439550  CERT
787191193,0,1 T   mem=True nz=True ynz=True cond=True claim_agree=True upper=1509.67309641  CERT
803606103,0,1 RHO mem=True nz=True ynz=True cond=True claim_agree=True upper=0.878922960948  CERT
803606103,0,1 T   mem=True nz=True ynz=True cond=True claim_agree=True upper=2556.26266397  CERT
838785639,0,1 RHO mem=True nz=True ynz=True cond=True claim_agree=True upper=0.878922960948  CERT
838785639,0,1 T   mem=True nz=True ynz=True cond=True claim_agree=True upper=1747.12850477  CERT
839298943,0,1 RHO mem=True nz=True ynz=True cond=True claim_agree=True upper=0.883361949533  CERT
839298943,0,1 T   mem=True nz=True ynz=True cond=True claim_agree=True upper=1831.04678288  CERT
865823885,0,1 RHO mem=True nz=True ynz=True cond=True claim_agree=True upper=0.925280695505  CERT
865823885,0,1 T   mem=True nz=True ynz=True cond=True claim_agree=True upper=2016.48144299  CERT
946602927,0,1 RHO mem=True nz=True ynz=True cond=True claim_agree=True upper=0.896753001636  CERT
946602927,0,1 T   mem=True nz=True ynz=True cond=True claim_agree=True upper=1757.55788126  CERT
963230153,0,1 RHO mem=True nz=True ynz=True cond=True claim_agree=True upper=0.854994602051  CERT
963230153,0,1 T   mem=True nz=True ynz=True cond=True claim_agree=True upper=1453.06652010  CERT
FAMILY VERIFY n=7 l=1001034689 : EXCLUDED (components certified 32 / 32 ; lines 64 ; failed lines 0)
FAMILY VERIFY PASS
