FACTORIZATION: 32 irreducible factors of degree 2 over F_1001176513: OK
12453902,0,1 RHO mem=True nz=True ynz=True cond=True claim_agree=True upper=0.894754792245  CERT
12453902,0,1 T   mem=True nz=True ynz=True cond=True claim_agree=True upper=1515.71071122  CERT
20306225,0,1 RHO mem=True nz=True ynz=True cond=True claim_agree=True upper=0.962850075408  CERT
20306225,0,1 T   mem=True nz=True ynz=True cond=True claim_agree=True upper=2600.68001875  CERT
27009152,0,1 RHO mem=True nz=True ynz=True cond=True claim_agree=True upper=0.897125617986  CERT
27009152,0,1 T   mem=True nz=True ynz=True cond=True claim_agree=True upper=2410.75455225  CERT
42352415,0,1 RHO mem=True nz=True ynz=True cond=True claim_agree=True upper=0.894754792245  CERT
42352415,0,1 T   mem=True nz=True ynz=True cond=True claim_agree=True upper=1880.50461475  CERT
54943127,0,1 RHO mem=True nz=True ynz=True cond=True claim_agree=True upper=0.950024507865  CERT
54943127,0,1 T   mem=True nz=True ynz=True cond=True claim_agree=True upper=2405.50668668  CERT
100376830,0,1 RHO mem=True nz=True ynz=True cond=True claim_agree=True upper=0.919020809037  CERT
100376830,0,1 T   mem=True nz=True ynz=True cond=True claim_agree=True upper=2601.84412755  CERT
112207478,0,1 RHO mem=True nz=True ynz=True cond=True claim_agree=True upper=0.950024507865  CERT
112207478,0,1 T   mem=True nz=True ynz=True cond=True claim_agree=True upper=2555.33861561  CERT
172318721,0,1 RHO mem=True nz=True ynz=True cond=True claim_agree=True upper=0.899497785598  CERT
172318721,0,1 T   mem=True nz=True ynz=True cond=True claim_agree=True upper=1725.69897531  CERT
241190253,0,1 RHO mem=True nz=True ynz=True cond=True claim_agree=True upper=0.965498766324  CERT
241190253,0,1 T   mem=True nz=True ynz=True cond=True claim_agree=True upper=2159.56018911  CERT
245281444,0,1 RHO mem=True nz=True ynz=True cond=True claim_agree=True upper=0.952536914099  CERT
245281444,0,1 T   mem=True nz=True ynz=True cond=True claim_agree=True upper=2264.84060384  CERT
268685216,0,1 RHO mem=True nz=True ynz=True cond=True claim_agree=True upper=0.947075798836  CERT
268685216,0,1 T   mem=True nz=True ynz=True cond=True claim_agree=True upper=2305.91798635  CERT
286490580,0,1 RHO mem=True nz=True ynz=True cond=True claim_agree=True upper=0.919020809037  CERT
286490580,0,1 T   mem=True nz=True ynz=True cond=True claim_agree=True upper=2834.90365824  CERT
288244053,0,1 RHO mem=True nz=True ynz=True cond=True claim_agree=True upper=0.933322566905  CERT
288244053,0,1 T   mem=True nz=True ynz=True cond=True claim_agree=True upper=2132.38074836  CERT
430786374,0,1 RHO mem=True nz=True ynz=True cond=True claim_agree=True upper=0.952536914099  CERT
430786374,0,1 T   mem=True nz=True ynz=True cond=True claim_agree=True upper=2833.26922183  CERT
456819758,0,1 RHO mem=True nz=True ynz=True cond=True claim_agree=True upper=0.947075798836  CERT
456819758,0,1 T   mem=True nz=True ynz=True cond=True claim_agree=True upper=2612.54602178  CERT
464265343,0,1 RHO mem=True nz=True ynz=True cond=True claim_agree=True upper=0.962850075408  CERT
464265343,0,1 T   mem=True nz=True ynz=True cond=True claim_agree=True upper=2516.47755614  CERT
536911170,0,1 RHO mem=True nz=True ynz=True cond=True claim_agree=True upper=0.868583457224  CERT
536911170,0,1 T   mem=True nz=True ynz=True cond=True claim_agree=True upper=2786.77189066  CERT
544356755,0,1 RHO mem=True nz=True ynz=True cond=True claim_agree=True upper=0.890922819325  CERT
544356755,0,1 T   mem=True nz=True ynz=True cond=True claim_agree=True upper=2945.43163225  CERT
570390139,0,1 RHO mem=True nz=True ynz=True cond=True claim_agree=True upper=0.922500707809  CERT
570390139,0,1 T   mem=True nz=True ynz=True cond=True claim_agree=True upper=2426.94117545  CERT
712932460,0,1 RHO mem=True nz=True ynz=True cond=True claim_agree=True upper=0.899497785598  CERT
712932460,0,1 T   mem=True nz=True ynz=True cond=True claim_agree=True upper=2206.95794196  CERT
714685933,0,1 RHO mem=True nz=True ynz=True cond=True claim_agree=True upper=0.935863737244  CERT
714685933,0,1 T   mem=True nz=True ynz=True cond=True claim_agree=True upper=2571.12761433  CERT
732491297,0,1 RHO mem=True nz=True ynz=True cond=True claim_agree=True upper=0.890922819325  CERT
732491297,0,1 T   mem=True nz=True ynz=True cond=True claim_agree=True upper=2938.24186747  CERT
755895069,0,1 RHO mem=True nz=True ynz=True cond=True claim_agree=True upper=0.922500707809  CERT
755895069,0,1 T   mem=True nz=True ynz=True cond=True claim_agree=True upper=2170.60021207  CERT
759986260,0,1 RHO mem=True nz=True ynz=True cond=True claim_agree=True upper=0.897125617986  CERT
759986260,0,1 T   mem=True nz=True ynz=True cond=True claim_agree=True upper=2083.06387698  CERT
828857792,0,1 RHO mem=True nz=True ynz=True cond=True claim_agree=True upper=0.933322566905  CERT
828857792,0,1 T   mem=True nz=True ynz=True cond=True claim_agree=True upper=2134.36266075  CERT
888969035,0,1 RHO mem=True nz=True ynz=True cond=True claim_agree=True upper=0.898597904428  CERT
888969035,0,1 T   mem=True nz=True ynz=True cond=True claim_agree=True upper=2218.59144360  CERT
900799683,0,1 RHO mem=True nz=True ynz=True cond=True claim_agree=True upper=0.935863737244  CERT
900799683,0,1 T   mem=True nz=True ynz=True cond=True claim_agree=True upper=2721.18217299  CERT
946233386,0,1 RHO mem=True nz=True ynz=True cond=True claim_agree=True upper=0.898597904428  CERT
946233386,0,1 T   mem=True nz=True ynz=True cond=True claim_agree=True upper=1782.03519430  CERT
958824098,0,1 RHO mem=True nz=True ynz=True cond=True claim_agree=True upper=0.931902449239  CERT
958824098,0,1 T   mem=True nz=True ynz=True cond=True claim_agree=True upper=2540.39351924  CERT
974167361,0,1 RHO mem=True nz=True ynz=True cond=True claim_agree=True upper=0.965498766324  CERT
974167361,0,1 T   mem=True nz=True ynz=True cond=True claim_agree=True upper=2622.38345519  CERT
980870288,0,1 RHO mem=True nz=True ynz=True cond=True claim_agree=True upper=0.868583457224  CERT
980870288,0,1 T   mem=True nz=True ynz=True cond=True claim_agree=True upper=2335.17312620  CERT
988722611,0,1 RHO mem=True nz=True ynz=True cond=True claim_agree=True upper=0.931902449239  CERT
988722611,0,1 T   mem=True nz=True ynz=True cond=True claim_agree=True upper=1945.30077581  CERT
FAMILY VERIFY n=7 l=1001176513 : EXCLUDED (components certified 32 / 32 ; lines 64 ; failed lines 0)
FAMILY VERIFY PASS
