FACTORIZATION: 32 irreducible factors of degree 2 over F_1000284737: OK
5967610,0,1 RHO mem=True nz=True ynz=True cond=True claim_agree=True upper=0.949796422802  CERT
5967610,0,1 T   mem=True nz=True ynz=True cond=True claim_agree=True upper=2957.72864715  CERT
28400079,0,1 RHO mem=True nz=True ynz=True cond=True claim_agree=True upper=0.967689153420  CERT
28400079,0,1 T   mem=True nz=True ynz=True cond=True claim_agree=True upper=2662.42158183  CERT
62092291,0,1 RHO mem=True nz=True ynz=True cond=True claim_agree=True upper=0.967689153420  CERT
62092291,0,1 T   mem=True nz=True ynz=True cond=True claim_agree=True upper=2918.66309882  CERT
194524166,0,1 RHO mem=True nz=True ynz=True cond=True claim_agree=True upper=0.947568425736  CERT
194524166,0,1 T   mem=True nz=True ynz=True cond=True claim_agree=True upper=2229.25133618  CERT
194709881,0,1 RHO mem=True nz=True ynz=True cond=True claim_agree=True upper=0.970726448092  CERT
194709881,0,1 T   mem=True nz=True ynz=True cond=True claim_agree=True upper=3265.75929081  CERT
197924461,0,1 RHO mem=True nz=True ynz=True cond=True claim_agree=True upper=0.938663261777  CERT
197924461,0,1 T   mem=True nz=True ynz=True cond=True claim_agree=True upper=2522.99816223  CERT
281271686,0,1 RHO mem=True nz=True ynz=True cond=True claim_agree=True upper=0.972276672625  CERT
281271686,0,1 T   mem=True nz=True ynz=True cond=True claim_agree=True upper=2031.57211601  CERT
362941492,0,1 RHO mem=True nz=True ynz=True cond=True claim_agree=True upper=0.957375847898  CERT
362941492,0,1 T   mem=True nz=True ynz=True cond=True claim_agree=True upper=2213.62085488  CERT
364774938,0,1 RHO mem=True nz=True ynz=True cond=True claim_agree=True upper=0.951677986438  CERT
364774938,0,1 T   mem=True nz=True ynz=True cond=True claim_agree=True upper=2972.47270186  CERT
388187312,0,1 RHO mem=True nz=True ynz=True cond=True claim_agree=True upper=0.972296842070  CERT
388187312,0,1 T   mem=True nz=True ynz=True cond=True claim_agree=True upper=2130.37311808  CERT
408720029,0,1 RHO mem=True nz=True ynz=True cond=True claim_agree=True upper=0.938663261777  CERT
408720029,0,1 T   mem=True nz=True ynz=True cond=True claim_agree=True upper=2632.24829318  CERT
409515500,0,1 RHO mem=True nz=True ynz=True cond=True claim_agree=True upper=0.972276672625  CERT
409515500,0,1 T   mem=True nz=True ynz=True cond=True claim_agree=True upper=3367.25691658  CERT
447766946,0,1 RHO mem=True nz=True ynz=True cond=True claim_agree=True upper=0.964274027999  CERT
447766946,0,1 T   mem=True nz=True ynz=True cond=True claim_agree=True upper=2523.68946237  CERT
466068818,0,1 RHO mem=True nz=True ynz=True cond=True claim_agree=True upper=0.961514188221  CERT
466068818,0,1 T   mem=True nz=True ynz=True cond=True claim_agree=True upper=2114.61318751  CERT
497192795,0,1 RHO mem=True nz=True ynz=True cond=True claim_agree=True upper=0.983001826647  CERT
497192795,0,1 T   mem=True nz=True ynz=True cond=True claim_agree=True upper=2666.32901747  CERT
499041447,0,1 RHO mem=True nz=True ynz=True cond=True claim_agree=True upper=0.949796422802  CERT
499041447,0,1 T   mem=True nz=True ynz=True cond=True claim_agree=True upper=2163.37306504  CERT
501243290,0,1 RHO mem=True nz=True ynz=True cond=True claim_agree=True upper=0.997413985361  CERT
501243290,0,1 T   mem=True nz=True ynz=True cond=True claim_agree=True upper=3025.28169380  CERT
503091942,0,1 RHO mem=True nz=True ynz=True cond=True claim_agree=True upper=0.947568425736  CERT
503091942,0,1 T   mem=True nz=True ynz=True cond=True claim_agree=True upper=2910.16283516  CERT
534215919,0,1 RHO mem=True nz=True ynz=True cond=True claim_agree=True upper=0.957375847898  CERT
534215919,0,1 T   mem=True nz=True ynz=True cond=True claim_agree=True upper=2619.45707257  CERT
552517791,0,1 RHO mem=True nz=True ynz=True cond=True claim_agree=True upper=0.972296842070  CERT
552517791,0,1 T   mem=True nz=True ynz=True cond=True claim_agree=True upper=3684.04173194  CERT
590769237,0,1 RHO mem=True nz=True ynz=True cond=True claim_agree=True upper=0.933697790036  CERT
590769237,0,1 T   mem=True nz=True ynz=True cond=True claim_agree=True upper=2019.25508809  CERT
591564708,0,1 RHO mem=True nz=True ynz=True cond=True claim_agree=True upper=0.984089884230  CERT
591564708,0,1 T   mem=True nz=True ynz=True cond=True claim_agree=True upper=2565.60729923  CERT
612097425,0,1 RHO mem=True nz=True ynz=True cond=True claim_agree=True upper=0.964274027999  CERT
612097425,0,1 T   mem=True nz=True ynz=True cond=True claim_agree=True upper=2566.34309539  CERT
635509799,0,1 RHO mem=True nz=True ynz=True cond=True claim_agree=True upper=0.970726448092  CERT
635509799,0,1 T   mem=True nz=True ynz=True cond=True claim_agree=True upper=2841.67319940  CERT
637343245,0,1 RHO mem=True nz=True ynz=True cond=True claim_agree=True upper=0.961514188221  CERT
637343245,0,1 T   mem=True nz=True ynz=True cond=True claim_agree=True upper=2530.68720640  CERT
719013051,0,1 RHO mem=True nz=True ynz=True cond=True claim_agree=True upper=0.933697790036  CERT
719013051,0,1 T   mem=True nz=True ynz=True cond=True claim_agree=True upper=2246.18163498  CERT
802360276,0,1 RHO mem=True nz=True ynz=True cond=True claim_agree=True upper=0.984760986758  CERT
802360276,0,1 T   mem=True nz=True ynz=True cond=True claim_agree=True upper=3040.88794703  CERT
805574856,0,1 RHO mem=True nz=True ynz=True cond=True claim_agree=True upper=0.951677986438  CERT
805574856,0,1 T   mem=True nz=True ynz=True cond=True claim_agree=True upper=2398.95334334  CERT
805760571,0,1 RHO mem=True nz=True ynz=True cond=True claim_agree=True upper=0.983001826647  CERT
805760571,0,1 T   mem=True nz=True ynz=True cond=True claim_agree=True upper=2144.23443285  CERT
938192446,0,1 RHO mem=True nz=True ynz=True cond=True claim_agree=True upper=0.969664302238  CERT
938192446,0,1 T   mem=True nz=True ynz=True cond=True claim_agree=True upper=2520.00854577  CERT
971884658,0,1 RHO mem=True nz=True ynz=True cond=True claim_agree=True upper=0.969664302238  CERT
971884658,0,1 T   mem=True nz=True ynz=True cond=True claim_agree=True upper=2625.18223208  CERT
994317127,0,1 RHO mem=True nz=True ynz=True cond=True claim_agree=True upper=0.997413985361  CERT
994317127,0,1 T   mem=True nz=True ynz=True cond=True claim_agree=True upper=3262.42132746  CERT
FAMILY VERIFY n=7 l=1000284737 : EXCLUDED (components certified 32 / 32 ; lines 64 ; failed lines 0)
FAMILY VERIFY PASS
