FACTORIZATION: 32 irreducible factors of degree 2 over F_1000942913: OK
54690554,0,1 RHO mem=True nz=True ynz=True cond=True claim_agree=True upper=0.949511278629  CERT
54690554,0,1 T   mem=True nz=True ynz=True cond=True claim_agree=True upper=3401.16279014  CERT
71626441,0,1 RHO mem=True nz=True ynz=True cond=True claim_agree=True upper=0.931729486414  CERT
71626441,0,1 T   mem=True nz=True ynz=True cond=True claim_agree=True upper=2674.18942744  CERT
72096827,0,1 RHO mem=True nz=True ynz=True cond=True claim_agree=True upper=0.970688432748  CERT
72096827,0,1 T   mem=True nz=True ynz=True cond=True claim_agree=True upper=2556.74958526  CERT
130267964,0,1 RHO mem=True nz=True ynz=True cond=True claim_agree=True upper=0.964719250188  CERT
130267964,0,1 T   mem=True nz=True ynz=True cond=True claim_agree=True upper=3140.47917662  CERT
151523187,0,1 RHO mem=True nz=True ynz=True cond=True claim_agree=True upper=0.940723419559  CERT
151523187,0,1 T   mem=True nz=True ynz=True cond=True claim_agree=True upper=2642.98820985  CERT
153526547,0,1 RHO mem=True nz=True ynz=True cond=True claim_agree=True upper=0.954918267649  CERT
153526547,0,1 T   mem=True nz=True ynz=True cond=True claim_agree=True upper=2268.12960245  CERT
154510521,0,1 RHO mem=True nz=True ynz=True cond=True claim_agree=True upper=0.977451955758  CERT
154510521,0,1 T   mem=True nz=True ynz=True cond=True claim_agree=True upper=2353.60753071  CERT
178777117,0,1 RHO mem=True nz=True ynz=True cond=True claim_agree=True upper=0.949511278629  CERT
178777117,0,1 T   mem=True nz=True ynz=True cond=True claim_agree=True upper=1669.18468494  CERT
257983377,0,1 RHO mem=True nz=True ynz=True cond=True claim_agree=True upper=0.954918267649  CERT
257983377,0,1 T   mem=True nz=True ynz=True cond=True claim_agree=True upper=3065.65202431  CERT
310215791,0,1 RHO mem=True nz=True ynz=True cond=True claim_agree=True upper=0.958722747386  CERT
310215791,0,1 T   mem=True nz=True ynz=True cond=True claim_agree=True upper=2576.55152746  CERT
322283327,0,1 RHO mem=True nz=True ynz=True cond=True claim_agree=True upper=0.931729486414  CERT
322283327,0,1 T   mem=True nz=True ynz=True cond=True claim_agree=True upper=2735.67877542  CERT
410426108,0,1 RHO mem=True nz=True ynz=True cond=True claim_agree=True upper=0.958661632593  CERT
410426108,0,1 T   mem=True nz=True ynz=True cond=True claim_agree=True upper=2784.70902272  CERT
427995764,0,1 RHO mem=True nz=True ynz=True cond=True claim_agree=True upper=0.964719250188  CERT
427995764,0,1 T   mem=True nz=True ynz=True cond=True claim_agree=True upper=2902.13248342  CERT
430088303,0,1 RHO mem=True nz=True ynz=True cond=True claim_agree=True upper=0.926014561795  CERT
430088303,0,1 T   mem=True nz=True ynz=True cond=True claim_agree=True upper=2691.44805755  CERT
475347995,0,1 RHO mem=True nz=True ynz=True cond=True claim_agree=True upper=0.958661632593  CERT
475347995,0,1 T   mem=True nz=True ynz=True cond=True claim_agree=True upper=1841.62611937  CERT
495022717,0,1 RHO mem=True nz=True ynz=True cond=True claim_agree=True upper=0.931479423747  CERT
495022717,0,1 T   mem=True nz=True ynz=True cond=True claim_agree=True upper=1788.45551844  CERT
505920196,0,1 RHO mem=True nz=True ynz=True cond=True claim_agree=True upper=0.977451955758  CERT
505920196,0,1 T   mem=True nz=True ynz=True cond=True claim_agree=True upper=3558.93638262  CERT
525594918,0,1 RHO mem=True nz=True ynz=True cond=True claim_agree=True upper=0.951287220496  CERT
525594918,0,1 T   mem=True nz=True ynz=True cond=True claim_agree=True upper=2317.00169687  CERT
570854610,0,1 RHO mem=True nz=True ynz=True cond=True claim_agree=True upper=0.958722747386  CERT
570854610,0,1 T   mem=True nz=True ynz=True cond=True claim_agree=True upper=2166.49878515  CERT
572947149,0,1 RHO mem=True nz=True ynz=True cond=True claim_agree=True upper=0.973386660587  CERT
572947149,0,1 T   mem=True nz=True ynz=True cond=True claim_agree=True upper=2762.96189711  CERT
590516805,0,1 RHO mem=True nz=True ynz=True cond=True claim_agree=True upper=0.951287220496  CERT
590516805,0,1 T   mem=True nz=True ynz=True cond=True claim_agree=True upper=2135.06604995  CERT
678659586,0,1 RHO mem=True nz=True ynz=True cond=True claim_agree=True upper=0.939237517578  CERT
678659586,0,1 T   mem=True nz=True ynz=True cond=True claim_agree=True upper=2731.40073713  CERT
690727122,0,1 RHO mem=True nz=True ynz=True cond=True claim_agree=True upper=0.926014561795  CERT
690727122,0,1 T   mem=True nz=True ynz=True cond=True claim_agree=True upper=1678.36151688  CERT
742959536,0,1 RHO mem=True nz=True ynz=True cond=True claim_agree=True upper=0.929705658241  CERT
742959536,0,1 T   mem=True nz=True ynz=True cond=True claim_agree=True upper=2325.41875832  CERT
822165796,0,1 RHO mem=True nz=True ynz=True cond=True claim_agree=True upper=0.940323544849  CERT
822165796,0,1 T   mem=True nz=True ynz=True cond=True claim_agree=True upper=2793.62005191  CERT
846432392,0,1 RHO mem=True nz=True ynz=True cond=True claim_agree=True upper=0.931479423747  CERT
846432392,0,1 T   mem=True nz=True ynz=True cond=True claim_agree=True upper=2413.74254843  CERT
847416366,0,1 RHO mem=True nz=True ynz=True cond=True claim_agree=True upper=0.929705658241  CERT
847416366,0,1 T   mem=True nz=True ynz=True cond=True claim_agree=True upper=2167.98403784  CERT
849419726,0,1 RHO mem=True nz=True ynz=True cond=True claim_agree=True upper=0.970688432748  CERT
849419726,0,1 T   mem=True nz=True ynz=True cond=True claim_agree=True upper=2737.67762169  CERT
870674949,0,1 RHO mem=True nz=True ynz=True cond=True claim_agree=True upper=0.973386660587  CERT
870674949,0,1 T   mem=True nz=True ynz=True cond=True claim_agree=True upper=2067.22920218  CERT
928846086,0,1 RHO mem=True nz=True ynz=True cond=True claim_agree=True upper=0.940723419559  CERT
928846086,0,1 T   mem=True nz=True ynz=True cond=True claim_agree=True upper=2455.30414178  CERT
929316472,0,1 RHO mem=True nz=True ynz=True cond=True claim_agree=True upper=0.939237517578  CERT
929316472,0,1 T   mem=True nz=True ynz=True cond=True claim_agree=True upper=2028.51353830  CERT
946252359,0,1 RHO mem=True nz=True ynz=True cond=True claim_agree=True upper=0.940323544849  CERT
946252359,0,1 T   mem=True nz=True ynz=True cond=True claim_agree=True upper=1832.83364361  CERT
FAMILY VERIFY n=7 l=1000942913 : EXCLUDED (components certified 32 / 32 ; lines 64 ; failed lines 0)
FAMILY VERIFY PASS
