FACTORIZATION: 32 irreducible factors of degree 2 over F_1001194049: OK
21292865,0,1 RHO mem=True nz=True ynz=True cond=True claim_agree=True upper=0.871474087358  CERT
21292865,0,1 T   mem=True nz=True ynz=True cond=True claim_agree=True upper=1907.53044998  CERT
29753648,0,1 RHO mem=True nz=True ynz=True cond=True claim_agree=True upper=0.887535580638  CERT
29753648,0,1 T   mem=True nz=True ynz=True cond=True claim_agree=True upper=2619.79384712  CERT
31751267,0,1 RHO mem=True nz=True ynz=True cond=True claim_agree=True upper=0.891118793567  CERT
31751267,0,1 T   mem=True nz=True ynz=True cond=True claim_agree=True upper=2102.88408640  CERT
33436965,0,1 RHO mem=True nz=True ynz=True cond=True claim_agree=True upper=0.883978647792  CERT
33436965,0,1 T   mem=True nz=True ynz=True cond=True claim_agree=True upper=2753.82880992  CERT
73313890,0,1 RHO mem=True nz=True ynz=True cond=True claim_agree=True upper=0.871474087358  CERT
73313890,0,1 T   mem=True nz=True ynz=True cond=True claim_agree=True upper=2489.38275715  CERT
88408171,0,1 RHO mem=True nz=True ynz=True cond=True claim_agree=True upper=0.913699303274  CERT
88408171,0,1 T   mem=True nz=True ynz=True cond=True claim_agree=True upper=2046.88037830  CERT
111651074,0,1 RHO mem=True nz=True ynz=True cond=True claim_agree=True upper=0.923015293967  CERT
111651074,0,1 T   mem=True nz=True ynz=True cond=True claim_agree=True upper=2468.37637502  CERT
127152530,0,1 RHO mem=True nz=True ynz=True cond=True claim_agree=True upper=0.912944611720  CERT
127152530,0,1 T   mem=True nz=True ynz=True cond=True claim_agree=True upper=1865.42956803  CERT
135657734,0,1 RHO mem=True nz=True ynz=True cond=True claim_agree=True upper=0.948488478114  CERT
135657734,0,1 T   mem=True nz=True ynz=True cond=True claim_agree=True upper=2597.96118940  CERT
165723803,0,1 RHO mem=True nz=True ynz=True cond=True claim_agree=True upper=0.887535580638  CERT
165723803,0,1 T   mem=True nz=True ynz=True cond=True claim_agree=True upper=2012.36211009  CERT
241975111,0,1 RHO mem=True nz=True ynz=True cond=True claim_agree=True upper=0.959523486988  CERT
241975111,0,1 T   mem=True nz=True ynz=True cond=True claim_agree=True upper=3559.70885296  CERT
243378504,0,1 RHO mem=True nz=True ynz=True cond=True claim_agree=True upper=0.823668449133  CERT
243378504,0,1 T   mem=True nz=True ynz=True cond=True claim_agree=True upper=2161.22739967  CERT
303125344,0,1 RHO mem=True nz=True ynz=True cond=True claim_agree=True upper=0.948488478114  CERT
303125344,0,1 T   mem=True nz=True ynz=True cond=True claim_agree=True upper=3007.45273092  CERT
342992307,0,1 RHO mem=True nz=True ynz=True cond=True claim_agree=True upper=0.893029867465  CERT
342992307,0,1 T   mem=True nz=True ynz=True cond=True claim_agree=True upper=2149.77172154  CERT
418797786,0,1 RHO mem=True nz=True ynz=True cond=True claim_agree=True upper=0.925874853344  CERT
418797786,0,1 T   mem=True nz=True ynz=True cond=True claim_agree=True upper=2467.74553812  CERT
442608687,0,1 RHO mem=True nz=True ynz=True cond=True claim_agree=True upper=0.925874853344  CERT
442608687,0,1 T   mem=True nz=True ynz=True cond=True claim_agree=True upper=2130.24717177  CERT
558585362,0,1 RHO mem=True nz=True ynz=True cond=True claim_agree=True upper=0.878664359899  CERT
558585362,0,1 T   mem=True nz=True ynz=True cond=True claim_agree=True upper=2403.59643247  CERT
582396263,0,1 RHO mem=True nz=True ynz=True cond=True claim_agree=True upper=0.878664359899  CERT
582396263,0,1 T   mem=True nz=True ynz=True cond=True claim_agree=True upper=2038.45726423  CERT
658201742,0,1 RHO mem=True nz=True ynz=True cond=True claim_agree=True upper=0.883978647792  CERT
658201742,0,1 T   mem=True nz=True ynz=True cond=True claim_agree=True upper=1623.53884048  CERT
698068705,0,1 RHO mem=True nz=True ynz=True cond=True claim_agree=True upper=0.885829718831  CERT
698068705,0,1 T   mem=True nz=True ynz=True cond=True claim_agree=True upper=2845.87475976  CERT
757815545,0,1 RHO mem=True nz=True ynz=True cond=True claim_agree=True upper=0.959523486988  CERT
757815545,0,1 T   mem=True nz=True ynz=True cond=True claim_agree=True upper=2162.80699354  CERT
759218938,0,1 RHO mem=True nz=True ynz=True cond=True claim_agree=True upper=0.823668449133  CERT
759218938,0,1 T   mem=True nz=True ynz=True cond=True claim_agree=True upper=2429.51335099  CERT
835470246,0,1 RHO mem=True nz=True ynz=True cond=True claim_agree=True upper=0.913328715918  CERT
835470246,0,1 T   mem=True nz=True ynz=True cond=True claim_agree=True upper=2416.08110477  CERT
865536315,0,1 RHO mem=True nz=True ynz=True cond=True claim_agree=True upper=0.885829718831  CERT
865536315,0,1 T   mem=True nz=True ynz=True cond=True claim_agree=True upper=2161.42861472  CERT
874041519,0,1 RHO mem=True nz=True ynz=True cond=True claim_agree=True upper=0.891118793567  CERT
874041519,0,1 T   mem=True nz=True ynz=True cond=True claim_agree=True upper=2314.40316289  CERT
889542975,0,1 RHO mem=True nz=True ynz=True cond=True claim_agree=True upper=0.913699303274  CERT
889542975,0,1 T   mem=True nz=True ynz=True cond=True claim_agree=True upper=2309.96516313  CERT
912785878,0,1 RHO mem=True nz=True ynz=True cond=True claim_agree=True upper=0.923015293967  CERT
912785878,0,1 T   mem=True nz=True ynz=True cond=True claim_agree=True upper=2162.48641270  CERT
927880159,0,1 RHO mem=True nz=True ynz=True cond=True claim_agree=True upper=0.926101505109  CERT
927880159,0,1 T   mem=True nz=True ynz=True cond=True claim_agree=True upper=2473.29428702  CERT
967757084,0,1 RHO mem=True nz=True ynz=True cond=True claim_agree=True upper=0.893029867465  CERT
967757084,0,1 T   mem=True nz=True ynz=True cond=True claim_agree=True upper=2204.59917959  CERT
969442782,0,1 RHO mem=True nz=True ynz=True cond=True claim_agree=True upper=0.912944611720  CERT
969442782,0,1 T   mem=True nz=True ynz=True cond=True claim_agree=True upper=2011.90555247  CERT
971440401,0,1 RHO mem=True nz=True ynz=True cond=True claim_agree=True upper=0.913328715918  CERT
971440401,0,1 T   mem=True nz=True ynz=True cond=True claim_agree=True upper=3452.67169925  CERT
979901184,0,1 RHO mem=True nz=True ynz=True cond=True claim_agree=True upper=0.926101505109  CERT
979901184,0,1 T   mem=True nz=True ynz=True cond=True claim_agree=True upper=2487.15080626  CERT
FAMILY VERIFY n=7 l=1001194049 : EXCLUDED (components certified 32 / 32 ; lines 64 ; failed lines 0)
FAMILY VERIFY PASS
