FACTORIZATION: 32 irreducible factors of degree 2 over F_1000193473: OK
14676084,0,1 RHO mem=True nz=True ynz=True cond=True claim_agree=True upper=0.934157928130  CERT
14676084,0,1 T   mem=True nz=True ynz=True cond=True claim_agree=True upper=1928.42875616  CERT
47713651,0,1 RHO mem=True nz=True ynz=True cond=True claim_agree=True upper=0.960044350738  CERT
47713651,0,1 T   mem=True nz=True ynz=True cond=True claim_agree=True upper=2240.59896746  CERT
49587364,0,1 RHO mem=True nz=True ynz=True cond=True claim_agree=True upper=0.891106932180  CERT
49587364,0,1 T   mem=True nz=True ynz=True cond=True claim_agree=True upper=2017.17269126  CERT
92202985,0,1 RHO mem=True nz=True ynz=True cond=True claim_agree=True upper=0.902718647668  CERT
92202985,0,1 T   mem=True nz=True ynz=True cond=True claim_agree=True upper=1795.99697797  CERT
125213811,0,1 RHO mem=True nz=True ynz=True cond=True claim_agree=True upper=0.954336690203  CERT
125213811,0,1 T   mem=True nz=True ynz=True cond=True claim_agree=True upper=2107.40662632  CERT
157941167,0,1 RHO mem=True nz=True ynz=True cond=True claim_agree=True upper=0.960044350738  CERT
157941167,0,1 T   mem=True nz=True ynz=True cond=True claim_agree=True upper=2456.38717123  CERT
173316963,0,1 RHO mem=True nz=True ynz=True cond=True claim_agree=True upper=0.952158427470  CERT
173316963,0,1 T   mem=True nz=True ynz=True cond=True claim_agree=True upper=3037.85874726  CERT
236253902,0,1 RHO mem=True nz=True ynz=True cond=True claim_agree=True upper=0.930599882880  CERT
236253902,0,1 T   mem=True nz=True ynz=True cond=True claim_agree=True upper=1999.59937709  CERT
238286152,0,1 RHO mem=True nz=True ynz=True cond=True claim_agree=True upper=0.942793945650  CERT
238286152,0,1 T   mem=True nz=True ynz=True cond=True claim_agree=True upper=2562.54345755  CERT
244708194,0,1 RHO mem=True nz=True ynz=True cond=True claim_agree=True upper=0.952158427470  CERT
244708194,0,1 T   mem=True nz=True ynz=True cond=True claim_agree=True upper=1902.61665591  CERT
256928542,0,1 RHO mem=True nz=True ynz=True cond=True claim_agree=True upper=0.942793945650  CERT
256928542,0,1 T   mem=True nz=True ynz=True cond=True claim_agree=True upper=2437.59152658  CERT
263994402,0,1 RHO mem=True nz=True ynz=True cond=True claim_agree=True upper=0.921212603348  CERT
263994402,0,1 T   mem=True nz=True ynz=True cond=True claim_agree=True upper=3007.68936166  CERT
305709128,0,1 RHO mem=True nz=True ynz=True cond=True claim_agree=True upper=0.945948077534  CERT
305709128,0,1 T   mem=True nz=True ynz=True cond=True claim_agree=True upper=1876.30624655  CERT
318668396,0,1 RHO mem=True nz=True ynz=True cond=True claim_agree=True upper=0.908223099720  CERT
318668396,0,1 T   mem=True nz=True ynz=True cond=True claim_agree=True upper=2654.11061405  CERT
369828813,0,1 RHO mem=True nz=True ynz=True cond=True claim_agree=True upper=0.931354156416  CERT
369828813,0,1 T   mem=True nz=True ynz=True cond=True claim_agree=True upper=2767.24550789  CERT
482822241,0,1 RHO mem=True nz=True ynz=True cond=True claim_agree=True upper=0.891106932180  CERT
482822241,0,1 T   mem=True nz=True ynz=True cond=True claim_agree=True upper=2467.31256825  CERT
517371232,0,1 RHO mem=True nz=True ynz=True cond=True claim_agree=True upper=0.971234710917  CERT
517371232,0,1 T   mem=True nz=True ynz=True cond=True claim_agree=True upper=2804.66778594  CERT
630364660,0,1 RHO mem=True nz=True ynz=True cond=True claim_agree=True upper=0.930599882880  CERT
630364660,0,1 T   mem=True nz=True ynz=True cond=True claim_agree=True upper=2247.30377102  CERT
681525077,0,1 RHO mem=True nz=True ynz=True cond=True claim_agree=True upper=0.945948077534  CERT
681525077,0,1 T   mem=True nz=True ynz=True cond=True claim_agree=True upper=2539.87508313  CERT
694484345,0,1 RHO mem=True nz=True ynz=True cond=True claim_agree=True upper=0.908223099720  CERT
694484345,0,1 T   mem=True nz=True ynz=True cond=True claim_agree=True upper=2282.75639481  CERT
736199071,0,1 RHO mem=True nz=True ynz=True cond=True claim_agree=True upper=0.954336690203  CERT
736199071,0,1 T   mem=True nz=True ynz=True cond=True claim_agree=True upper=2004.20530784  CERT
743264931,0,1 RHO mem=True nz=True ynz=True cond=True claim_agree=True upper=0.933988466350  CERT
743264931,0,1 T   mem=True nz=True ynz=True cond=True claim_agree=True upper=1904.73097737  CERT
755485279,0,1 RHO mem=True nz=True ynz=True cond=True claim_agree=True upper=0.913801333540  CERT
755485279,0,1 T   mem=True nz=True ynz=True cond=True claim_agree=True upper=2182.72291923  CERT
761907321,0,1 RHO mem=True nz=True ynz=True cond=True claim_agree=True upper=0.933988466350  CERT
761907321,0,1 T   mem=True nz=True ynz=True cond=True claim_agree=True upper=2813.11262478  CERT
763939571,0,1 RHO mem=True nz=True ynz=True cond=True claim_agree=True upper=0.931354156416  CERT
763939571,0,1 T   mem=True nz=True ynz=True cond=True claim_agree=True upper=1942.49630283  CERT
826876510,0,1 RHO mem=True nz=True ynz=True cond=True claim_agree=True upper=0.913801333540  CERT
826876510,0,1 T   mem=True nz=True ynz=True cond=True claim_agree=True upper=2528.22664794  CERT
842252306,0,1 RHO mem=True nz=True ynz=True cond=True claim_agree=True upper=0.888879565232  CERT
842252306,0,1 T   mem=True nz=True ynz=True cond=True claim_agree=True upper=2009.48733052  CERT
874979662,0,1 RHO mem=True nz=True ynz=True cond=True claim_agree=True upper=0.921212603348  CERT
874979662,0,1 T   mem=True nz=True ynz=True cond=True claim_agree=True upper=2253.78072996  CERT
907990488,0,1 RHO mem=True nz=True ynz=True cond=True claim_agree=True upper=0.934157928130  CERT
907990488,0,1 T   mem=True nz=True ynz=True cond=True claim_agree=True upper=1919.48045258  CERT
950606109,0,1 RHO mem=True nz=True ynz=True cond=True claim_agree=True upper=0.971234710917  CERT
950606109,0,1 T   mem=True nz=True ynz=True cond=True claim_agree=True upper=2141.00463309  CERT
952479822,0,1 RHO mem=True nz=True ynz=True cond=True claim_agree=True upper=0.888879565232  CERT
952479822,0,1 T   mem=True nz=True ynz=True cond=True claim_agree=True upper=2215.30958983  CERT
985517389,0,1 RHO mem=True nz=True ynz=True cond=True claim_agree=True upper=0.902718647668  CERT
985517389,0,1 T   mem=True nz=True ynz=True cond=True claim_agree=True upper=3082.99526080  CERT
FAMILY VERIFY n=7 l=1000193473 : EXCLUDED (components certified 32 / 32 ; lines 64 ; failed lines 0)
FAMILY VERIFY PASS
