FACTORIZATION: 32 irreducible factors of degree 2 over F_1001063233: OK
5685392,0,1 RHO mem=True nz=True ynz=True cond=True claim_agree=True upper=0.951237115030  CERT
5685392,0,1 T   mem=True nz=True ynz=True cond=True claim_agree=True upper=2563.88517246  CERT
30668787,0,1 RHO mem=True nz=True ynz=True cond=True claim_agree=True upper=0.957547448002  CERT
30668787,0,1 T   mem=True nz=True ynz=True cond=True claim_agree=True upper=2443.93091835  CERT
82219355,0,1 RHO mem=True nz=True ynz=True cond=True claim_agree=True upper=0.909932000417  CERT
82219355,0,1 T   mem=True nz=True ynz=True cond=True claim_agree=True upper=1760.56144661  CERT
88965379,0,1 RHO mem=True nz=True ynz=True cond=True claim_agree=True upper=0.893487303541  CERT
88965379,0,1 T   mem=True nz=True ynz=True cond=True claim_agree=True upper=1824.74610624  CERT
159380019,0,1 RHO mem=True nz=True ynz=True cond=True claim_agree=True upper=0.913483978850  CERT
159380019,0,1 T   mem=True nz=True ynz=True cond=True claim_agree=True upper=2662.22890361  CERT
180399279,0,1 RHO mem=True nz=True ynz=True cond=True claim_agree=True upper=0.944567645506  CERT
180399279,0,1 T   mem=True nz=True ynz=True cond=True claim_agree=True upper=2563.15818354  CERT
261942752,0,1 RHO mem=True nz=True ynz=True cond=True claim_agree=True upper=0.947924422850  CERT
261942752,0,1 T   mem=True nz=True ynz=True cond=True claim_agree=True upper=2298.10579429  CERT
314287508,0,1 RHO mem=True nz=True ynz=True cond=True claim_agree=True upper=0.913483978850  CERT
314287508,0,1 T   mem=True nz=True ynz=True cond=True claim_agree=True upper=2465.38963884  CERT
336207456,0,1 RHO mem=True nz=True ynz=True cond=True claim_agree=True upper=0.928166563448  CERT
336207456,0,1 T   mem=True nz=True ynz=True cond=True claim_agree=True upper=2626.71057474  CERT
347275817,0,1 RHO mem=True nz=True ynz=True cond=True claim_agree=True upper=0.888136637472  CERT
347275817,0,1 T   mem=True nz=True ynz=True cond=True claim_agree=True upper=2398.70585891  CERT
349168513,0,1 RHO mem=True nz=True ynz=True cond=True claim_agree=True upper=0.939292481443  CERT
349168513,0,1 T   mem=True nz=True ynz=True cond=True claim_agree=True upper=2192.21058009  CERT
357626734,0,1 RHO mem=True nz=True ynz=True cond=True claim_agree=True upper=0.957547448002  CERT
357626734,0,1 T   mem=True nz=True ynz=True cond=True claim_agree=True upper=2896.72948172  CERT
446855596,0,1 RHO mem=True nz=True ynz=True cond=True claim_agree=True upper=0.956472208304  CERT
446855596,0,1 T   mem=True nz=True ynz=True cond=True claim_agree=True upper=2587.12788536  CERT
453632549,0,1 RHO mem=True nz=True ynz=True cond=True claim_agree=True upper=0.937897559532  CERT
453632549,0,1 T   mem=True nz=True ynz=True cond=True claim_agree=True upper=1956.65669196  CERT
485239612,0,1 RHO mem=True nz=True ynz=True cond=True claim_agree=True upper=0.894122810435  CERT
485239612,0,1 T   mem=True nz=True ynz=True cond=True claim_agree=True upper=2265.24862921  CERT
496361792,0,1 RHO mem=True nz=True ynz=True cond=True claim_agree=True upper=0.894122810435  CERT
496361792,0,1 T   mem=True nz=True ynz=True cond=True claim_agree=True upper=1661.29417664  CERT
504701441,0,1 RHO mem=True nz=True ynz=True cond=True claim_agree=True upper=0.968785055421  CERT
504701441,0,1 T   mem=True nz=True ynz=True cond=True claim_agree=True upper=2890.45013955  CERT
515823621,0,1 RHO mem=True nz=True ynz=True cond=True claim_agree=True upper=0.968785055421  CERT
515823621,0,1 T   mem=True nz=True ynz=True cond=True claim_agree=True upper=3073.88159118  CERT
547430684,0,1 RHO mem=True nz=True ynz=True cond=True claim_agree=True upper=0.947924422850  CERT
547430684,0,1 T   mem=True nz=True ynz=True cond=True claim_agree=True upper=2393.20823892  CERT
554207637,0,1 RHO mem=True nz=True ynz=True cond=True claim_agree=True upper=0.909932000417  CERT
554207637,0,1 T   mem=True nz=True ynz=True cond=True claim_agree=True upper=1705.60228411  CERT
643436499,0,1 RHO mem=True nz=True ynz=True cond=True claim_agree=True upper=0.914127429753  CERT
643436499,0,1 T   mem=True nz=True ynz=True cond=True claim_agree=True upper=1857.60570813  CERT
651894720,0,1 RHO mem=True nz=True ynz=True cond=True claim_agree=True upper=0.893487303541  CERT
651894720,0,1 T   mem=True nz=True ynz=True cond=True claim_agree=True upper=1687.74823717  CERT
653787416,0,1 RHO mem=True nz=True ynz=True cond=True claim_agree=True upper=0.944567645506  CERT
653787416,0,1 T   mem=True nz=True ynz=True cond=True claim_agree=True upper=2152.14027429  CERT
664855777,0,1 RHO mem=True nz=True ynz=True cond=True claim_agree=True upper=0.951237115030  CERT
664855777,0,1 T   mem=True nz=True ynz=True cond=True claim_agree=True upper=2571.94757425  CERT
686775725,0,1 RHO mem=True nz=True ynz=True cond=True claim_agree=True upper=0.953069314883  CERT
686775725,0,1 T   mem=True nz=True ynz=True cond=True claim_agree=True upper=2009.57388148  CERT
739120481,0,1 RHO mem=True nz=True ynz=True cond=True claim_agree=True upper=0.937897559532  CERT
739120481,0,1 T   mem=True nz=True ynz=True cond=True claim_agree=True upper=2581.55079851  CERT
820663954,0,1 RHO mem=True nz=True ynz=True cond=True claim_agree=True upper=0.888136637472  CERT
820663954,0,1 T   mem=True nz=True ynz=True cond=True claim_agree=True upper=1902.86150670  CERT
841683214,0,1 RHO mem=True nz=True ynz=True cond=True claim_agree=True upper=0.953069314883  CERT
841683214,0,1 T   mem=True nz=True ynz=True cond=True claim_agree=True upper=2903.27495112  CERT
912097854,0,1 RHO mem=True nz=True ynz=True cond=True claim_agree=True upper=0.939292481443  CERT
912097854,0,1 T   mem=True nz=True ynz=True cond=True claim_agree=True upper=2184.75145124  CERT
918843878,0,1 RHO mem=True nz=True ynz=True cond=True claim_agree=True upper=0.956472208304  CERT
918843878,0,1 T   mem=True nz=True ynz=True cond=True claim_agree=True upper=2810.34647978  CERT
970394446,0,1 RHO mem=True nz=True ynz=True cond=True claim_agree=True upper=0.914127429753  CERT
970394446,0,1 T   mem=True nz=True ynz=True cond=True claim_agree=True upper=1865.44720545  CERT
995377841,0,1 RHO mem=True nz=True ynz=True cond=True claim_agree=True upper=0.928166563448  CERT
995377841,0,1 T   mem=True nz=True ynz=True cond=True claim_agree=True upper=1959.84596120  CERT
FAMILY VERIFY n=7 l=1001063233 : EXCLUDED (components certified 32 / 32 ; lines 64 ; failed lines 0)
FAMILY VERIFY PASS
