FACTORIZATION: 32 irreducible factors of degree 2 over F_1000542913: OK
26115611,0,1 RHO mem=True nz=True ynz=True cond=True claim_agree=True upper=0.924688647377  CERT
26115611,0,1 T   mem=True nz=True ynz=True cond=True claim_agree=True upper=2538.53004121  CERT
31494694,0,1 RHO mem=True nz=True ynz=True cond=True claim_agree=True upper=0.917142247671  CERT
31494694,0,1 T   mem=True nz=True ynz=True cond=True claim_agree=True upper=2493.85411794  CERT
161028026,0,1 RHO mem=True nz=True ynz=True cond=True claim_agree=True upper=0.940728409987  CERT
161028026,0,1 T   mem=True nz=True ynz=True cond=True claim_agree=True upper=2870.90875991  CERT
185706383,0,1 RHO mem=True nz=True ynz=True cond=True claim_agree=True upper=0.867636246520  CERT
185706383,0,1 T   mem=True nz=True ynz=True cond=True claim_agree=True upper=2069.30891452  CERT
214049448,0,1 RHO mem=True nz=True ynz=True cond=True claim_agree=True upper=0.963099462090  CERT
214049448,0,1 T   mem=True nz=True ynz=True cond=True claim_agree=True upper=2618.99840703  CERT
239358949,0,1 RHO mem=True nz=True ynz=True cond=True claim_agree=True upper=0.936842636394  CERT
239358949,0,1 T   mem=True nz=True ynz=True cond=True claim_agree=True upper=2509.92227358  CERT
265123225,0,1 RHO mem=True nz=True ynz=True cond=True claim_agree=True upper=0.924688647377  CERT
265123225,0,1 T   mem=True nz=True ynz=True cond=True claim_agree=True upper=2195.59175237  CERT
274020855,0,1 RHO mem=True nz=True ynz=True cond=True claim_agree=True upper=0.930232319524  CERT
274020855,0,1 T   mem=True nz=True ynz=True cond=True claim_agree=True upper=2121.99592132  CERT
274893632,0,1 RHO mem=True nz=True ynz=True cond=True claim_agree=True upper=0.950567663726  CERT
274893632,0,1 T   mem=True nz=True ynz=True cond=True claim_agree=True upper=2178.45960426  CERT
328230221,0,1 RHO mem=True nz=True ynz=True cond=True claim_agree=True upper=0.928388990795  CERT
328230221,0,1 T   mem=True nz=True ynz=True cond=True claim_agree=True upper=2264.23225953  CERT
335767392,0,1 RHO mem=True nz=True ynz=True cond=True claim_agree=True upper=0.930232319524  CERT
335767392,0,1 T   mem=True nz=True ynz=True cond=True claim_agree=True upper=2239.92136125  CERT
375948949,0,1 RHO mem=True nz=True ynz=True cond=True claim_agree=True upper=0.964893575491  CERT
375948949,0,1 T   mem=True nz=True ynz=True cond=True claim_agree=True upper=2610.70396712  CERT
380727683,0,1 RHO mem=True nz=True ynz=True cond=True claim_agree=True upper=0.937809782442  CERT
380727683,0,1 T   mem=True nz=True ynz=True cond=True claim_agree=True upper=2391.99948421  CERT
431697275,0,1 RHO mem=True nz=True ynz=True cond=True claim_agree=True upper=0.963099462090  CERT
431697275,0,1 T   mem=True nz=True ynz=True cond=True claim_agree=True upper=2443.84303104  CERT
451350472,0,1 RHO mem=True nz=True ynz=True cond=True claim_agree=True upper=0.937809782442  CERT
451350472,0,1 T   mem=True nz=True ynz=True cond=True claim_agree=True upper=2187.48280567  CERT
498844272,0,1 RHO mem=True nz=True ynz=True cond=True claim_agree=True upper=0.945706150614  CERT
498844272,0,1 T   mem=True nz=True ynz=True cond=True claim_agree=True upper=3642.51374373  CERT
501698641,0,1 RHO mem=True nz=True ynz=True cond=True claim_agree=True upper=0.940728409987  CERT
501698641,0,1 T   mem=True nz=True ynz=True cond=True claim_agree=True upper=2056.24855758  CERT
549192441,0,1 RHO mem=True nz=True ynz=True cond=True claim_agree=True upper=0.929210485141  CERT
549192441,0,1 T   mem=True nz=True ynz=True cond=True claim_agree=True upper=2323.60171741  CERT
568845638,0,1 RHO mem=True nz=True ynz=True cond=True claim_agree=True upper=0.918947467806  CERT
568845638,0,1 T   mem=True nz=True ynz=True cond=True claim_agree=True upper=2290.10515859  CERT
619815230,0,1 RHO mem=True nz=True ynz=True cond=True claim_agree=True upper=0.929210485141  CERT
619815230,0,1 T   mem=True nz=True ynz=True cond=True claim_agree=True upper=1969.38115896  CERT
624593964,0,1 RHO mem=True nz=True ynz=True cond=True claim_agree=True upper=0.867636246520  CERT
624593964,0,1 T   mem=True nz=True ynz=True cond=True claim_agree=True upper=2058.25687714  CERT
664775521,0,1 RHO mem=True nz=True ynz=True cond=True claim_agree=True upper=0.937420993313  CERT
664775521,0,1 T   mem=True nz=True ynz=True cond=True claim_agree=True upper=2199.46304441  CERT
672312692,0,1 RHO mem=True nz=True ynz=True cond=True claim_agree=True upper=0.936842636394  CERT
672312692,0,1 T   mem=True nz=True ynz=True cond=True claim_agree=True upper=2484.06428523  CERT
725649281,0,1 RHO mem=True nz=True ynz=True cond=True claim_agree=True upper=0.917142247671  CERT
725649281,0,1 T   mem=True nz=True ynz=True cond=True claim_agree=True upper=2886.90614960  CERT
726522058,0,1 RHO mem=True nz=True ynz=True cond=True claim_agree=True upper=0.937420993313  CERT
726522058,0,1 T   mem=True nz=True ynz=True cond=True claim_agree=True upper=1956.80056720  CERT
735419688,0,1 RHO mem=True nz=True ynz=True cond=True claim_agree=True upper=0.927526804660  CERT
735419688,0,1 T   mem=True nz=True ynz=True cond=True claim_agree=True upper=2432.09736048  CERT
761183964,0,1 RHO mem=True nz=True ynz=True cond=True claim_agree=True upper=0.928388990795  CERT
761183964,0,1 T   mem=True nz=True ynz=True cond=True claim_agree=True upper=2416.77438536  CERT
786493465,0,1 RHO mem=True nz=True ynz=True cond=True claim_agree=True upper=0.918947467806  CERT
786493465,0,1 T   mem=True nz=True ynz=True cond=True claim_agree=True upper=2116.61929342  CERT
814836530,0,1 RHO mem=True nz=True ynz=True cond=True claim_agree=True upper=0.964893575491  CERT
814836530,0,1 T   mem=True nz=True ynz=True cond=True claim_agree=True upper=2763.74565401  CERT
839514887,0,1 RHO mem=True nz=True ynz=True cond=True claim_agree=True upper=0.945706150614  CERT
839514887,0,1 T   mem=True nz=True ynz=True cond=True claim_agree=True upper=2043.41516175  CERT
969048219,0,1 RHO mem=True nz=True ynz=True cond=True claim_agree=True upper=0.950567663726  CERT
969048219,0,1 T   mem=True nz=True ynz=True cond=True claim_agree=True upper=2548.24124928  CERT
974427302,0,1 RHO mem=True nz=True ynz=True cond=True claim_agree=True upper=0.927526804660  CERT
974427302,0,1 T   mem=True nz=True ynz=True cond=True claim_agree=True upper=2455.79932628  CERT
FAMILY VERIFY n=7 l=1000542913 : EXCLUDED (components certified 32 / 32 ; lines 64 ; failed lines 0)
FAMILY VERIFY PASS
