FACTORIZATION: 32 irreducible factors of degree 2 over F_1000884289: OK
43931815,0,1 RHO mem=True nz=True ynz=True cond=True claim_agree=True upper=0.920590142887  CERT
43931815,0,1 T   mem=True nz=True ynz=True cond=True claim_agree=True upper=1825.99841936  CERT
66521570,0,1 RHO mem=True nz=True ynz=True cond=True claim_agree=True upper=0.947223910341  CERT
66521570,0,1 T   mem=True nz=True ynz=True cond=True claim_agree=True upper=2781.87999612  CERT
69178387,0,1 RHO mem=True nz=True ynz=True cond=True claim_agree=True upper=0.865508631869  CERT
69178387,0,1 T   mem=True nz=True ynz=True cond=True claim_agree=True upper=1464.87955489  CERT
90644839,0,1 RHO mem=True nz=True ynz=True cond=True claim_agree=True upper=0.944248666259  CERT
90644839,0,1 T   mem=True nz=True ynz=True cond=True claim_agree=True upper=2426.67825155  CERT
135006654,0,1 RHO mem=True nz=True ynz=True cond=True claim_agree=True upper=0.937621342184  CERT
135006654,0,1 T   mem=True nz=True ynz=True cond=True claim_agree=True upper=2735.09559763  CERT
136168099,0,1 RHO mem=True nz=True ynz=True cond=True claim_agree=True upper=0.859012276710  CERT
136168099,0,1 T   mem=True nz=True ynz=True cond=True claim_agree=True upper=1721.56342383  CERT
187808397,0,1 RHO mem=True nz=True ynz=True cond=True claim_agree=True upper=0.859012276710  CERT
187808397,0,1 T   mem=True nz=True ynz=True cond=True claim_agree=True upper=1279.22629285  CERT
263615910,0,1 RHO mem=True nz=True ynz=True cond=True claim_agree=True upper=0.926026753908  CERT
263615910,0,1 T   mem=True nz=True ynz=True cond=True claim_agree=True upper=1943.80870541  CERT
300679239,0,1 RHO mem=True nz=True ynz=True cond=True claim_agree=True upper=0.926026753908  CERT
300679239,0,1 T   mem=True nz=True ynz=True cond=True claim_agree=True upper=2408.32448639  CERT
344149792,0,1 RHO mem=True nz=True ynz=True cond=True claim_agree=True upper=0.975953687998  CERT
344149792,0,1 T   mem=True nz=True ynz=True cond=True claim_agree=True upper=2618.08481859  CERT
360364907,0,1 RHO mem=True nz=True ynz=True cond=True claim_agree=True upper=0.913879708461  CERT
360364907,0,1 T   mem=True nz=True ynz=True cond=True claim_agree=True upper=1787.00451503  CERT
369624612,0,1 RHO mem=True nz=True ynz=True cond=True claim_agree=True upper=0.914828004947  CERT
369624612,0,1 T   mem=True nz=True ynz=True cond=True claim_agree=True upper=2145.28406557  CERT
378822251,0,1 RHO mem=True nz=True ynz=True cond=True claim_agree=True upper=0.892996528165  CERT
378822251,0,1 T   mem=True nz=True ynz=True cond=True claim_agree=True upper=1633.28366763  CERT
389768290,0,1 RHO mem=True nz=True ynz=True cond=True claim_agree=True upper=0.947223910341  CERT
389768290,0,1 T   mem=True nz=True ynz=True cond=True claim_agree=True upper=2473.31820394  CERT
419984159,0,1 RHO mem=True nz=True ynz=True cond=True claim_agree=True upper=0.893976168842  CERT
419984159,0,1 T   mem=True nz=True ynz=True cond=True claim_agree=True upper=1659.72607507  CERT
458091266,0,1 RHO mem=True nz=True ynz=True cond=True claim_agree=True upper=0.909309251430  CERT
458091266,0,1 T   mem=True nz=True ynz=True cond=True claim_agree=True upper=2623.18666082  CERT
542793023,0,1 RHO mem=True nz=True ynz=True cond=True claim_agree=True upper=0.913879708461  CERT
542793023,0,1 T   mem=True nz=True ynz=True cond=True claim_agree=True upper=1893.06060510  CERT
580900130,0,1 RHO mem=True nz=True ynz=True cond=True claim_agree=True upper=0.975953687998  CERT
580900130,0,1 T   mem=True nz=True ynz=True cond=True claim_agree=True upper=2158.01691164  CERT
611115999,0,1 RHO mem=True nz=True ynz=True cond=True claim_agree=True upper=0.881846947271  CERT
611115999,0,1 T   mem=True nz=True ynz=True cond=True claim_agree=True upper=1590.06844498  CERT
622062038,0,1 RHO mem=True nz=True ynz=True cond=True claim_agree=True upper=0.914828004947  CERT
622062038,0,1 T   mem=True nz=True ynz=True cond=True claim_agree=True upper=2261.52177109  CERT
631259677,0,1 RHO mem=True nz=True ynz=True cond=True claim_agree=True upper=0.892996528165  CERT
631259677,0,1 T   mem=True nz=True ynz=True cond=True claim_agree=True upper=1606.38899642  CERT
640519382,0,1 RHO mem=True nz=True ynz=True cond=True claim_agree=True upper=0.909309251430  CERT
640519382,0,1 T   mem=True nz=True ynz=True cond=True claim_agree=True upper=1830.43244942  CERT
656734497,0,1 RHO mem=True nz=True ynz=True cond=True claim_agree=True upper=0.893976168842  CERT
656734497,0,1 T   mem=True nz=True ynz=True cond=True claim_agree=True upper=1834.71700010  CERT
700205050,0,1 RHO mem=True nz=True ynz=True cond=True claim_agree=True upper=0.907504304396  CERT
700205050,0,1 T   mem=True nz=True ynz=True cond=True claim_agree=True upper=2217.71572067  CERT
737268379,0,1 RHO mem=True nz=True ynz=True cond=True claim_agree=True upper=0.907504304396  CERT
737268379,0,1 T   mem=True nz=True ynz=True cond=True claim_agree=True upper=2018.99330918  CERT
813075892,0,1 RHO mem=True nz=True ynz=True cond=True claim_agree=True upper=0.953633911069  CERT
813075892,0,1 T   mem=True nz=True ynz=True cond=True claim_agree=True upper=2319.46357474  CERT
864716190,0,1 RHO mem=True nz=True ynz=True cond=True claim_agree=True upper=0.953633911069  CERT
864716190,0,1 T   mem=True nz=True ynz=True cond=True claim_agree=True upper=2265.46693693  CERT
865877635,0,1 RHO mem=True nz=True ynz=True cond=True claim_agree=True upper=0.865508631869  CERT
865877635,0,1 T   mem=True nz=True ynz=True cond=True claim_agree=True upper=1566.78385945  CERT
910239450,0,1 RHO mem=True nz=True ynz=True cond=True claim_agree=True upper=0.920590142887  CERT
910239450,0,1 T   mem=True nz=True ynz=True cond=True claim_agree=True upper=2192.58016983  CERT
931705902,0,1 RHO mem=True nz=True ynz=True cond=True claim_agree=True upper=0.937621342184  CERT
931705902,0,1 T   mem=True nz=True ynz=True cond=True claim_agree=True upper=2718.73041445  CERT
934362719,0,1 RHO mem=True nz=True ynz=True cond=True claim_agree=True upper=0.881846947271  CERT
934362719,0,1 T   mem=True nz=True ynz=True cond=True claim_agree=True upper=1716.53777411  CERT
956952474,0,1 RHO mem=True nz=True ynz=True cond=True claim_agree=True upper=0.944248666259  CERT
956952474,0,1 T   mem=True nz=True ynz=True cond=True claim_agree=True upper=2462.42443383  CERT
FAMILY VERIFY n=7 l=1000884289 : EXCLUDED (components certified 32 / 32 ; lines 64 ; failed lines 0)
FAMILY VERIFY PASS
