FACTORIZATION: 32 irreducible factors of degree 2 over F_1001027777: OK
25895689,0,1 RHO mem=True nz=True ynz=True cond=True claim_agree=True upper=0.937997785482  CERT
25895689,0,1 T   mem=True nz=True ynz=True cond=True claim_agree=True upper=2203.48670158  CERT
27752696,0,1 RHO mem=True nz=True ynz=True cond=True claim_agree=True upper=0.939128273918  CERT
27752696,0,1 T   mem=True nz=True ynz=True cond=True claim_agree=True upper=2723.21892064  CERT
31701840,0,1 RHO mem=True nz=True ynz=True cond=True claim_agree=True upper=0.901572983458  CERT
31701840,0,1 T   mem=True nz=True ynz=True cond=True claim_agree=True upper=1915.33858156  CERT
33190751,0,1 RHO mem=True nz=True ynz=True cond=True claim_agree=True upper=0.923791635404  CERT
33190751,0,1 T   mem=True nz=True ynz=True cond=True claim_agree=True upper=2778.16801148  CERT
38660563,0,1 RHO mem=True nz=True ynz=True cond=True claim_agree=True upper=0.933015629963  CERT
38660563,0,1 T   mem=True nz=True ynz=True cond=True claim_agree=True upper=2865.71972968  CERT
101456984,0,1 RHO mem=True nz=True ynz=True cond=True claim_agree=True upper=0.937813275305  CERT
101456984,0,1 T   mem=True nz=True ynz=True cond=True claim_agree=True upper=2548.75377089  CERT
133706436,0,1 RHO mem=True nz=True ynz=True cond=True claim_agree=True upper=0.943104134838  CERT
133706436,0,1 T   mem=True nz=True ynz=True cond=True claim_agree=True upper=2788.68726223  CERT
171678743,0,1 RHO mem=True nz=True ynz=True cond=True claim_agree=True upper=0.923791635404  CERT
171678743,0,1 T   mem=True nz=True ynz=True cond=True claim_agree=True upper=2672.76289517  CERT
218501679,0,1 RHO mem=True nz=True ynz=True cond=True claim_agree=True upper=0.952276178266  CERT
218501679,0,1 T   mem=True nz=True ynz=True cond=True claim_agree=True upper=2581.17960159  CERT
244939461,0,1 RHO mem=True nz=True ynz=True cond=True claim_agree=True upper=0.924523199353  CERT
244939461,0,1 T   mem=True nz=True ynz=True cond=True claim_agree=True upper=2693.20929916  CERT
249194306,0,1 RHO mem=True nz=True ynz=True cond=True claim_agree=True upper=0.901572983458  CERT
249194306,0,1 T   mem=True nz=True ynz=True cond=True claim_agree=True upper=2445.44030681  CERT
258901448,0,1 RHO mem=True nz=True ynz=True cond=True claim_agree=True upper=0.933015629963  CERT
258901448,0,1 T   mem=True nz=True ynz=True cond=True claim_agree=True upper=2003.42131236  CERT
340615867,0,1 RHO mem=True nz=True ynz=True cond=True claim_agree=True upper=0.939128273918  CERT
340615867,0,1 T   mem=True nz=True ynz=True cond=True claim_agree=True upper=2406.46174761  CERT
406222425,0,1 RHO mem=True nz=True ynz=True cond=True claim_agree=True upper=0.951230222075  CERT
406222425,0,1 T   mem=True nz=True ynz=True cond=True claim_agree=True upper=2694.96167620  CERT
448776952,0,1 RHO mem=True nz=True ynz=True cond=True claim_agree=True upper=0.951230222075  CERT
448776952,0,1 T   mem=True nz=True ynz=True cond=True claim_agree=True upper=2976.13567996  CERT
470201453,0,1 RHO mem=True nz=True ynz=True cond=True claim_agree=True upper=0.937278191962  CERT
470201453,0,1 T   mem=True nz=True ynz=True cond=True claim_agree=True upper=2835.32043010  CERT
530826324,0,1 RHO mem=True nz=True ynz=True cond=True claim_agree=True upper=0.924523199353  CERT
530826324,0,1 T   mem=True nz=True ynz=True cond=True claim_agree=True upper=2338.43663599  CERT
552250825,0,1 RHO mem=True nz=True ynz=True cond=True claim_agree=True upper=0.939964877423  CERT
552250825,0,1 T   mem=True nz=True ynz=True cond=True claim_agree=True upper=1949.47167771  CERT
594805352,0,1 RHO mem=True nz=True ynz=True cond=True claim_agree=True upper=0.939964877423  CERT
594805352,0,1 T   mem=True nz=True ynz=True cond=True claim_agree=True upper=2357.89752855  CERT
660411910,0,1 RHO mem=True nz=True ynz=True cond=True claim_agree=True upper=0.920729800916  CERT
660411910,0,1 T   mem=True nz=True ynz=True cond=True claim_agree=True upper=3174.23774805  CERT
742126329,0,1 RHO mem=True nz=True ynz=True cond=True claim_agree=True upper=0.922177443719  CERT
742126329,0,1 T   mem=True nz=True ynz=True cond=True claim_agree=True upper=2664.96694136  CERT
751833471,0,1 RHO mem=True nz=True ynz=True cond=True claim_agree=True upper=0.948783624666  CERT
751833471,0,1 T   mem=True nz=True ynz=True cond=True claim_agree=True upper=2501.51130901  CERT
756088316,0,1 RHO mem=True nz=True ynz=True cond=True claim_agree=True upper=0.937278191962  CERT
756088316,0,1 T   mem=True nz=True ynz=True cond=True claim_agree=True upper=2341.09335918  CERT
782526098,0,1 RHO mem=True nz=True ynz=True cond=True claim_agree=True upper=0.943104134838  CERT
782526098,0,1 T   mem=True nz=True ynz=True cond=True claim_agree=True upper=2702.40093343  CERT
829349034,0,1 RHO mem=True nz=True ynz=True cond=True claim_agree=True upper=0.936917434978  CERT
829349034,0,1 T   mem=True nz=True ynz=True cond=True claim_agree=True upper=2642.24077321  CERT
867321341,0,1 RHO mem=True nz=True ynz=True cond=True claim_agree=True upper=0.952276178266  CERT
867321341,0,1 T   mem=True nz=True ynz=True cond=True claim_agree=True upper=2406.79756965  CERT
899570793,0,1 RHO mem=True nz=True ynz=True cond=True claim_agree=True upper=0.937997785482  CERT
899570793,0,1 T   mem=True nz=True ynz=True cond=True claim_agree=True upper=2772.30683940  CERT
962367214,0,1 RHO mem=True nz=True ynz=True cond=True claim_agree=True upper=0.922177443719  CERT
962367214,0,1 T   mem=True nz=True ynz=True cond=True claim_agree=True upper=2254.80091091  CERT
967837026,0,1 RHO mem=True nz=True ynz=True cond=True claim_agree=True upper=0.936917434978  CERT
967837026,0,1 T   mem=True nz=True ynz=True cond=True claim_agree=True upper=2493.68946977  CERT
969325937,0,1 RHO mem=True nz=True ynz=True cond=True claim_agree=True upper=0.948783624666  CERT
969325937,0,1 T   mem=True nz=True ynz=True cond=True claim_agree=True upper=2282.81807754  CERT
973275081,0,1 RHO mem=True nz=True ynz=True cond=True claim_agree=True upper=0.920729800916  CERT
973275081,0,1 T   mem=True nz=True ynz=True cond=True claim_agree=True upper=2360.02948085  CERT
975132088,0,1 RHO mem=True nz=True ynz=True cond=True claim_agree=True upper=0.937813275305  CERT
975132088,0,1 T   mem=True nz=True ynz=True cond=True claim_agree=True upper=1993.64119922  CERT
FAMILY VERIFY n=7 l=1001027777 : EXCLUDED (components certified 32 / 32 ; lines 64 ; failed lines 0)
FAMILY VERIFY PASS
