FACTORIZATION: 32 irreducible factors of degree 2 over F_1001203393: OK
4583605,0,1 RHO mem=True nz=True ynz=True cond=True claim_agree=True upper=0.945803745877  CERT
4583605,0,1 T   mem=True nz=True ynz=True cond=True claim_agree=True upper=2916.71865741  CERT
18476855,0,1 RHO mem=True nz=True ynz=True cond=True claim_agree=True upper=0.960614671748  CERT
18476855,0,1 T   mem=True nz=True ynz=True cond=True claim_agree=True upper=3178.16621847  CERT
40350586,0,1 RHO mem=True nz=True ynz=True cond=True claim_agree=True upper=0.912494885313  CERT
40350586,0,1 T   mem=True nz=True ynz=True cond=True claim_agree=True upper=2447.22947394  CERT
96778398,0,1 RHO mem=True nz=True ynz=True cond=True claim_agree=True upper=0.948209009843  CERT
96778398,0,1 T   mem=True nz=True ynz=True cond=True claim_agree=True upper=2184.39752923  CERT
132071201,0,1 RHO mem=True nz=True ynz=True cond=True claim_agree=True upper=0.912494885313  CERT
132071201,0,1 T   mem=True nz=True ynz=True cond=True claim_agree=True upper=3224.97269701  CERT
147278398,0,1 RHO mem=True nz=True ynz=True cond=True claim_agree=True upper=0.961006723245  CERT
147278398,0,1 T   mem=True nz=True ynz=True cond=True claim_agree=True upper=2042.06060500  CERT
151459165,0,1 RHO mem=True nz=True ynz=True cond=True claim_agree=True upper=0.921036963248  CERT
151459165,0,1 T   mem=True nz=True ynz=True cond=True claim_agree=True upper=2301.20677347  CERT
156671610,0,1 RHO mem=True nz=True ynz=True cond=True claim_agree=True upper=0.948209009843  CERT
156671610,0,1 T   mem=True nz=True ynz=True cond=True claim_agree=True upper=2013.18187561  CERT
166561009,0,1 RHO mem=True nz=True ynz=True cond=True claim_agree=True upper=0.956545033603  CERT
166561009,0,1 T   mem=True nz=True ynz=True cond=True claim_agree=True upper=2361.10662998  CERT
323599650,0,1 RHO mem=True nz=True ynz=True cond=True claim_agree=True upper=0.928283514678  CERT
323599650,0,1 T   mem=True nz=True ynz=True cond=True claim_agree=True upper=2193.67529333  CERT
342790380,0,1 RHO mem=True nz=True ynz=True cond=True claim_agree=True upper=0.967704901598  CERT
342790380,0,1 T   mem=True nz=True ynz=True cond=True claim_agree=True upper=2594.16350336  CERT
380698589,0,1 RHO mem=True nz=True ynz=True cond=True claim_agree=True upper=0.960614671748  CERT
380698589,0,1 T   mem=True nz=True ynz=True cond=True claim_agree=True upper=2002.83927875  CERT
396854781,0,1 RHO mem=True nz=True ynz=True cond=True claim_agree=True upper=0.921036963248  CERT
396854781,0,1 T   mem=True nz=True ynz=True cond=True claim_agree=True upper=2610.55610909  CERT
398426187,0,1 RHO mem=True nz=True ynz=True cond=True claim_agree=True upper=0.962638912867  CERT
398426187,0,1 T   mem=True nz=True ynz=True cond=True claim_agree=True upper=2769.12715954  CERT
415248414,0,1 RHO mem=True nz=True ynz=True cond=True claim_agree=True upper=0.970097771648  CERT
415248414,0,1 T   mem=True nz=True ynz=True cond=True claim_agree=True upper=2483.80728955  CERT
497270326,0,1 RHO mem=True nz=True ynz=True cond=True claim_agree=True upper=0.978521078273  CERT
497270326,0,1 T   mem=True nz=True ynz=True cond=True claim_agree=True upper=2160.89080943  CERT
503933067,0,1 RHO mem=True nz=True ynz=True cond=True claim_agree=True upper=0.956545033603  CERT
503933067,0,1 T   mem=True nz=True ynz=True cond=True claim_agree=True upper=2608.45061872  CERT
585954979,0,1 RHO mem=True nz=True ynz=True cond=True claim_agree=True upper=0.945803745877  CERT
585954979,0,1 T   mem=True nz=True ynz=True cond=True claim_agree=True upper=2256.69943529  CERT
602777206,0,1 RHO mem=True nz=True ynz=True cond=True claim_agree=True upper=0.928283514678  CERT
602777206,0,1 T   mem=True nz=True ynz=True cond=True claim_agree=True upper=2072.60694070  CERT
604348612,0,1 RHO mem=True nz=True ynz=True cond=True claim_agree=True upper=0.953086971393  CERT
604348612,0,1 T   mem=True nz=True ynz=True cond=True claim_agree=True upper=2981.22246730  CERT
620504804,0,1 RHO mem=True nz=True ynz=True cond=True claim_agree=True upper=0.970418049046  CERT
620504804,0,1 T   mem=True nz=True ynz=True cond=True claim_agree=True upper=2492.85294317  CERT
658413013,0,1 RHO mem=True nz=True ynz=True cond=True claim_agree=True upper=0.961006723245  CERT
658413013,0,1 T   mem=True nz=True ynz=True cond=True claim_agree=True upper=2561.85843841  CERT
677603743,0,1 RHO mem=True nz=True ynz=True cond=True claim_agree=True upper=0.962638912867  CERT
677603743,0,1 T   mem=True nz=True ynz=True cond=True claim_agree=True upper=1783.61911114  CERT
834642384,0,1 RHO mem=True nz=True ynz=True cond=True claim_agree=True upper=0.978521078273  CERT
834642384,0,1 T   mem=True nz=True ynz=True cond=True claim_agree=True upper=3052.79427423  CERT
844531783,0,1 RHO mem=True nz=True ynz=True cond=True claim_agree=True upper=0.965525731795  CERT
844531783,0,1 T   mem=True nz=True ynz=True cond=True claim_agree=True upper=2380.33754022  CERT
849744228,0,1 RHO mem=True nz=True ynz=True cond=True claim_agree=True upper=0.953086971393  CERT
849744228,0,1 T   mem=True nz=True ynz=True cond=True claim_agree=True upper=2511.23874894  CERT
853924995,0,1 RHO mem=True nz=True ynz=True cond=True claim_agree=True upper=0.967704901598  CERT
853924995,0,1 T   mem=True nz=True ynz=True cond=True claim_agree=True upper=3039.15916470  CERT
869132192,0,1 RHO mem=True nz=True ynz=True cond=True claim_agree=True upper=0.964476043697  CERT
869132192,0,1 T   mem=True nz=True ynz=True cond=True claim_agree=True upper=3470.09611436  CERT
904424995,0,1 RHO mem=True nz=True ynz=True cond=True claim_agree=True upper=0.965525731795  CERT
904424995,0,1 T   mem=True nz=True ynz=True cond=True claim_agree=True upper=1971.95270319  CERT
960852807,0,1 RHO mem=True nz=True ynz=True cond=True claim_agree=True upper=0.964476043697  CERT
960852807,0,1 T   mem=True nz=True ynz=True cond=True claim_agree=True upper=2677.16953949  CERT
982726538,0,1 RHO mem=True nz=True ynz=True cond=True claim_agree=True upper=0.970418049046  CERT
982726538,0,1 T   mem=True nz=True ynz=True cond=True claim_agree=True upper=3098.07300137  CERT
996619788,0,1 RHO mem=True nz=True ynz=True cond=True claim_agree=True upper=0.970097771648  CERT
996619788,0,1 T   mem=True nz=True ynz=True cond=True claim_agree=True upper=2476.18456597  CERT
FAMILY VERIFY n=7 l=1001203393 : EXCLUDED (components certified 32 / 32 ; lines 64 ; failed lines 0)
FAMILY VERIFY PASS
