FACTORIZATION: 32 irreducible factors of degree 2 over F_1000309697: OK
25271707,0,1 RHO mem=True nz=True ynz=True cond=True claim_agree=True upper=0.989467073057  CERT
25271707,0,1 T   mem=True nz=True ynz=True cond=True claim_agree=True upper=3535.87132404  CERT
35401929,0,1 RHO mem=True nz=True ynz=True cond=True claim_agree=True upper=0.924544670402  CERT
35401929,0,1 T   mem=True nz=True ynz=True cond=True claim_agree=True upper=2390.47472628  CERT
97213770,0,1 RHO mem=True nz=True ynz=True cond=True claim_agree=True upper=0.947629740682  CERT
97213770,0,1 T   mem=True nz=True ynz=True cond=True claim_agree=True upper=2820.99060048  CERT
109087999,0,1 RHO mem=True nz=True ynz=True cond=True claim_agree=True upper=0.936287497990  CERT
109087999,0,1 T   mem=True nz=True ynz=True cond=True claim_agree=True upper=2809.69912991  CERT
124162904,0,1 RHO mem=True nz=True ynz=True cond=True claim_agree=True upper=0.947629740682  CERT
124162904,0,1 T   mem=True nz=True ynz=True cond=True claim_agree=True upper=3003.92725410  CERT
150608889,0,1 RHO mem=True nz=True ynz=True cond=True claim_agree=True upper=0.947034346455  CERT
150608889,0,1 T   mem=True nz=True ynz=True cond=True claim_agree=True upper=2318.95529565  CERT
163492296,0,1 RHO mem=True nz=True ynz=True cond=True claim_agree=True upper=0.925489431449  CERT
163492296,0,1 T   mem=True nz=True ynz=True cond=True claim_agree=True upper=2015.64462978  CERT
197130555,0,1 RHO mem=True nz=True ynz=True cond=True claim_agree=True upper=0.922119569604  CERT
197130555,0,1 T   mem=True nz=True ynz=True cond=True claim_agree=True upper=2501.38112724  CERT
355767245,0,1 RHO mem=True nz=True ynz=True cond=True claim_agree=True upper=0.989467073057  CERT
355767245,0,1 T   mem=True nz=True ynz=True cond=True claim_agree=True upper=3871.36651977  CERT
359648647,0,1 RHO mem=True nz=True ynz=True cond=True claim_agree=True upper=0.935796235055  CERT
359648647,0,1 T   mem=True nz=True ynz=True cond=True claim_agree=True upper=2467.18098816  CERT
366236764,0,1 RHO mem=True nz=True ynz=True cond=True claim_agree=True upper=0.947034346455  CERT
366236764,0,1 T   mem=True nz=True ynz=True cond=True claim_agree=True upper=2194.25964971  CERT
393224418,0,1 RHO mem=True nz=True ynz=True cond=True claim_agree=True upper=0.924544670402  CERT
393224418,0,1 T   mem=True nz=True ynz=True cond=True claim_agree=True upper=2234.73971193  CERT
421531462,0,1 RHO mem=True nz=True ynz=True cond=True claim_agree=True upper=0.878700997173  CERT
421531462,0,1 T   mem=True nz=True ynz=True cond=True claim_agree=True upper=2106.22133256  CERT
453556597,0,1 RHO mem=True nz=True ynz=True cond=True claim_agree=True upper=0.935796235055  CERT
453556597,0,1 T   mem=True nz=True ynz=True cond=True claim_agree=True upper=2265.76866870  CERT
480517489,0,1 RHO mem=True nz=True ynz=True cond=True claim_agree=True upper=0.951137603520  CERT
480517489,0,1 T   mem=True nz=True ynz=True cond=True claim_agree=True upper=2836.08747833  CERT
498390494,0,1 RHO mem=True nz=True ynz=True cond=True claim_agree=True upper=0.922119569604  CERT
498390494,0,1 T   mem=True nz=True ynz=True cond=True claim_agree=True upper=2083.64924200  CERT
501919203,0,1 RHO mem=True nz=True ynz=True cond=True claim_agree=True upper=0.929648114095  CERT
501919203,0,1 T   mem=True nz=True ynz=True cond=True claim_agree=True upper=2601.16392271  CERT
519792208,0,1 RHO mem=True nz=True ynz=True cond=True claim_agree=True upper=0.925489431449  CERT
519792208,0,1 T   mem=True nz=True ynz=True cond=True claim_agree=True upper=1869.91707473  CERT
546753100,0,1 RHO mem=True nz=True ynz=True cond=True claim_agree=True upper=0.962007998630  CERT
546753100,0,1 T   mem=True nz=True ynz=True cond=True claim_agree=True upper=2107.54085204  CERT
578778235,0,1 RHO mem=True nz=True ynz=True cond=True claim_agree=True upper=0.936287497990  CERT
578778235,0,1 T   mem=True nz=True ynz=True cond=True claim_agree=True upper=2403.01580363  CERT
607085279,0,1 RHO mem=True nz=True ynz=True cond=True claim_agree=True upper=0.955012111943  CERT
607085279,0,1 T   mem=True nz=True ynz=True cond=True claim_agree=True upper=3086.95217838  CERT
634072933,0,1 RHO mem=True nz=True ynz=True cond=True claim_agree=True upper=0.945383088686  CERT
634072933,0,1 T   mem=True nz=True ynz=True cond=True claim_agree=True upper=2207.41076478  CERT
640661050,0,1 RHO mem=True nz=True ynz=True cond=True claim_agree=True upper=0.962007998630  CERT
640661050,0,1 T   mem=True nz=True ynz=True cond=True claim_agree=True upper=2615.78480214  CERT
644542452,0,1 RHO mem=True nz=True ynz=True cond=True claim_agree=True upper=0.889805845017  CERT
644542452,0,1 T   mem=True nz=True ynz=True cond=True claim_agree=True upper=2379.58613271  CERT
803179142,0,1 RHO mem=True nz=True ynz=True cond=True claim_agree=True upper=0.929648114095  CERT
803179142,0,1 T   mem=True nz=True ynz=True cond=True claim_agree=True upper=2001.80058201  CERT
836817401,0,1 RHO mem=True nz=True ynz=True cond=True claim_agree=True upper=0.951137603520  CERT
836817401,0,1 T   mem=True nz=True ynz=True cond=True claim_agree=True upper=2166.15700606  CERT
849700808,0,1 RHO mem=True nz=True ynz=True cond=True claim_agree=True upper=0.945383088686  CERT
849700808,0,1 T   mem=True nz=True ynz=True cond=True claim_agree=True upper=2274.62027841  CERT
876146793,0,1 RHO mem=True nz=True ynz=True cond=True claim_agree=True upper=0.915454536515  CERT
876146793,0,1 T   mem=True nz=True ynz=True cond=True claim_agree=True upper=2875.22893333  CERT
891221698,0,1 RHO mem=True nz=True ynz=True cond=True claim_agree=True upper=0.878700997173  CERT
891221698,0,1 T   mem=True nz=True ynz=True cond=True claim_agree=True upper=2807.20984183  CERT
903095927,0,1 RHO mem=True nz=True ynz=True cond=True claim_agree=True upper=0.915454536515  CERT
903095927,0,1 T   mem=True nz=True ynz=True cond=True claim_agree=True upper=2268.61601870  CERT
964907768,0,1 RHO mem=True nz=True ynz=True cond=True claim_agree=True upper=0.955012111943  CERT
964907768,0,1 T   mem=True nz=True ynz=True cond=True claim_agree=True upper=2649.76768706  CERT
975037990,0,1 RHO mem=True nz=True ynz=True cond=True claim_agree=True upper=0.889805845017  CERT
975037990,0,1 T   mem=True nz=True ynz=True cond=True claim_agree=True upper=2080.75919713  CERT
FAMILY VERIFY n=7 l=1000309697 : EXCLUDED (components certified 32 / 32 ; lines 64 ; failed lines 0)
FAMILY VERIFY PASS
