FACTORIZATION: 32 irreducible factors of degree 2 over F_1000966081: OK
72502844,0,1 RHO mem=True nz=True ynz=True cond=True claim_agree=True upper=0.877983751885  CERT
72502844,0,1 T   mem=True nz=True ynz=True cond=True claim_agree=True upper=1593.48317692  CERT
135924787,0,1 RHO mem=True nz=True ynz=True cond=True claim_agree=True upper=0.863753307279  CERT
135924787,0,1 T   mem=True nz=True ynz=True cond=True claim_agree=True upper=1916.53095714  CERT
165735978,0,1 RHO mem=True nz=True ynz=True cond=True claim_agree=True upper=0.863753307279  CERT
165735978,0,1 T   mem=True nz=True ynz=True cond=True claim_agree=True upper=2091.53149227  CERT
181700873,0,1 RHO mem=True nz=True ynz=True cond=True claim_agree=True upper=0.922547768319  CERT
181700873,0,1 T   mem=True nz=True ynz=True cond=True claim_agree=True upper=2526.94408589  CERT
204355107,0,1 RHO mem=True nz=True ynz=True cond=True claim_agree=True upper=0.883940995521  CERT
204355107,0,1 T   mem=True nz=True ynz=True cond=True claim_agree=True upper=1660.90436763  CERT
210858784,0,1 RHO mem=True nz=True ynz=True cond=True claim_agree=True upper=0.871340054455  CERT
210858784,0,1 T   mem=True nz=True ynz=True cond=True claim_agree=True upper=1885.62728314  CERT
222528358,0,1 RHO mem=True nz=True ynz=True cond=True claim_agree=True upper=0.861483348915  CERT
222528358,0,1 T   mem=True nz=True ynz=True cond=True claim_agree=True upper=1549.68762033  CERT
245723710,0,1 RHO mem=True nz=True ynz=True cond=True claim_agree=True upper=0.838736057388  CERT
245723710,0,1 T   mem=True nz=True ynz=True cond=True claim_agree=True upper=1551.63219964  CERT
279062681,0,1 RHO mem=True nz=True ynz=True cond=True claim_agree=True upper=0.825982616797  CERT
279062681,0,1 T   mem=True nz=True ynz=True cond=True claim_agree=True upper=1356.32235757  CERT
290863881,0,1 RHO mem=True nz=True ynz=True cond=True claim_agree=True upper=0.876072488311  CERT
290863881,0,1 T   mem=True nz=True ynz=True cond=True claim_agree=True upper=1671.21925423  CERT
317183392,0,1 RHO mem=True nz=True ynz=True cond=True claim_agree=True upper=0.879180537046  CERT
317183392,0,1 T   mem=True nz=True ynz=True cond=True claim_agree=True upper=2052.98351141  CERT
328680911,0,1 RHO mem=True nz=True ynz=True cond=True claim_agree=True upper=0.883940995521  CERT
328680911,0,1 T   mem=True nz=True ynz=True cond=True claim_agree=True upper=2351.51584103  CERT
347199382,0,1 RHO mem=True nz=True ynz=True cond=True claim_agree=True upper=0.877983751885  CERT
347199382,0,1 T   mem=True nz=True ynz=True cond=True claim_agree=True upper=1620.88632666  CERT
367342747,0,1 RHO mem=True nz=True ynz=True cond=True claim_agree=True upper=0.871340054455  CERT
367342747,0,1 T   mem=True nz=True ynz=True cond=True claim_agree=True upper=1664.76022886  CERT
376862662,0,1 RHO mem=True nz=True ynz=True cond=True claim_agree=True upper=0.876072488311  CERT
376862662,0,1 T   mem=True nz=True ynz=True cond=True claim_agree=True upper=1952.10834882  CERT
438414084,0,1 RHO mem=True nz=True ynz=True cond=True claim_agree=True upper=0.894507315011  CERT
438414084,0,1 T   mem=True nz=True ynz=True cond=True claim_agree=True upper=1913.63054353  CERT
562551997,0,1 RHO mem=True nz=True ynz=True cond=True claim_agree=True upper=0.838736057388  CERT
562551997,0,1 T   mem=True nz=True ynz=True cond=True claim_agree=True upper=1290.65008762  CERT
624103419,0,1 RHO mem=True nz=True ynz=True cond=True claim_agree=True upper=0.868500514066  CERT
624103419,0,1 T   mem=True nz=True ynz=True cond=True claim_agree=True upper=1747.70032646  CERT
633623334,0,1 RHO mem=True nz=True ynz=True cond=True claim_agree=True upper=0.860795664703  CERT
633623334,0,1 T   mem=True nz=True ynz=True cond=True claim_agree=True upper=1483.66145096  CERT
653766699,0,1 RHO mem=True nz=True ynz=True cond=True claim_agree=True upper=0.850039622806  CERT
653766699,0,1 T   mem=True nz=True ynz=True cond=True claim_agree=True upper=1676.91562622  CERT
672285170,0,1 RHO mem=True nz=True ynz=True cond=True claim_agree=True upper=0.862621756874  CERT
672285170,0,1 T   mem=True nz=True ynz=True cond=True claim_agree=True upper=1615.09258086  CERT
683782689,0,1 RHO mem=True nz=True ynz=True cond=True claim_agree=True upper=0.861483348915  CERT
683782689,0,1 T   mem=True nz=True ynz=True cond=True claim_agree=True upper=1602.71424911  CERT
710102200,0,1 RHO mem=True nz=True ynz=True cond=True claim_agree=True upper=0.868500514066  CERT
710102200,0,1 T   mem=True nz=True ynz=True cond=True claim_agree=True upper=1494.21966212  CERT
721903400,0,1 RHO mem=True nz=True ynz=True cond=True claim_agree=True upper=0.922547768319  CERT
721903400,0,1 T   mem=True nz=True ynz=True cond=True claim_agree=True upper=2196.42813397  CERT
755242371,0,1 RHO mem=True nz=True ynz=True cond=True claim_agree=True upper=0.894507315011  CERT
755242371,0,1 T   mem=True nz=True ynz=True cond=True claim_agree=True upper=2130.19365730  CERT
778437723,0,1 RHO mem=True nz=True ynz=True cond=True claim_agree=True upper=0.879180537046  CERT
778437723,0,1 T   mem=True nz=True ynz=True cond=True claim_agree=True upper=1778.01576148  CERT
790107297,0,1 RHO mem=True nz=True ynz=True cond=True claim_agree=True upper=0.860795664703  CERT
790107297,0,1 T   mem=True nz=True ynz=True cond=True claim_agree=True upper=1671.31504742  CERT
796610974,0,1 RHO mem=True nz=True ynz=True cond=True claim_agree=True upper=0.862621756874  CERT
796610974,0,1 T   mem=True nz=True ynz=True cond=True claim_agree=True upper=1782.85535232  CERT
819265208,0,1 RHO mem=True nz=True ynz=True cond=True claim_agree=True upper=0.825982616797  CERT
819265208,0,1 T   mem=True nz=True ynz=True cond=True claim_agree=True upper=1540.72735309  CERT
835230103,0,1 RHO mem=True nz=True ynz=True cond=True claim_agree=True upper=0.872782598201  CERT
835230103,0,1 T   mem=True nz=True ynz=True cond=True claim_agree=True upper=1359.43909290  CERT
865041294,0,1 RHO mem=True nz=True ynz=True cond=True claim_agree=True upper=0.872782598201  CERT
865041294,0,1 T   mem=True nz=True ynz=True cond=True claim_agree=True upper=1991.80795285  CERT
928463237,0,1 RHO mem=True nz=True ynz=True cond=True claim_agree=True upper=0.850039622806  CERT
928463237,0,1 T   mem=True nz=True ynz=True cond=True claim_agree=True upper=1733.23043643  CERT
FAMILY VERIFY n=7 l=1000966081 : EXCLUDED (components certified 32 / 32 ; lines 64 ; failed lines 0)
FAMILY VERIFY PASS
