FACTORIZATION: 32 irreducible factors of degree 2 over F_1000049473: OK
645374,0,1 RHO mem=True nz=True ynz=True cond=True claim_agree=True upper=0.911161446915  CERT
645374,0,1 T   mem=True nz=True ynz=True cond=True claim_agree=True upper=2135.06260594  CERT
30570253,0,1 RHO mem=True nz=True ynz=True cond=True claim_agree=True upper=0.958693438146  CERT
30570253,0,1 T   mem=True nz=True ynz=True cond=True claim_agree=True upper=2541.18165894  CERT
37934709,0,1 RHO mem=True nz=True ynz=True cond=True claim_agree=True upper=0.876453775337  CERT
37934709,0,1 T   mem=True nz=True ynz=True cond=True claim_agree=True upper=1714.66768789  CERT
67713274,0,1 RHO mem=True nz=True ynz=True cond=True claim_agree=True upper=0.927398612379  CERT
67713274,0,1 T   mem=True nz=True ynz=True cond=True claim_agree=True upper=2723.47574329  CERT
79260670,0,1 RHO mem=True nz=True ynz=True cond=True claim_agree=True upper=0.895766187039  CERT
79260670,0,1 T   mem=True nz=True ynz=True cond=True claim_agree=True upper=1872.02558489  CERT
103239384,0,1 RHO mem=True nz=True ynz=True cond=True claim_agree=True upper=0.918634518760  CERT
103239384,0,1 T   mem=True nz=True ynz=True cond=True claim_agree=True upper=1774.80715590  CERT
119744179,0,1 RHO mem=True nz=True ynz=True cond=True claim_agree=True upper=0.908031191548  CERT
119744179,0,1 T   mem=True nz=True ynz=True cond=True claim_agree=True upper=1724.95105320  CERT
167295737,0,1 RHO mem=True nz=True ynz=True cond=True claim_agree=True upper=0.958693438146  CERT
167295737,0,1 T   mem=True nz=True ynz=True cond=True claim_agree=True upper=2565.35529631  CERT
171030769,0,1 RHO mem=True nz=True ynz=True cond=True claim_agree=True upper=0.957929339910  CERT
171030769,0,1 T   mem=True nz=True ynz=True cond=True claim_agree=True upper=2353.98805604  CERT
174524950,0,1 RHO mem=True nz=True ynz=True cond=True claim_agree=True upper=0.908031191548  CERT
174524950,0,1 T   mem=True nz=True ynz=True cond=True claim_agree=True upper=1738.66455017  CERT
184911029,0,1 RHO mem=True nz=True ynz=True cond=True claim_agree=True upper=0.909405807574  CERT
184911029,0,1 T   mem=True nz=True ynz=True cond=True claim_agree=True upper=1677.07684986  CERT
235781418,0,1 RHO mem=True nz=True ynz=True cond=True claim_agree=True upper=0.876453775337  CERT
235781418,0,1 T   mem=True nz=True ynz=True cond=True claim_agree=True upper=1598.26006390  CERT
317376491,0,1 RHO mem=True nz=True ynz=True cond=True claim_agree=True upper=0.937264054133  CERT
317376491,0,1 T   mem=True nz=True ynz=True cond=True claim_agree=True upper=1939.21616327  CERT
322236855,0,1 RHO mem=True nz=True ynz=True cond=True claim_agree=True upper=0.911161446915  CERT
322236855,0,1 T   mem=True nz=True ynz=True cond=True claim_agree=True upper=2525.99313425  CERT
348912727,0,1 RHO mem=True nz=True ynz=True cond=True claim_agree=True upper=0.925431946433  CERT
348912727,0,1 T   mem=True nz=True ynz=True cond=True claim_agree=True upper=2183.60839686  CERT
375109813,0,1 RHO mem=True nz=True ynz=True cond=True claim_agree=True upper=0.927398612379  CERT
375109813,0,1 T   mem=True nz=True ynz=True cond=True claim_agree=True upper=2636.29276937  CERT
624939660,0,1 RHO mem=True nz=True ynz=True cond=True claim_agree=True upper=0.961958099658  CERT
624939660,0,1 T   mem=True nz=True ynz=True cond=True claim_agree=True upper=1973.90611488  CERT
651136746,0,1 RHO mem=True nz=True ynz=True cond=True claim_agree=True upper=0.918634518760  CERT
651136746,0,1 T   mem=True nz=True ynz=True cond=True claim_agree=True upper=2414.18896498  CERT
677812618,0,1 RHO mem=True nz=True ynz=True cond=True claim_agree=True upper=0.896271475479  CERT
677812618,0,1 T   mem=True nz=True ynz=True cond=True claim_agree=True upper=1846.80314461  CERT
682672982,0,1 RHO mem=True nz=True ynz=True cond=True claim_agree=True upper=0.957929339910  CERT
682672982,0,1 T   mem=True nz=True ynz=True cond=True claim_agree=True upper=2060.06391208  CERT
764268055,0,1 RHO mem=True nz=True ynz=True cond=True claim_agree=True upper=0.924813312494  CERT
764268055,0,1 T   mem=True nz=True ynz=True cond=True claim_agree=True upper=1716.34902218  CERT
815138444,0,1 RHO mem=True nz=True ynz=True cond=True claim_agree=True upper=0.895766187039  CERT
815138444,0,1 T   mem=True nz=True ynz=True cond=True claim_agree=True upper=1938.70078234  CERT
825524523,0,1 RHO mem=True nz=True ynz=True cond=True claim_agree=True upper=0.971613771140  CERT
825524523,0,1 T   mem=True nz=True ynz=True cond=True claim_agree=True upper=2401.43988337  CERT
829018704,0,1 RHO mem=True nz=True ynz=True cond=True claim_agree=True upper=0.937264054133  CERT
829018704,0,1 T   mem=True nz=True ynz=True cond=True claim_agree=True upper=2101.81071681  CERT
832753736,0,1 RHO mem=True nz=True ynz=True cond=True claim_agree=True upper=0.873372336277  CERT
832753736,0,1 T   mem=True nz=True ynz=True cond=True claim_agree=True upper=1642.81007356  CERT
880305294,0,1 RHO mem=True nz=True ynz=True cond=True claim_agree=True upper=0.971613771140  CERT
880305294,0,1 T   mem=True nz=True ynz=True cond=True claim_agree=True upper=3134.33678946  CERT
896810089,0,1 RHO mem=True nz=True ynz=True cond=True claim_agree=True upper=0.925431946433  CERT
896810089,0,1 T   mem=True nz=True ynz=True cond=True claim_agree=True upper=2694.69276318  CERT
920788803,0,1 RHO mem=True nz=True ynz=True cond=True claim_agree=True upper=0.909405807574  CERT
920788803,0,1 T   mem=True nz=True ynz=True cond=True claim_agree=True upper=1956.25782775  CERT
932336199,0,1 RHO mem=True nz=True ynz=True cond=True claim_agree=True upper=0.962909336912  CERT
932336199,0,1 T   mem=True nz=True ynz=True cond=True claim_agree=True upper=2338.09194171  CERT
962114764,0,1 RHO mem=True nz=True ynz=True cond=True claim_agree=True upper=0.924813312494  CERT
962114764,0,1 T   mem=True nz=True ynz=True cond=True claim_agree=True upper=1793.81040711  CERT
969479220,0,1 RHO mem=True nz=True ynz=True cond=True claim_agree=True upper=0.873372336277  CERT
969479220,0,1 T   mem=True nz=True ynz=True cond=True claim_agree=True upper=2025.11784781  CERT
999404099,0,1 RHO mem=True nz=True ynz=True cond=True claim_agree=True upper=0.896271475479  CERT
999404099,0,1 T   mem=True nz=True ynz=True cond=True claim_agree=True upper=1902.11194274  CERT
FAMILY VERIFY n=7 l=1000049473 : EXCLUDED (components certified 32 / 32 ; lines 64 ; failed lines 0)
FAMILY VERIFY PASS
