FACTORIZATION: 32 irreducible factors of degree 2 over F_1000634177: OK
83567558,0,1 RHO mem=True nz=True ynz=True cond=True claim_agree=True upper=0.863060766774  CERT
83567558,0,1 T   mem=True nz=True ynz=True cond=True claim_agree=True upper=2414.35480218  CERT
95549450,0,1 RHO mem=True nz=True ynz=True cond=True claim_agree=True upper=0.845837494406  CERT
95549450,0,1 T   mem=True nz=True ynz=True cond=True claim_agree=True upper=2572.51543956  CERT
121320615,0,1 RHO mem=True nz=True ynz=True cond=True claim_agree=True upper=0.870725641519  CERT
121320615,0,1 T   mem=True nz=True ynz=True cond=True claim_agree=True upper=2531.42302021  CERT
176050909,0,1 RHO mem=True nz=True ynz=True cond=True claim_agree=True upper=0.890404517307  CERT
176050909,0,1 T   mem=True nz=True ynz=True cond=True claim_agree=True upper=2176.11888211  CERT
176655628,0,1 RHO mem=True nz=True ynz=True cond=True claim_agree=True upper=0.857740180460  CERT
176655628,0,1 T   mem=True nz=True ynz=True cond=True claim_agree=True upper=1684.27474904  CERT
183897275,0,1 RHO mem=True nz=True ynz=True cond=True claim_agree=True upper=0.857129863720  CERT
183897275,0,1 T   mem=True nz=True ynz=True cond=True claim_agree=True upper=2088.27701997  CERT
191644580,0,1 RHO mem=True nz=True ynz=True cond=True claim_agree=True upper=0.839076967964  CERT
191644580,0,1 T   mem=True nz=True ynz=True cond=True claim_agree=True upper=1942.24487838  CERT
248045424,0,1 RHO mem=True nz=True ynz=True cond=True claim_agree=True upper=0.869401142088  CERT
248045424,0,1 T   mem=True nz=True ynz=True cond=True claim_agree=True upper=1983.08403136  CERT
300912361,0,1 RHO mem=True nz=True ynz=True cond=True claim_agree=True upper=0.843973590249  CERT
300912361,0,1 T   mem=True nz=True ynz=True cond=True claim_agree=True upper=2154.52144222  CERT
332240112,0,1 RHO mem=True nz=True ynz=True cond=True claim_agree=True upper=0.867277669708  CERT
332240112,0,1 T   mem=True nz=True ynz=True cond=True claim_agree=True upper=2319.46301981  CERT
356697841,0,1 RHO mem=True nz=True ynz=True cond=True claim_agree=True upper=0.866561620072  CERT
356697841,0,1 T   mem=True nz=True ynz=True cond=True claim_agree=True upper=2029.67752177  CERT
361208496,0,1 RHO mem=True nz=True ynz=True cond=True claim_agree=True upper=0.843973590249  CERT
361208496,0,1 T   mem=True nz=True ynz=True cond=True claim_agree=True upper=2542.30071768  CERT
370828081,0,1 RHO mem=True nz=True ynz=True cond=True claim_agree=True upper=0.873392117447  CERT
370828081,0,1 T   mem=True nz=True ynz=True cond=True claim_agree=True upper=2307.47852342  CERT
400150024,0,1 RHO mem=True nz=True ynz=True cond=True claim_agree=True upper=0.867277669708  CERT
400150024,0,1 T   mem=True nz=True ynz=True cond=True claim_agree=True upper=2369.44534093  CERT
429976545,0,1 RHO mem=True nz=True ynz=True cond=True claim_agree=True upper=0.863060766774  CERT
429976545,0,1 T   mem=True nz=True ynz=True cond=True claim_agree=True upper=1735.17577159  CERT
438276417,0,1 RHO mem=True nz=True ynz=True cond=True claim_agree=True upper=0.839076967964  CERT
438276417,0,1 T   mem=True nz=True ynz=True cond=True claim_agree=True upper=1647.91577111  CERT
562357760,0,1 RHO mem=True nz=True ynz=True cond=True claim_agree=True upper=0.900573105717  CERT
562357760,0,1 T   mem=True nz=True ynz=True cond=True claim_agree=True upper=2297.26155204  CERT
570657632,0,1 RHO mem=True nz=True ynz=True cond=True claim_agree=True upper=0.872780028462  CERT
570657632,0,1 T   mem=True nz=True ynz=True cond=True claim_agree=True upper=1995.71278478  CERT
600484153,0,1 RHO mem=True nz=True ynz=True cond=True claim_agree=True upper=0.888286341063  CERT
600484153,0,1 T   mem=True nz=True ynz=True cond=True claim_agree=True upper=3269.40715641  CERT
629806096,0,1 RHO mem=True nz=True ynz=True cond=True claim_agree=True upper=0.845837494406  CERT
629806096,0,1 T   mem=True nz=True ynz=True cond=True claim_agree=True upper=2507.84292011  CERT
639425681,0,1 RHO mem=True nz=True ynz=True cond=True claim_agree=True upper=0.877519825674  CERT
639425681,0,1 T   mem=True nz=True ynz=True cond=True claim_agree=True upper=2408.02902894  CERT
643936336,0,1 RHO mem=True nz=True ynz=True cond=True claim_agree=True upper=0.857129863720  CERT
643936336,0,1 T   mem=True nz=True ynz=True cond=True claim_agree=True upper=1902.90169196  CERT
668394065,0,1 RHO mem=True nz=True ynz=True cond=True claim_agree=True upper=0.888286341063  CERT
668394065,0,1 T   mem=True nz=True ynz=True cond=True claim_agree=True upper=2359.71543568  CERT
699721816,0,1 RHO mem=True nz=True ynz=True cond=True claim_agree=True upper=0.877519825674  CERT
699721816,0,1 T   mem=True nz=True ynz=True cond=True claim_agree=True upper=2474.08780583  CERT
752588753,0,1 RHO mem=True nz=True ynz=True cond=True claim_agree=True upper=0.857740180460  CERT
752588753,0,1 T   mem=True nz=True ynz=True cond=True claim_agree=True upper=1834.11692294  CERT
808989597,0,1 RHO mem=True nz=True ynz=True cond=True claim_agree=True upper=0.900573105717  CERT
808989597,0,1 T   mem=True nz=True ynz=True cond=True claim_agree=True upper=2304.61461292  CERT
816736902,0,1 RHO mem=True nz=True ynz=True cond=True claim_agree=True upper=0.866561620072  CERT
816736902,0,1 T   mem=True nz=True ynz=True cond=True claim_agree=True upper=1471.10366081  CERT
823978549,0,1 RHO mem=True nz=True ynz=True cond=True claim_agree=True upper=0.869401142088  CERT
823978549,0,1 T   mem=True nz=True ynz=True cond=True claim_agree=True upper=2211.34470761  CERT
824583268,0,1 RHO mem=True nz=True ynz=True cond=True claim_agree=True upper=0.870725641519  CERT
824583268,0,1 T   mem=True nz=True ynz=True cond=True claim_agree=True upper=2447.29666509  CERT
879313562,0,1 RHO mem=True nz=True ynz=True cond=True claim_agree=True upper=0.890404517307  CERT
879313562,0,1 T   mem=True nz=True ynz=True cond=True claim_agree=True upper=2774.11993926  CERT
905084727,0,1 RHO mem=True nz=True ynz=True cond=True claim_agree=True upper=0.873392117447  CERT
905084727,0,1 T   mem=True nz=True ynz=True cond=True claim_agree=True upper=1984.34053798  CERT
917066619,0,1 RHO mem=True nz=True ynz=True cond=True claim_agree=True upper=0.872780028462  CERT
917066619,0,1 T   mem=True nz=True ynz=True cond=True claim_agree=True upper=1985.07169081  CERT
FAMILY VERIFY n=7 l=1000634177 : EXCLUDED (components certified 32 / 32 ; lines 64 ; failed lines 0)
FAMILY VERIFY PASS
