FACTORIZATION: 32 irreducible factors of degree 2 over F_1000565953: OK
50508750,0,1 RHO mem=True nz=True ynz=True cond=True claim_agree=True upper=0.929681897722  CERT
50508750,0,1 T   mem=True nz=True ynz=True cond=True claim_agree=True upper=2542.88267704  CERT
60774010,0,1 RHO mem=True nz=True ynz=True cond=True claim_agree=True upper=0.929681897722  CERT
60774010,0,1 T   mem=True nz=True ynz=True cond=True claim_agree=True upper=2608.48367977  CERT
100297220,0,1 RHO mem=True nz=True ynz=True cond=True claim_agree=True upper=0.961192798421  CERT
100297220,0,1 T   mem=True nz=True ynz=True cond=True claim_agree=True upper=2554.37355300  CERT
111493594,0,1 RHO mem=True nz=True ynz=True cond=True claim_agree=True upper=0.931693666218  CERT
111493594,0,1 T   mem=True nz=True ynz=True cond=True claim_agree=True upper=2274.58484514  CERT
125230877,0,1 RHO mem=True nz=True ynz=True cond=True claim_agree=True upper=0.916881241537  CERT
125230877,0,1 T   mem=True nz=True ynz=True cond=True claim_agree=True upper=2550.34487762  CERT
265995909,0,1 RHO mem=True nz=True ynz=True cond=True claim_agree=True upper=0.931693666218  CERT
265995909,0,1 T   mem=True nz=True ynz=True cond=True claim_agree=True upper=2410.26025512  CERT
274140261,0,1 RHO mem=True nz=True ynz=True cond=True claim_agree=True upper=0.973885044219  CERT
274140261,0,1 T   mem=True nz=True ynz=True cond=True claim_agree=True upper=2942.52760590  CERT
282383941,0,1 RHO mem=True nz=True ynz=True cond=True claim_agree=True upper=0.928320154471  CERT
282383941,0,1 T   mem=True nz=True ynz=True cond=True claim_agree=True upper=2071.38263123  CERT
323697512,0,1 RHO mem=True nz=True ynz=True cond=True claim_agree=True upper=0.973885044219  CERT
323697512,0,1 T   mem=True nz=True ynz=True cond=True claim_agree=True upper=3102.94603597  CERT
337682542,0,1 RHO mem=True nz=True ynz=True cond=True claim_agree=True upper=0.961192798421  CERT
337682542,0,1 T   mem=True nz=True ynz=True cond=True claim_agree=True upper=2366.12329720  CERT
361139428,0,1 RHO mem=True nz=True ynz=True cond=True claim_agree=True upper=0.942159247395  CERT
361139428,0,1 T   mem=True nz=True ynz=True cond=True claim_agree=True upper=2338.23305643  CERT
430773953,0,1 RHO mem=True nz=True ynz=True cond=True claim_agree=True upper=0.967369021608  CERT
430773953,0,1 T   mem=True nz=True ynz=True cond=True claim_agree=True upper=2414.49217846  CERT
435702925,0,1 RHO mem=True nz=True ynz=True cond=True claim_agree=True upper=0.967369021608  CERT
435702925,0,1 T   mem=True nz=True ynz=True cond=True claim_agree=True upper=2287.00660282  CERT
458936280,0,1 RHO mem=True nz=True ynz=True cond=True claim_agree=True upper=0.958862793446  CERT
458936280,0,1 T   mem=True nz=True ynz=True cond=True claim_agree=True upper=2659.93795597  CERT
473249381,0,1 RHO mem=True nz=True ynz=True cond=True claim_agree=True upper=0.942159247395  CERT
473249381,0,1 T   mem=True nz=True ynz=True cond=True claim_agree=True upper=2959.24255692  CERT
480719835,0,1 RHO mem=True nz=True ynz=True cond=True claim_agree=True upper=0.958862793446  CERT
480719835,0,1 T   mem=True nz=True ynz=True cond=True claim_agree=True upper=2266.06880204  CERT
519846118,0,1 RHO mem=True nz=True ynz=True cond=True claim_agree=True upper=0.937008196182  CERT
519846118,0,1 T   mem=True nz=True ynz=True cond=True claim_agree=True upper=2920.29283139  CERT
527316572,0,1 RHO mem=True nz=True ynz=True cond=True claim_agree=True upper=0.941801129485  CERT
527316572,0,1 T   mem=True nz=True ynz=True cond=True claim_agree=True upper=2161.66666955  CERT
541629673,0,1 RHO mem=True nz=True ynz=True cond=True claim_agree=True upper=0.937008196182  CERT
541629673,0,1 T   mem=True nz=True ynz=True cond=True claim_agree=True upper=2634.07934886  CERT
564863028,0,1 RHO mem=True nz=True ynz=True cond=True claim_agree=True upper=0.944217997432  CERT
564863028,0,1 T   mem=True nz=True ynz=True cond=True claim_agree=True upper=2436.59186623  CERT
569792000,0,1 RHO mem=True nz=True ynz=True cond=True claim_agree=True upper=0.944217997432  CERT
569792000,0,1 T   mem=True nz=True ynz=True cond=True claim_agree=True upper=2055.19507761  CERT
639426525,0,1 RHO mem=True nz=True ynz=True cond=True claim_agree=True upper=0.941801129485  CERT
639426525,0,1 T   mem=True nz=True ynz=True cond=True claim_agree=True upper=2399.41891661  CERT
662883411,0,1 RHO mem=True nz=True ynz=True cond=True claim_agree=True upper=0.936073737475  CERT
662883411,0,1 T   mem=True nz=True ynz=True cond=True claim_agree=True upper=2633.53975342  CERT
676868441,0,1 RHO mem=True nz=True ynz=True cond=True claim_agree=True upper=0.936523630121  CERT
676868441,0,1 T   mem=True nz=True ynz=True cond=True claim_agree=True upper=2841.50388378  CERT
718182012,0,1 RHO mem=True nz=True ynz=True cond=True claim_agree=True upper=0.916881241537  CERT
718182012,0,1 T   mem=True nz=True ynz=True cond=True claim_agree=True upper=2154.20042331  CERT
726425692,0,1 RHO mem=True nz=True ynz=True cond=True claim_agree=True upper=0.936523630121  CERT
726425692,0,1 T   mem=True nz=True ynz=True cond=True claim_agree=True upper=2541.57925555  CERT
734570044,0,1 RHO mem=True nz=True ynz=True cond=True claim_agree=True upper=0.957364729314  CERT
734570044,0,1 T   mem=True nz=True ynz=True cond=True claim_agree=True upper=2215.12238031  CERT
875335076,0,1 RHO mem=True nz=True ynz=True cond=True claim_agree=True upper=0.928320154471  CERT
875335076,0,1 T   mem=True nz=True ynz=True cond=True claim_agree=True upper=1773.49207146  CERT
889072359,0,1 RHO mem=True nz=True ynz=True cond=True claim_agree=True upper=0.957364729314  CERT
889072359,0,1 T   mem=True nz=True ynz=True cond=True claim_agree=True upper=2623.33490301  CERT
900268733,0,1 RHO mem=True nz=True ynz=True cond=True claim_agree=True upper=0.936073737475  CERT
900268733,0,1 T   mem=True nz=True ynz=True cond=True claim_agree=True upper=2793.77857930  CERT
939791943,0,1 RHO mem=True nz=True ynz=True cond=True claim_agree=True upper=0.967881351394  CERT
939791943,0,1 T   mem=True nz=True ynz=True cond=True claim_agree=True upper=2200.21883821  CERT
950057203,0,1 RHO mem=True nz=True ynz=True cond=True claim_agree=True upper=0.967881351394  CERT
950057203,0,1 T   mem=True nz=True ynz=True cond=True claim_agree=True upper=2453.48805495  CERT
FAMILY VERIFY n=7 l=1000565953 : EXCLUDED (components certified 32 / 32 ; lines 64 ; failed lines 0)
FAMILY VERIFY PASS
