FACTORIZATION: 32 irreducible factors of degree 2 over F_1000735297: OK
8625096,0,1 RHO mem=True nz=True ynz=True cond=True claim_agree=True upper=0.947589048512  CERT
8625096,0,1 T   mem=True nz=True ynz=True cond=True claim_agree=True upper=1900.39093017  CERT
44512792,0,1 RHO mem=True nz=True ynz=True cond=True claim_agree=True upper=0.932445749960  CERT
44512792,0,1 T   mem=True nz=True ynz=True cond=True claim_agree=True upper=2399.54473072  CERT
77515355,0,1 RHO mem=True nz=True ynz=True cond=True claim_agree=True upper=0.967308228923  CERT
77515355,0,1 T   mem=True nz=True ynz=True cond=True claim_agree=True upper=1926.80498097  CERT
155143264,0,1 RHO mem=True nz=True ynz=True cond=True claim_agree=True upper=0.952794478361  CERT
155143264,0,1 T   mem=True nz=True ynz=True cond=True claim_agree=True upper=1983.58340613  CERT
162252680,0,1 RHO mem=True nz=True ynz=True cond=True claim_agree=True upper=0.974294971630  CERT
162252680,0,1 T   mem=True nz=True ynz=True cond=True claim_agree=True upper=2628.97919727  CERT
173402827,0,1 RHO mem=True nz=True ynz=True cond=True claim_agree=True upper=0.966777902423  CERT
173402827,0,1 T   mem=True nz=True ynz=True cond=True claim_agree=True upper=2360.79854080  CERT
219369762,0,1 RHO mem=True nz=True ynz=True cond=True claim_agree=True upper=0.922298429432  CERT
219369762,0,1 T   mem=True nz=True ynz=True cond=True claim_agree=True upper=1556.71339704  CERT
245080844,0,1 RHO mem=True nz=True ynz=True cond=True claim_agree=True upper=0.939724383553  CERT
245080844,0,1 T   mem=True nz=True ynz=True cond=True claim_agree=True upper=1946.99243736  CERT
309683692,0,1 RHO mem=True nz=True ynz=True cond=True claim_agree=True upper=0.889652706772  CERT
309683692,0,1 T   mem=True nz=True ynz=True cond=True claim_agree=True upper=2219.87927760  CERT
352469121,0,1 RHO mem=True nz=True ynz=True cond=True claim_agree=True upper=0.965415197929  CERT
352469121,0,1 T   mem=True nz=True ynz=True cond=True claim_agree=True upper=2373.10523977  CERT
356838303,0,1 RHO mem=True nz=True ynz=True cond=True claim_agree=True upper=0.938061424547  CERT
356838303,0,1 T   mem=True nz=True ynz=True cond=True claim_agree=True upper=1616.30727728  CERT
368566238,0,1 RHO mem=True nz=True ynz=True cond=True claim_agree=True upper=0.921226265428  CERT
368566238,0,1 T   mem=True nz=True ynz=True cond=True claim_agree=True upper=2191.60334098  CERT
441102407,0,1 RHO mem=True nz=True ynz=True cond=True claim_agree=True upper=0.966777902423  CERT
441102407,0,1 T   mem=True nz=True ynz=True cond=True claim_agree=True upper=2445.04429941  CERT
463943153,0,1 RHO mem=True nz=True ynz=True cond=True claim_agree=True upper=0.966382607906  CERT
463943153,0,1 T   mem=True nz=True ynz=True cond=True claim_agree=True upper=1961.15449082  CERT
464908107,0,1 RHO mem=True nz=True ynz=True cond=True claim_agree=True upper=0.974355164264  CERT
464908107,0,1 T   mem=True nz=True ynz=True cond=True claim_agree=True upper=1909.60248577  CERT
468812159,0,1 RHO mem=True nz=True ynz=True cond=True claim_agree=True upper=0.921097001124  CERT
468812159,0,1 T   mem=True nz=True ynz=True cond=True claim_agree=True upper=2395.74066720  CERT
531923138,0,1 RHO mem=True nz=True ynz=True cond=True claim_agree=True upper=0.922298429432  CERT
531923138,0,1 T   mem=True nz=True ynz=True cond=True claim_agree=True upper=1660.48821922  CERT
535827190,0,1 RHO mem=True nz=True ynz=True cond=True claim_agree=True upper=0.938061424547  CERT
535827190,0,1 T   mem=True nz=True ynz=True cond=True claim_agree=True upper=2012.60411774  CERT
536792144,0,1 RHO mem=True nz=True ynz=True cond=True claim_agree=True upper=0.952794478361  CERT
536792144,0,1 T   mem=True nz=True ynz=True cond=True claim_agree=True upper=2209.16123199  CERT
559632890,0,1 RHO mem=True nz=True ynz=True cond=True claim_agree=True upper=0.917438053905  CERT
559632890,0,1 T   mem=True nz=True ynz=True cond=True claim_agree=True upper=1681.29910959  CERT
632169059,0,1 RHO mem=True nz=True ynz=True cond=True claim_agree=True upper=0.965415197929  CERT
632169059,0,1 T   mem=True nz=True ynz=True cond=True claim_agree=True upper=2317.29675081  CERT
643896994,0,1 RHO mem=True nz=True ynz=True cond=True claim_agree=True upper=0.974355164264  CERT
643896994,0,1 T   mem=True nz=True ynz=True cond=True claim_agree=True upper=2375.05662591  CERT
648266176,0,1 RHO mem=True nz=True ynz=True cond=True claim_agree=True upper=0.921226265428  CERT
648266176,0,1 T   mem=True nz=True ynz=True cond=True claim_agree=True upper=1506.84278317  CERT
691051605,0,1 RHO mem=True nz=True ynz=True cond=True claim_agree=True upper=0.947589048512  CERT
691051605,0,1 T   mem=True nz=True ynz=True cond=True claim_agree=True upper=2330.08302589  CERT
755654453,0,1 RHO mem=True nz=True ynz=True cond=True claim_agree=True upper=0.932445749960  CERT
755654453,0,1 T   mem=True nz=True ynz=True cond=True claim_agree=True upper=1822.69818605  CERT
781365535,0,1 RHO mem=True nz=True ynz=True cond=True claim_agree=True upper=0.921097001124  CERT
781365535,0,1 T   mem=True nz=True ynz=True cond=True claim_agree=True upper=1968.80463148  CERT
827332470,0,1 RHO mem=True nz=True ynz=True cond=True claim_agree=True upper=0.917438053905  CERT
827332470,0,1 T   mem=True nz=True ynz=True cond=True claim_agree=True upper=2204.39357580  CERT
838482617,0,1 RHO mem=True nz=True ynz=True cond=True claim_agree=True upper=0.967308228923  CERT
838482617,0,1 T   mem=True nz=True ynz=True cond=True claim_agree=True upper=2253.29808290  CERT
845592033,0,1 RHO mem=True nz=True ynz=True cond=True claim_agree=True upper=0.966382607906  CERT
845592033,0,1 T   mem=True nz=True ynz=True cond=True claim_agree=True upper=2445.06782030  CERT
923219942,0,1 RHO mem=True nz=True ynz=True cond=True claim_agree=True upper=0.974294971630  CERT
923219942,0,1 T   mem=True nz=True ynz=True cond=True claim_agree=True upper=2183.19289013  CERT
956222505,0,1 RHO mem=True nz=True ynz=True cond=True claim_agree=True upper=0.939724383553  CERT
956222505,0,1 T   mem=True nz=True ynz=True cond=True claim_agree=True upper=2062.94757392  CERT
992110201,0,1 RHO mem=True nz=True ynz=True cond=True claim_agree=True upper=0.889652706772  CERT
992110201,0,1 T   mem=True nz=True ynz=True cond=True claim_agree=True upper=1570.98277325  CERT
FAMILY VERIFY n=7 l=1000735297 : EXCLUDED (components certified 32 / 32 ; lines 64 ; failed lines 0)
FAMILY VERIFY PASS
