FACTORIZATION: 32 irreducible factors of degree 2 over F_1000871489: OK
40375780,0,1 RHO mem=True nz=True ynz=True cond=True claim_agree=True upper=0.940137249210  CERT
40375780,0,1 T   mem=True nz=True ynz=True cond=True claim_agree=True upper=2116.91216159  CERT
94212500,0,1 RHO mem=True nz=True ynz=True cond=True claim_agree=True upper=0.940137249210  CERT
94212500,0,1 T   mem=True nz=True ynz=True cond=True claim_agree=True upper=2216.78434097  CERT
130989187,0,1 RHO mem=True nz=True ynz=True cond=True claim_agree=True upper=0.925880847368  CERT
130989187,0,1 T   mem=True nz=True ynz=True cond=True claim_agree=True upper=2159.73683725  CERT
167140040,0,1 RHO mem=True nz=True ynz=True cond=True claim_agree=True upper=0.966624532047  CERT
167140040,0,1 T   mem=True nz=True ynz=True cond=True claim_agree=True upper=2017.48993286  CERT
170790549,0,1 RHO mem=True nz=True ynz=True cond=True claim_agree=True upper=0.951217719335  CERT
170790549,0,1 T   mem=True nz=True ynz=True cond=True claim_agree=True upper=2592.96922832  CERT
171362495,0,1 RHO mem=True nz=True ynz=True cond=True claim_agree=True upper=0.952296616355  CERT
171362495,0,1 T   mem=True nz=True ynz=True cond=True claim_agree=True upper=2605.89941825  CERT
185762335,0,1 RHO mem=True nz=True ynz=True cond=True claim_agree=True upper=0.951217719335  CERT
185762335,0,1 T   mem=True nz=True ynz=True cond=True claim_agree=True upper=2294.24189023  CERT
191972873,0,1 RHO mem=True nz=True ynz=True cond=True claim_agree=True upper=0.926652688189  CERT
191972873,0,1 T   mem=True nz=True ynz=True cond=True claim_agree=True upper=2119.24390484  CERT
209923050,0,1 RHO mem=True nz=True ynz=True cond=True claim_agree=True upper=0.926652688189  CERT
209923050,0,1 T   mem=True nz=True ynz=True cond=True claim_agree=True upper=2400.16519456  CERT
230869098,0,1 RHO mem=True nz=True ynz=True cond=True claim_agree=True upper=0.966624532047  CERT
230869098,0,1 T   mem=True nz=True ynz=True cond=True claim_agree=True upper=2529.61317454  CERT
250529360,0,1 RHO mem=True nz=True ynz=True cond=True claim_agree=True upper=0.949394194531  CERT
250529360,0,1 T   mem=True nz=True ynz=True cond=True claim_agree=True upper=2575.70828474  CERT
268941158,0,1 RHO mem=True nz=True ynz=True cond=True claim_agree=True upper=0.926423918833  CERT
268941158,0,1 T   mem=True nz=True ynz=True cond=True claim_agree=True upper=2198.66161694  CERT
312021076,0,1 RHO mem=True nz=True ynz=True cond=True claim_agree=True upper=0.933152481504  CERT
312021076,0,1 T   mem=True nz=True ynz=True cond=True claim_agree=True upper=1877.63831847  CERT
371615255,0,1 RHO mem=True nz=True ynz=True cond=True claim_agree=True upper=0.952738213038  CERT
371615255,0,1 T   mem=True nz=True ynz=True cond=True claim_agree=True upper=1866.46511215  CERT
382087676,0,1 RHO mem=True nz=True ynz=True cond=True claim_agree=True upper=0.949394194531  CERT
382087676,0,1 T   mem=True nz=True ynz=True cond=True claim_agree=True upper=3127.75006312  CERT
497274017,0,1 RHO mem=True nz=True ynz=True cond=True claim_agree=True upper=0.925880847368  CERT
497274017,0,1 T   mem=True nz=True ynz=True cond=True claim_agree=True upper=2279.09947746  CERT
503597472,0,1 RHO mem=True nz=True ynz=True cond=True claim_agree=True upper=0.966127394930  CERT
503597472,0,1 T   mem=True nz=True ynz=True cond=True claim_agree=True upper=2304.12771695  CERT
618783813,0,1 RHO mem=True nz=True ynz=True cond=True claim_agree=True upper=0.917300703791  CERT
618783813,0,1 T   mem=True nz=True ynz=True cond=True claim_agree=True upper=1948.45962378  CERT
629256234,0,1 RHO mem=True nz=True ynz=True cond=True claim_agree=True upper=0.933152481504  CERT
629256234,0,1 T   mem=True nz=True ynz=True cond=True claim_agree=True upper=2363.95194362  CERT
688850413,0,1 RHO mem=True nz=True ynz=True cond=True claim_agree=True upper=0.952738213038  CERT
688850413,0,1 T   mem=True nz=True ynz=True cond=True claim_agree=True upper=2793.44491098  CERT
731930331,0,1 RHO mem=True nz=True ynz=True cond=True claim_agree=True upper=0.952296616355  CERT
731930331,0,1 T   mem=True nz=True ynz=True cond=True claim_agree=True upper=1862.99316451  CERT
750342129,0,1 RHO mem=True nz=True ynz=True cond=True claim_agree=True upper=0.917300703791  CERT
750342129,0,1 T   mem=True nz=True ynz=True cond=True claim_agree=True upper=2818.79691747  CERT
770002391,0,1 RHO mem=True nz=True ynz=True cond=True claim_agree=True upper=0.917350702548  CERT
770002391,0,1 T   mem=True nz=True ynz=True cond=True claim_agree=True upper=2844.74518803  CERT
790948439,0,1 RHO mem=True nz=True ynz=True cond=True claim_agree=True upper=0.964740378726  CERT
790948439,0,1 T   mem=True nz=True ynz=True cond=True claim_agree=True upper=2264.97033536  CERT
808898616,0,1 RHO mem=True nz=True ynz=True cond=True claim_agree=True upper=0.964740378726  CERT
808898616,0,1 T   mem=True nz=True ynz=True cond=True claim_agree=True upper=2520.56560324  CERT
815109154,0,1 RHO mem=True nz=True ynz=True cond=True claim_agree=True upper=0.931943298874  CERT
815109154,0,1 T   mem=True nz=True ynz=True cond=True claim_agree=True upper=2256.02921133  CERT
829508994,0,1 RHO mem=True nz=True ynz=True cond=True claim_agree=True upper=0.926423918833  CERT
829508994,0,1 T   mem=True nz=True ynz=True cond=True claim_agree=True upper=2358.84888949  CERT
830080940,0,1 RHO mem=True nz=True ynz=True cond=True claim_agree=True upper=0.931943298874  CERT
830080940,0,1 T   mem=True nz=True ynz=True cond=True claim_agree=True upper=2227.62147936  CERT
833731449,0,1 RHO mem=True nz=True ynz=True cond=True claim_agree=True upper=0.917350702548  CERT
833731449,0,1 T   mem=True nz=True ynz=True cond=True claim_agree=True upper=1984.74835508  CERT
869882302,0,1 RHO mem=True nz=True ynz=True cond=True claim_agree=True upper=0.966127394930  CERT
869882302,0,1 T   mem=True nz=True ynz=True cond=True claim_agree=True upper=2898.18381666  CERT
906658989,0,1 RHO mem=True nz=True ynz=True cond=True claim_agree=True upper=0.949604678512  CERT
906658989,0,1 T   mem=True nz=True ynz=True cond=True claim_agree=True upper=2370.40003618  CERT
960495709,0,1 RHO mem=True nz=True ynz=True cond=True claim_agree=True upper=0.949604678512  CERT
960495709,0,1 T   mem=True nz=True ynz=True cond=True claim_agree=True upper=2102.26384894  CERT
FAMILY VERIFY n=7 l=1000871489 : EXCLUDED (components certified 32 / 32 ; lines 64 ; failed lines 0)
FAMILY VERIFY PASS
