FACTORIZATION: 32 irreducible factors of degree 2 over F_1001245249: OK
37505745,0,1 RHO mem=True nz=True ynz=True cond=True claim_agree=True upper=0.968278736710  CERT
37505745,0,1 T   mem=True nz=True ynz=True cond=True claim_agree=True upper=2513.69925537  CERT
38808724,0,1 RHO mem=True nz=True ynz=True cond=True claim_agree=True upper=0.977382100447  CERT
38808724,0,1 T   mem=True nz=True ynz=True cond=True claim_agree=True upper=2509.28021925  CERT
41727075,0,1 RHO mem=True nz=True ynz=True cond=True claim_agree=True upper=0.950054963152  CERT
41727075,0,1 T   mem=True nz=True ynz=True cond=True claim_agree=True upper=2637.60027865  CERT
51294897,0,1 RHO mem=True nz=True ynz=True cond=True claim_agree=True upper=0.920686743263  CERT
51294897,0,1 T   mem=True nz=True ynz=True cond=True claim_agree=True upper=2397.12431232  CERT
56759626,0,1 RHO mem=True nz=True ynz=True cond=True claim_agree=True upper=0.977413420346  CERT
56759626,0,1 T   mem=True nz=True ynz=True cond=True claim_agree=True upper=2989.88064871  CERT
67844462,0,1 RHO mem=True nz=True ynz=True cond=True claim_agree=True upper=0.963094757026  CERT
67844462,0,1 T   mem=True nz=True ynz=True cond=True claim_agree=True upper=2847.98773309  CERT
78351769,0,1 RHO mem=True nz=True ynz=True cond=True claim_agree=True upper=0.959593658225  CERT
78351769,0,1 T   mem=True nz=True ynz=True cond=True claim_agree=True upper=2387.04971149  CERT
116928588,0,1 RHO mem=True nz=True ynz=True cond=True claim_agree=True upper=0.962326347306  CERT
116928588,0,1 T   mem=True nz=True ynz=True cond=True claim_agree=True upper=2622.75667619  CERT
230796234,0,1 RHO mem=True nz=True ynz=True cond=True claim_agree=True upper=0.930673318620  CERT
230796234,0,1 T   mem=True nz=True ynz=True cond=True claim_agree=True upper=2554.21581365  CERT
263038908,0,1 RHO mem=True nz=True ynz=True cond=True claim_agree=True upper=0.979494922936  CERT
263038908,0,1 T   mem=True nz=True ynz=True cond=True claim_agree=True upper=3040.72334652  CERT
329745661,0,1 RHO mem=True nz=True ynz=True cond=True claim_agree=True upper=0.949168101304  CERT
329745661,0,1 T   mem=True nz=True ynz=True cond=True claim_agree=True upper=2890.95277699  CERT
335249680,0,1 RHO mem=True nz=True ynz=True cond=True claim_agree=True upper=0.977382100447  CERT
335249680,0,1 T   mem=True nz=True ynz=True cond=True claim_agree=True upper=2512.35944630  CERT
380502875,0,1 RHO mem=True nz=True ynz=True cond=True claim_agree=True upper=0.961631608567  CERT
380502875,0,1 T   mem=True nz=True ynz=True cond=True claim_agree=True upper=2582.69456206  CERT
407953967,0,1 RHO mem=True nz=True ynz=True cond=True claim_agree=True upper=0.936665219576  CERT
407953967,0,1 T   mem=True nz=True ynz=True cond=True claim_agree=True upper=2838.30275651  CERT
418764087,0,1 RHO mem=True nz=True ynz=True cond=True claim_agree=True upper=0.962326347306  CERT
418764087,0,1 T   mem=True nz=True ynz=True cond=True claim_agree=True upper=2483.06845657  CERT
440806071,0,1 RHO mem=True nz=True ynz=True cond=True claim_agree=True upper=0.949215120741  CERT
440806071,0,1 T   mem=True nz=True ynz=True cond=True claim_agree=True upper=2496.80828276  CERT
560439178,0,1 RHO mem=True nz=True ynz=True cond=True claim_agree=True upper=0.961631608567  CERT
560439178,0,1 T   mem=True nz=True ynz=True cond=True claim_agree=True upper=2683.74546422  CERT
582481162,0,1 RHO mem=True nz=True ynz=True cond=True claim_agree=True upper=0.981275531612  CERT
582481162,0,1 T   mem=True nz=True ynz=True cond=True claim_agree=True upper=2161.62904827  CERT
593291282,0,1 RHO mem=True nz=True ynz=True cond=True claim_agree=True upper=0.963094757026  CERT
593291282,0,1 T   mem=True nz=True ynz=True cond=True claim_agree=True upper=3139.94457450  CERT
620742374,0,1 RHO mem=True nz=True ynz=True cond=True claim_agree=True upper=0.949215120741  CERT
620742374,0,1 T   mem=True nz=True ynz=True cond=True claim_agree=True upper=2709.09583733  CERT
665995569,0,1 RHO mem=True nz=True ynz=True cond=True claim_agree=True upper=0.918872284645  CERT
665995569,0,1 T   mem=True nz=True ynz=True cond=True claim_agree=True upper=2840.78825126  CERT
671499588,0,1 RHO mem=True nz=True ynz=True cond=True claim_agree=True upper=0.977413420346  CERT
671499588,0,1 T   mem=True nz=True ynz=True cond=True claim_agree=True upper=2998.46127951  CERT
738206341,0,1 RHO mem=True nz=True ynz=True cond=True claim_agree=True upper=0.920686743263  CERT
738206341,0,1 T   mem=True nz=True ynz=True cond=True claim_agree=True upper=2314.11946345  CERT
770449015,0,1 RHO mem=True nz=True ynz=True cond=True claim_agree=True upper=0.968278736710  CERT
770449015,0,1 T   mem=True nz=True ynz=True cond=True claim_agree=True upper=2706.16402584  CERT
884316661,0,1 RHO mem=True nz=True ynz=True cond=True claim_agree=True upper=0.981275531612  CERT
884316661,0,1 T   mem=True nz=True ynz=True cond=True claim_agree=True upper=2858.88866663  CERT
922893480,0,1 RHO mem=True nz=True ynz=True cond=True claim_agree=True upper=0.950054963152  CERT
922893480,0,1 T   mem=True nz=True ynz=True cond=True claim_agree=True upper=2963.21089887  CERT
933400787,0,1 RHO mem=True nz=True ynz=True cond=True claim_agree=True upper=0.936665219576  CERT
933400787,0,1 T   mem=True nz=True ynz=True cond=True claim_agree=True upper=1941.10594661  CERT
944485623,0,1 RHO mem=True nz=True ynz=True cond=True claim_agree=True upper=0.949168101304  CERT
944485623,0,1 T   mem=True nz=True ynz=True cond=True claim_agree=True upper=2482.16140015  CERT
949950352,0,1 RHO mem=True nz=True ynz=True cond=True claim_agree=True upper=0.979494922936  CERT
949950352,0,1 T   mem=True nz=True ynz=True cond=True claim_agree=True upper=3010.47954399  CERT
959518174,0,1 RHO mem=True nz=True ynz=True cond=True claim_agree=True upper=0.959593658225  CERT
959518174,0,1 T   mem=True nz=True ynz=True cond=True claim_agree=True upper=3285.49543237  CERT
962436525,0,1 RHO mem=True nz=True ynz=True cond=True claim_agree=True upper=0.918872284645  CERT
962436525,0,1 T   mem=True nz=True ynz=True cond=True claim_agree=True upper=2151.77905635  CERT
963739504,0,1 RHO mem=True nz=True ynz=True cond=True claim_agree=True upper=0.930673318620  CERT
963739504,0,1 T   mem=True nz=True ynz=True cond=True claim_agree=True upper=2132.25187260  CERT
FAMILY VERIFY n=7 l=1001245249 : EXCLUDED (components certified 32 / 32 ; lines 64 ; failed lines 0)
FAMILY VERIFY PASS
