FACTORIZATION: 32 irreducible factors of degree 2 over F_1000816321: OK
37720983,0,1 RHO mem=True nz=True ynz=True cond=True claim_agree=True upper=0.944356061399  CERT
37720983,0,1 T   mem=True nz=True ynz=True cond=True claim_agree=True upper=2446.75042011  CERT
65082630,0,1 RHO mem=True nz=True ynz=True cond=True claim_agree=True upper=0.910006174046  CERT
65082630,0,1 T   mem=True nz=True ynz=True cond=True claim_agree=True upper=1721.09221440  CERT
75334312,0,1 RHO mem=True nz=True ynz=True cond=True claim_agree=True upper=0.920620457580  CERT
75334312,0,1 T   mem=True nz=True ynz=True cond=True claim_agree=True upper=2075.73752811  CERT
76080506,0,1 RHO mem=True nz=True ynz=True cond=True claim_agree=True upper=0.913465786045  CERT
76080506,0,1 T   mem=True nz=True ynz=True cond=True claim_agree=True upper=2021.81795094  CERT
111983820,0,1 RHO mem=True nz=True ynz=True cond=True claim_agree=True upper=0.923733606591  CERT
111983820,0,1 T   mem=True nz=True ynz=True cond=True claim_agree=True upper=2856.37356294  CERT
129257763,0,1 RHO mem=True nz=True ynz=True cond=True claim_agree=True upper=0.943260405448  CERT
129257763,0,1 T   mem=True nz=True ynz=True cond=True claim_agree=True upper=2217.73261854  CERT
147796836,0,1 RHO mem=True nz=True ynz=True cond=True claim_agree=True upper=0.932763468901  CERT
147796836,0,1 T   mem=True nz=True ynz=True cond=True claim_agree=True upper=2203.72589674  CERT
190792731,0,1 RHO mem=True nz=True ynz=True cond=True claim_agree=True upper=0.914805029151  CERT
190792731,0,1 T   mem=True nz=True ynz=True cond=True claim_agree=True upper=2665.35238142  CERT
264672245,0,1 RHO mem=True nz=True ynz=True cond=True claim_agree=True upper=0.944356061399  CERT
264672245,0,1 T   mem=True nz=True ynz=True cond=True claim_agree=True upper=2611.40767652  CERT
300237677,0,1 RHO mem=True nz=True ynz=True cond=True claim_agree=True upper=0.924781912573  CERT
300237677,0,1 T   mem=True nz=True ynz=True cond=True claim_agree=True upper=2345.91696615  CERT
333964928,0,1 RHO mem=True nz=True ynz=True cond=True claim_agree=True upper=0.957250701900  CERT
333964928,0,1 T   mem=True nz=True ynz=True cond=True claim_agree=True upper=2373.09863333  CERT
390845450,0,1 RHO mem=True nz=True ynz=True cond=True claim_agree=True upper=0.948605838762  CERT
390845450,0,1 T   mem=True nz=True ynz=True cond=True claim_agree=True upper=2672.95148720  CERT
401721461,0,1 RHO mem=True nz=True ynz=True cond=True claim_agree=True upper=0.923389389581  CERT
401721461,0,1 T   mem=True nz=True ynz=True cond=True claim_agree=True upper=1836.46301298  CERT
415443882,0,1 RHO mem=True nz=True ynz=True cond=True claim_agree=True upper=0.914805029151  CERT
415443882,0,1 T   mem=True nz=True ynz=True cond=True claim_agree=True upper=1567.42558643  CERT
425864536,0,1 RHO mem=True nz=True ynz=True cond=True claim_agree=True upper=0.923733606591  CERT
425864536,0,1 T   mem=True nz=True ynz=True cond=True claim_agree=True upper=2246.29955897  CERT
445034204,0,1 RHO mem=True nz=True ynz=True cond=True claim_agree=True upper=0.948605838762  CERT
445034204,0,1 T   mem=True nz=True ynz=True cond=True claim_agree=True upper=2552.79208294  CERT
555782117,0,1 RHO mem=True nz=True ynz=True cond=True claim_agree=True upper=0.930317580804  CERT
555782117,0,1 T   mem=True nz=True ynz=True cond=True claim_agree=True upper=1823.75487380  CERT
574951785,0,1 RHO mem=True nz=True ynz=True cond=True claim_agree=True upper=0.935728751386  CERT
574951785,0,1 T   mem=True nz=True ynz=True cond=True claim_agree=True upper=1825.64568671  CERT
585372439,0,1 RHO mem=True nz=True ynz=True cond=True claim_agree=True upper=0.966474140844  CERT
585372439,0,1 T   mem=True nz=True ynz=True cond=True claim_agree=True upper=2366.58490379  CERT
599094860,0,1 RHO mem=True nz=True ynz=True cond=True claim_agree=True upper=0.943260405448  CERT
599094860,0,1 T   mem=True nz=True ynz=True cond=True claim_agree=True upper=2355.77001761  CERT
609970871,0,1 RHO mem=True nz=True ynz=True cond=True claim_agree=True upper=0.930317580804  CERT
609970871,0,1 T   mem=True nz=True ynz=True cond=True claim_agree=True upper=2260.66570215  CERT
666851393,0,1 RHO mem=True nz=True ynz=True cond=True claim_agree=True upper=0.920620457580  CERT
666851393,0,1 T   mem=True nz=True ynz=True cond=True claim_agree=True upper=2601.73065858  CERT
700578644,0,1 RHO mem=True nz=True ynz=True cond=True claim_agree=True upper=0.913465786045  CERT
700578644,0,1 T   mem=True nz=True ynz=True cond=True claim_agree=True upper=2706.70347713  CERT
736144076,0,1 RHO mem=True nz=True ynz=True cond=True claim_agree=True upper=0.873503084131  CERT
736144076,0,1 T   mem=True nz=True ynz=True cond=True claim_agree=True upper=1485.41079984  CERT
810023590,0,1 RHO mem=True nz=True ynz=True cond=True claim_agree=True upper=0.966474140844  CERT
810023590,0,1 T   mem=True nz=True ynz=True cond=True claim_agree=True upper=2718.10120910  CERT
853019485,0,1 RHO mem=True nz=True ynz=True cond=True claim_agree=True upper=0.910006174046  CERT
853019485,0,1 T   mem=True nz=True ynz=True cond=True claim_agree=True upper=2154.11812477  CERT
871558558,0,1 RHO mem=True nz=True ynz=True cond=True claim_agree=True upper=0.923389389581  CERT
871558558,0,1 T   mem=True nz=True ynz=True cond=True claim_agree=True upper=2546.29110664  CERT
888832501,0,1 RHO mem=True nz=True ynz=True cond=True claim_agree=True upper=0.935728751386  CERT
888832501,0,1 T   mem=True nz=True ynz=True cond=True claim_agree=True upper=2014.84809550  CERT
924735815,0,1 RHO mem=True nz=True ynz=True cond=True claim_agree=True upper=0.924781912573  CERT
924735815,0,1 T   mem=True nz=True ynz=True cond=True claim_agree=True upper=2110.72797091  CERT
925482009,0,1 RHO mem=True nz=True ynz=True cond=True claim_agree=True upper=0.957250701900  CERT
925482009,0,1 T   mem=True nz=True ynz=True cond=True claim_agree=True upper=2155.04856230  CERT
935733691,0,1 RHO mem=True nz=True ynz=True cond=True claim_agree=True upper=0.932763468901  CERT
935733691,0,1 T   mem=True nz=True ynz=True cond=True claim_agree=True upper=2134.59031678  CERT
963095338,0,1 RHO mem=True nz=True ynz=True cond=True claim_agree=True upper=0.873503084131  CERT
963095338,0,1 T   mem=True nz=True ynz=True cond=True claim_agree=True upper=1782.15552960  CERT
FAMILY VERIFY n=7 l=1000816321 : EXCLUDED (components certified 32 / 32 ; lines 64 ; failed lines 0)
FAMILY VERIFY PASS
