FACTORIZATION: 32 irreducible factors of degree 2 over F_1000415809: OK
26291332,0,1 RHO mem=True nz=True ynz=True cond=True claim_agree=True upper=0.964651232201  CERT
26291332,0,1 T   mem=True nz=True ynz=True cond=True claim_agree=True upper=2666.79284105  CERT
37623643,0,1 RHO mem=True nz=True ynz=True cond=True claim_agree=True upper=0.963431493402  CERT
37623643,0,1 T   mem=True nz=True ynz=True cond=True claim_agree=True upper=2063.14847373  CERT
43441949,0,1 RHO mem=True nz=True ynz=True cond=True claim_agree=True upper=0.927159972218  CERT
43441949,0,1 T   mem=True nz=True ynz=True cond=True claim_agree=True upper=2061.85521277  CERT
83306422,0,1 RHO mem=True nz=True ynz=True cond=True claim_agree=True upper=0.914306030269  CERT
83306422,0,1 T   mem=True nz=True ynz=True cond=True claim_agree=True upper=2480.65469998  CERT
129246016,0,1 RHO mem=True nz=True ynz=True cond=True claim_agree=True upper=0.967699047323  CERT
129246016,0,1 T   mem=True nz=True ynz=True cond=True claim_agree=True upper=2157.67845990  CERT
273693087,0,1 RHO mem=True nz=True ynz=True cond=True claim_agree=True upper=0.944741576878  CERT
273693087,0,1 T   mem=True nz=True ynz=True cond=True claim_agree=True upper=2339.47701805  CERT
320297495,0,1 RHO mem=True nz=True ynz=True cond=True claim_agree=True upper=0.954221113095  CERT
320297495,0,1 T   mem=True nz=True ynz=True cond=True claim_agree=True upper=2589.52493229  CERT
326739039,0,1 RHO mem=True nz=True ynz=True cond=True claim_agree=True upper=0.927254313060  CERT
326739039,0,1 T   mem=True nz=True ynz=True cond=True claim_agree=True upper=2306.30863186  CERT
332252696,0,1 RHO mem=True nz=True ynz=True cond=True claim_agree=True upper=0.914306030269  CERT
332252696,0,1 T   mem=True nz=True ynz=True cond=True claim_agree=True upper=1708.07840648  CERT
348116923,0,1 RHO mem=True nz=True ynz=True cond=True claim_agree=True upper=0.950945629148  CERT
348116923,0,1 T   mem=True nz=True ynz=True cond=True claim_agree=True upper=2475.84115803  CERT
363564788,0,1 RHO mem=True nz=True ynz=True cond=True claim_agree=True upper=0.943011041860  CERT
363564788,0,1 T   mem=True nz=True ynz=True cond=True claim_agree=True upper=2123.87880692  CERT
364322779,0,1 RHO mem=True nz=True ynz=True cond=True claim_agree=True upper=0.929884299782  CERT
364322779,0,1 T   mem=True nz=True ynz=True cond=True claim_agree=True upper=2512.87888214  CERT
365564164,0,1 RHO mem=True nz=True ynz=True cond=True claim_agree=True upper=0.963431493402  CERT
365564164,0,1 T   mem=True nz=True ynz=True cond=True claim_agree=True upper=2021.40787227  CERT
424687486,0,1 RHO mem=True nz=True ynz=True cond=True claim_agree=True upper=0.956275039317  CERT
424687486,0,1 T   mem=True nz=True ynz=True cond=True claim_agree=True upper=2977.87291065  CERT
437401760,0,1 RHO mem=True nz=True ynz=True cond=True claim_agree=True upper=0.943893818633  CERT
437401760,0,1 T   mem=True nz=True ynz=True cond=True claim_agree=True upper=2818.13882381  CERT
481429002,0,1 RHO mem=True nz=True ynz=True cond=True claim_agree=True upper=0.945619106322  CERT
481429002,0,1 T   mem=True nz=True ynz=True cond=True claim_agree=True upper=2423.15417172  CERT
518986807,0,1 RHO mem=True nz=True ynz=True cond=True claim_agree=True upper=0.943893818633  CERT
518986807,0,1 T   mem=True nz=True ynz=True cond=True claim_agree=True upper=2095.49351747  CERT
563014049,0,1 RHO mem=True nz=True ynz=True cond=True claim_agree=True upper=0.945619106322  CERT
563014049,0,1 T   mem=True nz=True ynz=True cond=True claim_agree=True upper=2425.57478621  CERT
575728323,0,1 RHO mem=True nz=True ynz=True cond=True claim_agree=True upper=0.943011041860  CERT
575728323,0,1 T   mem=True nz=True ynz=True cond=True claim_agree=True upper=2109.31761455  CERT
634851645,0,1 RHO mem=True nz=True ynz=True cond=True claim_agree=True upper=0.924554567871  CERT
634851645,0,1 T   mem=True nz=True ynz=True cond=True claim_agree=True upper=2355.55792566  CERT
636093030,0,1 RHO mem=True nz=True ynz=True cond=True claim_agree=True upper=0.927254313060  CERT
636093030,0,1 T   mem=True nz=True ynz=True cond=True claim_agree=True upper=1682.09512373  CERT
636851021,0,1 RHO mem=True nz=True ynz=True cond=True claim_agree=True upper=0.956275039317  CERT
636851021,0,1 T   mem=True nz=True ynz=True cond=True claim_agree=True upper=2278.65507038  CERT
652298886,0,1 RHO mem=True nz=True ynz=True cond=True claim_agree=True upper=0.927159972218  CERT
652298886,0,1 T   mem=True nz=True ynz=True cond=True claim_agree=True upper=2093.62442138  CERT
668163113,0,1 RHO mem=True nz=True ynz=True cond=True claim_agree=True upper=0.948483377301  CERT
668163113,0,1 T   mem=True nz=True ynz=True cond=True claim_agree=True upper=2707.36813644  CERT
673676770,0,1 RHO mem=True nz=True ynz=True cond=True claim_agree=True upper=0.929884299782  CERT
673676770,0,1 T   mem=True nz=True ynz=True cond=True claim_agree=True upper=2403.27460996  CERT
680118314,0,1 RHO mem=True nz=True ynz=True cond=True claim_agree=True upper=0.967699047323  CERT
680118314,0,1 T   mem=True nz=True ynz=True cond=True claim_agree=True upper=2634.64280823  CERT
726722722,0,1 RHO mem=True nz=True ynz=True cond=True claim_agree=True upper=0.964651232201  CERT
726722722,0,1 T   mem=True nz=True ynz=True cond=True claim_agree=True upper=2666.81951275  CERT
871169793,0,1 RHO mem=True nz=True ynz=True cond=True claim_agree=True upper=0.954221113095  CERT
871169793,0,1 T   mem=True nz=True ynz=True cond=True claim_agree=True upper=2202.22241926  CERT
917109387,0,1 RHO mem=True nz=True ynz=True cond=True claim_agree=True upper=0.948483377301  CERT
917109387,0,1 T   mem=True nz=True ynz=True cond=True claim_agree=True upper=2444.29761258  CERT
956973860,0,1 RHO mem=True nz=True ynz=True cond=True claim_agree=True upper=0.950945629148  CERT
956973860,0,1 T   mem=True nz=True ynz=True cond=True claim_agree=True upper=2075.00326942  CERT
962792166,0,1 RHO mem=True nz=True ynz=True cond=True claim_agree=True upper=0.924554567871  CERT
962792166,0,1 T   mem=True nz=True ynz=True cond=True claim_agree=True upper=2431.39235580  CERT
974124477,0,1 RHO mem=True nz=True ynz=True cond=True claim_agree=True upper=0.944741576878  CERT
974124477,0,1 T   mem=True nz=True ynz=True cond=True claim_agree=True upper=2274.83261199  CERT
FAMILY VERIFY n=7 l=1000415809 : EXCLUDED (components certified 32 / 32 ; lines 64 ; failed lines 0)
FAMILY VERIFY PASS
