FACTORIZATION: 32 irreducible factors of degree 2 over F_1000892993: OK
29065961,0,1 RHO mem=True nz=True ynz=True cond=True claim_agree=True upper=0.961241200600  CERT
29065961,0,1 T   mem=True nz=True ynz=True cond=True claim_agree=True upper=2083.05233133  CERT
77316155,0,1 RHO mem=True nz=True ynz=True cond=True claim_agree=True upper=0.969089138106  CERT
77316155,0,1 T   mem=True nz=True ynz=True cond=True claim_agree=True upper=3162.60269052  CERT
121646548,0,1 RHO mem=True nz=True ynz=True cond=True claim_agree=True upper=0.929546346921  CERT
121646548,0,1 T   mem=True nz=True ynz=True cond=True claim_agree=True upper=2647.68095548  CERT
130038852,0,1 RHO mem=True nz=True ynz=True cond=True claim_agree=True upper=0.916924976860  CERT
130038852,0,1 T   mem=True nz=True ynz=True cond=True claim_agree=True upper=2174.61866799  CERT
136065910,0,1 RHO mem=True nz=True ynz=True cond=True claim_agree=True upper=0.961467738271  CERT
136065910,0,1 T   mem=True nz=True ynz=True cond=True claim_agree=True upper=2702.98205340  CERT
170661736,0,1 RHO mem=True nz=True ynz=True cond=True claim_agree=True upper=0.958364280636  CERT
170661736,0,1 T   mem=True nz=True ynz=True cond=True claim_agree=True upper=3125.68051955  CERT
225314707,0,1 RHO mem=True nz=True ynz=True cond=True claim_agree=True upper=0.928886707047  CERT
225314707,0,1 T   mem=True nz=True ynz=True cond=True claim_agree=True upper=3202.07741674  CERT
231830264,0,1 RHO mem=True nz=True ynz=True cond=True claim_agree=True upper=0.988339767629  CERT
231830264,0,1 T   mem=True nz=True ynz=True cond=True claim_agree=True upper=2356.85756555  CERT
242948843,0,1 RHO mem=True nz=True ynz=True cond=True claim_agree=True upper=0.958364280636  CERT
242948843,0,1 T   mem=True nz=True ynz=True cond=True claim_agree=True upper=2657.40568891  CERT
274592156,0,1 RHO mem=True nz=True ynz=True cond=True claim_agree=True upper=0.924476750777  CERT
274592156,0,1 T   mem=True nz=True ynz=True cond=True claim_agree=True upper=2372.79586532  CERT
279118597,0,1 RHO mem=True nz=True ynz=True cond=True claim_agree=True upper=0.961241200600  CERT
279118597,0,1 T   mem=True nz=True ynz=True cond=True claim_agree=True upper=2731.79078446  CERT
318026906,0,1 RHO mem=True nz=True ynz=True cond=True claim_agree=True upper=0.929546346921  CERT
318026906,0,1 T   mem=True nz=True ynz=True cond=True claim_agree=True upper=2110.42112558  CERT
347207821,0,1 RHO mem=True nz=True ynz=True cond=True claim_agree=True upper=0.929654329442  CERT
347207821,0,1 T   mem=True nz=True ynz=True cond=True claim_agree=True upper=2160.05123891  CERT
370393102,0,1 RHO mem=True nz=True ynz=True cond=True claim_agree=True upper=0.948053474839  CERT
370393102,0,1 T   mem=True nz=True ynz=True cond=True claim_agree=True upper=2028.90495807  CERT
428491443,0,1 RHO mem=True nz=True ynz=True cond=True claim_agree=True upper=0.966576495277  CERT
428491443,0,1 T   mem=True nz=True ynz=True cond=True claim_agree=True upper=2545.15111628  CERT
462164072,0,1 RHO mem=True nz=True ynz=True cond=True claim_agree=True upper=0.968093945126  CERT
462164072,0,1 T   mem=True nz=True ynz=True cond=True claim_agree=True upper=2292.11017683  CERT
538728921,0,1 RHO mem=True nz=True ynz=True cond=True claim_agree=True upper=0.916924976860  CERT
538728921,0,1 T   mem=True nz=True ynz=True cond=True claim_agree=True upper=2206.57288437  CERT
572401550,0,1 RHO mem=True nz=True ynz=True cond=True claim_agree=True upper=0.924476750777  CERT
572401550,0,1 T   mem=True nz=True ynz=True cond=True claim_agree=True upper=2484.21612951  CERT
630499891,0,1 RHO mem=True nz=True ynz=True cond=True claim_agree=True upper=0.928886707047  CERT
630499891,0,1 T   mem=True nz=True ynz=True cond=True claim_agree=True upper=2996.22705963  CERT
653685172,0,1 RHO mem=True nz=True ynz=True cond=True claim_agree=True upper=0.988339767629  CERT
653685172,0,1 T   mem=True nz=True ynz=True cond=True claim_agree=True upper=2814.07680534  CERT
682866087,0,1 RHO mem=True nz=True ynz=True cond=True claim_agree=True upper=0.935466114486  CERT
682866087,0,1 T   mem=True nz=True ynz=True cond=True claim_agree=True upper=2087.77765048  CERT
721774396,0,1 RHO mem=True nz=True ynz=True cond=True claim_agree=True upper=0.949600747242  CERT
721774396,0,1 T   mem=True nz=True ynz=True cond=True claim_agree=True upper=2515.29841114  CERT
726300837,0,1 RHO mem=True nz=True ynz=True cond=True claim_agree=True upper=0.966576495277  CERT
726300837,0,1 T   mem=True nz=True ynz=True cond=True claim_agree=True upper=2369.52482714  CERT
757944150,0,1 RHO mem=True nz=True ynz=True cond=True claim_agree=True upper=0.951029217703  CERT
757944150,0,1 T   mem=True nz=True ynz=True cond=True claim_agree=True upper=2687.75777605  CERT
769062729,0,1 RHO mem=True nz=True ynz=True cond=True claim_agree=True upper=0.929654329442  CERT
769062729,0,1 T   mem=True nz=True ynz=True cond=True claim_agree=True upper=2262.30156822  CERT
775578286,0,1 RHO mem=True nz=True ynz=True cond=True claim_agree=True upper=0.948053474839  CERT
775578286,0,1 T   mem=True nz=True ynz=True cond=True claim_agree=True upper=2545.70089051  CERT
830231257,0,1 RHO mem=True nz=True ynz=True cond=True claim_agree=True upper=0.951029217703  CERT
830231257,0,1 T   mem=True nz=True ynz=True cond=True claim_agree=True upper=2589.90626195  CERT
864827083,0,1 RHO mem=True nz=True ynz=True cond=True claim_agree=True upper=0.969089138106  CERT
864827083,0,1 T   mem=True nz=True ynz=True cond=True claim_agree=True upper=2837.76160492  CERT
870854141,0,1 RHO mem=True nz=True ynz=True cond=True claim_agree=True upper=0.968093945126  CERT
870854141,0,1 T   mem=True nz=True ynz=True cond=True claim_agree=True upper=2714.39111218  CERT
879246445,0,1 RHO mem=True nz=True ynz=True cond=True claim_agree=True upper=0.935466114486  CERT
879246445,0,1 T   mem=True nz=True ynz=True cond=True claim_agree=True upper=2939.21325699  CERT
923576838,0,1 RHO mem=True nz=True ynz=True cond=True claim_agree=True upper=0.961467738271  CERT
923576838,0,1 T   mem=True nz=True ynz=True cond=True claim_agree=True upper=2667.83758012  CERT
971827032,0,1 RHO mem=True nz=True ynz=True cond=True claim_agree=True upper=0.949600747242  CERT
971827032,0,1 T   mem=True nz=True ynz=True cond=True claim_agree=True upper=2511.40275081  CERT
FAMILY VERIFY n=7 l=1000892993 : EXCLUDED (components certified 32 / 32 ; lines 64 ; failed lines 0)
FAMILY VERIFY PASS
