FACTORIZATION: 32 irreducible factors of degree 2 over F_1001105857: OK
12525418,0,1 RHO mem=True nz=True ynz=True cond=True claim_agree=True upper=0.952648779819  CERT
12525418,0,1 T   mem=True nz=True ynz=True cond=True claim_agree=True upper=2827.03812073  CERT
22875870,0,1 RHO mem=True nz=True ynz=True cond=True claim_agree=True upper=0.934289323485  CERT
22875870,0,1 T   mem=True nz=True ynz=True cond=True claim_agree=True upper=2486.88745865  CERT
50090364,0,1 RHO mem=True nz=True ynz=True cond=True claim_agree=True upper=0.958056409665  CERT
50090364,0,1 T   mem=True nz=True ynz=True cond=True claim_agree=True upper=2634.51712788  CERT
53262698,0,1 RHO mem=True nz=True ynz=True cond=True claim_agree=True upper=0.969915766389  CERT
53262698,0,1 T   mem=True nz=True ynz=True cond=True claim_agree=True upper=2448.48537115  CERT
80824537,0,1 RHO mem=True nz=True ynz=True cond=True claim_agree=True upper=0.950950530327  CERT
80824537,0,1 T   mem=True nz=True ynz=True cond=True claim_agree=True upper=2118.86897091  CERT
118949391,0,1 RHO mem=True nz=True ynz=True cond=True claim_agree=True upper=0.944824537107  CERT
118949391,0,1 T   mem=True nz=True ynz=True cond=True claim_agree=True upper=2562.12745460  CERT
203836610,0,1 RHO mem=True nz=True ynz=True cond=True claim_agree=True upper=0.966981778858  CERT
203836610,0,1 T   mem=True nz=True ynz=True cond=True claim_agree=True upper=2646.29865969  CERT
204818914,0,1 RHO mem=True nz=True ynz=True cond=True claim_agree=True upper=0.957265938927  CERT
204818914,0,1 T   mem=True nz=True ynz=True cond=True claim_agree=True upper=2163.28149083  CERT
232023968,0,1 RHO mem=True nz=True ynz=True cond=True claim_agree=True upper=0.934289323485  CERT
232023968,0,1 T   mem=True nz=True ynz=True cond=True claim_agree=True upper=2424.01396778  CERT
234937970,0,1 RHO mem=True nz=True ynz=True cond=True claim_agree=True upper=0.950950530327  CERT
234937970,0,1 T   mem=True nz=True ynz=True cond=True claim_agree=True upper=2954.13645409  CERT
289967379,0,1 RHO mem=True nz=True ynz=True cond=True claim_agree=True upper=0.966981778858  CERT
289967379,0,1 T   mem=True nz=True ynz=True cond=True claim_agree=True upper=2346.87537562  CERT
331949949,0,1 RHO mem=True nz=True ynz=True cond=True claim_agree=True upper=0.922899956807  CERT
331949949,0,1 T   mem=True nz=True ynz=True cond=True claim_agree=True upper=2726.18243909  CERT
425418546,0,1 RHO mem=True nz=True ynz=True cond=True claim_agree=True upper=0.959683087985  CERT
425418546,0,1 T   mem=True nz=True ynz=True cond=True claim_agree=True upper=2533.69663960  CERT
425986200,0,1 RHO mem=True nz=True ynz=True cond=True claim_agree=True upper=0.897223360452  CERT
425986200,0,1 T   mem=True nz=True ynz=True cond=True claim_agree=True upper=1869.37097736  CERT
428361239,0,1 RHO mem=True nz=True ynz=True cond=True claim_agree=True upper=0.897223360452  CERT
428361239,0,1 T   mem=True nz=True ynz=True cond=True claim_agree=True upper=2031.51604676  CERT
431546585,0,1 RHO mem=True nz=True ynz=True cond=True claim_agree=True upper=0.973653696738  CERT
431546585,0,1 T   mem=True nz=True ynz=True cond=True claim_agree=True upper=2488.74501139  CERT
569559272,0,1 RHO mem=True nz=True ynz=True cond=True claim_agree=True upper=0.959683087985  CERT
569559272,0,1 T   mem=True nz=True ynz=True cond=True claim_agree=True upper=3208.98400681  CERT
572744618,0,1 RHO mem=True nz=True ynz=True cond=True claim_agree=True upper=0.961314979273  CERT
572744618,0,1 T   mem=True nz=True ynz=True cond=True claim_agree=True upper=2395.53137463  CERT
575119657,0,1 RHO mem=True nz=True ynz=True cond=True claim_agree=True upper=0.961314979273  CERT
575119657,0,1 T   mem=True nz=True ynz=True cond=True claim_agree=True upper=3304.70153236  CERT
575687311,0,1 RHO mem=True nz=True ynz=True cond=True claim_agree=True upper=0.973653696738  CERT
575687311,0,1 T   mem=True nz=True ynz=True cond=True claim_agree=True upper=3059.00615017  CERT
669155908,0,1 RHO mem=True nz=True ynz=True cond=True claim_agree=True upper=0.952648779819  CERT
669155908,0,1 T   mem=True nz=True ynz=True cond=True claim_agree=True upper=3146.29347296  CERT
711138478,0,1 RHO mem=True nz=True ynz=True cond=True claim_agree=True upper=0.948033305399  CERT
711138478,0,1 T   mem=True nz=True ynz=True cond=True claim_agree=True upper=2143.74555396  CERT
766167887,0,1 RHO mem=True nz=True ynz=True cond=True claim_agree=True upper=0.982624832724  CERT
766167887,0,1 T   mem=True nz=True ynz=True cond=True claim_agree=True upper=2958.83153245  CERT
769081889,0,1 RHO mem=True nz=True ynz=True cond=True claim_agree=True upper=0.985124450058  CERT
769081889,0,1 T   mem=True nz=True ynz=True cond=True claim_agree=True upper=2710.82194773  CERT
796286943,0,1 RHO mem=True nz=True ynz=True cond=True claim_agree=True upper=0.958056409665  CERT
796286943,0,1 T   mem=True nz=True ynz=True cond=True claim_agree=True upper=2329.22718517  CERT
797269247,0,1 RHO mem=True nz=True ynz=True cond=True claim_agree=True upper=0.948033305399  CERT
797269247,0,1 T   mem=True nz=True ynz=True cond=True claim_agree=True upper=3115.25981132  CERT
882156466,0,1 RHO mem=True nz=True ynz=True cond=True claim_agree=True upper=0.969915766389  CERT
882156466,0,1 T   mem=True nz=True ynz=True cond=True claim_agree=True upper=2291.13164516  CERT
920281320,0,1 RHO mem=True nz=True ynz=True cond=True claim_agree=True upper=0.982624832724  CERT
920281320,0,1 T   mem=True nz=True ynz=True cond=True claim_agree=True upper=2933.24583954  CERT
947843159,0,1 RHO mem=True nz=True ynz=True cond=True claim_agree=True upper=0.944824537107  CERT
947843159,0,1 T   mem=True nz=True ynz=True cond=True claim_agree=True upper=2896.43344131  CERT
951015493,0,1 RHO mem=True nz=True ynz=True cond=True claim_agree=True upper=0.957265938927  CERT
951015493,0,1 T   mem=True nz=True ynz=True cond=True claim_agree=True upper=2857.87684784  CERT
978229987,0,1 RHO mem=True nz=True ynz=True cond=True claim_agree=True upper=0.985124450058  CERT
978229987,0,1 T   mem=True nz=True ynz=True cond=True claim_agree=True upper=2701.65012342  CERT
988580439,0,1 RHO mem=True nz=True ynz=True cond=True claim_agree=True upper=0.922899956807  CERT
988580439,0,1 T   mem=True nz=True ynz=True cond=True claim_agree=True upper=2211.06611173  CERT
FAMILY VERIFY n=7 l=1001105857 : EXCLUDED (components certified 32 / 32 ; lines 64 ; failed lines 0)
FAMILY VERIFY PASS
