FACTORIZATION: 32 irreducible factors of degree 2 over F_1000178369: OK
66813917,0,1 RHO mem=True nz=True ynz=True cond=True claim_agree=True upper=0.948953485298  CERT
66813917,0,1 T   mem=True nz=True ynz=True cond=True claim_agree=True upper=2769.84870349  CERT
74533605,0,1 RHO mem=True nz=True ynz=True cond=True claim_agree=True upper=0.953946057673  CERT
74533605,0,1 T   mem=True nz=True ynz=True cond=True claim_agree=True upper=2969.26335286  CERT
79335652,0,1 RHO mem=True nz=True ynz=True cond=True claim_agree=True upper=0.944788260276  CERT
79335652,0,1 T   mem=True nz=True ynz=True cond=True claim_agree=True upper=3348.88847442  CERT
102586440,0,1 RHO mem=True nz=True ynz=True cond=True claim_agree=True upper=0.973279818957  CERT
102586440,0,1 T   mem=True nz=True ynz=True cond=True claim_agree=True upper=3639.61840480  CERT
172832039,0,1 RHO mem=True nz=True ynz=True cond=True claim_agree=True upper=0.972570523540  CERT
172832039,0,1 T   mem=True nz=True ynz=True cond=True claim_agree=True upper=3297.60155852  CERT
276642379,0,1 RHO mem=True nz=True ynz=True cond=True claim_agree=True upper=0.963743488858  CERT
276642379,0,1 T   mem=True nz=True ynz=True cond=True claim_agree=True upper=2172.15397412  CERT
287979809,0,1 RHO mem=True nz=True ynz=True cond=True claim_agree=True upper=0.928082977044  CERT
287979809,0,1 T   mem=True nz=True ynz=True cond=True claim_agree=True upper=2890.31058001  CERT
333439658,0,1 RHO mem=True nz=True ynz=True cond=True claim_agree=True upper=0.944788260276  CERT
333439658,0,1 T   mem=True nz=True ynz=True cond=True claim_agree=True upper=2782.08129109  CERT
344663936,0,1 RHO mem=True nz=True ynz=True cond=True claim_agree=True upper=0.963743488858  CERT
344663936,0,1 T   mem=True nz=True ynz=True cond=True claim_agree=True upper=2332.35711547  CERT
347600148,0,1 RHO mem=True nz=True ynz=True cond=True claim_agree=True upper=0.974036854798  CERT
347600148,0,1 T   mem=True nz=True ynz=True cond=True claim_agree=True upper=2923.23741449  CERT
360811611,0,1 RHO mem=True nz=True ynz=True cond=True claim_agree=True upper=0.967321805023  CERT
360811611,0,1 T   mem=True nz=True ynz=True cond=True claim_agree=True upper=2407.23004934  CERT
377592647,0,1 RHO mem=True nz=True ynz=True cond=True claim_agree=True upper=0.944764627102  CERT
377592647,0,1 T   mem=True nz=True ynz=True cond=True claim_agree=True upper=3365.42995776  CERT
406804778,0,1 RHO mem=True nz=True ynz=True cond=True claim_agree=True upper=0.937074294584  CERT
406804778,0,1 T   mem=True nz=True ynz=True cond=True claim_agree=True upper=1956.65093903  CERT
408433607,0,1 RHO mem=True nz=True ynz=True cond=True claim_agree=True upper=0.948054757153  CERT
408433607,0,1 T   mem=True nz=True ynz=True cond=True claim_agree=True upper=2966.66556806  CERT
434542988,0,1 RHO mem=True nz=True ynz=True cond=True claim_agree=True upper=0.906106051490  CERT
434542988,0,1 T   mem=True nz=True ynz=True cond=True claim_agree=True upper=2480.70966420  CERT
436260293,0,1 RHO mem=True nz=True ynz=True cond=True claim_agree=True upper=0.944489275779  CERT
436260293,0,1 T   mem=True nz=True ynz=True cond=True claim_agree=True upper=3270.09617734  CERT
563918076,0,1 RHO mem=True nz=True ynz=True cond=True claim_agree=True upper=0.973279818957  CERT
563918076,0,1 T   mem=True nz=True ynz=True cond=True claim_agree=True upper=2651.25769846  CERT
565635381,0,1 RHO mem=True nz=True ynz=True cond=True claim_agree=True upper=0.972570523540  CERT
565635381,0,1 T   mem=True nz=True ynz=True cond=True claim_agree=True upper=2735.76183993  CERT
591744762,0,1 RHO mem=True nz=True ynz=True cond=True claim_agree=True upper=0.928082977044  CERT
591744762,0,1 T   mem=True nz=True ynz=True cond=True claim_agree=True upper=2000.57190454  CERT
593373591,0,1 RHO mem=True nz=True ynz=True cond=True claim_agree=True upper=0.967321805023  CERT
593373591,0,1 T   mem=True nz=True ynz=True cond=True claim_agree=True upper=2386.65769682  CERT
622585722,0,1 RHO mem=True nz=True ynz=True cond=True claim_agree=True upper=0.974036854798  CERT
622585722,0,1 T   mem=True nz=True ynz=True cond=True claim_agree=True upper=2782.54461321  CERT
639366758,0,1 RHO mem=True nz=True ynz=True cond=True claim_agree=True upper=0.937074294584  CERT
639366758,0,1 T   mem=True nz=True ynz=True cond=True claim_agree=True upper=2454.92607358  CERT
652578221,0,1 RHO mem=True nz=True ynz=True cond=True claim_agree=True upper=0.944764627102  CERT
652578221,0,1 T   mem=True nz=True ynz=True cond=True claim_agree=True upper=2857.11191824  CERT
655514433,0,1 RHO mem=True nz=True ynz=True cond=True claim_agree=True upper=0.885875797960  CERT
655514433,0,1 T   mem=True nz=True ynz=True cond=True claim_agree=True upper=1683.82047974  CERT
666738711,0,1 RHO mem=True nz=True ynz=True cond=True claim_agree=True upper=0.961412836475  CERT
666738711,0,1 T   mem=True nz=True ynz=True cond=True claim_agree=True upper=3431.60893701  CERT
712198560,0,1 RHO mem=True nz=True ynz=True cond=True claim_agree=True upper=0.948054757153  CERT
712198560,0,1 T   mem=True nz=True ynz=True cond=True claim_agree=True upper=2804.10395520  CERT
723535990,0,1 RHO mem=True nz=True ynz=True cond=True claim_agree=True upper=0.885875797960  CERT
723535990,0,1 T   mem=True nz=True ynz=True cond=True claim_agree=True upper=2593.39719094  CERT
827346330,0,1 RHO mem=True nz=True ynz=True cond=True claim_agree=True upper=0.906106051490  CERT
827346330,0,1 T   mem=True nz=True ynz=True cond=True claim_agree=True upper=2340.53248389  CERT
897591929,0,1 RHO mem=True nz=True ynz=True cond=True claim_agree=True upper=0.944489275779  CERT
897591929,0,1 T   mem=True nz=True ynz=True cond=True claim_agree=True upper=2592.61505766  CERT
920842717,0,1 RHO mem=True nz=True ynz=True cond=True claim_agree=True upper=0.961412836475  CERT
920842717,0,1 T   mem=True nz=True ynz=True cond=True claim_agree=True upper=2537.99240089  CERT
925644764,0,1 RHO mem=True nz=True ynz=True cond=True claim_agree=True upper=0.948953485298  CERT
925644764,0,1 T   mem=True nz=True ynz=True cond=True claim_agree=True upper=2401.92749623  CERT
933364452,0,1 RHO mem=True nz=True ynz=True cond=True claim_agree=True upper=0.953946057673  CERT
933364452,0,1 T   mem=True nz=True ynz=True cond=True claim_agree=True upper=2769.06526623  CERT
FAMILY VERIFY n=7 l=1000178369 : EXCLUDED (components certified 32 / 32 ; lines 64 ; failed lines 0)
FAMILY VERIFY PASS
