FACTORIZATION: 32 irreducible factors of degree 2 over F_1000657729: OK
33591301,0,1 RHO mem=True nz=True ynz=True cond=True claim_agree=True upper=0.908163893651  CERT
33591301,0,1 T   mem=True nz=True ynz=True cond=True claim_agree=True upper=3025.10923695  CERT
64405894,0,1 RHO mem=True nz=True ynz=True cond=True claim_agree=True upper=0.909709317071  CERT
64405894,0,1 T   mem=True nz=True ynz=True cond=True claim_agree=True upper=2184.49201843  CERT
66500011,0,1 RHO mem=True nz=True ynz=True cond=True claim_agree=True upper=0.874051280007  CERT
66500011,0,1 T   mem=True nz=True ynz=True cond=True claim_agree=True upper=1669.25385571  CERT
96481732,0,1 RHO mem=True nz=True ynz=True cond=True claim_agree=True upper=0.874051280007  CERT
96481732,0,1 T   mem=True nz=True ynz=True cond=True claim_agree=True upper=2535.68226504  CERT
139540317,0,1 RHO mem=True nz=True ynz=True cond=True claim_agree=True upper=0.848421282887  CERT
139540317,0,1 T   mem=True nz=True ynz=True cond=True claim_agree=True upper=1901.60982689  CERT
170262148,0,1 RHO mem=True nz=True ynz=True cond=True claim_agree=True upper=0.876870834649  CERT
170262148,0,1 T   mem=True nz=True ynz=True cond=True claim_agree=True upper=2658.08653318  CERT
175192445,0,1 RHO mem=True nz=True ynz=True cond=True claim_agree=True upper=0.855423919293  CERT
175192445,0,1 T   mem=True nz=True ynz=True cond=True claim_agree=True upper=2625.34206517  CERT
183492184,0,1 RHO mem=True nz=True ynz=True cond=True claim_agree=True upper=0.863036889104  CERT
183492184,0,1 T   mem=True nz=True ynz=True cond=True claim_agree=True upper=1317.78945675  CERT
197209520,0,1 RHO mem=True nz=True ynz=True cond=True claim_agree=True upper=0.848421282887  CERT
197209520,0,1 T   mem=True nz=True ynz=True cond=True claim_agree=True upper=2150.34909569  CERT
258871635,0,1 RHO mem=True nz=True ynz=True cond=True claim_agree=True upper=0.901573546751  CERT
258871635,0,1 T   mem=True nz=True ynz=True cond=True claim_agree=True upper=2052.29052233  CERT
281325976,0,1 RHO mem=True nz=True ynz=True cond=True claim_agree=True upper=0.891078858368  CERT
281325976,0,1 T   mem=True nz=True ynz=True cond=True claim_agree=True upper=2111.72453587  CERT
299818409,0,1 RHO mem=True nz=True ynz=True cond=True claim_agree=True upper=0.901573546751  CERT
299818409,0,1 T   mem=True nz=True ynz=True cond=True claim_agree=True upper=2645.30734713  CERT
335124443,0,1 RHO mem=True nz=True ynz=True cond=True claim_agree=True upper=0.879403460273  CERT
335124443,0,1 T   mem=True nz=True ynz=True cond=True claim_agree=True upper=1947.68867509  CERT
344187033,0,1 RHO mem=True nz=True ynz=True cond=True claim_agree=True upper=0.920163850451  CERT
344187033,0,1 T   mem=True nz=True ynz=True cond=True claim_agree=True upper=2761.14928709  CERT
413985992,0,1 RHO mem=True nz=True ynz=True cond=True claim_agree=True upper=0.835154583246  CERT
413985992,0,1 T   mem=True nz=True ynz=True cond=True claim_agree=True upper=1806.14039873  CERT
477699414,0,1 RHO mem=True nz=True ynz=True cond=True claim_agree=True upper=0.909709317071  CERT
477699414,0,1 T   mem=True nz=True ynz=True cond=True claim_agree=True upper=2619.49877384  CERT
522958315,0,1 RHO mem=True nz=True ynz=True cond=True claim_agree=True upper=0.839131891655  CERT
522958315,0,1 T   mem=True nz=True ynz=True cond=True claim_agree=True upper=1564.56521819  CERT
586671737,0,1 RHO mem=True nz=True ynz=True cond=True claim_agree=True upper=0.920163850451  CERT
586671737,0,1 T   mem=True nz=True ynz=True cond=True claim_agree=True upper=2380.03497718  CERT
656470696,0,1 RHO mem=True nz=True ynz=True cond=True claim_agree=True upper=0.835154583246  CERT
656470696,0,1 T   mem=True nz=True ynz=True cond=True claim_agree=True upper=2079.10180022  CERT
665533286,0,1 RHO mem=True nz=True ynz=True cond=True claim_agree=True upper=0.863036889104  CERT
665533286,0,1 T   mem=True nz=True ynz=True cond=True claim_agree=True upper=1641.25550082  CERT
700839320,0,1 RHO mem=True nz=True ynz=True cond=True claim_agree=True upper=0.868440526214  CERT
700839320,0,1 T   mem=True nz=True ynz=True cond=True claim_agree=True upper=2227.96191435  CERT
719331753,0,1 RHO mem=True nz=True ynz=True cond=True claim_agree=True upper=0.876870834649  CERT
719331753,0,1 T   mem=True nz=True ynz=True cond=True claim_agree=True upper=2292.02927706  CERT
741786094,0,1 RHO mem=True nz=True ynz=True cond=True claim_agree=True upper=0.868440526214  CERT
741786094,0,1 T   mem=True nz=True ynz=True cond=True claim_agree=True upper=1610.98637072  CERT
803448209,0,1 RHO mem=True nz=True ynz=True cond=True claim_agree=True upper=0.898402000950  CERT
803448209,0,1 T   mem=True nz=True ynz=True cond=True claim_agree=True upper=2389.52295866  CERT
817165545,0,1 RHO mem=True nz=True ynz=True cond=True claim_agree=True upper=0.879403460273  CERT
817165545,0,1 T   mem=True nz=True ynz=True cond=True claim_agree=True upper=2152.66776211  CERT
825465284,0,1 RHO mem=True nz=True ynz=True cond=True claim_agree=True upper=0.908163893651  CERT
825465284,0,1 T   mem=True nz=True ynz=True cond=True claim_agree=True upper=2265.14282377  CERT
830395581,0,1 RHO mem=True nz=True ynz=True cond=True claim_agree=True upper=0.891078858368  CERT
830395581,0,1 T   mem=True nz=True ynz=True cond=True claim_agree=True upper=2651.19134232  CERT
861117412,0,1 RHO mem=True nz=True ynz=True cond=True claim_agree=True upper=0.898402000950  CERT
861117412,0,1 T   mem=True nz=True ynz=True cond=True claim_agree=True upper=2438.14294433  CERT
904175997,0,1 RHO mem=True nz=True ynz=True cond=True claim_agree=True upper=0.891871911765  CERT
904175997,0,1 T   mem=True nz=True ynz=True cond=True claim_agree=True upper=2086.72910813  CERT
934157718,0,1 RHO mem=True nz=True ynz=True cond=True claim_agree=True upper=0.891871911765  CERT
934157718,0,1 T   mem=True nz=True ynz=True cond=True claim_agree=True upper=2483.09836226  CERT
936251835,0,1 RHO mem=True nz=True ynz=True cond=True claim_agree=True upper=0.839131891655  CERT
936251835,0,1 T   mem=True nz=True ynz=True cond=True claim_agree=True upper=2244.91357354  CERT
967066428,0,1 RHO mem=True nz=True ynz=True cond=True claim_agree=True upper=0.855423919293  CERT
967066428,0,1 T   mem=True nz=True ynz=True cond=True claim_agree=True upper=2263.66151391  CERT
FAMILY VERIFY n=7 l=1000657729 : EXCLUDED (components certified 32 / 32 ; lines 64 ; failed lines 0)
FAMILY VERIFY PASS
