FACTORIZATION: 32 irreducible factors of degree 2 over F_1000151489: OK
81400485,0,1 RHO mem=True nz=True ynz=True cond=True claim_agree=True upper=0.928731560351  CERT
81400485,0,1 T   mem=True nz=True ynz=True cond=True claim_agree=True upper=2791.23187619  CERT
93950853,0,1 RHO mem=True nz=True ynz=True cond=True claim_agree=True upper=0.908350890285  CERT
93950853,0,1 T   mem=True nz=True ynz=True cond=True claim_agree=True upper=2235.27107294  CERT
144803039,0,1 RHO mem=True nz=True ynz=True cond=True claim_agree=True upper=0.911952281738  CERT
144803039,0,1 T   mem=True nz=True ynz=True cond=True claim_agree=True upper=2672.40850910  CERT
168217470,0,1 RHO mem=True nz=True ynz=True cond=True claim_agree=True upper=0.908350890285  CERT
168217470,0,1 T   mem=True nz=True ynz=True cond=True claim_agree=True upper=2501.83086811  CERT
263461061,0,1 RHO mem=True nz=True ynz=True cond=True claim_agree=True upper=0.941632610293  CERT
263461061,0,1 T   mem=True nz=True ynz=True cond=True claim_agree=True upper=2679.29503846  CERT
282577853,0,1 RHO mem=True nz=True ynz=True cond=True claim_agree=True upper=0.944808766131  CERT
282577853,0,1 T   mem=True nz=True ynz=True cond=True claim_agree=True upper=2966.64187082  CERT
293015957,0,1 RHO mem=True nz=True ynz=True cond=True claim_agree=True upper=0.945904581488  CERT
293015957,0,1 T   mem=True nz=True ynz=True cond=True claim_agree=True upper=3010.64068525  CERT
309226480,0,1 RHO mem=True nz=True ynz=True cond=True claim_agree=True upper=0.954279253685  CERT
309226480,0,1 T   mem=True nz=True ynz=True cond=True claim_agree=True upper=3063.38311465  CERT
408223314,0,1 RHO mem=True nz=True ynz=True cond=True claim_agree=True upper=0.957033429867  CERT
408223314,0,1 T   mem=True nz=True ynz=True cond=True claim_agree=True upper=2937.37189577  CERT
408275699,0,1 RHO mem=True nz=True ynz=True cond=True claim_agree=True upper=0.950506842799  CERT
408275699,0,1 T   mem=True nz=True ynz=True cond=True claim_agree=True upper=2208.83266305  CERT
420900132,0,1 RHO mem=True nz=True ynz=True cond=True claim_agree=True upper=0.922479230676  CERT
420900132,0,1 T   mem=True nz=True ynz=True cond=True claim_agree=True upper=2527.88112425  CERT
425832080,0,1 RHO mem=True nz=True ynz=True cond=True claim_agree=True upper=0.922479230676  CERT
425832080,0,1 T   mem=True nz=True ynz=True cond=True claim_agree=True upper=2951.08412748  CERT
432790909,0,1 RHO mem=True nz=True ynz=True cond=True claim_agree=True upper=0.917617341501  CERT
432790909,0,1 T   mem=True nz=True ynz=True cond=True claim_agree=True upper=3286.50979392  CERT
441305720,0,1 RHO mem=True nz=True ynz=True cond=True claim_agree=True upper=0.950506842799  CERT
441305720,0,1 T   mem=True nz=True ynz=True cond=True claim_agree=True upper=2621.57635197  CERT
467012219,0,1 RHO mem=True nz=True ynz=True cond=True claim_agree=True upper=0.954279253685  CERT
467012219,0,1 T   mem=True nz=True ynz=True cond=True claim_agree=True upper=1988.43836821  CERT
487732935,0,1 RHO mem=True nz=True ynz=True cond=True claim_agree=True upper=0.957114838774  CERT
487732935,0,1 T   mem=True nz=True ynz=True cond=True claim_agree=True upper=2161.48142319  CERT
512418554,0,1 RHO mem=True nz=True ynz=True cond=True claim_agree=True upper=0.928731560351  CERT
512418554,0,1 T   mem=True nz=True ynz=True cond=True claim_agree=True upper=3390.20144904  CERT
533139270,0,1 RHO mem=True nz=True ynz=True cond=True claim_agree=True upper=0.917167637486  CERT
533139270,0,1 T   mem=True nz=True ynz=True cond=True claim_agree=True upper=3032.27419913  CERT
558845769,0,1 RHO mem=True nz=True ynz=True cond=True claim_agree=True upper=0.898812940395  CERT
558845769,0,1 T   mem=True nz=True ynz=True cond=True claim_agree=True upper=2501.70005921  CERT
567360580,0,1 RHO mem=True nz=True ynz=True cond=True claim_agree=True upper=0.944808766131  CERT
567360580,0,1 T   mem=True nz=True ynz=True cond=True claim_agree=True upper=2968.43671296  CERT
574319409,0,1 RHO mem=True nz=True ynz=True cond=True claim_agree=True upper=0.957351020352  CERT
574319409,0,1 T   mem=True nz=True ynz=True cond=True claim_agree=True upper=2454.52614012  CERT
579251357,0,1 RHO mem=True nz=True ynz=True cond=True claim_agree=True upper=0.957351020352  CERT
579251357,0,1 T   mem=True nz=True ynz=True cond=True claim_agree=True upper=2262.89286811  CERT
591875790,0,1 RHO mem=True nz=True ynz=True cond=True claim_agree=True upper=0.898812940395  CERT
591875790,0,1 T   mem=True nz=True ynz=True cond=True claim_agree=True upper=2867.28582626  CERT
591928175,0,1 RHO mem=True nz=True ynz=True cond=True claim_agree=True upper=0.911952281738  CERT
591928175,0,1 T   mem=True nz=True ynz=True cond=True claim_agree=True upper=2334.16781512  CERT
690925009,0,1 RHO mem=True nz=True ynz=True cond=True claim_agree=True upper=0.917167637486  CERT
690925009,0,1 T   mem=True nz=True ynz=True cond=True claim_agree=True upper=2496.94320219  CERT
707135532,0,1 RHO mem=True nz=True ynz=True cond=True claim_agree=True upper=0.941632610293  CERT
707135532,0,1 T   mem=True nz=True ynz=True cond=True claim_agree=True upper=2502.98146747  CERT
717573636,0,1 RHO mem=True nz=True ynz=True cond=True claim_agree=True upper=0.917617341501  CERT
717573636,0,1 T   mem=True nz=True ynz=True cond=True claim_agree=True upper=2087.02485930  CERT
736690428,0,1 RHO mem=True nz=True ynz=True cond=True claim_agree=True upper=0.945904581488  CERT
736690428,0,1 T   mem=True nz=True ynz=True cond=True claim_agree=True upper=2943.62527577  CERT
831934019,0,1 RHO mem=True nz=True ynz=True cond=True claim_agree=True upper=0.955167721627  CERT
831934019,0,1 T   mem=True nz=True ynz=True cond=True claim_agree=True upper=2458.24218972  CERT
855348450,0,1 RHO mem=True nz=True ynz=True cond=True claim_agree=True upper=0.957033429867  CERT
855348450,0,1 T   mem=True nz=True ynz=True cond=True claim_agree=True upper=2652.54955209  CERT
906200636,0,1 RHO mem=True nz=True ynz=True cond=True claim_agree=True upper=0.955167721627  CERT
906200636,0,1 T   mem=True nz=True ynz=True cond=True claim_agree=True upper=2528.06846956  CERT
918751004,0,1 RHO mem=True nz=True ynz=True cond=True claim_agree=True upper=0.957114838774  CERT
918751004,0,1 T   mem=True nz=True ynz=True cond=True claim_agree=True upper=2410.11488924  CERT
FAMILY VERIFY n=7 l=1000151489 : EXCLUDED (components certified 32 / 32 ; lines 64 ; failed lines 0)
FAMILY VERIFY PASS
