FACTORIZATION: 32 irreducible factors of degree 2 over F_1000375361: OK
21476088,0,1 RHO mem=True nz=True ynz=True cond=True claim_agree=True upper=0.921653335672  CERT
21476088,0,1 T   mem=True nz=True ynz=True cond=True claim_agree=True upper=2075.93825406  CERT
29304928,0,1 RHO mem=True nz=True ynz=True cond=True claim_agree=True upper=0.921576205166  CERT
29304928,0,1 T   mem=True nz=True ynz=True cond=True claim_agree=True upper=2628.15115307  CERT
31006415,0,1 RHO mem=True nz=True ynz=True cond=True claim_agree=True upper=0.929162934662  CERT
31006415,0,1 T   mem=True nz=True ynz=True cond=True claim_agree=True upper=2936.20201580  CERT
31365422,0,1 RHO mem=True nz=True ynz=True cond=True claim_agree=True upper=0.938771367370  CERT
31365422,0,1 T   mem=True nz=True ynz=True cond=True claim_agree=True upper=1845.37392825  CERT
36572535,0,1 RHO mem=True nz=True ynz=True cond=True claim_agree=True upper=0.945908199645  CERT
36572535,0,1 T   mem=True nz=True ynz=True cond=True claim_agree=True upper=1944.08187421  CERT
57460894,0,1 RHO mem=True nz=True ynz=True cond=True claim_agree=True upper=0.936414630582  CERT
57460894,0,1 T   mem=True nz=True ynz=True cond=True claim_agree=True upper=2452.90620888  CERT
68432330,0,1 RHO mem=True nz=True ynz=True cond=True claim_agree=True upper=0.878444610807  CERT
68432330,0,1 T   mem=True nz=True ynz=True cond=True claim_agree=True upper=2149.84051168  CERT
184046623,0,1 RHO mem=True nz=True ynz=True cond=True claim_agree=True upper=0.930049484967  CERT
184046623,0,1 T   mem=True nz=True ynz=True cond=True claim_agree=True upper=2260.87179244  CERT
205418731,0,1 RHO mem=True nz=True ynz=True cond=True claim_agree=True upper=0.906018643912  CERT
205418731,0,1 T   mem=True nz=True ynz=True cond=True claim_agree=True upper=1687.76920881  CERT
217676639,0,1 RHO mem=True nz=True ynz=True cond=True claim_agree=True upper=0.935207207480  CERT
217676639,0,1 T   mem=True nz=True ynz=True cond=True claim_agree=True upper=2236.85083917  CERT
258815478,0,1 RHO mem=True nz=True ynz=True cond=True claim_agree=True upper=0.929162934662  CERT
258815478,0,1 T   mem=True nz=True ynz=True cond=True claim_agree=True upper=2619.18591058  CERT
275609807,0,1 RHO mem=True nz=True ynz=True cond=True claim_agree=True upper=0.921576205166  CERT
275609807,0,1 T   mem=True nz=True ynz=True cond=True claim_agree=True upper=2412.33723100  CERT
300712433,0,1 RHO mem=True nz=True ynz=True cond=True claim_agree=True upper=0.920717580221  CERT
300712433,0,1 T   mem=True nz=True ynz=True cond=True claim_agree=True upper=2472.65082700  CERT
328443929,0,1 RHO mem=True nz=True ynz=True cond=True claim_agree=True upper=0.938771367370  CERT
328443929,0,1 T   mem=True nz=True ynz=True cond=True claim_agree=True upper=1789.75519061  CERT
421201348,0,1 RHO mem=True nz=True ynz=True cond=True claim_agree=True upper=0.900371730396  CERT
421201348,0,1 T   mem=True nz=True ynz=True cond=True claim_agree=True upper=2564.13702630  CERT
445542936,0,1 RHO mem=True nz=True ynz=True cond=True claim_agree=True upper=0.932149223189  CERT
445542936,0,1 T   mem=True nz=True ynz=True cond=True claim_agree=True upper=2327.46276469  CERT
554832425,0,1 RHO mem=True nz=True ynz=True cond=True claim_agree=True upper=0.921653335672  CERT
554832425,0,1 T   mem=True nz=True ynz=True cond=True claim_agree=True upper=2353.47158827  CERT
579174013,0,1 RHO mem=True nz=True ynz=True cond=True claim_agree=True upper=0.945908199645  CERT
579174013,0,1 T   mem=True nz=True ynz=True cond=True claim_agree=True upper=2354.93759898  CERT
671931432,0,1 RHO mem=True nz=True ynz=True cond=True claim_agree=True upper=0.926732765241  CERT
671931432,0,1 T   mem=True nz=True ynz=True cond=True claim_agree=True upper=2267.90056345  CERT
699662928,0,1 RHO mem=True nz=True ynz=True cond=True claim_agree=True upper=0.878444610807  CERT
699662928,0,1 T   mem=True nz=True ynz=True cond=True claim_agree=True upper=3173.14536520  CERT
724765554,0,1 RHO mem=True nz=True ynz=True cond=True claim_agree=True upper=0.893814837439  CERT
724765554,0,1 T   mem=True nz=True ynz=True cond=True claim_agree=True upper=2264.20286342  CERT
741559883,0,1 RHO mem=True nz=True ynz=True cond=True claim_agree=True upper=0.931709632479  CERT
741559883,0,1 T   mem=True nz=True ynz=True cond=True claim_agree=True upper=2104.07346122  CERT
782698722,0,1 RHO mem=True nz=True ynz=True cond=True claim_agree=True upper=0.930049484967  CERT
782698722,0,1 T   mem=True nz=True ynz=True cond=True claim_agree=True upper=2833.89055580  CERT
794956630,0,1 RHO mem=True nz=True ynz=True cond=True claim_agree=True upper=0.936414630582  CERT
794956630,0,1 T   mem=True nz=True ynz=True cond=True claim_agree=True upper=2788.79455388  CERT
816328738,0,1 RHO mem=True nz=True ynz=True cond=True claim_agree=True upper=0.935207207480  CERT
816328738,0,1 T   mem=True nz=True ynz=True cond=True claim_agree=True upper=2050.76279605  CERT
931943031,0,1 RHO mem=True nz=True ynz=True cond=True claim_agree=True upper=0.920717580221  CERT
931943031,0,1 T   mem=True nz=True ynz=True cond=True claim_agree=True upper=2827.21815060  CERT
942914467,0,1 RHO mem=True nz=True ynz=True cond=True claim_agree=True upper=0.906018643912  CERT
942914467,0,1 T   mem=True nz=True ynz=True cond=True claim_agree=True upper=2589.60079495  CERT
963802826,0,1 RHO mem=True nz=True ynz=True cond=True claim_agree=True upper=0.900371730396  CERT
963802826,0,1 T   mem=True nz=True ynz=True cond=True claim_agree=True upper=2248.23188360  CERT
969009939,0,1 RHO mem=True nz=True ynz=True cond=True claim_agree=True upper=0.926732765241  CERT
969009939,0,1 T   mem=True nz=True ynz=True cond=True claim_agree=True upper=1872.93097964  CERT
969368946,0,1 RHO mem=True nz=True ynz=True cond=True claim_agree=True upper=0.931709632479  CERT
969368946,0,1 T   mem=True nz=True ynz=True cond=True claim_agree=True upper=2844.79970935  CERT
971070433,0,1 RHO mem=True nz=True ynz=True cond=True claim_agree=True upper=0.893814837439  CERT
971070433,0,1 T   mem=True nz=True ynz=True cond=True claim_agree=True upper=1959.93490974  CERT
978899273,0,1 RHO mem=True nz=True ynz=True cond=True claim_agree=True upper=0.932149223189  CERT
978899273,0,1 T   mem=True nz=True ynz=True cond=True claim_agree=True upper=2210.42018775  CERT
FAMILY VERIFY n=7 l=1000375361 : EXCLUDED (components certified 32 / 32 ; lines 64 ; failed lines 0)
FAMILY VERIFY PASS
