FACTORIZATION: 32 irreducible factors of degree 2 over F_1001076929: OK
135053530,0,1 RHO mem=True nz=True ynz=True cond=True claim_agree=True upper=0.951975130213  CERT
135053530,0,1 T   mem=True nz=True ynz=True cond=True claim_agree=True upper=2472.85688600  CERT
165030388,0,1 RHO mem=True nz=True ynz=True cond=True claim_agree=True upper=0.955082514898  CERT
165030388,0,1 T   mem=True nz=True ynz=True cond=True claim_agree=True upper=3157.31590707  CERT
178819728,0,1 RHO mem=True nz=True ynz=True cond=True claim_agree=True upper=0.956900599828  CERT
178819728,0,1 T   mem=True nz=True ynz=True cond=True claim_agree=True upper=2486.10835953  CERT
191491942,0,1 RHO mem=True nz=True ynz=True cond=True claim_agree=True upper=0.914591089728  CERT
191491942,0,1 T   mem=True nz=True ynz=True cond=True claim_agree=True upper=1768.00542883  CERT
224284913,0,1 RHO mem=True nz=True ynz=True cond=True claim_agree=True upper=0.900870106193  CERT
224284913,0,1 T   mem=True nz=True ynz=True cond=True claim_agree=True upper=2350.52342576  CERT
231111078,0,1 RHO mem=True nz=True ynz=True cond=True claim_agree=True upper=0.934252746471  CERT
231111078,0,1 T   mem=True nz=True ynz=True cond=True claim_agree=True upper=2652.72286681  CERT
257905112,0,1 RHO mem=True nz=True ynz=True cond=True claim_agree=True upper=0.969507406095  CERT
257905112,0,1 T   mem=True nz=True ynz=True cond=True claim_agree=True upper=2056.44907627  CERT
264928969,0,1 RHO mem=True nz=True ynz=True cond=True claim_agree=True upper=0.963937108166  CERT
264928969,0,1 T   mem=True nz=True ynz=True cond=True claim_agree=True upper=2699.42748947  CERT
271911435,0,1 RHO mem=True nz=True ynz=True cond=True claim_agree=True upper=0.900870106193  CERT
271911435,0,1 T   mem=True nz=True ynz=True cond=True claim_agree=True upper=2565.39403002  CERT
322915078,0,1 RHO mem=True nz=True ynz=True cond=True claim_agree=True upper=0.911706220317  CERT
322915078,0,1 T   mem=True nz=True ynz=True cond=True claim_agree=True upper=2176.38496280  CERT
335651807,0,1 RHO mem=True nz=True ynz=True cond=True claim_agree=True upper=0.935299149262  CERT
335651807,0,1 T   mem=True nz=True ynz=True cond=True claim_agree=True upper=2688.93818580  CERT
368573363,0,1 RHO mem=True nz=True ynz=True cond=True claim_agree=True upper=0.969507406095  CERT
368573363,0,1 T   mem=True nz=True ynz=True cond=True claim_agree=True upper=2095.43526348  CERT
368811736,0,1 RHO mem=True nz=True ynz=True cond=True claim_agree=True upper=0.934252746471  CERT
368811736,0,1 T   mem=True nz=True ynz=True cond=True claim_agree=True upper=2467.77050699  CERT
397852201,0,1 RHO mem=True nz=True ynz=True cond=True claim_agree=True upper=0.958667142893  CERT
397852201,0,1 T   mem=True nz=True ynz=True cond=True claim_agree=True upper=2512.63356255  CERT
405444269,0,1 RHO mem=True nz=True ynz=True cond=True claim_agree=True upper=0.956900599828  CERT
405444269,0,1 T   mem=True nz=True ynz=True cond=True claim_agree=True upper=2519.53973261  CERT
458263331,0,1 RHO mem=True nz=True ynz=True cond=True claim_agree=True upper=0.951975130213  CERT
458263331,0,1 T   mem=True nz=True ynz=True cond=True claim_agree=True upper=1935.82640035  CERT
542813598,0,1 RHO mem=True nz=True ynz=True cond=True claim_agree=True upper=0.942961989156  CERT
542813598,0,1 T   mem=True nz=True ynz=True cond=True claim_agree=True upper=2447.66739808  CERT
595632660,0,1 RHO mem=True nz=True ynz=True cond=True claim_agree=True upper=0.921438822245  CERT
595632660,0,1 T   mem=True nz=True ynz=True cond=True claim_agree=True upper=2587.23605355  CERT
603224728,0,1 RHO mem=True nz=True ynz=True cond=True claim_agree=True upper=0.935299149262  CERT
603224728,0,1 T   mem=True nz=True ynz=True cond=True claim_agree=True upper=2104.38089819  CERT
632265193,0,1 RHO mem=True nz=True ynz=True cond=True claim_agree=True upper=0.960199562642  CERT
632265193,0,1 T   mem=True nz=True ynz=True cond=True claim_agree=True upper=2396.60444767  CERT
632503566,0,1 RHO mem=True nz=True ynz=True cond=True claim_agree=True upper=0.932531067989  CERT
632503566,0,1 T   mem=True nz=True ynz=True cond=True claim_agree=True upper=2415.14077250  CERT
665425122,0,1 RHO mem=True nz=True ynz=True cond=True claim_agree=True upper=0.958667142893  CERT
665425122,0,1 T   mem=True nz=True ynz=True cond=True claim_agree=True upper=2881.98969809  CERT
678161851,0,1 RHO mem=True nz=True ynz=True cond=True claim_agree=True upper=0.963937108166  CERT
678161851,0,1 T   mem=True nz=True ynz=True cond=True claim_agree=True upper=2397.73761853  CERT
729165494,0,1 RHO mem=True nz=True ynz=True cond=True claim_agree=True upper=0.958861450288  CERT
729165494,0,1 T   mem=True nz=True ynz=True cond=True claim_agree=True upper=2896.30328521  CERT
736147960,0,1 RHO mem=True nz=True ynz=True cond=True claim_agree=True upper=0.911706220317  CERT
736147960,0,1 T   mem=True nz=True ynz=True cond=True claim_agree=True upper=1763.96980803  CERT
743171817,0,1 RHO mem=True nz=True ynz=True cond=True claim_agree=True upper=0.932531067989  CERT
743171817,0,1 T   mem=True nz=True ynz=True cond=True claim_agree=True upper=2208.41549178  CERT
769965851,0,1 RHO mem=True nz=True ynz=True cond=True claim_agree=True upper=0.960199562642  CERT
769965851,0,1 T   mem=True nz=True ynz=True cond=True claim_agree=True upper=2010.56948114  CERT
776792016,0,1 RHO mem=True nz=True ynz=True cond=True claim_agree=True upper=0.958861450288  CERT
776792016,0,1 T   mem=True nz=True ynz=True cond=True claim_agree=True upper=2811.10282591  CERT
809584987,0,1 RHO mem=True nz=True ynz=True cond=True claim_agree=True upper=0.955082514898  CERT
809584987,0,1 T   mem=True nz=True ynz=True cond=True claim_agree=True upper=2699.31944001  CERT
822257201,0,1 RHO mem=True nz=True ynz=True cond=True claim_agree=True upper=0.921438822245  CERT
822257201,0,1 T   mem=True nz=True ynz=True cond=True claim_agree=True upper=2604.86386614  CERT
836046541,0,1 RHO mem=True nz=True ynz=True cond=True claim_agree=True upper=0.914591089728  CERT
836046541,0,1 T   mem=True nz=True ynz=True cond=True claim_agree=True upper=1965.37954623  CERT
866023399,0,1 RHO mem=True nz=True ynz=True cond=True claim_agree=True upper=0.942961989156  CERT
866023399,0,1 T   mem=True nz=True ynz=True cond=True claim_agree=True upper=2256.06361162  CERT
FAMILY VERIFY n=7 l=1001076929 : EXCLUDED (components certified 32 / 32 ; lines 64 ; failed lines 0)
FAMILY VERIFY PASS
