FACTORIZATION: 32 irreducible factors of degree 2 over F_1000392641: OK
5233923,0,1 RHO mem=True nz=True ynz=True cond=True claim_agree=True upper=0.937808381555  CERT
5233923,0,1 T   mem=True nz=True ynz=True cond=True claim_agree=True upper=2829.50141108  CERT
58366912,0,1 RHO mem=True nz=True ynz=True cond=True claim_agree=True upper=0.916563617718  CERT
58366912,0,1 T   mem=True nz=True ynz=True cond=True claim_agree=True upper=2420.58665091  CERT
67069891,0,1 RHO mem=True nz=True ynz=True cond=True claim_agree=True upper=0.930438662673  CERT
67069891,0,1 T   mem=True nz=True ynz=True cond=True claim_agree=True upper=1779.92817697  CERT
94673262,0,1 RHO mem=True nz=True ynz=True cond=True claim_agree=True upper=0.957235152349  CERT
94673262,0,1 T   mem=True nz=True ynz=True cond=True claim_agree=True upper=2360.35546803  CERT
103112360,0,1 RHO mem=True nz=True ynz=True cond=True claim_agree=True upper=0.920258271842  CERT
103112360,0,1 T   mem=True nz=True ynz=True cond=True claim_agree=True upper=2165.82207136  CERT
198207155,0,1 RHO mem=True nz=True ynz=True cond=True claim_agree=True upper=0.908680340651  CERT
198207155,0,1 T   mem=True nz=True ynz=True cond=True claim_agree=True upper=1680.24999883  CERT
247712968,0,1 RHO mem=True nz=True ynz=True cond=True claim_agree=True upper=0.938529829986  CERT
247712968,0,1 T   mem=True nz=True ynz=True cond=True claim_agree=True upper=2446.67645532  CERT
248462194,0,1 RHO mem=True nz=True ynz=True cond=True claim_agree=True upper=0.938529829986  CERT
248462194,0,1 T   mem=True nz=True ynz=True cond=True claim_agree=True upper=2194.13870358  CERT
262603500,0,1 RHO mem=True nz=True ynz=True cond=True claim_agree=True upper=0.920258271842  CERT
262603500,0,1 T   mem=True nz=True ynz=True cond=True claim_agree=True upper=1961.46196076  CERT
280281879,0,1 RHO mem=True nz=True ynz=True cond=True claim_agree=True upper=0.916563617718  CERT
280281879,0,1 T   mem=True nz=True ynz=True cond=True claim_agree=True upper=2067.58833608  CERT
289055578,0,1 RHO mem=True nz=True ynz=True cond=True claim_agree=True upper=0.944588703554  CERT
289055578,0,1 T   mem=True nz=True ynz=True cond=True claim_agree=True upper=3013.60944352  CERT
312508656,0,1 RHO mem=True nz=True ynz=True cond=True claim_agree=True upper=0.930438662673  CERT
312508656,0,1 T   mem=True nz=True ynz=True cond=True claim_agree=True upper=1931.66563521  CERT
350809450,0,1 RHO mem=True nz=True ynz=True cond=True claim_agree=True upper=0.937808381555  CERT
350809450,0,1 T   mem=True nz=True ynz=True cond=True claim_agree=True upper=1730.28454776  CERT
368799766,0,1 RHO mem=True nz=True ynz=True cond=True claim_agree=True upper=0.918956781230  CERT
368799766,0,1 T   mem=True nz=True ynz=True cond=True claim_agree=True upper=1810.26084030  CERT
397308336,0,1 RHO mem=True nz=True ynz=True cond=True claim_agree=True upper=0.898092175190  CERT
397308336,0,1 T   mem=True nz=True ynz=True cond=True claim_agree=True upper=2321.86794522  CERT
458221994,0,1 RHO mem=True nz=True ynz=True cond=True claim_agree=True upper=0.947642002333  CERT
458221994,0,1 T   mem=True nz=True ynz=True cond=True claim_agree=True upper=2538.11083553  CERT
542170647,0,1 RHO mem=True nz=True ynz=True cond=True claim_agree=True upper=0.908680340651  CERT
542170647,0,1 T   mem=True nz=True ynz=True cond=True claim_agree=True upper=2742.79109855  CERT
603084305,0,1 RHO mem=True nz=True ynz=True cond=True claim_agree=True upper=0.957235152349  CERT
603084305,0,1 T   mem=True nz=True ynz=True cond=True claim_agree=True upper=2700.68329576  CERT
631592875,0,1 RHO mem=True nz=True ynz=True cond=True claim_agree=True upper=0.944588703554  CERT
631592875,0,1 T   mem=True nz=True ynz=True cond=True claim_agree=True upper=2435.27436559  CERT
649583191,0,1 RHO mem=True nz=True ynz=True cond=True claim_agree=True upper=0.921922690638  CERT
649583191,0,1 T   mem=True nz=True ynz=True cond=True claim_agree=True upper=2543.00811729  CERT
687883985,0,1 RHO mem=True nz=True ynz=True cond=True claim_agree=True upper=0.915081217775  CERT
687883985,0,1 T   mem=True nz=True ynz=True cond=True claim_agree=True upper=1920.78161800  CERT
711337063,0,1 RHO mem=True nz=True ynz=True cond=True claim_agree=True upper=0.918956781230  CERT
711337063,0,1 T   mem=True nz=True ynz=True cond=True claim_agree=True upper=2654.64033811  CERT
720110762,0,1 RHO mem=True nz=True ynz=True cond=True claim_agree=True upper=0.942263643281  CERT
720110762,0,1 T   mem=True nz=True ynz=True cond=True claim_agree=True upper=2171.12861591  CERT
737789141,0,1 RHO mem=True nz=True ynz=True cond=True claim_agree=True upper=0.903692302197  CERT
737789141,0,1 T   mem=True nz=True ynz=True cond=True claim_agree=True upper=2182.61515763  CERT
751930447,0,1 RHO mem=True nz=True ynz=True cond=True claim_agree=True upper=0.942398329691  CERT
751930447,0,1 T   mem=True nz=True ynz=True cond=True claim_agree=True upper=2270.70378461  CERT
752679673,0,1 RHO mem=True nz=True ynz=True cond=True claim_agree=True upper=0.942398329691  CERT
752679673,0,1 T   mem=True nz=True ynz=True cond=True claim_agree=True upper=2264.32421889  CERT
802185486,0,1 RHO mem=True nz=True ynz=True cond=True claim_agree=True upper=0.947642002333  CERT
802185486,0,1 T   mem=True nz=True ynz=True cond=True claim_agree=True upper=1954.95931770  CERT
897280281,0,1 RHO mem=True nz=True ynz=True cond=True claim_agree=True upper=0.903692302197  CERT
897280281,0,1 T   mem=True nz=True ynz=True cond=True claim_agree=True upper=2265.06033708  CERT
905719379,0,1 RHO mem=True nz=True ynz=True cond=True claim_agree=True upper=0.898092175190  CERT
905719379,0,1 T   mem=True nz=True ynz=True cond=True claim_agree=True upper=2341.55515189  CERT
933322750,0,1 RHO mem=True nz=True ynz=True cond=True claim_agree=True upper=0.915081217775  CERT
933322750,0,1 T   mem=True nz=True ynz=True cond=True claim_agree=True upper=2201.46794763  CERT
942025729,0,1 RHO mem=True nz=True ynz=True cond=True claim_agree=True upper=0.942263643281  CERT
942025729,0,1 T   mem=True nz=True ynz=True cond=True claim_agree=True upper=2592.62617738  CERT
995158718,0,1 RHO mem=True nz=True ynz=True cond=True claim_agree=True upper=0.921922690638  CERT
995158718,0,1 T   mem=True nz=True ynz=True cond=True claim_agree=True upper=2943.10560002  CERT
FAMILY VERIFY n=7 l=1000392641 : EXCLUDED (components certified 32 / 32 ; lines 64 ; failed lines 0)
FAMILY VERIFY PASS
