FACTORIZATION: 32 irreducible factors of degree 2 over F_1000586689: OK
33182403,0,1 RHO mem=True nz=True ynz=True cond=True claim_agree=True upper=0.987900744499  CERT
33182403,0,1 T   mem=True nz=True ynz=True cond=True claim_agree=True upper=2573.00247134  CERT
75903574,0,1 RHO mem=True nz=True ynz=True cond=True claim_agree=True upper=0.965398232223  CERT
75903574,0,1 T   mem=True nz=True ynz=True cond=True claim_agree=True upper=2461.50294196  CERT
104821385,0,1 RHO mem=True nz=True ynz=True cond=True claim_agree=True upper=0.987900744499  CERT
104821385,0,1 T   mem=True nz=True ynz=True cond=True claim_agree=True upper=2411.11130965  CERT
117058880,0,1 RHO mem=True nz=True ynz=True cond=True claim_agree=True upper=0.962127586539  CERT
117058880,0,1 T   mem=True nz=True ynz=True cond=True claim_agree=True upper=2714.28541539  CERT
128378834,0,1 RHO mem=True nz=True ynz=True cond=True claim_agree=True upper=0.962127586539  CERT
128378834,0,1 T   mem=True nz=True ynz=True cond=True claim_agree=True upper=2260.98820626  CERT
202292983,0,1 RHO mem=True nz=True ynz=True cond=True claim_agree=True upper=0.952265942439  CERT
202292983,0,1 T   mem=True nz=True ynz=True cond=True claim_agree=True upper=2950.86833487  CERT
229407763,0,1 RHO mem=True nz=True ynz=True cond=True claim_agree=True upper=0.956443707526  CERT
229407763,0,1 T   mem=True nz=True ynz=True cond=True claim_agree=True upper=1900.16895673  CERT
244111971,0,1 RHO mem=True nz=True ynz=True cond=True claim_agree=True upper=0.974425428528  CERT
244111971,0,1 T   mem=True nz=True ynz=True cond=True claim_agree=True upper=2614.71091465  CERT
255336376,0,1 RHO mem=True nz=True ynz=True cond=True claim_agree=True upper=0.962238912644  CERT
255336376,0,1 T   mem=True nz=True ynz=True cond=True claim_agree=True upper=2158.29875094  CERT
271854712,0,1 RHO mem=True nz=True ynz=True cond=True claim_agree=True upper=0.952265942439  CERT
271854712,0,1 T   mem=True nz=True ynz=True cond=True claim_agree=True upper=2042.35876320  CERT
279663875,0,1 RHO mem=True nz=True ynz=True cond=True claim_agree=True upper=0.965398232223  CERT
279663875,0,1 T   mem=True nz=True ynz=True cond=True claim_agree=True upper=3019.27709774  CERT
329335910,0,1 RHO mem=True nz=True ynz=True cond=True claim_agree=True upper=0.948467967778  CERT
329335910,0,1 T   mem=True nz=True ynz=True cond=True claim_agree=True upper=2743.99232973  CERT
339135601,0,1 RHO mem=True nz=True ynz=True cond=True claim_agree=True upper=0.970283971544  CERT
339135601,0,1 T   mem=True nz=True ynz=True cond=True claim_agree=True upper=2690.30951300  CERT
342983385,0,1 RHO mem=True nz=True ynz=True cond=True claim_agree=True upper=0.948076538786  CERT
342983385,0,1 T   mem=True nz=True ynz=True cond=True claim_agree=True upper=2701.89480296  CERT
415588457,0,1 RHO mem=True nz=True ynz=True cond=True claim_agree=True upper=0.953402312395  CERT
415588457,0,1 T   mem=True nz=True ynz=True cond=True claim_agree=True upper=2532.71413080  CERT
424255031,0,1 RHO mem=True nz=True ynz=True cond=True claim_agree=True upper=0.925113290619  CERT
424255031,0,1 T   mem=True nz=True ynz=True cond=True claim_agree=True upper=2824.78788604  CERT
576331658,0,1 RHO mem=True nz=True ynz=True cond=True claim_agree=True upper=0.953402312395  CERT
576331658,0,1 T   mem=True nz=True ynz=True cond=True claim_agree=True upper=2633.78487700  CERT
584998232,0,1 RHO mem=True nz=True ynz=True cond=True claim_agree=True upper=0.925113290619  CERT
584998232,0,1 T   mem=True nz=True ynz=True cond=True claim_agree=True upper=3355.39230270  CERT
657603304,0,1 RHO mem=True nz=True ynz=True cond=True claim_agree=True upper=0.970283971544  CERT
657603304,0,1 T   mem=True nz=True ynz=True cond=True claim_agree=True upper=2903.84338064  CERT
661451088,0,1 RHO mem=True nz=True ynz=True cond=True claim_agree=True upper=0.948076538786  CERT
661451088,0,1 T   mem=True nz=True ynz=True cond=True claim_agree=True upper=2051.83285715  CERT
671250779,0,1 RHO mem=True nz=True ynz=True cond=True claim_agree=True upper=0.974425428528  CERT
671250779,0,1 T   mem=True nz=True ynz=True cond=True claim_agree=True upper=2456.38757653  CERT
720922814,0,1 RHO mem=True nz=True ynz=True cond=True claim_agree=True upper=0.954326285473  CERT
720922814,0,1 T   mem=True nz=True ynz=True cond=True claim_agree=True upper=2073.67354320  CERT
728731977,0,1 RHO mem=True nz=True ynz=True cond=True claim_agree=True upper=0.957291593340  CERT
728731977,0,1 T   mem=True nz=True ynz=True cond=True claim_agree=True upper=1947.52199149  CERT
745250313,0,1 RHO mem=True nz=True ynz=True cond=True claim_agree=True upper=0.956443707526  CERT
745250313,0,1 T   mem=True nz=True ynz=True cond=True claim_agree=True upper=3175.09297978  CERT
756474718,0,1 RHO mem=True nz=True ynz=True cond=True claim_agree=True upper=0.948467967778  CERT
756474718,0,1 T   mem=True nz=True ynz=True cond=True claim_agree=True upper=2377.18831788  CERT
771178926,0,1 RHO mem=True nz=True ynz=True cond=True claim_agree=True upper=0.962238912644  CERT
771178926,0,1 T   mem=True nz=True ynz=True cond=True claim_agree=True upper=2494.55234312  CERT
798293706,0,1 RHO mem=True nz=True ynz=True cond=True claim_agree=True upper=0.957291593340  CERT
798293706,0,1 T   mem=True nz=True ynz=True cond=True claim_agree=True upper=2534.92626241  CERT
872207855,0,1 RHO mem=True nz=True ynz=True cond=True claim_agree=True upper=0.960885792151  CERT
872207855,0,1 T   mem=True nz=True ynz=True cond=True claim_agree=True upper=2617.65988130  CERT
883527809,0,1 RHO mem=True nz=True ynz=True cond=True claim_agree=True upper=0.960885792151  CERT
883527809,0,1 T   mem=True nz=True ynz=True cond=True claim_agree=True upper=3470.90266495  CERT
895765304,0,1 RHO mem=True nz=True ynz=True cond=True claim_agree=True upper=0.953919988919  CERT
895765304,0,1 T   mem=True nz=True ynz=True cond=True claim_agree=True upper=2885.23039451  CERT
924683115,0,1 RHO mem=True nz=True ynz=True cond=True claim_agree=True upper=0.954326285473  CERT
924683115,0,1 T   mem=True nz=True ynz=True cond=True claim_agree=True upper=2168.52489328  CERT
967404286,0,1 RHO mem=True nz=True ynz=True cond=True claim_agree=True upper=0.953919988919  CERT
967404286,0,1 T   mem=True nz=True ynz=True cond=True claim_agree=True upper=3123.84022723  CERT
FAMILY VERIFY n=7 l=1000586689 : EXCLUDED (components certified 32 / 32 ; lines 64 ; failed lines 0)
FAMILY VERIFY PASS
