FACTORIZATION: 32 irreducible factors of degree 2 over F_1000685249: OK
34406481,0,1 RHO mem=True nz=True ynz=True cond=True claim_agree=True upper=0.942617158953  CERT
34406481,0,1 T   mem=True nz=True ynz=True cond=True claim_agree=True upper=2923.36399690  CERT
35259678,0,1 RHO mem=True nz=True ynz=True cond=True claim_agree=True upper=0.951595937451  CERT
35259678,0,1 T   mem=True nz=True ynz=True cond=True claim_agree=True upper=2080.32594071  CERT
45385630,0,1 RHO mem=True nz=True ynz=True cond=True claim_agree=True upper=0.907370624964  CERT
45385630,0,1 T   mem=True nz=True ynz=True cond=True claim_agree=True upper=2104.93586868  CERT
47828631,0,1 RHO mem=True nz=True ynz=True cond=True claim_agree=True upper=0.912967240049  CERT
47828631,0,1 T   mem=True nz=True ynz=True cond=True claim_agree=True upper=2270.15783206  CERT
54338209,0,1 RHO mem=True nz=True ynz=True cond=True claim_agree=True upper=0.969857134525  CERT
54338209,0,1 T   mem=True nz=True ynz=True cond=True claim_agree=True upper=3160.19832039  CERT
74210585,0,1 RHO mem=True nz=True ynz=True cond=True claim_agree=True upper=0.975062785266  CERT
74210585,0,1 T   mem=True nz=True ynz=True cond=True claim_agree=True upper=3186.79372399  CERT
74675416,0,1 RHO mem=True nz=True ynz=True cond=True claim_agree=True upper=0.921488178101  CERT
74675416,0,1 T   mem=True nz=True ynz=True cond=True claim_agree=True upper=2634.56609063  CERT
107382146,0,1 RHO mem=True nz=True ynz=True cond=True claim_agree=True upper=0.974553126934  CERT
107382146,0,1 T   mem=True nz=True ynz=True cond=True claim_agree=True upper=2543.24908193  CERT
159827540,0,1 RHO mem=True nz=True ynz=True cond=True claim_agree=True upper=0.948736410487  CERT
159827540,0,1 T   mem=True nz=True ynz=True cond=True claim_agree=True upper=2810.19077466  CERT
160851807,0,1 RHO mem=True nz=True ynz=True cond=True claim_agree=True upper=0.918597886485  CERT
160851807,0,1 T   mem=True nz=True ynz=True cond=True claim_agree=True upper=2547.03613196  CERT
162192648,0,1 RHO mem=True nz=True ynz=True cond=True claim_agree=True upper=0.926197783780  CERT
162192648,0,1 T   mem=True nz=True ynz=True cond=True claim_agree=True upper=1796.09818615  CERT
225235420,0,1 RHO mem=True nz=True ynz=True cond=True claim_agree=True upper=0.921488178101  CERT
225235420,0,1 T   mem=True nz=True ynz=True cond=True claim_agree=True upper=1698.58668819  CERT
253408201,0,1 RHO mem=True nz=True ynz=True cond=True claim_agree=True upper=0.951595937451  CERT
253408201,0,1 T   mem=True nz=True ynz=True cond=True claim_agree=True upper=2972.37369942  CERT
329253799,0,1 RHO mem=True nz=True ynz=True cond=True claim_agree=True upper=0.955033906951  CERT
329253799,0,1 T   mem=True nz=True ynz=True cond=True claim_agree=True upper=2357.88256083  CERT
370616338,0,1 RHO mem=True nz=True ynz=True cond=True claim_agree=True upper=0.918597886485  CERT
370616338,0,1 T   mem=True nz=True ynz=True cond=True claim_agree=True upper=2483.05021999  CERT
405386186,0,1 RHO mem=True nz=True ynz=True cond=True claim_agree=True upper=0.920953617320  CERT
405386186,0,1 T   mem=True nz=True ynz=True cond=True claim_agree=True upper=2051.81043080  CERT
595299063,0,1 RHO mem=True nz=True ynz=True cond=True claim_agree=True upper=0.972349313040  CERT
595299063,0,1 T   mem=True nz=True ynz=True cond=True claim_agree=True upper=2709.89260180  CERT
630068911,0,1 RHO mem=True nz=True ynz=True cond=True claim_agree=True upper=0.942093642521  CERT
630068911,0,1 T   mem=True nz=True ynz=True cond=True claim_agree=True upper=2627.97864364  CERT
671431450,0,1 RHO mem=True nz=True ynz=True cond=True claim_agree=True upper=0.948736410487  CERT
671431450,0,1 T   mem=True nz=True ynz=True cond=True claim_agree=True upper=2412.45811225  CERT
747277048,0,1 RHO mem=True nz=True ynz=True cond=True claim_agree=True upper=0.956708423679  CERT
747277048,0,1 T   mem=True nz=True ynz=True cond=True claim_agree=True upper=2021.08182142  CERT
775449829,0,1 RHO mem=True nz=True ynz=True cond=True claim_agree=True upper=0.945151712383  CERT
775449829,0,1 T   mem=True nz=True ynz=True cond=True claim_agree=True upper=2425.18980139  CERT
838492601,0,1 RHO mem=True nz=True ynz=True cond=True claim_agree=True upper=0.975062785266  CERT
838492601,0,1 T   mem=True nz=True ynz=True cond=True claim_agree=True upper=2463.47218614  CERT
839833442,0,1 RHO mem=True nz=True ynz=True cond=True claim_agree=True upper=0.942093642521  CERT
839833442,0,1 T   mem=True nz=True ynz=True cond=True claim_agree=True upper=1773.50789970  CERT
840857709,0,1 RHO mem=True nz=True ynz=True cond=True claim_agree=True upper=0.955033906951  CERT
840857709,0,1 T   mem=True nz=True ynz=True cond=True claim_agree=True upper=1976.40475380  CERT
893303103,0,1 RHO mem=True nz=True ynz=True cond=True claim_agree=True upper=0.907370624964  CERT
893303103,0,1 T   mem=True nz=True ynz=True cond=True claim_agree=True upper=1844.92830906  CERT
926009833,0,1 RHO mem=True nz=True ynz=True cond=True claim_agree=True upper=0.945151712383  CERT
926009833,0,1 T   mem=True nz=True ynz=True cond=True claim_agree=True upper=2487.41409069  CERT
926474664,0,1 RHO mem=True nz=True ynz=True cond=True claim_agree=True upper=0.926197783780  CERT
926474664,0,1 T   mem=True nz=True ynz=True cond=True claim_agree=True upper=2092.82035706  CERT
946347040,0,1 RHO mem=True nz=True ynz=True cond=True claim_agree=True upper=0.920953617320  CERT
946347040,0,1 T   mem=True nz=True ynz=True cond=True claim_agree=True upper=2231.56224046  CERT
952856618,0,1 RHO mem=True nz=True ynz=True cond=True claim_agree=True upper=0.942617158953  CERT
952856618,0,1 T   mem=True nz=True ynz=True cond=True claim_agree=True upper=2267.54310866  CERT
955299619,0,1 RHO mem=True nz=True ynz=True cond=True claim_agree=True upper=0.974553126934  CERT
955299619,0,1 T   mem=True nz=True ynz=True cond=True claim_agree=True upper=2613.40876154  CERT
965425571,0,1 RHO mem=True nz=True ynz=True cond=True claim_agree=True upper=0.956708423679  CERT
965425571,0,1 T   mem=True nz=True ynz=True cond=True claim_agree=True upper=2143.31923252  CERT
966278768,0,1 RHO mem=True nz=True ynz=True cond=True claim_agree=True upper=0.912967240049  CERT
966278768,0,1 T   mem=True nz=True ynz=True cond=True claim_agree=True upper=2642.66722788  CERT
FAMILY VERIFY n=7 l=1000685249 : EXCLUDED (components certified 32 / 32 ; lines 64 ; failed lines 0)
FAMILY VERIFY PASS
