FACTORIZATION: 32 irreducible factors of degree 2 over F_1000827073: OK
23176558,0,1 RHO mem=True nz=True ynz=True cond=True claim_agree=True upper=0.952319392333  CERT
23176558,0,1 T   mem=True nz=True ynz=True cond=True claim_agree=True upper=3111.84790825  CERT
26230832,0,1 RHO mem=True nz=True ynz=True cond=True claim_agree=True upper=0.888438017817  CERT
26230832,0,1 T   mem=True nz=True ynz=True cond=True claim_agree=True upper=1953.87763326  CERT
74532788,0,1 RHO mem=True nz=True ynz=True cond=True claim_agree=True upper=0.917062723632  CERT
74532788,0,1 T   mem=True nz=True ynz=True cond=True claim_agree=True upper=1824.29864250  CERT
89387433,0,1 RHO mem=True nz=True ynz=True cond=True claim_agree=True upper=0.952319392333  CERT
89387433,0,1 T   mem=True nz=True ynz=True cond=True claim_agree=True upper=2579.30009639  CERT
127583595,0,1 RHO mem=True nz=True ynz=True cond=True claim_agree=True upper=0.934501874877  CERT
127583595,0,1 T   mem=True nz=True ynz=True cond=True claim_agree=True upper=2001.38218659  CERT
216893409,0,1 RHO mem=True nz=True ynz=True cond=True claim_agree=True upper=0.903940172651  CERT
216893409,0,1 T   mem=True nz=True ynz=True cond=True claim_agree=True upper=1832.38753852  CERT
219483649,0,1 RHO mem=True nz=True ynz=True cond=True claim_agree=True upper=0.932124203747  CERT
219483649,0,1 T   mem=True nz=True ynz=True cond=True claim_agree=True upper=2562.39841631  CERT
265199169,0,1 RHO mem=True nz=True ynz=True cond=True claim_agree=True upper=0.939970857553  CERT
265199169,0,1 T   mem=True nz=True ynz=True cond=True claim_agree=True upper=3106.83118953  CERT
267601279,0,1 RHO mem=True nz=True ynz=True cond=True claim_agree=True upper=0.917062723632  CERT
267601279,0,1 T   mem=True nz=True ynz=True cond=True claim_agree=True upper=2038.67321349  CERT
360606944,0,1 RHO mem=True nz=True ynz=True cond=True claim_agree=True upper=0.954072239293  CERT
360606944,0,1 T   mem=True nz=True ynz=True cond=True claim_agree=True upper=2592.44673290  CERT
363090156,0,1 RHO mem=True nz=True ynz=True cond=True claim_agree=True upper=0.953564272055  CERT
363090156,0,1 T   mem=True nz=True ynz=True cond=True claim_agree=True upper=2067.46516241  CERT
366465436,0,1 RHO mem=True nz=True ynz=True cond=True claim_agree=True upper=0.945535753875  CERT
366465436,0,1 T   mem=True nz=True ynz=True cond=True claim_agree=True upper=2193.20660228  CERT
389105150,0,1 RHO mem=True nz=True ynz=True cond=True claim_agree=True upper=0.917256107875  CERT
389105150,0,1 T   mem=True nz=True ynz=True cond=True claim_agree=True upper=1708.60781981  CERT
425738470,0,1 RHO mem=True nz=True ynz=True cond=True claim_agree=True upper=0.953564272055  CERT
425738470,0,1 T   mem=True nz=True ynz=True cond=True claim_agree=True upper=2666.83497350  CERT
486072019,0,1 RHO mem=True nz=True ynz=True cond=True claim_agree=True upper=0.954072239293  CERT
486072019,0,1 T   mem=True nz=True ynz=True cond=True claim_agree=True upper=2561.50964943  CERT
498589366,0,1 RHO mem=True nz=True ynz=True cond=True claim_agree=True upper=0.945535753875  CERT
498589366,0,1 T   mem=True nz=True ynz=True cond=True claim_agree=True upper=2311.06925244  CERT
502237707,0,1 RHO mem=True nz=True ynz=True cond=True claim_agree=True upper=0.925855207953  CERT
502237707,0,1 T   mem=True nz=True ynz=True cond=True claim_agree=True upper=2668.10164257  CERT
514755054,0,1 RHO mem=True nz=True ynz=True cond=True claim_agree=True upper=0.954067401081  CERT
514755054,0,1 T   mem=True nz=True ynz=True cond=True claim_agree=True upper=2569.05438264  CERT
575088603,0,1 RHO mem=True nz=True ynz=True cond=True claim_agree=True upper=0.962823617941  CERT
575088603,0,1 T   mem=True nz=True ynz=True cond=True claim_agree=True upper=2918.82584634  CERT
611721923,0,1 RHO mem=True nz=True ynz=True cond=True claim_agree=True upper=0.939970857553  CERT
611721923,0,1 T   mem=True nz=True ynz=True cond=True claim_agree=True upper=2623.15143097  CERT
634361637,0,1 RHO mem=True nz=True ynz=True cond=True claim_agree=True upper=0.925855207953  CERT
634361637,0,1 T   mem=True nz=True ynz=True cond=True claim_agree=True upper=2420.89793807  CERT
637736917,0,1 RHO mem=True nz=True ynz=True cond=True claim_agree=True upper=0.962823617941  CERT
637736917,0,1 T   mem=True nz=True ynz=True cond=True claim_agree=True upper=2632.68056038  CERT
640220129,0,1 RHO mem=True nz=True ynz=True cond=True claim_agree=True upper=0.954067401081  CERT
640220129,0,1 T   mem=True nz=True ynz=True cond=True claim_agree=True upper=1987.70241795  CERT
733225794,0,1 RHO mem=True nz=True ynz=True cond=True claim_agree=True upper=0.934445849343  CERT
733225794,0,1 T   mem=True nz=True ynz=True cond=True claim_agree=True upper=2794.86126930  CERT
735627904,0,1 RHO mem=True nz=True ynz=True cond=True claim_agree=True upper=0.917256107875  CERT
735627904,0,1 T   mem=True nz=True ynz=True cond=True claim_agree=True upper=2045.77912244  CERT
781343424,0,1 RHO mem=True nz=True ynz=True cond=True claim_agree=True upper=0.934501874877  CERT
781343424,0,1 T   mem=True nz=True ynz=True cond=True claim_agree=True upper=2159.49382347  CERT
783933664,0,1 RHO mem=True nz=True ynz=True cond=True claim_agree=True upper=0.888438017817  CERT
783933664,0,1 T   mem=True nz=True ynz=True cond=True claim_agree=True upper=1681.43871300  CERT
873243478,0,1 RHO mem=True nz=True ynz=True cond=True claim_agree=True upper=0.932124203747  CERT
873243478,0,1 T   mem=True nz=True ynz=True cond=True claim_agree=True upper=2602.63148465  CERT
911439640,0,1 RHO mem=True nz=True ynz=True cond=True claim_agree=True upper=0.933975061616  CERT
911439640,0,1 T   mem=True nz=True ynz=True cond=True claim_agree=True upper=2302.23490481  CERT
926294285,0,1 RHO mem=True nz=True ynz=True cond=True claim_agree=True upper=0.934445849343  CERT
926294285,0,1 T   mem=True nz=True ynz=True cond=True claim_agree=True upper=2964.08202698  CERT
974596241,0,1 RHO mem=True nz=True ynz=True cond=True claim_agree=True upper=0.903940172651  CERT
974596241,0,1 T   mem=True nz=True ynz=True cond=True claim_agree=True upper=2337.13500974  CERT
977650515,0,1 RHO mem=True nz=True ynz=True cond=True claim_agree=True upper=0.933975061616  CERT
977650515,0,1 T   mem=True nz=True ynz=True cond=True claim_agree=True upper=2985.95422170  CERT
FAMILY VERIFY n=7 l=1000827073 : EXCLUDED (components certified 32 / 32 ; lines 64 ; failed lines 0)
FAMILY VERIFY PASS
