FACTORIZATION: 32 irreducible factors of degree 2 over F_1000705729: OK
39188525,0,1 RHO mem=True nz=True ynz=True cond=True claim_agree=True upper=0.941889772772  CERT
39188525,0,1 T   mem=True nz=True ynz=True cond=True claim_agree=True upper=1907.71146299  CERT
82399074,0,1 RHO mem=True nz=True ynz=True cond=True claim_agree=True upper=0.946787909523  CERT
82399074,0,1 T   mem=True nz=True ynz=True cond=True claim_agree=True upper=2866.30674618  CERT
101239082,0,1 RHO mem=True nz=True ynz=True cond=True claim_agree=True upper=0.969502017155  CERT
101239082,0,1 T   mem=True nz=True ynz=True cond=True claim_agree=True upper=2453.13675095  CERT
102893201,0,1 RHO mem=True nz=True ynz=True cond=True claim_agree=True upper=0.981405782970  CERT
102893201,0,1 T   mem=True nz=True ynz=True cond=True claim_agree=True upper=2187.77430904  CERT
135012115,0,1 RHO mem=True nz=True ynz=True cond=True claim_agree=True upper=0.934051520891  CERT
135012115,0,1 T   mem=True nz=True ynz=True cond=True claim_agree=True upper=1893.65896936  CERT
143349913,0,1 RHO mem=True nz=True ynz=True cond=True claim_agree=True upper=0.973746093686  CERT
143349913,0,1 T   mem=True nz=True ynz=True cond=True claim_agree=True upper=2429.55613728  CERT
169164730,0,1 RHO mem=True nz=True ynz=True cond=True claim_agree=True upper=0.934051520891  CERT
169164730,0,1 T   mem=True nz=True ynz=True cond=True claim_agree=True upper=1905.93267348  CERT
173791871,0,1 T   mem=True nz=True ynz=True cond=True claim_agree=True upper=3200.58627338  CERT
190168225,0,1 RHO mem=True nz=True ynz=True cond=True claim_agree=True upper=0.953059972017  CERT
190168225,0,1 T   mem=True nz=True ynz=True cond=True claim_agree=True upper=2427.11669994  CERT
196941192,0,1 RHO mem=True nz=True ynz=True cond=True claim_agree=True upper=0.963664572492  CERT
196941192,0,1 T   mem=True nz=True ynz=True cond=True claim_agree=True upper=3053.33710183  CERT
215155862,0,1 RHO mem=True nz=True ynz=True cond=True claim_agree=True upper=0.952923310152  CERT
215155862,0,1 T   mem=True nz=True ynz=True cond=True claim_agree=True upper=2567.53443684  CERT
267145927,0,1 RHO mem=True nz=True ynz=True cond=True claim_agree=True upper=0.965404145687  CERT
267145927,0,1 T   mem=True nz=True ynz=True cond=True claim_agree=True upper=3392.68913781  CERT
285058692,0,1 RHO mem=True nz=True ynz=True cond=True claim_agree=True upper=0.963174425344  CERT
285058692,0,1 T   mem=True nz=True ynz=True cond=True claim_agree=True upper=2346.53273347  CERT
382072545,0,1 RHO mem=True nz=True ynz=True cond=True claim_agree=True upper=0.963174425344  CERT
382072545,0,1 T   mem=True nz=True ynz=True cond=True claim_agree=True upper=2403.09146540  CERT
382993278,0,1 RHO mem=True nz=True ynz=True cond=True claim_agree=True upper=0.981405782970  CERT
382993278,0,1 T   mem=True nz=True ynz=True cond=True claim_agree=True upper=2801.98970522  CERT
450773116,0,1 RHO mem=True nz=True ynz=True cond=True claim_agree=True upper=0.943428565918  CERT
450773116,0,1 T   mem=True nz=True ynz=True cond=True claim_agree=True upper=3647.32450987  CERT
549932613,0,1 RHO mem=True nz=True ynz=True cond=True claim_agree=True upper=0.953059972017  CERT
549932613,0,1 T   mem=True nz=True ynz=True cond=True claim_agree=True upper=2759.41313013  CERT
617712451,0,1 RHO mem=True nz=True ynz=True cond=True claim_agree=True upper=0.961704685666  CERT
617712451,0,1 T   mem=True nz=True ynz=True cond=True claim_agree=True upper=3178.27234862  CERT
618633184,0,1 RHO mem=True nz=True ynz=True cond=True claim_agree=True upper=0.953987032999  CERT
618633184,0,1 T   mem=True nz=True ynz=True cond=True claim_agree=True upper=3246.53146072  CERT
715647037,0,1 RHO mem=True nz=True ynz=True cond=True claim_agree=True upper=0.953987032999  CERT
715647037,0,1 T   mem=True nz=True ynz=True cond=True claim_agree=True upper=2516.06749818  CERT
733559802,0,1 RHO mem=True nz=True ynz=True cond=True claim_agree=True upper=0.969502017155  CERT
733559802,0,1 T   mem=True nz=True ynz=True cond=True claim_agree=True upper=2773.03623159  CERT
785549867,0,1 RHO mem=True nz=True ynz=True cond=True claim_agree=True upper=0.946787909523  CERT
785549867,0,1 T   mem=True nz=True ynz=True cond=True claim_agree=True upper=2701.35695290  CERT
803764537,0,1 RHO mem=True nz=True ynz=True cond=True claim_agree=True upper=0.973746093686  CERT
803764537,0,1 T   mem=True nz=True ynz=True cond=True claim_agree=True upper=2371.11021762  CERT
810537504,0,1 RHO mem=True nz=True ynz=True cond=True claim_agree=True upper=0.943428565918  CERT
810537504,0,1 T   mem=True nz=True ynz=True cond=True claim_agree=True upper=2918.46692038  CERT
826913858,0,1 RHO mem=True nz=True ynz=True cond=True claim_agree=True upper=0.941889772772  CERT
826913858,0,1 T   mem=True nz=True ynz=True cond=True claim_agree=True upper=2849.83314233  CERT
831540999,0,1 RHO mem=True nz=True ynz=True cond=True claim_agree=True upper=0.933704311470  CERT
831540999,0,1 T   mem=True nz=True ynz=True cond=True claim_agree=True upper=3092.31355871  CERT
857355816,0,1 RHO mem=True nz=True ynz=True cond=True claim_agree=True upper=0.963664572492  CERT
857355816,0,1 T   mem=True nz=True ynz=True cond=True claim_agree=True upper=2542.43770044  CERT
865693614,0,1 RHO mem=True nz=True ynz=True cond=True claim_agree=True upper=0.933704311470  CERT
865693614,0,1 T   mem=True nz=True ynz=True cond=True claim_agree=True upper=2465.14667369  CERT
897812528,0,1 RHO mem=True nz=True ynz=True cond=True claim_agree=True upper=0.961704685666  CERT
897812528,0,1 T   mem=True nz=True ynz=True cond=True claim_agree=True upper=2316.37527584  CERT
899466647,0,1 RHO mem=True nz=True ynz=True cond=True claim_agree=True upper=0.965404145687  CERT
899466647,0,1 T   mem=True nz=True ynz=True cond=True claim_agree=True upper=2931.20538578  CERT
918306655,0,1 RHO mem=True nz=True ynz=True cond=True claim_agree=True upper=0.952923310152  CERT
918306655,0,1 T   mem=True nz=True ynz=True cond=True claim_agree=True upper=3008.05520119  CERT
961517204,0,1 T   mem=True nz=True ynz=True cond=True claim_agree=True upper=3205.37080803  CERT
FAMILY VERIFY n=7 l=1000705729 : EXCLUDED (components certified 32 / 32 ; lines 62 ; failed lines 0)
FAMILY VERIFY PASS
