FACTORIZATION: 32 irreducible factors of degree 2 over F_1000288321: OK
3368959,0,1 RHO mem=True nz=True ynz=True cond=True claim_agree=True upper=0.926320191386  CERT
3368959,0,1 T   mem=True nz=True ynz=True cond=True claim_agree=True upper=2647.50698105  CERT
19834613,0,1 RHO mem=True nz=True ynz=True cond=True claim_agree=True upper=0.953783584909  CERT
19834613,0,1 T   mem=True nz=True ynz=True cond=True claim_agree=True upper=2851.28827367  CERT
99657312,0,1 RHO mem=True nz=True ynz=True cond=True claim_agree=True upper=0.962787175347  CERT
99657312,0,1 T   mem=True nz=True ynz=True cond=True claim_agree=True upper=2447.81620421  CERT
116677450,0,1 RHO mem=True nz=True ynz=True cond=True claim_agree=True upper=0.965163204237  CERT
116677450,0,1 T   mem=True nz=True ynz=True cond=True claim_agree=True upper=2934.98224472  CERT
120806673,0,1 RHO mem=True nz=True ynz=True cond=True claim_agree=True upper=0.956108187813  CERT
120806673,0,1 T   mem=True nz=True ynz=True cond=True claim_agree=True upper=2180.61442939  CERT
128741854,0,1 RHO mem=True nz=True ynz=True cond=True claim_agree=True upper=0.920116339801  CERT
128741854,0,1 T   mem=True nz=True ynz=True cond=True claim_agree=True upper=2176.51645365  CERT
156036077,0,1 RHO mem=True nz=True ynz=True cond=True claim_agree=True upper=0.943188245942  CERT
156036077,0,1 T   mem=True nz=True ynz=True cond=True claim_agree=True upper=2951.23192421  CERT
162195686,0,1 RHO mem=True nz=True ynz=True cond=True claim_agree=True upper=0.923510824107  CERT
162195686,0,1 T   mem=True nz=True ynz=True cond=True claim_agree=True upper=2104.91192810  CERT
239077476,0,1 RHO mem=True nz=True ynz=True cond=True claim_agree=True upper=0.955259719078  CERT
239077476,0,1 T   mem=True nz=True ynz=True cond=True claim_agree=True upper=1802.32338746  CERT
251129010,0,1 RHO mem=True nz=True ynz=True cond=True claim_agree=True upper=0.903153944479  CERT
251129010,0,1 T   mem=True nz=True ynz=True cond=True claim_agree=True upper=3271.40337705  CERT
297589584,0,1 RHO mem=True nz=True ynz=True cond=True claim_agree=True upper=0.943188245942  CERT
297589584,0,1 T   mem=True nz=True ynz=True cond=True claim_agree=True upper=2419.70029578  CERT
376165401,0,1 RHO mem=True nz=True ynz=True cond=True claim_agree=True upper=0.965163204237  CERT
376165401,0,1 T   mem=True nz=True ynz=True cond=True claim_agree=True upper=3521.43472883  CERT
379162040,0,1 RHO mem=True nz=True ynz=True cond=True claim_agree=True upper=0.897321094889  CERT
379162040,0,1 T   mem=True nz=True ynz=True cond=True claim_agree=True upper=1829.55648565  CERT
457593720,0,1 RHO mem=True nz=True ynz=True cond=True claim_agree=True upper=0.927317191701  CERT
457593720,0,1 T   mem=True nz=True ynz=True cond=True claim_agree=True upper=1921.90103501  CERT
471153622,0,1 RHO mem=True nz=True ynz=True cond=True claim_agree=True upper=0.955259719078  CERT
471153622,0,1 T   mem=True nz=True ynz=True cond=True claim_agree=True upper=2428.36670346  CERT
482881183,0,1 RHO mem=True nz=True ynz=True cond=True claim_agree=True upper=0.958130109086  CERT
482881183,0,1 T   mem=True nz=True ynz=True cond=True claim_agree=True upper=2090.05618827  CERT
517407138,0,1 RHO mem=True nz=True ynz=True cond=True claim_agree=True upper=0.926320191386  CERT
517407138,0,1 T   mem=True nz=True ynz=True cond=True claim_agree=True upper=2258.18903403  CERT
529134699,0,1 RHO mem=True nz=True ynz=True cond=True claim_agree=True upper=0.951099755502  CERT
529134699,0,1 T   mem=True nz=True ynz=True cond=True claim_agree=True upper=2998.44725363  CERT
542694601,0,1 RHO mem=True nz=True ynz=True cond=True claim_agree=True upper=0.956108187813  CERT
542694601,0,1 T   mem=True nz=True ynz=True cond=True claim_agree=True upper=2940.45359459  CERT
621126281,0,1 RHO mem=True nz=True ynz=True cond=True claim_agree=True upper=0.923510824107  CERT
621126281,0,1 T   mem=True nz=True ynz=True cond=True claim_agree=True upper=2937.98326332  CERT
624122920,0,1 RHO mem=True nz=True ynz=True cond=True claim_agree=True upper=0.933386480232  CERT
624122920,0,1 T   mem=True nz=True ynz=True cond=True claim_agree=True upper=2800.83170319  CERT
702698737,0,1 RHO mem=True nz=True ynz=True cond=True claim_agree=True upper=0.934612746726  CERT
702698737,0,1 T   mem=True nz=True ynz=True cond=True claim_agree=True upper=2796.92812573  CERT
749159311,0,1 RHO mem=True nz=True ynz=True cond=True claim_agree=True upper=0.953783584909  CERT
749159311,0,1 T   mem=True nz=True ynz=True cond=True claim_agree=True upper=2596.71070768  CERT
761210845,0,1 RHO mem=True nz=True ynz=True cond=True claim_agree=True upper=0.951099755502  CERT
761210845,0,1 T   mem=True nz=True ynz=True cond=True claim_agree=True upper=2168.70110620  CERT
838092635,0,1 RHO mem=True nz=True ynz=True cond=True claim_agree=True upper=0.897321094889  CERT
838092635,0,1 T   mem=True nz=True ynz=True cond=True claim_agree=True upper=1839.81056372  CERT
844252244,0,1 RHO mem=True nz=True ynz=True cond=True claim_agree=True upper=0.934612746726  CERT
844252244,0,1 T   mem=True nz=True ynz=True cond=True claim_agree=True upper=2217.93339373  CERT
871546467,0,1 RHO mem=True nz=True ynz=True cond=True claim_agree=True upper=0.962787175347  CERT
871546467,0,1 T   mem=True nz=True ynz=True cond=True claim_agree=True upper=2054.30309232  CERT
879481648,0,1 RHO mem=True nz=True ynz=True cond=True claim_agree=True upper=0.927317191701  CERT
879481648,0,1 T   mem=True nz=True ynz=True cond=True claim_agree=True upper=2955.64092976  CERT
883610871,0,1 RHO mem=True nz=True ynz=True cond=True claim_agree=True upper=0.933386480232  CERT
883610871,0,1 T   mem=True nz=True ynz=True cond=True claim_agree=True upper=3026.74693520  CERT
900631009,0,1 RHO mem=True nz=True ynz=True cond=True claim_agree=True upper=0.920116339801  CERT
900631009,0,1 T   mem=True nz=True ynz=True cond=True claim_agree=True upper=1928.64534278  CERT
980453708,0,1 RHO mem=True nz=True ynz=True cond=True claim_agree=True upper=0.903153944479  CERT
980453708,0,1 T   mem=True nz=True ynz=True cond=True claim_agree=True upper=2513.74126497  CERT
996919362,0,1 RHO mem=True nz=True ynz=True cond=True claim_agree=True upper=0.958130109086  CERT
996919362,0,1 T   mem=True nz=True ynz=True cond=True claim_agree=True upper=3432.33565043  CERT
FAMILY VERIFY n=7 l=1000288321 : EXCLUDED (components certified 32 / 32 ; lines 64 ; failed lines 0)
FAMILY VERIFY PASS
