FACTORIZATION: 32 irreducible factors of degree 2 over F_1000464193: OK
6545232,0,1 RHO mem=True nz=True ynz=True cond=True claim_agree=True upper=0.931492134590  CERT
6545232,0,1 T   mem=True nz=True ynz=True cond=True claim_agree=True upper=2499.09725624  CERT
36072102,0,1 RHO mem=True nz=True ynz=True cond=True claim_agree=True upper=0.932311595355  CERT
36072102,0,1 T   mem=True nz=True ynz=True cond=True claim_agree=True upper=3050.42741558  CERT
83881202,0,1 RHO mem=True nz=True ynz=True cond=True claim_agree=True upper=0.889734396838  CERT
83881202,0,1 T   mem=True nz=True ynz=True cond=True claim_agree=True upper=2160.17351004  CERT
125203643,0,1 RHO mem=True nz=True ynz=True cond=True claim_agree=True upper=0.962156673490  CERT
125203643,0,1 T   mem=True nz=True ynz=True cond=True claim_agree=True upper=2920.90198426  CERT
147077086,0,1 RHO mem=True nz=True ynz=True cond=True claim_agree=True upper=0.931492134590  CERT
147077086,0,1 T   mem=True nz=True ynz=True cond=True claim_agree=True upper=1946.66149587  CERT
166537891,0,1 RHO mem=True nz=True ynz=True cond=True claim_agree=True upper=0.929249833351  CERT
166537891,0,1 T   mem=True nz=True ynz=True cond=True claim_agree=True upper=2312.72291120  CERT
166704260,0,1 RHO mem=True nz=True ynz=True cond=True claim_agree=True upper=0.932311595355  CERT
166704260,0,1 T   mem=True nz=True ynz=True cond=True claim_agree=True upper=2002.62973966  CERT
244319372,0,1 RHO mem=True nz=True ynz=True cond=True claim_agree=True upper=0.920717573862  CERT
244319372,0,1 T   mem=True nz=True ynz=True cond=True claim_agree=True upper=3160.59961345  CERT
249929250,0,1 RHO mem=True nz=True ynz=True cond=True claim_agree=True upper=0.959872620715  CERT
249929250,0,1 T   mem=True nz=True ynz=True cond=True claim_agree=True upper=2523.54542516  CERT
269186470,0,1 RHO mem=True nz=True ynz=True cond=True claim_agree=True upper=0.949537969745  CERT
269186470,0,1 T   mem=True nz=True ynz=True cond=True claim_agree=True upper=2624.48769338  CERT
358689658,0,1 RHO mem=True nz=True ynz=True cond=True claim_agree=True upper=0.908468226766  CERT
358689658,0,1 T   mem=True nz=True ynz=True cond=True claim_agree=True upper=2298.74521713  CERT
360672595,0,1 RHO mem=True nz=True ynz=True cond=True claim_agree=True upper=0.915341401937  CERT
360672595,0,1 T   mem=True nz=True ynz=True cond=True claim_agree=True upper=2704.22137643  CERT
389539667,0,1 RHO mem=True nz=True ynz=True cond=True claim_agree=True upper=0.959250100527  CERT
389539667,0,1 T   mem=True nz=True ynz=True cond=True claim_agree=True upper=2311.53491486  CERT
393036239,0,1 RHO mem=True nz=True ynz=True cond=True claim_agree=True upper=0.948215508086  CERT
393036239,0,1 T   mem=True nz=True ynz=True cond=True claim_agree=True upper=2308.12346081  CERT
436306931,0,1 RHO mem=True nz=True ynz=True cond=True claim_agree=True upper=0.971133501504  CERT
436306931,0,1 T   mem=True nz=True ynz=True cond=True claim_agree=True upper=2571.05796746  CERT
486031845,0,1 RHO mem=True nz=True ynz=True cond=True claim_agree=True upper=0.857800352738  CERT
486031845,0,1 T   mem=True nz=True ynz=True cond=True claim_agree=True upper=1741.37779921  CERT
514432348,0,1 RHO mem=True nz=True ynz=True cond=True claim_agree=True upper=0.971133501504  CERT
514432348,0,1 T   mem=True nz=True ynz=True cond=True claim_agree=True upper=2244.08218345  CERT
564157262,0,1 RHO mem=True nz=True ynz=True cond=True claim_agree=True upper=0.857800352738  CERT
564157262,0,1 T   mem=True nz=True ynz=True cond=True claim_agree=True upper=2335.01544580  CERT
607427954,0,1 RHO mem=True nz=True ynz=True cond=True claim_agree=True upper=0.920717573862  CERT
607427954,0,1 T   mem=True nz=True ynz=True cond=True claim_agree=True upper=2951.47141538  CERT
610924526,0,1 RHO mem=True nz=True ynz=True cond=True claim_agree=True upper=0.889734396838  CERT
610924526,0,1 T   mem=True nz=True ynz=True cond=True claim_agree=True upper=1966.06648392  CERT
639791598,0,1 RHO mem=True nz=True ynz=True cond=True claim_agree=True upper=0.959872620715  CERT
639791598,0,1 T   mem=True nz=True ynz=True cond=True claim_agree=True upper=2386.99618301  CERT
641774535,0,1 RHO mem=True nz=True ynz=True cond=True claim_agree=True upper=0.962156673490  CERT
641774535,0,1 T   mem=True nz=True ynz=True cond=True claim_agree=True upper=3264.17348871  CERT
731277723,0,1 RHO mem=True nz=True ynz=True cond=True claim_agree=True upper=0.929249833351  CERT
731277723,0,1 T   mem=True nz=True ynz=True cond=True claim_agree=True upper=3106.13911516  CERT
750534943,0,1 RHO mem=True nz=True ynz=True cond=True claim_agree=True upper=0.915341401937  CERT
750534943,0,1 T   mem=True nz=True ynz=True cond=True claim_agree=True upper=2085.88439232  CERT
756144821,0,1 RHO mem=True nz=True ynz=True cond=True claim_agree=True upper=0.948215508086  CERT
756144821,0,1 T   mem=True nz=True ynz=True cond=True claim_agree=True upper=3144.62443722  CERT
833759933,0,1 RHO mem=True nz=True ynz=True cond=True claim_agree=True upper=0.945828653075  CERT
833759933,0,1 T   mem=True nz=True ynz=True cond=True claim_agree=True upper=2612.12690423  CERT
833926302,0,1 RHO mem=True nz=True ynz=True cond=True claim_agree=True upper=0.949537969745  CERT
833926302,0,1 T   mem=True nz=True ynz=True cond=True claim_agree=True upper=2325.17150298  CERT
853387107,0,1 RHO mem=True nz=True ynz=True cond=True claim_agree=True upper=0.950418010978  CERT
853387107,0,1 T   mem=True nz=True ynz=True cond=True claim_agree=True upper=2554.11120674  CERT
875260550,0,1 RHO mem=True nz=True ynz=True cond=True claim_agree=True upper=0.908468226766  CERT
875260550,0,1 T   mem=True nz=True ynz=True cond=True claim_agree=True upper=1981.60598827  CERT
916582991,0,1 RHO mem=True nz=True ynz=True cond=True claim_agree=True upper=0.959250100527  CERT
916582991,0,1 T   mem=True nz=True ynz=True cond=True claim_agree=True upper=2442.16174488  CERT
964392091,0,1 RHO mem=True nz=True ynz=True cond=True claim_agree=True upper=0.945828653075  CERT
964392091,0,1 T   mem=True nz=True ynz=True cond=True claim_agree=True upper=2519.46019266  CERT
993918961,0,1 RHO mem=True nz=True ynz=True cond=True claim_agree=True upper=0.950418010978  CERT
993918961,0,1 T   mem=True nz=True ynz=True cond=True claim_agree=True upper=2447.53840836  CERT
FAMILY VERIFY n=7 l=1000464193 : EXCLUDED (components certified 32 / 32 ; lines 64 ; failed lines 0)
FAMILY VERIFY PASS
