FACTORIZATION: 32 irreducible factors of degree 2 over F_1001142209: OK
22659003,0,1 RHO mem=True nz=True ynz=True cond=True claim_agree=True upper=0.927412214751  CERT
22659003,0,1 T   mem=True nz=True ynz=True cond=True claim_agree=True upper=2298.27482996  CERT
49606652,0,1 RHO mem=True nz=True ynz=True cond=True claim_agree=True upper=0.945771237520  CERT
49606652,0,1 T   mem=True nz=True ynz=True cond=True claim_agree=True upper=2149.73135551  CERT
67446342,0,1 RHO mem=True nz=True ynz=True cond=True claim_agree=True upper=0.878517592043  CERT
67446342,0,1 T   mem=True nz=True ynz=True cond=True claim_agree=True upper=1690.89336646  CERT
68248515,0,1 RHO mem=True nz=True ynz=True cond=True claim_agree=True upper=0.924945092206  CERT
68248515,0,1 T   mem=True nz=True ynz=True cond=True claim_agree=True upper=2283.80457499  CERT
92057715,0,1 RHO mem=True nz=True ynz=True cond=True claim_agree=True upper=0.888405801604  CERT
92057715,0,1 T   mem=True nz=True ynz=True cond=True claim_agree=True upper=1904.55420776  CERT
97465461,0,1 RHO mem=True nz=True ynz=True cond=True claim_agree=True upper=0.945771237520  CERT
97465461,0,1 T   mem=True nz=True ynz=True cond=True claim_agree=True upper=2524.15068922  CERT
111609906,0,1 RHO mem=True nz=True ynz=True cond=True claim_agree=True upper=0.942860579951  CERT
111609906,0,1 T   mem=True nz=True ynz=True cond=True claim_agree=True upper=2742.43391993  CERT
173194975,0,1 RHO mem=True nz=True ynz=True cond=True claim_agree=True upper=0.896991449921  CERT
173194975,0,1 T   mem=True nz=True ynz=True cond=True claim_agree=True upper=2242.83091026  CERT
242671715,0,1 RHO mem=True nz=True ynz=True cond=True claim_agree=True upper=0.884881305558  CERT
242671715,0,1 T   mem=True nz=True ynz=True cond=True claim_agree=True upper=2430.25099163  CERT
276814742,0,1 RHO mem=True nz=True ynz=True cond=True claim_agree=True upper=0.918692437758  CERT
276814742,0,1 T   mem=True nz=True ynz=True cond=True claim_agree=True upper=2769.46144980  CERT
287248340,0,1 RHO mem=True nz=True ynz=True cond=True claim_agree=True upper=0.908755503444  CERT
287248340,0,1 T   mem=True nz=True ynz=True cond=True claim_agree=True upper=2200.16574579  CERT
398301351,0,1 RHO mem=True nz=True ynz=True cond=True claim_agree=True upper=0.884881305558  CERT
398301351,0,1 T   mem=True nz=True ynz=True cond=True claim_agree=True upper=1998.87508956  CERT
456323120,0,1 RHO mem=True nz=True ynz=True cond=True claim_agree=True upper=0.908755503444  CERT
456323120,0,1 T   mem=True nz=True ynz=True cond=True claim_agree=True upper=2490.77372733  CERT
462129992,0,1 RHO mem=True nz=True ynz=True cond=True claim_agree=True upper=0.942860579951  CERT
462129992,0,1 T   mem=True nz=True ynz=True cond=True claim_agree=True upper=2650.91852749  CERT
476618031,0,1 RHO mem=True nz=True ynz=True cond=True claim_agree=True upper=0.934306536019  CERT
476618031,0,1 T   mem=True nz=True ynz=True cond=True claim_agree=True upper=2461.41771343  CERT
486386226,0,1 RHO mem=True nz=True ynz=True cond=True claim_agree=True upper=0.927412214751  CERT
486386226,0,1 T   mem=True nz=True ynz=True cond=True claim_agree=True upper=2327.57193024  CERT
514755983,0,1 RHO mem=True nz=True ynz=True cond=True claim_agree=True upper=0.897464615151  CERT
514755983,0,1 T   mem=True nz=True ynz=True cond=True claim_agree=True upper=2377.53429417  CERT
524524178,0,1 RHO mem=True nz=True ynz=True cond=True claim_agree=True upper=0.878517592043  CERT
524524178,0,1 T   mem=True nz=True ynz=True cond=True claim_agree=True upper=1576.47286770  CERT
539012217,0,1 RHO mem=True nz=True ynz=True cond=True claim_agree=True upper=0.882589445773  CERT
539012217,0,1 T   mem=True nz=True ynz=True cond=True claim_agree=True upper=1897.82134040  CERT
544819089,0,1 RHO mem=True nz=True ynz=True cond=True claim_agree=True upper=0.906762500854  CERT
544819089,0,1 T   mem=True nz=True ynz=True cond=True claim_agree=True upper=2140.02075478  CERT
602840858,0,1 RHO mem=True nz=True ynz=True cond=True claim_agree=True upper=0.863256766706  CERT
602840858,0,1 T   mem=True nz=True ynz=True cond=True claim_agree=True upper=1839.67204606  CERT
713893869,0,1 RHO mem=True nz=True ynz=True cond=True claim_agree=True upper=0.906762500854  CERT
713893869,0,1 T   mem=True nz=True ynz=True cond=True claim_agree=True upper=1800.19073512  CERT
724327467,0,1 RHO mem=True nz=True ynz=True cond=True claim_agree=True upper=0.888405801604  CERT
724327467,0,1 T   mem=True nz=True ynz=True cond=True claim_agree=True upper=1956.38841462  CERT
758470494,0,1 RHO mem=True nz=True ynz=True cond=True claim_agree=True upper=0.863256766706  CERT
758470494,0,1 T   mem=True nz=True ynz=True cond=True claim_agree=True upper=1826.88179695  CERT
827947234,0,1 RHO mem=True nz=True ynz=True cond=True claim_agree=True upper=0.924945092206  CERT
827947234,0,1 T   mem=True nz=True ynz=True cond=True claim_agree=True upper=2549.64771583  CERT
889532303,0,1 RHO mem=True nz=True ynz=True cond=True claim_agree=True upper=0.882589445773  CERT
889532303,0,1 T   mem=True nz=True ynz=True cond=True claim_agree=True upper=2075.24283667  CERT
903676748,0,1 RHO mem=True nz=True ynz=True cond=True claim_agree=True upper=0.874010519376  CERT
903676748,0,1 T   mem=True nz=True ynz=True cond=True claim_agree=True upper=1966.61137093  CERT
909084494,0,1 RHO mem=True nz=True ynz=True cond=True claim_agree=True upper=0.918692437758  CERT
909084494,0,1 T   mem=True nz=True ynz=True cond=True claim_agree=True upper=1712.37832929  CERT
932893694,0,1 RHO mem=True nz=True ynz=True cond=True claim_agree=True upper=0.896991449921  CERT
932893694,0,1 T   mem=True nz=True ynz=True cond=True claim_agree=True upper=1675.89649977  CERT
933695867,0,1 RHO mem=True nz=True ynz=True cond=True claim_agree=True upper=0.934306536019  CERT
933695867,0,1 T   mem=True nz=True ynz=True cond=True claim_agree=True upper=2078.39685598  CERT
951535557,0,1 RHO mem=True nz=True ynz=True cond=True claim_agree=True upper=0.874010519376  CERT
951535557,0,1 T   mem=True nz=True ynz=True cond=True claim_agree=True upper=1711.67568642  CERT
978483206,0,1 RHO mem=True nz=True ynz=True cond=True claim_agree=True upper=0.897464615151  CERT
978483206,0,1 T   mem=True nz=True ynz=True cond=True claim_agree=True upper=2529.09245153  CERT
FAMILY VERIFY n=7 l=1001142209 : EXCLUDED (components certified 32 / 32 ; lines 64 ; failed lines 0)
FAMILY VERIFY PASS
