FACTORIZATION: 32 irreducible factors of degree 2 over F_1001140417: OK
19991939,0,1 RHO mem=True nz=True ynz=True cond=True claim_agree=True upper=0.838690922820  CERT
19991939,0,1 T   mem=True nz=True ynz=True cond=True claim_agree=True upper=1193.70067317  CERT
58535536,0,1 RHO mem=True nz=True ynz=True cond=True claim_agree=True upper=0.823526981142  CERT
58535536,0,1 T   mem=True nz=True ynz=True cond=True claim_agree=True upper=1701.18960544  CERT
71075089,0,1 RHO mem=True nz=True ynz=True cond=True claim_agree=True upper=0.794433191444  CERT
71075089,0,1 T   mem=True nz=True ynz=True cond=True claim_agree=True upper=1749.39071442  CERT
76084817,0,1 RHO mem=True nz=True ynz=True cond=True claim_agree=True upper=0.847332838276  CERT
76084817,0,1 T   mem=True nz=True ynz=True cond=True claim_agree=True upper=1732.24852330  CERT
97324357,0,1 RHO mem=True nz=True ynz=True cond=True claim_agree=True upper=0.830707872287  CERT
97324357,0,1 T   mem=True nz=True ynz=True cond=True claim_agree=True upper=1303.52679358  CERT
118783780,0,1 RHO mem=True nz=True ynz=True cond=True claim_agree=True upper=0.848988391306  CERT
118783780,0,1 T   mem=True nz=True ynz=True cond=True claim_agree=True upper=2141.17250001  CERT
128046267,0,1 RHO mem=True nz=True ynz=True cond=True claim_agree=True upper=0.831331333641  CERT
128046267,0,1 T   mem=True nz=True ynz=True cond=True claim_agree=True upper=1353.21244667  CERT
148051658,0,1 RHO mem=True nz=True ynz=True cond=True claim_agree=True upper=0.847696057900  CERT
148051658,0,1 T   mem=True nz=True ynz=True cond=True claim_agree=True upper=1400.19916253  CERT
221714077,0,1 RHO mem=True nz=True ynz=True cond=True claim_agree=True upper=0.847696057900  CERT
221714077,0,1 T   mem=True nz=True ynz=True cond=True claim_agree=True upper=1626.68883409  CERT
246660984,0,1 RHO mem=True nz=True ynz=True cond=True claim_agree=True upper=0.888127342264  CERT
246660984,0,1 T   mem=True nz=True ynz=True cond=True claim_agree=True upper=1892.90478272  CERT
283845101,0,1 RHO mem=True nz=True ynz=True cond=True claim_agree=True upper=0.867804234337  CERT
283845101,0,1 T   mem=True nz=True ynz=True cond=True claim_agree=True upper=2064.32335475  CERT
293905353,0,1 RHO mem=True nz=True ynz=True cond=True claim_agree=True upper=0.854627668729  CERT
293905353,0,1 T   mem=True nz=True ynz=True cond=True claim_agree=True upper=2074.65100412  CERT
321906771,0,1 RHO mem=True nz=True ynz=True cond=True claim_agree=True upper=0.863010319090  CERT
321906771,0,1 T   mem=True nz=True ynz=True cond=True claim_agree=True upper=1684.18745092  CERT
409255438,0,1 RHO mem=True nz=True ynz=True cond=True claim_agree=True upper=0.837181155432  CERT
409255438,0,1 T   mem=True nz=True ynz=True cond=True claim_agree=True upper=1436.77041187  CERT
447747638,0,1 RHO mem=True nz=True ynz=True cond=True claim_agree=True upper=0.852422797158  CERT
447747638,0,1 T   mem=True nz=True ynz=True cond=True claim_agree=True upper=1499.62421753  CERT
482560772,0,1 RHO mem=True nz=True ynz=True cond=True claim_agree=True upper=0.837181155432  CERT
482560772,0,1 T   mem=True nz=True ynz=True cond=True claim_agree=True upper=1591.16401152  CERT
518579645,0,1 RHO mem=True nz=True ynz=True cond=True claim_agree=True upper=0.845293696955  CERT
518579645,0,1 T   mem=True nz=True ynz=True cond=True claim_agree=True upper=2050.12378050  CERT
553392779,0,1 RHO mem=True nz=True ynz=True cond=True claim_agree=True upper=0.847332838276  CERT
553392779,0,1 T   mem=True nz=True ynz=True cond=True claim_agree=True upper=1759.08287791  CERT
591884979,0,1 RHO mem=True nz=True ynz=True cond=True claim_agree=True upper=0.845293696955  CERT
591884979,0,1 T   mem=True nz=True ynz=True cond=True claim_agree=True upper=1603.08397018  CERT
679233646,0,1 RHO mem=True nz=True ynz=True cond=True claim_agree=True upper=0.823526981142  CERT
679233646,0,1 T   mem=True nz=True ynz=True cond=True claim_agree=True upper=1326.27614845  CERT
707235064,0,1 RHO mem=True nz=True ynz=True cond=True claim_agree=True upper=0.830707872287  CERT
707235064,0,1 T   mem=True nz=True ynz=True cond=True claim_agree=True upper=1695.40463255  CERT
717295316,0,1 RHO mem=True nz=True ynz=True cond=True claim_agree=True upper=0.831331333641  CERT
717295316,0,1 T   mem=True nz=True ynz=True cond=True claim_agree=True upper=1433.85811153  CERT
754479433,0,1 RHO mem=True nz=True ynz=True cond=True claim_agree=True upper=0.794433191444  CERT
754479433,0,1 T   mem=True nz=True ynz=True cond=True claim_agree=True upper=1133.32892532  CERT
779426340,0,1 RHO mem=True nz=True ynz=True cond=True claim_agree=True upper=0.843592002041  CERT
779426340,0,1 T   mem=True nz=True ynz=True cond=True claim_agree=True upper=1605.07646508  CERT
853088759,0,1 RHO mem=True nz=True ynz=True cond=True claim_agree=True upper=0.843592002041  CERT
853088759,0,1 T   mem=True nz=True ynz=True cond=True claim_agree=True upper=1622.70374672  CERT
873094150,0,1 RHO mem=True nz=True ynz=True cond=True claim_agree=True upper=0.867804234337  CERT
873094150,0,1 T   mem=True nz=True ynz=True cond=True claim_agree=True upper=1801.23570842  CERT
882356637,0,1 RHO mem=True nz=True ynz=True cond=True claim_agree=True upper=0.838690922820  CERT
882356637,0,1 T   mem=True nz=True ynz=True cond=True claim_agree=True upper=2025.51362080  CERT
903816060,0,1 RHO mem=True nz=True ynz=True cond=True claim_agree=True upper=0.854627668729  CERT
903816060,0,1 T   mem=True nz=True ynz=True cond=True claim_agree=True upper=1684.36523096  CERT
925055600,0,1 RHO mem=True nz=True ynz=True cond=True claim_agree=True upper=0.852422797158  CERT
925055600,0,1 T   mem=True nz=True ynz=True cond=True claim_agree=True upper=2194.57630452  CERT
930065328,0,1 RHO mem=True nz=True ynz=True cond=True claim_agree=True upper=0.888127342264  CERT
930065328,0,1 T   mem=True nz=True ynz=True cond=True claim_agree=True upper=2537.23352641  CERT
942604881,0,1 RHO mem=True nz=True ynz=True cond=True claim_agree=True upper=0.863010319090  CERT
942604881,0,1 T   mem=True nz=True ynz=True cond=True claim_agree=True upper=2330.66971516  CERT
981148478,0,1 RHO mem=True nz=True ynz=True cond=True claim_agree=True upper=0.848988391306  CERT
981148478,0,1 T   mem=True nz=True ynz=True cond=True claim_agree=True upper=1642.70074660  CERT
FAMILY VERIFY n=7 l=1001140417 : EXCLUDED (components certified 32 / 32 ; lines 64 ; failed lines 0)
FAMILY VERIFY PASS
