FACTORIZATION: 32 irreducible factors of degree 2 over F_1000105921: OK
41453203,0,1 RHO mem=True nz=True ynz=True cond=True claim_agree=True upper=0.932472747126  CERT
41453203,0,1 T   mem=True nz=True ynz=True cond=True claim_agree=True upper=2323.53359549  CERT
89360341,0,1 RHO mem=True nz=True ynz=True cond=True claim_agree=True upper=0.912682655990  CERT
89360341,0,1 T   mem=True nz=True ynz=True cond=True claim_agree=True upper=1816.58727104  CERT
107520195,0,1 RHO mem=True nz=True ynz=True cond=True claim_agree=True upper=0.929785714195  CERT
107520195,0,1 T   mem=True nz=True ynz=True cond=True claim_agree=True upper=2530.12511127  CERT
183304630,0,1 RHO mem=True nz=True ynz=True cond=True claim_agree=True upper=0.934996146697  CERT
183304630,0,1 T   mem=True nz=True ynz=True cond=True claim_agree=True upper=2329.49643908  CERT
200146928,0,1 RHO mem=True nz=True ynz=True cond=True claim_agree=True upper=0.942898825954  CERT
200146928,0,1 T   mem=True nz=True ynz=True cond=True claim_agree=True upper=2701.32851592  CERT
300787770,0,1 RHO mem=True nz=True ynz=True cond=True claim_agree=True upper=0.953027169249  CERT
300787770,0,1 T   mem=True nz=True ynz=True cond=True claim_agree=True upper=2344.70008388  CERT
319434072,0,1 RHO mem=True nz=True ynz=True cond=True claim_agree=True upper=0.890712102849  CERT
319434072,0,1 T   mem=True nz=True ynz=True cond=True claim_agree=True upper=1845.24963999  CERT
320478041,0,1 RHO mem=True nz=True ynz=True cond=True claim_agree=True upper=0.908377014338  CERT
320478041,0,1 T   mem=True nz=True ynz=True cond=True claim_agree=True upper=1970.94918295  CERT
331328984,0,1 RHO mem=True nz=True ynz=True cond=True claim_agree=True upper=0.924563999578  CERT
331328984,0,1 T   mem=True nz=True ynz=True cond=True claim_agree=True upper=1738.46441973  CERT
350832572,0,1 RHO mem=True nz=True ynz=True cond=True claim_agree=True upper=0.903540494549  CERT
350832572,0,1 T   mem=True nz=True ynz=True cond=True claim_agree=True upper=2054.50250336  CERT
350888454,0,1 RHO mem=True nz=True ynz=True cond=True claim_agree=True upper=0.958503044715  CERT
350888454,0,1 T   mem=True nz=True ynz=True cond=True claim_agree=True upper=2516.78779407  CERT
358866198,0,1 RHO mem=True nz=True ynz=True cond=True claim_agree=True upper=0.937860989127  CERT
358866198,0,1 T   mem=True nz=True ynz=True cond=True claim_agree=True upper=2120.83192660  CERT
405915057,0,1 RHO mem=True nz=True ynz=True cond=True claim_agree=True upper=0.934996146697  CERT
405915057,0,1 T   mem=True nz=True ynz=True cond=True claim_agree=True upper=2452.80421876  CERT
411763019,0,1 RHO mem=True nz=True ynz=True cond=True claim_agree=True upper=0.904140009440  CERT
411763019,0,1 T   mem=True nz=True ynz=True cond=True claim_agree=True upper=1903.75515404  CERT
413905800,0,1 RHO mem=True nz=True ynz=True cond=True claim_agree=True upper=0.929785714195  CERT
413905800,0,1 T   mem=True nz=True ynz=True cond=True claim_agree=True upper=2096.98845235  CERT
471931093,0,1 RHO mem=True nz=True ynz=True cond=True claim_agree=True upper=0.952283501754  CERT
471931093,0,1 T   mem=True nz=True ynz=True cond=True claim_agree=True upper=2422.85157343  CERT
528174828,0,1 RHO mem=True nz=True ynz=True cond=True claim_agree=True upper=0.908377014338  CERT
528174828,0,1 T   mem=True nz=True ynz=True cond=True claim_agree=True upper=2087.16419295  CERT
586200121,0,1 RHO mem=True nz=True ynz=True cond=True claim_agree=True upper=0.870790043631  CERT
586200121,0,1 T   mem=True nz=True ynz=True cond=True claim_agree=True upper=1634.96957137  CERT
588342902,0,1 RHO mem=True nz=True ynz=True cond=True claim_agree=True upper=0.958503044715  CERT
588342902,0,1 T   mem=True nz=True ynz=True cond=True claim_agree=True upper=2461.52255798  CERT
594190864,0,1 RHO mem=True nz=True ynz=True cond=True claim_agree=True upper=0.912534789229  CERT
594190864,0,1 T   mem=True nz=True ynz=True cond=True claim_agree=True upper=1652.04439733  CERT
641239723,0,1 RHO mem=True nz=True ynz=True cond=True claim_agree=True upper=0.903540494549  CERT
641239723,0,1 T   mem=True nz=True ynz=True cond=True claim_agree=True upper=1794.51185413  CERT
649217467,0,1 RHO mem=True nz=True ynz=True cond=True claim_agree=True upper=0.904140009440  CERT
649217467,0,1 T   mem=True nz=True ynz=True cond=True claim_agree=True upper=2443.47123953  CERT
649273349,0,1 RHO mem=True nz=True ynz=True cond=True claim_agree=True upper=0.937860989127  CERT
649273349,0,1 T   mem=True nz=True ynz=True cond=True claim_agree=True upper=2103.12739807  CERT
668776937,0,1 RHO mem=True nz=True ynz=True cond=True claim_agree=True upper=0.932472747126  CERT
668776937,0,1 T   mem=True nz=True ynz=True cond=True claim_agree=True upper=2134.16343966  CERT
679627880,0,1 RHO mem=True nz=True ynz=True cond=True claim_agree=True upper=0.952283501754  CERT
679627880,0,1 T   mem=True nz=True ynz=True cond=True claim_agree=True upper=2096.25715152  CERT
680671849,0,1 RHO mem=True nz=True ynz=True cond=True claim_agree=True upper=0.942898825954  CERT
680671849,0,1 T   mem=True nz=True ynz=True cond=True claim_agree=True upper=2404.09015148  CERT
699318151,0,1 RHO mem=True nz=True ynz=True cond=True claim_agree=True upper=0.912682655990  CERT
699318151,0,1 T   mem=True nz=True ynz=True cond=True claim_agree=True upper=2844.89176740  CERT
799958993,0,1 RHO mem=True nz=True ynz=True cond=True claim_agree=True upper=0.890712102849  CERT
799958993,0,1 T   mem=True nz=True ynz=True cond=True claim_agree=True upper=2118.13369293  CERT
816801291,0,1 RHO mem=True nz=True ynz=True cond=True claim_agree=True upper=0.912534789229  CERT
816801291,0,1 T   mem=True nz=True ynz=True cond=True claim_agree=True upper=2887.13809921  CERT
892585726,0,1 RHO mem=True nz=True ynz=True cond=True claim_agree=True upper=0.870790043631  CERT
892585726,0,1 T   mem=True nz=True ynz=True cond=True claim_agree=True upper=2119.01626400  CERT
910745580,0,1 RHO mem=True nz=True ynz=True cond=True claim_agree=True upper=0.953027169249  CERT
910745580,0,1 T   mem=True nz=True ynz=True cond=True claim_agree=True upper=2831.80358266  CERT
958652718,0,1 RHO mem=True nz=True ynz=True cond=True claim_agree=True upper=0.924563999578  CERT
958652718,0,1 T   mem=True nz=True ynz=True cond=True claim_agree=True upper=2146.78101757  CERT
FAMILY VERIFY n=7 l=1000105921 : EXCLUDED (components certified 32 / 32 ; lines 64 ; failed lines 0)
FAMILY VERIFY PASS
