FACTORIZATION: 32 irreducible factors of degree 2 over F_1000029889: OK
23867171,0,1 RHO mem=True nz=True ynz=True cond=True claim_agree=True upper=0.930550533876  CERT
23867171,0,1 T   mem=True nz=True ynz=True cond=True claim_agree=True upper=1869.31732274  CERT
101650870,0,1 RHO mem=True nz=True ynz=True cond=True claim_agree=True upper=0.928099261866  CERT
101650870,0,1 T   mem=True nz=True ynz=True cond=True claim_agree=True upper=2268.18502489  CERT
121601612,0,1 RHO mem=True nz=True ynz=True cond=True claim_agree=True upper=0.943949132578  CERT
121601612,0,1 T   mem=True nz=True ynz=True cond=True claim_agree=True upper=2255.83112775  CERT
129173989,0,1 RHO mem=True nz=True ynz=True cond=True claim_agree=True upper=0.944312075524  CERT
129173989,0,1 T   mem=True nz=True ynz=True cond=True claim_agree=True upper=2288.47281415  CERT
160703731,0,1 RHO mem=True nz=True ynz=True cond=True claim_agree=True upper=0.921493682256  CERT
160703731,0,1 T   mem=True nz=True ynz=True cond=True claim_agree=True upper=2314.04493711  CERT
171235686,0,1 RHO mem=True nz=True ynz=True cond=True claim_agree=True upper=0.907666534353  CERT
171235686,0,1 T   mem=True nz=True ynz=True cond=True claim_agree=True upper=2462.08144481  CERT
171563477,0,1 RHO mem=True nz=True ynz=True cond=True claim_agree=True upper=0.942797848372  CERT
171563477,0,1 T   mem=True nz=True ynz=True cond=True claim_agree=True upper=1882.99782071  CERT
218695756,0,1 RHO mem=True nz=True ynz=True cond=True claim_agree=True upper=0.933980727338  CERT
218695756,0,1 T   mem=True nz=True ynz=True cond=True claim_agree=True upper=2454.54143757  CERT
265308808,0,1 RHO mem=True nz=True ynz=True cond=True claim_agree=True upper=0.969043521505  CERT
265308808,0,1 T   mem=True nz=True ynz=True cond=True claim_agree=True upper=3166.03029690  CERT
327639851,0,1 RHO mem=True nz=True ynz=True cond=True claim_agree=True upper=0.934743014898  CERT
327639851,0,1 T   mem=True nz=True ynz=True cond=True claim_agree=True upper=2348.53207686  CERT
357926733,0,1 RHO mem=True nz=True ynz=True cond=True claim_agree=True upper=0.922281933835  CERT
357926733,0,1 T   mem=True nz=True ynz=True cond=True claim_agree=True upper=2078.08657774  CERT
366793372,0,1 RHO mem=True nz=True ynz=True cond=True claim_agree=True upper=0.928099261866  CERT
366793372,0,1 T   mem=True nz=True ynz=True cond=True claim_agree=True upper=2714.50228057  CERT
371627452,0,1 RHO mem=True nz=True ynz=True cond=True claim_agree=True upper=0.957766368080  CERT
371627452,0,1 T   mem=True nz=True ynz=True cond=True claim_agree=True upper=3145.86860715  CERT
420080955,0,1 RHO mem=True nz=True ynz=True cond=True claim_agree=True upper=0.941869356603  CERT
420080955,0,1 T   mem=True nz=True ynz=True cond=True claim_agree=True upper=2369.18311206  CERT
472392178,0,1 RHO mem=True nz=True ynz=True cond=True claim_agree=True upper=0.938196651671  CERT
472392178,0,1 T   mem=True nz=True ynz=True cond=True claim_agree=True upper=2163.24288912  CERT
478003534,0,1 RHO mem=True nz=True ynz=True cond=True claim_agree=True upper=0.943949132578  CERT
478003534,0,1 T   mem=True nz=True ynz=True cond=True claim_agree=True upper=2846.05501935  CERT
522026355,0,1 RHO mem=True nz=True ynz=True cond=True claim_agree=True upper=0.958432550728  CERT
522026355,0,1 T   mem=True nz=True ynz=True cond=True claim_agree=True upper=2164.55231369  CERT
527637711,0,1 RHO mem=True nz=True ynz=True cond=True claim_agree=True upper=0.907666534353  CERT
527637711,0,1 T   mem=True nz=True ynz=True cond=True claim_agree=True upper=1970.63228470  CERT
579948934,0,1 RHO mem=True nz=True ynz=True cond=True claim_agree=True upper=0.957766368080  CERT
579948934,0,1 T   mem=True nz=True ynz=True cond=True claim_agree=True upper=3319.78426624  CERT
628402437,0,1 RHO mem=True nz=True ynz=True cond=True claim_agree=True upper=0.941869356603  CERT
628402437,0,1 T   mem=True nz=True ynz=True cond=True claim_agree=True upper=2686.14857954  CERT
633236517,0,1 RHO mem=True nz=True ynz=True cond=True claim_agree=True upper=0.936277488335  CERT
633236517,0,1 T   mem=True nz=True ynz=True cond=True claim_agree=True upper=2485.64367610  CERT
642103156,0,1 RHO mem=True nz=True ynz=True cond=True claim_agree=True upper=0.944312075524  CERT
642103156,0,1 T   mem=True nz=True ynz=True cond=True claim_agree=True upper=3067.38119737  CERT
672390038,0,1 RHO mem=True nz=True ynz=True cond=True claim_agree=True upper=0.942797848372  CERT
672390038,0,1 T   mem=True nz=True ynz=True cond=True claim_agree=True upper=2528.79483455  CERT
734721081,0,1 RHO mem=True nz=True ynz=True cond=True claim_agree=True upper=0.921493682256  CERT
734721081,0,1 T   mem=True nz=True ynz=True cond=True claim_agree=True upper=2244.98031078  CERT
781334133,0,1 RHO mem=True nz=True ynz=True cond=True claim_agree=True upper=0.930550533876  CERT
781334133,0,1 T   mem=True nz=True ynz=True cond=True claim_agree=True upper=2801.43802121  CERT
828466412,0,1 RHO mem=True nz=True ynz=True cond=True claim_agree=True upper=0.934743014898  CERT
828466412,0,1 T   mem=True nz=True ynz=True cond=True claim_agree=True upper=2295.06794361  CERT
828794203,0,1 RHO mem=True nz=True ynz=True cond=True claim_agree=True upper=0.938196651671  CERT
828794203,0,1 T   mem=True nz=True ynz=True cond=True claim_agree=True upper=2749.91241762  CERT
839326158,0,1 RHO mem=True nz=True ynz=True cond=True claim_agree=True upper=0.969043521505  CERT
839326158,0,1 T   mem=True nz=True ynz=True cond=True claim_agree=True upper=2571.44585089  CERT
870855900,0,1 RHO mem=True nz=True ynz=True cond=True claim_agree=True upper=0.922281933835  CERT
870855900,0,1 T   mem=True nz=True ynz=True cond=True claim_agree=True upper=2983.91832010  CERT
878428277,0,1 RHO mem=True nz=True ynz=True cond=True claim_agree=True upper=0.958432550728  CERT
878428277,0,1 T   mem=True nz=True ynz=True cond=True claim_agree=True upper=2350.26374947  CERT
898379019,0,1 RHO mem=True nz=True ynz=True cond=True claim_agree=True upper=0.936277488335  CERT
898379019,0,1 T   mem=True nz=True ynz=True cond=True claim_agree=True upper=3036.91187260  CERT
976162718,0,1 RHO mem=True nz=True ynz=True cond=True claim_agree=True upper=0.933980727338  CERT
976162718,0,1 T   mem=True nz=True ynz=True cond=True claim_agree=True upper=2333.91571772  CERT
FAMILY VERIFY n=7 l=1000029889 : EXCLUDED (components certified 32 / 32 ; lines 64 ; failed lines 0)
FAMILY VERIFY PASS
