FACTORIZATION: 32 irreducible factors of degree 2 over F_1000050497: OK
40528597,0,1 RHO mem=True nz=True ynz=True cond=True claim_agree=True upper=0.923536031286  CERT
40528597,0,1 T   mem=True nz=True ynz=True cond=True claim_agree=True upper=2394.89339732  CERT
107716144,0,1 RHO mem=True nz=True ynz=True cond=True claim_agree=True upper=0.943191547326  CERT
107716144,0,1 T   mem=True nz=True ynz=True cond=True claim_agree=True upper=2203.81212178  CERT
167967269,0,1 RHO mem=True nz=True ynz=True cond=True claim_agree=True upper=0.919578432781  CERT
167967269,0,1 T   mem=True nz=True ynz=True cond=True claim_agree=True upper=2086.41744069  CERT
203397564,0,1 RHO mem=True nz=True ynz=True cond=True claim_agree=True upper=0.943191547326  CERT
203397564,0,1 T   mem=True nz=True ynz=True cond=True claim_agree=True upper=2263.25730840  CERT
226654226,0,1 RHO mem=True nz=True ynz=True cond=True claim_agree=True upper=0.919578432781  CERT
226654226,0,1 T   mem=True nz=True ynz=True cond=True claim_agree=True upper=2697.76764351  CERT
260856028,0,1 RHO mem=True nz=True ynz=True cond=True claim_agree=True upper=0.923536031286  CERT
260856028,0,1 T   mem=True nz=True ynz=True cond=True claim_agree=True upper=2581.68770526  CERT
284438107,0,1 RHO mem=True nz=True ynz=True cond=True claim_agree=True upper=0.945007286127  CERT
284438107,0,1 T   mem=True nz=True ynz=True cond=True claim_agree=True upper=1803.33333400  CERT
343576329,0,1 RHO mem=True nz=True ynz=True cond=True claim_agree=True upper=0.945007286127  CERT
343576329,0,1 T   mem=True nz=True ynz=True cond=True claim_agree=True upper=2359.11987643  CERT
360768747,0,1 RHO mem=True nz=True ynz=True cond=True claim_agree=True upper=0.961079748675  CERT
360768747,0,1 T   mem=True nz=True ynz=True cond=True claim_agree=True upper=2306.81134761  CERT
367278235,0,1 RHO mem=True nz=True ynz=True cond=True claim_agree=True upper=0.918098342411  CERT
367278235,0,1 T   mem=True nz=True ynz=True cond=True claim_agree=True upper=2058.98985990  CERT
397132413,0,1 RHO mem=True nz=True ynz=True cond=True claim_agree=True upper=0.910048449461  CERT
397132413,0,1 T   mem=True nz=True ynz=True cond=True claim_agree=True upper=2588.15745720  CERT
424086523,0,1 RHO mem=True nz=True ynz=True cond=True claim_agree=True upper=0.931374370521  CERT
424086523,0,1 T   mem=True nz=True ynz=True cond=True claim_agree=True upper=2065.95592480  CERT
436844573,0,1 RHO mem=True nz=True ynz=True cond=True claim_agree=True upper=0.925184886393  CERT
436844573,0,1 T   mem=True nz=True ynz=True cond=True claim_agree=True upper=2885.88715075  CERT
445910870,0,1 RHO mem=True nz=True ynz=True cond=True claim_agree=True upper=0.895834614582  CERT
445910870,0,1 T   mem=True nz=True ynz=True cond=True claim_agree=True upper=2441.88374943  CERT
461293915,0,1 RHO mem=True nz=True ynz=True cond=True claim_agree=True upper=0.963030989347  CERT
461293915,0,1 T   mem=True nz=True ynz=True cond=True claim_agree=True upper=2510.42743169  CERT
465880450,0,1 RHO mem=True nz=True ynz=True cond=True claim_agree=True upper=0.895834614582  CERT
465880450,0,1 T   mem=True nz=True ynz=True cond=True claim_agree=True upper=2256.93266466  CERT
534170047,0,1 RHO mem=True nz=True ynz=True cond=True claim_agree=True upper=0.930615763848  CERT
534170047,0,1 T   mem=True nz=True ynz=True cond=True claim_agree=True upper=1923.00799897  CERT
538756582,0,1 RHO mem=True nz=True ynz=True cond=True claim_agree=True upper=0.925184886393  CERT
538756582,0,1 T   mem=True nz=True ynz=True cond=True claim_agree=True upper=2425.68006113  CERT
554139627,0,1 RHO mem=True nz=True ynz=True cond=True claim_agree=True upper=0.930615763848  CERT
554139627,0,1 T   mem=True nz=True ynz=True cond=True claim_agree=True upper=2355.58466564  CERT
563205924,0,1 RHO mem=True nz=True ynz=True cond=True claim_agree=True upper=0.963030989347  CERT
563205924,0,1 T   mem=True nz=True ynz=True cond=True claim_agree=True upper=2255.08733380  CERT
575963974,0,1 RHO mem=True nz=True ynz=True cond=True claim_agree=True upper=0.910048449461  CERT
575963974,0,1 T   mem=True nz=True ynz=True cond=True claim_agree=True upper=1855.62876833  CERT
602918084,0,1 RHO mem=True nz=True ynz=True cond=True claim_agree=True upper=0.931374370521  CERT
602918084,0,1 T   mem=True nz=True ynz=True cond=True claim_agree=True upper=2010.75642154  CERT
632772262,0,1 RHO mem=True nz=True ynz=True cond=True claim_agree=True upper=0.960058362825  CERT
632772262,0,1 T   mem=True nz=True ynz=True cond=True claim_agree=True upper=2426.11154583  CERT
639281750,0,1 RHO mem=True nz=True ynz=True cond=True claim_agree=True upper=0.918098342411  CERT
639281750,0,1 T   mem=True nz=True ynz=True cond=True claim_agree=True upper=2795.59735849  CERT
656474168,0,1 RHO mem=True nz=True ynz=True cond=True claim_agree=True upper=0.956673189847  CERT
656474168,0,1 T   mem=True nz=True ynz=True cond=True claim_agree=True upper=2209.94072196  CERT
715612390,0,1 RHO mem=True nz=True ynz=True cond=True claim_agree=True upper=0.956673189847  CERT
715612390,0,1 T   mem=True nz=True ynz=True cond=True claim_agree=True upper=2787.66993132  CERT
739194469,0,1 RHO mem=True nz=True ynz=True cond=True claim_agree=True upper=0.942372628339  CERT
739194469,0,1 T   mem=True nz=True ynz=True cond=True claim_agree=True upper=2230.98563341  CERT
773396271,0,1 RHO mem=True nz=True ynz=True cond=True claim_agree=True upper=0.949312175440  CERT
773396271,0,1 T   mem=True nz=True ynz=True cond=True claim_agree=True upper=2194.47046593  CERT
796652933,0,1 RHO mem=True nz=True ynz=True cond=True claim_agree=True upper=0.911674448540  CERT
796652933,0,1 T   mem=True nz=True ynz=True cond=True claim_agree=True upper=2114.00710679  CERT
832083228,0,1 RHO mem=True nz=True ynz=True cond=True claim_agree=True upper=0.949312175440  CERT
832083228,0,1 T   mem=True nz=True ynz=True cond=True claim_agree=True upper=2278.84930358  CERT
892334353,0,1 RHO mem=True nz=True ynz=True cond=True claim_agree=True upper=0.911674448540  CERT
892334353,0,1 T   mem=True nz=True ynz=True cond=True claim_agree=True upper=2507.79981240  CERT
959521900,0,1 RHO mem=True nz=True ynz=True cond=True claim_agree=True upper=0.942372628339  CERT
959521900,0,1 T   mem=True nz=True ynz=True cond=True claim_agree=True upper=2212.01119659  CERT
FAMILY VERIFY n=7 l=1000050497 : EXCLUDED (components certified 32 / 32 ; lines 64 ; failed lines 0)
FAMILY VERIFY PASS
