FACTORIZATION: 32 irreducible factors of degree 2 over F_1000777793: OK
16582239,0,1 RHO mem=True nz=True ynz=True cond=True claim_agree=True upper=0.962789979618  CERT
16582239,0,1 T   mem=True nz=True ynz=True cond=True claim_agree=True upper=2723.33621149  CERT
55919029,0,1 RHO mem=True nz=True ynz=True cond=True claim_agree=True upper=0.914675959453  CERT
55919029,0,1 T   mem=True nz=True ynz=True cond=True claim_agree=True upper=2199.88773943  CERT
59396870,0,1 RHO mem=True nz=True ynz=True cond=True claim_agree=True upper=0.943180576469  CERT
59396870,0,1 T   mem=True nz=True ynz=True cond=True claim_agree=True upper=2687.36122086  CERT
65712713,0,1 RHO mem=True nz=True ynz=True cond=True claim_agree=True upper=0.920229371458  CERT
65712713,0,1 T   mem=True nz=True ynz=True cond=True claim_agree=True upper=2402.13902314  CERT
109096027,0,1 RHO mem=True nz=True ynz=True cond=True claim_agree=True upper=0.962659103840  CERT
109096027,0,1 T   mem=True nz=True ynz=True cond=True claim_agree=True upper=2462.44235289  CERT
123271066,0,1 RHO mem=True nz=True ynz=True cond=True claim_agree=True upper=0.914675959453  CERT
123271066,0,1 T   mem=True nz=True ynz=True cond=True claim_agree=True upper=2452.04833192  CERT
187750201,0,1 RHO mem=True nz=True ynz=True cond=True claim_agree=True upper=0.962659103840  CERT
187750201,0,1 T   mem=True nz=True ynz=True cond=True claim_agree=True upper=2582.96242740  CERT
195730699,0,1 RHO mem=True nz=True ynz=True cond=True claim_agree=True upper=0.939515422291  CERT
195730699,0,1 T   mem=True nz=True ynz=True cond=True claim_agree=True upper=2687.27768670  CERT
226268542,0,1 RHO mem=True nz=True ynz=True cond=True claim_agree=True upper=0.976263202561  CERT
226268542,0,1 T   mem=True nz=True ynz=True cond=True claim_agree=True upper=2551.05081959  CERT
245074889,0,1 RHO mem=True nz=True ynz=True cond=True claim_agree=True upper=0.947547326303  CERT
245074889,0,1 T   mem=True nz=True ynz=True cond=True claim_agree=True upper=2133.12207181  CERT
340397544,0,1 RHO mem=True nz=True ynz=True cond=True claim_agree=True upper=0.947547326303  CERT
340397544,0,1 T   mem=True nz=True ynz=True cond=True claim_agree=True upper=3030.12819975  CERT
376092956,0,1 RHO mem=True nz=True ynz=True cond=True claim_agree=True upper=0.943180576469  CERT
376092956,0,1 T   mem=True nz=True ynz=True cond=True claim_agree=True upper=2825.20966234  CERT
389127964,0,1 RHO mem=True nz=True ynz=True cond=True claim_agree=True upper=0.905385977841  CERT
389127964,0,1 T   mem=True nz=True ynz=True cond=True claim_agree=True upper=2028.20195584  CERT
450483267,0,1 RHO mem=True nz=True ynz=True cond=True claim_agree=True upper=0.948730969200  CERT
450483267,0,1 T   mem=True nz=True ynz=True cond=True claim_agree=True upper=2701.84235515  CERT
469986907,0,1 RHO mem=True nz=True ynz=True cond=True claim_agree=True upper=0.954619752722  CERT
469986907,0,1 T   mem=True nz=True ynz=True cond=True claim_agree=True upper=2653.79083280  CERT
473287562,0,1 RHO mem=True nz=True ynz=True cond=True claim_agree=True upper=0.939515422291  CERT
473287562,0,1 T   mem=True nz=True ynz=True cond=True claim_agree=True upper=2596.53686578  CERT
527490231,0,1 RHO mem=True nz=True ynz=True cond=True claim_agree=True upper=0.942316397353  CERT
527490231,0,1 T   mem=True nz=True ynz=True cond=True claim_agree=True upper=1633.35555230  CERT
530790886,0,1 RHO mem=True nz=True ynz=True cond=True claim_agree=True upper=0.948730969200  CERT
530790886,0,1 T   mem=True nz=True ynz=True cond=True claim_agree=True upper=2684.86656395  CERT
550294526,0,1 RHO mem=True nz=True ynz=True cond=True claim_agree=True upper=0.954619752722  CERT
550294526,0,1 T   mem=True nz=True ynz=True cond=True claim_agree=True upper=3062.77347293  CERT
611649829,0,1 RHO mem=True nz=True ynz=True cond=True claim_agree=True upper=0.920229371458  CERT
611649829,0,1 T   mem=True nz=True ynz=True cond=True claim_agree=True upper=2487.29802415  CERT
624684837,0,1 RHO mem=True nz=True ynz=True cond=True claim_agree=True upper=0.967784834526  CERT
624684837,0,1 T   mem=True nz=True ynz=True cond=True claim_agree=True upper=3176.96827444  CERT
660380249,0,1 RHO mem=True nz=True ynz=True cond=True claim_agree=True upper=0.941623009709  CERT
660380249,0,1 T   mem=True nz=True ynz=True cond=True claim_agree=True upper=2810.46471554  CERT
755702904,0,1 RHO mem=True nz=True ynz=True cond=True claim_agree=True upper=0.941623009709  CERT
755702904,0,1 T   mem=True nz=True ynz=True cond=True claim_agree=True upper=2624.30160846  CERT
774509251,0,1 RHO mem=True nz=True ynz=True cond=True claim_agree=True upper=0.962789979618  CERT
774509251,0,1 T   mem=True nz=True ynz=True cond=True claim_agree=True upper=2306.59214123  CERT
805047094,0,1 RHO mem=True nz=True ynz=True cond=True claim_agree=True upper=0.942316397353  CERT
805047094,0,1 T   mem=True nz=True ynz=True cond=True claim_agree=True upper=2931.00397032  CERT
813027592,0,1 RHO mem=True nz=True ynz=True cond=True claim_agree=True upper=0.974226285002  CERT
813027592,0,1 T   mem=True nz=True ynz=True cond=True claim_agree=True upper=2755.75668412  CERT
877506727,0,1 RHO mem=True nz=True ynz=True cond=True claim_agree=True upper=0.972152442004  CERT
877506727,0,1 T   mem=True nz=True ynz=True cond=True claim_agree=True upper=2703.34017944  CERT
891681766,0,1 RHO mem=True nz=True ynz=True cond=True claim_agree=True upper=0.974226285002  CERT
891681766,0,1 T   mem=True nz=True ynz=True cond=True claim_agree=True upper=2822.14590554  CERT
935065080,0,1 RHO mem=True nz=True ynz=True cond=True claim_agree=True upper=0.905385977841  CERT
935065080,0,1 T   mem=True nz=True ynz=True cond=True claim_agree=True upper=2636.14637441  CERT
941380923,0,1 RHO mem=True nz=True ynz=True cond=True claim_agree=True upper=0.967784834526  CERT
941380923,0,1 T   mem=True nz=True ynz=True cond=True claim_agree=True upper=2618.66967911  CERT
944858764,0,1 RHO mem=True nz=True ynz=True cond=True claim_agree=True upper=0.972152442004  CERT
944858764,0,1 T   mem=True nz=True ynz=True cond=True claim_agree=True upper=3006.24931813  CERT
984195554,0,1 RHO mem=True nz=True ynz=True cond=True claim_agree=True upper=0.976263202561  CERT
984195554,0,1 T   mem=True nz=True ynz=True cond=True claim_agree=True upper=3325.17121920  CERT
FAMILY VERIFY n=7 l=1000777793 : EXCLUDED (components certified 32 / 32 ; lines 64 ; failed lines 0)
FAMILY VERIFY PASS
