FACTORIZATION: 32 irreducible factors of degree 2 over F_1000763329: OK
66882076,0,1 RHO mem=True nz=True ynz=True cond=True claim_agree=True upper=0.952743498674  CERT
66882076,0,1 T   mem=True nz=True ynz=True cond=True claim_agree=True upper=2060.95994155  CERT
139358218,0,1 RHO mem=True nz=True ynz=True cond=True claim_agree=True upper=0.938874392238  CERT
139358218,0,1 T   mem=True nz=True ynz=True cond=True claim_agree=True upper=2125.49508045  CERT
169359725,0,1 RHO mem=True nz=True ynz=True cond=True claim_agree=True upper=0.948764229769  CERT
169359725,0,1 T   mem=True nz=True ynz=True cond=True claim_agree=True upper=2331.26492432  CERT
182118791,0,1 RHO mem=True nz=True ynz=True cond=True claim_agree=True upper=0.903555708272  CERT
182118791,0,1 T   mem=True nz=True ynz=True cond=True claim_agree=True upper=2558.55876683  CERT
203753865,0,1 RHO mem=True nz=True ynz=True cond=True claim_agree=True upper=0.963958795830  CERT
203753865,0,1 T   mem=True nz=True ynz=True cond=True claim_agree=True upper=2775.40442129  CERT
214171576,0,1 RHO mem=True nz=True ynz=True cond=True claim_agree=True upper=0.949773611083  CERT
214171576,0,1 T   mem=True nz=True ynz=True cond=True claim_agree=True upper=2293.63700858  CERT
216488516,0,1 RHO mem=True nz=True ynz=True cond=True claim_agree=True upper=0.960844942275  CERT
216488516,0,1 T   mem=True nz=True ynz=True cond=True claim_agree=True upper=2651.40421235  CERT
248516796,0,1 RHO mem=True nz=True ynz=True cond=True claim_agree=True upper=0.972234600717  CERT
248516796,0,1 T   mem=True nz=True ynz=True cond=True claim_agree=True upper=3154.61707494  CERT
334323537,0,1 RHO mem=True nz=True ynz=True cond=True claim_agree=True upper=0.944429492122  CERT
334323537,0,1 T   mem=True nz=True ynz=True cond=True claim_agree=True upper=2149.88779601  CERT
337889451,0,1 RHO mem=True nz=True ynz=True cond=True claim_agree=True upper=0.972234600717  CERT
337889451,0,1 T   mem=True nz=True ynz=True cond=True claim_agree=True upper=3099.90509003  CERT
339211880,0,1 RHO mem=True nz=True ynz=True cond=True claim_agree=True upper=0.947588728173  CERT
339211880,0,1 T   mem=True nz=True ynz=True cond=True claim_agree=True upper=2424.60524571  CERT
345855079,0,1 RHO mem=True nz=True ynz=True cond=True claim_agree=True upper=0.943559363170  CERT
345855079,0,1 T   mem=True nz=True ynz=True cond=True claim_agree=True upper=2511.48645621  CERT
368193687,0,1 RHO mem=True nz=True ynz=True cond=True claim_agree=True upper=0.945166362422  CERT
368193687,0,1 T   mem=True nz=True ynz=True cond=True claim_agree=True upper=2030.06304588  CERT
376793826,0,1 RHO mem=True nz=True ynz=True cond=True claim_agree=True upper=0.949773611083  CERT
376793826,0,1 T   mem=True nz=True ynz=True cond=True claim_agree=True upper=2382.60450416  CERT
398817164,0,1 RHO mem=True nz=True ynz=True cond=True claim_agree=True upper=0.962732078749  CERT
398817164,0,1 T   mem=True nz=True ynz=True cond=True claim_agree=True upper=2054.81756624  CERT
433462618,0,1 RHO mem=True nz=True ynz=True cond=True claim_agree=True upper=0.960844942275  CERT
433462618,0,1 T   mem=True nz=True ynz=True cond=True claim_agree=True upper=2740.37582539  CERT
567300711,0,1 RHO mem=True nz=True ynz=True cond=True claim_agree=True upper=0.931071410322  CERT
567300711,0,1 T   mem=True nz=True ynz=True cond=True claim_agree=True upper=2733.70372402  CERT
601946165,0,1 RHO mem=True nz=True ynz=True cond=True claim_agree=True upper=0.938874392238  CERT
601946165,0,1 T   mem=True nz=True ynz=True cond=True claim_agree=True upper=2450.08924836  CERT
623969503,0,1 RHO mem=True nz=True ynz=True cond=True claim_agree=True upper=0.924922605945  CERT
623969503,0,1 T   mem=True nz=True ynz=True cond=True claim_agree=True upper=2241.24662090  CERT
632569642,0,1 RHO mem=True nz=True ynz=True cond=True claim_agree=True upper=0.947588728173  CERT
632569642,0,1 T   mem=True nz=True ynz=True cond=True claim_agree=True upper=2258.22074157  CERT
654908250,0,1 RHO mem=True nz=True ynz=True cond=True claim_agree=True upper=0.948764229769  CERT
654908250,0,1 T   mem=True nz=True ynz=True cond=True claim_agree=True upper=2807.82733525  CERT
661551449,0,1 RHO mem=True nz=True ynz=True cond=True claim_agree=True upper=0.945166362422  CERT
661551449,0,1 T   mem=True nz=True ynz=True cond=True claim_agree=True upper=2168.99427505  CERT
662873878,0,1 RHO mem=True nz=True ynz=True cond=True claim_agree=True upper=0.892669249059  CERT
662873878,0,1 T   mem=True nz=True ynz=True cond=True claim_agree=True upper=2502.88966926  CERT
666439792,0,1 RHO mem=True nz=True ynz=True cond=True claim_agree=True upper=0.952743498674  CERT
666439792,0,1 T   mem=True nz=True ynz=True cond=True claim_agree=True upper=2564.56823871  CERT
752246533,0,1 RHO mem=True nz=True ynz=True cond=True claim_agree=True upper=0.892669249059  CERT
752246533,0,1 T   mem=True nz=True ynz=True cond=True claim_agree=True upper=1824.41080642  CERT
784274813,0,1 RHO mem=True nz=True ynz=True cond=True claim_agree=True upper=0.931071410322  CERT
784274813,0,1 T   mem=True nz=True ynz=True cond=True claim_agree=True upper=1831.33390800  CERT
786591753,0,1 RHO mem=True nz=True ynz=True cond=True claim_agree=True upper=0.924922605945  CERT
786591753,0,1 T   mem=True nz=True ynz=True cond=True claim_agree=True upper=2659.76540655  CERT
797009464,0,1 RHO mem=True nz=True ynz=True cond=True claim_agree=True upper=0.903555708272  CERT
797009464,0,1 T   mem=True nz=True ynz=True cond=True claim_agree=True upper=2381.05643226  CERT
818644538,0,1 RHO mem=True nz=True ynz=True cond=True claim_agree=True upper=0.963958795830  CERT
818644538,0,1 T   mem=True nz=True ynz=True cond=True claim_agree=True upper=2906.98895055  CERT
831403604,0,1 RHO mem=True nz=True ynz=True cond=True claim_agree=True upper=0.943559363170  CERT
831403604,0,1 T   mem=True nz=True ynz=True cond=True claim_agree=True upper=2451.13004659  CERT
861405111,0,1 RHO mem=True nz=True ynz=True cond=True claim_agree=True upper=0.962732078749  CERT
861405111,0,1 T   mem=True nz=True ynz=True cond=True claim_agree=True upper=2369.90538945  CERT
933881253,0,1 RHO mem=True nz=True ynz=True cond=True claim_agree=True upper=0.944429492122  CERT
933881253,0,1 T   mem=True nz=True ynz=True cond=True claim_agree=True upper=2235.36674490  CERT
FAMILY VERIFY n=7 l=1000763329 : EXCLUDED (components certified 32 / 32 ; lines 64 ; failed lines 0)
FAMILY VERIFY PASS
