FACTORIZATION: 32 irreducible factors of degree 2 over F_1000145089: OK
23868500,0,1 RHO mem=True nz=True ynz=True cond=True claim_agree=True upper=0.919464737882  CERT
23868500,0,1 T   mem=True nz=True ynz=True cond=True claim_agree=True upper=3295.74457068  CERT
71832446,0,1 RHO mem=True nz=True ynz=True cond=True claim_agree=True upper=0.923269349393  CERT
71832446,0,1 T   mem=True nz=True ynz=True cond=True claim_agree=True upper=2434.92747715  CERT
77501662,0,1 RHO mem=True nz=True ynz=True cond=True claim_agree=True upper=0.922188548866  CERT
77501662,0,1 T   mem=True nz=True ynz=True cond=True claim_agree=True upper=3094.04153957  CERT
78608764,0,1 RHO mem=True nz=True ynz=True cond=True claim_agree=True upper=0.915740601437  CERT
78608764,0,1 T   mem=True nz=True ynz=True cond=True claim_agree=True upper=2222.85116977  CERT
107851666,0,1 RHO mem=True nz=True ynz=True cond=True claim_agree=True upper=0.892990753444  CERT
107851666,0,1 T   mem=True nz=True ynz=True cond=True claim_agree=True upper=2806.01748438  CERT
111718124,0,1 RHO mem=True nz=True ynz=True cond=True claim_agree=True upper=0.952081375008  CERT
111718124,0,1 T   mem=True nz=True ynz=True cond=True claim_agree=True upper=2574.35878163  CERT
159288687,0,1 RHO mem=True nz=True ynz=True cond=True claim_agree=True upper=0.907943283470  CERT
159288687,0,1 T   mem=True nz=True ynz=True cond=True claim_agree=True upper=2047.55603083  CERT
245321541,0,1 RHO mem=True nz=True ynz=True cond=True claim_agree=True upper=0.922188548866  CERT
245321541,0,1 T   mem=True nz=True ynz=True cond=True claim_agree=True upper=3243.45462112  CERT
257921615,0,1 RHO mem=True nz=True ynz=True cond=True claim_agree=True upper=0.921679522025  CERT
257921615,0,1 T   mem=True nz=True ynz=True cond=True claim_agree=True upper=2717.00239293  CERT
277286736,0,1 RHO mem=True nz=True ynz=True cond=True claim_agree=True upper=0.923269349393  CERT
277286736,0,1 T   mem=True nz=True ynz=True cond=True claim_agree=True upper=3347.00419783  CERT
310988816,0,1 RHO mem=True nz=True ynz=True cond=True claim_agree=True upper=0.952081375008  CERT
310988816,0,1 T   mem=True nz=True ynz=True cond=True claim_agree=True upper=2730.75862866  CERT
351632305,0,1 RHO mem=True nz=True ynz=True cond=True claim_agree=True upper=0.915740601437  CERT
351632305,0,1 T   mem=True nz=True ynz=True cond=True claim_agree=True upper=2549.04681112  CERT
408458858,0,1 RHO mem=True nz=True ynz=True cond=True claim_agree=True upper=0.952521523088  CERT
408458858,0,1 T   mem=True nz=True ynz=True cond=True claim_agree=True upper=2970.93927406  CERT
432366581,0,1 RHO mem=True nz=True ynz=True cond=True claim_agree=True upper=0.907943283470  CERT
432366581,0,1 T   mem=True nz=True ynz=True cond=True claim_agree=True upper=2991.70216532  CERT
440225983,0,1 RHO mem=True nz=True ynz=True cond=True claim_agree=True upper=0.952521523088  CERT
440225983,0,1 T   mem=True nz=True ynz=True cond=True claim_agree=True upper=2475.23008984  CERT
480276877,0,1 RHO mem=True nz=True ynz=True cond=True claim_agree=True upper=0.932654024628  CERT
480276877,0,1 T   mem=True nz=True ynz=True cond=True claim_agree=True upper=1963.19936568  CERT
519868212,0,1 RHO mem=True nz=True ynz=True cond=True claim_agree=True upper=0.892990753444  CERT
519868212,0,1 T   mem=True nz=True ynz=True cond=True claim_agree=True upper=2915.01587920  CERT
559919106,0,1 RHO mem=True nz=True ynz=True cond=True claim_agree=True upper=0.889066892631  CERT
559919106,0,1 T   mem=True nz=True ynz=True cond=True claim_agree=True upper=2321.63492039  CERT
567778508,0,1 RHO mem=True nz=True ynz=True cond=True claim_agree=True upper=0.903072313087  CERT
567778508,0,1 T   mem=True nz=True ynz=True cond=True claim_agree=True upper=1996.10873954  CERT
591686231,0,1 RHO mem=True nz=True ynz=True cond=True claim_agree=True upper=0.889066892631  CERT
591686231,0,1 T   mem=True nz=True ynz=True cond=True claim_agree=True upper=2837.33877700  CERT
648512784,0,1 RHO mem=True nz=True ynz=True cond=True claim_agree=True upper=0.933055270781  CERT
648512784,0,1 T   mem=True nz=True ynz=True cond=True claim_agree=True upper=2391.55895442  CERT
689156273,0,1 RHO mem=True nz=True ynz=True cond=True claim_agree=True upper=0.917361096216  CERT
689156273,0,1 T   mem=True nz=True ynz=True cond=True claim_agree=True upper=2539.59297881  CERT
722858353,0,1 RHO mem=True nz=True ynz=True cond=True claim_agree=True upper=0.925020385822  CERT
722858353,0,1 T   mem=True nz=True ynz=True cond=True claim_agree=True upper=2722.51881245  CERT
742223474,0,1 RHO mem=True nz=True ynz=True cond=True claim_agree=True upper=0.919464737882  CERT
742223474,0,1 T   mem=True nz=True ynz=True cond=True claim_agree=True upper=2830.73825799  CERT
754823548,0,1 RHO mem=True nz=True ynz=True cond=True claim_agree=True upper=0.928617630830  CERT
754823548,0,1 T   mem=True nz=True ynz=True cond=True claim_agree=True upper=2509.89241443  CERT
840856402,0,1 RHO mem=True nz=True ynz=True cond=True claim_agree=True upper=0.903072313087  CERT
840856402,0,1 T   mem=True nz=True ynz=True cond=True claim_agree=True upper=1960.15375237  CERT
888426965,0,1 RHO mem=True nz=True ynz=True cond=True claim_agree=True upper=0.917361096216  CERT
888426965,0,1 T   mem=True nz=True ynz=True cond=True claim_agree=True upper=2738.75834681  CERT
892293423,0,1 RHO mem=True nz=True ynz=True cond=True claim_agree=True upper=0.932654024628  CERT
892293423,0,1 T   mem=True nz=True ynz=True cond=True claim_agree=True upper=3269.25527779  CERT
921536325,0,1 RHO mem=True nz=True ynz=True cond=True claim_agree=True upper=0.933055270781  CERT
921536325,0,1 T   mem=True nz=True ynz=True cond=True claim_agree=True upper=2033.27224474  CERT
922643427,0,1 RHO mem=True nz=True ynz=True cond=True claim_agree=True upper=0.928617630830  CERT
922643427,0,1 T   mem=True nz=True ynz=True cond=True claim_agree=True upper=2928.97516249  CERT
928312643,0,1 RHO mem=True nz=True ynz=True cond=True claim_agree=True upper=0.925020385822  CERT
928312643,0,1 T   mem=True nz=True ynz=True cond=True claim_agree=True upper=3130.81265436  CERT
976276589,0,1 RHO mem=True nz=True ynz=True cond=True claim_agree=True upper=0.921679522025  CERT
976276589,0,1 T   mem=True nz=True ynz=True cond=True claim_agree=True upper=2837.23568721  CERT
FAMILY VERIFY n=7 l=1000145089 : EXCLUDED (components certified 32 / 32 ; lines 64 ; failed lines 0)
FAMILY VERIFY PASS
