FACTORIZATION: 32 irreducible factors of degree 2 over F_1000024769: OK
835198,0,1 RHO mem=True nz=True ynz=True cond=True claim_agree=True upper=0.915440446114  CERT
835198,0,1 T   mem=True nz=True ynz=True cond=True claim_agree=True upper=1756.66628769  CERT
114468589,0,1 RHO mem=True nz=True ynz=True cond=True claim_agree=True upper=0.934869752359  CERT
114468589,0,1 T   mem=True nz=True ynz=True cond=True claim_agree=True upper=2025.92832532  CERT
126990063,0,1 RHO mem=True nz=True ynz=True cond=True claim_agree=True upper=0.955550313892  CERT
126990063,0,1 T   mem=True nz=True ynz=True cond=True claim_agree=True upper=3123.94182027  CERT
166881195,0,1 RHO mem=True nz=True ynz=True cond=True claim_agree=True upper=0.884906408250  CERT
166881195,0,1 T   mem=True nz=True ynz=True cond=True claim_agree=True upper=1513.99136880  CERT
180158049,0,1 RHO mem=True nz=True ynz=True cond=True claim_agree=True upper=0.947308617034  CERT
180158049,0,1 T   mem=True nz=True ynz=True cond=True claim_agree=True upper=2043.38657473  CERT
194945039,0,1 RHO mem=True nz=True ynz=True cond=True claim_agree=True upper=0.888230109469  CERT
194945039,0,1 T   mem=True nz=True ynz=True cond=True claim_agree=True upper=1822.54170588  CERT
200697695,0,1 RHO mem=True nz=True ynz=True cond=True claim_agree=True upper=0.941197636796  CERT
200697695,0,1 T   mem=True nz=True ynz=True cond=True claim_agree=True upper=2526.25770168  CERT
211142176,0,1 RHO mem=True nz=True ynz=True cond=True claim_agree=True upper=0.894231114743  CERT
211142176,0,1 T   mem=True nz=True ynz=True cond=True claim_agree=True upper=2285.57970213  CERT
215680344,0,1 RHO mem=True nz=True ynz=True cond=True claim_agree=True upper=0.929024975520  CERT
215680344,0,1 T   mem=True nz=True ynz=True cond=True claim_agree=True upper=1956.42704459  CERT
257312882,0,1 RHO mem=True nz=True ynz=True cond=True claim_agree=True upper=0.934869752359  CERT
257312882,0,1 T   mem=True nz=True ynz=True cond=True claim_agree=True upper=2250.70640194  CERT
265839357,0,1 RHO mem=True nz=True ynz=True cond=True claim_agree=True upper=0.922227652068  CERT
265839357,0,1 T   mem=True nz=True ynz=True cond=True claim_agree=True upper=2702.00275271  CERT
298369831,0,1 RHO mem=True nz=True ynz=True cond=True claim_agree=True upper=0.894231114743  CERT
298369831,0,1 T   mem=True nz=True ynz=True cond=True claim_agree=True upper=1750.49219020  CERT
343994306,0,1 RHO mem=True nz=True ynz=True cond=True claim_agree=True upper=0.940688187090  CERT
343994306,0,1 T   mem=True nz=True ynz=True cond=True claim_agree=True upper=2683.04046738  CERT
386920692,0,1 RHO mem=True nz=True ynz=True cond=True claim_agree=True upper=0.921127149786  CERT
386920692,0,1 T   mem=True nz=True ynz=True cond=True claim_agree=True upper=2503.62817287  CERT
396622296,0,1 RHO mem=True nz=True ynz=True cond=True claim_agree=True upper=0.907943208261  CERT
396622296,0,1 T   mem=True nz=True ynz=True cond=True claim_agree=True upper=2053.10634610  CERT
491972576,0,1 RHO mem=True nz=True ynz=True cond=True claim_agree=True upper=0.873709770428  CERT
491972576,0,1 T   mem=True nz=True ynz=True cond=True claim_agree=True upper=2266.16729569  CERT
508052193,0,1 RHO mem=True nz=True ynz=True cond=True claim_agree=True upper=0.955550313892  CERT
508052193,0,1 T   mem=True nz=True ynz=True cond=True claim_agree=True upper=2851.75056205  CERT
603402473,0,1 RHO mem=True nz=True ynz=True cond=True claim_agree=True upper=0.941197636796  CERT
603402473,0,1 T   mem=True nz=True ynz=True cond=True claim_agree=True upper=2409.79279810  CERT
613104077,0,1 RHO mem=True nz=True ynz=True cond=True claim_agree=True upper=0.929024975520  CERT
613104077,0,1 T   mem=True nz=True ynz=True cond=True claim_agree=True upper=2345.93002546  CERT
656030463,0,1 RHO mem=True nz=True ynz=True cond=True claim_agree=True upper=0.884906408250  CERT
656030463,0,1 T   mem=True nz=True ynz=True cond=True claim_agree=True upper=2957.33502774  CERT
701654938,0,1 RHO mem=True nz=True ynz=True cond=True claim_agree=True upper=0.930342749747  CERT
701654938,0,1 T   mem=True nz=True ynz=True cond=True claim_agree=True upper=2219.80051463  CERT
734185412,0,1 RHO mem=True nz=True ynz=True cond=True claim_agree=True upper=0.915440446114  CERT
734185412,0,1 T   mem=True nz=True ynz=True cond=True claim_agree=True upper=2340.94989870  CERT
742711887,0,1 RHO mem=True nz=True ynz=True cond=True claim_agree=True upper=0.930889598400  CERT
742711887,0,1 T   mem=True nz=True ynz=True cond=True claim_agree=True upper=2142.15941284  CERT
784344425,0,1 RHO mem=True nz=True ynz=True cond=True claim_agree=True upper=0.921127149786  CERT
784344425,0,1 T   mem=True nz=True ynz=True cond=True claim_agree=True upper=1757.57474140  CERT
788882593,0,1 RHO mem=True nz=True ynz=True cond=True claim_agree=True upper=0.930342749747  CERT
788882593,0,1 T   mem=True nz=True ynz=True cond=True claim_agree=True upper=2415.71445141  CERT
799327074,0,1 RHO mem=True nz=True ynz=True cond=True claim_agree=True upper=0.907943208261  CERT
799327074,0,1 T   mem=True nz=True ynz=True cond=True claim_agree=True upper=2805.58142280  CERT
805079730,0,1 RHO mem=True nz=True ynz=True cond=True claim_agree=True upper=0.947308617034  CERT
805079730,0,1 T   mem=True nz=True ynz=True cond=True claim_agree=True upper=2396.01004259  CERT
819866720,0,1 RHO mem=True nz=True ynz=True cond=True claim_agree=True upper=0.888230109469  CERT
819866720,0,1 T   mem=True nz=True ynz=True cond=True claim_agree=True upper=2579.48975881  CERT
833143574,0,1 RHO mem=True nz=True ynz=True cond=True claim_agree=True upper=0.940688187090  CERT
833143574,0,1 T   mem=True nz=True ynz=True cond=True claim_agree=True upper=2235.23344825  CERT
873034706,0,1 RHO mem=True nz=True ynz=True cond=True claim_agree=True upper=0.873709770428  CERT
873034706,0,1 T   mem=True nz=True ynz=True cond=True claim_agree=True upper=1782.35954274  CERT
885556180,0,1 RHO mem=True nz=True ynz=True cond=True claim_agree=True upper=0.930889598400  CERT
885556180,0,1 T   mem=True nz=True ynz=True cond=True claim_agree=True upper=2549.85767018  CERT
999189571,0,1 RHO mem=True nz=True ynz=True cond=True claim_agree=True upper=0.922227652068  CERT
999189571,0,1 T   mem=True nz=True ynz=True cond=True claim_agree=True upper=1873.74207983  CERT
FAMILY VERIFY n=7 l=1000024769 : EXCLUDED (components certified 32 / 32 ; lines 64 ; failed lines 0)
FAMILY VERIFY PASS
