FACTORIZATION: 32 irreducible factors of degree 2 over F_1001014337: OK
7191743,0,1 RHO mem=True nz=True ynz=True cond=True claim_agree=True upper=0.909849421532  CERT
7191743,0,1 T   mem=True nz=True ynz=True cond=True claim_agree=True upper=1935.15685021  CERT
38978042,0,1 RHO mem=True nz=True ynz=True cond=True claim_agree=True upper=0.879885552595  CERT
38978042,0,1 T   mem=True nz=True ynz=True cond=True claim_agree=True upper=1782.66979778  CERT
60530166,0,1 RHO mem=True nz=True ynz=True cond=True claim_agree=True upper=0.898989307942  CERT
60530166,0,1 T   mem=True nz=True ynz=True cond=True claim_agree=True upper=3482.34876962  CERT
66234423,0,1 RHO mem=True nz=True ynz=True cond=True claim_agree=True upper=0.907043115342  CERT
66234423,0,1 T   mem=True nz=True ynz=True cond=True claim_agree=True upper=2142.50167015  CERT
74436383,0,1 RHO mem=True nz=True ynz=True cond=True claim_agree=True upper=0.901545366801  CERT
74436383,0,1 T   mem=True nz=True ynz=True cond=True claim_agree=True upper=2754.36288126  CERT
86014665,0,1 RHO mem=True nz=True ynz=True cond=True claim_agree=True upper=0.896262229244  CERT
86014665,0,1 T   mem=True nz=True ynz=True cond=True claim_agree=True upper=2276.94783106  CERT
123413389,0,1 RHO mem=True nz=True ynz=True cond=True claim_agree=True upper=0.874534702748  CERT
123413389,0,1 T   mem=True nz=True ynz=True cond=True claim_agree=True upper=2342.56331367  CERT
203227091,0,1 RHO mem=True nz=True ynz=True cond=True claim_agree=True upper=0.909849421532  CERT
203227091,0,1 T   mem=True nz=True ynz=True cond=True claim_agree=True upper=2364.40307135  CERT
240732730,0,1 RHO mem=True nz=True ynz=True cond=True claim_agree=True upper=0.874534702748  CERT
240732730,0,1 T   mem=True nz=True ynz=True cond=True claim_agree=True upper=2232.09501095  CERT
252671698,0,1 RHO mem=True nz=True ynz=True cond=True claim_agree=True upper=0.901545366801  CERT
252671698,0,1 T   mem=True nz=True ynz=True cond=True claim_agree=True upper=1862.19950730  CERT
274411423,0,1 RHO mem=True nz=True ynz=True cond=True claim_agree=True upper=0.862590080617  CERT
274411423,0,1 T   mem=True nz=True ynz=True cond=True claim_agree=True upper=2018.69224268  CERT
281041188,0,1 RHO mem=True nz=True ynz=True cond=True claim_agree=True upper=0.879885552595  CERT
281041188,0,1 T   mem=True nz=True ynz=True cond=True claim_agree=True upper=1960.93934948  CERT
308300850,0,1 RHO mem=True nz=True ynz=True cond=True claim_agree=True upper=0.919669117369  CERT
308300850,0,1 T   mem=True nz=True ynz=True cond=True claim_agree=True upper=2468.16287133  CERT
334623910,0,1 RHO mem=True nz=True ynz=True cond=True claim_agree=True upper=0.916191882012  CERT
334623910,0,1 T   mem=True nz=True ynz=True cond=True claim_agree=True upper=2341.29396689  CERT
342384877,0,1 RHO mem=True nz=True ynz=True cond=True claim_agree=True upper=0.898989307942  CERT
342384877,0,1 T   mem=True nz=True ynz=True cond=True claim_agree=True upper=2838.06756597  CERT
455795454,0,1 RHO mem=True nz=True ynz=True cond=True claim_agree=True upper=0.925561992324  CERT
455795454,0,1 T   mem=True nz=True ynz=True cond=True claim_agree=True upper=2414.81358797  CERT
545218883,0,1 RHO mem=True nz=True ynz=True cond=True claim_agree=True upper=0.862590080617  CERT
545218883,0,1 T   mem=True nz=True ynz=True cond=True claim_agree=True upper=2218.77238725  CERT
658629460,0,1 RHO mem=True nz=True ynz=True cond=True claim_agree=True upper=0.887083118863  CERT
658629460,0,1 T   mem=True nz=True ynz=True cond=True claim_agree=True upper=1845.44309250  CERT
666390427,0,1 RHO mem=True nz=True ynz=True cond=True claim_agree=True upper=0.907043115342  CERT
666390427,0,1 T   mem=True nz=True ynz=True cond=True claim_agree=True upper=2217.00554749  CERT
692713487,0,1 RHO mem=True nz=True ynz=True cond=True claim_agree=True upper=0.896262229244  CERT
692713487,0,1 T   mem=True nz=True ynz=True cond=True claim_agree=True upper=1741.03023022  CERT
719973149,0,1 RHO mem=True nz=True ynz=True cond=True claim_agree=True upper=0.872553078589  CERT
719973149,0,1 T   mem=True nz=True ynz=True cond=True claim_agree=True upper=1970.16848736  CERT
726602914,0,1 RHO mem=True nz=True ynz=True cond=True claim_agree=True upper=0.925561992324  CERT
726602914,0,1 T   mem=True nz=True ynz=True cond=True claim_agree=True upper=2273.23443216  CERT
748342639,0,1 RHO mem=True nz=True ynz=True cond=True claim_agree=True upper=0.916109059965  CERT
748342639,0,1 T   mem=True nz=True ynz=True cond=True claim_agree=True upper=2677.12027357  CERT
760281607,0,1 RHO mem=True nz=True ynz=True cond=True claim_agree=True upper=0.919110595561  CERT
760281607,0,1 T   mem=True nz=True ynz=True cond=True claim_agree=True upper=2574.34340174  CERT
797787246,0,1 RHO mem=True nz=True ynz=True cond=True claim_agree=True upper=0.870589893039  CERT
797787246,0,1 T   mem=True nz=True ynz=True cond=True claim_agree=True upper=1449.36737707  CERT
877600948,0,1 RHO mem=True nz=True ynz=True cond=True claim_agree=True upper=0.919110595561  CERT
877600948,0,1 T   mem=True nz=True ynz=True cond=True claim_agree=True upper=2302.50475634  CERT
914999672,0,1 RHO mem=True nz=True ynz=True cond=True claim_agree=True upper=0.919669117369  CERT
914999672,0,1 T   mem=True nz=True ynz=True cond=True claim_agree=True upper=2389.72957478  CERT
926577954,0,1 RHO mem=True nz=True ynz=True cond=True claim_agree=True upper=0.916109059965  CERT
926577954,0,1 T   mem=True nz=True ynz=True cond=True claim_agree=True upper=2329.23872708  CERT
934779914,0,1 RHO mem=True nz=True ynz=True cond=True claim_agree=True upper=0.916191882012  CERT
934779914,0,1 T   mem=True nz=True ynz=True cond=True claim_agree=True upper=2103.93002218  CERT
940484171,0,1 RHO mem=True nz=True ynz=True cond=True claim_agree=True upper=0.887083118863  CERT
940484171,0,1 T   mem=True nz=True ynz=True cond=True claim_agree=True upper=1778.02390231  CERT
962036295,0,1 RHO mem=True nz=True ynz=True cond=True claim_agree=True upper=0.872553078589  CERT
962036295,0,1 T   mem=True nz=True ynz=True cond=True claim_agree=True upper=1851.72377313  CERT
993822594,0,1 RHO mem=True nz=True ynz=True cond=True claim_agree=True upper=0.870589893039  CERT
993822594,0,1 T   mem=True nz=True ynz=True cond=True claim_agree=True upper=1610.61458588  CERT
FAMILY VERIFY n=7 l=1001014337 : EXCLUDED (components certified 32 / 32 ; lines 64 ; failed lines 0)
FAMILY VERIFY PASS
