FACTORIZATION: 32 irreducible factors of degree 2 over F_1000245569: OK
13474868,0,1 RHO mem=True nz=True ynz=True cond=True claim_agree=True upper=0.899569215658  CERT
13474868,0,1 T   mem=True nz=True ynz=True cond=True claim_agree=True upper=1833.92658456  CERT
87823357,0,1 RHO mem=True nz=True ynz=True cond=True claim_agree=True upper=0.852269826845  CERT
87823357,0,1 T   mem=True nz=True ynz=True cond=True claim_agree=True upper=1574.84447758  CERT
116338762,0,1 RHO mem=True nz=True ynz=True cond=True claim_agree=True upper=0.932599293793  CERT
116338762,0,1 T   mem=True nz=True ynz=True cond=True claim_agree=True upper=2391.40173983  CERT
129518153,0,1 RHO mem=True nz=True ynz=True cond=True claim_agree=True upper=0.934889130808  CERT
129518153,0,1 T   mem=True nz=True ynz=True cond=True claim_agree=True upper=2472.19522488  CERT
133970119,0,1 RHO mem=True nz=True ynz=True cond=True claim_agree=True upper=0.895525114632  CERT
133970119,0,1 T   mem=True nz=True ynz=True cond=True claim_agree=True upper=2472.74179934  CERT
182259325,0,1 RHO mem=True nz=True ynz=True cond=True claim_agree=True upper=0.852269826845  CERT
182259325,0,1 T   mem=True nz=True ynz=True cond=True claim_agree=True upper=1512.69272860  CERT
197366143,0,1 RHO mem=True nz=True ynz=True cond=True claim_agree=True upper=0.902646428460  CERT
197366143,0,1 T   mem=True nz=True ynz=True cond=True claim_agree=True upper=2019.27700442  CERT
216903075,0,1 RHO mem=True nz=True ynz=True cond=True claim_agree=True upper=0.924475604327  CERT
216903075,0,1 T   mem=True nz=True ynz=True cond=True claim_agree=True upper=2336.13706694  CERT
218241492,0,1 RHO mem=True nz=True ynz=True cond=True claim_agree=True upper=0.863125564586  CERT
218241492,0,1 T   mem=True nz=True ynz=True cond=True claim_agree=True upper=1626.18623360  CERT
234706229,0,1 RHO mem=True nz=True ynz=True cond=True claim_agree=True upper=0.899569215658  CERT
234706229,0,1 T   mem=True nz=True ynz=True cond=True claim_agree=True upper=2358.06501120  CERT
266532610,0,1 RHO mem=True nz=True ynz=True cond=True claim_agree=True upper=0.921533951208  CERT
266532610,0,1 T   mem=True nz=True ynz=True cond=True claim_agree=True upper=2711.82688703  CERT
303097519,0,1 RHO mem=True nz=True ynz=True cond=True claim_agree=True upper=0.932599293793  CERT
303097519,0,1 T   mem=True nz=True ynz=True cond=True claim_agree=True upper=2612.36914448  CERT
429000615,0,1 RHO mem=True nz=True ynz=True cond=True claim_agree=True upper=0.934889130808  CERT
429000615,0,1 T   mem=True nz=True ynz=True cond=True claim_agree=True upper=2456.74467719  CERT
430273609,0,1 RHO mem=True nz=True ynz=True cond=True claim_agree=True upper=0.902168593144  CERT
430273609,0,1 T   mem=True nz=True ynz=True cond=True claim_agree=True upper=2421.82318025  CERT
446740928,0,1 RHO mem=True nz=True ynz=True cond=True claim_agree=True upper=0.902646428460  CERT
446740928,0,1 T   mem=True nz=True ynz=True cond=True claim_agree=True upper=2277.51759603  CERT
485892677,0,1 RHO mem=True nz=True ynz=True cond=True claim_agree=True upper=0.902168593144  CERT
485892677,0,1 T   mem=True nz=True ynz=True cond=True claim_agree=True upper=2412.40877503  CERT
514352892,0,1 RHO mem=True nz=True ynz=True cond=True claim_agree=True upper=0.910159664716  CERT
514352892,0,1 T   mem=True nz=True ynz=True cond=True claim_agree=True upper=2222.19882258  CERT
553504641,0,1 RHO mem=True nz=True ynz=True cond=True claim_agree=True upper=0.920018009606  CERT
553504641,0,1 T   mem=True nz=True ynz=True cond=True claim_agree=True upper=2269.68908233  CERT
569971960,0,1 RHO mem=True nz=True ynz=True cond=True claim_agree=True upper=0.910159664716  CERT
569971960,0,1 T   mem=True nz=True ynz=True cond=True claim_agree=True upper=2367.81175008  CERT
571244954,0,1 RHO mem=True nz=True ynz=True cond=True claim_agree=True upper=0.863309235313  CERT
571244954,0,1 T   mem=True nz=True ynz=True cond=True claim_agree=True upper=2237.24355537  CERT
697148050,0,1 RHO mem=True nz=True ynz=True cond=True claim_agree=True upper=0.911011743240  CERT
697148050,0,1 T   mem=True nz=True ynz=True cond=True claim_agree=True upper=2533.17394513  CERT
733712959,0,1 RHO mem=True nz=True ynz=True cond=True claim_agree=True upper=0.895525114632  CERT
733712959,0,1 T   mem=True nz=True ynz=True cond=True claim_agree=True upper=2424.67000509  CERT
765539340,0,1 RHO mem=True nz=True ynz=True cond=True claim_agree=True upper=0.896779576763  CERT
765539340,0,1 T   mem=True nz=True ynz=True cond=True claim_agree=True upper=1788.09628499  CERT
782004077,0,1 RHO mem=True nz=True ynz=True cond=True claim_agree=True upper=0.924475604327  CERT
782004077,0,1 T   mem=True nz=True ynz=True cond=True claim_agree=True upper=2301.58255663  CERT
783342494,0,1 RHO mem=True nz=True ynz=True cond=True claim_agree=True upper=0.863125564586  CERT
783342494,0,1 T   mem=True nz=True ynz=True cond=True claim_agree=True upper=1840.45137128  CERT
802879426,0,1 RHO mem=True nz=True ynz=True cond=True claim_agree=True upper=0.920018009606  CERT
802879426,0,1 T   mem=True nz=True ynz=True cond=True claim_agree=True upper=2038.86665079  CERT
817986244,0,1 RHO mem=True nz=True ynz=True cond=True claim_agree=True upper=0.863690920224  CERT
817986244,0,1 T   mem=True nz=True ynz=True cond=True claim_agree=True upper=2596.73080584  CERT
866275450,0,1 RHO mem=True nz=True ynz=True cond=True claim_agree=True upper=0.921533951208  CERT
866275450,0,1 T   mem=True nz=True ynz=True cond=True claim_agree=True upper=2074.17679359  CERT
870727416,0,1 RHO mem=True nz=True ynz=True cond=True claim_agree=True upper=0.863309235313  CERT
870727416,0,1 T   mem=True nz=True ynz=True cond=True claim_agree=True upper=1915.56620088  CERT
883906807,0,1 RHO mem=True nz=True ynz=True cond=True claim_agree=True upper=0.911011743240  CERT
883906807,0,1 T   mem=True nz=True ynz=True cond=True claim_agree=True upper=2383.78744282  CERT
912422212,0,1 RHO mem=True nz=True ynz=True cond=True claim_agree=True upper=0.863690920224  CERT
912422212,0,1 T   mem=True nz=True ynz=True cond=True claim_agree=True upper=2134.74315364  CERT
986770701,0,1 RHO mem=True nz=True ynz=True cond=True claim_agree=True upper=0.896779576763  CERT
986770701,0,1 T   mem=True nz=True ynz=True cond=True claim_agree=True upper=2378.77243432  CERT
FAMILY VERIFY n=7 l=1000245569 : EXCLUDED (components certified 32 / 32 ; lines 64 ; failed lines 0)
FAMILY VERIFY PASS
