FACTORIZATION: 32 irreducible factors of degree 2 over F_1001050433: OK
2734362,0,1 RHO mem=True nz=True ynz=True cond=True claim_agree=True upper=0.961412490157  CERT
2734362,0,1 T   mem=True nz=True ynz=True cond=True claim_agree=True upper=3372.01335286  CERT
8340990,0,1 RHO mem=True nz=True ynz=True cond=True claim_agree=True upper=0.939577873773  CERT
8340990,0,1 T   mem=True nz=True ynz=True cond=True claim_agree=True upper=2818.59207806  CERT
14641219,0,1 RHO mem=True nz=True ynz=True cond=True claim_agree=True upper=0.910699109210  CERT
14641219,0,1 T   mem=True nz=True ynz=True cond=True claim_agree=True upper=2223.98190686  CERT
20498898,0,1 RHO mem=True nz=True ynz=True cond=True claim_agree=True upper=0.991625613726  CERT
20498898,0,1 T   mem=True nz=True ynz=True cond=True claim_agree=True upper=3266.88818183  CERT
46945788,0,1 RHO mem=True nz=True ynz=True cond=True claim_agree=True upper=0.943156525770  CERT
46945788,0,1 T   mem=True nz=True ynz=True cond=True claim_agree=True upper=3001.90899286  CERT
78876234,0,1 RHO mem=True nz=True ynz=True cond=True claim_agree=True upper=0.950880404753  CERT
78876234,0,1 T   mem=True nz=True ynz=True cond=True claim_agree=True upper=2563.38935400  CERT
85995748,0,1 RHO mem=True nz=True ynz=True cond=True claim_agree=True upper=0.964563375657  CERT
85995748,0,1 T   mem=True nz=True ynz=True cond=True claim_agree=True upper=2239.28586287  CERT
97950951,0,1 RHO mem=True nz=True ynz=True cond=True claim_agree=True upper=0.990444615539  CERT
97950951,0,1 T   mem=True nz=True ynz=True cond=True claim_agree=True upper=2672.05659871  CERT
213175597,0,1 RHO mem=True nz=True ynz=True cond=True claim_agree=True upper=0.943156525770  CERT
213175597,0,1 T   mem=True nz=True ynz=True cond=True claim_agree=True upper=2631.94979954  CERT
256013493,0,1 RHO mem=True nz=True ynz=True cond=True claim_agree=True upper=0.947668637522  CERT
256013493,0,1 T   mem=True nz=True ynz=True cond=True claim_agree=True upper=2575.36445314  CERT
269502952,0,1 RHO mem=True nz=True ynz=True cond=True claim_agree=True upper=0.948357998683  CERT
269502952,0,1 T   mem=True nz=True ynz=True cond=True claim_agree=True upper=1690.86533425  CERT
272118099,0,1 RHO mem=True nz=True ynz=True cond=True claim_agree=True upper=0.910699109210  CERT
272118099,0,1 T   mem=True nz=True ynz=True cond=True claim_agree=True upper=1596.03210656  CERT
313396444,0,1 RHO mem=True nz=True ynz=True cond=True claim_agree=True upper=0.948357998683  CERT
313396444,0,1 T   mem=True nz=True ynz=True cond=True claim_agree=True upper=2810.94271136  CERT
332266043,0,1 RHO mem=True nz=True ynz=True cond=True claim_agree=True upper=0.955448287402  CERT
332266043,0,1 T   mem=True nz=True ynz=True cond=True claim_agree=True upper=2504.12953291  CERT
353584485,0,1 RHO mem=True nz=True ynz=True cond=True claim_agree=True upper=0.955448287402  CERT
353584485,0,1 T   mem=True nz=True ynz=True cond=True claim_agree=True upper=2943.86029718  CERT
493385341,0,1 RHO mem=True nz=True ynz=True cond=True claim_agree=True upper=0.969150020571  CERT
493385341,0,1 T   mem=True nz=True ynz=True cond=True claim_agree=True upper=2776.37216796  CERT
507665092,0,1 RHO mem=True nz=True ynz=True cond=True claim_agree=True upper=0.991625613726  CERT
507665092,0,1 T   mem=True nz=True ynz=True cond=True claim_agree=True upper=3142.32831977  CERT
647465948,0,1 RHO mem=True nz=True ynz=True cond=True claim_agree=True upper=0.958895699902  CERT
647465948,0,1 T   mem=True nz=True ynz=True cond=True claim_agree=True upper=2764.69891146  CERT
668784390,0,1 RHO mem=True nz=True ynz=True cond=True claim_agree=True upper=0.958895699902  CERT
668784390,0,1 T   mem=True nz=True ynz=True cond=True claim_agree=True upper=2800.25504014  CERT
687653989,0,1 RHO mem=True nz=True ynz=True cond=True claim_agree=True upper=0.955821950920  CERT
687653989,0,1 T   mem=True nz=True ynz=True cond=True claim_agree=True upper=3498.74104454  CERT
728932334,0,1 RHO mem=True nz=True ynz=True cond=True claim_agree=True upper=0.960721268782  CERT
728932334,0,1 T   mem=True nz=True ynz=True cond=True claim_agree=True upper=2787.02105373  CERT
731547481,0,1 RHO mem=True nz=True ynz=True cond=True claim_agree=True upper=0.955821950920  CERT
731547481,0,1 T   mem=True nz=True ynz=True cond=True claim_agree=True upper=2153.38075909  CERT
745036940,0,1 RHO mem=True nz=True ynz=True cond=True claim_agree=True upper=0.961412490157  CERT
745036940,0,1 T   mem=True nz=True ynz=True cond=True claim_agree=True upper=2195.27756589  CERT
787874836,0,1 RHO mem=True nz=True ynz=True cond=True claim_agree=True upper=0.958351725252  CERT
787874836,0,1 T   mem=True nz=True ynz=True cond=True claim_agree=True upper=2132.38879537  CERT
903099482,0,1 RHO mem=True nz=True ynz=True cond=True claim_agree=True upper=0.950880404753  CERT
903099482,0,1 T   mem=True nz=True ynz=True cond=True claim_agree=True upper=2581.27586889  CERT
915054685,0,1 RHO mem=True nz=True ynz=True cond=True claim_agree=True upper=0.939577873773  CERT
915054685,0,1 T   mem=True nz=True ynz=True cond=True claim_agree=True upper=2182.21027831  CERT
922174199,0,1 RHO mem=True nz=True ynz=True cond=True claim_agree=True upper=0.990444615539  CERT
922174199,0,1 T   mem=True nz=True ynz=True cond=True claim_agree=True upper=2576.83672137  CERT
954104645,0,1 RHO mem=True nz=True ynz=True cond=True claim_agree=True upper=0.958351725252  CERT
954104645,0,1 T   mem=True nz=True ynz=True cond=True claim_agree=True upper=2847.82053276  CERT
980551535,0,1 RHO mem=True nz=True ynz=True cond=True claim_agree=True upper=0.969150020571  CERT
980551535,0,1 T   mem=True nz=True ynz=True cond=True claim_agree=True upper=2959.20758462  CERT
986409214,0,1 RHO mem=True nz=True ynz=True cond=True claim_agree=True upper=0.960721268782  CERT
986409214,0,1 T   mem=True nz=True ynz=True cond=True claim_agree=True upper=2636.07768929  CERT
992709443,0,1 RHO mem=True nz=True ynz=True cond=True claim_agree=True upper=0.964563375657  CERT
992709443,0,1 T   mem=True nz=True ynz=True cond=True claim_agree=True upper=2904.22663464  CERT
998316071,0,1 RHO mem=True nz=True ynz=True cond=True claim_agree=True upper=0.947668637522  CERT
998316071,0,1 T   mem=True nz=True ynz=True cond=True claim_agree=True upper=2567.86363747  CERT
FAMILY VERIFY n=7 l=1001050433 : EXCLUDED (components certified 32 / 32 ; lines 64 ; failed lines 0)
FAMILY VERIFY PASS
