FACTORIZATION: 32 irreducible factors of degree 2 over F_1000194113: OK
53932006,0,1 RHO mem=True nz=True ynz=True cond=True claim_agree=True upper=0.924335019650  CERT
53932006,0,1 T   mem=True nz=True ynz=True cond=True claim_agree=True upper=2391.29149240  CERT
60318954,0,1 RHO mem=True nz=True ynz=True cond=True claim_agree=True upper=0.921478639740  CERT
60318954,0,1 T   mem=True nz=True ynz=True cond=True claim_agree=True upper=2627.11699858  CERT
81604187,0,1 RHO mem=True nz=True ynz=True cond=True claim_agree=True upper=0.924873688052  CERT
81604187,0,1 T   mem=True nz=True ynz=True cond=True claim_agree=True upper=2630.82150481  CERT
98029786,0,1 RHO mem=True nz=True ynz=True cond=True claim_agree=True upper=0.944573340999  CERT
98029786,0,1 T   mem=True nz=True ynz=True cond=True claim_agree=True upper=2304.34327285  CERT
119767503,0,1 RHO mem=True nz=True ynz=True cond=True claim_agree=True upper=0.916503896852  CERT
119767503,0,1 T   mem=True nz=True ynz=True cond=True claim_agree=True upper=2421.84924535  CERT
166242289,0,1 RHO mem=True nz=True ynz=True cond=True claim_agree=True upper=0.924873688052  CERT
166242289,0,1 T   mem=True nz=True ynz=True cond=True claim_agree=True upper=2775.14699927  CERT
200520113,0,1 RHO mem=True nz=True ynz=True cond=True claim_agree=True upper=0.954581829525  CERT
200520113,0,1 T   mem=True nz=True ynz=True cond=True claim_agree=True upper=2983.56234897  CERT
303600309,0,1 RHO mem=True nz=True ynz=True cond=True claim_agree=True upper=0.919519848268  CERT
303600309,0,1 T   mem=True nz=True ynz=True cond=True claim_agree=True upper=1677.51714318  CERT
340440321,0,1 RHO mem=True nz=True ynz=True cond=True claim_agree=True upper=0.916503896852  CERT
340440321,0,1 T   mem=True nz=True ynz=True cond=True claim_agree=True upper=2418.28361205  CERT
349062804,0,1 RHO mem=True nz=True ynz=True cond=True claim_agree=True upper=0.944573340999  CERT
349062804,0,1 T   mem=True nz=True ynz=True cond=True claim_agree=True upper=2676.27236953  CERT
355129516,0,1 RHO mem=True nz=True ynz=True cond=True claim_agree=True upper=0.915004669979  CERT
355129516,0,1 T   mem=True nz=True ynz=True cond=True claim_agree=True upper=2220.01442111  CERT
361561055,0,1 RHO mem=True nz=True ynz=True cond=True claim_agree=True upper=0.915004669979  CERT
361561055,0,1 T   mem=True nz=True ynz=True cond=True claim_agree=True upper=2483.18231158  CERT
410613001,0,1 RHO mem=True nz=True ynz=True cond=True claim_agree=True upper=0.924335019650  CERT
410613001,0,1 T   mem=True nz=True ynz=True cond=True claim_agree=True upper=2829.51246475  CERT
417385454,0,1 RHO mem=True nz=True ynz=True cond=True claim_agree=True upper=0.905025229527  CERT
417385454,0,1 T   mem=True nz=True ynz=True cond=True claim_agree=True upper=2301.29912237  CERT
428909390,0,1 RHO mem=True nz=True ynz=True cond=True claim_agree=True upper=0.880653629355  CERT
428909390,0,1 T   mem=True nz=True ynz=True cond=True claim_agree=True upper=2299.73025035  CERT
429756218,0,1 RHO mem=True nz=True ynz=True cond=True claim_agree=True upper=0.954581829525  CERT
429756218,0,1 T   mem=True nz=True ynz=True cond=True claim_agree=True upper=1972.05567697  CERT
570437895,0,1 RHO mem=True nz=True ynz=True cond=True claim_agree=True upper=0.942657107245  CERT
570437895,0,1 T   mem=True nz=True ynz=True cond=True claim_agree=True upper=2926.65636113  CERT
571284723,0,1 RHO mem=True nz=True ynz=True cond=True claim_agree=True upper=0.905025229527  CERT
571284723,0,1 T   mem=True nz=True ynz=True cond=True claim_agree=True upper=2197.12378782  CERT
582808659,0,1 RHO mem=True nz=True ynz=True cond=True claim_agree=True upper=0.880653629355  CERT
582808659,0,1 T   mem=True nz=True ynz=True cond=True claim_agree=True upper=2217.97167084  CERT
589581112,0,1 RHO mem=True nz=True ynz=True cond=True claim_agree=True upper=0.938478656318  CERT
589581112,0,1 T   mem=True nz=True ynz=True cond=True claim_agree=True upper=2533.94094429  CERT
638633058,0,1 RHO mem=True nz=True ynz=True cond=True claim_agree=True upper=0.908871880117  CERT
638633058,0,1 T   mem=True nz=True ynz=True cond=True claim_agree=True upper=2471.00874114  CERT
645064597,0,1 RHO mem=True nz=True ynz=True cond=True claim_agree=True upper=0.908871880117  CERT
645064597,0,1 T   mem=True nz=True ynz=True cond=True claim_agree=True upper=2638.71040806  CERT
651131309,0,1 RHO mem=True nz=True ynz=True cond=True claim_agree=True upper=0.901490234708  CERT
651131309,0,1 T   mem=True nz=True ynz=True cond=True claim_agree=True upper=2007.31897636  CERT
659753792,0,1 RHO mem=True nz=True ynz=True cond=True claim_agree=True upper=0.837618521217  CERT
659753792,0,1 T   mem=True nz=True ynz=True cond=True claim_agree=True upper=1313.08096215  CERT
696593804,0,1 RHO mem=True nz=True ynz=True cond=True claim_agree=True upper=0.921478639740  CERT
696593804,0,1 T   mem=True nz=True ynz=True cond=True claim_agree=True upper=2564.81860068  CERT
799674000,0,1 RHO mem=True nz=True ynz=True cond=True claim_agree=True upper=0.942657107245  CERT
799674000,0,1 T   mem=True nz=True ynz=True cond=True claim_agree=True upper=2738.22083303  CERT
833951824,0,1 RHO mem=True nz=True ynz=True cond=True claim_agree=True upper=0.909407338554  CERT
833951824,0,1 T   mem=True nz=True ynz=True cond=True claim_agree=True upper=2440.85385506  CERT
880426610,0,1 RHO mem=True nz=True ynz=True cond=True claim_agree=True upper=0.837618521217  CERT
880426610,0,1 T   mem=True nz=True ynz=True cond=True claim_agree=True upper=2495.77953595  CERT
902164327,0,1 RHO mem=True nz=True ynz=True cond=True claim_agree=True upper=0.901490234708  CERT
902164327,0,1 T   mem=True nz=True ynz=True cond=True claim_agree=True upper=2862.15549802  CERT
918589926,0,1 RHO mem=True nz=True ynz=True cond=True claim_agree=True upper=0.909407338554  CERT
918589926,0,1 T   mem=True nz=True ynz=True cond=True claim_agree=True upper=2258.31279161  CERT
939875159,0,1 RHO mem=True nz=True ynz=True cond=True claim_agree=True upper=0.919519848268  CERT
939875159,0,1 T   mem=True nz=True ynz=True cond=True claim_agree=True upper=2569.50810878  CERT
946262107,0,1 RHO mem=True nz=True ynz=True cond=True claim_agree=True upper=0.938478656318  CERT
946262107,0,1 T   mem=True nz=True ynz=True cond=True claim_agree=True upper=2025.02075044  CERT
FAMILY VERIFY n=7 l=1000194113 : EXCLUDED (components certified 32 / 32 ; lines 64 ; failed lines 0)
FAMILY VERIFY PASS
