FACTORIZATION: 32 irreducible factors of degree 2 over F_1000138177: OK
12616566,0,1 RHO mem=True nz=True ynz=True cond=True claim_agree=True upper=0.945787395672  CERT
12616566,0,1 T   mem=True nz=True ynz=True cond=True claim_agree=True upper=2663.63943573  CERT
28772039,0,1 RHO mem=True nz=True ynz=True cond=True claim_agree=True upper=0.920463114024  CERT
28772039,0,1 T   mem=True nz=True ynz=True cond=True claim_agree=True upper=2233.71640642  CERT
37749499,0,1 RHO mem=True nz=True ynz=True cond=True claim_agree=True upper=0.920463114024  CERT
37749499,0,1 T   mem=True nz=True ynz=True cond=True claim_agree=True upper=2496.54960413  CERT
55932148,0,1 RHO mem=True nz=True ynz=True cond=True claim_agree=True upper=0.954299597430  CERT
55932148,0,1 T   mem=True nz=True ynz=True cond=True claim_agree=True upper=1843.23667778  CERT
102589708,0,1 RHO mem=True nz=True ynz=True cond=True claim_agree=True upper=0.945787395672  CERT
102589708,0,1 T   mem=True nz=True ynz=True cond=True claim_agree=True upper=2572.42486260  CERT
143387972,0,1 RHO mem=True nz=True ynz=True cond=True claim_agree=True upper=0.938366476164  CERT
143387972,0,1 T   mem=True nz=True ynz=True cond=True claim_agree=True upper=3332.44675875  CERT
170226281,0,1 RHO mem=True nz=True ynz=True cond=True claim_agree=True upper=0.944143202321  CERT
170226281,0,1 T   mem=True nz=True ynz=True cond=True claim_agree=True upper=3255.83768169  CERT
178306429,0,1 RHO mem=True nz=True ynz=True cond=True claim_agree=True upper=0.948618214798  CERT
178306429,0,1 T   mem=True nz=True ynz=True cond=True claim_agree=True upper=3143.82364966  CERT
265916965,0,1 RHO mem=True nz=True ynz=True cond=True claim_agree=True upper=0.918778091766  CERT
265916965,0,1 T   mem=True nz=True ynz=True cond=True claim_agree=True upper=3312.73927559  CERT
270999947,0,1 RHO mem=True nz=True ynz=True cond=True claim_agree=True upper=0.954299597430  CERT
270999947,0,1 T   mem=True nz=True ynz=True cond=True claim_agree=True upper=2825.04607952  CERT
291352046,0,1 RHO mem=True nz=True ynz=True cond=True claim_agree=True upper=0.926491593850  CERT
291352046,0,1 T   mem=True nz=True ynz=True cond=True claim_agree=True upper=3118.12051651  CERT
316900298,0,1 RHO mem=True nz=True ynz=True cond=True claim_agree=True upper=0.968821507185  CERT
316900298,0,1 T   mem=True nz=True ynz=True cond=True claim_agree=True upper=2555.62139853  CERT
319638193,0,1 RHO mem=True nz=True ynz=True cond=True claim_agree=True upper=0.965318670294  CERT
319638193,0,1 T   mem=True nz=True ynz=True cond=True claim_agree=True upper=3007.88159136  CERT
362568885,0,1 RHO mem=True nz=True ynz=True cond=True claim_agree=True upper=0.965318670294  CERT
362568885,0,1 T   mem=True nz=True ynz=True cond=True claim_agree=True upper=2704.30572685  CERT
470176499,0,1 RHO mem=True nz=True ynz=True cond=True claim_agree=True upper=0.948618214798  CERT
470176499,0,1 T   mem=True nz=True ynz=True cond=True claim_agree=True upper=2695.18019700  CERT
471760801,0,1 RHO mem=True nz=True ynz=True cond=True claim_agree=True upper=0.926491593850  CERT
471760801,0,1 T   mem=True nz=True ynz=True cond=True claim_agree=True upper=2762.52994677  CERT
528377376,0,1 RHO mem=True nz=True ynz=True cond=True claim_agree=True upper=0.948921198077  CERT
528377376,0,1 T   mem=True nz=True ynz=True cond=True claim_agree=True upper=2028.86129847  CERT
529961678,0,1 RHO mem=True nz=True ynz=True cond=True claim_agree=True upper=0.928861997665  CERT
529961678,0,1 T   mem=True nz=True ynz=True cond=True claim_agree=True upper=3315.33880246  CERT
637569292,0,1 RHO mem=True nz=True ynz=True cond=True claim_agree=True upper=0.951618046019  CERT
637569292,0,1 T   mem=True nz=True ynz=True cond=True claim_agree=True upper=2898.76844728  CERT
680499984,0,1 RHO mem=True nz=True ynz=True cond=True claim_agree=True upper=0.951618046019  CERT
680499984,0,1 T   mem=True nz=True ynz=True cond=True claim_agree=True upper=2013.90667264  CERT
683237879,0,1 RHO mem=True nz=True ynz=True cond=True claim_agree=True upper=0.918778091766  CERT
683237879,0,1 T   mem=True nz=True ynz=True cond=True claim_agree=True upper=1947.98501394  CERT
708786131,0,1 RHO mem=True nz=True ynz=True cond=True claim_agree=True upper=0.948921198077  CERT
708786131,0,1 T   mem=True nz=True ynz=True cond=True claim_agree=True upper=1745.18851266  CERT
729138230,0,1 RHO mem=True nz=True ynz=True cond=True claim_agree=True upper=0.932794860494  CERT
729138230,0,1 T   mem=True nz=True ynz=True cond=True claim_agree=True upper=2387.02771558  CERT
734221212,0,1 RHO mem=True nz=True ynz=True cond=True claim_agree=True upper=0.968821507185  CERT
734221212,0,1 T   mem=True nz=True ynz=True cond=True claim_agree=True upper=2733.21688677  CERT
821831748,0,1 RHO mem=True nz=True ynz=True cond=True claim_agree=True upper=0.928861997665  CERT
821831748,0,1 T   mem=True nz=True ynz=True cond=True claim_agree=True upper=2473.61551303  CERT
829911896,0,1 RHO mem=True nz=True ynz=True cond=True claim_agree=True upper=0.938366476164  CERT
829911896,0,1 T   mem=True nz=True ynz=True cond=True claim_agree=True upper=2602.69964277  CERT
856750205,0,1 RHO mem=True nz=True ynz=True cond=True claim_agree=True upper=0.944143202321  CERT
856750205,0,1 T   mem=True nz=True ynz=True cond=True claim_agree=True upper=2672.27226689  CERT
897548469,0,1 RHO mem=True nz=True ynz=True cond=True claim_agree=True upper=0.967843015960  CERT
897548469,0,1 T   mem=True nz=True ynz=True cond=True claim_agree=True upper=2664.91943706  CERT
944206029,0,1 RHO mem=True nz=True ynz=True cond=True claim_agree=True upper=0.932794860494  CERT
944206029,0,1 T   mem=True nz=True ynz=True cond=True claim_agree=True upper=2424.71411693  CERT
962388678,0,1 RHO mem=True nz=True ynz=True cond=True claim_agree=True upper=0.959259181666  CERT
962388678,0,1 T   mem=True nz=True ynz=True cond=True claim_agree=True upper=2472.58830617  CERT
971366138,0,1 RHO mem=True nz=True ynz=True cond=True claim_agree=True upper=0.959259181666  CERT
971366138,0,1 T   mem=True nz=True ynz=True cond=True claim_agree=True upper=2954.17064212  CERT
987521611,0,1 RHO mem=True nz=True ynz=True cond=True claim_agree=True upper=0.967843015960  CERT
987521611,0,1 T   mem=True nz=True ynz=True cond=True claim_agree=True upper=3051.78426719  CERT
FAMILY VERIFY n=7 l=1000138177 : EXCLUDED (components certified 32 / 32 ; lines 64 ; failed lines 0)
FAMILY VERIFY PASS
