FACTORIZATION: 32 irreducible factors of degree 2 over F_1000489921: OK
50696525,0,1 RHO mem=True nz=True ynz=True cond=True claim_agree=True upper=0.923801195146  CERT
50696525,0,1 T   mem=True nz=True ynz=True cond=True claim_agree=True upper=2807.58744018  CERT
63259815,0,1 RHO mem=True nz=True ynz=True cond=True claim_agree=True upper=0.937675908883  CERT
63259815,0,1 T   mem=True nz=True ynz=True cond=True claim_agree=True upper=3777.60022951  CERT
80883933,0,1 RHO mem=True nz=True ynz=True cond=True claim_agree=True upper=0.967872346397  CERT
80883933,0,1 T   mem=True nz=True ynz=True cond=True claim_agree=True upper=2433.79074328  CERT
92808098,0,1 RHO mem=True nz=True ynz=True cond=True claim_agree=True upper=0.947249787326  CERT
92808098,0,1 T   mem=True nz=True ynz=True cond=True claim_agree=True upper=2790.97305700  CERT
156741768,0,1 RHO mem=True nz=True ynz=True cond=True claim_agree=True upper=0.955470479727  CERT
156741768,0,1 T   mem=True nz=True ynz=True cond=True claim_agree=True upper=2613.08744923  CERT
215354795,0,1 RHO mem=True nz=True ynz=True cond=True claim_agree=True upper=0.964026746694  CERT
215354795,0,1 T   mem=True nz=True ynz=True cond=True claim_agree=True upper=2649.67044711  CERT
232462559,0,1 RHO mem=True nz=True ynz=True cond=True claim_agree=True upper=0.932007049416  CERT
232462559,0,1 T   mem=True nz=True ynz=True cond=True claim_agree=True upper=2044.17011423  CERT
234636068,0,1 RHO mem=True nz=True ynz=True cond=True claim_agree=True upper=0.955470479727  CERT
234636068,0,1 T   mem=True nz=True ynz=True cond=True claim_agree=True upper=2838.20632740  CERT
300825108,0,1 RHO mem=True nz=True ynz=True cond=True claim_agree=True upper=0.967872346397  CERT
300825108,0,1 T   mem=True nz=True ynz=True cond=True claim_agree=True upper=2407.50452909  CERT
315677624,0,1 RHO mem=True nz=True ynz=True cond=True claim_agree=True upper=0.895580466398  CERT
315677624,0,1 T   mem=True nz=True ynz=True cond=True claim_agree=True upper=1889.31685360  CERT
375099320,0,1 RHO mem=True nz=True ynz=True cond=True claim_agree=True upper=0.958932038481  CERT
375099320,0,1 T   mem=True nz=True ynz=True cond=True claim_agree=True upper=2845.86393726  CERT
380669044,0,1 RHO mem=True nz=True ynz=True cond=True claim_agree=True upper=0.895580466398  CERT
380669044,0,1 T   mem=True nz=True ynz=True cond=True claim_agree=True upper=1918.35652248  CERT
396968090,0,1 RHO mem=True nz=True ynz=True cond=True claim_agree=True upper=0.906733320889  CERT
396968090,0,1 T   mem=True nz=True ynz=True cond=True claim_agree=True upper=2929.83049491  CERT
400789410,0,1 RHO mem=True nz=True ynz=True cond=True claim_agree=True upper=0.932007049416  CERT
400789410,0,1 T   mem=True nz=True ynz=True cond=True claim_agree=True upper=2452.29574098  CERT
422325599,0,1 RHO mem=True nz=True ynz=True cond=True claim_agree=True upper=0.961531150564  CERT
422325599,0,1 T   mem=True nz=True ynz=True cond=True claim_agree=True upper=2954.58880459  CERT
486027730,0,1 RHO mem=True nz=True ynz=True cond=True claim_agree=True upper=0.943069989073  CERT
486027730,0,1 T   mem=True nz=True ynz=True cond=True claim_agree=True upper=2836.53850741  CERT
514462191,0,1 RHO mem=True nz=True ynz=True cond=True claim_agree=True upper=0.947249787326  CERT
514462191,0,1 T   mem=True nz=True ynz=True cond=True claim_agree=True upper=2969.65842620  CERT
578164322,0,1 RHO mem=True nz=True ynz=True cond=True claim_agree=True upper=0.923801195146  CERT
578164322,0,1 T   mem=True nz=True ynz=True cond=True claim_agree=True upper=2403.10314765  CERT
599700511,0,1 RHO mem=True nz=True ynz=True cond=True claim_agree=True upper=0.923344395481  CERT
599700511,0,1 T   mem=True nz=True ynz=True cond=True claim_agree=True upper=2218.91215755  CERT
603521831,0,1 RHO mem=True nz=True ynz=True cond=True claim_agree=True upper=0.937675908883  CERT
603521831,0,1 T   mem=True nz=True ynz=True cond=True claim_agree=True upper=2544.87425054  CERT
619820877,0,1 RHO mem=True nz=True ynz=True cond=True claim_agree=True upper=0.969907534508  CERT
619820877,0,1 T   mem=True nz=True ynz=True cond=True claim_agree=True upper=3150.91104582  CERT
625390601,0,1 RHO mem=True nz=True ynz=True cond=True claim_agree=True upper=0.964026746694  CERT
625390601,0,1 T   mem=True nz=True ynz=True cond=True claim_agree=True upper=2278.28501761  CERT
684812297,0,1 RHO mem=True nz=True ynz=True cond=True claim_agree=True upper=0.969907534508  CERT
684812297,0,1 T   mem=True nz=True ynz=True cond=True claim_agree=True upper=2877.55905291  CERT
699664813,0,1 RHO mem=True nz=True ynz=True cond=True claim_agree=True upper=0.942747016565  CERT
699664813,0,1 T   mem=True nz=True ynz=True cond=True claim_agree=True upper=2917.36757796  CERT
765853853,0,1 RHO mem=True nz=True ynz=True cond=True claim_agree=True upper=0.944982210526  CERT
765853853,0,1 T   mem=True nz=True ynz=True cond=True claim_agree=True upper=3066.56298992  CERT
768027362,0,1 RHO mem=True nz=True ynz=True cond=True claim_agree=True upper=0.923344395481  CERT
768027362,0,1 T   mem=True nz=True ynz=True cond=True claim_agree=True upper=2376.77291242  CERT
785135126,0,1 RHO mem=True nz=True ynz=True cond=True claim_agree=True upper=0.958932038481  CERT
785135126,0,1 T   mem=True nz=True ynz=True cond=True claim_agree=True upper=2941.24592249  CERT
843748153,0,1 RHO mem=True nz=True ynz=True cond=True claim_agree=True upper=0.944982210526  CERT
843748153,0,1 T   mem=True nz=True ynz=True cond=True claim_agree=True upper=1959.56558589  CERT
907681823,0,1 RHO mem=True nz=True ynz=True cond=True claim_agree=True upper=0.943069989073  CERT
907681823,0,1 T   mem=True nz=True ynz=True cond=True claim_agree=True upper=1835.67057971  CERT
919605988,0,1 RHO mem=True nz=True ynz=True cond=True claim_agree=True upper=0.942747016565  CERT
919605988,0,1 T   mem=True nz=True ynz=True cond=True claim_agree=True upper=2611.13307828  CERT
937230106,0,1 RHO mem=True nz=True ynz=True cond=True claim_agree=True upper=0.906733320889  CERT
937230106,0,1 T   mem=True nz=True ynz=True cond=True claim_agree=True upper=2706.15182568  CERT
949793396,0,1 RHO mem=True nz=True ynz=True cond=True claim_agree=True upper=0.961531150564  CERT
949793396,0,1 T   mem=True nz=True ynz=True cond=True claim_agree=True upper=2803.35531298  CERT
FAMILY VERIFY n=7 l=1000489921 : EXCLUDED (components certified 32 / 32 ; lines 64 ; failed lines 0)
FAMILY VERIFY PASS
