FACTORIZATION: 32 irreducible factors of degree 2 over F_1000820417: OK
37430054,0,1 RHO mem=True nz=True ynz=True cond=True claim_agree=True upper=0.914700524437  CERT
37430054,0,1 T   mem=True nz=True ynz=True cond=True claim_agree=True upper=2337.73672720  CERT
37700765,0,1 RHO mem=True nz=True ynz=True cond=True claim_agree=True upper=0.910164949216  CERT
37700765,0,1 T   mem=True nz=True ynz=True cond=True claim_agree=True upper=2709.78320324  CERT
52566190,0,1 RHO mem=True nz=True ynz=True cond=True claim_agree=True upper=0.892620088463  CERT
52566190,0,1 T   mem=True nz=True ynz=True cond=True claim_agree=True upper=2067.71305954  CERT
65342632,0,1 RHO mem=True nz=True ynz=True cond=True claim_agree=True upper=0.951801527281  CERT
65342632,0,1 T   mem=True nz=True ynz=True cond=True claim_agree=True upper=2357.03686267  CERT
189162086,0,1 RHO mem=True nz=True ynz=True cond=True claim_agree=True upper=0.946545814207  CERT
189162086,0,1 T   mem=True nz=True ynz=True cond=True claim_agree=True upper=2154.84258711  CERT
195166625,0,1 RHO mem=True nz=True ynz=True cond=True claim_agree=True upper=0.951801527281  CERT
195166625,0,1 T   mem=True nz=True ynz=True cond=True claim_agree=True upper=2576.61829602  CERT
239631505,0,1 RHO mem=True nz=True ynz=True cond=True claim_agree=True upper=0.946545814207  CERT
239631505,0,1 T   mem=True nz=True ynz=True cond=True claim_agree=True upper=1907.40905144  CERT
284387683,0,1 RHO mem=True nz=True ynz=True cond=True claim_agree=True upper=0.918574175634  CERT
284387683,0,1 T   mem=True nz=True ynz=True cond=True claim_agree=True upper=2546.24379483  CERT
312811604,0,1 RHO mem=True nz=True ynz=True cond=True claim_agree=True upper=0.918574175634  CERT
312811604,0,1 T   mem=True nz=True ynz=True cond=True claim_agree=True upper=1739.63696217  CERT
368788401,0,1 RHO mem=True nz=True ynz=True cond=True claim_agree=True upper=0.900718591171  CERT
368788401,0,1 T   mem=True nz=True ynz=True cond=True claim_agree=True upper=2258.36407569  CERT
399977483,0,1 RHO mem=True nz=True ynz=True cond=True claim_agree=True upper=0.892620088463  CERT
399977483,0,1 T   mem=True nz=True ynz=True cond=True claim_agree=True upper=2397.48952055  CERT
401780734,0,1 RHO mem=True nz=True ynz=True cond=True claim_agree=True upper=0.956881681181  CERT
401780734,0,1 T   mem=True nz=True ynz=True cond=True claim_agree=True upper=2171.06613419  CERT
409814968,0,1 RHO mem=True nz=True ynz=True cond=True claim_agree=True upper=0.956881681181  CERT
409814968,0,1 T   mem=True nz=True ynz=True cond=True claim_agree=True upper=2525.98136164  CERT
419945601,0,1 RHO mem=True nz=True ynz=True cond=True claim_agree=True upper=0.910164949216  CERT
419945601,0,1 T   mem=True nz=True ynz=True cond=True claim_agree=True upper=2300.11197683  CERT
467184136,0,1 RHO mem=True nz=True ynz=True cond=True claim_agree=True upper=0.900718591171  CERT
467184136,0,1 T   mem=True nz=True ynz=True cond=True claim_agree=True upper=2267.43988509  CERT
479826012,0,1 RHO mem=True nz=True ynz=True cond=True claim_agree=True upper=0.914700524437  CERT
479826012,0,1 T   mem=True nz=True ynz=True cond=True claim_agree=True upper=2292.98711564  CERT
520994405,0,1 RHO mem=True nz=True ynz=True cond=True claim_agree=True upper=0.944334871386  CERT
520994405,0,1 T   mem=True nz=True ynz=True cond=True claim_agree=True upper=2398.99580369  CERT
533636281,0,1 RHO mem=True nz=True ynz=True cond=True claim_agree=True upper=0.950758173947  CERT
533636281,0,1 T   mem=True nz=True ynz=True cond=True claim_agree=True upper=2393.42015366  CERT
580874816,0,1 RHO mem=True nz=True ynz=True cond=True claim_agree=True upper=0.946468927235  CERT
580874816,0,1 T   mem=True nz=True ynz=True cond=True claim_agree=True upper=2468.45302989  CERT
591005449,0,1 RHO mem=True nz=True ynz=True cond=True claim_agree=True upper=0.922145405972  CERT
591005449,0,1 T   mem=True nz=True ynz=True cond=True claim_agree=True upper=2198.35825506  CERT
599039683,0,1 RHO mem=True nz=True ynz=True cond=True claim_agree=True upper=0.922145405972  CERT
599039683,0,1 T   mem=True nz=True ynz=True cond=True claim_agree=True upper=2376.96849595  CERT
600842934,0,1 RHO mem=True nz=True ynz=True cond=True claim_agree=True upper=0.978165954367  CERT
600842934,0,1 T   mem=True nz=True ynz=True cond=True claim_agree=True upper=2634.63817499  CERT
632032016,0,1 RHO mem=True nz=True ynz=True cond=True claim_agree=True upper=0.950758173947  CERT
632032016,0,1 T   mem=True nz=True ynz=True cond=True claim_agree=True upper=3522.55394095  CERT
688008813,0,1 RHO mem=True nz=True ynz=True cond=True claim_agree=True upper=0.963656394902  CERT
688008813,0,1 T   mem=True nz=True ynz=True cond=True claim_agree=True upper=2600.35640396  CERT
716432734,0,1 RHO mem=True nz=True ynz=True cond=True claim_agree=True upper=0.963656394902  CERT
716432734,0,1 T   mem=True nz=True ynz=True cond=True claim_agree=True upper=2711.06077488  CERT
761188912,0,1 RHO mem=True nz=True ynz=True cond=True claim_agree=True upper=0.927640059361  CERT
761188912,0,1 T   mem=True nz=True ynz=True cond=True claim_agree=True upper=2524.82662880  CERT
805653792,0,1 RHO mem=True nz=True ynz=True cond=True claim_agree=True upper=0.940208737459  CERT
805653792,0,1 T   mem=True nz=True ynz=True cond=True claim_agree=True upper=2823.85853265  CERT
811658331,0,1 RHO mem=True nz=True ynz=True cond=True claim_agree=True upper=0.927640059361  CERT
811658331,0,1 T   mem=True nz=True ynz=True cond=True claim_agree=True upper=1956.66815040  CERT
935477785,0,1 RHO mem=True nz=True ynz=True cond=True claim_agree=True upper=0.940208737459  CERT
935477785,0,1 T   mem=True nz=True ynz=True cond=True claim_agree=True upper=2414.90384388  CERT
948254227,0,1 RHO mem=True nz=True ynz=True cond=True claim_agree=True upper=0.978165954367  CERT
948254227,0,1 T   mem=True nz=True ynz=True cond=True claim_agree=True upper=3281.20653875  CERT
963119652,0,1 RHO mem=True nz=True ynz=True cond=True claim_agree=True upper=0.946468927235  CERT
963119652,0,1 T   mem=True nz=True ynz=True cond=True claim_agree=True upper=3328.70422183  CERT
963390363,0,1 RHO mem=True nz=True ynz=True cond=True claim_agree=True upper=0.944334871386  CERT
963390363,0,1 T   mem=True nz=True ynz=True cond=True claim_agree=True upper=2718.85381001  CERT
FAMILY VERIFY n=7 l=1000820417 : EXCLUDED (components certified 32 / 32 ; lines 64 ; failed lines 0)
FAMILY VERIFY PASS
