FACTORIZATION: 32 irreducible factors of degree 2 over F_1000275137: OK
624753,0,1 RHO mem=True nz=True ynz=True cond=True claim_agree=True upper=0.975814623535  CERT
624753,0,1 T   mem=True nz=True ynz=True cond=True claim_agree=True upper=2578.16896643  CERT
13280078,0,1 RHO mem=True nz=True ynz=True cond=True claim_agree=True upper=0.940470045571  CERT
13280078,0,1 T   mem=True nz=True ynz=True cond=True claim_agree=True upper=2780.54794102  CERT
59644614,0,1 RHO mem=True nz=True ynz=True cond=True claim_agree=True upper=0.934667269966  CERT
59644614,0,1 T   mem=True nz=True ynz=True cond=True claim_agree=True upper=2223.92567611  CERT
115974128,0,1 RHO mem=True nz=True ynz=True cond=True claim_agree=True upper=0.958877360982  CERT
115974128,0,1 T   mem=True nz=True ynz=True cond=True claim_agree=True upper=2446.12560194  CERT
116183594,0,1 RHO mem=True nz=True ynz=True cond=True claim_agree=True upper=0.952675402858  CERT
116183594,0,1 T   mem=True nz=True ynz=True cond=True claim_agree=True upper=2530.85463760  CERT
139533570,0,1 RHO mem=True nz=True ynz=True cond=True claim_agree=True upper=0.940470045571  CERT
139533570,0,1 T   mem=True nz=True ynz=True cond=True claim_agree=True upper=2339.94717429  CERT
140883234,0,1 RHO mem=True nz=True ynz=True cond=True claim_agree=True upper=0.950163832929  CERT
140883234,0,1 T   mem=True nz=True ynz=True cond=True claim_agree=True upper=2839.19969311  CERT
187855201,0,1 RHO mem=True nz=True ynz=True cond=True claim_agree=True upper=0.952675402858  CERT
187855201,0,1 T   mem=True nz=True ynz=True cond=True claim_agree=True upper=2800.43819638  CERT
195068733,0,1 RHO mem=True nz=True ynz=True cond=True claim_agree=True upper=0.960884662520  CERT
195068733,0,1 T   mem=True nz=True ynz=True cond=True claim_agree=True upper=2878.36997425  CERT
220430463,0,1 RHO mem=True nz=True ynz=True cond=True claim_agree=True upper=0.958877360982  CERT
220430463,0,1 T   mem=True nz=True ynz=True cond=True claim_agree=True upper=2800.88963459  CERT
296984218,0,1 RHO mem=True nz=True ynz=True cond=True claim_agree=True upper=0.921427949090  CERT
296984218,0,1 T   mem=True nz=True ynz=True cond=True claim_agree=True upper=2070.41285830  CERT
318268562,0,1 RHO mem=True nz=True ynz=True cond=True claim_agree=True upper=0.962650660793  CERT
318268562,0,1 T   mem=True nz=True ynz=True cond=True claim_agree=True upper=2539.59671097  CERT
378921964,0,1 RHO mem=True nz=True ynz=True cond=True claim_agree=True upper=0.892296528726  CERT
378921964,0,1 T   mem=True nz=True ynz=True cond=True claim_agree=True upper=2645.60426890  CERT
387523970,0,1 RHO mem=True nz=True ynz=True cond=True claim_agree=True upper=0.973017327445  CERT
387523970,0,1 T   mem=True nz=True ynz=True cond=True claim_agree=True upper=3372.34333219  CERT
409708167,0,1 RHO mem=True nz=True ynz=True cond=True claim_agree=True upper=0.945070710366  CERT
409708167,0,1 T   mem=True nz=True ynz=True cond=True claim_agree=True upper=2474.01402792  CERT
481478561,0,1 RHO mem=True nz=True ynz=True cond=True claim_agree=True upper=0.892296528726  CERT
481478561,0,1 T   mem=True nz=True ynz=True cond=True claim_agree=True upper=2098.93946703  CERT
518796576,0,1 RHO mem=True nz=True ynz=True cond=True claim_agree=True upper=0.978749405363  CERT
518796576,0,1 T   mem=True nz=True ynz=True cond=True claim_agree=True upper=2523.11347269  CERT
590566970,0,1 RHO mem=True nz=True ynz=True cond=True claim_agree=True upper=0.975814623535  CERT
590566970,0,1 T   mem=True nz=True ynz=True cond=True claim_agree=True upper=2927.27832647  CERT
612751167,0,1 RHO mem=True nz=True ynz=True cond=True claim_agree=True upper=0.950163832929  CERT
612751167,0,1 T   mem=True nz=True ynz=True cond=True claim_agree=True upper=3040.87402093  CERT
621353173,0,1 RHO mem=True nz=True ynz=True cond=True claim_agree=True upper=0.978749405363  CERT
621353173,0,1 T   mem=True nz=True ynz=True cond=True claim_agree=True upper=2351.07336235  CERT
682006575,0,1 RHO mem=True nz=True ynz=True cond=True claim_agree=True upper=0.921427949090  CERT
682006575,0,1 T   mem=True nz=True ynz=True cond=True claim_agree=True upper=2219.16651399  CERT
703290919,0,1 RHO mem=True nz=True ynz=True cond=True claim_agree=True upper=0.962650660793  CERT
703290919,0,1 T   mem=True nz=True ynz=True cond=True claim_agree=True upper=3050.45510352  CERT
779844674,0,1 RHO mem=True nz=True ynz=True cond=True claim_agree=True upper=0.955379767911  CERT
779844674,0,1 T   mem=True nz=True ynz=True cond=True claim_agree=True upper=3181.12708014  CERT
805206404,0,1 RHO mem=True nz=True ynz=True cond=True claim_agree=True upper=0.934667269966  CERT
805206404,0,1 T   mem=True nz=True ynz=True cond=True claim_agree=True upper=2642.39323526  CERT
812419936,0,1 RHO mem=True nz=True ynz=True cond=True claim_agree=True upper=0.937282524978  CERT
812419936,0,1 T   mem=True nz=True ynz=True cond=True claim_agree=True upper=2444.84296187  CERT
859391903,0,1 RHO mem=True nz=True ynz=True cond=True claim_agree=True upper=0.973017327445  CERT
859391903,0,1 T   mem=True nz=True ynz=True cond=True claim_agree=True upper=2756.33581554  CERT
860741567,0,1 RHO mem=True nz=True ynz=True cond=True claim_agree=True upper=0.931687050559  CERT
860741567,0,1 T   mem=True nz=True ynz=True cond=True claim_agree=True upper=2483.35586067  CERT
884091543,0,1 RHO mem=True nz=True ynz=True cond=True claim_agree=True upper=0.937282524978  CERT
884091543,0,1 T   mem=True nz=True ynz=True cond=True claim_agree=True upper=2195.39746379  CERT
884301009,0,1 RHO mem=True nz=True ynz=True cond=True claim_agree=True upper=0.955379767911  CERT
884301009,0,1 T   mem=True nz=True ynz=True cond=True claim_agree=True upper=2389.31331185  CERT
940630523,0,1 RHO mem=True nz=True ynz=True cond=True claim_agree=True upper=0.960884662520  CERT
940630523,0,1 T   mem=True nz=True ynz=True cond=True claim_agree=True upper=2378.16772450  CERT
986995059,0,1 RHO mem=True nz=True ynz=True cond=True claim_agree=True upper=0.931687050559  CERT
986995059,0,1 T   mem=True nz=True ynz=True cond=True claim_agree=True upper=2460.47830133  CERT
999650384,0,1 RHO mem=True nz=True ynz=True cond=True claim_agree=True upper=0.945070710366  CERT
999650384,0,1 T   mem=True nz=True ynz=True cond=True claim_agree=True upper=2182.87353556  CERT
FAMILY VERIFY n=7 l=1000275137 : EXCLUDED (components certified 32 / 32 ; lines 64 ; failed lines 0)
FAMILY VERIFY PASS
