FACTORIZATION: 32 irreducible factors of degree 2 over F_1000364993: OK
38857070,0,1 RHO mem=True nz=True ynz=True cond=True claim_agree=True upper=0.956179132100  CERT
38857070,0,1 T   mem=True nz=True ynz=True cond=True claim_agree=True upper=2680.91109919  CERT
41216987,0,1 RHO mem=True nz=True ynz=True cond=True claim_agree=True upper=0.966559694236  CERT
41216987,0,1 T   mem=True nz=True ynz=True cond=True claim_agree=True upper=2840.24183455  CERT
54326272,0,1 RHO mem=True nz=True ynz=True cond=True claim_agree=True upper=0.955519537451  CERT
54326272,0,1 T   mem=True nz=True ynz=True cond=True claim_agree=True upper=2736.66508087  CERT
99710833,0,1 RHO mem=True nz=True ynz=True cond=True claim_agree=True upper=0.923374528313  CERT
99710833,0,1 T   mem=True nz=True ynz=True cond=True claim_agree=True upper=2081.52868268  CERT
134496921,0,1 RHO mem=True nz=True ynz=True cond=True claim_agree=True upper=0.953010224122  CERT
134496921,0,1 T   mem=True nz=True ynz=True cond=True claim_agree=True upper=1904.63552885  CERT
140062219,0,1 RHO mem=True nz=True ynz=True cond=True claim_agree=True upper=0.920001889850  CERT
140062219,0,1 T   mem=True nz=True ynz=True cond=True claim_agree=True upper=2517.49542394  CERT
217407605,0,1 RHO mem=True nz=True ynz=True cond=True claim_agree=True upper=0.976482258233  CERT
217407605,0,1 T   mem=True nz=True ynz=True cond=True claim_agree=True upper=2601.80079508  CERT
292702190,0,1 RHO mem=True nz=True ynz=True cond=True claim_agree=True upper=0.931835824764  CERT
292702190,0,1 T   mem=True nz=True ynz=True cond=True claim_agree=True upper=2237.68396426  CERT
360063540,0,1 RHO mem=True nz=True ynz=True cond=True claim_agree=True upper=0.946501557311  CERT
360063540,0,1 T   mem=True nz=True ynz=True cond=True claim_agree=True upper=2839.46929669  CERT
385217037,0,1 RHO mem=True nz=True ynz=True cond=True claim_agree=True upper=0.946501557311  CERT
385217037,0,1 T   mem=True nz=True ynz=True cond=True claim_agree=True upper=2277.74800756  CERT
406828987,0,1 RHO mem=True nz=True ynz=True cond=True claim_agree=True upper=0.953010224122  CERT
406828987,0,1 T   mem=True nz=True ynz=True cond=True claim_agree=True upper=2475.30965621  CERT
424320191,0,1 RHO mem=True nz=True ynz=True cond=True claim_agree=True upper=0.976482258233  CERT
424320191,0,1 T   mem=True nz=True ynz=True cond=True claim_agree=True upper=2277.76409318  CERT
431015949,0,1 RHO mem=True nz=True ynz=True cond=True claim_agree=True upper=0.989820046570  CERT
431015949,0,1 T   mem=True nz=True ynz=True cond=True claim_agree=True upper=2995.77746424  CERT
454451686,0,1 RHO mem=True nz=True ynz=True cond=True claim_agree=True upper=0.944454495091  CERT
454451686,0,1 T   mem=True nz=True ynz=True cond=True claim_agree=True upper=2354.14501176  CERT
486681563,0,1 RHO mem=True nz=True ynz=True cond=True claim_agree=True upper=0.943622804712  CERT
486681563,0,1 T   mem=True nz=True ynz=True cond=True claim_agree=True upper=3111.33521622  CERT
490794961,0,1 RHO mem=True nz=True ynz=True cond=True claim_agree=True upper=0.952421304207  CERT
490794961,0,1 T   mem=True nz=True ynz=True cond=True claim_agree=True upper=2566.30186302  CERT
509570032,0,1 RHO mem=True nz=True ynz=True cond=True claim_agree=True upper=0.943622804712  CERT
509570032,0,1 T   mem=True nz=True ynz=True cond=True claim_agree=True upper=2724.38283743  CERT
513683430,0,1 RHO mem=True nz=True ynz=True cond=True claim_agree=True upper=0.952421304207  CERT
513683430,0,1 T   mem=True nz=True ynz=True cond=True claim_agree=True upper=2768.06543063  CERT
545913307,0,1 RHO mem=True nz=True ynz=True cond=True claim_agree=True upper=0.923374528313  CERT
545913307,0,1 T   mem=True nz=True ynz=True cond=True claim_agree=True upper=1977.66710649  CERT
569349044,0,1 RHO mem=True nz=True ynz=True cond=True claim_agree=True upper=0.920001889850  CERT
569349044,0,1 T   mem=True nz=True ynz=True cond=True claim_agree=True upper=2727.67317216  CERT
576044802,0,1 RHO mem=True nz=True ynz=True cond=True claim_agree=True upper=0.949251149338  CERT
576044802,0,1 T   mem=True nz=True ynz=True cond=True claim_agree=True upper=2307.93977176  CERT
593536006,0,1 RHO mem=True nz=True ynz=True cond=True claim_agree=True upper=0.970069761978  CERT
593536006,0,1 T   mem=True nz=True ynz=True cond=True claim_agree=True upper=2465.71856198  CERT
615147956,0,1 RHO mem=True nz=True ynz=True cond=True claim_agree=True upper=0.971218919015  CERT
615147956,0,1 T   mem=True nz=True ynz=True cond=True claim_agree=True upper=2772.28614081  CERT
640301453,0,1 RHO mem=True nz=True ynz=True cond=True claim_agree=True upper=0.971218919015  CERT
640301453,0,1 T   mem=True nz=True ynz=True cond=True claim_agree=True upper=2298.17776934  CERT
707662803,0,1 RHO mem=True nz=True ynz=True cond=True claim_agree=True upper=0.955519537451  CERT
707662803,0,1 T   mem=True nz=True ynz=True cond=True claim_agree=True upper=3251.60766618  CERT
782957388,0,1 RHO mem=True nz=True ynz=True cond=True claim_agree=True upper=0.949251149338  CERT
782957388,0,1 T   mem=True nz=True ynz=True cond=True claim_agree=True upper=2548.38066130  CERT
860302774,0,1 RHO mem=True nz=True ynz=True cond=True claim_agree=True upper=0.989820046570  CERT
860302774,0,1 T   mem=True nz=True ynz=True cond=True claim_agree=True upper=2326.87410387  CERT
865868072,0,1 RHO mem=True nz=True ynz=True cond=True claim_agree=True upper=0.970069761978  CERT
865868072,0,1 T   mem=True nz=True ynz=True cond=True claim_agree=True upper=2714.67512327  CERT
900654160,0,1 RHO mem=True nz=True ynz=True cond=True claim_agree=True upper=0.944454495091  CERT
900654160,0,1 T   mem=True nz=True ynz=True cond=True claim_agree=True upper=2762.32537604  CERT
946038721,0,1 RHO mem=True nz=True ynz=True cond=True claim_agree=True upper=0.931835824764  CERT
946038721,0,1 T   mem=True nz=True ynz=True cond=True claim_agree=True upper=2351.59579482  CERT
959148006,0,1 RHO mem=True nz=True ynz=True cond=True claim_agree=True upper=0.956179132100  CERT
959148006,0,1 T   mem=True nz=True ynz=True cond=True claim_agree=True upper=2264.85653141  CERT
961507923,0,1 RHO mem=True nz=True ynz=True cond=True claim_agree=True upper=0.966559694236  CERT
961507923,0,1 T   mem=True nz=True ynz=True cond=True claim_agree=True upper=2688.34085693  CERT
FAMILY VERIFY n=7 l=1000364993 : EXCLUDED (components certified 32 / 32 ; lines 64 ; failed lines 0)
FAMILY VERIFY PASS
