FACTORIZATION: 32 irreducible factors of degree 2 over F_1000422593: OK
28176248,0,1 RHO mem=True nz=True ynz=True cond=True claim_agree=True upper=0.928071102633  CERT
28176248,0,1 T   mem=True nz=True ynz=True cond=True claim_agree=True upper=2060.79703326  CERT
86658285,0,1 RHO mem=True nz=True ynz=True cond=True claim_agree=True upper=0.916988228770  CERT
86658285,0,1 T   mem=True nz=True ynz=True cond=True claim_agree=True upper=1765.29309811  CERT
106255469,0,1 RHO mem=True nz=True ynz=True cond=True claim_agree=True upper=0.876363854459  CERT
106255469,0,1 T   mem=True nz=True ynz=True cond=True claim_agree=True upper=2159.16699390  CERT
142341024,0,1 RHO mem=True nz=True ynz=True cond=True claim_agree=True upper=0.916243595156  CERT
142341024,0,1 T   mem=True nz=True ynz=True cond=True claim_agree=True upper=2205.82024048  CERT
151045481,0,1 RHO mem=True nz=True ynz=True cond=True claim_agree=True upper=0.897103809875  CERT
151045481,0,1 T   mem=True nz=True ynz=True cond=True claim_agree=True upper=1358.85148223  CERT
182733892,0,1 RHO mem=True nz=True ynz=True cond=True claim_agree=True upper=0.889423527940  CERT
182733892,0,1 T   mem=True nz=True ynz=True cond=True claim_agree=True upper=1668.14436660  CERT
188242662,0,1 RHO mem=True nz=True ynz=True cond=True claim_agree=True upper=0.926045360651  CERT
188242662,0,1 T   mem=True nz=True ynz=True cond=True claim_agree=True upper=1922.43761178  CERT
226687991,0,1 RHO mem=True nz=True ynz=True cond=True claim_agree=True upper=0.928071102633  CERT
226687991,0,1 T   mem=True nz=True ynz=True cond=True claim_agree=True upper=1866.81897164  CERT
269235613,0,1 RHO mem=True nz=True ynz=True cond=True claim_agree=True upper=0.876363854459  CERT
269235613,0,1 T   mem=True nz=True ynz=True cond=True claim_agree=True upper=1845.01348220  CERT
319726790,0,1 RHO mem=True nz=True ynz=True cond=True claim_agree=True upper=0.923376082901  CERT
319726790,0,1 T   mem=True nz=True ynz=True cond=True claim_agree=True upper=2373.36679609  CERT
343280491,0,1 RHO mem=True nz=True ynz=True cond=True claim_agree=True upper=0.926045360651  CERT
343280491,0,1 T   mem=True nz=True ynz=True cond=True claim_agree=True upper=2148.81507637  CERT
359460617,0,1 RHO mem=True nz=True ynz=True cond=True claim_agree=True upper=0.889423527940  CERT
359460617,0,1 T   mem=True nz=True ynz=True cond=True claim_agree=True upper=1683.43492615  CERT
373036269,0,1 RHO mem=True nz=True ynz=True cond=True claim_agree=True upper=0.916243595156  CERT
373036269,0,1 T   mem=True nz=True ynz=True cond=True claim_agree=True upper=1848.66375667  CERT
384741139,0,1 RHO mem=True nz=True ynz=True cond=True claim_agree=True upper=0.906248586175  CERT
384741139,0,1 T   mem=True nz=True ynz=True cond=True claim_agree=True upper=1735.31482449  CERT
388550283,0,1 RHO mem=True nz=True ynz=True cond=True claim_agree=True upper=0.916988228770  CERT
388550283,0,1 T   mem=True nz=True ynz=True cond=True claim_agree=True upper=1563.51197558  CERT
481251393,0,1 RHO mem=True nz=True ynz=True cond=True claim_agree=True upper=0.920369805234  CERT
481251393,0,1 T   mem=True nz=True ynz=True cond=True claim_agree=True upper=1623.07861322  CERT
519171200,0,1 RHO mem=True nz=True ynz=True cond=True claim_agree=True upper=0.906248586175  CERT
519171200,0,1 T   mem=True nz=True ynz=True cond=True claim_agree=True upper=2566.53897018  CERT
611872310,0,1 RHO mem=True nz=True ynz=True cond=True claim_agree=True upper=0.918686565972  CERT
611872310,0,1 T   mem=True nz=True ynz=True cond=True claim_agree=True upper=2309.76571323  CERT
615681454,0,1 RHO mem=True nz=True ynz=True cond=True claim_agree=True upper=0.920369805234  CERT
615681454,0,1 T   mem=True nz=True ynz=True cond=True claim_agree=True upper=2002.53758009  CERT
627386324,0,1 RHO mem=True nz=True ynz=True cond=True claim_agree=True upper=0.919640998496  CERT
627386324,0,1 T   mem=True nz=True ynz=True cond=True claim_agree=True upper=2476.19083160  CERT
640961976,0,1 RHO mem=True nz=True ynz=True cond=True claim_agree=True upper=0.937483610731  CERT
640961976,0,1 T   mem=True nz=True ynz=True cond=True claim_agree=True upper=2663.43289056  CERT
657142102,0,1 RHO mem=True nz=True ynz=True cond=True claim_agree=True upper=0.911551370320  CERT
657142102,0,1 T   mem=True nz=True ynz=True cond=True claim_agree=True upper=1801.32440494  CERT
680695803,0,1 RHO mem=True nz=True ynz=True cond=True claim_agree=True upper=0.897103809875  CERT
680695803,0,1 T   mem=True nz=True ynz=True cond=True claim_agree=True upper=2102.22644489  CERT
731186980,0,1 RHO mem=True nz=True ynz=True cond=True claim_agree=True upper=0.927603513295  CERT
731186980,0,1 T   mem=True nz=True ynz=True cond=True claim_agree=True upper=1944.35488755  CERT
773734602,0,1 RHO mem=True nz=True ynz=True cond=True claim_agree=True upper=0.921684510735  CERT
773734602,0,1 T   mem=True nz=True ynz=True cond=True claim_agree=True upper=1951.05433935  CERT
812179931,0,1 RHO mem=True nz=True ynz=True cond=True claim_agree=True upper=0.911551370320  CERT
812179931,0,1 T   mem=True nz=True ynz=True cond=True claim_agree=True upper=2346.12778853  CERT
817688701,0,1 RHO mem=True nz=True ynz=True cond=True claim_agree=True upper=0.937483610731  CERT
817688701,0,1 T   mem=True nz=True ynz=True cond=True claim_agree=True upper=2323.00644869  CERT
849377112,0,1 RHO mem=True nz=True ynz=True cond=True claim_agree=True upper=0.923376082901  CERT
849377112,0,1 T   mem=True nz=True ynz=True cond=True claim_agree=True upper=2402.05411777  CERT
858081569,0,1 RHO mem=True nz=True ynz=True cond=True claim_agree=True upper=0.919640998496  CERT
858081569,0,1 T   mem=True nz=True ynz=True cond=True claim_agree=True upper=1992.43902085  CERT
894167124,0,1 RHO mem=True nz=True ynz=True cond=True claim_agree=True upper=0.927603513295  CERT
894167124,0,1 T   mem=True nz=True ynz=True cond=True claim_agree=True upper=2491.48435486  CERT
913764308,0,1 RHO mem=True nz=True ynz=True cond=True claim_agree=True upper=0.918686565972  CERT
913764308,0,1 T   mem=True nz=True ynz=True cond=True claim_agree=True upper=2263.69255629  CERT
972246345,0,1 RHO mem=True nz=True ynz=True cond=True claim_agree=True upper=0.921684510735  CERT
972246345,0,1 T   mem=True nz=True ynz=True cond=True claim_agree=True upper=2064.32632997  CERT
FAMILY VERIFY n=7 l=1000422593 : EXCLUDED (components certified 32 / 32 ; lines 64 ; failed lines 0)
FAMILY VERIFY PASS
