FACTORIZATION: 32 irreducible factors of degree 2 over F_1001236801: OK
44163688,0,1 RHO mem=True nz=True ynz=True cond=True claim_agree=True upper=0.889726952856  CERT
44163688,0,1 T   mem=True nz=True ynz=True cond=True claim_agree=True upper=1557.51435521  CERT
55974251,0,1 RHO mem=True nz=True ynz=True cond=True claim_agree=True upper=0.941574388144  CERT
55974251,0,1 T   mem=True nz=True ynz=True cond=True claim_agree=True upper=2143.54879353  CERT
126261219,0,1 RHO mem=True nz=True ynz=True cond=True claim_agree=True upper=0.929634906138  CERT
126261219,0,1 T   mem=True nz=True ynz=True cond=True claim_agree=True upper=2324.32860528  CERT
153105939,0,1 RHO mem=True nz=True ynz=True cond=True claim_agree=True upper=0.926546854178  CERT
153105939,0,1 T   mem=True nz=True ynz=True cond=True claim_agree=True upper=1971.84098927  CERT
184553907,0,1 RHO mem=True nz=True ynz=True cond=True claim_agree=True upper=0.911415884877  CERT
184553907,0,1 T   mem=True nz=True ynz=True cond=True claim_agree=True upper=2309.08036370  CERT
210012514,0,1 RHO mem=True nz=True ynz=True cond=True claim_agree=True upper=0.958110621292  CERT
210012514,0,1 T   mem=True nz=True ynz=True cond=True claim_agree=True upper=1979.28143279  CERT
237620468,0,1 RHO mem=True nz=True ynz=True cond=True claim_agree=True upper=0.969757528045  CERT
237620468,0,1 T   mem=True nz=True ynz=True cond=True claim_agree=True upper=2397.49474926  CERT
267451228,0,1 RHO mem=True nz=True ynz=True cond=True claim_agree=True upper=0.950696229566  CERT
267451228,0,1 T   mem=True nz=True ynz=True cond=True claim_agree=True upper=2612.97394909  CERT
315257528,0,1 RHO mem=True nz=True ynz=True cond=True claim_agree=True upper=0.927513149666  CERT
315257528,0,1 T   mem=True nz=True ynz=True cond=True claim_agree=True upper=2055.75381609  CERT
321298532,0,1 RHO mem=True nz=True ynz=True cond=True claim_agree=True upper=0.926546854178  CERT
321298532,0,1 T   mem=True nz=True ynz=True cond=True claim_agree=True upper=2519.15334447  CERT
325316609,0,1 RHO mem=True nz=True ynz=True cond=True claim_agree=True upper=0.953969587190  CERT
325316609,0,1 T   mem=True nz=True ynz=True cond=True claim_agree=True upper=2591.50853638  CERT
368460036,0,1 RHO mem=True nz=True ynz=True cond=True claim_agree=True upper=0.931098183449  CERT
368460036,0,1 T   mem=True nz=True ynz=True cond=True claim_agree=True upper=2462.49721880  CERT
399174370,0,1 RHO mem=True nz=True ynz=True cond=True claim_agree=True upper=0.931098183449  CERT
399174370,0,1 T   mem=True nz=True ynz=True cond=True claim_agree=True upper=2777.90670810  CERT
432135033,0,1 RHO mem=True nz=True ynz=True cond=True claim_agree=True upper=0.951028315436  CERT
432135033,0,1 T   mem=True nz=True ynz=True cond=True claim_agree=True upper=2629.35758496  CERT
439403555,0,1 RHO mem=True nz=True ynz=True cond=True claim_agree=True upper=0.951028315436  CERT
439403555,0,1 T   mem=True nz=True ynz=True cond=True claim_agree=True upper=2269.98387683  CERT
466044121,0,1 RHO mem=True nz=True ynz=True cond=True claim_agree=True upper=0.935821949750  CERT
466044121,0,1 T   mem=True nz=True ynz=True cond=True claim_agree=True upper=3191.52412331  CERT
535192680,0,1 RHO mem=True nz=True ynz=True cond=True claim_agree=True upper=0.958110621292  CERT
535192680,0,1 T   mem=True nz=True ynz=True cond=True claim_agree=True upper=2162.89416950  CERT
561833246,0,1 RHO mem=True nz=True ynz=True cond=True claim_agree=True upper=0.913515433788  CERT
561833246,0,1 T   mem=True nz=True ynz=True cond=True claim_agree=True upper=2147.30953796  CERT
569101768,0,1 RHO mem=True nz=True ynz=True cond=True claim_agree=True upper=0.913515433788  CERT
569101768,0,1 T   mem=True nz=True ynz=True cond=True claim_agree=True upper=2069.24932286  CERT
602062431,0,1 RHO mem=True nz=True ynz=True cond=True claim_agree=True upper=0.939600236188  CERT
602062431,0,1 T   mem=True nz=True ynz=True cond=True claim_agree=True upper=2253.29249794  CERT
632776765,0,1 RHO mem=True nz=True ynz=True cond=True claim_agree=True upper=0.939600236188  CERT
632776765,0,1 T   mem=True nz=True ynz=True cond=True claim_agree=True upper=2284.50718575  CERT
675920192,0,1 RHO mem=True nz=True ynz=True cond=True claim_agree=True upper=0.941574388144  CERT
675920192,0,1 T   mem=True nz=True ynz=True cond=True claim_agree=True upper=2521.38526747  CERT
679938269,0,1 RHO mem=True nz=True ynz=True cond=True claim_agree=True upper=0.919007042294  CERT
679938269,0,1 T   mem=True nz=True ynz=True cond=True claim_agree=True upper=2152.34831919  CERT
685979273,0,1 RHO mem=True nz=True ynz=True cond=True claim_agree=True upper=0.969757528045  CERT
685979273,0,1 T   mem=True nz=True ynz=True cond=True claim_agree=True upper=2652.82528450  CERT
733785573,0,1 RHO mem=True nz=True ynz=True cond=True claim_agree=True upper=0.911415884877  CERT
733785573,0,1 T   mem=True nz=True ynz=True cond=True claim_agree=True upper=2099.09049812  CERT
763616333,0,1 RHO mem=True nz=True ynz=True cond=True claim_agree=True upper=0.927513149666  CERT
763616333,0,1 T   mem=True nz=True ynz=True cond=True claim_agree=True upper=2409.25830403  CERT
791224287,0,1 RHO mem=True nz=True ynz=True cond=True claim_agree=True upper=0.935821949750  CERT
791224287,0,1 T   mem=True nz=True ynz=True cond=True claim_agree=True upper=1946.92900703  CERT
816682894,0,1 RHO mem=True nz=True ynz=True cond=True claim_agree=True upper=0.950696229566  CERT
816682894,0,1 T   mem=True nz=True ynz=True cond=True claim_agree=True upper=2046.00975663  CERT
848130862,0,1 RHO mem=True nz=True ynz=True cond=True claim_agree=True upper=0.919007042294  CERT
848130862,0,1 T   mem=True nz=True ynz=True cond=True claim_agree=True upper=2553.08072415  CERT
874975582,0,1 RHO mem=True nz=True ynz=True cond=True claim_agree=True upper=0.889726952856  CERT
874975582,0,1 T   mem=True nz=True ynz=True cond=True claim_agree=True upper=2460.48603377  CERT
945262550,0,1 RHO mem=True nz=True ynz=True cond=True claim_agree=True upper=0.953969587190  CERT
945262550,0,1 T   mem=True nz=True ynz=True cond=True claim_agree=True upper=1907.51991763  CERT
957073113,0,1 RHO mem=True nz=True ynz=True cond=True claim_agree=True upper=0.929634906138  CERT
957073113,0,1 T   mem=True nz=True ynz=True cond=True claim_agree=True upper=2425.05774349  CERT
FAMILY VERIFY n=7 l=1001236801 : EXCLUDED (components certified 32 / 32 ; lines 64 ; failed lines 0)
FAMILY VERIFY PASS
