FACTORIZATION: 32 irreducible factors of degree 2 over F_1000125121: OK
78946272,0,1 RHO mem=True nz=True ynz=True cond=True claim_agree=True upper=0.990278461901  CERT
78946272,0,1 T   mem=True nz=True ynz=True cond=True claim_agree=True upper=2272.04442671  CERT
99018388,0,1 RHO mem=True nz=True ynz=True cond=True claim_agree=True upper=0.947552067130  CERT
99018388,0,1 T   mem=True nz=True ynz=True cond=True claim_agree=True upper=2887.52476789  CERT
135364548,0,1 RHO mem=True nz=True ynz=True cond=True claim_agree=True upper=0.949251090341  CERT
135364548,0,1 T   mem=True nz=True ynz=True cond=True claim_agree=True upper=2072.19240572  CERT
163093455,0,1 RHO mem=True nz=True ynz=True cond=True claim_agree=True upper=0.969698474454  CERT
163093455,0,1 T   mem=True nz=True ynz=True cond=True claim_agree=True upper=2318.88047119  CERT
208556755,0,1 RHO mem=True nz=True ynz=True cond=True claim_agree=True upper=0.949251090341  CERT
208556755,0,1 T   mem=True nz=True ynz=True cond=True claim_agree=True upper=2844.91249031  CERT
220142305,0,1 RHO mem=True nz=True ynz=True cond=True claim_agree=True upper=0.942951516255  CERT
220142305,0,1 T   mem=True nz=True ynz=True cond=True claim_agree=True upper=2804.22052489  CERT
263168192,0,1 RHO mem=True nz=True ynz=True cond=True claim_agree=True upper=0.935406280232  CERT
263168192,0,1 T   mem=True nz=True ynz=True cond=True claim_agree=True upper=2949.71675249  CERT
287418388,0,1 RHO mem=True nz=True ynz=True cond=True claim_agree=True upper=0.949109828913  CERT
287418388,0,1 T   mem=True nz=True ynz=True cond=True claim_agree=True upper=1950.75889275  CERT
303020690,0,1 RHO mem=True nz=True ynz=True cond=True claim_agree=True upper=0.930877643782  CERT
303020690,0,1 T   mem=True nz=True ynz=True cond=True claim_agree=True upper=2312.56286576  CERT
317409000,0,1 RHO mem=True nz=True ynz=True cond=True claim_agree=True upper=0.972990168106  CERT
317409000,0,1 T   mem=True nz=True ynz=True cond=True claim_agree=True upper=2404.41625248  CERT
352190807,0,1 RHO mem=True nz=True ynz=True cond=True claim_agree=True upper=0.958898539106  CERT
352190807,0,1 T   mem=True nz=True ynz=True cond=True claim_agree=True upper=2125.90391333  CERT
365988651,0,1 RHO mem=True nz=True ynz=True cond=True claim_agree=True upper=0.950223724190  CERT
365988651,0,1 T   mem=True nz=True ynz=True cond=True claim_agree=True upper=2722.73502111  CERT
368942285,0,1 RHO mem=True nz=True ynz=True cond=True claim_agree=True upper=0.942951516255  CERT
368942285,0,1 T   mem=True nz=True ynz=True cond=True claim_agree=True upper=2860.88887904  CERT
380162316,0,1 RHO mem=True nz=True ynz=True cond=True claim_agree=True upper=0.935506776587  CERT
380162316,0,1 T   mem=True nz=True ynz=True cond=True claim_agree=True upper=3289.47318602  CERT
417559241,0,1 RHO mem=True nz=True ynz=True cond=True claim_agree=True upper=0.975894270057  CERT
417559241,0,1 T   mem=True nz=True ynz=True cond=True claim_agree=True upper=2621.71548825  CERT
493944196,0,1 RHO mem=True nz=True ynz=True cond=True claim_agree=True upper=0.972990168106  CERT
493944196,0,1 T   mem=True nz=True ynz=True cond=True claim_agree=True upper=3103.84479358  CERT
506180925,0,1 RHO mem=True nz=True ynz=True cond=True claim_agree=True upper=0.914086191145  CERT
506180925,0,1 T   mem=True nz=True ynz=True cond=True claim_agree=True upper=1898.55804368  CERT
582565880,0,1 RHO mem=True nz=True ynz=True cond=True claim_agree=True upper=0.958898539106  CERT
582565880,0,1 T   mem=True nz=True ynz=True cond=True claim_agree=True upper=2207.77810242  CERT
619962805,0,1 RHO mem=True nz=True ynz=True cond=True claim_agree=True upper=0.935406280232  CERT
619962805,0,1 T   mem=True nz=True ynz=True cond=True claim_agree=True upper=2794.88849887  CERT
631182836,0,1 RHO mem=True nz=True ynz=True cond=True claim_agree=True upper=0.967632584822  CERT
631182836,0,1 T   mem=True nz=True ynz=True cond=True claim_agree=True upper=3220.80137149  CERT
634136470,0,1 RHO mem=True nz=True ynz=True cond=True claim_agree=True upper=0.973026341556  CERT
634136470,0,1 T   mem=True nz=True ynz=True cond=True claim_agree=True upper=2857.68608203  CERT
647934314,0,1 RHO mem=True nz=True ynz=True cond=True claim_agree=True upper=0.975894270057  CERT
647934314,0,1 T   mem=True nz=True ynz=True cond=True claim_agree=True upper=2015.07081305  CERT
682716121,0,1 RHO mem=True nz=True ynz=True cond=True claim_agree=True upper=0.914086191145  CERT
682716121,0,1 T   mem=True nz=True ynz=True cond=True claim_agree=True upper=2833.60739134  CERT
697104431,0,1 RHO mem=True nz=True ynz=True cond=True claim_agree=True upper=0.990278461901  CERT
697104431,0,1 T   mem=True nz=True ynz=True cond=True claim_agree=True upper=3244.53269394  CERT
712706733,0,1 RHO mem=True nz=True ynz=True cond=True claim_agree=True upper=0.947552067130  CERT
712706733,0,1 T   mem=True nz=True ynz=True cond=True claim_agree=True upper=2469.20017230  CERT
736956929,0,1 RHO mem=True nz=True ynz=True cond=True claim_agree=True upper=0.935506776587  CERT
736956929,0,1 T   mem=True nz=True ynz=True cond=True claim_agree=True upper=2302.64410370  CERT
779982816,0,1 RHO mem=True nz=True ynz=True cond=True claim_agree=True upper=0.967632584822  CERT
779982816,0,1 T   mem=True nz=True ynz=True cond=True claim_agree=True upper=2620.13878425  CERT
791568366,0,1 RHO mem=True nz=True ynz=True cond=True claim_agree=True upper=0.940328815964  CERT
791568366,0,1 T   mem=True nz=True ynz=True cond=True claim_agree=True upper=2259.04965155  CERT
837031666,0,1 RHO mem=True nz=True ynz=True cond=True claim_agree=True upper=0.950223724190  CERT
837031666,0,1 T   mem=True nz=True ynz=True cond=True claim_agree=True upper=2429.79153079  CERT
864760573,0,1 RHO mem=True nz=True ynz=True cond=True claim_agree=True upper=0.940328815964  CERT
864760573,0,1 T   mem=True nz=True ynz=True cond=True claim_agree=True upper=2548.54929436  CERT
901106733,0,1 RHO mem=True nz=True ynz=True cond=True claim_agree=True upper=0.949109828913  CERT
901106733,0,1 T   mem=True nz=True ynz=True cond=True claim_agree=True upper=2820.14741875  CERT
921178849,0,1 RHO mem=True nz=True ynz=True cond=True claim_agree=True upper=0.930877643782  CERT
921178849,0,1 T   mem=True nz=True ynz=True cond=True claim_agree=True upper=2987.37174135  CERT
FAMILY VERIFY n=7 l=1000125121 : EXCLUDED (components certified 32 / 32 ; lines 64 ; failed lines 0)
FAMILY VERIFY PASS
