FACTORIZATION: 32 irreducible factors of degree 2 over F_1001017153: OK
37624133,0,1 RHO mem=True nz=True ynz=True cond=True claim_agree=True upper=0.945054849387  CERT
37624133,0,1 T   mem=True nz=True ynz=True cond=True claim_agree=True upper=2513.75330423  CERT
61629836,0,1 RHO mem=True nz=True ynz=True cond=True claim_agree=True upper=0.939148297630  CERT
61629836,0,1 T   mem=True nz=True ynz=True cond=True claim_agree=True upper=2417.44176635  CERT
90511596,0,1 RHO mem=True nz=True ynz=True cond=True claim_agree=True upper=0.939663012493  CERT
90511596,0,1 T   mem=True nz=True ynz=True cond=True claim_agree=True upper=2053.71501089  CERT
113887136,0,1 RHO mem=True nz=True ynz=True cond=True claim_agree=True upper=0.927621334354  CERT
113887136,0,1 T   mem=True nz=True ynz=True cond=True claim_agree=True upper=2003.05755520  CERT
227819380,0,1 RHO mem=True nz=True ynz=True cond=True claim_agree=True upper=0.939663012493  CERT
227819380,0,1 T   mem=True nz=True ynz=True cond=True claim_agree=True upper=3217.48507221  CERT
235910111,0,1 RHO mem=True nz=True ynz=True cond=True claim_agree=True upper=0.914907048653  CERT
235910111,0,1 T   mem=True nz=True ynz=True cond=True claim_agree=True upper=1987.76584323  CERT
260662562,0,1 RHO mem=True nz=True ynz=True cond=True claim_agree=True upper=0.914495988440  CERT
260662562,0,1 T   mem=True nz=True ynz=True cond=True claim_agree=True upper=2124.45881224  CERT
298448460,0,1 RHO mem=True nz=True ynz=True cond=True claim_agree=True upper=0.907158791068  CERT
298448460,0,1 T   mem=True nz=True ynz=True cond=True claim_agree=True upper=1953.39930804  CERT
312266075,0,1 RHO mem=True nz=True ynz=True cond=True claim_agree=True upper=0.942817919879  CERT
312266075,0,1 T   mem=True nz=True ynz=True cond=True claim_agree=True upper=2413.84703577  CERT
382897178,0,1 RHO mem=True nz=True ynz=True cond=True claim_agree=True upper=0.937712430896  CERT
382897178,0,1 T   mem=True nz=True ynz=True cond=True claim_agree=True upper=2113.80003337  CERT
384594608,0,1 RHO mem=True nz=True ynz=True cond=True claim_agree=True upper=0.931897215892  CERT
384594608,0,1 T   mem=True nz=True ynz=True cond=True claim_agree=True upper=2263.40998275  CERT
453930447,0,1 RHO mem=True nz=True ynz=True cond=True claim_agree=True upper=0.887089842509  CERT
453930447,0,1 T   mem=True nz=True ynz=True cond=True claim_agree=True upper=2023.71973729  CERT
458966157,0,1 RHO mem=True nz=True ynz=True cond=True claim_agree=True upper=0.958630673098  CERT
458966157,0,1 T   mem=True nz=True ynz=True cond=True claim_agree=True upper=2378.80706699  CERT
460965409,0,1 RHO mem=True nz=True ynz=True cond=True claim_agree=True upper=0.957480539989  CERT
460965409,0,1 T   mem=True nz=True ynz=True cond=True claim_agree=True upper=2532.97495036  CERT
481596861,0,1 RHO mem=True nz=True ynz=True cond=True claim_agree=True upper=0.957480539989  CERT
481596861,0,1 T   mem=True nz=True ynz=True cond=True claim_agree=True upper=2708.20166423  CERT
483867596,0,1 RHO mem=True nz=True ynz=True cond=True claim_agree=True upper=0.940256104022  CERT
483867596,0,1 T   mem=True nz=True ynz=True cond=True claim_agree=True upper=2009.92312496  CERT
517149557,0,1 RHO mem=True nz=True ynz=True cond=True claim_agree=True upper=0.914907048653  CERT
517149557,0,1 T   mem=True nz=True ynz=True cond=True claim_agree=True upper=3006.77360705  CERT
519420292,0,1 RHO mem=True nz=True ynz=True cond=True claim_agree=True upper=0.898538703872  CERT
519420292,0,1 T   mem=True nz=True ynz=True cond=True claim_agree=True upper=2452.91081066  CERT
540051744,0,1 RHO mem=True nz=True ynz=True cond=True claim_agree=True upper=0.898538703872  CERT
540051744,0,1 T   mem=True nz=True ynz=True cond=True claim_agree=True upper=1822.48182268  CERT
542050996,0,1 RHO mem=True nz=True ynz=True cond=True claim_agree=True upper=0.907158791068  CERT
542050996,0,1 T   mem=True nz=True ynz=True cond=True claim_agree=True upper=1892.93541123  CERT
547086706,0,1 RHO mem=True nz=True ynz=True cond=True claim_agree=True upper=0.931897215892  CERT
547086706,0,1 T   mem=True nz=True ynz=True cond=True claim_agree=True upper=2349.40576578  CERT
616422545,0,1 RHO mem=True nz=True ynz=True cond=True claim_agree=True upper=0.887089842509  CERT
616422545,0,1 T   mem=True nz=True ynz=True cond=True claim_agree=True upper=2285.01452296  CERT
618119975,0,1 RHO mem=True nz=True ynz=True cond=True claim_agree=True upper=0.927621334354  CERT
618119975,0,1 T   mem=True nz=True ynz=True cond=True claim_agree=True upper=2097.43987457  CERT
688751078,0,1 RHO mem=True nz=True ynz=True cond=True claim_agree=True upper=0.914495988440  CERT
688751078,0,1 T   mem=True nz=True ynz=True cond=True claim_agree=True upper=2655.68053373  CERT
702568693,0,1 RHO mem=True nz=True ynz=True cond=True claim_agree=True upper=0.958630673098  CERT
702568693,0,1 T   mem=True nz=True ynz=True cond=True claim_agree=True upper=2464.45280380  CERT
740354591,0,1 RHO mem=True nz=True ynz=True cond=True claim_agree=True upper=0.942817919879  CERT
740354591,0,1 T   mem=True nz=True ynz=True cond=True claim_agree=True upper=2619.13636612  CERT
765107042,0,1 RHO mem=True nz=True ynz=True cond=True claim_agree=True upper=0.940256104022  CERT
765107042,0,1 T   mem=True nz=True ynz=True cond=True claim_agree=True upper=2253.64578548  CERT
773197773,0,1 RHO mem=True nz=True ynz=True cond=True claim_agree=True upper=0.941538141242  CERT
773197773,0,1 T   mem=True nz=True ynz=True cond=True claim_agree=True upper=2724.41669384  CERT
887130017,0,1 RHO mem=True nz=True ynz=True cond=True claim_agree=True upper=0.937712430896  CERT
887130017,0,1 T   mem=True nz=True ynz=True cond=True claim_agree=True upper=2076.76972426  CERT
910505557,0,1 RHO mem=True nz=True ynz=True cond=True claim_agree=True upper=0.941538141242  CERT
910505557,0,1 T   mem=True nz=True ynz=True cond=True claim_agree=True upper=2588.56588125  CERT
939387317,0,1 RHO mem=True nz=True ynz=True cond=True claim_agree=True upper=0.945054849387  CERT
939387317,0,1 T   mem=True nz=True ynz=True cond=True claim_agree=True upper=2106.75974309  CERT
963393020,0,1 RHO mem=True nz=True ynz=True cond=True claim_agree=True upper=0.939148297630  CERT
963393020,0,1 T   mem=True nz=True ynz=True cond=True claim_agree=True upper=3040.72745021  CERT
FAMILY VERIFY n=7 l=1001017153 : EXCLUDED (components certified 32 / 32 ; lines 64 ; failed lines 0)
FAMILY VERIFY PASS
