FACTORIZATION: 32 irreducible factors of degree 2 over F_1000564289: OK
23566082,0,1 RHO mem=True nz=True ynz=True cond=True claim_agree=True upper=0.877279634711  CERT
23566082,0,1 T   mem=True nz=True ynz=True cond=True claim_agree=True upper=1363.42400548  CERT
49783356,0,1 RHO mem=True nz=True ynz=True cond=True claim_agree=True upper=0.881847894113  CERT
49783356,0,1 T   mem=True nz=True ynz=True cond=True claim_agree=True upper=1516.02982569  CERT
59850961,0,1 RHO mem=True nz=True ynz=True cond=True claim_agree=True upper=0.900728983470  CERT
59850961,0,1 T   mem=True nz=True ynz=True cond=True claim_agree=True upper=2192.73008977  CERT
95084496,0,1 RHO mem=True nz=True ynz=True cond=True claim_agree=True upper=0.855834329642  CERT
95084496,0,1 T   mem=True nz=True ynz=True cond=True claim_agree=True upper=1833.89337310  CERT
125113055,0,1 RHO mem=True nz=True ynz=True cond=True claim_agree=True upper=0.886599003370  CERT
125113055,0,1 T   mem=True nz=True ynz=True cond=True claim_agree=True upper=2008.90261032  CERT
130183321,0,1 RHO mem=True nz=True ynz=True cond=True claim_agree=True upper=0.858851145255  CERT
130183321,0,1 T   mem=True nz=True ynz=True cond=True claim_agree=True upper=2122.44458660  CERT
139332651,0,1 RHO mem=True nz=True ynz=True cond=True claim_agree=True upper=0.900728983470  CERT
139332651,0,1 T   mem=True nz=True ynz=True cond=True claim_agree=True upper=2663.99146594  CERT
176448539,0,1 RHO mem=True nz=True ynz=True cond=True claim_agree=True upper=0.900088129460  CERT
176448539,0,1 T   mem=True nz=True ynz=True cond=True claim_agree=True upper=1777.55242636  CERT
215012898,0,1 RHO mem=True nz=True ynz=True cond=True claim_agree=True upper=0.855834329642  CERT
215012898,0,1 T   mem=True nz=True ynz=True cond=True claim_agree=True upper=2074.55187303  CERT
228239369,0,1 RHO mem=True nz=True ynz=True cond=True claim_agree=True upper=0.875534225278  CERT
228239369,0,1 T   mem=True nz=True ynz=True cond=True claim_agree=True upper=3170.34560900  CERT
229577694,0,1 RHO mem=True nz=True ynz=True cond=True claim_agree=True upper=0.863511436571  CERT
229577694,0,1 T   mem=True nz=True ynz=True cond=True claim_agree=True upper=1323.26722791  CERT
270954567,0,1 RHO mem=True nz=True ynz=True cond=True claim_agree=True upper=0.899370412599  CERT
270954567,0,1 T   mem=True nz=True ynz=True cond=True claim_agree=True upper=2522.35440874  CERT
295226307,0,1 RHO mem=True nz=True ynz=True cond=True claim_agree=True upper=0.865796137065  CERT
295226307,0,1 T   mem=True nz=True ynz=True cond=True claim_agree=True upper=1520.77248264  CERT
348003802,0,1 RHO mem=True nz=True ynz=True cond=True claim_agree=True upper=0.876453465154  CERT
348003802,0,1 T   mem=True nz=True ynz=True cond=True claim_agree=True upper=1526.16982440  CERT
463140919,0,1 RHO mem=True nz=True ynz=True cond=True claim_agree=True upper=0.886599003370  CERT
463140919,0,1 T   mem=True nz=True ynz=True cond=True claim_agree=True upper=1399.45197270  CERT
486506091,0,1 RHO mem=True nz=True ynz=True cond=True claim_agree=True upper=0.874082587994  CERT
486506091,0,1 T   mem=True nz=True ynz=True cond=True claim_agree=True upper=2421.55784648  CERT
514058198,0,1 RHO mem=True nz=True ynz=True cond=True claim_agree=True upper=0.875534225278  CERT
514058198,0,1 T   mem=True nz=True ynz=True cond=True claim_agree=True upper=1954.72800354  CERT
537423370,0,1 RHO mem=True nz=True ynz=True cond=True claim_agree=True upper=0.849498395675  CERT
537423370,0,1 T   mem=True nz=True ynz=True cond=True claim_agree=True upper=1609.26389919  CERT
652560487,0,1 RHO mem=True nz=True ynz=True cond=True claim_agree=True upper=0.865796137065  CERT
652560487,0,1 T   mem=True nz=True ynz=True cond=True claim_agree=True upper=1451.29188908  CERT
705337982,0,1 RHO mem=True nz=True ynz=True cond=True claim_agree=True upper=0.876453465154  CERT
705337982,0,1 T   mem=True nz=True ynz=True cond=True claim_agree=True upper=1559.58373783  CERT
729609722,0,1 RHO mem=True nz=True ynz=True cond=True claim_agree=True upper=0.858851145255  CERT
729609722,0,1 T   mem=True nz=True ynz=True cond=True claim_agree=True upper=2372.29866374  CERT
770986595,0,1 RHO mem=True nz=True ynz=True cond=True claim_agree=True upper=0.900088129460  CERT
770986595,0,1 T   mem=True nz=True ynz=True cond=True claim_agree=True upper=2122.23986670  CERT
772324920,0,1 RHO mem=True nz=True ynz=True cond=True claim_agree=True upper=0.874082587994  CERT
772324920,0,1 T   mem=True nz=True ynz=True cond=True claim_agree=True upper=2305.33642599  CERT
785551391,0,1 RHO mem=True nz=True ynz=True cond=True claim_agree=True upper=0.889348122891  CERT
785551391,0,1 T   mem=True nz=True ynz=True cond=True claim_agree=True upper=1982.42933507  CERT
824115750,0,1 RHO mem=True nz=True ynz=True cond=True claim_agree=True upper=0.863511436571  CERT
824115750,0,1 T   mem=True nz=True ynz=True cond=True claim_agree=True upper=1371.99254946  CERT
861231638,0,1 RHO mem=True nz=True ynz=True cond=True claim_agree=True upper=0.862438916585  CERT
861231638,0,1 T   mem=True nz=True ynz=True cond=True claim_agree=True upper=2276.32265002  CERT
870380968,0,1 RHO mem=True nz=True ynz=True cond=True claim_agree=True upper=0.899370412599  CERT
870380968,0,1 T   mem=True nz=True ynz=True cond=True claim_agree=True upper=2235.64820583  CERT
875451234,0,1 RHO mem=True nz=True ynz=True cond=True claim_agree=True upper=0.849498395675  CERT
875451234,0,1 T   mem=True nz=True ynz=True cond=True claim_agree=True upper=1412.77255625  CERT
905479793,0,1 RHO mem=True nz=True ynz=True cond=True claim_agree=True upper=0.889348122891  CERT
905479793,0,1 T   mem=True nz=True ynz=True cond=True claim_agree=True upper=2040.66824960  CERT
940713328,0,1 RHO mem=True nz=True ynz=True cond=True claim_agree=True upper=0.862438916585  CERT
940713328,0,1 T   mem=True nz=True ynz=True cond=True claim_agree=True upper=2562.60246421  CERT
950780933,0,1 RHO mem=True nz=True ynz=True cond=True claim_agree=True upper=0.877279634711  CERT
950780933,0,1 T   mem=True nz=True ynz=True cond=True claim_agree=True upper=1569.63438938  CERT
976998207,0,1 RHO mem=True nz=True ynz=True cond=True claim_agree=True upper=0.881847894113  CERT
976998207,0,1 T   mem=True nz=True ynz=True cond=True claim_agree=True upper=1809.45307417  CERT
FAMILY VERIFY n=7 l=1000564289 : EXCLUDED (components certified 32 / 32 ; lines 64 ; failed lines 0)
FAMILY VERIFY PASS
