FACTORIZATION: 32 irreducible factors of degree 2 over F_1001075521: OK
52695435,0,1 RHO mem=True nz=True ynz=True cond=True claim_agree=True upper=0.929572756644  CERT
52695435,0,1 T   mem=True nz=True ynz=True cond=True claim_agree=True upper=2172.02947396  CERT
55959698,0,1 RHO mem=True nz=True ynz=True cond=True claim_agree=True upper=0.936558659499  CERT
55959698,0,1 T   mem=True nz=True ynz=True cond=True claim_agree=True upper=1978.01632175  CERT
64728758,0,1 RHO mem=True nz=True ynz=True cond=True claim_agree=True upper=0.945827889455  CERT
64728758,0,1 T   mem=True nz=True ynz=True cond=True claim_agree=True upper=2892.70662413  CERT
94041463,0,1 RHO mem=True nz=True ynz=True cond=True claim_agree=True upper=0.951275615125  CERT
94041463,0,1 T   mem=True nz=True ynz=True cond=True claim_agree=True upper=2185.59060598  CERT
100129640,0,1 RHO mem=True nz=True ynz=True cond=True claim_agree=True upper=0.957762633346  CERT
100129640,0,1 T   mem=True nz=True ynz=True cond=True claim_agree=True upper=2686.07903674  CERT
116229165,0,1 RHO mem=True nz=True ynz=True cond=True claim_agree=True upper=0.958362452167  CERT
116229165,0,1 T   mem=True nz=True ynz=True cond=True claim_agree=True upper=2511.22464869  CERT
176091235,0,1 RHO mem=True nz=True ynz=True cond=True claim_agree=True upper=0.957580408425  CERT
176091235,0,1 T   mem=True nz=True ynz=True cond=True claim_agree=True upper=2623.85126780  CERT
195302153,0,1 RHO mem=True nz=True ynz=True cond=True claim_agree=True upper=0.935469056044  CERT
195302153,0,1 T   mem=True nz=True ynz=True cond=True claim_agree=True upper=2433.37103739  CERT
209387489,0,1 RHO mem=True nz=True ynz=True cond=True claim_agree=True upper=0.928436174970  CERT
209387489,0,1 T   mem=True nz=True ynz=True cond=True claim_agree=True upper=2142.12799093  CERT
236806051,0,1 RHO mem=True nz=True ynz=True cond=True claim_agree=True upper=0.964448065260  CERT
236806051,0,1 T   mem=True nz=True ynz=True cond=True claim_agree=True upper=2103.77410370  CERT
244888201,0,1 RHO mem=True nz=True ynz=True cond=True claim_agree=True upper=0.955078379688  CERT
244888201,0,1 T   mem=True nz=True ynz=True cond=True claim_agree=True upper=2969.61571485  CERT
254776718,0,1 RHO mem=True nz=True ynz=True cond=True claim_agree=True upper=0.966827724733  CERT
254776718,0,1 T   mem=True nz=True ynz=True cond=True claim_agree=True upper=2936.13396342  CERT
287593282,0,1 RHO mem=True nz=True ynz=True cond=True claim_agree=True upper=0.964448065260  CERT
287593282,0,1 T   mem=True nz=True ynz=True cond=True claim_agree=True upper=2303.58713672  CERT
306435182,0,1 RHO mem=True nz=True ynz=True cond=True claim_agree=True upper=0.958588952332  CERT
306435182,0,1 T   mem=True nz=True ynz=True cond=True claim_agree=True upper=2353.34683239  CERT
363825950,0,1 RHO mem=True nz=True ynz=True cond=True claim_agree=True upper=0.929572756644  CERT
363825950,0,1 T   mem=True nz=True ynz=True cond=True claim_agree=True upper=1890.81646289  CERT
449980316,0,1 RHO mem=True nz=True ynz=True cond=True claim_agree=True upper=0.935469056044  CERT
449980316,0,1 T   mem=True nz=True ynz=True cond=True claim_agree=True upper=2292.17355733  CERT
551095205,0,1 RHO mem=True nz=True ynz=True cond=True claim_agree=True upper=0.939571017969  CERT
551095205,0,1 T   mem=True nz=True ynz=True cond=True claim_agree=True upper=2376.16750303  CERT
637249571,0,1 RHO mem=True nz=True ynz=True cond=True claim_agree=True upper=0.940924561151  CERT
637249571,0,1 T   mem=True nz=True ynz=True cond=True claim_agree=True upper=2397.93900241  CERT
694640339,0,1 RHO mem=True nz=True ynz=True cond=True claim_agree=True upper=0.936558659499  CERT
694640339,0,1 T   mem=True nz=True ynz=True cond=True claim_agree=True upper=2701.01158970  CERT
713482239,0,1 RHO mem=True nz=True ynz=True cond=True claim_agree=True upper=0.935366245436  CERT
713482239,0,1 T   mem=True nz=True ynz=True cond=True claim_agree=True upper=2286.55941781  CERT
746298803,0,1 RHO mem=True nz=True ynz=True cond=True claim_agree=True upper=0.928436174970  CERT
746298803,0,1 T   mem=True nz=True ynz=True cond=True claim_agree=True upper=2996.29694538  CERT
756187320,0,1 RHO mem=True nz=True ynz=True cond=True claim_agree=True upper=0.945827889455  CERT
756187320,0,1 T   mem=True nz=True ynz=True cond=True claim_agree=True upper=3104.36998464  CERT
764269470,0,1 RHO mem=True nz=True ynz=True cond=True claim_agree=True upper=0.935366245436  CERT
764269470,0,1 T   mem=True nz=True ynz=True cond=True claim_agree=True upper=2973.13155112  CERT
791688032,0,1 RHO mem=True nz=True ynz=True cond=True claim_agree=True upper=0.966827724733  CERT
791688032,0,1 T   mem=True nz=True ynz=True cond=True claim_agree=True upper=2973.17962322  CERT
805773368,0,1 RHO mem=True nz=True ynz=True cond=True claim_agree=True upper=0.939571017969  CERT
805773368,0,1 T   mem=True nz=True ynz=True cond=True claim_agree=True upper=2531.12670500  CERT
824984286,0,1 RHO mem=True nz=True ynz=True cond=True claim_agree=True upper=0.951275615125  CERT
824984286,0,1 T   mem=True nz=True ynz=True cond=True claim_agree=True upper=1914.30982796  CERT
884846356,0,1 RHO mem=True nz=True ynz=True cond=True claim_agree=True upper=0.957762633346  CERT
884846356,0,1 T   mem=True nz=True ynz=True cond=True claim_agree=True upper=2884.97505543  CERT
900945881,0,1 RHO mem=True nz=True ynz=True cond=True claim_agree=True upper=0.958362452167  CERT
900945881,0,1 T   mem=True nz=True ynz=True cond=True claim_agree=True upper=2639.34720543  CERT
907034058,0,1 RHO mem=True nz=True ynz=True cond=True claim_agree=True upper=0.957580408425  CERT
907034058,0,1 T   mem=True nz=True ynz=True cond=True claim_agree=True upper=2558.19829148  CERT
936346763,0,1 RHO mem=True nz=True ynz=True cond=True claim_agree=True upper=0.955078379688  CERT
936346763,0,1 T   mem=True nz=True ynz=True cond=True claim_agree=True upper=2378.04830759  CERT
945115823,0,1 RHO mem=True nz=True ynz=True cond=True claim_agree=True upper=0.958588952332  CERT
945115823,0,1 T   mem=True nz=True ynz=True cond=True claim_agree=True upper=2156.86346597  CERT
948380086,0,1 RHO mem=True nz=True ynz=True cond=True claim_agree=True upper=0.940924561151  CERT
948380086,0,1 T   mem=True nz=True ynz=True cond=True claim_agree=True upper=2135.94445984  CERT
FAMILY VERIFY n=7 l=1001075521 : EXCLUDED (components certified 32 / 32 ; lines 64 ; failed lines 0)
FAMILY VERIFY PASS
