FACTORIZATION: 32 irreducible factors of degree 2 over F_1001221057: OK
5089661,0,1 RHO mem=True nz=True ynz=True cond=True claim_agree=True upper=0.985843468571  CERT
5089661,0,1 T   mem=True nz=True ynz=True cond=True claim_agree=True upper=2576.12079177  CERT
19188415,0,1 RHO mem=True nz=True ynz=True cond=True claim_agree=True upper=0.970546679043  CERT
19188415,0,1 T   mem=True nz=True ynz=True cond=True claim_agree=True upper=3211.78973810  CERT
33132397,0,1 RHO mem=True nz=True ynz=True cond=True claim_agree=True upper=0.947637597732  CERT
33132397,0,1 T   mem=True nz=True ynz=True cond=True claim_agree=True upper=2191.30677083  CERT
59862204,0,1 RHO mem=True nz=True ynz=True cond=True claim_agree=True upper=0.966737699237  CERT
59862204,0,1 T   mem=True nz=True ynz=True cond=True claim_agree=True upper=2621.83809231  CERT
60461242,0,1 RHO mem=True nz=True ynz=True cond=True claim_agree=True upper=0.945799362715  CERT
60461242,0,1 T   mem=True nz=True ynz=True cond=True claim_agree=True upper=1947.47815404  CERT
79914267,0,1 RHO mem=True nz=True ynz=True cond=True claim_agree=True upper=0.925533430265  CERT
79914267,0,1 T   mem=True nz=True ynz=True cond=True claim_agree=True upper=2420.47006207  CERT
167968320,0,1 RHO mem=True nz=True ynz=True cond=True claim_agree=True upper=0.911160568193  CERT
167968320,0,1 T   mem=True nz=True ynz=True cond=True claim_agree=True upper=1445.09859813  CERT
172688694,0,1 RHO mem=True nz=True ynz=True cond=True claim_agree=True upper=0.970320042830  CERT
172688694,0,1 T   mem=True nz=True ynz=True cond=True claim_agree=True upper=2512.10501512  CERT
181614548,0,1 RHO mem=True nz=True ynz=True cond=True claim_agree=True upper=0.911160568193  CERT
181614548,0,1 T   mem=True nz=True ynz=True cond=True claim_agree=True upper=1871.48296164  CERT
182716030,0,1 RHO mem=True nz=True ynz=True cond=True claim_agree=True upper=0.947637597732  CERT
182716030,0,1 T   mem=True nz=True ynz=True cond=True claim_agree=True upper=1740.91394842  CERT
230495231,0,1 RHO mem=True nz=True ynz=True cond=True claim_agree=True upper=0.953055358247  CERT
230495231,0,1 T   mem=True nz=True ynz=True cond=True claim_agree=True upper=2305.52576441  CERT
264035795,0,1 RHO mem=True nz=True ynz=True cond=True claim_agree=True upper=0.907848299264  CERT
264035795,0,1 T   mem=True nz=True ynz=True cond=True claim_agree=True upper=2036.06470235  CERT
270606854,0,1 RHO mem=True nz=True ynz=True cond=True claim_agree=True upper=0.985776267807  CERT
270606854,0,1 T   mem=True nz=True ynz=True cond=True claim_agree=True upper=2701.13264357  CERT
440879759,0,1 RHO mem=True nz=True ynz=True cond=True claim_agree=True upper=0.946820470814  CERT
440879759,0,1 T   mem=True nz=True ynz=True cond=True claim_agree=True upper=2654.33541657  CERT
451317402,0,1 RHO mem=True nz=True ynz=True cond=True claim_agree=True upper=0.940837845544  CERT
451317402,0,1 T   mem=True nz=True ynz=True cond=True claim_agree=True upper=1889.03899170  CERT
474754420,0,1 RHO mem=True nz=True ynz=True cond=True claim_agree=True upper=0.946820470814  CERT
474754420,0,1 T   mem=True nz=True ynz=True cond=True claim_agree=True upper=2113.52151783  CERT
526466637,0,1 RHO mem=True nz=True ynz=True cond=True claim_agree=True upper=0.968479829040  CERT
526466637,0,1 T   mem=True nz=True ynz=True cond=True claim_agree=True upper=2702.63524118  CERT
549903655,0,1 RHO mem=True nz=True ynz=True cond=True claim_agree=True upper=0.985776267807  CERT
549903655,0,1 T   mem=True nz=True ynz=True cond=True claim_agree=True upper=2245.69408001  CERT
560341298,0,1 RHO mem=True nz=True ynz=True cond=True claim_agree=True upper=0.968479829040  CERT
560341298,0,1 T   mem=True nz=True ynz=True cond=True claim_agree=True upper=2573.22833346  CERT
730614203,0,1 RHO mem=True nz=True ynz=True cond=True claim_agree=True upper=0.940837845544  CERT
730614203,0,1 T   mem=True nz=True ynz=True cond=True claim_agree=True upper=2342.39051933  CERT
737185262,0,1 RHO mem=True nz=True ynz=True cond=True claim_agree=True upper=0.945799362715  CERT
737185262,0,1 T   mem=True nz=True ynz=True cond=True claim_agree=True upper=2457.46345600  CERT
770725826,0,1 RHO mem=True nz=True ynz=True cond=True claim_agree=True upper=0.966737699237  CERT
770725826,0,1 T   mem=True nz=True ynz=True cond=True claim_agree=True upper=2410.21202410  CERT
818505027,0,1 RHO mem=True nz=True ynz=True cond=True claim_agree=True upper=0.958508662700  CERT
818505027,0,1 T   mem=True nz=True ynz=True cond=True claim_agree=True upper=2657.74943727  CERT
819606509,0,1 RHO mem=True nz=True ynz=True cond=True claim_agree=True upper=0.927534015614  CERT
819606509,0,1 T   mem=True nz=True ynz=True cond=True claim_agree=True upper=2394.50267619  CERT
828532363,0,1 RHO mem=True nz=True ynz=True cond=True claim_agree=True upper=0.987578956664  CERT
828532363,0,1 T   mem=True nz=True ynz=True cond=True claim_agree=True upper=2522.40152308  CERT
833252737,0,1 RHO mem=True nz=True ynz=True cond=True claim_agree=True upper=0.927534015614  CERT
833252737,0,1 T   mem=True nz=True ynz=True cond=True claim_agree=True upper=2908.25691725  CERT
921306790,0,1 RHO mem=True nz=True ynz=True cond=True claim_agree=True upper=0.970546679043  CERT
921306790,0,1 T   mem=True nz=True ynz=True cond=True claim_agree=True upper=2170.03556813  CERT
940759815,0,1 RHO mem=True nz=True ynz=True cond=True claim_agree=True upper=0.907848299264  CERT
940759815,0,1 T   mem=True nz=True ynz=True cond=True claim_agree=True upper=1483.42475482  CERT
941358853,0,1 RHO mem=True nz=True ynz=True cond=True claim_agree=True upper=0.953055358247  CERT
941358853,0,1 T   mem=True nz=True ynz=True cond=True claim_agree=True upper=2377.84222043  CERT
968088660,0,1 RHO mem=True nz=True ynz=True cond=True claim_agree=True upper=0.958508662700  CERT
968088660,0,1 T   mem=True nz=True ynz=True cond=True claim_agree=True upper=2509.91652538  CERT
982032642,0,1 RHO mem=True nz=True ynz=True cond=True claim_agree=True upper=0.925533430265  CERT
982032642,0,1 T   mem=True nz=True ynz=True cond=True claim_agree=True upper=2423.74336302  CERT
996131396,0,1 RHO mem=True nz=True ynz=True cond=True claim_agree=True upper=0.970320042830  CERT
996131396,0,1 T   mem=True nz=True ynz=True cond=True claim_agree=True upper=2684.13182157  CERT
FAMILY VERIFY n=7 l=1001221057 : EXCLUDED (components certified 32 / 32 ; lines 64 ; failed lines 0)
FAMILY VERIFY PASS
