FACTORIZATION: 32 irreducible factors of degree 2 over F_1001096641: OK
33401300,0,1 RHO mem=True nz=True ynz=True cond=True claim_agree=True upper=0.898093934074  CERT
33401300,0,1 T   mem=True nz=True ynz=True cond=True claim_agree=True upper=2073.03060819  CERT
40238952,0,1 RHO mem=True nz=True ynz=True cond=True claim_agree=True upper=0.881062311893  CERT
40238952,0,1 T   mem=True nz=True ynz=True cond=True claim_agree=True upper=1735.08267460  CERT
40872857,0,1 RHO mem=True nz=True ynz=True cond=True claim_agree=True upper=0.912187764579  CERT
40872857,0,1 T   mem=True nz=True ynz=True cond=True claim_agree=True upper=2999.67899323  CERT
120639620,0,1 RHO mem=True nz=True ynz=True cond=True claim_agree=True upper=0.900011674200  CERT
120639620,0,1 T   mem=True nz=True ynz=True cond=True claim_agree=True upper=1726.68373258  CERT
153575877,0,1 RHO mem=True nz=True ynz=True cond=True claim_agree=True upper=0.938098335621  CERT
153575877,0,1 T   mem=True nz=True ynz=True cond=True claim_agree=True upper=2341.18622454  CERT
160627228,0,1 RHO mem=True nz=True ynz=True cond=True claim_agree=True upper=0.947319125819  CERT
160627228,0,1 T   mem=True nz=True ynz=True cond=True claim_agree=True upper=2907.75554303  CERT
193763272,0,1 RHO mem=True nz=True ynz=True cond=True claim_agree=True upper=0.912187764579  CERT
193763272,0,1 T   mem=True nz=True ynz=True cond=True claim_agree=True upper=1729.17925271  CERT
220397538,0,1 RHO mem=True nz=True ynz=True cond=True claim_agree=True upper=0.891901297700  CERT
220397538,0,1 T   mem=True nz=True ynz=True cond=True claim_agree=True upper=1461.05503946  CERT
245610551,0,1 RHO mem=True nz=True ynz=True cond=True claim_agree=True upper=0.931299045966  CERT
245610551,0,1 T   mem=True nz=True ynz=True cond=True claim_agree=True upper=1696.99339655  CERT
249767272,0,1 RHO mem=True nz=True ynz=True cond=True claim_agree=True upper=0.930934337111  CERT
249767272,0,1 T   mem=True nz=True ynz=True cond=True claim_agree=True upper=2017.68324729  CERT
268872528,0,1 RHO mem=True nz=True ynz=True cond=True claim_agree=True upper=0.880064324927  CERT
268872528,0,1 T   mem=True nz=True ynz=True cond=True claim_agree=True upper=1367.51451054  CERT
340095250,0,1 RHO mem=True nz=True ynz=True cond=True claim_agree=True upper=0.893327319081  CERT
340095250,0,1 T   mem=True nz=True ynz=True cond=True claim_agree=True upper=1381.96105990  CERT
417659337,0,1 RHO mem=True nz=True ynz=True cond=True claim_agree=True upper=0.890544211926  CERT
417659337,0,1 T   mem=True nz=True ynz=True cond=True claim_agree=True upper=1774.94239408  CERT
434861511,0,1 RHO mem=True nz=True ynz=True cond=True claim_agree=True upper=0.900011674200  CERT
434861511,0,1 T   mem=True nz=True ynz=True cond=True claim_agree=True upper=1638.02328747  CERT
441468869,0,1 RHO mem=True nz=True ynz=True cond=True claim_agree=True upper=0.930934337111  CERT
441468869,0,1 T   mem=True nz=True ynz=True cond=True claim_agree=True upper=1894.85918845  CERT
464353341,0,1 RHO mem=True nz=True ynz=True cond=True claim_agree=True upper=0.925030552162  CERT
464353341,0,1 T   mem=True nz=True ynz=True cond=True claim_agree=True upper=2733.55527434  CERT
536743300,0,1 RHO mem=True nz=True ynz=True cond=True claim_agree=True upper=0.880064324927  CERT
536743300,0,1 T   mem=True nz=True ynz=True cond=True claim_agree=True upper=1695.30721574  CERT
559627772,0,1 RHO mem=True nz=True ynz=True cond=True claim_agree=True upper=0.903330954480  CERT
559627772,0,1 T   mem=True nz=True ynz=True cond=True claim_agree=True upper=1699.32210883  CERT
566235130,0,1 RHO mem=True nz=True ynz=True cond=True claim_agree=True upper=0.896430904491  CERT
566235130,0,1 T   mem=True nz=True ynz=True cond=True claim_agree=True upper=1861.24681088  CERT
583437304,0,1 RHO mem=True nz=True ynz=True cond=True claim_agree=True upper=0.931299045966  CERT
583437304,0,1 T   mem=True nz=True ynz=True cond=True claim_agree=True upper=2505.99889073  CERT
661001391,0,1 RHO mem=True nz=True ynz=True cond=True claim_agree=True upper=0.938098335621  CERT
661001391,0,1 T   mem=True nz=True ynz=True cond=True claim_agree=True upper=2478.38536541  CERT
732224113,0,1 RHO mem=True nz=True ynz=True cond=True claim_agree=True upper=0.925030552162  CERT
732224113,0,1 T   mem=True nz=True ynz=True cond=True claim_agree=True upper=2018.28795182  CERT
751329369,0,1 RHO mem=True nz=True ynz=True cond=True claim_agree=True upper=0.903330954480  CERT
751329369,0,1 T   mem=True nz=True ynz=True cond=True claim_agree=True upper=2615.81508286  CERT
755486090,0,1 RHO mem=True nz=True ynz=True cond=True claim_agree=True upper=0.890544211926  CERT
755486090,0,1 T   mem=True nz=True ynz=True cond=True claim_agree=True upper=1984.92388035  CERT
780699103,0,1 RHO mem=True nz=True ynz=True cond=True claim_agree=True upper=0.947319125819  CERT
780699103,0,1 T   mem=True nz=True ynz=True cond=True claim_agree=True upper=2144.96009493  CERT
807333369,0,1 RHO mem=True nz=True ynz=True cond=True claim_agree=True upper=0.919902474403  CERT
807333369,0,1 T   mem=True nz=True ynz=True cond=True claim_agree=True upper=2100.67999968  CERT
840469413,0,1 RHO mem=True nz=True ynz=True cond=True claim_agree=True upper=0.891901297700  CERT
840469413,0,1 T   mem=True nz=True ynz=True cond=True claim_agree=True upper=2247.84004559  CERT
847520764,0,1 RHO mem=True nz=True ynz=True cond=True claim_agree=True upper=0.893327319081  CERT
847520764,0,1 T   mem=True nz=True ynz=True cond=True claim_agree=True upper=1924.32538068  CERT
880457021,0,1 RHO mem=True nz=True ynz=True cond=True claim_agree=True upper=0.896430904491  CERT
880457021,0,1 T   mem=True nz=True ynz=True cond=True claim_agree=True upper=1970.56292712  CERT
960223784,0,1 RHO mem=True nz=True ynz=True cond=True claim_agree=True upper=0.919902474403  CERT
960223784,0,1 T   mem=True nz=True ynz=True cond=True claim_agree=True upper=1800.93096958  CERT
960857689,0,1 RHO mem=True nz=True ynz=True cond=True claim_agree=True upper=0.898093934074  CERT
960857689,0,1 T   mem=True nz=True ynz=True cond=True claim_agree=True upper=2248.90031183  CERT
967695341,0,1 RHO mem=True nz=True ynz=True cond=True claim_agree=True upper=0.881062311893  CERT
967695341,0,1 T   mem=True nz=True ynz=True cond=True claim_agree=True upper=1444.21340964  CERT
FAMILY VERIFY n=7 l=1001096641 : EXCLUDED (components certified 32 / 32 ; lines 64 ; failed lines 0)
FAMILY VERIFY PASS
