FACTORIZATION: 32 irreducible factors of degree 2 over F_1000253377: OK
28206979,0,1 RHO mem=True nz=True ynz=True cond=True claim_agree=True upper=0.941267581688  CERT
28206979,0,1 T   mem=True nz=True ynz=True cond=True claim_agree=True upper=2645.70870893  CERT
110674503,0,1 RHO mem=True nz=True ynz=True cond=True claim_agree=True upper=0.963734675894  CERT
110674503,0,1 T   mem=True nz=True ynz=True cond=True claim_agree=True upper=2584.32366598  CERT
138948343,0,1 RHO mem=True nz=True ynz=True cond=True claim_agree=True upper=0.936914404915  CERT
138948343,0,1 T   mem=True nz=True ynz=True cond=True claim_agree=True upper=2643.12927986  CERT
150302367,0,1 RHO mem=True nz=True ynz=True cond=True claim_agree=True upper=0.938278227509  CERT
150302367,0,1 T   mem=True nz=True ynz=True cond=True claim_agree=True upper=2160.74132595  CERT
160614173,0,1 RHO mem=True nz=True ynz=True cond=True claim_agree=True upper=0.941026327857  CERT
160614173,0,1 T   mem=True nz=True ynz=True cond=True claim_agree=True upper=2691.70471078  CERT
164227518,0,1 RHO mem=True nz=True ynz=True cond=True claim_agree=True upper=0.967906673917  CERT
164227518,0,1 T   mem=True nz=True ynz=True cond=True claim_agree=True upper=3232.06814384  CERT
189313746,0,1 RHO mem=True nz=True ynz=True cond=True claim_agree=True upper=0.967906673917  CERT
189313746,0,1 T   mem=True nz=True ynz=True cond=True claim_agree=True upper=2273.81982722  CERT
192718390,0,1 RHO mem=True nz=True ynz=True cond=True claim_agree=True upper=0.935952292792  CERT
192718390,0,1 T   mem=True nz=True ynz=True cond=True claim_agree=True upper=3189.46557561  CERT
198927378,0,1 RHO mem=True nz=True ynz=True cond=True claim_agree=True upper=0.969156251740  CERT
198927378,0,1 T   mem=True nz=True ynz=True cond=True claim_agree=True upper=3212.00910532  CERT
248499883,0,1 RHO mem=True nz=True ynz=True cond=True claim_agree=True upper=0.963268924699  CERT
248499883,0,1 T   mem=True nz=True ynz=True cond=True claim_agree=True upper=2831.66789389  CERT
293422180,0,1 RHO mem=True nz=True ynz=True cond=True claim_agree=True upper=0.977119150916  CERT
293422180,0,1 T   mem=True nz=True ynz=True cond=True claim_agree=True upper=3967.62149990  CERT
304422866,0,1 RHO mem=True nz=True ynz=True cond=True claim_agree=True upper=0.948636019835  CERT
304422866,0,1 T   mem=True nz=True ynz=True cond=True claim_agree=True upper=2410.34031018  CERT
324195857,0,1 RHO mem=True nz=True ynz=True cond=True claim_agree=True upper=0.935952292792  CERT
324195857,0,1 T   mem=True nz=True ynz=True cond=True claim_agree=True upper=2474.69603475  CERT
333354911,0,1 RHO mem=True nz=True ynz=True cond=True claim_agree=True upper=0.962678137042  CERT
333354911,0,1 T   mem=True nz=True ynz=True cond=True claim_agree=True upper=2339.10574901  CERT
461225379,0,1 RHO mem=True nz=True ynz=True cond=True claim_agree=True upper=0.946415479255  CERT
461225379,0,1 T   mem=True nz=True ynz=True cond=True claim_agree=True upper=2378.96606135  CERT
466490219,0,1 RHO mem=True nz=True ynz=True cond=True claim_agree=True upper=0.981947004712  CERT
466490219,0,1 T   mem=True nz=True ynz=True cond=True claim_agree=True upper=2432.72560474  CERT
533763158,0,1 RHO mem=True nz=True ynz=True cond=True claim_agree=True upper=0.946415479255  CERT
533763158,0,1 T   mem=True nz=True ynz=True cond=True claim_agree=True upper=2480.70807667  CERT
539027998,0,1 RHO mem=True nz=True ynz=True cond=True claim_agree=True upper=0.981947004712  CERT
539027998,0,1 T   mem=True nz=True ynz=True cond=True claim_agree=True upper=2307.36136367  CERT
666898466,0,1 RHO mem=True nz=True ynz=True cond=True claim_agree=True upper=0.948636019835  CERT
666898466,0,1 T   mem=True nz=True ynz=True cond=True claim_agree=True upper=2558.98956782  CERT
676057520,0,1 RHO mem=True nz=True ynz=True cond=True claim_agree=True upper=0.986888409297  CERT
676057520,0,1 T   mem=True nz=True ynz=True cond=True claim_agree=True upper=2491.63922475  CERT
695830511,0,1 RHO mem=True nz=True ynz=True cond=True claim_agree=True upper=0.962678137042  CERT
695830511,0,1 T   mem=True nz=True ynz=True cond=True claim_agree=True upper=3090.66311803  CERT
706831197,0,1 RHO mem=True nz=True ynz=True cond=True claim_agree=True upper=0.942600394927  CERT
706831197,0,1 T   mem=True nz=True ynz=True cond=True claim_agree=True upper=2373.35883436  CERT
751753494,0,1 RHO mem=True nz=True ynz=True cond=True claim_agree=True upper=0.942600394927  CERT
751753494,0,1 T   mem=True nz=True ynz=True cond=True claim_agree=True upper=2157.19761879  CERT
801325999,0,1 RHO mem=True nz=True ynz=True cond=True claim_agree=True upper=0.941267581688  CERT
801325999,0,1 T   mem=True nz=True ynz=True cond=True claim_agree=True upper=2662.58983145  CERT
807534987,0,1 RHO mem=True nz=True ynz=True cond=True claim_agree=True upper=0.986888409297  CERT
807534987,0,1 T   mem=True nz=True ynz=True cond=True claim_agree=True upper=2323.44010692  CERT
810939631,0,1 RHO mem=True nz=True ynz=True cond=True claim_agree=True upper=0.985129118058  CERT
810939631,0,1 T   mem=True nz=True ynz=True cond=True claim_agree=True upper=3066.78177129  CERT
836025859,0,1 RHO mem=True nz=True ynz=True cond=True claim_agree=True upper=0.985129118058  CERT
836025859,0,1 T   mem=True nz=True ynz=True cond=True claim_agree=True upper=2377.90278954  CERT
839639204,0,1 RHO mem=True nz=True ynz=True cond=True claim_agree=True upper=0.936914404915  CERT
839639204,0,1 T   mem=True nz=True ynz=True cond=True claim_agree=True upper=2424.98120149  CERT
849951010,0,1 RHO mem=True nz=True ynz=True cond=True claim_agree=True upper=0.963734675894  CERT
849951010,0,1 T   mem=True nz=True ynz=True cond=True claim_agree=True upper=2562.34287199  CERT
861305034,0,1 RHO mem=True nz=True ynz=True cond=True claim_agree=True upper=0.941026327857  CERT
861305034,0,1 T   mem=True nz=True ynz=True cond=True claim_agree=True upper=2560.63598440  CERT
889578874,0,1 RHO mem=True nz=True ynz=True cond=True claim_agree=True upper=0.938278227509  CERT
889578874,0,1 T   mem=True nz=True ynz=True cond=True claim_agree=True upper=2649.45456046  CERT
972046398,0,1 RHO mem=True nz=True ynz=True cond=True claim_agree=True upper=0.969156251740  CERT
972046398,0,1 T   mem=True nz=True ynz=True cond=True claim_agree=True upper=2548.27901508  CERT
FAMILY VERIFY n=7 l=1000253377 : EXCLUDED (components certified 32 / 32 ; lines 64 ; failed lines 0)
FAMILY VERIFY PASS
