FACTORIZATION: 32 irreducible factors of degree 2 over F_1000926401: OK
45130804,0,1 RHO mem=True nz=True ynz=True cond=True claim_agree=True upper=0.964721911918  CERT
45130804,0,1 T   mem=True nz=True ynz=True cond=True claim_agree=True upper=2747.11492968  CERT
46230421,0,1 RHO mem=True nz=True ynz=True cond=True claim_agree=True upper=0.939071867589  CERT
46230421,0,1 T   mem=True nz=True ynz=True cond=True claim_agree=True upper=2148.24705156  CERT
84571113,0,1 RHO mem=True nz=True ynz=True cond=True claim_agree=True upper=0.960742416717  CERT
84571113,0,1 T   mem=True nz=True ynz=True cond=True claim_agree=True upper=2233.85710369  CERT
114535904,0,1 RHO mem=True nz=True ynz=True cond=True claim_agree=True upper=0.923039569967  CERT
114535904,0,1 T   mem=True nz=True ynz=True cond=True claim_agree=True upper=2101.25809256  CERT
160619351,0,1 RHO mem=True nz=True ynz=True cond=True claim_agree=True upper=0.948569529215  CERT
160619351,0,1 T   mem=True nz=True ynz=True cond=True claim_agree=True upper=2243.41270736  CERT
167120272,0,1 RHO mem=True nz=True ynz=True cond=True claim_agree=True upper=0.952419868869  CERT
167120272,0,1 T   mem=True nz=True ynz=True cond=True claim_agree=True upper=2942.28892493  CERT
183460980,0,1 RHO mem=True nz=True ynz=True cond=True claim_agree=True upper=0.960742416717  CERT
183460980,0,1 T   mem=True nz=True ynz=True cond=True claim_agree=True upper=2316.78359472  CERT
192538161,0,1 RHO mem=True nz=True ynz=True cond=True claim_agree=True upper=0.890985839779  CERT
192538161,0,1 T   mem=True nz=True ynz=True cond=True claim_agree=True upper=2333.97463676  CERT
244214820,0,1 RHO mem=True nz=True ynz=True cond=True claim_agree=True upper=0.963948112460  CERT
244214820,0,1 T   mem=True nz=True ynz=True cond=True claim_agree=True upper=3106.02095821  CERT
245108994,0,1 RHO mem=True nz=True ynz=True cond=True claim_agree=True upper=0.943857154098  CERT
245108994,0,1 T   mem=True nz=True ynz=True cond=True claim_agree=True upper=2413.48463738  CERT
253188526,0,1 RHO mem=True nz=True ynz=True cond=True claim_agree=True upper=0.947210271490  CERT
253188526,0,1 T   mem=True nz=True ynz=True cond=True claim_agree=True upper=2476.89429695  CERT
270465836,0,1 RHO mem=True nz=True ynz=True cond=True claim_agree=True upper=0.952504828854  CERT
270465836,0,1 T   mem=True nz=True ynz=True cond=True claim_agree=True upper=2213.15609114  CERT
319544471,0,1 RHO mem=True nz=True ynz=True cond=True claim_agree=True upper=0.960994546807  CERT
319544471,0,1 T   mem=True nz=True ynz=True cond=True claim_agree=True upper=2305.09922412  CERT
331472277,0,1 RHO mem=True nz=True ynz=True cond=True claim_agree=True upper=0.947210271490  CERT
331472277,0,1 T   mem=True nz=True ynz=True cond=True claim_agree=True upper=2384.16663792  CERT
345914341,0,1 RHO mem=True nz=True ynz=True cond=True claim_agree=True upper=0.949876711729  CERT
345914341,0,1 T   mem=True nz=True ynz=True cond=True claim_agree=True upper=2880.44530859  CERT
362083288,0,1 RHO mem=True nz=True ynz=True cond=True claim_agree=True upper=0.944468598323  CERT
362083288,0,1 T   mem=True nz=True ynz=True cond=True claim_agree=True upper=2053.61001841  CERT
638843113,0,1 RHO mem=True nz=True ynz=True cond=True claim_agree=True upper=0.923039569967  CERT
638843113,0,1 T   mem=True nz=True ynz=True cond=True claim_agree=True upper=2664.36995537  CERT
655012060,0,1 RHO mem=True nz=True ynz=True cond=True claim_agree=True upper=0.963948112460  CERT
655012060,0,1 T   mem=True nz=True ynz=True cond=True claim_agree=True upper=2309.69200739  CERT
669454124,0,1 RHO mem=True nz=True ynz=True cond=True claim_agree=True upper=0.929287567894  CERT
669454124,0,1 T   mem=True nz=True ynz=True cond=True claim_agree=True upper=2356.40808715  CERT
681381930,0,1 RHO mem=True nz=True ynz=True cond=True claim_agree=True upper=0.948569529215  CERT
681381930,0,1 T   mem=True nz=True ynz=True cond=True claim_agree=True upper=2071.72952506  CERT
730460565,0,1 RHO mem=True nz=True ynz=True cond=True claim_agree=True upper=0.890985839779  CERT
730460565,0,1 T   mem=True nz=True ynz=True cond=True claim_agree=True upper=1749.96550487  CERT
747737875,0,1 RHO mem=True nz=True ynz=True cond=True claim_agree=True upper=0.929287567894  CERT
747737875,0,1 T   mem=True nz=True ynz=True cond=True claim_agree=True upper=1714.70354457  CERT
755817407,0,1 RHO mem=True nz=True ynz=True cond=True claim_agree=True upper=0.952419868869  CERT
755817407,0,1 T   mem=True nz=True ynz=True cond=True claim_agree=True upper=2091.64068666  CERT
756711581,0,1 RHO mem=True nz=True ynz=True cond=True claim_agree=True upper=0.949876711729  CERT
756711581,0,1 T   mem=True nz=True ynz=True cond=True claim_agree=True upper=2990.99837563  CERT
808388240,0,1 RHO mem=True nz=True ynz=True cond=True claim_agree=True upper=0.952504828854  CERT
808388240,0,1 T   mem=True nz=True ynz=True cond=True claim_agree=True upper=2507.06808904  CERT
817465421,0,1 RHO mem=True nz=True ynz=True cond=True claim_agree=True upper=0.934758678735  CERT
817465421,0,1 T   mem=True nz=True ynz=True cond=True claim_agree=True upper=2477.09825755  CERT
833806129,0,1 RHO mem=True nz=True ynz=True cond=True claim_agree=True upper=0.943857154098  CERT
833806129,0,1 T   mem=True nz=True ynz=True cond=True claim_agree=True upper=2563.90783269  CERT
840307050,0,1 RHO mem=True nz=True ynz=True cond=True claim_agree=True upper=0.960994546807  CERT
840307050,0,1 T   mem=True nz=True ynz=True cond=True claim_agree=True upper=2364.00763883  CERT
886390497,0,1 RHO mem=True nz=True ynz=True cond=True claim_agree=True upper=0.944468598323  CERT
886390497,0,1 T   mem=True nz=True ynz=True cond=True claim_agree=True upper=3114.15796424  CERT
916355288,0,1 RHO mem=True nz=True ynz=True cond=True claim_agree=True upper=0.934758678735  CERT
916355288,0,1 T   mem=True nz=True ynz=True cond=True claim_agree=True upper=2177.76998398  CERT
954695980,0,1 RHO mem=True nz=True ynz=True cond=True claim_agree=True upper=0.964721911918  CERT
954695980,0,1 T   mem=True nz=True ynz=True cond=True claim_agree=True upper=2792.33654707  CERT
955795597,0,1 RHO mem=True nz=True ynz=True cond=True claim_agree=True upper=0.939071867589  CERT
955795597,0,1 T   mem=True nz=True ynz=True cond=True claim_agree=True upper=2668.14325663  CERT
FAMILY VERIFY n=7 l=1000926401 : EXCLUDED (components certified 32 / 32 ; lines 64 ; failed lines 0)
FAMILY VERIFY PASS
