FACTORIZATION: 32 irreducible factors of degree 2 over F_1000247873: OK
15923585,0,1 RHO mem=True nz=True ynz=True cond=True claim_agree=True upper=0.925566513530  CERT
15923585,0,1 T   mem=True nz=True ynz=True cond=True claim_agree=True upper=2014.23502102  CERT
76496227,0,1 RHO mem=True nz=True ynz=True cond=True claim_agree=True upper=0.937632855984  CERT
76496227,0,1 T   mem=True nz=True ynz=True cond=True claim_agree=True upper=2281.16838321  CERT
139345681,0,1 RHO mem=True nz=True ynz=True cond=True claim_agree=True upper=0.948465957076  CERT
139345681,0,1 T   mem=True nz=True ynz=True cond=True claim_agree=True upper=2427.81629322  CERT
146595675,0,1 RHO mem=True nz=True ynz=True cond=True claim_agree=True upper=0.954539144610  CERT
146595675,0,1 T   mem=True nz=True ynz=True cond=True claim_agree=True upper=3080.50929398  CERT
155728072,0,1 RHO mem=True nz=True ynz=True cond=True claim_agree=True upper=0.940371016739  CERT
155728072,0,1 T   mem=True nz=True ynz=True cond=True claim_agree=True upper=2821.29544438  CERT
160548216,0,1 RHO mem=True nz=True ynz=True cond=True claim_agree=True upper=0.964806396956  CERT
160548216,0,1 T   mem=True nz=True ynz=True cond=True claim_agree=True upper=3317.21043620  CERT
191524937,0,1 RHO mem=True nz=True ynz=True cond=True claim_agree=True upper=0.964806396956  CERT
191524937,0,1 T   mem=True nz=True ynz=True cond=True claim_agree=True upper=2689.00939852  CERT
223357473,0,1 RHO mem=True nz=True ynz=True cond=True claim_agree=True upper=0.936461726329  CERT
223357473,0,1 T   mem=True nz=True ynz=True cond=True claim_agree=True upper=2524.51016982  CERT
247224472,0,1 RHO mem=True nz=True ynz=True cond=True claim_agree=True upper=0.940327209786  CERT
247224472,0,1 T   mem=True nz=True ynz=True cond=True claim_agree=True upper=2518.00279120  CERT
277435085,0,1 RHO mem=True nz=True ynz=True cond=True claim_agree=True upper=0.937632855984  CERT
277435085,0,1 T   mem=True nz=True ynz=True cond=True claim_agree=True upper=2445.30879301  CERT
299381467,0,1 RHO mem=True nz=True ynz=True cond=True claim_agree=True upper=0.972205907569  CERT
299381467,0,1 T   mem=True nz=True ynz=True cond=True claim_agree=True upper=2178.13000307  CERT
349495489,0,1 RHO mem=True nz=True ynz=True cond=True claim_agree=True upper=0.947127785917  CERT
349495489,0,1 T   mem=True nz=True ynz=True cond=True claim_agree=True upper=2125.56841315  CERT
355875219,0,1 RHO mem=True nz=True ynz=True cond=True claim_agree=True upper=0.917008367481  CERT
355875219,0,1 T   mem=True nz=True ynz=True cond=True claim_agree=True upper=1901.76926752  CERT
364500139,0,1 RHO mem=True nz=True ynz=True cond=True claim_agree=True upper=0.972205907569  CERT
364500139,0,1 T   mem=True nz=True ynz=True cond=True claim_agree=True upper=2243.60437746  CERT
380843780,0,1 RHO mem=True nz=True ynz=True cond=True claim_agree=True upper=0.963502703639  CERT
380843780,0,1 T   mem=True nz=True ynz=True cond=True claim_agree=True upper=2971.34395422  CERT
418983854,0,1 RHO mem=True nz=True ynz=True cond=True claim_agree=True upper=0.970721574695  CERT
418983854,0,1 T   mem=True nz=True ynz=True cond=True claim_agree=True upper=2731.18598181  CERT
581264019,0,1 RHO mem=True nz=True ynz=True cond=True claim_agree=True upper=0.940327209786  CERT
581264019,0,1 T   mem=True nz=True ynz=True cond=True claim_agree=True upper=1950.47748419  CERT
619404093,0,1 RHO mem=True nz=True ynz=True cond=True claim_agree=True upper=0.917008367481  CERT
619404093,0,1 T   mem=True nz=True ynz=True cond=True claim_agree=True upper=2811.87886994  CERT
635747734,0,1 RHO mem=True nz=True ynz=True cond=True claim_agree=True upper=0.942491550764  CERT
635747734,0,1 T   mem=True nz=True ynz=True cond=True claim_agree=True upper=2229.41501095  CERT
644372654,0,1 RHO mem=True nz=True ynz=True cond=True claim_agree=True upper=0.963502703639  CERT
644372654,0,1 T   mem=True nz=True ynz=True cond=True claim_agree=True upper=2656.74711004  CERT
650752384,0,1 RHO mem=True nz=True ynz=True cond=True claim_agree=True upper=0.925566513530  CERT
650752384,0,1 T   mem=True nz=True ynz=True cond=True claim_agree=True upper=2001.21616378  CERT
700866406,0,1 RHO mem=True nz=True ynz=True cond=True claim_agree=True upper=0.942491550764  CERT
700866406,0,1 T   mem=True nz=True ynz=True cond=True claim_agree=True upper=2360.76193771  CERT
722812788,0,1 RHO mem=True nz=True ynz=True cond=True claim_agree=True upper=0.972618735545  CERT
722812788,0,1 T   mem=True nz=True ynz=True cond=True claim_agree=True upper=2446.19791752  CERT
753023401,0,1 RHO mem=True nz=True ynz=True cond=True claim_agree=True upper=0.970721574695  CERT
753023401,0,1 T   mem=True nz=True ynz=True cond=True claim_agree=True upper=2793.69790470  CERT
776890400,0,1 RHO mem=True nz=True ynz=True cond=True claim_agree=True upper=0.940371016739  CERT
776890400,0,1 T   mem=True nz=True ynz=True cond=True claim_agree=True upper=2469.62046619  CERT
808722936,0,1 RHO mem=True nz=True ynz=True cond=True claim_agree=True upper=0.940682812441  CERT
808722936,0,1 T   mem=True nz=True ynz=True cond=True claim_agree=True upper=2660.64370040  CERT
839699657,0,1 RHO mem=True nz=True ynz=True cond=True claim_agree=True upper=0.940682812441  CERT
839699657,0,1 T   mem=True nz=True ynz=True cond=True claim_agree=True upper=1911.42774128  CERT
844519801,0,1 RHO mem=True nz=True ynz=True cond=True claim_agree=True upper=0.936461726329  CERT
844519801,0,1 T   mem=True nz=True ynz=True cond=True claim_agree=True upper=2752.03148342  CERT
853652198,0,1 RHO mem=True nz=True ynz=True cond=True claim_agree=True upper=0.948465957076  CERT
853652198,0,1 T   mem=True nz=True ynz=True cond=True claim_agree=True upper=2162.60162548  CERT
860902192,0,1 RHO mem=True nz=True ynz=True cond=True claim_agree=True upper=0.954539144610  CERT
860902192,0,1 T   mem=True nz=True ynz=True cond=True claim_agree=True upper=2669.15731783  CERT
923751646,0,1 RHO mem=True nz=True ynz=True cond=True claim_agree=True upper=0.972618735545  CERT
923751646,0,1 T   mem=True nz=True ynz=True cond=True claim_agree=True upper=2322.81486616  CERT
984324288,0,1 RHO mem=True nz=True ynz=True cond=True claim_agree=True upper=0.947127785917  CERT
984324288,0,1 T   mem=True nz=True ynz=True cond=True claim_agree=True upper=3255.44350607  CERT
FAMILY VERIFY n=7 l=1000247873 : EXCLUDED (components certified 32 / 32 ; lines 64 ; failed lines 0)
FAMILY VERIFY PASS
