FACTORIZATION: 32 irreducible factors of degree 2 over F_1000370113: OK
64173650,0,1 RHO mem=True nz=True ynz=True cond=True claim_agree=True upper=0.944716964294  CERT
64173650,0,1 T   mem=True nz=True ynz=True cond=True claim_agree=True upper=2320.82191642  CERT
81337974,0,1 RHO mem=True nz=True ynz=True cond=True claim_agree=True upper=0.941588275415  CERT
81337974,0,1 T   mem=True nz=True ynz=True cond=True claim_agree=True upper=2395.11899491  CERT
100636438,0,1 RHO mem=True nz=True ynz=True cond=True claim_agree=True upper=0.978561894033  CERT
100636438,0,1 T   mem=True nz=True ynz=True cond=True claim_agree=True upper=2440.30807409  CERT
119386865,0,1 RHO mem=True nz=True ynz=True cond=True claim_agree=True upper=0.941588275415  CERT
119386865,0,1 T   mem=True nz=True ynz=True cond=True claim_agree=True upper=2383.86785216  CERT
203626653,0,1 RHO mem=True nz=True ynz=True cond=True claim_agree=True upper=0.940296825825  CERT
203626653,0,1 T   mem=True nz=True ynz=True cond=True claim_agree=True upper=2279.62364537  CERT
237359502,0,1 RHO mem=True nz=True ynz=True cond=True claim_agree=True upper=0.951902946310  CERT
237359502,0,1 T   mem=True nz=True ynz=True cond=True claim_agree=True upper=2231.93137916  CERT
292401433,0,1 RHO mem=True nz=True ynz=True cond=True claim_agree=True upper=0.955688583046  CERT
292401433,0,1 T   mem=True nz=True ynz=True cond=True claim_agree=True upper=2697.17137978  CERT
331038010,0,1 RHO mem=True nz=True ynz=True cond=True claim_agree=True upper=0.987682252093  CERT
331038010,0,1 T   mem=True nz=True ynz=True cond=True claim_agree=True upper=2433.89585964  CERT
350871924,0,1 RHO mem=True nz=True ynz=True cond=True claim_agree=True upper=0.957504157232  CERT
350871924,0,1 T   mem=True nz=True ynz=True cond=True claim_agree=True upper=2637.43194282  CERT
351706357,0,1 RHO mem=True nz=True ynz=True cond=True claim_agree=True upper=0.906889163950  CERT
351706357,0,1 T   mem=True nz=True ynz=True cond=True claim_agree=True upper=1990.95716122  CERT
357768921,0,1 RHO mem=True nz=True ynz=True cond=True claim_agree=True upper=0.978561894033  CERT
357768921,0,1 T   mem=True nz=True ynz=True cond=True claim_agree=True upper=2819.62458572  CERT
394957712,0,1 RHO mem=True nz=True ynz=True cond=True claim_agree=True upper=0.892196094121  CERT
394957712,0,1 T   mem=True nz=True ynz=True cond=True claim_agree=True upper=2209.00072175  CERT
401807867,0,1 RHO mem=True nz=True ynz=True cond=True claim_agree=True upper=0.957504157232  CERT
401807867,0,1 T   mem=True nz=True ynz=True cond=True claim_agree=True upper=2007.74093568  CERT
414622612,0,1 RHO mem=True nz=True ynz=True cond=True claim_agree=True upper=0.987682252093  CERT
414622612,0,1 T   mem=True nz=True ynz=True cond=True claim_agree=True upper=2732.08621167  CERT
486623821,0,1 RHO mem=True nz=True ynz=True cond=True claim_agree=True upper=0.944716964294  CERT
486623821,0,1 T   mem=True nz=True ynz=True cond=True claim_agree=True upper=2557.45236223  CERT
487277220,0,1 RHO mem=True nz=True ynz=True cond=True claim_agree=True upper=0.955688583046  CERT
487277220,0,1 T   mem=True nz=True ynz=True cond=True claim_agree=True upper=2767.00852650  CERT
513092893,0,1 RHO mem=True nz=True ynz=True cond=True claim_agree=True upper=0.956684222322  CERT
513092893,0,1 T   mem=True nz=True ynz=True cond=True claim_agree=True upper=2482.19264155  CERT
513746292,0,1 RHO mem=True nz=True ynz=True cond=True claim_agree=True upper=0.948587738511  CERT
513746292,0,1 T   mem=True nz=True ynz=True cond=True claim_agree=True upper=2743.96118353  CERT
585747501,0,1 RHO mem=True nz=True ynz=True cond=True claim_agree=True upper=0.887278705280  CERT
585747501,0,1 T   mem=True nz=True ynz=True cond=True claim_agree=True upper=2899.51649680  CERT
598562246,0,1 RHO mem=True nz=True ynz=True cond=True claim_agree=True upper=0.918606787319  CERT
598562246,0,1 T   mem=True nz=True ynz=True cond=True claim_agree=True upper=2196.81875804  CERT
605412401,0,1 RHO mem=True nz=True ynz=True cond=True claim_agree=True upper=0.906889163950  CERT
605412401,0,1 T   mem=True nz=True ynz=True cond=True claim_agree=True upper=2379.63766266  CERT
642601192,0,1 RHO mem=True nz=True ynz=True cond=True claim_agree=True upper=0.942288313264  CERT
642601192,0,1 T   mem=True nz=True ynz=True cond=True claim_agree=True upper=2215.95013254  CERT
648663756,0,1 RHO mem=True nz=True ynz=True cond=True claim_agree=True upper=0.892196094121  CERT
648663756,0,1 T   mem=True nz=True ynz=True cond=True claim_agree=True upper=1839.29979547  CERT
649498189,0,1 RHO mem=True nz=True ynz=True cond=True claim_agree=True upper=0.918606787319  CERT
649498189,0,1 T   mem=True nz=True ynz=True cond=True claim_agree=True upper=2112.13004147  CERT
669332103,0,1 RHO mem=True nz=True ynz=True cond=True claim_agree=True upper=0.887278705280  CERT
669332103,0,1 T   mem=True nz=True ynz=True cond=True claim_agree=True upper=1909.45081752  CERT
707968680,0,1 RHO mem=True nz=True ynz=True cond=True claim_agree=True upper=0.956684222322  CERT
707968680,0,1 T   mem=True nz=True ynz=True cond=True claim_agree=True upper=2023.19942779  CERT
763010611,0,1 RHO mem=True nz=True ynz=True cond=True claim_agree=True upper=0.940296825825  CERT
763010611,0,1 T   mem=True nz=True ynz=True cond=True claim_agree=True upper=2581.22000643  CERT
796743460,0,1 RHO mem=True nz=True ynz=True cond=True claim_agree=True upper=0.951902946310  CERT
796743460,0,1 T   mem=True nz=True ynz=True cond=True claim_agree=True upper=2130.21179929  CERT
880983248,0,1 RHO mem=True nz=True ynz=True cond=True claim_agree=True upper=0.952227679475  CERT
880983248,0,1 T   mem=True nz=True ynz=True cond=True claim_agree=True upper=2794.06279077  CERT
899733675,0,1 RHO mem=True nz=True ynz=True cond=True claim_agree=True upper=0.942288313264  CERT
899733675,0,1 T   mem=True nz=True ynz=True cond=True claim_agree=True upper=2384.79454179  CERT
919032139,0,1 RHO mem=True nz=True ynz=True cond=True claim_agree=True upper=0.952227679475  CERT
919032139,0,1 T   mem=True nz=True ynz=True cond=True claim_agree=True upper=1916.48727820  CERT
936196463,0,1 RHO mem=True nz=True ynz=True cond=True claim_agree=True upper=0.948587738511  CERT
936196463,0,1 T   mem=True nz=True ynz=True cond=True claim_agree=True upper=2068.88413651  CERT
FAMILY VERIFY n=7 l=1000370113 : EXCLUDED (components certified 32 / 32 ; lines 64 ; failed lines 0)
FAMILY VERIFY PASS
