FACTORIZATION: 32 irreducible factors of degree 2 over F_1000668353: OK
5852426,0,1 RHO mem=True nz=True ynz=True cond=True claim_agree=True upper=0.920456428832  CERT
5852426,0,1 T   mem=True nz=True ynz=True cond=True claim_agree=True upper=2217.55621833  CERT
10835926,0,1 RHO mem=True nz=True ynz=True cond=True claim_agree=True upper=0.898486512247  CERT
10835926,0,1 T   mem=True nz=True ynz=True cond=True claim_agree=True upper=2116.16747580  CERT
17578686,0,1 RHO mem=True nz=True ynz=True cond=True claim_agree=True upper=0.920908630684  CERT
17578686,0,1 T   mem=True nz=True ynz=True cond=True claim_agree=True upper=2384.13692548  CERT
97088372,0,1 RHO mem=True nz=True ynz=True cond=True claim_agree=True upper=0.911669544456  CERT
97088372,0,1 T   mem=True nz=True ynz=True cond=True claim_agree=True upper=2375.14173559  CERT
118765866,0,1 RHO mem=True nz=True ynz=True cond=True claim_agree=True upper=0.936459314348  CERT
118765866,0,1 T   mem=True nz=True ynz=True cond=True claim_agree=True upper=2301.58852203  CERT
145986097,0,1 RHO mem=True nz=True ynz=True cond=True claim_agree=True upper=0.931707023620  CERT
145986097,0,1 T   mem=True nz=True ynz=True cond=True claim_agree=True upper=2210.24575277  CERT
197474235,0,1 RHO mem=True nz=True ynz=True cond=True claim_agree=True upper=0.934811525240  CERT
197474235,0,1 T   mem=True nz=True ynz=True cond=True claim_agree=True upper=2596.19466982  CERT
210819415,0,1 RHO mem=True nz=True ynz=True cond=True claim_agree=True upper=0.911669544456  CERT
210819415,0,1 T   mem=True nz=True ynz=True cond=True claim_agree=True upper=2618.12875129  CERT
271914495,0,1 RHO mem=True nz=True ynz=True cond=True claim_agree=True upper=0.924515032941  CERT
271914495,0,1 T   mem=True nz=True ynz=True cond=True claim_agree=True upper=1869.67759827  CERT
323197971,0,1 RHO mem=True nz=True ynz=True cond=True claim_agree=True upper=0.934503458657  CERT
323197971,0,1 T   mem=True nz=True ynz=True cond=True claim_agree=True upper=2401.74309873  CERT
332373295,0,1 RHO mem=True nz=True ynz=True cond=True claim_agree=True upper=0.908793177645  CERT
332373295,0,1 T   mem=True nz=True ynz=True cond=True claim_agree=True upper=2609.75833726  CERT
346601807,0,1 RHO mem=True nz=True ynz=True cond=True claim_agree=True upper=0.915550020676  CERT
346601807,0,1 T   mem=True nz=True ynz=True cond=True claim_agree=True upper=2460.30749044  CERT
430297811,0,1 RHO mem=True nz=True ynz=True cond=True claim_agree=True upper=0.922092480917  CERT
430297811,0,1 T   mem=True nz=True ynz=True cond=True claim_agree=True upper=2302.37124680  CERT
440403415,0,1 RHO mem=True nz=True ynz=True cond=True claim_agree=True upper=0.956378780412  CERT
440403415,0,1 T   mem=True nz=True ynz=True cond=True claim_agree=True upper=2637.81747364  CERT
444038325,0,1 RHO mem=True nz=True ynz=True cond=True claim_agree=True upper=0.938779087743  CERT
444038325,0,1 T   mem=True nz=True ynz=True cond=True claim_agree=True upper=2785.62649118  CERT
493360101,0,1 RHO mem=True nz=True ynz=True cond=True claim_agree=True upper=0.920456428832  CERT
493360101,0,1 T   mem=True nz=True ynz=True cond=True claim_agree=True upper=2804.78161174  CERT
507308252,0,1 RHO mem=True nz=True ynz=True cond=True claim_agree=True upper=0.912155800766  CERT
507308252,0,1 T   mem=True nz=True ynz=True cond=True claim_agree=True upper=2528.50358836  CERT
556630028,0,1 RHO mem=True nz=True ynz=True cond=True claim_agree=True upper=0.915550020676  CERT
556630028,0,1 T   mem=True nz=True ynz=True cond=True claim_agree=True upper=2080.46247373  CERT
560264938,0,1 RHO mem=True nz=True ynz=True cond=True claim_agree=True upper=0.934503458657  CERT
560264938,0,1 T   mem=True nz=True ynz=True cond=True claim_agree=True upper=2256.32497001  CERT
570370542,0,1 RHO mem=True nz=True ynz=True cond=True claim_agree=True upper=0.936459314348  CERT
570370542,0,1 T   mem=True nz=True ynz=True cond=True claim_agree=True upper=2535.16915695  CERT
654066546,0,1 RHO mem=True nz=True ynz=True cond=True claim_agree=True upper=0.938779087743  CERT
654066546,0,1 T   mem=True nz=True ynz=True cond=True claim_agree=True upper=2940.27138050  CERT
668295058,0,1 RHO mem=True nz=True ynz=True cond=True claim_agree=True upper=0.931707023620  CERT
668295058,0,1 T   mem=True nz=True ynz=True cond=True claim_agree=True upper=2729.89269467  CERT
677470382,0,1 RHO mem=True nz=True ynz=True cond=True claim_agree=True upper=0.956378780412  CERT
677470382,0,1 T   mem=True nz=True ynz=True cond=True claim_agree=True upper=2572.00464533  CERT
728753858,0,1 RHO mem=True nz=True ynz=True cond=True claim_agree=True upper=0.920908630684  CERT
728753858,0,1 T   mem=True nz=True ynz=True cond=True claim_agree=True upper=2615.90038503  CERT
789848938,0,1 RHO mem=True nz=True ynz=True cond=True claim_agree=True upper=0.956830124553  CERT
789848938,0,1 T   mem=True nz=True ynz=True cond=True claim_agree=True upper=2673.59843712  CERT
803194118,0,1 RHO mem=True nz=True ynz=True cond=True claim_agree=True upper=0.898486512247  CERT
803194118,0,1 T   mem=True nz=True ynz=True cond=True claim_agree=True upper=2269.43720433  CERT
854682256,0,1 RHO mem=True nz=True ynz=True cond=True claim_agree=True upper=0.908793177645  CERT
854682256,0,1 T   mem=True nz=True ynz=True cond=True claim_agree=True upper=2249.27243885  CERT
881902487,0,1 RHO mem=True nz=True ynz=True cond=True claim_agree=True upper=0.922092480917  CERT
881902487,0,1 T   mem=True nz=True ynz=True cond=True claim_agree=True upper=2957.33907521  CERT
903579981,0,1 RHO mem=True nz=True ynz=True cond=True claim_agree=True upper=0.956830124553  CERT
903579981,0,1 T   mem=True nz=True ynz=True cond=True claim_agree=True upper=3117.13355716  CERT
983089667,0,1 RHO mem=True nz=True ynz=True cond=True claim_agree=True upper=0.924515032941  CERT
983089667,0,1 T   mem=True nz=True ynz=True cond=True claim_agree=True upper=2369.24252908  CERT
989832427,0,1 RHO mem=True nz=True ynz=True cond=True claim_agree=True upper=0.934811525240  CERT
989832427,0,1 T   mem=True nz=True ynz=True cond=True claim_agree=True upper=2934.29322044  CERT
994815927,0,1 RHO mem=True nz=True ynz=True cond=True claim_agree=True upper=0.912155800766  CERT
994815927,0,1 T   mem=True nz=True ynz=True cond=True claim_agree=True upper=2288.31428075  CERT
FAMILY VERIFY n=7 l=1000668353 : EXCLUDED (components certified 32 / 32 ; lines 64 ; failed lines 0)
FAMILY VERIFY PASS
