FACTORIZATION: 32 irreducible factors of degree 2 over F_1000841921: OK
11068826,0,1 RHO mem=True nz=True ynz=True cond=True claim_agree=True upper=0.922296358908  CERT
11068826,0,1 T   mem=True nz=True ynz=True cond=True claim_agree=True upper=2375.59835182  CERT
20987139,0,1 RHO mem=True nz=True ynz=True cond=True claim_agree=True upper=0.897250433550  CERT
20987139,0,1 T   mem=True nz=True ynz=True cond=True claim_agree=True upper=2263.23870960  CERT
63126631,0,1 RHO mem=True nz=True ynz=True cond=True claim_agree=True upper=0.923560414965  CERT
63126631,0,1 T   mem=True nz=True ynz=True cond=True claim_agree=True upper=1872.23946110  CERT
87404629,0,1 RHO mem=True nz=True ynz=True cond=True claim_agree=True upper=0.897250433550  CERT
87404629,0,1 T   mem=True nz=True ynz=True cond=True claim_agree=True upper=1968.68360466  CERT
111948851,0,1 RHO mem=True nz=True ynz=True cond=True claim_agree=True upper=0.942078607613  CERT
111948851,0,1 T   mem=True nz=True ynz=True cond=True claim_agree=True upper=2730.29586766  CERT
112335700,0,1 RHO mem=True nz=True ynz=True cond=True claim_agree=True upper=0.896062073935  CERT
112335700,0,1 T   mem=True nz=True ynz=True cond=True claim_agree=True upper=2013.19070573  CERT
167437780,0,1 RHO mem=True nz=True ynz=True cond=True claim_agree=True upper=0.942078607613  CERT
167437780,0,1 T   mem=True nz=True ynz=True cond=True claim_agree=True upper=2320.70545552  CERT
174698777,0,1 RHO mem=True nz=True ynz=True cond=True claim_agree=True upper=0.873876477349  CERT
174698777,0,1 T   mem=True nz=True ynz=True cond=True claim_agree=True upper=2617.00897416  CERT
182169753,0,1 RHO mem=True nz=True ynz=True cond=True claim_agree=True upper=0.922328560027  CERT
182169753,0,1 T   mem=True nz=True ynz=True cond=True claim_agree=True upper=2066.53586643  CERT
211316443,0,1 RHO mem=True nz=True ynz=True cond=True claim_agree=True upper=0.868061871708  CERT
211316443,0,1 T   mem=True nz=True ynz=True cond=True claim_agree=True upper=1800.51485538  CERT
261877131,0,1 RHO mem=True nz=True ynz=True cond=True claim_agree=True upper=0.868061871708  CERT
261877131,0,1 T   mem=True nz=True ynz=True cond=True claim_agree=True upper=1785.20618371  CERT
285764935,0,1 RHO mem=True nz=True ynz=True cond=True claim_agree=True upper=0.858886487909  CERT
285764935,0,1 T   mem=True nz=True ynz=True cond=True claim_agree=True upper=2839.58595813  CERT
348310408,0,1 RHO mem=True nz=True ynz=True cond=True claim_agree=True upper=0.873876477349  CERT
348310408,0,1 T   mem=True nz=True ynz=True cond=True claim_agree=True upper=2061.85884449  CERT
407863916,0,1 RHO mem=True nz=True ynz=True cond=True claim_agree=True upper=0.906596221971  CERT
407863916,0,1 T   mem=True nz=True ynz=True cond=True claim_agree=True upper=2231.39964277  CERT
449959375,0,1 RHO mem=True nz=True ynz=True cond=True claim_agree=True upper=0.907565965669  CERT
449959375,0,1 T   mem=True nz=True ynz=True cond=True claim_agree=True upper=2351.98574990  CERT
466702417,0,1 RHO mem=True nz=True ynz=True cond=True claim_agree=True upper=0.881155372297  CERT
466702417,0,1 T   mem=True nz=True ynz=True cond=True claim_agree=True upper=1849.64324514  CERT
534139504,0,1 RHO mem=True nz=True ynz=True cond=True claim_agree=True upper=0.923560414965  CERT
534139504,0,1 T   mem=True nz=True ynz=True cond=True claim_agree=True upper=2067.86591303  CERT
550882546,0,1 RHO mem=True nz=True ynz=True cond=True claim_agree=True upper=0.896062073935  CERT
550882546,0,1 T   mem=True nz=True ynz=True cond=True claim_agree=True upper=1860.65263105  CERT
592978005,0,1 RHO mem=True nz=True ynz=True cond=True claim_agree=True upper=0.922296358908  CERT
592978005,0,1 T   mem=True nz=True ynz=True cond=True claim_agree=True upper=2101.91388582  CERT
652531513,0,1 RHO mem=True nz=True ynz=True cond=True claim_agree=True upper=0.939672643622  CERT
652531513,0,1 T   mem=True nz=True ynz=True cond=True claim_agree=True upper=2399.87423675  CERT
715076986,0,1 RHO mem=True nz=True ynz=True cond=True claim_agree=True upper=0.922328560027  CERT
715076986,0,1 T   mem=True nz=True ynz=True cond=True claim_agree=True upper=2438.93401620  CERT
738964790,0,1 RHO mem=True nz=True ynz=True cond=True claim_agree=True upper=0.923155393393  CERT
738964790,0,1 T   mem=True nz=True ynz=True cond=True claim_agree=True upper=2041.92677131  CERT
789525478,0,1 RHO mem=True nz=True ynz=True cond=True claim_agree=True upper=0.923155393393  CERT
789525478,0,1 T   mem=True nz=True ynz=True cond=True claim_agree=True upper=2281.48948008  CERT
818672168,0,1 RHO mem=True nz=True ynz=True cond=True claim_agree=True upper=0.858886487909  CERT
818672168,0,1 T   mem=True nz=True ynz=True cond=True claim_agree=True upper=2028.03488671  CERT
826143144,0,1 RHO mem=True nz=True ynz=True cond=True claim_agree=True upper=0.939672643622  CERT
826143144,0,1 T   mem=True nz=True ynz=True cond=True claim_agree=True upper=2499.23738633  CERT
833404141,0,1 RHO mem=True nz=True ynz=True cond=True claim_agree=True upper=0.822355334966  CERT
833404141,0,1 T   mem=True nz=True ynz=True cond=True claim_agree=True upper=2032.16788524  CERT
888506221,0,1 RHO mem=True nz=True ynz=True cond=True claim_agree=True upper=0.907565965669  CERT
888506221,0,1 T   mem=True nz=True ynz=True cond=True claim_agree=True upper=2194.71628599  CERT
888893070,0,1 RHO mem=True nz=True ynz=True cond=True claim_agree=True upper=0.822355334966  CERT
888893070,0,1 T   mem=True nz=True ynz=True cond=True claim_agree=True upper=2443.40528689  CERT
913437292,0,1 RHO mem=True nz=True ynz=True cond=True claim_agree=True upper=0.896230897666  CERT
913437292,0,1 T   mem=True nz=True ynz=True cond=True claim_agree=True upper=2142.38637224  CERT
937715290,0,1 RHO mem=True nz=True ynz=True cond=True claim_agree=True upper=0.881155372297  CERT
937715290,0,1 T   mem=True nz=True ynz=True cond=True claim_agree=True upper=1697.81866044  CERT
979854782,0,1 RHO mem=True nz=True ynz=True cond=True claim_agree=True upper=0.896230897666  CERT
979854782,0,1 T   mem=True nz=True ynz=True cond=True claim_agree=True upper=2467.43624707  CERT
989773095,0,1 RHO mem=True nz=True ynz=True cond=True claim_agree=True upper=0.906596221971  CERT
989773095,0,1 T   mem=True nz=True ynz=True cond=True claim_agree=True upper=2505.00702505  CERT
FAMILY VERIFY n=7 l=1000841921 : EXCLUDED (components certified 32 / 32 ; lines 64 ; failed lines 0)
FAMILY VERIFY PASS
