FACTORIZATION: 32 irreducible factors of degree 2 over F_1000034881: OK
20646171,0,1 RHO mem=True nz=True ynz=True cond=True claim_agree=True upper=0.916032967197  CERT
20646171,0,1 T   mem=True nz=True ynz=True cond=True claim_agree=True upper=2061.88443971  CERT
100049709,0,1 RHO mem=True nz=True ynz=True cond=True claim_agree=True upper=0.955574666462  CERT
100049709,0,1 T   mem=True nz=True ynz=True cond=True claim_agree=True upper=2530.30676933  CERT
123523675,0,1 RHO mem=True nz=True ynz=True cond=True claim_agree=True upper=0.906014438702  CERT
123523675,0,1 T   mem=True nz=True ynz=True cond=True claim_agree=True upper=1809.49437886  CERT
164739908,0,1 RHO mem=True nz=True ynz=True cond=True claim_agree=True upper=0.902691314725  CERT
164739908,0,1 T   mem=True nz=True ynz=True cond=True claim_agree=True upper=2011.33091009  CERT
167708284,0,1 RHO mem=True nz=True ynz=True cond=True claim_agree=True upper=0.952457025231  CERT
167708284,0,1 T   mem=True nz=True ynz=True cond=True claim_agree=True upper=2466.04591876  CERT
200632689,0,1 RHO mem=True nz=True ynz=True cond=True claim_agree=True upper=0.898167173473  CERT
200632689,0,1 T   mem=True nz=True ynz=True cond=True claim_agree=True upper=1828.20932984  CERT
250352798,0,1 RHO mem=True nz=True ynz=True cond=True claim_agree=True upper=0.907882938002  CERT
250352798,0,1 T   mem=True nz=True ynz=True cond=True claim_agree=True upper=2726.76453850  CERT
255605216,0,1 RHO mem=True nz=True ynz=True cond=True claim_agree=True upper=0.889134593382  CERT
255605216,0,1 T   mem=True nz=True ynz=True cond=True claim_agree=True upper=1715.95641686  CERT
300199051,0,1 RHO mem=True nz=True ynz=True cond=True claim_agree=True upper=0.946864559865  CERT
300199051,0,1 T   mem=True nz=True ynz=True cond=True claim_agree=True upper=2777.09875877  CERT
333088003,0,1 RHO mem=True nz=True ynz=True cond=True claim_agree=True upper=0.916032967197  CERT
333088003,0,1 T   mem=True nz=True ynz=True cond=True claim_agree=True upper=1981.42569880  CERT
372299456,0,1 RHO mem=True nz=True ynz=True cond=True claim_agree=True upper=0.888124818696  CERT
372299456,0,1 T   mem=True nz=True ynz=True cond=True claim_agree=True upper=1754.31674727  CERT
413521362,0,1 RHO mem=True nz=True ynz=True cond=True claim_agree=True upper=0.902691314725  CERT
413521362,0,1 T   mem=True nz=True ynz=True cond=True claim_agree=True upper=1567.10099507  CERT
425023057,0,1 RHO mem=True nz=True ynz=True cond=True claim_agree=True upper=0.865732798549  CERT
425023057,0,1 T   mem=True nz=True ynz=True cond=True claim_agree=True upper=1706.76726716  CERT
443922399,0,1 RHO mem=True nz=True ynz=True cond=True claim_agree=True upper=0.888124818696  CERT
443922399,0,1 T   mem=True nz=True ynz=True cond=True claim_agree=True upper=2158.41566718  CERT
458638030,0,1 RHO mem=True nz=True ynz=True cond=True claim_agree=True upper=0.918975763624  CERT
458638030,0,1 T   mem=True nz=True ynz=True cond=True claim_agree=True upper=2645.01698962  CERT
484681640,0,1 RHO mem=True nz=True ynz=True cond=True claim_agree=True upper=0.918975763624  CERT
484681640,0,1 T   mem=True nz=True ynz=True cond=True claim_agree=True upper=1678.06055682  CERT
515353241,0,1 RHO mem=True nz=True ynz=True cond=True claim_agree=True upper=0.916576640525  CERT
515353241,0,1 T   mem=True nz=True ynz=True cond=True claim_agree=True upper=2038.26698980  CERT
541396851,0,1 RHO mem=True nz=True ynz=True cond=True claim_agree=True upper=0.916576640525  CERT
541396851,0,1 T   mem=True nz=True ynz=True cond=True claim_agree=True upper=2408.54958280  CERT
556112482,0,1 RHO mem=True nz=True ynz=True cond=True claim_agree=True upper=0.921342833931  CERT
556112482,0,1 T   mem=True nz=True ynz=True cond=True claim_agree=True upper=1640.38343454  CERT
575011824,0,1 RHO mem=True nz=True ynz=True cond=True claim_agree=True upper=0.946864559865  CERT
575011824,0,1 T   mem=True nz=True ynz=True cond=True claim_agree=True upper=2221.17483942  CERT
586513519,0,1 RHO mem=True nz=True ynz=True cond=True claim_agree=True upper=0.918255664840  CERT
586513519,0,1 T   mem=True nz=True ynz=True cond=True claim_agree=True upper=1521.56192423  CERT
627735425,0,1 RHO mem=True nz=True ynz=True cond=True claim_agree=True upper=0.921342833931  CERT
627735425,0,1 T   mem=True nz=True ynz=True cond=True claim_agree=True upper=2281.98850200  CERT
666946878,0,1 RHO mem=True nz=True ynz=True cond=True claim_agree=True upper=0.919849288686  CERT
666946878,0,1 T   mem=True nz=True ynz=True cond=True claim_agree=True upper=1965.35296638  CERT
699835830,0,1 RHO mem=True nz=True ynz=True cond=True claim_agree=True upper=0.865732798549  CERT
699835830,0,1 T   mem=True nz=True ynz=True cond=True claim_agree=True upper=1307.57150170  CERT
744429665,0,1 RHO mem=True nz=True ynz=True cond=True claim_agree=True upper=0.907882938002  CERT
744429665,0,1 T   mem=True nz=True ynz=True cond=True claim_agree=True upper=2207.85882773  CERT
749682083,0,1 RHO mem=True nz=True ynz=True cond=True claim_agree=True upper=0.889134593382  CERT
749682083,0,1 T   mem=True nz=True ynz=True cond=True claim_agree=True upper=2332.35150213  CERT
799402192,0,1 RHO mem=True nz=True ynz=True cond=True claim_agree=True upper=0.955574666462  CERT
799402192,0,1 T   mem=True nz=True ynz=True cond=True claim_agree=True upper=2258.03461564  CERT
832326597,0,1 RHO mem=True nz=True ynz=True cond=True claim_agree=True upper=0.906014438702  CERT
832326597,0,1 T   mem=True nz=True ynz=True cond=True claim_agree=True upper=2254.71644730  CERT
835294973,0,1 RHO mem=True nz=True ynz=True cond=True claim_agree=True upper=0.918255664840  CERT
835294973,0,1 T   mem=True nz=True ynz=True cond=True claim_agree=True upper=2793.47198142  CERT
876511206,0,1 RHO mem=True nz=True ynz=True cond=True claim_agree=True upper=0.952457025231  CERT
876511206,0,1 T   mem=True nz=True ynz=True cond=True claim_agree=True upper=2813.52811782  CERT
899985172,0,1 RHO mem=True nz=True ynz=True cond=True claim_agree=True upper=0.898167173473  CERT
899985172,0,1 T   mem=True nz=True ynz=True cond=True claim_agree=True upper=1374.79199876  CERT
979388710,0,1 RHO mem=True nz=True ynz=True cond=True claim_agree=True upper=0.919849288686  CERT
979388710,0,1 T   mem=True nz=True ynz=True cond=True claim_agree=True upper=2169.44438436  CERT
FAMILY VERIFY n=7 l=1000034881 : EXCLUDED (components certified 32 / 32 ; lines 64 ; failed lines 0)
FAMILY VERIFY PASS
