FACTORIZATION: 32 irreducible factors of degree 2 over F_1000982209: OK
13572491,0,1 RHO mem=True nz=True ynz=True cond=True claim_agree=True upper=0.955153678343  CERT
13572491,0,1 T   mem=True nz=True ynz=True cond=True claim_agree=True upper=2789.03710794  CERT
18621214,0,1 RHO mem=True nz=True ynz=True cond=True claim_agree=True upper=0.939638777966  CERT
18621214,0,1 T   mem=True nz=True ynz=True cond=True claim_agree=True upper=1824.42799259  CERT
25754354,0,1 RHO mem=True nz=True ynz=True cond=True claim_agree=True upper=0.964710928049  CERT
25754354,0,1 T   mem=True nz=True ynz=True cond=True claim_agree=True upper=3126.15873118  CERT
63178190,0,1 RHO mem=True nz=True ynz=True cond=True claim_agree=True upper=0.938108778813  CERT
63178190,0,1 T   mem=True nz=True ynz=True cond=True claim_agree=True upper=2325.05376322  CERT
92884098,0,1 RHO mem=True nz=True ynz=True cond=True claim_agree=True upper=0.938108778813  CERT
92884098,0,1 T   mem=True nz=True ynz=True cond=True claim_agree=True upper=2204.01601884  CERT
141747388,0,1 RHO mem=True nz=True ynz=True cond=True claim_agree=True upper=0.934703190065  CERT
141747388,0,1 T   mem=True nz=True ynz=True cond=True claim_agree=True upper=2165.42634117  CERT
155152561,0,1 RHO mem=True nz=True ynz=True cond=True claim_agree=True upper=0.962195792750  CERT
155152561,0,1 T   mem=True nz=True ynz=True cond=True claim_agree=True upper=2016.73560629  CERT
188662848,0,1 RHO mem=True nz=True ynz=True cond=True claim_agree=True upper=0.944331084205  CERT
188662848,0,1 T   mem=True nz=True ynz=True cond=True claim_agree=True upper=2164.44696844  CERT
197475310,0,1 RHO mem=True nz=True ynz=True cond=True claim_agree=True upper=0.940731310096  CERT
197475310,0,1 T   mem=True nz=True ynz=True cond=True claim_agree=True upper=2495.59069635  CERT
302177155,0,1 RHO mem=True nz=True ynz=True cond=True claim_agree=True upper=0.964710928049  CERT
302177155,0,1 T   mem=True nz=True ynz=True cond=True claim_agree=True upper=3226.76997188  CERT
331937654,0,1 RHO mem=True nz=True ynz=True cond=True claim_agree=True upper=0.940731310096  CERT
331937654,0,1 T   mem=True nz=True ynz=True cond=True claim_agree=True upper=1942.79689006  CERT
366434441,0,1 RHO mem=True nz=True ynz=True cond=True claim_agree=True upper=0.930093160970  CERT
366434441,0,1 T   mem=True nz=True ynz=True cond=True claim_agree=True upper=2286.45700057  CERT
366696884,0,1 RHO mem=True nz=True ynz=True cond=True claim_agree=True upper=0.915453116099  CERT
366696884,0,1 T   mem=True nz=True ynz=True cond=True claim_agree=True upper=2089.27235347  CERT
379242518,0,1 RHO mem=True nz=True ynz=True cond=True claim_agree=True upper=0.953278680109  CERT
379242518,0,1 T   mem=True nz=True ynz=True cond=True claim_agree=True upper=2298.88195415  CERT
440100281,0,1 RHO mem=True nz=True ynz=True cond=True claim_agree=True upper=0.951681274504  CERT
440100281,0,1 T   mem=True nz=True ynz=True cond=True claim_agree=True upper=2763.53506502  CERT
456492365,0,1 RHO mem=True nz=True ynz=True cond=True claim_agree=True upper=0.939638777966  CERT
456492365,0,1 T   mem=True nz=True ynz=True cond=True claim_agree=True upper=2386.74431745  CERT
544489844,0,1 RHO mem=True nz=True ynz=True cond=True claim_agree=True upper=0.929067614895  CERT
544489844,0,1 T   mem=True nz=True ynz=True cond=True claim_agree=True upper=2380.83057352  CERT
560881928,0,1 RHO mem=True nz=True ynz=True cond=True claim_agree=True upper=0.915453116099  CERT
560881928,0,1 T   mem=True nz=True ynz=True cond=True claim_agree=True upper=2270.64718256  CERT
621739691,0,1 RHO mem=True nz=True ynz=True cond=True claim_agree=True upper=0.962195792750  CERT
621739691,0,1 T   mem=True nz=True ynz=True cond=True claim_agree=True upper=2715.68203959  CERT
634285325,0,1 RHO mem=True nz=True ynz=True cond=True claim_agree=True upper=0.951681274504  CERT
634285325,0,1 T   mem=True nz=True ynz=True cond=True claim_agree=True upper=2859.30733545  CERT
634547768,0,1 RHO mem=True nz=True ynz=True cond=True claim_agree=True upper=0.955153678343  CERT
634547768,0,1 T   mem=True nz=True ynz=True cond=True claim_agree=True upper=2677.96573155  CERT
669044555,0,1 RHO mem=True nz=True ynz=True cond=True claim_agree=True upper=0.975995406512  CERT
669044555,0,1 T   mem=True nz=True ynz=True cond=True claim_agree=True upper=2053.63119750  CERT
698805054,0,1 RHO mem=True nz=True ynz=True cond=True claim_agree=True upper=0.952515985486  CERT
698805054,0,1 T   mem=True nz=True ynz=True cond=True claim_agree=True upper=2154.75288340  CERT
803506899,0,1 RHO mem=True nz=True ynz=True cond=True claim_agree=True upper=0.975995406512  CERT
803506899,0,1 T   mem=True nz=True ynz=True cond=True claim_agree=True upper=2830.66381138  CERT
812319361,0,1 RHO mem=True nz=True ynz=True cond=True claim_agree=True upper=0.934703190065  CERT
812319361,0,1 T   mem=True nz=True ynz=True cond=True claim_agree=True upper=2234.32620244  CERT
845829648,0,1 RHO mem=True nz=True ynz=True cond=True claim_agree=True upper=0.953278680109  CERT
845829648,0,1 T   mem=True nz=True ynz=True cond=True claim_agree=True upper=2886.30032589  CERT
859234821,0,1 RHO mem=True nz=True ynz=True cond=True claim_agree=True upper=0.944331084205  CERT
859234821,0,1 T   mem=True nz=True ynz=True cond=True claim_agree=True upper=2744.48718987  CERT
908098111,0,1 RHO mem=True nz=True ynz=True cond=True claim_agree=True upper=0.955028137868  CERT
908098111,0,1 T   mem=True nz=True ynz=True cond=True claim_agree=True upper=2372.57066683  CERT
937804019,0,1 RHO mem=True nz=True ynz=True cond=True claim_agree=True upper=0.955028137868  CERT
937804019,0,1 T   mem=True nz=True ynz=True cond=True claim_agree=True upper=2713.27602424  CERT
975227855,0,1 RHO mem=True nz=True ynz=True cond=True claim_agree=True upper=0.952515985486  CERT
975227855,0,1 T   mem=True nz=True ynz=True cond=True claim_agree=True upper=2371.10768943  CERT
982360995,0,1 RHO mem=True nz=True ynz=True cond=True claim_agree=True upper=0.929067614895  CERT
982360995,0,1 T   mem=True nz=True ynz=True cond=True claim_agree=True upper=2369.58076005  CERT
987409718,0,1 RHO mem=True nz=True ynz=True cond=True claim_agree=True upper=0.930093160970  CERT
987409718,0,1 T   mem=True nz=True ynz=True cond=True claim_agree=True upper=2637.46769504  CERT
FAMILY VERIFY n=7 l=1000982209 : EXCLUDED (components certified 32 / 32 ; lines 64 ; failed lines 0)
FAMILY VERIFY PASS
