FACTORIZATION: 32 irreducible factors of degree 2 over F_1000942529: OK
17067038,0,1 RHO mem=True nz=True ynz=True cond=True claim_agree=True upper=0.968997795247  CERT
17067038,0,1 T   mem=True nz=True ynz=True cond=True claim_agree=True upper=2317.65354623  CERT
26256316,0,1 RHO mem=True nz=True ynz=True cond=True claim_agree=True upper=0.954170847633  CERT
26256316,0,1 T   mem=True nz=True ynz=True cond=True claim_agree=True upper=2695.69808081  CERT
92389871,0,1 RHO mem=True nz=True ynz=True cond=True claim_agree=True upper=0.950340872019  CERT
92389871,0,1 T   mem=True nz=True ynz=True cond=True claim_agree=True upper=2146.59385966  CERT
99435632,0,1 RHO mem=True nz=True ynz=True cond=True claim_agree=True upper=0.972556206590  CERT
99435632,0,1 T   mem=True nz=True ynz=True cond=True claim_agree=True upper=3347.93048717  CERT
111827435,0,1 RHO mem=True nz=True ynz=True cond=True claim_agree=True upper=0.956342745484  CERT
111827435,0,1 T   mem=True nz=True ynz=True cond=True claim_agree=True upper=3381.17734296  CERT
161247336,0,1 RHO mem=True nz=True ynz=True cond=True claim_agree=True upper=0.968997795247  CERT
161247336,0,1 T   mem=True nz=True ynz=True cond=True claim_agree=True upper=2308.17257435  CERT
184081494,0,1 RHO mem=True nz=True ynz=True cond=True claim_agree=True upper=0.925097071485  CERT
184081494,0,1 T   mem=True nz=True ynz=True cond=True claim_agree=True upper=3172.77390316  CERT
248394504,0,1 RHO mem=True nz=True ynz=True cond=True claim_agree=True upper=0.925097071485  CERT
248394504,0,1 T   mem=True nz=True ynz=True cond=True claim_agree=True upper=1929.27815954  CERT
268153940,0,1 RHO mem=True nz=True ynz=True cond=True claim_agree=True upper=0.950117358645  CERT
268153940,0,1 T   mem=True nz=True ynz=True cond=True claim_agree=True upper=2630.06490423  CERT
296471831,0,1 RHO mem=True nz=True ynz=True cond=True claim_agree=True upper=0.971605612716  CERT
296471831,0,1 T   mem=True nz=True ynz=True cond=True claim_agree=True upper=3332.03432685  CERT
350708586,0,1 RHO mem=True nz=True ynz=True cond=True claim_agree=True upper=0.954372120939  CERT
350708586,0,1 T   mem=True nz=True ynz=True cond=True claim_agree=True upper=1956.25432994  CERT
353896688,0,1 RHO mem=True nz=True ynz=True cond=True claim_agree=True upper=0.968699997746  CERT
353896688,0,1 T   mem=True nz=True ynz=True cond=True claim_agree=True upper=3026.09294693  CERT
375709622,0,1 RHO mem=True nz=True ynz=True cond=True claim_agree=True upper=0.881512788391  CERT
375709622,0,1 T   mem=True nz=True ynz=True cond=True claim_agree=True upper=2625.66869333  CERT
377105477,0,1 RHO mem=True nz=True ynz=True cond=True claim_agree=True upper=0.975813358781  CERT
377105477,0,1 T   mem=True nz=True ynz=True cond=True claim_agree=True upper=2184.10102812  CERT
418661589,0,1 RHO mem=True nz=True ynz=True cond=True claim_agree=True upper=0.956342745484  CERT
418661589,0,1 T   mem=True nz=True ynz=True cond=True claim_agree=True upper=2508.85412936  CERT
424208509,0,1 RHO mem=True nz=True ynz=True cond=True claim_agree=True upper=0.952481085812  CERT
424208509,0,1 T   mem=True nz=True ynz=True cond=True claim_agree=True upper=2000.43514970  CERT
576734020,0,1 RHO mem=True nz=True ynz=True cond=True claim_agree=True upper=0.954372120939  CERT
576734020,0,1 T   mem=True nz=True ynz=True cond=True claim_agree=True upper=2920.29763618  CERT
582280940,0,1 RHO mem=True nz=True ynz=True cond=True claim_agree=True upper=0.952902339207  CERT
582280940,0,1 T   mem=True nz=True ynz=True cond=True claim_agree=True upper=2249.68146369  CERT
623837052,0,1 RHO mem=True nz=True ynz=True cond=True claim_agree=True upper=0.954170847633  CERT
623837052,0,1 T   mem=True nz=True ynz=True cond=True claim_agree=True upper=2364.63235578  CERT
625232907,0,1 RHO mem=True nz=True ynz=True cond=True claim_agree=True upper=0.972556206590  CERT
625232907,0,1 T   mem=True nz=True ynz=True cond=True claim_agree=True upper=2907.05281754  CERT
647045841,0,1 RHO mem=True nz=True ynz=True cond=True claim_agree=True upper=0.950340872019  CERT
647045841,0,1 T   mem=True nz=True ynz=True cond=True claim_agree=True upper=2634.48415534  CERT
650233943,0,1 RHO mem=True nz=True ynz=True cond=True claim_agree=True upper=0.952481085812  CERT
650233943,0,1 T   mem=True nz=True ynz=True cond=True claim_agree=True upper=2489.23093804  CERT
704470698,0,1 RHO mem=True nz=True ynz=True cond=True claim_agree=True upper=0.950117358645  CERT
704470698,0,1 T   mem=True nz=True ynz=True cond=True claim_agree=True upper=2991.47467417  CERT
732788589,0,1 RHO mem=True nz=True ynz=True cond=True claim_agree=True upper=0.971605612716  CERT
732788589,0,1 T   mem=True nz=True ynz=True cond=True claim_agree=True upper=3062.84071110  CERT
752548025,0,1 RHO mem=True nz=True ynz=True cond=True claim_agree=True upper=0.999735585930  CERT
752548025,0,1 T   mem=True nz=True ynz=True cond=True claim_agree=True upper=3138.40986105  CERT
816861035,0,1 RHO mem=True nz=True ynz=True cond=True claim_agree=True upper=0.999735585930  CERT
816861035,0,1 T   mem=True nz=True ynz=True cond=True claim_agree=True upper=3930.95512786  CERT
839695193,0,1 RHO mem=True nz=True ynz=True cond=True claim_agree=True upper=0.967152173300  CERT
839695193,0,1 T   mem=True nz=True ynz=True cond=True claim_agree=True upper=2801.49233001  CERT
889115094,0,1 RHO mem=True nz=True ynz=True cond=True claim_agree=True upper=0.952902339207  CERT
889115094,0,1 T   mem=True nz=True ynz=True cond=True claim_agree=True upper=2227.15962614  CERT
901506897,0,1 RHO mem=True nz=True ynz=True cond=True claim_agree=True upper=0.881512788391  CERT
901506897,0,1 T   mem=True nz=True ynz=True cond=True claim_agree=True upper=1676.56068088  CERT
908552658,0,1 RHO mem=True nz=True ynz=True cond=True claim_agree=True upper=0.968699997746  CERT
908552658,0,1 T   mem=True nz=True ynz=True cond=True claim_agree=True upper=2330.97461600  CERT
974686213,0,1 RHO mem=True nz=True ynz=True cond=True claim_agree=True upper=0.975813358781  CERT
974686213,0,1 T   mem=True nz=True ynz=True cond=True claim_agree=True upper=2770.72520473  CERT
983875491,0,1 RHO mem=True nz=True ynz=True cond=True claim_agree=True upper=0.967152173300  CERT
983875491,0,1 T   mem=True nz=True ynz=True cond=True claim_agree=True upper=2243.62566800  CERT
FAMILY VERIFY n=7 l=1000942529 : EXCLUDED (components certified 32 / 32 ; lines 64 ; failed lines 0)
FAMILY VERIFY PASS
