FACTORIZATION: 32 irreducible factors of degree 2 over F_1000970689: OK
4901452,0,1 RHO mem=True nz=True ynz=True cond=True claim_agree=True upper=0.946157139899  CERT
4901452,0,1 T   mem=True nz=True ynz=True cond=True claim_agree=True upper=2934.62587941  CERT
25647494,0,1 RHO mem=True nz=True ynz=True cond=True claim_agree=True upper=0.964183422732  CERT
25647494,0,1 T   mem=True nz=True ynz=True cond=True claim_agree=True upper=2595.52459029  CERT
90722356,0,1 RHO mem=True nz=True ynz=True cond=True claim_agree=True upper=0.950708824696  CERT
90722356,0,1 T   mem=True nz=True ynz=True cond=True claim_agree=True upper=2664.63120352  CERT
117470161,0,1 RHO mem=True nz=True ynz=True cond=True claim_agree=True upper=0.950708824696  CERT
117470161,0,1 T   mem=True nz=True ynz=True cond=True claim_agree=True upper=2462.82453921  CERT
125387335,0,1 RHO mem=True nz=True ynz=True cond=True claim_agree=True upper=0.934721266993  CERT
125387335,0,1 T   mem=True nz=True ynz=True cond=True claim_agree=True upper=3427.45631812  CERT
127771735,0,1 RHO mem=True nz=True ynz=True cond=True claim_agree=True upper=0.985416241917  CERT
127771735,0,1 T   mem=True nz=True ynz=True cond=True claim_agree=True upper=2763.97144205  CERT
173703487,0,1 RHO mem=True nz=True ynz=True cond=True claim_agree=True upper=0.934721266993  CERT
173703487,0,1 T   mem=True nz=True ynz=True cond=True claim_agree=True upper=2915.51935733  CERT
264123928,0,1 RHO mem=True nz=True ynz=True cond=True claim_agree=True upper=0.946953624934  CERT
264123928,0,1 T   mem=True nz=True ynz=True cond=True claim_agree=True upper=2978.61840358  CERT
270992570,0,1 RHO mem=True nz=True ynz=True cond=True claim_agree=True upper=0.937384658701  CERT
270992570,0,1 T   mem=True nz=True ynz=True cond=True claim_agree=True upper=2297.42301924  CERT
272963395,0,1 RHO mem=True nz=True ynz=True cond=True claim_agree=True upper=0.949464261750  CERT
272963395,0,1 T   mem=True nz=True ynz=True cond=True claim_agree=True upper=2223.10052220  CERT
288842584,0,1 RHO mem=True nz=True ynz=True cond=True claim_agree=True upper=0.953470555243  CERT
288842584,0,1 T   mem=True nz=True ynz=True cond=True claim_agree=True upper=2758.81435049  CERT
353288438,0,1 RHO mem=True nz=True ynz=True cond=True claim_agree=True upper=0.927202203408  CERT
353288438,0,1 T   mem=True nz=True ynz=True cond=True claim_agree=True upper=2370.54347788  CERT
363664646,0,1 RHO mem=True nz=True ynz=True cond=True claim_agree=True upper=0.927202203408  CERT
363664646,0,1 T   mem=True nz=True ynz=True cond=True claim_agree=True upper=2750.53497220  CERT
440852497,0,1 RHO mem=True nz=True ynz=True cond=True claim_agree=True upper=0.938929708584  CERT
440852497,0,1 T   mem=True nz=True ynz=True cond=True claim_agree=True upper=2600.00258416  CERT
449010988,0,1 RHO mem=True nz=True ynz=True cond=True claim_agree=True upper=0.964183422732  CERT
449010988,0,1 T   mem=True nz=True ynz=True cond=True claim_agree=True upper=2752.96058326  CERT
484672717,0,1 RHO mem=True nz=True ynz=True cond=True claim_agree=True upper=0.932918130087  CERT
484672717,0,1 T   mem=True nz=True ynz=True cond=True claim_agree=True upper=2664.99213421  CERT
516297972,0,1 RHO mem=True nz=True ynz=True cond=True claim_agree=True upper=0.953470555243  CERT
516297972,0,1 T   mem=True nz=True ynz=True cond=True claim_agree=True upper=2546.91122009  CERT
551959701,0,1 RHO mem=True nz=True ynz=True cond=True claim_agree=True upper=0.918504991981  CERT
551959701,0,1 T   mem=True nz=True ynz=True cond=True claim_agree=True upper=3147.92893389  CERT
560118192,0,1 RHO mem=True nz=True ynz=True cond=True claim_agree=True upper=0.985416241917  CERT
560118192,0,1 T   mem=True nz=True ynz=True cond=True claim_agree=True upper=2440.68133455  CERT
637306043,0,1 RHO mem=True nz=True ynz=True cond=True claim_agree=True upper=0.959613553331  CERT
637306043,0,1 T   mem=True nz=True ynz=True cond=True claim_agree=True upper=2009.22327765  CERT
647682251,0,1 RHO mem=True nz=True ynz=True cond=True claim_agree=True upper=0.959613553331  CERT
647682251,0,1 T   mem=True nz=True ynz=True cond=True claim_agree=True upper=1906.54655786  CERT
712128105,0,1 RHO mem=True nz=True ynz=True cond=True claim_agree=True upper=0.932918130087  CERT
712128105,0,1 T   mem=True nz=True ynz=True cond=True claim_agree=True upper=2942.63492975  CERT
728007294,0,1 RHO mem=True nz=True ynz=True cond=True claim_agree=True upper=0.946953624934  CERT
728007294,0,1 T   mem=True nz=True ynz=True cond=True claim_agree=True upper=3016.13090245  CERT
729978119,0,1 RHO mem=True nz=True ynz=True cond=True claim_agree=True upper=0.946157139899  CERT
729978119,0,1 T   mem=True nz=True ynz=True cond=True claim_agree=True upper=2435.07795624  CERT
736846761,0,1 RHO mem=True nz=True ynz=True cond=True claim_agree=True upper=0.949464261750  CERT
736846761,0,1 T   mem=True nz=True ynz=True cond=True claim_agree=True upper=1756.07639775  CERT
827267202,0,1 RHO mem=True nz=True ynz=True cond=True claim_agree=True upper=0.975526466766  CERT
827267202,0,1 T   mem=True nz=True ynz=True cond=True claim_agree=True upper=2761.17842694  CERT
873198954,0,1 RHO mem=True nz=True ynz=True cond=True claim_agree=True upper=0.938929708584  CERT
873198954,0,1 T   mem=True nz=True ynz=True cond=True claim_agree=True upper=2869.67887020  CERT
875583354,0,1 RHO mem=True nz=True ynz=True cond=True claim_agree=True upper=0.975526466766  CERT
875583354,0,1 T   mem=True nz=True ynz=True cond=True claim_agree=True upper=2596.35886024  CERT
883500528,0,1 RHO mem=True nz=True ynz=True cond=True claim_agree=True upper=0.947385337748  CERT
883500528,0,1 T   mem=True nz=True ynz=True cond=True claim_agree=True upper=2883.90046342  CERT
910248333,0,1 RHO mem=True nz=True ynz=True cond=True claim_agree=True upper=0.947385337748  CERT
910248333,0,1 T   mem=True nz=True ynz=True cond=True claim_agree=True upper=2656.81611821  CERT
975323195,0,1 RHO mem=True nz=True ynz=True cond=True claim_agree=True upper=0.918504991981  CERT
975323195,0,1 T   mem=True nz=True ynz=True cond=True claim_agree=True upper=2370.34519152  CERT
996069237,0,1 RHO mem=True nz=True ynz=True cond=True claim_agree=True upper=0.937384658701  CERT
996069237,0,1 T   mem=True nz=True ynz=True cond=True claim_agree=True upper=2469.20488565  CERT
FAMILY VERIFY n=7 l=1000970689 : EXCLUDED (components certified 32 / 32 ; lines 64 ; failed lines 0)
FAMILY VERIFY PASS
