FACTORIZATION: 32 irreducible factors of degree 2 over F_1000266433: OK
31003406,0,1 RHO mem=True nz=True ynz=True cond=True claim_agree=True upper=0.950342230381  CERT
31003406,0,1 T   mem=True nz=True ynz=True cond=True claim_agree=True upper=1861.50649616  CERT
44093187,0,1 RHO mem=True nz=True ynz=True cond=True claim_agree=True upper=0.949650911958  CERT
44093187,0,1 T   mem=True nz=True ynz=True cond=True claim_agree=True upper=3437.52884734  CERT
66466632,0,1 RHO mem=True nz=True ynz=True cond=True claim_agree=True upper=0.905603187924  CERT
66466632,0,1 T   mem=True nz=True ynz=True cond=True claim_agree=True upper=2474.32525890  CERT
174605643,0,1 RHO mem=True nz=True ynz=True cond=True claim_agree=True upper=0.884770708603  CERT
174605643,0,1 T   mem=True nz=True ynz=True cond=True claim_agree=True upper=2660.53145781  CERT
178931227,0,1 RHO mem=True nz=True ynz=True cond=True claim_agree=True upper=0.968224392069  CERT
178931227,0,1 T   mem=True nz=True ynz=True cond=True claim_agree=True upper=2795.50194204  CERT
243564155,0,1 RHO mem=True nz=True ynz=True cond=True claim_agree=True upper=0.906472617035  CERT
243564155,0,1 T   mem=True nz=True ynz=True cond=True claim_agree=True upper=2486.92973832  CERT
247568694,0,1 RHO mem=True nz=True ynz=True cond=True claim_agree=True upper=0.884770708603  CERT
247568694,0,1 T   mem=True nz=True ynz=True cond=True claim_agree=True upper=3123.19507075  CERT
259119810,0,1 RHO mem=True nz=True ynz=True cond=True claim_agree=True upper=0.927948309935  CERT
259119810,0,1 T   mem=True nz=True ynz=True cond=True claim_agree=True upper=2594.70114210  CERT
289181097,0,1 RHO mem=True nz=True ynz=True cond=True claim_agree=True upper=0.968224392069  CERT
289181097,0,1 T   mem=True nz=True ynz=True cond=True claim_agree=True upper=2798.06733492  CERT
301446717,0,1 RHO mem=True nz=True ynz=True cond=True claim_agree=True upper=0.949451382947  CERT
301446717,0,1 T   mem=True nz=True ynz=True cond=True claim_agree=True upper=2745.25237392  CERT
337882339,0,1 RHO mem=True nz=True ynz=True cond=True claim_agree=True upper=0.846668954096  CERT
337882339,0,1 T   mem=True nz=True ynz=True cond=True claim_agree=True upper=2623.58703121  CERT
347788559,0,1 RHO mem=True nz=True ynz=True cond=True claim_agree=True upper=0.949451382947  CERT
347788559,0,1 T   mem=True nz=True ynz=True cond=True claim_agree=True upper=2184.42013895  CERT
393556340,0,1 RHO mem=True nz=True ynz=True cond=True claim_agree=True upper=0.954009810405  CERT
393556340,0,1 T   mem=True nz=True ynz=True cond=True claim_agree=True upper=2000.82915388  CERT
424146373,0,1 RHO mem=True nz=True ynz=True cond=True claim_agree=True upper=0.926592733468  CERT
424146373,0,1 T   mem=True nz=True ynz=True cond=True claim_agree=True upper=2831.97103681  CERT
440512376,0,1 RHO mem=True nz=True ynz=True cond=True claim_agree=True upper=0.926592733468  CERT
440512376,0,1 T   mem=True nz=True ynz=True cond=True claim_agree=True upper=2435.76086409  CERT
471372648,0,1 RHO mem=True nz=True ynz=True cond=True claim_agree=True upper=0.941889843993  CERT
471372648,0,1 T   mem=True nz=True ynz=True cond=True claim_agree=True upper=2428.52530554  CERT
528893785,0,1 RHO mem=True nz=True ynz=True cond=True claim_agree=True upper=0.927948309935  CERT
528893785,0,1 T   mem=True nz=True ynz=True cond=True claim_agree=True upper=2386.53052351  CERT
559754057,0,1 RHO mem=True nz=True ynz=True cond=True claim_agree=True upper=0.948813876141  CERT
559754057,0,1 T   mem=True nz=True ynz=True cond=True claim_agree=True upper=2405.72633766  CERT
576120060,0,1 RHO mem=True nz=True ynz=True cond=True claim_agree=True upper=0.948813876141  CERT
576120060,0,1 T   mem=True nz=True ynz=True cond=True claim_agree=True upper=2175.56438792  CERT
606710093,0,1 RHO mem=True nz=True ynz=True cond=True claim_agree=True upper=0.846668954096  CERT
606710093,0,1 T   mem=True nz=True ynz=True cond=True claim_agree=True upper=1648.15187819  CERT
652477874,0,1 RHO mem=True nz=True ynz=True cond=True claim_agree=True upper=0.906331731719  CERT
652477874,0,1 T   mem=True nz=True ynz=True cond=True claim_agree=True upper=2519.23517544  CERT
662384094,0,1 RHO mem=True nz=True ynz=True cond=True claim_agree=True upper=0.954009810405  CERT
662384094,0,1 T   mem=True nz=True ynz=True cond=True claim_agree=True upper=2378.88985760  CERT
698819716,0,1 RHO mem=True nz=True ynz=True cond=True claim_agree=True upper=0.906331731719  CERT
698819716,0,1 T   mem=True nz=True ynz=True cond=True claim_agree=True upper=2632.43160106  CERT
711085336,0,1 RHO mem=True nz=True ynz=True cond=True claim_agree=True upper=0.931608029402  CERT
711085336,0,1 T   mem=True nz=True ynz=True cond=True claim_agree=True upper=3354.18241306  CERT
741146623,0,1 RHO mem=True nz=True ynz=True cond=True claim_agree=True upper=0.941889843993  CERT
741146623,0,1 T   mem=True nz=True ynz=True cond=True claim_agree=True upper=2177.43856563  CERT
752697739,0,1 RHO mem=True nz=True ynz=True cond=True claim_agree=True upper=0.972849585249  CERT
752697739,0,1 T   mem=True nz=True ynz=True cond=True claim_agree=True upper=2444.19988421  CERT
756702278,0,1 RHO mem=True nz=True ynz=True cond=True claim_agree=True upper=0.950342230381  CERT
756702278,0,1 T   mem=True nz=True ynz=True cond=True claim_agree=True upper=2284.82056038  CERT
821335206,0,1 RHO mem=True nz=True ynz=True cond=True claim_agree=True upper=0.931608029402  CERT
821335206,0,1 T   mem=True nz=True ynz=True cond=True claim_agree=True upper=2415.09449439  CERT
825660790,0,1 RHO mem=True nz=True ynz=True cond=True claim_agree=True upper=0.972849585249  CERT
825660790,0,1 T   mem=True nz=True ynz=True cond=True claim_agree=True upper=1815.59047639  CERT
933799801,0,1 RHO mem=True nz=True ynz=True cond=True claim_agree=True upper=0.949650911958  CERT
933799801,0,1 T   mem=True nz=True ynz=True cond=True claim_agree=True upper=2177.61752014  CERT
956173246,0,1 RHO mem=True nz=True ynz=True cond=True claim_agree=True upper=0.905603187924  CERT
956173246,0,1 T   mem=True nz=True ynz=True cond=True claim_agree=True upper=2674.99551788  CERT
969263027,0,1 RHO mem=True nz=True ynz=True cond=True claim_agree=True upper=0.906472617035  CERT
969263027,0,1 T   mem=True nz=True ynz=True cond=True claim_agree=True upper=2353.14184517  CERT
FAMILY VERIFY n=7 l=1000266433 : EXCLUDED (components certified 32 / 32 ; lines 64 ; failed lines 0)
FAMILY VERIFY PASS
