FACTORIZATION: 32 irreducible factors of degree 2 over F_1000497857: OK
32224660,0,1 RHO mem=True nz=True ynz=True cond=True claim_agree=True upper=0.939446838852  CERT
32224660,0,1 T   mem=True nz=True ynz=True cond=True claim_agree=True upper=2090.33167910  CERT
39191199,0,1 RHO mem=True nz=True ynz=True cond=True claim_agree=True upper=0.941813561279  CERT
39191199,0,1 T   mem=True nz=True ynz=True cond=True claim_agree=True upper=2190.90864041  CERT
50637539,0,1 RHO mem=True nz=True ynz=True cond=True claim_agree=True upper=0.961478237610  CERT
50637539,0,1 T   mem=True nz=True ynz=True cond=True claim_agree=True upper=2397.77143223  CERT
81406601,0,1 RHO mem=True nz=True ynz=True cond=True claim_agree=True upper=0.966343682477  CERT
81406601,0,1 T   mem=True nz=True ynz=True cond=True claim_agree=True upper=3015.40095284  CERT
88890237,0,1 RHO mem=True nz=True ynz=True cond=True claim_agree=True upper=0.924088010797  CERT
88890237,0,1 T   mem=True nz=True ynz=True cond=True claim_agree=True upper=2079.41312447  CERT
105324924,0,1 RHO mem=True nz=True ynz=True cond=True claim_agree=True upper=0.939803819812  CERT
105324924,0,1 T   mem=True nz=True ynz=True cond=True claim_agree=True upper=2458.62698436  CERT
205271851,0,1 RHO mem=True nz=True ynz=True cond=True claim_agree=True upper=0.947908074990  CERT
205271851,0,1 T   mem=True nz=True ynz=True cond=True claim_agree=True upper=3062.74166139  CERT
234380433,0,1 RHO mem=True nz=True ynz=True cond=True claim_agree=True upper=0.972296573904  CERT
234380433,0,1 T   mem=True nz=True ynz=True cond=True claim_agree=True upper=2373.00948079  CERT
258902043,0,1 RHO mem=True nz=True ynz=True cond=True claim_agree=True upper=0.947908074990  CERT
258902043,0,1 T   mem=True nz=True ynz=True cond=True claim_agree=True upper=1621.71518305  CERT
298397973,0,1 RHO mem=True nz=True ynz=True cond=True claim_agree=True upper=0.972296573904  CERT
298397973,0,1 T   mem=True nz=True ynz=True cond=True claim_agree=True upper=2945.85592013  CERT
332694572,0,1 RHO mem=True nz=True ynz=True cond=True claim_agree=True upper=0.941813561279  CERT
332694572,0,1 T   mem=True nz=True ynz=True cond=True claim_agree=True upper=2369.03271971  CERT
334810625,0,1 RHO mem=True nz=True ynz=True cond=True claim_agree=True upper=0.979698578206  CERT
334810625,0,1 T   mem=True nz=True ynz=True cond=True claim_agree=True upper=2923.75880578  CERT
338117914,0,1 RHO mem=True nz=True ynz=True cond=True claim_agree=True upper=0.937485817572  CERT
338117914,0,1 T   mem=True nz=True ynz=True cond=True claim_agree=True upper=2620.18899839  CERT
385433805,0,1 RHO mem=True nz=True ynz=True cond=True claim_agree=True upper=0.909902663837  CERT
385433805,0,1 T   mem=True nz=True ynz=True cond=True claim_agree=True upper=2041.65465803  CERT
430217141,0,1 RHO mem=True nz=True ynz=True cond=True claim_agree=True upper=0.960846043448  CERT
430217141,0,1 T   mem=True nz=True ynz=True cond=True claim_agree=True upper=2602.22540501  CERT
443151133,0,1 RHO mem=True nz=True ynz=True cond=True claim_agree=True upper=0.966343682477  CERT
443151133,0,1 T   mem=True nz=True ynz=True cond=True claim_agree=True upper=3535.36219098  CERT
557346724,0,1 RHO mem=True nz=True ynz=True cond=True claim_agree=True upper=0.941091608883  CERT
557346724,0,1 T   mem=True nz=True ynz=True cond=True claim_agree=True upper=2322.20289030  CERT
570280716,0,1 RHO mem=True nz=True ynz=True cond=True claim_agree=True upper=0.924088010797  CERT
570280716,0,1 T   mem=True nz=True ynz=True cond=True claim_agree=True upper=3095.99766068  CERT
615064052,0,1 RHO mem=True nz=True ynz=True cond=True claim_agree=True upper=0.979698578206  CERT
615064052,0,1 T   mem=True nz=True ynz=True cond=True claim_agree=True upper=2993.42685337  CERT
662379943,0,1 RHO mem=True nz=True ynz=True cond=True claim_agree=True upper=0.939446838852  CERT
662379943,0,1 T   mem=True nz=True ynz=True cond=True claim_agree=True upper=2354.29639646  CERT
665687232,0,1 RHO mem=True nz=True ynz=True cond=True claim_agree=True upper=0.909902663837  CERT
665687232,0,1 T   mem=True nz=True ynz=True cond=True claim_agree=True upper=2315.43229269  CERT
667803285,0,1 RHO mem=True nz=True ynz=True cond=True claim_agree=True upper=0.937191980324  CERT
667803285,0,1 T   mem=True nz=True ynz=True cond=True claim_agree=True upper=2215.25172147  CERT
702099884,0,1 RHO mem=True nz=True ynz=True cond=True claim_agree=True upper=0.915673939272  CERT
702099884,0,1 T   mem=True nz=True ynz=True cond=True claim_agree=True upper=2660.13703170  CERT
741595814,0,1 RHO mem=True nz=True ynz=True cond=True claim_agree=True upper=0.952356405281  CERT
741595814,0,1 T   mem=True nz=True ynz=True cond=True claim_agree=True upper=3768.19788048  CERT
766117424,0,1 RHO mem=True nz=True ynz=True cond=True claim_agree=True upper=0.915673939272  CERT
766117424,0,1 T   mem=True nz=True ynz=True cond=True claim_agree=True upper=2212.69868947  CERT
795226006,0,1 RHO mem=True nz=True ynz=True cond=True claim_agree=True upper=0.952356405281  CERT
795226006,0,1 T   mem=True nz=True ynz=True cond=True claim_agree=True upper=3145.60625325  CERT
895172933,0,1 RHO mem=True nz=True ynz=True cond=True claim_agree=True upper=0.961478237610  CERT
895172933,0,1 T   mem=True nz=True ynz=True cond=True claim_agree=True upper=2791.08227430  CERT
911607620,0,1 RHO mem=True nz=True ynz=True cond=True claim_agree=True upper=0.960846043448  CERT
911607620,0,1 T   mem=True nz=True ynz=True cond=True claim_agree=True upper=2232.40697660  CERT
919091256,0,1 RHO mem=True nz=True ynz=True cond=True claim_agree=True upper=0.941091608883  CERT
919091256,0,1 T   mem=True nz=True ynz=True cond=True claim_agree=True upper=2002.45388696  CERT
949860318,0,1 RHO mem=True nz=True ynz=True cond=True claim_agree=True upper=0.939803819812  CERT
949860318,0,1 T   mem=True nz=True ynz=True cond=True claim_agree=True upper=2359.23702305  CERT
961306658,0,1 RHO mem=True nz=True ynz=True cond=True claim_agree=True upper=0.937191980324  CERT
961306658,0,1 T   mem=True nz=True ynz=True cond=True claim_agree=True upper=2075.95420673  CERT
968273197,0,1 RHO mem=True nz=True ynz=True cond=True claim_agree=True upper=0.937485817572  CERT
968273197,0,1 T   mem=True nz=True ynz=True cond=True claim_agree=True upper=2217.89215637  CERT
FAMILY VERIFY n=7 l=1000497857 : EXCLUDED (components certified 32 / 32 ; lines 64 ; failed lines 0)
FAMILY VERIFY PASS
