FACTORIZATION: 32 irreducible factors of degree 2 over F_1000102849: OK
16311472,0,1 RHO mem=True nz=True ynz=True cond=True claim_agree=True upper=0.917142443999  CERT
16311472,0,1 T   mem=True nz=True ynz=True cond=True claim_agree=True upper=2146.88418058  CERT
36860496,0,1 RHO mem=True nz=True ynz=True cond=True claim_agree=True upper=0.907998929589  CERT
36860496,0,1 T   mem=True nz=True ynz=True cond=True claim_agree=True upper=1900.04254471  CERT
53844963,0,1 RHO mem=True nz=True ynz=True cond=True claim_agree=True upper=0.895734703680  CERT
53844963,0,1 T   mem=True nz=True ynz=True cond=True claim_agree=True upper=1531.20835045  CERT
100982997,0,1 RHO mem=True nz=True ynz=True cond=True claim_agree=True upper=0.916828767944  CERT
100982997,0,1 T   mem=True nz=True ynz=True cond=True claim_agree=True upper=2217.69123448  CERT
154589692,0,1 RHO mem=True nz=True ynz=True cond=True claim_agree=True upper=0.905909719658  CERT
154589692,0,1 T   mem=True nz=True ynz=True cond=True claim_agree=True upper=2319.69231535  CERT
170253021,0,1 RHO mem=True nz=True ynz=True cond=True claim_agree=True upper=0.914345391891  CERT
170253021,0,1 T   mem=True nz=True ynz=True cond=True claim_agree=True upper=1476.33931330  CERT
176710336,0,1 RHO mem=True nz=True ynz=True cond=True claim_agree=True upper=0.895734703680  CERT
176710336,0,1 T   mem=True nz=True ynz=True cond=True claim_agree=True upper=1316.57807142  CERT
214861750,0,1 RHO mem=True nz=True ynz=True cond=True claim_agree=True upper=0.917142443999  CERT
214861750,0,1 T   mem=True nz=True ynz=True cond=True claim_agree=True upper=2702.41617528  CERT
279060046,0,1 RHO mem=True nz=True ynz=True cond=True claim_agree=True upper=0.923650741145  CERT
279060046,0,1 T   mem=True nz=True ynz=True cond=True claim_agree=True upper=1962.94708215  CERT
290012938,0,1 RHO mem=True nz=True ynz=True cond=True claim_agree=True upper=0.876305260196  CERT
290012938,0,1 T   mem=True nz=True ynz=True cond=True claim_agree=True upper=1564.53284423  CERT
296832202,0,1 RHO mem=True nz=True ynz=True cond=True claim_agree=True upper=0.916938908092  CERT
296832202,0,1 T   mem=True nz=True ynz=True cond=True claim_agree=True upper=1723.00054677  CERT
297467341,0,1 RHO mem=True nz=True ynz=True cond=True claim_agree=True upper=0.908560635342  CERT
297467341,0,1 T   mem=True nz=True ynz=True cond=True claim_agree=True upper=1692.01661263  CERT
334068839,0,1 RHO mem=True nz=True ynz=True cond=True claim_agree=True upper=0.893260799636  CERT
334068839,0,1 T   mem=True nz=True ynz=True cond=True claim_agree=True upper=1783.32266980  CERT
349757355,0,1 RHO mem=True nz=True ynz=True cond=True claim_agree=True upper=0.907015710458  CERT
349757355,0,1 T   mem=True nz=True ynz=True cond=True claim_agree=True upper=2110.20627388  CERT
411730236,0,1 RHO mem=True nz=True ynz=True cond=True claim_agree=True upper=0.903629589094  CERT
411730236,0,1 T   mem=True nz=True ynz=True cond=True claim_agree=True upper=1866.68454457  CERT
440915583,0,1 RHO mem=True nz=True ynz=True cond=True claim_agree=True upper=0.908560635342  CERT
440915583,0,1 T   mem=True nz=True ynz=True cond=True claim_agree=True upper=2292.31041185  CERT
559187266,0,1 RHO mem=True nz=True ynz=True cond=True claim_agree=True upper=0.900954455850  CERT
559187266,0,1 T   mem=True nz=True ynz=True cond=True claim_agree=True upper=2986.07889099  CERT
588372613,0,1 RHO mem=True nz=True ynz=True cond=True claim_agree=True upper=0.907015710458  CERT
588372613,0,1 T   mem=True nz=True ynz=True cond=True claim_agree=True upper=2308.26696568  CERT
650345494,0,1 RHO mem=True nz=True ynz=True cond=True claim_agree=True upper=0.903629589094  CERT
650345494,0,1 T   mem=True nz=True ynz=True cond=True claim_agree=True upper=1927.82381343  CERT
666034010,0,1 RHO mem=True nz=True ynz=True cond=True claim_agree=True upper=0.914345391891  CERT
666034010,0,1 T   mem=True nz=True ynz=True cond=True claim_agree=True upper=1826.23925130  CERT
702635508,0,1 RHO mem=True nz=True ynz=True cond=True claim_agree=True upper=0.900954455850  CERT
702635508,0,1 T   mem=True nz=True ynz=True cond=True claim_agree=True upper=2441.85068606  CERT
703270647,0,1 RHO mem=True nz=True ynz=True cond=True claim_agree=True upper=0.907998929589  CERT
703270647,0,1 T   mem=True nz=True ynz=True cond=True claim_agree=True upper=1549.30237245  CERT
710089911,0,1 RHO mem=True nz=True ynz=True cond=True claim_agree=True upper=0.923650741145  CERT
710089911,0,1 T   mem=True nz=True ynz=True cond=True claim_agree=True upper=1619.52251912  CERT
721042803,0,1 RHO mem=True nz=True ynz=True cond=True claim_agree=True upper=0.876305260196  CERT
721042803,0,1 T   mem=True nz=True ynz=True cond=True claim_agree=True upper=1544.83832986  CERT
785241099,0,1 RHO mem=True nz=True ynz=True cond=True claim_agree=True upper=0.893622162751  CERT
785241099,0,1 T   mem=True nz=True ynz=True cond=True claim_agree=True upper=2311.88507962  CERT
823392513,0,1 RHO mem=True nz=True ynz=True cond=True claim_agree=True upper=0.938110502513  CERT
823392513,0,1 T   mem=True nz=True ynz=True cond=True claim_agree=True upper=2310.27009631  CERT
829849828,0,1 RHO mem=True nz=True ynz=True cond=True claim_agree=True upper=0.893260799636  CERT
829849828,0,1 T   mem=True nz=True ynz=True cond=True claim_agree=True upper=1712.64754457  CERT
845513157,0,1 RHO mem=True nz=True ynz=True cond=True claim_agree=True upper=0.916828767944  CERT
845513157,0,1 T   mem=True nz=True ynz=True cond=True claim_agree=True upper=2450.77695247  CERT
899119852,0,1 RHO mem=True nz=True ynz=True cond=True claim_agree=True upper=0.905909719658  CERT
899119852,0,1 T   mem=True nz=True ynz=True cond=True claim_agree=True upper=1869.78436035  CERT
946257886,0,1 RHO mem=True nz=True ynz=True cond=True claim_agree=True upper=0.938110502513  CERT
946257886,0,1 T   mem=True nz=True ynz=True cond=True claim_agree=True upper=1468.03294153  CERT
963242353,0,1 RHO mem=True nz=True ynz=True cond=True claim_agree=True upper=0.916938908092  CERT
963242353,0,1 T   mem=True nz=True ynz=True cond=True claim_agree=True upper=1961.23518205  CERT
983791377,0,1 RHO mem=True nz=True ynz=True cond=True claim_agree=True upper=0.893622162751  CERT
983791377,0,1 T   mem=True nz=True ynz=True cond=True claim_agree=True upper=1649.11660961  CERT
FAMILY VERIFY n=7 l=1000102849 : EXCLUDED (components certified 32 / 32 ; lines 64 ; failed lines 0)
FAMILY VERIFY PASS
