FACTORIZATION: 32 irreducible factors of degree 2 over F_1000920257: OK
5176424,0,1 RHO mem=True nz=True ynz=True cond=True claim_agree=True upper=0.955291579388  CERT
5176424,0,1 T   mem=True nz=True ynz=True cond=True claim_agree=True upper=2099.05130267  CERT
34468146,0,1 RHO mem=True nz=True ynz=True cond=True claim_agree=True upper=0.970752404496  CERT
34468146,0,1 T   mem=True nz=True ynz=True cond=True claim_agree=True upper=2908.52527125  CERT
51539149,0,1 RHO mem=True nz=True ynz=True cond=True claim_agree=True upper=0.949481256215  CERT
51539149,0,1 T   mem=True nz=True ynz=True cond=True claim_agree=True upper=2779.68646874  CERT
76587104,0,1 RHO mem=True nz=True ynz=True cond=True claim_agree=True upper=0.962713701728  CERT
76587104,0,1 T   mem=True nz=True ynz=True cond=True claim_agree=True upper=2495.48211745  CERT
130653814,0,1 RHO mem=True nz=True ynz=True cond=True claim_agree=True upper=0.946460499615  CERT
130653814,0,1 T   mem=True nz=True ynz=True cond=True claim_agree=True upper=2625.10304845  CERT
152422300,0,1 RHO mem=True nz=True ynz=True cond=True claim_agree=True upper=0.977654448268  CERT
152422300,0,1 T   mem=True nz=True ynz=True cond=True claim_agree=True upper=2820.62525568  CERT
153128382,0,1 RHO mem=True nz=True ynz=True cond=True claim_agree=True upper=0.957454541819  CERT
153128382,0,1 T   mem=True nz=True ynz=True cond=True claim_agree=True upper=2253.76522143  CERT
265707171,0,1 RHO mem=True nz=True ynz=True cond=True claim_agree=True upper=0.962350995471  CERT
265707171,0,1 T   mem=True nz=True ynz=True cond=True claim_agree=True upper=2356.88987958  CERT
296822099,0,1 RHO mem=True nz=True ynz=True cond=True claim_agree=True upper=0.958056386087  CERT
296822099,0,1 T   mem=True nz=True ynz=True cond=True claim_agree=True upper=2892.11325979  CERT
320075079,0,1 RHO mem=True nz=True ynz=True cond=True claim_agree=True upper=0.977642419414  CERT
320075079,0,1 T   mem=True nz=True ynz=True cond=True claim_agree=True upper=2487.51550808  CERT
327736197,0,1 RHO mem=True nz=True ynz=True cond=True claim_agree=True upper=0.970752404496  CERT
327736197,0,1 T   mem=True nz=True ynz=True cond=True claim_agree=True upper=2209.29108018  CERT
332333176,0,1 RHO mem=True nz=True ynz=True cond=True claim_agree=True upper=0.924883441754  CERT
332333176,0,1 T   mem=True nz=True ynz=True cond=True claim_agree=True upper=2830.16893068  CERT
401750900,0,1 RHO mem=True nz=True ynz=True cond=True claim_agree=True upper=0.958056386087  CERT
401750900,0,1 T   mem=True nz=True ynz=True cond=True claim_agree=True upper=2454.68331821  CERT
410310675,0,1 RHO mem=True nz=True ynz=True cond=True claim_agree=True upper=0.953213931529  CERT
410310675,0,1 T   mem=True nz=True ynz=True cond=True claim_agree=True upper=2595.11691354  CERT
413523476,0,1 RHO mem=True nz=True ynz=True cond=True claim_agree=True upper=0.928498734448  CERT
413523476,0,1 T   mem=True nz=True ynz=True cond=True claim_agree=True upper=2381.25185892  CERT
428005961,0,1 RHO mem=True nz=True ynz=True cond=True claim_agree=True upper=0.962713701728  CERT
428005961,0,1 T   mem=True nz=True ynz=True cond=True claim_agree=True upper=2459.05252755  CERT
572914296,0,1 RHO mem=True nz=True ynz=True cond=True claim_agree=True upper=0.952078099260  CERT
572914296,0,1 T   mem=True nz=True ynz=True cond=True claim_agree=True upper=2778.13616093  CERT
587396781,0,1 RHO mem=True nz=True ynz=True cond=True claim_agree=True upper=0.946460499615  CERT
587396781,0,1 T   mem=True nz=True ynz=True cond=True claim_agree=True upper=2160.71329667  CERT
590609582,0,1 RHO mem=True nz=True ynz=True cond=True claim_agree=True upper=0.957454541819  CERT
590609582,0,1 T   mem=True nz=True ynz=True cond=True claim_agree=True upper=3067.63094061  CERT
599169357,0,1 RHO mem=True nz=True ynz=True cond=True claim_agree=True upper=0.959964126694  CERT
599169357,0,1 T   mem=True nz=True ynz=True cond=True claim_agree=True upper=2248.05684657  CERT
668587081,0,1 RHO mem=True nz=True ynz=True cond=True claim_agree=True upper=0.962350995471  CERT
668587081,0,1 T   mem=True nz=True ynz=True cond=True claim_agree=True upper=2487.58605415  CERT
673184060,0,1 RHO mem=True nz=True ynz=True cond=True claim_agree=True upper=0.963199846546  CERT
673184060,0,1 T   mem=True nz=True ynz=True cond=True claim_agree=True upper=2395.95351584  CERT
680845178,0,1 RHO mem=True nz=True ynz=True cond=True claim_agree=True upper=0.955291579388  CERT
680845178,0,1 T   mem=True nz=True ynz=True cond=True claim_agree=True upper=2319.73018691  CERT
704098158,0,1 RHO mem=True nz=True ynz=True cond=True claim_agree=True upper=0.959964126694  CERT
704098158,0,1 T   mem=True nz=True ynz=True cond=True claim_agree=True upper=2392.20914958  CERT
735213086,0,1 RHO mem=True nz=True ynz=True cond=True claim_agree=True upper=0.924883441754  CERT
735213086,0,1 T   mem=True nz=True ynz=True cond=True claim_agree=True upper=2710.52903168  CERT
847791875,0,1 RHO mem=True nz=True ynz=True cond=True claim_agree=True upper=0.953213931529  CERT
847791875,0,1 T   mem=True nz=True ynz=True cond=True claim_agree=True upper=2262.75573890  CERT
848497957,0,1 RHO mem=True nz=True ynz=True cond=True claim_agree=True upper=0.949481256215  CERT
848497957,0,1 T   mem=True nz=True ynz=True cond=True claim_agree=True upper=2094.02112311  CERT
870266443,0,1 RHO mem=True nz=True ynz=True cond=True claim_agree=True upper=0.928498734448  CERT
870266443,0,1 T   mem=True nz=True ynz=True cond=True claim_agree=True upper=2238.38415253  CERT
924333153,0,1 RHO mem=True nz=True ynz=True cond=True claim_agree=True upper=0.952078099260  CERT
924333153,0,1 T   mem=True nz=True ynz=True cond=True claim_agree=True upper=2176.85222490  CERT
949381108,0,1 RHO mem=True nz=True ynz=True cond=True claim_agree=True upper=0.977654448268  CERT
949381108,0,1 T   mem=True nz=True ynz=True cond=True claim_agree=True upper=2617.21380517  CERT
966452111,0,1 RHO mem=True nz=True ynz=True cond=True claim_agree=True upper=0.963199846546  CERT
966452111,0,1 T   mem=True nz=True ynz=True cond=True claim_agree=True upper=2672.57130110  CERT
995743833,0,1 RHO mem=True nz=True ynz=True cond=True claim_agree=True upper=0.977642419414  CERT
995743833,0,1 T   mem=True nz=True ynz=True cond=True claim_agree=True upper=2710.14620837  CERT
FAMILY VERIFY n=7 l=1000920257 : EXCLUDED (components certified 32 / 32 ; lines 64 ; failed lines 0)
FAMILY VERIFY PASS
