FACTORIZATION: 32 irreducible factors of degree 2 over F_1000089793: OK
23162472,0,1 RHO mem=True nz=True ynz=True cond=True claim_agree=True upper=0.935334453589  CERT
23162472,0,1 T   mem=True nz=True ynz=True cond=True claim_agree=True upper=1792.13142157  CERT
107000303,0,1 RHO mem=True nz=True ynz=True cond=True claim_agree=True upper=0.925933702303  CERT
107000303,0,1 T   mem=True nz=True ynz=True cond=True claim_agree=True upper=1954.41625644  CERT
111407549,0,1 RHO mem=True nz=True ynz=True cond=True claim_agree=True upper=0.928004571389  CERT
111407549,0,1 T   mem=True nz=True ynz=True cond=True claim_agree=True upper=1739.24776983  CERT
111628519,0,1 RHO mem=True nz=True ynz=True cond=True claim_agree=True upper=0.913103288029  CERT
111628519,0,1 T   mem=True nz=True ynz=True cond=True claim_agree=True upper=1704.62469721  CERT
113490183,0,1 RHO mem=True nz=True ynz=True cond=True claim_agree=True upper=0.948101347409  CERT
113490183,0,1 T   mem=True nz=True ynz=True cond=True claim_agree=True upper=1997.77459792  CERT
149106083,0,1 RHO mem=True nz=True ynz=True cond=True claim_agree=True upper=0.945115089222  CERT
149106083,0,1 T   mem=True nz=True ynz=True cond=True claim_agree=True upper=2431.52077549  CERT
215554691,0,1 RHO mem=True nz=True ynz=True cond=True claim_agree=True upper=0.936901177209  CERT
215554691,0,1 T   mem=True nz=True ynz=True cond=True claim_agree=True upper=2547.30309356  CERT
256684051,0,1 RHO mem=True nz=True ynz=True cond=True claim_agree=True upper=0.950217067897  CERT
256684051,0,1 T   mem=True nz=True ynz=True cond=True claim_agree=True upper=2513.82515404  CERT
288476987,0,1 RHO mem=True nz=True ynz=True cond=True claim_agree=True upper=0.930284530313  CERT
288476987,0,1 T   mem=True nz=True ynz=True cond=True claim_agree=True upper=1990.95686188  CERT
295487846,0,1 RHO mem=True nz=True ynz=True cond=True claim_agree=True upper=0.928004571389  CERT
295487846,0,1 T   mem=True nz=True ynz=True cond=True claim_agree=True upper=2468.23269493  CERT
311603296,0,1 RHO mem=True nz=True ynz=True cond=True claim_agree=True upper=0.950217067897  CERT
311603296,0,1 T   mem=True nz=True ynz=True cond=True claim_agree=True upper=2332.32454295  CERT
343178880,0,1 RHO mem=True nz=True ynz=True cond=True claim_agree=True upper=0.906124779279  CERT
343178880,0,1 T   mem=True nz=True ynz=True cond=True claim_agree=True upper=1863.74223969  CERT
394793445,0,1 RHO mem=True nz=True ynz=True cond=True claim_agree=True upper=0.930284530313  CERT
394793445,0,1 T   mem=True nz=True ynz=True cond=True claim_agree=True upper=2115.07413880  CERT
405226975,0,1 RHO mem=True nz=True ynz=True cond=True claim_agree=True upper=0.930323127669  CERT
405226975,0,1 T   mem=True nz=True ynz=True cond=True claim_agree=True upper=2574.10532441  CERT
422899058,0,1 RHO mem=True nz=True ynz=True cond=True claim_agree=True upper=0.913103288029  CERT
422899058,0,1 T   mem=True nz=True ynz=True cond=True claim_agree=True upper=2051.63278773  CERT
423210904,0,1 RHO mem=True nz=True ynz=True cond=True claim_agree=True upper=0.882943366739  CERT
423210904,0,1 T   mem=True nz=True ynz=True cond=True claim_agree=True upper=2072.18902538  CERT
576878889,0,1 RHO mem=True nz=True ynz=True cond=True claim_agree=True upper=0.936901177209  CERT
576878889,0,1 T   mem=True nz=True ynz=True cond=True claim_agree=True upper=2366.78483221  CERT
577190735,0,1 RHO mem=True nz=True ynz=True cond=True claim_agree=True upper=0.905026306130  CERT
577190735,0,1 T   mem=True nz=True ynz=True cond=True claim_agree=True upper=2154.71500566  CERT
594862818,0,1 RHO mem=True nz=True ynz=True cond=True claim_agree=True upper=0.943494964805  CERT
594862818,0,1 T   mem=True nz=True ynz=True cond=True claim_agree=True upper=2248.94089344  CERT
605296348,0,1 RHO mem=True nz=True ynz=True cond=True claim_agree=True upper=0.924436917581  CERT
605296348,0,1 T   mem=True nz=True ynz=True cond=True claim_agree=True upper=2329.70040720  CERT
656910913,0,1 RHO mem=True nz=True ynz=True cond=True claim_agree=True upper=0.948101347409  CERT
656910913,0,1 T   mem=True nz=True ynz=True cond=True claim_agree=True upper=2482.96307040  CERT
688486497,0,1 RHO mem=True nz=True ynz=True cond=True claim_agree=True upper=0.943575868881  CERT
688486497,0,1 T   mem=True nz=True ynz=True cond=True claim_agree=True upper=2250.01238932  CERT
704601947,0,1 RHO mem=True nz=True ynz=True cond=True claim_agree=True upper=0.945785297836  CERT
704601947,0,1 T   mem=True nz=True ynz=True cond=True claim_agree=True upper=2584.37316353  CERT
711612806,0,1 RHO mem=True nz=True ynz=True cond=True claim_agree=True upper=0.924436917581  CERT
711612806,0,1 T   mem=True nz=True ynz=True cond=True claim_agree=True upper=2586.00329421  CERT
743405742,0,1 RHO mem=True nz=True ynz=True cond=True claim_agree=True upper=0.943575868881  CERT
743405742,0,1 T   mem=True nz=True ynz=True cond=True claim_agree=True upper=2075.92363071  CERT
784535102,0,1 RHO mem=True nz=True ynz=True cond=True claim_agree=True upper=0.882943366739  CERT
784535102,0,1 T   mem=True nz=True ynz=True cond=True claim_agree=True upper=1989.42691720  CERT
850983710,0,1 RHO mem=True nz=True ynz=True cond=True claim_agree=True upper=0.930323127669  CERT
850983710,0,1 T   mem=True nz=True ynz=True cond=True claim_agree=True upper=2324.14839814  CERT
886599610,0,1 RHO mem=True nz=True ynz=True cond=True claim_agree=True upper=0.906124779279  CERT
886599610,0,1 T   mem=True nz=True ynz=True cond=True claim_agree=True upper=2044.23102363  CERT
888461274,0,1 RHO mem=True nz=True ynz=True cond=True claim_agree=True upper=0.905026306130  CERT
888461274,0,1 T   mem=True nz=True ynz=True cond=True claim_agree=True upper=2495.23611497  CERT
888682244,0,1 RHO mem=True nz=True ynz=True cond=True claim_agree=True upper=0.945785297836  CERT
888682244,0,1 T   mem=True nz=True ynz=True cond=True claim_agree=True upper=2443.78062656  CERT
893089490,0,1 RHO mem=True nz=True ynz=True cond=True claim_agree=True upper=0.935334453589  CERT
893089490,0,1 T   mem=True nz=True ynz=True cond=True claim_agree=True upper=2299.05461064  CERT
976927321,0,1 RHO mem=True nz=True ynz=True cond=True claim_agree=True upper=0.925933702303  CERT
976927321,0,1 T   mem=True nz=True ynz=True cond=True claim_agree=True upper=2202.63247313  CERT
FAMILY VERIFY n=7 l=1000089793 : EXCLUDED (components certified 32 / 32 ; lines 64 ; failed lines 0)
FAMILY VERIFY PASS
