FACTORIZATION: 32 irreducible factors of degree 2 over F_1000277441: OK
15567371,0,1 RHO mem=True nz=True ynz=True cond=True claim_agree=True upper=0.936853956491  CERT
15567371,0,1 T   mem=True nz=True ynz=True cond=True claim_agree=True upper=2287.09547364  CERT
154620397,0,1 RHO mem=True nz=True ynz=True cond=True claim_agree=True upper=0.931543830956  CERT
154620397,0,1 T   mem=True nz=True ynz=True cond=True claim_agree=True upper=2468.14362724  CERT
175569464,0,1 RHO mem=True nz=True ynz=True cond=True claim_agree=True upper=0.960460644369  CERT
175569464,0,1 T   mem=True nz=True ynz=True cond=True claim_agree=True upper=2497.55019981  CERT
191382627,0,1 RHO mem=True nz=True ynz=True cond=True claim_agree=True upper=0.953414872631  CERT
191382627,0,1 T   mem=True nz=True ynz=True cond=True claim_agree=True upper=2470.88031258  CERT
196934776,0,1 RHO mem=True nz=True ynz=True cond=True claim_agree=True upper=0.960460644369  CERT
196934776,0,1 T   mem=True nz=True ynz=True cond=True claim_agree=True upper=2859.86118103  CERT
204487880,0,1 RHO mem=True nz=True ynz=True cond=True claim_agree=True upper=0.943514736945  CERT
204487880,0,1 T   mem=True nz=True ynz=True cond=True claim_agree=True upper=2111.10985186  CERT
205837970,0,1 RHO mem=True nz=True ynz=True cond=True claim_agree=True upper=0.946534475247  CERT
205837970,0,1 T   mem=True nz=True ynz=True cond=True claim_agree=True upper=2545.67550980  CERT
296339317,0,1 RHO mem=True nz=True ynz=True cond=True claim_agree=True upper=0.962266341187  CERT
296339317,0,1 T   mem=True nz=True ynz=True cond=True claim_agree=True upper=2966.04749793  CERT
298887497,0,1 RHO mem=True nz=True ynz=True cond=True claim_agree=True upper=0.983838909483  CERT
298887497,0,1 T   mem=True nz=True ynz=True cond=True claim_agree=True upper=2450.95290139  CERT
320318672,0,1 RHO mem=True nz=True ynz=True cond=True claim_agree=True upper=0.931543830956  CERT
320318672,0,1 T   mem=True nz=True ynz=True cond=True claim_agree=True upper=2380.17843513  CERT
426020427,0,1 RHO mem=True nz=True ynz=True cond=True claim_agree=True upper=0.946660142767  CERT
426020427,0,1 T   mem=True nz=True ynz=True cond=True claim_agree=True upper=2633.82129808  CERT
430618192,0,1 RHO mem=True nz=True ynz=True cond=True claim_agree=True upper=0.946660142767  CERT
430618192,0,1 T   mem=True nz=True ynz=True cond=True claim_agree=True upper=2235.11067317  CERT
460055968,0,1 RHO mem=True nz=True ynz=True cond=True claim_agree=True upper=0.954092404423  CERT
460055968,0,1 T   mem=True nz=True ynz=True cond=True claim_agree=True upper=2698.21099618  CERT
460231115,0,1 RHO mem=True nz=True ynz=True cond=True claim_agree=True upper=0.963102040144  CERT
460231115,0,1 T   mem=True nz=True ynz=True cond=True claim_agree=True upper=2685.81838701  CERT
473651472,0,1 RHO mem=True nz=True ynz=True cond=True claim_agree=True upper=0.979079271266  CERT
473651472,0,1 T   mem=True nz=True ynz=True cond=True claim_agree=True upper=3042.08993150  CERT
484430659,0,1 RHO mem=True nz=True ynz=True cond=True claim_agree=True upper=0.963102040144  CERT
484430659,0,1 T   mem=True nz=True ynz=True cond=True claim_agree=True upper=2542.14592232  CERT
515846782,0,1 RHO mem=True nz=True ynz=True cond=True claim_agree=True upper=0.935929346588  CERT
515846782,0,1 T   mem=True nz=True ynz=True cond=True claim_agree=True upper=2961.33609378  CERT
526625969,0,1 RHO mem=True nz=True ynz=True cond=True claim_agree=True upper=0.943514736945  CERT
526625969,0,1 T   mem=True nz=True ynz=True cond=True claim_agree=True upper=2050.36276594  CERT
540046326,0,1 RHO mem=True nz=True ynz=True cond=True claim_agree=True upper=0.935929346588  CERT
540046326,0,1 T   mem=True nz=True ynz=True cond=True claim_agree=True upper=3230.17814196  CERT
540221473,0,1 RHO mem=True nz=True ynz=True cond=True claim_agree=True upper=0.946534475247  CERT
540221473,0,1 T   mem=True nz=True ynz=True cond=True claim_agree=True upper=2928.28427978  CERT
569659249,0,1 RHO mem=True nz=True ynz=True cond=True claim_agree=True upper=0.978188289221  CERT
569659249,0,1 T   mem=True nz=True ynz=True cond=True claim_agree=True upper=3073.55567352  CERT
574257014,0,1 RHO mem=True nz=True ynz=True cond=True claim_agree=True upper=0.981184151274  CERT
574257014,0,1 T   mem=True nz=True ynz=True cond=True claim_agree=True upper=2562.80928560  CERT
679958769,0,1 RHO mem=True nz=True ynz=True cond=True claim_agree=True upper=0.929546450602  CERT
679958769,0,1 T   mem=True nz=True ynz=True cond=True claim_agree=True upper=2385.72968960  CERT
701389944,0,1 RHO mem=True nz=True ynz=True cond=True claim_agree=True upper=0.962266341187  CERT
701389944,0,1 T   mem=True nz=True ynz=True cond=True claim_agree=True upper=2836.08253999  CERT
703938124,0,1 RHO mem=True nz=True ynz=True cond=True claim_agree=True upper=0.983838909483  CERT
703938124,0,1 T   mem=True nz=True ynz=True cond=True claim_agree=True upper=2994.33352928  CERT
794439471,0,1 RHO mem=True nz=True ynz=True cond=True claim_agree=True upper=0.954092404423  CERT
794439471,0,1 T   mem=True nz=True ynz=True cond=True claim_agree=True upper=2871.26615990  CERT
795789561,0,1 RHO mem=True nz=True ynz=True cond=True claim_agree=True upper=0.979079271266  CERT
795789561,0,1 T   mem=True nz=True ynz=True cond=True claim_agree=True upper=2905.21240365  CERT
803342665,0,1 RHO mem=True nz=True ynz=True cond=True claim_agree=True upper=0.950083383464  CERT
803342665,0,1 T   mem=True nz=True ynz=True cond=True claim_agree=True upper=2756.02755575  CERT
808894814,0,1 RHO mem=True nz=True ynz=True cond=True claim_agree=True upper=0.936853956491  CERT
808894814,0,1 T   mem=True nz=True ynz=True cond=True claim_agree=True upper=2768.34399419  CERT
824707977,0,1 RHO mem=True nz=True ynz=True cond=True claim_agree=True upper=0.950083383464  CERT
824707977,0,1 T   mem=True nz=True ynz=True cond=True claim_agree=True upper=2608.24702767  CERT
845657044,0,1 RHO mem=True nz=True ynz=True cond=True claim_agree=True upper=0.929546450602  CERT
845657044,0,1 T   mem=True nz=True ynz=True cond=True claim_agree=True upper=2588.44226808  CERT
984710070,0,1 RHO mem=True nz=True ynz=True cond=True claim_agree=True upper=0.953414872631  CERT
984710070,0,1 T   mem=True nz=True ynz=True cond=True claim_agree=True upper=2322.30901034  CERT
FAMILY VERIFY n=7 l=1000277441 : EXCLUDED (components certified 32 / 32 ; lines 64 ; failed lines 0)
FAMILY VERIFY PASS
