FACTORIZATION: 32 irreducible factors of degree 2 over F_1000136257: OK
2268155,0,1 RHO mem=True nz=True ynz=True cond=True claim_agree=True upper=0.935779122193  CERT
2268155,0,1 T   mem=True nz=True ynz=True cond=True claim_agree=True upper=2739.73345321  CERT
19728643,0,1 RHO mem=True nz=True ynz=True cond=True claim_agree=True upper=0.931148146533  CERT
19728643,0,1 T   mem=True nz=True ynz=True cond=True claim_agree=True upper=2172.30142789  CERT
37089288,0,1 RHO mem=True nz=True ynz=True cond=True claim_agree=True upper=0.949892512926  CERT
37089288,0,1 T   mem=True nz=True ynz=True cond=True claim_agree=True upper=2399.35569439  CERT
79615491,0,1 RHO mem=True nz=True ynz=True cond=True claim_agree=True upper=0.968574288795  CERT
79615491,0,1 T   mem=True nz=True ynz=True cond=True claim_agree=True upper=2635.80776004  CERT
94164312,0,1 RHO mem=True nz=True ynz=True cond=True claim_agree=True upper=0.904316476249  CERT
94164312,0,1 T   mem=True nz=True ynz=True cond=True claim_agree=True upper=2620.01025339  CERT
117217116,0,1 RHO mem=True nz=True ynz=True cond=True claim_agree=True upper=0.937588754507  CERT
117217116,0,1 T   mem=True nz=True ynz=True cond=True claim_agree=True upper=2447.75527241  CERT
130237273,0,1 RHO mem=True nz=True ynz=True cond=True claim_agree=True upper=0.893088026401  CERT
130237273,0,1 T   mem=True nz=True ynz=True cond=True claim_agree=True upper=2065.22812076  CERT
130437699,0,1 RHO mem=True nz=True ynz=True cond=True claim_agree=True upper=0.912925863146  CERT
130437699,0,1 T   mem=True nz=True ynz=True cond=True claim_agree=True upper=3014.19177108  CERT
173763923,0,1 RHO mem=True nz=True ynz=True cond=True claim_agree=True upper=0.937588754507  CERT
173763923,0,1 T   mem=True nz=True ynz=True cond=True claim_agree=True upper=2513.98227735  CERT
233416203,0,1 RHO mem=True nz=True ynz=True cond=True claim_agree=True upper=0.935779122193  CERT
233416203,0,1 T   mem=True nz=True ynz=True cond=True claim_agree=True upper=1789.85780543  CERT
287538982,0,1 RHO mem=True nz=True ynz=True cond=True claim_agree=True upper=0.954934204569  CERT
287538982,0,1 T   mem=True nz=True ynz=True cond=True claim_agree=True upper=2873.67372787  CERT
299666561,0,1 RHO mem=True nz=True ynz=True cond=True claim_agree=True upper=0.968574288795  CERT
299666561,0,1 T   mem=True nz=True ynz=True cond=True claim_agree=True upper=2631.22377280  CERT
324407516,0,1 RHO mem=True nz=True ynz=True cond=True claim_agree=True upper=0.866036776898  CERT
324407516,0,1 T   mem=True nz=True ynz=True cond=True claim_agree=True upper=1192.07096901  CERT
416691594,0,1 RHO mem=True nz=True ynz=True cond=True claim_agree=True upper=0.921416910637  CERT
416691594,0,1 T   mem=True nz=True ynz=True cond=True claim_agree=True upper=2533.82884460  CERT
482852198,0,1 RHO mem=True nz=True ynz=True cond=True claim_agree=True upper=0.916798053197  CERT
482852198,0,1 T   mem=True nz=True ynz=True cond=True claim_agree=True upper=1956.71718189  CERT
483350475,0,1 RHO mem=True nz=True ynz=True cond=True claim_agree=True upper=0.934880530354  CERT
483350475,0,1 T   mem=True nz=True ynz=True cond=True claim_agree=True upper=2921.54464874  CERT
516785782,0,1 RHO mem=True nz=True ynz=True cond=True claim_agree=True upper=0.916798053197  CERT
516785782,0,1 T   mem=True nz=True ynz=True cond=True claim_agree=True upper=2714.89946477  CERT
517284059,0,1 RHO mem=True nz=True ynz=True cond=True claim_agree=True upper=0.934880530354  CERT
517284059,0,1 T   mem=True nz=True ynz=True cond=True claim_agree=True upper=2523.22545784  CERT
583444663,0,1 RHO mem=True nz=True ynz=True cond=True claim_agree=True upper=0.949892512926  CERT
583444663,0,1 T   mem=True nz=True ynz=True cond=True claim_agree=True upper=2837.03951581  CERT
675728741,0,1 RHO mem=True nz=True ynz=True cond=True claim_agree=True upper=0.912925863146  CERT
675728741,0,1 T   mem=True nz=True ynz=True cond=True claim_agree=True upper=2289.80556277  CERT
700469696,0,1 RHO mem=True nz=True ynz=True cond=True claim_agree=True upper=0.900650044320  CERT
700469696,0,1 T   mem=True nz=True ynz=True cond=True claim_agree=True upper=1949.92917032  CERT
712597275,0,1 RHO mem=True nz=True ynz=True cond=True claim_agree=True upper=0.893088026401  CERT
712597275,0,1 T   mem=True nz=True ynz=True cond=True claim_agree=True upper=2760.65231959  CERT
766720054,0,1 RHO mem=True nz=True ynz=True cond=True claim_agree=True upper=0.947794978181  CERT
766720054,0,1 T   mem=True nz=True ynz=True cond=True claim_agree=True upper=2572.36555637  CERT
826372334,0,1 RHO mem=True nz=True ynz=True cond=True claim_agree=True upper=0.917933109492  CERT
826372334,0,1 T   mem=True nz=True ynz=True cond=True claim_agree=True upper=2520.66001801  CERT
869698558,0,1 RHO mem=True nz=True ynz=True cond=True claim_agree=True upper=0.866036776898  CERT
869698558,0,1 T   mem=True nz=True ynz=True cond=True claim_agree=True upper=2038.93416863  CERT
869898984,0,1 RHO mem=True nz=True ynz=True cond=True claim_agree=True upper=0.954934204569  CERT
869898984,0,1 T   mem=True nz=True ynz=True cond=True claim_agree=True upper=2399.07443860  CERT
882919141,0,1 RHO mem=True nz=True ynz=True cond=True claim_agree=True upper=0.917933109492  CERT
882919141,0,1 T   mem=True nz=True ynz=True cond=True claim_agree=True upper=3022.24680504  CERT
905971945,0,1 RHO mem=True nz=True ynz=True cond=True claim_agree=True upper=0.931148146533  CERT
905971945,0,1 T   mem=True nz=True ynz=True cond=True claim_agree=True upper=2392.55744601  CERT
920520766,0,1 RHO mem=True nz=True ynz=True cond=True claim_agree=True upper=0.900650044320  CERT
920520766,0,1 T   mem=True nz=True ynz=True cond=True claim_agree=True upper=2810.59917247  CERT
963046969,0,1 RHO mem=True nz=True ynz=True cond=True claim_agree=True upper=0.921416910637  CERT
963046969,0,1 T   mem=True nz=True ynz=True cond=True claim_agree=True upper=1761.97035618  CERT
980407614,0,1 RHO mem=True nz=True ynz=True cond=True claim_agree=True upper=0.904316476249  CERT
980407614,0,1 T   mem=True nz=True ynz=True cond=True claim_agree=True upper=1560.97549582  CERT
997868102,0,1 RHO mem=True nz=True ynz=True cond=True claim_agree=True upper=0.947794978181  CERT
997868102,0,1 T   mem=True nz=True ynz=True cond=True claim_agree=True upper=2613.70667887  CERT
FAMILY VERIFY n=7 l=1000136257 : EXCLUDED (components certified 32 / 32 ; lines 64 ; failed lines 0)
FAMILY VERIFY PASS
