FACTORIZATION: 32 irreducible factors of degree 2 over F_1001110849: OK
19084424,0,1 RHO mem=True nz=True ynz=True cond=True claim_agree=True upper=0.818033717955  CERT
19084424,0,1 T   mem=True nz=True ynz=True cond=True claim_agree=True upper=1519.02491030  CERT
67671673,0,1 RHO mem=True nz=True ynz=True cond=True claim_agree=True upper=0.853136932818  CERT
67671673,0,1 T   mem=True nz=True ynz=True cond=True claim_agree=True upper=1915.41125049  CERT
102357368,0,1 RHO mem=True nz=True ynz=True cond=True claim_agree=True upper=0.883964484305  CERT
102357368,0,1 T   mem=True nz=True ynz=True cond=True claim_agree=True upper=1903.41016375  CERT
153298138,0,1 RHO mem=True nz=True ynz=True cond=True claim_agree=True upper=0.855608498684  CERT
153298138,0,1 T   mem=True nz=True ynz=True cond=True claim_agree=True upper=1422.85303137  CERT
228903433,0,1 RHO mem=True nz=True ynz=True cond=True claim_agree=True upper=0.913784846826  CERT
228903433,0,1 T   mem=True nz=True ynz=True cond=True claim_agree=True upper=1891.59239597  CERT
234002799,0,1 RHO mem=True nz=True ynz=True cond=True claim_agree=True upper=0.855608498684  CERT
234002799,0,1 T   mem=True nz=True ynz=True cond=True claim_agree=True upper=1887.12008775  CERT
265785391,0,1 RHO mem=True nz=True ynz=True cond=True claim_agree=True upper=0.870663610334  CERT
265785391,0,1 T   mem=True nz=True ynz=True cond=True claim_agree=True upper=1871.11945594  CERT
281329680,0,1 RHO mem=True nz=True ynz=True cond=True claim_agree=True upper=0.836876812834  CERT
281329680,0,1 T   mem=True nz=True ynz=True cond=True claim_agree=True upper=1806.32858772  CERT
293576141,0,1 RHO mem=True nz=True ynz=True cond=True claim_agree=True upper=0.884864297770  CERT
293576141,0,1 T   mem=True nz=True ynz=True cond=True claim_agree=True upper=1618.72187696  CERT
335128155,0,1 RHO mem=True nz=True ynz=True cond=True claim_agree=True upper=0.818033717955  CERT
335128155,0,1 T   mem=True nz=True ynz=True cond=True claim_agree=True upper=1565.32436097  CERT
381936534,0,1 RHO mem=True nz=True ynz=True cond=True claim_agree=True upper=0.883964484305  CERT
381936534,0,1 T   mem=True nz=True ynz=True cond=True claim_agree=True upper=2435.85409041  CERT
433485070,0,1 RHO mem=True nz=True ynz=True cond=True claim_agree=True upper=0.909370161416  CERT
433485070,0,1 T   mem=True nz=True ynz=True cond=True claim_agree=True upper=2434.05176433  CERT
433743530,0,1 RHO mem=True nz=True ynz=True cond=True claim_agree=True upper=0.884112632842  CERT
433743530,0,1 T   mem=True nz=True ynz=True cond=True claim_agree=True upper=2857.37886087  CERT
464549675,0,1 RHO mem=True nz=True ynz=True cond=True claim_agree=True upper=0.850264502997  CERT
464549675,0,1 T   mem=True nz=True ynz=True cond=True claim_agree=True upper=1497.02989631  CERT
486277499,0,1 RHO mem=True nz=True ynz=True cond=True claim_agree=True upper=0.888795585572  CERT
486277499,0,1 T   mem=True nz=True ynz=True cond=True claim_agree=True upper=1685.21129160  CERT
492707910,0,1 RHO mem=True nz=True ynz=True cond=True claim_agree=True upper=0.836876812834  CERT
492707910,0,1 T   mem=True nz=True ynz=True cond=True claim_agree=True upper=1549.40207969  CERT
508402939,0,1 RHO mem=True nz=True ynz=True cond=True claim_agree=True upper=0.851103273077  CERT
508402939,0,1 T   mem=True nz=True ynz=True cond=True claim_agree=True upper=2019.52202311  CERT
514833350,0,1 RHO mem=True nz=True ynz=True cond=True claim_agree=True upper=0.884112632842  CERT
514833350,0,1 T   mem=True nz=True ynz=True cond=True claim_agree=True upper=1705.99113178  CERT
536561174,0,1 RHO mem=True nz=True ynz=True cond=True claim_agree=True upper=0.909370161416  CERT
536561174,0,1 T   mem=True nz=True ynz=True cond=True claim_agree=True upper=2544.53557344  CERT
567367319,0,1 RHO mem=True nz=True ynz=True cond=True claim_agree=True upper=0.888795585572  CERT
567367319,0,1 T   mem=True nz=True ynz=True cond=True claim_agree=True upper=2067.82542993  CERT
567625779,0,1 RHO mem=True nz=True ynz=True cond=True claim_agree=True upper=0.850264502997  CERT
567625779,0,1 T   mem=True nz=True ynz=True cond=True claim_agree=True upper=2284.21670829  CERT
619174315,0,1 RHO mem=True nz=True ynz=True cond=True claim_agree=True upper=0.870601252113  CERT
619174315,0,1 T   mem=True nz=True ynz=True cond=True claim_agree=True upper=2430.62951644  CERT
665982694,0,1 RHO mem=True nz=True ynz=True cond=True claim_agree=True upper=0.904790556742  CERT
665982694,0,1 T   mem=True nz=True ynz=True cond=True claim_agree=True upper=2294.77866292  CERT
707534708,0,1 RHO mem=True nz=True ynz=True cond=True claim_agree=True upper=0.870663610334  CERT
707534708,0,1 T   mem=True nz=True ynz=True cond=True claim_agree=True upper=2009.31006744  CERT
719781169,0,1 RHO mem=True nz=True ynz=True cond=True claim_agree=True upper=0.851103273077  CERT
719781169,0,1 T   mem=True nz=True ynz=True cond=True claim_agree=True upper=1871.52062912  CERT
735325458,0,1 RHO mem=True nz=True ynz=True cond=True claim_agree=True upper=0.884864297770  CERT
735325458,0,1 T   mem=True nz=True ynz=True cond=True claim_agree=True upper=2144.88232039  CERT
767108050,0,1 RHO mem=True nz=True ynz=True cond=True claim_agree=True upper=0.899903608579  CERT
767108050,0,1 T   mem=True nz=True ynz=True cond=True claim_agree=True upper=2896.54984808  CERT
772207416,0,1 RHO mem=True nz=True ynz=True cond=True claim_agree=True upper=0.853136932818  CERT
772207416,0,1 T   mem=True nz=True ynz=True cond=True claim_agree=True upper=1779.75859203  CERT
847812711,0,1 RHO mem=True nz=True ynz=True cond=True claim_agree=True upper=0.899903608579  CERT
847812711,0,1 T   mem=True nz=True ynz=True cond=True claim_agree=True upper=2234.64518204  CERT
898753481,0,1 RHO mem=True nz=True ynz=True cond=True claim_agree=True upper=0.870601252113  CERT
898753481,0,1 T   mem=True nz=True ynz=True cond=True claim_agree=True upper=1704.91233082  CERT
933439176,0,1 RHO mem=True nz=True ynz=True cond=True claim_agree=True upper=0.913784846826  CERT
933439176,0,1 T   mem=True nz=True ynz=True cond=True claim_agree=True upper=2163.00884181  CERT
982026425,0,1 RHO mem=True nz=True ynz=True cond=True claim_agree=True upper=0.904790556742  CERT
982026425,0,1 T   mem=True nz=True ynz=True cond=True claim_agree=True upper=2132.73818528  CERT
FAMILY VERIFY n=7 l=1001110849 : EXCLUDED (components certified 32 / 32 ; lines 64 ; failed lines 0)
FAMILY VERIFY PASS
