FACTORIZATION: 32 irreducible factors of degree 2 over F_1001012801: OK
20250337,0,1 RHO mem=True nz=True ynz=True cond=True claim_agree=True upper=0.960538716210  CERT
20250337,0,1 T   mem=True nz=True ynz=True cond=True claim_agree=True upper=2560.00854945  CERT
57277677,0,1 RHO mem=True nz=True ynz=True cond=True claim_agree=True upper=0.946794601690  CERT
57277677,0,1 T   mem=True nz=True ynz=True cond=True claim_agree=True upper=2133.74827645  CERT
100114198,0,1 RHO mem=True nz=True ynz=True cond=True claim_agree=True upper=0.934553988763  CERT
100114198,0,1 T   mem=True nz=True ynz=True cond=True claim_agree=True upper=2467.81012889  CERT
102548556,0,1 RHO mem=True nz=True ynz=True cond=True claim_agree=True upper=0.964647076062  CERT
102548556,0,1 T   mem=True nz=True ynz=True cond=True claim_agree=True upper=2258.36045891  CERT
146938035,0,1 RHO mem=True nz=True ynz=True cond=True claim_agree=True upper=0.967682494021  CERT
146938035,0,1 T   mem=True nz=True ynz=True cond=True claim_agree=True upper=2061.30461411  CERT
238852809,0,1 RHO mem=True nz=True ynz=True cond=True claim_agree=True upper=0.946794601690  CERT
238852809,0,1 T   mem=True nz=True ynz=True cond=True claim_agree=True upper=3008.39697668  CERT
249307098,0,1 RHO mem=True nz=True ynz=True cond=True claim_agree=True upper=0.953838351166  CERT
249307098,0,1 T   mem=True nz=True ynz=True cond=True claim_agree=True upper=1996.02767806  CERT
260305638,0,1 RHO mem=True nz=True ynz=True cond=True claim_agree=True upper=0.934553988763  CERT
260305638,0,1 T   mem=True nz=True ynz=True cond=True claim_agree=True upper=2576.67489988  CERT
317921270,0,1 RHO mem=True nz=True ynz=True cond=True claim_agree=True upper=0.970789642149  CERT
317921270,0,1 T   mem=True nz=True ynz=True cond=True claim_agree=True upper=2333.07603957  CERT
370924332,0,1 RHO mem=True nz=True ynz=True cond=True claim_agree=True upper=0.945551062889  CERT
370924332,0,1 T   mem=True nz=True ynz=True cond=True claim_agree=True upper=2670.75669968  CERT
382351354,0,1 RHO mem=True nz=True ynz=True cond=True claim_agree=True upper=0.945551062889  CERT
382351354,0,1 T   mem=True nz=True ynz=True cond=True claim_agree=True upper=2866.85370789  CERT
441264211,0,1 RHO mem=True nz=True ynz=True cond=True claim_agree=True upper=0.937584748554  CERT
441264211,0,1 T   mem=True nz=True ynz=True cond=True claim_agree=True upper=2518.06264706  CERT
441535959,0,1 RHO mem=True nz=True ynz=True cond=True claim_agree=True upper=0.948976181048  CERT
441535959,0,1 T   mem=True nz=True ynz=True cond=True claim_agree=True upper=3291.51856567  CERT
448134591,0,1 RHO mem=True nz=True ynz=True cond=True claim_agree=True upper=0.970789642149  CERT
448134591,0,1 T   mem=True nz=True ynz=True cond=True claim_agree=True upper=2377.30349266  CERT
466411073,0,1 RHO mem=True nz=True ynz=True cond=True claim_agree=True upper=0.927616723212  CERT
466411073,0,1 T   mem=True nz=True ynz=True cond=True claim_agree=True upper=2071.08091825  CERT
469434611,0,1 RHO mem=True nz=True ynz=True cond=True claim_agree=True upper=0.948976181048  CERT
469434611,0,1 T   mem=True nz=True ynz=True cond=True claim_agree=True upper=2900.91523385  CERT
531578190,0,1 RHO mem=True nz=True ynz=True cond=True claim_agree=True upper=0.957050016964  CERT
531578190,0,1 T   mem=True nz=True ynz=True cond=True claim_agree=True upper=2088.35847720  CERT
534601728,0,1 RHO mem=True nz=True ynz=True cond=True claim_agree=True upper=0.964647076062  CERT
534601728,0,1 T   mem=True nz=True ynz=True cond=True claim_agree=True upper=2206.00903885  CERT
552878210,0,1 RHO mem=True nz=True ynz=True cond=True claim_agree=True upper=0.903452904766  CERT
552878210,0,1 T   mem=True nz=True ynz=True cond=True claim_agree=True upper=1612.54670742  CERT
559476842,0,1 RHO mem=True nz=True ynz=True cond=True claim_agree=True upper=0.957050016964  CERT
559476842,0,1 T   mem=True nz=True ynz=True cond=True claim_agree=True upper=2980.46949039  CERT
559748590,0,1 RHO mem=True nz=True ynz=True cond=True claim_agree=True upper=0.960538716210  CERT
559748590,0,1 T   mem=True nz=True ynz=True cond=True claim_agree=True upper=3208.43183783  CERT
618661447,0,1 RHO mem=True nz=True ynz=True cond=True claim_agree=True upper=0.949134573832  CERT
618661447,0,1 T   mem=True nz=True ynz=True cond=True claim_agree=True upper=2496.44493812  CERT
630088469,0,1 RHO mem=True nz=True ynz=True cond=True claim_agree=True upper=0.949134573832  CERT
630088469,0,1 T   mem=True nz=True ynz=True cond=True claim_agree=True upper=2068.91199091  CERT
683091531,0,1 RHO mem=True nz=True ynz=True cond=True claim_agree=True upper=0.903452904766  CERT
683091531,0,1 T   mem=True nz=True ynz=True cond=True claim_agree=True upper=2410.91326185  CERT
740707163,0,1 RHO mem=True nz=True ynz=True cond=True claim_agree=True upper=0.920885806835  CERT
740707163,0,1 T   mem=True nz=True ynz=True cond=True claim_agree=True upper=2661.90288869  CERT
751705703,0,1 RHO mem=True nz=True ynz=True cond=True claim_agree=True upper=0.967682494021  CERT
751705703,0,1 T   mem=True nz=True ynz=True cond=True claim_agree=True upper=2122.66538485  CERT
762159992,0,1 RHO mem=True nz=True ynz=True cond=True claim_agree=True upper=0.957868959965  CERT
762159992,0,1 T   mem=True nz=True ynz=True cond=True claim_agree=True upper=2268.48392415  CERT
854074766,0,1 RHO mem=True nz=True ynz=True cond=True claim_agree=True upper=0.953838351166  CERT
854074766,0,1 T   mem=True nz=True ynz=True cond=True claim_agree=True upper=2582.45762484  CERT
898464245,0,1 RHO mem=True nz=True ynz=True cond=True claim_agree=True upper=0.927616723212  CERT
898464245,0,1 T   mem=True nz=True ynz=True cond=True claim_agree=True upper=2444.88348929  CERT
900898603,0,1 RHO mem=True nz=True ynz=True cond=True claim_agree=True upper=0.920885806835  CERT
900898603,0,1 T   mem=True nz=True ynz=True cond=True claim_agree=True upper=2691.44042281  CERT
943735124,0,1 RHO mem=True nz=True ynz=True cond=True claim_agree=True upper=0.957868959965  CERT
943735124,0,1 T   mem=True nz=True ynz=True cond=True claim_agree=True upper=1893.11812010  CERT
980762464,0,1 RHO mem=True nz=True ynz=True cond=True claim_agree=True upper=0.937584748554  CERT
980762464,0,1 T   mem=True nz=True ynz=True cond=True claim_agree=True upper=2217.77428710  CERT
FAMILY VERIFY n=7 l=1001012801 : EXCLUDED (components certified 32 / 32 ; lines 64 ; failed lines 0)
FAMILY VERIFY PASS
