FACTORIZATION: 32 irreducible factors of degree 2 over F_1000959809: OK
40486893,0,1 RHO mem=True nz=True ynz=True cond=True claim_agree=True upper=0.924695339383  CERT
40486893,0,1 T   mem=True nz=True ynz=True cond=True claim_agree=True upper=2831.39601595  CERT
89558589,0,1 RHO mem=True nz=True ynz=True cond=True claim_agree=True upper=0.918252431498  CERT
89558589,0,1 T   mem=True nz=True ynz=True cond=True claim_agree=True upper=2234.94540354  CERT
93825379,0,1 RHO mem=True nz=True ynz=True cond=True claim_agree=True upper=0.913801237030  CERT
93825379,0,1 T   mem=True nz=True ynz=True cond=True claim_agree=True upper=2035.45534031  CERT
95381031,0,1 RHO mem=True nz=True ynz=True cond=True claim_agree=True upper=0.942589673142  CERT
95381031,0,1 T   mem=True nz=True ynz=True cond=True claim_agree=True upper=1754.33278210  CERT
154300114,0,1 RHO mem=True nz=True ynz=True cond=True claim_agree=True upper=0.914599284510  CERT
154300114,0,1 T   mem=True nz=True ynz=True cond=True claim_agree=True upper=2314.40897303  CERT
162314007,0,1 RHO mem=True nz=True ynz=True cond=True claim_agree=True upper=0.945167328782  CERT
162314007,0,1 T   mem=True nz=True ynz=True cond=True claim_agree=True upper=2732.02173111  CERT
215867630,0,1 RHO mem=True nz=True ynz=True cond=True claim_agree=True upper=0.913801237030  CERT
215867630,0,1 T   mem=True nz=True ynz=True cond=True claim_agree=True upper=2018.89926940  CERT
245856675,0,1 RHO mem=True nz=True ynz=True cond=True claim_agree=True upper=0.925538130852  CERT
245856675,0,1 T   mem=True nz=True ynz=True cond=True claim_agree=True upper=1824.37423802  CERT
252748528,0,1 RHO mem=True nz=True ynz=True cond=True claim_agree=True upper=0.942173507184  CERT
252748528,0,1 T   mem=True nz=True ynz=True cond=True claim_agree=True upper=3011.79919375  CERT
263796799,0,1 RHO mem=True nz=True ynz=True cond=True claim_agree=True upper=0.938934711356  CERT
263796799,0,1 T   mem=True nz=True ynz=True cond=True claim_agree=True upper=2579.23195666  CERT
319778404,0,1 RHO mem=True nz=True ynz=True cond=True claim_agree=True upper=0.942589673142  CERT
319778404,0,1 T   mem=True nz=True ynz=True cond=True claim_agree=True upper=2401.72330753  CERT
371239336,0,1 RHO mem=True nz=True ynz=True cond=True claim_agree=True upper=0.942173507184  CERT
371239336,0,1 T   mem=True nz=True ynz=True cond=True claim_agree=True upper=2554.04939385  CERT
385098171,0,1 RHO mem=True nz=True ynz=True cond=True claim_agree=True upper=0.924695339383  CERT
385098171,0,1 T   mem=True nz=True ynz=True cond=True claim_agree=True upper=1946.99885182  CERT
407953275,0,1 RHO mem=True nz=True ynz=True cond=True claim_agree=True upper=0.918252431498  CERT
407953275,0,1 T   mem=True nz=True ynz=True cond=True claim_agree=True upper=2125.71042272  CERT
461347374,0,1 RHO mem=True nz=True ynz=True cond=True claim_agree=True upper=0.953134351783  CERT
461347374,0,1 T   mem=True nz=True ynz=True cond=True claim_agree=True upper=2863.85674974  CERT
494396330,0,1 RHO mem=True nz=True ynz=True cond=True claim_agree=True upper=0.945167328782  CERT
494396330,0,1 T   mem=True nz=True ynz=True cond=True claim_agree=True upper=2400.96104165  CERT
506563479,0,1 RHO mem=True nz=True ynz=True cond=True claim_agree=True upper=0.936531336246  CERT
506563479,0,1 T   mem=True nz=True ynz=True cond=True claim_agree=True upper=2341.86518949  CERT
539612435,0,1 RHO mem=True nz=True ynz=True cond=True claim_agree=True upper=0.914599284510  CERT
539612435,0,1 T   mem=True nz=True ynz=True cond=True claim_agree=True upper=2281.18893029  CERT
593006534,0,1 RHO mem=True nz=True ynz=True cond=True claim_agree=True upper=0.948314988220  CERT
593006534,0,1 T   mem=True nz=True ynz=True cond=True claim_agree=True upper=2599.42164725  CERT
615861638,0,1 RHO mem=True nz=True ynz=True cond=True claim_agree=True upper=0.955031139816  CERT
615861638,0,1 T   mem=True nz=True ynz=True cond=True claim_agree=True upper=2424.72925854  CERT
629720473,0,1 RHO mem=True nz=True ynz=True cond=True claim_agree=True upper=0.908854856489  CERT
629720473,0,1 T   mem=True nz=True ynz=True cond=True claim_agree=True upper=2103.80849769  CERT
681181405,0,1 RHO mem=True nz=True ynz=True cond=True claim_agree=True upper=0.934446580698  CERT
681181405,0,1 T   mem=True nz=True ynz=True cond=True claim_agree=True upper=2143.02098299  CERT
737163010,0,1 RHO mem=True nz=True ynz=True cond=True claim_agree=True upper=0.925538130852  CERT
737163010,0,1 T   mem=True nz=True ynz=True cond=True claim_agree=True upper=2083.36175594  CERT
748211281,0,1 RHO mem=True nz=True ynz=True cond=True claim_agree=True upper=0.908854856489  CERT
748211281,0,1 T   mem=True nz=True ynz=True cond=True claim_agree=True upper=2788.82930738  CERT
755103134,0,1 RHO mem=True nz=True ynz=True cond=True claim_agree=True upper=0.938934711356  CERT
755103134,0,1 T   mem=True nz=True ynz=True cond=True claim_agree=True upper=2056.49752268  CERT
785092179,0,1 RHO mem=True nz=True ynz=True cond=True claim_agree=True upper=0.947367629928  CERT
785092179,0,1 T   mem=True nz=True ynz=True cond=True claim_agree=True upper=2355.37709936  CERT
838645802,0,1 RHO mem=True nz=True ynz=True cond=True claim_agree=True upper=0.936531336246  CERT
838645802,0,1 T   mem=True nz=True ynz=True cond=True claim_agree=True upper=2370.30182344  CERT
846659695,0,1 RHO mem=True nz=True ynz=True cond=True claim_agree=True upper=0.953134351783  CERT
846659695,0,1 T   mem=True nz=True ynz=True cond=True claim_agree=True upper=3319.23606963  CERT
905578778,0,1 RHO mem=True nz=True ynz=True cond=True claim_agree=True upper=0.934446580698  CERT
905578778,0,1 T   mem=True nz=True ynz=True cond=True claim_agree=True upper=2441.76221893  CERT
907134430,0,1 RHO mem=True nz=True ynz=True cond=True claim_agree=True upper=0.947367629928  CERT
907134430,0,1 T   mem=True nz=True ynz=True cond=True claim_agree=True upper=1898.96092023  CERT
911401220,0,1 RHO mem=True nz=True ynz=True cond=True claim_agree=True upper=0.948314988220  CERT
911401220,0,1 T   mem=True nz=True ynz=True cond=True claim_agree=True upper=2396.29928573  CERT
960472916,0,1 RHO mem=True nz=True ynz=True cond=True claim_agree=True upper=0.955031139816  CERT
960472916,0,1 T   mem=True nz=True ynz=True cond=True claim_agree=True upper=3384.07666692  CERT
FAMILY VERIFY n=7 l=1000959809 : EXCLUDED (components certified 32 / 32 ; lines 64 ; failed lines 0)
FAMILY VERIFY PASS
