FACTORIZATION: 32 irreducible factors of degree 2 over F_1000949569: OK
15558171,0,1 RHO mem=True nz=True ynz=True cond=True claim_agree=True upper=0.950115626873  CERT
15558171,0,1 T   mem=True nz=True ynz=True cond=True claim_agree=True upper=2644.74649000  CERT
33280876,0,1 RHO mem=True nz=True ynz=True cond=True claim_agree=True upper=0.953733419112  CERT
33280876,0,1 T   mem=True nz=True ynz=True cond=True claim_agree=True upper=2892.59153774  CERT
116438341,0,1 RHO mem=True nz=True ynz=True cond=True claim_agree=True upper=0.903450012265  CERT
116438341,0,1 T   mem=True nz=True ynz=True cond=True claim_agree=True upper=2014.52156565  CERT
152469470,0,1 RHO mem=True nz=True ynz=True cond=True claim_agree=True upper=0.947979701214  CERT
152469470,0,1 T   mem=True nz=True ynz=True cond=True claim_agree=True upper=2431.03189585  CERT
179916380,0,1 RHO mem=True nz=True ynz=True cond=True claim_agree=True upper=0.903450012265  CERT
179916380,0,1 T   mem=True nz=True ynz=True cond=True claim_agree=True upper=2166.04121941  CERT
188860020,0,1 RHO mem=True nz=True ynz=True cond=True claim_agree=True upper=0.937576615630  CERT
188860020,0,1 T   mem=True nz=True ynz=True cond=True claim_agree=True upper=2568.09736375  CERT
199603575,0,1 RHO mem=True nz=True ynz=True cond=True claim_agree=True upper=0.926936909884  CERT
199603575,0,1 T   mem=True nz=True ynz=True cond=True claim_agree=True upper=2691.53261453  CERT
207564838,0,1 RHO mem=True nz=True ynz=True cond=True claim_agree=True upper=0.937576615630  CERT
207564838,0,1 T   mem=True nz=True ynz=True cond=True claim_agree=True upper=3461.76351986  CERT
315990483,0,1 RHO mem=True nz=True ynz=True cond=True claim_agree=True upper=0.923187135880  CERT
315990483,0,1 T   mem=True nz=True ynz=True cond=True claim_agree=True upper=2565.90274977  CERT
332996508,0,1 RHO mem=True nz=True ynz=True cond=True claim_agree=True upper=0.938858392784  CERT
332996508,0,1 T   mem=True nz=True ynz=True cond=True claim_agree=True upper=2503.52549260  CERT
395676171,0,1 RHO mem=True nz=True ynz=True cond=True claim_agree=True upper=0.964332202172  CERT
395676171,0,1 T   mem=True nz=True ynz=True cond=True claim_agree=True upper=2239.68753696  CERT
397869357,0,1 RHO mem=True nz=True ynz=True cond=True claim_agree=True upper=0.947979701214  CERT
397869357,0,1 T   mem=True nz=True ynz=True cond=True claim_agree=True upper=2114.42421366  CERT
415039461,0,1 RHO mem=True nz=True ynz=True cond=True claim_agree=True upper=0.929909342808  CERT
415039461,0,1 T   mem=True nz=True ynz=True cond=True claim_agree=True upper=1953.19257243  CERT
440164826,0,1 RHO mem=True nz=True ynz=True cond=True claim_agree=True upper=0.942792497076  CERT
440164826,0,1 T   mem=True nz=True ynz=True cond=True claim_agree=True upper=2125.12870108  CERT
466854120,0,1 RHO mem=True nz=True ynz=True cond=True claim_agree=True upper=0.938858392784  CERT
466854120,0,1 T   mem=True nz=True ynz=True cond=True claim_agree=True upper=2811.56768797  CERT
483908708,0,1 RHO mem=True nz=True ynz=True cond=True claim_agree=True upper=0.948445179334  CERT
483908708,0,1 T   mem=True nz=True ynz=True cond=True claim_agree=True upper=2992.34082167  CERT
517040861,0,1 RHO mem=True nz=True ynz=True cond=True claim_agree=True upper=0.923187135880  CERT
517040861,0,1 T   mem=True nz=True ynz=True cond=True claim_agree=True upper=2098.57181500  CERT
534095449,0,1 RHO mem=True nz=True ynz=True cond=True claim_agree=True upper=0.955862472176  CERT
534095449,0,1 T   mem=True nz=True ynz=True cond=True claim_agree=True upper=2363.06463897  CERT
560784743,0,1 RHO mem=True nz=True ynz=True cond=True claim_agree=True upper=0.950115626873  CERT
560784743,0,1 T   mem=True nz=True ynz=True cond=True claim_agree=True upper=2478.06974159  CERT
585910108,0,1 RHO mem=True nz=True ynz=True cond=True claim_agree=True upper=0.953733419112  CERT
585910108,0,1 T   mem=True nz=True ynz=True cond=True claim_agree=True upper=2392.06386516  CERT
603080212,0,1 RHO mem=True nz=True ynz=True cond=True claim_agree=True upper=0.952246380182  CERT
603080212,0,1 T   mem=True nz=True ynz=True cond=True claim_agree=True upper=2857.25158294  CERT
605273398,0,1 RHO mem=True nz=True ynz=True cond=True claim_agree=True upper=0.926936909884  CERT
605273398,0,1 T   mem=True nz=True ynz=True cond=True claim_agree=True upper=2394.02695957  CERT
667953061,0,1 RHO mem=True nz=True ynz=True cond=True claim_agree=True upper=0.955862472176  CERT
667953061,0,1 T   mem=True nz=True ynz=True cond=True claim_agree=True upper=2856.44807327  CERT
684959086,0,1 RHO mem=True nz=True ynz=True cond=True claim_agree=True upper=0.948445179334  CERT
684959086,0,1 T   mem=True nz=True ynz=True cond=True claim_agree=True upper=2691.24181637  CERT
793384731,0,1 RHO mem=True nz=True ynz=True cond=True claim_agree=True upper=0.972865772636  CERT
793384731,0,1 T   mem=True nz=True ynz=True cond=True claim_agree=True upper=2903.14357078  CERT
801345994,0,1 RHO mem=True nz=True ynz=True cond=True claim_agree=True upper=0.964332202172  CERT
801345994,0,1 T   mem=True nz=True ynz=True cond=True claim_agree=True upper=2510.55048694  CERT
812089549,0,1 RHO mem=True nz=True ynz=True cond=True claim_agree=True upper=0.972865772636  CERT
812089549,0,1 T   mem=True nz=True ynz=True cond=True claim_agree=True upper=2038.22656617  CERT
821033189,0,1 RHO mem=True nz=True ynz=True cond=True claim_agree=True upper=0.967089710866  CERT
821033189,0,1 T   mem=True nz=True ynz=True cond=True claim_agree=True upper=2704.44383551  CERT
848480099,0,1 RHO mem=True nz=True ynz=True cond=True claim_agree=True upper=0.952246380182  CERT
848480099,0,1 T   mem=True nz=True ynz=True cond=True claim_agree=True upper=2159.79016219  CERT
884511228,0,1 RHO mem=True nz=True ynz=True cond=True claim_agree=True upper=0.967089710866  CERT
884511228,0,1 T   mem=True nz=True ynz=True cond=True claim_agree=True upper=2565.56115922  CERT
967668693,0,1 RHO mem=True nz=True ynz=True cond=True claim_agree=True upper=0.929909342808  CERT
967668693,0,1 T   mem=True nz=True ynz=True cond=True claim_agree=True upper=2197.88358920  CERT
985391398,0,1 RHO mem=True nz=True ynz=True cond=True claim_agree=True upper=0.942792497076  CERT
985391398,0,1 T   mem=True nz=True ynz=True cond=True claim_agree=True upper=2129.36567474  CERT
FAMILY VERIFY n=7 l=1000949569 : EXCLUDED (components certified 32 / 32 ; lines 64 ; failed lines 0)
FAMILY VERIFY PASS
