FACTORIZATION: 32 irreducible factors of degree 2 over F_1000239041: OK
47432899,0,1 RHO mem=True nz=True ynz=True cond=True claim_agree=True upper=0.893525596110  CERT
47432899,0,1 T   mem=True nz=True ynz=True cond=True claim_agree=True upper=1530.30718585  CERT
92482634,0,1 RHO mem=True nz=True ynz=True cond=True claim_agree=True upper=0.919894759934  CERT
92482634,0,1 T   mem=True nz=True ynz=True cond=True claim_agree=True upper=2471.10472605  CERT
163262514,0,1 RHO mem=True nz=True ynz=True cond=True claim_agree=True upper=0.867066662686  CERT
163262514,0,1 T   mem=True nz=True ynz=True cond=True claim_agree=True upper=2409.33317075  CERT
169946949,0,1 RHO mem=True nz=True ynz=True cond=True claim_agree=True upper=0.893525596110  CERT
169946949,0,1 T   mem=True nz=True ynz=True cond=True claim_agree=True upper=2306.68732673  CERT
174305999,0,1 RHO mem=True nz=True ynz=True cond=True claim_agree=True upper=0.849031746193  CERT
174305999,0,1 T   mem=True nz=True ynz=True cond=True claim_agree=True upper=1841.29858408  CERT
176225967,0,1 RHO mem=True nz=True ynz=True cond=True claim_agree=True upper=0.907500797629  CERT
176225967,0,1 T   mem=True nz=True ynz=True cond=True claim_agree=True upper=2281.62530061  CERT
220178227,0,1 RHO mem=True nz=True ynz=True cond=True claim_agree=True upper=0.891245734609  CERT
220178227,0,1 T   mem=True nz=True ynz=True cond=True claim_agree=True upper=2034.62744280  CERT
222237816,0,1 RHO mem=True nz=True ynz=True cond=True claim_agree=True upper=0.896822886895  CERT
222237816,0,1 T   mem=True nz=True ynz=True cond=True claim_agree=True upper=1858.52356431  CERT
231059726,0,1 RHO mem=True nz=True ynz=True cond=True claim_agree=True upper=0.886222663360  CERT
231059726,0,1 T   mem=True nz=True ynz=True cond=True claim_agree=True upper=1956.48697346  CERT
261335663,0,1 RHO mem=True nz=True ynz=True cond=True claim_agree=True upper=0.870917730124  CERT
261335663,0,1 T   mem=True nz=True ynz=True cond=True claim_agree=True upper=1947.37926044  CERT
261967852,0,1 RHO mem=True nz=True ynz=True cond=True claim_agree=True upper=0.919894759934  CERT
261967852,0,1 T   mem=True nz=True ynz=True cond=True claim_agree=True upper=2119.83456299  CERT
306459499,0,1 RHO mem=True nz=True ynz=True cond=True claim_agree=True upper=0.866797351290  CERT
306459499,0,1 T   mem=True nz=True ynz=True cond=True claim_agree=True upper=1570.30923677  CERT
313002999,0,1 RHO mem=True nz=True ynz=True cond=True claim_agree=True upper=0.884015973992  CERT
313002999,0,1 T   mem=True nz=True ynz=True cond=True claim_agree=True upper=2001.04620946  CERT
379541070,0,1 RHO mem=True nz=True ynz=True cond=True claim_agree=True upper=0.866797351290  CERT
379541070,0,1 T   mem=True nz=True ynz=True cond=True claim_agree=True upper=1833.51402947  CERT
402264945,0,1 RHO mem=True nz=True ynz=True cond=True claim_agree=True upper=0.819153262519  CERT
402264945,0,1 T   mem=True nz=True ynz=True cond=True claim_agree=True upper=1860.46694860  CERT
409459557,0,1 RHO mem=True nz=True ynz=True cond=True claim_agree=True upper=0.915796646395  CERT
409459557,0,1 T   mem=True nz=True ynz=True cond=True claim_agree=True upper=2322.94627360  CERT
590779484,0,1 RHO mem=True nz=True ynz=True cond=True claim_agree=True upper=0.870917730124  CERT
590779484,0,1 T   mem=True nz=True ynz=True cond=True claim_agree=True upper=1423.69218435  CERT
597974096,0,1 RHO mem=True nz=True ynz=True cond=True claim_agree=True upper=0.867066662686  CERT
597974096,0,1 T   mem=True nz=True ynz=True cond=True claim_agree=True upper=2219.79490951  CERT
620697971,0,1 RHO mem=True nz=True ynz=True cond=True claim_agree=True upper=0.904765548446  CERT
620697971,0,1 T   mem=True nz=True ynz=True cond=True claim_agree=True upper=1936.34157549  CERT
687236042,0,1 RHO mem=True nz=True ynz=True cond=True claim_agree=True upper=0.907500797629  CERT
687236042,0,1 T   mem=True nz=True ynz=True cond=True claim_agree=True upper=2126.59908127  CERT
693779542,0,1 RHO mem=True nz=True ynz=True cond=True claim_agree=True upper=0.904765548446  CERT
693779542,0,1 T   mem=True nz=True ynz=True cond=True claim_agree=True upper=1599.94653332  CERT
738271189,0,1 RHO mem=True nz=True ynz=True cond=True claim_agree=True upper=0.838085515777  CERT
738271189,0,1 T   mem=True nz=True ynz=True cond=True claim_agree=True upper=1763.84969453  CERT
738903378,0,1 RHO mem=True nz=True ynz=True cond=True claim_agree=True upper=0.915796646395  CERT
738903378,0,1 T   mem=True nz=True ynz=True cond=True claim_agree=True upper=1963.36342078  CERT
769179315,0,1 RHO mem=True nz=True ynz=True cond=True claim_agree=True upper=0.896822886895  CERT
769179315,0,1 T   mem=True nz=True ynz=True cond=True claim_agree=True upper=1802.27922523  CERT
778001225,0,1 RHO mem=True nz=True ynz=True cond=True claim_agree=True upper=0.886222663360  CERT
778001225,0,1 T   mem=True nz=True ynz=True cond=True claim_agree=True upper=1547.63659053  CERT
780060814,0,1 RHO mem=True nz=True ynz=True cond=True claim_agree=True upper=0.849031746193  CERT
780060814,0,1 T   mem=True nz=True ynz=True cond=True claim_agree=True upper=2128.33652638  CERT
824013074,0,1 RHO mem=True nz=True ynz=True cond=True claim_agree=True upper=0.884015973992  CERT
824013074,0,1 T   mem=True nz=True ynz=True cond=True claim_agree=True upper=1941.92463144  CERT
825933042,0,1 RHO mem=True nz=True ynz=True cond=True claim_agree=True upper=0.891245734609  CERT
825933042,0,1 T   mem=True nz=True ynz=True cond=True claim_agree=True upper=2087.90639637  CERT
830292092,0,1 RHO mem=True nz=True ynz=True cond=True claim_agree=True upper=0.881358505431  CERT
830292092,0,1 T   mem=True nz=True ynz=True cond=True claim_agree=True upper=1697.02413401  CERT
836976527,0,1 RHO mem=True nz=True ynz=True cond=True claim_agree=True upper=0.819153262519  CERT
836976527,0,1 T   mem=True nz=True ynz=True cond=True claim_agree=True upper=2076.78208137  CERT
907756407,0,1 RHO mem=True nz=True ynz=True cond=True claim_agree=True upper=0.838085515777  CERT
907756407,0,1 T   mem=True nz=True ynz=True cond=True claim_agree=True upper=2065.48165172  CERT
952806142,0,1 RHO mem=True nz=True ynz=True cond=True claim_agree=True upper=0.881358505431  CERT
952806142,0,1 T   mem=True nz=True ynz=True cond=True claim_agree=True upper=1942.92403258  CERT
FAMILY VERIFY n=7 l=1000239041 : EXCLUDED (components certified 32 / 32 ; lines 64 ; failed lines 0)
FAMILY VERIFY PASS
