FACTORIZATION: 32 irreducible factors of degree 2 over F_1001283649: OK
1969074,0,1 RHO mem=True nz=True ynz=True cond=True claim_agree=True upper=0.944498548263  CERT
1969074,0,1 T   mem=True nz=True ynz=True cond=True claim_agree=True upper=2066.26279427  CERT
24229650,0,1 RHO mem=True nz=True ynz=True cond=True claim_agree=True upper=0.932942798551  CERT
24229650,0,1 T   mem=True nz=True ynz=True cond=True claim_agree=True upper=2684.46299608  CERT
34603401,0,1 RHO mem=True nz=True ynz=True cond=True claim_agree=True upper=0.942735679446  CERT
34603401,0,1 T   mem=True nz=True ynz=True cond=True claim_agree=True upper=2246.21490728  CERT
37446955,0,1 RHO mem=True nz=True ynz=True cond=True claim_agree=True upper=0.936657000505  CERT
37446955,0,1 T   mem=True nz=True ynz=True cond=True claim_agree=True upper=2485.42443461  CERT
72601416,0,1 RHO mem=True nz=True ynz=True cond=True claim_agree=True upper=0.948362466716  CERT
72601416,0,1 T   mem=True nz=True ynz=True cond=True claim_agree=True upper=3364.45147103  CERT
101214544,0,1 RHO mem=True nz=True ynz=True cond=True claim_agree=True upper=0.914069255748  CERT
101214544,0,1 T   mem=True nz=True ynz=True cond=True claim_agree=True upper=2076.69759837  CERT
109015809,0,1 RHO mem=True nz=True ynz=True cond=True claim_agree=True upper=0.944498548263  CERT
109015809,0,1 T   mem=True nz=True ynz=True cond=True claim_agree=True upper=2315.40551125  CERT
111973454,0,1 RHO mem=True nz=True ynz=True cond=True claim_agree=True upper=0.931393795770  CERT
111973454,0,1 T   mem=True nz=True ynz=True cond=True claim_agree=True upper=2334.57417463  CERT
138642499,0,1 RHO mem=True nz=True ynz=True cond=True claim_agree=True upper=0.929735991126  CERT
138642499,0,1 T   mem=True nz=True ynz=True cond=True claim_agree=True upper=2757.73369116  CERT
198499656,0,1 RHO mem=True nz=True ynz=True cond=True claim_agree=True upper=0.929735991126  CERT
198499656,0,1 T   mem=True nz=True ynz=True cond=True claim_agree=True upper=2615.15184639  CERT
205613628,0,1 RHO mem=True nz=True ynz=True cond=True claim_agree=True upper=0.948362466716  CERT
205613628,0,1 T   mem=True nz=True ynz=True cond=True claim_agree=True upper=2508.48304593  CERT
341886000,0,1 RHO mem=True nz=True ynz=True cond=True claim_agree=True upper=0.970451311151  CERT
341886000,0,1 T   mem=True nz=True ynz=True cond=True claim_agree=True upper=2287.53016055  CERT
357556512,0,1 RHO mem=True nz=True ynz=True cond=True claim_agree=True upper=0.949988747810  CERT
357556512,0,1 T   mem=True nz=True ynz=True cond=True claim_agree=True upper=2681.41781179  CERT
364203663,0,1 RHO mem=True nz=True ynz=True cond=True claim_agree=True upper=0.938839656819  CERT
364203663,0,1 T   mem=True nz=True ynz=True cond=True claim_agree=True upper=2652.19124025  CERT
415853960,0,1 RHO mem=True nz=True ynz=True cond=True claim_agree=True upper=0.936263409421  CERT
415853960,0,1 T   mem=True nz=True ynz=True cond=True claim_agree=True upper=2191.33604322  CERT
436212512,0,1 RHO mem=True nz=True ynz=True cond=True claim_agree=True upper=0.948371503392  CERT
436212512,0,1 T   mem=True nz=True ynz=True cond=True claim_agree=True upper=2367.35122906  CERT
565071137,0,1 RHO mem=True nz=True ynz=True cond=True claim_agree=True upper=0.936657000505  CERT
565071137,0,1 T   mem=True nz=True ynz=True cond=True claim_agree=True upper=2870.20553372  CERT
585429689,0,1 RHO mem=True nz=True ynz=True cond=True claim_agree=True upper=0.938839656819  CERT
585429689,0,1 T   mem=True nz=True ynz=True cond=True claim_agree=True upper=2675.54582117  CERT
637079986,0,1 RHO mem=True nz=True ynz=True cond=True claim_agree=True upper=0.936263409421  CERT
637079986,0,1 T   mem=True nz=True ynz=True cond=True claim_agree=True upper=2373.46576718  CERT
643727137,0,1 RHO mem=True nz=True ynz=True cond=True claim_agree=True upper=0.970451311151  CERT
643727137,0,1 T   mem=True nz=True ynz=True cond=True claim_agree=True upper=3012.42954597  CERT
659397649,0,1 RHO mem=True nz=True ynz=True cond=True claim_agree=True upper=0.949988747810  CERT
659397649,0,1 T   mem=True nz=True ynz=True cond=True claim_agree=True upper=2287.05500739  CERT
795670021,0,1 RHO mem=True nz=True ynz=True cond=True claim_agree=True upper=0.941120280008  CERT
795670021,0,1 T   mem=True nz=True ynz=True cond=True claim_agree=True upper=2273.69249702  CERT
802783993,0,1 RHO mem=True nz=True ynz=True cond=True claim_agree=True upper=0.951405395043  CERT
802783993,0,1 T   mem=True nz=True ynz=True cond=True claim_agree=True upper=2685.90163112  CERT
862641150,0,1 RHO mem=True nz=True ynz=True cond=True claim_agree=True upper=0.951405395043  CERT
862641150,0,1 T   mem=True nz=True ynz=True cond=True claim_agree=True upper=2511.19681169  CERT
889310195,0,1 RHO mem=True nz=True ynz=True cond=True claim_agree=True upper=0.942735679446  CERT
889310195,0,1 T   mem=True nz=True ynz=True cond=True claim_agree=True upper=2788.42552742  CERT
892267840,0,1 RHO mem=True nz=True ynz=True cond=True claim_agree=True upper=0.919862292631  CERT
892267840,0,1 T   mem=True nz=True ynz=True cond=True claim_agree=True upper=2596.67630061  CERT
900069105,0,1 RHO mem=True nz=True ynz=True cond=True claim_agree=True upper=0.932942798551  CERT
900069105,0,1 T   mem=True nz=True ynz=True cond=True claim_agree=True upper=2265.33780922  CERT
928682233,0,1 RHO mem=True nz=True ynz=True cond=True claim_agree=True upper=0.941120280008  CERT
928682233,0,1 T   mem=True nz=True ynz=True cond=True claim_agree=True upper=2399.03975306  CERT
963836694,0,1 RHO mem=True nz=True ynz=True cond=True claim_agree=True upper=0.948371503392  CERT
963836694,0,1 T   mem=True nz=True ynz=True cond=True claim_agree=True upper=2780.31600849  CERT
966680248,0,1 RHO mem=True nz=True ynz=True cond=True claim_agree=True upper=0.931393795770  CERT
966680248,0,1 T   mem=True nz=True ynz=True cond=True claim_agree=True upper=2351.83096830  CERT
977053999,0,1 RHO mem=True nz=True ynz=True cond=True claim_agree=True upper=0.914069255748  CERT
977053999,0,1 T   mem=True nz=True ynz=True cond=True claim_agree=True upper=2492.20671399  CERT
999314575,0,1 RHO mem=True nz=True ynz=True cond=True claim_agree=True upper=0.919862292631  CERT
999314575,0,1 T   mem=True nz=True ynz=True cond=True claim_agree=True upper=1922.17794157  CERT
FAMILY VERIFY n=7 l=1001283649 : EXCLUDED (components certified 32 / 32 ; lines 64 ; failed lines 0)
FAMILY VERIFY PASS
