FACTORIZATION: 32 irreducible factors of degree 2 over F_1000949057: OK
26677334,0,1 RHO mem=True nz=True ynz=True cond=True claim_agree=True upper=0.923205504696  CERT
26677334,0,1 T   mem=True nz=True ynz=True cond=True claim_agree=True upper=1892.56161122  CERT
53474090,0,1 RHO mem=True nz=True ynz=True cond=True claim_agree=True upper=0.970666770552  CERT
53474090,0,1 T   mem=True nz=True ynz=True cond=True claim_agree=True upper=2367.76020217  CERT
90016416,0,1 RHO mem=True nz=True ynz=True cond=True claim_agree=True upper=0.946975325158  CERT
90016416,0,1 T   mem=True nz=True ynz=True cond=True claim_agree=True upper=1938.27450905  CERT
97242276,0,1 RHO mem=True nz=True ynz=True cond=True claim_agree=True upper=0.958496308825  CERT
97242276,0,1 T   mem=True nz=True ynz=True cond=True claim_agree=True upper=2551.47159469  CERT
108957820,0,1 RHO mem=True nz=True ynz=True cond=True claim_agree=True upper=0.957021355092  CERT
108957820,0,1 T   mem=True nz=True ynz=True cond=True claim_agree=True upper=2886.67882216  CERT
133644478,0,1 RHO mem=True nz=True ynz=True cond=True claim_agree=True upper=0.926951654729  CERT
133644478,0,1 T   mem=True nz=True ynz=True cond=True claim_agree=True upper=1736.68638619  CERT
157776657,0,1 RHO mem=True nz=True ynz=True cond=True claim_agree=True upper=0.946975325158  CERT
157776657,0,1 T   mem=True nz=True ynz=True cond=True claim_agree=True upper=2155.30130443  CERT
183947153,0,1 RHO mem=True nz=True ynz=True cond=True claim_agree=True upper=0.946741688020  CERT
183947153,0,1 T   mem=True nz=True ynz=True cond=True claim_agree=True upper=2141.57981757  CERT
230895202,0,1 RHO mem=True nz=True ynz=True cond=True claim_agree=True upper=0.963701256126  CERT
230895202,0,1 T   mem=True nz=True ynz=True cond=True claim_agree=True upper=2284.29434817  CERT
341942925,0,1 RHO mem=True nz=True ynz=True cond=True claim_agree=True upper=0.951445443905  CERT
341942925,0,1 T   mem=True nz=True ynz=True cond=True claim_agree=True upper=2396.53681001  CERT
362944114,0,1 RHO mem=True nz=True ynz=True cond=True claim_agree=True upper=0.932190303733  CERT
362944114,0,1 T   mem=True nz=True ynz=True cond=True claim_agree=True upper=1915.93055017  CERT
377516247,0,1 RHO mem=True nz=True ynz=True cond=True claim_agree=True upper=0.970666770552  CERT
377516247,0,1 T   mem=True nz=True ynz=True cond=True claim_agree=True upper=2341.04889880  CERT
385951543,0,1 RHO mem=True nz=True ynz=True cond=True claim_agree=True upper=0.952352425696  CERT
385951543,0,1 T   mem=True nz=True ynz=True cond=True claim_agree=True upper=2118.76587130  CERT
398255080,0,1 RHO mem=True nz=True ynz=True cond=True claim_agree=True upper=0.926951654729  CERT
398255080,0,1 T   mem=True nz=True ynz=True cond=True claim_agree=True upper=2703.49978540  CERT
412650304,0,1 RHO mem=True nz=True ynz=True cond=True claim_agree=True upper=0.957021355092  CERT
412650304,0,1 T   mem=True nz=True ynz=True cond=True claim_agree=True upper=2546.71923602  CERT
482001623,0,1 RHO mem=True nz=True ynz=True cond=True claim_agree=True upper=0.984420022407  CERT
482001623,0,1 T   mem=True nz=True ynz=True cond=True claim_agree=True upper=2529.60927778  CERT
518947434,0,1 RHO mem=True nz=True ynz=True cond=True claim_agree=True upper=0.946741688020  CERT
518947434,0,1 T   mem=True nz=True ynz=True cond=True claim_agree=True upper=2617.14408395  CERT
588298753,0,1 RHO mem=True nz=True ynz=True cond=True claim_agree=True upper=0.934620522443  CERT
588298753,0,1 T   mem=True nz=True ynz=True cond=True claim_agree=True upper=1779.83785409  CERT
602693977,0,1 RHO mem=True nz=True ynz=True cond=True claim_agree=True upper=0.958640342048  CERT
602693977,0,1 T   mem=True nz=True ynz=True cond=True claim_agree=True upper=2101.47088878  CERT
614997514,0,1 RHO mem=True nz=True ynz=True cond=True claim_agree=True upper=0.951445443905  CERT
614997514,0,1 T   mem=True nz=True ynz=True cond=True claim_agree=True upper=2320.81928776  CERT
623432810,0,1 RHO mem=True nz=True ynz=True cond=True claim_agree=True upper=0.937320028142  CERT
623432810,0,1 T   mem=True nz=True ynz=True cond=True claim_agree=True upper=2041.54857406  CERT
638004943,0,1 RHO mem=True nz=True ynz=True cond=True claim_agree=True upper=0.963701256126  CERT
638004943,0,1 T   mem=True nz=True ynz=True cond=True claim_agree=True upper=2165.74514831  CERT
659006132,0,1 RHO mem=True nz=True ynz=True cond=True claim_agree=True upper=0.952352425696  CERT
659006132,0,1 T   mem=True nz=True ynz=True cond=True claim_agree=True upper=2673.48191661  CERT
770053855,0,1 RHO mem=True nz=True ynz=True cond=True claim_agree=True upper=0.932190303733  CERT
770053855,0,1 T   mem=True nz=True ynz=True cond=True claim_agree=True upper=1954.17951856  CERT
817001904,0,1 RHO mem=True nz=True ynz=True cond=True claim_agree=True upper=0.984420022407  CERT
817001904,0,1 T   mem=True nz=True ynz=True cond=True claim_agree=True upper=2528.49822359  CERT
843172400,0,1 RHO mem=True nz=True ynz=True cond=True claim_agree=True upper=0.950360231620  CERT
843172400,0,1 T   mem=True nz=True ynz=True cond=True claim_agree=True upper=2534.73548282  CERT
867304579,0,1 RHO mem=True nz=True ynz=True cond=True claim_agree=True upper=0.958640342048  CERT
867304579,0,1 T   mem=True nz=True ynz=True cond=True claim_agree=True upper=2322.38687184  CERT
891991237,0,1 RHO mem=True nz=True ynz=True cond=True claim_agree=True upper=0.934620522443  CERT
891991237,0,1 T   mem=True nz=True ynz=True cond=True claim_agree=True upper=1699.37517554  CERT
903706781,0,1 RHO mem=True nz=True ynz=True cond=True claim_agree=True upper=0.923205504696  CERT
903706781,0,1 T   mem=True nz=True ynz=True cond=True claim_agree=True upper=2201.14345616  CERT
910932641,0,1 RHO mem=True nz=True ynz=True cond=True claim_agree=True upper=0.950360231620  CERT
910932641,0,1 T   mem=True nz=True ynz=True cond=True claim_agree=True upper=1913.44247228  CERT
947474967,0,1 RHO mem=True nz=True ynz=True cond=True claim_agree=True upper=0.937320028142  CERT
947474967,0,1 T   mem=True nz=True ynz=True cond=True claim_agree=True upper=2003.82937743  CERT
974271723,0,1 RHO mem=True nz=True ynz=True cond=True claim_agree=True upper=0.958496308825  CERT
974271723,0,1 T   mem=True nz=True ynz=True cond=True claim_agree=True upper=2437.05515127  CERT
FAMILY VERIFY n=7 l=1000949057 : EXCLUDED (components certified 32 / 32 ; lines 64 ; failed lines 0)
FAMILY VERIFY PASS
