FACTORIZATION: 32 irreducible factors of degree 2 over F_1000979137: OK
7183690,0,1 RHO mem=True nz=True ynz=True cond=True claim_agree=True upper=0.941093235158  CERT
7183690,0,1 T   mem=True nz=True ynz=True cond=True claim_agree=True upper=2936.57754869  CERT
16817426,0,1 RHO mem=True nz=True ynz=True cond=True claim_agree=True upper=0.919383385902  CERT
16817426,0,1 T   mem=True nz=True ynz=True cond=True claim_agree=True upper=2255.55761991  CERT
24533626,0,1 RHO mem=True nz=True ynz=True cond=True claim_agree=True upper=0.916933463764  CERT
24533626,0,1 T   mem=True nz=True ynz=True cond=True claim_agree=True upper=2520.81647552  CERT
40108909,0,1 RHO mem=True nz=True ynz=True cond=True claim_agree=True upper=0.898500840031  CERT
40108909,0,1 T   mem=True nz=True ynz=True cond=True claim_agree=True upper=1586.05078508  CERT
82281855,0,1 RHO mem=True nz=True ynz=True cond=True claim_agree=True upper=0.896976625342  CERT
82281855,0,1 T   mem=True nz=True ynz=True cond=True claim_agree=True upper=2056.10468254  CERT
84969568,0,1 RHO mem=True nz=True ynz=True cond=True claim_agree=True upper=0.898500840031  CERT
84969568,0,1 T   mem=True nz=True ynz=True cond=True claim_agree=True upper=2214.56551958  CERT
145280586,0,1 RHO mem=True nz=True ynz=True cond=True claim_agree=True upper=0.970565040738  CERT
145280586,0,1 T   mem=True nz=True ynz=True cond=True claim_agree=True upper=2521.13363026  CERT
158815842,0,1 RHO mem=True nz=True ynz=True cond=True claim_agree=True upper=0.980380432389  CERT
158815842,0,1 T   mem=True nz=True ynz=True cond=True claim_agree=True upper=2570.24021567  CERT
183324119,0,1 RHO mem=True nz=True ynz=True cond=True claim_agree=True upper=0.896531703062  CERT
183324119,0,1 T   mem=True nz=True ynz=True cond=True claim_agree=True upper=1703.42835876  CERT
294127675,0,1 RHO mem=True nz=True ynz=True cond=True claim_agree=True upper=0.919484607432  CERT
294127675,0,1 T   mem=True nz=True ynz=True cond=True claim_agree=True upper=1706.84038252  CERT
436994511,0,1 RHO mem=True nz=True ynz=True cond=True claim_agree=True upper=0.919484607432  CERT
436994511,0,1 T   mem=True nz=True ynz=True cond=True claim_agree=True upper=2381.46844981  CERT
456687516,0,1 RHO mem=True nz=True ynz=True cond=True claim_agree=True upper=0.930801174450  CERT
456687516,0,1 T   mem=True nz=True ynz=True cond=True claim_agree=True upper=2616.00816700  CERT
466101971,0,1 RHO mem=True nz=True ynz=True cond=True claim_agree=True upper=0.927026698322  CERT
466101971,0,1 T   mem=True nz=True ynz=True cond=True claim_agree=True upper=2465.07328656  CERT
485353866,0,1 RHO mem=True nz=True ynz=True cond=True claim_agree=True upper=0.980380432389  CERT
485353866,0,1 T   mem=True nz=True ynz=True cond=True claim_agree=True upper=2513.33712254  CERT
496470503,0,1 RHO mem=True nz=True ynz=True cond=True claim_agree=True upper=0.931687614637  CERT
496470503,0,1 T   mem=True nz=True ynz=True cond=True claim_agree=True upper=2220.64136807  CERT
500374068,0,1 RHO mem=True nz=True ynz=True cond=True claim_agree=True upper=0.964450598151  CERT
500374068,0,1 T   mem=True nz=True ynz=True cond=True claim_agree=True upper=2594.37425219  CERT
500605069,0,1 RHO mem=True nz=True ynz=True cond=True claim_agree=True upper=0.931687614637  CERT
500605069,0,1 T   mem=True nz=True ynz=True cond=True claim_agree=True upper=2517.21147578  CERT
504508634,0,1 RHO mem=True nz=True ynz=True cond=True claim_agree=True upper=0.964450598151  CERT
504508634,0,1 T   mem=True nz=True ynz=True cond=True claim_agree=True upper=2424.27526527  CERT
515625271,0,1 RHO mem=True nz=True ynz=True cond=True claim_agree=True upper=0.906729586998  CERT
515625271,0,1 T   mem=True nz=True ynz=True cond=True claim_agree=True upper=2127.36171324  CERT
534877166,0,1 RHO mem=True nz=True ynz=True cond=True claim_agree=True upper=0.896531703062  CERT
534877166,0,1 T   mem=True nz=True ynz=True cond=True claim_agree=True upper=2061.27598677  CERT
544291621,0,1 RHO mem=True nz=True ynz=True cond=True claim_agree=True upper=0.916933463764  CERT
544291621,0,1 T   mem=True nz=True ynz=True cond=True claim_agree=True upper=1828.48114057  CERT
563984626,0,1 RHO mem=True nz=True ynz=True cond=True claim_agree=True upper=0.925583223002  CERT
563984626,0,1 T   mem=True nz=True ynz=True cond=True claim_agree=True upper=1849.43848764  CERT
706851462,0,1 RHO mem=True nz=True ynz=True cond=True claim_agree=True upper=0.925583223002  CERT
706851462,0,1 T   mem=True nz=True ynz=True cond=True claim_agree=True upper=2252.10933309  CERT
817655018,0,1 RHO mem=True nz=True ynz=True cond=True claim_agree=True upper=0.927026698322  CERT
817655018,0,1 T   mem=True nz=True ynz=True cond=True claim_agree=True upper=2024.41270539  CERT
842163295,0,1 RHO mem=True nz=True ynz=True cond=True claim_agree=True upper=0.906729586998  CERT
842163295,0,1 T   mem=True nz=True ynz=True cond=True claim_agree=True upper=1785.30377672  CERT
855698551,0,1 RHO mem=True nz=True ynz=True cond=True claim_agree=True upper=0.896976625342  CERT
855698551,0,1 T   mem=True nz=True ynz=True cond=True claim_agree=True upper=1795.67968676  CERT
916009569,0,1 RHO mem=True nz=True ynz=True cond=True claim_agree=True upper=0.928994605268  CERT
916009569,0,1 T   mem=True nz=True ynz=True cond=True claim_agree=True upper=2211.00619622  CERT
918697282,0,1 RHO mem=True nz=True ynz=True cond=True claim_agree=True upper=0.970565040738  CERT
918697282,0,1 T   mem=True nz=True ynz=True cond=True claim_agree=True upper=2718.85758389  CERT
960870228,0,1 RHO mem=True nz=True ynz=True cond=True claim_agree=True upper=0.928994605268  CERT
960870228,0,1 T   mem=True nz=True ynz=True cond=True claim_agree=True upper=1828.67385406  CERT
976445511,0,1 RHO mem=True nz=True ynz=True cond=True claim_agree=True upper=0.930801174450  CERT
976445511,0,1 T   mem=True nz=True ynz=True cond=True claim_agree=True upper=2232.35848530  CERT
984161711,0,1 RHO mem=True nz=True ynz=True cond=True claim_agree=True upper=0.941093235158  CERT
984161711,0,1 T   mem=True nz=True ynz=True cond=True claim_agree=True upper=1841.78110831  CERT
993795447,0,1 RHO mem=True nz=True ynz=True cond=True claim_agree=True upper=0.919383385902  CERT
993795447,0,1 T   mem=True nz=True ynz=True cond=True claim_agree=True upper=2638.02136538  CERT
FAMILY VERIFY n=7 l=1000979137 : EXCLUDED (components certified 32 / 32 ; lines 64 ; failed lines 0)
FAMILY VERIFY PASS
