FACTORIZATION: 32 irreducible factors of degree 2 over F_1001248961: OK
2876803,0,1 RHO mem=True nz=True ynz=True cond=True claim_agree=True upper=0.924641723892  CERT
2876803,0,1 T   mem=True nz=True ynz=True cond=True claim_agree=True upper=1931.13953922  CERT
11471742,0,1 RHO mem=True nz=True ynz=True cond=True claim_agree=True upper=0.913017351801  CERT
11471742,0,1 T   mem=True nz=True ynz=True cond=True claim_agree=True upper=1879.17986539  CERT
41131980,0,1 RHO mem=True nz=True ynz=True cond=True claim_agree=True upper=0.941062412586  CERT
41131980,0,1 T   mem=True nz=True ynz=True cond=True claim_agree=True upper=2097.73781041  CERT
111034114,0,1 RHO mem=True nz=True ynz=True cond=True claim_agree=True upper=0.930996547210  CERT
111034114,0,1 T   mem=True nz=True ynz=True cond=True claim_agree=True upper=1891.35556699  CERT
114834021,0,1 RHO mem=True nz=True ynz=True cond=True claim_agree=True upper=0.936123700599  CERT
114834021,0,1 T   mem=True nz=True ynz=True cond=True claim_agree=True upper=2522.64622768  CERT
170212840,0,1 RHO mem=True nz=True ynz=True cond=True claim_agree=True upper=0.917890964195  CERT
170212840,0,1 T   mem=True nz=True ynz=True cond=True claim_agree=True upper=2390.05631874  CERT
214217460,0,1 RHO mem=True nz=True ynz=True cond=True claim_agree=True upper=0.934113886753  CERT
214217460,0,1 T   mem=True nz=True ynz=True cond=True claim_agree=True upper=2315.65705262  CERT
216663194,0,1 RHO mem=True nz=True ynz=True cond=True claim_agree=True upper=0.933874442350  CERT
216663194,0,1 T   mem=True nz=True ynz=True cond=True claim_agree=True upper=2624.80462557  CERT
289776744,0,1 RHO mem=True nz=True ynz=True cond=True claim_agree=True upper=0.930143873986  CERT
289776744,0,1 T   mem=True nz=True ynz=True cond=True claim_agree=True upper=2876.59659491  CERT
324340855,0,1 RHO mem=True nz=True ynz=True cond=True claim_agree=True upper=0.877139290985  CERT
324340855,0,1 T   mem=True nz=True ynz=True cond=True claim_agree=True upper=1708.68149508  CERT
345668592,0,1 RHO mem=True nz=True ynz=True cond=True claim_agree=True upper=0.917890964195  CERT
345668592,0,1 T   mem=True nz=True ynz=True cond=True claim_agree=True upper=2756.27643263  CERT
351776186,0,1 RHO mem=True nz=True ynz=True cond=True claim_agree=True upper=0.909088282923  CERT
351776186,0,1 T   mem=True nz=True ynz=True cond=True claim_agree=True upper=1757.60687089  CERT
359124731,0,1 RHO mem=True nz=True ynz=True cond=True claim_agree=True upper=0.930143873986  CERT
359124731,0,1 T   mem=True nz=True ynz=True cond=True claim_agree=True upper=2272.24331215  CERT
410630755,0,1 RHO mem=True nz=True ynz=True cond=True claim_agree=True upper=0.862885697333  CERT
410630755,0,1 T   mem=True nz=True ynz=True cond=True claim_agree=True upper=1694.86562461  CERT
472545953,0,1 RHO mem=True nz=True ynz=True cond=True claim_agree=True upper=0.877139290985  CERT
472545953,0,1 T   mem=True nz=True ynz=True cond=True claim_agree=True upper=1634.77697915  CERT
491436360,0,1 RHO mem=True nz=True ynz=True cond=True claim_agree=True upper=0.862885697333  CERT
491436360,0,1 T   mem=True nz=True ynz=True cond=True claim_agree=True upper=1766.09489577  CERT
509812601,0,1 RHO mem=True nz=True ynz=True cond=True claim_agree=True upper=0.974642342591  CERT
509812601,0,1 T   mem=True nz=True ynz=True cond=True claim_agree=True upper=2273.20568423  CERT
528703008,0,1 RHO mem=True nz=True ynz=True cond=True claim_agree=True upper=0.950956260266  CERT
528703008,0,1 T   mem=True nz=True ynz=True cond=True claim_agree=True upper=2286.84756311  CERT
590618206,0,1 RHO mem=True nz=True ynz=True cond=True claim_agree=True upper=0.974642342591  CERT
590618206,0,1 T   mem=True nz=True ynz=True cond=True claim_agree=True upper=2654.69058041  CERT
642124230,0,1 RHO mem=True nz=True ynz=True cond=True claim_agree=True upper=0.912395089051  CERT
642124230,0,1 T   mem=True nz=True ynz=True cond=True claim_agree=True upper=2346.92416690  CERT
649472775,0,1 RHO mem=True nz=True ynz=True cond=True claim_agree=True upper=0.934113886753  CERT
649472775,0,1 T   mem=True nz=True ynz=True cond=True claim_agree=True upper=1857.60452390  CERT
655580369,0,1 RHO mem=True nz=True ynz=True cond=True claim_agree=True upper=0.954561955427  CERT
655580369,0,1 T   mem=True nz=True ynz=True cond=True claim_agree=True upper=1907.39171615  CERT
676908106,0,1 RHO mem=True nz=True ynz=True cond=True claim_agree=True upper=0.950956260266  CERT
676908106,0,1 T   mem=True nz=True ynz=True cond=True claim_agree=True upper=2243.08263042  CERT
711472217,0,1 RHO mem=True nz=True ynz=True cond=True claim_agree=True upper=0.912395089051  CERT
711472217,0,1 T   mem=True nz=True ynz=True cond=True claim_agree=True upper=2049.21238517  CERT
784585767,0,1 RHO mem=True nz=True ynz=True cond=True claim_agree=True upper=0.930996547210  CERT
784585767,0,1 T   mem=True nz=True ynz=True cond=True claim_agree=True upper=2262.19071049  CERT
787031501,0,1 RHO mem=True nz=True ynz=True cond=True claim_agree=True upper=0.909088282923  CERT
787031501,0,1 T   mem=True nz=True ynz=True cond=True claim_agree=True upper=2523.20632407  CERT
831036121,0,1 RHO mem=True nz=True ynz=True cond=True claim_agree=True upper=0.954561955427  CERT
831036121,0,1 T   mem=True nz=True ynz=True cond=True claim_agree=True upper=2931.68985911  CERT
886414940,0,1 RHO mem=True nz=True ynz=True cond=True claim_agree=True upper=0.913017351801  CERT
886414940,0,1 T   mem=True nz=True ynz=True cond=True claim_agree=True upper=3074.75897124  CERT
890214847,0,1 RHO mem=True nz=True ynz=True cond=True claim_agree=True upper=0.933874442350  CERT
890214847,0,1 T   mem=True nz=True ynz=True cond=True claim_agree=True upper=2546.03909830  CERT
960116981,0,1 RHO mem=True nz=True ynz=True cond=True claim_agree=True upper=0.924641723892  CERT
960116981,0,1 T   mem=True nz=True ynz=True cond=True claim_agree=True upper=2842.86757411  CERT
989777219,0,1 RHO mem=True nz=True ynz=True cond=True claim_agree=True upper=0.936123700599  CERT
989777219,0,1 T   mem=True nz=True ynz=True cond=True claim_agree=True upper=2488.46173599  CERT
998372158,0,1 RHO mem=True nz=True ynz=True cond=True claim_agree=True upper=0.941062412586  CERT
998372158,0,1 T   mem=True nz=True ynz=True cond=True claim_agree=True upper=2578.85788160  CERT
FAMILY VERIFY n=7 l=1001248961 : EXCLUDED (components certified 32 / 32 ; lines 64 ; failed lines 0)
FAMILY VERIFY PASS
