FACTORIZATION: 32 irreducible factors of degree 2 over F_1000972993: OK
47770245,0,1 RHO mem=True nz=True ynz=True cond=True claim_agree=True upper=0.951887973046  CERT
47770245,0,1 T   mem=True nz=True ynz=True cond=True claim_agree=True upper=3018.90613385  CERT
50171325,0,1 RHO mem=True nz=True ynz=True cond=True claim_agree=True upper=0.865323423199  CERT
50171325,0,1 T   mem=True nz=True ynz=True cond=True claim_agree=True upper=1520.30658261  CERT
58782058,0,1 RHO mem=True nz=True ynz=True cond=True claim_agree=True upper=0.927467983418  CERT
58782058,0,1 T   mem=True nz=True ynz=True cond=True claim_agree=True upper=2021.61513085  CERT
170684479,0,1 RHO mem=True nz=True ynz=True cond=True claim_agree=True upper=0.883178760323  CERT
170684479,0,1 T   mem=True nz=True ynz=True cond=True claim_agree=True upper=1833.74450106  CERT
189180389,0,1 RHO mem=True nz=True ynz=True cond=True claim_agree=True upper=0.902077001825  CERT
189180389,0,1 T   mem=True nz=True ynz=True cond=True claim_agree=True upper=2476.43049728  CERT
239593758,0,1 RHO mem=True nz=True ynz=True cond=True claim_agree=True upper=0.853898763131  CERT
239593758,0,1 T   mem=True nz=True ynz=True cond=True claim_agree=True upper=1893.08971527  CERT
252835249,0,1 RHO mem=True nz=True ynz=True cond=True claim_agree=True upper=0.915453536489  CERT
252835249,0,1 T   mem=True nz=True ynz=True cond=True claim_agree=True upper=3106.93460205  CERT
327124271,0,1 RHO mem=True nz=True ynz=True cond=True claim_agree=True upper=0.881618053004  CERT
327124271,0,1 T   mem=True nz=True ynz=True cond=True claim_agree=True upper=2777.14290423  CERT
365971839,0,1 RHO mem=True nz=True ynz=True cond=True claim_agree=True upper=0.858782402149  CERT
365971839,0,1 T   mem=True nz=True ynz=True cond=True claim_agree=True upper=2251.66290659  CERT
370534847,0,1 RHO mem=True nz=True ynz=True cond=True claim_agree=True upper=0.902611462125  CERT
370534847,0,1 T   mem=True nz=True ynz=True cond=True claim_agree=True upper=2163.41631974  CERT
399744502,0,1 RHO mem=True nz=True ynz=True cond=True claim_agree=True upper=0.874408531853  CERT
399744502,0,1 T   mem=True nz=True ynz=True cond=True claim_agree=True upper=1606.10577764  CERT
419160057,0,1 RHO mem=True nz=True ynz=True cond=True claim_agree=True upper=0.919077106249  CERT
419160057,0,1 T   mem=True nz=True ynz=True cond=True claim_agree=True upper=2375.32880025  CERT
433649544,0,1 RHO mem=True nz=True ynz=True cond=True claim_agree=True upper=0.929213843759  CERT
433649544,0,1 T   mem=True nz=True ynz=True cond=True claim_agree=True upper=2048.09006210  CERT
471709768,0,1 RHO mem=True nz=True ynz=True cond=True claim_agree=True upper=0.929213843759  CERT
471709768,0,1 T   mem=True nz=True ynz=True cond=True claim_agree=True upper=3048.12483704  CERT
479834928,0,1 RHO mem=True nz=True ynz=True cond=True claim_agree=True upper=0.920014401446  CERT
479834928,0,1 T   mem=True nz=True ynz=True cond=True claim_agree=True upper=2414.63424253  CERT
498132805,0,1 RHO mem=True nz=True ynz=True cond=True claim_agree=True upper=0.951865672572  CERT
498132805,0,1 T   mem=True nz=True ynz=True cond=True claim_agree=True upper=2115.96603663  CERT
502840188,0,1 RHO mem=True nz=True ynz=True cond=True claim_agree=True upper=0.858782402149  CERT
502840188,0,1 T   mem=True nz=True ynz=True cond=True claim_agree=True upper=1984.78683937  CERT
521138065,0,1 RHO mem=True nz=True ynz=True cond=True claim_agree=True upper=0.881618053004  CERT
521138065,0,1 T   mem=True nz=True ynz=True cond=True claim_agree=True upper=1813.83516315  CERT
529263225,0,1 RHO mem=True nz=True ynz=True cond=True claim_agree=True upper=0.863682203905  CERT
529263225,0,1 T   mem=True nz=True ynz=True cond=True claim_agree=True upper=2650.34651336  CERT
567323449,0,1 RHO mem=True nz=True ynz=True cond=True claim_agree=True upper=0.863682203905  CERT
567323449,0,1 T   mem=True nz=True ynz=True cond=True claim_agree=True upper=2066.14652594  CERT
581812936,0,1 RHO mem=True nz=True ynz=True cond=True claim_agree=True upper=0.874408531853  CERT
581812936,0,1 T   mem=True nz=True ynz=True cond=True claim_agree=True upper=2995.76497893  CERT
601228491,0,1 RHO mem=True nz=True ynz=True cond=True claim_agree=True upper=0.919077106249  CERT
601228491,0,1 T   mem=True nz=True ynz=True cond=True claim_agree=True upper=2043.91944716  CERT
630438146,0,1 RHO mem=True nz=True ynz=True cond=True claim_agree=True upper=0.902077001825  CERT
630438146,0,1 T   mem=True nz=True ynz=True cond=True claim_agree=True upper=2653.30879218  CERT
635001154,0,1 RHO mem=True nz=True ynz=True cond=True claim_agree=True upper=0.951865672572  CERT
635001154,0,1 T   mem=True nz=True ynz=True cond=True claim_agree=True upper=2680.91425212  CERT
673848722,0,1 RHO mem=True nz=True ynz=True cond=True claim_agree=True upper=0.920014401446  CERT
673848722,0,1 T   mem=True nz=True ynz=True cond=True claim_agree=True upper=2480.15965932  CERT
748137744,0,1 RHO mem=True nz=True ynz=True cond=True claim_agree=True upper=0.883178760323  CERT
748137744,0,1 T   mem=True nz=True ynz=True cond=True claim_agree=True upper=2578.71510511  CERT
761379235,0,1 RHO mem=True nz=True ynz=True cond=True claim_agree=True upper=0.951887973046  CERT
761379235,0,1 T   mem=True nz=True ynz=True cond=True claim_agree=True upper=2579.46168568  CERT
811792604,0,1 RHO mem=True nz=True ynz=True cond=True claim_agree=True upper=0.902611462125  CERT
811792604,0,1 T   mem=True nz=True ynz=True cond=True claim_agree=True upper=2119.36709111  CERT
830288514,0,1 RHO mem=True nz=True ynz=True cond=True claim_agree=True upper=0.915453536489  CERT
830288514,0,1 T   mem=True nz=True ynz=True cond=True claim_agree=True upper=2508.66954553  CERT
942190935,0,1 RHO mem=True nz=True ynz=True cond=True claim_agree=True upper=0.865323423199  CERT
942190935,0,1 T   mem=True nz=True ynz=True cond=True claim_agree=True upper=2150.35036982  CERT
950801668,0,1 RHO mem=True nz=True ynz=True cond=True claim_agree=True upper=0.927467983418  CERT
950801668,0,1 T   mem=True nz=True ynz=True cond=True claim_agree=True upper=2527.32129532  CERT
953202748,0,1 RHO mem=True nz=True ynz=True cond=True claim_agree=True upper=0.853898763131  CERT
953202748,0,1 T   mem=True nz=True ynz=True cond=True claim_agree=True upper=2676.69613332  CERT
FAMILY VERIFY n=7 l=1000972993 : EXCLUDED (components certified 32 / 32 ; lines 64 ; failed lines 0)
FAMILY VERIFY PASS
