FACTORIZATION: 32 irreducible factors of degree 2 over F_1000369217: OK
13959377,0,1 RHO mem=True nz=True ynz=True cond=True claim_agree=True upper=0.902569157280  CERT
13959377,0,1 T   mem=True nz=True ynz=True cond=True claim_agree=True upper=2636.14604186  CERT
24751887,0,1 RHO mem=True nz=True ynz=True cond=True claim_agree=True upper=0.894791536279  CERT
24751887,0,1 T   mem=True nz=True ynz=True cond=True claim_agree=True upper=2220.15328618  CERT
103684536,0,1 RHO mem=True nz=True ynz=True cond=True claim_agree=True upper=0.928971311885  CERT
103684536,0,1 T   mem=True nz=True ynz=True cond=True claim_agree=True upper=2173.70043959  CERT
103789069,0,1 RHO mem=True nz=True ynz=True cond=True claim_agree=True upper=0.930336865035  CERT
103789069,0,1 T   mem=True nz=True ynz=True cond=True claim_agree=True upper=2740.20311080  CERT
165165501,0,1 RHO mem=True nz=True ynz=True cond=True claim_agree=True upper=0.943301632631  CERT
165165501,0,1 T   mem=True nz=True ynz=True cond=True claim_agree=True upper=2494.45998786  CERT
173896459,0,1 RHO mem=True nz=True ynz=True cond=True claim_agree=True upper=0.928971311885  CERT
173896459,0,1 T   mem=True nz=True ynz=True cond=True claim_agree=True upper=3257.49618969  CERT
227168429,0,1 RHO mem=True nz=True ynz=True cond=True claim_agree=True upper=0.919428660927  CERT
227168429,0,1 T   mem=True nz=True ynz=True cond=True claim_agree=True upper=2361.10355126  CERT
247244275,0,1 RHO mem=True nz=True ynz=True cond=True claim_agree=True upper=0.917620432996  CERT
247244275,0,1 T   mem=True nz=True ynz=True cond=True claim_agree=True upper=3272.62742168  CERT
283570200,0,1 RHO mem=True nz=True ynz=True cond=True claim_agree=True upper=0.906865209557  CERT
283570200,0,1 T   mem=True nz=True ynz=True cond=True claim_agree=True upper=2683.57561860  CERT
284057845,0,1 RHO mem=True nz=True ynz=True cond=True claim_agree=True upper=0.912749881988  CERT
284057845,0,1 T   mem=True nz=True ynz=True cond=True claim_agree=True upper=2515.14438811  CERT
293323211,0,1 RHO mem=True nz=True ynz=True cond=True claim_agree=True upper=0.914231092829  CERT
293323211,0,1 T   mem=True nz=True ynz=True cond=True claim_agree=True upper=2530.92959098  CERT
332352311,0,1 RHO mem=True nz=True ynz=True cond=True claim_agree=True upper=0.908796121577  CERT
332352311,0,1 T   mem=True nz=True ynz=True cond=True claim_agree=True upper=2160.01122036  CERT
368140858,0,1 RHO mem=True nz=True ynz=True cond=True claim_agree=True upper=0.906865209557  CERT
368140858,0,1 T   mem=True nz=True ynz=True cond=True claim_agree=True upper=2901.77591170  CERT
383516240,0,1 RHO mem=True nz=True ynz=True cond=True claim_agree=True upper=0.879597325778  CERT
383516240,0,1 T   mem=True nz=True ynz=True cond=True claim_agree=True upper=2470.88421022  CERT
413418664,0,1 RHO mem=True nz=True ynz=True cond=True claim_agree=True upper=0.923611350703  CERT
413418664,0,1 T   mem=True nz=True ynz=True cond=True claim_agree=True upper=2783.71120026  CERT
467320962,0,1 RHO mem=True nz=True ynz=True cond=True claim_agree=True upper=0.914231092829  CERT
467320962,0,1 T   mem=True nz=True ynz=True cond=True claim_agree=True upper=2921.79730463  CERT
533048255,0,1 RHO mem=True nz=True ynz=True cond=True claim_agree=True upper=0.935740325969  CERT
533048255,0,1 T   mem=True nz=True ynz=True cond=True claim_agree=True upper=3010.98290987  CERT
586950553,0,1 RHO mem=True nz=True ynz=True cond=True claim_agree=True upper=0.902569157280  CERT
586950553,0,1 T   mem=True nz=True ynz=True cond=True claim_agree=True upper=2606.78878988  CERT
616852977,0,1 RHO mem=True nz=True ynz=True cond=True claim_agree=True upper=0.943301632631  CERT
616852977,0,1 T   mem=True nz=True ynz=True cond=True claim_agree=True upper=2119.79177399  CERT
632228359,0,1 RHO mem=True nz=True ynz=True cond=True claim_agree=True upper=0.903030381584  CERT
632228359,0,1 T   mem=True nz=True ynz=True cond=True claim_agree=True upper=2630.42633563  CERT
668016906,0,1 RHO mem=True nz=True ynz=True cond=True claim_agree=True upper=0.917620432996  CERT
668016906,0,1 T   mem=True nz=True ynz=True cond=True claim_agree=True upper=3239.38892227  CERT
707046006,0,1 RHO mem=True nz=True ynz=True cond=True claim_agree=True upper=0.935740325969  CERT
707046006,0,1 T   mem=True nz=True ynz=True cond=True claim_agree=True upper=2052.90307995  CERT
716311372,0,1 RHO mem=True nz=True ynz=True cond=True claim_agree=True upper=0.930336865035  CERT
716311372,0,1 T   mem=True nz=True ynz=True cond=True claim_agree=True upper=2623.87611557  CERT
716799017,0,1 RHO mem=True nz=True ynz=True cond=True claim_agree=True upper=0.903030381584  CERT
716799017,0,1 T   mem=True nz=True ynz=True cond=True claim_agree=True upper=1869.72778081  CERT
753124942,0,1 RHO mem=True nz=True ynz=True cond=True claim_agree=True upper=0.908796121577  CERT
753124942,0,1 T   mem=True nz=True ynz=True cond=True claim_agree=True upper=2167.12596363  CERT
773200788,0,1 RHO mem=True nz=True ynz=True cond=True claim_agree=True upper=0.894791536279  CERT
773200788,0,1 T   mem=True nz=True ynz=True cond=True claim_agree=True upper=2806.37565991  CERT
826472758,0,1 RHO mem=True nz=True ynz=True cond=True claim_agree=True upper=0.896006749399  CERT
826472758,0,1 T   mem=True nz=True ynz=True cond=True claim_agree=True upper=2873.84235138  CERT
835203716,0,1 RHO mem=True nz=True ynz=True cond=True claim_agree=True upper=0.879597325778  CERT
835203716,0,1 T   mem=True nz=True ynz=True cond=True claim_agree=True upper=2351.60754268  CERT
896580148,0,1 RHO mem=True nz=True ynz=True cond=True claim_agree=True upper=0.912749881988  CERT
896580148,0,1 T   mem=True nz=True ynz=True cond=True claim_agree=True upper=2792.77504569  CERT
896684681,0,1 RHO mem=True nz=True ynz=True cond=True claim_agree=True upper=0.896006749399  CERT
896684681,0,1 T   mem=True nz=True ynz=True cond=True claim_agree=True upper=2474.68242493  CERT
975617330,0,1 RHO mem=True nz=True ynz=True cond=True claim_agree=True upper=0.919428660927  CERT
975617330,0,1 T   mem=True nz=True ynz=True cond=True claim_agree=True upper=2417.20680706  CERT
986409840,0,1 RHO mem=True nz=True ynz=True cond=True claim_agree=True upper=0.923611350703  CERT
986409840,0,1 T   mem=True nz=True ynz=True cond=True claim_agree=True upper=2283.91277871  CERT
FAMILY VERIFY n=7 l=1000369217 : EXCLUDED (components certified 32 / 32 ; lines 64 ; failed lines 0)
FAMILY VERIFY PASS
