FACTORIZATION: 32 irreducible factors of degree 2 over F_1000844993: OK
51465195,0,1 RHO mem=True nz=True ynz=True cond=True claim_agree=True upper=0.806717923118  CERT
51465195,0,1 T   mem=True nz=True ynz=True cond=True claim_agree=True upper=1357.41604703  CERT
66376575,0,1 RHO mem=True nz=True ynz=True cond=True claim_agree=True upper=0.852986848667  CERT
66376575,0,1 T   mem=True nz=True ynz=True cond=True claim_agree=True upper=1537.04959732  CERT
85890253,0,1 RHO mem=True nz=True ynz=True cond=True claim_agree=True upper=0.800516958798  CERT
85890253,0,1 T   mem=True nz=True ynz=True cond=True claim_agree=True upper=1175.66887904  CERT
87932414,0,1 RHO mem=True nz=True ynz=True cond=True claim_agree=True upper=0.835629061960  CERT
87932414,0,1 T   mem=True nz=True ynz=True cond=True claim_agree=True upper=1490.82040967  CERT
103617529,0,1 RHO mem=True nz=True ynz=True cond=True claim_agree=True upper=0.781196035236  CERT
103617529,0,1 T   mem=True nz=True ynz=True cond=True claim_agree=True upper=1056.21763218  CERT
136619740,0,1 RHO mem=True nz=True ynz=True cond=True claim_agree=True upper=0.862815390650  CERT
136619740,0,1 T   mem=True nz=True ynz=True cond=True claim_agree=True upper=1773.72612358  CERT
166574910,0,1 RHO mem=True nz=True ynz=True cond=True claim_agree=True upper=0.815115163532  CERT
166574910,0,1 T   mem=True nz=True ynz=True cond=True claim_agree=True upper=1218.05345678  CERT
206716190,0,1 RHO mem=True nz=True ynz=True cond=True claim_agree=True upper=0.847916379013  CERT
206716190,0,1 T   mem=True nz=True ynz=True cond=True claim_agree=True upper=1556.06501773  CERT
239742598,0,1 RHO mem=True nz=True ynz=True cond=True claim_agree=True upper=0.835629061960  CERT
239742598,0,1 T   mem=True nz=True ynz=True cond=True claim_agree=True upper=1206.35545770  CERT
244696695,0,1 RHO mem=True nz=True ynz=True cond=True claim_agree=True upper=0.755857374561  CERT
244696695,0,1 T   mem=True nz=True ynz=True cond=True claim_agree=True upper=931.249097450  CERT
245979004,0,1 RHO mem=True nz=True ynz=True cond=True claim_agree=True upper=0.853349551024  CERT
245979004,0,1 T   mem=True nz=True ynz=True cond=True claim_agree=True upper=1431.65414393  CERT
274238109,0,1 RHO mem=True nz=True ynz=True cond=True claim_agree=True upper=0.852986848667  CERT
274238109,0,1 T   mem=True nz=True ynz=True cond=True claim_agree=True upper=1429.30623949  CERT
358623343,0,1 RHO mem=True nz=True ynz=True cond=True claim_agree=True upper=0.825336756525  CERT
358623343,0,1 T   mem=True nz=True ynz=True cond=True claim_agree=True upper=1461.53240950  CERT
468348955,0,1 RHO mem=True nz=True ynz=True cond=True claim_agree=True upper=0.832592978954  CERT
468348955,0,1 T   mem=True nz=True ynz=True cond=True claim_agree=True upper=1676.63391365  CERT
495481868,0,1 RHO mem=True nz=True ynz=True cond=True claim_agree=True upper=0.850374352151  CERT
495481868,0,1 T   mem=True nz=True ynz=True cond=True claim_agree=True upper=1162.50896915  CERT
495904377,0,1 RHO mem=True nz=True ynz=True cond=True claim_agree=True upper=0.887311695893  CERT
495904377,0,1 T   mem=True nz=True ynz=True cond=True claim_agree=True upper=1698.15842671  CERT
504940616,0,1 RHO mem=True nz=True ynz=True cond=True claim_agree=True upper=0.755857374561  CERT
504940616,0,1 T   mem=True nz=True ynz=True cond=True claim_agree=True upper=932.901801623  CERT
505363125,0,1 RHO mem=True nz=True ynz=True cond=True claim_agree=True upper=0.781196035236  CERT
505363125,0,1 T   mem=True nz=True ynz=True cond=True claim_agree=True upper=960.483607042  CERT
532496038,0,1 RHO mem=True nz=True ynz=True cond=True claim_agree=True upper=0.825336756525  CERT
532496038,0,1 T   mem=True nz=True ynz=True cond=True claim_agree=True upper=1386.48979939  CERT
642221650,0,1 RHO mem=True nz=True ynz=True cond=True claim_agree=True upper=0.832592978954  CERT
642221650,0,1 T   mem=True nz=True ynz=True cond=True claim_agree=True upper=1379.09893332  CERT
726606884,0,1 RHO mem=True nz=True ynz=True cond=True claim_agree=True upper=0.826597936151  CERT
726606884,0,1 T   mem=True nz=True ynz=True cond=True claim_agree=True upper=1356.67989105  CERT
754865989,0,1 RHO mem=True nz=True ynz=True cond=True claim_agree=True upper=0.815115163532  CERT
754865989,0,1 T   mem=True nz=True ynz=True cond=True claim_agree=True upper=1520.02989067  CERT
756148298,0,1 RHO mem=True nz=True ynz=True cond=True claim_agree=True upper=0.887311695893  CERT
756148298,0,1 T   mem=True nz=True ynz=True cond=True claim_agree=True upper=1805.14097205  CERT
761102395,0,1 RHO mem=True nz=True ynz=True cond=True claim_agree=True upper=0.790216891075  CERT
761102395,0,1 T   mem=True nz=True ynz=True cond=True claim_agree=True upper=1148.56500104  CERT
794128803,0,1 RHO mem=True nz=True ynz=True cond=True claim_agree=True upper=0.806717923118  CERT
794128803,0,1 T   mem=True nz=True ynz=True cond=True claim_agree=True upper=1267.05244195  CERT
834270083,0,1 RHO mem=True nz=True ynz=True cond=True claim_agree=True upper=0.853349551024  CERT
834270083,0,1 T   mem=True nz=True ynz=True cond=True claim_agree=True upper=1902.45806111  CERT
864225253,0,1 RHO mem=True nz=True ynz=True cond=True claim_agree=True upper=0.800516958798  CERT
864225253,0,1 T   mem=True nz=True ynz=True cond=True claim_agree=True upper=1328.14403097  CERT
897227464,0,1 RHO mem=True nz=True ynz=True cond=True claim_agree=True upper=0.850374352151  CERT
897227464,0,1 T   mem=True nz=True ynz=True cond=True claim_agree=True upper=1561.50290148  CERT
912912579,0,1 RHO mem=True nz=True ynz=True cond=True claim_agree=True upper=0.790216891075  CERT
912912579,0,1 T   mem=True nz=True ynz=True cond=True claim_agree=True upper=1074.67218901  CERT
914954740,0,1 RHO mem=True nz=True ynz=True cond=True claim_agree=True upper=0.862815390650  CERT
914954740,0,1 T   mem=True nz=True ynz=True cond=True claim_agree=True upper=1791.29222552  CERT
934468418,0,1 RHO mem=True nz=True ynz=True cond=True claim_agree=True upper=0.826597936151  CERT
934468418,0,1 T   mem=True nz=True ynz=True cond=True claim_agree=True upper=1500.96911824  CERT
949379798,0,1 RHO mem=True nz=True ynz=True cond=True claim_agree=True upper=0.847916379013  CERT
949379798,0,1 T   mem=True nz=True ynz=True cond=True claim_agree=True upper=1405.04013821  CERT
FAMILY VERIFY n=7 l=1000844993 : EXCLUDED (components certified 32 / 32 ; lines 64 ; failed lines 0)
FAMILY VERIFY PASS
