FACTORIZATION: 32 irreducible factors of degree 2 over F_1000130881: OK
8742281,0,1 RHO mem=True nz=True ynz=True cond=True claim_agree=True upper=0.892992487150  CERT
8742281,0,1 T   mem=True nz=True ynz=True cond=True claim_agree=True upper=1891.62612806  CERT
11160038,0,1 RHO mem=True nz=True ynz=True cond=True claim_agree=True upper=0.882992635684  CERT
11160038,0,1 T   mem=True nz=True ynz=True cond=True claim_agree=True upper=1652.89153842  CERT
40861540,0,1 RHO mem=True nz=True ynz=True cond=True claim_agree=True upper=0.891827711118  CERT
40861540,0,1 T   mem=True nz=True ynz=True cond=True claim_agree=True upper=2056.88945608  CERT
80409503,0,1 RHO mem=True nz=True ynz=True cond=True claim_agree=True upper=0.871419519565  CERT
80409503,0,1 T   mem=True nz=True ynz=True cond=True claim_agree=True upper=1826.68444395  CERT
86074425,0,1 RHO mem=True nz=True ynz=True cond=True claim_agree=True upper=0.910640942378  CERT
86074425,0,1 T   mem=True nz=True ynz=True cond=True claim_agree=True upper=2772.10388183  CERT
170923087,0,1 RHO mem=True nz=True ynz=True cond=True claim_agree=True upper=0.859501380811  CERT
170923087,0,1 T   mem=True nz=True ynz=True cond=True claim_agree=True upper=2383.32998917  CERT
210737515,0,1 RHO mem=True nz=True ynz=True cond=True claim_agree=True upper=0.921498764013  CERT
210737515,0,1 T   mem=True nz=True ynz=True cond=True claim_agree=True upper=1967.99429660  CERT
318562258,0,1 RHO mem=True nz=True ynz=True cond=True claim_agree=True upper=0.885122458611  CERT
318562258,0,1 T   mem=True nz=True ynz=True cond=True claim_agree=True upper=2065.23130364  CERT
332302664,0,1 RHO mem=True nz=True ynz=True cond=True claim_agree=True upper=0.900305738820  CERT
332302664,0,1 T   mem=True nz=True ynz=True cond=True claim_agree=True upper=2338.78809674  CERT
363854710,0,1 RHO mem=True nz=True ynz=True cond=True claim_agree=True upper=0.897927723083  CERT
363854710,0,1 T   mem=True nz=True ynz=True cond=True claim_agree=True upper=2806.72893734  CERT
381585705,0,1 RHO mem=True nz=True ynz=True cond=True claim_agree=True upper=0.855648152299  CERT
381585705,0,1 T   mem=True nz=True ynz=True cond=True claim_agree=True upper=2040.94084936  CERT
394185411,0,1 RHO mem=True nz=True ynz=True cond=True claim_agree=True upper=0.855648152299  CERT
394185411,0,1 T   mem=True nz=True ynz=True cond=True claim_agree=True upper=1760.99023452  CERT
395837900,0,1 RHO mem=True nz=True ynz=True cond=True claim_agree=True upper=0.921498764013  CERT
395837900,0,1 T   mem=True nz=True ynz=True cond=True claim_agree=True upper=2216.78249959  CERT
420763228,0,1 RHO mem=True nz=True ynz=True cond=True claim_agree=True upper=0.876348562747  CERT
420763228,0,1 T   mem=True nz=True ynz=True cond=True claim_agree=True upper=1480.22041702  CERT
442672615,0,1 RHO mem=True nz=True ynz=True cond=True claim_agree=True upper=0.900305738820  CERT
442672615,0,1 T   mem=True nz=True ynz=True cond=True claim_agree=True upper=1591.26160033  CERT
476057768,0,1 RHO mem=True nz=True ynz=True cond=True claim_agree=True upper=0.859501380811  CERT
476057768,0,1 T   mem=True nz=True ynz=True cond=True claim_agree=True upper=2235.39935316  CERT
524073113,0,1 RHO mem=True nz=True ynz=True cond=True claim_agree=True upper=0.883044709906  CERT
524073113,0,1 T   mem=True nz=True ynz=True cond=True claim_agree=True upper=1761.24666646  CERT
557458266,0,1 RHO mem=True nz=True ynz=True cond=True claim_agree=True upper=0.904784804663  CERT
557458266,0,1 T   mem=True nz=True ynz=True cond=True claim_agree=True upper=1986.60122868  CERT
579367653,0,1 RHO mem=True nz=True ynz=True cond=True claim_agree=True upper=0.892992487150  CERT
579367653,0,1 T   mem=True nz=True ynz=True cond=True claim_agree=True upper=1430.10129396  CERT
604292981,0,1 RHO mem=True nz=True ynz=True cond=True claim_agree=True upper=0.853019011969  CERT
604292981,0,1 T   mem=True nz=True ynz=True cond=True claim_agree=True upper=1577.15851740  CERT
605945470,0,1 RHO mem=True nz=True ynz=True cond=True claim_agree=True upper=0.888713893365  CERT
605945470,0,1 T   mem=True nz=True ynz=True cond=True claim_agree=True upper=2511.51647469  CERT
618545176,0,1 RHO mem=True nz=True ynz=True cond=True claim_agree=True upper=0.888713893365  CERT
618545176,0,1 T   mem=True nz=True ynz=True cond=True claim_agree=True upper=1654.92891631  CERT
636276171,0,1 RHO mem=True nz=True ynz=True cond=True claim_agree=True upper=0.882992635684  CERT
636276171,0,1 T   mem=True nz=True ynz=True cond=True claim_agree=True upper=1697.19523621  CERT
667828217,0,1 RHO mem=True nz=True ynz=True cond=True claim_agree=True upper=0.904784804663  CERT
667828217,0,1 T   mem=True nz=True ynz=True cond=True claim_agree=True upper=1529.64583378  CERT
681568623,0,1 RHO mem=True nz=True ynz=True cond=True claim_agree=True upper=0.891827711118  CERT
681568623,0,1 T   mem=True nz=True ynz=True cond=True claim_agree=True upper=2302.77209586  CERT
789393366,0,1 RHO mem=True nz=True ynz=True cond=True claim_agree=True upper=0.853019011969  CERT
789393366,0,1 T   mem=True nz=True ynz=True cond=True claim_agree=True upper=1783.42494617  CERT
829207794,0,1 RHO mem=True nz=True ynz=True cond=True claim_agree=True upper=0.883044709906  CERT
829207794,0,1 T   mem=True nz=True ynz=True cond=True claim_agree=True upper=2348.45564563  CERT
914056456,0,1 RHO mem=True nz=True ynz=True cond=True claim_agree=True upper=0.871419519565  CERT
914056456,0,1 T   mem=True nz=True ynz=True cond=True claim_agree=True upper=2429.25006672  CERT
919721378,0,1 RHO mem=True nz=True ynz=True cond=True claim_agree=True upper=0.910640942378  CERT
919721378,0,1 T   mem=True nz=True ynz=True cond=True claim_agree=True upper=2618.80398539  CERT
959269341,0,1 RHO mem=True nz=True ynz=True cond=True claim_agree=True upper=0.885122458611  CERT
959269341,0,1 T   mem=True nz=True ynz=True cond=True claim_agree=True upper=1613.64681646  CERT
988970843,0,1 RHO mem=True nz=True ynz=True cond=True claim_agree=True upper=0.897927723083  CERT
988970843,0,1 T   mem=True nz=True ynz=True cond=True claim_agree=True upper=2367.95195926  CERT
991388600,0,1 RHO mem=True nz=True ynz=True cond=True claim_agree=True upper=0.876348562747  CERT
991388600,0,1 T   mem=True nz=True ynz=True cond=True claim_agree=True upper=1916.25256370  CERT
FAMILY VERIFY n=7 l=1000130881 : EXCLUDED (components certified 32 / 32 ; lines 64 ; failed lines 0)
FAMILY VERIFY PASS
