FACTORIZATION: 32 irreducible factors of degree 2 over F_1000352449: OK
20124095,0,1 RHO mem=True nz=True ynz=True cond=True claim_agree=True upper=0.988867842082  CERT
20124095,0,1 T   mem=True nz=True ynz=True cond=True claim_agree=True upper=2898.11650896  CERT
26165891,0,1 RHO mem=True nz=True ynz=True cond=True claim_agree=True upper=0.974814855772  CERT
26165891,0,1 T   mem=True nz=True ynz=True cond=True claim_agree=True upper=2265.71468097  CERT
35076889,0,1 RHO mem=True nz=True ynz=True cond=True claim_agree=True upper=0.950523853318  CERT
35076889,0,1 T   mem=True nz=True ynz=True cond=True claim_agree=True upper=2478.43495734  CERT
116735813,0,1 RHO mem=True nz=True ynz=True cond=True claim_agree=True upper=0.943658719773  CERT
116735813,0,1 T   mem=True nz=True ynz=True cond=True claim_agree=True upper=2662.25289626  CERT
143151697,0,1 RHO mem=True nz=True ynz=True cond=True claim_agree=True upper=0.919180931018  CERT
143151697,0,1 T   mem=True nz=True ynz=True cond=True claim_agree=True upper=2577.01184455  CERT
187534227,0,1 RHO mem=True nz=True ynz=True cond=True claim_agree=True upper=0.936013601068  CERT
187534227,0,1 T   mem=True nz=True ynz=True cond=True claim_agree=True upper=2592.94164044  CERT
220457689,0,1 RHO mem=True nz=True ynz=True cond=True claim_agree=True upper=0.946139504412  CERT
220457689,0,1 T   mem=True nz=True ynz=True cond=True claim_agree=True upper=2675.50417518  CERT
238552800,0,1 RHO mem=True nz=True ynz=True cond=True claim_agree=True upper=0.955280308514  CERT
238552800,0,1 T   mem=True nz=True ynz=True cond=True claim_agree=True upper=2355.22023288  CERT
250259001,0,1 RHO mem=True nz=True ynz=True cond=True claim_agree=True upper=0.952014966378  CERT
250259001,0,1 T   mem=True nz=True ynz=True cond=True claim_agree=True upper=2764.21138111  CERT
252574560,0,1 RHO mem=True nz=True ynz=True cond=True claim_agree=True upper=0.936973623002  CERT
252574560,0,1 T   mem=True nz=True ynz=True cond=True claim_agree=True upper=1969.42875852  CERT
253236757,0,1 RHO mem=True nz=True ynz=True cond=True claim_agree=True upper=0.950523853318  CERT
253236757,0,1 T   mem=True nz=True ynz=True cond=True claim_agree=True upper=1742.73929090  CERT
285046044,0,1 RHO mem=True nz=True ynz=True cond=True claim_agree=True upper=0.964239147838  CERT
285046044,0,1 T   mem=True nz=True ynz=True cond=True claim_agree=True upper=2485.52372925  CERT
322554813,0,1 RHO mem=True nz=True ynz=True cond=True claim_agree=True upper=0.943658719773  CERT
322554813,0,1 T   mem=True nz=True ynz=True cond=True claim_agree=True upper=2658.50897604  CERT
373621789,0,1 RHO mem=True nz=True ynz=True cond=True claim_agree=True upper=0.936973623002  CERT
373621789,0,1 T   mem=True nz=True ynz=True cond=True claim_agree=True upper=2242.65127888  CERT
434338317,0,1 RHO mem=True nz=True ynz=True cond=True claim_agree=True upper=0.988867842082  CERT
434338317,0,1 T   mem=True nz=True ynz=True cond=True claim_agree=True upper=2892.97780926  CERT
480349522,0,1 RHO mem=True nz=True ynz=True cond=True claim_agree=True upper=0.955280308514  CERT
480349522,0,1 T   mem=True nz=True ynz=True cond=True claim_agree=True upper=2564.30376906  CERT
520002927,0,1 RHO mem=True nz=True ynz=True cond=True claim_agree=True upper=0.952255061245  CERT
520002927,0,1 T   mem=True nz=True ynz=True cond=True claim_agree=True upper=2338.20488418  CERT
566014132,0,1 RHO mem=True nz=True ynz=True cond=True claim_agree=True upper=0.921908489468  CERT
566014132,0,1 T   mem=True nz=True ynz=True cond=True claim_agree=True upper=1859.04020213  CERT
626730660,0,1 RHO mem=True nz=True ynz=True cond=True claim_agree=True upper=0.962057333423  CERT
626730660,0,1 T   mem=True nz=True ynz=True cond=True claim_agree=True upper=2861.43833851  CERT
677797636,0,1 RHO mem=True nz=True ynz=True cond=True claim_agree=True upper=0.953292470790  CERT
677797636,0,1 T   mem=True nz=True ynz=True cond=True claim_agree=True upper=2742.03171661  CERT
715306405,0,1 RHO mem=True nz=True ynz=True cond=True claim_agree=True upper=0.952014966378  CERT
715306405,0,1 T   mem=True nz=True ynz=True cond=True claim_agree=True upper=2639.00687946  CERT
747115692,0,1 RHO mem=True nz=True ynz=True cond=True claim_agree=True upper=0.935192858758  CERT
747115692,0,1 T   mem=True nz=True ynz=True cond=True claim_agree=True upper=2324.38371168  CERT
747777889,0,1 RHO mem=True nz=True ynz=True cond=True claim_agree=True upper=0.962057333423  CERT
747777889,0,1 T   mem=True nz=True ynz=True cond=True claim_agree=True upper=2555.18685389  CERT
750093448,0,1 RHO mem=True nz=True ynz=True cond=True claim_agree=True upper=0.964239147838  CERT
750093448,0,1 T   mem=True nz=True ynz=True cond=True claim_agree=True upper=2498.96658054  CERT
761799649,0,1 RHO mem=True nz=True ynz=True cond=True claim_agree=True upper=0.952255061245  CERT
761799649,0,1 T   mem=True nz=True ynz=True cond=True claim_agree=True upper=2543.61978561  CERT
779894760,0,1 RHO mem=True nz=True ynz=True cond=True claim_agree=True upper=0.936013601068  CERT
779894760,0,1 T   mem=True nz=True ynz=True cond=True claim_agree=True upper=2576.69292178  CERT
812818222,0,1 RHO mem=True nz=True ynz=True cond=True claim_agree=True upper=0.946139504412  CERT
812818222,0,1 T   mem=True nz=True ynz=True cond=True claim_agree=True upper=2891.44410774  CERT
857200752,0,1 RHO mem=True nz=True ynz=True cond=True claim_agree=True upper=0.974814855772  CERT
857200752,0,1 T   mem=True nz=True ynz=True cond=True claim_agree=True upper=2710.75441947  CERT
883616636,0,1 RHO mem=True nz=True ynz=True cond=True claim_agree=True upper=0.953292470790  CERT
883616636,0,1 T   mem=True nz=True ynz=True cond=True claim_agree=True upper=2748.13975900  CERT
965275560,0,1 RHO mem=True nz=True ynz=True cond=True claim_agree=True upper=0.935192858758  CERT
965275560,0,1 T   mem=True nz=True ynz=True cond=True claim_agree=True upper=2403.12099502  CERT
974186558,0,1 RHO mem=True nz=True ynz=True cond=True claim_agree=True upper=0.919180931018  CERT
974186558,0,1 T   mem=True nz=True ynz=True cond=True claim_agree=True upper=2303.92025503  CERT
980228354,0,1 RHO mem=True nz=True ynz=True cond=True claim_agree=True upper=0.921908489468  CERT
980228354,0,1 T   mem=True nz=True ynz=True cond=True claim_agree=True upper=2420.27304442  CERT
FAMILY VERIFY n=7 l=1000352449 : EXCLUDED (components certified 32 / 32 ; lines 64 ; failed lines 0)
FAMILY VERIFY PASS
