FACTORIZATION: 32 irreducible factors of degree 2 over F_1000595777: OK
10099148,0,1 RHO mem=True nz=True ynz=True cond=True claim_agree=True upper=0.878429231638  CERT
10099148,0,1 T   mem=True nz=True ynz=True cond=True claim_agree=True upper=1556.96080014  CERT
29566164,0,1 RHO mem=True nz=True ynz=True cond=True claim_agree=True upper=0.909831778989  CERT
29566164,0,1 T   mem=True nz=True ynz=True cond=True claim_agree=True upper=2634.15656123  CERT
78946529,0,1 RHO mem=True nz=True ynz=True cond=True claim_agree=True upper=0.915280526545  CERT
78946529,0,1 T   mem=True nz=True ynz=True cond=True claim_agree=True upper=2304.05142381  CERT
79527744,0,1 RHO mem=True nz=True ynz=True cond=True claim_agree=True upper=0.904991537186  CERT
79527744,0,1 T   mem=True nz=True ynz=True cond=True claim_agree=True upper=2047.67801005  CERT
179081479,0,1 RHO mem=True nz=True ynz=True cond=True claim_agree=True upper=0.963387484246  CERT
179081479,0,1 T   mem=True nz=True ynz=True cond=True claim_agree=True upper=2597.45297949  CERT
232263916,0,1 RHO mem=True nz=True ynz=True cond=True claim_agree=True upper=0.878429231638  CERT
232263916,0,1 T   mem=True nz=True ynz=True cond=True claim_agree=True upper=2319.49783309  CERT
240278277,0,1 RHO mem=True nz=True ynz=True cond=True claim_agree=True upper=0.924846122560  CERT
240278277,0,1 T   mem=True nz=True ynz=True cond=True claim_agree=True upper=2593.54184888  CERT
307289439,0,1 RHO mem=True nz=True ynz=True cond=True claim_agree=True upper=0.915280526545  CERT
307289439,0,1 T   mem=True nz=True ynz=True cond=True claim_agree=True upper=1979.81875155  CERT
324285822,0,1 RHO mem=True nz=True ynz=True cond=True claim_agree=True upper=0.955898448867  CERT
324285822,0,1 T   mem=True nz=True ynz=True cond=True claim_agree=True upper=1785.27193240  CERT
363499380,0,1 RHO mem=True nz=True ynz=True cond=True claim_agree=True upper=0.957341301778  CERT
363499380,0,1 T   mem=True nz=True ynz=True cond=True claim_agree=True upper=2752.51860914  CERT
396588677,0,1 RHO mem=True nz=True ynz=True cond=True claim_agree=True upper=0.955898448867  CERT
396588677,0,1 T   mem=True nz=True ynz=True cond=True claim_agree=True upper=2303.68199153  CERT
402556780,0,1 RHO mem=True nz=True ynz=True cond=True claim_agree=True upper=0.942289762464  CERT
402556780,0,1 T   mem=True nz=True ynz=True cond=True claim_agree=True upper=3021.10742868  CERT
422245979,0,1 RHO mem=True nz=True ynz=True cond=True claim_agree=True upper=0.881064914566  CERT
422245979,0,1 T   mem=True nz=True ynz=True cond=True claim_agree=True upper=2174.52307241  CERT
428218976,0,1 RHO mem=True nz=True ynz=True cond=True claim_agree=True upper=0.897046799621  CERT
428218976,0,1 T   mem=True nz=True ynz=True cond=True claim_agree=True upper=1527.77201456  CERT
470821052,0,1 RHO mem=True nz=True ynz=True cond=True claim_agree=True upper=0.897046799621  CERT
470821052,0,1 T   mem=True nz=True ynz=True cond=True claim_agree=True upper=1448.65232226  CERT
473716542,0,1 RHO mem=True nz=True ynz=True cond=True claim_agree=True upper=0.945748155017  CERT
473716542,0,1 T   mem=True nz=True ynz=True cond=True claim_agree=True upper=2205.50611117  CERT
526879235,0,1 RHO mem=True nz=True ynz=True cond=True claim_agree=True upper=0.963387484246  CERT
526879235,0,1 T   mem=True nz=True ynz=True cond=True claim_agree=True upper=2472.78152600  CERT
529774725,0,1 RHO mem=True nz=True ynz=True cond=True claim_agree=True upper=0.957024943607  CERT
529774725,0,1 T   mem=True nz=True ynz=True cond=True claim_agree=True upper=2440.75402342  CERT
572376801,0,1 RHO mem=True nz=True ynz=True cond=True claim_agree=True upper=0.957024943607  CERT
572376801,0,1 T   mem=True nz=True ynz=True cond=True claim_agree=True upper=2021.60886067  CERT
578349798,0,1 RHO mem=True nz=True ynz=True cond=True claim_agree=True upper=0.942289762464  CERT
578349798,0,1 T   mem=True nz=True ynz=True cond=True claim_agree=True upper=2488.44731073  CERT
598038997,0,1 RHO mem=True nz=True ynz=True cond=True claim_agree=True upper=0.881064914566  CERT
598038997,0,1 T   mem=True nz=True ynz=True cond=True claim_agree=True upper=1796.35182499  CERT
604007100,0,1 RHO mem=True nz=True ynz=True cond=True claim_agree=True upper=0.942755691226  CERT
604007100,0,1 T   mem=True nz=True ynz=True cond=True claim_agree=True upper=2083.25789264  CERT
637096397,0,1 RHO mem=True nz=True ynz=True cond=True claim_agree=True upper=0.904991537186  CERT
637096397,0,1 T   mem=True nz=True ynz=True cond=True claim_agree=True upper=1589.36219956  CERT
676309955,0,1 RHO mem=True nz=True ynz=True cond=True claim_agree=True upper=0.942755691226  CERT
676309955,0,1 T   mem=True nz=True ynz=True cond=True claim_agree=True upper=2778.79766516  CERT
693306338,0,1 RHO mem=True nz=True ynz=True cond=True claim_agree=True upper=0.922735639527  CERT
693306338,0,1 T   mem=True nz=True ynz=True cond=True claim_agree=True upper=2171.24245611  CERT
760317500,0,1 RHO mem=True nz=True ynz=True cond=True claim_agree=True upper=0.909831778989  CERT
760317500,0,1 T   mem=True nz=True ynz=True cond=True claim_agree=True upper=2000.21072846  CERT
768331861,0,1 RHO mem=True nz=True ynz=True cond=True claim_agree=True upper=0.937820126498  CERT
768331861,0,1 T   mem=True nz=True ynz=True cond=True claim_agree=True upper=2128.84256868  CERT
821514298,0,1 RHO mem=True nz=True ynz=True cond=True claim_agree=True upper=0.945748155017  CERT
821514298,0,1 T   mem=True nz=True ynz=True cond=True claim_agree=True upper=2121.42971884  CERT
921068033,0,1 RHO mem=True nz=True ynz=True cond=True claim_agree=True upper=0.957341301778  CERT
921068033,0,1 T   mem=True nz=True ynz=True cond=True claim_agree=True upper=2203.40475223  CERT
921649248,0,1 RHO mem=True nz=True ynz=True cond=True claim_agree=True upper=0.922735639527  CERT
921649248,0,1 T   mem=True nz=True ynz=True cond=True claim_agree=True upper=2768.71444074  CERT
971029613,0,1 RHO mem=True nz=True ynz=True cond=True claim_agree=True upper=0.924846122560  CERT
971029613,0,1 T   mem=True nz=True ynz=True cond=True claim_agree=True upper=2376.52084964  CERT
990496629,0,1 RHO mem=True nz=True ynz=True cond=True claim_agree=True upper=0.937820126498  CERT
990496629,0,1 T   mem=True nz=True ynz=True cond=True claim_agree=True upper=1797.23692563  CERT
FAMILY VERIFY n=7 l=1000595777 : EXCLUDED (components certified 32 / 32 ; lines 64 ; failed lines 0)
FAMILY VERIFY PASS
