FACTORIZATION: 32 irreducible factors of degree 2 over F_1000298177: OK
8280341,0,1 RHO mem=True nz=True ynz=True cond=True claim_agree=True upper=0.925184531964  CERT
8280341,0,1 T   mem=True nz=True ynz=True cond=True claim_agree=True upper=2607.72781047  CERT
15412177,0,1 RHO mem=True nz=True ynz=True cond=True claim_agree=True upper=0.936236884744  CERT
15412177,0,1 T   mem=True nz=True ynz=True cond=True claim_agree=True upper=2193.60547618  CERT
22504516,0,1 RHO mem=True nz=True ynz=True cond=True claim_agree=True upper=0.938319172383  CERT
22504516,0,1 T   mem=True nz=True ynz=True cond=True claim_agree=True upper=2083.31262511  CERT
73010351,0,1 RHO mem=True nz=True ynz=True cond=True claim_agree=True upper=0.888433749269  CERT
73010351,0,1 T   mem=True nz=True ynz=True cond=True claim_agree=True upper=2077.08399215  CERT
89822689,0,1 RHO mem=True nz=True ynz=True cond=True claim_agree=True upper=0.851922614235  CERT
89822689,0,1 T   mem=True nz=True ynz=True cond=True claim_agree=True upper=1720.67918122  CERT
99968558,0,1 RHO mem=True nz=True ynz=True cond=True claim_agree=True upper=0.902548078246  CERT
99968558,0,1 T   mem=True nz=True ynz=True cond=True claim_agree=True upper=2112.91246485  CERT
299148857,0,1 RHO mem=True nz=True ynz=True cond=True claim_agree=True upper=0.872551017234  CERT
299148857,0,1 T   mem=True nz=True ynz=True cond=True claim_agree=True upper=1450.61116933  CERT
313787330,0,1 RHO mem=True nz=True ynz=True cond=True claim_agree=True upper=0.938319172383  CERT
313787330,0,1 T   mem=True nz=True ynz=True cond=True claim_agree=True upper=2653.19046447  CERT
317640685,0,1 RHO mem=True nz=True ynz=True cond=True claim_agree=True upper=0.900734582209  CERT
317640685,0,1 T   mem=True nz=True ynz=True cond=True claim_agree=True upper=3054.62173480  CERT
326036838,0,1 RHO mem=True nz=True ynz=True cond=True claim_agree=True upper=0.947767188271  CERT
326036838,0,1 T   mem=True nz=True ynz=True cond=True claim_agree=True upper=2720.39027322  CERT
332657206,0,1 RHO mem=True nz=True ynz=True cond=True claim_agree=True upper=0.945613897250  CERT
332657206,0,1 T   mem=True nz=True ynz=True cond=True claim_agree=True upper=2578.97743790  CERT
356830689,0,1 RHO mem=True nz=True ynz=True cond=True claim_agree=True upper=0.927765640899  CERT
356830689,0,1 T   mem=True nz=True ynz=True cond=True claim_agree=True upper=2820.31556843  CERT
388289594,0,1 RHO mem=True nz=True ynz=True cond=True claim_agree=True upper=0.888433749269  CERT
388289594,0,1 T   mem=True nz=True ynz=True cond=True claim_agree=True upper=2351.17410571  CERT
407470015,0,1 RHO mem=True nz=True ynz=True cond=True claim_agree=True upper=0.879211051629  CERT
407470015,0,1 T   mem=True nz=True ynz=True cond=True claim_agree=True upper=2348.39334461  CERT
411509259,0,1 RHO mem=True nz=True ynz=True cond=True claim_agree=True upper=0.851922614235  CERT
411509259,0,1 T   mem=True nz=True ynz=True cond=True claim_agree=True upper=2124.89510974  CERT
461856558,0,1 RHO mem=True nz=True ynz=True cond=True claim_agree=True upper=0.874095389239  CERT
461856558,0,1 T   mem=True nz=True ynz=True cond=True claim_agree=True upper=1448.70243521  CERT
538441619,0,1 RHO mem=True nz=True ynz=True cond=True claim_agree=True upper=0.947767188271  CERT
538441619,0,1 T   mem=True nz=True ynz=True cond=True claim_agree=True upper=2864.94818573  CERT
588788918,0,1 RHO mem=True nz=True ynz=True cond=True claim_agree=True upper=0.950949097878  CERT
588788918,0,1 T   mem=True nz=True ynz=True cond=True claim_agree=True upper=3352.24916705  CERT
592828162,0,1 RHO mem=True nz=True ynz=True cond=True claim_agree=True upper=0.936236884744  CERT
592828162,0,1 T   mem=True nz=True ynz=True cond=True claim_agree=True upper=2706.93651040  CERT
612008583,0,1 RHO mem=True nz=True ynz=True cond=True claim_agree=True upper=0.926549319258  CERT
612008583,0,1 T   mem=True nz=True ynz=True cond=True claim_agree=True upper=1974.82978079  CERT
643467488,0,1 RHO mem=True nz=True ynz=True cond=True claim_agree=True upper=0.900734582209  CERT
643467488,0,1 T   mem=True nz=True ynz=True cond=True claim_agree=True upper=2779.44902209  CERT
667640971,0,1 RHO mem=True nz=True ynz=True cond=True claim_agree=True upper=0.872551017234  CERT
667640971,0,1 T   mem=True nz=True ynz=True cond=True claim_agree=True upper=2099.06248300  CERT
674261339,0,1 RHO mem=True nz=True ynz=True cond=True claim_agree=True upper=0.874095389239  CERT
674261339,0,1 T   mem=True nz=True ynz=True cond=True claim_agree=True upper=2723.72137410  CERT
682657492,0,1 RHO mem=True nz=True ynz=True cond=True claim_agree=True upper=0.927765640899  CERT
682657492,0,1 T   mem=True nz=True ynz=True cond=True claim_agree=True upper=2321.64052852  CERT
686510847,0,1 RHO mem=True nz=True ynz=True cond=True claim_agree=True upper=0.893334200669  CERT
686510847,0,1 T   mem=True nz=True ynz=True cond=True claim_agree=True upper=2277.80824124  CERT
701149320,0,1 RHO mem=True nz=True ynz=True cond=True claim_agree=True upper=0.945613897250  CERT
701149320,0,1 T   mem=True nz=True ynz=True cond=True claim_agree=True upper=2259.36139970  CERT
900329619,0,1 RHO mem=True nz=True ynz=True cond=True claim_agree=True upper=0.925184531964  CERT
900329619,0,1 T   mem=True nz=True ynz=True cond=True claim_agree=True upper=2514.08612609  CERT
910475488,0,1 RHO mem=True nz=True ynz=True cond=True claim_agree=True upper=0.950949097878  CERT
910475488,0,1 T   mem=True nz=True ynz=True cond=True claim_agree=True upper=2261.59571489  CERT
927287826,0,1 RHO mem=True nz=True ynz=True cond=True claim_agree=True upper=0.926549319258  CERT
927287826,0,1 T   mem=True nz=True ynz=True cond=True claim_agree=True upper=2685.44237162  CERT
977793661,0,1 RHO mem=True nz=True ynz=True cond=True claim_agree=True upper=0.893334200669  CERT
977793661,0,1 T   mem=True nz=True ynz=True cond=True claim_agree=True upper=1624.32772582  CERT
984886000,0,1 RHO mem=True nz=True ynz=True cond=True claim_agree=True upper=0.879211051629  CERT
984886000,0,1 T   mem=True nz=True ynz=True cond=True claim_agree=True upper=2415.67150987  CERT
992017836,0,1 RHO mem=True nz=True ynz=True cond=True claim_agree=True upper=0.902548078246  CERT
992017836,0,1 T   mem=True nz=True ynz=True cond=True claim_agree=True upper=2468.13762166  CERT
FAMILY VERIFY n=7 l=1000298177 : EXCLUDED (components certified 32 / 32 ; lines 64 ; failed lines 0)
FAMILY VERIFY PASS
