FACTORIZATION: 32 irreducible factors of degree 2 over F_1000650433: OK
36585099,0,1 RHO mem=True nz=True ynz=True cond=True claim_agree=True upper=0.953554347264  CERT
36585099,0,1 T   mem=True nz=True ynz=True cond=True claim_agree=True upper=2813.62715023  CERT
38657888,0,1 RHO mem=True nz=True ynz=True cond=True claim_agree=True upper=0.965335528141  CERT
38657888,0,1 T   mem=True nz=True ynz=True cond=True claim_agree=True upper=3257.74619988  CERT
120260718,0,1 RHO mem=True nz=True ynz=True cond=True claim_agree=True upper=0.954370610889  CERT
120260718,0,1 T   mem=True nz=True ynz=True cond=True claim_agree=True upper=2330.40585896  CERT
146408443,0,1 RHO mem=True nz=True ynz=True cond=True claim_agree=True upper=0.948064084818  CERT
146408443,0,1 T   mem=True nz=True ynz=True cond=True claim_agree=True upper=2281.56154839  CERT
188078427,0,1 RHO mem=True nz=True ynz=True cond=True claim_agree=True upper=0.960667183695  CERT
188078427,0,1 T   mem=True nz=True ynz=True cond=True claim_agree=True upper=2848.34886359  CERT
221908069,0,1 RHO mem=True nz=True ynz=True cond=True claim_agree=True upper=0.954370610889  CERT
221908069,0,1 T   mem=True nz=True ynz=True cond=True claim_agree=True upper=2713.22943903  CERT
279746024,0,1 RHO mem=True nz=True ynz=True cond=True claim_agree=True upper=0.960348568040  CERT
279746024,0,1 T   mem=True nz=True ynz=True cond=True claim_agree=True upper=2114.14995065  CERT
289497165,0,1 RHO mem=True nz=True ynz=True cond=True claim_agree=True upper=0.953554347264  CERT
289497165,0,1 T   mem=True nz=True ynz=True cond=True claim_agree=True upper=2494.75027148  CERT
337122634,0,1 RHO mem=True nz=True ynz=True cond=True claim_agree=True upper=0.948064084818  CERT
337122634,0,1 T   mem=True nz=True ynz=True cond=True claim_agree=True upper=2153.99654922  CERT
375015523,0,1 RHO mem=True nz=True ynz=True cond=True claim_agree=True upper=0.911919626851  CERT
375015523,0,1 T   mem=True nz=True ynz=True cond=True claim_agree=True upper=1895.33581643  CERT
376836664,0,1 RHO mem=True nz=True ynz=True cond=True claim_agree=True upper=0.970996193255  CERT
376836664,0,1 T   mem=True nz=True ynz=True cond=True claim_agree=True upper=2681.65601573  CERT
380587211,0,1 RHO mem=True nz=True ynz=True cond=True claim_agree=True upper=0.970996193255  CERT
380587211,0,1 T   mem=True nz=True ynz=True cond=True claim_agree=True upper=2130.41687029  CERT
444897765,0,1 RHO mem=True nz=True ynz=True cond=True claim_agree=True upper=0.911919626851  CERT
444897765,0,1 T   mem=True nz=True ynz=True cond=True claim_agree=True upper=3123.96267733  CERT
467151546,0,1 RHO mem=True nz=True ynz=True cond=True claim_agree=True upper=0.915946874043  CERT
467151546,0,1 T   mem=True nz=True ynz=True cond=True claim_agree=True upper=2149.35682770  CERT
484926422,0,1 RHO mem=True nz=True ynz=True cond=True claim_agree=True upper=0.952485553236  CERT
484926422,0,1 T   mem=True nz=True ynz=True cond=True claim_agree=True upper=2621.33729016  CERT
490444555,0,1 RHO mem=True nz=True ynz=True cond=True claim_agree=True upper=0.953284219581  CERT
490444555,0,1 T   mem=True nz=True ynz=True cond=True claim_agree=True upper=2446.09317558  CERT
510205878,0,1 RHO mem=True nz=True ynz=True cond=True claim_agree=True upper=0.915946874043  CERT
510205878,0,1 T   mem=True nz=True ynz=True cond=True claim_agree=True upper=2314.48870982  CERT
515724011,0,1 RHO mem=True nz=True ynz=True cond=True claim_agree=True upper=0.960667183695  CERT
515724011,0,1 T   mem=True nz=True ynz=True cond=True claim_agree=True upper=2792.23294145  CERT
533498887,0,1 RHO mem=True nz=True ynz=True cond=True claim_agree=True upper=0.953284219581  CERT
533498887,0,1 T   mem=True nz=True ynz=True cond=True claim_agree=True upper=3388.96611909  CERT
555752668,0,1 RHO mem=True nz=True ynz=True cond=True claim_agree=True upper=0.982490244981  CERT
555752668,0,1 T   mem=True nz=True ynz=True cond=True claim_agree=True upper=2689.89078705  CERT
620063222,0,1 RHO mem=True nz=True ynz=True cond=True claim_agree=True upper=0.946621044677  CERT
620063222,0,1 T   mem=True nz=True ynz=True cond=True claim_agree=True upper=2717.93225509  CERT
623813769,0,1 RHO mem=True nz=True ynz=True cond=True claim_agree=True upper=0.946621044677  CERT
623813769,0,1 T   mem=True nz=True ynz=True cond=True claim_agree=True upper=2393.33955257  CERT
625634910,0,1 RHO mem=True nz=True ynz=True cond=True claim_agree=True upper=0.982490244981  CERT
625634910,0,1 T   mem=True nz=True ynz=True cond=True claim_agree=True upper=2207.60287146  CERT
663527799,0,1 RHO mem=True nz=True ynz=True cond=True claim_agree=True upper=0.956997963159  CERT
663527799,0,1 T   mem=True nz=True ynz=True cond=True claim_agree=True upper=2489.64505350  CERT
711153268,0,1 RHO mem=True nz=True ynz=True cond=True claim_agree=True upper=0.951155525251  CERT
711153268,0,1 T   mem=True nz=True ynz=True cond=True claim_agree=True upper=2411.34217827  CERT
720904409,0,1 RHO mem=True nz=True ynz=True cond=True claim_agree=True upper=0.965335528141  CERT
720904409,0,1 T   mem=True nz=True ynz=True cond=True claim_agree=True upper=2411.61299086  CERT
778742364,0,1 RHO mem=True nz=True ynz=True cond=True claim_agree=True upper=0.920413169636  CERT
778742364,0,1 T   mem=True nz=True ynz=True cond=True claim_agree=True upper=2307.98711846  CERT
812572006,0,1 RHO mem=True nz=True ynz=True cond=True claim_agree=True upper=0.952485553236  CERT
812572006,0,1 T   mem=True nz=True ynz=True cond=True claim_agree=True upper=2559.31830415  CERT
854241990,0,1 RHO mem=True nz=True ynz=True cond=True claim_agree=True upper=0.956997963159  CERT
854241990,0,1 T   mem=True nz=True ynz=True cond=True claim_agree=True upper=2997.54468361  CERT
880389715,0,1 RHO mem=True nz=True ynz=True cond=True claim_agree=True upper=0.920413169636  CERT
880389715,0,1 T   mem=True nz=True ynz=True cond=True claim_agree=True upper=2178.55942095  CERT
961992545,0,1 RHO mem=True nz=True ynz=True cond=True claim_agree=True upper=0.960348568040  CERT
961992545,0,1 T   mem=True nz=True ynz=True cond=True claim_agree=True upper=2031.23625897  CERT
964065334,0,1 RHO mem=True nz=True ynz=True cond=True claim_agree=True upper=0.951155525251  CERT
964065334,0,1 T   mem=True nz=True ynz=True cond=True claim_agree=True upper=2613.66780524  CERT
FAMILY VERIFY n=7 l=1000650433 : EXCLUDED (components certified 32 / 32 ; lines 64 ; failed lines 0)
FAMILY VERIFY PASS
