FACTORIZATION: 32 irreducible factors of degree 2 over F_1000335041: OK
43263480,0,1 RHO mem=True nz=True ynz=True cond=True claim_agree=True upper=0.919404785976  CERT
43263480,0,1 T   mem=True nz=True ynz=True cond=True claim_agree=True upper=2138.45645243  CERT
48246910,0,1 RHO mem=True nz=True ynz=True cond=True claim_agree=True upper=0.935285597261  CERT
48246910,0,1 T   mem=True nz=True ynz=True cond=True claim_agree=True upper=2104.68956022  CERT
65617284,0,1 RHO mem=True nz=True ynz=True cond=True claim_agree=True upper=0.907458747115  CERT
65617284,0,1 T   mem=True nz=True ynz=True cond=True claim_agree=True upper=2600.84234017  CERT
94015357,0,1 RHO mem=True nz=True ynz=True cond=True claim_agree=True upper=0.961707933175  CERT
94015357,0,1 T   mem=True nz=True ynz=True cond=True claim_agree=True upper=2385.35776022  CERT
169143977,0,1 RHO mem=True nz=True ynz=True cond=True claim_agree=True upper=0.924065973298  CERT
169143977,0,1 T   mem=True nz=True ynz=True cond=True claim_agree=True upper=2080.26893970  CERT
187410997,0,1 RHO mem=True nz=True ynz=True cond=True claim_agree=True upper=0.856035137546  CERT
187410997,0,1 T   mem=True nz=True ynz=True cond=True claim_agree=True upper=1713.19584681  CERT
212908604,0,1 RHO mem=True nz=True ynz=True cond=True claim_agree=True upper=0.947091684477  CERT
212908604,0,1 T   mem=True nz=True ynz=True cond=True claim_agree=True upper=2089.13732773  CERT
264532313,0,1 RHO mem=True nz=True ynz=True cond=True claim_agree=True upper=0.856035137546  CERT
264532313,0,1 T   mem=True nz=True ynz=True cond=True claim_agree=True upper=1526.81468615  CERT
281134465,0,1 RHO mem=True nz=True ynz=True cond=True claim_agree=True upper=0.947091684477  CERT
281134465,0,1 T   mem=True nz=True ynz=True cond=True claim_agree=True upper=2378.67598335  CERT
315466293,0,1 RHO mem=True nz=True ynz=True cond=True claim_agree=True upper=0.958391108264  CERT
315466293,0,1 T   mem=True nz=True ynz=True cond=True claim_agree=True upper=2699.37915376  CERT
371369281,0,1 RHO mem=True nz=True ynz=True cond=True claim_agree=True upper=0.958391108264  CERT
371369281,0,1 T   mem=True nz=True ynz=True cond=True claim_agree=True upper=2370.97753253  CERT
401513170,0,1 RHO mem=True nz=True ynz=True cond=True claim_agree=True upper=0.919404785976  CERT
401513170,0,1 T   mem=True nz=True ynz=True cond=True claim_agree=True upper=2213.21238118  CERT
408514764,0,1 RHO mem=True nz=True ynz=True cond=True claim_agree=True upper=0.939820941186  CERT
408514764,0,1 T   mem=True nz=True ynz=True cond=True claim_agree=True upper=2311.56963557  CERT
414326974,0,1 RHO mem=True nz=True ynz=True cond=True claim_agree=True upper=0.962587910097  CERT
414326974,0,1 T   mem=True nz=True ynz=True cond=True claim_agree=True upper=2756.35324126  CERT
422950466,0,1 RHO mem=True nz=True ynz=True cond=True claim_agree=True upper=0.961707933175  CERT
422950466,0,1 T   mem=True nz=True ynz=True cond=True claim_agree=True upper=2006.63316653  CERT
493209416,0,1 RHO mem=True nz=True ynz=True cond=True claim_agree=True upper=0.907458747115  CERT
493209416,0,1 T   mem=True nz=True ynz=True cond=True claim_agree=True upper=2984.78019758  CERT
507125625,0,1 RHO mem=True nz=True ynz=True cond=True claim_agree=True upper=0.933447843042  CERT
507125625,0,1 T   mem=True nz=True ynz=True cond=True claim_agree=True upper=2312.22911770  CERT
577384575,0,1 RHO mem=True nz=True ynz=True cond=True claim_agree=True upper=0.912414862875  CERT
577384575,0,1 T   mem=True nz=True ynz=True cond=True claim_agree=True upper=2033.71062435  CERT
586008067,0,1 RHO mem=True nz=True ynz=True cond=True claim_agree=True upper=0.935285597261  CERT
586008067,0,1 T   mem=True nz=True ynz=True cond=True claim_agree=True upper=2859.95434121  CERT
591820277,0,1 RHO mem=True nz=True ynz=True cond=True claim_agree=True upper=0.924065973298  CERT
591820277,0,1 T   mem=True nz=True ynz=True cond=True claim_agree=True upper=2735.24291386  CERT
598821871,0,1 RHO mem=True nz=True ynz=True cond=True claim_agree=True upper=0.910864350259  CERT
598821871,0,1 T   mem=True nz=True ynz=True cond=True claim_agree=True upper=3341.69006238  CERT
628965760,0,1 RHO mem=True nz=True ynz=True cond=True claim_agree=True upper=0.909907648431  CERT
628965760,0,1 T   mem=True nz=True ynz=True cond=True claim_agree=True upper=2169.57156832  CERT
684868748,0,1 RHO mem=True nz=True ynz=True cond=True claim_agree=True upper=0.909907648431  CERT
684868748,0,1 T   mem=True nz=True ynz=True cond=True claim_agree=True upper=2123.67308460  CERT
719200576,0,1 RHO mem=True nz=True ynz=True cond=True claim_agree=True upper=0.921894217134  CERT
719200576,0,1 T   mem=True nz=True ynz=True cond=True claim_agree=True upper=2486.45688513  CERT
735802728,0,1 RHO mem=True nz=True ynz=True cond=True claim_agree=True upper=0.960108349748  CERT
735802728,0,1 T   mem=True nz=True ynz=True cond=True claim_agree=True upper=1939.92406948  CERT
787426437,0,1 RHO mem=True nz=True ynz=True cond=True claim_agree=True upper=0.921894217134  CERT
787426437,0,1 T   mem=True nz=True ynz=True cond=True claim_agree=True upper=2629.24579581  CERT
812924044,0,1 RHO mem=True nz=True ynz=True cond=True claim_agree=True upper=0.960108349748  CERT
812924044,0,1 T   mem=True nz=True ynz=True cond=True claim_agree=True upper=3581.29897974  CERT
831191064,0,1 RHO mem=True nz=True ynz=True cond=True claim_agree=True upper=0.939820941186  CERT
831191064,0,1 T   mem=True nz=True ynz=True cond=True claim_agree=True upper=2857.49232466  CERT
906319684,0,1 RHO mem=True nz=True ynz=True cond=True claim_agree=True upper=0.912414862875  CERT
906319684,0,1 T   mem=True nz=True ynz=True cond=True claim_agree=True upper=1931.93471887  CERT
934717757,0,1 RHO mem=True nz=True ynz=True cond=True claim_agree=True upper=0.933447843042  CERT
934717757,0,1 T   mem=True nz=True ynz=True cond=True claim_agree=True upper=2713.13813137  CERT
952088131,0,1 RHO mem=True nz=True ynz=True cond=True claim_agree=True upper=0.962587910097  CERT
952088131,0,1 T   mem=True nz=True ynz=True cond=True claim_agree=True upper=2474.86972596  CERT
957071561,0,1 RHO mem=True nz=True ynz=True cond=True claim_agree=True upper=0.910864350259  CERT
957071561,0,1 T   mem=True nz=True ynz=True cond=True claim_agree=True upper=2033.56312266  CERT
FAMILY VERIFY n=7 l=1000335041 : EXCLUDED (components certified 32 / 32 ; lines 64 ; failed lines 0)
FAMILY VERIFY PASS
