FACTORIZATION: 32 irreducible factors of degree 2 over F_1000896577: OK
40318604,0,1 RHO mem=True nz=True ynz=True cond=True claim_agree=True upper=0.937640097612  CERT
40318604,0,1 T   mem=True nz=True ynz=True cond=True claim_agree=True upper=3225.49919718  CERT
81543805,0,1 RHO mem=True nz=True ynz=True cond=True claim_agree=True upper=0.926893673394  CERT
81543805,0,1 T   mem=True nz=True ynz=True cond=True claim_agree=True upper=3745.83803293  CERT
83903924,0,1 RHO mem=True nz=True ynz=True cond=True claim_agree=True upper=0.963427829331  CERT
83903924,0,1 T   mem=True nz=True ynz=True cond=True claim_agree=True upper=2568.60671403  CERT
112003525,0,1 RHO mem=True nz=True ynz=True cond=True claim_agree=True upper=0.977672011213  CERT
112003525,0,1 T   mem=True nz=True ynz=True cond=True claim_agree=True upper=3038.80541512  CERT
114409243,0,1 RHO mem=True nz=True ynz=True cond=True claim_agree=True upper=0.942234062663  CERT
114409243,0,1 T   mem=True nz=True ynz=True cond=True claim_agree=True upper=2250.11545376  CERT
116490302,0,1 RHO mem=True nz=True ynz=True cond=True claim_agree=True upper=0.977672011213  CERT
116490302,0,1 T   mem=True nz=True ynz=True cond=True claim_agree=True upper=3195.21825181  CERT
121057885,0,1 RHO mem=True nz=True ynz=True cond=True claim_agree=True upper=0.940946803891  CERT
121057885,0,1 T   mem=True nz=True ynz=True cond=True claim_agree=True upper=2149.06530219  CERT
138043295,0,1 RHO mem=True nz=True ynz=True cond=True claim_agree=True upper=0.981819650403  CERT
138043295,0,1 T   mem=True nz=True ynz=True cond=True claim_agree=True upper=2969.46324343  CERT
144351203,0,1 RHO mem=True nz=True ynz=True cond=True claim_agree=True upper=0.936617443492  CERT
144351203,0,1 T   mem=True nz=True ynz=True cond=True claim_agree=True upper=2762.98078374  CERT
212759962,0,1 RHO mem=True nz=True ynz=True cond=True claim_agree=True upper=0.968874900902  CERT
212759962,0,1 T   mem=True nz=True ynz=True cond=True claim_agree=True upper=2778.67569562  CERT
277226503,0,1 RHO mem=True nz=True ynz=True cond=True claim_agree=True upper=0.964407231213  CERT
277226503,0,1 T   mem=True nz=True ynz=True cond=True claim_agree=True upper=3036.48932379  CERT
280482155,0,1 RHO mem=True nz=True ynz=True cond=True claim_agree=True upper=0.968874900902  CERT
280482155,0,1 T   mem=True nz=True ynz=True cond=True claim_agree=True upper=2418.08542502  CERT
303742524,0,1 RHO mem=True nz=True ynz=True cond=True claim_agree=True upper=0.936617443492  CERT
303742524,0,1 T   mem=True nz=True ynz=True cond=True claim_agree=True upper=2575.87579399  CERT
359015244,0,1 RHO mem=True nz=True ynz=True cond=True claim_agree=True upper=0.948818202199  CERT
359015244,0,1 T   mem=True nz=True ynz=True cond=True claim_agree=True upper=3247.63343598  CERT
378408333,0,1 RHO mem=True nz=True ynz=True cond=True claim_agree=True upper=0.941780313281  CERT
378408333,0,1 T   mem=True nz=True ynz=True cond=True claim_agree=True upper=2762.76340078  CERT
398768169,0,1 RHO mem=True nz=True ynz=True cond=True claim_agree=True upper=0.964407231213  CERT
398768169,0,1 T   mem=True nz=True ynz=True cond=True claim_agree=True upper=2604.84362863  CERT
602128408,0,1 RHO mem=True nz=True ynz=True cond=True claim_agree=True upper=0.949068627771  CERT
602128408,0,1 T   mem=True nz=True ynz=True cond=True claim_agree=True upper=2655.73968069  CERT
622488244,0,1 RHO mem=True nz=True ynz=True cond=True claim_agree=True upper=0.937640097612  CERT
622488244,0,1 T   mem=True nz=True ynz=True cond=True claim_agree=True upper=2653.58766035  CERT
641881333,0,1 RHO mem=True nz=True ynz=True cond=True claim_agree=True upper=0.981819650403  CERT
641881333,0,1 T   mem=True nz=True ynz=True cond=True claim_agree=True upper=2836.48713265  CERT
697154053,0,1 RHO mem=True nz=True ynz=True cond=True claim_agree=True upper=0.944013473603  CERT
697154053,0,1 T   mem=True nz=True ynz=True cond=True claim_agree=True upper=2456.83510676  CERT
720414422,0,1 RHO mem=True nz=True ynz=True cond=True claim_agree=True upper=0.937081134661  CERT
720414422,0,1 T   mem=True nz=True ynz=True cond=True claim_agree=True upper=2753.20610069  CERT
723670074,0,1 RHO mem=True nz=True ynz=True cond=True claim_agree=True upper=0.949068627771  CERT
723670074,0,1 T   mem=True nz=True ynz=True cond=True claim_agree=True upper=2737.21372402  CERT
788136615,0,1 RHO mem=True nz=True ynz=True cond=True claim_agree=True upper=0.937081134661  CERT
788136615,0,1 T   mem=True nz=True ynz=True cond=True claim_agree=True upper=2559.94026419  CERT
856545374,0,1 RHO mem=True nz=True ynz=True cond=True claim_agree=True upper=0.944013473603  CERT
856545374,0,1 T   mem=True nz=True ynz=True cond=True claim_agree=True upper=2526.60070853  CERT
862853282,0,1 RHO mem=True nz=True ynz=True cond=True claim_agree=True upper=0.948818202199  CERT
862853282,0,1 T   mem=True nz=True ynz=True cond=True claim_agree=True upper=3566.30295538  CERT
879838692,0,1 RHO mem=True nz=True ynz=True cond=True claim_agree=True upper=0.963427829331  CERT
879838692,0,1 T   mem=True nz=True ynz=True cond=True claim_agree=True upper=3083.32578047  CERT
884406275,0,1 RHO mem=True nz=True ynz=True cond=True claim_agree=True upper=0.925333308161  CERT
884406275,0,1 T   mem=True nz=True ynz=True cond=True claim_agree=True upper=2685.01717285  CERT
886487334,0,1 RHO mem=True nz=True ynz=True cond=True claim_agree=True upper=0.926893673394  CERT
886487334,0,1 T   mem=True nz=True ynz=True cond=True claim_agree=True upper=3069.08169665  CERT
888893052,0,1 RHO mem=True nz=True ynz=True cond=True claim_agree=True upper=0.925333308161  CERT
888893052,0,1 T   mem=True nz=True ynz=True cond=True claim_agree=True upper=3037.04060782  CERT
916992653,0,1 RHO mem=True nz=True ynz=True cond=True claim_agree=True upper=0.940946803891  CERT
916992653,0,1 T   mem=True nz=True ynz=True cond=True claim_agree=True upper=2873.01153915  CERT
919352772,0,1 RHO mem=True nz=True ynz=True cond=True claim_agree=True upper=0.942234062663  CERT
919352772,0,1 T   mem=True nz=True ynz=True cond=True claim_agree=True upper=2506.40832804  CERT
960577973,0,1 RHO mem=True nz=True ynz=True cond=True claim_agree=True upper=0.941780313281  CERT
960577973,0,1 T   mem=True nz=True ynz=True cond=True claim_agree=True upper=2734.11663935  CERT
FAMILY VERIFY n=7 l=1000896577 : EXCLUDED (components certified 32 / 32 ; lines 64 ; failed lines 0)
FAMILY VERIFY PASS
