FACTORIZATION: 32 irreducible factors of degree 2 over F_1000090177: OK
9534708,0,1 RHO mem=True nz=True ynz=True cond=True claim_agree=True upper=0.919663790484  CERT
9534708,0,1 T   mem=True nz=True ynz=True cond=True claim_agree=True upper=2275.08670770  CERT
45151372,0,1 RHO mem=True nz=True ynz=True cond=True claim_agree=True upper=0.928389582829  CERT
45151372,0,1 T   mem=True nz=True ynz=True cond=True claim_agree=True upper=2107.45441610  CERT
99919246,0,1 RHO mem=True nz=True ynz=True cond=True claim_agree=True upper=0.926225624949  CERT
99919246,0,1 T   mem=True nz=True ynz=True cond=True claim_agree=True upper=3029.36405997  CERT
115446660,0,1 RHO mem=True nz=True ynz=True cond=True claim_agree=True upper=0.886564302573  CERT
115446660,0,1 T   mem=True nz=True ynz=True cond=True claim_agree=True upper=2222.94323341  CERT
126045954,0,1 RHO mem=True nz=True ynz=True cond=True claim_agree=True upper=0.919663790484  CERT
126045954,0,1 T   mem=True nz=True ynz=True cond=True claim_agree=True upper=1697.96883488  CERT
158951441,0,1 RHO mem=True nz=True ynz=True cond=True claim_agree=True upper=0.891901144032  CERT
158951441,0,1 T   mem=True nz=True ynz=True cond=True claim_agree=True upper=2454.90380484  CERT
177276793,0,1 RHO mem=True nz=True ynz=True cond=True claim_agree=True upper=0.944744824225  CERT
177276793,0,1 T   mem=True nz=True ynz=True cond=True claim_agree=True upper=2065.73160557  CERT
181869923,0,1 RHO mem=True nz=True ynz=True cond=True claim_agree=True upper=0.933781064221  CERT
181869923,0,1 T   mem=True nz=True ynz=True cond=True claim_agree=True upper=2986.46534362  CERT
210999642,0,1 RHO mem=True nz=True ynz=True cond=True claim_agree=True upper=0.891901144032  CERT
210999642,0,1 T   mem=True nz=True ynz=True cond=True claim_agree=True upper=1895.17586413  CERT
267620937,0,1 RHO mem=True nz=True ynz=True cond=True claim_agree=True upper=0.898641430121  CERT
267620937,0,1 T   mem=True nz=True ynz=True cond=True claim_agree=True upper=2353.17450001  CERT
347974060,0,1 RHO mem=True nz=True ynz=True cond=True claim_agree=True upper=0.898641430121  CERT
347974060,0,1 T   mem=True nz=True ynz=True cond=True claim_agree=True upper=2273.60959000  CERT
357396847,0,1 RHO mem=True nz=True ynz=True cond=True claim_agree=True upper=0.913562202912  CERT
357396847,0,1 T   mem=True nz=True ynz=True cond=True claim_agree=True upper=2426.06603138  CERT
361034851,0,1 RHO mem=True nz=True ynz=True cond=True claim_agree=True upper=0.895318983526  CERT
361034851,0,1 T   mem=True nz=True ynz=True cond=True claim_agree=True upper=1947.78680339  CERT
362949671,0,1 RHO mem=True nz=True ynz=True cond=True claim_agree=True upper=0.914486367250  CERT
362949671,0,1 T   mem=True nz=True ynz=True cond=True claim_agree=True upper=2309.49154483  CERT
484298068,0,1 RHO mem=True nz=True ynz=True cond=True claim_agree=True upper=0.949797017702  CERT
484298068,0,1 T   mem=True nz=True ynz=True cond=True claim_agree=True upper=2174.93790101  CERT
488833191,0,1 RHO mem=True nz=True ynz=True cond=True claim_agree=True upper=0.913562202912  CERT
488833191,0,1 T   mem=True nz=True ynz=True cond=True claim_agree=True upper=2929.47616458  CERT
511256986,0,1 RHO mem=True nz=True ynz=True cond=True claim_agree=True upper=0.937967079916  CERT
511256986,0,1 T   mem=True nz=True ynz=True cond=True claim_agree=True upper=2912.02302372  CERT
515792109,0,1 RHO mem=True nz=True ynz=True cond=True claim_agree=True upper=0.886564302573  CERT
515792109,0,1 T   mem=True nz=True ynz=True cond=True claim_agree=True upper=2597.96898239  CERT
637140506,0,1 RHO mem=True nz=True ynz=True cond=True claim_agree=True upper=0.944744824225  CERT
637140506,0,1 T   mem=True nz=True ynz=True cond=True claim_agree=True upper=2346.52015428  CERT
639055326,0,1 RHO mem=True nz=True ynz=True cond=True claim_agree=True upper=0.928389582829  CERT
639055326,0,1 T   mem=True nz=True ynz=True cond=True claim_agree=True upper=2435.08050533  CERT
642693330,0,1 RHO mem=True nz=True ynz=True cond=True claim_agree=True upper=0.937967079916  CERT
642693330,0,1 T   mem=True nz=True ynz=True cond=True claim_agree=True upper=2288.92085727  CERT
652116117,0,1 RHO mem=True nz=True ynz=True cond=True claim_agree=True upper=0.949731276092  CERT
652116117,0,1 T   mem=True nz=True ynz=True cond=True claim_agree=True upper=2478.18147999  CERT
732469240,0,1 RHO mem=True nz=True ynz=True cond=True claim_agree=True upper=0.949731276092  CERT
732469240,0,1 T   mem=True nz=True ynz=True cond=True claim_agree=True upper=2560.90726494  CERT
789090535,0,1 RHO mem=True nz=True ynz=True cond=True claim_agree=True upper=0.927902037139  CERT
789090535,0,1 T   mem=True nz=True ynz=True cond=True claim_agree=True upper=2081.30750437  CERT
818220254,0,1 RHO mem=True nz=True ynz=True cond=True claim_agree=True upper=0.926225624949  CERT
818220254,0,1 T   mem=True nz=True ynz=True cond=True claim_agree=True upper=2136.51958563  CERT
822813384,0,1 RHO mem=True nz=True ynz=True cond=True claim_agree=True upper=0.914486367250  CERT
822813384,0,1 T   mem=True nz=True ynz=True cond=True claim_agree=True upper=2408.46406031  CERT
841138736,0,1 RHO mem=True nz=True ynz=True cond=True claim_agree=True upper=0.927902037139  CERT
841138736,0,1 T   mem=True nz=True ynz=True cond=True claim_agree=True upper=2820.48787092  CERT
874044223,0,1 RHO mem=True nz=True ynz=True cond=True claim_agree=True upper=0.900974154456  CERT
874044223,0,1 T   mem=True nz=True ynz=True cond=True claim_agree=True upper=2593.08241596  CERT
884643517,0,1 RHO mem=True nz=True ynz=True cond=True claim_agree=True upper=0.949797017702  CERT
884643517,0,1 T   mem=True nz=True ynz=True cond=True claim_agree=True upper=2688.03305901  CERT
900170931,0,1 RHO mem=True nz=True ynz=True cond=True claim_agree=True upper=0.933781064221  CERT
900170931,0,1 T   mem=True nz=True ynz=True cond=True claim_agree=True upper=2360.76109895  CERT
954938805,0,1 RHO mem=True nz=True ynz=True cond=True claim_agree=True upper=0.895318983526  CERT
954938805,0,1 T   mem=True nz=True ynz=True cond=True claim_agree=True upper=2648.09125745  CERT
990555469,0,1 RHO mem=True nz=True ynz=True cond=True claim_agree=True upper=0.900974154456  CERT
990555469,0,1 T   mem=True nz=True ynz=True cond=True claim_agree=True upper=2634.27898104  CERT
FAMILY VERIFY n=7 l=1000090177 : EXCLUDED (components certified 32 / 32 ; lines 64 ; failed lines 0)
FAMILY VERIFY PASS
