FACTORIZATION: 32 irreducible factors of degree 2 over F_1000479169: OK
9999672,0,1 RHO mem=True nz=True ynz=True cond=True claim_agree=True upper=0.930451240807  CERT
9999672,0,1 T   mem=True nz=True ynz=True cond=True claim_agree=True upper=2579.44085981  CERT
38531719,0,1 RHO mem=True nz=True ynz=True cond=True claim_agree=True upper=0.921543958640  CERT
38531719,0,1 T   mem=True nz=True ynz=True cond=True claim_agree=True upper=1648.60833597  CERT
72718934,0,1 RHO mem=True nz=True ynz=True cond=True claim_agree=True upper=0.962736603754  CERT
72718934,0,1 T   mem=True nz=True ynz=True cond=True claim_agree=True upper=2862.62540895  CERT
80645683,0,1 RHO mem=True nz=True ynz=True cond=True claim_agree=True upper=0.964044180227  CERT
80645683,0,1 T   mem=True nz=True ynz=True cond=True claim_agree=True upper=2561.89879647  CERT
89055701,0,1 RHO mem=True nz=True ynz=True cond=True claim_agree=True upper=0.970123563900  CERT
89055701,0,1 T   mem=True nz=True ynz=True cond=True claim_agree=True upper=2479.33325424  CERT
116994980,0,1 RHO mem=True nz=True ynz=True cond=True claim_agree=True upper=0.964258409973  CERT
116994980,0,1 T   mem=True nz=True ynz=True cond=True claim_agree=True upper=2344.15033944  CERT
156977817,0,1 RHO mem=True nz=True ynz=True cond=True claim_agree=True upper=0.975303700567  CERT
156977817,0,1 T   mem=True nz=True ynz=True cond=True claim_agree=True upper=2532.63673670  CERT
261051307,0,1 RHO mem=True nz=True ynz=True cond=True claim_agree=True upper=0.967688353113  CERT
261051307,0,1 T   mem=True nz=True ynz=True cond=True claim_agree=True upper=2803.82531753  CERT
286403869,0,1 RHO mem=True nz=True ynz=True cond=True claim_agree=True upper=0.959025172286  CERT
286403869,0,1 T   mem=True nz=True ynz=True cond=True claim_agree=True upper=3023.00699819  CERT
302788097,0,1 RHO mem=True nz=True ynz=True cond=True claim_agree=True upper=0.915403738937  CERT
302788097,0,1 T   mem=True nz=True ynz=True cond=True claim_agree=True upper=2320.51069392  CERT
362842421,0,1 RHO mem=True nz=True ynz=True cond=True claim_agree=True upper=0.962736603754  CERT
362842421,0,1 T   mem=True nz=True ynz=True cond=True claim_agree=True upper=3052.97964582  CERT
389011637,0,1 RHO mem=True nz=True ynz=True cond=True claim_agree=True upper=0.964258409973  CERT
389011637,0,1 T   mem=True nz=True ynz=True cond=True claim_agree=True upper=2153.86071619  CERT
400124053,0,1 RHO mem=True nz=True ynz=True cond=True claim_agree=True upper=0.959143588807  CERT
400124053,0,1 T   mem=True nz=True ynz=True cond=True claim_agree=True upper=2692.13514895  CERT
417332466,0,1 RHO mem=True nz=True ynz=True cond=True claim_agree=True upper=0.992105830889  CERT
417332466,0,1 T   mem=True nz=True ynz=True cond=True claim_agree=True upper=2572.54433844  CERT
428181829,0,1 RHO mem=True nz=True ynz=True cond=True claim_agree=True upper=0.920451329127  CERT
428181829,0,1 T   mem=True nz=True ynz=True cond=True claim_agree=True upper=2881.46379693  CERT
449133695,0,1 RHO mem=True nz=True ynz=True cond=True claim_agree=True upper=0.992105830889  CERT
449133695,0,1 T   mem=True nz=True ynz=True cond=True claim_agree=True upper=2631.87244120  CERT
551345474,0,1 RHO mem=True nz=True ynz=True cond=True claim_agree=True upper=0.946439735359  CERT
551345474,0,1 T   mem=True nz=True ynz=True cond=True claim_agree=True upper=2777.31184220  CERT
572297340,0,1 RHO mem=True nz=True ynz=True cond=True claim_agree=True upper=0.970123563900  CERT
572297340,0,1 T   mem=True nz=True ynz=True cond=True claim_agree=True upper=2567.94710497  CERT
583146703,0,1 RHO mem=True nz=True ynz=True cond=True claim_agree=True upper=0.946439735359  CERT
583146703,0,1 T   mem=True nz=True ynz=True cond=True claim_agree=True upper=2571.87906787  CERT
600355116,0,1 RHO mem=True nz=True ynz=True cond=True claim_agree=True upper=0.930451240807  CERT
600355116,0,1 T   mem=True nz=True ynz=True cond=True claim_agree=True upper=2328.47428089  CERT
611467532,0,1 RHO mem=True nz=True ynz=True cond=True claim_agree=True upper=0.977575088989  CERT
611467532,0,1 T   mem=True nz=True ynz=True cond=True claim_agree=True upper=2329.14147219  CERT
637636748,0,1 RHO mem=True nz=True ynz=True cond=True claim_agree=True upper=0.930099170918  CERT
637636748,0,1 T   mem=True nz=True ynz=True cond=True claim_agree=True upper=2659.83964798  CERT
697691072,0,1 RHO mem=True nz=True ynz=True cond=True claim_agree=True upper=0.975303700567  CERT
697691072,0,1 T   mem=True nz=True ynz=True cond=True claim_agree=True upper=2608.87023416  CERT
714075300,0,1 RHO mem=True nz=True ynz=True cond=True claim_agree=True upper=0.921543958640  CERT
714075300,0,1 T   mem=True nz=True ynz=True cond=True claim_agree=True upper=2545.03558672  CERT
739427862,0,1 RHO mem=True nz=True ynz=True cond=True claim_agree=True upper=0.964044180227  CERT
739427862,0,1 T   mem=True nz=True ynz=True cond=True claim_agree=True upper=2133.28917493  CERT
843501352,0,1 RHO mem=True nz=True ynz=True cond=True claim_agree=True upper=0.915403738937  CERT
843501352,0,1 T   mem=True nz=True ynz=True cond=True claim_agree=True upper=1964.35370594  CERT
883484189,0,1 RHO mem=True nz=True ynz=True cond=True claim_agree=True upper=0.977575088989  CERT
883484189,0,1 T   mem=True nz=True ynz=True cond=True claim_agree=True upper=2549.81110457  CERT
911423468,0,1 RHO mem=True nz=True ynz=True cond=True claim_agree=True upper=0.920451329127  CERT
911423468,0,1 T   mem=True nz=True ynz=True cond=True claim_agree=True upper=2112.25276557  CERT
919833486,0,1 RHO mem=True nz=True ynz=True cond=True claim_agree=True upper=0.967688353113  CERT
919833486,0,1 T   mem=True nz=True ynz=True cond=True claim_agree=True upper=3374.22758522  CERT
927760235,0,1 RHO mem=True nz=True ynz=True cond=True claim_agree=True upper=0.930099170918  CERT
927760235,0,1 T   mem=True nz=True ynz=True cond=True claim_agree=True upper=2744.16604613  CERT
961947450,0,1 RHO mem=True nz=True ynz=True cond=True claim_agree=True upper=0.959025172286  CERT
961947450,0,1 T   mem=True nz=True ynz=True cond=True claim_agree=True upper=2710.81278798  CERT
990479497,0,1 RHO mem=True nz=True ynz=True cond=True claim_agree=True upper=0.959143588807  CERT
990479497,0,1 T   mem=True nz=True ynz=True cond=True claim_agree=True upper=2217.69367121  CERT
FAMILY VERIFY n=7 l=1000479169 : EXCLUDED (components certified 32 / 32 ; lines 64 ; failed lines 0)
FAMILY VERIFY PASS
