FACTORIZATION: 32 irreducible factors of degree 2 over F_1001078081: OK
47741332,0,1 RHO mem=True nz=True ynz=True cond=True claim_agree=True upper=0.951946944018  CERT
47741332,0,1 T   mem=True nz=True ynz=True cond=True claim_agree=True upper=2655.50425136  CERT
143053998,0,1 RHO mem=True nz=True ynz=True cond=True claim_agree=True upper=0.923851542902  CERT
143053998,0,1 T   mem=True nz=True ynz=True cond=True claim_agree=True upper=2036.08130542  CERT
145503488,0,1 RHO mem=True nz=True ynz=True cond=True claim_agree=True upper=0.946547400944  CERT
145503488,0,1 T   mem=True nz=True ynz=True cond=True claim_agree=True upper=2860.42944287  CERT
181256182,0,1 RHO mem=True nz=True ynz=True cond=True claim_agree=True upper=0.961549467161  CERT
181256182,0,1 T   mem=True nz=True ynz=True cond=True claim_agree=True upper=2225.66393110  CERT
187526314,0,1 RHO mem=True nz=True ynz=True cond=True claim_agree=True upper=0.962718948461  CERT
187526314,0,1 T   mem=True nz=True ynz=True cond=True claim_agree=True upper=2371.11660033  CERT
224033114,0,1 RHO mem=True nz=True ynz=True cond=True claim_agree=True upper=0.980670859045  CERT
224033114,0,1 T   mem=True nz=True ynz=True cond=True claim_agree=True upper=2929.34703700  CERT
255187906,0,1 RHO mem=True nz=True ynz=True cond=True claim_agree=True upper=0.978808568350  CERT
255187906,0,1 T   mem=True nz=True ynz=True cond=True claim_agree=True upper=2423.16499202  CERT
262408480,0,1 RHO mem=True nz=True ynz=True cond=True claim_agree=True upper=0.951946944018  CERT
262408480,0,1 T   mem=True nz=True ynz=True cond=True claim_agree=True upper=2744.23856841  CERT
269478279,0,1 RHO mem=True nz=True ynz=True cond=True claim_agree=True upper=0.953701033994  CERT
269478279,0,1 T   mem=True nz=True ynz=True cond=True claim_agree=True upper=3082.03030693  CERT
290135205,0,1 RHO mem=True nz=True ynz=True cond=True claim_agree=True upper=0.974308048159  CERT
290135205,0,1 T   mem=True nz=True ynz=True cond=True claim_agree=True upper=2601.79636101  CERT
290385995,0,1 RHO mem=True nz=True ynz=True cond=True claim_agree=True upper=0.928749682078  CERT
290385995,0,1 T   mem=True nz=True ynz=True cond=True claim_agree=True upper=2391.12680889  CERT
382045053,0,1 RHO mem=True nz=True ynz=True cond=True claim_agree=True upper=0.946547400944  CERT
382045053,0,1 T   mem=True nz=True ynz=True cond=True claim_agree=True upper=1832.97062106  CERT
397319672,0,1 RHO mem=True nz=True ynz=True cond=True claim_agree=True upper=0.958547087720  CERT
397319672,0,1 T   mem=True nz=True ynz=True cond=True claim_agree=True upper=2449.32603169  CERT
475038512,0,1 RHO mem=True nz=True ynz=True cond=True claim_agree=True upper=0.923851542902  CERT
475038512,0,1 T   mem=True nz=True ynz=True cond=True claim_agree=True upper=1755.32779734  CERT
498631509,0,1 RHO mem=True nz=True ynz=True cond=True claim_agree=True upper=0.924025497317  CERT
498631509,0,1 T   mem=True nz=True ynz=True cond=True claim_agree=True upper=2234.41401355  CERT
500283193,0,1 RHO mem=True nz=True ynz=True cond=True claim_agree=True upper=0.966421386904  CERT
500283193,0,1 T   mem=True nz=True ynz=True cond=True claim_agree=True upper=2444.39622459  CERT
500794888,0,1 RHO mem=True nz=True ynz=True cond=True claim_agree=True upper=0.961549467161  CERT
500794888,0,1 T   mem=True nz=True ynz=True cond=True claim_agree=True upper=2639.66294041  CERT
502446572,0,1 RHO mem=True nz=True ynz=True cond=True claim_agree=True upper=0.980670859045  CERT
502446572,0,1 T   mem=True nz=True ynz=True cond=True claim_agree=True upper=2095.53199612  CERT
526039569,0,1 RHO mem=True nz=True ynz=True cond=True claim_agree=True upper=0.982002401574  CERT
526039569,0,1 T   mem=True nz=True ynz=True cond=True claim_agree=True upper=2694.66571022  CERT
603758409,0,1 RHO mem=True nz=True ynz=True cond=True claim_agree=True upper=0.974308048159  CERT
603758409,0,1 T   mem=True nz=True ynz=True cond=True claim_agree=True upper=2757.04802281  CERT
619033028,0,1 RHO mem=True nz=True ynz=True cond=True claim_agree=True upper=0.975877243667  CERT
619033028,0,1 T   mem=True nz=True ynz=True cond=True claim_agree=True upper=3037.61024730  CERT
710692086,0,1 RHO mem=True nz=True ynz=True cond=True claim_agree=True upper=0.978808568350  CERT
710692086,0,1 T   mem=True nz=True ynz=True cond=True claim_agree=True upper=2650.32784785  CERT
710942876,0,1 RHO mem=True nz=True ynz=True cond=True claim_agree=True upper=0.958547087720  CERT
710942876,0,1 T   mem=True nz=True ynz=True cond=True claim_agree=True upper=2057.84545660  CERT
731599802,0,1 RHO mem=True nz=True ynz=True cond=True claim_agree=True upper=0.962718948461  CERT
731599802,0,1 T   mem=True nz=True ynz=True cond=True claim_agree=True upper=3198.85809867  CERT
738669601,0,1 RHO mem=True nz=True ynz=True cond=True claim_agree=True upper=0.958057603303  CERT
738669601,0,1 T   mem=True nz=True ynz=True cond=True claim_agree=True upper=2163.06030632  CERT
745890175,0,1 RHO mem=True nz=True ynz=True cond=True claim_agree=True upper=0.928749682078  CERT
745890175,0,1 T   mem=True nz=True ynz=True cond=True claim_agree=True upper=2704.70071773  CERT
777044967,0,1 RHO mem=True nz=True ynz=True cond=True claim_agree=True upper=0.924025497317  CERT
777044967,0,1 T   mem=True nz=True ynz=True cond=True claim_agree=True upper=1741.58643952  CERT
813551767,0,1 RHO mem=True nz=True ynz=True cond=True claim_agree=True upper=0.953701033994  CERT
813551767,0,1 T   mem=True nz=True ynz=True cond=True claim_agree=True upper=2038.82169202  CERT
819821899,0,1 RHO mem=True nz=True ynz=True cond=True claim_agree=True upper=0.966421386904  CERT
819821899,0,1 T   mem=True nz=True ynz=True cond=True claim_agree=True upper=2396.11634045  CERT
855574593,0,1 RHO mem=True nz=True ynz=True cond=True claim_agree=True upper=0.975877243667  CERT
855574593,0,1 T   mem=True nz=True ynz=True cond=True claim_agree=True upper=2919.90835196  CERT
858024083,0,1 RHO mem=True nz=True ynz=True cond=True claim_agree=True upper=0.982002401574  CERT
858024083,0,1 T   mem=True nz=True ynz=True cond=True claim_agree=True upper=2486.44575184  CERT
953336749,0,1 RHO mem=True nz=True ynz=True cond=True claim_agree=True upper=0.958057603303  CERT
953336749,0,1 T   mem=True nz=True ynz=True cond=True claim_agree=True upper=3042.25745035  CERT
FAMILY VERIFY n=7 l=1001078081 : EXCLUDED (components certified 32 / 32 ; lines 64 ; failed lines 0)
FAMILY VERIFY PASS
