FACTORIZATION: 32 irreducible factors of degree 2 over F_1000550977: OK
87082993,0,1 RHO mem=True nz=True ynz=True cond=True claim_agree=True upper=0.823005735143  CERT
87082993,0,1 T   mem=True nz=True ynz=True cond=True claim_agree=True upper=1284.99075362  CERT
152938227,0,1 RHO mem=True nz=True ynz=True cond=True claim_agree=True upper=0.782509437382  CERT
152938227,0,1 T   mem=True nz=True ynz=True cond=True claim_agree=True upper=1109.81972926  CERT
181430780,0,1 RHO mem=True nz=True ynz=True cond=True claim_agree=True upper=0.852761086333  CERT
181430780,0,1 T   mem=True nz=True ynz=True cond=True claim_agree=True upper=1514.97065704  CERT
189342114,0,1 RHO mem=True nz=True ynz=True cond=True claim_agree=True upper=0.782509437382  CERT
189342114,0,1 T   mem=True nz=True ynz=True cond=True claim_agree=True upper=1011.33602839  CERT
216774680,0,1 RHO mem=True nz=True ynz=True cond=True claim_agree=True upper=0.804042471432  CERT
216774680,0,1 T   mem=True nz=True ynz=True cond=True claim_agree=True upper=1530.65329920  CERT
223234105,0,1 RHO mem=True nz=True ynz=True cond=True claim_agree=True upper=0.836337491958  CERT
223234105,0,1 T   mem=True nz=True ynz=True cond=True claim_agree=True upper=1398.20884118  CERT
237039798,0,1 RHO mem=True nz=True ynz=True cond=True claim_agree=True upper=0.813127269030  CERT
237039798,0,1 T   mem=True nz=True ynz=True cond=True claim_agree=True upper=1775.94573779  CERT
261206994,0,1 RHO mem=True nz=True ynz=True cond=True claim_agree=True upper=0.830452425794  CERT
261206994,0,1 T   mem=True nz=True ynz=True cond=True claim_agree=True upper=1236.06266866  CERT
276004334,0,1 RHO mem=True nz=True ynz=True cond=True claim_agree=True upper=0.780269401916  CERT
276004334,0,1 T   mem=True nz=True ynz=True cond=True claim_agree=True upper=1132.69834928  CERT
291277969,0,1 RHO mem=True nz=True ynz=True cond=True claim_agree=True upper=0.840513983441  CERT
291277969,0,1 T   mem=True nz=True ynz=True cond=True claim_agree=True upper=1544.30475218  CERT
314708873,0,1 RHO mem=True nz=True ynz=True cond=True claim_agree=True upper=0.790067476860  CERT
314708873,0,1 T   mem=True nz=True ynz=True cond=True claim_agree=True upper=1121.37375535  CERT
347528920,0,1 RHO mem=True nz=True ynz=True cond=True claim_agree=True upper=0.843669905377  CERT
347528920,0,1 T   mem=True nz=True ynz=True cond=True claim_agree=True upper=1264.21500328  CERT
383519605,0,1 RHO mem=True nz=True ynz=True cond=True claim_agree=True upper=0.789701267688  CERT
383519605,0,1 T   mem=True nz=True ynz=True cond=True claim_agree=True upper=1329.42493224  CERT
387260910,0,1 RHO mem=True nz=True ynz=True cond=True claim_agree=True upper=0.836337491958  CERT
387260910,0,1 T   mem=True nz=True ynz=True cond=True claim_agree=True upper=1537.60838748  CERT
394658750,0,1 RHO mem=True nz=True ynz=True cond=True claim_agree=True upper=0.858933648905  CERT
394658750,0,1 T   mem=True nz=True ynz=True cond=True claim_agree=True upper=1572.48118859  CERT
444015776,0,1 RHO mem=True nz=True ynz=True cond=True claim_agree=True upper=0.830452425794  CERT
444015776,0,1 T   mem=True nz=True ynz=True cond=True claim_agree=True upper=1489.69297431  CERT
556535201,0,1 RHO mem=True nz=True ynz=True cond=True claim_agree=True upper=0.767184463432  CERT
556535201,0,1 T   mem=True nz=True ynz=True cond=True claim_agree=True upper=1410.95774196  CERT
605892227,0,1 RHO mem=True nz=True ynz=True cond=True claim_agree=True upper=0.804042471432  CERT
605892227,0,1 T   mem=True nz=True ynz=True cond=True claim_agree=True upper=1036.23706328  CERT
613290067,0,1 RHO mem=True nz=True ynz=True cond=True claim_agree=True upper=0.848127085895  CERT
613290067,0,1 T   mem=True nz=True ynz=True cond=True claim_agree=True upper=1362.41250971  CERT
617031372,0,1 RHO mem=True nz=True ynz=True cond=True claim_agree=True upper=0.790067476860  CERT
617031372,0,1 T   mem=True nz=True ynz=True cond=True claim_agree=True upper=1225.38721806  CERT
653022057,0,1 RHO mem=True nz=True ynz=True cond=True claim_agree=True upper=0.823005735143  CERT
653022057,0,1 T   mem=True nz=True ynz=True cond=True claim_agree=True upper=1244.31210033  CERT
685842104,0,1 RHO mem=True nz=True ynz=True cond=True claim_agree=True upper=0.789701267688  CERT
685842104,0,1 T   mem=True nz=True ynz=True cond=True claim_agree=True upper=891.259471639  CERT
709273008,0,1 RHO mem=True nz=True ynz=True cond=True claim_agree=True upper=0.780269401916  CERT
709273008,0,1 T   mem=True nz=True ynz=True cond=True claim_agree=True upper=984.145512015  CERT
724546643,0,1 RHO mem=True nz=True ynz=True cond=True claim_agree=True upper=0.840513983441  CERT
724546643,0,1 T   mem=True nz=True ynz=True cond=True claim_agree=True upper=1709.36317697  CERT
739343983,0,1 RHO mem=True nz=True ynz=True cond=True claim_agree=True upper=0.767184463432  CERT
739343983,0,1 T   mem=True nz=True ynz=True cond=True claim_agree=True upper=1172.24518723  CERT
763511179,0,1 RHO mem=True nz=True ynz=True cond=True claim_agree=True upper=0.852761086333  CERT
763511179,0,1 T   mem=True nz=True ynz=True cond=True claim_agree=True upper=1172.04016722  CERT
777316872,0,1 RHO mem=True nz=True ynz=True cond=True claim_agree=True upper=0.848127085895  CERT
777316872,0,1 T   mem=True nz=True ynz=True cond=True claim_agree=True upper=1504.43046322  CERT
783776297,0,1 RHO mem=True nz=True ynz=True cond=True claim_agree=True upper=0.858933648905  CERT
783776297,0,1 T   mem=True nz=True ynz=True cond=True claim_agree=True upper=1672.40555471  CERT
811208863,0,1 RHO mem=True nz=True ynz=True cond=True claim_agree=True upper=0.858206069016  CERT
811208863,0,1 T   mem=True nz=True ynz=True cond=True claim_agree=True upper=1738.30144866  CERT
819120197,0,1 RHO mem=True nz=True ynz=True cond=True claim_agree=True upper=0.813127269030  CERT
819120197,0,1 T   mem=True nz=True ynz=True cond=True claim_agree=True upper=1368.35388080  CERT
847612750,0,1 RHO mem=True nz=True ynz=True cond=True claim_agree=True upper=0.858206069016  CERT
847612750,0,1 T   mem=True nz=True ynz=True cond=True claim_agree=True upper=1543.11630691  CERT
913467984,0,1 RHO mem=True nz=True ynz=True cond=True claim_agree=True upper=0.843669905377  CERT
913467984,0,1 T   mem=True nz=True ynz=True cond=True claim_agree=True upper=1402.43148345  CERT
FAMILY VERIFY n=7 l=1000550977 : EXCLUDED (components certified 32 / 32 ; lines 64 ; failed lines 0)
FAMILY VERIFY PASS
