FACTORIZATION: 32 irreducible factors of degree 2 over F_1001182657: OK
12041480,0,1 RHO mem=True nz=True ynz=True cond=True claim_agree=True upper=0.935132117276  CERT
12041480,0,1 T   mem=True nz=True ynz=True cond=True claim_agree=True upper=2413.82840262  CERT
24386076,0,1 RHO mem=True nz=True ynz=True cond=True claim_agree=True upper=0.952442475234  CERT
24386076,0,1 T   mem=True nz=True ynz=True cond=True claim_agree=True upper=2507.27324734  CERT
84779078,0,1 RHO mem=True nz=True ynz=True cond=True claim_agree=True upper=0.924414067398  CERT
84779078,0,1 T   mem=True nz=True ynz=True cond=True claim_agree=True upper=2753.99660412  CERT
102433553,0,1 RHO mem=True nz=True ynz=True cond=True claim_agree=True upper=0.915662199408  CERT
102433553,0,1 T   mem=True nz=True ynz=True cond=True claim_agree=True upper=2096.09156815  CERT
118473658,0,1 RHO mem=True nz=True ynz=True cond=True claim_agree=True upper=0.933386665632  CERT
118473658,0,1 T   mem=True nz=True ynz=True cond=True claim_agree=True upper=2343.75115192  CERT
159402043,0,1 RHO mem=True nz=True ynz=True cond=True claim_agree=True upper=0.942215652263  CERT
159402043,0,1 T   mem=True nz=True ynz=True cond=True claim_agree=True upper=2695.23324916  CERT
178272149,0,1 RHO mem=True nz=True ynz=True cond=True claim_agree=True upper=0.931204290194  CERT
178272149,0,1 T   mem=True nz=True ynz=True cond=True claim_agree=True upper=2159.26308576  CERT
190183137,0,1 RHO mem=True nz=True ynz=True cond=True claim_agree=True upper=0.942215652263  CERT
190183137,0,1 T   mem=True nz=True ynz=True cond=True claim_agree=True upper=2124.07276366  CERT
198137238,0,1 RHO mem=True nz=True ynz=True cond=True claim_agree=True upper=0.951475796534  CERT
198137238,0,1 T   mem=True nz=True ynz=True cond=True claim_agree=True upper=2232.32301202  CERT
222686252,0,1 RHO mem=True nz=True ynz=True cond=True claim_agree=True upper=0.937423127358  CERT
222686252,0,1 T   mem=True nz=True ynz=True cond=True claim_agree=True upper=2172.65672003  CERT
362534087,0,1 RHO mem=True nz=True ynz=True cond=True claim_agree=True upper=0.945056693654  CERT
362534087,0,1 T   mem=True nz=True ynz=True cond=True claim_agree=True upper=2081.38899945  CERT
427940441,0,1 RHO mem=True nz=True ynz=True cond=True claim_agree=True upper=0.937423127358  CERT
427940441,0,1 T   mem=True nz=True ynz=True cond=True claim_agree=True upper=2854.67342262  CERT
443401380,0,1 RHO mem=True nz=True ynz=True cond=True claim_agree=True upper=0.952442475234  CERT
443401380,0,1 T   mem=True nz=True ynz=True cond=True claim_agree=True upper=2590.21548565  CERT
465944783,0,1 RHO mem=True nz=True ynz=True cond=True claim_agree=True upper=0.949460674081  CERT
465944783,0,1 T   mem=True nz=True ynz=True cond=True claim_agree=True upper=2604.19785792  CERT
469438179,0,1 RHO mem=True nz=True ynz=True cond=True claim_agree=True upper=0.935324804848  CERT
469438179,0,1 T   mem=True nz=True ynz=True cond=True claim_agree=True upper=2130.45221691  CERT
490499444,0,1 RHO mem=True nz=True ynz=True cond=True claim_agree=True upper=0.958821545273  CERT
490499444,0,1 T   mem=True nz=True ynz=True cond=True claim_agree=True upper=3034.52493733  CERT
510683213,0,1 RHO mem=True nz=True ynz=True cond=True claim_agree=True upper=0.924414067398  CERT
510683213,0,1 T   mem=True nz=True ynz=True cond=True claim_agree=True upper=2609.05036128  CERT
531744478,0,1 RHO mem=True nz=True ynz=True cond=True claim_agree=True upper=0.931204290194  CERT
531744478,0,1 T   mem=True nz=True ynz=True cond=True claim_agree=True upper=2003.25170611  CERT
535237874,0,1 RHO mem=True nz=True ynz=True cond=True claim_agree=True upper=0.915662199408  CERT
535237874,0,1 T   mem=True nz=True ynz=True cond=True claim_agree=True upper=1628.98051893  CERT
557781277,0,1 RHO mem=True nz=True ynz=True cond=True claim_agree=True upper=0.899599428478  CERT
557781277,0,1 T   mem=True nz=True ynz=True cond=True claim_agree=True upper=2569.76222106  CERT
573242216,0,1 RHO mem=True nz=True ynz=True cond=True claim_agree=True upper=0.961000959057  CERT
573242216,0,1 T   mem=True nz=True ynz=True cond=True claim_agree=True upper=2115.72859133  CERT
638648570,0,1 RHO mem=True nz=True ynz=True cond=True claim_agree=True upper=0.951475796534  CERT
638648570,0,1 T   mem=True nz=True ynz=True cond=True claim_agree=True upper=2426.42327903  CERT
778496405,0,1 RHO mem=True nz=True ynz=True cond=True claim_agree=True upper=0.961000959057  CERT
778496405,0,1 T   mem=True nz=True ynz=True cond=True claim_agree=True upper=2424.47114369  CERT
803045419,0,1 RHO mem=True nz=True ynz=True cond=True claim_agree=True upper=0.945056693654  CERT
803045419,0,1 T   mem=True nz=True ynz=True cond=True claim_agree=True upper=2797.26386340  CERT
810999520,0,1 RHO mem=True nz=True ynz=True cond=True claim_agree=True upper=0.948866713009  CERT
810999520,0,1 T   mem=True nz=True ynz=True cond=True claim_agree=True upper=2498.80708427  CERT
822910508,0,1 RHO mem=True nz=True ynz=True cond=True claim_agree=True upper=0.935324804848  CERT
822910508,0,1 T   mem=True nz=True ynz=True cond=True claim_agree=True upper=1782.40940794  CERT
841780614,0,1 RHO mem=True nz=True ynz=True cond=True claim_agree=True upper=0.948866713009  CERT
841780614,0,1 T   mem=True nz=True ynz=True cond=True claim_agree=True upper=2136.90233171  CERT
882708999,0,1 RHO mem=True nz=True ynz=True cond=True claim_agree=True upper=0.935132117276  CERT
882708999,0,1 T   mem=True nz=True ynz=True cond=True claim_agree=True upper=2199.53102791  CERT
898749104,0,1 RHO mem=True nz=True ynz=True cond=True claim_agree=True upper=0.949460674081  CERT
898749104,0,1 T   mem=True nz=True ynz=True cond=True claim_agree=True upper=2386.64084230  CERT
916403579,0,1 RHO mem=True nz=True ynz=True cond=True claim_agree=True upper=0.958821545273  CERT
916403579,0,1 T   mem=True nz=True ynz=True cond=True claim_agree=True upper=2517.71694050  CERT
976796581,0,1 RHO mem=True nz=True ynz=True cond=True claim_agree=True upper=0.899599428478  CERT
976796581,0,1 T   mem=True nz=True ynz=True cond=True claim_agree=True upper=2428.89194017  CERT
989141177,0,1 RHO mem=True nz=True ynz=True cond=True claim_agree=True upper=0.933386665632  CERT
989141177,0,1 T   mem=True nz=True ynz=True cond=True claim_agree=True upper=2829.27644853  CERT
FAMILY VERIFY n=7 l=1001182657 : EXCLUDED (components certified 32 / 32 ; lines 64 ; failed lines 0)
FAMILY VERIFY PASS
