FACTORIZATION: 32 irreducible factors of degree 2 over F_1000891841: OK
3883379,0,1 RHO mem=True nz=True ynz=True cond=True claim_agree=True upper=0.945744416152  CERT
3883379,0,1 T   mem=True nz=True ynz=True cond=True claim_agree=True upper=2779.24765999  CERT
4298529,0,1 RHO mem=True nz=True ynz=True cond=True claim_agree=True upper=0.929385815174  CERT
4298529,0,1 T   mem=True nz=True ynz=True cond=True claim_agree=True upper=2861.02126632  CERT
17031215,0,1 RHO mem=True nz=True ynz=True cond=True claim_agree=True upper=0.898268869282  CERT
17031215,0,1 T   mem=True nz=True ynz=True cond=True claim_agree=True upper=2340.74159637  CERT
113012083,0,1 RHO mem=True nz=True ynz=True cond=True claim_agree=True upper=0.929610736562  CERT
113012083,0,1 T   mem=True nz=True ynz=True cond=True claim_agree=True upper=2551.44814004  CERT
118232801,0,1 RHO mem=True nz=True ynz=True cond=True claim_agree=True upper=0.898268869282  CERT
118232801,0,1 T   mem=True nz=True ynz=True cond=True claim_agree=True upper=1762.76462334  CERT
134665277,0,1 RHO mem=True nz=True ynz=True cond=True claim_agree=True upper=0.936158456817  CERT
134665277,0,1 T   mem=True nz=True ynz=True cond=True claim_agree=True upper=2446.23977400  CERT
158740747,0,1 RHO mem=True nz=True ynz=True cond=True claim_agree=True upper=0.948675475096  CERT
158740747,0,1 T   mem=True nz=True ynz=True cond=True claim_agree=True upper=1919.75824389  CERT
188975920,0,1 RHO mem=True nz=True ynz=True cond=True claim_agree=True upper=0.910804414631  CERT
188975920,0,1 T   mem=True nz=True ynz=True cond=True claim_agree=True upper=1781.78631542  CERT
214306248,0,1 RHO mem=True nz=True ynz=True cond=True claim_agree=True upper=0.936158456817  CERT
214306248,0,1 T   mem=True nz=True ynz=True cond=True claim_agree=True upper=2078.09598390  CERT
241133324,0,1 RHO mem=True nz=True ynz=True cond=True claim_agree=True upper=0.929385815174  CERT
241133324,0,1 T   mem=True nz=True ynz=True cond=True claim_agree=True upper=2724.56905523  CERT
253661483,0,1 RHO mem=True nz=True ynz=True cond=True claim_agree=True upper=0.910804414631  CERT
253661483,0,1 T   mem=True nz=True ynz=True cond=True claim_agree=True upper=2115.34308516  CERT
255312343,0,1 RHO mem=True nz=True ynz=True cond=True claim_agree=True upper=0.940821437390  CERT
255312343,0,1 T   mem=True nz=True ynz=True cond=True claim_agree=True upper=2427.37273700  CERT
263676657,0,1 RHO mem=True nz=True ynz=True cond=True claim_agree=True upper=0.956788619319  CERT
263676657,0,1 T   mem=True nz=True ynz=True cond=True claim_agree=True upper=2445.55137384  CERT
394655545,0,1 RHO mem=True nz=True ynz=True cond=True claim_agree=True upper=0.959951234015  CERT
394655545,0,1 T   mem=True nz=True ynz=True cond=True claim_agree=True upper=2370.90787706  CERT
451882632,0,1 RHO mem=True nz=True ynz=True cond=True claim_agree=True upper=0.959951234015  CERT
451882632,0,1 T   mem=True nz=True ynz=True cond=True claim_agree=True upper=1950.04331119  CERT
466883134,0,1 RHO mem=True nz=True ynz=True cond=True claim_agree=True upper=0.947839299782  CERT
466883134,0,1 T   mem=True nz=True ynz=True cond=True claim_agree=True upper=1714.17295061  CERT
534008707,0,1 RHO mem=True nz=True ynz=True cond=True claim_agree=True upper=0.948675475096  CERT
534008707,0,1 T   mem=True nz=True ynz=True cond=True claim_agree=True upper=2424.08136526  CERT
549009209,0,1 RHO mem=True nz=True ynz=True cond=True claim_agree=True upper=0.959133865814  CERT
549009209,0,1 T   mem=True nz=True ynz=True cond=True claim_agree=True upper=2637.18494088  CERT
606236296,0,1 RHO mem=True nz=True ynz=True cond=True claim_agree=True upper=0.959133865814  CERT
606236296,0,1 T   mem=True nz=True ynz=True cond=True claim_agree=True upper=2422.21137149  CERT
737215184,0,1 RHO mem=True nz=True ynz=True cond=True claim_agree=True upper=0.945744416152  CERT
737215184,0,1 T   mem=True nz=True ynz=True cond=True claim_agree=True upper=2594.97966295  CERT
745579498,0,1 RHO mem=True nz=True ynz=True cond=True claim_agree=True upper=0.929610736562  CERT
745579498,0,1 T   mem=True nz=True ynz=True cond=True claim_agree=True upper=2155.72805692  CERT
747230358,0,1 RHO mem=True nz=True ynz=True cond=True claim_agree=True upper=0.956908512333  CERT
747230358,0,1 T   mem=True nz=True ynz=True cond=True claim_agree=True upper=2392.87597853  CERT
759758517,0,1 RHO mem=True nz=True ynz=True cond=True claim_agree=True upper=0.924683921422  CERT
759758517,0,1 T   mem=True nz=True ynz=True cond=True claim_agree=True upper=2512.92697321  CERT
786585593,0,1 RHO mem=True nz=True ynz=True cond=True claim_agree=True upper=0.930846912038  CERT
786585593,0,1 T   mem=True nz=True ynz=True cond=True claim_agree=True upper=2482.43028386  CERT
811915921,0,1 RHO mem=True nz=True ynz=True cond=True claim_agree=True upper=0.956908512333  CERT
811915921,0,1 T   mem=True nz=True ynz=True cond=True claim_agree=True upper=2737.32096574  CERT
842151094,0,1 RHO mem=True nz=True ynz=True cond=True claim_agree=True upper=0.947839299782  CERT
842151094,0,1 T   mem=True nz=True ynz=True cond=True claim_agree=True upper=2567.37839939  CERT
866226564,0,1 RHO mem=True nz=True ynz=True cond=True claim_agree=True upper=0.930846912038  CERT
866226564,0,1 T   mem=True nz=True ynz=True cond=True claim_agree=True upper=1991.46488301  CERT
882659040,0,1 RHO mem=True nz=True ynz=True cond=True claim_agree=True upper=0.957302386206  CERT
882659040,0,1 T   mem=True nz=True ynz=True cond=True claim_agree=True upper=2473.25436441  CERT
887879758,0,1 RHO mem=True nz=True ynz=True cond=True claim_agree=True upper=0.940821437390  CERT
887879758,0,1 T   mem=True nz=True ynz=True cond=True claim_agree=True upper=2660.48925153  CERT
983860626,0,1 RHO mem=True nz=True ynz=True cond=True claim_agree=True upper=0.957302386206  CERT
983860626,0,1 T   mem=True nz=True ynz=True cond=True claim_agree=True upper=2251.29066869  CERT
996593312,0,1 RHO mem=True nz=True ynz=True cond=True claim_agree=True upper=0.924683921422  CERT
996593312,0,1 T   mem=True nz=True ynz=True cond=True claim_agree=True upper=2706.78195902  CERT
997008462,0,1 RHO mem=True nz=True ynz=True cond=True claim_agree=True upper=0.956788619319  CERT
997008462,0,1 T   mem=True nz=True ynz=True cond=True claim_agree=True upper=2341.02929257  CERT
FAMILY VERIFY n=7 l=1000891841 : EXCLUDED (components certified 32 / 32 ; lines 64 ; failed lines 0)
FAMILY VERIFY PASS
