FACTORIZATION: 32 irreducible factors of degree 2 over F_1000556993: OK
35137216,0,1 RHO mem=True nz=True ynz=True cond=True claim_agree=True upper=0.965374202677  CERT
35137216,0,1 T   mem=True nz=True ynz=True cond=True claim_agree=True upper=2423.57902124  CERT
83800103,0,1 RHO mem=True nz=True ynz=True cond=True claim_agree=True upper=0.945245891215  CERT
83800103,0,1 T   mem=True nz=True ynz=True cond=True claim_agree=True upper=2433.75248096  CERT
149882547,0,1 RHO mem=True nz=True ynz=True cond=True claim_agree=True upper=0.925830567571  CERT
149882547,0,1 T   mem=True nz=True ynz=True cond=True claim_agree=True upper=1616.74752848  CERT
189215534,0,1 RHO mem=True nz=True ynz=True cond=True claim_agree=True upper=0.878967502645  CERT
189215534,0,1 T   mem=True nz=True ynz=True cond=True claim_agree=True upper=1993.57262218  CERT
230499112,0,1 RHO mem=True nz=True ynz=True cond=True claim_agree=True upper=0.887167720755  CERT
230499112,0,1 T   mem=True nz=True ynz=True cond=True claim_agree=True upper=1911.62760336  CERT
283492272,0,1 RHO mem=True nz=True ynz=True cond=True claim_agree=True upper=0.925017920102  CERT
283492272,0,1 T   mem=True nz=True ynz=True cond=True claim_agree=True upper=2126.00173146  CERT
306443908,0,1 RHO mem=True nz=True ynz=True cond=True claim_agree=True upper=0.958329345542  CERT
306443908,0,1 T   mem=True nz=True ynz=True cond=True claim_agree=True upper=2850.16124099  CERT
339193807,0,1 RHO mem=True nz=True ynz=True cond=True claim_agree=True upper=0.878967502645  CERT
339193807,0,1 T   mem=True nz=True ynz=True cond=True claim_agree=True upper=1740.51912207  CERT
342936815,0,1 RHO mem=True nz=True ynz=True cond=True claim_agree=True upper=0.915656455470  CERT
342936815,0,1 T   mem=True nz=True ynz=True cond=True claim_agree=True upper=2020.68849744  CERT
357321648,0,1 RHO mem=True nz=True ynz=True cond=True claim_agree=True upper=0.925017920102  CERT
357321648,0,1 T   mem=True nz=True ynz=True cond=True claim_agree=True upper=1729.27223296  CERT
385639084,0,1 RHO mem=True nz=True ynz=True cond=True claim_agree=True upper=0.887846006124  CERT
385639084,0,1 T   mem=True nz=True ynz=True cond=True claim_agree=True upper=1969.11348755  CERT
388101062,0,1 RHO mem=True nz=True ynz=True cond=True claim_agree=True upper=0.887167720755  CERT
388101062,0,1 T   mem=True nz=True ynz=True cond=True claim_agree=True upper=1753.78837630  CERT
402778391,0,1 RHO mem=True nz=True ynz=True cond=True claim_agree=True upper=0.881777951083  CERT
402778391,0,1 T   mem=True nz=True ynz=True cond=True claim_agree=True upper=2322.79889084  CERT
407751368,0,1 RHO mem=True nz=True ynz=True cond=True claim_agree=True upper=0.933831666402  CERT
407751368,0,1 T   mem=True nz=True ynz=True cond=True claim_agree=True upper=2892.78363712  CERT
462419757,0,1 RHO mem=True nz=True ynz=True cond=True claim_agree=True upper=0.881777951083  CERT
462419757,0,1 T   mem=True nz=True ynz=True cond=True claim_agree=True upper=1801.51717060  CERT
482809364,0,1 RHO mem=True nz=True ynz=True cond=True claim_agree=True upper=0.949952210156  CERT
482809364,0,1 T   mem=True nz=True ynz=True cond=True claim_agree=True upper=2106.59638449  CERT
517747629,0,1 RHO mem=True nz=True ynz=True cond=True claim_agree=True upper=0.925830567571  CERT
517747629,0,1 T   mem=True nz=True ynz=True cond=True claim_agree=True upper=2269.74824711  CERT
538137236,0,1 RHO mem=True nz=True ynz=True cond=True claim_agree=True upper=0.967130567396  CERT
538137236,0,1 T   mem=True nz=True ynz=True cond=True claim_agree=True upper=2711.35585779  CERT
592805625,0,1 RHO mem=True nz=True ynz=True cond=True claim_agree=True upper=0.945245891215  CERT
592805625,0,1 T   mem=True nz=True ynz=True cond=True claim_agree=True upper=2115.73004446  CERT
597778602,0,1 RHO mem=True nz=True ynz=True cond=True claim_agree=True upper=0.967198319191  CERT
597778602,0,1 T   mem=True nz=True ynz=True cond=True claim_agree=True upper=2190.55245034  CERT
612455931,0,1 RHO mem=True nz=True ynz=True cond=True claim_agree=True upper=0.950929486379  CERT
612455931,0,1 T   mem=True nz=True ynz=True cond=True claim_agree=True upper=2292.66197666  CERT
614917909,0,1 RHO mem=True nz=True ynz=True cond=True claim_agree=True upper=0.958329345542  CERT
614917909,0,1 T   mem=True nz=True ynz=True cond=True claim_agree=True upper=2101.45855871  CERT
643235345,0,1 RHO mem=True nz=True ynz=True cond=True claim_agree=True upper=0.944899253234  CERT
643235345,0,1 T   mem=True nz=True ynz=True cond=True claim_agree=True upper=2762.25685132  CERT
657620178,0,1 RHO mem=True nz=True ynz=True cond=True claim_agree=True upper=0.965374202677  CERT
657620178,0,1 T   mem=True nz=True ynz=True cond=True claim_agree=True upper=2763.52875196  CERT
661363186,0,1 RHO mem=True nz=True ynz=True cond=True claim_agree=True upper=0.913336954305  CERT
661363186,0,1 T   mem=True nz=True ynz=True cond=True claim_agree=True upper=2050.47797327  CERT
694113085,0,1 RHO mem=True nz=True ynz=True cond=True claim_agree=True upper=0.887846006124  CERT
694113085,0,1 T   mem=True nz=True ynz=True cond=True claim_agree=True upper=2510.18769712  CERT
717064721,0,1 RHO mem=True nz=True ynz=True cond=True claim_agree=True upper=0.944899253234  CERT
717064721,0,1 T   mem=True nz=True ynz=True cond=True claim_agree=True upper=2555.90692403  CERT
770057881,0,1 RHO mem=True nz=True ynz=True cond=True claim_agree=True upper=0.950929486379  CERT
770057881,0,1 T   mem=True nz=True ynz=True cond=True claim_agree=True upper=2128.71756033  CERT
811341459,0,1 RHO mem=True nz=True ynz=True cond=True claim_agree=True upper=0.913336954305  CERT
811341459,0,1 T   mem=True nz=True ynz=True cond=True claim_agree=True upper=2139.83084674  CERT
850674446,0,1 RHO mem=True nz=True ynz=True cond=True claim_agree=True upper=0.949952210156  CERT
850674446,0,1 T   mem=True nz=True ynz=True cond=True claim_agree=True upper=2470.47618922  CERT
916756890,0,1 RHO mem=True nz=True ynz=True cond=True claim_agree=True upper=0.933831666402  CERT
916756890,0,1 T   mem=True nz=True ynz=True cond=True claim_agree=True upper=2085.71578266  CERT
965419777,0,1 RHO mem=True nz=True ynz=True cond=True claim_agree=True upper=0.915656455470  CERT
965419777,0,1 T   mem=True nz=True ynz=True cond=True claim_agree=True upper=2112.95794734  CERT
FAMILY VERIFY n=7 l=1000556993 : EXCLUDED (components certified 32 / 32 ; lines 64 ; failed lines 0)
FAMILY VERIFY PASS
