FACTORIZATION: 32 irreducible factors of degree 2 over F_1000527553: OK
45149255,0,1 RHO mem=True nz=True ynz=True cond=True claim_agree=True upper=0.939954327754  CERT
45149255,0,1 T   mem=True nz=True ynz=True cond=True claim_agree=True upper=2558.76394114  CERT
77633621,0,1 RHO mem=True nz=True ynz=True cond=True claim_agree=True upper=0.969158990457  CERT
77633621,0,1 T   mem=True nz=True ynz=True cond=True claim_agree=True upper=2690.68865814  CERT
93466200,0,1 RHO mem=True nz=True ynz=True cond=True claim_agree=True upper=0.939376739854  CERT
93466200,0,1 T   mem=True nz=True ynz=True cond=True claim_agree=True upper=2274.60666778  CERT
106017677,0,1 RHO mem=True nz=True ynz=True cond=True claim_agree=True upper=0.948631515122  CERT
106017677,0,1 T   mem=True nz=True ynz=True cond=True claim_agree=True upper=2978.41579743  CERT
116975603,0,1 RHO mem=True nz=True ynz=True cond=True claim_agree=True upper=0.926104178338  CERT
116975603,0,1 T   mem=True nz=True ynz=True cond=True claim_agree=True upper=2477.99430773  CERT
148060672,0,1 RHO mem=True nz=True ynz=True cond=True claim_agree=True upper=0.961149007819  CERT
148060672,0,1 T   mem=True nz=True ynz=True cond=True claim_agree=True upper=2610.80762052  CERT
176543159,0,1 RHO mem=True nz=True ynz=True cond=True claim_agree=True upper=0.959948331652  CERT
176543159,0,1 T   mem=True nz=True ynz=True cond=True claim_agree=True upper=2241.23411787  CERT
207348050,0,1 RHO mem=True nz=True ynz=True cond=True claim_agree=True upper=0.960279426251  CERT
207348050,0,1 T   mem=True nz=True ynz=True cond=True claim_agree=True upper=2117.87174913  CERT
238512701,0,1 RHO mem=True nz=True ynz=True cond=True claim_agree=True upper=0.898771704863  CERT
238512701,0,1 T   mem=True nz=True ynz=True cond=True claim_agree=True upper=2606.62628644  CERT
274158503,0,1 RHO mem=True nz=True ynz=True cond=True claim_agree=True upper=0.928337088752  CERT
274158503,0,1 T   mem=True nz=True ynz=True cond=True claim_agree=True upper=1974.14495403  CERT
293409601,0,1 RHO mem=True nz=True ynz=True cond=True claim_agree=True upper=0.944815813245  CERT
293409601,0,1 T   mem=True nz=True ynz=True cond=True claim_agree=True upper=2668.33810777  CERT
310581649,0,1 RHO mem=True nz=True ynz=True cond=True claim_agree=True upper=0.926563402678  CERT
310581649,0,1 T   mem=True nz=True ynz=True cond=True claim_agree=True upper=3506.47045873  CERT
388095912,0,1 RHO mem=True nz=True ynz=True cond=True claim_agree=True upper=0.964335368466  CERT
388095912,0,1 T   mem=True nz=True ynz=True cond=True claim_agree=True upper=2525.16560453  CERT
388995740,0,1 RHO mem=True nz=True ynz=True cond=True claim_agree=True upper=0.939376739854  CERT
388995740,0,1 T   mem=True nz=True ynz=True cond=True claim_agree=True upper=2457.04215112  CERT
470241298,0,1 RHO mem=True nz=True ynz=True cond=True claim_agree=True upper=0.939804672083  CERT
470241298,0,1 T   mem=True nz=True ynz=True cond=True claim_agree=True upper=2354.50735902  CERT
483705801,0,1 RHO mem=True nz=True ynz=True cond=True claim_agree=True upper=0.926379313004  CERT
483705801,0,1 T   mem=True nz=True ynz=True cond=True claim_agree=True upper=2579.90893130  CERT
516821752,0,1 RHO mem=True nz=True ynz=True cond=True claim_agree=True upper=0.948631515122  CERT
516821752,0,1 T   mem=True nz=True ynz=True cond=True claim_agree=True upper=2202.88980914  CERT
530286255,0,1 RHO mem=True nz=True ynz=True cond=True claim_agree=True upper=0.959948331652  CERT
530286255,0,1 T   mem=True nz=True ynz=True cond=True claim_agree=True upper=2218.29907368  CERT
611531813,0,1 RHO mem=True nz=True ynz=True cond=True claim_agree=True upper=0.969770199222  CERT
611531813,0,1 T   mem=True nz=True ynz=True cond=True claim_agree=True upper=2778.42951325  CERT
612431641,0,1 RHO mem=True nz=True ynz=True cond=True claim_agree=True upper=0.926563402678  CERT
612431641,0,1 T   mem=True nz=True ynz=True cond=True claim_agree=True upper=2626.87399718  CERT
689945904,0,1 RHO mem=True nz=True ynz=True cond=True claim_agree=True upper=0.964335368466  CERT
689945904,0,1 T   mem=True nz=True ynz=True cond=True claim_agree=True upper=2470.40242578  CERT
707117952,0,1 RHO mem=True nz=True ynz=True cond=True claim_agree=True upper=0.926104178338  CERT
707117952,0,1 T   mem=True nz=True ynz=True cond=True claim_agree=True upper=2600.27362413  CERT
726369050,0,1 RHO mem=True nz=True ynz=True cond=True claim_agree=True upper=0.961149007819  CERT
726369050,0,1 T   mem=True nz=True ynz=True cond=True claim_agree=True upper=2563.78719612  CERT
762014852,0,1 RHO mem=True nz=True ynz=True cond=True claim_agree=True upper=0.960279426251  CERT
762014852,0,1 T   mem=True nz=True ynz=True cond=True claim_agree=True upper=3308.62768546  CERT
793179503,0,1 RHO mem=True nz=True ynz=True cond=True claim_agree=True upper=0.898771704863  CERT
793179503,0,1 T   mem=True nz=True ynz=True cond=True claim_agree=True upper=2171.54627423  CERT
823984394,0,1 RHO mem=True nz=True ynz=True cond=True claim_agree=True upper=0.939804672083  CERT
823984394,0,1 T   mem=True nz=True ynz=True cond=True claim_agree=True upper=2649.25702469  CERT
852466881,0,1 RHO mem=True nz=True ynz=True cond=True claim_agree=True upper=0.928337088752  CERT
852466881,0,1 T   mem=True nz=True ynz=True cond=True claim_agree=True upper=3082.49960243  CERT
883551950,0,1 RHO mem=True nz=True ynz=True cond=True claim_agree=True upper=0.944815813245  CERT
883551950,0,1 T   mem=True nz=True ynz=True cond=True claim_agree=True upper=2343.65651169  CERT
894509876,0,1 RHO mem=True nz=True ynz=True cond=True claim_agree=True upper=0.926379313004  CERT
894509876,0,1 T   mem=True nz=True ynz=True cond=True claim_agree=True upper=2418.48761392  CERT
907061353,0,1 RHO mem=True nz=True ynz=True cond=True claim_agree=True upper=0.969770199222  CERT
907061353,0,1 T   mem=True nz=True ynz=True cond=True claim_agree=True upper=2787.40261624  CERT
922893932,0,1 RHO mem=True nz=True ynz=True cond=True claim_agree=True upper=0.939954327754  CERT
922893932,0,1 T   mem=True nz=True ynz=True cond=True claim_agree=True upper=1884.50909787  CERT
955378298,0,1 RHO mem=True nz=True ynz=True cond=True claim_agree=True upper=0.969158990457  CERT
955378298,0,1 T   mem=True nz=True ynz=True cond=True claim_agree=True upper=2452.33691534  CERT
FAMILY VERIFY n=7 l=1000527553 : EXCLUDED (components certified 32 / 32 ; lines 64 ; failed lines 0)
FAMILY VERIFY PASS
