FACTORIZATION: 32 irreducible factors of degree 2 over F_1000404161: OK
42102753,0,1 RHO mem=True nz=True ynz=True cond=True claim_agree=True upper=0.926445507701  CERT
42102753,0,1 T   mem=True nz=True ynz=True cond=True claim_agree=True upper=1881.32626441  CERT
111713301,0,1 RHO mem=True nz=True ynz=True cond=True claim_agree=True upper=0.872470634271  CERT
111713301,0,1 T   mem=True nz=True ynz=True cond=True claim_agree=True upper=1713.13985374  CERT
115442014,0,1 RHO mem=True nz=True ynz=True cond=True claim_agree=True upper=0.874685619064  CERT
115442014,0,1 T   mem=True nz=True ynz=True cond=True claim_agree=True upper=1653.91948001  CERT
122927384,0,1 RHO mem=True nz=True ynz=True cond=True claim_agree=True upper=0.889820281898  CERT
122927384,0,1 T   mem=True nz=True ynz=True cond=True claim_agree=True upper=1837.92309002  CERT
167491545,0,1 RHO mem=True nz=True ynz=True cond=True claim_agree=True upper=0.911977367993  CERT
167491545,0,1 T   mem=True nz=True ynz=True cond=True claim_agree=True upper=2040.90050122  CERT
249763353,0,1 RHO mem=True nz=True ynz=True cond=True claim_agree=True upper=0.863396861007  CERT
249763353,0,1 T   mem=True nz=True ynz=True cond=True claim_agree=True upper=1666.11831495  CERT
254292904,0,1 RHO mem=True nz=True ynz=True cond=True claim_agree=True upper=0.872470634271  CERT
254292904,0,1 T   mem=True nz=True ynz=True cond=True claim_agree=True upper=1926.33085176  CERT
306927359,0,1 RHO mem=True nz=True ynz=True cond=True claim_agree=True upper=0.921610210444  CERT
306927359,0,1 T   mem=True nz=True ynz=True cond=True claim_agree=True upper=2153.98655400  CERT
307095873,0,1 RHO mem=True nz=True ynz=True cond=True claim_agree=True upper=0.921610210444  CERT
307095873,0,1 T   mem=True nz=True ynz=True cond=True claim_agree=True upper=2460.79895551  CERT
378558163,0,1 RHO mem=True nz=True ynz=True cond=True claim_agree=True upper=0.865903060594  CERT
378558163,0,1 T   mem=True nz=True ynz=True cond=True claim_agree=True upper=1552.30043139  CERT
398836975,0,1 RHO mem=True nz=True ynz=True cond=True claim_agree=True upper=0.930818291765  CERT
398836975,0,1 T   mem=True nz=True ynz=True cond=True claim_agree=True upper=2466.92857026  CERT
411911872,0,1 RHO mem=True nz=True ynz=True cond=True claim_agree=True upper=0.853140911951  CERT
411911872,0,1 T   mem=True nz=True ynz=True cond=True claim_agree=True upper=1496.34865137  CERT
422727744,0,1 RHO mem=True nz=True ynz=True cond=True claim_agree=True upper=0.850405520658  CERT
422727744,0,1 T   mem=True nz=True ynz=True cond=True claim_agree=True upper=1323.76845277  CERT
426605719,0,1 RHO mem=True nz=True ynz=True cond=True claim_agree=True upper=0.914379919156  CERT
426605719,0,1 T   mem=True nz=True ynz=True cond=True claim_agree=True upper=2097.27695288  CERT
431612518,0,1 RHO mem=True nz=True ynz=True cond=True claim_agree=True upper=0.853140911951  CERT
431612518,0,1 T   mem=True nz=True ynz=True cond=True claim_agree=True upper=1501.45868416  CERT
458728875,0,1 RHO mem=True nz=True ynz=True cond=True claim_agree=True upper=0.889820281898  CERT
458728875,0,1 T   mem=True nz=True ynz=True cond=True claim_agree=True upper=1606.03670180  CERT
541675286,0,1 RHO mem=True nz=True ynz=True cond=True claim_agree=True upper=0.886877425236  CERT
541675286,0,1 T   mem=True nz=True ynz=True cond=True claim_agree=True upper=2429.23897189  CERT
568791643,0,1 RHO mem=True nz=True ynz=True cond=True claim_agree=True upper=0.913020535993  CERT
568791643,0,1 T   mem=True nz=True ynz=True cond=True claim_agree=True upper=2443.82224844  CERT
573798442,0,1 RHO mem=True nz=True ynz=True cond=True claim_agree=True upper=0.850405520658  CERT
573798442,0,1 T   mem=True nz=True ynz=True cond=True claim_agree=True upper=1952.97637421  CERT
577676417,0,1 RHO mem=True nz=True ynz=True cond=True claim_agree=True upper=0.914379919156  CERT
577676417,0,1 T   mem=True nz=True ynz=True cond=True claim_agree=True upper=2236.80861934  CERT
588492289,0,1 RHO mem=True nz=True ynz=True cond=True claim_agree=True upper=0.913020535993  CERT
588492289,0,1 T   mem=True nz=True ynz=True cond=True claim_agree=True upper=1658.84885691  CERT
601567186,0,1 RHO mem=True nz=True ynz=True cond=True claim_agree=True upper=0.863396861007  CERT
601567186,0,1 T   mem=True nz=True ynz=True cond=True claim_agree=True upper=1584.50320366  CERT
621845998,0,1 RHO mem=True nz=True ynz=True cond=True claim_agree=True upper=0.911977367993  CERT
621845998,0,1 T   mem=True nz=True ynz=True cond=True claim_agree=True upper=2513.98627093  CERT
693308288,0,1 RHO mem=True nz=True ynz=True cond=True claim_agree=True upper=0.851918953640  CERT
693308288,0,1 T   mem=True nz=True ynz=True cond=True claim_agree=True upper=1610.17933080  CERT
693476802,0,1 RHO mem=True nz=True ynz=True cond=True claim_agree=True upper=0.851918953640  CERT
693476802,0,1 T   mem=True nz=True ynz=True cond=True claim_agree=True upper=1467.43526138  CERT
746111257,0,1 RHO mem=True nz=True ynz=True cond=True claim_agree=True upper=0.914490611239  CERT
746111257,0,1 T   mem=True nz=True ynz=True cond=True claim_agree=True upper=1889.07118619  CERT
750640808,0,1 RHO mem=True nz=True ynz=True cond=True claim_agree=True upper=0.930818291765  CERT
750640808,0,1 T   mem=True nz=True ynz=True cond=True claim_agree=True upper=2200.67142931  CERT
832912616,0,1 RHO mem=True nz=True ynz=True cond=True claim_agree=True upper=0.865903060594  CERT
832912616,0,1 T   mem=True nz=True ynz=True cond=True claim_agree=True upper=1591.84994161  CERT
877476777,0,1 RHO mem=True nz=True ynz=True cond=True claim_agree=True upper=0.886877425236  CERT
877476777,0,1 T   mem=True nz=True ynz=True cond=True claim_agree=True upper=1784.67830208  CERT
884962147,0,1 RHO mem=True nz=True ynz=True cond=True claim_agree=True upper=0.926445507701  CERT
884962147,0,1 T   mem=True nz=True ynz=True cond=True claim_agree=True upper=2513.55693857  CERT
888690860,0,1 RHO mem=True nz=True ynz=True cond=True claim_agree=True upper=0.914490611239  CERT
888690860,0,1 T   mem=True nz=True ynz=True cond=True claim_agree=True upper=2480.37986735  CERT
958301408,0,1 RHO mem=True nz=True ynz=True cond=True claim_agree=True upper=0.874685619064  CERT
958301408,0,1 T   mem=True nz=True ynz=True cond=True claim_agree=True upper=2486.22476466  CERT
FAMILY VERIFY n=7 l=1000404161 : EXCLUDED (components certified 32 / 32 ; lines 64 ; failed lines 0)
FAMILY VERIFY PASS
