FACTORIZATION: 32 irreducible factors of degree 2 over F_1001158337: OK
135631117,0,1 RHO mem=True nz=True ynz=True cond=True claim_agree=True upper=0.896421214739  CERT
135631117,0,1 T   mem=True nz=True ynz=True cond=True claim_agree=True upper=2154.46815619  CERT
195620356,0,1 RHO mem=True nz=True ynz=True cond=True claim_agree=True upper=0.903038284549  CERT
195620356,0,1 T   mem=True nz=True ynz=True cond=True claim_agree=True upper=2301.13386074  CERT
227411033,0,1 RHO mem=True nz=True ynz=True cond=True claim_agree=True upper=0.910258708198  CERT
227411033,0,1 T   mem=True nz=True ynz=True cond=True claim_agree=True upper=1886.58513709  CERT
275198436,0,1 RHO mem=True nz=True ynz=True cond=True claim_agree=True upper=0.886597011807  CERT
275198436,0,1 T   mem=True nz=True ynz=True cond=True claim_agree=True upper=2115.50383350  CERT
317341912,0,1 RHO mem=True nz=True ynz=True cond=True claim_agree=True upper=0.840410662163  CERT
317341912,0,1 T   mem=True nz=True ynz=True cond=True claim_agree=True upper=1201.54671822  CERT
317874522,0,1 RHO mem=True nz=True ynz=True cond=True claim_agree=True upper=0.901278606300  CERT
317874522,0,1 T   mem=True nz=True ynz=True cond=True claim_agree=True upper=1948.76490735  CERT
322402496,0,1 RHO mem=True nz=True ynz=True cond=True claim_agree=True upper=0.910605137206  CERT
322402496,0,1 T   mem=True nz=True ynz=True cond=True claim_agree=True upper=1998.35712133  CERT
370246995,0,1 RHO mem=True nz=True ynz=True cond=True claim_agree=True upper=0.873084123430  CERT
370246995,0,1 T   mem=True nz=True ynz=True cond=True claim_agree=True upper=1632.38656943  CERT
371557902,0,1 RHO mem=True nz=True ynz=True cond=True claim_agree=True upper=0.901278606300  CERT
371557902,0,1 T   mem=True nz=True ynz=True cond=True claim_agree=True upper=2021.50924494  CERT
374400166,0,1 RHO mem=True nz=True ynz=True cond=True claim_agree=True upper=0.918232695518  CERT
374400166,0,1 T   mem=True nz=True ynz=True cond=True claim_agree=True upper=1893.50816413  CERT
375616111,0,1 RHO mem=True nz=True ynz=True cond=True claim_agree=True upper=0.918232695518  CERT
375616111,0,1 T   mem=True nz=True ynz=True cond=True claim_agree=True upper=2101.65006656  CERT
379989938,0,1 RHO mem=True nz=True ynz=True cond=True claim_agree=True upper=0.840410662163  CERT
379989938,0,1 T   mem=True nz=True ynz=True cond=True claim_agree=True upper=1681.90164780  CERT
386372411,0,1 RHO mem=True nz=True ynz=True cond=True claim_agree=True upper=0.873084123430  CERT
386372411,0,1 T   mem=True nz=True ynz=True cond=True claim_agree=True upper=1464.76163541  CERT
467442440,0,1 RHO mem=True nz=True ynz=True cond=True claim_agree=True upper=0.913024009328  CERT
467442440,0,1 T   mem=True nz=True ynz=True cond=True claim_agree=True upper=1891.24454340  CERT
471605724,0,1 RHO mem=True nz=True ynz=True cond=True claim_agree=True upper=0.883552045471  CERT
471605724,0,1 T   mem=True nz=True ynz=True cond=True claim_agree=True upper=1940.03243322  CERT
479404725,0,1 RHO mem=True nz=True ynz=True cond=True claim_agree=True upper=0.883552045471  CERT
479404725,0,1 T   mem=True nz=True ynz=True cond=True claim_agree=True upper=1858.93622349  CERT
521753612,0,1 RHO mem=True nz=True ynz=True cond=True claim_agree=True upper=0.891279761359  CERT
521753612,0,1 T   mem=True nz=True ynz=True cond=True claim_agree=True upper=2150.76604875  CERT
529552613,0,1 RHO mem=True nz=True ynz=True cond=True claim_agree=True upper=0.891279761359  CERT
529552613,0,1 T   mem=True nz=True ynz=True cond=True claim_agree=True upper=1740.89692660  CERT
533715897,0,1 RHO mem=True nz=True ynz=True cond=True claim_agree=True upper=0.886597011807  CERT
533715897,0,1 T   mem=True nz=True ynz=True cond=True claim_agree=True upper=2065.23826967  CERT
614785926,0,1 RHO mem=True nz=True ynz=True cond=True claim_agree=True upper=0.935879263318  CERT
614785926,0,1 T   mem=True nz=True ynz=True cond=True claim_agree=True upper=2018.10563333  CERT
621168399,0,1 RHO mem=True nz=True ynz=True cond=True claim_agree=True upper=0.913917477174  CERT
621168399,0,1 T   mem=True nz=True ynz=True cond=True claim_agree=True upper=2471.75525669  CERT
625542226,0,1 RHO mem=True nz=True ynz=True cond=True claim_agree=True upper=0.886692441973  CERT
625542226,0,1 T   mem=True nz=True ynz=True cond=True claim_agree=True upper=1855.72795191  CERT
626758171,0,1 RHO mem=True nz=True ynz=True cond=True claim_agree=True upper=0.886692441973  CERT
626758171,0,1 T   mem=True nz=True ynz=True cond=True claim_agree=True upper=2353.79677773  CERT
629600435,0,1 RHO mem=True nz=True ynz=True cond=True claim_agree=True upper=0.928020570651  CERT
629600435,0,1 T   mem=True nz=True ynz=True cond=True claim_agree=True upper=2295.41003900  CERT
630911342,0,1 RHO mem=True nz=True ynz=True cond=True claim_agree=True upper=0.935879263318  CERT
630911342,0,1 T   mem=True nz=True ynz=True cond=True claim_agree=True upper=1982.20930236  CERT
678755841,0,1 RHO mem=True nz=True ynz=True cond=True claim_agree=True upper=0.903038284549  CERT
678755841,0,1 T   mem=True nz=True ynz=True cond=True claim_agree=True upper=2430.83583685  CERT
683283815,0,1 RHO mem=True nz=True ynz=True cond=True claim_agree=True upper=0.928020570651  CERT
683283815,0,1 T   mem=True nz=True ynz=True cond=True claim_agree=True upper=1899.83867484  CERT
683816425,0,1 RHO mem=True nz=True ynz=True cond=True claim_agree=True upper=0.913917477174  CERT
683816425,0,1 T   mem=True nz=True ynz=True cond=True claim_agree=True upper=2060.66776783  CERT
725959901,0,1 RHO mem=True nz=True ynz=True cond=True claim_agree=True upper=0.913024009328  CERT
725959901,0,1 T   mem=True nz=True ynz=True cond=True claim_agree=True upper=2426.15437453  CERT
773747304,0,1 RHO mem=True nz=True ynz=True cond=True claim_agree=True upper=0.896421214739  CERT
773747304,0,1 T   mem=True nz=True ynz=True cond=True claim_agree=True upper=1782.95658545  CERT
805537981,0,1 RHO mem=True nz=True ynz=True cond=True claim_agree=True upper=0.910605137206  CERT
805537981,0,1 T   mem=True nz=True ynz=True cond=True claim_agree=True upper=1687.42787564  CERT
865527220,0,1 RHO mem=True nz=True ynz=True cond=True claim_agree=True upper=0.910258708198  CERT
865527220,0,1 T   mem=True nz=True ynz=True cond=True claim_agree=True upper=1877.09778159  CERT
FAMILY VERIFY n=7 l=1001158337 : EXCLUDED (components certified 32 / 32 ; lines 64 ; failed lines 0)
FAMILY VERIFY PASS
