FACTORIZATION: 32 irreducible factors of degree 2 over F_1000239169: OK
21255339,0,1 RHO mem=True nz=True ynz=True cond=True claim_agree=True upper=0.802442174590  CERT
21255339,0,1 T   mem=True nz=True ynz=True cond=True claim_agree=True upper=1030.65400141  CERT
22394006,0,1 RHO mem=True nz=True ynz=True cond=True claim_agree=True upper=0.790000336457  CERT
22394006,0,1 T   mem=True nz=True ynz=True cond=True claim_agree=True upper=1087.59697833  CERT
31569337,0,1 RHO mem=True nz=True ynz=True cond=True claim_agree=True upper=0.806504151338  CERT
31569337,0,1 T   mem=True nz=True ynz=True cond=True claim_agree=True upper=1484.83040113  CERT
58936961,0,1 RHO mem=True nz=True ynz=True cond=True claim_agree=True upper=0.820525602931  CERT
58936961,0,1 T   mem=True nz=True ynz=True cond=True claim_agree=True upper=1040.75671398  CERT
73135779,0,1 RHO mem=True nz=True ynz=True cond=True claim_agree=True upper=0.801069055747  CERT
73135779,0,1 T   mem=True nz=True ynz=True cond=True claim_agree=True upper=1422.12534199  CERT
99131009,0,1 RHO mem=True nz=True ynz=True cond=True claim_agree=True upper=0.801069055747  CERT
99131009,0,1 T   mem=True nz=True ynz=True cond=True claim_agree=True upper=1051.92776667  CERT
113200575,0,1 RHO mem=True nz=True ynz=True cond=True claim_agree=True upper=0.811021368475  CERT
113200575,0,1 T   mem=True nz=True ynz=True cond=True claim_agree=True upper=1135.43120221  CERT
186050224,0,1 RHO mem=True nz=True ynz=True cond=True claim_agree=True upper=0.802442174590  CERT
186050224,0,1 T   mem=True nz=True ynz=True cond=True claim_agree=True upper=1153.05822526  CERT
220573732,0,1 RHO mem=True nz=True ynz=True cond=True claim_agree=True upper=0.801762547855  CERT
220573732,0,1 T   mem=True nz=True ynz=True cond=True claim_agree=True upper=1386.73413966  CERT
226985937,0,1 RHO mem=True nz=True ynz=True cond=True claim_agree=True upper=0.790000336457  CERT
226985937,0,1 T   mem=True nz=True ynz=True cond=True claim_agree=True upper=917.965213713  CERT
241849932,0,1 RHO mem=True nz=True ynz=True cond=True claim_agree=True upper=0.806080757941  CERT
241849932,0,1 T   mem=True nz=True ynz=True cond=True claim_agree=True upper=1392.62675474  CERT
260456997,0,1 RHO mem=True nz=True ynz=True cond=True claim_agree=True upper=0.822296427245  CERT
260456997,0,1 T   mem=True nz=True ynz=True cond=True claim_agree=True upper=1147.68243297  CERT
270161199,0,1 RHO mem=True nz=True ynz=True cond=True claim_agree=True upper=0.804066746131  CERT
270161199,0,1 T   mem=True nz=True ynz=True cond=True claim_agree=True upper=1181.88985249  CERT
373790916,0,1 RHO mem=True nz=True ynz=True cond=True claim_agree=True upper=0.774745935149  CERT
373790916,0,1 T   mem=True nz=True ynz=True cond=True claim_agree=True upper=1155.76229425  CERT
406248779,0,1 RHO mem=True nz=True ynz=True cond=True claim_agree=True upper=0.806504151338  CERT
406248779,0,1 T   mem=True nz=True ynz=True cond=True claim_agree=True upper=1371.99901711  CERT
409603012,0,1 RHO mem=True nz=True ynz=True cond=True claim_agree=True upper=0.811572595882  CERT
409603012,0,1 T   mem=True nz=True ynz=True cond=True claim_agree=True upper=1296.73529576  CERT
590636157,0,1 RHO mem=True nz=True ynz=True cond=True claim_agree=True upper=0.804066746131  CERT
590636157,0,1 T   mem=True nz=True ynz=True cond=True claim_agree=True upper=1135.05287424  CERT
593990390,0,1 RHO mem=True nz=True ynz=True cond=True claim_agree=True upper=0.796631849091  CERT
593990390,0,1 T   mem=True nz=True ynz=True cond=True claim_agree=True upper=1336.50273655  CERT
626448253,0,1 RHO mem=True nz=True ynz=True cond=True claim_agree=True upper=0.811021368475  CERT
626448253,0,1 T   mem=True nz=True ynz=True cond=True claim_agree=True upper=1305.23529141  CERT
730077970,0,1 RHO mem=True nz=True ynz=True cond=True claim_agree=True upper=0.811572595882  CERT
730077970,0,1 T   mem=True nz=True ynz=True cond=True claim_agree=True upper=1075.67904591  CERT
739782172,0,1 RHO mem=True nz=True ynz=True cond=True claim_agree=True upper=0.806080757941  CERT
739782172,0,1 T   mem=True nz=True ynz=True cond=True claim_agree=True upper=1327.86601847  CERT
758389237,0,1 RHO mem=True nz=True ynz=True cond=True claim_agree=True upper=0.822296427245  CERT
758389237,0,1 T   mem=True nz=True ynz=True cond=True claim_agree=True upper=1158.96463664  CERT
773253232,0,1 RHO mem=True nz=True ynz=True cond=True claim_agree=True upper=0.818261081363  CERT
773253232,0,1 T   mem=True nz=True ynz=True cond=True claim_agree=True upper=1240.42964128  CERT
779665437,0,1 RHO mem=True nz=True ynz=True cond=True claim_agree=True upper=0.820525602931  CERT
779665437,0,1 T   mem=True nz=True ynz=True cond=True claim_agree=True upper=1381.58225506  CERT
814188945,0,1 RHO mem=True nz=True ynz=True cond=True claim_agree=True upper=0.807801383293  CERT
814188945,0,1 T   mem=True nz=True ynz=True cond=True claim_agree=True upper=1328.42856999  CERT
887038594,0,1 RHO mem=True nz=True ynz=True cond=True claim_agree=True upper=0.774745935149  CERT
887038594,0,1 T   mem=True nz=True ynz=True cond=True claim_agree=True upper=1051.48044382  CERT
901108160,0,1 RHO mem=True nz=True ynz=True cond=True claim_agree=True upper=0.807806883268  CERT
901108160,0,1 T   mem=True nz=True ynz=True cond=True claim_agree=True upper=1416.62186695  CERT
927103390,0,1 RHO mem=True nz=True ynz=True cond=True claim_agree=True upper=0.807806883268  CERT
927103390,0,1 T   mem=True nz=True ynz=True cond=True claim_agree=True upper=1094.32755323  CERT
941302208,0,1 RHO mem=True nz=True ynz=True cond=True claim_agree=True upper=0.801762547855  CERT
941302208,0,1 T   mem=True nz=True ynz=True cond=True claim_agree=True upper=1379.86268644  CERT
968669832,0,1 RHO mem=True nz=True ynz=True cond=True claim_agree=True upper=0.796631849091  CERT
968669832,0,1 T   mem=True nz=True ynz=True cond=True claim_agree=True upper=1193.79958789  CERT
977845163,0,1 RHO mem=True nz=True ynz=True cond=True claim_agree=True upper=0.818261081363  CERT
977845163,0,1 T   mem=True nz=True ynz=True cond=True claim_agree=True upper=1152.62246467  CERT
978983830,0,1 RHO mem=True nz=True ynz=True cond=True claim_agree=True upper=0.807801383293  CERT
978983830,0,1 T   mem=True nz=True ynz=True cond=True claim_agree=True upper=1288.98318679  CERT
FAMILY VERIFY n=7 l=1000239169 : EXCLUDED (components certified 32 / 32 ; lines 64 ; failed lines 0)
FAMILY VERIFY PASS
