FACTORIZATION: 32 irreducible factors of degree 2 over F_1000320193: OK
56741561,0,1 RHO mem=True nz=True ynz=True cond=True claim_agree=True upper=0.936033355901  CERT
56741561,0,1 T   mem=True nz=True ynz=True cond=True claim_agree=True upper=2413.87146919  CERT
70351674,0,1 RHO mem=True nz=True ynz=True cond=True claim_agree=True upper=0.978999691949  CERT
70351674,0,1 T   mem=True nz=True ynz=True cond=True claim_agree=True upper=2314.24066070  CERT
87330624,0,1 RHO mem=True nz=True ynz=True cond=True claim_agree=True upper=0.918202361263  CERT
87330624,0,1 T   mem=True nz=True ynz=True cond=True claim_agree=True upper=2518.58309776  CERT
87629269,0,1 RHO mem=True nz=True ynz=True cond=True claim_agree=True upper=0.945691015112  CERT
87629269,0,1 T   mem=True nz=True ynz=True cond=True claim_agree=True upper=2484.01399143  CERT
92960353,0,1 RHO mem=True nz=True ynz=True cond=True claim_agree=True upper=0.928435319320  CERT
92960353,0,1 T   mem=True nz=True ynz=True cond=True claim_agree=True upper=2333.30325353  CERT
112061103,0,1 RHO mem=True nz=True ynz=True cond=True claim_agree=True upper=0.978520254982  CERT
112061103,0,1 T   mem=True nz=True ynz=True cond=True claim_agree=True upper=2580.75084270  CERT
173637345,0,1 RHO mem=True nz=True ynz=True cond=True claim_agree=True upper=0.929612744375  CERT
173637345,0,1 T   mem=True nz=True ynz=True cond=True claim_agree=True upper=2227.14209710  CERT
218626870,0,1 RHO mem=True nz=True ynz=True cond=True claim_agree=True upper=0.943496707790  CERT
218626870,0,1 T   mem=True nz=True ynz=True cond=True claim_agree=True upper=2242.67495351  CERT
222359534,0,1 RHO mem=True nz=True ynz=True cond=True claim_agree=True upper=0.962002363183  CERT
222359534,0,1 T   mem=True nz=True ynz=True cond=True claim_agree=True upper=2398.61981614  CERT
351650970,0,1 RHO mem=True nz=True ynz=True cond=True claim_agree=True upper=0.925548706561  CERT
351650970,0,1 T   mem=True nz=True ynz=True cond=True claim_agree=True upper=2211.34128773  CERT
353468115,0,1 RHO mem=True nz=True ynz=True cond=True claim_agree=True upper=0.945691015112  CERT
353468115,0,1 T   mem=True nz=True ynz=True cond=True claim_agree=True upper=2031.15990315  CERT
378980090,0,1 RHO mem=True nz=True ynz=True cond=True claim_agree=True upper=0.978520254982  CERT
378980090,0,1 T   mem=True nz=True ynz=True cond=True claim_agree=True upper=3027.51671257  CERT
425705716,0,1 RHO mem=True nz=True ynz=True cond=True claim_agree=True upper=0.936033355901  CERT
425705716,0,1 T   mem=True nz=True ynz=True cond=True claim_agree=True upper=2375.39118713  CERT
426873402,0,1 RHO mem=True nz=True ynz=True cond=True claim_agree=True upper=0.943496707790  CERT
426873402,0,1 T   mem=True nz=True ynz=True cond=True claim_agree=True upper=2363.77076880  CERT
437673481,0,1 RHO mem=True nz=True ynz=True cond=True claim_agree=True upper=0.947071942880  CERT
437673481,0,1 T   mem=True nz=True ynz=True cond=True claim_agree=True upper=2908.89600034  CERT
467520179,0,1 RHO mem=True nz=True ynz=True cond=True claim_agree=True upper=0.929612744375  CERT
467520179,0,1 T   mem=True nz=True ynz=True cond=True claim_agree=True upper=2165.89719579  CERT
532800014,0,1 RHO mem=True nz=True ynz=True cond=True claim_agree=True upper=0.979180366837  CERT
532800014,0,1 T   mem=True nz=True ynz=True cond=True claim_agree=True upper=2411.23748019  CERT
562646712,0,1 RHO mem=True nz=True ynz=True cond=True claim_agree=True upper=0.928435319320  CERT
562646712,0,1 T   mem=True nz=True ynz=True cond=True claim_agree=True upper=2267.68060047  CERT
573446791,0,1 RHO mem=True nz=True ynz=True cond=True claim_agree=True upper=0.951695291697  CERT
573446791,0,1 T   mem=True nz=True ynz=True cond=True claim_agree=True upper=2648.72176754  CERT
574614477,0,1 RHO mem=True nz=True ynz=True cond=True claim_agree=True upper=0.941141714054  CERT
574614477,0,1 T   mem=True nz=True ynz=True cond=True claim_agree=True upper=2142.38540171  CERT
621340103,0,1 RHO mem=True nz=True ynz=True cond=True claim_agree=True upper=0.924069833005  CERT
621340103,0,1 T   mem=True nz=True ynz=True cond=True claim_agree=True upper=2530.98762665  CERT
646852078,0,1 RHO mem=True nz=True ynz=True cond=True claim_agree=True upper=0.941377618790  CERT
646852078,0,1 T   mem=True nz=True ynz=True cond=True claim_agree=True upper=2552.42223844  CERT
648669223,0,1 RHO mem=True nz=True ynz=True cond=True claim_agree=True upper=0.962002363183  CERT
648669223,0,1 T   mem=True nz=True ynz=True cond=True claim_agree=True upper=2428.40202044  CERT
777960659,0,1 RHO mem=True nz=True ynz=True cond=True claim_agree=True upper=0.925548706561  CERT
777960659,0,1 T   mem=True nz=True ynz=True cond=True claim_agree=True upper=2561.21645778  CERT
781693323,0,1 RHO mem=True nz=True ynz=True cond=True claim_agree=True upper=0.951695291697  CERT
781693323,0,1 T   mem=True nz=True ynz=True cond=True claim_agree=True upper=2501.72649628  CERT
826682848,0,1 RHO mem=True nz=True ynz=True cond=True claim_agree=True upper=0.979180366837  CERT
826682848,0,1 T   mem=True nz=True ynz=True cond=True claim_agree=True upper=2533.54434452  CERT
888259090,0,1 RHO mem=True nz=True ynz=True cond=True claim_agree=True upper=0.924069833005  CERT
888259090,0,1 T   mem=True nz=True ynz=True cond=True claim_agree=True upper=3319.90920267  CERT
907359840,0,1 RHO mem=True nz=True ynz=True cond=True claim_agree=True upper=0.947071942880  CERT
907359840,0,1 T   mem=True nz=True ynz=True cond=True claim_agree=True upper=2080.95243988  CERT
912690924,0,1 RHO mem=True nz=True ynz=True cond=True claim_agree=True upper=0.941377618790  CERT
912690924,0,1 T   mem=True nz=True ynz=True cond=True claim_agree=True upper=2499.77429688  CERT
912989569,0,1 RHO mem=True nz=True ynz=True cond=True claim_agree=True upper=0.978999691949  CERT
912989569,0,1 T   mem=True nz=True ynz=True cond=True claim_agree=True upper=3153.23650034  CERT
929968519,0,1 RHO mem=True nz=True ynz=True cond=True claim_agree=True upper=0.918202361263  CERT
929968519,0,1 T   mem=True nz=True ynz=True cond=True claim_agree=True upper=2381.95849746  CERT
943578632,0,1 RHO mem=True nz=True ynz=True cond=True claim_agree=True upper=0.941141714054  CERT
943578632,0,1 T   mem=True nz=True ynz=True cond=True claim_agree=True upper=3062.39537656  CERT
FAMILY VERIFY n=7 l=1000320193 : EXCLUDED (components certified 32 / 32 ; lines 64 ; failed lines 0)
FAMILY VERIFY PASS
