FACTORIZATION: 32 irreducible factors of degree 2 over F_1000954049: OK
23900694,0,1 RHO mem=True nz=True ynz=True cond=True claim_agree=True upper=0.903776979233  CERT
23900694,0,1 T   mem=True nz=True ynz=True cond=True claim_agree=True upper=2097.36984718  CERT
38709017,0,1 RHO mem=True nz=True ynz=True cond=True claim_agree=True upper=0.903772221748  CERT
38709017,0,1 T   mem=True nz=True ynz=True cond=True claim_agree=True upper=1971.33325756  CERT
44503212,0,1 RHO mem=True nz=True ynz=True cond=True claim_agree=True upper=0.903066981672  CERT
44503212,0,1 T   mem=True nz=True ynz=True cond=True claim_agree=True upper=1899.66545294  CERT
52636910,0,1 RHO mem=True nz=True ynz=True cond=True claim_agree=True upper=0.903772221748  CERT
52636910,0,1 T   mem=True nz=True ynz=True cond=True claim_agree=True upper=2214.05341152  CERT
85358422,0,1 RHO mem=True nz=True ynz=True cond=True claim_agree=True upper=0.931728105640  CERT
85358422,0,1 T   mem=True nz=True ynz=True cond=True claim_agree=True upper=2641.33260427  CERT
97789136,0,1 RHO mem=True nz=True ynz=True cond=True claim_agree=True upper=0.888674271408  CERT
97789136,0,1 T   mem=True nz=True ynz=True cond=True claim_agree=True upper=1958.29670538  CERT
119966320,0,1 RHO mem=True nz=True ynz=True cond=True claim_agree=True upper=0.937394598238  CERT
119966320,0,1 T   mem=True nz=True ynz=True cond=True claim_agree=True upper=2124.17621093  CERT
133673568,0,1 RHO mem=True nz=True ynz=True cond=True claim_agree=True upper=0.915675262054  CERT
133673568,0,1 T   mem=True nz=True ynz=True cond=True claim_agree=True upper=2164.69053490  CERT
235315175,0,1 RHO mem=True nz=True ynz=True cond=True claim_agree=True upper=0.936935468177  CERT
235315175,0,1 T   mem=True nz=True ynz=True cond=True claim_agree=True upper=2551.51641646  CERT
260316345,0,1 RHO mem=True nz=True ynz=True cond=True claim_agree=True upper=0.960938869763  CERT
260316345,0,1 T   mem=True nz=True ynz=True cond=True claim_agree=True upper=2458.02390442  CERT
276345610,0,1 RHO mem=True nz=True ynz=True cond=True claim_agree=True upper=0.918696277682  CERT
276345610,0,1 T   mem=True nz=True ynz=True cond=True claim_agree=True upper=2150.88167680  CERT
340308709,0,1 RHO mem=True nz=True ynz=True cond=True claim_agree=True upper=0.937394598238  CERT
340308709,0,1 T   mem=True nz=True ynz=True cond=True claim_agree=True upper=3112.17745295  CERT
384227749,0,1 RHO mem=True nz=True ynz=True cond=True claim_agree=True upper=0.888674271408  CERT
384227749,0,1 T   mem=True nz=True ynz=True cond=True claim_agree=True upper=2170.55211474  CERT
386760947,0,1 RHO mem=True nz=True ynz=True cond=True claim_agree=True upper=0.919395296603  CERT
386760947,0,1 T   mem=True nz=True ynz=True cond=True claim_agree=True upper=2061.81724941  CERT
418350930,0,1 RHO mem=True nz=True ynz=True cond=True claim_agree=True upper=0.918696277682  CERT
418350930,0,1 T   mem=True nz=True ynz=True cond=True claim_agree=True upper=2511.95974165  CERT
493379412,0,1 RHO mem=True nz=True ynz=True cond=True claim_agree=True upper=0.910683516968  CERT
493379412,0,1 T   mem=True nz=True ynz=True cond=True claim_agree=True upper=1981.14670053  CERT
507574637,0,1 RHO mem=True nz=True ynz=True cond=True claim_agree=True upper=0.960938869763  CERT
507574637,0,1 T   mem=True nz=True ynz=True cond=True claim_agree=True upper=3056.06033011  CERT
582603119,0,1 RHO mem=True nz=True ynz=True cond=True claim_agree=True upper=0.932235471797  CERT
582603119,0,1 T   mem=True nz=True ynz=True cond=True claim_agree=True upper=2205.29330072  CERT
614193102,0,1 RHO mem=True nz=True ynz=True cond=True claim_agree=True upper=0.936935468177  CERT
614193102,0,1 T   mem=True nz=True ynz=True cond=True claim_agree=True upper=1773.19068154  CERT
616726300,0,1 RHO mem=True nz=True ynz=True cond=True claim_agree=True upper=0.933322988184  CERT
616726300,0,1 T   mem=True nz=True ynz=True cond=True claim_agree=True upper=2073.21405179  CERT
660645340,0,1 RHO mem=True nz=True ynz=True cond=True claim_agree=True upper=0.883621800997  CERT
660645340,0,1 T   mem=True nz=True ynz=True cond=True claim_agree=True upper=1750.55656958  CERT
724608439,0,1 RHO mem=True nz=True ynz=True cond=True claim_agree=True upper=0.932235471797  CERT
724608439,0,1 T   mem=True nz=True ynz=True cond=True claim_agree=True upper=2226.81633096  CERT
740637704,0,1 RHO mem=True nz=True ynz=True cond=True claim_agree=True upper=0.910683516968  CERT
740637704,0,1 T   mem=True nz=True ynz=True cond=True claim_agree=True upper=1845.10772255  CERT
765638874,0,1 RHO mem=True nz=True ynz=True cond=True claim_agree=True upper=0.919395296603  CERT
765638874,0,1 T   mem=True nz=True ynz=True cond=True claim_agree=True upper=2487.67772773  CERT
867280481,0,1 RHO mem=True nz=True ynz=True cond=True claim_agree=True upper=0.903066981672  CERT
867280481,0,1 T   mem=True nz=True ynz=True cond=True claim_agree=True upper=2776.88079610  CERT
880987729,0,1 RHO mem=True nz=True ynz=True cond=True claim_agree=True upper=0.883621800997  CERT
880987729,0,1 T   mem=True nz=True ynz=True cond=True claim_agree=True upper=1430.98388850  CERT
903164913,0,1 RHO mem=True nz=True ynz=True cond=True claim_agree=True upper=0.933322988184  CERT
903164913,0,1 T   mem=True nz=True ynz=True cond=True claim_agree=True upper=2363.74560160  CERT
915595627,0,1 RHO mem=True nz=True ynz=True cond=True claim_agree=True upper=0.903776979233  CERT
915595627,0,1 T   mem=True nz=True ynz=True cond=True claim_agree=True upper=1906.20422305  CERT
948317139,0,1 RHO mem=True nz=True ynz=True cond=True claim_agree=True upper=0.930098695396  CERT
948317139,0,1 T   mem=True nz=True ynz=True cond=True claim_agree=True upper=2295.76002376  CERT
956450837,0,1 RHO mem=True nz=True ynz=True cond=True claim_agree=True upper=0.915675262054  CERT
956450837,0,1 T   mem=True nz=True ynz=True cond=True claim_agree=True upper=2762.81894998  CERT
962245032,0,1 RHO mem=True nz=True ynz=True cond=True claim_agree=True upper=0.930098695396  CERT
962245032,0,1 T   mem=True nz=True ynz=True cond=True claim_agree=True upper=2931.79782156  CERT
977053355,0,1 RHO mem=True nz=True ynz=True cond=True claim_agree=True upper=0.931728105640  CERT
977053355,0,1 T   mem=True nz=True ynz=True cond=True claim_agree=True upper=2619.99490972  CERT
FAMILY VERIFY n=7 l=1000954049 : EXCLUDED (components certified 32 / 32 ; lines 64 ; failed lines 0)
FAMILY VERIFY PASS
