FACTORIZATION: 32 irreducible factors of degree 2 over F_1000198337: OK
11725823,0,1 RHO mem=True nz=True ynz=True cond=True claim_agree=True upper=0.919430195051  CERT
11725823,0,1 T   mem=True nz=True ynz=True cond=True claim_agree=True upper=2317.69411080  CERT
18428781,0,1 RHO mem=True nz=True ynz=True cond=True claim_agree=True upper=0.909950441856  CERT
18428781,0,1 T   mem=True nz=True ynz=True cond=True claim_agree=True upper=1800.10064083  CERT
18718987,0,1 RHO mem=True nz=True ynz=True cond=True claim_agree=True upper=0.915137878652  CERT
18718987,0,1 T   mem=True nz=True ynz=True cond=True claim_agree=True upper=2036.65801756  CERT
103514393,0,1 RHO mem=True nz=True ynz=True cond=True claim_agree=True upper=0.865229034151  CERT
103514393,0,1 T   mem=True nz=True ynz=True cond=True claim_agree=True upper=1377.63752838  CERT
125610350,0,1 RHO mem=True nz=True ynz=True cond=True claim_agree=True upper=0.898806330511  CERT
125610350,0,1 T   mem=True nz=True ynz=True cond=True claim_agree=True upper=2169.37313881  CERT
138729126,0,1 RHO mem=True nz=True ynz=True cond=True claim_agree=True upper=0.857533337993  CERT
138729126,0,1 T   mem=True nz=True ynz=True cond=True claim_agree=True upper=1538.89064797  CERT
187113830,0,1 RHO mem=True nz=True ynz=True cond=True claim_agree=True upper=0.907806607487  CERT
187113830,0,1 T   mem=True nz=True ynz=True cond=True claim_agree=True upper=2268.57010968  CERT
224318228,0,1 RHO mem=True nz=True ynz=True cond=True claim_agree=True upper=0.929580895908  CERT
224318228,0,1 T   mem=True nz=True ynz=True cond=True claim_agree=True upper=2128.43098092  CERT
272532035,0,1 RHO mem=True nz=True ynz=True cond=True claim_agree=True upper=0.915137878652  CERT
272532035,0,1 T   mem=True nz=True ynz=True cond=True claim_agree=True upper=1872.03612889  CERT
300979773,0,1 RHO mem=True nz=True ynz=True cond=True claim_agree=True upper=0.857533337993  CERT
300979773,0,1 T   mem=True nz=True ynz=True cond=True claim_agree=True upper=1723.28521154  CERT
319473341,0,1 RHO mem=True nz=True ynz=True cond=True claim_agree=True upper=0.898578785523  CERT
319473341,0,1 T   mem=True nz=True ynz=True cond=True claim_agree=True upper=2522.15302245  CERT
333728966,0,1 RHO mem=True nz=True ynz=True cond=True claim_agree=True upper=0.865229034151  CERT
333728966,0,1 T   mem=True nz=True ynz=True cond=True claim_agree=True upper=1810.95618278  CERT
365733642,0,1 RHO mem=True nz=True ynz=True cond=True claim_agree=True upper=0.891897994280  CERT
365733642,0,1 T   mem=True nz=True ynz=True cond=True claim_agree=True upper=1963.03653403  CERT
379523742,0,1 RHO mem=True nz=True ynz=True cond=True claim_agree=True upper=0.909950441856  CERT
379523742,0,1 T   mem=True nz=True ynz=True cond=True claim_agree=True upper=1932.25743938  CERT
416507350,0,1 RHO mem=True nz=True ynz=True cond=True claim_agree=True upper=0.892136257025  CERT
416507350,0,1 T   mem=True nz=True ynz=True cond=True claim_agree=True upper=1968.98489386  CERT
450253731,0,1 RHO mem=True nz=True ynz=True cond=True claim_agree=True upper=0.929580895908  CERT
450253731,0,1 T   mem=True nz=True ynz=True cond=True claim_agree=True upper=2132.72253518  CERT
549944606,0,1 RHO mem=True nz=True ynz=True cond=True claim_agree=True upper=0.846544640812  CERT
549944606,0,1 T   mem=True nz=True ynz=True cond=True claim_agree=True upper=1814.04375264  CERT
583690987,0,1 RHO mem=True nz=True ynz=True cond=True claim_agree=True upper=0.919430195051  CERT
583690987,0,1 T   mem=True nz=True ynz=True cond=True claim_agree=True upper=1767.36596725  CERT
620674595,0,1 RHO mem=True nz=True ynz=True cond=True claim_agree=True upper=0.893985706885  CERT
620674595,0,1 T   mem=True nz=True ynz=True cond=True claim_agree=True upper=2116.55739756  CERT
634464695,0,1 RHO mem=True nz=True ynz=True cond=True claim_agree=True upper=0.898578785523  CERT
634464695,0,1 T   mem=True nz=True ynz=True cond=True claim_agree=True upper=2124.16990356  CERT
666469371,0,1 RHO mem=True nz=True ynz=True cond=True claim_agree=True upper=0.925404650778  CERT
666469371,0,1 T   mem=True nz=True ynz=True cond=True claim_agree=True upper=2510.84452255  CERT
680724996,0,1 RHO mem=True nz=True ynz=True cond=True claim_agree=True upper=0.891897994280  CERT
680724996,0,1 T   mem=True nz=True ynz=True cond=True claim_agree=True upper=1937.40492732  CERT
699218564,0,1 RHO mem=True nz=True ynz=True cond=True claim_agree=True upper=0.924081502469  CERT
699218564,0,1 T   mem=True nz=True ynz=True cond=True claim_agree=True upper=2576.33805768  CERT
727666302,0,1 RHO mem=True nz=True ynz=True cond=True claim_agree=True upper=0.918235789637  CERT
727666302,0,1 T   mem=True nz=True ynz=True cond=True claim_agree=True upper=1999.37884302  CERT
775880109,0,1 RHO mem=True nz=True ynz=True cond=True claim_agree=True upper=0.846544640812  CERT
775880109,0,1 T   mem=True nz=True ynz=True cond=True claim_agree=True upper=1687.04925600  CERT
813084507,0,1 RHO mem=True nz=True ynz=True cond=True claim_agree=True upper=0.898806330511  CERT
813084507,0,1 T   mem=True nz=True ynz=True cond=True claim_agree=True upper=2158.39768705  CERT
861469211,0,1 RHO mem=True nz=True ynz=True cond=True claim_agree=True upper=0.924081502469  CERT
861469211,0,1 T   mem=True nz=True ynz=True cond=True claim_agree=True upper=2294.30228731  CERT
874587987,0,1 RHO mem=True nz=True ynz=True cond=True claim_agree=True upper=0.907806607487  CERT
874587987,0,1 T   mem=True nz=True ynz=True cond=True claim_agree=True upper=1824.49901230  CERT
896683944,0,1 RHO mem=True nz=True ynz=True cond=True claim_agree=True upper=0.925404650778  CERT
896683944,0,1 T   mem=True nz=True ynz=True cond=True claim_agree=True upper=2260.18658635  CERT
981479350,0,1 RHO mem=True nz=True ynz=True cond=True claim_agree=True upper=0.918235789637  CERT
981479350,0,1 T   mem=True nz=True ynz=True cond=True claim_agree=True upper=1665.16561005  CERT
981769556,0,1 RHO mem=True nz=True ynz=True cond=True claim_agree=True upper=0.893985706885  CERT
981769556,0,1 T   mem=True nz=True ynz=True cond=True claim_agree=True upper=1779.41543004  CERT
988472514,0,1 RHO mem=True nz=True ynz=True cond=True claim_agree=True upper=0.892136257025  CERT
988472514,0,1 T   mem=True nz=True ynz=True cond=True claim_agree=True upper=1927.20319953  CERT
FAMILY VERIFY n=7 l=1000198337 : EXCLUDED (components certified 32 / 32 ; lines 64 ; failed lines 0)
FAMILY VERIFY PASS
