FACTORIZATION: 32 irreducible factors of degree 2 over F_1000504513: OK
86689464,0,1 RHO mem=True nz=True ynz=True cond=True claim_agree=True upper=0.806897321798  CERT
86689464,0,1 T   mem=True nz=True ynz=True cond=True claim_agree=True upper=1380.00594796  CERT
100814070,0,1 RHO mem=True nz=True ynz=True cond=True claim_agree=True upper=0.818209396220  CERT
100814070,0,1 T   mem=True nz=True ynz=True cond=True claim_agree=True upper=1227.52435126  CERT
100838236,0,1 RHO mem=True nz=True ynz=True cond=True claim_agree=True upper=0.853584797718  CERT
100838236,0,1 T   mem=True nz=True ynz=True cond=True claim_agree=True upper=1755.70055912  CERT
129796347,0,1 RHO mem=True nz=True ynz=True cond=True claim_agree=True upper=0.793777114012  CERT
129796347,0,1 T   mem=True nz=True ynz=True cond=True claim_agree=True upper=1404.10756343  CERT
139209540,0,1 RHO mem=True nz=True ynz=True cond=True claim_agree=True upper=0.871924132575  CERT
139209540,0,1 T   mem=True nz=True ynz=True cond=True claim_agree=True upper=1730.84440402  CERT
253246289,0,1 RHO mem=True nz=True ynz=True cond=True claim_agree=True upper=0.873989469615  CERT
253246289,0,1 T   mem=True nz=True ynz=True cond=True claim_agree=True upper=1606.59229062  CERT
263008018,0,1 RHO mem=True nz=True ynz=True cond=True claim_agree=True upper=0.806897321798  CERT
263008018,0,1 T   mem=True nz=True ynz=True cond=True claim_agree=True upper=1201.78747674  CERT
274209964,0,1 RHO mem=True nz=True ynz=True cond=True claim_agree=True upper=0.821254038330  CERT
274209964,0,1 T   mem=True nz=True ynz=True cond=True claim_agree=True upper=1408.88201933  CERT
275977233,0,1 RHO mem=True nz=True ynz=True cond=True claim_agree=True upper=0.821254038330  CERT
275977233,0,1 T   mem=True nz=True ynz=True cond=True claim_agree=True upper=1294.54422523  CERT
298572663,0,1 RHO mem=True nz=True ynz=True cond=True claim_agree=True upper=0.845437795085  CERT
298572663,0,1 T   mem=True nz=True ynz=True cond=True claim_agree=True upper=1584.85936368  CERT
304098953,0,1 RHO mem=True nz=True ynz=True cond=True claim_agree=True upper=0.853584797718  CERT
304098953,0,1 T   mem=True nz=True ynz=True cond=True claim_agree=True upper=1444.80139439  CERT
344279824,0,1 RHO mem=True nz=True ynz=True cond=True claim_agree=True upper=0.844841704662  CERT
344279824,0,1 T   mem=True nz=True ynz=True cond=True claim_agree=True upper=1316.64695684  CERT
433877162,0,1 RHO mem=True nz=True ynz=True cond=True claim_agree=True upper=0.871924132575  CERT
433877162,0,1 T   mem=True nz=True ynz=True cond=True claim_agree=True upper=1712.04977680  CERT
465424304,0,1 RHO mem=True nz=True ynz=True cond=True claim_agree=True upper=0.825106470196  CERT
465424304,0,1 T   mem=True nz=True ynz=True cond=True claim_agree=True upper=1400.80375015  CERT
469080460,0,1 RHO mem=True nz=True ynz=True cond=True claim_agree=True upper=0.844841704662  CERT
469080460,0,1 T   mem=True nz=True ynz=True cond=True claim_agree=True upper=1565.11532723  CERT
480523542,0,1 RHO mem=True nz=True ynz=True cond=True claim_agree=True upper=0.825106470196  CERT
480523542,0,1 T   mem=True nz=True ynz=True cond=True claim_agree=True upper=1573.33167912  CERT
519980971,0,1 RHO mem=True nz=True ynz=True cond=True claim_agree=True upper=0.833189686225  CERT
519980971,0,1 T   mem=True nz=True ynz=True cond=True claim_agree=True upper=1461.10383578  CERT
531424053,0,1 RHO mem=True nz=True ynz=True cond=True claim_agree=True upper=0.842450190224  CERT
531424053,0,1 T   mem=True nz=True ynz=True cond=True claim_agree=True upper=1721.73659201  CERT
535080209,0,1 RHO mem=True nz=True ynz=True cond=True claim_agree=True upper=0.833189686225  CERT
535080209,0,1 T   mem=True nz=True ynz=True cond=True claim_agree=True upper=1113.13104587  CERT
566627351,0,1 RHO mem=True nz=True ynz=True cond=True claim_agree=True upper=0.797745846022  CERT
566627351,0,1 T   mem=True nz=True ynz=True cond=True claim_agree=True upper=1258.80195496  CERT
656224689,0,1 RHO mem=True nz=True ynz=True cond=True claim_agree=True upper=0.842450190224  CERT
656224689,0,1 T   mem=True nz=True ynz=True cond=True claim_agree=True upper=1290.83160483  CERT
696405560,0,1 RHO mem=True nz=True ynz=True cond=True claim_agree=True upper=0.816711492976  CERT
696405560,0,1 T   mem=True nz=True ynz=True cond=True claim_agree=True upper=1031.34462087  CERT
701931850,0,1 RHO mem=True nz=True ynz=True cond=True claim_agree=True upper=0.818209396220  CERT
701931850,0,1 T   mem=True nz=True ynz=True cond=True claim_agree=True upper=1706.17992466  CERT
724527280,0,1 RHO mem=True nz=True ynz=True cond=True claim_agree=True upper=0.850302364733  CERT
724527280,0,1 T   mem=True nz=True ynz=True cond=True claim_agree=True upper=1568.05972455  CERT
726294549,0,1 RHO mem=True nz=True ynz=True cond=True claim_agree=True upper=0.850302364733  CERT
726294549,0,1 T   mem=True nz=True ynz=True cond=True claim_agree=True upper=1629.25819607  CERT
737496495,0,1 RHO mem=True nz=True ynz=True cond=True claim_agree=True upper=0.869684180857  CERT
737496495,0,1 T   mem=True nz=True ynz=True cond=True claim_agree=True upper=1620.57542514  CERT
747258224,0,1 RHO mem=True nz=True ynz=True cond=True claim_agree=True upper=0.793777114012  CERT
747258224,0,1 T   mem=True nz=True ynz=True cond=True claim_agree=True upper=1025.88211127  CERT
861294973,0,1 RHO mem=True nz=True ynz=True cond=True claim_agree=True upper=0.797745846022  CERT
861294973,0,1 T   mem=True nz=True ynz=True cond=True claim_agree=True upper=1000.80485508  CERT
870708166,0,1 RHO mem=True nz=True ynz=True cond=True claim_agree=True upper=0.873989469615  CERT
870708166,0,1 T   mem=True nz=True ynz=True cond=True claim_agree=True upper=1709.44748449  CERT
899666277,0,1 RHO mem=True nz=True ynz=True cond=True claim_agree=True upper=0.816711492976  CERT
899666277,0,1 T   mem=True nz=True ynz=True cond=True claim_agree=True upper=1598.83947064  CERT
899690443,0,1 RHO mem=True nz=True ynz=True cond=True claim_agree=True upper=0.845437795085  CERT
899690443,0,1 T   mem=True nz=True ynz=True cond=True claim_agree=True upper=1654.79349270  CERT
913815049,0,1 RHO mem=True nz=True ynz=True cond=True claim_agree=True upper=0.869684180857  CERT
913815049,0,1 T   mem=True nz=True ynz=True cond=True claim_agree=True upper=1621.75639259  CERT
FAMILY VERIFY n=7 l=1000504513 : EXCLUDED (components certified 32 / 32 ; lines 64 ; failed lines 0)
FAMILY VERIFY PASS
