FACTORIZATION: 32 irreducible factors of degree 2 over F_1000200001: OK
35824294,0,1 RHO mem=True nz=True ynz=True cond=True claim_agree=True upper=0.966925834350  CERT
35824294,0,1 T   mem=True nz=True ynz=True cond=True claim_agree=True upper=2313.62427391  CERT
98175253,0,1 RHO mem=True nz=True ynz=True cond=True claim_agree=True upper=0.972260400299  CERT
98175253,0,1 T   mem=True nz=True ynz=True cond=True claim_agree=True upper=2595.53605416  CERT
103096124,0,1 RHO mem=True nz=True ynz=True cond=True claim_agree=True upper=0.949072951453  CERT
103096124,0,1 T   mem=True nz=True ynz=True cond=True claim_agree=True upper=2758.89768513  CERT
107400180,0,1 RHO mem=True nz=True ynz=True cond=True claim_agree=True upper=0.967532970781  CERT
107400180,0,1 T   mem=True nz=True ynz=True cond=True claim_agree=True upper=2421.76838368  CERT
134313547,0,1 RHO mem=True nz=True ynz=True cond=True claim_agree=True upper=0.955086162512  CERT
134313547,0,1 T   mem=True nz=True ynz=True cond=True claim_agree=True upper=2621.68158200  CERT
140435512,0,1 RHO mem=True nz=True ynz=True cond=True claim_agree=True upper=0.972260400299  CERT
140435512,0,1 T   mem=True nz=True ynz=True cond=True claim_agree=True upper=2422.48092903  CERT
178212160,0,1 RHO mem=True nz=True ynz=True cond=True claim_agree=True upper=0.937280532623  CERT
178212160,0,1 T   mem=True nz=True ynz=True cond=True claim_agree=True upper=2256.11850008  CERT
285650952,0,1 RHO mem=True nz=True ynz=True cond=True claim_agree=True upper=0.962971267342  CERT
285650952,0,1 T   mem=True nz=True ynz=True cond=True claim_agree=True upper=2878.25139283  CERT
382702433,0,1 RHO mem=True nz=True ynz=True cond=True claim_agree=True upper=0.968090782199  CERT
382702433,0,1 T   mem=True nz=True ynz=True cond=True claim_agree=True upper=2077.03237417  CERT
385533341,0,1 RHO mem=True nz=True ynz=True cond=True claim_agree=True upper=0.962474522647  CERT
385533341,0,1 T   mem=True nz=True ynz=True cond=True claim_agree=True upper=2275.72423162  CERT
408242550,0,1 RHO mem=True nz=True ynz=True cond=True claim_agree=True upper=0.928440562637  CERT
408242550,0,1 T   mem=True nz=True ynz=True cond=True claim_agree=True upper=1890.85788312  CERT
422472666,0,1 RHO mem=True nz=True ynz=True cond=True claim_agree=True upper=0.906548510735  CERT
422472666,0,1 T   mem=True nz=True ynz=True cond=True claim_agree=True upper=2216.42957563  CERT
431036392,0,1 RHO mem=True nz=True ynz=True cond=True claim_agree=True upper=0.962474522647  CERT
431036392,0,1 T   mem=True nz=True ynz=True cond=True claim_agree=True upper=2661.72704847  CERT
434966145,0,1 RHO mem=True nz=True ynz=True cond=True claim_agree=True upper=0.956303476308  CERT
434966145,0,1 T   mem=True nz=True ynz=True cond=True claim_agree=True upper=2104.82704951  CERT
479354465,0,1 RHO mem=True nz=True ynz=True cond=True claim_agree=True upper=0.962971267342  CERT
479354465,0,1 T   mem=True nz=True ynz=True cond=True claim_agree=True upper=2134.53106767  CERT
498239891,0,1 RHO mem=True nz=True ynz=True cond=True claim_agree=True upper=0.934678772710  CERT
498239891,0,1 T   mem=True nz=True ynz=True cond=True claim_agree=True upper=1848.42266880  CERT
501960110,0,1 RHO mem=True nz=True ynz=True cond=True claim_agree=True upper=0.928440562637  CERT
501960110,0,1 T   mem=True nz=True ynz=True cond=True claim_agree=True upper=2057.89172345  CERT
520845536,0,1 RHO mem=True nz=True ynz=True cond=True claim_agree=True upper=0.960315949020  CERT
520845536,0,1 T   mem=True nz=True ynz=True cond=True claim_agree=True upper=2391.19321644  CERT
565233856,0,1 RHO mem=True nz=True ynz=True cond=True claim_agree=True upper=0.967532970781  CERT
565233856,0,1 T   mem=True nz=True ynz=True cond=True claim_agree=True upper=2923.52737658  CERT
569163609,0,1 RHO mem=True nz=True ynz=True cond=True claim_agree=True upper=0.966655387266  CERT
569163609,0,1 T   mem=True nz=True ynz=True cond=True claim_agree=True upper=2637.96326854  CERT
577727335,0,1 RHO mem=True nz=True ynz=True cond=True claim_agree=True upper=0.949072951453  CERT
577727335,0,1 T   mem=True nz=True ynz=True cond=True claim_agree=True upper=1938.11876197  CERT
591957451,0,1 RHO mem=True nz=True ynz=True cond=True claim_agree=True upper=0.934678772710  CERT
591957451,0,1 T   mem=True nz=True ynz=True cond=True claim_agree=True upper=2895.53033027  CERT
614666660,0,1 RHO mem=True nz=True ynz=True cond=True claim_agree=True upper=0.966655387266  CERT
614666660,0,1 T   mem=True nz=True ynz=True cond=True claim_agree=True upper=2720.75240365  CERT
617497568,0,1 RHO mem=True nz=True ynz=True cond=True claim_agree=True upper=0.966925834350  CERT
617497568,0,1 T   mem=True nz=True ynz=True cond=True claim_agree=True upper=3050.25134186  CERT
714549049,0,1 RHO mem=True nz=True ynz=True cond=True claim_agree=True upper=0.960315949020  CERT
714549049,0,1 T   mem=True nz=True ynz=True cond=True claim_agree=True upper=2404.05078145  CERT
821987841,0,1 RHO mem=True nz=True ynz=True cond=True claim_agree=True upper=0.955086162512  CERT
821987841,0,1 T   mem=True nz=True ynz=True cond=True claim_agree=True upper=2433.05317798  CERT
859764489,0,1 RHO mem=True nz=True ynz=True cond=True claim_agree=True upper=0.976330932892  CERT
859764489,0,1 T   mem=True nz=True ynz=True cond=True claim_agree=True upper=2570.32384568  CERT
865886454,0,1 RHO mem=True nz=True ynz=True cond=True claim_agree=True upper=0.937280532623  CERT
865886454,0,1 T   mem=True nz=True ynz=True cond=True claim_agree=True upper=2306.10952672  CERT
892799821,0,1 RHO mem=True nz=True ynz=True cond=True claim_agree=True upper=0.956303476308  CERT
892799821,0,1 T   mem=True nz=True ynz=True cond=True claim_agree=True upper=2400.01017720  CERT
897103877,0,1 RHO mem=True nz=True ynz=True cond=True claim_agree=True upper=0.906548510735  CERT
897103877,0,1 T   mem=True nz=True ynz=True cond=True claim_agree=True upper=1841.15032064  CERT
902024748,0,1 RHO mem=True nz=True ynz=True cond=True claim_agree=True upper=0.976330932892  CERT
902024748,0,1 T   mem=True nz=True ynz=True cond=True claim_agree=True upper=2269.90605904  CERT
964375707,0,1 RHO mem=True nz=True ynz=True cond=True claim_agree=True upper=0.968090782199  CERT
964375707,0,1 T   mem=True nz=True ynz=True cond=True claim_agree=True upper=2810.75132436  CERT
FAMILY VERIFY n=7 l=1000200001 : EXCLUDED (components certified 32 / 32 ; lines 64 ; failed lines 0)
FAMILY VERIFY PASS
