FACTORIZATION: 32 irreducible factors of degree 2 over F_1000781633: OK
22861794,0,1 RHO mem=True nz=True ynz=True cond=True claim_agree=True upper=0.946593821506  CERT
22861794,0,1 T   mem=True nz=True ynz=True cond=True claim_agree=True upper=3043.05421610  CERT
70080910,0,1 RHO mem=True nz=True ynz=True cond=True claim_agree=True upper=0.907381576601  CERT
70080910,0,1 T   mem=True nz=True ynz=True cond=True claim_agree=True upper=2891.46044520  CERT
100269665,0,1 RHO mem=True nz=True ynz=True cond=True claim_agree=True upper=0.960174252742  CERT
100269665,0,1 T   mem=True nz=True ynz=True cond=True claim_agree=True upper=1774.57638531  CERT
120198817,0,1 RHO mem=True nz=True ynz=True cond=True claim_agree=True upper=0.958289682392  CERT
120198817,0,1 T   mem=True nz=True ynz=True cond=True claim_agree=True upper=2347.87578130  CERT
144690448,0,1 RHO mem=True nz=True ynz=True cond=True claim_agree=True upper=0.963565928993  CERT
144690448,0,1 T   mem=True nz=True ynz=True cond=True claim_agree=True upper=2599.77300202  CERT
186925574,0,1 RHO mem=True nz=True ynz=True cond=True claim_agree=True upper=0.907381576601  CERT
186925574,0,1 T   mem=True nz=True ynz=True cond=True claim_agree=True upper=2526.65261719  CERT
317106787,0,1 RHO mem=True nz=True ynz=True cond=True claim_agree=True upper=0.920092518445  CERT
317106787,0,1 T   mem=True nz=True ynz=True cond=True claim_agree=True upper=2652.88713996  CERT
326277076,0,1 RHO mem=True nz=True ynz=True cond=True claim_agree=True upper=0.920092518445  CERT
326277076,0,1 T   mem=True nz=True ynz=True cond=True claim_agree=True upper=2410.23842353  CERT
355896228,0,1 RHO mem=True nz=True ynz=True cond=True claim_agree=True upper=0.945272163310  CERT
355896228,0,1 T   mem=True nz=True ynz=True cond=True claim_agree=True upper=2837.13799229  CERT
376722397,0,1 RHO mem=True nz=True ynz=True cond=True claim_agree=True upper=0.939317138814  CERT
376722397,0,1 T   mem=True nz=True ynz=True cond=True claim_agree=True upper=1936.49947630  CERT
400928983,0,1 RHO mem=True nz=True ynz=True cond=True claim_agree=True upper=0.946593821506  CERT
400928983,0,1 T   mem=True nz=True ynz=True cond=True claim_agree=True upper=1904.24578227  CERT
427320987,0,1 RHO mem=True nz=True ynz=True cond=True claim_agree=True upper=0.963565928993  CERT
427320987,0,1 T   mem=True nz=True ynz=True cond=True claim_agree=True upper=2970.25349508  CERT
454880644,0,1 RHO mem=True nz=True ynz=True cond=True claim_agree=True upper=0.922749417450  CERT
454880644,0,1 T   mem=True nz=True ynz=True cond=True claim_agree=True upper=1848.15845884  CERT
455797027,0,1 RHO mem=True nz=True ynz=True cond=True claim_agree=True upper=0.958945436321  CERT
455797027,0,1 T   mem=True nz=True ynz=True cond=True claim_agree=True upper=2808.20429695  CERT
463323405,0,1 RHO mem=True nz=True ynz=True cond=True claim_agree=True upper=0.922749417450  CERT
463323405,0,1 T   mem=True nz=True ynz=True cond=True claim_agree=True upper=1837.67509309  CERT
487952150,0,1 RHO mem=True nz=True ynz=True cond=True claim_agree=True upper=0.935502603788  CERT
487952150,0,1 T   mem=True nz=True ynz=True cond=True claim_agree=True upper=2524.33979472  CERT
512829483,0,1 RHO mem=True nz=True ynz=True cond=True claim_agree=True upper=0.945272163310  CERT
512829483,0,1 T   mem=True nz=True ynz=True cond=True claim_agree=True upper=2316.19411924  CERT
537458228,0,1 RHO mem=True nz=True ynz=True cond=True claim_agree=True upper=0.995818279954  CERT
537458228,0,1 T   mem=True nz=True ynz=True cond=True claim_agree=True upper=2918.02248716  CERT
544984606,0,1 RHO mem=True nz=True ynz=True cond=True claim_agree=True upper=0.939317138814  CERT
544984606,0,1 T   mem=True nz=True ynz=True cond=True claim_agree=True upper=1949.04341558  CERT
545900989,0,1 RHO mem=True nz=True ynz=True cond=True claim_agree=True upper=0.995818279954  CERT
545900989,0,1 T   mem=True nz=True ynz=True cond=True claim_agree=True upper=2725.52426599  CERT
573460646,0,1 RHO mem=True nz=True ynz=True cond=True claim_agree=True upper=0.945566160527  CERT
573460646,0,1 T   mem=True nz=True ynz=True cond=True claim_agree=True upper=2469.79389948  CERT
599852650,0,1 RHO mem=True nz=True ynz=True cond=True claim_agree=True upper=0.965046570236  CERT
599852650,0,1 T   mem=True nz=True ynz=True cond=True claim_agree=True upper=2767.61645069  CERT
624059236,0,1 RHO mem=True nz=True ynz=True cond=True claim_agree=True upper=0.958945436321  CERT
624059236,0,1 T   mem=True nz=True ynz=True cond=True claim_agree=True upper=2648.56753965  CERT
644885405,0,1 RHO mem=True nz=True ynz=True cond=True claim_agree=True upper=0.935502603788  CERT
644885405,0,1 T   mem=True nz=True ynz=True cond=True claim_agree=True upper=3303.96708072  CERT
674504557,0,1 RHO mem=True nz=True ynz=True cond=True claim_agree=True upper=0.957355626784  CERT
674504557,0,1 T   mem=True nz=True ynz=True cond=True claim_agree=True upper=2008.90565771  CERT
683674846,0,1 RHO mem=True nz=True ynz=True cond=True claim_agree=True upper=0.957355626784  CERT
683674846,0,1 T   mem=True nz=True ynz=True cond=True claim_agree=True upper=2523.53128834  CERT
813856059,0,1 RHO mem=True nz=True ynz=True cond=True claim_agree=True upper=0.956701268287  CERT
813856059,0,1 T   mem=True nz=True ynz=True cond=True claim_agree=True upper=2401.13660270  CERT
856091185,0,1 RHO mem=True nz=True ynz=True cond=True claim_agree=True upper=0.945566160527  CERT
856091185,0,1 T   mem=True nz=True ynz=True cond=True claim_agree=True upper=2410.86650215  CERT
880582816,0,1 RHO mem=True nz=True ynz=True cond=True claim_agree=True upper=0.960174252742  CERT
880582816,0,1 T   mem=True nz=True ynz=True cond=True claim_agree=True upper=2643.76547684  CERT
900511968,0,1 RHO mem=True nz=True ynz=True cond=True claim_agree=True upper=0.958289682392  CERT
900511968,0,1 T   mem=True nz=True ynz=True cond=True claim_agree=True upper=2791.75280229  CERT
930700723,0,1 RHO mem=True nz=True ynz=True cond=True claim_agree=True upper=0.956701268287  CERT
930700723,0,1 T   mem=True nz=True ynz=True cond=True claim_agree=True upper=2384.27876182  CERT
977919839,0,1 RHO mem=True nz=True ynz=True cond=True claim_agree=True upper=0.965046570236  CERT
977919839,0,1 T   mem=True nz=True ynz=True cond=True claim_agree=True upper=2361.93100085  CERT
FAMILY VERIFY n=7 l=1000781633 : EXCLUDED (components certified 32 / 32 ; lines 64 ; failed lines 0)
FAMILY VERIFY PASS
