FACTORIZATION: 32 irreducible factors of degree 2 over F_1000027201: OK
28461622,0,1 RHO mem=True nz=True ynz=True cond=True claim_agree=True upper=0.914497593607  CERT
28461622,0,1 T   mem=True nz=True ynz=True cond=True claim_agree=True upper=2259.82833520  CERT
30105076,0,1 RHO mem=True nz=True ynz=True cond=True claim_agree=True upper=0.917511375132  CERT
30105076,0,1 T   mem=True nz=True ynz=True cond=True claim_agree=True upper=2109.89349407  CERT
64204159,0,1 RHO mem=True nz=True ynz=True cond=True claim_agree=True upper=0.923417188066  CERT
64204159,0,1 T   mem=True nz=True ynz=True cond=True claim_agree=True upper=1764.98238917  CERT
71670956,0,1 RHO mem=True nz=True ynz=True cond=True claim_agree=True upper=0.926929518404  CERT
71670956,0,1 T   mem=True nz=True ynz=True cond=True claim_agree=True upper=1751.86467585  CERT
81560785,0,1 RHO mem=True nz=True ynz=True cond=True claim_agree=True upper=0.925007804816  CERT
81560785,0,1 T   mem=True nz=True ynz=True cond=True claim_agree=True upper=1929.35127175  CERT
120313781,0,1 RHO mem=True nz=True ynz=True cond=True claim_agree=True upper=0.911428674314  CERT
120313781,0,1 T   mem=True nz=True ynz=True cond=True claim_agree=True upper=2412.37727242  CERT
132296977,0,1 RHO mem=True nz=True ynz=True cond=True claim_agree=True upper=0.891571512213  CERT
132296977,0,1 T   mem=True nz=True ynz=True cond=True claim_agree=True upper=1989.38302499  CERT
205187178,0,1 RHO mem=True nz=True ynz=True cond=True claim_agree=True upper=0.891571512213  CERT
205187178,0,1 T   mem=True nz=True ynz=True cond=True claim_agree=True upper=1807.74505752  CERT
243654403,0,1 RHO mem=True nz=True ynz=True cond=True claim_agree=True upper=0.923232437678  CERT
243654403,0,1 T   mem=True nz=True ynz=True cond=True claim_agree=True upper=1962.89335419  CERT
272049901,0,1 RHO mem=True nz=True ynz=True cond=True claim_agree=True upper=0.920482641485  CERT
272049901,0,1 T   mem=True nz=True ynz=True cond=True claim_agree=True upper=2159.29174932  CERT
313138639,0,1 RHO mem=True nz=True ynz=True cond=True claim_agree=True upper=0.914192450708  CERT
313138639,0,1 T   mem=True nz=True ynz=True cond=True claim_agree=True upper=1607.20478339  CERT
371800012,0,1 RHO mem=True nz=True ynz=True cond=True claim_agree=True upper=0.915861923566  CERT
371800012,0,1 T   mem=True nz=True ynz=True cond=True claim_agree=True upper=2093.46766828  CERT
371808028,0,1 RHO mem=True nz=True ynz=True cond=True claim_agree=True upper=0.929462051891  CERT
371808028,0,1 T   mem=True nz=True ynz=True cond=True claim_agree=True upper=2575.12115267  CERT
372535546,0,1 RHO mem=True nz=True ynz=True cond=True claim_agree=True upper=0.926446934363  CERT
372535546,0,1 T   mem=True nz=True ynz=True cond=True claim_agree=True upper=1746.94567873  CERT
388204334,0,1 RHO mem=True nz=True ynz=True cond=True claim_agree=True upper=0.925007804816  CERT
388204334,0,1 T   mem=True nz=True ynz=True cond=True claim_agree=True upper=2347.25189765  CERT
407732091,0,1 RHO mem=True nz=True ynz=True cond=True claim_agree=True upper=0.914497593607  CERT
407732091,0,1 T   mem=True nz=True ynz=True cond=True claim_agree=True upper=1894.07065471  CERT
592295110,0,1 RHO mem=True nz=True ynz=True cond=True claim_agree=True upper=0.916360670391  CERT
592295110,0,1 T   mem=True nz=True ynz=True cond=True claim_agree=True upper=1470.32477194  CERT
611822867,0,1 RHO mem=True nz=True ynz=True cond=True claim_agree=True upper=0.922353895676  CERT
611822867,0,1 T   mem=True nz=True ynz=True cond=True claim_agree=True upper=2706.24657933  CERT
627491655,0,1 RHO mem=True nz=True ynz=True cond=True claim_agree=True upper=0.915861923566  CERT
627491655,0,1 T   mem=True nz=True ynz=True cond=True claim_agree=True upper=2378.50730994  CERT
628219173,0,1 RHO mem=True nz=True ynz=True cond=True claim_agree=True upper=0.914192450708  CERT
628219173,0,1 T   mem=True nz=True ynz=True cond=True claim_agree=True upper=2129.20869385  CERT
628227189,0,1 RHO mem=True nz=True ynz=True cond=True claim_agree=True upper=0.926446934363  CERT
628227189,0,1 T   mem=True nz=True ynz=True cond=True claim_agree=True upper=1573.81652550  CERT
686888562,0,1 RHO mem=True nz=True ynz=True cond=True claim_agree=True upper=0.929462051891  CERT
686888562,0,1 T   mem=True nz=True ynz=True cond=True claim_agree=True upper=1699.28380816  CERT
727977300,0,1 RHO mem=True nz=True ynz=True cond=True claim_agree=True upper=0.923417188066  CERT
727977300,0,1 T   mem=True nz=True ynz=True cond=True claim_agree=True upper=2432.41288907  CERT
756372798,0,1 RHO mem=True nz=True ynz=True cond=True claim_agree=True upper=0.926929518404  CERT
756372798,0,1 T   mem=True nz=True ynz=True cond=True claim_agree=True upper=2667.91245581  CERT
794840023,0,1 RHO mem=True nz=True ynz=True cond=True claim_agree=True upper=0.915791244231  CERT
794840023,0,1 T   mem=True nz=True ynz=True cond=True claim_agree=True upper=2016.84761786  CERT
867730224,0,1 RHO mem=True nz=True ynz=True cond=True claim_agree=True upper=0.915791244231  CERT
867730224,0,1 T   mem=True nz=True ynz=True cond=True claim_agree=True upper=2570.78218807  CERT
879713420,0,1 RHO mem=True nz=True ynz=True cond=True claim_agree=True upper=0.917511375132  CERT
879713420,0,1 T   mem=True nz=True ynz=True cond=True claim_agree=True upper=2143.98082044  CERT
918466416,0,1 RHO mem=True nz=True ynz=True cond=True claim_agree=True upper=0.922353895676  CERT
918466416,0,1 T   mem=True nz=True ynz=True cond=True claim_agree=True upper=1906.08734591  CERT
928356245,0,1 RHO mem=True nz=True ynz=True cond=True claim_agree=True upper=0.923232437678  CERT
928356245,0,1 T   mem=True nz=True ynz=True cond=True claim_agree=True upper=2412.52366425  CERT
935823042,0,1 RHO mem=True nz=True ynz=True cond=True claim_agree=True upper=0.920482641485  CERT
935823042,0,1 T   mem=True nz=True ynz=True cond=True claim_agree=True upper=1588.00627107  CERT
969922125,0,1 RHO mem=True nz=True ynz=True cond=True claim_agree=True upper=0.911428674314  CERT
969922125,0,1 T   mem=True nz=True ynz=True cond=True claim_agree=True upper=2860.90451017  CERT
971565579,0,1 RHO mem=True nz=True ynz=True cond=True claim_agree=True upper=0.916360670391  CERT
971565579,0,1 T   mem=True nz=True ynz=True cond=True claim_agree=True upper=2439.27719928  CERT
FAMILY VERIFY n=7 l=1000027201 : EXCLUDED (components certified 32 / 32 ; lines 64 ; failed lines 0)
FAMILY VERIFY PASS
