FACTORIZATION: 32 irreducible factors of degree 2 over F_1001254081: OK
1706222,0,1 RHO mem=True nz=True ynz=True cond=True claim_agree=True upper=0.933582483978  CERT
1706222,0,1 T   mem=True nz=True ynz=True cond=True claim_agree=True upper=2960.39714139  CERT
78719884,0,1 RHO mem=True nz=True ynz=True cond=True claim_agree=True upper=0.927876608598  CERT
78719884,0,1 T   mem=True nz=True ynz=True cond=True claim_agree=True upper=2139.96596413  CERT
103039327,0,1 RHO mem=True nz=True ynz=True cond=True claim_agree=True upper=0.898427822218  CERT
103039327,0,1 T   mem=True nz=True ynz=True cond=True claim_agree=True upper=2439.69442895  CERT
103174652,0,1 RHO mem=True nz=True ynz=True cond=True claim_agree=True upper=0.877019251064  CERT
103174652,0,1 T   mem=True nz=True ynz=True cond=True claim_agree=True upper=1866.47949102  CERT
120961433,0,1 RHO mem=True nz=True ynz=True cond=True claim_agree=True upper=0.912172777065  CERT
120961433,0,1 T   mem=True nz=True ynz=True cond=True claim_agree=True upper=1926.91087652  CERT
134667867,0,1 RHO mem=True nz=True ynz=True cond=True claim_agree=True upper=0.846393522201  CERT
134667867,0,1 T   mem=True nz=True ynz=True cond=True claim_agree=True upper=1793.73626268  CERT
157314465,0,1 RHO mem=True nz=True ynz=True cond=True claim_agree=True upper=0.903264203168  CERT
157314465,0,1 T   mem=True nz=True ynz=True cond=True claim_agree=True upper=1997.41854426  CERT
173737734,0,1 RHO mem=True nz=True ynz=True cond=True claim_agree=True upper=0.923349414335  CERT
173737734,0,1 T   mem=True nz=True ynz=True cond=True claim_agree=True upper=2356.99872721  CERT
205029064,0,1 RHO mem=True nz=True ynz=True cond=True claim_agree=True upper=0.903264203168  CERT
205029064,0,1 T   mem=True nz=True ynz=True cond=True claim_agree=True upper=1803.82472212  CERT
331168595,0,1 RHO mem=True nz=True ynz=True cond=True claim_agree=True upper=0.924753685976  CERT
331168595,0,1 T   mem=True nz=True ynz=True cond=True claim_agree=True upper=2080.24597465  CERT
345614799,0,1 RHO mem=True nz=True ynz=True cond=True claim_agree=True upper=0.898427822218  CERT
345614799,0,1 T   mem=True nz=True ynz=True cond=True claim_agree=True upper=3296.62966774  CERT
368550949,0,1 RHO mem=True nz=True ynz=True cond=True claim_agree=True upper=0.919736509789  CERT
368550949,0,1 T   mem=True nz=True ynz=True cond=True claim_agree=True upper=1881.73413991  CERT
373447934,0,1 RHO mem=True nz=True ynz=True cond=True claim_agree=True upper=0.933582483978  CERT
373447934,0,1 T   mem=True nz=True ynz=True cond=True claim_agree=True upper=2538.61388101  CERT
422521803,0,1 RHO mem=True nz=True ynz=True cond=True claim_agree=True upper=0.974934985950  CERT
422521803,0,1 T   mem=True nz=True ynz=True cond=True claim_agree=True upper=3309.50398321  CERT
488840505,0,1 RHO mem=True nz=True ynz=True cond=True claim_agree=True upper=0.883373609775  CERT
488840505,0,1 T   mem=True nz=True ynz=True cond=True claim_agree=True upper=2897.80268018  CERT
493948481,0,1 RHO mem=True nz=True ynz=True cond=True claim_agree=True upper=0.877019251064  CERT
493948481,0,1 T   mem=True nz=True ynz=True cond=True claim_agree=True upper=2345.49679167  CERT
507305600,0,1 RHO mem=True nz=True ynz=True cond=True claim_agree=True upper=0.889536375613  CERT
507305600,0,1 T   mem=True nz=True ynz=True cond=True claim_agree=True upper=1579.03050368  CERT
512413576,0,1 RHO mem=True nz=True ynz=True cond=True claim_agree=True upper=0.912172777065  CERT
512413576,0,1 T   mem=True nz=True ynz=True cond=True claim_agree=True upper=2061.52152687  CERT
578732278,0,1 RHO mem=True nz=True ynz=True cond=True claim_agree=True upper=0.846393522201  CERT
578732278,0,1 T   mem=True nz=True ynz=True cond=True claim_agree=True upper=2178.57952611  CERT
627806147,0,1 RHO mem=True nz=True ynz=True cond=True claim_agree=True upper=0.930795358028  CERT
627806147,0,1 T   mem=True nz=True ynz=True cond=True claim_agree=True upper=2128.99023389  CERT
632703132,0,1 RHO mem=True nz=True ynz=True cond=True claim_agree=True upper=0.923349414335  CERT
632703132,0,1 T   mem=True nz=True ynz=True cond=True claim_agree=True upper=2310.38333566  CERT
655639282,0,1 RHO mem=True nz=True ynz=True cond=True claim_agree=True upper=0.940600464407  CERT
655639282,0,1 T   mem=True nz=True ynz=True cond=True claim_agree=True upper=1998.72503839  CERT
670085486,0,1 RHO mem=True nz=True ynz=True cond=True claim_agree=True upper=0.927876608598  CERT
670085486,0,1 T   mem=True nz=True ynz=True cond=True claim_agree=True upper=1648.64433222  CERT
796225017,0,1 RHO mem=True nz=True ynz=True cond=True claim_agree=True upper=0.924127971982  CERT
796225017,0,1 T   mem=True nz=True ynz=True cond=True claim_agree=True upper=2460.69648780  CERT
827516347,0,1 RHO mem=True nz=True ynz=True cond=True claim_agree=True upper=0.919736509789  CERT
827516347,0,1 T   mem=True nz=True ynz=True cond=True claim_agree=True upper=2294.53574387  CERT
843939616,0,1 RHO mem=True nz=True ynz=True cond=True claim_agree=True upper=0.924127971982  CERT
843939616,0,1 T   mem=True nz=True ynz=True cond=True claim_agree=True upper=2150.45790528  CERT
866586214,0,1 RHO mem=True nz=True ynz=True cond=True claim_agree=True upper=0.974934985950  CERT
866586214,0,1 T   mem=True nz=True ynz=True cond=True claim_agree=True upper=3047.98238728  CERT
880292648,0,1 RHO mem=True nz=True ynz=True cond=True claim_agree=True upper=0.883373609775  CERT
880292648,0,1 T   mem=True nz=True ynz=True cond=True claim_agree=True upper=1827.58778455  CERT
898079429,0,1 RHO mem=True nz=True ynz=True cond=True claim_agree=True upper=0.889536375613  CERT
898079429,0,1 T   mem=True nz=True ynz=True cond=True claim_agree=True upper=2154.20061183  CERT
898214754,0,1 RHO mem=True nz=True ynz=True cond=True claim_agree=True upper=0.940600464407  CERT
898214754,0,1 T   mem=True nz=True ynz=True cond=True claim_agree=True upper=2032.27750780  CERT
922534197,0,1 RHO mem=True nz=True ynz=True cond=True claim_agree=True upper=0.924753685976  CERT
922534197,0,1 T   mem=True nz=True ynz=True cond=True claim_agree=True upper=2395.80706997  CERT
999547859,0,1 RHO mem=True nz=True ynz=True cond=True claim_agree=True upper=0.930795358028  CERT
999547859,0,1 T   mem=True nz=True ynz=True cond=True claim_agree=True upper=2779.90980634  CERT
FAMILY VERIFY n=7 l=1001254081 : EXCLUDED (components certified 32 / 32 ; lines 64 ; failed lines 0)
FAMILY VERIFY PASS
