FACTORIZATION: 32 irreducible factors of degree 2 over F_1000724161: OK
8206600,0,1 RHO mem=True nz=True ynz=True cond=True claim_agree=True upper=0.958559922238  CERT
8206600,0,1 T   mem=True nz=True ynz=True cond=True claim_agree=True upper=2569.66728747  CERT
58945604,0,1 RHO mem=True nz=True ynz=True cond=True claim_agree=True upper=0.969387670809  CERT
58945604,0,1 T   mem=True nz=True ynz=True cond=True claim_agree=True upper=2178.32800057  CERT
67117490,0,1 RHO mem=True nz=True ynz=True cond=True claim_agree=True upper=0.981196634511  CERT
67117490,0,1 T   mem=True nz=True ynz=True cond=True claim_agree=True upper=3454.31298044  CERT
100112182,0,1 RHO mem=True nz=True ynz=True cond=True claim_agree=True upper=0.968615711667  CERT
100112182,0,1 T   mem=True nz=True ynz=True cond=True claim_agree=True upper=2633.15739271  CERT
167062519,0,1 RHO mem=True nz=True ynz=True cond=True claim_agree=True upper=0.969387670809  CERT
167062519,0,1 T   mem=True nz=True ynz=True cond=True claim_agree=True upper=2715.20836385  CERT
183537880,0,1 RHO mem=True nz=True ynz=True cond=True claim_agree=True upper=0.924631078539  CERT
183537880,0,1 T   mem=True nz=True ynz=True cond=True claim_agree=True upper=2016.49376198  CERT
217166919,0,1 RHO mem=True nz=True ynz=True cond=True claim_agree=True upper=0.962009477975  CERT
217166919,0,1 T   mem=True nz=True ynz=True cond=True claim_agree=True upper=1854.62867138  CERT
252206252,0,1 RHO mem=True nz=True ynz=True cond=True claim_agree=True upper=0.960692687931  CERT
252206252,0,1 T   mem=True nz=True ynz=True cond=True claim_agree=True upper=2451.13103615  CERT
272654117,0,1 RHO mem=True nz=True ynz=True cond=True claim_agree=True upper=0.974653910157  CERT
272654117,0,1 T   mem=True nz=True ynz=True cond=True claim_agree=True upper=2709.04574518  CERT
287405170,0,1 RHO mem=True nz=True ynz=True cond=True claim_agree=True upper=0.947765159081  CERT
287405170,0,1 T   mem=True nz=True ynz=True cond=True claim_agree=True upper=2195.08704317  CERT
317357972,0,1 RHO mem=True nz=True ynz=True cond=True claim_agree=True upper=0.949028333491  CERT
317357972,0,1 T   mem=True nz=True ynz=True cond=True claim_agree=True upper=2605.90450485  CERT
326319540,0,1 RHO mem=True nz=True ynz=True cond=True claim_agree=True upper=0.945598650621  CERT
326319540,0,1 T   mem=True nz=True ynz=True cond=True claim_agree=True upper=2350.99240098  CERT
349996446,0,1 RHO mem=True nz=True ynz=True cond=True claim_agree=True upper=0.960569747009  CERT
349996446,0,1 T   mem=True nz=True ynz=True cond=True claim_agree=True upper=3238.72615680  CERT
421192431,0,1 RHO mem=True nz=True ynz=True cond=True claim_agree=True upper=0.971249527953  CERT
421192431,0,1 T   mem=True nz=True ynz=True cond=True claim_agree=True upper=2802.95427233  CERT
440447279,0,1 RHO mem=True nz=True ynz=True cond=True claim_agree=True upper=0.958559922238  CERT
440447279,0,1 T   mem=True nz=True ynz=True cond=True claim_agree=True upper=2720.36077094  CERT
481341818,0,1 RHO mem=True nz=True ynz=True cond=True claim_agree=True upper=0.947765159081  CERT
481341818,0,1 T   mem=True nz=True ynz=True cond=True claim_agree=True upper=2576.27649751  CERT
519382343,0,1 RHO mem=True nz=True ynz=True cond=True claim_agree=True upper=0.975264784786  CERT
519382343,0,1 T   mem=True nz=True ynz=True cond=True claim_agree=True upper=2577.89068080  CERT
560276882,0,1 RHO mem=True nz=True ynz=True cond=True claim_agree=True upper=0.973337158049  CERT
560276882,0,1 T   mem=True nz=True ynz=True cond=True claim_agree=True upper=3215.14202708  CERT
579531730,0,1 RHO mem=True nz=True ynz=True cond=True claim_agree=True upper=0.974653910157  CERT
579531730,0,1 T   mem=True nz=True ynz=True cond=True claim_agree=True upper=2879.00707684  CERT
650727715,0,1 RHO mem=True nz=True ynz=True cond=True claim_agree=True upper=0.924631078539  CERT
650727715,0,1 T   mem=True nz=True ynz=True cond=True claim_agree=True upper=2387.05557005  CERT
674404621,0,1 RHO mem=True nz=True ynz=True cond=True claim_agree=True upper=0.968615711667  CERT
674404621,0,1 T   mem=True nz=True ynz=True cond=True claim_agree=True upper=3217.87511958  CERT
683366189,0,1 RHO mem=True nz=True ynz=True cond=True claim_agree=True upper=0.960692687931  CERT
683366189,0,1 T   mem=True nz=True ynz=True cond=True claim_agree=True upper=3262.86824650  CERT
713318991,0,1 RHO mem=True nz=True ynz=True cond=True claim_agree=True upper=0.975264784786  CERT
713318991,0,1 T   mem=True nz=True ynz=True cond=True claim_agree=True upper=2741.01587487  CERT
728070044,0,1 RHO mem=True nz=True ynz=True cond=True claim_agree=True upper=0.971249527953  CERT
728070044,0,1 T   mem=True nz=True ynz=True cond=True claim_agree=True upper=2429.61566936  CERT
748517909,0,1 RHO mem=True nz=True ynz=True cond=True claim_agree=True upper=0.949028333491  CERT
748517909,0,1 T   mem=True nz=True ynz=True cond=True claim_agree=True upper=2214.56456353  CERT
783557242,0,1 RHO mem=True nz=True ynz=True cond=True claim_agree=True upper=0.981196634511  CERT
783557242,0,1 T   mem=True nz=True ynz=True cond=True claim_agree=True upper=2360.83651971  CERT
817186281,0,1 RHO mem=True nz=True ynz=True cond=True claim_agree=True upper=0.960569747009  CERT
817186281,0,1 T   mem=True nz=True ynz=True cond=True claim_agree=True upper=2625.49732237  CERT
833661642,0,1 RHO mem=True nz=True ynz=True cond=True claim_agree=True upper=0.977089282802  CERT
833661642,0,1 T   mem=True nz=True ynz=True cond=True claim_agree=True upper=2607.50348223  CERT
900611979,0,1 RHO mem=True nz=True ynz=True cond=True claim_agree=True upper=0.945598650621  CERT
900611979,0,1 T   mem=True nz=True ynz=True cond=True claim_agree=True upper=2326.46089953  CERT
933606671,0,1 RHO mem=True nz=True ynz=True cond=True claim_agree=True upper=0.962009477975  CERT
933606671,0,1 T   mem=True nz=True ynz=True cond=True claim_agree=True upper=2478.44655606  CERT
941778557,0,1 RHO mem=True nz=True ynz=True cond=True claim_agree=True upper=0.977089282802  CERT
941778557,0,1 T   mem=True nz=True ynz=True cond=True claim_agree=True upper=1934.42030397  CERT
992517561,0,1 RHO mem=True nz=True ynz=True cond=True claim_agree=True upper=0.973337158049  CERT
992517561,0,1 T   mem=True nz=True ynz=True cond=True claim_agree=True upper=2437.28842774  CERT
FAMILY VERIFY n=7 l=1000724161 : EXCLUDED (components certified 32 / 32 ; lines 64 ; failed lines 0)
FAMILY VERIFY PASS
