FACTORIZATION: 32 irreducible factors of degree 2 over F_1000836929: OK
48312243,0,1 RHO mem=True nz=True ynz=True cond=True claim_agree=True upper=0.922983975335  CERT
48312243,0,1 T   mem=True nz=True ynz=True cond=True claim_agree=True upper=2125.68162089  CERT
107446778,0,1 RHO mem=True nz=True ynz=True cond=True claim_agree=True upper=0.907691537652  CERT
107446778,0,1 T   mem=True nz=True ynz=True cond=True claim_agree=True upper=2253.38509026  CERT
169121162,0,1 RHO mem=True nz=True ynz=True cond=True claim_agree=True upper=0.926587948194  CERT
169121162,0,1 T   mem=True nz=True ynz=True cond=True claim_agree=True upper=2271.61975771  CERT
175238004,0,1 RHO mem=True nz=True ynz=True cond=True claim_agree=True upper=0.913588102773  CERT
175238004,0,1 T   mem=True nz=True ynz=True cond=True claim_agree=True upper=2280.13937412  CERT
185405700,0,1 RHO mem=True nz=True ynz=True cond=True claim_agree=True upper=0.930123109604  CERT
185405700,0,1 T   mem=True nz=True ynz=True cond=True claim_agree=True upper=2468.34553993  CERT
197274636,0,1 RHO mem=True nz=True ynz=True cond=True claim_agree=True upper=0.925146984718  CERT
197274636,0,1 T   mem=True nz=True ynz=True cond=True claim_agree=True upper=2794.68067116  CERT
220616603,0,1 RHO mem=True nz=True ynz=True cond=True claim_agree=True upper=0.950012546348  CERT
220616603,0,1 T   mem=True nz=True ynz=True cond=True claim_agree=True upper=2638.66106866  CERT
238959642,0,1 RHO mem=True nz=True ynz=True cond=True claim_agree=True upper=0.930123109604  CERT
238959642,0,1 T   mem=True nz=True ynz=True cond=True claim_agree=True upper=2587.59890094  CERT
244597586,0,1 RHO mem=True nz=True ynz=True cond=True claim_agree=True upper=0.919127033824  CERT
244597586,0,1 T   mem=True nz=True ynz=True cond=True claim_agree=True upper=2149.41246957  CERT
278594412,0,1 RHO mem=True nz=True ynz=True cond=True claim_agree=True upper=0.918388722613  CERT
278594412,0,1 T   mem=True nz=True ynz=True cond=True claim_agree=True upper=2851.72920127  CERT
292282825,0,1 RHO mem=True nz=True ynz=True cond=True claim_agree=True upper=0.918768302365  CERT
292282825,0,1 T   mem=True nz=True ynz=True cond=True claim_agree=True upper=2139.71932868  CERT
310381290,0,1 RHO mem=True nz=True ynz=True cond=True claim_agree=True upper=0.940110285830  CERT
310381290,0,1 T   mem=True nz=True ynz=True cond=True claim_agree=True upper=2612.33676818  CERT
312729748,0,1 RHO mem=True nz=True ynz=True cond=True claim_agree=True upper=0.894647693768  CERT
312729748,0,1 T   mem=True nz=True ynz=True cond=True claim_agree=True upper=2526.79096517  CERT
365804621,0,1 RHO mem=True nz=True ynz=True cond=True claim_agree=True upper=0.926587948194  CERT
365804621,0,1 T   mem=True nz=True ynz=True cond=True claim_agree=True upper=2413.19801713  CERT
369558877,0,1 RHO mem=True nz=True ynz=True cond=True claim_agree=True upper=0.927571513158  CERT
369558877,0,1 T   mem=True nz=True ynz=True cond=True claim_agree=True upper=2228.42982505  CERT
485084160,0,1 RHO mem=True nz=True ynz=True cond=True claim_agree=True upper=0.920938056765  CERT
485084160,0,1 T   mem=True nz=True ynz=True cond=True claim_agree=True upper=1973.46807720  CERT
515752769,0,1 RHO mem=True nz=True ynz=True cond=True claim_agree=True upper=0.927571513158  CERT
515752769,0,1 T   mem=True nz=True ynz=True cond=True claim_agree=True upper=2582.57284000  CERT
631278052,0,1 RHO mem=True nz=True ynz=True cond=True claim_agree=True upper=0.920938056765  CERT
631278052,0,1 T   mem=True nz=True ynz=True cond=True claim_agree=True upper=2829.69481127  CERT
635032308,0,1 RHO mem=True nz=True ynz=True cond=True claim_agree=True upper=0.948577511022  CERT
635032308,0,1 T   mem=True nz=True ynz=True cond=True claim_agree=True upper=2221.09306739  CERT
688107181,0,1 RHO mem=True nz=True ynz=True cond=True claim_agree=True upper=0.907691537652  CERT
688107181,0,1 T   mem=True nz=True ynz=True cond=True claim_agree=True upper=2243.09414254  CERT
690455639,0,1 RHO mem=True nz=True ynz=True cond=True claim_agree=True upper=0.919127033824  CERT
690455639,0,1 T   mem=True nz=True ynz=True cond=True claim_agree=True upper=2427.22970715  CERT
708554104,0,1 RHO mem=True nz=True ynz=True cond=True claim_agree=True upper=0.918388722613  CERT
708554104,0,1 T   mem=True nz=True ynz=True cond=True claim_agree=True upper=2587.46454225  CERT
722242517,0,1 RHO mem=True nz=True ynz=True cond=True claim_agree=True upper=0.918768302365  CERT
722242517,0,1 T   mem=True nz=True ynz=True cond=True claim_agree=True upper=2862.08664582  CERT
756239343,0,1 RHO mem=True nz=True ynz=True cond=True claim_agree=True upper=0.940110285830  CERT
756239343,0,1 T   mem=True nz=True ynz=True cond=True claim_agree=True upper=2922.20235246  CERT
761877287,0,1 RHO mem=True nz=True ynz=True cond=True claim_agree=True upper=0.934857749809  CERT
761877287,0,1 T   mem=True nz=True ynz=True cond=True claim_agree=True upper=2336.24474094  CERT
780220326,0,1 RHO mem=True nz=True ynz=True cond=True claim_agree=True upper=0.922983975335  CERT
780220326,0,1 T   mem=True nz=True ynz=True cond=True claim_agree=True upper=2086.70410778  CERT
803562293,0,1 RHO mem=True nz=True ynz=True cond=True claim_agree=True upper=0.913588102773  CERT
803562293,0,1 T   mem=True nz=True ynz=True cond=True claim_agree=True upper=2312.21253102  CERT
815431229,0,1 RHO mem=True nz=True ynz=True cond=True claim_agree=True upper=0.934857749809  CERT
815431229,0,1 T   mem=True nz=True ynz=True cond=True claim_agree=True upper=2512.58347255  CERT
825598925,0,1 RHO mem=True nz=True ynz=True cond=True claim_agree=True upper=0.925146984718  CERT
825598925,0,1 T   mem=True nz=True ynz=True cond=True claim_agree=True upper=2018.91054244  CERT
831715767,0,1 RHO mem=True nz=True ynz=True cond=True claim_agree=True upper=0.948577511022  CERT
831715767,0,1 T   mem=True nz=True ynz=True cond=True claim_agree=True upper=2194.70484574  CERT
893390151,0,1 RHO mem=True nz=True ynz=True cond=True claim_agree=True upper=0.894647693768  CERT
893390151,0,1 T   mem=True nz=True ynz=True cond=True claim_agree=True upper=1705.56895617  CERT
952524686,0,1 RHO mem=True nz=True ynz=True cond=True claim_agree=True upper=0.950012546348  CERT
952524686,0,1 T   mem=True nz=True ynz=True cond=True claim_agree=True upper=3294.24574386  CERT
FAMILY VERIFY n=7 l=1000836929 : EXCLUDED (components certified 32 / 32 ; lines 64 ; failed lines 0)
FAMILY VERIFY PASS
