FACTORIZATION: 32 irreducible factors of degree 2 over F_1000822337: OK
2415434,0,1 RHO mem=True nz=True ynz=True cond=True claim_agree=True upper=0.956911672974  CERT
2415434,0,1 T   mem=True nz=True ynz=True cond=True claim_agree=True upper=2303.67663253  CERT
53539381,0,1 RHO mem=True nz=True ynz=True cond=True claim_agree=True upper=0.941859474935  CERT
53539381,0,1 T   mem=True nz=True ynz=True cond=True claim_agree=True upper=2041.10438661  CERT
78854359,0,1 RHO mem=True nz=True ynz=True cond=True claim_agree=True upper=0.951710828026  CERT
78854359,0,1 T   mem=True nz=True ynz=True cond=True claim_agree=True upper=2461.32462009  CERT
85959198,0,1 RHO mem=True nz=True ynz=True cond=True claim_agree=True upper=0.948436621029  CERT
85959198,0,1 T   mem=True nz=True ynz=True cond=True claim_agree=True upper=2217.89972829  CERT
114010282,0,1 RHO mem=True nz=True ynz=True cond=True claim_agree=True upper=0.943808042824  CERT
114010282,0,1 T   mem=True nz=True ynz=True cond=True claim_agree=True upper=2078.88530628  CERT
115639143,0,1 RHO mem=True nz=True ynz=True cond=True claim_agree=True upper=0.911249984146  CERT
115639143,0,1 T   mem=True nz=True ynz=True cond=True claim_agree=True upper=2021.87802982  CERT
119724148,0,1 RHO mem=True nz=True ynz=True cond=True claim_agree=True upper=0.943911641790  CERT
119724148,0,1 T   mem=True nz=True ynz=True cond=True claim_agree=True upper=2275.42854100  CERT
136792928,0,1 RHO mem=True nz=True ynz=True cond=True claim_agree=True upper=0.941859474935  CERT
136792928,0,1 T   mem=True nz=True ynz=True cond=True claim_agree=True upper=1845.28564962  CERT
143039059,0,1 RHO mem=True nz=True ynz=True cond=True claim_agree=True upper=0.930884833149  CERT
143039059,0,1 T   mem=True nz=True ynz=True cond=True claim_agree=True upper=2234.03833576  CERT
146199723,0,1 RHO mem=True nz=True ynz=True cond=True claim_agree=True upper=0.930884833149  CERT
146199723,0,1 T   mem=True nz=True ynz=True cond=True claim_agree=True upper=2024.61440329  CERT
182175785,0,1 RHO mem=True nz=True ynz=True cond=True claim_agree=True upper=0.911249984146  CERT
182175785,0,1 T   mem=True nz=True ynz=True cond=True claim_agree=True upper=2378.84051083  CERT
245519939,0,1 RHO mem=True nz=True ynz=True cond=True claim_agree=True upper=0.932836631566  CERT
245519939,0,1 T   mem=True nz=True ynz=True cond=True claim_agree=True upper=2798.04983828  CERT
272457783,0,1 RHO mem=True nz=True ynz=True cond=True claim_agree=True upper=0.948436621029  CERT
272457783,0,1 T   mem=True nz=True ynz=True cond=True claim_agree=True upper=2411.87575732  CERT
313654870,0,1 RHO mem=True nz=True ynz=True cond=True claim_agree=True upper=0.943911641790  CERT
313654870,0,1 T   mem=True nz=True ynz=True cond=True claim_agree=True upper=2187.65255896  CERT
410189554,0,1 RHO mem=True nz=True ynz=True cond=True claim_agree=True upper=0.932836631566  CERT
410189554,0,1 T   mem=True nz=True ynz=True cond=True claim_agree=True upper=2001.99934044  CERT
440055507,0,1 RHO mem=True nz=True ynz=True cond=True claim_agree=True upper=0.943808042824  CERT
440055507,0,1 T   mem=True nz=True ynz=True cond=True claim_agree=True upper=2494.48621751  CERT
560766830,0,1 RHO mem=True nz=True ynz=True cond=True claim_agree=True upper=0.952488416224  CERT
560766830,0,1 T   mem=True nz=True ynz=True cond=True claim_agree=True upper=2699.20873707  CERT
590632783,0,1 RHO mem=True nz=True ynz=True cond=True claim_agree=True upper=0.937114552223  CERT
590632783,0,1 T   mem=True nz=True ynz=True cond=True claim_agree=True upper=1833.76856133  CERT
687167467,0,1 RHO mem=True nz=True ynz=True cond=True claim_agree=True upper=0.938720552478  CERT
687167467,0,1 T   mem=True nz=True ynz=True cond=True claim_agree=True upper=2629.86559436  CERT
728364554,0,1 RHO mem=True nz=True ynz=True cond=True claim_agree=True upper=0.944601094837  CERT
728364554,0,1 T   mem=True nz=True ynz=True cond=True claim_agree=True upper=1974.80554844  CERT
755302398,0,1 RHO mem=True nz=True ynz=True cond=True claim_agree=True upper=0.937114552223  CERT
755302398,0,1 T   mem=True nz=True ynz=True cond=True claim_agree=True upper=3745.58301780  CERT
818646552,0,1 RHO mem=True nz=True ynz=True cond=True claim_agree=True upper=0.941827311716  CERT
818646552,0,1 T   mem=True nz=True ynz=True cond=True claim_agree=True upper=2313.88887753  CERT
854622614,0,1 RHO mem=True nz=True ynz=True cond=True claim_agree=True upper=0.958205306081  CERT
854622614,0,1 T   mem=True nz=True ynz=True cond=True claim_agree=True upper=3119.05953912  CERT
857783278,0,1 RHO mem=True nz=True ynz=True cond=True claim_agree=True upper=0.958205306081  CERT
857783278,0,1 T   mem=True nz=True ynz=True cond=True claim_agree=True upper=2260.99184541  CERT
864029409,0,1 RHO mem=True nz=True ynz=True cond=True claim_agree=True upper=0.961072035167  CERT
864029409,0,1 T   mem=True nz=True ynz=True cond=True claim_agree=True upper=2491.69961232  CERT
881098189,0,1 RHO mem=True nz=True ynz=True cond=True claim_agree=True upper=0.938720552478  CERT
881098189,0,1 T   mem=True nz=True ynz=True cond=True claim_agree=True upper=1797.64517297  CERT
885183194,0,1 RHO mem=True nz=True ynz=True cond=True claim_agree=True upper=0.941827311716  CERT
885183194,0,1 T   mem=True nz=True ynz=True cond=True claim_agree=True upper=2231.92925401  CERT
886812055,0,1 RHO mem=True nz=True ynz=True cond=True claim_agree=True upper=0.952488416224  CERT
886812055,0,1 T   mem=True nz=True ynz=True cond=True claim_agree=True upper=2337.97071777  CERT
914863139,0,1 RHO mem=True nz=True ynz=True cond=True claim_agree=True upper=0.944601094837  CERT
914863139,0,1 T   mem=True nz=True ynz=True cond=True claim_agree=True upper=2469.63117317  CERT
921967978,0,1 RHO mem=True nz=True ynz=True cond=True claim_agree=True upper=0.956911672974  CERT
921967978,0,1 T   mem=True nz=True ynz=True cond=True claim_agree=True upper=2459.46212413  CERT
947282956,0,1 RHO mem=True nz=True ynz=True cond=True claim_agree=True upper=0.961072035167  CERT
947282956,0,1 T   mem=True nz=True ynz=True cond=True claim_agree=True upper=3288.08633319  CERT
998406903,0,1 RHO mem=True nz=True ynz=True cond=True claim_agree=True upper=0.946993412122  CERT
998406903,0,1 T   mem=True nz=True ynz=True cond=True claim_agree=True upper=2453.70230712  CERT
FAMILY VERIFY n=7 l=1000822337 : EXCLUDED (components certified 32 / 32 ; lines 64 ; failed lines 0)
FAMILY VERIFY PASS
