FACTORIZATION: 32 irreducible factors of degree 2 over F_1001021633: OK
17628277,0,1 RHO mem=True nz=True ynz=True cond=True claim_agree=True upper=0.895008095550  CERT
17628277,0,1 T   mem=True nz=True ynz=True cond=True claim_agree=True upper=2213.86896937  CERT
27238052,0,1 RHO mem=True nz=True ynz=True cond=True claim_agree=True upper=0.932478404579  CERT
27238052,0,1 T   mem=True nz=True ynz=True cond=True claim_agree=True upper=2494.24108219  CERT
98142968,0,1 RHO mem=True nz=True ynz=True cond=True claim_agree=True upper=0.932478404579  CERT
98142968,0,1 T   mem=True nz=True ynz=True cond=True claim_agree=True upper=2078.95807251  CERT
106401775,0,1 RHO mem=True nz=True ynz=True cond=True claim_agree=True upper=0.906839403656  CERT
106401775,0,1 T   mem=True nz=True ynz=True cond=True claim_agree=True upper=2361.76901583  CERT
107683872,0,1 RHO mem=True nz=True ynz=True cond=True claim_agree=True upper=0.907592311862  CERT
107683872,0,1 T   mem=True nz=True ynz=True cond=True claim_agree=True upper=2990.61424000  CERT
116964670,0,1 RHO mem=True nz=True ynz=True cond=True claim_agree=True upper=0.919209278000  CERT
116964670,0,1 T   mem=True nz=True ynz=True cond=True claim_agree=True upper=2850.23617934  CERT
164794048,0,1 RHO mem=True nz=True ynz=True cond=True claim_agree=True upper=0.903878365692  CERT
164794048,0,1 T   mem=True nz=True ynz=True cond=True claim_agree=True upper=2682.68208601  CERT
218643856,0,1 RHO mem=True nz=True ynz=True cond=True claim_agree=True upper=0.908449652702  CERT
218643856,0,1 T   mem=True nz=True ynz=True cond=True claim_agree=True upper=2269.72031092  CERT
297535858,0,1 RHO mem=True nz=True ynz=True cond=True claim_agree=True upper=0.920213185804  CERT
297535858,0,1 T   mem=True nz=True ynz=True cond=True claim_agree=True upper=1890.72409924  CERT
316636246,0,1 RHO mem=True nz=True ynz=True cond=True claim_agree=True upper=0.918556821101  CERT
316636246,0,1 T   mem=True nz=True ynz=True cond=True claim_agree=True upper=2311.59051113  CERT
333455634,0,1 RHO mem=True nz=True ynz=True cond=True claim_agree=True upper=0.895008095550  CERT
333455634,0,1 T   mem=True nz=True ynz=True cond=True claim_agree=True upper=2597.06668813  CERT
339646025,0,1 RHO mem=True nz=True ynz=True cond=True claim_agree=True upper=0.959016894600  CERT
339646025,0,1 T   mem=True nz=True ynz=True cond=True claim_agree=True upper=2821.50534415  CERT
398810815,0,1 RHO mem=True nz=True ynz=True cond=True claim_agree=True upper=0.907592311862  CERT
398810815,0,1 T   mem=True nz=True ynz=True cond=True claim_agree=True upper=2615.66489933  CERT
471204410,0,1 RHO mem=True nz=True ynz=True cond=True claim_agree=True upper=0.918556821101  CERT
471204410,0,1 T   mem=True nz=True ynz=True cond=True claim_agree=True upper=2313.82001998  CERT
478932058,0,1 RHO mem=True nz=True ynz=True cond=True claim_agree=True upper=0.959016894600  CERT
478932058,0,1 T   mem=True nz=True ynz=True cond=True claim_agree=True upper=3020.57138046  CERT
479178437,0,1 RHO mem=True nz=True ynz=True cond=True claim_agree=True upper=0.891794137653  CERT
479178437,0,1 T   mem=True nz=True ynz=True cond=True claim_agree=True upper=2331.30882283  CERT
521843196,0,1 RHO mem=True nz=True ynz=True cond=True claim_agree=True upper=0.920213185804  CERT
521843196,0,1 T   mem=True nz=True ynz=True cond=True claim_agree=True upper=2058.06914723  CERT
522089575,0,1 RHO mem=True nz=True ynz=True cond=True claim_agree=True upper=0.828241952878  CERT
522089575,0,1 T   mem=True nz=True ynz=True cond=True claim_agree=True upper=2475.04901560  CERT
529817223,0,1 RHO mem=True nz=True ynz=True cond=True claim_agree=True upper=0.884917707313  CERT
529817223,0,1 T   mem=True nz=True ynz=True cond=True claim_agree=True upper=2671.19567902  CERT
602210818,0,1 RHO mem=True nz=True ynz=True cond=True claim_agree=True upper=0.937593794318  CERT
602210818,0,1 T   mem=True nz=True ynz=True cond=True claim_agree=True upper=2467.60669536  CERT
661375608,0,1 RHO mem=True nz=True ynz=True cond=True claim_agree=True upper=0.828241952878  CERT
661375608,0,1 T   mem=True nz=True ynz=True cond=True claim_agree=True upper=1472.62438505  CERT
667565999,0,1 RHO mem=True nz=True ynz=True cond=True claim_agree=True upper=0.921746805286  CERT
667565999,0,1 T   mem=True nz=True ynz=True cond=True claim_agree=True upper=2967.53592657  CERT
684385387,0,1 RHO mem=True nz=True ynz=True cond=True claim_agree=True upper=0.884917707313  CERT
684385387,0,1 T   mem=True nz=True ynz=True cond=True claim_agree=True upper=1878.85835151  CERT
703485775,0,1 RHO mem=True nz=True ynz=True cond=True claim_agree=True upper=0.891794137653  CERT
703485775,0,1 T   mem=True nz=True ynz=True cond=True claim_agree=True upper=2926.75856628  CERT
782377777,0,1 RHO mem=True nz=True ynz=True cond=True claim_agree=True upper=0.903878365692  CERT
782377777,0,1 T   mem=True nz=True ynz=True cond=True claim_agree=True upper=2506.72735672  CERT
836227585,0,1 RHO mem=True nz=True ynz=True cond=True claim_agree=True upper=0.908449652702  CERT
836227585,0,1 T   mem=True nz=True ynz=True cond=True claim_agree=True upper=2601.11762306  CERT
884056963,0,1 RHO mem=True nz=True ynz=True cond=True claim_agree=True upper=0.906839403656  CERT
884056963,0,1 T   mem=True nz=True ynz=True cond=True claim_agree=True upper=2864.72706113  CERT
893337761,0,1 RHO mem=True nz=True ynz=True cond=True claim_agree=True upper=0.937593794318  CERT
893337761,0,1 T   mem=True nz=True ynz=True cond=True claim_agree=True upper=2160.68100016  CERT
894619858,0,1 RHO mem=True nz=True ynz=True cond=True claim_agree=True upper=0.919209278000  CERT
894619858,0,1 T   mem=True nz=True ynz=True cond=True claim_agree=True upper=3153.53515907  CERT
902878665,0,1 RHO mem=True nz=True ynz=True cond=True claim_agree=True upper=0.913149049395  CERT
902878665,0,1 T   mem=True nz=True ynz=True cond=True claim_agree=True upper=2556.92776277  CERT
973783581,0,1 RHO mem=True nz=True ynz=True cond=True claim_agree=True upper=0.913149049395  CERT
973783581,0,1 T   mem=True nz=True ynz=True cond=True claim_agree=True upper=2064.73320529  CERT
983393356,0,1 RHO mem=True nz=True ynz=True cond=True claim_agree=True upper=0.921746805286  CERT
983393356,0,1 T   mem=True nz=True ynz=True cond=True claim_agree=True upper=3035.45527581  CERT
FAMILY VERIFY n=7 l=1001021633 : EXCLUDED (components certified 32 / 32 ; lines 64 ; failed lines 0)
FAMILY VERIFY PASS
