FACTORIZATION: 32 irreducible factors of degree 2 over F_1000687937: OK
61933393,0,1 RHO mem=True nz=True ynz=True cond=True claim_agree=True upper=0.857849349053  CERT
61933393,0,1 T   mem=True nz=True ynz=True cond=True claim_agree=True upper=2340.24787088  CERT
82607415,0,1 RHO mem=True nz=True ynz=True cond=True claim_agree=True upper=0.896807426843  CERT
82607415,0,1 T   mem=True nz=True ynz=True cond=True claim_agree=True upper=2350.11486711  CERT
110274875,0,1 RHO mem=True nz=True ynz=True cond=True claim_agree=True upper=0.857849349053  CERT
110274875,0,1 T   mem=True nz=True ynz=True cond=True claim_agree=True upper=1761.54931301  CERT
166784001,0,1 RHO mem=True nz=True ynz=True cond=True claim_agree=True upper=0.877481339720  CERT
166784001,0,1 T   mem=True nz=True ynz=True cond=True claim_agree=True upper=2766.08222222  CERT
337368384,0,1 RHO mem=True nz=True ynz=True cond=True claim_agree=True upper=0.858700528065  CERT
337368384,0,1 T   mem=True nz=True ynz=True cond=True claim_agree=True upper=2318.14314374  CERT
349641440,0,1 RHO mem=True nz=True ynz=True cond=True claim_agree=True upper=0.898513415681  CERT
349641440,0,1 T   mem=True nz=True ynz=True cond=True claim_agree=True upper=1922.08760868  CERT
350271082,0,1 RHO mem=True nz=True ynz=True cond=True claim_agree=True upper=0.858700528065  CERT
350271082,0,1 T   mem=True nz=True ynz=True cond=True claim_agree=True upper=2867.75321514  CERT
384420103,0,1 RHO mem=True nz=True ynz=True cond=True claim_agree=True upper=0.877481339720  CERT
384420103,0,1 T   mem=True nz=True ynz=True cond=True claim_agree=True upper=2766.79533943  CERT
391958998,0,1 RHO mem=True nz=True ynz=True cond=True claim_agree=True upper=0.841595630929  CERT
391958998,0,1 T   mem=True nz=True ynz=True cond=True claim_agree=True upper=2071.64579546  CERT
394610203,0,1 RHO mem=True nz=True ynz=True cond=True claim_agree=True upper=0.841595630929  CERT
394610203,0,1 T   mem=True nz=True ynz=True cond=True claim_agree=True upper=1994.66052608  CERT
431835504,0,1 RHO mem=True nz=True ynz=True cond=True claim_agree=True upper=0.853360841518  CERT
431835504,0,1 T   mem=True nz=True ynz=True cond=True claim_agree=True upper=2206.18899004  CERT
454516820,0,1 RHO mem=True nz=True ynz=True cond=True claim_agree=True upper=0.853360841518  CERT
454516820,0,1 T   mem=True nz=True ynz=True cond=True claim_agree=True upper=2627.51444648  CERT
464602999,0,1 RHO mem=True nz=True ynz=True cond=True claim_agree=True upper=0.891177286665  CERT
464602999,0,1 T   mem=True nz=True ynz=True cond=True claim_agree=True upper=2095.21585431  CERT
467699797,0,1 RHO mem=True nz=True ynz=True cond=True claim_agree=True upper=0.891177286665  CERT
467699797,0,1 T   mem=True nz=True ynz=True cond=True claim_agree=True upper=2751.72991148  CERT
472797775,0,1 RHO mem=True nz=True ynz=True cond=True claim_agree=True upper=0.896807426843  CERT
472797775,0,1 T   mem=True nz=True ynz=True cond=True claim_agree=True upper=1935.96849129  CERT
486013941,0,1 RHO mem=True nz=True ynz=True cond=True claim_agree=True upper=0.840597905917  CERT
486013941,0,1 T   mem=True nz=True ynz=True cond=True claim_agree=True upper=1772.25976882  CERT
514673996,0,1 RHO mem=True nz=True ynz=True cond=True claim_agree=True upper=0.898513415681  CERT
514673996,0,1 T   mem=True nz=True ynz=True cond=True claim_agree=True upper=2109.38883410  CERT
527890162,0,1 RHO mem=True nz=True ynz=True cond=True claim_agree=True upper=0.877246341627  CERT
527890162,0,1 T   mem=True nz=True ynz=True cond=True claim_agree=True upper=1867.05408722  CERT
532988140,0,1 RHO mem=True nz=True ynz=True cond=True claim_agree=True upper=0.843930122179  CERT
532988140,0,1 T   mem=True nz=True ynz=True cond=True claim_agree=True upper=2145.64685070  CERT
536084938,0,1 RHO mem=True nz=True ynz=True cond=True claim_agree=True upper=0.843930122179  CERT
536084938,0,1 T   mem=True nz=True ynz=True cond=True claim_agree=True upper=2117.97635299  CERT
546171117,0,1 RHO mem=True nz=True ynz=True cond=True claim_agree=True upper=0.831160839760  CERT
546171117,0,1 T   mem=True nz=True ynz=True cond=True claim_agree=True upper=1459.56284914  CERT
568852433,0,1 RHO mem=True nz=True ynz=True cond=True claim_agree=True upper=0.831160839760  CERT
568852433,0,1 T   mem=True nz=True ynz=True cond=True claim_agree=True upper=1277.37335627  CERT
606077734,0,1 RHO mem=True nz=True ynz=True cond=True claim_agree=True upper=0.907619722378  CERT
606077734,0,1 T   mem=True nz=True ynz=True cond=True claim_agree=True upper=2030.89219156  CERT
608728939,0,1 RHO mem=True nz=True ynz=True cond=True claim_agree=True upper=0.907619722378  CERT
608728939,0,1 T   mem=True nz=True ynz=True cond=True claim_agree=True upper=2291.19867027  CERT
616267834,0,1 RHO mem=True nz=True ynz=True cond=True claim_agree=True upper=0.880979991037  CERT
616267834,0,1 T   mem=True nz=True ynz=True cond=True claim_agree=True upper=2288.71091574  CERT
650416855,0,1 RHO mem=True nz=True ynz=True cond=True claim_agree=True upper=0.887979273192  CERT
650416855,0,1 T   mem=True nz=True ynz=True cond=True claim_agree=True upper=2084.73893939  CERT
651046497,0,1 RHO mem=True nz=True ynz=True cond=True claim_agree=True upper=0.840597905917  CERT
651046497,0,1 T   mem=True nz=True ynz=True cond=True claim_agree=True upper=2068.89555545  CERT
663319553,0,1 RHO mem=True nz=True ynz=True cond=True claim_agree=True upper=0.887979273192  CERT
663319553,0,1 T   mem=True nz=True ynz=True cond=True claim_agree=True upper=2013.61269487  CERT
833903936,0,1 RHO mem=True nz=True ynz=True cond=True claim_agree=True upper=0.880979991037  CERT
833903936,0,1 T   mem=True nz=True ynz=True cond=True claim_agree=True upper=2368.82242199  CERT
890413062,0,1 RHO mem=True nz=True ynz=True cond=True claim_agree=True upper=0.884366371313  CERT
890413062,0,1 T   mem=True nz=True ynz=True cond=True claim_agree=True upper=2058.60182438  CERT
918080522,0,1 RHO mem=True nz=True ynz=True cond=True claim_agree=True upper=0.877246341627  CERT
918080522,0,1 T   mem=True nz=True ynz=True cond=True claim_agree=True upper=2418.47818183  CERT
938754544,0,1 RHO mem=True nz=True ynz=True cond=True claim_agree=True upper=0.884366371313  CERT
938754544,0,1 T   mem=True nz=True ynz=True cond=True claim_agree=True upper=2552.98905449  CERT
FAMILY VERIFY n=7 l=1000687937 : EXCLUDED (components certified 32 / 32 ; lines 64 ; failed lines 0)
FAMILY VERIFY PASS
