FACTORIZATION: 32 irreducible factors of degree 2 over F_1000869313: OK
9559797,0,1 RHO mem=True nz=True ynz=True cond=True claim_agree=True upper=0.935199767826  CERT
9559797,0,1 T   mem=True nz=True ynz=True cond=True claim_agree=True upper=2704.15919454  CERT
9841879,0,1 RHO mem=True nz=True ynz=True cond=True claim_agree=True upper=0.966532409687  CERT
9841879,0,1 T   mem=True nz=True ynz=True cond=True claim_agree=True upper=2530.10561459  CERT
46764574,0,1 RHO mem=True nz=True ynz=True cond=True claim_agree=True upper=0.947295352065  CERT
46764574,0,1 T   mem=True nz=True ynz=True cond=True claim_agree=True upper=2381.31674393  CERT
90315288,0,1 RHO mem=True nz=True ynz=True cond=True claim_agree=True upper=0.939225951919  CERT
90315288,0,1 T   mem=True nz=True ynz=True cond=True claim_agree=True upper=2398.03610446  CERT
115774467,0,1 RHO mem=True nz=True ynz=True cond=True claim_agree=True upper=0.936320597132  CERT
115774467,0,1 T   mem=True nz=True ynz=True cond=True claim_agree=True upper=2545.24169836  CERT
180422072,0,1 RHO mem=True nz=True ynz=True cond=True claim_agree=True upper=0.941039612984  CERT
180422072,0,1 T   mem=True nz=True ynz=True cond=True claim_agree=True upper=2541.59920418  CERT
194896987,0,1 RHO mem=True nz=True ynz=True cond=True claim_agree=True upper=0.913182448112  CERT
194896987,0,1 T   mem=True nz=True ynz=True cond=True claim_agree=True upper=2498.26836369  CERT
211713782,0,1 RHO mem=True nz=True ynz=True cond=True claim_agree=True upper=0.936320597132  CERT
211713782,0,1 T   mem=True nz=True ynz=True cond=True claim_agree=True upper=2806.41313087  CERT
222602309,0,1 RHO mem=True nz=True ynz=True cond=True claim_agree=True upper=0.935953272940  CERT
222602309,0,1 T   mem=True nz=True ynz=True cond=True claim_agree=True upper=2460.11081880  CERT
251866592,0,1 RHO mem=True nz=True ynz=True cond=True claim_agree=True upper=0.968640688348  CERT
251866592,0,1 T   mem=True nz=True ynz=True cond=True claim_agree=True upper=2689.32711220  CERT
262492288,0,1 RHO mem=True nz=True ynz=True cond=True claim_agree=True upper=0.968640688348  CERT
262492288,0,1 T   mem=True nz=True ynz=True cond=True claim_agree=True upper=2082.22143848  CERT
331746958,0,1 RHO mem=True nz=True ynz=True cond=True claim_agree=True upper=0.971132338056  CERT
331746958,0,1 T   mem=True nz=True ynz=True cond=True claim_agree=True upper=2514.99579531  CERT
340211851,0,1 RHO mem=True nz=True ynz=True cond=True claim_agree=True upper=0.935953272940  CERT
340211851,0,1 T   mem=True nz=True ynz=True cond=True claim_agree=True upper=2548.81395932  CERT
398742918,0,1 RHO mem=True nz=True ynz=True cond=True claim_agree=True upper=0.956395079996  CERT
398742918,0,1 T   mem=True nz=True ynz=True cond=True claim_agree=True upper=2677.02765530  CERT
427716082,0,1 RHO mem=True nz=True ynz=True cond=True claim_agree=True upper=0.969474471608  CERT
427716082,0,1 T   mem=True nz=True ynz=True cond=True claim_agree=True upper=2778.60083058  CERT
440514707,0,1 RHO mem=True nz=True ynz=True cond=True claim_agree=True upper=0.959001470322  CERT
440514707,0,1 T   mem=True nz=True ynz=True cond=True claim_agree=True upper=2652.47589517  CERT
560354606,0,1 RHO mem=True nz=True ynz=True cond=True claim_agree=True upper=0.969474471608  CERT
560354606,0,1 T   mem=True nz=True ynz=True cond=True claim_agree=True upper=2940.75662083  CERT
573153231,0,1 RHO mem=True nz=True ynz=True cond=True claim_agree=True upper=0.959001470322  CERT
573153231,0,1 T   mem=True nz=True ynz=True cond=True claim_agree=True upper=2309.30133798  CERT
602126395,0,1 RHO mem=True nz=True ynz=True cond=True claim_agree=True upper=0.966532409687  CERT
602126395,0,1 T   mem=True nz=True ynz=True cond=True claim_agree=True upper=2751.93964234  CERT
660657462,0,1 RHO mem=True nz=True ynz=True cond=True claim_agree=True upper=0.962596987227  CERT
660657462,0,1 T   mem=True nz=True ynz=True cond=True claim_agree=True upper=2417.67645547  CERT
669122355,0,1 RHO mem=True nz=True ynz=True cond=True claim_agree=True upper=0.935199767826  CERT
669122355,0,1 T   mem=True nz=True ynz=True cond=True claim_agree=True upper=2548.59859947  CERT
738377025,0,1 RHO mem=True nz=True ynz=True cond=True claim_agree=True upper=0.963835917116  CERT
738377025,0,1 T   mem=True nz=True ynz=True cond=True claim_agree=True upper=1780.07367731  CERT
749002721,0,1 RHO mem=True nz=True ynz=True cond=True claim_agree=True upper=0.963835917116  CERT
749002721,0,1 T   mem=True nz=True ynz=True cond=True claim_agree=True upper=2768.22623295  CERT
778267004,0,1 RHO mem=True nz=True ynz=True cond=True claim_agree=True upper=0.968122379216  CERT
778267004,0,1 T   mem=True nz=True ynz=True cond=True claim_agree=True upper=3246.33187256  CERT
789155531,0,1 RHO mem=True nz=True ynz=True cond=True claim_agree=True upper=0.963543866269  CERT
789155531,0,1 T   mem=True nz=True ynz=True cond=True claim_agree=True upper=2327.99087414  CERT
805972326,0,1 RHO mem=True nz=True ynz=True cond=True claim_agree=True upper=0.939225951919  CERT
805972326,0,1 T   mem=True nz=True ynz=True cond=True claim_agree=True upper=3651.63041272  CERT
820447241,0,1 RHO mem=True nz=True ynz=True cond=True claim_agree=True upper=0.947295352065  CERT
820447241,0,1 T   mem=True nz=True ynz=True cond=True claim_agree=True upper=2933.80099738  CERT
885094846,0,1 RHO mem=True nz=True ynz=True cond=True claim_agree=True upper=0.963543866269  CERT
885094846,0,1 T   mem=True nz=True ynz=True cond=True claim_agree=True upper=2887.82489406  CERT
910554025,0,1 RHO mem=True nz=True ynz=True cond=True claim_agree=True upper=0.913182448112  CERT
910554025,0,1 T   mem=True nz=True ynz=True cond=True claim_agree=True upper=2601.16679646  CERT
954104739,0,1 RHO mem=True nz=True ynz=True cond=True claim_agree=True upper=0.941039612984  CERT
954104739,0,1 T   mem=True nz=True ynz=True cond=True claim_agree=True upper=2672.51841635  CERT
991027434,0,1 RHO mem=True nz=True ynz=True cond=True claim_agree=True upper=0.956395079996  CERT
991027434,0,1 T   mem=True nz=True ynz=True cond=True claim_agree=True upper=2502.87640025  CERT
991309516,0,1 RHO mem=True nz=True ynz=True cond=True claim_agree=True upper=0.971132338056  CERT
991309516,0,1 T   mem=True nz=True ynz=True cond=True claim_agree=True upper=2690.00847757  CERT
FAMILY VERIFY n=7 l=1000869313 : EXCLUDED (components certified 32 / 32 ; lines 64 ; failed lines 0)
FAMILY VERIFY PASS
