FACTORIZATION: 32 irreducible factors of degree 2 over F_1001157569: OK
27316630,0,1 RHO mem=True nz=True ynz=True cond=True claim_agree=True upper=0.947854364796  CERT
27316630,0,1 T   mem=True nz=True ynz=True cond=True claim_agree=True upper=1906.99587797  CERT
95820613,0,1 RHO mem=True nz=True ynz=True cond=True claim_agree=True upper=0.944849712711  CERT
95820613,0,1 T   mem=True nz=True ynz=True cond=True claim_agree=True upper=2644.58347715  CERT
98904179,0,1 RHO mem=True nz=True ynz=True cond=True claim_agree=True upper=0.962056569441  CERT
98904179,0,1 T   mem=True nz=True ynz=True cond=True claim_agree=True upper=2625.84726102  CERT
154785597,0,1 RHO mem=True nz=True ynz=True cond=True claim_agree=True upper=0.922789203993  CERT
154785597,0,1 T   mem=True nz=True ynz=True cond=True claim_agree=True upper=2329.66409241  CERT
233375860,0,1 RHO mem=True nz=True ynz=True cond=True claim_agree=True upper=0.947854364796  CERT
233375860,0,1 T   mem=True nz=True ynz=True cond=True claim_agree=True upper=2447.90327607  CERT
263038596,0,1 RHO mem=True nz=True ynz=True cond=True claim_agree=True upper=0.958669496745  CERT
263038596,0,1 T   mem=True nz=True ynz=True cond=True claim_agree=True upper=2630.44721777  CERT
266679735,0,1 RHO mem=True nz=True ynz=True cond=True claim_agree=True upper=0.978674423549  CERT
266679735,0,1 T   mem=True nz=True ynz=True cond=True claim_agree=True upper=1820.90671378  CERT
282876461,0,1 RHO mem=True nz=True ynz=True cond=True claim_agree=True upper=0.958669496745  CERT
282876461,0,1 T   mem=True nz=True ynz=True cond=True claim_agree=True upper=2715.86203275  CERT
296565651,0,1 RHO mem=True nz=True ynz=True cond=True claim_agree=True upper=0.960675620200  CERT
296565651,0,1 T   mem=True nz=True ynz=True cond=True claim_agree=True upper=3016.33839301  CERT
327622574,0,1 RHO mem=True nz=True ynz=True cond=True claim_agree=True upper=0.978674423549  CERT
327622574,0,1 T   mem=True nz=True ynz=True cond=True claim_agree=True upper=2544.74303223  CERT
345470181,0,1 RHO mem=True nz=True ynz=True cond=True claim_agree=True upper=0.926961028341  CERT
345470181,0,1 T   mem=True nz=True ynz=True cond=True claim_agree=True upper=2341.55093878  CERT
362867694,0,1 RHO mem=True nz=True ynz=True cond=True claim_agree=True upper=0.942975620042  CERT
362867694,0,1 T   mem=True nz=True ynz=True cond=True claim_agree=True upper=2981.46943064  CERT
386154493,0,1 RHO mem=True nz=True ynz=True cond=True claim_agree=True upper=0.962056569441  CERT
386154493,0,1 T   mem=True nz=True ynz=True cond=True claim_agree=True upper=2793.98849395  CERT
419799650,0,1 RHO mem=True nz=True ynz=True cond=True claim_agree=True upper=0.971474258639  CERT
419799650,0,1 T   mem=True nz=True ynz=True cond=True claim_agree=True upper=2686.89616336  CERT
431845886,0,1 RHO mem=True nz=True ynz=True cond=True claim_agree=True upper=0.944849712711  CERT
431845886,0,1 T   mem=True nz=True ynz=True cond=True claim_agree=True upper=2491.84740655  CERT
446801568,0,1 RHO mem=True nz=True ynz=True cond=True claim_agree=True upper=0.971474258639  CERT
446801568,0,1 T   mem=True nz=True ynz=True cond=True claim_agree=True upper=2936.87506620  CERT
554356001,0,1 RHO mem=True nz=True ynz=True cond=True claim_agree=True upper=0.949569868409  CERT
554356001,0,1 T   mem=True nz=True ynz=True cond=True claim_agree=True upper=2709.71602328  CERT
569311683,0,1 RHO mem=True nz=True ynz=True cond=True claim_agree=True upper=0.921448807944  CERT
569311683,0,1 T   mem=True nz=True ynz=True cond=True claim_agree=True upper=1680.25009625  CERT
581357919,0,1 RHO mem=True nz=True ynz=True cond=True claim_agree=True upper=0.949569868409  CERT
581357919,0,1 T   mem=True nz=True ynz=True cond=True claim_agree=True upper=2276.22462408  CERT
615003076,0,1 RHO mem=True nz=True ynz=True cond=True claim_agree=True upper=0.942107703409  CERT
615003076,0,1 T   mem=True nz=True ynz=True cond=True claim_agree=True upper=2390.23734095  CERT
638289875,0,1 RHO mem=True nz=True ynz=True cond=True claim_agree=True upper=0.922789203993  CERT
638289875,0,1 T   mem=True nz=True ynz=True cond=True claim_agree=True upper=2069.32191526  CERT
655687388,0,1 RHO mem=True nz=True ynz=True cond=True claim_agree=True upper=0.960675620200  CERT
655687388,0,1 T   mem=True nz=True ynz=True cond=True claim_agree=True upper=2709.17542375  CERT
673534995,0,1 RHO mem=True nz=True ynz=True cond=True claim_agree=True upper=0.948224738101  CERT
673534995,0,1 T   mem=True nz=True ynz=True cond=True claim_agree=True upper=2426.30509245  CERT
704591918,0,1 RHO mem=True nz=True ynz=True cond=True claim_agree=True upper=0.926961028341  CERT
704591918,0,1 T   mem=True nz=True ynz=True cond=True claim_agree=True upper=2033.35337816  CERT
718281108,0,1 RHO mem=True nz=True ynz=True cond=True claim_agree=True upper=0.955271027568  CERT
718281108,0,1 T   mem=True nz=True ynz=True cond=True claim_agree=True upper=2801.38820810  CERT
734477834,0,1 RHO mem=True nz=True ynz=True cond=True claim_agree=True upper=0.948224738101  CERT
734477834,0,1 T   mem=True nz=True ynz=True cond=True claim_agree=True upper=2313.95174693  CERT
738118973,0,1 RHO mem=True nz=True ynz=True cond=True claim_agree=True upper=0.955271027568  CERT
738118973,0,1 T   mem=True nz=True ynz=True cond=True claim_agree=True upper=2330.41268702  CERT
767781709,0,1 RHO mem=True nz=True ynz=True cond=True claim_agree=True upper=0.942862671666  CERT
767781709,0,1 T   mem=True nz=True ynz=True cond=True claim_agree=True upper=3096.57322745  CERT
846371972,0,1 RHO mem=True nz=True ynz=True cond=True claim_agree=True upper=0.942975620042  CERT
846371972,0,1 T   mem=True nz=True ynz=True cond=True claim_agree=True upper=2575.07231558  CERT
902253390,0,1 RHO mem=True nz=True ynz=True cond=True claim_agree=True upper=0.942107703409  CERT
902253390,0,1 T   mem=True nz=True ynz=True cond=True claim_agree=True upper=2082.43479150  CERT
905336956,0,1 RHO mem=True nz=True ynz=True cond=True claim_agree=True upper=0.921448807944  CERT
905336956,0,1 T   mem=True nz=True ynz=True cond=True claim_agree=True upper=2409.97199634  CERT
973840939,0,1 RHO mem=True nz=True ynz=True cond=True claim_agree=True upper=0.942862671666  CERT
973840939,0,1 T   mem=True nz=True ynz=True cond=True claim_agree=True upper=2573.93215765  CERT
FAMILY VERIFY n=7 l=1001157569 : EXCLUDED (components certified 32 / 32 ; lines 64 ; failed lines 0)
FAMILY VERIFY PASS
