FACTORIZATION: 32 irreducible factors of degree 2 over F_1001029313: OK
24434980,0,1 RHO mem=True nz=True ynz=True cond=True claim_agree=True upper=0.824707111480  CERT
24434980,0,1 T   mem=True nz=True ynz=True cond=True claim_agree=True upper=1506.52631247  CERT
57859996,0,1 RHO mem=True nz=True ynz=True cond=True claim_agree=True upper=0.766429208779  CERT
57859996,0,1 T   mem=True nz=True ynz=True cond=True claim_agree=True upper=1331.34877774  CERT
81283478,0,1 RHO mem=True nz=True ynz=True cond=True claim_agree=True upper=0.779713401683  CERT
81283478,0,1 T   mem=True nz=True ynz=True cond=True claim_agree=True upper=1490.22075793  CERT
110633883,0,1 RHO mem=True nz=True ynz=True cond=True claim_agree=True upper=0.834915661223  CERT
110633883,0,1 T   mem=True nz=True ynz=True cond=True claim_agree=True upper=2353.76689245  CERT
140395222,0,1 RHO mem=True nz=True ynz=True cond=True claim_agree=True upper=0.808379213001  CERT
140395222,0,1 T   mem=True nz=True ynz=True cond=True claim_agree=True upper=1648.62766738  CERT
164412204,0,1 RHO mem=True nz=True ynz=True cond=True claim_agree=True upper=0.846964107484  CERT
164412204,0,1 T   mem=True nz=True ynz=True cond=True claim_agree=True upper=1552.35414360  CERT
174020325,0,1 RHO mem=True nz=True ynz=True cond=True claim_agree=True upper=0.793078312509  CERT
174020325,0,1 T   mem=True nz=True ynz=True cond=True claim_agree=True upper=1268.14955895  CERT
238318511,0,1 RHO mem=True nz=True ynz=True cond=True claim_agree=True upper=0.839287703986  CERT
238318511,0,1 T   mem=True nz=True ynz=True cond=True claim_agree=True upper=1734.69694309  CERT
245406710,0,1 RHO mem=True nz=True ynz=True cond=True claim_agree=True upper=0.801841537780  CERT
245406710,0,1 T   mem=True nz=True ynz=True cond=True claim_agree=True upper=1145.26408815  CERT
283632571,0,1 RHO mem=True nz=True ynz=True cond=True claim_agree=True upper=0.799937163434  CERT
283632571,0,1 T   mem=True nz=True ynz=True cond=True claim_agree=True upper=1064.77345953  CERT
290906514,0,1 RHO mem=True nz=True ynz=True cond=True claim_agree=True upper=0.801841537780  CERT
290906514,0,1 T   mem=True nz=True ynz=True cond=True claim_agree=True upper=1151.96095750  CERT
334357880,0,1 RHO mem=True nz=True ynz=True cond=True claim_agree=True upper=0.807490462739  CERT
334357880,0,1 T   mem=True nz=True ynz=True cond=True claim_agree=True upper=1299.45378837  CERT
369836279,0,1 RHO mem=True nz=True ynz=True cond=True claim_agree=True upper=0.857625612537  CERT
369836279,0,1 T   mem=True nz=True ynz=True cond=True claim_agree=True upper=2174.69349505  CERT
373050777,0,1 RHO mem=True nz=True ynz=True cond=True claim_agree=True upper=0.779713401683  CERT
373050777,0,1 T   mem=True nz=True ynz=True cond=True claim_agree=True upper=1091.50652881  CERT
397902830,0,1 RHO mem=True nz=True ynz=True cond=True claim_agree=True upper=0.766429208779  CERT
397902830,0,1 T   mem=True nz=True ynz=True cond=True claim_agree=True upper=1102.44041830  CERT
401732119,0,1 RHO mem=True nz=True ynz=True cond=True claim_agree=True upper=0.850096888957  CERT
401732119,0,1 T   mem=True nz=True ynz=True cond=True claim_agree=True upper=1605.29726520  CERT
599297194,0,1 RHO mem=True nz=True ynz=True cond=True claim_agree=True upper=0.799937163434  CERT
599297194,0,1 T   mem=True nz=True ynz=True cond=True claim_agree=True upper=1434.45065255  CERT
603126483,0,1 RHO mem=True nz=True ynz=True cond=True claim_agree=True upper=0.861077363921  CERT
603126483,0,1 T   mem=True nz=True ynz=True cond=True claim_agree=True upper=1834.18802512  CERT
627978536,0,1 RHO mem=True nz=True ynz=True cond=True claim_agree=True upper=0.871417053153  CERT
627978536,0,1 T   mem=True nz=True ynz=True cond=True claim_agree=True upper=1263.28970265  CERT
631193034,0,1 RHO mem=True nz=True ynz=True cond=True claim_agree=True upper=0.793078312509  CERT
631193034,0,1 T   mem=True nz=True ynz=True cond=True claim_agree=True upper=1229.03674401  CERT
666671433,0,1 RHO mem=True nz=True ynz=True cond=True claim_agree=True upper=0.839287703986  CERT
666671433,0,1 T   mem=True nz=True ynz=True cond=True claim_agree=True upper=1959.71365042  CERT
710122799,0,1 RHO mem=True nz=True ynz=True cond=True claim_agree=True upper=0.847712987641  CERT
710122799,0,1 T   mem=True nz=True ynz=True cond=True claim_agree=True upper=1516.95284665  CERT
717396742,0,1 RHO mem=True nz=True ynz=True cond=True claim_agree=True upper=0.850096888957  CERT
717396742,0,1 T   mem=True nz=True ynz=True cond=True claim_agree=True upper=1679.10216419  CERT
755622603,0,1 RHO mem=True nz=True ynz=True cond=True claim_agree=True upper=0.847712987641  CERT
755622603,0,1 T   mem=True nz=True ynz=True cond=True claim_agree=True upper=1436.71839218  CERT
762710802,0,1 RHO mem=True nz=True ynz=True cond=True claim_agree=True upper=0.807490462739  CERT
762710802,0,1 T   mem=True nz=True ynz=True cond=True claim_agree=True upper=1863.36756752  CERT
827008988,0,1 RHO mem=True nz=True ynz=True cond=True claim_agree=True upper=0.857625612537  CERT
827008988,0,1 T   mem=True nz=True ynz=True cond=True claim_agree=True upper=1670.10548532  CERT
836617109,0,1 RHO mem=True nz=True ynz=True cond=True claim_agree=True upper=0.808379213001  CERT
836617109,0,1 T   mem=True nz=True ynz=True cond=True claim_agree=True upper=1340.62829862  CERT
860634091,0,1 RHO mem=True nz=True ynz=True cond=True claim_agree=True upper=0.846964107484  CERT
860634091,0,1 T   mem=True nz=True ynz=True cond=True claim_agree=True upper=1751.06475305  CERT
890395430,0,1 RHO mem=True nz=True ynz=True cond=True claim_agree=True upper=0.824707111480  CERT
890395430,0,1 T   mem=True nz=True ynz=True cond=True claim_agree=True upper=1632.73648972  CERT
919745835,0,1 RHO mem=True nz=True ynz=True cond=True claim_agree=True upper=0.871417053153  CERT
919745835,0,1 T   mem=True nz=True ynz=True cond=True claim_agree=True upper=1555.58646902  CERT
943169317,0,1 RHO mem=True nz=True ynz=True cond=True claim_agree=True upper=0.861077363921  CERT
943169317,0,1 T   mem=True nz=True ynz=True cond=True claim_agree=True upper=2487.15424413  CERT
976594333,0,1 RHO mem=True nz=True ynz=True cond=True claim_agree=True upper=0.834915661223  CERT
976594333,0,1 T   mem=True nz=True ynz=True cond=True claim_agree=True upper=1325.30805890  CERT
FAMILY VERIFY n=7 l=1001029313 : EXCLUDED (components certified 32 / 32 ; lines 64 ; failed lines 0)
FAMILY VERIFY PASS
