FACTORIZATION: 32 irreducible factors of degree 2 over F_1000100161: OK
66218649,0,1 RHO mem=True nz=True ynz=True cond=True claim_agree=True upper=0.963896088256  CERT
66218649,0,1 T   mem=True nz=True ynz=True cond=True claim_agree=True upper=2362.45282229  CERT
67391348,0,1 RHO mem=True nz=True ynz=True cond=True claim_agree=True upper=0.944960035083  CERT
67391348,0,1 T   mem=True nz=True ynz=True cond=True claim_agree=True upper=2657.48034385  CERT
90165950,0,1 RHO mem=True nz=True ynz=True cond=True claim_agree=True upper=0.953440564270  CERT
90165950,0,1 T   mem=True nz=True ynz=True cond=True claim_agree=True upper=3124.59422669  CERT
152706828,0,1 RHO mem=True nz=True ynz=True cond=True claim_agree=True upper=0.918042539945  CERT
152706828,0,1 T   mem=True nz=True ynz=True cond=True claim_agree=True upper=3531.70753840  CERT
162241291,0,1 RHO mem=True nz=True ynz=True cond=True claim_agree=True upper=0.952927923876  CERT
162241291,0,1 T   mem=True nz=True ynz=True cond=True claim_agree=True upper=2100.04920327  CERT
226971256,0,1 RHO mem=True nz=True ynz=True cond=True claim_agree=True upper=0.944960035083  CERT
226971256,0,1 T   mem=True nz=True ynz=True cond=True claim_agree=True upper=2252.51908427  CERT
261513027,0,1 RHO mem=True nz=True ynz=True cond=True claim_agree=True upper=0.953440564270  CERT
261513027,0,1 T   mem=True nz=True ynz=True cond=True claim_agree=True upper=2433.26492919  CERT
329911678,0,1 RHO mem=True nz=True ynz=True cond=True claim_agree=True upper=0.942215726396  CERT
329911678,0,1 T   mem=True nz=True ynz=True cond=True claim_agree=True upper=2794.77867935  CERT
337145113,0,1 RHO mem=True nz=True ynz=True cond=True claim_agree=True upper=0.913972632555  CERT
337145113,0,1 T   mem=True nz=True ynz=True cond=True claim_agree=True upper=2514.83018438  CERT
375454131,0,1 RHO mem=True nz=True ynz=True cond=True claim_agree=True upper=0.942215726396  CERT
375454131,0,1 T   mem=True nz=True ynz=True cond=True claim_agree=True upper=2242.39227778  CERT
426876011,0,1 RHO mem=True nz=True ynz=True cond=True claim_agree=True upper=0.942113290118  CERT
426876011,0,1 T   mem=True nz=True ynz=True cond=True claim_agree=True upper=2551.23905109  CERT
456189214,0,1 RHO mem=True nz=True ynz=True cond=True claim_agree=True upper=0.918042539945  CERT
456189214,0,1 T   mem=True nz=True ynz=True cond=True claim_agree=True upper=3033.61211956  CERT
468190921,0,1 RHO mem=True nz=True ynz=True cond=True claim_agree=True upper=0.941792709717  CERT
468190921,0,1 T   mem=True nz=True ynz=True cond=True claim_agree=True upper=3414.39795908  CERT
493964903,0,1 RHO mem=True nz=True ynz=True cond=True claim_agree=True upper=0.943583120335  CERT
493964903,0,1 T   mem=True nz=True ynz=True cond=True claim_agree=True upper=2449.12785123  CERT
494346215,0,1 RHO mem=True nz=True ynz=True cond=True claim_agree=True upper=0.932638681217  CERT
494346215,0,1 T   mem=True nz=True ynz=True cond=True claim_agree=True upper=2911.66514210  CERT
494671679,0,1 RHO mem=True nz=True ynz=True cond=True claim_agree=True upper=0.943583120335  CERT
494671679,0,1 T   mem=True nz=True ynz=True cond=True claim_agree=True upper=2544.65850824  CERT
505428482,0,1 RHO mem=True nz=True ynz=True cond=True claim_agree=True upper=0.955781144793  CERT
505428482,0,1 T   mem=True nz=True ynz=True cond=True claim_agree=True upper=3509.91122838  CERT
505753946,0,1 RHO mem=True nz=True ynz=True cond=True claim_agree=True upper=0.942113290118  CERT
505753946,0,1 T   mem=True nz=True ynz=True cond=True claim_agree=True upper=2905.55368635  CERT
506135258,0,1 RHO mem=True nz=True ynz=True cond=True claim_agree=True upper=0.955781144793  CERT
506135258,0,1 T   mem=True nz=True ynz=True cond=True claim_agree=True upper=2657.73354009  CERT
531909240,0,1 RHO mem=True nz=True ynz=True cond=True claim_agree=True upper=0.952927923876  CERT
531909240,0,1 T   mem=True nz=True ynz=True cond=True claim_agree=True upper=3083.89957779  CERT
543910947,0,1 RHO mem=True nz=True ynz=True cond=True claim_agree=True upper=0.961217676655  CERT
543910947,0,1 T   mem=True nz=True ynz=True cond=True claim_agree=True upper=2538.52522754  CERT
573224150,0,1 RHO mem=True nz=True ynz=True cond=True claim_agree=True upper=0.932638681217  CERT
573224150,0,1 T   mem=True nz=True ynz=True cond=True claim_agree=True upper=2990.28711220  CERT
624646030,0,1 RHO mem=True nz=True ynz=True cond=True claim_agree=True upper=0.948727158127  CERT
624646030,0,1 T   mem=True nz=True ynz=True cond=True claim_agree=True upper=2116.11013288  CERT
662955048,0,1 RHO mem=True nz=True ynz=True cond=True claim_agree=True upper=0.963896088256  CERT
662955048,0,1 T   mem=True nz=True ynz=True cond=True claim_agree=True upper=2723.84016140  CERT
670188483,0,1 RHO mem=True nz=True ynz=True cond=True claim_agree=True upper=0.948727158127  CERT
670188483,0,1 T   mem=True nz=True ynz=True cond=True claim_agree=True upper=2852.57189480  CERT
738587134,0,1 RHO mem=True nz=True ynz=True cond=True claim_agree=True upper=0.951463841178  CERT
738587134,0,1 T   mem=True nz=True ynz=True cond=True claim_agree=True upper=2615.55552292  CERT
773128905,0,1 RHO mem=True nz=True ynz=True cond=True claim_agree=True upper=0.932721331360  CERT
773128905,0,1 T   mem=True nz=True ynz=True cond=True claim_agree=True upper=2500.55135039  CERT
837858870,0,1 RHO mem=True nz=True ynz=True cond=True claim_agree=True upper=0.941792709717  CERT
837858870,0,1 T   mem=True nz=True ynz=True cond=True claim_agree=True upper=2740.64119733  CERT
847393333,0,1 RHO mem=True nz=True ynz=True cond=True claim_agree=True upper=0.961217676655  CERT
847393333,0,1 T   mem=True nz=True ynz=True cond=True claim_agree=True upper=2685.30187184  CERT
909934211,0,1 RHO mem=True nz=True ynz=True cond=True claim_agree=True upper=0.951463841178  CERT
909934211,0,1 T   mem=True nz=True ynz=True cond=True claim_agree=True upper=2589.30123974  CERT
932708813,0,1 RHO mem=True nz=True ynz=True cond=True claim_agree=True upper=0.932721331360  CERT
932708813,0,1 T   mem=True nz=True ynz=True cond=True claim_agree=True upper=2323.08992361  CERT
933881512,0,1 RHO mem=True nz=True ynz=True cond=True claim_agree=True upper=0.913972632555  CERT
933881512,0,1 T   mem=True nz=True ynz=True cond=True claim_agree=True upper=3066.98724849  CERT
FAMILY VERIFY n=7 l=1000100161 : EXCLUDED (components certified 32 / 32 ; lines 64 ; failed lines 0)
FAMILY VERIFY PASS
