FACTORIZATION: 32 irreducible factors of degree 2 over F_1000793153: OK
100787149,0,1 RHO mem=True nz=True ynz=True cond=True claim_agree=True upper=0.943189435043  CERT
100787149,0,1 T   mem=True nz=True ynz=True cond=True claim_agree=True upper=2228.45397168  CERT
126438656,0,1 RHO mem=True nz=True ynz=True cond=True claim_agree=True upper=0.935983515594  CERT
126438656,0,1 T   mem=True nz=True ynz=True cond=True claim_agree=True upper=2741.41746144  CERT
194436770,0,1 RHO mem=True nz=True ynz=True cond=True claim_agree=True upper=0.950794796208  CERT
194436770,0,1 T   mem=True nz=True ynz=True cond=True claim_agree=True upper=2694.83378316  CERT
199504087,0,1 RHO mem=True nz=True ynz=True cond=True claim_agree=True upper=0.960519804923  CERT
199504087,0,1 T   mem=True nz=True ynz=True cond=True claim_agree=True upper=2281.75261484  CERT
305409036,0,1 RHO mem=True nz=True ynz=True cond=True claim_agree=True upper=0.946389621862  CERT
305409036,0,1 T   mem=True nz=True ynz=True cond=True claim_agree=True upper=2126.99222341  CERT
305962059,0,1 RHO mem=True nz=True ynz=True cond=True claim_agree=True upper=0.899294787835  CERT
305962059,0,1 T   mem=True nz=True ynz=True cond=True claim_agree=True upper=1885.59835813  CERT
318045708,0,1 RHO mem=True nz=True ynz=True cond=True claim_agree=True upper=0.936924794343  CERT
318045708,0,1 T   mem=True nz=True ynz=True cond=True claim_agree=True upper=2113.81703772  CERT
332016349,0,1 RHO mem=True nz=True ynz=True cond=True claim_agree=True upper=0.935983515594  CERT
332016349,0,1 T   mem=True nz=True ynz=True cond=True claim_agree=True upper=2942.73334436  CERT
363600997,0,1 RHO mem=True nz=True ynz=True cond=True claim_agree=True upper=0.981814347439  CERT
363600997,0,1 T   mem=True nz=True ynz=True cond=True claim_agree=True upper=3166.69702382  CERT
373096154,0,1 RHO mem=True nz=True ynz=True cond=True claim_agree=True upper=0.946389621862  CERT
373096154,0,1 T   mem=True nz=True ynz=True cond=True claim_agree=True upper=2915.37356976  CERT
436003917,0,1 RHO mem=True nz=True ynz=True cond=True claim_agree=True upper=0.960519804923  CERT
436003917,0,1 T   mem=True nz=True ynz=True cond=True claim_agree=True upper=2523.66911279  CERT
437006615,0,1 RHO mem=True nz=True ynz=True cond=True claim_agree=True upper=0.960385469544  CERT
437006615,0,1 T   mem=True nz=True ynz=True cond=True claim_agree=True upper=2280.14519427  CERT
440235541,0,1 RHO mem=True nz=True ynz=True cond=True claim_agree=True upper=0.936924794343  CERT
440235541,0,1 T   mem=True nz=True ynz=True cond=True claim_agree=True upper=2548.22820463  CERT
442346919,0,1 RHO mem=True nz=True ynz=True cond=True claim_agree=True upper=0.960385469544  CERT
442346919,0,1 T   mem=True nz=True ynz=True cond=True claim_agree=True upper=2600.75844697  CERT
480616016,0,1 RHO mem=True nz=True ynz=True cond=True claim_agree=True upper=0.981814347439  CERT
480616016,0,1 T   mem=True nz=True ynz=True cond=True claim_agree=True upper=2758.15810792  CERT
496108768,0,1 RHO mem=True nz=True ynz=True cond=True claim_agree=True upper=0.957857454011  CERT
496108768,0,1 T   mem=True nz=True ynz=True cond=True claim_agree=True upper=2125.28206455  CERT
504684385,0,1 RHO mem=True nz=True ynz=True cond=True claim_agree=True upper=0.943189435043  CERT
504684385,0,1 T   mem=True nz=True ynz=True cond=True claim_agree=True upper=2343.93004218  CERT
520177137,0,1 RHO mem=True nz=True ynz=True cond=True claim_agree=True upper=0.956281794898  CERT
520177137,0,1 T   mem=True nz=True ynz=True cond=True claim_agree=True upper=2330.05885132  CERT
558446234,0,1 RHO mem=True nz=True ynz=True cond=True claim_agree=True upper=0.930698105211  CERT
558446234,0,1 T   mem=True nz=True ynz=True cond=True claim_agree=True upper=2238.98963070  CERT
560557612,0,1 RHO mem=True nz=True ynz=True cond=True claim_agree=True upper=0.965257212696  CERT
560557612,0,1 T   mem=True nz=True ynz=True cond=True claim_agree=True upper=3067.08965664  CERT
563786538,0,1 RHO mem=True nz=True ynz=True cond=True claim_agree=True upper=0.930698105211  CERT
563786538,0,1 T   mem=True nz=True ynz=True cond=True claim_agree=True upper=2502.94735925  CERT
564789236,0,1 RHO mem=True nz=True ynz=True cond=True claim_agree=True upper=0.966302425224  CERT
564789236,0,1 T   mem=True nz=True ynz=True cond=True claim_agree=True upper=2888.69930115  CERT
627696999,0,1 RHO mem=True nz=True ynz=True cond=True claim_agree=True upper=0.932083337269  CERT
627696999,0,1 T   mem=True nz=True ynz=True cond=True claim_agree=True upper=1867.09888453  CERT
637192156,0,1 RHO mem=True nz=True ynz=True cond=True claim_agree=True upper=0.956281794898  CERT
637192156,0,1 T   mem=True nz=True ynz=True cond=True claim_agree=True upper=2717.49664346  CERT
668776804,0,1 RHO mem=True nz=True ynz=True cond=True claim_agree=True upper=0.926976975648  CERT
668776804,0,1 T   mem=True nz=True ynz=True cond=True claim_agree=True upper=2072.91625027  CERT
682747445,0,1 RHO mem=True nz=True ynz=True cond=True claim_agree=True upper=0.965257212696  CERT
682747445,0,1 T   mem=True nz=True ynz=True cond=True claim_agree=True upper=2683.26510034  CERT
694831094,0,1 RHO mem=True nz=True ynz=True cond=True claim_agree=True upper=0.950794796208  CERT
694831094,0,1 T   mem=True nz=True ynz=True cond=True claim_agree=True upper=2675.50224005  CERT
695384117,0,1 RHO mem=True nz=True ynz=True cond=True claim_agree=True upper=0.932083337269  CERT
695384117,0,1 T   mem=True nz=True ynz=True cond=True claim_agree=True upper=1870.59524026  CERT
801289066,0,1 RHO mem=True nz=True ynz=True cond=True claim_agree=True upper=0.966302425224  CERT
801289066,0,1 T   mem=True nz=True ynz=True cond=True claim_agree=True upper=2496.58176018  CERT
806356383,0,1 RHO mem=True nz=True ynz=True cond=True claim_agree=True upper=0.899294787835  CERT
806356383,0,1 T   mem=True nz=True ynz=True cond=True claim_agree=True upper=2852.18451671  CERT
874354497,0,1 RHO mem=True nz=True ynz=True cond=True claim_agree=True upper=0.926976975648  CERT
874354497,0,1 T   mem=True nz=True ynz=True cond=True claim_agree=True upper=2485.69858152  CERT
900006004,0,1 RHO mem=True nz=True ynz=True cond=True claim_agree=True upper=0.957857454011  CERT
900006004,0,1 T   mem=True nz=True ynz=True cond=True claim_agree=True upper=2582.67296199  CERT
FAMILY VERIFY n=7 l=1000793153 : EXCLUDED (components certified 32 / 32 ; lines 64 ; failed lines 0)
FAMILY VERIFY PASS
