FACTORIZATION: 32 irreducible factors of degree 2 over F_1000135489: OK
23896541,0,1 RHO mem=True nz=True ynz=True cond=True claim_agree=True upper=0.940315752175  CERT
23896541,0,1 T   mem=True nz=True ynz=True cond=True claim_agree=True upper=2197.26205977  CERT
61949225,0,1 RHO mem=True nz=True ynz=True cond=True claim_agree=True upper=0.940499559066  CERT
61949225,0,1 T   mem=True nz=True ynz=True cond=True claim_agree=True upper=2438.02622501  CERT
131216698,0,1 RHO mem=True nz=True ynz=True cond=True claim_agree=True upper=0.851442152472  CERT
131216698,0,1 T   mem=True nz=True ynz=True cond=True claim_agree=True upper=2075.23762957  CERT
162573254,0,1 RHO mem=True nz=True ynz=True cond=True claim_agree=True upper=0.903279212678  CERT
162573254,0,1 T   mem=True nz=True ynz=True cond=True claim_agree=True upper=2038.25450333  CERT
164140934,0,1 RHO mem=True nz=True ynz=True cond=True claim_agree=True upper=0.903219630510  CERT
164140934,0,1 T   mem=True nz=True ynz=True cond=True claim_agree=True upper=2035.61033861  CERT
196712886,0,1 RHO mem=True nz=True ynz=True cond=True claim_agree=True upper=0.912138997827  CERT
196712886,0,1 T   mem=True nz=True ynz=True cond=True claim_agree=True upper=2886.36226539  CERT
245167154,0,1 RHO mem=True nz=True ynz=True cond=True claim_agree=True upper=0.927543667381  CERT
245167154,0,1 T   mem=True nz=True ynz=True cond=True claim_agree=True upper=2035.75400948  CERT
256996206,0,1 RHO mem=True nz=True ynz=True cond=True claim_agree=True upper=0.883906969257  CERT
256996206,0,1 T   mem=True nz=True ynz=True cond=True claim_agree=True upper=2156.33106193  CERT
269465004,0,1 RHO mem=True nz=True ynz=True cond=True claim_agree=True upper=0.912228312074  CERT
269465004,0,1 T   mem=True nz=True ynz=True cond=True claim_agree=True upper=2492.09541574  CERT
363197186,0,1 RHO mem=True nz=True ynz=True cond=True claim_agree=True upper=0.909704125729  CERT
363197186,0,1 T   mem=True nz=True ynz=True cond=True claim_agree=True upper=2129.26685461  CERT
390304273,0,1 RHO mem=True nz=True ynz=True cond=True claim_agree=True upper=0.903219630510  CERT
390304273,0,1 T   mem=True nz=True ynz=True cond=True claim_agree=True upper=1877.53248900  CERT
401778719,0,1 RHO mem=True nz=True ynz=True cond=True claim_agree=True upper=0.903279212678  CERT
401778719,0,1 T   mem=True nz=True ynz=True cond=True claim_agree=True upper=2372.46793258  CERT
423397330,0,1 RHO mem=True nz=True ynz=True cond=True claim_agree=True upper=0.940315752175  CERT
423397330,0,1 T   mem=True nz=True ynz=True cond=True claim_agree=True upper=2506.65413508  CERT
430869033,0,1 RHO mem=True nz=True ynz=True cond=True claim_agree=True upper=0.979536297932  CERT
430869033,0,1 T   mem=True nz=True ynz=True cond=True claim_agree=True upper=2135.02917361  CERT
477202548,0,1 RHO mem=True nz=True ynz=True cond=True claim_agree=True upper=0.909704125729  CERT
477202548,0,1 T   mem=True nz=True ynz=True cond=True claim_agree=True upper=2318.80062824  CERT
495313803,0,1 RHO mem=True nz=True ynz=True cond=True claim_agree=True upper=0.851442152472  CERT
495313803,0,1 T   mem=True nz=True ynz=True cond=True claim_agree=True upper=3034.37675445  CERT
504821686,0,1 RHO mem=True nz=True ynz=True cond=True claim_agree=True upper=0.945345799166  CERT
504821686,0,1 T   mem=True nz=True ynz=True cond=True claim_agree=True upper=2637.24804546  CERT
522932941,0,1 RHO mem=True nz=True ynz=True cond=True claim_agree=True upper=0.926720283676  CERT
522932941,0,1 T   mem=True nz=True ynz=True cond=True claim_agree=True upper=2428.99082681  CERT
569266456,0,1 RHO mem=True nz=True ynz=True cond=True claim_agree=True upper=0.912228312074  CERT
569266456,0,1 T   mem=True nz=True ynz=True cond=True claim_agree=True upper=2312.57387489  CERT
576738159,0,1 RHO mem=True nz=True ynz=True cond=True claim_agree=True upper=0.888207691875  CERT
576738159,0,1 T   mem=True nz=True ynz=True cond=True claim_agree=True upper=2701.85463912  CERT
598356770,0,1 RHO mem=True nz=True ynz=True cond=True claim_agree=True upper=0.927271503924  CERT
598356770,0,1 T   mem=True nz=True ynz=True cond=True claim_agree=True upper=2477.42200462  CERT
609831216,0,1 RHO mem=True nz=True ynz=True cond=True claim_agree=True upper=0.911396151874  CERT
609831216,0,1 T   mem=True nz=True ynz=True cond=True claim_agree=True upper=2627.46741933  CERT
636938303,0,1 RHO mem=True nz=True ynz=True cond=True claim_agree=True upper=0.926720283676  CERT
636938303,0,1 T   mem=True nz=True ynz=True cond=True claim_agree=True upper=2410.89904423  CERT
730670485,0,1 RHO mem=True nz=True ynz=True cond=True claim_agree=True upper=0.917493207484  CERT
730670485,0,1 T   mem=True nz=True ynz=True cond=True claim_agree=True upper=2613.45534339  CERT
743139283,0,1 RHO mem=True nz=True ynz=True cond=True claim_agree=True upper=0.940499559066  CERT
743139283,0,1 T   mem=True nz=True ynz=True cond=True claim_agree=True upper=2132.92610738  CERT
754968335,0,1 RHO mem=True nz=True ynz=True cond=True claim_agree=True upper=0.912138997827  CERT
754968335,0,1 T   mem=True nz=True ynz=True cond=True claim_agree=True upper=2784.93488481  CERT
803422603,0,1 RHO mem=True nz=True ynz=True cond=True claim_agree=True upper=0.927543667381  CERT
803422603,0,1 T   mem=True nz=True ynz=True cond=True claim_agree=True upper=2076.95516850  CERT
835994555,0,1 RHO mem=True nz=True ynz=True cond=True claim_agree=True upper=0.911396151874  CERT
835994555,0,1 T   mem=True nz=True ynz=True cond=True claim_agree=True upper=2004.79037503  CERT
837562235,0,1 RHO mem=True nz=True ynz=True cond=True claim_agree=True upper=0.927271503924  CERT
837562235,0,1 T   mem=True nz=True ynz=True cond=True claim_agree=True upper=2244.89770779  CERT
868918791,0,1 RHO mem=True nz=True ynz=True cond=True claim_agree=True upper=0.945345799166  CERT
868918791,0,1 T   mem=True nz=True ynz=True cond=True claim_agree=True upper=1950.59815084  CERT
938186264,0,1 RHO mem=True nz=True ynz=True cond=True claim_agree=True upper=0.883906969257  CERT
938186264,0,1 T   mem=True nz=True ynz=True cond=True claim_agree=True upper=2391.67857472  CERT
976238948,0,1 RHO mem=True nz=True ynz=True cond=True claim_agree=True upper=0.888207691875  CERT
976238948,0,1 T   mem=True nz=True ynz=True cond=True claim_agree=True upper=2160.03435210  CERT
FAMILY VERIFY n=7 l=1000135489 : EXCLUDED (components certified 32 / 32 ; lines 64 ; failed lines 0)
FAMILY VERIFY PASS
