FACTORIZATION: 32 irreducible factors of degree 2 over F_1000860353: OK
7010271,0,1 RHO mem=True nz=True ynz=True cond=True claim_agree=True upper=0.936971339452  CERT
7010271,0,1 T   mem=True nz=True ynz=True cond=True claim_agree=True upper=1878.14580292  CERT
9341837,0,1 RHO mem=True nz=True ynz=True cond=True claim_agree=True upper=0.959256558042  CERT
9341837,0,1 T   mem=True nz=True ynz=True cond=True claim_agree=True upper=2122.42420687  CERT
81412759,0,1 RHO mem=True nz=True ynz=True cond=True claim_agree=True upper=0.915850867532  CERT
81412759,0,1 T   mem=True nz=True ynz=True cond=True claim_agree=True upper=2204.25662926  CERT
117452613,0,1 RHO mem=True nz=True ynz=True cond=True claim_agree=True upper=0.959895584591  CERT
117452613,0,1 T   mem=True nz=True ynz=True cond=True claim_agree=True upper=2404.18843815  CERT
119456703,0,1 RHO mem=True nz=True ynz=True cond=True claim_agree=True upper=0.936971339452  CERT
119456703,0,1 T   mem=True nz=True ynz=True cond=True claim_agree=True upper=1709.82682462  CERT
159499647,0,1 RHO mem=True nz=True ynz=True cond=True claim_agree=True upper=0.944433918953  CERT
159499647,0,1 T   mem=True nz=True ynz=True cond=True claim_agree=True upper=2424.64540647  CERT
165557360,0,1 RHO mem=True nz=True ynz=True cond=True claim_agree=True upper=0.947700585133  CERT
165557360,0,1 T   mem=True nz=True ynz=True cond=True claim_agree=True upper=1768.48890414  CERT
187343437,0,1 RHO mem=True nz=True ynz=True cond=True claim_agree=True upper=0.947700585133  CERT
187343437,0,1 T   mem=True nz=True ynz=True cond=True claim_agree=True upper=2584.63810130  CERT
209685868,0,1 RHO mem=True nz=True ynz=True cond=True claim_agree=True upper=0.946477508785  CERT
209685868,0,1 T   mem=True nz=True ynz=True cond=True claim_agree=True upper=2726.40326942  CERT
213609468,0,1 RHO mem=True nz=True ynz=True cond=True claim_agree=True upper=0.915850867532  CERT
213609468,0,1 T   mem=True nz=True ynz=True cond=True claim_agree=True upper=2493.57589898  CERT
331276546,0,1 RHO mem=True nz=True ynz=True cond=True claim_agree=True upper=0.959895584591  CERT
331276546,0,1 T   mem=True nz=True ynz=True cond=True claim_agree=True upper=2371.83984173  CERT
334720669,0,1 RHO mem=True nz=True ynz=True cond=True claim_agree=True upper=0.916964792437  CERT
334720669,0,1 T   mem=True nz=True ynz=True cond=True claim_agree=True upper=2824.20887285  CERT
347242659,0,1 RHO mem=True nz=True ynz=True cond=True claim_agree=True upper=0.959706192977  CERT
347242659,0,1 T   mem=True nz=True ynz=True cond=True claim_agree=True upper=2245.99871236  CERT
359471695,0,1 RHO mem=True nz=True ynz=True cond=True claim_agree=True upper=0.941881069896  CERT
359471695,0,1 T   mem=True nz=True ynz=True cond=True claim_agree=True upper=2092.56429541  CERT
360357443,0,1 RHO mem=True nz=True ynz=True cond=True claim_agree=True upper=0.959706192977  CERT
360357443,0,1 T   mem=True nz=True ynz=True cond=True claim_agree=True upper=3041.41152657  CERT
420142540,0,1 RHO mem=True nz=True ynz=True cond=True claim_agree=True upper=0.946477508785  CERT
420142540,0,1 T   mem=True nz=True ynz=True cond=True claim_agree=True upper=2566.91757146  CERT
580717813,0,1 RHO mem=True nz=True ynz=True cond=True claim_agree=True upper=0.903368294789  CERT
580717813,0,1 T   mem=True nz=True ynz=True cond=True claim_agree=True upper=2655.34291432  CERT
640502910,0,1 RHO mem=True nz=True ynz=True cond=True claim_agree=True upper=0.925204305434  CERT
640502910,0,1 T   mem=True nz=True ynz=True cond=True claim_agree=True upper=1674.76143350  CERT
641388658,0,1 RHO mem=True nz=True ynz=True cond=True claim_agree=True upper=0.944433918953  CERT
641388658,0,1 T   mem=True nz=True ynz=True cond=True claim_agree=True upper=2311.66122467  CERT
653617694,0,1 RHO mem=True nz=True ynz=True cond=True claim_agree=True upper=0.925204305434  CERT
653617694,0,1 T   mem=True nz=True ynz=True cond=True claim_agree=True upper=2334.07732767  CERT
666139684,0,1 RHO mem=True nz=True ynz=True cond=True claim_agree=True upper=0.959256558042  CERT
666139684,0,1 T   mem=True nz=True ynz=True cond=True claim_agree=True upper=2452.19465846  CERT
669583807,0,1 RHO mem=True nz=True ynz=True cond=True claim_agree=True upper=0.895927253920  CERT
669583807,0,1 T   mem=True nz=True ynz=True cond=True claim_agree=True upper=1422.56256556  CERT
787250885,0,1 RHO mem=True nz=True ynz=True cond=True claim_agree=True upper=0.938159404220  CERT
787250885,0,1 T   mem=True nz=True ynz=True cond=True claim_agree=True upper=1993.59727877  CERT
791174485,0,1 RHO mem=True nz=True ynz=True cond=True claim_agree=True upper=0.903368294789  CERT
791174485,0,1 T   mem=True nz=True ynz=True cond=True claim_agree=True upper=1628.81337301  CERT
813516916,0,1 RHO mem=True nz=True ynz=True cond=True claim_agree=True upper=0.922382829781  CERT
813516916,0,1 T   mem=True nz=True ynz=True cond=True claim_agree=True upper=3083.70680190  CERT
835302993,0,1 RHO mem=True nz=True ynz=True cond=True claim_agree=True upper=0.922382829781  CERT
835302993,0,1 T   mem=True nz=True ynz=True cond=True claim_agree=True upper=2004.11788448  CERT
841360706,0,1 RHO mem=True nz=True ynz=True cond=True claim_agree=True upper=0.941881069896  CERT
841360706,0,1 T   mem=True nz=True ynz=True cond=True claim_agree=True upper=2503.54001167  CERT
881403650,0,1 RHO mem=True nz=True ynz=True cond=True claim_agree=True upper=0.931782213474  CERT
881403650,0,1 T   mem=True nz=True ynz=True cond=True claim_agree=True upper=2936.50545750  CERT
883407740,0,1 RHO mem=True nz=True ynz=True cond=True claim_agree=True upper=0.895927253920  CERT
883407740,0,1 T   mem=True nz=True ynz=True cond=True claim_agree=True upper=2621.77959335  CERT
919447594,0,1 RHO mem=True nz=True ynz=True cond=True claim_agree=True upper=0.938159404220  CERT
919447594,0,1 T   mem=True nz=True ynz=True cond=True claim_agree=True upper=2229.24200808  CERT
991518516,0,1 RHO mem=True nz=True ynz=True cond=True claim_agree=True upper=0.916964792437  CERT
991518516,0,1 T   mem=True nz=True ynz=True cond=True claim_agree=True upper=1591.73391368  CERT
993850082,0,1 RHO mem=True nz=True ynz=True cond=True claim_agree=True upper=0.931782213474  CERT
993850082,0,1 T   mem=True nz=True ynz=True cond=True claim_agree=True upper=2742.30822427  CERT
FAMILY VERIFY n=7 l=1000860353 : EXCLUDED (components certified 32 / 32 ; lines 64 ; failed lines 0)
FAMILY VERIFY PASS
