FACTORIZATION: 32 irreducible factors of degree 2 over F_1001215937: OK
22184126,0,1 RHO mem=True nz=True ynz=True cond=True claim_agree=True upper=0.965454956885  CERT
22184126,0,1 T   mem=True nz=True ynz=True cond=True claim_agree=True upper=2125.18130524  CERT
79415277,0,1 RHO mem=True nz=True ynz=True cond=True claim_agree=True upper=0.951376468247  CERT
79415277,0,1 T   mem=True nz=True ynz=True cond=True claim_agree=True upper=1946.09899223  CERT
96287546,0,1 RHO mem=True nz=True ynz=True cond=True claim_agree=True upper=0.940945567467  CERT
96287546,0,1 T   mem=True nz=True ynz=True cond=True claim_agree=True upper=2099.00787326  CERT
107965816,0,1 RHO mem=True nz=True ynz=True cond=True claim_agree=True upper=0.918517328035  CERT
107965816,0,1 T   mem=True nz=True ynz=True cond=True claim_agree=True upper=1733.81858791  CERT
110502379,0,1 RHO mem=True nz=True ynz=True cond=True claim_agree=True upper=0.942428934733  CERT
110502379,0,1 T   mem=True nz=True ynz=True cond=True claim_agree=True upper=2703.63406501  CERT
267403934,0,1 RHO mem=True nz=True ynz=True cond=True claim_agree=True upper=0.970686578053  CERT
267403934,0,1 T   mem=True nz=True ynz=True cond=True claim_agree=True upper=2449.68411841  CERT
290606867,0,1 RHO mem=True nz=True ynz=True cond=True claim_agree=True upper=0.920716948156  CERT
290606867,0,1 T   mem=True nz=True ynz=True cond=True claim_agree=True upper=1681.96751774  CERT
291212629,0,1 RHO mem=True nz=True ynz=True cond=True claim_agree=True upper=0.876502779950  CERT
291212629,0,1 T   mem=True nz=True ynz=True cond=True claim_agree=True upper=1325.81371164  CERT
323894528,0,1 RHO mem=True nz=True ynz=True cond=True claim_agree=True upper=0.978311273365  CERT
323894528,0,1 T   mem=True nz=True ynz=True cond=True claim_agree=True upper=3012.63553239  CERT
350622726,0,1 RHO mem=True nz=True ynz=True cond=True claim_agree=True upper=0.918517328035  CERT
350622726,0,1 T   mem=True nz=True ynz=True cond=True claim_agree=True upper=2307.68196885  CERT
363508083,0,1 RHO mem=True nz=True ynz=True cond=True claim_agree=True upper=0.945325946018  CERT
363508083,0,1 T   mem=True nz=True ynz=True cond=True claim_agree=True upper=2575.70689323  CERT
404668226,0,1 RHO mem=True nz=True ynz=True cond=True claim_agree=True upper=0.970686578053  CERT
404668226,0,1 T   mem=True nz=True ynz=True cond=True claim_agree=True upper=3295.44352265  CERT
429790579,0,1 RHO mem=True nz=True ynz=True cond=True claim_agree=True upper=0.951376468247  CERT
429790579,0,1 T   mem=True nz=True ynz=True cond=True claim_agree=True upper=2604.06301363  CERT
437838713,0,1 RHO mem=True nz=True ynz=True cond=True claim_agree=True upper=0.920716948156  CERT
437838713,0,1 T   mem=True nz=True ynz=True cond=True claim_agree=True upper=2184.85021236  CERT
449198977,0,1 RHO mem=True nz=True ynz=True cond=True claim_agree=True upper=0.947245172073  CERT
449198977,0,1 T   mem=True nz=True ynz=True cond=True claim_agree=True upper=2842.53459747  CERT
474871034,0,1 RHO mem=True nz=True ynz=True cond=True claim_agree=True upper=0.901326480653  CERT
474871034,0,1 T   mem=True nz=True ynz=True cond=True claim_agree=True upper=2599.02126956  CERT
526344903,0,1 RHO mem=True nz=True ynz=True cond=True claim_agree=True upper=0.965454956885  CERT
526344903,0,1 T   mem=True nz=True ynz=True cond=True claim_agree=True upper=2060.66865225  CERT
552016960,0,1 RHO mem=True nz=True ynz=True cond=True claim_agree=True upper=0.940945567467  CERT
552016960,0,1 T   mem=True nz=True ynz=True cond=True claim_agree=True upper=2640.52918057  CERT
563377224,0,1 RHO mem=True nz=True ynz=True cond=True claim_agree=True upper=0.956010458329  CERT
563377224,0,1 T   mem=True nz=True ynz=True cond=True claim_agree=True upper=2638.50434650  CERT
571425358,0,1 RHO mem=True nz=True ynz=True cond=True claim_agree=True upper=0.949837817067  CERT
571425358,0,1 T   mem=True nz=True ynz=True cond=True claim_agree=True upper=2229.90347250  CERT
596547711,0,1 RHO mem=True nz=True ynz=True cond=True claim_agree=True upper=0.898442799544  CERT
596547711,0,1 T   mem=True nz=True ynz=True cond=True claim_agree=True upper=2808.02182095  CERT
637707854,0,1 RHO mem=True nz=True ynz=True cond=True claim_agree=True upper=0.876502779950  CERT
637707854,0,1 T   mem=True nz=True ynz=True cond=True claim_agree=True upper=2108.17381490  CERT
650593211,0,1 RHO mem=True nz=True ynz=True cond=True claim_agree=True upper=0.896705623777  CERT
650593211,0,1 T   mem=True nz=True ynz=True cond=True claim_agree=True upper=2100.53825815  CERT
677321409,0,1 RHO mem=True nz=True ynz=True cond=True claim_agree=True upper=0.942428934733  CERT
677321409,0,1 T   mem=True nz=True ynz=True cond=True claim_agree=True upper=2318.49971491  CERT
710003308,0,1 RHO mem=True nz=True ynz=True cond=True claim_agree=True upper=0.945325946018  CERT
710003308,0,1 T   mem=True nz=True ynz=True cond=True claim_agree=True upper=2151.27190240  CERT
710609070,0,1 RHO mem=True nz=True ynz=True cond=True claim_agree=True upper=0.956010458329  CERT
710609070,0,1 T   mem=True nz=True ynz=True cond=True claim_agree=True upper=1877.38788888  CERT
733812003,0,1 RHO mem=True nz=True ynz=True cond=True claim_agree=True upper=0.898442799544  CERT
733812003,0,1 T   mem=True nz=True ynz=True cond=True claim_agree=True upper=1919.37854032  CERT
890713558,0,1 RHO mem=True nz=True ynz=True cond=True claim_agree=True upper=0.978311273365  CERT
890713558,0,1 T   mem=True nz=True ynz=True cond=True claim_agree=True upper=2895.09819284  CERT
893250121,0,1 RHO mem=True nz=True ynz=True cond=True claim_agree=True upper=0.896705623777  CERT
893250121,0,1 T   mem=True nz=True ynz=True cond=True claim_agree=True upper=2039.80146200  CERT
904928391,0,1 RHO mem=True nz=True ynz=True cond=True claim_agree=True upper=0.947245172073  CERT
904928391,0,1 T   mem=True nz=True ynz=True cond=True claim_agree=True upper=2697.46095357  CERT
921800660,0,1 RHO mem=True nz=True ynz=True cond=True claim_agree=True upper=0.949837817067  CERT
921800660,0,1 T   mem=True nz=True ynz=True cond=True claim_agree=True upper=2261.66517682  CERT
979031811,0,1 RHO mem=True nz=True ynz=True cond=True claim_agree=True upper=0.901326480653  CERT
979031811,0,1 T   mem=True nz=True ynz=True cond=True claim_agree=True upper=1781.87191558  CERT
FAMILY VERIFY n=7 l=1001215937 : EXCLUDED (components certified 32 / 32 ; lines 64 ; failed lines 0)
FAMILY VERIFY PASS
