FACTORIZATION: 32 irreducible factors of degree 2 over F_1000785601: OK
526943,0,1 RHO mem=True nz=True ynz=True cond=True claim_agree=True upper=0.892352879156  CERT
526943,0,1 T   mem=True nz=True ynz=True cond=True claim_agree=True upper=1669.84890261  CERT
4126614,0,1 RHO mem=True nz=True ynz=True cond=True claim_agree=True upper=0.895981411348  CERT
4126614,0,1 T   mem=True nz=True ynz=True cond=True claim_agree=True upper=1648.89824275  CERT
49406634,0,1 RHO mem=True nz=True ynz=True cond=True claim_agree=True upper=0.908139559142  CERT
49406634,0,1 T   mem=True nz=True ynz=True cond=True claim_agree=True upper=2236.69711540  CERT
145086543,0,1 RHO mem=True nz=True ynz=True cond=True claim_agree=True upper=0.876386094115  CERT
145086543,0,1 T   mem=True nz=True ynz=True cond=True claim_agree=True upper=1825.67361232  CERT
148945161,0,1 RHO mem=True nz=True ynz=True cond=True claim_agree=True upper=0.884717913564  CERT
148945161,0,1 T   mem=True nz=True ynz=True cond=True claim_agree=True upper=2132.61370721  CERT
154104247,0,1 RHO mem=True nz=True ynz=True cond=True claim_agree=True upper=0.880868528031  CERT
154104247,0,1 T   mem=True nz=True ynz=True cond=True claim_agree=True upper=2084.49690745  CERT
169159490,0,1 RHO mem=True nz=True ynz=True cond=True claim_agree=True upper=0.907663780052  CERT
169159490,0,1 T   mem=True nz=True ynz=True cond=True claim_agree=True upper=2551.14308787  CERT
178919134,0,1 RHO mem=True nz=True ynz=True cond=True claim_agree=True upper=0.949402932171  CERT
178919134,0,1 T   mem=True nz=True ynz=True cond=True claim_agree=True upper=2482.78541098  CERT
190496635,0,1 RHO mem=True nz=True ynz=True cond=True claim_agree=True upper=0.895981411348  CERT
190496635,0,1 T   mem=True nz=True ynz=True cond=True claim_agree=True upper=2094.89102658  CERT
223254528,0,1 RHO mem=True nz=True ynz=True cond=True claim_agree=True upper=0.949402932171  CERT
223254528,0,1 T   mem=True nz=True ynz=True cond=True claim_agree=True upper=2408.95073281  CERT
245384939,0,1 RHO mem=True nz=True ynz=True cond=True claim_agree=True upper=0.883792077591  CERT
245384939,0,1 T   mem=True nz=True ynz=True cond=True claim_agree=True upper=1634.53481339  CERT
311490142,0,1 RHO mem=True nz=True ynz=True cond=True claim_agree=True upper=0.880868528031  CERT
311490142,0,1 T   mem=True nz=True ynz=True cond=True claim_agree=True upper=1795.46521239  CERT
341004853,0,1 RHO mem=True nz=True ynz=True cond=True claim_agree=True upper=0.876386094115  CERT
341004853,0,1 T   mem=True nz=True ynz=True cond=True claim_agree=True upper=1750.89553668  CERT
347250199,0,1 RHO mem=True nz=True ynz=True cond=True claim_agree=True upper=0.881746322298  CERT
347250199,0,1 T   mem=True nz=True ynz=True cond=True claim_agree=True upper=1839.54258334  CERT
384128709,0,1 RHO mem=True nz=True ynz=True cond=True claim_agree=True upper=0.907663780052  CERT
384128709,0,1 T   mem=True nz=True ynz=True cond=True claim_agree=True upper=1684.46471752  CERT
436225959,0,1 RHO mem=True nz=True ynz=True cond=True claim_agree=True upper=0.884385771319  CERT
436225959,0,1 T   mem=True nz=True ynz=True cond=True claim_agree=True upper=1672.74818244  CERT
564559642,0,1 RHO mem=True nz=True ynz=True cond=True claim_agree=True upper=0.881746322298  CERT
564559642,0,1 T   mem=True nz=True ynz=True cond=True claim_agree=True upper=1681.70959385  CERT
616656892,0,1 RHO mem=True nz=True ynz=True cond=True claim_agree=True upper=0.929819782445  CERT
616656892,0,1 T   mem=True nz=True ynz=True cond=True claim_agree=True upper=1924.54038316  CERT
653535402,0,1 RHO mem=True nz=True ynz=True cond=True claim_agree=True upper=0.884385771319  CERT
653535402,0,1 T   mem=True nz=True ynz=True cond=True claim_agree=True upper=2334.15803494  CERT
659780748,0,1 RHO mem=True nz=True ynz=True cond=True claim_agree=True upper=0.915357310660  CERT
659780748,0,1 T   mem=True nz=True ynz=True cond=True claim_agree=True upper=1993.50655499  CERT
689295459,0,1 RHO mem=True nz=True ynz=True cond=True claim_agree=True upper=0.916342962223  CERT
689295459,0,1 T   mem=True nz=True ynz=True cond=True claim_agree=True upper=1947.78025951  CERT
755400662,0,1 RHO mem=True nz=True ynz=True cond=True claim_agree=True upper=0.908139559142  CERT
755400662,0,1 T   mem=True nz=True ynz=True cond=True claim_agree=True upper=2130.06562492  CERT
777531073,0,1 RHO mem=True nz=True ynz=True cond=True claim_agree=True upper=0.856460251025  CERT
777531073,0,1 T   mem=True nz=True ynz=True cond=True claim_agree=True upper=1303.45163994  CERT
810288966,0,1 RHO mem=True nz=True ynz=True cond=True claim_agree=True upper=0.897275018277  CERT
810288966,0,1 T   mem=True nz=True ynz=True cond=True claim_agree=True upper=1911.43350773  CERT
821866467,0,1 RHO mem=True nz=True ynz=True cond=True claim_agree=True upper=0.856460251025  CERT
821866467,0,1 T   mem=True nz=True ynz=True cond=True claim_agree=True upper=1413.98889367  CERT
831626111,0,1 RHO mem=True nz=True ynz=True cond=True claim_agree=True upper=0.929819782445  CERT
831626111,0,1 T   mem=True nz=True ynz=True cond=True claim_agree=True upper=1792.65045491  CERT
846681354,0,1 RHO mem=True nz=True ynz=True cond=True claim_agree=True upper=0.916342962223  CERT
846681354,0,1 T   mem=True nz=True ynz=True cond=True claim_agree=True upper=2032.24628879  CERT
851840440,0,1 RHO mem=True nz=True ynz=True cond=True claim_agree=True upper=0.892352879156  CERT
851840440,0,1 T   mem=True nz=True ynz=True cond=True claim_agree=True upper=2309.34253736  CERT
855699058,0,1 RHO mem=True nz=True ynz=True cond=True claim_agree=True upper=0.915357310660  CERT
855699058,0,1 T   mem=True nz=True ynz=True cond=True claim_agree=True upper=2083.32854126  CERT
951378967,0,1 RHO mem=True nz=True ynz=True cond=True claim_agree=True upper=0.883792077591  CERT
951378967,0,1 T   mem=True nz=True ynz=True cond=True claim_agree=True upper=1580.51391491  CERT
996658987,0,1 RHO mem=True nz=True ynz=True cond=True claim_agree=True upper=0.897275018277  CERT
996658987,0,1 T   mem=True nz=True ynz=True cond=True claim_agree=True upper=2017.89169885  CERT
1000258658,0,1 RHO mem=True nz=True ynz=True cond=True claim_agree=True upper=0.884717913564  CERT
1000258658,0,1 T   mem=True nz=True ynz=True cond=True claim_agree=True upper=1548.56495146  CERT
FAMILY VERIFY n=7 l=1000785601 : EXCLUDED (components certified 32 / 32 ; lines 64 ; failed lines 0)
FAMILY VERIFY PASS
