FACTORIZATION: 32 irreducible factors of degree 2 over F_1001274689: OK
17265261,0,1 RHO mem=True nz=True ynz=True cond=True claim_agree=True upper=0.903776723295  CERT
17265261,0,1 T   mem=True nz=True ynz=True cond=True claim_agree=True upper=2413.43411237  CERT
32443207,0,1 RHO mem=True nz=True ynz=True cond=True claim_agree=True upper=0.919219550256  CERT
32443207,0,1 T   mem=True nz=True ynz=True cond=True claim_agree=True upper=1929.31450250  CERT
33149799,0,1 RHO mem=True nz=True ynz=True cond=True claim_agree=True upper=0.898768192247  CERT
33149799,0,1 T   mem=True nz=True ynz=True cond=True claim_agree=True upper=2041.40874561  CERT
63231817,0,1 RHO mem=True nz=True ynz=True cond=True claim_agree=True upper=0.903776723295  CERT
63231817,0,1 T   mem=True nz=True ynz=True cond=True claim_agree=True upper=2517.50145073  CERT
97301676,0,1 RHO mem=True nz=True ynz=True cond=True claim_agree=True upper=0.914670153799  CERT
97301676,0,1 T   mem=True nz=True ynz=True cond=True claim_agree=True upper=2942.95237393  CERT
150212268,0,1 RHO mem=True nz=True ynz=True cond=True claim_agree=True upper=0.899067817193  CERT
150212268,0,1 T   mem=True nz=True ynz=True cond=True claim_agree=True upper=1971.99354043  CERT
212285269,0,1 RHO mem=True nz=True ynz=True cond=True claim_agree=True upper=0.927961120607  CERT
212285269,0,1 T   mem=True nz=True ynz=True cond=True claim_agree=True upper=2297.09971534  CERT
224240213,0,1 RHO mem=True nz=True ynz=True cond=True claim_agree=True upper=0.919219550256  CERT
224240213,0,1 T   mem=True nz=True ynz=True cond=True claim_agree=True upper=2666.60812977  CERT
289561677,0,1 RHO mem=True nz=True ynz=True cond=True claim_agree=True upper=0.918518123220  CERT
289561677,0,1 T   mem=True nz=True ynz=True cond=True claim_agree=True upper=1798.54512710  CERT
364229617,0,1 RHO mem=True nz=True ynz=True cond=True claim_agree=True upper=0.927961120607  CERT
364229617,0,1 T   mem=True nz=True ynz=True cond=True claim_agree=True upper=2428.19964005  CERT
370293021,0,1 RHO mem=True nz=True ynz=True cond=True claim_agree=True upper=0.926409988771  CERT
370293021,0,1 T   mem=True nz=True ynz=True cond=True claim_agree=True upper=2234.81491564  CERT
407194728,0,1 RHO mem=True nz=True ynz=True cond=True claim_agree=True upper=0.898768192247  CERT
407194728,0,1 T   mem=True nz=True ynz=True cond=True claim_agree=True upper=2786.57078186  CERT
430897246,0,1 RHO mem=True nz=True ynz=True cond=True claim_agree=True upper=0.879826716067  CERT
430897246,0,1 T   mem=True nz=True ynz=True cond=True claim_agree=True upper=2877.35791129  CERT
448631824,0,1 RHO mem=True nz=True ynz=True cond=True claim_agree=True upper=0.894182733996  CERT
448631824,0,1 T   mem=True nz=True ynz=True cond=True claim_agree=True upper=2231.19190801  CERT
459495988,0,1 RHO mem=True nz=True ynz=True cond=True claim_agree=True upper=0.888342402378  CERT
459495988,0,1 T   mem=True nz=True ynz=True cond=True claim_agree=True upper=2616.45264915  CERT
499936454,0,1 RHO mem=True nz=True ynz=True cond=True claim_agree=True upper=0.914670153799  CERT
499936454,0,1 T   mem=True nz=True ynz=True cond=True claim_agree=True upper=1985.09638824  CERT
501338235,0,1 RHO mem=True nz=True ynz=True cond=True claim_agree=True upper=0.919013562512  CERT
501338235,0,1 T   mem=True nz=True ynz=True cond=True claim_agree=True upper=2736.73811965  CERT
541778701,0,1 RHO mem=True nz=True ynz=True cond=True claim_agree=True upper=0.899067817193  CERT
541778701,0,1 T   mem=True nz=True ynz=True cond=True claim_agree=True upper=2309.80789764  CERT
552642865,0,1 RHO mem=True nz=True ynz=True cond=True claim_agree=True upper=0.926409988771  CERT
552642865,0,1 T   mem=True nz=True ynz=True cond=True claim_agree=True upper=2341.46272702  CERT
570377443,0,1 RHO mem=True nz=True ynz=True cond=True claim_agree=True upper=0.918518123220  CERT
570377443,0,1 T   mem=True nz=True ynz=True cond=True claim_agree=True upper=2955.49200203  CERT
594079961,0,1 RHO mem=True nz=True ynz=True cond=True claim_agree=True upper=0.926824075367  CERT
594079961,0,1 T   mem=True nz=True ynz=True cond=True claim_agree=True upper=2556.86186680  CERT
630981668,0,1 RHO mem=True nz=True ynz=True cond=True claim_agree=True upper=0.894182733996  CERT
630981668,0,1 T   mem=True nz=True ynz=True cond=True claim_agree=True upper=2276.68544256  CERT
637045072,0,1 RHO mem=True nz=True ynz=True cond=True claim_agree=True upper=0.864118005845  CERT
637045072,0,1 T   mem=True nz=True ynz=True cond=True claim_agree=True upper=3037.63532001  CERT
711713012,0,1 RHO mem=True nz=True ynz=True cond=True claim_agree=True upper=0.879826716067  CERT
711713012,0,1 T   mem=True nz=True ynz=True cond=True claim_agree=True upper=1851.71667200  CERT
777034476,0,1 RHO mem=True nz=True ynz=True cond=True claim_agree=True upper=0.865041370753  CERT
777034476,0,1 T   mem=True nz=True ynz=True cond=True claim_agree=True upper=1546.28124146  CERT
788989420,0,1 RHO mem=True nz=True ynz=True cond=True claim_agree=True upper=0.864118005845  CERT
788989420,0,1 T   mem=True nz=True ynz=True cond=True claim_agree=True upper=1537.54713037  CERT
851062421,0,1 RHO mem=True nz=True ynz=True cond=True claim_agree=True upper=0.888342402378  CERT
851062421,0,1 T   mem=True nz=True ynz=True cond=True claim_agree=True upper=2060.53013637  CERT
903973013,0,1 RHO mem=True nz=True ynz=True cond=True claim_agree=True upper=0.919013562512  CERT
903973013,0,1 T   mem=True nz=True ynz=True cond=True claim_agree=True upper=2386.38369389  CERT
938042872,0,1 RHO mem=True nz=True ynz=True cond=True claim_agree=True upper=0.916948843146  CERT
938042872,0,1 T   mem=True nz=True ynz=True cond=True claim_agree=True upper=2323.79267303  CERT
968124890,0,1 RHO mem=True nz=True ynz=True cond=True claim_agree=True upper=0.926824075367  CERT
968124890,0,1 T   mem=True nz=True ynz=True cond=True claim_agree=True upper=2166.34233881  CERT
968831482,0,1 RHO mem=True nz=True ynz=True cond=True claim_agree=True upper=0.865041370753  CERT
968831482,0,1 T   mem=True nz=True ynz=True cond=True claim_agree=True upper=2206.16422100  CERT
984009428,0,1 RHO mem=True nz=True ynz=True cond=True claim_agree=True upper=0.916948843146  CERT
984009428,0,1 T   mem=True nz=True ynz=True cond=True claim_agree=True upper=3071.08530205  CERT
FAMILY VERIFY n=7 l=1001274689 : EXCLUDED (components certified 32 / 32 ; lines 64 ; failed lines 0)
FAMILY VERIFY PASS
