FACTORIZATION: 32 irreducible factors of degree 2 over F_1000206017: OK
14007488,0,1 RHO mem=True nz=True ynz=True cond=True claim_agree=True upper=0.920376749747  CERT
14007488,0,1 T   mem=True nz=True ynz=True cond=True claim_agree=True upper=2012.33059552  CERT
55981219,0,1 RHO mem=True nz=True ynz=True cond=True claim_agree=True upper=0.942663563878  CERT
55981219,0,1 T   mem=True nz=True ynz=True cond=True claim_agree=True upper=2552.27677182  CERT
67621187,0,1 RHO mem=True nz=True ynz=True cond=True claim_agree=True upper=0.897047423884  CERT
67621187,0,1 T   mem=True nz=True ynz=True cond=True claim_agree=True upper=2877.61101022  CERT
80963362,0,1 RHO mem=True nz=True ynz=True cond=True claim_agree=True upper=0.931904446658  CERT
80963362,0,1 T   mem=True nz=True ynz=True cond=True claim_agree=True upper=1994.54930156  CERT
107391954,0,1 RHO mem=True nz=True ynz=True cond=True claim_agree=True upper=0.927845603646  CERT
107391954,0,1 T   mem=True nz=True ynz=True cond=True claim_agree=True upper=2067.35169879  CERT
130743717,0,1 RHO mem=True nz=True ynz=True cond=True claim_agree=True upper=0.916418879860  CERT
130743717,0,1 T   mem=True nz=True ynz=True cond=True claim_agree=True upper=2399.58184095  CERT
180021943,0,1 RHO mem=True nz=True ynz=True cond=True claim_agree=True upper=0.916418879860  CERT
180021943,0,1 T   mem=True nz=True ynz=True cond=True claim_agree=True upper=2445.61581737  CERT
201527321,0,1 RHO mem=True nz=True ynz=True cond=True claim_agree=True upper=0.942251385184  CERT
201527321,0,1 T   mem=True nz=True ynz=True cond=True claim_agree=True upper=1935.39867018  CERT
216732727,0,1 RHO mem=True nz=True ynz=True cond=True claim_agree=True upper=0.903346126854  CERT
216732727,0,1 T   mem=True nz=True ynz=True cond=True claim_agree=True upper=2305.36445300  CERT
343385475,0,1 RHO mem=True nz=True ynz=True cond=True claim_agree=True upper=0.932295427445  CERT
343385475,0,1 T   mem=True nz=True ynz=True cond=True claim_agree=True upper=2314.59171756  CERT
450589504,0,1 RHO mem=True nz=True ynz=True cond=True claim_agree=True upper=0.935422271749  CERT
450589504,0,1 T   mem=True nz=True ynz=True cond=True claim_agree=True upper=2200.44244761  CERT
451029103,0,1 RHO mem=True nz=True ynz=True cond=True claim_agree=True upper=0.907150102245  CERT
451029103,0,1 T   mem=True nz=True ynz=True cond=True claim_agree=True upper=1895.79185792  CERT
451755398,0,1 RHO mem=True nz=True ynz=True cond=True claim_agree=True upper=0.931530082780  CERT
451755398,0,1 T   mem=True nz=True ynz=True cond=True claim_agree=True upper=2145.02604343  CERT
458290541,0,1 RHO mem=True nz=True ynz=True cond=True claim_agree=True upper=0.907167115078  CERT
458290541,0,1 T   mem=True nz=True ynz=True cond=True claim_agree=True upper=2679.64981379  CERT
472827806,0,1 RHO mem=True nz=True ynz=True cond=True claim_agree=True upper=0.912380781234  CERT
472827806,0,1 T   mem=True nz=True ynz=True cond=True claim_agree=True upper=2110.13349826  CERT
474392182,0,1 RHO mem=True nz=True ynz=True cond=True claim_agree=True upper=0.947797201911  CERT
474392182,0,1 T   mem=True nz=True ynz=True cond=True claim_agree=True upper=2280.48472769  CERT
525813835,0,1 RHO mem=True nz=True ynz=True cond=True claim_agree=True upper=0.897047423884  CERT
525813835,0,1 T   mem=True nz=True ynz=True cond=True claim_agree=True upper=1909.25915118  CERT
527378211,0,1 RHO mem=True nz=True ynz=True cond=True claim_agree=True upper=0.931530082780  CERT
527378211,0,1 T   mem=True nz=True ynz=True cond=True claim_agree=True upper=2456.22381186  CERT
541915476,0,1 RHO mem=True nz=True ynz=True cond=True claim_agree=True upper=0.920376749747  CERT
541915476,0,1 T   mem=True nz=True ynz=True cond=True claim_agree=True upper=2471.92124608  CERT
548450619,0,1 RHO mem=True nz=True ynz=True cond=True claim_agree=True upper=0.912380781234  CERT
548450619,0,1 T   mem=True nz=True ynz=True cond=True claim_agree=True upper=1822.08101115  CERT
549176914,0,1 RHO mem=True nz=True ynz=True cond=True claim_agree=True upper=0.931904446658  CERT
549176914,0,1 T   mem=True nz=True ynz=True cond=True claim_agree=True upper=2182.57024068  CERT
549616513,0,1 RHO mem=True nz=True ynz=True cond=True claim_agree=True upper=0.903346126854  CERT
549616513,0,1 T   mem=True nz=True ynz=True cond=True claim_agree=True upper=2169.93897105  CERT
656820542,0,1 RHO mem=True nz=True ynz=True cond=True claim_agree=True upper=0.942663563878  CERT
656820542,0,1 T   mem=True nz=True ynz=True cond=True claim_agree=True upper=2229.48464600  CERT
783473290,0,1 RHO mem=True nz=True ynz=True cond=True claim_agree=True upper=0.935422271749  CERT
783473290,0,1 T   mem=True nz=True ynz=True cond=True claim_agree=True upper=1758.14127862  CERT
798678696,0,1 RHO mem=True nz=True ynz=True cond=True claim_agree=True upper=0.927845603646  CERT
798678696,0,1 T   mem=True nz=True ynz=True cond=True claim_agree=True upper=2343.85502342  CERT
820184074,0,1 RHO mem=True nz=True ynz=True cond=True claim_agree=True upper=0.875198148213  CERT
820184074,0,1 T   mem=True nz=True ynz=True cond=True claim_agree=True upper=1872.22686929  CERT
869462300,0,1 RHO mem=True nz=True ynz=True cond=True claim_agree=True upper=0.875198148213  CERT
869462300,0,1 T   mem=True nz=True ynz=True cond=True claim_agree=True upper=2594.78826136  CERT
892814063,0,1 RHO mem=True nz=True ynz=True cond=True claim_agree=True upper=0.942251385184  CERT
892814063,0,1 T   mem=True nz=True ynz=True cond=True claim_agree=True upper=2442.32057064  CERT
919242655,0,1 RHO mem=True nz=True ynz=True cond=True claim_agree=True upper=0.907150102245  CERT
919242655,0,1 T   mem=True nz=True ynz=True cond=True claim_agree=True upper=2606.72153561  CERT
932584830,0,1 RHO mem=True nz=True ynz=True cond=True claim_agree=True upper=0.947797201911  CERT
932584830,0,1 T   mem=True nz=True ynz=True cond=True claim_agree=True upper=2143.86613968  CERT
944224798,0,1 RHO mem=True nz=True ynz=True cond=True claim_agree=True upper=0.932295427445  CERT
944224798,0,1 T   mem=True nz=True ynz=True cond=True claim_agree=True upper=2093.57747080  CERT
986198529,0,1 RHO mem=True nz=True ynz=True cond=True claim_agree=True upper=0.907167115078  CERT
986198529,0,1 T   mem=True nz=True ynz=True cond=True claim_agree=True upper=2129.61180183  CERT
FAMILY VERIFY n=7 l=1000206017 : EXCLUDED (components certified 32 / 32 ; lines 64 ; failed lines 0)
FAMILY VERIFY PASS
