FACTORIZATION: 32 irreducible factors of degree 2 over F_1000734017: OK
40226131,0,1 RHO mem=True nz=True ynz=True cond=True claim_agree=True upper=0.929134183066  CERT
40226131,0,1 T   mem=True nz=True ynz=True cond=True claim_agree=True upper=2272.49484847  CERT
45195511,0,1 RHO mem=True nz=True ynz=True cond=True claim_agree=True upper=0.927712950789  CERT
45195511,0,1 T   mem=True nz=True ynz=True cond=True claim_agree=True upper=2285.45563966  CERT
64114774,0,1 RHO mem=True nz=True ynz=True cond=True claim_agree=True upper=0.929755449679  CERT
64114774,0,1 T   mem=True nz=True ynz=True cond=True claim_agree=True upper=2328.07726617  CERT
75409714,0,1 RHO mem=True nz=True ynz=True cond=True claim_agree=True upper=0.933466898374  CERT
75409714,0,1 T   mem=True nz=True ynz=True cond=True claim_agree=True upper=2561.24475012  CERT
105720652,0,1 RHO mem=True nz=True ynz=True cond=True claim_agree=True upper=0.924280431465  CERT
105720652,0,1 T   mem=True nz=True ynz=True cond=True claim_agree=True upper=2084.56031333  CERT
112915895,0,1 RHO mem=True nz=True ynz=True cond=True claim_agree=True upper=0.881384881243  CERT
112915895,0,1 T   mem=True nz=True ynz=True cond=True claim_agree=True upper=2419.63491613  CERT
117936903,0,1 RHO mem=True nz=True ynz=True cond=True claim_agree=True upper=0.903388969456  CERT
117936903,0,1 T   mem=True nz=True ynz=True cond=True claim_agree=True upper=2682.70496640  CERT
128074449,0,1 RHO mem=True nz=True ynz=True cond=True claim_agree=True upper=0.915110481640  CERT
128074449,0,1 T   mem=True nz=True ynz=True cond=True claim_agree=True upper=2443.93618359  CERT
134829312,0,1 RHO mem=True nz=True ynz=True cond=True claim_agree=True upper=0.864935920560  CERT
134829312,0,1 T   mem=True nz=True ynz=True cond=True claim_agree=True upper=2559.03622019  CERT
146387010,0,1 RHO mem=True nz=True ynz=True cond=True claim_agree=True upper=0.897475888845  CERT
146387010,0,1 T   mem=True nz=True ynz=True cond=True claim_agree=True upper=2280.60156124  CERT
199546005,0,1 RHO mem=True nz=True ynz=True cond=True claim_agree=True upper=0.900299801409  CERT
199546005,0,1 T   mem=True nz=True ynz=True cond=True claim_agree=True upper=2346.82734703  CERT
255725020,0,1 RHO mem=True nz=True ynz=True cond=True claim_agree=True upper=0.910169105791  CERT
255725020,0,1 T   mem=True nz=True ynz=True cond=True claim_agree=True upper=2001.19656624  CERT
281719797,0,1 RHO mem=True nz=True ynz=True cond=True claim_agree=True upper=0.894722991471  CERT
281719797,0,1 T   mem=True nz=True ynz=True cond=True claim_agree=True upper=1672.19585085  CERT
315148590,0,1 RHO mem=True nz=True ynz=True cond=True claim_agree=True upper=0.915110481640  CERT
315148590,0,1 T   mem=True nz=True ynz=True cond=True claim_agree=True upper=1882.12048477  CERT
338005825,0,1 RHO mem=True nz=True ynz=True cond=True claim_agree=True upper=0.910169105791  CERT
338005825,0,1 T   mem=True nz=True ynz=True cond=True claim_agree=True upper=2360.48550178  CERT
445798789,0,1 RHO mem=True nz=True ynz=True cond=True claim_agree=True upper=0.949617361872  CERT
445798789,0,1 T   mem=True nz=True ynz=True cond=True claim_agree=True upper=2999.55081241  CERT
554935228,0,1 RHO mem=True nz=True ynz=True cond=True claim_agree=True upper=0.864935920560  CERT
554935228,0,1 T   mem=True nz=True ynz=True cond=True claim_agree=True upper=1810.67260605  CERT
662728192,0,1 RHO mem=True nz=True ynz=True cond=True claim_agree=True upper=0.937365220860  CERT
662728192,0,1 T   mem=True nz=True ynz=True cond=True claim_agree=True upper=2463.10740341  CERT
685585427,0,1 RHO mem=True nz=True ynz=True cond=True claim_agree=True upper=0.892081185698  CERT
685585427,0,1 T   mem=True nz=True ynz=True cond=True claim_agree=True upper=2337.08643441  CERT
719014220,0,1 RHO mem=True nz=True ynz=True cond=True claim_agree=True upper=0.933466898374  CERT
719014220,0,1 T   mem=True nz=True ynz=True cond=True claim_agree=True upper=2409.60008109  CERT
745008997,0,1 RHO mem=True nz=True ynz=True cond=True claim_agree=True upper=0.937365220860  CERT
745008997,0,1 T   mem=True nz=True ynz=True cond=True claim_agree=True upper=2038.44175418  CERT
801188012,0,1 RHO mem=True nz=True ynz=True cond=True claim_agree=True upper=0.929755449679  CERT
801188012,0,1 T   mem=True nz=True ynz=True cond=True claim_agree=True upper=2065.86618052  CERT
854347007,0,1 RHO mem=True nz=True ynz=True cond=True claim_agree=True upper=0.927712950789  CERT
854347007,0,1 T   mem=True nz=True ynz=True cond=True claim_agree=True upper=2739.24675963  CERT
865904705,0,1 RHO mem=True nz=True ynz=True cond=True claim_agree=True upper=0.949617361872  CERT
865904705,0,1 T   mem=True nz=True ynz=True cond=True claim_agree=True upper=2314.35682623  CERT
872659568,0,1 RHO mem=True nz=True ynz=True cond=True claim_agree=True upper=0.892081185698  CERT
872659568,0,1 T   mem=True nz=True ynz=True cond=True claim_agree=True upper=1951.76764840  CERT
882797114,0,1 RHO mem=True nz=True ynz=True cond=True claim_agree=True upper=0.924280431465  CERT
882797114,0,1 T   mem=True nz=True ynz=True cond=True claim_agree=True upper=2582.22181808  CERT
887818122,0,1 RHO mem=True nz=True ynz=True cond=True claim_agree=True upper=0.929134183066  CERT
887818122,0,1 T   mem=True nz=True ynz=True cond=True claim_agree=True upper=2928.80869921  CERT
895013365,0,1 RHO mem=True nz=True ynz=True cond=True claim_agree=True upper=0.903388969456  CERT
895013365,0,1 T   mem=True nz=True ynz=True cond=True claim_agree=True upper=2334.86515496  CERT
925324303,0,1 RHO mem=True nz=True ynz=True cond=True claim_agree=True upper=0.894722991471  CERT
925324303,0,1 T   mem=True nz=True ynz=True cond=True claim_agree=True upper=2245.21478748  CERT
936619243,0,1 RHO mem=True nz=True ynz=True cond=True claim_agree=True upper=0.900299801409  CERT
936619243,0,1 T   mem=True nz=True ynz=True cond=True claim_agree=True upper=2424.35362155  CERT
955538506,0,1 RHO mem=True nz=True ynz=True cond=True claim_agree=True upper=0.897475888845  CERT
955538506,0,1 T   mem=True nz=True ynz=True cond=True claim_agree=True upper=2289.69002072  CERT
960507886,0,1 RHO mem=True nz=True ynz=True cond=True claim_agree=True upper=0.881384881243  CERT
960507886,0,1 T   mem=True nz=True ynz=True cond=True claim_agree=True upper=2059.08791939  CERT
FAMILY VERIFY n=7 l=1000734017 : EXCLUDED (components certified 32 / 32 ; lines 64 ; failed lines 0)
FAMILY VERIFY PASS
