FACTORIZATION: 32 irreducible factors of degree 2 over F_1000605377: OK
14143474,0,1 RHO mem=True nz=True ynz=True cond=True claim_agree=True upper=0.921268526183  CERT
14143474,0,1 T   mem=True nz=True ynz=True cond=True claim_agree=True upper=2334.12565067  CERT
55897434,0,1 RHO mem=True nz=True ynz=True cond=True claim_agree=True upper=0.982066754539  CERT
55897434,0,1 T   mem=True nz=True ynz=True cond=True claim_agree=True upper=2350.62153490  CERT
75926625,0,1 RHO mem=True nz=True ynz=True cond=True claim_agree=True upper=0.963836686212  CERT
75926625,0,1 T   mem=True nz=True ynz=True cond=True claim_agree=True upper=2821.64418102  CERT
92250788,0,1 RHO mem=True nz=True ynz=True cond=True claim_agree=True upper=0.924030840917  CERT
92250788,0,1 T   mem=True nz=True ynz=True cond=True claim_agree=True upper=1893.14068269  CERT
121272980,0,1 RHO mem=True nz=True ynz=True cond=True claim_agree=True upper=0.944957656281  CERT
121272980,0,1 T   mem=True nz=True ynz=True cond=True claim_agree=True upper=2116.40724448  CERT
181397619,0,1 RHO mem=True nz=True ynz=True cond=True claim_agree=True upper=0.928641903919  CERT
181397619,0,1 T   mem=True nz=True ynz=True cond=True claim_agree=True upper=2401.47153037  CERT
192167311,0,1 RHO mem=True nz=True ynz=True cond=True claim_agree=True upper=0.921268526183  CERT
192167311,0,1 T   mem=True nz=True ynz=True cond=True claim_agree=True upper=1864.64833613  CERT
225179760,0,1 RHO mem=True nz=True ynz=True cond=True claim_agree=True upper=0.967229331517  CERT
225179760,0,1 T   mem=True nz=True ynz=True cond=True claim_agree=True upper=2702.98595318  CERT
248155385,0,1 RHO mem=True nz=True ynz=True cond=True claim_agree=True upper=0.982066754539  CERT
248155385,0,1 T   mem=True nz=True ynz=True cond=True claim_agree=True upper=2502.16154679  CERT
251818873,0,1 RHO mem=True nz=True ynz=True cond=True claim_agree=True upper=0.968948541778  CERT
251818873,0,1 T   mem=True nz=True ynz=True cond=True claim_agree=True upper=2704.01184420  CERT
315705660,0,1 RHO mem=True nz=True ynz=True cond=True claim_agree=True upper=0.935568820817  CERT
315705660,0,1 T   mem=True nz=True ynz=True cond=True claim_agree=True upper=2606.90166902  CERT
325795394,0,1 RHO mem=True nz=True ynz=True cond=True claim_agree=True upper=0.968948541778  CERT
325795394,0,1 T   mem=True nz=True ynz=True cond=True claim_agree=True upper=3091.58441446  CERT
329835428,0,1 RHO mem=True nz=True ynz=True cond=True claim_agree=True upper=0.967229331517  CERT
329835428,0,1 T   mem=True nz=True ynz=True cond=True claim_agree=True upper=2739.92398166  CERT
363993310,0,1 RHO mem=True nz=True ynz=True cond=True claim_agree=True upper=0.949483211230  CERT
363993310,0,1 T   mem=True nz=True ynz=True cond=True claim_agree=True upper=2343.73562391  CERT
459364739,0,1 RHO mem=True nz=True ynz=True cond=True claim_agree=True upper=0.935568820817  CERT
459364739,0,1 T   mem=True nz=True ynz=True cond=True claim_agree=True upper=2265.42503049  CERT
466569601,0,1 RHO mem=True nz=True ynz=True cond=True claim_agree=True upper=0.963350837043  CERT
466569601,0,1 T   mem=True nz=True ynz=True cond=True claim_agree=True upper=3061.70463443  CERT
534035776,0,1 RHO mem=True nz=True ynz=True cond=True claim_agree=True upper=0.944957656281  CERT
534035776,0,1 T   mem=True nz=True ynz=True cond=True claim_agree=True upper=2889.84527365  CERT
541240638,0,1 RHO mem=True nz=True ynz=True cond=True claim_agree=True upper=0.951807465447  CERT
541240638,0,1 T   mem=True nz=True ynz=True cond=True claim_agree=True upper=3069.72524536  CERT
636612067,0,1 RHO mem=True nz=True ynz=True cond=True claim_agree=True upper=0.963836686212  CERT
636612067,0,1 T   mem=True nz=True ynz=True cond=True claim_agree=True upper=2430.24484221  CERT
670769949,0,1 RHO mem=True nz=True ynz=True cond=True claim_agree=True upper=0.944972356547  CERT
670769949,0,1 T   mem=True nz=True ynz=True cond=True claim_agree=True upper=2679.91099705  CERT
674809983,0,1 RHO mem=True nz=True ynz=True cond=True claim_agree=True upper=0.963359625470  CERT
674809983,0,1 T   mem=True nz=True ynz=True cond=True claim_agree=True upper=2430.78675371  CERT
684899717,0,1 RHO mem=True nz=True ynz=True cond=True claim_agree=True upper=0.951807465447  CERT
684899717,0,1 T   mem=True nz=True ynz=True cond=True claim_agree=True upper=2607.31251357  CERT
748786504,0,1 RHO mem=True nz=True ynz=True cond=True claim_agree=True upper=0.963359625470  CERT
748786504,0,1 T   mem=True nz=True ynz=True cond=True claim_agree=True upper=2641.75960494  CERT
752449992,0,1 RHO mem=True nz=True ynz=True cond=True claim_agree=True upper=0.941452240008  CERT
752449992,0,1 T   mem=True nz=True ynz=True cond=True claim_agree=True upper=2402.51333808  CERT
775425617,0,1 RHO mem=True nz=True ynz=True cond=True claim_agree=True upper=0.944972356547  CERT
775425617,0,1 T   mem=True nz=True ynz=True cond=True claim_agree=True upper=2361.38614335  CERT
808438066,0,1 RHO mem=True nz=True ynz=True cond=True claim_agree=True upper=0.936693777355  CERT
808438066,0,1 T   mem=True nz=True ynz=True cond=True claim_agree=True upper=2291.33596432  CERT
819207758,0,1 RHO mem=True nz=True ynz=True cond=True claim_agree=True upper=0.924030840917  CERT
819207758,0,1 T   mem=True nz=True ynz=True cond=True claim_agree=True upper=2435.90851230  CERT
879332397,0,1 RHO mem=True nz=True ynz=True cond=True claim_agree=True upper=0.963350837043  CERT
879332397,0,1 T   mem=True nz=True ynz=True cond=True claim_agree=True upper=3490.03478729  CERT
908354589,0,1 RHO mem=True nz=True ynz=True cond=True claim_agree=True upper=0.928641903919  CERT
908354589,0,1 T   mem=True nz=True ynz=True cond=True claim_agree=True upper=2548.15617488  CERT
924678752,0,1 RHO mem=True nz=True ynz=True cond=True claim_agree=True upper=0.949483211230  CERT
924678752,0,1 T   mem=True nz=True ynz=True cond=True claim_agree=True upper=2880.08801213  CERT
944707943,0,1 RHO mem=True nz=True ynz=True cond=True claim_agree=True upper=0.941452240008  CERT
944707943,0,1 T   mem=True nz=True ynz=True cond=True claim_agree=True upper=2566.81221804  CERT
986461903,0,1 RHO mem=True nz=True ynz=True cond=True claim_agree=True upper=0.936693777355  CERT
986461903,0,1 T   mem=True nz=True ynz=True cond=True claim_agree=True upper=2699.75863665  CERT
FAMILY VERIFY n=7 l=1000605377 : EXCLUDED (components certified 32 / 32 ; lines 64 ; failed lines 0)
FAMILY VERIFY PASS
