FACTORIZATION: 32 irreducible factors of degree 2 over F_1000831681: OK
76673386,0,1 RHO mem=True nz=True ynz=True cond=True claim_agree=True upper=0.879148231970  CERT
76673386,0,1 T   mem=True nz=True ynz=True cond=True claim_agree=True upper=2317.80066128  CERT
125203970,0,1 RHO mem=True nz=True ynz=True cond=True claim_agree=True upper=0.909844247103  CERT
125203970,0,1 T   mem=True nz=True ynz=True cond=True claim_agree=True upper=2104.89046964  CERT
163676101,0,1 RHO mem=True nz=True ynz=True cond=True claim_agree=True upper=0.906138176457  CERT
163676101,0,1 T   mem=True nz=True ynz=True cond=True claim_agree=True upper=2126.29402082  CERT
164609297,0,1 RHO mem=True nz=True ynz=True cond=True claim_agree=True upper=0.888750696486  CERT
164609297,0,1 T   mem=True nz=True ynz=True cond=True claim_agree=True upper=1792.77983774  CERT
166472771,0,1 RHO mem=True nz=True ynz=True cond=True claim_agree=True upper=0.931876786341  CERT
166472771,0,1 T   mem=True nz=True ynz=True cond=True claim_agree=True upper=2169.71761949  CERT
178954646,0,1 RHO mem=True nz=True ynz=True cond=True claim_agree=True upper=0.910000071440  CERT
178954646,0,1 T   mem=True nz=True ynz=True cond=True claim_agree=True upper=2211.72367264  CERT
183684583,0,1 RHO mem=True nz=True ynz=True cond=True claim_agree=True upper=0.861279487035  CERT
183684583,0,1 T   mem=True nz=True ynz=True cond=True claim_agree=True upper=2315.69061054  CERT
201539685,0,1 RHO mem=True nz=True ynz=True cond=True claim_agree=True upper=0.879148231970  CERT
201539685,0,1 T   mem=True nz=True ynz=True cond=True claim_agree=True upper=1939.48961490  CERT
205445786,0,1 RHO mem=True nz=True ynz=True cond=True claim_agree=True upper=0.898867773318  CERT
205445786,0,1 T   mem=True nz=True ynz=True cond=True claim_agree=True upper=1822.35257140  CERT
242314835,0,1 RHO mem=True nz=True ynz=True cond=True claim_agree=True upper=0.922451951670  CERT
242314835,0,1 T   mem=True nz=True ynz=True cond=True claim_agree=True upper=1668.61112605  CERT
279411165,0,1 RHO mem=True nz=True ynz=True cond=True claim_agree=True upper=0.861279487035  CERT
279411165,0,1 T   mem=True nz=True ynz=True cond=True claim_agree=True upper=1878.10104464  CERT
297887100,0,1 RHO mem=True nz=True ynz=True cond=True claim_agree=True upper=0.899881968037  CERT
297887100,0,1 T   mem=True nz=True ynz=True cond=True claim_agree=True upper=1884.49346428  CERT
311508491,0,1 RHO mem=True nz=True ynz=True cond=True claim_agree=True upper=0.898867773318  CERT
311508491,0,1 T   mem=True nz=True ynz=True cond=True claim_agree=True upper=2198.82739429  CERT
327218290,0,1 RHO mem=True nz=True ynz=True cond=True claim_agree=True upper=0.931876786341  CERT
327218290,0,1 T   mem=True nz=True ynz=True cond=True claim_agree=True upper=2490.61520673  CERT
340265367,0,1 RHO mem=True nz=True ynz=True cond=True claim_agree=True upper=0.959134645019  CERT
340265367,0,1 T   mem=True nz=True ynz=True cond=True claim_agree=True upper=2309.55278834  CERT
443970820,0,1 RHO mem=True nz=True ynz=True cond=True claim_agree=True upper=0.899881968037  CERT
443970820,0,1 T   mem=True nz=True ynz=True cond=True claim_agree=True upper=1814.72073098  CERT
556860861,0,1 RHO mem=True nz=True ynz=True cond=True claim_agree=True upper=0.934503108463  CERT
556860861,0,1 T   mem=True nz=True ynz=True cond=True claim_agree=True upper=2142.00011016  CERT
660566314,0,1 RHO mem=True nz=True ynz=True cond=True claim_agree=True upper=0.906138176457  CERT
660566314,0,1 T   mem=True nz=True ynz=True cond=True claim_agree=True upper=2179.70132313  CERT
673613391,0,1 RHO mem=True nz=True ynz=True cond=True claim_agree=True upper=0.937933319153  CERT
673613391,0,1 T   mem=True nz=True ynz=True cond=True claim_agree=True upper=2596.81456428  CERT
689323190,0,1 RHO mem=True nz=True ynz=True cond=True claim_agree=True upper=0.925345768835  CERT
689323190,0,1 T   mem=True nz=True ynz=True cond=True claim_agree=True upper=1940.38109477  CERT
702944581,0,1 RHO mem=True nz=True ynz=True cond=True claim_agree=True upper=0.934503108463  CERT
702944581,0,1 T   mem=True nz=True ynz=True cond=True claim_agree=True upper=2098.82184497  CERT
721420516,0,1 RHO mem=True nz=True ynz=True cond=True claim_agree=True upper=0.927289479030  CERT
721420516,0,1 T   mem=True nz=True ynz=True cond=True claim_agree=True upper=2467.55386553  CERT
758516846,0,1 RHO mem=True nz=True ynz=True cond=True claim_agree=True upper=0.910000071440  CERT
758516846,0,1 T   mem=True nz=True ynz=True cond=True claim_agree=True upper=2798.29778724  CERT
795385895,0,1 RHO mem=True nz=True ynz=True cond=True claim_agree=True upper=0.925345768835  CERT
795385895,0,1 T   mem=True nz=True ynz=True cond=True claim_agree=True upper=1954.30249280  CERT
799291996,0,1 RHO mem=True nz=True ynz=True cond=True claim_agree=True upper=0.940401207119  CERT
799291996,0,1 T   mem=True nz=True ynz=True cond=True claim_agree=True upper=2391.84549983  CERT
817147098,0,1 RHO mem=True nz=True ynz=True cond=True claim_agree=True upper=0.927289479030  CERT
817147098,0,1 T   mem=True nz=True ynz=True cond=True claim_agree=True upper=2537.30704727  CERT
821877035,0,1 RHO mem=True nz=True ynz=True cond=True claim_agree=True upper=0.922451951670  CERT
821877035,0,1 T   mem=True nz=True ynz=True cond=True claim_agree=True upper=2321.17705118  CERT
834358910,0,1 RHO mem=True nz=True ynz=True cond=True claim_agree=True upper=0.937933319153  CERT
834358910,0,1 T   mem=True nz=True ynz=True cond=True claim_agree=True upper=2222.51194539  CERT
836222384,0,1 RHO mem=True nz=True ynz=True cond=True claim_agree=True upper=0.909844247103  CERT
836222384,0,1 T   mem=True nz=True ynz=True cond=True claim_agree=True upper=2262.76975272  CERT
837155580,0,1 RHO mem=True nz=True ynz=True cond=True claim_agree=True upper=0.959134645019  CERT
837155580,0,1 T   mem=True nz=True ynz=True cond=True claim_agree=True upper=2289.16549345  CERT
875627711,0,1 RHO mem=True nz=True ynz=True cond=True claim_agree=True upper=0.888750696486  CERT
875627711,0,1 T   mem=True nz=True ynz=True cond=True claim_agree=True upper=1519.23159346  CERT
924158295,0,1 RHO mem=True nz=True ynz=True cond=True claim_agree=True upper=0.940401207119  CERT
924158295,0,1 T   mem=True nz=True ynz=True cond=True claim_agree=True upper=1644.83160307  CERT
FAMILY VERIFY n=7 l=1000831681 : EXCLUDED (components certified 32 / 32 ; lines 64 ; failed lines 0)
FAMILY VERIFY PASS
