FACTORIZATION: 32 irreducible factors of degree 2 over F_1000248257: OK
50044115,0,1 RHO mem=True nz=True ynz=True cond=True claim_agree=True upper=0.941358309115  CERT
50044115,0,1 T   mem=True nz=True ynz=True cond=True claim_agree=True upper=2519.72528695  CERT
60727219,0,1 RHO mem=True nz=True ynz=True cond=True claim_agree=True upper=0.960714987046  CERT
60727219,0,1 T   mem=True nz=True ynz=True cond=True claim_agree=True upper=2362.36931706  CERT
69288061,0,1 RHO mem=True nz=True ynz=True cond=True claim_agree=True upper=0.956697690813  CERT
69288061,0,1 T   mem=True nz=True ynz=True cond=True claim_agree=True upper=2806.03645444  CERT
114338991,0,1 RHO mem=True nz=True ynz=True cond=True claim_agree=True upper=0.947628795775  CERT
114338991,0,1 T   mem=True nz=True ynz=True cond=True claim_agree=True upper=2199.87249094  CERT
153277012,0,1 RHO mem=True nz=True ynz=True cond=True claim_agree=True upper=0.917694067925  CERT
153277012,0,1 T   mem=True nz=True ynz=True cond=True claim_agree=True upper=2521.37806995  CERT
159385731,0,1 RHO mem=True nz=True ynz=True cond=True claim_agree=True upper=0.969941801020  CERT
159385731,0,1 T   mem=True nz=True ynz=True cond=True claim_agree=True upper=2135.80750776  CERT
180933465,0,1 RHO mem=True nz=True ynz=True cond=True claim_agree=True upper=0.958653690745  CERT
180933465,0,1 T   mem=True nz=True ynz=True cond=True claim_agree=True upper=2700.18844328  CERT
191635476,0,1 RHO mem=True nz=True ynz=True cond=True claim_agree=True upper=0.956697690813  CERT
191635476,0,1 T   mem=True nz=True ynz=True cond=True claim_agree=True upper=2143.34405179  CERT
242165135,0,1 RHO mem=True nz=True ynz=True cond=True claim_agree=True upper=0.941358309115  CERT
242165135,0,1 T   mem=True nz=True ynz=True cond=True claim_agree=True upper=2055.31130299  CERT
335909876,0,1 RHO mem=True nz=True ynz=True cond=True claim_agree=True upper=0.934016673552  CERT
335909876,0,1 T   mem=True nz=True ynz=True cond=True claim_agree=True upper=2194.06282415  CERT
394812676,0,1 RHO mem=True nz=True ynz=True cond=True claim_agree=True upper=0.946580084270  CERT
394812676,0,1 T   mem=True nz=True ynz=True cond=True claim_agree=True upper=2341.74981061  CERT
415685202,0,1 RHO mem=True nz=True ynz=True cond=True claim_agree=True upper=0.960714987046  CERT
415685202,0,1 T   mem=True nz=True ynz=True cond=True claim_agree=True upper=2471.07140029  CERT
428328690,0,1 RHO mem=True nz=True ynz=True cond=True claim_agree=True upper=0.917694067925  CERT
428328690,0,1 T   mem=True nz=True ynz=True cond=True claim_agree=True upper=2926.99540084  CERT
474934232,0,1 RHO mem=True nz=True ynz=True cond=True claim_agree=True upper=0.947628795775  CERT
474934232,0,1 T   mem=True nz=True ynz=True cond=True claim_agree=True upper=2943.99856608  CERT
476437739,0,1 RHO mem=True nz=True ynz=True cond=True claim_agree=True upper=0.926039835104  CERT
476437739,0,1 T   mem=True nz=True ynz=True cond=True claim_agree=True upper=1698.44638228  CERT
487483774,0,1 RHO mem=True nz=True ynz=True cond=True claim_agree=True upper=0.958653690745  CERT
487483774,0,1 T   mem=True nz=True ynz=True cond=True claim_agree=True upper=2955.73522006  CERT
512764483,0,1 RHO mem=True nz=True ynz=True cond=True claim_agree=True upper=0.941262155599  CERT
512764483,0,1 T   mem=True nz=True ynz=True cond=True claim_agree=True upper=2847.22728635  CERT
523810518,0,1 RHO mem=True nz=True ynz=True cond=True claim_agree=True upper=0.969941801020  CERT
523810518,0,1 T   mem=True nz=True ynz=True cond=True claim_agree=True upper=2423.06845658  CERT
525314025,0,1 RHO mem=True nz=True ynz=True cond=True claim_agree=True upper=0.933292629190  CERT
525314025,0,1 T   mem=True nz=True ynz=True cond=True claim_agree=True upper=2445.33501169  CERT
571919567,0,1 RHO mem=True nz=True ynz=True cond=True claim_agree=True upper=0.962876453474  CERT
571919567,0,1 T   mem=True nz=True ynz=True cond=True claim_agree=True upper=1616.47830338  CERT
584563055,0,1 RHO mem=True nz=True ynz=True cond=True claim_agree=True upper=0.916515830484  CERT
584563055,0,1 T   mem=True nz=True ynz=True cond=True claim_agree=True upper=1901.03207855  CERT
605435581,0,1 RHO mem=True nz=True ynz=True cond=True claim_agree=True upper=0.934016673552  CERT
605435581,0,1 T   mem=True nz=True ynz=True cond=True claim_agree=True upper=2019.85430120  CERT
664338381,0,1 RHO mem=True nz=True ynz=True cond=True claim_agree=True upper=0.946580084270  CERT
664338381,0,1 T   mem=True nz=True ynz=True cond=True claim_agree=True upper=2238.31245076  CERT
758083122,0,1 RHO mem=True nz=True ynz=True cond=True claim_agree=True upper=0.963826287363  CERT
758083122,0,1 T   mem=True nz=True ynz=True cond=True claim_agree=True upper=2554.08532602  CERT
808612781,0,1 RHO mem=True nz=True ynz=True cond=True claim_agree=True upper=0.944365413940  CERT
808612781,0,1 T   mem=True nz=True ynz=True cond=True claim_agree=True upper=3283.26909625  CERT
819314792,0,1 RHO mem=True nz=True ynz=True cond=True claim_agree=True upper=0.941262155599  CERT
819314792,0,1 T   mem=True nz=True ynz=True cond=True claim_agree=True upper=2258.71557296  CERT
840862526,0,1 RHO mem=True nz=True ynz=True cond=True claim_agree=True upper=0.926039835104  CERT
840862526,0,1 T   mem=True nz=True ynz=True cond=True claim_agree=True upper=2301.48368816  CERT
846971245,0,1 RHO mem=True nz=True ynz=True cond=True claim_agree=True upper=0.962876453474  CERT
846971245,0,1 T   mem=True nz=True ynz=True cond=True claim_agree=True upper=2449.90249487  CERT
885909266,0,1 RHO mem=True nz=True ynz=True cond=True claim_agree=True upper=0.933292629190  CERT
885909266,0,1 T   mem=True nz=True ynz=True cond=True claim_agree=True upper=2875.51582217  CERT
930960196,0,1 RHO mem=True nz=True ynz=True cond=True claim_agree=True upper=0.944365413940  CERT
930960196,0,1 T   mem=True nz=True ynz=True cond=True claim_agree=True upper=2407.33051169  CERT
939521038,0,1 RHO mem=True nz=True ynz=True cond=True claim_agree=True upper=0.916515830484  CERT
939521038,0,1 T   mem=True nz=True ynz=True cond=True claim_agree=True upper=2101.49830489  CERT
950204142,0,1 RHO mem=True nz=True ynz=True cond=True claim_agree=True upper=0.963826287363  CERT
950204142,0,1 T   mem=True nz=True ynz=True cond=True claim_agree=True upper=1891.82004162  CERT
FAMILY VERIFY n=7 l=1000248257 : EXCLUDED (components certified 32 / 32 ; lines 64 ; failed lines 0)
FAMILY VERIFY PASS
