FACTORIZATION: 32 irreducible factors of degree 2 over F_1000548673: OK
3205000,0,1 RHO mem=True nz=True ynz=True cond=True claim_agree=True upper=0.941539694999  CERT
3205000,0,1 T   mem=True nz=True ynz=True cond=True claim_agree=True upper=1905.88821198  CERT
100822914,0,1 RHO mem=True nz=True ynz=True cond=True claim_agree=True upper=0.949412024001  CERT
100822914,0,1 T   mem=True nz=True ynz=True cond=True claim_agree=True upper=2900.04690550  CERT
116240955,0,1 RHO mem=True nz=True ynz=True cond=True claim_agree=True upper=0.953695067580  CERT
116240955,0,1 T   mem=True nz=True ynz=True cond=True claim_agree=True upper=2127.65030297  CERT
134947540,0,1 RHO mem=True nz=True ynz=True cond=True claim_agree=True upper=0.954418185516  CERT
134947540,0,1 T   mem=True nz=True ynz=True cond=True claim_agree=True upper=2258.64259583  CERT
170722317,0,1 RHO mem=True nz=True ynz=True cond=True claim_agree=True upper=0.954418185516  CERT
170722317,0,1 T   mem=True nz=True ynz=True cond=True claim_agree=True upper=2071.00323270  CERT
195166730,0,1 RHO mem=True nz=True ynz=True cond=True claim_agree=True upper=0.956563316888  CERT
195166730,0,1 T   mem=True nz=True ynz=True cond=True claim_agree=True upper=2485.81439450  CERT
195917895,0,1 RHO mem=True nz=True ynz=True cond=True claim_agree=True upper=0.931649086756  CERT
195917895,0,1 T   mem=True nz=True ynz=True cond=True claim_agree=True upper=2112.09489682  CERT
216304251,0,1 RHO mem=True nz=True ynz=True cond=True claim_agree=True upper=0.948432446169  CERT
216304251,0,1 T   mem=True nz=True ynz=True cond=True claim_agree=True upper=2097.32431294  CERT
217509916,0,1 RHO mem=True nz=True ynz=True cond=True claim_agree=True upper=0.926991109058  CERT
217509916,0,1 T   mem=True nz=True ynz=True cond=True claim_agree=True upper=1987.31778106  CERT
267962158,0,1 RHO mem=True nz=True ynz=True cond=True claim_agree=True upper=0.939508403207  CERT
267962158,0,1 T   mem=True nz=True ynz=True cond=True claim_agree=True upper=2158.02757939  CERT
294411393,0,1 RHO mem=True nz=True ynz=True cond=True claim_agree=True upper=0.949412024001  CERT
294411393,0,1 T   mem=True nz=True ynz=True cond=True claim_agree=True upper=2817.43556787  CERT
298330052,0,1 RHO mem=True nz=True ynz=True cond=True claim_agree=True upper=0.909117059583  CERT
298330052,0,1 T   mem=True nz=True ynz=True cond=True claim_agree=True upper=2459.69739932  CERT
335054333,0,1 RHO mem=True nz=True ynz=True cond=True claim_agree=True upper=0.948432446169  CERT
335054333,0,1 T   mem=True nz=True ynz=True cond=True claim_agree=True upper=1943.26155572  CERT
363341138,0,1 RHO mem=True nz=True ynz=True cond=True claim_agree=True upper=0.943869929070  CERT
363341138,0,1 T   mem=True nz=True ynz=True cond=True claim_agree=True upper=2043.11824348  CERT
471970378,0,1 RHO mem=True nz=True ynz=True cond=True claim_agree=True upper=0.909117059583  CERT
471970378,0,1 T   mem=True nz=True ynz=True cond=True claim_agree=True upper=2086.43487452  CERT
473388087,0,1 RHO mem=True nz=True ynz=True cond=True claim_agree=True upper=0.953695067580  CERT
473388087,0,1 T   mem=True nz=True ynz=True cond=True claim_agree=True upper=2456.53497500  CERT
527160586,0,1 RHO mem=True nz=True ynz=True cond=True claim_agree=True upper=0.957826158833  CERT
527160586,0,1 T   mem=True nz=True ynz=True cond=True claim_agree=True upper=2909.78922421  CERT
528578295,0,1 RHO mem=True nz=True ynz=True cond=True claim_agree=True upper=0.922854628722  CERT
528578295,0,1 T   mem=True nz=True ynz=True cond=True claim_agree=True upper=1687.12722038  CERT
637207535,0,1 RHO mem=True nz=True ynz=True cond=True claim_agree=True upper=0.939508403207  CERT
637207535,0,1 T   mem=True nz=True ynz=True cond=True claim_agree=True upper=2764.71560972  CERT
665494340,0,1 RHO mem=True nz=True ynz=True cond=True claim_agree=True upper=0.941408600321  CERT
665494340,0,1 T   mem=True nz=True ynz=True cond=True claim_agree=True upper=2781.61840687  CERT
702218621,0,1 RHO mem=True nz=True ynz=True cond=True claim_agree=True upper=0.922854628722  CERT
702218621,0,1 T   mem=True nz=True ynz=True cond=True claim_agree=True upper=2327.20881793  CERT
706137280,0,1 RHO mem=True nz=True ynz=True cond=True claim_agree=True upper=0.928257515604  CERT
706137280,0,1 T   mem=True nz=True ynz=True cond=True claim_agree=True upper=2801.83832333  CERT
732586515,0,1 RHO mem=True nz=True ynz=True cond=True claim_agree=True upper=0.943869929070  CERT
732586515,0,1 T   mem=True nz=True ynz=True cond=True claim_agree=True upper=2718.34230477  CERT
783038757,0,1 RHO mem=True nz=True ynz=True cond=True claim_agree=True upper=0.941539694999  CERT
783038757,0,1 T   mem=True nz=True ynz=True cond=True claim_agree=True upper=1648.05430010  CERT
784244422,0,1 RHO mem=True nz=True ynz=True cond=True claim_agree=True upper=0.941408600321  CERT
784244422,0,1 T   mem=True nz=True ynz=True cond=True claim_agree=True upper=1771.77034755  CERT
804630778,0,1 RHO mem=True nz=True ynz=True cond=True claim_agree=True upper=0.956563316888  CERT
804630778,0,1 T   mem=True nz=True ynz=True cond=True claim_agree=True upper=2512.98269490  CERT
805381943,0,1 RHO mem=True nz=True ynz=True cond=True claim_agree=True upper=0.931649086756  CERT
805381943,0,1 T   mem=True nz=True ynz=True cond=True claim_agree=True upper=2333.92769207  CERT
829826356,0,1 RHO mem=True nz=True ynz=True cond=True claim_agree=True upper=0.929440359381  CERT
829826356,0,1 T   mem=True nz=True ynz=True cond=True claim_agree=True upper=2487.54939803  CERT
865601133,0,1 RHO mem=True nz=True ynz=True cond=True claim_agree=True upper=0.929440359381  CERT
865601133,0,1 T   mem=True nz=True ynz=True cond=True claim_agree=True upper=2198.42167096  CERT
884307718,0,1 RHO mem=True nz=True ynz=True cond=True claim_agree=True upper=0.957826158833  CERT
884307718,0,1 T   mem=True nz=True ynz=True cond=True claim_agree=True upper=2487.32748277  CERT
899725759,0,1 RHO mem=True nz=True ynz=True cond=True claim_agree=True upper=0.928257515604  CERT
899725759,0,1 T   mem=True nz=True ynz=True cond=True claim_agree=True upper=2583.75766852  CERT
997343673,0,1 RHO mem=True nz=True ynz=True cond=True claim_agree=True upper=0.926991109058  CERT
997343673,0,1 T   mem=True nz=True ynz=True cond=True claim_agree=True upper=2360.44599517  CERT
FAMILY VERIFY n=7 l=1000548673 : EXCLUDED (components certified 32 / 32 ; lines 64 ; failed lines 0)
FAMILY VERIFY PASS
