FACTORIZATION: 32 irreducible factors of degree 2 over F_1000939201: OK
17899821,0,1 RHO mem=True nz=True ynz=True cond=True claim_agree=True upper=0.935926531973  CERT
17899821,0,1 T   mem=True nz=True ynz=True cond=True claim_agree=True upper=2599.48156001  CERT
42330392,0,1 RHO mem=True nz=True ynz=True cond=True claim_agree=True upper=0.967800373794  CERT
42330392,0,1 T   mem=True nz=True ynz=True cond=True claim_agree=True upper=2725.89271942  CERT
86722150,0,1 RHO mem=True nz=True ynz=True cond=True claim_agree=True upper=0.970071473342  CERT
86722150,0,1 T   mem=True nz=True ynz=True cond=True claim_agree=True upper=3004.74598754  CERT
123432395,0,1 RHO mem=True nz=True ynz=True cond=True claim_agree=True upper=0.967800373794  CERT
123432395,0,1 T   mem=True nz=True ynz=True cond=True claim_agree=True upper=3035.64393690  CERT
127977571,0,1 RHO mem=True nz=True ynz=True cond=True claim_agree=True upper=0.979236195604  CERT
127977571,0,1 T   mem=True nz=True ynz=True cond=True claim_agree=True upper=3116.24429110  CERT
172977454,0,1 RHO mem=True nz=True ynz=True cond=True claim_agree=True upper=0.949180867057  CERT
172977454,0,1 T   mem=True nz=True ynz=True cond=True claim_agree=True upper=2453.66455585  CERT
243990602,0,1 RHO mem=True nz=True ynz=True cond=True claim_agree=True upper=0.934142262804  CERT
243990602,0,1 T   mem=True nz=True ynz=True cond=True claim_agree=True upper=1882.75453335  CERT
245612414,0,1 RHO mem=True nz=True ynz=True cond=True claim_agree=True upper=0.935926531973  CERT
245612414,0,1 T   mem=True nz=True ynz=True cond=True claim_agree=True upper=2431.45366776  CERT
258801543,0,1 RHO mem=True nz=True ynz=True cond=True claim_agree=True upper=0.966297020114  CERT
258801543,0,1 T   mem=True nz=True ynz=True cond=True claim_agree=True upper=2745.84148875  CERT
266422067,0,1 RHO mem=True nz=True ynz=True cond=True claim_agree=True upper=0.979236195604  CERT
266422067,0,1 T   mem=True nz=True ynz=True cond=True claim_agree=True upper=2577.91043369  CERT
353426518,0,1 RHO mem=True nz=True ynz=True cond=True claim_agree=True upper=0.934142262804  CERT
353426518,0,1 T   mem=True nz=True ynz=True cond=True claim_agree=True upper=1809.07155158  CERT
380538570,0,1 RHO mem=True nz=True ynz=True cond=True claim_agree=True upper=0.952668296984  CERT
380538570,0,1 T   mem=True nz=True ynz=True cond=True claim_agree=True upper=2683.38595192  CERT
390627143,0,1 RHO mem=True nz=True ynz=True cond=True claim_agree=True upper=0.966297020114  CERT
390627143,0,1 T   mem=True nz=True ynz=True cond=True claim_agree=True upper=2914.63915353  CERT
401491650,0,1 RHO mem=True nz=True ynz=True cond=True claim_agree=True upper=0.952668296984  CERT
401491650,0,1 T   mem=True nz=True ynz=True cond=True claim_agree=True upper=2428.86485279  CERT
404024448,0,1 RHO mem=True nz=True ynz=True cond=True claim_agree=True upper=0.901594419115  CERT
404024448,0,1 T   mem=True nz=True ynz=True cond=True claim_agree=True upper=1856.40233786  CERT
445568333,0,1 RHO mem=True nz=True ynz=True cond=True claim_agree=True upper=0.901594419115  CERT
445568333,0,1 T   mem=True nz=True ynz=True cond=True claim_agree=True upper=2193.86004212  CERT
555370868,0,1 RHO mem=True nz=True ynz=True cond=True claim_agree=True upper=0.922637023717  CERT
555370868,0,1 T   mem=True nz=True ynz=True cond=True claim_agree=True upper=1999.75021359  CERT
596914753,0,1 RHO mem=True nz=True ynz=True cond=True claim_agree=True upper=0.922637023717  CERT
596914753,0,1 T   mem=True nz=True ynz=True cond=True claim_agree=True upper=2230.41599990  CERT
599447551,0,1 RHO mem=True nz=True ynz=True cond=True claim_agree=True upper=0.972328470216  CERT
599447551,0,1 T   mem=True nz=True ynz=True cond=True claim_agree=True upper=2705.67328219  CERT
610312058,0,1 RHO mem=True nz=True ynz=True cond=True claim_agree=True upper=0.945059622423  CERT
610312058,0,1 T   mem=True nz=True ynz=True cond=True claim_agree=True upper=3251.28822785  CERT
620400631,0,1 RHO mem=True nz=True ynz=True cond=True claim_agree=True upper=0.972328470216  CERT
620400631,0,1 T   mem=True nz=True ynz=True cond=True claim_agree=True upper=2451.45620552  CERT
647512683,0,1 RHO mem=True nz=True ynz=True cond=True claim_agree=True upper=0.969909113212  CERT
647512683,0,1 T   mem=True nz=True ynz=True cond=True claim_agree=True upper=2445.03790302  CERT
734517134,0,1 RHO mem=True nz=True ynz=True cond=True claim_agree=True upper=0.936154920795  CERT
734517134,0,1 T   mem=True nz=True ynz=True cond=True claim_agree=True upper=2267.97912132  CERT
742137658,0,1 RHO mem=True nz=True ynz=True cond=True claim_agree=True upper=0.945059622423  CERT
742137658,0,1 T   mem=True nz=True ynz=True cond=True claim_agree=True upper=2263.92908120  CERT
755326787,0,1 RHO mem=True nz=True ynz=True cond=True claim_agree=True upper=0.934616876128  CERT
755326787,0,1 T   mem=True nz=True ynz=True cond=True claim_agree=True upper=2686.64737554  CERT
756948599,0,1 RHO mem=True nz=True ynz=True cond=True claim_agree=True upper=0.969909113212  CERT
756948599,0,1 T   mem=True nz=True ynz=True cond=True claim_agree=True upper=2645.39322755  CERT
827961747,0,1 RHO mem=True nz=True ynz=True cond=True claim_agree=True upper=0.971673551238  CERT
827961747,0,1 T   mem=True nz=True ynz=True cond=True claim_agree=True upper=2530.16619899  CERT
872961630,0,1 RHO mem=True nz=True ynz=True cond=True claim_agree=True upper=0.936154920795  CERT
872961630,0,1 T   mem=True nz=True ynz=True cond=True claim_agree=True upper=2502.56628465  CERT
877506806,0,1 RHO mem=True nz=True ynz=True cond=True claim_agree=True upper=0.942569537176  CERT
877506806,0,1 T   mem=True nz=True ynz=True cond=True claim_agree=True upper=1968.83433037  CERT
914217051,0,1 RHO mem=True nz=True ynz=True cond=True claim_agree=True upper=0.949180867057  CERT
914217051,0,1 T   mem=True nz=True ynz=True cond=True claim_agree=True upper=1982.88022837  CERT
958608809,0,1 RHO mem=True nz=True ynz=True cond=True claim_agree=True upper=0.942569537176  CERT
958608809,0,1 T   mem=True nz=True ynz=True cond=True claim_agree=True upper=2120.90954592  CERT
983039380,0,1 RHO mem=True nz=True ynz=True cond=True claim_agree=True upper=0.934616876128  CERT
983039380,0,1 T   mem=True nz=True ynz=True cond=True claim_agree=True upper=2404.25833787  CERT
FAMILY VERIFY n=7 l=1000939201 : EXCLUDED (components certified 32 / 32 ; lines 64 ; failed lines 0)
FAMILY VERIFY PASS
