FACTORIZATION: 32 irreducible factors of degree 2 over F_1000687169: OK
5337865,0,1 RHO mem=True nz=True ynz=True cond=True claim_agree=True upper=0.923695160915  CERT
5337865,0,1 T   mem=True nz=True ynz=True cond=True claim_agree=True upper=2588.36742921  CERT
55524078,0,1 RHO mem=True nz=True ynz=True cond=True claim_agree=True upper=0.954468060320  CERT
55524078,0,1 T   mem=True nz=True ynz=True cond=True claim_agree=True upper=2427.99342763  CERT
128059956,0,1 RHO mem=True nz=True ynz=True cond=True claim_agree=True upper=0.934231206122  CERT
128059956,0,1 T   mem=True nz=True ynz=True cond=True claim_agree=True upper=2296.84687572  CERT
147673700,0,1 RHO mem=True nz=True ynz=True cond=True claim_agree=True upper=0.944062546226  CERT
147673700,0,1 T   mem=True nz=True ynz=True cond=True claim_agree=True upper=2860.72127794  CERT
166371043,0,1 RHO mem=True nz=True ynz=True cond=True claim_agree=True upper=0.932241462034  CERT
166371043,0,1 T   mem=True nz=True ynz=True cond=True claim_agree=True upper=2406.32776089  CERT
240405456,0,1 RHO mem=True nz=True ynz=True cond=True claim_agree=True upper=0.886271290001  CERT
240405456,0,1 T   mem=True nz=True ynz=True cond=True claim_agree=True upper=1991.21033904  CERT
259996956,0,1 RHO mem=True nz=True ynz=True cond=True claim_agree=True upper=0.923576474919  CERT
259996956,0,1 T   mem=True nz=True ynz=True cond=True claim_agree=True upper=2322.28951760  CERT
293049787,0,1 RHO mem=True nz=True ynz=True cond=True claim_agree=True upper=0.933566370403  CERT
293049787,0,1 T   mem=True nz=True ynz=True cond=True claim_agree=True upper=2147.80247149  CERT
314785871,0,1 RHO mem=True nz=True ynz=True cond=True claim_agree=True upper=0.920499865147  CERT
314785871,0,1 T   mem=True nz=True ynz=True cond=True claim_agree=True upper=2144.22039653  CERT
350527243,0,1 RHO mem=True nz=True ynz=True cond=True claim_agree=True upper=0.954468060320  CERT
350527243,0,1 T   mem=True nz=True ynz=True cond=True claim_agree=True upper=2129.97933132  CERT
353273157,0,1 RHO mem=True nz=True ynz=True cond=True claim_agree=True upper=0.920499865147  CERT
353273157,0,1 T   mem=True nz=True ynz=True cond=True claim_agree=True upper=1882.02079987  CERT
364795371,0,1 RHO mem=True nz=True ynz=True cond=True claim_agree=True upper=0.886271290001  CERT
364795371,0,1 T   mem=True nz=True ynz=True cond=True claim_agree=True upper=2307.37906786  CERT
399232154,0,1 RHO mem=True nz=True ynz=True cond=True claim_agree=True upper=0.947206981092  CERT
399232154,0,1 T   mem=True nz=True ynz=True cond=True claim_agree=True upper=2520.62424920  CERT
421275207,0,1 RHO mem=True nz=True ynz=True cond=True claim_agree=True upper=0.923695160915  CERT
421275207,0,1 T   mem=True nz=True ynz=True cond=True claim_agree=True upper=1728.12128197  CERT
474023901,0,1 RHO mem=True nz=True ynz=True cond=True claim_agree=True upper=0.934231206122  CERT
474023901,0,1 T   mem=True nz=True ynz=True cond=True claim_agree=True upper=2446.87765152  CERT
494914973,0,1 RHO mem=True nz=True ynz=True cond=True claim_agree=True upper=0.947206981092  CERT
494914973,0,1 T   mem=True nz=True ynz=True cond=True claim_agree=True upper=2360.91049875  CERT
505772196,0,1 RHO mem=True nz=True ynz=True cond=True claim_agree=True upper=0.961416141348  CERT
505772196,0,1 T   mem=True nz=True ynz=True cond=True claim_agree=True upper=2190.60253519  CERT
526663268,0,1 RHO mem=True nz=True ynz=True cond=True claim_agree=True upper=0.987790530092  CERT
526663268,0,1 T   mem=True nz=True ynz=True cond=True claim_agree=True upper=2122.60698587  CERT
579411962,0,1 RHO mem=True nz=True ynz=True cond=True claim_agree=True upper=0.911056022067  CERT
579411962,0,1 T   mem=True nz=True ynz=True cond=True claim_agree=True upper=2316.06027561  CERT
601455015,0,1 RHO mem=True nz=True ynz=True cond=True claim_agree=True upper=0.961416141348  CERT
601455015,0,1 T   mem=True nz=True ynz=True cond=True claim_agree=True upper=2003.13070012  CERT
635891798,0,1 RHO mem=True nz=True ynz=True cond=True claim_agree=True upper=0.947822600570  CERT
635891798,0,1 T   mem=True nz=True ynz=True cond=True claim_agree=True upper=2639.73545935  CERT
647414012,0,1 RHO mem=True nz=True ynz=True cond=True claim_agree=True upper=0.943769112887  CERT
647414012,0,1 T   mem=True nz=True ynz=True cond=True claim_agree=True upper=2379.11097695  CERT
650159926,0,1 RHO mem=True nz=True ynz=True cond=True claim_agree=True upper=0.959648883011  CERT
650159926,0,1 T   mem=True nz=True ynz=True cond=True claim_agree=True upper=3177.92164034  CERT
685901298,0,1 RHO mem=True nz=True ynz=True cond=True claim_agree=True upper=0.943769112887  CERT
685901298,0,1 T   mem=True nz=True ynz=True cond=True claim_agree=True upper=2193.98733713  CERT
707637382,0,1 RHO mem=True nz=True ynz=True cond=True claim_agree=True upper=0.944062546226  CERT
707637382,0,1 T   mem=True nz=True ynz=True cond=True claim_agree=True upper=2146.88334352  CERT
740690213,0,1 RHO mem=True nz=True ynz=True cond=True claim_agree=True upper=0.932241462034  CERT
740690213,0,1 T   mem=True nz=True ynz=True cond=True claim_agree=True upper=1786.42131815  CERT
760281713,0,1 RHO mem=True nz=True ynz=True cond=True claim_agree=True upper=0.947822600570  CERT
760281713,0,1 T   mem=True nz=True ynz=True cond=True claim_agree=True upper=2408.82940456  CERT
834316126,0,1 RHO mem=True nz=True ynz=True cond=True claim_agree=True upper=0.923576474919  CERT
834316126,0,1 T   mem=True nz=True ynz=True cond=True claim_agree=True upper=2527.15742943  CERT
853013469,0,1 RHO mem=True nz=True ynz=True cond=True claim_agree=True upper=0.933566370403  CERT
853013469,0,1 T   mem=True nz=True ynz=True cond=True claim_agree=True upper=2921.85935105  CERT
872627213,0,1 RHO mem=True nz=True ynz=True cond=True claim_agree=True upper=0.987790530092  CERT
872627213,0,1 T   mem=True nz=True ynz=True cond=True claim_agree=True upper=2924.67881729  CERT
945163091,0,1 RHO mem=True nz=True ynz=True cond=True claim_agree=True upper=0.959648883011  CERT
945163091,0,1 T   mem=True nz=True ynz=True cond=True claim_agree=True upper=2727.37178997  CERT
995349304,0,1 RHO mem=True nz=True ynz=True cond=True claim_agree=True upper=0.911056022067  CERT
995349304,0,1 T   mem=True nz=True ynz=True cond=True claim_agree=True upper=2127.91176608  CERT
FAMILY VERIFY n=7 l=1000687169 : EXCLUDED (components certified 32 / 32 ; lines 64 ; failed lines 0)
FAMILY VERIFY PASS
