FACTORIZATION: 32 irreducible factors of degree 2 over F_1001271617: OK
22962168,0,1 RHO mem=True nz=True ynz=True cond=True claim_agree=True upper=0.901821799204  CERT
22962168,0,1 T   mem=True nz=True ynz=True cond=True claim_agree=True upper=2043.59928478  CERT
123530644,0,1 RHO mem=True nz=True ynz=True cond=True claim_agree=True upper=0.966563241608  CERT
123530644,0,1 T   mem=True nz=True ynz=True cond=True claim_agree=True upper=2717.22945675  CERT
155987896,0,1 RHO mem=True nz=True ynz=True cond=True claim_agree=True upper=0.930053338113  CERT
155987896,0,1 T   mem=True nz=True ynz=True cond=True claim_agree=True upper=2723.00925667  CERT
158453247,0,1 RHO mem=True nz=True ynz=True cond=True claim_agree=True upper=0.875335271165  CERT
158453247,0,1 T   mem=True nz=True ynz=True cond=True claim_agree=True upper=1512.35574084  CERT
227213202,0,1 RHO mem=True nz=True ynz=True cond=True claim_agree=True upper=0.944849598113  CERT
227213202,0,1 T   mem=True nz=True ynz=True cond=True claim_agree=True upper=2509.24618969  CERT
235839079,0,1 RHO mem=True nz=True ynz=True cond=True claim_agree=True upper=0.935323605196  CERT
235839079,0,1 T   mem=True nz=True ynz=True cond=True claim_agree=True upper=2756.14587266  CERT
238144409,0,1 RHO mem=True nz=True ynz=True cond=True claim_agree=True upper=0.935323605196  CERT
238144409,0,1 T   mem=True nz=True ynz=True cond=True claim_agree=True upper=2400.99712930  CERT
241128255,0,1 RHO mem=True nz=True ynz=True cond=True claim_agree=True upper=0.928053480905  CERT
241128255,0,1 T   mem=True nz=True ynz=True cond=True claim_agree=True upper=2902.51761619  CERT
280699234,0,1 RHO mem=True nz=True ynz=True cond=True claim_agree=True upper=0.928053480905  CERT
280699234,0,1 T   mem=True nz=True ynz=True cond=True claim_agree=True upper=2086.76668934  CERT
326612569,0,1 RHO mem=True nz=True ynz=True cond=True claim_agree=True upper=0.953833360911  CERT
326612569,0,1 T   mem=True nz=True ynz=True cond=True claim_agree=True upper=2400.00237924  CERT
333365830,0,1 RHO mem=True nz=True ynz=True cond=True claim_agree=True upper=0.929996554362  CERT
333365830,0,1 T   mem=True nz=True ynz=True cond=True claim_agree=True upper=2723.15705763  CERT
367762783,0,1 RHO mem=True nz=True ynz=True cond=True claim_agree=True upper=0.875335271165  CERT
367762783,0,1 T   mem=True nz=True ynz=True cond=True claim_agree=True upper=1888.00076963  CERT
394687301,0,1 RHO mem=True nz=True ynz=True cond=True claim_agree=True upper=0.894697899619  CERT
394687301,0,1 T   mem=True nz=True ynz=True cond=True claim_agree=True upper=1806.55001268  CERT
409179161,0,1 RHO mem=True nz=True ynz=True cond=True claim_agree=True upper=0.950472132627  CERT
409179161,0,1 T   mem=True nz=True ynz=True cond=True claim_agree=True upper=2270.55763561  CERT
422690646,0,1 RHO mem=True nz=True ynz=True cond=True claim_agree=True upper=0.944849598113  CERT
422690646,0,1 T   mem=True nz=True ynz=True cond=True claim_agree=True upper=2085.99981758  CERT
441019207,0,1 RHO mem=True nz=True ynz=True cond=True claim_agree=True upper=0.894697899619  CERT
441019207,0,1 T   mem=True nz=True ynz=True cond=True claim_agree=True upper=1736.76435151  CERT
560252410,0,1 RHO mem=True nz=True ynz=True cond=True claim_agree=True upper=0.910601172258  CERT
560252410,0,1 T   mem=True nz=True ynz=True cond=True claim_agree=True upper=2587.98093213  CERT
578580971,0,1 RHO mem=True nz=True ynz=True cond=True claim_agree=True upper=0.937640030819  CERT
578580971,0,1 T   mem=True nz=True ynz=True cond=True claim_agree=True upper=2397.39332307  CERT
592092456,0,1 RHO mem=True nz=True ynz=True cond=True claim_agree=True upper=0.953833360911  CERT
592092456,0,1 T   mem=True nz=True ynz=True cond=True claim_agree=True upper=2233.21137355  CERT
606584316,0,1 RHO mem=True nz=True ynz=True cond=True claim_agree=True upper=0.910601172258  CERT
606584316,0,1 T   mem=True nz=True ynz=True cond=True claim_agree=True upper=2356.36509843  CERT
633508834,0,1 RHO mem=True nz=True ynz=True cond=True claim_agree=True upper=0.963689012994  CERT
633508834,0,1 T   mem=True nz=True ynz=True cond=True claim_agree=True upper=2333.18625632  CERT
667905787,0,1 RHO mem=True nz=True ynz=True cond=True claim_agree=True upper=0.930053338113  CERT
667905787,0,1 T   mem=True nz=True ynz=True cond=True claim_agree=True upper=2230.45577581  CERT
674659048,0,1 RHO mem=True nz=True ynz=True cond=True claim_agree=True upper=0.950472132627  CERT
674659048,0,1 T   mem=True nz=True ynz=True cond=True claim_agree=True upper=2682.87098410  CERT
720572383,0,1 RHO mem=True nz=True ynz=True cond=True claim_agree=True upper=0.924471482456  CERT
720572383,0,1 T   mem=True nz=True ynz=True cond=True claim_agree=True upper=2093.71607969  CERT
760143362,0,1 RHO mem=True nz=True ynz=True cond=True claim_agree=True upper=0.924471482456  CERT
760143362,0,1 T   mem=True nz=True ynz=True cond=True claim_agree=True upper=2081.51956928  CERT
763127208,0,1 RHO mem=True nz=True ynz=True cond=True claim_agree=True upper=0.933268524234  CERT
763127208,0,1 T   mem=True nz=True ynz=True cond=True claim_agree=True upper=2265.65624111  CERT
765432538,0,1 RHO mem=True nz=True ynz=True cond=True claim_agree=True upper=0.933268524234  CERT
765432538,0,1 T   mem=True nz=True ynz=True cond=True claim_agree=True upper=2393.08579698  CERT
774058415,0,1 RHO mem=True nz=True ynz=True cond=True claim_agree=True upper=0.937640030819  CERT
774058415,0,1 T   mem=True nz=True ynz=True cond=True claim_agree=True upper=2231.47027363  CERT
842818370,0,1 RHO mem=True nz=True ynz=True cond=True claim_agree=True upper=0.963689012994  CERT
842818370,0,1 T   mem=True nz=True ynz=True cond=True claim_agree=True upper=2102.72813840  CERT
845283721,0,1 RHO mem=True nz=True ynz=True cond=True claim_agree=True upper=0.929996554362  CERT
845283721,0,1 T   mem=True nz=True ynz=True cond=True claim_agree=True upper=2439.70838415  CERT
877740973,0,1 RHO mem=True nz=True ynz=True cond=True claim_agree=True upper=0.901821799204  CERT
877740973,0,1 T   mem=True nz=True ynz=True cond=True claim_agree=True upper=2026.03689848  CERT
978309449,0,1 RHO mem=True nz=True ynz=True cond=True claim_agree=True upper=0.966563241608  CERT
978309449,0,1 T   mem=True nz=True ynz=True cond=True claim_agree=True upper=3086.31050995  CERT
FAMILY VERIFY n=7 l=1001271617 : EXCLUDED (components certified 32 / 32 ; lines 64 ; failed lines 0)
FAMILY VERIFY PASS
