FACTORIZATION: 32 irreducible factors of degree 2 over F_1000021697: OK
7209243,0,1 RHO mem=True nz=True ynz=True cond=True claim_agree=True upper=0.926654269941  CERT
7209243,0,1 T   mem=True nz=True ynz=True cond=True claim_agree=True upper=1924.83223420  CERT
19151474,0,1 RHO mem=True nz=True ynz=True cond=True claim_agree=True upper=0.940367055885  CERT
19151474,0,1 T   mem=True nz=True ynz=True cond=True claim_agree=True upper=2443.00418090  CERT
69353399,0,1 RHO mem=True nz=True ynz=True cond=True claim_agree=True upper=0.969989535782  CERT
69353399,0,1 T   mem=True nz=True ynz=True cond=True claim_agree=True upper=2996.92596508  CERT
141698333,0,1 RHO mem=True nz=True ynz=True cond=True claim_agree=True upper=0.931330106120  CERT
141698333,0,1 T   mem=True nz=True ynz=True cond=True claim_agree=True upper=2429.82195812  CERT
172104874,0,1 RHO mem=True nz=True ynz=True cond=True claim_agree=True upper=0.904872172742  CERT
172104874,0,1 T   mem=True nz=True ynz=True cond=True claim_agree=True upper=1717.14892116  CERT
191890468,0,1 RHO mem=True nz=True ynz=True cond=True claim_agree=True upper=0.952712086635  CERT
191890468,0,1 T   mem=True nz=True ynz=True cond=True claim_agree=True upper=2973.51232229  CERT
222977607,0,1 RHO mem=True nz=True ynz=True cond=True claim_agree=True upper=0.848577153874  CERT
222977607,0,1 T   mem=True nz=True ynz=True cond=True claim_agree=True upper=1559.36652357  CERT
235191000,0,1 RHO mem=True nz=True ynz=True cond=True claim_agree=True upper=0.907688403051  CERT
235191000,0,1 T   mem=True nz=True ynz=True cond=True claim_agree=True upper=1911.85521782  CERT
250261105,0,1 RHO mem=True nz=True ynz=True cond=True claim_agree=True upper=0.931330106120  CERT
250261105,0,1 T   mem=True nz=True ynz=True cond=True claim_agree=True upper=1974.65915170  CERT
262841284,0,1 RHO mem=True nz=True ynz=True cond=True claim_agree=True upper=0.940374828293  CERT
262841284,0,1 T   mem=True nz=True ynz=True cond=True claim_agree=True upper=1909.52506455  CERT
275229764,0,1 RHO mem=True nz=True ynz=True cond=True claim_agree=True upper=0.940374828293  CERT
275229764,0,1 T   mem=True nz=True ynz=True cond=True claim_agree=True upper=1999.79989869  CERT
291399135,0,1 RHO mem=True nz=True ynz=True cond=True claim_agree=True upper=0.907688403051  CERT
291399135,0,1 T   mem=True nz=True ynz=True cond=True claim_agree=True upper=2010.28622643  CERT
317995738,0,1 RHO mem=True nz=True ynz=True cond=True claim_agree=True upper=0.955140100790  CERT
317995738,0,1 T   mem=True nz=True ynz=True cond=True claim_agree=True upper=2313.94597061  CERT
386755142,0,1 RHO mem=True nz=True ynz=True cond=True claim_agree=True upper=0.952712086635  CERT
386755142,0,1 T   mem=True nz=True ynz=True cond=True claim_agree=True upper=2297.48004005  CERT
450565055,0,1 RHO mem=True nz=True ynz=True cond=True claim_agree=True upper=0.929451288104  CERT
450565055,0,1 T   mem=True nz=True ynz=True cond=True claim_agree=True upper=2837.32862511  CERT
491689614,0,1 RHO mem=True nz=True ynz=True cond=True claim_agree=True upper=0.926654269941  CERT
491689614,0,1 T   mem=True nz=True ynz=True cond=True claim_agree=True upper=1885.99429372  CERT
508332083,0,1 RHO mem=True nz=True ynz=True cond=True claim_agree=True upper=0.940074488496  CERT
508332083,0,1 T   mem=True nz=True ynz=True cond=True claim_agree=True upper=2502.11513221  CERT
549456642,0,1 RHO mem=True nz=True ynz=True cond=True claim_agree=True upper=0.848577153874  CERT
549456642,0,1 T   mem=True nz=True ynz=True cond=True claim_agree=True upper=2235.40877973  CERT
613266555,0,1 RHO mem=True nz=True ynz=True cond=True claim_agree=True upper=0.856146474580  CERT
613266555,0,1 T   mem=True nz=True ynz=True cond=True claim_agree=True upper=1737.88632917  CERT
682025959,0,1 RHO mem=True nz=True ynz=True cond=True claim_agree=True upper=0.904872172742  CERT
682025959,0,1 T   mem=True nz=True ynz=True cond=True claim_agree=True upper=2502.13126933  CERT
708622562,0,1 RHO mem=True nz=True ynz=True cond=True claim_agree=True upper=0.924660323350  CERT
708622562,0,1 T   mem=True nz=True ynz=True cond=True claim_agree=True upper=1993.79914436  CERT
724791933,0,1 RHO mem=True nz=True ynz=True cond=True claim_agree=True upper=0.928845877923  CERT
724791933,0,1 T   mem=True nz=True ynz=True cond=True claim_agree=True upper=1958.82273245  CERT
737180413,0,1 RHO mem=True nz=True ynz=True cond=True claim_agree=True upper=0.928845877923  CERT
737180413,0,1 T   mem=True nz=True ynz=True cond=True claim_agree=True upper=2487.74355621  CERT
749760592,0,1 RHO mem=True nz=True ynz=True cond=True claim_agree=True upper=0.916118182537  CERT
749760592,0,1 T   mem=True nz=True ynz=True cond=True claim_agree=True upper=1927.74501448  CERT
764830697,0,1 RHO mem=True nz=True ynz=True cond=True claim_agree=True upper=0.924660323350  CERT
764830697,0,1 T   mem=True nz=True ynz=True cond=True claim_agree=True upper=2293.33782529  CERT
777044090,0,1 RHO mem=True nz=True ynz=True cond=True claim_agree=True upper=0.929451288104  CERT
777044090,0,1 T   mem=True nz=True ynz=True cond=True claim_agree=True upper=1757.92409773  CERT
808131229,0,1 RHO mem=True nz=True ynz=True cond=True claim_agree=True upper=0.856146474580  CERT
808131229,0,1 T   mem=True nz=True ynz=True cond=True claim_agree=True upper=2189.64391187  CERT
827916823,0,1 RHO mem=True nz=True ynz=True cond=True claim_agree=True upper=0.955140100790  CERT
827916823,0,1 T   mem=True nz=True ynz=True cond=True claim_agree=True upper=2396.10589178  CERT
858323364,0,1 RHO mem=True nz=True ynz=True cond=True claim_agree=True upper=0.916118182537  CERT
858323364,0,1 T   mem=True nz=True ynz=True cond=True claim_agree=True upper=1988.41604875  CERT
930668298,0,1 RHO mem=True nz=True ynz=True cond=True claim_agree=True upper=0.940367055885  CERT
930668298,0,1 T   mem=True nz=True ynz=True cond=True claim_agree=True upper=2273.06086593  CERT
980870223,0,1 RHO mem=True nz=True ynz=True cond=True claim_agree=True upper=0.969989535782  CERT
980870223,0,1 T   mem=True nz=True ynz=True cond=True claim_agree=True upper=2288.25007822  CERT
992812454,0,1 RHO mem=True nz=True ynz=True cond=True claim_agree=True upper=0.940074488496  CERT
992812454,0,1 T   mem=True nz=True ynz=True cond=True claim_agree=True upper=1955.68344777  CERT
FAMILY VERIFY n=7 l=1000021697 : EXCLUDED (components certified 32 / 32 ; lines 64 ; failed lines 0)
FAMILY VERIFY PASS
