FACTORIZATION: 32 irreducible factors of degree 2 over F_1000661569: OK
16057414,0,1 RHO mem=True nz=True ynz=True cond=True claim_agree=True upper=0.946435021650  CERT
16057414,0,1 T   mem=True nz=True ynz=True cond=True claim_agree=True upper=2297.34174652  CERT
76032926,0,1 RHO mem=True nz=True ynz=True cond=True claim_agree=True upper=0.930100381926  CERT
76032926,0,1 T   mem=True nz=True ynz=True cond=True claim_agree=True upper=2005.65666883  CERT
134135810,0,1 RHO mem=True nz=True ynz=True cond=True claim_agree=True upper=0.953844150204  CERT
134135810,0,1 T   mem=True nz=True ynz=True cond=True claim_agree=True upper=2213.43299371  CERT
144019035,0,1 RHO mem=True nz=True ynz=True cond=True claim_agree=True upper=0.940279338204  CERT
144019035,0,1 T   mem=True nz=True ynz=True cond=True claim_agree=True upper=2317.38630025  CERT
152251148,0,1 RHO mem=True nz=True ynz=True cond=True claim_agree=True upper=0.963324957180  CERT
152251148,0,1 T   mem=True nz=True ynz=True cond=True claim_agree=True upper=2348.92467969  CERT
233509075,0,1 RHO mem=True nz=True ynz=True cond=True claim_agree=True upper=0.953844150204  CERT
233509075,0,1 T   mem=True nz=True ynz=True cond=True claim_agree=True upper=2064.32294703  CERT
277384003,0,1 RHO mem=True nz=True ynz=True cond=True claim_agree=True upper=0.959865670442  CERT
277384003,0,1 T   mem=True nz=True ynz=True cond=True claim_agree=True upper=1878.76055818  CERT
277617457,0,1 RHO mem=True nz=True ynz=True cond=True claim_agree=True upper=0.959865670442  CERT
277617457,0,1 T   mem=True nz=True ynz=True cond=True claim_agree=True upper=2492.28450102  CERT
302646742,0,1 RHO mem=True nz=True ynz=True cond=True claim_agree=True upper=0.957758492045  CERT
302646742,0,1 T   mem=True nz=True ynz=True cond=True claim_agree=True upper=2007.22121482  CERT
319151946,0,1 RHO mem=True nz=True ynz=True cond=True claim_agree=True upper=0.945515434113  CERT
319151946,0,1 T   mem=True nz=True ynz=True cond=True claim_agree=True upper=2714.11802730  CERT
372397975,0,1 RHO mem=True nz=True ynz=True cond=True claim_agree=True upper=0.957758492045  CERT
372397975,0,1 T   mem=True nz=True ynz=True cond=True claim_agree=True upper=2575.54088546  CERT
427695749,0,1 RHO mem=True nz=True ynz=True cond=True claim_agree=True upper=0.936629806965  CERT
427695749,0,1 T   mem=True nz=True ynz=True cond=True claim_agree=True upper=2195.73859623  CERT
429774712,0,1 RHO mem=True nz=True ynz=True cond=True claim_agree=True upper=0.952053451535  CERT
429774712,0,1 T   mem=True nz=True ynz=True cond=True claim_agree=True upper=3032.03479399  CERT
435078580,0,1 RHO mem=True nz=True ynz=True cond=True claim_agree=True upper=0.940279338204  CERT
435078580,0,1 T   mem=True nz=True ynz=True cond=True claim_agree=True upper=2226.29230913  CERT
471084503,0,1 RHO mem=True nz=True ynz=True cond=True claim_agree=True upper=0.936629806965  CERT
471084503,0,1 T   mem=True nz=True ynz=True cond=True claim_agree=True upper=2026.12638452  CERT
475265279,0,1 RHO mem=True nz=True ynz=True cond=True claim_agree=True upper=0.945515434113  CERT
475265279,0,1 T   mem=True nz=True ynz=True cond=True claim_agree=True upper=2646.54496092  CERT
525396290,0,1 RHO mem=True nz=True ynz=True cond=True claim_agree=True upper=0.961726981097  CERT
525396290,0,1 T   mem=True nz=True ynz=True cond=True claim_agree=True upper=2304.02072692  CERT
529577066,0,1 RHO mem=True nz=True ynz=True cond=True claim_agree=True upper=0.970475402470  CERT
529577066,0,1 T   mem=True nz=True ynz=True cond=True claim_agree=True upper=2880.20459440  CERT
565582989,0,1 RHO mem=True nz=True ynz=True cond=True claim_agree=True upper=0.954635273802  CERT
565582989,0,1 T   mem=True nz=True ynz=True cond=True claim_agree=True upper=2237.85542743  CERT
570886857,0,1 RHO mem=True nz=True ynz=True cond=True claim_agree=True upper=0.963324957180  CERT
570886857,0,1 T   mem=True nz=True ynz=True cond=True claim_agree=True upper=2761.36911903  CERT
572965820,0,1 RHO mem=True nz=True ynz=True cond=True claim_agree=True upper=0.970475402470  CERT
572965820,0,1 T   mem=True nz=True ynz=True cond=True claim_agree=True upper=2707.00816480  CERT
628263594,0,1 RHO mem=True nz=True ynz=True cond=True claim_agree=True upper=0.957445289396  CERT
628263594,0,1 T   mem=True nz=True ynz=True cond=True claim_agree=True upper=2591.70869894  CERT
681509623,0,1 RHO mem=True nz=True ynz=True cond=True claim_agree=True upper=0.961726981097  CERT
681509623,0,1 T   mem=True nz=True ynz=True cond=True claim_agree=True upper=2127.19669487  CERT
698014827,0,1 RHO mem=True nz=True ynz=True cond=True claim_agree=True upper=0.957445289396  CERT
698014827,0,1 T   mem=True nz=True ynz=True cond=True claim_agree=True upper=2284.94262831  CERT
723044112,0,1 RHO mem=True nz=True ynz=True cond=True claim_agree=True upper=0.965284876019  CERT
723044112,0,1 T   mem=True nz=True ynz=True cond=True claim_agree=True upper=2297.04620765  CERT
723277566,0,1 RHO mem=True nz=True ynz=True cond=True claim_agree=True upper=0.965284876019  CERT
723277566,0,1 T   mem=True nz=True ynz=True cond=True claim_agree=True upper=2439.00650075  CERT
767152494,0,1 RHO mem=True nz=True ynz=True cond=True claim_agree=True upper=0.946827365413  CERT
767152494,0,1 T   mem=True nz=True ynz=True cond=True claim_agree=True upper=2319.39953807  CERT
848410421,0,1 RHO mem=True nz=True ynz=True cond=True claim_agree=True upper=0.952053451535  CERT
848410421,0,1 T   mem=True nz=True ynz=True cond=True claim_agree=True upper=2264.51458481  CERT
856642534,0,1 RHO mem=True nz=True ynz=True cond=True claim_agree=True upper=0.954635273802  CERT
856642534,0,1 T   mem=True nz=True ynz=True cond=True claim_agree=True upper=2497.98094627  CERT
866525759,0,1 RHO mem=True nz=True ynz=True cond=True claim_agree=True upper=0.946827365413  CERT
866525759,0,1 T   mem=True nz=True ynz=True cond=True claim_agree=True upper=2562.64826387  CERT
924628643,0,1 RHO mem=True nz=True ynz=True cond=True claim_agree=True upper=0.946435021650  CERT
924628643,0,1 T   mem=True nz=True ynz=True cond=True claim_agree=True upper=2271.27951008  CERT
984604155,0,1 RHO mem=True nz=True ynz=True cond=True claim_agree=True upper=0.930100381926  CERT
984604155,0,1 T   mem=True nz=True ynz=True cond=True claim_agree=True upper=2083.53996309  CERT
FAMILY VERIFY n=7 l=1000661569 : EXCLUDED (components certified 32 / 32 ; lines 64 ; failed lines 0)
FAMILY VERIFY PASS
