FACTORIZATION: 32 irreducible factors of degree 2 over F_1000347841: OK
34136199,0,1 RHO mem=True nz=True ynz=True cond=True claim_agree=True upper=0.955627330613  CERT
34136199,0,1 T   mem=True nz=True ynz=True cond=True claim_agree=True upper=2876.79714503  CERT
56294011,0,1 RHO mem=True nz=True ynz=True cond=True claim_agree=True upper=0.928757371493  CERT
56294011,0,1 T   mem=True nz=True ynz=True cond=True claim_agree=True upper=2084.33506095  CERT
100663581,0,1 RHO mem=True nz=True ynz=True cond=True claim_agree=True upper=0.899761277226  CERT
100663581,0,1 T   mem=True nz=True ynz=True cond=True claim_agree=True upper=1871.98128622  CERT
119469879,0,1 RHO mem=True nz=True ynz=True cond=True claim_agree=True upper=0.919290283595  CERT
119469879,0,1 T   mem=True nz=True ynz=True cond=True claim_agree=True upper=2669.60949787  CERT
141759349,0,1 RHO mem=True nz=True ynz=True cond=True claim_agree=True upper=0.966239444073  CERT
141759349,0,1 T   mem=True nz=True ynz=True cond=True claim_agree=True upper=2917.21509325  CERT
145700438,0,1 RHO mem=True nz=True ynz=True cond=True claim_agree=True upper=0.919290283595  CERT
145700438,0,1 T   mem=True nz=True ynz=True cond=True claim_agree=True upper=2627.68734579  CERT
201216997,0,1 RHO mem=True nz=True ynz=True cond=True claim_agree=True upper=0.966239444073  CERT
201216997,0,1 T   mem=True nz=True ynz=True cond=True claim_agree=True upper=3207.85579925  CERT
222175298,0,1 RHO mem=True nz=True ynz=True cond=True claim_agree=True upper=0.915091657176  CERT
222175298,0,1 T   mem=True nz=True ynz=True cond=True claim_agree=True upper=2119.64990883  CERT
225145388,0,1 RHO mem=True nz=True ynz=True cond=True claim_agree=True upper=0.931747608370  CERT
225145388,0,1 T   mem=True nz=True ynz=True cond=True claim_agree=True upper=3031.30165064  CERT
324357242,0,1 RHO mem=True nz=True ynz=True cond=True claim_agree=True upper=0.928757371493  CERT
324357242,0,1 T   mem=True nz=True ynz=True cond=True claim_agree=True upper=2003.35237918  CERT
357083007,0,1 RHO mem=True nz=True ynz=True cond=True claim_agree=True upper=0.916038229304  CERT
357083007,0,1 T   mem=True nz=True ynz=True cond=True claim_agree=True upper=2131.30101745  CERT
394744288,0,1 RHO mem=True nz=True ynz=True cond=True claim_agree=True upper=0.922539344301  CERT
394744288,0,1 T   mem=True nz=True ynz=True cond=True claim_agree=True upper=2291.78980495  CERT
410850066,0,1 RHO mem=True nz=True ynz=True cond=True claim_agree=True upper=0.905233423144  CERT
410850066,0,1 T   mem=True nz=True ynz=True cond=True claim_agree=True upper=2080.45040805  CERT
433431878,0,1 RHO mem=True nz=True ynz=True cond=True claim_agree=True upper=0.936436996054  CERT
433431878,0,1 T   mem=True nz=True ynz=True cond=True claim_agree=True upper=1875.03266250  CERT
436230649,0,1 RHO mem=True nz=True ynz=True cond=True claim_agree=True upper=0.938859085776  CERT
436230649,0,1 T   mem=True nz=True ynz=True cond=True claim_agree=True upper=2613.51724144  CERT
466682884,0,1 RHO mem=True nz=True ynz=True cond=True claim_agree=True upper=0.905233423144  CERT
466682884,0,1 T   mem=True nz=True ynz=True cond=True claim_agree=True upper=1773.27765942  CERT
533664957,0,1 RHO mem=True nz=True ynz=True cond=True claim_agree=True upper=0.957424229915  CERT
533664957,0,1 T   mem=True nz=True ynz=True cond=True claim_agree=True upper=2570.73614888  CERT
564117192,0,1 RHO mem=True nz=True ynz=True cond=True claim_agree=True upper=0.899761277226  CERT
564117192,0,1 T   mem=True nz=True ynz=True cond=True claim_agree=True upper=2842.41629964  CERT
566915963,0,1 RHO mem=True nz=True ynz=True cond=True claim_agree=True upper=0.922539344301  CERT
566915963,0,1 T   mem=True nz=True ynz=True cond=True claim_agree=True upper=2184.59999197  CERT
589497775,0,1 RHO mem=True nz=True ynz=True cond=True claim_agree=True upper=0.957424229915  CERT
589497775,0,1 T   mem=True nz=True ynz=True cond=True claim_agree=True upper=3295.42423938  CERT
605603553,0,1 RHO mem=True nz=True ynz=True cond=True claim_agree=True upper=0.936436996054  CERT
605603553,0,1 T   mem=True nz=True ynz=True cond=True claim_agree=True upper=2349.67839744  CERT
643264834,0,1 RHO mem=True nz=True ynz=True cond=True claim_agree=True upper=0.931747608370  CERT
643264834,0,1 T   mem=True nz=True ynz=True cond=True claim_agree=True upper=2559.30517738  CERT
675990599,0,1 RHO mem=True nz=True ynz=True cond=True claim_agree=True upper=0.898950070552  CERT
675990599,0,1 T   mem=True nz=True ynz=True cond=True claim_agree=True upper=2457.27571024  CERT
775202453,0,1 RHO mem=True nz=True ynz=True cond=True claim_agree=True upper=0.916038229304  CERT
775202453,0,1 T   mem=True nz=True ynz=True cond=True claim_agree=True upper=2686.87567446  CERT
778172543,0,1 RHO mem=True nz=True ynz=True cond=True claim_agree=True upper=0.955627330613  CERT
778172543,0,1 T   mem=True nz=True ynz=True cond=True claim_agree=True upper=2348.14975862  CERT
799130844,0,1 RHO mem=True nz=True ynz=True cond=True claim_agree=True upper=0.919874615897  CERT
799130844,0,1 T   mem=True nz=True ynz=True cond=True claim_agree=True upper=2492.65701260  CERT
854647403,0,1 RHO mem=True nz=True ynz=True cond=True claim_agree=True upper=0.919980510431  CERT
854647403,0,1 T   mem=True nz=True ynz=True cond=True claim_agree=True upper=2274.64026166  CERT
858588492,0,1 RHO mem=True nz=True ynz=True cond=True claim_agree=True upper=0.919874615897  CERT
858588492,0,1 T   mem=True nz=True ynz=True cond=True claim_agree=True upper=3262.34871851  CERT
880877962,0,1 RHO mem=True nz=True ynz=True cond=True claim_agree=True upper=0.919980510431  CERT
880877962,0,1 T   mem=True nz=True ynz=True cond=True claim_agree=True upper=2076.43487636  CERT
899684260,0,1 RHO mem=True nz=True ynz=True cond=True claim_agree=True upper=0.938859085776  CERT
899684260,0,1 T   mem=True nz=True ynz=True cond=True claim_agree=True upper=2480.30322042  CERT
944053830,0,1 RHO mem=True nz=True ynz=True cond=True claim_agree=True upper=0.898950070552  CERT
944053830,0,1 T   mem=True nz=True ynz=True cond=True claim_agree=True upper=2444.09815063  CERT
966211642,0,1 RHO mem=True nz=True ynz=True cond=True claim_agree=True upper=0.915091657176  CERT
966211642,0,1 T   mem=True nz=True ynz=True cond=True claim_agree=True upper=2304.15384861  CERT
FAMILY VERIFY n=7 l=1000347841 : EXCLUDED (components certified 32 / 32 ; lines 64 ; failed lines 0)
FAMILY VERIFY PASS
