FACTORIZATION: 32 irreducible factors of degree 2 over F_1000500929: OK
10534615,0,1 RHO mem=True nz=True ynz=True cond=True claim_agree=True upper=0.936102178393  CERT
10534615,0,1 T   mem=True nz=True ynz=True cond=True claim_agree=True upper=2111.42405235  CERT
100650105,0,1 RHO mem=True nz=True ynz=True cond=True claim_agree=True upper=0.929347441446  CERT
100650105,0,1 T   mem=True nz=True ynz=True cond=True claim_agree=True upper=2627.94219354  CERT
108186291,0,1 RHO mem=True nz=True ynz=True cond=True claim_agree=True upper=0.923881029350  CERT
108186291,0,1 T   mem=True nz=True ynz=True cond=True claim_agree=True upper=2152.52960560  CERT
120939323,0,1 RHO mem=True nz=True ynz=True cond=True claim_agree=True upper=0.979221623156  CERT
120939323,0,1 T   mem=True nz=True ynz=True cond=True claim_agree=True upper=2468.34953036  CERT
124977060,0,1 RHO mem=True nz=True ynz=True cond=True claim_agree=True upper=0.962693018464  CERT
124977060,0,1 T   mem=True nz=True ynz=True cond=True claim_agree=True upper=2883.89750153  CERT
191842352,0,1 RHO mem=True nz=True ynz=True cond=True claim_agree=True upper=0.950214714844  CERT
191842352,0,1 T   mem=True nz=True ynz=True cond=True claim_agree=True upper=1998.63393195  CERT
225650029,0,1 RHO mem=True nz=True ynz=True cond=True claim_agree=True upper=0.936102178393  CERT
225650029,0,1 T   mem=True nz=True ynz=True cond=True claim_agree=True upper=2118.48277441  CERT
226957415,0,1 RHO mem=True nz=True ynz=True cond=True claim_agree=True upper=0.929941560494  CERT
226957415,0,1 T   mem=True nz=True ynz=True cond=True claim_agree=True upper=2381.94611814  CERT
254012079,0,1 RHO mem=True nz=True ynz=True cond=True claim_agree=True upper=0.930071181380  CERT
254012079,0,1 T   mem=True nz=True ynz=True cond=True claim_agree=True upper=1732.77638757  CERT
343783614,0,1 RHO mem=True nz=True ynz=True cond=True claim_agree=True upper=0.927023063183  CERT
343783614,0,1 T   mem=True nz=True ynz=True cond=True claim_agree=True upper=2182.96314893  CERT
371362085,0,1 RHO mem=True nz=True ynz=True cond=True claim_agree=True upper=0.950815682643  CERT
371362085,0,1 T   mem=True nz=True ynz=True cond=True claim_agree=True upper=3180.85000172  CERT
384835706,0,1 RHO mem=True nz=True ynz=True cond=True claim_agree=True upper=0.948065771017  CERT
384835706,0,1 T   mem=True nz=True ynz=True cond=True claim_agree=True upper=2496.21851121  CERT
421469414,0,1 RHO mem=True nz=True ynz=True cond=True claim_agree=True upper=0.953886999729  CERT
421469414,0,1 T   mem=True nz=True ynz=True cond=True claim_agree=True upper=2746.08895756  CERT
428512165,0,1 RHO mem=True nz=True ynz=True cond=True claim_agree=True upper=0.930771071075  CERT
428512165,0,1 T   mem=True nz=True ynz=True cond=True claim_agree=True upper=1568.09505182  CERT
482180865,0,1 RHO mem=True nz=True ynz=True cond=True claim_agree=True upper=0.929347441446  CERT
482180865,0,1 T   mem=True nz=True ynz=True cond=True claim_agree=True upper=2776.03495463  CERT
485313021,0,1 RHO mem=True nz=True ynz=True cond=True claim_agree=True upper=0.920859010290  CERT
485313021,0,1 T   mem=True nz=True ynz=True cond=True claim_agree=True upper=1702.18293198  CERT
515187908,0,1 RHO mem=True nz=True ynz=True cond=True claim_agree=True upper=0.923881029350  CERT
515187908,0,1 T   mem=True nz=True ynz=True cond=True claim_agree=True upper=2418.46176882  CERT
518320064,0,1 RHO mem=True nz=True ynz=True cond=True claim_agree=True upper=0.965251382161  CERT
518320064,0,1 T   mem=True nz=True ynz=True cond=True claim_agree=True upper=2747.18538867  CERT
571988764,0,1 RHO mem=True nz=True ynz=True cond=True claim_agree=True upper=0.979221623156  CERT
571988764,0,1 T   mem=True nz=True ynz=True cond=True claim_agree=True upper=2671.32042248  CERT
579031515,0,1 RHO mem=True nz=True ynz=True cond=True claim_agree=True upper=0.950214714844  CERT
579031515,0,1 T   mem=True nz=True ynz=True cond=True claim_agree=True upper=1887.52270559  CERT
615665223,0,1 RHO mem=True nz=True ynz=True cond=True claim_agree=True upper=0.930071181380  CERT
615665223,0,1 T   mem=True nz=True ynz=True cond=True claim_agree=True upper=2299.62453921  CERT
629138844,0,1 RHO mem=True nz=True ynz=True cond=True claim_agree=True upper=0.927023063183  CERT
629138844,0,1 T   mem=True nz=True ynz=True cond=True claim_agree=True upper=2251.31954351  CERT
656717315,0,1 RHO mem=True nz=True ynz=True cond=True claim_agree=True upper=0.950815682643  CERT
656717315,0,1 T   mem=True nz=True ynz=True cond=True claim_agree=True upper=2249.04196405  CERT
746488850,0,1 RHO mem=True nz=True ynz=True cond=True claim_agree=True upper=0.948065771017  CERT
746488850,0,1 T   mem=True nz=True ynz=True cond=True claim_agree=True upper=2383.45344554  CERT
773543514,0,1 RHO mem=True nz=True ynz=True cond=True claim_agree=True upper=0.962693018464  CERT
773543514,0,1 T   mem=True nz=True ynz=True cond=True claim_agree=True upper=2305.46121971  CERT
774850900,0,1 RHO mem=True nz=True ynz=True cond=True claim_agree=True upper=0.951875398823  CERT
774850900,0,1 T   mem=True nz=True ynz=True cond=True claim_agree=True upper=2817.80855516  CERT
808658577,0,1 RHO mem=True nz=True ynz=True cond=True claim_agree=True upper=0.953886999729  CERT
808658577,0,1 T   mem=True nz=True ynz=True cond=True claim_agree=True upper=2866.01065637  CERT
875523869,0,1 RHO mem=True nz=True ynz=True cond=True claim_agree=True upper=0.929941560494  CERT
875523869,0,1 T   mem=True nz=True ynz=True cond=True claim_agree=True upper=2586.24918944  CERT
879561606,0,1 RHO mem=True nz=True ynz=True cond=True claim_agree=True upper=0.930771071075  CERT
879561606,0,1 T   mem=True nz=True ynz=True cond=True claim_agree=True upper=2047.54669171  CERT
892314638,0,1 RHO mem=True nz=True ynz=True cond=True claim_agree=True upper=0.920859010290  CERT
892314638,0,1 T   mem=True nz=True ynz=True cond=True claim_agree=True upper=2380.00950642  CERT
899850824,0,1 RHO mem=True nz=True ynz=True cond=True claim_agree=True upper=0.965251382161  CERT
899850824,0,1 T   mem=True nz=True ynz=True cond=True claim_agree=True upper=2456.68753469  CERT
989966314,0,1 RHO mem=True nz=True ynz=True cond=True claim_agree=True upper=0.951875398823  CERT
989966314,0,1 T   mem=True nz=True ynz=True cond=True claim_agree=True upper=2318.42000741  CERT
FAMILY VERIFY n=7 l=1000500929 : EXCLUDED (components certified 32 / 32 ; lines 64 ; failed lines 0)
FAMILY VERIFY PASS
