FACTORIZATION: 32 irreducible factors of degree 2 over F_1000733761: OK
17236908,0,1 RHO mem=True nz=True ynz=True cond=True claim_agree=True upper=0.900344368384  CERT
17236908,0,1 T   mem=True nz=True ynz=True cond=True claim_agree=True upper=2835.33751693  CERT
41776487,0,1 RHO mem=True nz=True ynz=True cond=True claim_agree=True upper=0.957021288340  CERT
41776487,0,1 T   mem=True nz=True ynz=True cond=True claim_agree=True upper=3176.52874767  CERT
45592075,0,1 RHO mem=True nz=True ynz=True cond=True claim_agree=True upper=0.909786146222  CERT
45592075,0,1 T   mem=True nz=True ynz=True cond=True claim_agree=True upper=1688.55235407  CERT
157205093,0,1 RHO mem=True nz=True ynz=True cond=True claim_agree=True upper=0.924657788751  CERT
157205093,0,1 T   mem=True nz=True ynz=True cond=True claim_agree=True upper=2070.99433723  CERT
165589130,0,1 RHO mem=True nz=True ynz=True cond=True claim_agree=True upper=0.917898675391  CERT
165589130,0,1 T   mem=True nz=True ynz=True cond=True claim_agree=True upper=1933.81867598  CERT
174473436,0,1 RHO mem=True nz=True ynz=True cond=True claim_agree=True upper=0.941443838161  CERT
174473436,0,1 T   mem=True nz=True ynz=True cond=True claim_agree=True upper=2222.05117218  CERT
208999977,0,1 RHO mem=True nz=True ynz=True cond=True claim_agree=True upper=0.955786809239  CERT
208999977,0,1 T   mem=True nz=True ynz=True cond=True claim_agree=True upper=2260.65518679  CERT
234888654,0,1 RHO mem=True nz=True ynz=True cond=True claim_agree=True upper=0.909786146222  CERT
234888654,0,1 T   mem=True nz=True ynz=True cond=True claim_agree=True upper=1969.59906427  CERT
269288744,0,1 RHO mem=True nz=True ynz=True cond=True claim_agree=True upper=0.964125928351  CERT
269288744,0,1 T   mem=True nz=True ynz=True cond=True claim_agree=True upper=2634.60931076  CERT
285240718,0,1 RHO mem=True nz=True ynz=True cond=True claim_agree=True upper=0.900344368384  CERT
285240718,0,1 T   mem=True nz=True ynz=True cond=True claim_agree=True upper=2321.90547902  CERT
299829967,0,1 RHO mem=True nz=True ynz=True cond=True claim_agree=True upper=0.899781337091  CERT
299829967,0,1 T   mem=True nz=True ynz=True cond=True claim_agree=True upper=2795.50615142  CERT
312099727,0,1 RHO mem=True nz=True ynz=True cond=True claim_agree=True upper=0.926519421471  CERT
312099727,0,1 T   mem=True nz=True ynz=True cond=True claim_agree=True upper=2020.50401688  CERT
353363771,0,1 RHO mem=True nz=True ynz=True cond=True claim_agree=True upper=0.941666879670  CERT
353363771,0,1 T   mem=True nz=True ynz=True cond=True claim_agree=True upper=2712.88199006  CERT
432899526,0,1 RHO mem=True nz=True ynz=True cond=True claim_agree=True upper=0.899781337091  CERT
432899526,0,1 T   mem=True nz=True ynz=True cond=True claim_agree=True upper=2359.43625655  CERT
454158887,0,1 RHO mem=True nz=True ynz=True cond=True claim_agree=True upper=0.924443672827  CERT
454158887,0,1 T   mem=True nz=True ynz=True cond=True claim_agree=True upper=2256.61731036  CERT
481382721,0,1 RHO mem=True nz=True ynz=True cond=True claim_agree=True upper=0.941666879670  CERT
481382721,0,1 T   mem=True nz=True ynz=True cond=True claim_agree=True upper=2582.42110154  CERT
519351040,0,1 RHO mem=True nz=True ynz=True cond=True claim_agree=True upper=0.956611094901  CERT
519351040,0,1 T   mem=True nz=True ynz=True cond=True claim_agree=True upper=2733.62552077  CERT
546574874,0,1 RHO mem=True nz=True ynz=True cond=True claim_agree=True upper=0.955786809239  CERT
546574874,0,1 T   mem=True nz=True ynz=True cond=True claim_agree=True upper=2262.48771364  CERT
567834235,0,1 RHO mem=True nz=True ynz=True cond=True claim_agree=True upper=0.947579141487  CERT
567834235,0,1 T   mem=True nz=True ynz=True cond=True claim_agree=True upper=2211.73619844  CERT
647369990,0,1 RHO mem=True nz=True ynz=True cond=True claim_agree=True upper=0.956611094901  CERT
647369990,0,1 T   mem=True nz=True ynz=True cond=True claim_agree=True upper=2764.66197300  CERT
688634034,0,1 RHO mem=True nz=True ynz=True cond=True claim_agree=True upper=0.924657788751  CERT
688634034,0,1 T   mem=True nz=True ynz=True cond=True claim_agree=True upper=2086.81377344  CERT
700903794,0,1 RHO mem=True nz=True ynz=True cond=True claim_agree=True upper=0.947579141487  CERT
700903794,0,1 T   mem=True nz=True ynz=True cond=True claim_agree=True upper=2493.69735410  CERT
715493043,0,1 RHO mem=True nz=True ynz=True cond=True claim_agree=True upper=0.951784411684  CERT
715493043,0,1 T   mem=True nz=True ynz=True cond=True claim_agree=True upper=2581.06364451  CERT
731445017,0,1 RHO mem=True nz=True ynz=True cond=True claim_agree=True upper=0.957021288340  CERT
731445017,0,1 T   mem=True nz=True ynz=True cond=True claim_agree=True upper=2521.16504910  CERT
765845107,0,1 RHO mem=True nz=True ynz=True cond=True claim_agree=True upper=0.959906043875  CERT
765845107,0,1 T   mem=True nz=True ynz=True cond=True claim_agree=True upper=2840.79529896  CERT
791733784,0,1 RHO mem=True nz=True ynz=True cond=True claim_agree=True upper=0.924443672827  CERT
791733784,0,1 T   mem=True nz=True ynz=True cond=True claim_agree=True upper=2631.11920972  CERT
826260325,0,1 RHO mem=True nz=True ynz=True cond=True claim_agree=True upper=0.917898675391  CERT
826260325,0,1 T   mem=True nz=True ynz=True cond=True claim_agree=True upper=1760.25929665  CERT
835144631,0,1 RHO mem=True nz=True ynz=True cond=True claim_agree=True upper=0.941443838161  CERT
835144631,0,1 T   mem=True nz=True ynz=True cond=True claim_agree=True upper=2221.37004068  CERT
843528668,0,1 RHO mem=True nz=True ynz=True cond=True claim_agree=True upper=0.926519421471  CERT
843528668,0,1 T   mem=True nz=True ynz=True cond=True claim_agree=True upper=1986.20064040  CERT
955141686,0,1 RHO mem=True nz=True ynz=True cond=True claim_agree=True upper=0.959906043875  CERT
955141686,0,1 T   mem=True nz=True ynz=True cond=True claim_agree=True upper=2182.92168984  CERT
958957274,0,1 RHO mem=True nz=True ynz=True cond=True claim_agree=True upper=0.964125928351  CERT
958957274,0,1 T   mem=True nz=True ynz=True cond=True claim_agree=True upper=3170.99091843  CERT
983496853,0,1 RHO mem=True nz=True ynz=True cond=True claim_agree=True upper=0.951784411684  CERT
983496853,0,1 T   mem=True nz=True ynz=True cond=True claim_agree=True upper=2581.78886600  CERT
FAMILY VERIFY n=7 l=1000733761 : EXCLUDED (components certified 32 / 32 ; lines 64 ; failed lines 0)
FAMILY VERIFY PASS
