FACTORIZATION: 32 irreducible factors of degree 2 over F_1001231681: OK
42643073,0,1 RHO mem=True nz=True ynz=True cond=True claim_agree=True upper=0.922296834888  CERT
42643073,0,1 T   mem=True nz=True ynz=True cond=True claim_agree=True upper=1791.62098620  CERT
46452941,0,1 RHO mem=True nz=True ynz=True cond=True claim_agree=True upper=0.920712762241  CERT
46452941,0,1 T   mem=True nz=True ynz=True cond=True claim_agree=True upper=3086.24468025  CERT
76163399,0,1 RHO mem=True nz=True ynz=True cond=True claim_agree=True upper=0.922296834888  CERT
76163399,0,1 T   mem=True nz=True ynz=True cond=True claim_agree=True upper=2206.83676649  CERT
124829678,0,1 RHO mem=True nz=True ynz=True cond=True claim_agree=True upper=0.874220927417  CERT
124829678,0,1 T   mem=True nz=True ynz=True cond=True claim_agree=True upper=1772.99562376  CERT
131596135,0,1 RHO mem=True nz=True ynz=True cond=True claim_agree=True upper=0.897773631843  CERT
131596135,0,1 T   mem=True nz=True ynz=True cond=True claim_agree=True upper=1784.14555671  CERT
135980572,0,1 RHO mem=True nz=True ynz=True cond=True claim_agree=True upper=0.944819733368  CERT
135980572,0,1 T   mem=True nz=True ynz=True cond=True claim_agree=True upper=1830.07109728  CERT
143223734,0,1 RHO mem=True nz=True ynz=True cond=True claim_agree=True upper=0.944819733368  CERT
143223734,0,1 T   mem=True nz=True ynz=True cond=True claim_agree=True upper=2605.30099767  CERT
157094326,0,1 RHO mem=True nz=True ynz=True cond=True claim_agree=True upper=0.931335679336  CERT
157094326,0,1 T   mem=True nz=True ynz=True cond=True claim_agree=True upper=2325.31846762  CERT
196057461,0,1 RHO mem=True nz=True ynz=True cond=True claim_agree=True upper=0.913194709373  CERT
196057461,0,1 T   mem=True nz=True ynz=True cond=True claim_agree=True upper=2061.53139537  CERT
209897601,0,1 RHO mem=True nz=True ynz=True cond=True claim_agree=True upper=0.948783330968  CERT
209897601,0,1 T   mem=True nz=True ynz=True cond=True claim_agree=True upper=2162.38766365  CERT
215627251,0,1 RHO mem=True nz=True ynz=True cond=True claim_agree=True upper=0.949066035973  CERT
215627251,0,1 T   mem=True nz=True ynz=True cond=True claim_agree=True upper=2367.22538013  CERT
219333602,0,1 RHO mem=True nz=True ynz=True cond=True claim_agree=True upper=0.867832129232  CERT
219333602,0,1 T   mem=True nz=True ynz=True cond=True claim_agree=True upper=1454.05166320  CERT
385955717,0,1 RHO mem=True nz=True ynz=True cond=True claim_agree=True upper=0.910034810640  CERT
385955717,0,1 T   mem=True nz=True ynz=True cond=True claim_agree=True upper=1991.46964088  CERT
388889161,0,1 RHO mem=True nz=True ynz=True cond=True claim_agree=True upper=0.882388526311  CERT
388889161,0,1 T   mem=True nz=True ynz=True cond=True claim_agree=True upper=1730.80131958  CERT
427047075,0,1 RHO mem=True nz=True ynz=True cond=True claim_agree=True upper=0.945741713280  CERT
427047075,0,1 T   mem=True nz=True ynz=True cond=True claim_agree=True upper=1992.84772743  CERT
465205693,0,1 RHO mem=True nz=True ynz=True cond=True claim_agree=True upper=0.910542538846  CERT
465205693,0,1 T   mem=True nz=True ynz=True cond=True claim_agree=True upper=1877.90221950  CERT
536025988,0,1 RHO mem=True nz=True ynz=True cond=True claim_agree=True upper=0.910034810640  CERT
536025988,0,1 T   mem=True nz=True ynz=True cond=True claim_agree=True upper=2033.98820328  CERT
574184606,0,1 RHO mem=True nz=True ynz=True cond=True claim_agree=True upper=0.874220927417  CERT
574184606,0,1 T   mem=True nz=True ynz=True cond=True claim_agree=True upper=1649.30875175  CERT
612342520,0,1 RHO mem=True nz=True ynz=True cond=True claim_agree=True upper=0.931335679336  CERT
612342520,0,1 T   mem=True nz=True ynz=True cond=True claim_agree=True upper=1886.21593383  CERT
615275964,0,1 RHO mem=True nz=True ynz=True cond=True claim_agree=True upper=0.910542538846  CERT
615275964,0,1 T   mem=True nz=True ynz=True cond=True claim_agree=True upper=2319.63158047  CERT
781898079,0,1 RHO mem=True nz=True ynz=True cond=True claim_agree=True upper=0.948783330968  CERT
781898079,0,1 T   mem=True nz=True ynz=True cond=True claim_agree=True upper=1885.10486672  CERT
785604430,0,1 RHO mem=True nz=True ynz=True cond=True claim_agree=True upper=0.897773631843  CERT
785604430,0,1 T   mem=True nz=True ynz=True cond=True claim_agree=True upper=2427.46279638  CERT
791334080,0,1 RHO mem=True nz=True ynz=True cond=True claim_agree=True upper=0.867832129232  CERT
791334080,0,1 T   mem=True nz=True ynz=True cond=True claim_agree=True upper=1880.77592791  CERT
805174220,0,1 RHO mem=True nz=True ynz=True cond=True claim_agree=True upper=0.920712762241  CERT
805174220,0,1 T   mem=True nz=True ynz=True cond=True claim_agree=True upper=1839.16777543  CERT
844137355,0,1 RHO mem=True nz=True ynz=True cond=True claim_agree=True upper=0.882388526311  CERT
844137355,0,1 T   mem=True nz=True ynz=True cond=True claim_agree=True upper=1945.26200988  CERT
858007947,0,1 RHO mem=True nz=True ynz=True cond=True claim_agree=True upper=0.879757163834  CERT
858007947,0,1 T   mem=True nz=True ynz=True cond=True claim_agree=True upper=1745.78836887  CERT
865251109,0,1 RHO mem=True nz=True ynz=True cond=True claim_agree=True upper=0.879757163834  CERT
865251109,0,1 T   mem=True nz=True ynz=True cond=True claim_agree=True upper=1628.77663597  CERT
869635546,0,1 RHO mem=True nz=True ynz=True cond=True claim_agree=True upper=0.949066035973  CERT
869635546,0,1 T   mem=True nz=True ynz=True cond=True claim_agree=True upper=1809.46016446  CERT
876402003,0,1 RHO mem=True nz=True ynz=True cond=True claim_agree=True upper=0.945741713280  CERT
876402003,0,1 T   mem=True nz=True ynz=True cond=True claim_agree=True upper=2041.34417296  CERT
925068282,0,1 RHO mem=True nz=True ynz=True cond=True claim_agree=True upper=0.930155220779  CERT
925068282,0,1 T   mem=True nz=True ynz=True cond=True claim_agree=True upper=2885.20236932  CERT
954778740,0,1 RHO mem=True nz=True ynz=True cond=True claim_agree=True upper=0.913194709373  CERT
954778740,0,1 T   mem=True nz=True ynz=True cond=True claim_agree=True upper=2165.75319983  CERT
958588608,0,1 RHO mem=True nz=True ynz=True cond=True claim_agree=True upper=0.930155220779  CERT
958588608,0,1 T   mem=True nz=True ynz=True cond=True claim_agree=True upper=2065.71289562  CERT
FAMILY VERIFY n=7 l=1001231681 : EXCLUDED (components certified 32 / 32 ; lines 64 ; failed lines 0)
FAMILY VERIFY PASS
