FACTORIZATION: 32 irreducible factors of degree 2 over F_1000941377: OK
45681362,0,1 RHO mem=True nz=True ynz=True cond=True claim_agree=True upper=0.866383005174  CERT
45681362,0,1 T   mem=True nz=True ynz=True cond=True claim_agree=True upper=2082.51400761  CERT
107503271,0,1 RHO mem=True nz=True ynz=True cond=True claim_agree=True upper=0.824411359898  CERT
107503271,0,1 T   mem=True nz=True ynz=True cond=True claim_agree=True upper=1358.49919850  CERT
215936147,0,1 RHO mem=True nz=True ynz=True cond=True claim_agree=True upper=0.864510458943  CERT
215936147,0,1 T   mem=True nz=True ynz=True cond=True claim_agree=True upper=1643.68222143  CERT
225599572,0,1 RHO mem=True nz=True ynz=True cond=True claim_agree=True upper=0.846118242312  CERT
225599572,0,1 T   mem=True nz=True ynz=True cond=True claim_agree=True upper=2048.76281642  CERT
235886606,0,1 RHO mem=True nz=True ynz=True cond=True claim_agree=True upper=0.889261842211  CERT
235886606,0,1 T   mem=True nz=True ynz=True cond=True claim_agree=True upper=2541.19035312  CERT
249120872,0,1 RHO mem=True nz=True ynz=True cond=True claim_agree=True upper=0.893631533654  CERT
249120872,0,1 T   mem=True nz=True ynz=True cond=True claim_agree=True upper=2315.79170624  CERT
274534703,0,1 RHO mem=True nz=True ynz=True cond=True claim_agree=True upper=0.833203104961  CERT
274534703,0,1 T   mem=True nz=True ynz=True cond=True claim_agree=True upper=1265.14218485  CERT
302789153,0,1 RHO mem=True nz=True ynz=True cond=True claim_agree=True upper=0.831010646873  CERT
302789153,0,1 T   mem=True nz=True ynz=True cond=True claim_agree=True upper=1474.18984114  CERT
368839660,0,1 RHO mem=True nz=True ynz=True cond=True claim_agree=True upper=0.880006127495  CERT
368839660,0,1 T   mem=True nz=True ynz=True cond=True claim_agree=True upper=1653.47181966  CERT
385747810,0,1 RHO mem=True nz=True ynz=True cond=True claim_agree=True upper=0.853537073138  CERT
385747810,0,1 T   mem=True nz=True ynz=True cond=True claim_agree=True upper=1379.61478662  CERT
406885580,0,1 RHO mem=True nz=True ynz=True cond=True claim_agree=True upper=0.904246233371  CERT
406885580,0,1 T   mem=True nz=True ynz=True cond=True claim_agree=True upper=1661.31585763  CERT
439120465,0,1 RHO mem=True nz=True ynz=True cond=True claim_agree=True upper=0.864510458943  CERT
439120465,0,1 T   mem=True nz=True ynz=True cond=True claim_agree=True upper=2052.21180141  CERT
447835402,0,1 RHO mem=True nz=True ynz=True cond=True claim_agree=True upper=0.856925691026  CERT
447835402,0,1 T   mem=True nz=True ynz=True cond=True claim_agree=True upper=1561.17156442  CERT
449005211,0,1 RHO mem=True nz=True ynz=True cond=True claim_agree=True upper=0.841141865571  CERT
449005211,0,1 T   mem=True nz=True ynz=True cond=True claim_agree=True upper=1883.40288436  CERT
471468559,0,1 RHO mem=True nz=True ynz=True cond=True claim_agree=True upper=0.824411359898  CERT
471468559,0,1 T   mem=True nz=True ynz=True cond=True claim_agree=True upper=1568.45006881  CERT
478548293,0,1 RHO mem=True nz=True ynz=True cond=True claim_agree=True upper=0.836570972066  CERT
478548293,0,1 T   mem=True nz=True ynz=True cond=True claim_agree=True upper=1742.64222835  CERT
522393084,0,1 RHO mem=True nz=True ynz=True cond=True claim_agree=True upper=0.889261842211  CERT
522393084,0,1 T   mem=True nz=True ynz=True cond=True claim_agree=True upper=1740.17474356  CERT
529472818,0,1 RHO mem=True nz=True ynz=True cond=True claim_agree=True upper=0.905628564181  CERT
529472818,0,1 T   mem=True nz=True ynz=True cond=True claim_agree=True upper=2289.26557595  CERT
551936166,0,1 RHO mem=True nz=True ynz=True cond=True claim_agree=True upper=0.866383005174  CERT
551936166,0,1 T   mem=True nz=True ynz=True cond=True claim_agree=True upper=2004.43935013  CERT
553105975,0,1 RHO mem=True nz=True ynz=True cond=True claim_agree=True upper=0.904246233371  CERT
553105975,0,1 T   mem=True nz=True ynz=True cond=True claim_agree=True upper=2142.79252817  CERT
561820912,0,1 RHO mem=True nz=True ynz=True cond=True claim_agree=True upper=0.853448184241  CERT
561820912,0,1 T   mem=True nz=True ynz=True cond=True claim_agree=True upper=1875.88465953  CERT
594055797,0,1 RHO mem=True nz=True ynz=True cond=True claim_agree=True upper=0.856925691026  CERT
594055797,0,1 T   mem=True nz=True ynz=True cond=True claim_agree=True upper=1272.90692930  CERT
615193567,0,1 RHO mem=True nz=True ynz=True cond=True claim_agree=True upper=0.831010646873  CERT
615193567,0,1 T   mem=True nz=True ynz=True cond=True claim_agree=True upper=1854.36477243  CERT
632101717,0,1 RHO mem=True nz=True ynz=True cond=True claim_agree=True upper=0.833203104961  CERT
632101717,0,1 T   mem=True nz=True ynz=True cond=True claim_agree=True upper=1445.94807722  CERT
698152224,0,1 RHO mem=True nz=True ynz=True cond=True claim_agree=True upper=0.853537073138  CERT
698152224,0,1 T   mem=True nz=True ynz=True cond=True claim_agree=True upper=1643.26343618  CERT
726406674,0,1 RHO mem=True nz=True ynz=True cond=True claim_agree=True upper=0.880006127495  CERT
726406674,0,1 T   mem=True nz=True ynz=True cond=True claim_agree=True upper=2081.39501458  CERT
751820505,0,1 RHO mem=True nz=True ynz=True cond=True claim_agree=True upper=0.846118242312  CERT
751820505,0,1 T   mem=True nz=True ynz=True cond=True claim_agree=True upper=1455.26682622  CERT
765054771,0,1 RHO mem=True nz=True ynz=True cond=True claim_agree=True upper=0.836570972066  CERT
765054771,0,1 T   mem=True nz=True ynz=True cond=True claim_agree=True upper=1613.77310857  CERT
775341805,0,1 RHO mem=True nz=True ynz=True cond=True claim_agree=True upper=0.893631533654  CERT
775341805,0,1 T   mem=True nz=True ynz=True cond=True claim_agree=True upper=1989.05758845  CERT
785005230,0,1 RHO mem=True nz=True ynz=True cond=True claim_agree=True upper=0.853448184241  CERT
785005230,0,1 T   mem=True nz=True ynz=True cond=True claim_agree=True upper=1615.53260362  CERT
893438106,0,1 RHO mem=True nz=True ynz=True cond=True claim_agree=True upper=0.905628564181  CERT
893438106,0,1 T   mem=True nz=True ynz=True cond=True claim_agree=True upper=1824.35884912  CERT
955260015,0,1 RHO mem=True nz=True ynz=True cond=True claim_agree=True upper=0.841141865571  CERT
955260015,0,1 T   mem=True nz=True ynz=True cond=True claim_agree=True upper=1559.32661301  CERT
FAMILY VERIFY n=7 l=1000941377 : EXCLUDED (components certified 32 / 32 ; lines 64 ; failed lines 0)
FAMILY VERIFY PASS
