FACTORIZATION: 32 irreducible factors of degree 2 over F_1000339009: OK
10754980,0,1 RHO mem=True nz=True ynz=True cond=True claim_agree=True upper=0.941773154235  CERT
10754980,0,1 T   mem=True nz=True ynz=True cond=True claim_agree=True upper=2217.30462768  CERT
41199282,0,1 RHO mem=True nz=True ynz=True cond=True claim_agree=True upper=0.934110932535  CERT
41199282,0,1 T   mem=True nz=True ynz=True cond=True claim_agree=True upper=2187.68664662  CERT
45548430,0,1 RHO mem=True nz=True ynz=True cond=True claim_agree=True upper=0.904941199434  CERT
45548430,0,1 T   mem=True nz=True ynz=True cond=True claim_agree=True upper=1678.40584140  CERT
100624747,0,1 RHO mem=True nz=True ynz=True cond=True claim_agree=True upper=0.864553971295  CERT
100624747,0,1 T   mem=True nz=True ynz=True cond=True claim_agree=True upper=1783.60696154  CERT
170191998,0,1 RHO mem=True nz=True ynz=True cond=True claim_agree=True upper=0.955352275464  CERT
170191998,0,1 T   mem=True nz=True ynz=True cond=True claim_agree=True upper=2429.62141167  CERT
180266800,0,1 RHO mem=True nz=True ynz=True cond=True claim_agree=True upper=0.936010300372  CERT
180266800,0,1 T   mem=True nz=True ynz=True cond=True claim_agree=True upper=1782.66424231  CERT
222012332,0,1 RHO mem=True nz=True ynz=True cond=True claim_agree=True upper=0.876502306401  CERT
222012332,0,1 T   mem=True nz=True ynz=True cond=True claim_agree=True upper=1591.34756067  CERT
250177918,0,1 RHO mem=True nz=True ynz=True cond=True claim_agree=True upper=0.889992204659  CERT
250177918,0,1 T   mem=True nz=True ynz=True cond=True claim_agree=True upper=1799.09106523  CERT
255153047,0,1 RHO mem=True nz=True ynz=True cond=True claim_agree=True upper=0.942841743333  CERT
255153047,0,1 T   mem=True nz=True ynz=True cond=True claim_agree=True upper=1719.79738302  CERT
276618005,0,1 RHO mem=True nz=True ynz=True cond=True claim_agree=True upper=0.934110932535  CERT
276618005,0,1 T   mem=True nz=True ynz=True cond=True claim_agree=True upper=2182.59621369  CERT
299339192,0,1 RHO mem=True nz=True ynz=True cond=True claim_agree=True upper=0.862134802149  CERT
299339192,0,1 T   mem=True nz=True ynz=True cond=True claim_agree=True upper=2011.80250357  CERT
343169995,0,1 RHO mem=True nz=True ynz=True cond=True claim_agree=True upper=0.942841743333  CERT
343169995,0,1 T   mem=True nz=True ynz=True cond=True claim_agree=True upper=1990.00469842  CERT
353758516,0,1 RHO mem=True nz=True ynz=True cond=True claim_agree=True upper=0.937028782695  CERT
353758516,0,1 T   mem=True nz=True ynz=True cond=True claim_agree=True upper=2694.43694413  CERT
414204725,0,1 RHO mem=True nz=True ynz=True cond=True claim_agree=True upper=0.950552216158  CERT
414204725,0,1 T   mem=True nz=True ynz=True cond=True claim_agree=True upper=2303.89167918  CERT
432631648,0,1 RHO mem=True nz=True ynz=True cond=True claim_agree=True upper=0.937028782695  CERT
432631648,0,1 T   mem=True nz=True ynz=True cond=True claim_agree=True upper=2185.30960450  CERT
439445494,0,1 RHO mem=True nz=True ynz=True cond=True claim_agree=True upper=0.923321042792  CERT
439445494,0,1 T   mem=True nz=True ynz=True cond=True claim_agree=True upper=2184.96428703  CERT
560893515,0,1 RHO mem=True nz=True ynz=True cond=True claim_agree=True upper=0.904941199434  CERT
560893515,0,1 T   mem=True nz=True ynz=True cond=True claim_agree=True upper=1663.53130316  CERT
567707361,0,1 RHO mem=True nz=True ynz=True cond=True claim_agree=True upper=0.886211801455  CERT
567707361,0,1 T   mem=True nz=True ynz=True cond=True claim_agree=True upper=2290.69885194  CERT
586134284,0,1 RHO mem=True nz=True ynz=True cond=True claim_agree=True upper=0.862134802149  CERT
586134284,0,1 T   mem=True nz=True ynz=True cond=True claim_agree=True upper=1518.45380456  CERT
646580493,0,1 RHO mem=True nz=True ynz=True cond=True claim_agree=True upper=0.886211801455  CERT
646580493,0,1 T   mem=True nz=True ynz=True cond=True claim_agree=True upper=1708.98152940  CERT
657169014,0,1 RHO mem=True nz=True ynz=True cond=True claim_agree=True upper=0.893112507883  CERT
657169014,0,1 T   mem=True nz=True ynz=True cond=True claim_agree=True upper=2385.27940488  CERT
700999817,0,1 RHO mem=True nz=True ynz=True cond=True claim_agree=True upper=0.950552216158  CERT
700999817,0,1 T   mem=True nz=True ynz=True cond=True claim_agree=True upper=1987.52876097  CERT
723721004,0,1 RHO mem=True nz=True ynz=True cond=True claim_agree=True upper=0.900745456192  CERT
723721004,0,1 T   mem=True nz=True ynz=True cond=True claim_agree=True upper=2025.61089013  CERT
745185962,0,1 RHO mem=True nz=True ynz=True cond=True claim_agree=True upper=0.893112507883  CERT
745185962,0,1 T   mem=True nz=True ynz=True cond=True claim_agree=True upper=2074.11852238  CERT
750161091,0,1 RHO mem=True nz=True ynz=True cond=True claim_agree=True upper=0.936010300372  CERT
750161091,0,1 T   mem=True nz=True ynz=True cond=True claim_agree=True upper=2263.57662554  CERT
778326677,0,1 RHO mem=True nz=True ynz=True cond=True claim_agree=True upper=0.941773154235  CERT
778326677,0,1 T   mem=True nz=True ynz=True cond=True claim_agree=True upper=2789.42450767  CERT
820072209,0,1 RHO mem=True nz=True ynz=True cond=True claim_agree=True upper=0.889992204659  CERT
820072209,0,1 T   mem=True nz=True ynz=True cond=True claim_agree=True upper=2297.05959798  CERT
830147011,0,1 RHO mem=True nz=True ynz=True cond=True claim_agree=True upper=0.864553971295  CERT
830147011,0,1 T   mem=True nz=True ynz=True cond=True claim_agree=True upper=1630.01032060  CERT
899714262,0,1 RHO mem=True nz=True ynz=True cond=True claim_agree=True upper=0.955352275464  CERT
899714262,0,1 T   mem=True nz=True ynz=True cond=True claim_agree=True upper=2442.10865078  CERT
954790579,0,1 RHO mem=True nz=True ynz=True cond=True claim_agree=True upper=0.927172806725  CERT
954790579,0,1 T   mem=True nz=True ynz=True cond=True claim_agree=True upper=2258.99968088  CERT
959139727,0,1 RHO mem=True nz=True ynz=True cond=True claim_agree=True upper=0.900745456192  CERT
959139727,0,1 T   mem=True nz=True ynz=True cond=True claim_agree=True upper=2025.27927068  CERT
989584029,0,1 RHO mem=True nz=True ynz=True cond=True claim_agree=True upper=0.876502306401  CERT
989584029,0,1 T   mem=True nz=True ynz=True cond=True claim_agree=True upper=2300.08535320  CERT
FAMILY VERIFY n=7 l=1000339009 : EXCLUDED (components certified 32 / 32 ; lines 64 ; failed lines 0)
FAMILY VERIFY PASS
