FACTORIZATION: 32 irreducible factors of degree 2 over F_1000357441: OK
12262346,0,1 RHO mem=True nz=True ynz=True cond=True claim_agree=True upper=0.919975914164  CERT
12262346,0,1 T   mem=True nz=True ynz=True cond=True claim_agree=True upper=2207.40032416  CERT
24585953,0,1 RHO mem=True nz=True ynz=True cond=True claim_agree=True upper=0.927941618164  CERT
24585953,0,1 T   mem=True nz=True ynz=True cond=True claim_agree=True upper=2971.84197579  CERT
139999335,0,1 RHO mem=True nz=True ynz=True cond=True claim_agree=True upper=0.929800628557  CERT
139999335,0,1 T   mem=True nz=True ynz=True cond=True claim_agree=True upper=2711.58722380  CERT
153715228,0,1 RHO mem=True nz=True ynz=True cond=True claim_agree=True upper=0.921722689863  CERT
153715228,0,1 T   mem=True nz=True ynz=True cond=True claim_agree=True upper=2772.79195085  CERT
198920778,0,1 RHO mem=True nz=True ynz=True cond=True claim_agree=True upper=0.938054531114  CERT
198920778,0,1 T   mem=True nz=True ynz=True cond=True claim_agree=True upper=2438.16971788  CERT
226834355,0,1 RHO mem=True nz=True ynz=True cond=True claim_agree=True upper=0.958685122434  CERT
226834355,0,1 T   mem=True nz=True ynz=True cond=True claim_agree=True upper=2586.01702160  CERT
227963412,0,1 RHO mem=True nz=True ynz=True cond=True claim_agree=True upper=0.915685142581  CERT
227963412,0,1 T   mem=True nz=True ynz=True cond=True claim_agree=True upper=2285.01294538  CERT
245058277,0,1 RHO mem=True nz=True ynz=True cond=True claim_agree=True upper=0.958685122434  CERT
245058277,0,1 T   mem=True nz=True ynz=True cond=True claim_agree=True upper=2307.12229143  CERT
279765762,0,1 RHO mem=True nz=True ynz=True cond=True claim_agree=True upper=0.909227170587  CERT
279765762,0,1 T   mem=True nz=True ynz=True cond=True claim_agree=True upper=2206.12059772  CERT
300001057,0,1 RHO mem=True nz=True ynz=True cond=True claim_agree=True upper=0.868419608984  CERT
300001057,0,1 T   mem=True nz=True ynz=True cond=True claim_agree=True upper=1630.26033079  CERT
348651026,0,1 RHO mem=True nz=True ynz=True cond=True claim_agree=True upper=0.901327587866  CERT
348651026,0,1 T   mem=True nz=True ynz=True cond=True claim_agree=True upper=1844.69108488  CERT
370244758,0,1 RHO mem=True nz=True ynz=True cond=True claim_agree=True upper=0.905886080416  CERT
370244758,0,1 T   mem=True nz=True ynz=True cond=True claim_agree=True upper=2379.93362523  CERT
378765571,0,1 RHO mem=True nz=True ynz=True cond=True claim_agree=True upper=0.952895191789  CERT
378765571,0,1 T   mem=True nz=True ynz=True cond=True claim_agree=True upper=2880.69622064  CERT
414465958,0,1 RHO mem=True nz=True ynz=True cond=True claim_agree=True upper=0.972226066781  CERT
414465958,0,1 T   mem=True nz=True ynz=True cond=True claim_agree=True upper=2569.06252986  CERT
460025489,0,1 RHO mem=True nz=True ynz=True cond=True claim_agree=True upper=0.941377191788  CERT
460025489,0,1 T   mem=True nz=True ynz=True cond=True claim_agree=True upper=2671.41800845  CERT
462966223,0,1 RHO mem=True nz=True ynz=True cond=True claim_agree=True upper=0.930610640994  CERT
462966223,0,1 T   mem=True nz=True ynz=True cond=True claim_agree=True upper=2254.63406716  CERT
537391218,0,1 RHO mem=True nz=True ynz=True cond=True claim_agree=True upper=0.938054531114  CERT
537391218,0,1 T   mem=True nz=True ynz=True cond=True claim_agree=True upper=2226.62235835  CERT
540331952,0,1 RHO mem=True nz=True ynz=True cond=True claim_agree=True upper=0.915685142581  CERT
540331952,0,1 T   mem=True nz=True ynz=True cond=True claim_agree=True upper=2039.15018191  CERT
585891483,0,1 RHO mem=True nz=True ynz=True cond=True claim_agree=True upper=0.919975914164  CERT
585891483,0,1 T   mem=True nz=True ynz=True cond=True claim_agree=True upper=2826.66698132  CERT
621591870,0,1 RHO mem=True nz=True ynz=True cond=True claim_agree=True upper=0.905886080416  CERT
621591870,0,1 T   mem=True nz=True ynz=True cond=True claim_agree=True upper=2628.94729021  CERT
630112683,0,1 RHO mem=True nz=True ynz=True cond=True claim_agree=True upper=0.952895191789  CERT
630112683,0,1 T   mem=True nz=True ynz=True cond=True claim_agree=True upper=2436.52872038  CERT
651706415,0,1 RHO mem=True nz=True ynz=True cond=True claim_agree=True upper=0.929800628557  CERT
651706415,0,1 T   mem=True nz=True ynz=True cond=True claim_agree=True upper=2119.37946785  CERT
700356384,0,1 RHO mem=True nz=True ynz=True cond=True claim_agree=True upper=0.909227170587  CERT
700356384,0,1 T   mem=True nz=True ynz=True cond=True claim_agree=True upper=2350.79900614  CERT
720591679,0,1 RHO mem=True nz=True ynz=True cond=True claim_agree=True upper=0.868419608984  CERT
720591679,0,1 T   mem=True nz=True ynz=True cond=True claim_agree=True upper=2001.20860518  CERT
755299164,0,1 RHO mem=True nz=True ynz=True cond=True claim_agree=True upper=0.895005352939  CERT
755299164,0,1 T   mem=True nz=True ynz=True cond=True claim_agree=True upper=2009.37589516  CERT
772394029,0,1 RHO mem=True nz=True ynz=True cond=True claim_agree=True upper=0.941377191788  CERT
772394029,0,1 T   mem=True nz=True ynz=True cond=True claim_agree=True upper=2989.02756862  CERT
773523086,0,1 RHO mem=True nz=True ynz=True cond=True claim_agree=True upper=0.895005352939  CERT
773523086,0,1 T   mem=True nz=True ynz=True cond=True claim_agree=True upper=1690.01986492  CERT
801436663,0,1 RHO mem=True nz=True ynz=True cond=True claim_agree=True upper=0.930610640994  CERT
801436663,0,1 T   mem=True nz=True ynz=True cond=True claim_agree=True upper=2702.58334515  CERT
846642213,0,1 RHO mem=True nz=True ynz=True cond=True claim_agree=True upper=0.927941618164  CERT
846642213,0,1 T   mem=True nz=True ynz=True cond=True claim_agree=True upper=2700.98583655  CERT
860358106,0,1 RHO mem=True nz=True ynz=True cond=True claim_agree=True upper=0.901327587866  CERT
860358106,0,1 T   mem=True nz=True ynz=True cond=True claim_agree=True upper=2434.34877297  CERT
975771488,0,1 RHO mem=True nz=True ynz=True cond=True claim_agree=True upper=0.921722689863  CERT
975771488,0,1 T   mem=True nz=True ynz=True cond=True claim_agree=True upper=2163.77257636  CERT
988095095,0,1 RHO mem=True nz=True ynz=True cond=True claim_agree=True upper=0.972226066781  CERT
988095095,0,1 T   mem=True nz=True ynz=True cond=True claim_agree=True upper=2369.58625952  CERT
FAMILY VERIFY n=7 l=1000357441 : EXCLUDED (components certified 32 / 32 ; lines 64 ; failed lines 0)
FAMILY VERIFY PASS
