FACTORIZATION: 32 irreducible factors of degree 2 over F_1000276289: OK
25520083,0,1 RHO mem=True nz=True ynz=True cond=True claim_agree=True upper=0.960284760699  CERT
25520083,0,1 T   mem=True nz=True ynz=True cond=True claim_agree=True upper=2014.26042687  CERT
175415225,0,1 RHO mem=True nz=True ynz=True cond=True claim_agree=True upper=0.962356330577  CERT
175415225,0,1 T   mem=True nz=True ynz=True cond=True claim_agree=True upper=2749.32429040  CERT
175889269,0,1 RHO mem=True nz=True ynz=True cond=True claim_agree=True upper=0.982230016857  CERT
175889269,0,1 T   mem=True nz=True ynz=True cond=True claim_agree=True upper=2772.97737147  CERT
189211638,0,1 RHO mem=True nz=True ynz=True cond=True claim_agree=True upper=0.890904612884  CERT
189211638,0,1 T   mem=True nz=True ynz=True cond=True claim_agree=True upper=2222.23234751  CERT
191833139,0,1 RHO mem=True nz=True ynz=True cond=True claim_agree=True upper=0.958659123667  CERT
191833139,0,1 T   mem=True nz=True ynz=True cond=True claim_agree=True upper=2468.98759209  CERT
194984353,0,1 RHO mem=True nz=True ynz=True cond=True claim_agree=True upper=0.934603619967  CERT
194984353,0,1 T   mem=True nz=True ynz=True cond=True claim_agree=True upper=2888.52345156  CERT
249010476,0,1 RHO mem=True nz=True ynz=True cond=True claim_agree=True upper=0.958659123667  CERT
249010476,0,1 T   mem=True nz=True ynz=True cond=True claim_agree=True upper=2476.08453889  CERT
253238732,0,1 RHO mem=True nz=True ynz=True cond=True claim_agree=True upper=0.938964095282  CERT
253238732,0,1 T   mem=True nz=True ynz=True cond=True claim_agree=True upper=2615.67922768  CERT
262044216,0,1 RHO mem=True nz=True ynz=True cond=True claim_agree=True upper=0.960284760699  CERT
262044216,0,1 T   mem=True nz=True ynz=True cond=True claim_agree=True upper=2610.20179181  CERT
270113450,0,1 RHO mem=True nz=True ynz=True cond=True claim_agree=True upper=0.947710100032  CERT
270113450,0,1 T   mem=True nz=True ynz=True cond=True claim_agree=True upper=2530.48632111  CERT
282669925,0,1 RHO mem=True nz=True ynz=True cond=True claim_agree=True upper=0.965254337443  CERT
282669925,0,1 T   mem=True nz=True ynz=True cond=True claim_agree=True upper=2503.34906831  CERT
328822731,0,1 RHO mem=True nz=True ynz=True cond=True claim_agree=True upper=0.934603619967  CERT
328822731,0,1 T   mem=True nz=True ynz=True cond=True claim_agree=True upper=3729.07459887  CERT
352935108,0,1 RHO mem=True nz=True ynz=True cond=True claim_agree=True upper=0.962356330577  CERT
352935108,0,1 T   mem=True nz=True ynz=True cond=True claim_agree=True upper=2218.65580187  CERT
366381581,0,1 RHO mem=True nz=True ynz=True cond=True claim_agree=True upper=0.960201731741  CERT
366381581,0,1 T   mem=True nz=True ynz=True cond=True claim_agree=True upper=2127.00744774  CERT
409200942,0,1 RHO mem=True nz=True ynz=True cond=True claim_agree=True upper=0.920653651757  CERT
409200942,0,1 T   mem=True nz=True ynz=True cond=True claim_agree=True upper=2333.99571029  CERT
451368473,0,1 RHO mem=True nz=True ynz=True cond=True claim_agree=True upper=0.966047145292  CERT
451368473,0,1 T   mem=True nz=True ynz=True cond=True claim_agree=True upper=2524.01160039  CERT
548907816,0,1 RHO mem=True nz=True ynz=True cond=True claim_agree=True upper=0.982230016857  CERT
548907816,0,1 T   mem=True nz=True ynz=True cond=True claim_agree=True upper=3457.50938431  CERT
591075347,0,1 RHO mem=True nz=True ynz=True cond=True claim_agree=True upper=0.938964095282  CERT
591075347,0,1 T   mem=True nz=True ynz=True cond=True claim_agree=True upper=3027.22175972  CERT
633894708,0,1 RHO mem=True nz=True ynz=True cond=True claim_agree=True upper=0.890904612884  CERT
633894708,0,1 T   mem=True nz=True ynz=True cond=True claim_agree=True upper=2411.37592922  CERT
647341181,0,1 RHO mem=True nz=True ynz=True cond=True claim_agree=True upper=0.958632411040  CERT
647341181,0,1 T   mem=True nz=True ynz=True cond=True claim_agree=True upper=3585.93822016  CERT
671453558,0,1 RHO mem=True nz=True ynz=True cond=True claim_agree=True upper=0.958074885934  CERT
671453558,0,1 T   mem=True nz=True ynz=True cond=True claim_agree=True upper=2692.67936248  CERT
717606364,0,1 RHO mem=True nz=True ynz=True cond=True claim_agree=True upper=0.947710100032  CERT
717606364,0,1 T   mem=True nz=True ynz=True cond=True claim_agree=True upper=2327.49255381  CERT
730162839,0,1 RHO mem=True nz=True ynz=True cond=True claim_agree=True upper=0.965254337443  CERT
730162839,0,1 T   mem=True nz=True ynz=True cond=True claim_agree=True upper=2721.46979827  CERT
738232073,0,1 RHO mem=True nz=True ynz=True cond=True claim_agree=True upper=0.933407924288  CERT
738232073,0,1 T   mem=True nz=True ynz=True cond=True claim_agree=True upper=2151.85198346  CERT
747037557,0,1 RHO mem=True nz=True ynz=True cond=True claim_agree=True upper=0.920653651757  CERT
747037557,0,1 T   mem=True nz=True ynz=True cond=True claim_agree=True upper=2110.04418354  CERT
751265813,0,1 RHO mem=True nz=True ynz=True cond=True claim_agree=True upper=0.921540212615  CERT
751265813,0,1 T   mem=True nz=True ynz=True cond=True claim_agree=True upper=2241.57831907  CERT
805291936,0,1 RHO mem=True nz=True ynz=True cond=True claim_agree=True upper=0.958074885934  CERT
805291936,0,1 T   mem=True nz=True ynz=True cond=True claim_agree=True upper=3024.37608015  CERT
808443150,0,1 RHO mem=True nz=True ynz=True cond=True claim_agree=True upper=0.921540212615  CERT
808443150,0,1 T   mem=True nz=True ynz=True cond=True claim_agree=True upper=2419.51013782  CERT
811064651,0,1 RHO mem=True nz=True ynz=True cond=True claim_agree=True upper=0.960201731741  CERT
811064651,0,1 T   mem=True nz=True ynz=True cond=True claim_agree=True upper=2518.53956655  CERT
824387020,0,1 RHO mem=True nz=True ynz=True cond=True claim_agree=True upper=0.966047145292  CERT
824387020,0,1 T   mem=True nz=True ynz=True cond=True claim_agree=True upper=2281.98680287  CERT
824861064,0,1 RHO mem=True nz=True ynz=True cond=True claim_agree=True upper=0.958632411040  CERT
824861064,0,1 T   mem=True nz=True ynz=True cond=True claim_agree=True upper=2350.47310466  CERT
974756206,0,1 RHO mem=True nz=True ynz=True cond=True claim_agree=True upper=0.933407924288  CERT
974756206,0,1 T   mem=True nz=True ynz=True cond=True claim_agree=True upper=2170.20321753  CERT
FAMILY VERIFY n=7 l=1000276289 : EXCLUDED (components certified 32 / 32 ; lines 64 ; failed lines 0)
FAMILY VERIFY PASS
