FACTORIZATION: 32 irreducible factors of degree 2 over F_1001174593: OK
8012209,0,1 RHO mem=True nz=True ynz=True cond=True claim_agree=True upper=0.921710685162  CERT
8012209,0,1 T   mem=True nz=True ynz=True cond=True claim_agree=True upper=2115.56158859  CERT
106256945,0,1 RHO mem=True nz=True ynz=True cond=True claim_agree=True upper=0.915936807487  CERT
106256945,0,1 T   mem=True nz=True ynz=True cond=True claim_agree=True upper=1901.81393349  CERT
113236314,0,1 RHO mem=True nz=True ynz=True cond=True claim_agree=True upper=0.872631578019  CERT
113236314,0,1 T   mem=True nz=True ynz=True cond=True claim_agree=True upper=1717.43960103  CERT
129778528,0,1 RHO mem=True nz=True ynz=True cond=True claim_agree=True upper=0.937307764930  CERT
129778528,0,1 T   mem=True nz=True ynz=True cond=True claim_agree=True upper=2186.12086526  CERT
143224711,0,1 RHO mem=True nz=True ynz=True cond=True claim_agree=True upper=0.896835910203  CERT
143224711,0,1 T   mem=True nz=True ynz=True cond=True claim_agree=True upper=2414.70038183  CERT
161383498,0,1 RHO mem=True nz=True ynz=True cond=True claim_agree=True upper=0.914802400303  CERT
161383498,0,1 T   mem=True nz=True ynz=True cond=True claim_agree=True upper=1646.31940627  CERT
165793605,0,1 RHO mem=True nz=True ynz=True cond=True claim_agree=True upper=0.894425162698  CERT
165793605,0,1 T   mem=True nz=True ynz=True cond=True claim_agree=True upper=1841.57071063  CERT
201577479,0,1 RHO mem=True nz=True ynz=True cond=True claim_agree=True upper=0.915936807487  CERT
201577479,0,1 T   mem=True nz=True ynz=True cond=True claim_agree=True upper=1706.98464383  CERT
263258651,0,1 RHO mem=True nz=True ynz=True cond=True claim_agree=True upper=0.910445317852  CERT
263258651,0,1 T   mem=True nz=True ynz=True cond=True claim_agree=True upper=2253.70560858  CERT
274268443,0,1 RHO mem=True nz=True ynz=True cond=True claim_agree=True upper=0.946279077105  CERT
274268443,0,1 T   mem=True nz=True ynz=True cond=True claim_agree=True upper=2021.93945306  CERT
372739311,0,1 RHO mem=True nz=True ynz=True cond=True claim_agree=True upper=0.949392289622  CERT
372739311,0,1 T   mem=True nz=True ynz=True cond=True claim_agree=True upper=1836.36033564  CERT
398528640,0,1 RHO mem=True nz=True ynz=True cond=True claim_agree=True upper=0.910445317852  CERT
398528640,0,1 T   mem=True nz=True ynz=True cond=True claim_agree=True upper=1440.25631183  CERT
436797566,0,1 RHO mem=True nz=True ynz=True cond=True claim_agree=True upper=0.895545570663  CERT
436797566,0,1 T   mem=True nz=True ynz=True cond=True claim_agree=True upper=1693.95032074  CERT
447955241,0,1 RHO mem=True nz=True ynz=True cond=True claim_agree=True upper=0.914802400303  CERT
447955241,0,1 T   mem=True nz=True ynz=True cond=True claim_agree=True upper=1781.73406876  CERT
465378613,0,1 RHO mem=True nz=True ynz=True cond=True claim_agree=True upper=0.926879865465  CERT
465378613,0,1 T   mem=True nz=True ynz=True cond=True claim_agree=True upper=2296.36298567  CERT
474190622,0,1 RHO mem=True nz=True ynz=True cond=True claim_agree=True upper=0.895545570663  CERT
474190622,0,1 T   mem=True nz=True ynz=True cond=True claim_agree=True upper=2054.89512563  CERT
526983971,0,1 RHO mem=True nz=True ynz=True cond=True claim_agree=True upper=0.933818922918  CERT
526983971,0,1 T   mem=True nz=True ynz=True cond=True claim_agree=True upper=1828.81279803  CERT
535795980,0,1 RHO mem=True nz=True ynz=True cond=True claim_agree=True upper=0.946279077105  CERT
535795980,0,1 T   mem=True nz=True ynz=True cond=True claim_agree=True upper=2348.39447618  CERT
553219352,0,1 RHO mem=True nz=True ynz=True cond=True claim_agree=True upper=0.930560159712  CERT
553219352,0,1 T   mem=True nz=True ynz=True cond=True claim_agree=True upper=2061.62837074  CERT
564377027,0,1 RHO mem=True nz=True ynz=True cond=True claim_agree=True upper=0.933818922918  CERT
564377027,0,1 T   mem=True nz=True ynz=True cond=True claim_agree=True upper=1784.42847354  CERT
602645953,0,1 RHO mem=True nz=True ynz=True cond=True claim_agree=True upper=0.928590731140  CERT
602645953,0,1 T   mem=True nz=True ynz=True cond=True claim_agree=True upper=2316.95517952  CERT
628435282,0,1 RHO mem=True nz=True ynz=True cond=True claim_agree=True upper=0.894425162698  CERT
628435282,0,1 T   mem=True nz=True ynz=True cond=True claim_agree=True upper=1784.48246927  CERT
726906150,0,1 RHO mem=True nz=True ynz=True cond=True claim_agree=True upper=0.926879865465  CERT
726906150,0,1 T   mem=True nz=True ynz=True cond=True claim_agree=True upper=2191.10275034  CERT
737915942,0,1 RHO mem=True nz=True ynz=True cond=True claim_agree=True upper=0.928590731140  CERT
737915942,0,1 T   mem=True nz=True ynz=True cond=True claim_agree=True upper=1690.14530765  CERT
799597114,0,1 RHO mem=True nz=True ynz=True cond=True claim_agree=True upper=0.937213287636  CERT
799597114,0,1 T   mem=True nz=True ynz=True cond=True claim_agree=True upper=2511.79741780  CERT
835380988,0,1 RHO mem=True nz=True ynz=True cond=True claim_agree=True upper=0.949392289622  CERT
835380988,0,1 T   mem=True nz=True ynz=True cond=True claim_agree=True upper=1914.43882473  CERT
839791095,0,1 RHO mem=True nz=True ynz=True cond=True claim_agree=True upper=0.930560159712  CERT
839791095,0,1 T   mem=True nz=True ynz=True cond=True claim_agree=True upper=2327.57262843  CERT
857949882,0,1 RHO mem=True nz=True ynz=True cond=True claim_agree=True upper=0.921710685162  CERT
857949882,0,1 T   mem=True nz=True ynz=True cond=True claim_agree=True upper=1706.52449587  CERT
871396065,0,1 RHO mem=True nz=True ynz=True cond=True claim_agree=True upper=0.872631578019  CERT
871396065,0,1 T   mem=True nz=True ynz=True cond=True claim_agree=True upper=1378.92248783  CERT
887938279,0,1 RHO mem=True nz=True ynz=True cond=True claim_agree=True upper=0.937307764930  CERT
887938279,0,1 T   mem=True nz=True ynz=True cond=True claim_agree=True upper=3071.37487365  CERT
894917648,0,1 RHO mem=True nz=True ynz=True cond=True claim_agree=True upper=0.937213287636  CERT
894917648,0,1 T   mem=True nz=True ynz=True cond=True claim_agree=True upper=1708.50784910  CERT
993162384,0,1 RHO mem=True nz=True ynz=True cond=True claim_agree=True upper=0.896835910203  CERT
993162384,0,1 T   mem=True nz=True ynz=True cond=True claim_agree=True upper=1437.53689450  CERT
FAMILY VERIFY n=7 l=1001174593 : EXCLUDED (components certified 32 / 32 ; lines 64 ; failed lines 0)
FAMILY VERIFY PASS
