FACTORIZATION: 32 irreducible factors of degree 2 over F_1001016641: OK
56469675,0,1 RHO mem=True nz=True ynz=True cond=True claim_agree=True upper=0.923277349451  CERT
56469675,0,1 T   mem=True nz=True ynz=True cond=True claim_agree=True upper=1928.52995372  CERT
116765564,0,1 RHO mem=True nz=True ynz=True cond=True claim_agree=True upper=0.922780708632  CERT
116765564,0,1 T   mem=True nz=True ynz=True cond=True claim_agree=True upper=2172.11429320  CERT
154259509,0,1 RHO mem=True nz=True ynz=True cond=True claim_agree=True upper=0.910316229813  CERT
154259509,0,1 T   mem=True nz=True ynz=True cond=True claim_agree=True upper=1611.79418850  CERT
176868282,0,1 RHO mem=True nz=True ynz=True cond=True claim_agree=True upper=0.913650019595  CERT
176868282,0,1 T   mem=True nz=True ynz=True cond=True claim_agree=True upper=3025.08705391  CERT
224088676,0,1 RHO mem=True nz=True ynz=True cond=True claim_agree=True upper=0.894630873671  CERT
224088676,0,1 T   mem=True nz=True ynz=True cond=True claim_agree=True upper=2595.97308597  CERT
240129608,0,1 RHO mem=True nz=True ynz=True cond=True claim_agree=True upper=0.900332290674  CERT
240129608,0,1 T   mem=True nz=True ynz=True cond=True claim_agree=True upper=2184.64535521  CERT
274468723,0,1 RHO mem=True nz=True ynz=True cond=True claim_agree=True upper=0.930353385115  CERT
274468723,0,1 T   mem=True nz=True ynz=True cond=True claim_agree=True upper=2858.67757002  CERT
285439765,0,1 RHO mem=True nz=True ynz=True cond=True claim_agree=True upper=0.889036616685  CERT
285439765,0,1 T   mem=True nz=True ynz=True cond=True claim_agree=True upper=1913.16088341  CERT
292270363,0,1 RHO mem=True nz=True ynz=True cond=True claim_agree=True upper=0.903764995820  CERT
292270363,0,1 T   mem=True nz=True ynz=True cond=True claim_agree=True upper=2492.94154472  CERT
299817691,0,1 RHO mem=True nz=True ynz=True cond=True claim_agree=True upper=0.894630873671  CERT
299817691,0,1 T   mem=True nz=True ynz=True cond=True claim_agree=True upper=1961.39982880  CERT
302219388,0,1 RHO mem=True nz=True ynz=True cond=True claim_agree=True upper=0.893833555731  CERT
302219388,0,1 T   mem=True nz=True ynz=True cond=True claim_agree=True upper=1779.31069056  CERT
319851197,0,1 RHO mem=True nz=True ynz=True cond=True claim_agree=True upper=0.901280128184  CERT
319851197,0,1 T   mem=True nz=True ynz=True cond=True claim_agree=True upper=2541.18872386  CERT
368918291,0,1 RHO mem=True nz=True ynz=True cond=True claim_agree=True upper=0.922780708632  CERT
368918291,0,1 T   mem=True nz=True ynz=True cond=True claim_agree=True upper=1849.01738352  CERT
440035448,0,1 RHO mem=True nz=True ynz=True cond=True claim_agree=True upper=0.912385128270  CERT
440035448,0,1 T   mem=True nz=True ynz=True cond=True claim_agree=True upper=2307.46138613  CERT
459545754,0,1 RHO mem=True nz=True ynz=True cond=True claim_agree=True upper=0.903911480154  CERT
459545754,0,1 T   mem=True nz=True ynz=True cond=True claim_agree=True upper=1959.77679325  CERT
477460635,0,1 RHO mem=True nz=True ynz=True cond=True claim_agree=True upper=0.923277349451  CERT
477460635,0,1 T   mem=True nz=True ynz=True cond=True claim_agree=True upper=2779.01859903  CERT
523556006,0,1 RHO mem=True nz=True ynz=True cond=True claim_agree=True upper=0.897801054110  CERT
523556006,0,1 T   mem=True nz=True ynz=True cond=True claim_agree=True upper=2751.63360312  CERT
541470887,0,1 RHO mem=True nz=True ynz=True cond=True claim_agree=True upper=0.901280128184  CERT
541470887,0,1 T   mem=True nz=True ynz=True cond=True claim_agree=True upper=1715.93415128  CERT
560981193,0,1 RHO mem=True nz=True ynz=True cond=True claim_agree=True upper=0.910316229813  CERT
560981193,0,1 T   mem=True nz=True ynz=True cond=True claim_agree=True upper=2228.78665234  CERT
632098350,0,1 RHO mem=True nz=True ynz=True cond=True claim_agree=True upper=0.894417853437  CERT
632098350,0,1 T   mem=True nz=True ynz=True cond=True claim_agree=True upper=1556.23494914  CERT
681165444,0,1 RHO mem=True nz=True ynz=True cond=True claim_agree=True upper=0.903911480154  CERT
681165444,0,1 T   mem=True nz=True ynz=True cond=True claim_agree=True upper=2054.44034124  CERT
698797253,0,1 RHO mem=True nz=True ynz=True cond=True claim_agree=True upper=0.930353385115  CERT
698797253,0,1 T   mem=True nz=True ynz=True cond=True claim_agree=True upper=2148.28642671  CERT
701198950,0,1 RHO mem=True nz=True ynz=True cond=True claim_agree=True upper=0.905366565135  CERT
701198950,0,1 T   mem=True nz=True ynz=True cond=True claim_agree=True upper=1674.01621080  CERT
708746278,0,1 RHO mem=True nz=True ynz=True cond=True claim_agree=True upper=0.889036616685  CERT
708746278,0,1 T   mem=True nz=True ynz=True cond=True claim_agree=True upper=3306.29740809  CERT
715576876,0,1 RHO mem=True nz=True ynz=True cond=True claim_agree=True upper=0.903764995820  CERT
715576876,0,1 T   mem=True nz=True ynz=True cond=True claim_agree=True upper=1573.84657214  CERT
726547918,0,1 RHO mem=True nz=True ynz=True cond=True claim_agree=True upper=0.893833555731  CERT
726547918,0,1 T   mem=True nz=True ynz=True cond=True claim_agree=True upper=2226.68995805  CERT
760887033,0,1 RHO mem=True nz=True ynz=True cond=True claim_agree=True upper=0.913650019595  CERT
760887033,0,1 T   mem=True nz=True ynz=True cond=True claim_agree=True upper=2070.04604915  CERT
776927965,0,1 RHO mem=True nz=True ynz=True cond=True claim_agree=True upper=0.905366565135  CERT
776927965,0,1 T   mem=True nz=True ynz=True cond=True claim_agree=True upper=2671.54822496  CERT
824148359,0,1 RHO mem=True nz=True ynz=True cond=True claim_agree=True upper=0.900332290674  CERT
824148359,0,1 T   mem=True nz=True ynz=True cond=True claim_agree=True upper=1751.81856661  CERT
846757132,0,1 RHO mem=True nz=True ynz=True cond=True claim_agree=True upper=0.912385128270  CERT
846757132,0,1 T   mem=True nz=True ynz=True cond=True claim_agree=True upper=2720.77521709  CERT
884251077,0,1 RHO mem=True nz=True ynz=True cond=True claim_agree=True upper=0.894417853437  CERT
884251077,0,1 T   mem=True nz=True ynz=True cond=True claim_agree=True upper=2270.20392043  CERT
944546966,0,1 RHO mem=True nz=True ynz=True cond=True claim_agree=True upper=0.897801054110  CERT
944546966,0,1 T   mem=True nz=True ynz=True cond=True claim_agree=True upper=1680.15302275  CERT
FAMILY VERIFY n=7 l=1001016641 : EXCLUDED (components certified 32 / 32 ; lines 64 ; failed lines 0)
FAMILY VERIFY PASS
