FACTORIZATION: 32 irreducible factors of degree 2 over F_1000709569: OK
31890120,0,1 RHO mem=True nz=True ynz=True cond=True claim_agree=True upper=0.956603612655  CERT
31890120,0,1 T   mem=True nz=True ynz=True cond=True claim_agree=True upper=2028.67919520  CERT
43678543,0,1 RHO mem=True nz=True ynz=True cond=True claim_agree=True upper=0.948379279953  CERT
43678543,0,1 T   mem=True nz=True ynz=True cond=True claim_agree=True upper=2343.04346011  CERT
137154108,0,1 RHO mem=True nz=True ynz=True cond=True claim_agree=True upper=0.913361355815  CERT
137154108,0,1 T   mem=True nz=True ynz=True cond=True claim_agree=True upper=2573.10444178  CERT
152188786,0,1 RHO mem=True nz=True ynz=True cond=True claim_agree=True upper=0.920453338902  CERT
152188786,0,1 T   mem=True nz=True ynz=True cond=True claim_agree=True upper=2257.24518874  CERT
159110600,0,1 RHO mem=True nz=True ynz=True cond=True claim_agree=True upper=0.929146936209  CERT
159110600,0,1 T   mem=True nz=True ynz=True cond=True claim_agree=True upper=2225.27964765  CERT
177635761,0,1 RHO mem=True nz=True ynz=True cond=True claim_agree=True upper=0.926753373659  CERT
177635761,0,1 T   mem=True nz=True ynz=True cond=True claim_agree=True upper=1945.20951366  CERT
184494120,0,1 RHO mem=True nz=True ynz=True cond=True claim_agree=True upper=0.929630633973  CERT
184494120,0,1 T   mem=True nz=True ynz=True cond=True claim_agree=True upper=2605.85094402  CERT
217738174,0,1 RHO mem=True nz=True ynz=True cond=True claim_agree=True upper=0.943398118992  CERT
217738174,0,1 T   mem=True nz=True ynz=True cond=True claim_agree=True upper=2597.46862173  CERT
218536831,0,1 RHO mem=True nz=True ynz=True cond=True claim_agree=True upper=0.929146936209  CERT
218536831,0,1 T   mem=True nz=True ynz=True cond=True claim_agree=True upper=1967.36115640  CERT
315290282,0,1 RHO mem=True nz=True ynz=True cond=True claim_agree=True upper=0.913361355815  CERT
315290282,0,1 T   mem=True nz=True ynz=True cond=True claim_agree=True upper=2773.86469557  CERT
333008756,0,1 RHO mem=True nz=True ynz=True cond=True claim_agree=True upper=0.930258114588  CERT
333008756,0,1 T   mem=True nz=True ynz=True cond=True claim_agree=True upper=2234.80677232  CERT
345886959,0,1 RHO mem=True nz=True ynz=True cond=True claim_agree=True upper=0.907158218084  CERT
345886959,0,1 T   mem=True nz=True ynz=True cond=True claim_agree=True upper=2502.89150474  CERT
360072045,0,1 RHO mem=True nz=True ynz=True cond=True claim_agree=True upper=0.929630633973  CERT
360072045,0,1 T   mem=True nz=True ynz=True cond=True claim_agree=True upper=3075.83602128  CERT
391077175,0,1 RHO mem=True nz=True ynz=True cond=True claim_agree=True upper=0.899898177277  CERT
391077175,0,1 T   mem=True nz=True ynz=True cond=True claim_agree=True upper=2106.25749727  CERT
476698985,0,1 RHO mem=True nz=True ynz=True cond=True claim_agree=True upper=0.913286194226  CERT
476698985,0,1 T   mem=True nz=True ynz=True cond=True claim_agree=True upper=2800.56289488  CERT
480653474,0,1 RHO mem=True nz=True ynz=True cond=True claim_agree=True upper=0.907158218084  CERT
480653474,0,1 T   mem=True nz=True ynz=True cond=True claim_agree=True upper=2279.41635036  CERT
520056095,0,1 RHO mem=True nz=True ynz=True cond=True claim_agree=True upper=0.939961995873  CERT
520056095,0,1 T   mem=True nz=True ynz=True cond=True claim_agree=True upper=2106.49016111  CERT
524010584,0,1 RHO mem=True nz=True ynz=True cond=True claim_agree=True upper=0.899898177277  CERT
524010584,0,1 T   mem=True nz=True ynz=True cond=True claim_agree=True upper=2180.55848948  CERT
609632394,0,1 RHO mem=True nz=True ynz=True cond=True claim_agree=True upper=0.913286194226  CERT
609632394,0,1 T   mem=True nz=True ynz=True cond=True claim_agree=True upper=1642.81356599  CERT
640637524,0,1 RHO mem=True nz=True ynz=True cond=True claim_agree=True upper=0.948490908808  CERT
640637524,0,1 T   mem=True nz=True ynz=True cond=True claim_agree=True upper=2826.57643398  CERT
654822610,0,1 RHO mem=True nz=True ynz=True cond=True claim_agree=True upper=0.939961995873  CERT
654822610,0,1 T   mem=True nz=True ynz=True cond=True claim_agree=True upper=2388.71352280  CERT
667700813,0,1 RHO mem=True nz=True ynz=True cond=True claim_agree=True upper=0.943398118992  CERT
667700813,0,1 T   mem=True nz=True ynz=True cond=True claim_agree=True upper=2459.83824688  CERT
685419287,0,1 RHO mem=True nz=True ynz=True cond=True claim_agree=True upper=0.935620554418  CERT
685419287,0,1 T   mem=True nz=True ynz=True cond=True claim_agree=True upper=2431.31700296  CERT
782172738,0,1 RHO mem=True nz=True ynz=True cond=True claim_agree=True upper=0.904111333518  CERT
782172738,0,1 T   mem=True nz=True ynz=True cond=True claim_agree=True upper=1717.46851737  CERT
782971395,0,1 RHO mem=True nz=True ynz=True cond=True claim_agree=True upper=0.930258114588  CERT
782971395,0,1 T   mem=True nz=True ynz=True cond=True claim_agree=True upper=2870.20906565  CERT
816215449,0,1 RHO mem=True nz=True ynz=True cond=True claim_agree=True upper=0.948490908808  CERT
816215449,0,1 T   mem=True nz=True ynz=True cond=True claim_agree=True upper=2584.36583400  CERT
823073808,0,1 RHO mem=True nz=True ynz=True cond=True claim_agree=True upper=0.956603612655  CERT
823073808,0,1 T   mem=True nz=True ynz=True cond=True claim_agree=True upper=2914.55171026  CERT
841598969,0,1 RHO mem=True nz=True ynz=True cond=True claim_agree=True upper=0.904111333518  CERT
841598969,0,1 T   mem=True nz=True ynz=True cond=True claim_agree=True upper=2407.57180491  CERT
848520783,0,1 RHO mem=True nz=True ynz=True cond=True claim_agree=True upper=0.948379279953  CERT
848520783,0,1 T   mem=True nz=True ynz=True cond=True claim_agree=True upper=2444.62769172  CERT
863555461,0,1 RHO mem=True nz=True ynz=True cond=True claim_agree=True upper=0.935620554418  CERT
863555461,0,1 T   mem=True nz=True ynz=True cond=True claim_agree=True upper=2302.62948085  CERT
957031026,0,1 RHO mem=True nz=True ynz=True cond=True claim_agree=True upper=0.920453338902  CERT
957031026,0,1 T   mem=True nz=True ynz=True cond=True claim_agree=True upper=2246.71836753  CERT
968819449,0,1 RHO mem=True nz=True ynz=True cond=True claim_agree=True upper=0.926753373659  CERT
968819449,0,1 T   mem=True nz=True ynz=True cond=True claim_agree=True upper=2117.86319945  CERT
FAMILY VERIFY n=7 l=1000709569 : EXCLUDED (components certified 32 / 32 ; lines 64 ; failed lines 0)
FAMILY VERIFY PASS
