FACTORIZATION: 32 irreducible factors of degree 2 over F_1000547137: OK
26170991,0,1 RHO mem=True nz=True ynz=True cond=True claim_agree=True upper=0.951812277811  CERT
26170991,0,1 T   mem=True nz=True ynz=True cond=True claim_agree=True upper=2650.51472540  CERT
37186180,0,1 RHO mem=True nz=True ynz=True cond=True claim_agree=True upper=0.951812277811  CERT
37186180,0,1 T   mem=True nz=True ynz=True cond=True claim_agree=True upper=2498.91393814  CERT
51929995,0,1 RHO mem=True nz=True ynz=True cond=True claim_agree=True upper=0.937398732787  CERT
51929995,0,1 T   mem=True nz=True ynz=True cond=True claim_agree=True upper=3033.45198423  CERT
55435908,0,1 RHO mem=True nz=True ynz=True cond=True claim_agree=True upper=0.996821798063  CERT
55435908,0,1 T   mem=True nz=True ynz=True cond=True claim_agree=True upper=2602.90209108  CERT
131911237,0,1 RHO mem=True nz=True ynz=True cond=True claim_agree=True upper=0.979823940557  CERT
131911237,0,1 T   mem=True nz=True ynz=True cond=True claim_agree=True upper=2590.93128160  CERT
147563392,0,1 RHO mem=True nz=True ynz=True cond=True claim_agree=True upper=0.951953784177  CERT
147563392,0,1 T   mem=True nz=True ynz=True cond=True claim_agree=True upper=2654.06857914  CERT
150626719,0,1 RHO mem=True nz=True ynz=True cond=True claim_agree=True upper=0.949990924185  CERT
150626719,0,1 T   mem=True nz=True ynz=True cond=True claim_agree=True upper=2387.17748797  CERT
150903193,0,1 RHO mem=True nz=True ynz=True cond=True claim_agree=True upper=0.969586862481  CERT
150903193,0,1 T   mem=True nz=True ynz=True cond=True claim_agree=True upper=3048.65119781  CERT
244652919,0,1 RHO mem=True nz=True ynz=True cond=True claim_agree=True upper=0.969586862481  CERT
244652919,0,1 T   mem=True nz=True ynz=True cond=True claim_agree=True upper=2380.41149742  CERT
268098071,0,1 RHO mem=True nz=True ynz=True cond=True claim_agree=True upper=0.889212221687  CERT
268098071,0,1 T   mem=True nz=True ynz=True cond=True claim_agree=True upper=2788.18750371  CERT
312018379,0,1 RHO mem=True nz=True ynz=True cond=True claim_agree=True upper=0.946787984685  CERT
312018379,0,1 T   mem=True nz=True ynz=True cond=True claim_agree=True upper=2611.58529505  CERT
389737700,0,1 RHO mem=True nz=True ynz=True cond=True claim_agree=True upper=0.946787984685  CERT
389737700,0,1 T   mem=True nz=True ynz=True cond=True claim_agree=True upper=2677.74903888  CERT
407142303,0,1 RHO mem=True nz=True ynz=True cond=True claim_agree=True upper=0.933636781504  CERT
407142303,0,1 T   mem=True nz=True ynz=True cond=True claim_agree=True upper=3258.67987719  CERT
410936232,0,1 RHO mem=True nz=True ynz=True cond=True claim_agree=True upper=0.937398732787  CERT
410936232,0,1 T   mem=True nz=True ynz=True cond=True claim_agree=True upper=1988.63427358  CERT
419742136,0,1 RHO mem=True nz=True ynz=True cond=True claim_agree=True upper=0.951953784177  CERT
419742136,0,1 T   mem=True nz=True ynz=True cond=True claim_agree=True upper=2837.68215607  CERT
427245256,0,1 RHO mem=True nz=True ynz=True cond=True claim_agree=True upper=0.959879009083  CERT
427245256,0,1 T   mem=True nz=True ynz=True cond=True claim_agree=True upper=3135.03138327  CERT
573301881,0,1 RHO mem=True nz=True ynz=True cond=True claim_agree=True upper=0.996821798063  CERT
573301881,0,1 T   mem=True nz=True ynz=True cond=True claim_agree=True upper=2461.53157418  CERT
580805001,0,1 RHO mem=True nz=True ynz=True cond=True claim_agree=True upper=0.955698776976  CERT
580805001,0,1 T   mem=True nz=True ynz=True cond=True claim_agree=True upper=2686.72405907  CERT
589610905,0,1 RHO mem=True nz=True ynz=True cond=True claim_agree=True upper=0.956604715201  CERT
589610905,0,1 T   mem=True nz=True ynz=True cond=True claim_agree=True upper=1983.34106560  CERT
593404834,0,1 RHO mem=True nz=True ynz=True cond=True claim_agree=True upper=0.979823940557  CERT
593404834,0,1 T   mem=True nz=True ynz=True cond=True claim_agree=True upper=1868.90754157  CERT
610809437,0,1 RHO mem=True nz=True ynz=True cond=True claim_agree=True upper=0.937553717915  CERT
610809437,0,1 T   mem=True nz=True ynz=True cond=True claim_agree=True upper=2717.01249349  CERT
688528758,0,1 RHO mem=True nz=True ynz=True cond=True claim_agree=True upper=0.937553717915  CERT
688528758,0,1 T   mem=True nz=True ynz=True cond=True claim_agree=True upper=3007.65467171  CERT
732449066,0,1 RHO mem=True nz=True ynz=True cond=True claim_agree=True upper=0.949990924185  CERT
732449066,0,1 T   mem=True nz=True ynz=True cond=True claim_agree=True upper=3132.69111748  CERT
755894218,0,1 RHO mem=True nz=True ynz=True cond=True claim_agree=True upper=0.942496649679  CERT
755894218,0,1 T   mem=True nz=True ynz=True cond=True claim_agree=True upper=2266.44832752  CERT
849643944,0,1 RHO mem=True nz=True ynz=True cond=True claim_agree=True upper=0.942496649679  CERT
849643944,0,1 T   mem=True nz=True ynz=True cond=True claim_agree=True upper=2351.34095346  CERT
849920418,0,1 RHO mem=True nz=True ynz=True cond=True claim_agree=True upper=0.889212221687  CERT
849920418,0,1 T   mem=True nz=True ynz=True cond=True claim_agree=True upper=2190.62259452  CERT
852983745,0,1 RHO mem=True nz=True ynz=True cond=True claim_agree=True upper=0.955698776976  CERT
852983745,0,1 T   mem=True nz=True ynz=True cond=True claim_agree=True upper=2375.19120714  CERT
868635900,0,1 RHO mem=True nz=True ynz=True cond=True claim_agree=True upper=0.933636781504  CERT
868635900,0,1 T   mem=True nz=True ynz=True cond=True claim_agree=True upper=3155.05504126  CERT
945111229,0,1 RHO mem=True nz=True ynz=True cond=True claim_agree=True upper=0.959879009083  CERT
945111229,0,1 T   mem=True nz=True ynz=True cond=True claim_agree=True upper=2702.30188789  CERT
948617142,0,1 RHO mem=True nz=True ynz=True cond=True claim_agree=True upper=0.956604715201  CERT
948617142,0,1 T   mem=True nz=True ynz=True cond=True claim_agree=True upper=2886.52261144  CERT
963360957,0,1 RHO mem=True nz=True ynz=True cond=True claim_agree=True upper=0.973149149234  CERT
963360957,0,1 T   mem=True nz=True ynz=True cond=True claim_agree=True upper=2590.05076990  CERT
974376146,0,1 RHO mem=True nz=True ynz=True cond=True claim_agree=True upper=0.973149149234  CERT
974376146,0,1 T   mem=True nz=True ynz=True cond=True claim_agree=True upper=2897.79951259  CERT
FAMILY VERIFY n=7 l=1000547137 : EXCLUDED (components certified 32 / 32 ; lines 64 ; failed lines 0)
FAMILY VERIFY PASS
