FACTORIZATION: 32 irreducible factors of degree 2 over F_1000441537: OK
7996474,0,1 RHO mem=True nz=True ynz=True cond=True claim_agree=True upper=0.892092124497  CERT
7996474,0,1 T   mem=True nz=True ynz=True cond=True claim_agree=True upper=2144.98193922  CERT
17335030,0,1 RHO mem=True nz=True ynz=True cond=True claim_agree=True upper=0.886286444127  CERT
17335030,0,1 T   mem=True nz=True ynz=True cond=True claim_agree=True upper=2218.86289070  CERT
62724778,0,1 RHO mem=True nz=True ynz=True cond=True claim_agree=True upper=0.926903470739  CERT
62724778,0,1 T   mem=True nz=True ynz=True cond=True claim_agree=True upper=2160.21469430  CERT
93651511,0,1 RHO mem=True nz=True ynz=True cond=True claim_agree=True upper=0.848247331363  CERT
93651511,0,1 T   mem=True nz=True ynz=True cond=True claim_agree=True upper=1970.74142290  CERT
96159366,0,1 RHO mem=True nz=True ynz=True cond=True claim_agree=True upper=0.913827077563  CERT
96159366,0,1 T   mem=True nz=True ynz=True cond=True claim_agree=True upper=3019.66942402  CERT
121913975,0,1 RHO mem=True nz=True ynz=True cond=True claim_agree=True upper=0.889510223142  CERT
121913975,0,1 T   mem=True nz=True ynz=True cond=True claim_agree=True upper=2683.84444415  CERT
147205029,0,1 RHO mem=True nz=True ynz=True cond=True claim_agree=True upper=0.855151248600  CERT
147205029,0,1 T   mem=True nz=True ynz=True cond=True claim_agree=True upper=2444.38084784  CERT
247523197,0,1 RHO mem=True nz=True ynz=True cond=True claim_agree=True upper=0.863545975625  CERT
247523197,0,1 T   mem=True nz=True ynz=True cond=True claim_agree=True upper=2105.70857780  CERT
250345782,0,1 RHO mem=True nz=True ynz=True cond=True claim_agree=True upper=0.905181964143  CERT
250345782,0,1 T   mem=True nz=True ynz=True cond=True claim_agree=True upper=1796.62130868  CERT
308003151,0,1 RHO mem=True nz=True ynz=True cond=True claim_agree=True upper=0.872091215852  CERT
308003151,0,1 T   mem=True nz=True ynz=True cond=True claim_agree=True upper=1658.97368287  CERT
325069527,0,1 RHO mem=True nz=True ynz=True cond=True claim_agree=True upper=0.901864417756  CERT
325069527,0,1 T   mem=True nz=True ynz=True cond=True claim_agree=True upper=2292.54096701  CERT
377893442,0,1 RHO mem=True nz=True ynz=True cond=True claim_agree=True upper=0.849586329742  CERT
377893442,0,1 T   mem=True nz=True ynz=True cond=True claim_agree=True upper=1694.19549928  CERT
402048941,0,1 RHO mem=True nz=True ynz=True cond=True claim_agree=True upper=0.883186414381  CERT
402048941,0,1 T   mem=True nz=True ynz=True cond=True claim_agree=True upper=2250.42688594  CERT
474778594,0,1 RHO mem=True nz=True ynz=True cond=True claim_agree=True upper=0.848247331363  CERT
474778594,0,1 T   mem=True nz=True ynz=True cond=True claim_agree=True upper=1718.92336448  CERT
477689600,0,1 RHO mem=True nz=True ynz=True cond=True claim_agree=True upper=0.905122157763  CERT
477689600,0,1 T   mem=True nz=True ynz=True cond=True claim_agree=True upper=1957.42939377  CERT
489758043,0,1 RHO mem=True nz=True ynz=True cond=True claim_agree=True upper=0.883170989788  CERT
489758043,0,1 T   mem=True nz=True ynz=True cond=True claim_agree=True upper=2913.94750808  CERT
510683494,0,1 RHO mem=True nz=True ynz=True cond=True claim_agree=True upper=0.889510223142  CERT
510683494,0,1 T   mem=True nz=True ynz=True cond=True claim_agree=True upper=1985.52937126  CERT
522751937,0,1 RHO mem=True nz=True ynz=True cond=True claim_agree=True upper=0.863545975625  CERT
522751937,0,1 T   mem=True nz=True ynz=True cond=True claim_agree=True upper=2897.93795471  CERT
525662943,0,1 RHO mem=True nz=True ynz=True cond=True claim_agree=True upper=0.930247014942  CERT
525662943,0,1 T   mem=True nz=True ynz=True cond=True claim_agree=True upper=2474.14420072  CERT
598392596,0,1 RHO mem=True nz=True ynz=True cond=True claim_agree=True upper=0.892092124497  CERT
598392596,0,1 T   mem=True nz=True ynz=True cond=True claim_agree=True upper=1925.09994291  CERT
622548095,0,1 RHO mem=True nz=True ynz=True cond=True claim_agree=True upper=0.926903470739  CERT
622548095,0,1 T   mem=True nz=True ynz=True cond=True claim_agree=True upper=2990.10345558  CERT
675372010,0,1 RHO mem=True nz=True ynz=True cond=True claim_agree=True upper=0.886286444127  CERT
675372010,0,1 T   mem=True nz=True ynz=True cond=True claim_agree=True upper=2161.40487002  CERT
692438386,0,1 RHO mem=True nz=True ynz=True cond=True claim_agree=True upper=0.905181964143  CERT
692438386,0,1 T   mem=True nz=True ynz=True cond=True claim_agree=True upper=2585.24337934  CERT
750095755,0,1 RHO mem=True nz=True ynz=True cond=True claim_agree=True upper=0.872091215852  CERT
750095755,0,1 T   mem=True nz=True ynz=True cond=True claim_agree=True upper=2270.60976306  CERT
752918340,0,1 RHO mem=True nz=True ynz=True cond=True claim_agree=True upper=0.905122157763  CERT
752918340,0,1 T   mem=True nz=True ynz=True cond=True claim_agree=True upper=1782.93647592  CERT
853236508,0,1 RHO mem=True nz=True ynz=True cond=True claim_agree=True upper=0.913827077563  CERT
853236508,0,1 T   mem=True nz=True ynz=True cond=True claim_agree=True upper=2722.63488096  CERT
878527562,0,1 RHO mem=True nz=True ynz=True cond=True claim_agree=True upper=0.883170989788  CERT
878527562,0,1 T   mem=True nz=True ynz=True cond=True claim_agree=True upper=2723.40434182  CERT
904282171,0,1 RHO mem=True nz=True ynz=True cond=True claim_agree=True upper=0.855151248600  CERT
904282171,0,1 T   mem=True nz=True ynz=True cond=True claim_agree=True upper=1544.50117474  CERT
906790026,0,1 RHO mem=True nz=True ynz=True cond=True claim_agree=True upper=0.930247014942  CERT
906790026,0,1 T   mem=True nz=True ynz=True cond=True claim_agree=True upper=2878.24174387  CERT
937716759,0,1 RHO mem=True nz=True ynz=True cond=True claim_agree=True upper=0.849586329742  CERT
937716759,0,1 T   mem=True nz=True ynz=True cond=True claim_agree=True upper=2145.48972211  CERT
983106507,0,1 RHO mem=True nz=True ynz=True cond=True claim_agree=True upper=0.901864417756  CERT
983106507,0,1 T   mem=True nz=True ynz=True cond=True claim_agree=True upper=1991.58811204  CERT
992445063,0,1 RHO mem=True nz=True ynz=True cond=True claim_agree=True upper=0.883186414381  CERT
992445063,0,1 T   mem=True nz=True ynz=True cond=True claim_agree=True upper=2742.39873010  CERT
FAMILY VERIFY n=7 l=1000441537 : EXCLUDED (components certified 32 / 32 ; lines 64 ; failed lines 0)
FAMILY VERIFY PASS
