FACTORIZATION: 32 irreducible factors of degree 2 over F_1001212097: OK
30885845,0,1 RHO mem=True nz=True ynz=True cond=True claim_agree=True upper=0.905050048238  CERT
30885845,0,1 T   mem=True nz=True ynz=True cond=True claim_agree=True upper=2709.59305451  CERT
54423739,0,1 RHO mem=True nz=True ynz=True cond=True claim_agree=True upper=0.920378276117  CERT
54423739,0,1 T   mem=True nz=True ynz=True cond=True claim_agree=True upper=2153.48960933  CERT
100265747,0,1 RHO mem=True nz=True ynz=True cond=True claim_agree=True upper=0.924008857953  CERT
100265747,0,1 T   mem=True nz=True ynz=True cond=True claim_agree=True upper=2280.61246515  CERT
100900534,0,1 RHO mem=True nz=True ynz=True cond=True claim_agree=True upper=0.957760549798  CERT
100900534,0,1 T   mem=True nz=True ynz=True cond=True claim_agree=True upper=2253.66908437  CERT
180478479,0,1 RHO mem=True nz=True ynz=True cond=True claim_agree=True upper=0.905050048238  CERT
180478479,0,1 T   mem=True nz=True ynz=True cond=True claim_agree=True upper=2260.24769372  CERT
194876687,0,1 RHO mem=True nz=True ynz=True cond=True claim_agree=True upper=0.881216585126  CERT
194876687,0,1 T   mem=True nz=True ynz=True cond=True claim_agree=True upper=1879.15438672  CERT
198112989,0,1 RHO mem=True nz=True ynz=True cond=True claim_agree=True upper=0.950303731036  CERT
198112989,0,1 T   mem=True nz=True ynz=True cond=True claim_agree=True upper=2307.15115858  CERT
235885569,0,1 RHO mem=True nz=True ynz=True cond=True claim_agree=True upper=0.950303731036  CERT
235885569,0,1 T   mem=True nz=True ynz=True cond=True claim_agree=True upper=1733.93328841  CERT
241060328,0,1 RHO mem=True nz=True ynz=True cond=True claim_agree=True upper=0.934804045823  CERT
241060328,0,1 T   mem=True nz=True ynz=True cond=True claim_agree=True upper=2571.23110557  CERT
332663245,0,1 RHO mem=True nz=True ynz=True cond=True claim_agree=True upper=0.890917845184  CERT
332663245,0,1 T   mem=True nz=True ynz=True cond=True claim_agree=True upper=2076.24154721  CERT
335895539,0,1 RHO mem=True nz=True ynz=True cond=True claim_agree=True upper=0.920378276117  CERT
335895539,0,1 T   mem=True nz=True ynz=True cond=True claim_agree=True upper=1734.63769121  CERT
365225161,0,1 RHO mem=True nz=True ynz=True cond=True claim_agree=True upper=0.936479679443  CERT
365225161,0,1 T   mem=True nz=True ynz=True cond=True claim_agree=True upper=2475.05096438  CERT
377314855,0,1 RHO mem=True nz=True ynz=True cond=True claim_agree=True upper=0.879679069408  CERT
377314855,0,1 T   mem=True nz=True ynz=True cond=True claim_agree=True upper=1870.98900955  CERT
397013412,0,1 RHO mem=True nz=True ynz=True cond=True claim_agree=True upper=0.911170073957  CERT
397013412,0,1 T   mem=True nz=True ynz=True cond=True claim_agree=True upper=1595.63556720  CERT
397526172,0,1 RHO mem=True nz=True ynz=True cond=True claim_agree=True upper=0.919339969619  CERT
397526172,0,1 T   mem=True nz=True ynz=True cond=True claim_agree=True upper=1806.16174611  CERT
446074194,0,1 RHO mem=True nz=True ynz=True cond=True claim_agree=True upper=0.957760549798  CERT
446074194,0,1 T   mem=True nz=True ynz=True cond=True claim_agree=True upper=2281.64781060  CERT
555137903,0,1 RHO mem=True nz=True ynz=True cond=True claim_agree=True upper=0.896799557832  CERT
555137903,0,1 T   mem=True nz=True ynz=True cond=True claim_agree=True upper=1540.51200272  CERT
603685925,0,1 RHO mem=True nz=True ynz=True cond=True claim_agree=True upper=0.924008857953  CERT
603685925,0,1 T   mem=True nz=True ynz=True cond=True claim_agree=True upper=1684.71872881  CERT
604198685,0,1 RHO mem=True nz=True ynz=True cond=True claim_agree=True upper=0.934804045823  CERT
604198685,0,1 T   mem=True nz=True ynz=True cond=True claim_agree=True upper=1879.45110055  CERT
623897242,0,1 RHO mem=True nz=True ynz=True cond=True claim_agree=True upper=0.936479679443  CERT
623897242,0,1 T   mem=True nz=True ynz=True cond=True claim_agree=True upper=2165.41211092  CERT
635986936,0,1 RHO mem=True nz=True ynz=True cond=True claim_agree=True upper=0.879679069408  CERT
635986936,0,1 T   mem=True nz=True ynz=True cond=True claim_agree=True upper=1974.31748157  CERT
665316558,0,1 RHO mem=True nz=True ynz=True cond=True claim_agree=True upper=0.921470055334  CERT
665316558,0,1 T   mem=True nz=True ynz=True cond=True claim_agree=True upper=2155.85127870  CERT
668548852,0,1 RHO mem=True nz=True ynz=True cond=True claim_agree=True upper=0.881216585126  CERT
668548852,0,1 T   mem=True nz=True ynz=True cond=True claim_agree=True upper=1974.73188057  CERT
760151769,0,1 RHO mem=True nz=True ynz=True cond=True claim_agree=True upper=0.911170073957  CERT
760151769,0,1 T   mem=True nz=True ynz=True cond=True claim_agree=True upper=2012.63053250  CERT
765326528,0,1 RHO mem=True nz=True ynz=True cond=True claim_agree=True upper=0.904305695876  CERT
765326528,0,1 T   mem=True nz=True ynz=True cond=True claim_agree=True upper=1768.07901675  CERT
803099108,0,1 RHO mem=True nz=True ynz=True cond=True claim_agree=True upper=0.904305695876  CERT
803099108,0,1 T   mem=True nz=True ynz=True cond=True claim_agree=True upper=1630.07242302  CERT
806335410,0,1 RHO mem=True nz=True ynz=True cond=True claim_agree=True upper=0.890917845184  CERT
806335410,0,1 T   mem=True nz=True ynz=True cond=True claim_agree=True upper=1749.69571856  CERT
820733618,0,1 RHO mem=True nz=True ynz=True cond=True claim_agree=True upper=0.921202202588  CERT
820733618,0,1 T   mem=True nz=True ynz=True cond=True claim_agree=True upper=2117.35837138  CERT
900311563,0,1 RHO mem=True nz=True ynz=True cond=True claim_agree=True upper=0.896799557832  CERT
900311563,0,1 T   mem=True nz=True ynz=True cond=True claim_agree=True upper=2349.55597750  CERT
900946350,0,1 RHO mem=True nz=True ynz=True cond=True claim_agree=True upper=0.919339969619  CERT
900946350,0,1 T   mem=True nz=True ynz=True cond=True claim_agree=True upper=2341.04053333  CERT
946788358,0,1 RHO mem=True nz=True ynz=True cond=True claim_agree=True upper=0.921470055334  CERT
946788358,0,1 T   mem=True nz=True ynz=True cond=True claim_agree=True upper=2070.86764393  CERT
970326252,0,1 RHO mem=True nz=True ynz=True cond=True claim_agree=True upper=0.921202202588  CERT
970326252,0,1 T   mem=True nz=True ynz=True cond=True claim_agree=True upper=2419.63022319  CERT
FAMILY VERIFY n=7 l=1001212097 : EXCLUDED (components certified 32 / 32 ; lines 64 ; failed lines 0)
FAMILY VERIFY PASS
