FACTORIZATION: 32 irreducible factors of degree 2 over F_1000814401: OK
19834380,0,1 RHO mem=True nz=True ynz=True cond=True claim_agree=True upper=0.914041293527  CERT
19834380,0,1 T   mem=True nz=True ynz=True cond=True claim_agree=True upper=2323.81119040  CERT
34978638,0,1 RHO mem=True nz=True ynz=True cond=True claim_agree=True upper=0.915864998087  CERT
34978638,0,1 T   mem=True nz=True ynz=True cond=True claim_agree=True upper=2399.36913930  CERT
44718631,0,1 RHO mem=True nz=True ynz=True cond=True claim_agree=True upper=0.931860634412  CERT
44718631,0,1 T   mem=True nz=True ynz=True cond=True claim_agree=True upper=2382.86001533  CERT
93178389,0,1 RHO mem=True nz=True ynz=True cond=True claim_agree=True upper=0.909937223793  CERT
93178389,0,1 T   mem=True nz=True ynz=True cond=True claim_agree=True upper=2823.03535848  CERT
115122566,0,1 RHO mem=True nz=True ynz=True cond=True claim_agree=True upper=0.924413237158  CERT
115122566,0,1 T   mem=True nz=True ynz=True cond=True claim_agree=True upper=2785.56925738  CERT
116610809,0,1 RHO mem=True nz=True ynz=True cond=True claim_agree=True upper=0.943066914605  CERT
116610809,0,1 T   mem=True nz=True ynz=True cond=True claim_agree=True upper=2129.81541289  CERT
134475125,0,1 RHO mem=True nz=True ynz=True cond=True claim_agree=True upper=0.904316006322  CERT
134475125,0,1 T   mem=True nz=True ynz=True cond=True claim_agree=True upper=2471.99844956  CERT
214771899,0,1 RHO mem=True nz=True ynz=True cond=True claim_agree=True upper=0.927917624487  CERT
214771899,0,1 T   mem=True nz=True ynz=True cond=True claim_agree=True upper=2453.16514227  CERT
245003510,0,1 RHO mem=True nz=True ynz=True cond=True claim_agree=True upper=0.924681975836  CERT
245003510,0,1 T   mem=True nz=True ynz=True cond=True claim_agree=True upper=2214.32821837  CERT
263403615,0,1 RHO mem=True nz=True ynz=True cond=True claim_agree=True upper=0.931860634412  CERT
263403615,0,1 T   mem=True nz=True ynz=True cond=True claim_agree=True upper=2237.42511997  CERT
305519284,0,1 RHO mem=True nz=True ynz=True cond=True claim_agree=True upper=0.924413237158  CERT
305519284,0,1 T   mem=True nz=True ynz=True cond=True claim_agree=True upper=2697.39010819  CERT
390096240,0,1 RHO mem=True nz=True ynz=True cond=True claim_agree=True upper=0.915900786076  CERT
390096240,0,1 T   mem=True nz=True ynz=True cond=True claim_agree=True upper=2288.94484479  CERT
420812730,0,1 RHO mem=True nz=True ynz=True cond=True claim_agree=True upper=0.924681975836  CERT
420812730,0,1 T   mem=True nz=True ynz=True cond=True claim_agree=True upper=2917.56300834  CERT
438676393,0,1 RHO mem=True nz=True ynz=True cond=True claim_agree=True upper=0.945040629778  CERT
438676393,0,1 T   mem=True nz=True ynz=True cond=True claim_agree=True upper=1855.64606150  CERT
490413572,0,1 RHO mem=True nz=True ynz=True cond=True claim_agree=True upper=0.945040629778  CERT
490413572,0,1 T   mem=True nz=True ynz=True cond=True claim_agree=True upper=2713.50371347  CERT
494661192,0,1 RHO mem=True nz=True ynz=True cond=True claim_agree=True upper=0.915864998087  CERT
494661192,0,1 T   mem=True nz=True ynz=True cond=True claim_agree=True upper=2032.39354231  CERT
506153209,0,1 RHO mem=True nz=True ynz=True cond=True claim_agree=True upper=0.951189096182  CERT
506153209,0,1 T   mem=True nz=True ynz=True cond=True claim_agree=True upper=2526.70567867  CERT
510400829,0,1 RHO mem=True nz=True ynz=True cond=True claim_agree=True upper=0.897473714357  CERT
510400829,0,1 T   mem=True nz=True ynz=True cond=True claim_agree=True upper=1921.89848765  CERT
562138008,0,1 RHO mem=True nz=True ynz=True cond=True claim_agree=True upper=0.897473714357  CERT
562138008,0,1 T   mem=True nz=True ynz=True cond=True claim_agree=True upper=2347.88169041  CERT
580001671,0,1 RHO mem=True nz=True ynz=True cond=True claim_agree=True upper=0.927894161408  CERT
580001671,0,1 T   mem=True nz=True ynz=True cond=True claim_agree=True upper=1624.55526950  CERT
610718161,0,1 RHO mem=True nz=True ynz=True cond=True claim_agree=True upper=0.909937223793  CERT
610718161,0,1 T   mem=True nz=True ynz=True cond=True claim_agree=True upper=1841.31848948  CERT
695295117,0,1 RHO mem=True nz=True ynz=True cond=True claim_agree=True upper=0.902389404011  CERT
695295117,0,1 T   mem=True nz=True ynz=True cond=True claim_agree=True upper=1850.70196131  CERT
737410786,0,1 RHO mem=True nz=True ynz=True cond=True claim_agree=True upper=0.916396638243  CERT
737410786,0,1 T   mem=True nz=True ynz=True cond=True claim_agree=True upper=2334.16177479  CERT
755810891,0,1 RHO mem=True nz=True ynz=True cond=True claim_agree=True upper=0.927894161408  CERT
755810891,0,1 T   mem=True nz=True ynz=True cond=True claim_agree=True upper=2733.61898599  CERT
786042502,0,1 RHO mem=True nz=True ynz=True cond=True claim_agree=True upper=0.904316006322  CERT
786042502,0,1 T   mem=True nz=True ynz=True cond=True claim_agree=True upper=2029.39130242  CERT
866339276,0,1 RHO mem=True nz=True ynz=True cond=True claim_agree=True upper=0.927917624487  CERT
866339276,0,1 T   mem=True nz=True ynz=True cond=True claim_agree=True upper=2570.01967893  CERT
884203592,0,1 RHO mem=True nz=True ynz=True cond=True claim_agree=True upper=0.914041293527  CERT
884203592,0,1 T   mem=True nz=True ynz=True cond=True claim_agree=True upper=2557.57063462  CERT
885691835,0,1 RHO mem=True nz=True ynz=True cond=True claim_agree=True upper=0.902389404011  CERT
885691835,0,1 T   mem=True nz=True ynz=True cond=True claim_agree=True upper=2274.27555295  CERT
907636012,0,1 RHO mem=True nz=True ynz=True cond=True claim_agree=True upper=0.915900786076  CERT
907636012,0,1 T   mem=True nz=True ynz=True cond=True claim_agree=True upper=2133.00679297  CERT
956095770,0,1 RHO mem=True nz=True ynz=True cond=True claim_agree=True upper=0.916396638243  CERT
956095770,0,1 T   mem=True nz=True ynz=True cond=True claim_agree=True upper=2321.65587704  CERT
965835763,0,1 RHO mem=True nz=True ynz=True cond=True claim_agree=True upper=0.951189096182  CERT
965835763,0,1 T   mem=True nz=True ynz=True cond=True claim_agree=True upper=3243.56803617  CERT
980980021,0,1 RHO mem=True nz=True ynz=True cond=True claim_agree=True upper=0.943066914605  CERT
980980021,0,1 T   mem=True nz=True ynz=True cond=True claim_agree=True upper=2201.78582424  CERT
FAMILY VERIFY n=7 l=1000814401 : EXCLUDED (components certified 32 / 32 ; lines 64 ; failed lines 0)
FAMILY VERIFY PASS
