FACTORIZATION: 32 irreducible factors of degree 2 over F_1000870081: OK
26579145,0,1 RHO mem=True nz=True ynz=True cond=True claim_agree=True upper=0.928245353294  CERT
26579145,0,1 T   mem=True nz=True ynz=True cond=True claim_agree=True upper=2428.77926879  CERT
56752778,0,1 RHO mem=True nz=True ynz=True cond=True claim_agree=True upper=0.968951550827  CERT
56752778,0,1 T   mem=True nz=True ynz=True cond=True claim_agree=True upper=2628.67555262  CERT
61175453,0,1 RHO mem=True nz=True ynz=True cond=True claim_agree=True upper=0.894780008940  CERT
61175453,0,1 T   mem=True nz=True ynz=True cond=True claim_agree=True upper=1970.57893524  CERT
107767957,0,1 RHO mem=True nz=True ynz=True cond=True claim_agree=True upper=0.942551059385  CERT
107767957,0,1 T   mem=True nz=True ynz=True cond=True claim_agree=True upper=2519.53171088  CERT
117765145,0,1 RHO mem=True nz=True ynz=True cond=True claim_agree=True upper=0.968951550827  CERT
117765145,0,1 T   mem=True nz=True ynz=True cond=True claim_agree=True upper=2294.85995129  CERT
157625967,0,1 RHO mem=True nz=True ynz=True cond=True claim_agree=True upper=0.953128476175  CERT
157625967,0,1 T   mem=True nz=True ynz=True cond=True claim_agree=True upper=2154.16520729  CERT
162669168,0,1 RHO mem=True nz=True ynz=True cond=True claim_agree=True upper=0.963406120437  CERT
162669168,0,1 T   mem=True nz=True ynz=True cond=True claim_agree=True upper=2297.16674404  CERT
181682894,0,1 RHO mem=True nz=True ynz=True cond=True claim_agree=True upper=0.934380637802  CERT
181682894,0,1 T   mem=True nz=True ynz=True cond=True claim_agree=True upper=2453.05084282  CERT
264993499,0,1 RHO mem=True nz=True ynz=True cond=True claim_agree=True upper=0.942551059385  CERT
264993499,0,1 T   mem=True nz=True ynz=True cond=True claim_agree=True upper=2603.68107416  CERT
341433171,0,1 RHO mem=True nz=True ynz=True cond=True claim_agree=True upper=0.963406120437  CERT
341433171,0,1 T   mem=True nz=True ynz=True cond=True claim_agree=True upper=2231.77964345  CERT
416976943,0,1 RHO mem=True nz=True ynz=True cond=True claim_agree=True upper=0.950839048644  CERT
416976943,0,1 T   mem=True nz=True ynz=True cond=True claim_agree=True upper=2467.47002909  CERT
426142931,0,1 RHO mem=True nz=True ynz=True cond=True claim_agree=True upper=0.966387808127  CERT
426142931,0,1 T   mem=True nz=True ynz=True cond=True claim_agree=True upper=2811.43603448  CERT
427225371,0,1 RHO mem=True nz=True ynz=True cond=True claim_agree=True upper=0.917037698337  CERT
427225371,0,1 T   mem=True nz=True ynz=True cond=True claim_agree=True upper=1715.39710162  CERT
454134001,0,1 RHO mem=True nz=True ynz=True cond=True claim_agree=True upper=0.934380637802  CERT
454134001,0,1 T   mem=True nz=True ynz=True cond=True claim_agree=True upper=2626.92311367  CERT
492488399,0,1 RHO mem=True nz=True ynz=True cond=True claim_agree=True upper=0.938070297629  CERT
492488399,0,1 T   mem=True nz=True ynz=True cond=True claim_agree=True upper=2437.56665906  CERT
497504622,0,1 RHO mem=True nz=True ynz=True cond=True claim_agree=True upper=0.953335344322  CERT
497504622,0,1 T   mem=True nz=True ynz=True cond=True claim_agree=True upper=2443.16413895  CERT
503365459,0,1 RHO mem=True nz=True ynz=True cond=True claim_agree=True upper=0.953128476175  CERT
503365459,0,1 T   mem=True nz=True ynz=True cond=True claim_agree=True upper=2415.84656583  CERT
508381682,0,1 RHO mem=True nz=True ynz=True cond=True claim_agree=True upper=0.917037698337  CERT
508381682,0,1 T   mem=True nz=True ynz=True cond=True claim_agree=True upper=2488.48401456  CERT
546736080,0,1 RHO mem=True nz=True ynz=True cond=True claim_agree=True upper=0.925272221885  CERT
546736080,0,1 T   mem=True nz=True ynz=True cond=True claim_agree=True upper=2788.81212299  CERT
573644710,0,1 RHO mem=True nz=True ynz=True cond=True claim_agree=True upper=0.938070297629  CERT
573644710,0,1 T   mem=True nz=True ynz=True cond=True claim_agree=True upper=2681.48432555  CERT
574727150,0,1 RHO mem=True nz=True ynz=True cond=True claim_agree=True upper=0.894780008940  CERT
574727150,0,1 T   mem=True nz=True ynz=True cond=True claim_agree=True upper=1774.46833914  CERT
583893138,0,1 RHO mem=True nz=True ynz=True cond=True claim_agree=True upper=0.928245353294  CERT
583893138,0,1 T   mem=True nz=True ynz=True cond=True claim_agree=True upper=2369.73571307  CERT
659436910,0,1 RHO mem=True nz=True ynz=True cond=True claim_agree=True upper=0.964380909746  CERT
659436910,0,1 T   mem=True nz=True ynz=True cond=True claim_agree=True upper=2046.10103561  CERT
735876582,0,1 RHO mem=True nz=True ynz=True cond=True claim_agree=True upper=0.984006970532  CERT
735876582,0,1 T   mem=True nz=True ynz=True cond=True claim_agree=True upper=2846.27774738  CERT
819187187,0,1 RHO mem=True nz=True ynz=True cond=True claim_agree=True upper=0.925272221885  CERT
819187187,0,1 T   mem=True nz=True ynz=True cond=True claim_agree=True upper=1938.34141278  CERT
838200913,0,1 RHO mem=True nz=True ynz=True cond=True claim_agree=True upper=0.964380909746  CERT
838200913,0,1 T   mem=True nz=True ynz=True cond=True claim_agree=True upper=2893.03551892  CERT
843244114,0,1 RHO mem=True nz=True ynz=True cond=True claim_agree=True upper=0.953335344322  CERT
843244114,0,1 T   mem=True nz=True ynz=True cond=True claim_agree=True upper=2364.29165757  CERT
883104936,0,1 RHO mem=True nz=True ynz=True cond=True claim_agree=True upper=0.935969754379  CERT
883104936,0,1 T   mem=True nz=True ynz=True cond=True claim_agree=True upper=2237.80828591  CERT
893102124,0,1 RHO mem=True nz=True ynz=True cond=True claim_agree=True upper=0.984006970532  CERT
893102124,0,1 T   mem=True nz=True ynz=True cond=True claim_agree=True upper=2151.41229297  CERT
939694628,0,1 RHO mem=True nz=True ynz=True cond=True claim_agree=True upper=0.966387808127  CERT
939694628,0,1 T   mem=True nz=True ynz=True cond=True claim_agree=True upper=2750.69177654  CERT
944117303,0,1 RHO mem=True nz=True ynz=True cond=True claim_agree=True upper=0.935969754379  CERT
944117303,0,1 T   mem=True nz=True ynz=True cond=True claim_agree=True upper=2231.00733640  CERT
974290936,0,1 RHO mem=True nz=True ynz=True cond=True claim_agree=True upper=0.950839048644  CERT
974290936,0,1 T   mem=True nz=True ynz=True cond=True claim_agree=True upper=2731.03866993  CERT
FAMILY VERIFY n=7 l=1000870081 : EXCLUDED (components certified 32 / 32 ; lines 64 ; failed lines 0)
FAMILY VERIFY PASS
