FACTORIZATION: 32 irreducible factors of degree 2 over F_1001140289: OK
37011620,0,1 RHO mem=True nz=True ynz=True cond=True claim_agree=True upper=0.918705679389  CERT
37011620,0,1 T   mem=True nz=True ynz=True cond=True claim_agree=True upper=1547.57574978  CERT
101703706,0,1 RHO mem=True nz=True ynz=True cond=True claim_agree=True upper=0.899623031666  CERT
101703706,0,1 T   mem=True nz=True ynz=True cond=True claim_agree=True upper=2111.36608305  CERT
151106000,0,1 RHO mem=True nz=True ynz=True cond=True claim_agree=True upper=0.924332543868  CERT
151106000,0,1 T   mem=True nz=True ynz=True cond=True claim_agree=True upper=2217.21246289  CERT
170846508,0,1 RHO mem=True nz=True ynz=True cond=True claim_agree=True upper=0.967712341110  CERT
170846508,0,1 T   mem=True nz=True ynz=True cond=True claim_agree=True upper=2453.73021897  CERT
232610903,0,1 RHO mem=True nz=True ynz=True cond=True claim_agree=True upper=0.935578047003  CERT
232610903,0,1 T   mem=True nz=True ynz=True cond=True claim_agree=True upper=2393.87249146  CERT
287046326,0,1 RHO mem=True nz=True ynz=True cond=True claim_agree=True upper=0.955156047838  CERT
287046326,0,1 T   mem=True nz=True ynz=True cond=True claim_agree=True upper=3233.16643389  CERT
316589749,0,1 RHO mem=True nz=True ynz=True cond=True claim_agree=True upper=0.945268685931  CERT
316589749,0,1 T   mem=True nz=True ynz=True cond=True claim_agree=True upper=1786.28366831  CERT
352538272,0,1 RHO mem=True nz=True ynz=True cond=True claim_agree=True upper=0.918705679389  CERT
352538272,0,1 T   mem=True nz=True ynz=True cond=True claim_agree=True upper=2430.87790932  CERT
361321985,0,1 RHO mem=True nz=True ynz=True cond=True claim_agree=True upper=0.959578017858  CERT
361321985,0,1 T   mem=True nz=True ynz=True cond=True claim_agree=True upper=2283.77477017  CERT
396278476,0,1 RHO mem=True nz=True ynz=True cond=True claim_agree=True upper=0.941975326161  CERT
396278476,0,1 T   mem=True nz=True ynz=True cond=True claim_agree=True upper=2235.30945893  CERT
419087130,0,1 RHO mem=True nz=True ynz=True cond=True claim_agree=True upper=0.953570921427  CERT
419087130,0,1 T   mem=True nz=True ynz=True cond=True claim_agree=True upper=1990.89082792  CERT
460899928,0,1 RHO mem=True nz=True ynz=True cond=True claim_agree=True upper=0.955156047838  CERT
460899928,0,1 T   mem=True nz=True ynz=True cond=True claim_agree=True upper=2244.93747953  CERT
464108231,0,1 RHO mem=True nz=True ynz=True cond=True claim_agree=True upper=0.899623031666  CERT
464108231,0,1 T   mem=True nz=True ynz=True cond=True claim_agree=True upper=1997.28396146  CERT
468229896,0,1 RHO mem=True nz=True ynz=True cond=True claim_agree=True upper=0.962094906370  CERT
468229896,0,1 T   mem=True nz=True ynz=True cond=True claim_agree=True upper=2572.52868791  CERT
481844125,0,1 RHO mem=True nz=True ynz=True cond=True claim_agree=True upper=0.937122128310  CERT
481844125,0,1 T   mem=True nz=True ynz=True cond=True claim_agree=True upper=1774.86038181  CERT
486429515,0,1 RHO mem=True nz=True ynz=True cond=True claim_agree=True upper=0.956012972149  CERT
486429515,0,1 T   mem=True nz=True ynz=True cond=True claim_agree=True upper=2149.19299102  CERT
514710774,0,1 RHO mem=True nz=True ynz=True cond=True claim_agree=True upper=0.953570921427  CERT
514710774,0,1 T   mem=True nz=True ynz=True cond=True claim_agree=True upper=2259.63006526  CERT
519296164,0,1 RHO mem=True nz=True ynz=True cond=True claim_agree=True upper=0.924332543868  CERT
519296164,0,1 T   mem=True nz=True ynz=True cond=True claim_agree=True upper=2078.88471879  CERT
532910393,0,1 RHO mem=True nz=True ynz=True cond=True claim_agree=True upper=0.945268685931  CERT
532910393,0,1 T   mem=True nz=True ynz=True cond=True claim_agree=True upper=2001.12943029  CERT
537032058,0,1 RHO mem=True nz=True ynz=True cond=True claim_agree=True upper=0.952033455295  CERT
537032058,0,1 T   mem=True nz=True ynz=True cond=True claim_agree=True upper=2364.71023509  CERT
540240361,0,1 RHO mem=True nz=True ynz=True cond=True claim_agree=True upper=0.962543302786  CERT
540240361,0,1 T   mem=True nz=True ynz=True cond=True claim_agree=True upper=2045.92099931  CERT
582053159,0,1 RHO mem=True nz=True ynz=True cond=True claim_agree=True upper=0.956012972149  CERT
582053159,0,1 T   mem=True nz=True ynz=True cond=True claim_agree=True upper=2658.54438521  CERT
604861813,0,1 RHO mem=True nz=True ynz=True cond=True claim_agree=True upper=0.967712341110  CERT
604861813,0,1 T   mem=True nz=True ynz=True cond=True claim_agree=True upper=2609.38813871  CERT
639818304,0,1 RHO mem=True nz=True ynz=True cond=True claim_agree=True upper=0.935578047003  CERT
639818304,0,1 T   mem=True nz=True ynz=True cond=True claim_agree=True upper=2517.02179265  CERT
648602017,0,1 RHO mem=True nz=True ynz=True cond=True claim_agree=True upper=0.940266571357  CERT
648602017,0,1 T   mem=True nz=True ynz=True cond=True claim_agree=True upper=2337.80778879  CERT
684550540,0,1 RHO mem=True nz=True ynz=True cond=True claim_agree=True upper=0.962094906370  CERT
684550540,0,1 T   mem=True nz=True ynz=True cond=True claim_agree=True upper=2713.62390820  CERT
714093963,0,1 RHO mem=True nz=True ynz=True cond=True claim_agree=True upper=0.962543302786  CERT
714093963,0,1 T   mem=True nz=True ynz=True cond=True claim_agree=True upper=2508.04422319  CERT
768529386,0,1 RHO mem=True nz=True ynz=True cond=True claim_agree=True upper=0.959578017858  CERT
768529386,0,1 T   mem=True nz=True ynz=True cond=True claim_agree=True upper=1892.37652364  CERT
830293781,0,1 RHO mem=True nz=True ynz=True cond=True claim_agree=True upper=0.941975326161  CERT
830293781,0,1 T   mem=True nz=True ynz=True cond=True claim_agree=True upper=2702.65507061  CERT
850034289,0,1 RHO mem=True nz=True ynz=True cond=True claim_agree=True upper=0.937122128310  CERT
850034289,0,1 T   mem=True nz=True ynz=True cond=True claim_agree=True upper=2376.27595397  CERT
899436583,0,1 RHO mem=True nz=True ynz=True cond=True claim_agree=True upper=0.952033455295  CERT
899436583,0,1 T   mem=True nz=True ynz=True cond=True claim_agree=True upper=2488.78516044  CERT
964128669,0,1 RHO mem=True nz=True ynz=True cond=True claim_agree=True upper=0.940266571357  CERT
964128669,0,1 T   mem=True nz=True ynz=True cond=True claim_agree=True upper=2431.72179516  CERT
FAMILY VERIFY n=7 l=1001140289 : EXCLUDED (components certified 32 / 32 ; lines 64 ; failed lines 0)
FAMILY VERIFY PASS
