FACTORIZATION: 32 irreducible factors of degree 2 over F_1000380481: OK
61378190,0,1 RHO mem=True nz=True ynz=True cond=True claim_agree=True upper=0.830039867584  CERT
61378190,0,1 T   mem=True nz=True ynz=True cond=True claim_agree=True upper=1324.61677731  CERT
114917757,0,1 RHO mem=True nz=True ynz=True cond=True claim_agree=True upper=0.825103486464  CERT
114917757,0,1 T   mem=True nz=True ynz=True cond=True claim_agree=True upper=1131.19643680  CERT
145357370,0,1 RHO mem=True nz=True ynz=True cond=True claim_agree=True upper=0.830039867584  CERT
145357370,0,1 T   mem=True nz=True ynz=True cond=True claim_agree=True upper=1861.11444545  CERT
192341818,0,1 RHO mem=True nz=True ynz=True cond=True claim_agree=True upper=0.846696707593  CERT
192341818,0,1 T   mem=True nz=True ynz=True cond=True claim_agree=True upper=1477.80362471  CERT
197167211,0,1 RHO mem=True nz=True ynz=True cond=True claim_agree=True upper=0.823898076089  CERT
197167211,0,1 T   mem=True nz=True ynz=True cond=True claim_agree=True upper=1329.07544692  CERT
220276017,0,1 RHO mem=True nz=True ynz=True cond=True claim_agree=True upper=0.824772874358  CERT
220276017,0,1 T   mem=True nz=True ynz=True cond=True claim_agree=True upper=1441.80380808  CERT
225658410,0,1 RHO mem=True nz=True ynz=True cond=True claim_agree=True upper=0.817889135588  CERT
225658410,0,1 T   mem=True nz=True ynz=True cond=True claim_agree=True upper=1324.55170925  CERT
227729360,0,1 RHO mem=True nz=True ynz=True cond=True claim_agree=True upper=0.820358245749  CERT
227729360,0,1 T   mem=True nz=True ynz=True cond=True claim_agree=True upper=1339.96473638  CERT
235087559,0,1 RHO mem=True nz=True ynz=True cond=True claim_agree=True upper=0.851349278636  CERT
235087559,0,1 T   mem=True nz=True ynz=True cond=True claim_agree=True upper=1920.93294101  CERT
239286310,0,1 RHO mem=True nz=True ynz=True cond=True claim_agree=True upper=0.846696707593  CERT
239286310,0,1 T   mem=True nz=True ynz=True cond=True claim_agree=True upper=1249.35896572  CERT
259230704,0,1 RHO mem=True nz=True ynz=True cond=True claim_agree=True upper=0.851349278636  CERT
259230704,0,1 T   mem=True nz=True ynz=True cond=True claim_agree=True upper=1417.85979232  CERT
281551564,0,1 RHO mem=True nz=True ynz=True cond=True claim_agree=True upper=0.823221178702  CERT
281551564,0,1 T   mem=True nz=True ynz=True cond=True claim_agree=True upper=1084.94706859  CERT
388388914,0,1 RHO mem=True nz=True ynz=True cond=True claim_agree=True upper=0.820358245749  CERT
388388914,0,1 T   mem=True nz=True ynz=True cond=True claim_agree=True upper=1713.87500774  CERT
407578117,0,1 RHO mem=True nz=True ynz=True cond=True claim_agree=True upper=0.817889135588  CERT
407578117,0,1 T   mem=True nz=True ynz=True cond=True claim_agree=True upper=1383.16237574  CERT
422087602,0,1 RHO mem=True nz=True ynz=True cond=True claim_agree=True upper=0.824920326321  CERT
422087602,0,1 T   mem=True nz=True ynz=True cond=True claim_agree=True upper=1654.89562132  CERT
460082962,0,1 RHO mem=True nz=True ynz=True cond=True claim_agree=True upper=0.825103486464  CERT
460082962,0,1 T   mem=True nz=True ynz=True cond=True claim_agree=True upper=1275.26187917  CERT
540297519,0,1 RHO mem=True nz=True ynz=True cond=True claim_agree=True upper=0.834857462554  CERT
540297519,0,1 T   mem=True nz=True ynz=True cond=True claim_agree=True upper=1373.29726314  CERT
578292879,0,1 RHO mem=True nz=True ynz=True cond=True claim_agree=True upper=0.823898076089  CERT
578292879,0,1 T   mem=True nz=True ynz=True cond=True claim_agree=True upper=1378.67642933  CERT
592802364,0,1 RHO mem=True nz=True ynz=True cond=True claim_agree=True upper=0.843169840177  CERT
592802364,0,1 T   mem=True nz=True ynz=True cond=True claim_agree=True upper=1907.46261223  CERT
611991567,0,1 RHO mem=True nz=True ynz=True cond=True claim_agree=True upper=0.840122395047  CERT
611991567,0,1 T   mem=True nz=True ynz=True cond=True claim_agree=True upper=1671.99689008  CERT
718828917,0,1 RHO mem=True nz=True ynz=True cond=True claim_agree=True upper=0.824772874358  CERT
718828917,0,1 T   mem=True nz=True ynz=True cond=True claim_agree=True upper=1408.14649204  CERT
741149777,0,1 RHO mem=True nz=True ynz=True cond=True claim_agree=True upper=0.815356412950  CERT
741149777,0,1 T   mem=True nz=True ynz=True cond=True claim_agree=True upper=1382.83202880  CERT
761094171,0,1 RHO mem=True nz=True ynz=True cond=True claim_agree=True upper=0.831240527298  CERT
761094171,0,1 T   mem=True nz=True ynz=True cond=True claim_agree=True upper=1268.27140341  CERT
765292922,0,1 RHO mem=True nz=True ynz=True cond=True claim_agree=True upper=0.815356412950  CERT
765292922,0,1 T   mem=True nz=True ynz=True cond=True claim_agree=True upper=1490.20121166  CERT
772651121,0,1 RHO mem=True nz=True ynz=True cond=True claim_agree=True upper=0.840122395047  CERT
772651121,0,1 T   mem=True nz=True ynz=True cond=True claim_agree=True upper=1989.94792475  CERT
774722071,0,1 RHO mem=True nz=True ynz=True cond=True claim_agree=True upper=0.843169840177  CERT
774722071,0,1 T   mem=True nz=True ynz=True cond=True claim_agree=True upper=1835.27559421  CERT
780104464,0,1 RHO mem=True nz=True ynz=True cond=True claim_agree=True upper=0.823221178702  CERT
780104464,0,1 T   mem=True nz=True ynz=True cond=True claim_agree=True upper=1411.40272427  CERT
803213270,0,1 RHO mem=True nz=True ynz=True cond=True claim_agree=True upper=0.824920326321  CERT
803213270,0,1 T   mem=True nz=True ynz=True cond=True claim_agree=True upper=1118.29072635  CERT
808038663,0,1 RHO mem=True nz=True ynz=True cond=True claim_agree=True upper=0.831240527298  CERT
808038663,0,1 T   mem=True nz=True ynz=True cond=True claim_agree=True upper=1422.25113881  CERT
855023111,0,1 RHO mem=True nz=True ynz=True cond=True claim_agree=True upper=0.844464864256  CERT
855023111,0,1 T   mem=True nz=True ynz=True cond=True claim_agree=True upper=2036.16148490  CERT
885462724,0,1 RHO mem=True nz=True ynz=True cond=True claim_agree=True upper=0.834857462554  CERT
885462724,0,1 T   mem=True nz=True ynz=True cond=True claim_agree=True upper=1236.61434689  CERT
939002291,0,1 RHO mem=True nz=True ynz=True cond=True claim_agree=True upper=0.844464864256  CERT
939002291,0,1 T   mem=True nz=True ynz=True cond=True claim_agree=True upper=1681.45413603  CERT
FAMILY VERIFY n=7 l=1000380481 : EXCLUDED (components certified 32 / 32 ; lines 64 ; failed lines 0)
FAMILY VERIFY PASS
