FACTORIZATION: 32 irreducible factors of degree 2 over F_1000282817: OK
12295905,0,1 RHO mem=True nz=True ynz=True cond=True claim_agree=True upper=0.955623773910  CERT
12295905,0,1 T   mem=True nz=True ynz=True cond=True claim_agree=True upper=2205.90086855  CERT
23934390,0,1 RHO mem=True nz=True ynz=True cond=True claim_agree=True upper=0.967564700538  CERT
23934390,0,1 T   mem=True nz=True ynz=True cond=True claim_agree=True upper=2257.76065404  CERT
34003020,0,1 RHO mem=True nz=True ynz=True cond=True claim_agree=True upper=0.967971766071  CERT
34003020,0,1 T   mem=True nz=True ynz=True cond=True claim_agree=True upper=2947.81694933  CERT
46065689,0,1 RHO mem=True nz=True ynz=True cond=True claim_agree=True upper=0.977972735407  CERT
46065689,0,1 T   mem=True nz=True ynz=True cond=True claim_agree=True upper=2431.14402295  CERT
55372886,0,1 RHO mem=True nz=True ynz=True cond=True claim_agree=True upper=0.923787706025  CERT
55372886,0,1 T   mem=True nz=True ynz=True cond=True claim_agree=True upper=2381.64475145  CERT
103880890,0,1 RHO mem=True nz=True ynz=True cond=True claim_agree=True upper=0.960797169777  CERT
103880890,0,1 T   mem=True nz=True ynz=True cond=True claim_agree=True upper=2215.70718994  CERT
161754658,0,1 RHO mem=True nz=True ynz=True cond=True claim_agree=True upper=0.977972735407  CERT
161754658,0,1 T   mem=True nz=True ynz=True cond=True claim_agree=True upper=2137.71379816  CERT
198145871,0,1 RHO mem=True nz=True ynz=True cond=True claim_agree=True upper=0.972054021701  CERT
198145871,0,1 T   mem=True nz=True ynz=True cond=True claim_agree=True upper=2340.26917631  CERT
201351037,0,1 RHO mem=True nz=True ynz=True cond=True claim_agree=True upper=0.953401700603  CERT
201351037,0,1 T   mem=True nz=True ynz=True cond=True claim_agree=True upper=2961.08497106  CERT
223324441,0,1 RHO mem=True nz=True ynz=True cond=True claim_agree=True upper=0.960062081090  CERT
223324441,0,1 T   mem=True nz=True ynz=True cond=True claim_agree=True upper=2303.89941588  CERT
266562824,0,1 RHO mem=True nz=True ynz=True cond=True claim_agree=True upper=0.949332457078  CERT
266562824,0,1 T   mem=True nz=True ynz=True cond=True claim_agree=True upper=2186.89697611  CERT
313310227,0,1 RHO mem=True nz=True ynz=True cond=True claim_agree=True upper=0.931212146613  CERT
313310227,0,1 T   mem=True nz=True ynz=True cond=True claim_agree=True upper=2024.05155106  CERT
392766730,0,1 RHO mem=True nz=True ynz=True cond=True claim_agree=True upper=0.949332457078  CERT
392766730,0,1 T   mem=True nz=True ynz=True cond=True claim_agree=True upper=2324.91469410  CERT
394200111,0,1 RHO mem=True nz=True ynz=True cond=True claim_agree=True upper=0.972054021701  CERT
394200111,0,1 T   mem=True nz=True ynz=True cond=True claim_agree=True upper=1819.90225818  CERT
467217253,0,1 RHO mem=True nz=True ynz=True cond=True claim_agree=True upper=0.953401700603  CERT
467217253,0,1 T   mem=True nz=True ynz=True cond=True claim_agree=True upper=2361.16340508  CERT
469199150,0,1 RHO mem=True nz=True ynz=True cond=True claim_agree=True upper=0.955623773910  CERT
469199150,0,1 T   mem=True nz=True ynz=True cond=True claim_agree=True upper=2205.11678117  CERT
531083667,0,1 RHO mem=True nz=True ynz=True cond=True claim_agree=True upper=0.954664766412  CERT
531083667,0,1 T   mem=True nz=True ynz=True cond=True claim_agree=True upper=2179.24888805  CERT
533065564,0,1 RHO mem=True nz=True ynz=True cond=True claim_agree=True upper=0.946940990529  CERT
533065564,0,1 T   mem=True nz=True ynz=True cond=True claim_agree=True upper=2659.18844617  CERT
606082706,0,1 RHO mem=True nz=True ynz=True cond=True claim_agree=True upper=0.974607349200  CERT
606082706,0,1 T   mem=True nz=True ynz=True cond=True claim_agree=True upper=2496.55740866  CERT
607516087,0,1 RHO mem=True nz=True ynz=True cond=True claim_agree=True upper=0.952687456270  CERT
607516087,0,1 T   mem=True nz=True ynz=True cond=True claim_agree=True upper=1951.30553044  CERT
686972590,0,1 RHO mem=True nz=True ynz=True cond=True claim_agree=True upper=0.960797169777  CERT
686972590,0,1 T   mem=True nz=True ynz=True cond=True claim_agree=True upper=2197.21149734  CERT
733719993,0,1 RHO mem=True nz=True ynz=True cond=True claim_agree=True upper=0.952687456270  CERT
733719993,0,1 T   mem=True nz=True ynz=True cond=True claim_agree=True upper=2856.07052278  CERT
776958376,0,1 RHO mem=True nz=True ynz=True cond=True claim_agree=True upper=0.967564700538  CERT
776958376,0,1 T   mem=True nz=True ynz=True cond=True claim_agree=True upper=2181.58235584  CERT
798931780,0,1 RHO mem=True nz=True ynz=True cond=True claim_agree=True upper=0.946940990529  CERT
798931780,0,1 T   mem=True nz=True ynz=True cond=True claim_agree=True upper=2397.06942941  CERT
802136946,0,1 RHO mem=True nz=True ynz=True cond=True claim_agree=True upper=0.974607349200  CERT
802136946,0,1 T   mem=True nz=True ynz=True cond=True claim_agree=True upper=2151.26302868  CERT
838528159,0,1 RHO mem=True nz=True ynz=True cond=True claim_agree=True upper=0.953631047340  CERT
838528159,0,1 T   mem=True nz=True ynz=True cond=True claim_agree=True upper=3059.34200490  CERT
896401927,0,1 RHO mem=True nz=True ynz=True cond=True claim_agree=True upper=0.931212146613  CERT
896401927,0,1 T   mem=True nz=True ynz=True cond=True claim_agree=True upper=1704.63332934  CERT
944909931,0,1 RHO mem=True nz=True ynz=True cond=True claim_agree=True upper=0.967971766071  CERT
944909931,0,1 T   mem=True nz=True ynz=True cond=True claim_agree=True upper=3003.10158154  CERT
954217128,0,1 RHO mem=True nz=True ynz=True cond=True claim_agree=True upper=0.953631047340  CERT
954217128,0,1 T   mem=True nz=True ynz=True cond=True claim_agree=True upper=2319.26294915  CERT
966279797,0,1 RHO mem=True nz=True ynz=True cond=True claim_agree=True upper=0.923787706025  CERT
966279797,0,1 T   mem=True nz=True ynz=True cond=True claim_agree=True upper=2546.97364100  CERT
976348427,0,1 RHO mem=True nz=True ynz=True cond=True claim_agree=True upper=0.960062081090  CERT
976348427,0,1 T   mem=True nz=True ynz=True cond=True claim_agree=True upper=2633.68594436  CERT
987986912,0,1 RHO mem=True nz=True ynz=True cond=True claim_agree=True upper=0.954664766412  CERT
987986912,0,1 T   mem=True nz=True ynz=True cond=True claim_agree=True upper=2647.49162081  CERT
FAMILY VERIFY n=7 l=1000282817 : EXCLUDED (components certified 32 / 32 ; lines 64 ; failed lines 0)
FAMILY VERIFY PASS
