FACTORIZATION: 32 irreducible factors of degree 2 over F_1000717889: OK
2166339,0,1 RHO mem=True nz=True ynz=True cond=True claim_agree=True upper=0.933181897489  CERT
2166339,0,1 T   mem=True nz=True ynz=True cond=True claim_agree=True upper=2663.92602768  CERT
138155696,0,1 RHO mem=True nz=True ynz=True cond=True claim_agree=True upper=0.920305188124  CERT
138155696,0,1 T   mem=True nz=True ynz=True cond=True claim_agree=True upper=2473.09068256  CERT
166796531,0,1 RHO mem=True nz=True ynz=True cond=True claim_agree=True upper=0.945175127146  CERT
166796531,0,1 T   mem=True nz=True ynz=True cond=True claim_agree=True upper=1866.84044369  CERT
174837862,0,1 RHO mem=True nz=True ynz=True cond=True claim_agree=True upper=0.915058678031  CERT
174837862,0,1 T   mem=True nz=True ynz=True cond=True claim_agree=True upper=2623.23985465  CERT
179408004,0,1 RHO mem=True nz=True ynz=True cond=True claim_agree=True upper=0.920467823948  CERT
179408004,0,1 T   mem=True nz=True ynz=True cond=True claim_agree=True upper=2358.74251398  CERT
196248133,0,1 RHO mem=True nz=True ynz=True cond=True claim_agree=True upper=0.916480679788  CERT
196248133,0,1 T   mem=True nz=True ynz=True cond=True claim_agree=True upper=2498.40132468  CERT
318988299,0,1 RHO mem=True nz=True ynz=True cond=True claim_agree=True upper=0.947969892809  CERT
318988299,0,1 T   mem=True nz=True ynz=True cond=True claim_agree=True upper=2720.33149630  CERT
330079442,0,1 RHO mem=True nz=True ynz=True cond=True claim_agree=True upper=0.950043295991  CERT
330079442,0,1 T   mem=True nz=True ynz=True cond=True claim_agree=True upper=1965.05860113  CERT
350808239,0,1 RHO mem=True nz=True ynz=True cond=True claim_agree=True upper=0.916480679788  CERT
350808239,0,1 T   mem=True nz=True ynz=True cond=True claim_agree=True upper=2424.27680755  CERT
351877035,0,1 RHO mem=True nz=True ynz=True cond=True claim_agree=True upper=0.985997633434  CERT
351877035,0,1 T   mem=True nz=True ynz=True cond=True claim_agree=True upper=3107.91788798  CERT
353365009,0,1 RHO mem=True nz=True ynz=True cond=True claim_agree=True upper=0.920305188124  CERT
353365009,0,1 T   mem=True nz=True ynz=True cond=True claim_agree=True upper=1864.75519892  CERT
359197726,0,1 RHO mem=True nz=True ynz=True cond=True claim_agree=True upper=0.948539386304  CERT
359197726,0,1 T   mem=True nz=True ynz=True cond=True claim_agree=True upper=2209.30206031  CERT
392356119,0,1 RHO mem=True nz=True ynz=True cond=True claim_agree=True upper=0.945175127146  CERT
392356119,0,1 T   mem=True nz=True ynz=True cond=True claim_agree=True upper=2194.53842871  CERT
408970305,0,1 RHO mem=True nz=True ynz=True cond=True claim_agree=True upper=0.955642575487  CERT
408970305,0,1 T   mem=True nz=True ynz=True cond=True claim_agree=True upper=2348.05092092  CERT
450990046,0,1 RHO mem=True nz=True ynz=True cond=True claim_agree=True upper=0.938331049729  CERT
450990046,0,1 T   mem=True nz=True ynz=True cond=True claim_agree=True upper=2907.46411404  CERT
486516434,0,1 RHO mem=True nz=True ynz=True cond=True claim_agree=True upper=0.938331049729  CERT
486516434,0,1 T   mem=True nz=True ynz=True cond=True claim_agree=True upper=2131.75731197  CERT
514201455,0,1 RHO mem=True nz=True ynz=True cond=True claim_agree=True upper=0.907216800929  CERT
514201455,0,1 T   mem=True nz=True ynz=True cond=True claim_agree=True upper=2298.16696366  CERT
549727843,0,1 RHO mem=True nz=True ynz=True cond=True claim_agree=True upper=0.907216800929  CERT
549727843,0,1 T   mem=True nz=True ynz=True cond=True claim_agree=True upper=2120.83489586  CERT
591747584,0,1 RHO mem=True nz=True ynz=True cond=True claim_agree=True upper=0.915058678031  CERT
591747584,0,1 T   mem=True nz=True ynz=True cond=True claim_agree=True upper=2320.89707403  CERT
608361770,0,1 RHO mem=True nz=True ynz=True cond=True claim_agree=True upper=0.944454638306  CERT
608361770,0,1 T   mem=True nz=True ynz=True cond=True claim_agree=True upper=2138.20060175  CERT
641520163,0,1 RHO mem=True nz=True ynz=True cond=True claim_agree=True upper=0.947969892809  CERT
641520163,0,1 T   mem=True nz=True ynz=True cond=True claim_agree=True upper=2571.74131537  CERT
647352880,0,1 RHO mem=True nz=True ynz=True cond=True claim_agree=True upper=0.975314177855  CERT
647352880,0,1 T   mem=True nz=True ynz=True cond=True claim_agree=True upper=2781.97111120  CERT
648840854,0,1 RHO mem=True nz=True ynz=True cond=True claim_agree=True upper=0.920467823948  CERT
648840854,0,1 T   mem=True nz=True ynz=True cond=True claim_agree=True upper=2279.87883234  CERT
649909650,0,1 RHO mem=True nz=True ynz=True cond=True claim_agree=True upper=0.966091470198  CERT
649909650,0,1 T   mem=True nz=True ynz=True cond=True claim_agree=True upper=2652.32795537  CERT
670638447,0,1 RHO mem=True nz=True ynz=True cond=True claim_agree=True upper=0.933181897489  CERT
670638447,0,1 T   mem=True nz=True ynz=True cond=True claim_agree=True upper=2184.22026039  CERT
681729590,0,1 RHO mem=True nz=True ynz=True cond=True claim_agree=True upper=0.948539386304  CERT
681729590,0,1 T   mem=True nz=True ynz=True cond=True claim_agree=True upper=2417.85995762  CERT
804469756,0,1 RHO mem=True nz=True ynz=True cond=True claim_agree=True upper=0.966091470198  CERT
804469756,0,1 T   mem=True nz=True ynz=True cond=True claim_agree=True upper=1997.57123481  CERT
821309885,0,1 RHO mem=True nz=True ynz=True cond=True claim_agree=True upper=0.985997633434  CERT
821309885,0,1 T   mem=True nz=True ynz=True cond=True claim_agree=True upper=1807.25685429  CERT
825880027,0,1 RHO mem=True nz=True ynz=True cond=True claim_agree=True upper=0.955642575487  CERT
825880027,0,1 T   mem=True nz=True ynz=True cond=True claim_agree=True upper=2221.64386294  CERT
833921358,0,1 RHO mem=True nz=True ynz=True cond=True claim_agree=True upper=0.944454638306  CERT
833921358,0,1 T   mem=True nz=True ynz=True cond=True claim_agree=True upper=2436.49538995  CERT
862562193,0,1 RHO mem=True nz=True ynz=True cond=True claim_agree=True upper=0.975314177855  CERT
862562193,0,1 T   mem=True nz=True ynz=True cond=True claim_agree=True upper=2646.28685378  CERT
998551550,0,1 RHO mem=True nz=True ynz=True cond=True claim_agree=True upper=0.950043295991  CERT
998551550,0,1 T   mem=True nz=True ynz=True cond=True claim_agree=True upper=2828.30145692  CERT
FAMILY VERIFY n=7 l=1000717889 : EXCLUDED (components certified 32 / 32 ; lines 64 ; failed lines 0)
FAMILY VERIFY PASS
