FACTORIZATION: 32 irreducible factors of degree 2 over F_1000298561: OK
116014226,0,1 RHO mem=True nz=True ynz=True cond=True claim_agree=True upper=0.963560785243  CERT
116014226,0,1 T   mem=True nz=True ynz=True cond=True claim_agree=True upper=2898.08311419  CERT
127704829,0,1 RHO mem=True nz=True ynz=True cond=True claim_agree=True upper=0.960049505782  CERT
127704829,0,1 T   mem=True nz=True ynz=True cond=True claim_agree=True upper=2321.63153066  CERT
134197453,0,1 RHO mem=True nz=True ynz=True cond=True claim_agree=True upper=0.982612473283  CERT
134197453,0,1 T   mem=True nz=True ynz=True cond=True claim_agree=True upper=3312.32290625  CERT
145101871,0,1 RHO mem=True nz=True ynz=True cond=True claim_agree=True upper=0.983010566402  CERT
145101871,0,1 T   mem=True nz=True ynz=True cond=True claim_agree=True upper=2644.30717026  CERT
230298243,0,1 RHO mem=True nz=True ynz=True cond=True claim_agree=True upper=0.983010566402  CERT
230298243,0,1 T   mem=True nz=True ynz=True cond=True claim_agree=True upper=2640.03138852  CERT
245420078,0,1 RHO mem=True nz=True ynz=True cond=True claim_agree=True upper=0.956097468072  CERT
245420078,0,1 T   mem=True nz=True ynz=True cond=True claim_agree=True upper=2221.06034238  CERT
288196386,0,1 RHO mem=True nz=True ynz=True cond=True claim_agree=True upper=0.967879641804  CERT
288196386,0,1 T   mem=True nz=True ynz=True cond=True claim_agree=True upper=2331.89968892  CERT
288959142,0,1 RHO mem=True nz=True ynz=True cond=True claim_agree=True upper=0.940510590833  CERT
288959142,0,1 T   mem=True nz=True ynz=True cond=True claim_agree=True upper=2367.25822392  CERT
376379697,0,1 RHO mem=True nz=True ynz=True cond=True claim_agree=True upper=0.940510590833  CERT
376379697,0,1 T   mem=True nz=True ynz=True cond=True claim_agree=True upper=2578.38160816  CERT
380956055,0,1 RHO mem=True nz=True ynz=True cond=True claim_agree=True upper=0.967879641804  CERT
380956055,0,1 T   mem=True nz=True ynz=True cond=True claim_agree=True upper=3194.98491113  CERT
396350077,0,1 RHO mem=True nz=True ynz=True cond=True claim_agree=True upper=0.941298329659  CERT
396350077,0,1 T   mem=True nz=True ynz=True cond=True claim_agree=True upper=2513.93737779  CERT
408306217,0,1 RHO mem=True nz=True ynz=True cond=True claim_agree=True upper=0.982612473283  CERT
408306217,0,1 T   mem=True nz=True ynz=True cond=True claim_agree=True upper=2739.11442350  CERT
425612660,0,1 RHO mem=True nz=True ynz=True cond=True claim_agree=True upper=0.982333701343  CERT
425612660,0,1 T   mem=True nz=True ynz=True cond=True claim_agree=True upper=2408.95250248  CERT
445346139,0,1 RHO mem=True nz=True ynz=True cond=True claim_agree=True upper=0.921843052489  CERT
445346139,0,1 T   mem=True nz=True ynz=True cond=True claim_agree=True upper=1919.64681156  CERT
457783754,0,1 RHO mem=True nz=True ynz=True cond=True claim_agree=True upper=0.952202440547  CERT
457783754,0,1 T   mem=True nz=True ynz=True cond=True claim_agree=True upper=3310.98793083  CERT
459280743,0,1 RHO mem=True nz=True ynz=True cond=True claim_agree=True upper=0.956097468072  CERT
459280743,0,1 T   mem=True nz=True ynz=True cond=True claim_agree=True upper=3105.03482775  CERT
541017818,0,1 RHO mem=True nz=True ynz=True cond=True claim_agree=True upper=0.962984632052  CERT
541017818,0,1 T   mem=True nz=True ynz=True cond=True claim_agree=True upper=2897.28384611  CERT
542514807,0,1 RHO mem=True nz=True ynz=True cond=True claim_agree=True upper=0.960049505782  CERT
542514807,0,1 T   mem=True nz=True ynz=True cond=True claim_agree=True upper=3141.34200414  CERT
554952422,0,1 RHO mem=True nz=True ynz=True cond=True claim_agree=True upper=0.982333701343  CERT
554952422,0,1 T   mem=True nz=True ynz=True cond=True claim_agree=True upper=3291.33013732  CERT
574685901,0,1 RHO mem=True nz=True ynz=True cond=True claim_agree=True upper=0.921843052489  CERT
574685901,0,1 T   mem=True nz=True ynz=True cond=True claim_agree=True upper=1704.71154697  CERT
591992344,0,1 RHO mem=True nz=True ynz=True cond=True claim_agree=True upper=0.953299351603  CERT
591992344,0,1 T   mem=True nz=True ynz=True cond=True claim_agree=True upper=2834.71160507  CERT
603948484,0,1 RHO mem=True nz=True ynz=True cond=True claim_agree=True upper=0.963560785243  CERT
603948484,0,1 T   mem=True nz=True ynz=True cond=True claim_agree=True upper=2671.12064066  CERT
619342506,0,1 RHO mem=True nz=True ynz=True cond=True claim_agree=True upper=0.954288491760  CERT
619342506,0,1 T   mem=True nz=True ynz=True cond=True claim_agree=True upper=2421.78819072  CERT
623918864,0,1 RHO mem=True nz=True ynz=True cond=True claim_agree=True upper=0.960808632077  CERT
623918864,0,1 T   mem=True nz=True ynz=True cond=True claim_agree=True upper=2469.72176808  CERT
711339419,0,1 RHO mem=True nz=True ynz=True cond=True claim_agree=True upper=0.960808632077  CERT
711339419,0,1 T   mem=True nz=True ynz=True cond=True claim_agree=True upper=2413.47709482  CERT
712102175,0,1 RHO mem=True nz=True ynz=True cond=True claim_agree=True upper=0.954288491760  CERT
712102175,0,1 T   mem=True nz=True ynz=True cond=True claim_agree=True upper=2923.59194354  CERT
754878483,0,1 RHO mem=True nz=True ynz=True cond=True claim_agree=True upper=0.962984632052  CERT
754878483,0,1 T   mem=True nz=True ynz=True cond=True claim_agree=True upper=2713.08778719  CERT
770000318,0,1 RHO mem=True nz=True ynz=True cond=True claim_agree=True upper=0.952057567065  CERT
770000318,0,1 T   mem=True nz=True ynz=True cond=True claim_agree=True upper=2595.02378396  CERT
855196690,0,1 RHO mem=True nz=True ynz=True cond=True claim_agree=True upper=0.952057567065  CERT
855196690,0,1 T   mem=True nz=True ynz=True cond=True claim_agree=True upper=2842.82995782  CERT
866101108,0,1 RHO mem=True nz=True ynz=True cond=True claim_agree=True upper=0.953299351603  CERT
866101108,0,1 T   mem=True nz=True ynz=True cond=True claim_agree=True upper=2330.39383046  CERT
872593732,0,1 RHO mem=True nz=True ynz=True cond=True claim_agree=True upper=0.952202440547  CERT
872593732,0,1 T   mem=True nz=True ynz=True cond=True claim_agree=True upper=2308.63421669  CERT
884284335,0,1 RHO mem=True nz=True ynz=True cond=True claim_agree=True upper=0.941298329659  CERT
884284335,0,1 T   mem=True nz=True ynz=True cond=True claim_agree=True upper=2071.58143157  CERT
FAMILY VERIFY n=7 l=1000298561 : EXCLUDED (components certified 32 / 32 ; lines 64 ; failed lines 0)
FAMILY VERIFY PASS
