FACTORIZATION: 32 irreducible factors of degree 2 over F_1001244737: OK
53977630,0,1 RHO mem=True nz=True ynz=True cond=True claim_agree=True upper=0.947581790959  CERT
53977630,0,1 T   mem=True nz=True ynz=True cond=True claim_agree=True upper=2332.52511319  CERT
68505734,0,1 RHO mem=True nz=True ynz=True cond=True claim_agree=True upper=0.964949284890  CERT
68505734,0,1 T   mem=True nz=True ynz=True cond=True claim_agree=True upper=2629.43439997  CERT
131790012,0,1 RHO mem=True nz=True ynz=True cond=True claim_agree=True upper=0.952027518065  CERT
131790012,0,1 T   mem=True nz=True ynz=True cond=True claim_agree=True upper=2617.72628414  CERT
154538036,0,1 RHO mem=True nz=True ynz=True cond=True claim_agree=True upper=0.938687766116  CERT
154538036,0,1 T   mem=True nz=True ynz=True cond=True claim_agree=True upper=1859.74535766  CERT
199648135,0,1 RHO mem=True nz=True ynz=True cond=True claim_agree=True upper=0.965886863050  CERT
199648135,0,1 T   mem=True nz=True ynz=True cond=True claim_agree=True upper=2770.17444317  CERT
236690934,0,1 RHO mem=True nz=True ynz=True cond=True claim_agree=True upper=0.938687766116  CERT
236690934,0,1 T   mem=True nz=True ynz=True cond=True claim_agree=True upper=2508.07410012  CERT
258211302,0,1 RHO mem=True nz=True ynz=True cond=True claim_agree=True upper=0.947581790959  CERT
258211302,0,1 T   mem=True nz=True ynz=True cond=True claim_agree=True upper=2437.42908308  CERT
312032383,0,1 RHO mem=True nz=True ynz=True cond=True claim_agree=True upper=0.964949284890  CERT
312032383,0,1 T   mem=True nz=True ynz=True cond=True claim_agree=True upper=2616.80188414  CERT
334035089,0,1 RHO mem=True nz=True ynz=True cond=True claim_agree=True upper=0.937768493485  CERT
334035089,0,1 T   mem=True nz=True ynz=True cond=True claim_agree=True upper=2599.26099635  CERT
345196663,0,1 RHO mem=True nz=True ynz=True cond=True claim_agree=True upper=0.965886863050  CERT
345196663,0,1 T   mem=True nz=True ynz=True cond=True claim_agree=True upper=2357.74959755  CERT
387207895,0,1 RHO mem=True nz=True ynz=True cond=True claim_agree=True upper=0.971439954843  CERT
387207895,0,1 T   mem=True nz=True ynz=True cond=True claim_agree=True upper=2718.82128664  CERT
391319317,0,1 RHO mem=True nz=True ynz=True cond=True claim_agree=True upper=0.946674062091  CERT
391319317,0,1 T   mem=True nz=True ynz=True cond=True claim_agree=True upper=3015.02148163  CERT
395620578,0,1 RHO mem=True nz=True ynz=True cond=True claim_agree=True upper=0.951443012027  CERT
395620578,0,1 T   mem=True nz=True ynz=True cond=True claim_agree=True upper=2603.99806213  CERT
438876892,0,1 RHO mem=True nz=True ynz=True cond=True claim_agree=True upper=0.946674062091  CERT
438876892,0,1 T   mem=True nz=True ynz=True cond=True claim_agree=True upper=2481.51710383  CERT
465647181,0,1 RHO mem=True nz=True ynz=True cond=True claim_agree=True upper=0.920832985430  CERT
465647181,0,1 T   mem=True nz=True ynz=True cond=True claim_agree=True upper=2259.15721518  CERT
467094347,0,1 RHO mem=True nz=True ynz=True cond=True claim_agree=True upper=0.944254715908  CERT
467094347,0,1 T   mem=True nz=True ynz=True cond=True claim_agree=True upper=2899.16280924  CERT
534150390,0,1 RHO mem=True nz=True ynz=True cond=True claim_agree=True upper=0.937768493485  CERT
534150390,0,1 T   mem=True nz=True ynz=True cond=True claim_agree=True upper=1756.93915275  CERT
535597556,0,1 RHO mem=True nz=True ynz=True cond=True claim_agree=True upper=0.951443012027  CERT
535597556,0,1 T   mem=True nz=True ynz=True cond=True claim_agree=True upper=2574.09430038  CERT
562367845,0,1 RHO mem=True nz=True ynz=True cond=True claim_agree=True upper=0.958274572957  CERT
562367845,0,1 T   mem=True nz=True ynz=True cond=True claim_agree=True upper=3156.30200059  CERT
605624159,0,1 RHO mem=True nz=True ynz=True cond=True claim_agree=True upper=0.920832985430  CERT
605624159,0,1 T   mem=True nz=True ynz=True cond=True claim_agree=True upper=2533.41704829  CERT
609925420,0,1 RHO mem=True nz=True ynz=True cond=True claim_agree=True upper=0.958274572957  CERT
609925420,0,1 T   mem=True nz=True ynz=True cond=True claim_agree=True upper=3306.85174930  CERT
614036842,0,1 RHO mem=True nz=True ynz=True cond=True claim_agree=True upper=0.952027518065  CERT
614036842,0,1 T   mem=True nz=True ynz=True cond=True claim_agree=True upper=2238.45791455  CERT
656048074,0,1 RHO mem=True nz=True ynz=True cond=True claim_agree=True upper=0.929518201944  CERT
656048074,0,1 T   mem=True nz=True ynz=True cond=True claim_agree=True upper=2106.37215593  CERT
667209648,0,1 RHO mem=True nz=True ynz=True cond=True claim_agree=True upper=0.944254715908  CERT
667209648,0,1 T   mem=True nz=True ynz=True cond=True claim_agree=True upper=2564.32069691  CERT
689212354,0,1 RHO mem=True nz=True ynz=True cond=True claim_agree=True upper=0.943813948777  CERT
689212354,0,1 T   mem=True nz=True ynz=True cond=True claim_agree=True upper=2655.53270415  CERT
743033435,0,1 RHO mem=True nz=True ynz=True cond=True claim_agree=True upper=0.940688764907  CERT
743033435,0,1 T   mem=True nz=True ynz=True cond=True claim_agree=True upper=2354.50949535  CERT
764553803,0,1 RHO mem=True nz=True ynz=True cond=True claim_agree=True upper=0.926264811474  CERT
764553803,0,1 T   mem=True nz=True ynz=True cond=True claim_agree=True upper=2710.64300625  CERT
801596602,0,1 RHO mem=True nz=True ynz=True cond=True claim_agree=True upper=0.929518201944  CERT
801596602,0,1 T   mem=True nz=True ynz=True cond=True claim_agree=True upper=2184.37503326  CERT
846706701,0,1 RHO mem=True nz=True ynz=True cond=True claim_agree=True upper=0.926264811474  CERT
846706701,0,1 T   mem=True nz=True ynz=True cond=True claim_agree=True upper=3114.25927772  CERT
869454725,0,1 RHO mem=True nz=True ynz=True cond=True claim_agree=True upper=0.971439954843  CERT
869454725,0,1 T   mem=True nz=True ynz=True cond=True claim_agree=True upper=2104.14508792  CERT
932739003,0,1 RHO mem=True nz=True ynz=True cond=True claim_agree=True upper=0.943813948777  CERT
932739003,0,1 T   mem=True nz=True ynz=True cond=True claim_agree=True upper=2281.64437368  CERT
947267107,0,1 RHO mem=True nz=True ynz=True cond=True claim_agree=True upper=0.940688764907  CERT
947267107,0,1 T   mem=True nz=True ynz=True cond=True claim_agree=True upper=1818.61986882  CERT
FAMILY VERIFY n=7 l=1001244737 : EXCLUDED (components certified 32 / 32 ; lines 64 ; failed lines 0)
FAMILY VERIFY PASS
