FACTORIZATION: 32 irreducible factors of degree 2 over F_1001139649: OK
12803217,0,1 RHO mem=True nz=True ynz=True cond=True claim_agree=True upper=0.924080742072  CERT
12803217,0,1 T   mem=True nz=True ynz=True cond=True claim_agree=True upper=2758.15626103  CERT
32805706,0,1 RHO mem=True nz=True ynz=True cond=True claim_agree=True upper=0.923954670764  CERT
32805706,0,1 T   mem=True nz=True ynz=True cond=True claim_agree=True upper=2861.36067512  CERT
47379355,0,1 RHO mem=True nz=True ynz=True cond=True claim_agree=True upper=0.912018583605  CERT
47379355,0,1 T   mem=True nz=True ynz=True cond=True claim_agree=True upper=1687.54616312  CERT
71323031,0,1 RHO mem=True nz=True ynz=True cond=True claim_agree=True upper=0.930742751800  CERT
71323031,0,1 T   mem=True nz=True ynz=True cond=True claim_agree=True upper=2467.00573804  CERT
80147326,0,1 RHO mem=True nz=True ynz=True cond=True claim_agree=True upper=0.887733056128  CERT
80147326,0,1 T   mem=True nz=True ynz=True cond=True claim_agree=True upper=1950.60221130  CERT
128449556,0,1 RHO mem=True nz=True ynz=True cond=True claim_agree=True upper=0.945327330636  CERT
128449556,0,1 T   mem=True nz=True ynz=True cond=True claim_agree=True upper=2471.14397847  CERT
207078429,0,1 RHO mem=True nz=True ynz=True cond=True claim_agree=True upper=0.927195422507  CERT
207078429,0,1 T   mem=True nz=True ynz=True cond=True claim_agree=True upper=2132.70477987  CERT
229179825,0,1 RHO mem=True nz=True ynz=True cond=True claim_agree=True upper=0.919359614075  CERT
229179825,0,1 T   mem=True nz=True ynz=True cond=True claim_agree=True upper=2383.11588247  CERT
297290596,0,1 RHO mem=True nz=True ynz=True cond=True claim_agree=True upper=0.945327330636  CERT
297290596,0,1 T   mem=True nz=True ynz=True cond=True claim_agree=True upper=2709.81791835  CERT
336192049,0,1 RHO mem=True nz=True ynz=True cond=True claim_agree=True upper=0.844632114801  CERT
336192049,0,1 T   mem=True nz=True ynz=True cond=True claim_agree=True upper=2857.50946689  CERT
347784551,0,1 RHO mem=True nz=True ynz=True cond=True claim_agree=True upper=0.844632114801  CERT
347784551,0,1 T   mem=True nz=True ynz=True cond=True claim_agree=True upper=2494.28232543  CERT
364050701,0,1 RHO mem=True nz=True ynz=True cond=True claim_agree=True upper=0.923954670764  CERT
364050701,0,1 T   mem=True nz=True ynz=True cond=True claim_agree=True upper=2157.03529158  CERT
375422654,0,1 RHO mem=True nz=True ynz=True cond=True claim_agree=True upper=0.901987825877  CERT
375422654,0,1 T   mem=True nz=True ynz=True cond=True claim_agree=True upper=1807.50045638  CERT
400376225,0,1 RHO mem=True nz=True ynz=True cond=True claim_agree=True upper=0.913472120038  CERT
400376225,0,1 T   mem=True nz=True ynz=True cond=True claim_agree=True upper=1943.09509167  CERT
435334636,0,1 RHO mem=True nz=True ynz=True cond=True claim_agree=True upper=0.924080742072  CERT
435334636,0,1 T   mem=True nz=True ynz=True cond=True claim_agree=True upper=2531.22240763  CERT
497820953,0,1 RHO mem=True nz=True ynz=True cond=True claim_agree=True upper=0.912018583605  CERT
497820953,0,1 T   mem=True nz=True ynz=True cond=True claim_agree=True upper=2038.21274243  CERT
503318696,0,1 RHO mem=True nz=True ynz=True cond=True claim_agree=True upper=0.948849364906  CERT
503318696,0,1 T   mem=True nz=True ynz=True cond=True claim_agree=True upper=2424.29053691  CERT
565805013,0,1 RHO mem=True nz=True ynz=True cond=True claim_agree=True upper=0.913949551993  CERT
565805013,0,1 T   mem=True nz=True ynz=True cond=True claim_agree=True upper=2447.16879178  CERT
600763424,0,1 RHO mem=True nz=True ynz=True cond=True claim_agree=True upper=0.901987825877  CERT
600763424,0,1 T   mem=True nz=True ynz=True cond=True claim_agree=True upper=2316.87235945  CERT
625716995,0,1 RHO mem=True nz=True ynz=True cond=True claim_agree=True upper=0.913472120038  CERT
625716995,0,1 T   mem=True nz=True ynz=True cond=True claim_agree=True upper=2282.88110538  CERT
637088948,0,1 RHO mem=True nz=True ynz=True cond=True claim_agree=True upper=0.918734252557  CERT
637088948,0,1 T   mem=True nz=True ynz=True cond=True claim_agree=True upper=2276.82973381  CERT
653355098,0,1 RHO mem=True nz=True ynz=True cond=True claim_agree=True upper=0.939058829694  CERT
653355098,0,1 T   mem=True nz=True ynz=True cond=True claim_agree=True upper=2519.97345034  CERT
664947600,0,1 RHO mem=True nz=True ynz=True cond=True claim_agree=True upper=0.939058829694  CERT
664947600,0,1 T   mem=True nz=True ynz=True cond=True claim_agree=True upper=2357.19529081  CERT
703849053,0,1 RHO mem=True nz=True ynz=True cond=True claim_agree=True upper=0.891560222612  CERT
703849053,0,1 T   mem=True nz=True ynz=True cond=True claim_agree=True upper=2397.55256247  CERT
771959824,0,1 RHO mem=True nz=True ynz=True cond=True claim_agree=True upper=0.927195422507  CERT
771959824,0,1 T   mem=True nz=True ynz=True cond=True claim_agree=True upper=2217.72246782  CERT
794061220,0,1 RHO mem=True nz=True ynz=True cond=True claim_agree=True upper=0.919359614075  CERT
794061220,0,1 T   mem=True nz=True ynz=True cond=True claim_agree=True upper=2467.18197693  CERT
872690093,0,1 RHO mem=True nz=True ynz=True cond=True claim_agree=True upper=0.891560222612  CERT
872690093,0,1 T   mem=True nz=True ynz=True cond=True claim_agree=True upper=1588.67271904  CERT
920992323,0,1 RHO mem=True nz=True ynz=True cond=True claim_agree=True upper=0.930742751800  CERT
920992323,0,1 T   mem=True nz=True ynz=True cond=True claim_agree=True upper=3206.10668359  CERT
929816618,0,1 RHO mem=True nz=True ynz=True cond=True claim_agree=True upper=0.887733056128  CERT
929816618,0,1 T   mem=True nz=True ynz=True cond=True claim_agree=True upper=2016.06084044  CERT
953760294,0,1 RHO mem=True nz=True ynz=True cond=True claim_agree=True upper=0.948849364906  CERT
953760294,0,1 T   mem=True nz=True ynz=True cond=True claim_agree=True upper=2470.09556807  CERT
968333943,0,1 RHO mem=True nz=True ynz=True cond=True claim_agree=True upper=0.918734252557  CERT
968333943,0,1 T   mem=True nz=True ynz=True cond=True claim_agree=True upper=2271.63933301  CERT
988336432,0,1 RHO mem=True nz=True ynz=True cond=True claim_agree=True upper=0.913949551993  CERT
988336432,0,1 T   mem=True nz=True ynz=True cond=True claim_agree=True upper=1800.56602046  CERT
FAMILY VERIFY n=7 l=1001139649 : EXCLUDED (components certified 32 / 32 ; lines 64 ; failed lines 0)
FAMILY VERIFY PASS
