FACTORIZATION: 32 irreducible factors of degree 2 over F_1001230913: OK
6903971,0,1 RHO mem=True nz=True ynz=True cond=True claim_agree=True upper=0.942116619722  CERT
6903971,0,1 T   mem=True nz=True ynz=True cond=True claim_agree=True upper=2722.90938614  CERT
64134400,0,1 RHO mem=True nz=True ynz=True cond=True claim_agree=True upper=0.982121467087  CERT
64134400,0,1 T   mem=True nz=True ynz=True cond=True claim_agree=True upper=2597.15852156  CERT
75611810,0,1 RHO mem=True nz=True ynz=True cond=True claim_agree=True upper=0.962017014783  CERT
75611810,0,1 T   mem=True nz=True ynz=True cond=True claim_agree=True upper=2249.17409553  CERT
111944996,0,1 RHO mem=True nz=True ynz=True cond=True claim_agree=True upper=0.956176916694  CERT
111944996,0,1 T   mem=True nz=True ynz=True cond=True claim_agree=True upper=2296.13799809  CERT
141715282,0,1 RHO mem=True nz=True ynz=True cond=True claim_agree=True upper=0.952999412933  CERT
141715282,0,1 T   mem=True nz=True ynz=True cond=True claim_agree=True upper=2160.93114315  CERT
193893274,0,1 RHO mem=True nz=True ynz=True cond=True claim_agree=True upper=0.952999412933  CERT
193893274,0,1 T   mem=True nz=True ynz=True cond=True claim_agree=True upper=2658.77282286  CERT
212307103,0,1 RHO mem=True nz=True ynz=True cond=True claim_agree=True upper=0.956176916694  CERT
212307103,0,1 T   mem=True nz=True ynz=True cond=True claim_agree=True upper=2642.04004039  CERT
216310346,0,1 RHO mem=True nz=True ynz=True cond=True claim_agree=True upper=0.928970467553  CERT
216310346,0,1 T   mem=True nz=True ynz=True cond=True claim_agree=True upper=2677.57699722  CERT
222299072,0,1 RHO mem=True nz=True ynz=True cond=True claim_agree=True upper=0.970862257776  CERT
222299072,0,1 T   mem=True nz=True ynz=True cond=True claim_agree=True upper=2862.46120793  CERT
228134956,0,1 RHO mem=True nz=True ynz=True cond=True claim_agree=True upper=0.966053778991  CERT
228134956,0,1 T   mem=True nz=True ynz=True cond=True claim_agree=True upper=3053.77807103  CERT
239493195,0,1 RHO mem=True nz=True ynz=True cond=True claim_agree=True upper=0.938343636466  CERT
239493195,0,1 T   mem=True nz=True ynz=True cond=True claim_agree=True upper=2686.25416319  CERT
366275548,0,1 RHO mem=True nz=True ynz=True cond=True claim_agree=True upper=0.955516061041  CERT
366275548,0,1 T   mem=True nz=True ynz=True cond=True claim_agree=True upper=2332.83117262  CERT
378830184,0,1 RHO mem=True nz=True ynz=True cond=True claim_agree=True upper=0.952506505088  CERT
378830184,0,1 T   mem=True nz=True ynz=True cond=True claim_agree=True upper=2464.37733180  CERT
385309760,0,1 RHO mem=True nz=True ynz=True cond=True claim_agree=True upper=0.960206398985  CERT
385309760,0,1 T   mem=True nz=True ynz=True cond=True claim_agree=True upper=2399.32733575  CERT
404296700,0,1 RHO mem=True nz=True ynz=True cond=True claim_agree=True upper=0.962017014783  CERT
404296700,0,1 T   mem=True nz=True ynz=True cond=True claim_agree=True upper=2319.28333137  CERT
412055104,0,1 RHO mem=True nz=True ynz=True cond=True claim_agree=True upper=0.973681774584  CERT
412055104,0,1 T   mem=True nz=True ynz=True cond=True claim_agree=True upper=2406.10154638  CERT
589175809,0,1 RHO mem=True nz=True ynz=True cond=True claim_agree=True upper=0.955516061041  CERT
589175809,0,1 T   mem=True nz=True ynz=True cond=True claim_agree=True upper=2725.27651738  CERT
596934213,0,1 RHO mem=True nz=True ynz=True cond=True claim_agree=True upper=0.921627797123  CERT
596934213,0,1 T   mem=True nz=True ynz=True cond=True claim_agree=True upper=1785.99377708  CERT
615921153,0,1 RHO mem=True nz=True ynz=True cond=True claim_agree=True upper=0.942116619722  CERT
615921153,0,1 T   mem=True nz=True ynz=True cond=True claim_agree=True upper=2939.60174708  CERT
622400729,0,1 RHO mem=True nz=True ynz=True cond=True claim_agree=True upper=0.982121467087  CERT
622400729,0,1 T   mem=True nz=True ynz=True cond=True claim_agree=True upper=2786.06297002  CERT
634955365,0,1 RHO mem=True nz=True ynz=True cond=True claim_agree=True upper=0.973681774584  CERT
634955365,0,1 T   mem=True nz=True ynz=True cond=True claim_agree=True upper=2074.22758449  CERT
761737718,0,1 RHO mem=True nz=True ynz=True cond=True claim_agree=True upper=0.928970467553  CERT
761737718,0,1 T   mem=True nz=True ynz=True cond=True claim_agree=True upper=2805.15031343  CERT
773095957,0,1 RHO mem=True nz=True ynz=True cond=True claim_agree=True upper=0.970862257776  CERT
773095957,0,1 T   mem=True nz=True ynz=True cond=True claim_agree=True upper=2738.63899067  CERT
778931841,0,1 RHO mem=True nz=True ynz=True cond=True claim_agree=True upper=0.966053778991  CERT
778931841,0,1 T   mem=True nz=True ynz=True cond=True claim_agree=True upper=2317.35159038  CERT
784920567,0,1 RHO mem=True nz=True ynz=True cond=True claim_agree=True upper=0.938343636466  CERT
784920567,0,1 T   mem=True nz=True ynz=True cond=True claim_agree=True upper=2158.59783844  CERT
788923810,0,1 RHO mem=True nz=True ynz=True cond=True claim_agree=True upper=0.960118454307  CERT
788923810,0,1 T   mem=True nz=True ynz=True cond=True claim_agree=True upper=2021.98926001  CERT
807337639,0,1 RHO mem=True nz=True ynz=True cond=True claim_agree=True upper=0.975472787922  CERT
807337639,0,1 T   mem=True nz=True ynz=True cond=True claim_agree=True upper=2590.83227793  CERT
859515631,0,1 RHO mem=True nz=True ynz=True cond=True claim_agree=True upper=0.975472787922  CERT
859515631,0,1 T   mem=True nz=True ynz=True cond=True claim_agree=True upper=2567.04936952  CERT
889285917,0,1 RHO mem=True nz=True ynz=True cond=True claim_agree=True upper=0.960118454307  CERT
889285917,0,1 T   mem=True nz=True ynz=True cond=True claim_agree=True upper=2623.34988354  CERT
925619103,0,1 RHO mem=True nz=True ynz=True cond=True claim_agree=True upper=0.921627797123  CERT
925619103,0,1 T   mem=True nz=True ynz=True cond=True claim_agree=True upper=2045.32071087  CERT
937096513,0,1 RHO mem=True nz=True ynz=True cond=True claim_agree=True upper=0.952506505088  CERT
937096513,0,1 T   mem=True nz=True ynz=True cond=True claim_agree=True upper=2305.18587139  CERT
994326942,0,1 RHO mem=True nz=True ynz=True cond=True claim_agree=True upper=0.960206398985  CERT
994326942,0,1 T   mem=True nz=True ynz=True cond=True claim_agree=True upper=3273.30941932  CERT
FAMILY VERIFY n=7 l=1001230913 : EXCLUDED (components certified 32 / 32 ; lines 64 ; failed lines 0)
FAMILY VERIFY PASS
