FACTORIZATION: 32 irreducible factors of degree 2 over F_1000565057: OK
6170299,0,1 RHO mem=True nz=True ynz=True cond=True claim_agree=True upper=0.983205970936  CERT
6170299,0,1 T   mem=True nz=True ynz=True cond=True claim_agree=True upper=2604.23670102  CERT
150623011,0,1 RHO mem=True nz=True ynz=True cond=True claim_agree=True upper=0.949990117741  CERT
150623011,0,1 T   mem=True nz=True ynz=True cond=True claim_agree=True upper=2131.85203918  CERT
153174613,0,1 RHO mem=True nz=True ynz=True cond=True claim_agree=True upper=0.990878382797  CERT
153174613,0,1 T   mem=True nz=True ynz=True cond=True claim_agree=True upper=2337.65290835  CERT
197257698,0,1 RHO mem=True nz=True ynz=True cond=True claim_agree=True upper=0.974519531234  CERT
197257698,0,1 T   mem=True nz=True ynz=True cond=True claim_agree=True upper=2589.83378913  CERT
245301691,0,1 RHO mem=True nz=True ynz=True cond=True claim_agree=True upper=0.909360956476  CERT
245301691,0,1 T   mem=True nz=True ynz=True cond=True claim_agree=True upper=1827.57271665  CERT
326660906,0,1 RHO mem=True nz=True ynz=True cond=True claim_agree=True upper=0.953549209999  CERT
326660906,0,1 T   mem=True nz=True ynz=True cond=True claim_agree=True upper=2573.88540835  CERT
335595872,0,1 RHO mem=True nz=True ynz=True cond=True claim_agree=True upper=0.938855893450  CERT
335595872,0,1 T   mem=True nz=True ynz=True cond=True claim_agree=True upper=1891.46958361  CERT
338701843,0,1 RHO mem=True nz=True ynz=True cond=True claim_agree=True upper=0.888601264474  CERT
338701843,0,1 T   mem=True nz=True ynz=True cond=True claim_agree=True upper=1856.98790315  CERT
340958060,0,1 RHO mem=True nz=True ynz=True cond=True claim_agree=True upper=0.970726918321  CERT
340958060,0,1 T   mem=True nz=True ynz=True cond=True claim_agree=True upper=2446.94931268  CERT
362640659,0,1 RHO mem=True nz=True ynz=True cond=True claim_agree=True upper=0.984578230703  CERT
362640659,0,1 T   mem=True nz=True ynz=True cond=True claim_agree=True upper=3252.11255490  CERT
370000161,0,1 RHO mem=True nz=True ynz=True cond=True claim_agree=True upper=0.982204459851  CERT
370000161,0,1 T   mem=True nz=True ynz=True cond=True claim_agree=True upper=2381.78356673  CERT
371973392,0,1 RHO mem=True nz=True ynz=True cond=True claim_agree=True upper=0.943412829757  CERT
371973392,0,1 T   mem=True nz=True ynz=True cond=True claim_agree=True upper=1974.83648253  CERT
427361926,0,1 RHO mem=True nz=True ynz=True cond=True claim_agree=True upper=0.938855893450  CERT
427361926,0,1 T   mem=True nz=True ynz=True cond=True claim_agree=True upper=2788.80740512  CERT
429561627,0,1 RHO mem=True nz=True ynz=True cond=True claim_agree=True upper=0.974519531234  CERT
429561627,0,1 T   mem=True nz=True ynz=True cond=True claim_agree=True upper=2455.15980837  CERT
452903864,0,1 RHO mem=True nz=True ynz=True cond=True claim_agree=True upper=0.888601264474  CERT
452903864,0,1 T   mem=True nz=True ynz=True cond=True claim_agree=True upper=1712.66188111  CERT
497220549,0,1 RHO mem=True nz=True ynz=True cond=True claim_agree=True upper=0.939485012656  CERT
497220549,0,1 T   mem=True nz=True ynz=True cond=True claim_agree=True upper=2978.92346111  CERT
503344508,0,1 RHO mem=True nz=True ynz=True cond=True claim_agree=True upper=0.970726918321  CERT
503344508,0,1 T   mem=True nz=True ynz=True cond=True claim_agree=True upper=2079.03275709  CERT
547661193,0,1 RHO mem=True nz=True ynz=True cond=True claim_agree=True upper=0.951572100238  CERT
547661193,0,1 T   mem=True nz=True ynz=True cond=True claim_agree=True upper=2125.82069821  CERT
571003430,0,1 RHO mem=True nz=True ynz=True cond=True claim_agree=True upper=0.936464250823  CERT
571003430,0,1 T   mem=True nz=True ynz=True cond=True claim_agree=True upper=2130.52708683  CERT
573203131,0,1 RHO mem=True nz=True ynz=True cond=True claim_agree=True upper=0.945454839188  CERT
573203131,0,1 T   mem=True nz=True ynz=True cond=True claim_agree=True upper=2086.76517523  CERT
628591665,0,1 RHO mem=True nz=True ynz=True cond=True claim_agree=True upper=0.984578230703  CERT
628591665,0,1 T   mem=True nz=True ynz=True cond=True claim_agree=True upper=2825.64201053  CERT
630564896,0,1 RHO mem=True nz=True ynz=True cond=True claim_agree=True upper=0.952325866880  CERT
630564896,0,1 T   mem=True nz=True ynz=True cond=True claim_agree=True upper=2090.21805410  CERT
637924398,0,1 RHO mem=True nz=True ynz=True cond=True claim_agree=True upper=0.943412829757  CERT
637924398,0,1 T   mem=True nz=True ynz=True cond=True claim_agree=True upper=2530.99248370  CERT
659606997,0,1 RHO mem=True nz=True ynz=True cond=True claim_agree=True upper=0.939485012656  CERT
659606997,0,1 T   mem=True nz=True ynz=True cond=True claim_agree=True upper=1828.62106191  CERT
661863214,0,1 RHO mem=True nz=True ynz=True cond=True claim_agree=True upper=0.951572100238  CERT
661863214,0,1 T   mem=True nz=True ynz=True cond=True claim_agree=True upper=2785.22488003  CERT
664969185,0,1 RHO mem=True nz=True ynz=True cond=True claim_agree=True upper=0.945454839188  CERT
664969185,0,1 T   mem=True nz=True ynz=True cond=True claim_agree=True upper=2543.30707623  CERT
673904151,0,1 RHO mem=True nz=True ynz=True cond=True claim_agree=True upper=0.982204459851  CERT
673904151,0,1 T   mem=True nz=True ynz=True cond=True claim_agree=True upper=2503.20575684  CERT
755263366,0,1 RHO mem=True nz=True ynz=True cond=True claim_agree=True upper=0.983205970936  CERT
755263366,0,1 T   mem=True nz=True ynz=True cond=True claim_agree=True upper=3332.51944887  CERT
803307359,0,1 RHO mem=True nz=True ynz=True cond=True claim_agree=True upper=0.936464250823  CERT
803307359,0,1 T   mem=True nz=True ynz=True cond=True claim_agree=True upper=2134.90604289  CERT
847390444,0,1 RHO mem=True nz=True ynz=True cond=True claim_agree=True upper=0.949990117741  CERT
847390444,0,1 T   mem=True nz=True ynz=True cond=True claim_agree=True upper=2691.89165036  CERT
849942046,0,1 RHO mem=True nz=True ynz=True cond=True claim_agree=True upper=0.990878382797  CERT
849942046,0,1 T   mem=True nz=True ynz=True cond=True claim_agree=True upper=2530.93617447  CERT
994394758,0,1 RHO mem=True nz=True ynz=True cond=True claim_agree=True upper=0.909360956476  CERT
994394758,0,1 T   mem=True nz=True ynz=True cond=True claim_agree=True upper=1705.07569893  CERT
FAMILY VERIFY n=7 l=1000565057 : EXCLUDED (components certified 32 / 32 ; lines 64 ; failed lines 0)
FAMILY VERIFY PASS
