FACTORIZATION: 32 irreducible factors of degree 2 over F_1000672193: OK
14699702,0,1 RHO mem=True nz=True ynz=True cond=True claim_agree=True upper=0.962474451668  CERT
14699702,0,1 T   mem=True nz=True ynz=True cond=True claim_agree=True upper=2531.28601504  CERT
20858767,0,1 RHO mem=True nz=True ynz=True cond=True claim_agree=True upper=0.965626090414  CERT
20858767,0,1 T   mem=True nz=True ynz=True cond=True claim_agree=True upper=2524.52200276  CERT
37775036,0,1 RHO mem=True nz=True ynz=True cond=True claim_agree=True upper=0.947365992814  CERT
37775036,0,1 T   mem=True nz=True ynz=True cond=True claim_agree=True upper=3245.56824626  CERT
76074445,0,1 RHO mem=True nz=True ynz=True cond=True claim_agree=True upper=0.948298317354  CERT
76074445,0,1 T   mem=True nz=True ynz=True cond=True claim_agree=True upper=2968.35267059  CERT
84344046,0,1 RHO mem=True nz=True ynz=True cond=True claim_agree=True upper=0.924919240955  CERT
84344046,0,1 T   mem=True nz=True ynz=True cond=True claim_agree=True upper=2402.95042317  CERT
140929507,0,1 RHO mem=True nz=True ynz=True cond=True claim_agree=True upper=0.914693816442  CERT
140929507,0,1 T   mem=True nz=True ynz=True cond=True claim_agree=True upper=2208.34801058  CERT
170909089,0,1 RHO mem=True nz=True ynz=True cond=True claim_agree=True upper=0.914693816442  CERT
170909089,0,1 T   mem=True nz=True ynz=True cond=True claim_agree=True upper=2270.04869283  CERT
178266209,0,1 RHO mem=True nz=True ynz=True cond=True claim_agree=True upper=0.949679453216  CERT
178266209,0,1 T   mem=True nz=True ynz=True cond=True claim_agree=True upper=2548.33266000  CERT
273257951,0,1 RHO mem=True nz=True ynz=True cond=True claim_agree=True upper=0.947365992814  CERT
273257951,0,1 T   mem=True nz=True ynz=True cond=True claim_agree=True upper=2768.01683920  CERT
284835976,0,1 RHO mem=True nz=True ynz=True cond=True claim_agree=True upper=0.948298317354  CERT
284835976,0,1 T   mem=True nz=True ynz=True cond=True claim_agree=True upper=2437.16354622  CERT
344389787,0,1 RHO mem=True nz=True ynz=True cond=True claim_agree=True upper=0.967995331023  CERT
344389787,0,1 T   mem=True nz=True ynz=True cond=True claim_agree=True upper=2448.92298680  CERT
349532564,0,1 RHO mem=True nz=True ynz=True cond=True claim_agree=True upper=0.949560936218  CERT
349532564,0,1 T   mem=True nz=True ynz=True cond=True claim_agree=True upper=2434.43349921  CERT
409501688,0,1 RHO mem=True nz=True ynz=True cond=True claim_agree=True upper=0.942220615444  CERT
409501688,0,1 T   mem=True nz=True ynz=True cond=True claim_agree=True upper=2186.28822809  CERT
427911610,0,1 RHO mem=True nz=True ynz=True cond=True claim_agree=True upper=0.960986946510  CERT
427911610,0,1 T   mem=True nz=True ynz=True cond=True claim_agree=True upper=3172.77242710  CERT
437147871,0,1 RHO mem=True nz=True ynz=True cond=True claim_agree=True upper=0.967995331023  CERT
437147871,0,1 T   mem=True nz=True ynz=True cond=True claim_agree=True upper=2896.87493258  CERT
489171636,0,1 RHO mem=True nz=True ynz=True cond=True claim_agree=True upper=0.962474451668  CERT
489171636,0,1 T   mem=True nz=True ynz=True cond=True claim_agree=True upper=2607.53459169  CERT
511500557,0,1 RHO mem=True nz=True ynz=True cond=True claim_agree=True upper=0.953122895623  CERT
511500557,0,1 T   mem=True nz=True ynz=True cond=True claim_agree=True upper=2054.23285211  CERT
563524322,0,1 RHO mem=True nz=True ynz=True cond=True claim_agree=True upper=0.959127622299  CERT
563524322,0,1 T   mem=True nz=True ynz=True cond=True claim_agree=True upper=2541.75987033  CERT
572760583,0,1 RHO mem=True nz=True ynz=True cond=True claim_agree=True upper=0.942220615444  CERT
572760583,0,1 T   mem=True nz=True ynz=True cond=True claim_agree=True upper=2810.34565245  CERT
591170505,0,1 RHO mem=True nz=True ynz=True cond=True claim_agree=True upper=0.960986946510  CERT
591170505,0,1 T   mem=True nz=True ynz=True cond=True claim_agree=True upper=3087.63522685  CERT
651139629,0,1 RHO mem=True nz=True ynz=True cond=True claim_agree=True upper=0.949679453216  CERT
651139629,0,1 T   mem=True nz=True ynz=True cond=True claim_agree=True upper=2829.23102688  CERT
656282406,0,1 RHO mem=True nz=True ynz=True cond=True claim_agree=True upper=0.959127622299  CERT
656282406,0,1 T   mem=True nz=True ynz=True cond=True claim_agree=True upper=2894.87405173  CERT
715836217,0,1 RHO mem=True nz=True ynz=True cond=True claim_agree=True upper=0.947318201997  CERT
715836217,0,1 T   mem=True nz=True ynz=True cond=True claim_agree=True upper=2112.44562692  CERT
727414242,0,1 RHO mem=True nz=True ynz=True cond=True claim_agree=True upper=0.919365428859  CERT
727414242,0,1 T   mem=True nz=True ynz=True cond=True claim_agree=True upper=2035.70400373  CERT
822405984,0,1 RHO mem=True nz=True ynz=True cond=True claim_agree=True upper=0.949560936218  CERT
822405984,0,1 T   mem=True nz=True ynz=True cond=True claim_agree=True upper=2782.57939534  CERT
829763104,0,1 RHO mem=True nz=True ynz=True cond=True claim_agree=True upper=0.966334006927  CERT
829763104,0,1 T   mem=True nz=True ynz=True cond=True claim_agree=True upper=2233.08269290  CERT
859742686,0,1 RHO mem=True nz=True ynz=True cond=True claim_agree=True upper=0.966334006927  CERT
859742686,0,1 T   mem=True nz=True ynz=True cond=True claim_agree=True upper=2936.65067806  CERT
916328147,0,1 RHO mem=True nz=True ynz=True cond=True claim_agree=True upper=0.965626090414  CERT
916328147,0,1 T   mem=True nz=True ynz=True cond=True claim_agree=True upper=3019.92872636  CERT
924597748,0,1 RHO mem=True nz=True ynz=True cond=True claim_agree=True upper=0.947318201997  CERT
924597748,0,1 T   mem=True nz=True ynz=True cond=True claim_agree=True upper=2861.90246761  CERT
962897157,0,1 RHO mem=True nz=True ynz=True cond=True claim_agree=True upper=0.919365428859  CERT
962897157,0,1 T   mem=True nz=True ynz=True cond=True claim_agree=True upper=2753.15019267  CERT
979813426,0,1 RHO mem=True nz=True ynz=True cond=True claim_agree=True upper=0.924919240955  CERT
979813426,0,1 T   mem=True nz=True ynz=True cond=True claim_agree=True upper=1903.51995447  CERT
985972491,0,1 RHO mem=True nz=True ynz=True cond=True claim_agree=True upper=0.953122895623  CERT
985972491,0,1 T   mem=True nz=True ynz=True cond=True claim_agree=True upper=2800.19909183  CERT
FAMILY VERIFY n=7 l=1000672193 : EXCLUDED (components certified 32 / 32 ; lines 64 ; failed lines 0)
FAMILY VERIFY PASS
