FACTORIZATION: 32 irreducible factors of degree 2 over F_1000715201: OK
3444234,0,1 RHO mem=True nz=True ynz=True cond=True claim_agree=True upper=0.976617049337  CERT
3444234,0,1 T   mem=True nz=True ynz=True cond=True claim_agree=True upper=1974.87185816  CERT
4439108,0,1 RHO mem=True nz=True ynz=True cond=True claim_agree=True upper=0.992690343831  CERT
4439108,0,1 T   mem=True nz=True ynz=True cond=True claim_agree=True upper=2947.06911919  CERT
57320630,0,1 RHO mem=True nz=True ynz=True cond=True claim_agree=True upper=0.968554991229  CERT
57320630,0,1 T   mem=True nz=True ynz=True cond=True claim_agree=True upper=2871.08951683  CERT
66425541,0,1 RHO mem=True nz=True ynz=True cond=True claim_agree=True upper=0.949003881620  CERT
66425541,0,1 T   mem=True nz=True ynz=True cond=True claim_agree=True upper=2119.24371713  CERT
84450539,0,1 RHO mem=True nz=True ynz=True cond=True claim_agree=True upper=0.956195248029  CERT
84450539,0,1 T   mem=True nz=True ynz=True cond=True claim_agree=True upper=2642.41642928  CERT
135169175,0,1 RHO mem=True nz=True ynz=True cond=True claim_agree=True upper=0.941367678697  CERT
135169175,0,1 T   mem=True nz=True ynz=True cond=True claim_agree=True upper=2259.71284768  CERT
164156708,0,1 RHO mem=True nz=True ynz=True cond=True claim_agree=True upper=0.939887065146  CERT
164156708,0,1 T   mem=True nz=True ynz=True cond=True claim_agree=True upper=2589.02768672  CERT
173850245,0,1 RHO mem=True nz=True ynz=True cond=True claim_agree=True upper=0.956195248029  CERT
173850245,0,1 T   mem=True nz=True ynz=True cond=True claim_agree=True upper=2792.40361199  CERT
245682012,0,1 RHO mem=True nz=True ynz=True cond=True claim_agree=True upper=0.954149547225  CERT
245682012,0,1 T   mem=True nz=True ynz=True cond=True claim_agree=True upper=2210.90640870  CERT
342073563,0,1 RHO mem=True nz=True ynz=True cond=True claim_agree=True upper=0.949003881620  CERT
342073563,0,1 T   mem=True nz=True ynz=True cond=True claim_agree=True upper=3345.60890356  CERT
357255283,0,1 RHO mem=True nz=True ynz=True cond=True claim_agree=True upper=0.924582646987  CERT
357255283,0,1 T   mem=True nz=True ynz=True cond=True claim_agree=True upper=2342.91335289  CERT
368087961,0,1 RHO mem=True nz=True ynz=True cond=True claim_agree=True upper=0.935544985734  CERT
368087961,0,1 T   mem=True nz=True ynz=True cond=True claim_agree=True upper=2604.78071928  CERT
373121295,0,1 RHO mem=True nz=True ynz=True cond=True claim_agree=True upper=0.976459599025  CERT
373121295,0,1 T   mem=True nz=True ynz=True cond=True claim_agree=True upper=3160.59393327  CERT
385842637,0,1 RHO mem=True nz=True ynz=True cond=True claim_agree=True upper=0.933412910211  CERT
385842637,0,1 T   mem=True nz=True ynz=True cond=True claim_agree=True upper=2995.86891826  CERT
411623892,0,1 RHO mem=True nz=True ynz=True cond=True claim_agree=True upper=0.953055947336  CERT
411623892,0,1 T   mem=True nz=True ynz=True cond=True claim_agree=True upper=2395.22193145  CERT
435794315,0,1 RHO mem=True nz=True ynz=True cond=True claim_agree=True upper=0.933412910211  CERT
435794315,0,1 T   mem=True nz=True ynz=True cond=True claim_agree=True upper=2344.88061035  CERT
564920886,0,1 RHO mem=True nz=True ynz=True cond=True claim_agree=True upper=0.959095985699  CERT
564920886,0,1 T   mem=True nz=True ynz=True cond=True claim_agree=True upper=2950.28695970  CERT
589091309,0,1 RHO mem=True nz=True ynz=True cond=True claim_agree=True upper=0.992690343831  CERT
589091309,0,1 T   mem=True nz=True ynz=True cond=True claim_agree=True upper=3205.50216233  CERT
614872564,0,1 RHO mem=True nz=True ynz=True cond=True claim_agree=True upper=0.959095985699  CERT
614872564,0,1 T   mem=True nz=True ynz=True cond=True claim_agree=True upper=3553.38947689  CERT
627593906,0,1 RHO mem=True nz=True ynz=True cond=True claim_agree=True upper=0.924582646987  CERT
627593906,0,1 T   mem=True nz=True ynz=True cond=True claim_agree=True upper=2638.72769209  CERT
632627240,0,1 RHO mem=True nz=True ynz=True cond=True claim_agree=True upper=0.976617049337  CERT
632627240,0,1 T   mem=True nz=True ynz=True cond=True claim_agree=True upper=2903.98190628  CERT
643459918,0,1 RHO mem=True nz=True ynz=True cond=True claim_agree=True upper=0.976459599025  CERT
643459918,0,1 T   mem=True nz=True ynz=True cond=True claim_agree=True upper=2582.56104606  CERT
658641638,0,1 RHO mem=True nz=True ynz=True cond=True claim_agree=True upper=0.935166957695  CERT
658641638,0,1 T   mem=True nz=True ynz=True cond=True claim_agree=True upper=2315.01878843  CERT
755033189,0,1 RHO mem=True nz=True ynz=True cond=True claim_agree=True upper=0.941367678697  CERT
755033189,0,1 T   mem=True nz=True ynz=True cond=True claim_agree=True upper=2248.58532789  CERT
826864956,0,1 RHO mem=True nz=True ynz=True cond=True claim_agree=True upper=0.956862318347  CERT
826864956,0,1 T   mem=True nz=True ynz=True cond=True claim_agree=True upper=2014.27155972  CERT
836558493,0,1 RHO mem=True nz=True ynz=True cond=True claim_agree=True upper=0.968554991229  CERT
836558493,0,1 T   mem=True nz=True ynz=True cond=True claim_agree=True upper=2420.82336823  CERT
865546026,0,1 RHO mem=True nz=True ynz=True cond=True claim_agree=True upper=0.954149547225  CERT
865546026,0,1 T   mem=True nz=True ynz=True cond=True claim_agree=True upper=2967.13453864  CERT
916264662,0,1 RHO mem=True nz=True ynz=True cond=True claim_agree=True upper=0.956862318347  CERT
916264662,0,1 T   mem=True nz=True ynz=True cond=True claim_agree=True upper=3061.85369221  CERT
934289660,0,1 RHO mem=True nz=True ynz=True cond=True claim_agree=True upper=0.935166957695  CERT
934289660,0,1 T   mem=True nz=True ynz=True cond=True claim_agree=True upper=3313.26124697  CERT
943394571,0,1 RHO mem=True nz=True ynz=True cond=True claim_agree=True upper=0.939887065146  CERT
943394571,0,1 T   mem=True nz=True ynz=True cond=True claim_agree=True upper=3113.73730612  CERT
996276093,0,1 RHO mem=True nz=True ynz=True cond=True claim_agree=True upper=0.953055947336  CERT
996276093,0,1 T   mem=True nz=True ynz=True cond=True claim_agree=True upper=2425.23640729  CERT
997270967,0,1 RHO mem=True nz=True ynz=True cond=True claim_agree=True upper=0.935544985734  CERT
997270967,0,1 T   mem=True nz=True ynz=True cond=True claim_agree=True upper=2570.49613363  CERT
FAMILY VERIFY n=7 l=1000715201 : EXCLUDED (components certified 32 / 32 ; lines 64 ; failed lines 0)
FAMILY VERIFY PASS
