FACTORIZATION: 32 irreducible factors of degree 2 over F_1001043649: OK
8772785,0,1 RHO mem=True nz=True ynz=True cond=True claim_agree=True upper=0.966517764361  CERT
8772785,0,1 T   mem=True nz=True ynz=True cond=True claim_agree=True upper=2563.06214269  CERT
45673404,0,1 RHO mem=True nz=True ynz=True cond=True claim_agree=True upper=0.967232680291  CERT
45673404,0,1 T   mem=True nz=True ynz=True cond=True claim_agree=True upper=2436.95395400  CERT
58711602,0,1 RHO mem=True nz=True ynz=True cond=True claim_agree=True upper=0.953461039778  CERT
58711602,0,1 T   mem=True nz=True ynz=True cond=True claim_agree=True upper=2818.70739931  CERT
85955658,0,1 RHO mem=True nz=True ynz=True cond=True claim_agree=True upper=0.929028694320  CERT
85955658,0,1 T   mem=True nz=True ynz=True cond=True claim_agree=True upper=2091.50552167  CERT
92145663,0,1 RHO mem=True nz=True ynz=True cond=True claim_agree=True upper=0.976052008626  CERT
92145663,0,1 T   mem=True nz=True ynz=True cond=True claim_agree=True upper=2681.41790448  CERT
111352760,0,1 RHO mem=True nz=True ynz=True cond=True claim_agree=True upper=0.943607509334  CERT
111352760,0,1 T   mem=True nz=True ynz=True cond=True claim_agree=True upper=2298.12752725  CERT
122935923,0,1 RHO mem=True nz=True ynz=True cond=True claim_agree=True upper=0.985080947110  CERT
122935923,0,1 T   mem=True nz=True ynz=True cond=True claim_agree=True upper=2483.86328206  CERT
147588921,0,1 RHO mem=True nz=True ynz=True cond=True claim_agree=True upper=0.966517764361  CERT
147588921,0,1 T   mem=True nz=True ynz=True cond=True claim_agree=True upper=2676.39251551  CERT
257888310,0,1 RHO mem=True nz=True ynz=True cond=True claim_agree=True upper=0.954963085162  CERT
257888310,0,1 T   mem=True nz=True ynz=True cond=True claim_agree=True upper=2001.93306711  CERT
264205278,0,1 RHO mem=True nz=True ynz=True cond=True claim_agree=True upper=0.985080947110  CERT
264205278,0,1 T   mem=True nz=True ynz=True cond=True claim_agree=True upper=2865.02116365  CERT
364333225,0,1 RHO mem=True nz=True ynz=True cond=True claim_agree=True upper=0.976052008626  CERT
364333225,0,1 T   mem=True nz=True ynz=True cond=True claim_agree=True upper=2459.80814764  CERT
367087128,0,1 RHO mem=True nz=True ynz=True cond=True claim_agree=True upper=0.967232680291  CERT
367087128,0,1 T   mem=True nz=True ynz=True cond=True claim_agree=True upper=2870.79037798  CERT
429736272,0,1 RHO mem=True nz=True ynz=True cond=True claim_agree=True upper=0.943607509334  CERT
429736272,0,1 T   mem=True nz=True ynz=True cond=True claim_agree=True upper=2384.56189286  CERT
449633662,0,1 RHO mem=True nz=True ynz=True cond=True claim_agree=True upper=0.930097974474  CERT
449633662,0,1 T   mem=True nz=True ynz=True cond=True claim_agree=True upper=2712.17222797  CERT
491184385,0,1 RHO mem=True nz=True ynz=True cond=True claim_agree=True upper=0.930097974474  CERT
491184385,0,1 T   mem=True nz=True ynz=True cond=True claim_agree=True upper=1889.78206987  CERT
494700781,0,1 RHO mem=True nz=True ynz=True cond=True claim_agree=True upper=0.954963085162  CERT
494700781,0,1 T   mem=True nz=True ynz=True cond=True claim_agree=True upper=2256.09412673  CERT
506342868,0,1 RHO mem=True nz=True ynz=True cond=True claim_agree=True upper=0.947467746542  CERT
506342868,0,1 T   mem=True nz=True ynz=True cond=True claim_agree=True upper=2080.23513184  CERT
509859264,0,1 RHO mem=True nz=True ynz=True cond=True claim_agree=True upper=0.977652102143  CERT
509859264,0,1 T   mem=True nz=True ynz=True cond=True claim_agree=True upper=2560.80087129  CERT
551409987,0,1 RHO mem=True nz=True ynz=True cond=True claim_agree=True upper=0.977652102143  CERT
551409987,0,1 T   mem=True nz=True ynz=True cond=True claim_agree=True upper=2394.66567220  CERT
571307377,0,1 RHO mem=True nz=True ynz=True cond=True claim_agree=True upper=0.946565731233  CERT
571307377,0,1 T   mem=True nz=True ynz=True cond=True claim_agree=True upper=2519.51262169  CERT
633956521,0,1 RHO mem=True nz=True ynz=True cond=True claim_agree=True upper=0.945100077111  CERT
633956521,0,1 T   mem=True nz=True ynz=True cond=True claim_agree=True upper=2557.76081596  CERT
636710424,0,1 RHO mem=True nz=True ynz=True cond=True claim_agree=True upper=0.961629377914  CERT
636710424,0,1 T   mem=True nz=True ynz=True cond=True claim_agree=True upper=2154.08082510  CERT
736838371,0,1 RHO mem=True nz=True ynz=True cond=True claim_agree=True upper=0.963467982966  CERT
736838371,0,1 T   mem=True nz=True ynz=True cond=True claim_agree=True upper=2629.08809072  CERT
743155339,0,1 RHO mem=True nz=True ynz=True cond=True claim_agree=True upper=0.947467746542  CERT
743155339,0,1 T   mem=True nz=True ynz=True cond=True claim_agree=True upper=1891.40764626  CERT
853454728,0,1 RHO mem=True nz=True ynz=True cond=True claim_agree=True upper=0.942689687678  CERT
853454728,0,1 T   mem=True nz=True ynz=True cond=True claim_agree=True upper=1792.39877558  CERT
878107726,0,1 RHO mem=True nz=True ynz=True cond=True claim_agree=True upper=0.963467982966  CERT
878107726,0,1 T   mem=True nz=True ynz=True cond=True claim_agree=True upper=1893.82380382  CERT
889690889,0,1 RHO mem=True nz=True ynz=True cond=True claim_agree=True upper=0.946565731233  CERT
889690889,0,1 T   mem=True nz=True ynz=True cond=True claim_agree=True upper=2355.77771419  CERT
908897986,0,1 RHO mem=True nz=True ynz=True cond=True claim_agree=True upper=0.961629377914  CERT
908897986,0,1 T   mem=True nz=True ynz=True cond=True claim_agree=True upper=2032.30210874  CERT
915087991,0,1 RHO mem=True nz=True ynz=True cond=True claim_agree=True upper=0.953461039778  CERT
915087991,0,1 T   mem=True nz=True ynz=True cond=True claim_agree=True upper=2259.77547555  CERT
942332047,0,1 RHO mem=True nz=True ynz=True cond=True claim_agree=True upper=0.929028694320  CERT
942332047,0,1 T   mem=True nz=True ynz=True cond=True claim_agree=True upper=2737.92133589  CERT
955370245,0,1 RHO mem=True nz=True ynz=True cond=True claim_agree=True upper=0.945100077111  CERT
955370245,0,1 T   mem=True nz=True ynz=True cond=True claim_agree=True upper=2923.03841314  CERT
992270864,0,1 RHO mem=True nz=True ynz=True cond=True claim_agree=True upper=0.942689687678  CERT
992270864,0,1 T   mem=True nz=True ynz=True cond=True claim_agree=True upper=2468.17293660  CERT
FAMILY VERIFY n=7 l=1001043649 : EXCLUDED (components certified 32 / 32 ; lines 64 ; failed lines 0)
FAMILY VERIFY PASS
