FACTORIZATION: 32 irreducible factors of degree 2 over F_1000833601: OK
19729309,0,1 RHO mem=True nz=True ynz=True cond=True claim_agree=True upper=0.922011003085  CERT
19729309,0,1 T   mem=True nz=True ynz=True cond=True claim_agree=True upper=2132.05383962  CERT
111950185,0,1 RHO mem=True nz=True ynz=True cond=True claim_agree=True upper=0.918053807768  CERT
111950185,0,1 T   mem=True nz=True ynz=True cond=True claim_agree=True upper=2303.15296498  CERT
173937666,0,1 RHO mem=True nz=True ynz=True cond=True claim_agree=True upper=0.914454480779  CERT
173937666,0,1 T   mem=True nz=True ynz=True cond=True claim_agree=True upper=2339.92317779  CERT
186374975,0,1 RHO mem=True nz=True ynz=True cond=True claim_agree=True upper=0.903096030556  CERT
186374975,0,1 T   mem=True nz=True ynz=True cond=True claim_agree=True upper=2237.86815226  CERT
193147291,0,1 RHO mem=True nz=True ynz=True cond=True claim_agree=True upper=0.939197572697  CERT
193147291,0,1 T   mem=True nz=True ynz=True cond=True claim_agree=True upper=2791.17505973  CERT
226968770,0,1 RHO mem=True nz=True ynz=True cond=True claim_agree=True upper=0.900777372115  CERT
226968770,0,1 T   mem=True nz=True ynz=True cond=True claim_agree=True upper=1929.78205128  CERT
254990312,0,1 RHO mem=True nz=True ynz=True cond=True claim_agree=True upper=0.914181304594  CERT
254990312,0,1 T   mem=True nz=True ynz=True cond=True claim_agree=True upper=1750.41295088  CERT
279556119,0,1 RHO mem=True nz=True ynz=True cond=True claim_agree=True upper=0.919381911993  CERT
279556119,0,1 T   mem=True nz=True ynz=True cond=True claim_agree=True upper=2482.25676056  CERT
292848196,0,1 RHO mem=True nz=True ynz=True cond=True claim_agree=True upper=0.941804740103  CERT
292848196,0,1 T   mem=True nz=True ynz=True cond=True claim_agree=True upper=1884.91323535  CERT
312290637,0,1 RHO mem=True nz=True ynz=True cond=True claim_agree=True upper=0.929478233366  CERT
312290637,0,1 T   mem=True nz=True ynz=True cond=True claim_agree=True upper=1920.72562140  CERT
334122632,0,1 RHO mem=True nz=True ynz=True cond=True claim_agree=True upper=0.900777372115  CERT
334122632,0,1 T   mem=True nz=True ynz=True cond=True claim_agree=True upper=1981.05653006  CERT
370771350,0,1 RHO mem=True nz=True ynz=True cond=True claim_agree=True upper=0.918053807768  CERT
370771350,0,1 T   mem=True nz=True ynz=True cond=True claim_agree=True upper=2663.24672969  CERT
379699029,0,1 RHO mem=True nz=True ynz=True cond=True claim_agree=True upper=0.922011003085  CERT
379699029,0,1 T   mem=True nz=True ynz=True cond=True claim_agree=True upper=1989.96837046  CERT
432833049,0,1 RHO mem=True nz=True ynz=True cond=True claim_agree=True upper=0.941804740103  CERT
432833049,0,1 T   mem=True nz=True ynz=True cond=True claim_agree=True upper=2734.32506370  CERT
432902941,0,1 RHO mem=True nz=True ynz=True cond=True claim_agree=True upper=0.903096030556  CERT
432902941,0,1 T   mem=True nz=True ynz=True cond=True claim_agree=True upper=1692.21841598  CERT
460747565,0,1 RHO mem=True nz=True ynz=True cond=True claim_agree=True upper=0.929008648816  CERT
460747565,0,1 T   mem=True nz=True ynz=True cond=True claim_agree=True upper=2334.40104273  CERT
540086036,0,1 RHO mem=True nz=True ynz=True cond=True claim_agree=True upper=0.929478233366  CERT
540086036,0,1 T   mem=True nz=True ynz=True cond=True claim_agree=True upper=3318.39512875  CERT
567930660,0,1 RHO mem=True nz=True ynz=True cond=True claim_agree=True upper=0.931974259322  CERT
567930660,0,1 T   mem=True nz=True ynz=True cond=True claim_agree=True upper=2544.24100032  CERT
568000552,0,1 RHO mem=True nz=True ynz=True cond=True claim_agree=True upper=0.869211481167  CERT
568000552,0,1 T   mem=True nz=True ynz=True cond=True claim_agree=True upper=3045.94601988  CERT
621134572,0,1 RHO mem=True nz=True ynz=True cond=True claim_agree=True upper=0.912179130510  CERT
621134572,0,1 T   mem=True nz=True ynz=True cond=True claim_agree=True upper=1845.86481470  CERT
630062251,0,1 RHO mem=True nz=True ynz=True cond=True claim_agree=True upper=0.906092882997  CERT
630062251,0,1 T   mem=True nz=True ynz=True cond=True claim_agree=True upper=2584.84102772  CERT
666710969,0,1 RHO mem=True nz=True ynz=True cond=True claim_agree=True upper=0.933294832679  CERT
666710969,0,1 T   mem=True nz=True ynz=True cond=True claim_agree=True upper=2157.89101370  CERT
688542964,0,1 RHO mem=True nz=True ynz=True cond=True claim_agree=True upper=0.929008648816  CERT
688542964,0,1 T   mem=True nz=True ynz=True cond=True claim_agree=True upper=3294.41087004  CERT
707985405,0,1 RHO mem=True nz=True ynz=True cond=True claim_agree=True upper=0.869211481167  CERT
707985405,0,1 T   mem=True nz=True ynz=True cond=True claim_agree=True upper=1694.50985470  CERT
721277482,0,1 RHO mem=True nz=True ynz=True cond=True claim_agree=True upper=0.914181304594  CERT
721277482,0,1 T   mem=True nz=True ynz=True cond=True claim_agree=True upper=2293.46930180  CERT
745843289,0,1 RHO mem=True nz=True ynz=True cond=True claim_agree=True upper=0.919381911993  CERT
745843289,0,1 T   mem=True nz=True ynz=True cond=True claim_agree=True upper=1982.18445867  CERT
773864831,0,1 RHO mem=True nz=True ynz=True cond=True claim_agree=True upper=0.933294832679  CERT
773864831,0,1 T   mem=True nz=True ynz=True cond=True claim_agree=True upper=1769.13971889  CERT
807686310,0,1 RHO mem=True nz=True ynz=True cond=True claim_agree=True upper=0.914454480779  CERT
807686310,0,1 T   mem=True nz=True ynz=True cond=True claim_agree=True upper=2534.31993958  CERT
814458626,0,1 RHO mem=True nz=True ynz=True cond=True claim_agree=True upper=0.931974259322  CERT
814458626,0,1 T   mem=True nz=True ynz=True cond=True claim_agree=True upper=2918.91414530  CERT
826895935,0,1 RHO mem=True nz=True ynz=True cond=True claim_agree=True upper=0.939197572697  CERT
826895935,0,1 T   mem=True nz=True ynz=True cond=True claim_agree=True upper=1715.95559752  CERT
888883416,0,1 RHO mem=True nz=True ynz=True cond=True claim_agree=True upper=0.906092882997  CERT
888883416,0,1 T   mem=True nz=True ynz=True cond=True claim_agree=True upper=1713.33520826  CERT
981104292,0,1 RHO mem=True nz=True ynz=True cond=True claim_agree=True upper=0.912179130510  CERT
981104292,0,1 T   mem=True nz=True ynz=True cond=True claim_agree=True upper=1871.29761220  CERT
FAMILY VERIFY n=7 l=1000833601 : EXCLUDED (components certified 32 / 32 ; lines 64 ; failed lines 0)
FAMILY VERIFY PASS
