FACTORIZATION: 32 irreducible factors of degree 2 over F_1000740289: OK
7221823,0,1 RHO mem=True nz=True ynz=True cond=True claim_agree=True upper=0.879715814552  CERT
7221823,0,1 T   mem=True nz=True ynz=True cond=True claim_agree=True upper=2169.04042485  CERT
64158909,0,1 RHO mem=True nz=True ynz=True cond=True claim_agree=True upper=0.896705551047  CERT
64158909,0,1 T   mem=True nz=True ynz=True cond=True claim_agree=True upper=2134.56782856  CERT
84746271,0,1 RHO mem=True nz=True ynz=True cond=True claim_agree=True upper=0.829411870044  CERT
84746271,0,1 T   mem=True nz=True ynz=True cond=True claim_agree=True upper=1521.33933578  CERT
110348391,0,1 RHO mem=True nz=True ynz=True cond=True claim_agree=True upper=0.837329194429  CERT
110348391,0,1 T   mem=True nz=True ynz=True cond=True claim_agree=True upper=1893.16856876  CERT
125417057,0,1 RHO mem=True nz=True ynz=True cond=True claim_agree=True upper=0.846023603155  CERT
125417057,0,1 T   mem=True nz=True ynz=True cond=True claim_agree=True upper=2011.73623190  CERT
201473210,0,1 RHO mem=True nz=True ynz=True cond=True claim_agree=True upper=0.849593728933  CERT
201473210,0,1 T   mem=True nz=True ynz=True cond=True claim_agree=True upper=1852.21153801  CERT
224680131,0,1 RHO mem=True nz=True ynz=True cond=True claim_agree=True upper=0.892534520496  CERT
224680131,0,1 T   mem=True nz=True ynz=True cond=True claim_agree=True upper=2474.90362741  CERT
233119072,0,1 RHO mem=True nz=True ynz=True cond=True claim_agree=True upper=0.873501188315  CERT
233119072,0,1 T   mem=True nz=True ynz=True cond=True claim_agree=True upper=2493.24463311  CERT
233939810,0,1 RHO mem=True nz=True ynz=True cond=True claim_agree=True upper=0.843865276576  CERT
233939810,0,1 T   mem=True nz=True ynz=True cond=True claim_agree=True upper=2222.39118743  CERT
273808855,0,1 RHO mem=True nz=True ynz=True cond=True claim_agree=True upper=0.849593728933  CERT
273808855,0,1 T   mem=True nz=True ynz=True cond=True claim_agree=True upper=1723.22464550  CERT
290596356,0,1 RHO mem=True nz=True ynz=True cond=True claim_agree=True upper=0.879715814552  CERT
290596356,0,1 T   mem=True nz=True ynz=True cond=True claim_agree=True upper=1847.41850368  CERT
295524345,0,1 RHO mem=True nz=True ynz=True cond=True claim_agree=True upper=0.846023603155  CERT
295524345,0,1 T   mem=True nz=True ynz=True cond=True claim_agree=True upper=1486.24792478  CERT
311353722,0,1 RHO mem=True nz=True ynz=True cond=True claim_agree=True upper=0.897117881258  CERT
311353722,0,1 T   mem=True nz=True ynz=True cond=True claim_agree=True upper=2975.73486006  CERT
320971791,0,1 RHO mem=True nz=True ynz=True cond=True claim_agree=True upper=0.837329194429  CERT
320971791,0,1 T   mem=True nz=True ynz=True cond=True claim_agree=True upper=1449.77284442  CERT
408890172,0,1 RHO mem=True nz=True ynz=True cond=True claim_agree=True upper=0.810957139184  CERT
408890172,0,1 T   mem=True nz=True ynz=True cond=True claim_agree=True upper=1766.53152349  CERT
455571862,0,1 RHO mem=True nz=True ynz=True cond=True claim_agree=True upper=0.897117881258  CERT
455571862,0,1 T   mem=True nz=True ynz=True cond=True claim_agree=True upper=2595.17589786  CERT
545168427,0,1 RHO mem=True nz=True ynz=True cond=True claim_agree=True upper=0.826451984738  CERT
545168427,0,1 T   mem=True nz=True ynz=True cond=True claim_agree=True upper=1509.03599938  CERT
591850117,0,1 RHO mem=True nz=True ynz=True cond=True claim_agree=True upper=0.896705551047  CERT
591850117,0,1 T   mem=True nz=True ynz=True cond=True claim_agree=True upper=1798.55398123  CERT
679768498,0,1 RHO mem=True nz=True ynz=True cond=True claim_agree=True upper=0.880752828042  CERT
679768498,0,1 T   mem=True nz=True ynz=True cond=True claim_agree=True upper=1804.20643314  CERT
689386567,0,1 RHO mem=True nz=True ynz=True cond=True claim_agree=True upper=0.826451984738  CERT
689386567,0,1 T   mem=True nz=True ynz=True cond=True claim_agree=True upper=1588.86158543  CERT
705215944,0,1 RHO mem=True nz=True ynz=True cond=True claim_agree=True upper=0.865188962292  CERT
705215944,0,1 T   mem=True nz=True ynz=True cond=True claim_agree=True upper=1693.86185358  CERT
710143933,0,1 RHO mem=True nz=True ynz=True cond=True claim_agree=True upper=0.843389753340  CERT
710143933,0,1 T   mem=True nz=True ynz=True cond=True claim_agree=True upper=1788.06560909  CERT
726931434,0,1 RHO mem=True nz=True ynz=True cond=True claim_agree=True upper=0.870654598348  CERT
726931434,0,1 T   mem=True nz=True ynz=True cond=True claim_agree=True upper=2374.77386439  CERT
766800479,0,1 RHO mem=True nz=True ynz=True cond=True claim_agree=True upper=0.873501188315  CERT
766800479,0,1 T   mem=True nz=True ynz=True cond=True claim_agree=True upper=1866.15072770  CERT
767621217,0,1 RHO mem=True nz=True ynz=True cond=True claim_agree=True upper=0.843865276576  CERT
767621217,0,1 T   mem=True nz=True ynz=True cond=True claim_agree=True upper=1455.93688495  CERT
776060158,0,1 RHO mem=True nz=True ynz=True cond=True claim_agree=True upper=0.829411870044  CERT
776060158,0,1 T   mem=True nz=True ynz=True cond=True claim_agree=True upper=1459.01623693  CERT
799267079,0,1 RHO mem=True nz=True ynz=True cond=True claim_agree=True upper=0.870654598348  CERT
799267079,0,1 T   mem=True nz=True ynz=True cond=True claim_agree=True upper=2861.60766538  CERT
875323232,0,1 RHO mem=True nz=True ynz=True cond=True claim_agree=True upper=0.865188962292  CERT
875323232,0,1 T   mem=True nz=True ynz=True cond=True claim_agree=True upper=1877.07042114  CERT
890391898,0,1 RHO mem=True nz=True ynz=True cond=True claim_agree=True upper=0.880752828042  CERT
890391898,0,1 T   mem=True nz=True ynz=True cond=True claim_agree=True upper=1965.26187293  CERT
915994018,0,1 RHO mem=True nz=True ynz=True cond=True claim_agree=True upper=0.892534520496  CERT
915994018,0,1 T   mem=True nz=True ynz=True cond=True claim_agree=True upper=1983.17631250  CERT
936581380,0,1 RHO mem=True nz=True ynz=True cond=True claim_agree=True upper=0.810957139184  CERT
936581380,0,1 T   mem=True nz=True ynz=True cond=True claim_agree=True upper=1328.09333744  CERT
993518466,0,1 RHO mem=True nz=True ynz=True cond=True claim_agree=True upper=0.843389753340  CERT
993518466,0,1 T   mem=True nz=True ynz=True cond=True claim_agree=True upper=2049.96744774  CERT
FAMILY VERIFY n=7 l=1000740289 : EXCLUDED (components certified 32 / 32 ; lines 64 ; failed lines 0)
FAMILY VERIFY PASS
