FACTORIZATION: 32 irreducible factors of degree 2 over F_1000620097: OK
7264392,0,1 RHO mem=True nz=True ynz=True cond=True claim_agree=True upper=0.982858057013  CERT
7264392,0,1 T   mem=True nz=True ynz=True cond=True claim_agree=True upper=2232.54896882  CERT
10845221,0,1 RHO mem=True nz=True ynz=True cond=True claim_agree=True upper=0.927462920761  CERT
10845221,0,1 T   mem=True nz=True ynz=True cond=True claim_agree=True upper=2158.44589257  CERT
24983344,0,1 RHO mem=True nz=True ynz=True cond=True claim_agree=True upper=0.929457119104  CERT
24983344,0,1 T   mem=True nz=True ynz=True cond=True claim_agree=True upper=2494.71537276  CERT
37452801,0,1 RHO mem=True nz=True ynz=True cond=True claim_agree=True upper=0.959592946544  CERT
37452801,0,1 T   mem=True nz=True ynz=True cond=True claim_agree=True upper=3116.17698064  CERT
39831221,0,1 RHO mem=True nz=True ynz=True cond=True claim_agree=True upper=0.943034679040  CERT
39831221,0,1 T   mem=True nz=True ynz=True cond=True claim_agree=True upper=2497.14812756  CERT
62038901,0,1 RHO mem=True nz=True ynz=True cond=True claim_agree=True upper=0.943061684748  CERT
62038901,0,1 T   mem=True nz=True ynz=True cond=True claim_agree=True upper=2552.21234487  CERT
71401910,0,1 RHO mem=True nz=True ynz=True cond=True claim_agree=True upper=0.961001685908  CERT
71401910,0,1 T   mem=True nz=True ynz=True cond=True claim_agree=True upper=3017.97430768  CERT
121224924,0,1 RHO mem=True nz=True ynz=True cond=True claim_agree=True upper=0.986114846258  CERT
121224924,0,1 T   mem=True nz=True ynz=True cond=True claim_agree=True upper=2617.39775703  CERT
146706214,0,1 RHO mem=True nz=True ynz=True cond=True claim_agree=True upper=0.982858057013  CERT
146706214,0,1 T   mem=True nz=True ynz=True cond=True claim_agree=True upper=3290.94751378  CERT
212373143,0,1 RHO mem=True nz=True ynz=True cond=True claim_agree=True upper=0.976107625242  CERT
212373143,0,1 T   mem=True nz=True ynz=True cond=True claim_agree=True upper=2498.55444532  CERT
317852099,0,1 RHO mem=True nz=True ynz=True cond=True claim_agree=True upper=0.953802736928  CERT
317852099,0,1 T   mem=True nz=True ynz=True cond=True claim_agree=True upper=2598.28677533  CERT
382221266,0,1 RHO mem=True nz=True ynz=True cond=True claim_agree=True upper=0.943034679040  CERT
382221266,0,1 T   mem=True nz=True ynz=True cond=True claim_agree=True upper=2298.18275760  CERT
421734332,0,1 RHO mem=True nz=True ynz=True cond=True claim_agree=True upper=0.971831254795  CERT
421734332,0,1 T   mem=True nz=True ynz=True cond=True claim_agree=True upper=2830.10862506  CERT
422677357,0,1 RHO mem=True nz=True ynz=True cond=True claim_agree=True upper=0.972225897202  CERT
422677357,0,1 T   mem=True nz=True ynz=True cond=True claim_agree=True upper=3283.95529113  CERT
427390991,0,1 RHO mem=True nz=True ynz=True cond=True claim_agree=True upper=0.959592946544  CERT
427390991,0,1 T   mem=True nz=True ynz=True cond=True claim_agree=True upper=3477.96838158  CERT
453450997,0,1 RHO mem=True nz=True ynz=True cond=True claim_agree=True upper=0.943061684748  CERT
453450997,0,1 T   mem=True nz=True ynz=True cond=True claim_agree=True upper=2568.32374416  CERT
547169100,0,1 RHO mem=True nz=True ynz=True cond=True claim_agree=True upper=0.989306158474  CERT
547169100,0,1 T   mem=True nz=True ynz=True cond=True claim_agree=True upper=2974.15385906  CERT
573229106,0,1 RHO mem=True nz=True ynz=True cond=True claim_agree=True upper=0.954329411269  CERT
573229106,0,1 T   mem=True nz=True ynz=True cond=True claim_agree=True upper=2476.75290929  CERT
577942740,0,1 RHO mem=True nz=True ynz=True cond=True claim_agree=True upper=0.986114846258  CERT
577942740,0,1 T   mem=True nz=True ynz=True cond=True claim_agree=True upper=2480.75978344  CERT
578885765,0,1 RHO mem=True nz=True ynz=True cond=True claim_agree=True upper=0.976107625242  CERT
578885765,0,1 T   mem=True nz=True ynz=True cond=True claim_agree=True upper=2686.43512516  CERT
618398831,0,1 RHO mem=True nz=True ynz=True cond=True claim_agree=True upper=0.958821448486  CERT
618398831,0,1 T   mem=True nz=True ynz=True cond=True claim_agree=True upper=2392.14696409  CERT
682767998,0,1 RHO mem=True nz=True ynz=True cond=True claim_agree=True upper=0.927462920761  CERT
682767998,0,1 T   mem=True nz=True ynz=True cond=True claim_agree=True upper=2697.32994006  CERT
788246954,0,1 RHO mem=True nz=True ynz=True cond=True claim_agree=True upper=0.971831254795  CERT
788246954,0,1 T   mem=True nz=True ynz=True cond=True claim_agree=True upper=2476.68713171  CERT
853913883,0,1 RHO mem=True nz=True ynz=True cond=True claim_agree=True upper=0.947392253689  CERT
853913883,0,1 T   mem=True nz=True ynz=True cond=True claim_agree=True upper=2415.35481963  CERT
879395173,0,1 RHO mem=True nz=True ynz=True cond=True claim_agree=True upper=0.972225897202  CERT
879395173,0,1 T   mem=True nz=True ynz=True cond=True claim_agree=True upper=2323.85569595  CERT
929218187,0,1 RHO mem=True nz=True ynz=True cond=True claim_agree=True upper=0.929457119104  CERT
929218187,0,1 T   mem=True nz=True ynz=True cond=True claim_agree=True upper=2558.37264485  CERT
938581196,0,1 RHO mem=True nz=True ynz=True cond=True claim_agree=True upper=0.989306158474  CERT
938581196,0,1 T   mem=True nz=True ynz=True cond=True claim_agree=True upper=2559.73958493  CERT
960788876,0,1 RHO mem=True nz=True ynz=True cond=True claim_agree=True upper=0.958821448486  CERT
960788876,0,1 T   mem=True nz=True ynz=True cond=True claim_agree=True upper=2539.65726349  CERT
963167296,0,1 RHO mem=True nz=True ynz=True cond=True claim_agree=True upper=0.954329411269  CERT
963167296,0,1 T   mem=True nz=True ynz=True cond=True claim_agree=True upper=2036.90970027  CERT
975636753,0,1 RHO mem=True nz=True ynz=True cond=True claim_agree=True upper=0.961001685908  CERT
975636753,0,1 T   mem=True nz=True ynz=True cond=True claim_agree=True upper=2150.33944966  CERT
989774876,0,1 RHO mem=True nz=True ynz=True cond=True claim_agree=True upper=0.953802736928  CERT
989774876,0,1 T   mem=True nz=True ynz=True cond=True claim_agree=True upper=2220.37784208  CERT
993355705,0,1 RHO mem=True nz=True ynz=True cond=True claim_agree=True upper=0.947392253689  CERT
993355705,0,1 T   mem=True nz=True ynz=True cond=True claim_agree=True upper=2661.12992301  CERT
FAMILY VERIFY n=7 l=1000620097 : EXCLUDED (components certified 32 / 32 ; lines 64 ; failed lines 0)
FAMILY VERIFY PASS
