FACTORIZATION: 32 irreducible factors of degree 2 over F_1001148097: OK
2235522,0,1 RHO mem=True nz=True ynz=True cond=True claim_agree=True upper=0.798455947664  CERT
2235522,0,1 T   mem=True nz=True ynz=True cond=True claim_agree=True upper=1241.89063310  CERT
32167181,0,1 RHO mem=True nz=True ynz=True cond=True claim_agree=True upper=0.825699325056  CERT
32167181,0,1 T   mem=True nz=True ynz=True cond=True claim_agree=True upper=1840.15871193  CERT
37066490,0,1 RHO mem=True nz=True ynz=True cond=True claim_agree=True upper=0.881057108963  CERT
37066490,0,1 T   mem=True nz=True ynz=True cond=True claim_agree=True upper=1558.01676113  CERT
71369436,0,1 RHO mem=True nz=True ynz=True cond=True claim_agree=True upper=0.802659613315  CERT
71369436,0,1 T   mem=True nz=True ynz=True cond=True claim_agree=True upper=1030.41376426  CERT
80129359,0,1 RHO mem=True nz=True ynz=True cond=True claim_agree=True upper=0.858949747625  CERT
80129359,0,1 T   mem=True nz=True ynz=True cond=True claim_agree=True upper=2261.31340694  CERT
112908517,0,1 RHO mem=True nz=True ynz=True cond=True claim_agree=True upper=0.766202334001  CERT
112908517,0,1 T   mem=True nz=True ynz=True cond=True claim_agree=True upper=1385.36430733  CERT
151341452,0,1 RHO mem=True nz=True ynz=True cond=True claim_agree=True upper=0.857913262266  CERT
151341452,0,1 T   mem=True nz=True ynz=True cond=True claim_agree=True upper=1952.00754097  CERT
184312765,0,1 RHO mem=True nz=True ynz=True cond=True claim_agree=True upper=0.780216160641  CERT
184312765,0,1 T   mem=True nz=True ynz=True cond=True claim_agree=True upper=1140.75690717  CERT
201083449,0,1 RHO mem=True nz=True ynz=True cond=True claim_agree=True upper=0.857720125813  CERT
201083449,0,1 T   mem=True nz=True ynz=True cond=True claim_agree=True upper=1623.79105823  CERT
295448961,0,1 RHO mem=True nz=True ynz=True cond=True claim_agree=True upper=0.821649245965  CERT
295448961,0,1 T   mem=True nz=True ynz=True cond=True claim_agree=True upper=1265.30622097  CERT
306918844,0,1 RHO mem=True nz=True ynz=True cond=True claim_agree=True upper=0.842060201295  CERT
306918844,0,1 T   mem=True nz=True ynz=True cond=True claim_agree=True upper=1561.94793125  CERT
423412806,0,1 RHO mem=True nz=True ynz=True cond=True claim_agree=True upper=0.857720125813  CERT
423412806,0,1 T   mem=True nz=True ynz=True cond=True claim_agree=True upper=2166.45368812  CERT
436328336,0,1 RHO mem=True nz=True ynz=True cond=True claim_agree=True upper=0.798455947664  CERT
436328336,0,1 T   mem=True nz=True ynz=True cond=True claim_agree=True upper=1348.63524084  CERT
470043405,0,1 RHO mem=True nz=True ynz=True cond=True claim_agree=True upper=0.825699325056  CERT
470043405,0,1 T   mem=True nz=True ynz=True cond=True claim_agree=True upper=1273.02970867  CERT
479179862,0,1 RHO mem=True nz=True ynz=True cond=True claim_agree=True upper=0.855553692565  CERT
479179862,0,1 T   mem=True nz=True ynz=True cond=True claim_agree=True upper=1942.21810892  CERT
497845870,0,1 RHO mem=True nz=True ynz=True cond=True claim_agree=True upper=0.803431424954  CERT
497845870,0,1 T   mem=True nz=True ynz=True cond=True claim_agree=True upper=1349.58172323  CERT
503302227,0,1 RHO mem=True nz=True ynz=True cond=True claim_agree=True upper=0.858949747625  CERT
503302227,0,1 T   mem=True nz=True ynz=True cond=True claim_agree=True upper=1155.39134921  CERT
521968235,0,1 RHO mem=True nz=True ynz=True cond=True claim_agree=True upper=0.821649245965  CERT
521968235,0,1 T   mem=True nz=True ynz=True cond=True claim_agree=True upper=1496.91356526  CERT
531104692,0,1 RHO mem=True nz=True ynz=True cond=True claim_agree=True upper=0.840384568261  CERT
531104692,0,1 T   mem=True nz=True ynz=True cond=True claim_agree=True upper=1375.68868650  CERT
564819761,0,1 RHO mem=True nz=True ynz=True cond=True claim_agree=True upper=0.877731334241  CERT
564819761,0,1 T   mem=True nz=True ynz=True cond=True claim_agree=True upper=1821.98426275  CERT
577735291,0,1 RHO mem=True nz=True ynz=True cond=True claim_agree=True upper=0.792742240508  CERT
577735291,0,1 T   mem=True nz=True ynz=True cond=True claim_agree=True upper=2039.38976253  CERT
694229253,0,1 RHO mem=True nz=True ynz=True cond=True claim_agree=True upper=0.802659613315  CERT
694229253,0,1 T   mem=True nz=True ynz=True cond=True claim_agree=True upper=1447.09813283  CERT
705699136,0,1 RHO mem=True nz=True ynz=True cond=True claim_agree=True upper=0.855553692565  CERT
705699136,0,1 T   mem=True nz=True ynz=True cond=True claim_agree=True upper=1641.27030123  CERT
800064648,0,1 RHO mem=True nz=True ynz=True cond=True claim_agree=True upper=0.792742240508  CERT
800064648,0,1 T   mem=True nz=True ynz=True cond=True claim_agree=True upper=1280.25612996  CERT
816835332,0,1 RHO mem=True nz=True ynz=True cond=True claim_agree=True upper=0.857913262266  CERT
816835332,0,1 T   mem=True nz=True ynz=True cond=True claim_agree=True upper=1387.74325648  CERT
849806645,0,1 RHO mem=True nz=True ynz=True cond=True claim_agree=True upper=0.780216160641  CERT
849806645,0,1 T   mem=True nz=True ynz=True cond=True claim_agree=True upper=1420.68384068  CERT
888239580,0,1 RHO mem=True nz=True ynz=True cond=True claim_agree=True upper=0.881057108963  CERT
888239580,0,1 T   mem=True nz=True ynz=True cond=True claim_agree=True upper=2180.85447177  CERT
921018738,0,1 RHO mem=True nz=True ynz=True cond=True claim_agree=True upper=0.803431424954  CERT
921018738,0,1 T   mem=True nz=True ynz=True cond=True claim_agree=True upper=2020.62850824  CERT
929778661,0,1 RHO mem=True nz=True ynz=True cond=True claim_agree=True upper=0.842060201295  CERT
929778661,0,1 T   mem=True nz=True ynz=True cond=True claim_agree=True upper=1529.75088535  CERT
964081607,0,1 RHO mem=True nz=True ynz=True cond=True claim_agree=True upper=0.766202334001  CERT
964081607,0,1 T   mem=True nz=True ynz=True cond=True claim_agree=True upper=971.847165624  CERT
968980916,0,1 RHO mem=True nz=True ynz=True cond=True claim_agree=True upper=0.840384568261  CERT
968980916,0,1 T   mem=True nz=True ynz=True cond=True claim_agree=True upper=1492.52212519  CERT
998912575,0,1 RHO mem=True nz=True ynz=True cond=True claim_agree=True upper=0.877731334241  CERT
998912575,0,1 T   mem=True nz=True ynz=True cond=True claim_agree=True upper=1782.75253822  CERT
FAMILY VERIFY n=7 l=1001148097 : EXCLUDED (components certified 32 / 32 ; lines 64 ; failed lines 0)
FAMILY VERIFY PASS
