FACTORIZATION: 32 irreducible factors of degree 2 over F_1000589377: OK
34846108,0,1 RHO mem=True nz=True ynz=True cond=True claim_agree=True upper=0.912761949120  CERT
34846108,0,1 T   mem=True nz=True ynz=True cond=True claim_agree=True upper=2263.02723426  CERT
71178278,0,1 RHO mem=True nz=True ynz=True cond=True claim_agree=True upper=0.956226848805  CERT
71178278,0,1 T   mem=True nz=True ynz=True cond=True claim_agree=True upper=2655.12684050  CERT
121200419,0,1 RHO mem=True nz=True ynz=True cond=True claim_agree=True upper=0.912382793245  CERT
121200419,0,1 T   mem=True nz=True ynz=True cond=True claim_agree=True upper=2033.86596572  CERT
147464393,0,1 RHO mem=True nz=True ynz=True cond=True claim_agree=True upper=0.900673697735  CERT
147464393,0,1 T   mem=True nz=True ynz=True cond=True claim_agree=True upper=2057.54438437  CERT
156006819,0,1 RHO mem=True nz=True ynz=True cond=True claim_agree=True upper=0.914820755973  CERT
156006819,0,1 T   mem=True nz=True ynz=True cond=True claim_agree=True upper=2574.20543889  CERT
181669285,0,1 RHO mem=True nz=True ynz=True cond=True claim_agree=True upper=0.987357554606  CERT
181669285,0,1 T   mem=True nz=True ynz=True cond=True claim_agree=True upper=2858.10341618  CERT
270724517,0,1 RHO mem=True nz=True ynz=True cond=True claim_agree=True upper=0.967318850971  CERT
270724517,0,1 T   mem=True nz=True ynz=True cond=True claim_agree=True upper=2042.27908117  CERT
276436262,0,1 RHO mem=True nz=True ynz=True cond=True claim_agree=True upper=0.987357554606  CERT
276436262,0,1 T   mem=True nz=True ynz=True cond=True claim_agree=True upper=2426.96968650  CERT
381017231,0,1 RHO mem=True nz=True ynz=True cond=True claim_agree=True upper=0.973441555317  CERT
381017231,0,1 T   mem=True nz=True ynz=True cond=True claim_agree=True upper=2717.18456737  CERT
401332840,0,1 RHO mem=True nz=True ynz=True cond=True claim_agree=True upper=0.907149370236  CERT
401332840,0,1 T   mem=True nz=True ynz=True cond=True claim_agree=True upper=1962.05078736  CERT
422830595,0,1 RHO mem=True nz=True ynz=True cond=True claim_agree=True upper=0.967318850971  CERT
422830595,0,1 T   mem=True nz=True ynz=True cond=True claim_agree=True upper=2420.12147922  CERT
428184418,0,1 RHO mem=True nz=True ynz=True cond=True claim_agree=True upper=0.907149370236  CERT
428184418,0,1 T   mem=True nz=True ynz=True cond=True claim_agree=True upper=1885.65359722  CERT
430804174,0,1 RHO mem=True nz=True ynz=True cond=True claim_agree=True upper=0.936668374453  CERT
430804174,0,1 T   mem=True nz=True ynz=True cond=True claim_agree=True upper=1805.27507401  CERT
436444084,0,1 RHO mem=True nz=True ynz=True cond=True claim_agree=True upper=0.916784185376  CERT
436444084,0,1 T   mem=True nz=True ynz=True cond=True claim_agree=True upper=2351.83777293  CERT
478076943,0,1 RHO mem=True nz=True ynz=True cond=True claim_agree=True upper=0.959908852671  CERT
478076943,0,1 T   mem=True nz=True ynz=True cond=True claim_agree=True upper=1937.18846010  CERT
499979879,0,1 RHO mem=True nz=True ynz=True cond=True claim_agree=True upper=0.959141580399  CERT
499979879,0,1 T   mem=True nz=True ynz=True cond=True claim_agree=True upper=2497.36366125  CERT
500609498,0,1 RHO mem=True nz=True ynz=True cond=True claim_agree=True upper=0.914820755973  CERT
500609498,0,1 T   mem=True nz=True ynz=True cond=True claim_agree=True upper=1713.76774573  CERT
522512434,0,1 RHO mem=True nz=True ynz=True cond=True claim_agree=True upper=0.900673697735  CERT
522512434,0,1 T   mem=True nz=True ynz=True cond=True claim_agree=True upper=2191.20004455  CERT
564145293,0,1 RHO mem=True nz=True ynz=True cond=True claim_agree=True upper=0.973441555317  CERT
564145293,0,1 T   mem=True nz=True ynz=True cond=True claim_agree=True upper=2115.66511906  CERT
569785203,0,1 RHO mem=True nz=True ynz=True cond=True claim_agree=True upper=0.912382793245  CERT
569785203,0,1 T   mem=True nz=True ynz=True cond=True claim_agree=True upper=2229.25055228  CERT
572404959,0,1 RHO mem=True nz=True ynz=True cond=True claim_agree=True upper=0.974943684956  CERT
572404959,0,1 T   mem=True nz=True ynz=True cond=True claim_agree=True upper=2307.49232938  CERT
577758782,0,1 RHO mem=True nz=True ynz=True cond=True claim_agree=True upper=0.929210505673  CERT
577758782,0,1 T   mem=True nz=True ynz=True cond=True claim_agree=True upper=1991.35232881  CERT
599256537,0,1 RHO mem=True nz=True ynz=True cond=True claim_agree=True upper=0.974943684956  CERT
599256537,0,1 T   mem=True nz=True ynz=True cond=True claim_agree=True upper=2215.31290951  CERT
619572146,0,1 RHO mem=True nz=True ynz=True cond=True claim_agree=True upper=0.916784185376  CERT
619572146,0,1 T   mem=True nz=True ynz=True cond=True claim_agree=True upper=2556.59408470  CERT
724153115,0,1 RHO mem=True nz=True ynz=True cond=True claim_agree=True upper=0.913557322348  CERT
724153115,0,1 T   mem=True nz=True ynz=True cond=True claim_agree=True upper=1772.43904124  CERT
729864860,0,1 RHO mem=True nz=True ynz=True cond=True claim_agree=True upper=0.929210505673  CERT
729864860,0,1 T   mem=True nz=True ynz=True cond=True claim_agree=True upper=1903.06093011  CERT
818920092,0,1 RHO mem=True nz=True ynz=True cond=True claim_agree=True upper=0.913557322348  CERT
818920092,0,1 T   mem=True nz=True ynz=True cond=True claim_agree=True upper=1624.57882883  CERT
844582558,0,1 RHO mem=True nz=True ynz=True cond=True claim_agree=True upper=0.959141580399  CERT
844582558,0,1 T   mem=True nz=True ynz=True cond=True claim_agree=True upper=2592.44862975  CERT
853124984,0,1 RHO mem=True nz=True ynz=True cond=True claim_agree=True upper=0.959908852671  CERT
853124984,0,1 T   mem=True nz=True ynz=True cond=True claim_agree=True upper=2181.79370919  CERT
879388958,0,1 RHO mem=True nz=True ynz=True cond=True claim_agree=True upper=0.936668374453  CERT
879388958,0,1 T   mem=True nz=True ynz=True cond=True claim_agree=True upper=2277.65093637  CERT
929411099,0,1 RHO mem=True nz=True ynz=True cond=True claim_agree=True upper=0.912761949120  CERT
929411099,0,1 T   mem=True nz=True ynz=True cond=True claim_agree=True upper=1881.90066617  CERT
965743269,0,1 RHO mem=True nz=True ynz=True cond=True claim_agree=True upper=0.956226848805  CERT
965743269,0,1 T   mem=True nz=True ynz=True cond=True claim_agree=True upper=2706.38533512  CERT
FAMILY VERIFY n=7 l=1000589377 : EXCLUDED (components certified 32 / 32 ; lines 64 ; failed lines 0)
FAMILY VERIFY PASS
