FACTORIZATION: 32 irreducible factors of degree 2 over F_1000169537: OK
43444450,0,1 RHO mem=True nz=True ynz=True cond=True claim_agree=True upper=0.914446504031  CERT
43444450,0,1 T   mem=True nz=True ynz=True cond=True claim_agree=True upper=1622.74084319  CERT
48756543,0,1 RHO mem=True nz=True ynz=True cond=True claim_agree=True upper=0.920267133651  CERT
48756543,0,1 T   mem=True nz=True ynz=True cond=True claim_agree=True upper=2431.81172708  CERT
89657396,0,1 RHO mem=True nz=True ynz=True cond=True claim_agree=True upper=0.923339437459  CERT
89657396,0,1 T   mem=True nz=True ynz=True cond=True claim_agree=True upper=2236.18175765  CERT
93758325,0,1 RHO mem=True nz=True ynz=True cond=True claim_agree=True upper=0.931061815373  CERT
93758325,0,1 T   mem=True nz=True ynz=True cond=True claim_agree=True upper=2200.76617551  CERT
96473959,0,1 RHO mem=True nz=True ynz=True cond=True claim_agree=True upper=0.880538007156  CERT
96473959,0,1 T   mem=True nz=True ynz=True cond=True claim_agree=True upper=1782.24605157  CERT
118310981,0,1 RHO mem=True nz=True ynz=True cond=True claim_agree=True upper=0.908306551319  CERT
118310981,0,1 T   mem=True nz=True ynz=True cond=True claim_agree=True upper=1932.26488100  CERT
180221081,0,1 RHO mem=True nz=True ynz=True cond=True claim_agree=True upper=0.880538007156  CERT
180221081,0,1 T   mem=True nz=True ynz=True cond=True claim_agree=True upper=1878.17562890  CERT
189629971,0,1 RHO mem=True nz=True ynz=True cond=True claim_agree=True upper=0.920481403396  CERT
189629971,0,1 T   mem=True nz=True ynz=True cond=True claim_agree=True upper=2072.31041639  CERT
211420100,0,1 RHO mem=True nz=True ynz=True cond=True claim_agree=True upper=0.866210049448  CERT
211420100,0,1 T   mem=True nz=True ynz=True cond=True claim_agree=True upper=2674.39502400  CERT
261778977,0,1 RHO mem=True nz=True ynz=True cond=True claim_agree=True upper=0.870451503708  CERT
261778977,0,1 T   mem=True nz=True ynz=True cond=True claim_agree=True upper=1751.20058811  CERT
270960441,0,1 RHO mem=True nz=True ynz=True cond=True claim_agree=True upper=0.920094765768  CERT
270960441,0,1 T   mem=True nz=True ynz=True cond=True claim_agree=True upper=2014.23145838  CERT
278797190,0,1 RHO mem=True nz=True ynz=True cond=True claim_agree=True upper=0.905599245585  CERT
278797190,0,1 T   mem=True nz=True ynz=True cond=True claim_agree=True upper=1661.70489668  CERT
326225315,0,1 RHO mem=True nz=True ynz=True cond=True claim_agree=True upper=0.914446504031  CERT
326225315,0,1 T   mem=True nz=True ynz=True cond=True claim_agree=True upper=2259.40730498  CERT
328781943,0,1 RHO mem=True nz=True ynz=True cond=True claim_agree=True upper=0.897487844390  CERT
328781943,0,1 T   mem=True nz=True ynz=True cond=True claim_agree=True upper=1886.36878599  CERT
332579668,0,1 RHO mem=True nz=True ynz=True cond=True claim_agree=True upper=0.898988754403  CERT
332579668,0,1 T   mem=True nz=True ynz=True cond=True claim_agree=True upper=1786.96156633  CERT
380784422,0,1 RHO mem=True nz=True ynz=True cond=True claim_agree=True upper=0.920267133651  CERT
380784422,0,1 T   mem=True nz=True ynz=True cond=True claim_agree=True upper=1764.33632413  CERT
619385115,0,1 RHO mem=True nz=True ynz=True cond=True claim_agree=True upper=0.897773586500  CERT
619385115,0,1 T   mem=True nz=True ynz=True cond=True claim_agree=True upper=2266.32316421  CERT
667589869,0,1 RHO mem=True nz=True ynz=True cond=True claim_agree=True upper=0.908306551319  CERT
667589869,0,1 T   mem=True nz=True ynz=True cond=True claim_agree=True upper=2032.21529028  CERT
671387594,0,1 RHO mem=True nz=True ynz=True cond=True claim_agree=True upper=0.920481403396  CERT
671387594,0,1 T   mem=True nz=True ynz=True cond=True claim_agree=True upper=1673.71975596  CERT
673944222,0,1 RHO mem=True nz=True ynz=True cond=True claim_agree=True upper=0.896739869830  CERT
673944222,0,1 T   mem=True nz=True ynz=True cond=True claim_agree=True upper=2853.21645958  CERT
721372347,0,1 RHO mem=True nz=True ynz=True cond=True claim_agree=True upper=0.923339437459  CERT
721372347,0,1 T   mem=True nz=True ynz=True cond=True claim_agree=True upper=1545.21866047  CERT
729209096,0,1 RHO mem=True nz=True ynz=True cond=True claim_agree=True upper=0.866210049448  CERT
729209096,0,1 T   mem=True nz=True ynz=True cond=True claim_agree=True upper=1745.06680825  CERT
738390560,0,1 RHO mem=True nz=True ynz=True cond=True claim_agree=True upper=0.931061815373  CERT
738390560,0,1 T   mem=True nz=True ynz=True cond=True claim_agree=True upper=1886.92407678  CERT
788749437,0,1 RHO mem=True nz=True ynz=True cond=True claim_agree=True upper=0.920094765768  CERT
788749437,0,1 T   mem=True nz=True ynz=True cond=True claim_agree=True upper=2316.09180686  CERT
810539566,0,1 RHO mem=True nz=True ynz=True cond=True claim_agree=True upper=0.897487844390  CERT
810539566,0,1 T   mem=True nz=True ynz=True cond=True claim_agree=True upper=2717.39565202  CERT
819948456,0,1 RHO mem=True nz=True ynz=True cond=True claim_agree=True upper=0.920441941363  CERT
819948456,0,1 T   mem=True nz=True ynz=True cond=True claim_agree=True upper=2386.40776975  CERT
881858556,0,1 RHO mem=True nz=True ynz=True cond=True claim_agree=True upper=0.898988754403  CERT
881858556,0,1 T   mem=True nz=True ynz=True cond=True claim_agree=True upper=2033.89125521  CERT
903695578,0,1 RHO mem=True nz=True ynz=True cond=True claim_agree=True upper=0.920441941363  CERT
903695578,0,1 T   mem=True nz=True ynz=True cond=True claim_agree=True upper=2198.27802791  CERT
906411212,0,1 RHO mem=True nz=True ynz=True cond=True claim_agree=True upper=0.870451503708  CERT
906411212,0,1 T   mem=True nz=True ynz=True cond=True claim_agree=True upper=2016.85715852  CERT
910512141,0,1 RHO mem=True nz=True ynz=True cond=True claim_agree=True upper=0.905599245585  CERT
910512141,0,1 T   mem=True nz=True ynz=True cond=True claim_agree=True upper=2109.34501622  CERT
951412994,0,1 RHO mem=True nz=True ynz=True cond=True claim_agree=True upper=0.897773586500  CERT
951412994,0,1 T   mem=True nz=True ynz=True cond=True claim_agree=True upper=2188.62681673  CERT
956725087,0,1 RHO mem=True nz=True ynz=True cond=True claim_agree=True upper=0.896739869830  CERT
956725087,0,1 T   mem=True nz=True ynz=True cond=True claim_agree=True upper=2509.86405203  CERT
FAMILY VERIFY n=7 l=1000169537 : EXCLUDED (components certified 32 / 32 ; lines 64 ; failed lines 0)
FAMILY VERIFY PASS
