FACTORIZATION: 32 irreducible factors of degree 2 over F_1000179137: OK
543347,0,1 RHO mem=True nz=True ynz=True cond=True claim_agree=True upper=0.911208313833  CERT
543347,0,1 T   mem=True nz=True ynz=True cond=True claim_agree=True upper=2220.14300794  CERT
11063389,0,1 RHO mem=True nz=True ynz=True cond=True claim_agree=True upper=0.915386114047  CERT
11063389,0,1 T   mem=True nz=True ynz=True cond=True claim_agree=True upper=2207.30765401  CERT
42729240,0,1 RHO mem=True nz=True ynz=True cond=True claim_agree=True upper=0.947241513854  CERT
42729240,0,1 T   mem=True nz=True ynz=True cond=True claim_agree=True upper=2289.02396212  CERT
53909497,0,1 RHO mem=True nz=True ynz=True cond=True claim_agree=True upper=0.918644794849  CERT
53909497,0,1 T   mem=True nz=True ynz=True cond=True claim_agree=True upper=1901.97912524  CERT
149038441,0,1 RHO mem=True nz=True ynz=True cond=True claim_agree=True upper=0.914670259547  CERT
149038441,0,1 T   mem=True nz=True ynz=True cond=True claim_agree=True upper=1800.95680706  CERT
163602117,0,1 RHO mem=True nz=True ynz=True cond=True claim_agree=True upper=0.886557013315  CERT
163602117,0,1 T   mem=True nz=True ynz=True cond=True claim_agree=True upper=2587.66570477  CERT
205163488,0,1 RHO mem=True nz=True ynz=True cond=True claim_agree=True upper=0.911208313833  CERT
205163488,0,1 T   mem=True nz=True ynz=True cond=True claim_agree=True upper=2054.27318130  CERT
247779384,0,1 RHO mem=True nz=True ynz=True cond=True claim_agree=True upper=0.914670259547  CERT
247779384,0,1 T   mem=True nz=True ynz=True cond=True claim_agree=True upper=2292.09527363  CERT
282631561,0,1 RHO mem=True nz=True ynz=True cond=True claim_agree=True upper=0.954489183040  CERT
282631561,0,1 T   mem=True nz=True ynz=True cond=True claim_agree=True upper=2716.07858608  CERT
341528554,0,1 RHO mem=True nz=True ynz=True cond=True claim_agree=True upper=0.950721549047  CERT
341528554,0,1 T   mem=True nz=True ynz=True cond=True claim_agree=True upper=2281.32925805  CERT
385533100,0,1 RHO mem=True nz=True ynz=True cond=True claim_agree=True upper=0.940845206783  CERT
385533100,0,1 T   mem=True nz=True ynz=True cond=True claim_agree=True upper=3022.45630755  CERT
393965538,0,1 RHO mem=True nz=True ynz=True cond=True claim_agree=True upper=0.889385100937  CERT
393965538,0,1 T   mem=True nz=True ynz=True cond=True claim_agree=True upper=2664.39109684  CERT
454893105,0,1 RHO mem=True nz=True ynz=True cond=True claim_agree=True upper=0.914535861043  CERT
454893105,0,1 T   mem=True nz=True ynz=True cond=True claim_agree=True upper=2353.64557610  CERT
459832653,0,1 RHO mem=True nz=True ynz=True cond=True claim_agree=True upper=0.931703274417  CERT
459832653,0,1 T   mem=True nz=True ynz=True cond=True claim_agree=True upper=2735.54490375  CERT
465808156,0,1 RHO mem=True nz=True ynz=True cond=True claim_agree=True upper=0.926185874934  CERT
465808156,0,1 T   mem=True nz=True ynz=True cond=True claim_agree=True upper=2285.96671645  CERT
479956751,0,1 RHO mem=True nz=True ynz=True cond=True claim_agree=True upper=0.954489183040  CERT
479956751,0,1 T   mem=True nz=True ynz=True cond=True claim_agree=True upper=3093.78385227  CERT
520222386,0,1 RHO mem=True nz=True ynz=True cond=True claim_agree=True upper=0.904323023375  CERT
520222386,0,1 T   mem=True nz=True ynz=True cond=True claim_agree=True upper=2207.69022733  CERT
534370981,0,1 RHO mem=True nz=True ynz=True cond=True claim_agree=True upper=0.931703274417  CERT
534370981,0,1 T   mem=True nz=True ynz=True cond=True claim_agree=True upper=2273.43443378  CERT
540346484,0,1 RHO mem=True nz=True ynz=True cond=True claim_agree=True upper=0.926185874934  CERT
540346484,0,1 T   mem=True nz=True ynz=True cond=True claim_agree=True upper=2100.04810440  CERT
545286032,0,1 RHO mem=True nz=True ynz=True cond=True claim_agree=True upper=0.915386114047  CERT
545286032,0,1 T   mem=True nz=True ynz=True cond=True claim_agree=True upper=2374.12894619  CERT
606213599,0,1 RHO mem=True nz=True ynz=True cond=True claim_agree=True upper=0.947241513854  CERT
606213599,0,1 T   mem=True nz=True ynz=True cond=True claim_agree=True upper=2408.10456981  CERT
614646037,0,1 RHO mem=True nz=True ynz=True cond=True claim_agree=True upper=0.918644794849  CERT
614646037,0,1 T   mem=True nz=True ynz=True cond=True claim_agree=True upper=2260.13047204  CERT
658650583,0,1 RHO mem=True nz=True ynz=True cond=True claim_agree=True upper=0.886557013315  CERT
658650583,0,1 T   mem=True nz=True ynz=True cond=True claim_agree=True upper=1658.52530143  CERT
717547576,0,1 RHO mem=True nz=True ynz=True cond=True claim_agree=True upper=0.904323023375  CERT
717547576,0,1 T   mem=True nz=True ynz=True cond=True claim_agree=True upper=2460.85433167  CERT
752399753,0,1 RHO mem=True nz=True ynz=True cond=True claim_agree=True upper=0.928910735949  CERT
752399753,0,1 T   mem=True nz=True ynz=True cond=True claim_agree=True upper=2364.83837007  CERT
795015649,0,1 RHO mem=True nz=True ynz=True cond=True claim_agree=True upper=0.921117985830  CERT
795015649,0,1 T   mem=True nz=True ynz=True cond=True claim_agree=True upper=1721.88382942  CERT
836577020,0,1 RHO mem=True nz=True ynz=True cond=True claim_agree=True upper=0.950721549047  CERT
836577020,0,1 T   mem=True nz=True ynz=True cond=True claim_agree=True upper=2322.46299777  CERT
851140696,0,1 RHO mem=True nz=True ynz=True cond=True claim_agree=True upper=0.928910735949  CERT
851140696,0,1 T   mem=True nz=True ynz=True cond=True claim_agree=True upper=2448.91661723  CERT
946269640,0,1 RHO mem=True nz=True ynz=True cond=True claim_agree=True upper=0.940845206783  CERT
946269640,0,1 T   mem=True nz=True ynz=True cond=True claim_agree=True upper=1900.48294451  CERT
957449897,0,1 RHO mem=True nz=True ynz=True cond=True claim_agree=True upper=0.889385100937  CERT
957449897,0,1 T   mem=True nz=True ynz=True cond=True claim_agree=True upper=2293.99761979  CERT
989115748,0,1 RHO mem=True nz=True ynz=True cond=True claim_agree=True upper=0.914535861043  CERT
989115748,0,1 T   mem=True nz=True ynz=True cond=True claim_agree=True upper=1949.12171798  CERT
999635790,0,1 RHO mem=True nz=True ynz=True cond=True claim_agree=True upper=0.921117985830  CERT
999635790,0,1 T   mem=True nz=True ynz=True cond=True claim_agree=True upper=2473.16178192  CERT
FAMILY VERIFY n=7 l=1000179137 : EXCLUDED (components certified 32 / 32 ; lines 64 ; failed lines 0)
FAMILY VERIFY PASS
