FACTORIZATION: 32 irreducible factors of degree 2 over F_1000325057: OK
2441591,0,1 RHO mem=True nz=True ynz=True cond=True claim_agree=True upper=0.931216112908  CERT
2441591,0,1 T   mem=True nz=True ynz=True cond=True claim_agree=True upper=2466.88213493  CERT
18692537,0,1 RHO mem=True nz=True ynz=True cond=True claim_agree=True upper=0.951919602990  CERT
18692537,0,1 T   mem=True nz=True ynz=True cond=True claim_agree=True upper=2191.53389920  CERT
210945048,0,1 RHO mem=True nz=True ynz=True cond=True claim_agree=True upper=0.954618748859  CERT
210945048,0,1 T   mem=True nz=True ynz=True cond=True claim_agree=True upper=2795.72986051  CERT
236139329,0,1 RHO mem=True nz=True ynz=True cond=True claim_agree=True upper=0.890246266277  CERT
236139329,0,1 T   mem=True nz=True ynz=True cond=True claim_agree=True upper=1605.83243759  CERT
295577775,0,1 RHO mem=True nz=True ynz=True cond=True claim_agree=True upper=0.954618748859  CERT
295577775,0,1 T   mem=True nz=True ynz=True cond=True claim_agree=True upper=2165.62228397  CERT
303233708,0,1 RHO mem=True nz=True ynz=True cond=True claim_agree=True upper=0.925035220057  CERT
303233708,0,1 T   mem=True nz=True ynz=True cond=True claim_agree=True upper=1977.18412625  CERT
304486760,0,1 RHO mem=True nz=True ynz=True cond=True claim_agree=True upper=0.951136515381  CERT
304486760,0,1 T   mem=True nz=True ynz=True cond=True claim_agree=True upper=2315.14692902  CERT
395021432,0,1 RHO mem=True nz=True ynz=True cond=True claim_agree=True upper=0.954161359598  CERT
395021432,0,1 T   mem=True nz=True ynz=True cond=True claim_agree=True upper=2424.61208071  CERT
402098621,0,1 RHO mem=True nz=True ynz=True cond=True claim_agree=True upper=0.890246266277  CERT
402098621,0,1 T   mem=True nz=True ynz=True cond=True claim_agree=True upper=2210.97561580  CERT
408195581,0,1 RHO mem=True nz=True ynz=True cond=True claim_agree=True upper=0.982935915320  CERT
408195581,0,1 T   mem=True nz=True ynz=True cond=True claim_agree=True upper=2743.24710168  CERT
417487274,0,1 RHO mem=True nz=True ynz=True cond=True claim_agree=True upper=0.954161359598  CERT
417487274,0,1 T   mem=True nz=True ynz=True cond=True claim_agree=True upper=2849.74960435  CERT
424294009,0,1 RHO mem=True nz=True ynz=True cond=True claim_agree=True upper=0.951136515381  CERT
424294009,0,1 T   mem=True nz=True ynz=True cond=True claim_agree=True upper=2394.33368314  CERT
424577605,0,1 RHO mem=True nz=True ynz=True cond=True claim_agree=True upper=0.959913703595  CERT
424577605,0,1 T   mem=True nz=True ynz=True cond=True claim_agree=True upper=2117.54205247  CERT
426751800,0,1 RHO mem=True nz=True ynz=True cond=True claim_agree=True upper=0.895775783214  CERT
426751800,0,1 T   mem=True nz=True ynz=True cond=True claim_agree=True upper=1749.90295419  CERT
465502179,0,1 RHO mem=True nz=True ynz=True cond=True claim_agree=True upper=0.925035220057  CERT
465502179,0,1 T   mem=True nz=True ynz=True cond=True claim_agree=True upper=2203.80278134  CERT
483628554,0,1 RHO mem=True nz=True ynz=True cond=True claim_agree=True upper=0.948110340279  CERT
483628554,0,1 T   mem=True nz=True ynz=True cond=True claim_agree=True upper=1807.62404312  CERT
516696503,0,1 RHO mem=True nz=True ynz=True cond=True claim_agree=True upper=0.951919602990  CERT
516696503,0,1 T   mem=True nz=True ynz=True cond=True claim_agree=True upper=2229.29647432  CERT
534822878,0,1 RHO mem=True nz=True ynz=True cond=True claim_agree=True upper=0.948595460605  CERT
534822878,0,1 T   mem=True nz=True ynz=True cond=True claim_agree=True upper=2945.61195120  CERT
573573257,0,1 RHO mem=True nz=True ynz=True cond=True claim_agree=True upper=0.982935915320  CERT
573573257,0,1 T   mem=True nz=True ynz=True cond=True claim_agree=True upper=3339.22944462  CERT
575747452,0,1 RHO mem=True nz=True ynz=True cond=True claim_agree=True upper=0.931216112908  CERT
575747452,0,1 T   mem=True nz=True ynz=True cond=True claim_agree=True upper=2779.08454521  CERT
576031048,0,1 RHO mem=True nz=True ynz=True cond=True claim_agree=True upper=0.925567149741  CERT
576031048,0,1 T   mem=True nz=True ynz=True cond=True claim_agree=True upper=3246.39671215  CERT
582837783,0,1 RHO mem=True nz=True ynz=True cond=True claim_agree=True upper=0.931674472492  CERT
582837783,0,1 T   mem=True nz=True ynz=True cond=True claim_agree=True upper=1989.39789976  CERT
592129476,0,1 RHO mem=True nz=True ynz=True cond=True claim_agree=True upper=0.895775783214  CERT
592129476,0,1 T   mem=True nz=True ynz=True cond=True claim_agree=True upper=1803.93593939  CERT
598226436,0,1 RHO mem=True nz=True ynz=True cond=True claim_agree=True upper=0.946104023627  CERT
598226436,0,1 T   mem=True nz=True ynz=True cond=True claim_agree=True upper=2133.53770670  CERT
605303625,0,1 RHO mem=True nz=True ynz=True cond=True claim_agree=True upper=0.931674472492  CERT
605303625,0,1 T   mem=True nz=True ynz=True cond=True claim_agree=True upper=1730.29229496  CERT
695838297,0,1 RHO mem=True nz=True ynz=True cond=True claim_agree=True upper=0.925567149741  CERT
695838297,0,1 T   mem=True nz=True ynz=True cond=True claim_agree=True upper=2160.64460218  CERT
697091349,0,1 RHO mem=True nz=True ynz=True cond=True claim_agree=True upper=0.948595460605  CERT
697091349,0,1 T   mem=True nz=True ynz=True cond=True claim_agree=True upper=2262.79391201  CERT
704747282,0,1 RHO mem=True nz=True ynz=True cond=True claim_agree=True upper=0.932505644889  CERT
704747282,0,1 T   mem=True nz=True ynz=True cond=True claim_agree=True upper=2275.05525008  CERT
764185728,0,1 RHO mem=True nz=True ynz=True cond=True claim_agree=True upper=0.946104023627  CERT
764185728,0,1 T   mem=True nz=True ynz=True cond=True claim_agree=True upper=2536.55427976  CERT
789380009,0,1 RHO mem=True nz=True ynz=True cond=True claim_agree=True upper=0.932505644889  CERT
789380009,0,1 T   mem=True nz=True ynz=True cond=True claim_agree=True upper=1698.39046645  CERT
981632520,0,1 RHO mem=True nz=True ynz=True cond=True claim_agree=True upper=0.948110340279  CERT
981632520,0,1 T   mem=True nz=True ynz=True cond=True claim_agree=True upper=1986.38396996  CERT
997883466,0,1 RHO mem=True nz=True ynz=True cond=True claim_agree=True upper=0.959913703595  CERT
997883466,0,1 T   mem=True nz=True ynz=True cond=True claim_agree=True upper=2533.54912005  CERT
FAMILY VERIFY n=7 l=1000325057 : EXCLUDED (components certified 32 / 32 ; lines 64 ; failed lines 0)
FAMILY VERIFY PASS
