FACTORIZATION: 32 irreducible factors of degree 2 over F_1000003009: OK
5246273,0,1 RHO mem=True nz=True ynz=True cond=True claim_agree=True upper=0.948290281567  CERT
5246273,0,1 T   mem=True nz=True ynz=True cond=True claim_agree=True upper=2557.72197869  CERT
118527000,0,1 RHO mem=True nz=True ynz=True cond=True claim_agree=True upper=0.911879106242  CERT
118527000,0,1 T   mem=True nz=True ynz=True cond=True claim_agree=True upper=1913.23028187  CERT
124648400,0,1 RHO mem=True nz=True ynz=True cond=True claim_agree=True upper=0.921258454239  CERT
124648400,0,1 T   mem=True nz=True ynz=True cond=True claim_agree=True upper=2112.65128121  CERT
160891594,0,1 RHO mem=True nz=True ynz=True cond=True claim_agree=True upper=0.976867131509  CERT
160891594,0,1 T   mem=True nz=True ynz=True cond=True claim_agree=True upper=2780.44033750  CERT
180985304,0,1 RHO mem=True nz=True ynz=True cond=True claim_agree=True upper=0.960771712213  CERT
180985304,0,1 T   mem=True nz=True ynz=True cond=True claim_agree=True upper=2668.33020380  CERT
183652833,0,1 RHO mem=True nz=True ynz=True cond=True claim_agree=True upper=0.925113037744  CERT
183652833,0,1 T   mem=True nz=True ynz=True cond=True claim_agree=True upper=2390.64471584  CERT
184389899,0,1 RHO mem=True nz=True ynz=True cond=True claim_agree=True upper=0.959657234748  CERT
184389899,0,1 T   mem=True nz=True ynz=True cond=True claim_agree=True upper=2093.85897339  CERT
189631935,0,1 RHO mem=True nz=True ynz=True cond=True claim_agree=True upper=0.940806676795  CERT
189631935,0,1 T   mem=True nz=True ynz=True cond=True claim_agree=True upper=2968.93414957  CERT
232086067,0,1 RHO mem=True nz=True ynz=True cond=True claim_agree=True upper=0.920220899274  CERT
232086067,0,1 T   mem=True nz=True ynz=True cond=True claim_agree=True upper=1541.80618422  CERT
260651631,0,1 RHO mem=True nz=True ynz=True cond=True claim_agree=True upper=0.921258454239  CERT
260651631,0,1 T   mem=True nz=True ynz=True cond=True claim_agree=True upper=2833.89443585  CERT
271482166,0,1 RHO mem=True nz=True ynz=True cond=True claim_agree=True upper=0.976867131509  CERT
271482166,0,1 T   mem=True nz=True ynz=True cond=True claim_agree=True upper=3494.86512655  CERT
339469139,0,1 RHO mem=True nz=True ynz=True cond=True claim_agree=True upper=0.940806676795  CERT
339469139,0,1 T   mem=True nz=True ynz=True cond=True claim_agree=True upper=1989.90938490  CERT
342842235,0,1 RHO mem=True nz=True ynz=True cond=True claim_agree=True upper=0.952709853448  CERT
342842235,0,1 T   mem=True nz=True ynz=True cond=True claim_agree=True upper=2088.88792102  CERT
416576055,0,1 RHO mem=True nz=True ynz=True cond=True claim_agree=True upper=0.952709853448  CERT
416576055,0,1 T   mem=True nz=True ynz=True cond=True claim_agree=True upper=2345.31319988  CERT
463754315,0,1 RHO mem=True nz=True ynz=True cond=True claim_agree=True upper=0.941373115738  CERT
463754315,0,1 T   mem=True nz=True ynz=True cond=True claim_agree=True upper=2356.92751879  CERT
492413430,0,1 RHO mem=True nz=True ynz=True cond=True claim_agree=True upper=0.911879106242  CERT
492413430,0,1 T   mem=True nz=True ynz=True cond=True claim_agree=True upper=1570.79580944  CERT
507589579,0,1 RHO mem=True nz=True ynz=True cond=True claim_agree=True upper=0.957241426362  CERT
507589579,0,1 T   mem=True nz=True ynz=True cond=True claim_agree=True upper=2697.64706970  CERT
536248694,0,1 RHO mem=True nz=True ynz=True cond=True claim_agree=True upper=0.959657234748  CERT
536248694,0,1 T   mem=True nz=True ynz=True cond=True claim_agree=True upper=3013.01590863  CERT
583426954,0,1 RHO mem=True nz=True ynz=True cond=True claim_agree=True upper=0.943551515581  CERT
583426954,0,1 T   mem=True nz=True ynz=True cond=True claim_agree=True upper=2711.24774211  CERT
657160774,0,1 RHO mem=True nz=True ynz=True cond=True claim_agree=True upper=0.988719696494  CERT
657160774,0,1 T   mem=True nz=True ynz=True cond=True claim_agree=True upper=3147.03473728  CERT
660533870,0,1 RHO mem=True nz=True ynz=True cond=True claim_agree=True upper=0.966024800730  CERT
660533870,0,1 T   mem=True nz=True ynz=True cond=True claim_agree=True upper=2530.66684323  CERT
728520843,0,1 RHO mem=True nz=True ynz=True cond=True claim_agree=True upper=0.908439818489  CERT
728520843,0,1 T   mem=True nz=True ynz=True cond=True claim_agree=True upper=2574.40820976  CERT
739351378,0,1 RHO mem=True nz=True ynz=True cond=True claim_agree=True upper=0.995424665014  CERT
739351378,0,1 T   mem=True nz=True ynz=True cond=True claim_agree=True upper=2852.35387869  CERT
767916942,0,1 RHO mem=True nz=True ynz=True cond=True claim_agree=True upper=0.960771712213  CERT
767916942,0,1 T   mem=True nz=True ynz=True cond=True claim_agree=True upper=2583.42906761  CERT
810371074,0,1 RHO mem=True nz=True ynz=True cond=True claim_agree=True upper=0.966024800730  CERT
810371074,0,1 T   mem=True nz=True ynz=True cond=True claim_agree=True upper=1945.58907748  CERT
815613110,0,1 RHO mem=True nz=True ynz=True cond=True claim_agree=True upper=0.941373115738  CERT
815613110,0,1 T   mem=True nz=True ynz=True cond=True claim_agree=True upper=2919.55556133  CERT
816350176,0,1 RHO mem=True nz=True ynz=True cond=True claim_agree=True upper=0.948290281567  CERT
816350176,0,1 T   mem=True nz=True ynz=True cond=True claim_agree=True upper=2187.16422774  CERT
819017705,0,1 RHO mem=True nz=True ynz=True cond=True claim_agree=True upper=0.920220899274  CERT
819017705,0,1 T   mem=True nz=True ynz=True cond=True claim_agree=True upper=2385.27190428  CERT
839111415,0,1 RHO mem=True nz=True ynz=True cond=True claim_agree=True upper=0.908439818489  CERT
839111415,0,1 T   mem=True nz=True ynz=True cond=True claim_agree=True upper=2413.42088206  CERT
875354609,0,1 RHO mem=True nz=True ynz=True cond=True claim_agree=True upper=0.995424665014  CERT
875354609,0,1 T   mem=True nz=True ynz=True cond=True claim_agree=True upper=2211.86382230  CERT
881476009,0,1 RHO mem=True nz=True ynz=True cond=True claim_agree=True upper=0.957241426362  CERT
881476009,0,1 T   mem=True nz=True ynz=True cond=True claim_agree=True upper=2610.95394911  CERT
994756736,0,1 RHO mem=True nz=True ynz=True cond=True claim_agree=True upper=0.925113037744  CERT
994756736,0,1 T   mem=True nz=True ynz=True cond=True claim_agree=True upper=2343.14899625  CERT
FAMILY VERIFY n=7 l=1000003009 : EXCLUDED (components certified 32 / 32 ; lines 64 ; failed lines 0)
FAMILY VERIFY PASS
