FACTORIZATION: 32 irreducible factors of degree 2 over F_1000131521: OK
20079798,0,1 RHO mem=True nz=True ynz=True cond=True claim_agree=True upper=0.925825695650  CERT
20079798,0,1 T   mem=True nz=True ynz=True cond=True claim_agree=True upper=2250.69686121  CERT
34456008,0,1 RHO mem=True nz=True ynz=True cond=True claim_agree=True upper=0.927170919058  CERT
34456008,0,1 T   mem=True nz=True ynz=True cond=True claim_agree=True upper=2583.26292889  CERT
51918493,0,1 RHO mem=True nz=True ynz=True cond=True claim_agree=True upper=0.902528709576  CERT
51918493,0,1 T   mem=True nz=True ynz=True cond=True claim_agree=True upper=2447.56487201  CERT
73342963,0,1 RHO mem=True nz=True ynz=True cond=True claim_agree=True upper=0.880569323734  CERT
73342963,0,1 T   mem=True nz=True ynz=True cond=True claim_agree=True upper=1880.03080719  CERT
90734101,0,1 RHO mem=True nz=True ynz=True cond=True claim_agree=True upper=0.999053972018  CERT
90734101,0,1 T   mem=True nz=True ynz=True cond=True claim_agree=True upper=2998.25833991  CERT
92517552,0,1 RHO mem=True nz=True ynz=True cond=True claim_agree=True upper=0.881849045268  CERT
92517552,0,1 T   mem=True nz=True ynz=True cond=True claim_agree=True upper=1885.73701467  CERT
106107772,0,1 RHO mem=True nz=True ynz=True cond=True claim_agree=True upper=0.880569323734  CERT
106107772,0,1 T   mem=True nz=True ynz=True cond=True claim_agree=True upper=1570.04233440  CERT
108577261,0,1 RHO mem=True nz=True ynz=True cond=True claim_agree=True upper=0.927170919058  CERT
108577261,0,1 T   mem=True nz=True ynz=True cond=True claim_agree=True upper=2460.98808157  CERT
123701059,0,1 RHO mem=True nz=True ynz=True cond=True claim_agree=True upper=0.947778219612  CERT
123701059,0,1 T   mem=True nz=True ynz=True cond=True claim_agree=True upper=2676.00098269  CERT
183210348,0,1 RHO mem=True nz=True ynz=True cond=True claim_agree=True upper=0.925825695650  CERT
183210348,0,1 T   mem=True nz=True ynz=True cond=True claim_agree=True upper=1811.92027581  CERT
287018129,0,1 RHO mem=True nz=True ynz=True cond=True claim_agree=True upper=0.916033157790  CERT
287018129,0,1 T   mem=True nz=True ynz=True cond=True claim_agree=True upper=2231.95235783  CERT
299266278,0,1 RHO mem=True nz=True ynz=True cond=True claim_agree=True upper=0.969987365882  CERT
299266278,0,1 T   mem=True nz=True ynz=True cond=True claim_agree=True upper=2516.41265526  CERT
327316848,0,1 RHO mem=True nz=True ynz=True cond=True claim_agree=True upper=0.978681392683  CERT
327316848,0,1 T   mem=True nz=True ynz=True cond=True claim_agree=True upper=2938.08383343  CERT
342629426,0,1 RHO mem=True nz=True ynz=True cond=True claim_agree=True upper=0.958614409167  CERT
342629426,0,1 T   mem=True nz=True ynz=True cond=True claim_agree=True upper=2580.80506322  CERT
446634955,0,1 RHO mem=True nz=True ynz=True cond=True claim_agree=True upper=0.923302269449  CERT
446634955,0,1 T   mem=True nz=True ynz=True cond=True claim_agree=True upper=1997.42315719  CERT
468065394,0,1 RHO mem=True nz=True ynz=True cond=True claim_agree=True upper=0.933481419401  CERT
468065394,0,1 T   mem=True nz=True ynz=True cond=True claim_agree=True upper=2111.59045754  CERT
532066127,0,1 RHO mem=True nz=True ynz=True cond=True claim_agree=True upper=0.916033157790  CERT
532066127,0,1 T   mem=True nz=True ynz=True cond=True claim_agree=True upper=2401.35593610  CERT
553496566,0,1 RHO mem=True nz=True ynz=True cond=True claim_agree=True upper=0.978681392683  CERT
553496566,0,1 T   mem=True nz=True ynz=True cond=True claim_agree=True upper=2666.59495633  CERT
657502095,0,1 RHO mem=True nz=True ynz=True cond=True claim_agree=True upper=0.969987365882  CERT
657502095,0,1 T   mem=True nz=True ynz=True cond=True claim_agree=True upper=3177.13286530  CERT
672814673,0,1 RHO mem=True nz=True ynz=True cond=True claim_agree=True upper=0.923302269449  CERT
672814673,0,1 T   mem=True nz=True ynz=True cond=True claim_agree=True upper=2021.18254853  CERT
700865243,0,1 RHO mem=True nz=True ynz=True cond=True claim_agree=True upper=0.958614409167  CERT
700865243,0,1 T   mem=True nz=True ynz=True cond=True claim_agree=True upper=2493.43481361  CERT
713113392,0,1 RHO mem=True nz=True ynz=True cond=True claim_agree=True upper=0.933481419401  CERT
713113392,0,1 T   mem=True nz=True ynz=True cond=True claim_agree=True upper=2946.54649813  CERT
816921173,0,1 RHO mem=True nz=True ynz=True cond=True claim_agree=True upper=0.940997033465  CERT
816921173,0,1 T   mem=True nz=True ynz=True cond=True claim_agree=True upper=2206.51016810  CERT
876430462,0,1 RHO mem=True nz=True ynz=True cond=True claim_agree=True upper=0.902528709576  CERT
876430462,0,1 T   mem=True nz=True ynz=True cond=True claim_agree=True upper=2139.94618041  CERT
891554260,0,1 RHO mem=True nz=True ynz=True cond=True claim_agree=True upper=0.935979587892  CERT
891554260,0,1 T   mem=True nz=True ynz=True cond=True claim_agree=True upper=2790.71693435  CERT
894023749,0,1 RHO mem=True nz=True ynz=True cond=True claim_agree=True upper=0.947867356190  CERT
894023749,0,1 T   mem=True nz=True ynz=True cond=True claim_agree=True upper=2218.60668556  CERT
907613969,0,1 RHO mem=True nz=True ynz=True cond=True claim_agree=True upper=0.999053972018  CERT
907613969,0,1 T   mem=True nz=True ynz=True cond=True claim_agree=True upper=2551.70217692  CERT
909397420,0,1 RHO mem=True nz=True ynz=True cond=True claim_agree=True upper=0.881849045268  CERT
909397420,0,1 T   mem=True nz=True ynz=True cond=True claim_agree=True upper=1613.91545305  CERT
926788558,0,1 RHO mem=True nz=True ynz=True cond=True claim_agree=True upper=0.947867356190  CERT
926788558,0,1 T   mem=True nz=True ynz=True cond=True claim_agree=True upper=2292.83080111  CERT
948213028,0,1 RHO mem=True nz=True ynz=True cond=True claim_agree=True upper=0.947778219612  CERT
948213028,0,1 T   mem=True nz=True ynz=True cond=True claim_agree=True upper=2819.43217052  CERT
965675513,0,1 RHO mem=True nz=True ynz=True cond=True claim_agree=True upper=0.935979587892  CERT
965675513,0,1 T   mem=True nz=True ynz=True cond=True claim_agree=True upper=2793.97283002  CERT
980051723,0,1 RHO mem=True nz=True ynz=True cond=True claim_agree=True upper=0.940997033465  CERT
980051723,0,1 T   mem=True nz=True ynz=True cond=True claim_agree=True upper=2279.93617511  CERT
FAMILY VERIFY n=7 l=1000131521 : EXCLUDED (components certified 32 / 32 ; lines 64 ; failed lines 0)
FAMILY VERIFY PASS
