FACTORIZATION: 32 irreducible factors of degree 2 over F_1000719809: OK
1389581,0,1 RHO mem=True nz=True ynz=True cond=True claim_agree=True upper=0.970659861921  CERT
1389581,0,1 T   mem=True nz=True ynz=True cond=True claim_agree=True upper=2732.12193539  CERT
65123308,0,1 RHO mem=True nz=True ynz=True cond=True claim_agree=True upper=0.961072953041  CERT
65123308,0,1 T   mem=True nz=True ynz=True cond=True claim_agree=True upper=2648.84906080  CERT
90957789,0,1 RHO mem=True nz=True ynz=True cond=True claim_agree=True upper=0.949755437302  CERT
90957789,0,1 T   mem=True nz=True ynz=True cond=True claim_agree=True upper=1838.74696617  CERT
178310696,0,1 RHO mem=True nz=True ynz=True cond=True claim_agree=True upper=0.952986517414  CERT
178310696,0,1 T   mem=True nz=True ynz=True cond=True claim_agree=True upper=2582.83112272  CERT
208074213,0,1 RHO mem=True nz=True ynz=True cond=True claim_agree=True upper=0.970659861921  CERT
208074213,0,1 T   mem=True nz=True ynz=True cond=True claim_agree=True upper=2531.83517442  CERT
252535905,0,1 RHO mem=True nz=True ynz=True cond=True claim_agree=True upper=0.895783621070  CERT
252535905,0,1 T   mem=True nz=True ynz=True cond=True claim_agree=True upper=2093.83584154  CERT
261485982,0,1 RHO mem=True nz=True ynz=True cond=True claim_agree=True upper=0.895783621070  CERT
261485982,0,1 T   mem=True nz=True ynz=True cond=True claim_agree=True upper=1931.30114295  CERT
290358433,0,1 RHO mem=True nz=True ynz=True cond=True claim_agree=True upper=0.940646842764  CERT
290358433,0,1 T   mem=True nz=True ynz=True cond=True claim_agree=True upper=2547.35235959  CERT
319724387,0,1 RHO mem=True nz=True ynz=True cond=True claim_agree=True upper=0.911997486457  CERT
319724387,0,1 T   mem=True nz=True ynz=True cond=True claim_agree=True upper=2575.97459160  CERT
331393219,0,1 RHO mem=True nz=True ynz=True cond=True claim_agree=True upper=0.942521623855  CERT
331393219,0,1 T   mem=True nz=True ynz=True cond=True claim_agree=True upper=2260.57930491  CERT
368993075,0,1 RHO mem=True nz=True ynz=True cond=True claim_agree=True upper=0.940646842764  CERT
368993075,0,1 T   mem=True nz=True ynz=True cond=True claim_agree=True upper=2307.96749650  CERT
418002717,0,1 RHO mem=True nz=True ynz=True cond=True claim_agree=True upper=0.943305633006  CERT
418002717,0,1 T   mem=True nz=True ynz=True cond=True claim_agree=True upper=1967.95902609  CERT
452402746,0,1 RHO mem=True nz=True ynz=True cond=True claim_agree=True upper=0.930684393050  CERT
452402746,0,1 T   mem=True nz=True ynz=True cond=True claim_agree=True upper=2952.76151830  CERT
454757367,0,1 RHO mem=True nz=True ynz=True cond=True claim_agree=True upper=0.942521623855  CERT
454757367,0,1 T   mem=True nz=True ynz=True cond=True claim_agree=True upper=2349.43938911  CERT
456960549,0,1 RHO mem=True nz=True ynz=True cond=True claim_agree=True upper=0.908252290174  CERT
456960549,0,1 T   mem=True nz=True ynz=True cond=True claim_agree=True upper=2138.72949960  CERT
496241427,0,1 RHO mem=True nz=True ynz=True cond=True claim_agree=True upper=0.943305633006  CERT
496241427,0,1 T   mem=True nz=True ynz=True cond=True claim_agree=True upper=2064.29129016  CERT
504478382,0,1 RHO mem=True nz=True ynz=True cond=True claim_agree=True upper=0.934093033664  CERT
504478382,0,1 T   mem=True nz=True ynz=True cond=True claim_agree=True upper=2385.13266097  CERT
543759260,0,1 RHO mem=True nz=True ynz=True cond=True claim_agree=True upper=0.952986517414  CERT
543759260,0,1 T   mem=True nz=True ynz=True cond=True claim_agree=True upper=2575.16402839  CERT
545962442,0,1 RHO mem=True nz=True ynz=True cond=True claim_agree=True upper=0.928329666975  CERT
545962442,0,1 T   mem=True nz=True ynz=True cond=True claim_agree=True upper=1765.50382948  CERT
548317063,0,1 RHO mem=True nz=True ynz=True cond=True claim_agree=True upper=0.949755437302  CERT
548317063,0,1 T   mem=True nz=True ynz=True cond=True claim_agree=True upper=2329.66258854  CERT
582717092,0,1 RHO mem=True nz=True ynz=True cond=True claim_agree=True upper=0.934093033664  CERT
582717092,0,1 T   mem=True nz=True ynz=True cond=True claim_agree=True upper=2716.28867555  CERT
631726734,0,1 RHO mem=True nz=True ynz=True cond=True claim_agree=True upper=0.925266760764  CERT
631726734,0,1 T   mem=True nz=True ynz=True cond=True claim_agree=True upper=1870.27461582  CERT
669326590,0,1 RHO mem=True nz=True ynz=True cond=True claim_agree=True upper=0.928329666975  CERT
669326590,0,1 T   mem=True nz=True ynz=True cond=True claim_agree=True upper=1802.74762564  CERT
680995422,0,1 RHO mem=True nz=True ynz=True cond=True claim_agree=True upper=0.961072953041  CERT
680995422,0,1 T   mem=True nz=True ynz=True cond=True claim_agree=True upper=3196.03830555  CERT
710361376,0,1 RHO mem=True nz=True ynz=True cond=True claim_agree=True upper=0.925266760764  CERT
710361376,0,1 T   mem=True nz=True ynz=True cond=True claim_agree=True upper=2761.17486354  CERT
739233827,0,1 RHO mem=True nz=True ynz=True cond=True claim_agree=True upper=0.966530643987  CERT
739233827,0,1 T   mem=True nz=True ynz=True cond=True claim_agree=True upper=2252.47943275  CERT
748183904,0,1 RHO mem=True nz=True ynz=True cond=True claim_agree=True upper=0.966530643987  CERT
748183904,0,1 T   mem=True nz=True ynz=True cond=True claim_agree=True upper=2529.10087833  CERT
792645596,0,1 RHO mem=True nz=True ynz=True cond=True claim_agree=True upper=0.895497273707  CERT
792645596,0,1 T   mem=True nz=True ynz=True cond=True claim_agree=True upper=2724.27894989  CERT
822409113,0,1 RHO mem=True nz=True ynz=True cond=True claim_agree=True upper=0.908252290174  CERT
822409113,0,1 T   mem=True nz=True ynz=True cond=True claim_agree=True upper=2423.27580011  CERT
909762020,0,1 RHO mem=True nz=True ynz=True cond=True claim_agree=True upper=0.930684393050  CERT
909762020,0,1 T   mem=True nz=True ynz=True cond=True claim_agree=True upper=2352.55161046  CERT
935596501,0,1 RHO mem=True nz=True ynz=True cond=True claim_agree=True upper=0.911997486457  CERT
935596501,0,1 T   mem=True nz=True ynz=True cond=True claim_agree=True upper=2112.26821983  CERT
999330228,0,1 RHO mem=True nz=True ynz=True cond=True claim_agree=True upper=0.895497273707  CERT
999330228,0,1 T   mem=True nz=True ynz=True cond=True claim_agree=True upper=2089.22387892  CERT
FAMILY VERIFY n=7 l=1000719809 : EXCLUDED (components certified 32 / 32 ; lines 64 ; failed lines 0)
FAMILY VERIFY PASS
