FACTORIZATION: 32 irreducible factors of degree 2 over F_1000269121: OK
3176330,0,1 RHO mem=True nz=True ynz=True cond=True claim_agree=True upper=0.953110974956  CERT
3176330,0,1 T   mem=True nz=True ynz=True cond=True claim_agree=True upper=2483.05249826  CERT
13204574,0,1 RHO mem=True nz=True ynz=True cond=True claim_agree=True upper=0.912492282228  CERT
13204574,0,1 T   mem=True nz=True ynz=True cond=True claim_agree=True upper=2655.92977851  CERT
14753772,0,1 RHO mem=True nz=True ynz=True cond=True claim_agree=True upper=0.931983979553  CERT
14753772,0,1 T   mem=True nz=True ynz=True cond=True claim_agree=True upper=2630.28223309  CERT
61672835,0,1 RHO mem=True nz=True ynz=True cond=True claim_agree=True upper=0.936214205752  CERT
61672835,0,1 T   mem=True nz=True ynz=True cond=True claim_agree=True upper=2460.47263018  CERT
93601064,0,1 RHO mem=True nz=True ynz=True cond=True claim_agree=True upper=0.909357539374  CERT
93601064,0,1 T   mem=True nz=True ynz=True cond=True claim_agree=True upper=2191.48409923  CERT
105000040,0,1 RHO mem=True nz=True ynz=True cond=True claim_agree=True upper=0.935026078854  CERT
105000040,0,1 T   mem=True nz=True ynz=True cond=True claim_agree=True upper=2362.87837211  CERT
131162721,0,1 RHO mem=True nz=True ynz=True cond=True claim_agree=True upper=0.945985319187  CERT
131162721,0,1 T   mem=True nz=True ynz=True cond=True claim_agree=True upper=2256.79186949  CERT
136428243,0,1 RHO mem=True nz=True ynz=True cond=True claim_agree=True upper=0.948496181272  CERT
136428243,0,1 T   mem=True nz=True ynz=True cond=True claim_agree=True upper=2083.66927701  CERT
165075198,0,1 RHO mem=True nz=True ynz=True cond=True claim_agree=True upper=0.935026078854  CERT
165075198,0,1 T   mem=True nz=True ynz=True cond=True claim_agree=True upper=2833.54342769  CERT
181766298,0,1 RHO mem=True nz=True ynz=True cond=True claim_agree=True upper=0.931374145099  CERT
181766298,0,1 T   mem=True nz=True ynz=True cond=True claim_agree=True upper=2359.96533356  CERT
281286342,0,1 RHO mem=True nz=True ynz=True cond=True claim_agree=True upper=0.912492282228  CERT
281286342,0,1 T   mem=True nz=True ynz=True cond=True claim_agree=True upper=2341.42863375  CERT
281992467,0,1 RHO mem=True nz=True ynz=True cond=True claim_agree=True upper=0.973304494298  CERT
281992467,0,1 T   mem=True nz=True ynz=True cond=True claim_agree=True upper=2431.98764152  CERT
324476409,0,1 RHO mem=True nz=True ynz=True cond=True claim_agree=True upper=0.922584705364  CERT
324476409,0,1 T   mem=True nz=True ynz=True cond=True claim_agree=True upper=2882.72202933  CERT
338963733,0,1 RHO mem=True nz=True ynz=True cond=True claim_agree=True upper=0.949987662870  CERT
338963733,0,1 T   mem=True nz=True ynz=True cond=True claim_agree=True upper=2333.31982170  CERT
421804806,0,1 RHO mem=True nz=True ynz=True cond=True claim_agree=True upper=0.951922311468  CERT
421804806,0,1 T   mem=True nz=True ynz=True cond=True claim_agree=True upper=3369.16468227  CERT
425781529,0,1 RHO mem=True nz=True ynz=True cond=True claim_agree=True upper=0.965532443142  CERT
425781529,0,1 T   mem=True nz=True ynz=True cond=True claim_agree=True upper=2692.09443537  CERT
574487592,0,1 RHO mem=True nz=True ynz=True cond=True claim_agree=True upper=0.951922311468  CERT
574487592,0,1 T   mem=True nz=True ynz=True cond=True claim_agree=True upper=2597.96439730  CERT
578464315,0,1 RHO mem=True nz=True ynz=True cond=True claim_agree=True upper=0.965532443142  CERT
578464315,0,1 T   mem=True nz=True ynz=True cond=True claim_agree=True upper=2058.88352510  CERT
661305388,0,1 RHO mem=True nz=True ynz=True cond=True claim_agree=True upper=0.953110974956  CERT
661305388,0,1 T   mem=True nz=True ynz=True cond=True claim_agree=True upper=2639.13473977  CERT
675792712,0,1 RHO mem=True nz=True ynz=True cond=True claim_agree=True upper=0.936214205752  CERT
675792712,0,1 T   mem=True nz=True ynz=True cond=True claim_agree=True upper=2637.78996062  CERT
718276654,0,1 RHO mem=True nz=True ynz=True cond=True claim_agree=True upper=0.945985319187  CERT
718276654,0,1 T   mem=True nz=True ynz=True cond=True claim_agree=True upper=2708.78148432  CERT
718982779,0,1 RHO mem=True nz=True ynz=True cond=True claim_agree=True upper=0.920187706366  CERT
718982779,0,1 T   mem=True nz=True ynz=True cond=True claim_agree=True upper=2727.72554703  CERT
818502823,0,1 RHO mem=True nz=True ynz=True cond=True claim_agree=True upper=0.931983979553  CERT
818502823,0,1 T   mem=True nz=True ynz=True cond=True claim_agree=True upper=2592.06313058  CERT
835193923,0,1 RHO mem=True nz=True ynz=True cond=True claim_agree=True upper=0.927266726303  CERT
835193923,0,1 T   mem=True nz=True ynz=True cond=True claim_agree=True upper=2688.99965156  CERT
863840878,0,1 RHO mem=True nz=True ynz=True cond=True claim_agree=True upper=0.909357539374  CERT
863840878,0,1 T   mem=True nz=True ynz=True cond=True claim_agree=True upper=2752.16977242  CERT
869106400,0,1 RHO mem=True nz=True ynz=True cond=True claim_agree=True upper=0.973304494298  CERT
869106400,0,1 T   mem=True nz=True ynz=True cond=True claim_agree=True upper=2641.89744605  CERT
895269081,0,1 RHO mem=True nz=True ynz=True cond=True claim_agree=True upper=0.927266726303  CERT
895269081,0,1 T   mem=True nz=True ynz=True cond=True claim_agree=True upper=2957.80213565  CERT
906668057,0,1 RHO mem=True nz=True ynz=True cond=True claim_agree=True upper=0.948496181272  CERT
906668057,0,1 T   mem=True nz=True ynz=True cond=True claim_agree=True upper=2489.79864407  CERT
938596286,0,1 RHO mem=True nz=True ynz=True cond=True claim_agree=True upper=0.922584705364  CERT
938596286,0,1 T   mem=True nz=True ynz=True cond=True claim_agree=True upper=2789.29841187  CERT
985515349,0,1 RHO mem=True nz=True ynz=True cond=True claim_agree=True upper=0.931374145099  CERT
985515349,0,1 T   mem=True nz=True ynz=True cond=True claim_agree=True upper=2255.26943202  CERT
987064547,0,1 RHO mem=True nz=True ynz=True cond=True claim_agree=True upper=0.920187706366  CERT
987064547,0,1 T   mem=True nz=True ynz=True cond=True claim_agree=True upper=2871.18702175  CERT
997092791,0,1 RHO mem=True nz=True ynz=True cond=True claim_agree=True upper=0.949987662870  CERT
997092791,0,1 T   mem=True nz=True ynz=True cond=True claim_agree=True upper=1888.71189416  CERT
FAMILY VERIFY n=7 l=1000269121 : EXCLUDED (components certified 32 / 32 ; lines 64 ; failed lines 0)
FAMILY VERIFY PASS
