FACTORIZATION: 32 irreducible factors of degree 2 over F_1000637761: OK
614887,0,1 RHO mem=True nz=True ynz=True cond=True claim_agree=True upper=0.917480951763  CERT
614887,0,1 T   mem=True nz=True ynz=True cond=True claim_agree=True upper=2412.62354653  CERT
11391985,0,1 RHO mem=True nz=True ynz=True cond=True claim_agree=True upper=0.934379546848  CERT
11391985,0,1 T   mem=True nz=True ynz=True cond=True claim_agree=True upper=1736.49941205  CERT
47405321,0,1 RHO mem=True nz=True ynz=True cond=True claim_agree=True upper=0.959109491840  CERT
47405321,0,1 T   mem=True nz=True ynz=True cond=True claim_agree=True upper=2847.07165913  CERT
71793659,0,1 RHO mem=True nz=True ynz=True cond=True claim_agree=True upper=0.947633354962  CERT
71793659,0,1 T   mem=True nz=True ynz=True cond=True claim_agree=True upper=2404.30389603  CERT
103130196,0,1 RHO mem=True nz=True ynz=True cond=True claim_agree=True upper=0.937724350238  CERT
103130196,0,1 T   mem=True nz=True ynz=True cond=True claim_agree=True upper=2486.45892324  CERT
168201485,0,1 RHO mem=True nz=True ynz=True cond=True claim_agree=True upper=0.958901326287  CERT
168201485,0,1 T   mem=True nz=True ynz=True cond=True claim_agree=True upper=2242.70302556  CERT
170240692,0,1 RHO mem=True nz=True ynz=True cond=True claim_agree=True upper=0.959109491840  CERT
170240692,0,1 T   mem=True nz=True ynz=True cond=True claim_agree=True upper=3229.63568007  CERT
183790422,0,1 RHO mem=True nz=True ynz=True cond=True claim_agree=True upper=0.947633354962  CERT
183790422,0,1 T   mem=True nz=True ynz=True cond=True claim_agree=True upper=2229.74726628  CERT
205575128,0,1 RHO mem=True nz=True ynz=True cond=True claim_agree=True upper=0.923800860228  CERT
205575128,0,1 T   mem=True nz=True ynz=True cond=True claim_agree=True upper=2322.32893970  CERT
267375037,0,1 RHO mem=True nz=True ynz=True cond=True claim_agree=True upper=0.977073609366  CERT
267375037,0,1 T   mem=True nz=True ynz=True cond=True claim_agree=True upper=2295.28497615  CERT
287232108,0,1 RHO mem=True nz=True ynz=True cond=True claim_agree=True upper=0.923800860228  CERT
287232108,0,1 T   mem=True nz=True ynz=True cond=True claim_agree=True upper=2150.55738541  CERT
291716683,0,1 RHO mem=True nz=True ynz=True cond=True claim_agree=True upper=0.934379546848  CERT
291716683,0,1 T   mem=True nz=True ynz=True cond=True claim_agree=True upper=2440.43511869  CERT
381645667,0,1 RHO mem=True nz=True ynz=True cond=True claim_agree=True upper=0.958901326287  CERT
381645667,0,1 T   mem=True nz=True ynz=True cond=True claim_agree=True upper=2442.41195489  CERT
451756755,0,1 RHO mem=True nz=True ynz=True cond=True claim_agree=True upper=0.977073609366  CERT
451756755,0,1 T   mem=True nz=True ynz=True cond=True claim_agree=True upper=2552.72903130  CERT
455866822,0,1 RHO mem=True nz=True ynz=True cond=True claim_agree=True upper=0.933250638353  CERT
455866822,0,1 T   mem=True nz=True ynz=True cond=True claim_agree=True upper=2396.75149314  CERT
457791297,0,1 RHO mem=True nz=True ynz=True cond=True claim_agree=True upper=0.933250638353  CERT
457791297,0,1 T   mem=True nz=True ynz=True cond=True claim_agree=True upper=2062.18436834  CERT
542846464,0,1 RHO mem=True nz=True ynz=True cond=True claim_agree=True upper=0.913033852284  CERT
542846464,0,1 T   mem=True nz=True ynz=True cond=True claim_agree=True upper=1952.24527954  CERT
544770939,0,1 RHO mem=True nz=True ynz=True cond=True claim_agree=True upper=0.913033852284  CERT
544770939,0,1 T   mem=True nz=True ynz=True cond=True claim_agree=True upper=2278.96795070  CERT
548881006,0,1 RHO mem=True nz=True ynz=True cond=True claim_agree=True upper=0.932566584346  CERT
548881006,0,1 T   mem=True nz=True ynz=True cond=True claim_agree=True upper=1582.18546332  CERT
618992094,0,1 RHO mem=True nz=True ynz=True cond=True claim_agree=True upper=0.900375811472  CERT
618992094,0,1 T   mem=True nz=True ynz=True cond=True claim_agree=True upper=2520.36938771  CERT
708921078,0,1 RHO mem=True nz=True ynz=True cond=True claim_agree=True upper=0.890059468015  CERT
708921078,0,1 T   mem=True nz=True ynz=True cond=True claim_agree=True upper=2050.30417310  CERT
713405653,0,1 RHO mem=True nz=True ynz=True cond=True claim_agree=True upper=0.930887825015  CERT
713405653,0,1 T   mem=True nz=True ynz=True cond=True claim_agree=True upper=2689.92470703  CERT
733262724,0,1 RHO mem=True nz=True ynz=True cond=True claim_agree=True upper=0.932566584346  CERT
733262724,0,1 T   mem=True nz=True ynz=True cond=True claim_agree=True upper=1750.73179044  CERT
795062633,0,1 RHO mem=True nz=True ynz=True cond=True claim_agree=True upper=0.930887825015  CERT
795062633,0,1 T   mem=True nz=True ynz=True cond=True claim_agree=True upper=2050.27373530  CERT
816847339,0,1 RHO mem=True nz=True ynz=True cond=True claim_agree=True upper=0.920347072454  CERT
816847339,0,1 T   mem=True nz=True ynz=True cond=True claim_agree=True upper=2259.79665780  CERT
830397069,0,1 RHO mem=True nz=True ynz=True cond=True claim_agree=True upper=0.944447583956  CERT
830397069,0,1 T   mem=True nz=True ynz=True cond=True claim_agree=True upper=2312.82338751  CERT
832436276,0,1 RHO mem=True nz=True ynz=True cond=True claim_agree=True upper=0.900375811472  CERT
832436276,0,1 T   mem=True nz=True ynz=True cond=True claim_agree=True upper=2296.09508938  CERT
897507565,0,1 RHO mem=True nz=True ynz=True cond=True claim_agree=True upper=0.917480951763  CERT
897507565,0,1 T   mem=True nz=True ynz=True cond=True claim_agree=True upper=2061.62047132  CERT
928844102,0,1 RHO mem=True nz=True ynz=True cond=True claim_agree=True upper=0.920347072454  CERT
928844102,0,1 T   mem=True nz=True ynz=True cond=True claim_agree=True upper=2518.24992002  CERT
953232440,0,1 RHO mem=True nz=True ynz=True cond=True claim_agree=True upper=0.944447583956  CERT
953232440,0,1 T   mem=True nz=True ynz=True cond=True claim_agree=True upper=2287.39218017  CERT
989245776,0,1 RHO mem=True nz=True ynz=True cond=True claim_agree=True upper=0.890059468015  CERT
989245776,0,1 T   mem=True nz=True ynz=True cond=True claim_agree=True upper=1789.79101092  CERT
1000022874,0,1 RHO mem=True nz=True ynz=True cond=True claim_agree=True upper=0.937724350238  CERT
1000022874,0,1 T   mem=True nz=True ynz=True cond=True claim_agree=True upper=2228.00635090  CERT
FAMILY VERIFY n=7 l=1000637761 : EXCLUDED (components certified 32 / 32 ; lines 64 ; failed lines 0)
FAMILY VERIFY PASS
