FACTORIZATION: 32 irreducible factors of degree 2 over F_1000103873: OK
552097,0,1 RHO mem=True nz=True ynz=True cond=True claim_agree=True upper=0.952059050011  CERT
552097,0,1 T   mem=True nz=True ynz=True cond=True claim_agree=True upper=2660.12101218  CERT
19254973,0,1 RHO mem=True nz=True ynz=True cond=True claim_agree=True upper=0.946361034260  CERT
19254973,0,1 T   mem=True nz=True ynz=True cond=True claim_agree=True upper=2764.55313742  CERT
36426949,0,1 RHO mem=True nz=True ynz=True cond=True claim_agree=True upper=0.934611004608  CERT
36426949,0,1 T   mem=True nz=True ynz=True cond=True claim_agree=True upper=2515.89632638  CERT
44379058,0,1 RHO mem=True nz=True ynz=True cond=True claim_agree=True upper=0.937582357498  CERT
44379058,0,1 T   mem=True nz=True ynz=True cond=True claim_agree=True upper=2004.94119091  CERT
53791553,0,1 RHO mem=True nz=True ynz=True cond=True claim_agree=True upper=0.915748394662  CERT
53791553,0,1 T   mem=True nz=True ynz=True cond=True claim_agree=True upper=3073.21759333  CERT
118023756,0,1 RHO mem=True nz=True ynz=True cond=True claim_agree=True upper=0.966442857013  CERT
118023756,0,1 T   mem=True nz=True ynz=True cond=True claim_agree=True upper=2916.74689717  CERT
120461718,0,1 RHO mem=True nz=True ynz=True cond=True claim_agree=True upper=0.948621581319  CERT
120461718,0,1 T   mem=True nz=True ynz=True cond=True claim_agree=True upper=2618.26097671  CERT
176846856,0,1 RHO mem=True nz=True ynz=True cond=True claim_agree=True upper=0.915748394662  CERT
176846856,0,1 T   mem=True nz=True ynz=True cond=True claim_agree=True upper=2537.03353637  CERT
201127500,0,1 RHO mem=True nz=True ynz=True cond=True claim_agree=True upper=0.975676016681  CERT
201127500,0,1 T   mem=True nz=True ynz=True cond=True claim_agree=True upper=3534.26828453  CERT
201383494,0,1 RHO mem=True nz=True ynz=True cond=True claim_agree=True upper=0.940716356184  CERT
201383494,0,1 T   mem=True nz=True ynz=True cond=True claim_agree=True upper=2701.37619887  CERT
205490197,0,1 RHO mem=True nz=True ynz=True cond=True claim_agree=True upper=0.923332155213  CERT
205490197,0,1 T   mem=True nz=True ynz=True cond=True claim_agree=True upper=2502.25832363  CERT
235250873,0,1 RHO mem=True nz=True ynz=True cond=True claim_agree=True upper=0.948621581319  CERT
235250873,0,1 T   mem=True nz=True ynz=True cond=True claim_agree=True upper=2581.19794458  CERT
319451318,0,1 RHO mem=True nz=True ynz=True cond=True claim_agree=True upper=0.927710289888  CERT
319451318,0,1 T   mem=True nz=True ynz=True cond=True claim_agree=True upper=3562.64641595  CERT
399217256,0,1 RHO mem=True nz=True ynz=True cond=True claim_agree=True upper=0.950842523211  CERT
399217256,0,1 T   mem=True nz=True ynz=True cond=True claim_agree=True upper=2358.04143983  CERT
439506658,0,1 RHO mem=True nz=True ynz=True cond=True claim_agree=True upper=0.966442857013  CERT
439506658,0,1 T   mem=True nz=True ynz=True cond=True claim_agree=True upper=3152.50707410  CERT
487754392,0,1 RHO mem=True nz=True ynz=True cond=True claim_agree=True upper=0.934611004608  CERT
487754392,0,1 T   mem=True nz=True ynz=True cond=True claim_agree=True upper=2234.73879139  CERT
512349481,0,1 RHO mem=True nz=True ynz=True cond=True claim_agree=True upper=0.940579016134  CERT
512349481,0,1 T   mem=True nz=True ynz=True cond=True claim_agree=True upper=3314.88008527  CERT
560597215,0,1 RHO mem=True nz=True ynz=True cond=True claim_agree=True upper=0.960139305635  CERT
560597215,0,1 T   mem=True nz=True ynz=True cond=True claim_agree=True upper=2352.63944346  CERT
600886617,0,1 RHO mem=True nz=True ynz=True cond=True claim_agree=True upper=0.927710289888  CERT
600886617,0,1 T   mem=True nz=True ynz=True cond=True claim_agree=True upper=3779.99630723  CERT
680652555,0,1 RHO mem=True nz=True ynz=True cond=True claim_agree=True upper=0.950842523211  CERT
680652555,0,1 T   mem=True nz=True ynz=True cond=True claim_agree=True upper=2335.73775168  CERT
764853000,0,1 RHO mem=True nz=True ynz=True cond=True claim_agree=True upper=0.951233607039  CERT
764853000,0,1 T   mem=True nz=True ynz=True cond=True claim_agree=True upper=3091.08061490  CERT
794613676,0,1 RHO mem=True nz=True ynz=True cond=True claim_agree=True upper=0.973674185258  CERT
794613676,0,1 T   mem=True nz=True ynz=True cond=True claim_agree=True upper=3531.42598165  CERT
798720379,0,1 RHO mem=True nz=True ynz=True cond=True claim_agree=True upper=0.946361034260  CERT
798720379,0,1 T   mem=True nz=True ynz=True cond=True claim_agree=True upper=2683.00440995  CERT
798976373,0,1 RHO mem=True nz=True ynz=True cond=True claim_agree=True upper=0.923332155213  CERT
798976373,0,1 T   mem=True nz=True ynz=True cond=True claim_agree=True upper=2249.34963544  CERT
823257017,0,1 RHO mem=True nz=True ynz=True cond=True claim_agree=True upper=0.932692716212  CERT
823257017,0,1 T   mem=True nz=True ynz=True cond=True claim_agree=True upper=2885.64763838  CERT
879642155,0,1 RHO mem=True nz=True ynz=True cond=True claim_agree=True upper=0.951233607039  CERT
879642155,0,1 T   mem=True nz=True ynz=True cond=True claim_agree=True upper=2365.46520556  CERT
882080117,0,1 RHO mem=True nz=True ynz=True cond=True claim_agree=True upper=0.960139305635  CERT
882080117,0,1 T   mem=True nz=True ynz=True cond=True claim_agree=True upper=2252.55093642  CERT
946312320,0,1 RHO mem=True nz=True ynz=True cond=True claim_agree=True upper=0.932692716212  CERT
946312320,0,1 T   mem=True nz=True ynz=True cond=True claim_agree=True upper=3252.99877859  CERT
955724815,0,1 RHO mem=True nz=True ynz=True cond=True claim_agree=True upper=0.952059050011  CERT
955724815,0,1 T   mem=True nz=True ynz=True cond=True claim_agree=True upper=2934.77800295  CERT
963676924,0,1 RHO mem=True nz=True ynz=True cond=True claim_agree=True upper=0.940579016134  CERT
963676924,0,1 T   mem=True nz=True ynz=True cond=True claim_agree=True upper=2675.08423331  CERT
980848900,0,1 RHO mem=True nz=True ynz=True cond=True claim_agree=True upper=0.940716356184  CERT
980848900,0,1 T   mem=True nz=True ynz=True cond=True claim_agree=True upper=2245.39757126  CERT
999551776,0,1 RHO mem=True nz=True ynz=True cond=True claim_agree=True upper=0.937582357498  CERT
999551776,0,1 T   mem=True nz=True ynz=True cond=True claim_agree=True upper=2722.53768618  CERT
FAMILY VERIFY n=7 l=1000103873 : EXCLUDED (components certified 32 / 32 ; lines 64 ; failed lines 0)
FAMILY VERIFY PASS
