FACTORIZATION: 32 irreducible factors of degree 2 over F_1000405697: OK
8346724,0,1 RHO mem=True nz=True ynz=True cond=True claim_agree=True upper=0.883194047325  CERT
8346724,0,1 T   mem=True nz=True ynz=True cond=True claim_agree=True upper=1957.15253134  CERT
26354356,0,1 RHO mem=True nz=True ynz=True cond=True claim_agree=True upper=0.831528081142  CERT
26354356,0,1 T   mem=True nz=True ynz=True cond=True claim_agree=True upper=1420.79340051  CERT
52398932,0,1 RHO mem=True nz=True ynz=True cond=True claim_agree=True upper=0.880281726489  CERT
52398932,0,1 T   mem=True nz=True ynz=True cond=True claim_agree=True upper=2520.11141711  CERT
66742734,0,1 RHO mem=True nz=True ynz=True cond=True claim_agree=True upper=0.848352025699  CERT
66742734,0,1 T   mem=True nz=True ynz=True cond=True claim_agree=True upper=1902.51648618  CERT
82596659,0,1 RHO mem=True nz=True ynz=True cond=True claim_agree=True upper=0.831528081142  CERT
82596659,0,1 T   mem=True nz=True ynz=True cond=True claim_agree=True upper=1883.63720658  CERT
149705754,0,1 RHO mem=True nz=True ynz=True cond=True claim_agree=True upper=0.804175928322  CERT
149705754,0,1 T   mem=True nz=True ynz=True cond=True claim_agree=True upper=1046.44935403  CERT
153695461,0,1 RHO mem=True nz=True ynz=True cond=True claim_agree=True upper=0.869690274364  CERT
153695461,0,1 T   mem=True nz=True ynz=True cond=True claim_agree=True upper=1740.04690859  CERT
180231317,0,1 RHO mem=True nz=True ynz=True cond=True claim_agree=True upper=0.883194047325  CERT
180231317,0,1 T   mem=True nz=True ynz=True cond=True claim_agree=True upper=2246.76594152  CERT
182778289,0,1 RHO mem=True nz=True ynz=True cond=True claim_agree=True upper=0.804175928322  CERT
182778289,0,1 T   mem=True nz=True ynz=True cond=True claim_agree=True upper=1268.17801554  CERT
195794800,0,1 RHO mem=True nz=True ynz=True cond=True claim_agree=True upper=0.875649364631  CERT
195794800,0,1 T   mem=True nz=True ynz=True cond=True claim_agree=True upper=1827.23722317  CERT
219015812,0,1 RHO mem=True nz=True ynz=True cond=True claim_agree=True upper=0.875649364631  CERT
219015812,0,1 T   mem=True nz=True ynz=True cond=True claim_agree=True upper=1615.50600053  CERT
243910653,0,1 RHO mem=True nz=True ynz=True cond=True claim_agree=True upper=0.848927161594  CERT
243910653,0,1 T   mem=True nz=True ynz=True cond=True claim_agree=True upper=2430.98957162  CERT
299947699,0,1 RHO mem=True nz=True ynz=True cond=True claim_agree=True upper=0.843881604447  CERT
299947699,0,1 T   mem=True nz=True ynz=True cond=True claim_agree=True upper=1429.41432666  CERT
329799643,0,1 RHO mem=True nz=True ynz=True cond=True claim_agree=True upper=0.865425812473  CERT
329799643,0,1 T   mem=True nz=True ynz=True cond=True claim_agree=True upper=2163.61797072  CERT
432062559,0,1 RHO mem=True nz=True ynz=True cond=True claim_agree=True upper=0.863317853497  CERT
432062559,0,1 T   mem=True nz=True ynz=True cond=True claim_agree=True upper=1785.02683241  CERT
481913060,0,1 RHO mem=True nz=True ynz=True cond=True claim_agree=True upper=0.845149069802  CERT
481913060,0,1 T   mem=True nz=True ynz=True cond=True claim_agree=True upper=1782.25177985  CERT
518492637,0,1 RHO mem=True nz=True ynz=True cond=True claim_agree=True upper=0.869690274364  CERT
518492637,0,1 T   mem=True nz=True ynz=True cond=True claim_agree=True upper=1901.72094166  CERT
568343138,0,1 RHO mem=True nz=True ynz=True cond=True claim_agree=True upper=0.848927161594  CERT
568343138,0,1 T   mem=True nz=True ynz=True cond=True claim_agree=True upper=2046.33942021  CERT
670606054,0,1 RHO mem=True nz=True ynz=True cond=True claim_agree=True upper=0.880281726489  CERT
670606054,0,1 T   mem=True nz=True ynz=True cond=True claim_agree=True upper=1716.12372897  CERT
700457998,0,1 RHO mem=True nz=True ynz=True cond=True claim_agree=True upper=0.848352025699  CERT
700457998,0,1 T   mem=True nz=True ynz=True cond=True claim_agree=True upper=1574.55417056  CERT
756495044,0,1 RHO mem=True nz=True ynz=True cond=True claim_agree=True upper=0.863317853497  CERT
756495044,0,1 T   mem=True nz=True ynz=True cond=True claim_agree=True upper=1342.54817474  CERT
781389885,0,1 RHO mem=True nz=True ynz=True cond=True claim_agree=True upper=0.852139552231  CERT
781389885,0,1 T   mem=True nz=True ynz=True cond=True claim_agree=True upper=2630.42948347  CERT
804610897,0,1 RHO mem=True nz=True ynz=True cond=True claim_agree=True upper=0.852139552231  CERT
804610897,0,1 T   mem=True nz=True ynz=True cond=True claim_agree=True upper=1547.32546689  CERT
817627408,0,1 RHO mem=True nz=True ynz=True cond=True claim_agree=True upper=0.779799994844  CERT
817627408,0,1 T   mem=True nz=True ynz=True cond=True claim_agree=True upper=1127.58786216  CERT
820174380,0,1 RHO mem=True nz=True ynz=True cond=True claim_agree=True upper=0.880103793229  CERT
820174380,0,1 T   mem=True nz=True ynz=True cond=True claim_agree=True upper=2211.32287584  CERT
846710236,0,1 RHO mem=True nz=True ynz=True cond=True claim_agree=True upper=0.845149069802  CERT
846710236,0,1 T   mem=True nz=True ynz=True cond=True claim_agree=True upper=1585.31651679  CERT
850699943,0,1 RHO mem=True nz=True ynz=True cond=True claim_agree=True upper=0.779799994844  CERT
850699943,0,1 T   mem=True nz=True ynz=True cond=True claim_agree=True upper=1361.25338663  CERT
917809038,0,1 RHO mem=True nz=True ynz=True cond=True claim_agree=True upper=0.870024485794  CERT
917809038,0,1 T   mem=True nz=True ynz=True cond=True claim_agree=True upper=1820.29018022  CERT
933662963,0,1 RHO mem=True nz=True ynz=True cond=True claim_agree=True upper=0.843881604447  CERT
933662963,0,1 T   mem=True nz=True ynz=True cond=True claim_agree=True upper=1251.41542545  CERT
948006765,0,1 RHO mem=True nz=True ynz=True cond=True claim_agree=True upper=0.865425812473  CERT
948006765,0,1 T   mem=True nz=True ynz=True cond=True claim_agree=True upper=1390.21448589  CERT
974051341,0,1 RHO mem=True nz=True ynz=True cond=True claim_agree=True upper=0.870024485794  CERT
974051341,0,1 T   mem=True nz=True ynz=True cond=True claim_agree=True upper=1763.42774527  CERT
992058973,0,1 RHO mem=True nz=True ynz=True cond=True claim_agree=True upper=0.880103793229  CERT
992058973,0,1 T   mem=True nz=True ynz=True cond=True claim_agree=True upper=1636.33804677  CERT
FAMILY VERIFY n=7 l=1000405697 : EXCLUDED (components certified 32 / 32 ; lines 64 ; failed lines 0)
FAMILY VERIFY PASS
