FACTORIZATION: 32 irreducible factors of degree 2 over F_1001206849: OK
30587350,0,1 RHO mem=True nz=True ynz=True cond=True claim_agree=True upper=0.874895136586  CERT
30587350,0,1 T   mem=True nz=True ynz=True cond=True claim_agree=True upper=1795.65554721  CERT
44990375,0,1 RHO mem=True nz=True ynz=True cond=True claim_agree=True upper=0.945301699749  CERT
44990375,0,1 T   mem=True nz=True ynz=True cond=True claim_agree=True upper=2465.55721700  CERT
57817227,0,1 RHO mem=True nz=True ynz=True cond=True claim_agree=True upper=0.932758865123  CERT
57817227,0,1 T   mem=True nz=True ynz=True cond=True claim_agree=True upper=2759.99879147  CERT
68012645,0,1 RHO mem=True nz=True ynz=True cond=True claim_agree=True upper=0.945301699749  CERT
68012645,0,1 T   mem=True nz=True ynz=True cond=True claim_agree=True upper=2606.48263119  CERT
71461600,0,1 RHO mem=True nz=True ynz=True cond=True claim_agree=True upper=0.898278370437  CERT
71461600,0,1 T   mem=True nz=True ynz=True cond=True claim_agree=True upper=2451.69017858  CERT
89608962,0,1 RHO mem=True nz=True ynz=True cond=True claim_agree=True upper=0.922855079493  CERT
89608962,0,1 T   mem=True nz=True ynz=True cond=True claim_agree=True upper=2433.64373120  CERT
147787076,0,1 RHO mem=True nz=True ynz=True cond=True claim_agree=True upper=0.883018118168  CERT
147787076,0,1 T   mem=True nz=True ynz=True cond=True claim_agree=True upper=2621.64573030  CERT
267250097,0,1 RHO mem=True nz=True ynz=True cond=True claim_agree=True upper=0.922855079493  CERT
267250097,0,1 T   mem=True nz=True ynz=True cond=True claim_agree=True upper=1849.53301593  CERT
285953977,0,1 RHO mem=True nz=True ynz=True cond=True claim_agree=True upper=0.871542057524  CERT
285953977,0,1 T   mem=True nz=True ynz=True cond=True claim_agree=True upper=1940.90671566  CERT
296132976,0,1 RHO mem=True nz=True ynz=True cond=True claim_agree=True upper=0.959352549878  CERT
296132976,0,1 T   mem=True nz=True ynz=True cond=True claim_agree=True upper=2576.09907496  CERT
326156228,0,1 RHO mem=True nz=True ynz=True cond=True claim_agree=True upper=0.898278370437  CERT
326156228,0,1 T   mem=True nz=True ynz=True cond=True claim_agree=True upper=1949.87470218  CERT
367513831,0,1 RHO mem=True nz=True ynz=True cond=True claim_agree=True upper=0.915920209132  CERT
367513831,0,1 T   mem=True nz=True ynz=True cond=True claim_agree=True upper=2684.47086889  CERT
384363558,0,1 RHO mem=True nz=True ynz=True cond=True claim_agree=True upper=0.917058553955  CERT
384363558,0,1 T   mem=True nz=True ynz=True cond=True claim_agree=True upper=2170.61258402  CERT
440318815,0,1 RHO mem=True nz=True ynz=True cond=True claim_agree=True upper=0.897753836678  CERT
440318815,0,1 T   mem=True nz=True ynz=True cond=True claim_agree=True upper=3317.51246953  CERT
458203960,0,1 RHO mem=True nz=True ynz=True cond=True claim_agree=True upper=0.874895136586  CERT
458203960,0,1 T   mem=True nz=True ynz=True cond=True claim_agree=True upper=2877.74733074  CERT
473281626,0,1 RHO mem=True nz=True ynz=True cond=True claim_agree=True upper=0.897397412008  CERT
473281626,0,1 T   mem=True nz=True ynz=True cond=True claim_agree=True upper=1772.41001278  CERT
527925223,0,1 RHO mem=True nz=True ynz=True cond=True claim_agree=True upper=0.932758865123  CERT
527925223,0,1 T   mem=True nz=True ynz=True cond=True claim_agree=True upper=1863.18307861  CERT
543002889,0,1 RHO mem=True nz=True ynz=True cond=True claim_agree=True upper=0.923255722505  CERT
543002889,0,1 T   mem=True nz=True ynz=True cond=True claim_agree=True upper=2173.51548513  CERT
560888034,0,1 RHO mem=True nz=True ynz=True cond=True claim_agree=True upper=0.871542057524  CERT
560888034,0,1 T   mem=True nz=True ynz=True cond=True claim_agree=True upper=2373.65560872  CERT
616843291,0,1 RHO mem=True nz=True ynz=True cond=True claim_agree=True upper=0.915920209132  CERT
616843291,0,1 T   mem=True nz=True ynz=True cond=True claim_agree=True upper=2025.82949553  CERT
633693018,0,1 RHO mem=True nz=True ynz=True cond=True claim_agree=True upper=0.917058553955  CERT
633693018,0,1 T   mem=True nz=True ynz=True cond=True claim_agree=True upper=2473.89686958  CERT
675050621,0,1 RHO mem=True nz=True ynz=True cond=True claim_agree=True upper=0.900203406427  CERT
675050621,0,1 T   mem=True nz=True ynz=True cond=True claim_agree=True upper=1538.66973066  CERT
705073873,0,1 RHO mem=True nz=True ynz=True cond=True claim_agree=True upper=0.883018118168  CERT
705073873,0,1 T   mem=True nz=True ynz=True cond=True claim_agree=True upper=1447.67944430  CERT
715252872,0,1 RHO mem=True nz=True ynz=True cond=True claim_agree=True upper=0.897753836678  CERT
715252872,0,1 T   mem=True nz=True ynz=True cond=True claim_agree=True upper=1454.02362851  CERT
733956752,0,1 RHO mem=True nz=True ynz=True cond=True claim_agree=True upper=0.850668177341  CERT
733956752,0,1 T   mem=True nz=True ynz=True cond=True claim_agree=True upper=1637.11813756  CERT
853419773,0,1 RHO mem=True nz=True ynz=True cond=True claim_agree=True upper=0.959352549878  CERT
853419773,0,1 T   mem=True nz=True ynz=True cond=True claim_agree=True upper=2444.08637598  CERT
911597887,0,1 RHO mem=True nz=True ynz=True cond=True claim_agree=True upper=0.850668177341  CERT
911597887,0,1 T   mem=True nz=True ynz=True cond=True claim_agree=True upper=2626.63065087  CERT
929745249,0,1 RHO mem=True nz=True ynz=True cond=True claim_agree=True upper=0.900203406427  CERT
929745249,0,1 T   mem=True nz=True ynz=True cond=True claim_agree=True upper=3145.11302573  CERT
933194204,0,1 RHO mem=True nz=True ynz=True cond=True claim_agree=True upper=0.833875225530  CERT
933194204,0,1 T   mem=True nz=True ynz=True cond=True claim_agree=True upper=1152.05053666  CERT
943389622,0,1 RHO mem=True nz=True ynz=True cond=True claim_agree=True upper=0.897397412008  CERT
943389622,0,1 T   mem=True nz=True ynz=True cond=True claim_agree=True upper=2555.97778986  CERT
956216474,0,1 RHO mem=True nz=True ynz=True cond=True claim_agree=True upper=0.833875225530  CERT
956216474,0,1 T   mem=True nz=True ynz=True cond=True claim_agree=True upper=2342.86137923  CERT
970619499,0,1 RHO mem=True nz=True ynz=True cond=True claim_agree=True upper=0.923255722505  CERT
970619499,0,1 T   mem=True nz=True ynz=True cond=True claim_agree=True upper=2032.50321150  CERT
FAMILY VERIFY n=7 l=1001206849 : EXCLUDED (components certified 32 / 32 ; lines 64 ; failed lines 0)
FAMILY VERIFY PASS
