FACTORIZATION: 32 irreducible factors of degree 2 over F_1000098881: OK
53271537,0,1 RHO mem=True nz=True ynz=True cond=True claim_agree=True upper=0.861756002635  CERT
53271537,0,1 T   mem=True nz=True ynz=True cond=True claim_agree=True upper=1508.39761203  CERT
86951941,0,1 RHO mem=True nz=True ynz=True cond=True claim_agree=True upper=0.899880236162  CERT
86951941,0,1 T   mem=True nz=True ynz=True cond=True claim_agree=True upper=2248.77063369  CERT
96627438,0,1 RHO mem=True nz=True ynz=True cond=True claim_agree=True upper=0.911064063388  CERT
96627438,0,1 T   mem=True nz=True ynz=True cond=True claim_agree=True upper=1902.12772221  CERT
117594474,0,1 RHO mem=True nz=True ynz=True cond=True claim_agree=True upper=0.931292686931  CERT
117594474,0,1 T   mem=True nz=True ynz=True cond=True claim_agree=True upper=2685.06045508  CERT
141561727,0,1 RHO mem=True nz=True ynz=True cond=True claim_agree=True upper=0.927164985464  CERT
141561727,0,1 T   mem=True nz=True ynz=True cond=True claim_agree=True upper=2995.31021495  CERT
187420178,0,1 RHO mem=True nz=True ynz=True cond=True claim_agree=True upper=0.899880236162  CERT
187420178,0,1 T   mem=True nz=True ynz=True cond=True claim_agree=True upper=2285.81613441  CERT
232758631,0,1 RHO mem=True nz=True ynz=True cond=True claim_agree=True upper=0.927164985464  CERT
232758631,0,1 T   mem=True nz=True ynz=True cond=True claim_agree=True upper=2520.85888551  CERT
273551093,0,1 RHO mem=True nz=True ynz=True cond=True claim_agree=True upper=0.972975046370  CERT
273551093,0,1 T   mem=True nz=True ynz=True cond=True claim_agree=True upper=3082.53181329  CERT
276432257,0,1 RHO mem=True nz=True ynz=True cond=True claim_agree=True upper=0.928424100224  CERT
276432257,0,1 T   mem=True nz=True ynz=True cond=True claim_agree=True upper=2506.20772753  CERT
302324846,0,1 RHO mem=True nz=True ynz=True cond=True claim_agree=True upper=0.911064063388  CERT
302324846,0,1 T   mem=True nz=True ynz=True cond=True claim_agree=True upper=2475.03245177  CERT
307084455,0,1 RHO mem=True nz=True ynz=True cond=True claim_agree=True upper=0.903493291281  CERT
307084455,0,1 T   mem=True nz=True ynz=True cond=True claim_agree=True upper=2854.64337581  CERT
323122577,0,1 RHO mem=True nz=True ynz=True cond=True claim_agree=True upper=0.930600252034  CERT
323122577,0,1 T   mem=True nz=True ynz=True cond=True claim_agree=True upper=2725.49119005  CERT
333696679,0,1 RHO mem=True nz=True ynz=True cond=True claim_agree=True upper=0.972975046370  CERT
333696679,0,1 T   mem=True nz=True ynz=True cond=True claim_agree=True upper=2617.27355528  CERT
438603686,0,1 RHO mem=True nz=True ynz=True cond=True claim_agree=True upper=0.930600252034  CERT
438603686,0,1 T   mem=True nz=True ynz=True cond=True claim_agree=True upper=2822.37025487  CERT
454670258,0,1 RHO mem=True nz=True ynz=True cond=True claim_agree=True upper=0.919389898217  CERT
454670258,0,1 T   mem=True nz=True ynz=True cond=True claim_agree=True upper=2392.83873784  CERT
494465651,0,1 RHO mem=True nz=True ynz=True cond=True claim_agree=True upper=0.919389898217  CERT
494465651,0,1 T   mem=True nz=True ynz=True cond=True claim_agree=True upper=2233.72161101  CERT
505633230,0,1 RHO mem=True nz=True ynz=True cond=True claim_agree=True upper=0.949984514531  CERT
505633230,0,1 T   mem=True nz=True ynz=True cond=True claim_agree=True upper=2484.28792881  CERT
545428623,0,1 RHO mem=True nz=True ynz=True cond=True claim_agree=True upper=0.949984514531  CERT
545428623,0,1 T   mem=True nz=True ynz=True cond=True claim_agree=True upper=2145.50047182  CERT
561495195,0,1 RHO mem=True nz=True ynz=True cond=True claim_agree=True upper=0.898475070164  CERT
561495195,0,1 T   mem=True nz=True ynz=True cond=True claim_agree=True upper=2786.16658076  CERT
666402202,0,1 RHO mem=True nz=True ynz=True cond=True claim_agree=True upper=0.884746956871  CERT
666402202,0,1 T   mem=True nz=True ynz=True cond=True claim_agree=True upper=2563.95732398  CERT
676976304,0,1 RHO mem=True nz=True ynz=True cond=True claim_agree=True upper=0.898475070164  CERT
676976304,0,1 T   mem=True nz=True ynz=True cond=True claim_agree=True upper=2471.67634150  CERT
693014426,0,1 RHO mem=True nz=True ynz=True cond=True claim_agree=True upper=0.928424100224  CERT
693014426,0,1 T   mem=True nz=True ynz=True cond=True claim_agree=True upper=2008.98398439  CERT
697774035,0,1 RHO mem=True nz=True ynz=True cond=True claim_agree=True upper=0.941622504194  CERT
697774035,0,1 T   mem=True nz=True ynz=True cond=True claim_agree=True upper=2711.01692512  CERT
723666624,0,1 RHO mem=True nz=True ynz=True cond=True claim_agree=True upper=0.903493291281  CERT
723666624,0,1 T   mem=True nz=True ynz=True cond=True claim_agree=True upper=2144.54212750  CERT
726547788,0,1 RHO mem=True nz=True ynz=True cond=True claim_agree=True upper=0.884746956871  CERT
726547788,0,1 T   mem=True nz=True ynz=True cond=True claim_agree=True upper=1868.01643414  CERT
767340250,0,1 RHO mem=True nz=True ynz=True cond=True claim_agree=True upper=0.923949570848  CERT
767340250,0,1 T   mem=True nz=True ynz=True cond=True claim_agree=True upper=2863.61526059  CERT
812678703,0,1 RHO mem=True nz=True ynz=True cond=True claim_agree=True upper=0.935252069102  CERT
812678703,0,1 T   mem=True nz=True ynz=True cond=True claim_agree=True upper=2501.48948518  CERT
858537154,0,1 RHO mem=True nz=True ynz=True cond=True claim_agree=True upper=0.923949570848  CERT
858537154,0,1 T   mem=True nz=True ynz=True cond=True claim_agree=True upper=2248.37498473  CERT
882504407,0,1 RHO mem=True nz=True ynz=True cond=True claim_agree=True upper=0.861756002635  CERT
882504407,0,1 T   mem=True nz=True ynz=True cond=True claim_agree=True upper=1515.46288399  CERT
903471443,0,1 RHO mem=True nz=True ynz=True cond=True claim_agree=True upper=0.941622504194  CERT
903471443,0,1 T   mem=True nz=True ynz=True cond=True claim_agree=True upper=2011.86915213  CERT
913146940,0,1 RHO mem=True nz=True ynz=True cond=True claim_agree=True upper=0.935252069102  CERT
913146940,0,1 T   mem=True nz=True ynz=True cond=True claim_agree=True upper=2496.04469082  CERT
946827344,0,1 RHO mem=True nz=True ynz=True cond=True claim_agree=True upper=0.931292686931  CERT
946827344,0,1 T   mem=True nz=True ynz=True cond=True claim_agree=True upper=2830.21900220  CERT
FAMILY VERIFY n=7 l=1000098881 : EXCLUDED (components certified 32 / 32 ; lines 64 ; failed lines 0)
FAMILY VERIFY PASS
