FACTORIZATION: 32 irreducible factors of degree 2 over F_1000948673: OK
50235146,0,1 RHO mem=True nz=True ynz=True cond=True claim_agree=True upper=0.958666138121  CERT
50235146,0,1 T   mem=True nz=True ynz=True cond=True claim_agree=True upper=2169.32365487  CERT
90249598,0,1 RHO mem=True nz=True ynz=True cond=True claim_agree=True upper=0.939047761136  CERT
90249598,0,1 T   mem=True nz=True ynz=True cond=True claim_agree=True upper=2338.25720085  CERT
105318942,0,1 RHO mem=True nz=True ynz=True cond=True claim_agree=True upper=0.924034217040  CERT
105318942,0,1 T   mem=True nz=True ynz=True cond=True claim_agree=True upper=2491.07841230  CERT
199777437,0,1 RHO mem=True nz=True ynz=True cond=True claim_agree=True upper=0.958666138121  CERT
199777437,0,1 T   mem=True nz=True ynz=True cond=True claim_agree=True upper=3048.98787552  CERT
200848235,0,1 RHO mem=True nz=True ynz=True cond=True claim_agree=True upper=0.973557761582  CERT
200848235,0,1 T   mem=True nz=True ynz=True cond=True claim_agree=True upper=2380.38524221  CERT
228352249,0,1 RHO mem=True nz=True ynz=True cond=True claim_agree=True upper=0.944761720527  CERT
228352249,0,1 T   mem=True nz=True ynz=True cond=True claim_agree=True upper=2481.04818246  CERT
236603102,0,1 RHO mem=True nz=True ynz=True cond=True claim_agree=True upper=0.924034217040  CERT
236603102,0,1 T   mem=True nz=True ynz=True cond=True claim_agree=True upper=2394.88347088  CERT
279462209,0,1 RHO mem=True nz=True ynz=True cond=True claim_agree=True upper=0.937571804730  CERT
279462209,0,1 T   mem=True nz=True ynz=True cond=True claim_agree=True upper=2724.59177151  CERT
293457551,0,1 RHO mem=True nz=True ynz=True cond=True claim_agree=True upper=0.946056978305  CERT
293457551,0,1 T   mem=True nz=True ynz=True cond=True claim_agree=True upper=2231.24681077  CERT
336107751,0,1 RHO mem=True nz=True ynz=True cond=True claim_agree=True upper=0.949391088744  CERT
336107751,0,1 T   mem=True nz=True ynz=True cond=True claim_agree=True upper=2184.02177764  CERT
363940381,0,1 RHO mem=True nz=True ynz=True cond=True claim_agree=True upper=0.935700219012  CERT
363940381,0,1 T   mem=True nz=True ynz=True cond=True claim_agree=True upper=2300.34212855  CERT
367888315,0,1 RHO mem=True nz=True ynz=True cond=True claim_agree=True upper=0.973557761582  CERT
367888315,0,1 T   mem=True nz=True ynz=True cond=True claim_agree=True upper=2439.69669600  CERT
370279941,0,1 RHO mem=True nz=True ynz=True cond=True claim_agree=True upper=0.946228288323  CERT
370279941,0,1 T   mem=True nz=True ynz=True cond=True claim_agree=True upper=2743.76839453  CERT
372259228,0,1 RHO mem=True nz=True ynz=True cond=True claim_agree=True upper=0.937571804730  CERT
372259228,0,1 T   mem=True nz=True ynz=True cond=True claim_agree=True upper=2238.09306844  CERT
422704408,0,1 RHO mem=True nz=True ynz=True cond=True claim_agree=True upper=0.948263351408  CERT
422704408,0,1 T   mem=True nz=True ynz=True cond=True claim_agree=True upper=3833.24545274  CERT
451489787,0,1 RHO mem=True nz=True ynz=True cond=True claim_agree=True upper=0.944761720527  CERT
451489787,0,1 T   mem=True nz=True ynz=True cond=True claim_agree=True upper=2332.46063833  CERT
549458886,0,1 RHO mem=True nz=True ynz=True cond=True claim_agree=True upper=0.895806088388  CERT
549458886,0,1 T   mem=True nz=True ynz=True cond=True claim_agree=True upper=1870.67207921  CERT
578244265,0,1 RHO mem=True nz=True ynz=True cond=True claim_agree=True upper=0.946056978305  CERT
578244265,0,1 T   mem=True nz=True ynz=True cond=True claim_agree=True upper=2719.73526637  CERT
628689445,0,1 RHO mem=True nz=True ynz=True cond=True claim_agree=True upper=0.938339916064  CERT
628689445,0,1 T   mem=True nz=True ynz=True cond=True claim_agree=True upper=2188.62811334  CERT
630668732,0,1 RHO mem=True nz=True ynz=True cond=True claim_agree=True upper=0.949391088744  CERT
630668732,0,1 T   mem=True nz=True ynz=True cond=True claim_agree=True upper=2375.36223856  CERT
633060358,0,1 RHO mem=True nz=True ynz=True cond=True claim_agree=True upper=0.940746964591  CERT
633060358,0,1 T   mem=True nz=True ynz=True cond=True claim_agree=True upper=2324.36984496  CERT
637008292,0,1 RHO mem=True nz=True ynz=True cond=True claim_agree=True upper=0.939047761136  CERT
637008292,0,1 T   mem=True nz=True ynz=True cond=True claim_agree=True upper=2554.40135603  CERT
664840922,0,1 RHO mem=True nz=True ynz=True cond=True claim_agree=True upper=0.946228288323  CERT
664840922,0,1 T   mem=True nz=True ynz=True cond=True claim_agree=True upper=2412.44147503  CERT
707491122,0,1 RHO mem=True nz=True ynz=True cond=True claim_agree=True upper=0.948263351408  CERT
707491122,0,1 T   mem=True nz=True ynz=True cond=True claim_agree=True upper=2653.70059273  CERT
721486464,0,1 RHO mem=True nz=True ynz=True cond=True claim_agree=True upper=0.938339916064  CERT
721486464,0,1 T   mem=True nz=True ynz=True cond=True claim_agree=True upper=2417.62316128  CERT
764345571,0,1 RHO mem=True nz=True ynz=True cond=True claim_agree=True upper=0.956663402004  CERT
764345571,0,1 T   mem=True nz=True ynz=True cond=True claim_agree=True upper=2191.17118624  CERT
772596424,0,1 RHO mem=True nz=True ynz=True cond=True claim_agree=True upper=0.895806088388  CERT
772596424,0,1 T   mem=True nz=True ynz=True cond=True claim_agree=True upper=2483.14101852  CERT
800100438,0,1 RHO mem=True nz=True ynz=True cond=True claim_agree=True upper=0.940746964591  CERT
800100438,0,1 T   mem=True nz=True ynz=True cond=True claim_agree=True upper=2146.46415865  CERT
801171236,0,1 RHO mem=True nz=True ynz=True cond=True claim_agree=True upper=0.921427249619  CERT
801171236,0,1 T   mem=True nz=True ynz=True cond=True claim_agree=True upper=2590.70534430  CERT
895629731,0,1 RHO mem=True nz=True ynz=True cond=True claim_agree=True upper=0.956663402004  CERT
895629731,0,1 T   mem=True nz=True ynz=True cond=True claim_agree=True upper=2710.84543603  CERT
910699075,0,1 RHO mem=True nz=True ynz=True cond=True claim_agree=True upper=0.935700219012  CERT
910699075,0,1 T   mem=True nz=True ynz=True cond=True claim_agree=True upper=2267.49449308  CERT
950713527,0,1 RHO mem=True nz=True ynz=True cond=True claim_agree=True upper=0.921427249619  CERT
950713527,0,1 T   mem=True nz=True ynz=True cond=True claim_agree=True upper=2278.16495956  CERT
FAMILY VERIFY n=7 l=1000948673 : EXCLUDED (components certified 32 / 32 ; lines 64 ; failed lines 0)
FAMILY VERIFY PASS
