FACTORIZATION: 32 irreducible factors of degree 2 over F_1001077697: OK
26765470,0,1 RHO mem=True nz=True ynz=True cond=True claim_agree=True upper=0.823736947686  CERT
26765470,0,1 T   mem=True nz=True ynz=True cond=True claim_agree=True upper=1306.33161423  CERT
71308047,0,1 RHO mem=True nz=True ynz=True cond=True claim_agree=True upper=0.913904078112  CERT
71308047,0,1 T   mem=True nz=True ynz=True cond=True claim_agree=True upper=2352.72266324  CERT
86483928,0,1 RHO mem=True nz=True ynz=True cond=True claim_agree=True upper=0.816244788337  CERT
86483928,0,1 T   mem=True nz=True ynz=True cond=True claim_agree=True upper=1109.48508124  CERT
155806999,0,1 RHO mem=True nz=True ynz=True cond=True claim_agree=True upper=0.899542384394  CERT
155806999,0,1 T   mem=True nz=True ynz=True cond=True claim_agree=True upper=1814.63683781  CERT
208762677,0,1 RHO mem=True nz=True ynz=True cond=True claim_agree=True upper=0.831521019939  CERT
208762677,0,1 T   mem=True nz=True ynz=True cond=True claim_agree=True upper=1452.63100147  CERT
228503585,0,1 RHO mem=True nz=True ynz=True cond=True claim_agree=True upper=0.865411510584  CERT
228503585,0,1 T   mem=True nz=True ynz=True cond=True claim_agree=True upper=1635.89944912  CERT
233392530,0,1 RHO mem=True nz=True ynz=True cond=True claim_agree=True upper=0.865411510584  CERT
233392530,0,1 T   mem=True nz=True ynz=True cond=True claim_agree=True upper=1535.18977002  CERT
250847257,0,1 RHO mem=True nz=True ynz=True cond=True claim_agree=True upper=0.915614833133  CERT
250847257,0,1 T   mem=True nz=True ynz=True cond=True claim_agree=True upper=2287.17193695  CERT
314591810,0,1 RHO mem=True nz=True ynz=True cond=True claim_agree=True upper=0.898891174908  CERT
314591810,0,1 T   mem=True nz=True ynz=True cond=True claim_agree=True upper=2295.12613206  CERT
342791066,0,1 RHO mem=True nz=True ynz=True cond=True claim_agree=True upper=0.854403955610  CERT
342791066,0,1 T   mem=True nz=True ynz=True cond=True claim_agree=True upper=1642.90207830  CERT
393367292,0,1 RHO mem=True nz=True ynz=True cond=True claim_agree=True upper=0.836174448281  CERT
393367292,0,1 T   mem=True nz=True ynz=True cond=True claim_agree=True upper=2051.75232664  CERT
406858156,0,1 RHO mem=True nz=True ynz=True cond=True claim_agree=True upper=0.858516789191  CERT
406858156,0,1 T   mem=True nz=True ynz=True cond=True claim_agree=True upper=2225.20322961  CERT
454917942,0,1 RHO mem=True nz=True ynz=True cond=True claim_agree=True upper=0.915614833133  CERT
454917942,0,1 T   mem=True nz=True ynz=True cond=True claim_agree=True upper=2444.38086649  CERT
460385134,0,1 RHO mem=True nz=True ynz=True cond=True claim_agree=True upper=0.858516789191  CERT
460385134,0,1 T   mem=True nz=True ynz=True cond=True claim_agree=True upper=1781.50962616  CERT
465045730,0,1 RHO mem=True nz=True ynz=True cond=True claim_agree=True upper=0.854403955610  CERT
465045730,0,1 T   mem=True nz=True ynz=True cond=True claim_agree=True upper=1474.94951092  CERT
481340181,0,1 RHO mem=True nz=True ynz=True cond=True claim_agree=True upper=0.831521019939  CERT
481340181,0,1 T   mem=True nz=True ynz=True cond=True claim_agree=True upper=1926.59186382  CERT
519737516,0,1 RHO mem=True nz=True ynz=True cond=True claim_agree=True upper=0.901073198967  CERT
519737516,0,1 T   mem=True nz=True ynz=True cond=True claim_agree=True upper=2422.97459484  CERT
536031967,0,1 RHO mem=True nz=True ynz=True cond=True claim_agree=True upper=0.907016527951  CERT
536031967,0,1 T   mem=True nz=True ynz=True cond=True claim_agree=True upper=2262.38161787  CERT
540692563,0,1 RHO mem=True nz=True ynz=True cond=True claim_agree=True upper=0.852244037029  CERT
540692563,0,1 T   mem=True nz=True ynz=True cond=True claim_agree=True upper=1661.57396550  CERT
546159755,0,1 RHO mem=True nz=True ynz=True cond=True claim_agree=True upper=0.843674323608  CERT
546159755,0,1 T   mem=True nz=True ynz=True cond=True claim_agree=True upper=1530.70793758  CERT
594219541,0,1 RHO mem=True nz=True ynz=True cond=True claim_agree=True upper=0.852244037029  CERT
594219541,0,1 T   mem=True nz=True ynz=True cond=True claim_agree=True upper=2237.04061568  CERT
607710405,0,1 RHO mem=True nz=True ynz=True cond=True claim_agree=True upper=0.899542384394  CERT
607710405,0,1 T   mem=True nz=True ynz=True cond=True claim_agree=True upper=2045.20857072  CERT
658286631,0,1 RHO mem=True nz=True ynz=True cond=True claim_agree=True upper=0.907016527951  CERT
658286631,0,1 T   mem=True nz=True ynz=True cond=True claim_agree=True upper=2558.35110422  CERT
686485887,0,1 RHO mem=True nz=True ynz=True cond=True claim_agree=True upper=0.823736947686  CERT
686485887,0,1 T   mem=True nz=True ynz=True cond=True claim_agree=True upper=1751.05282837  CERT
750230440,0,1 RHO mem=True nz=True ynz=True cond=True claim_agree=True upper=0.843674323608  CERT
750230440,0,1 T   mem=True nz=True ynz=True cond=True claim_agree=True upper=2251.71638022  CERT
767685167,0,1 RHO mem=True nz=True ynz=True cond=True claim_agree=True upper=0.810727830560  CERT
767685167,0,1 T   mem=True nz=True ynz=True cond=True claim_agree=True upper=2020.22502771  CERT
772574112,0,1 RHO mem=True nz=True ynz=True cond=True claim_agree=True upper=0.810727830560  CERT
772574112,0,1 T   mem=True nz=True ynz=True cond=True claim_agree=True upper=1138.02994129  CERT
792315020,0,1 RHO mem=True nz=True ynz=True cond=True claim_agree=True upper=0.901073198967  CERT
792315020,0,1 T   mem=True nz=True ynz=True cond=True claim_agree=True upper=2305.09126922  CERT
845270698,0,1 RHO mem=True nz=True ynz=True cond=True claim_agree=True upper=0.836174448281  CERT
845270698,0,1 T   mem=True nz=True ynz=True cond=True claim_agree=True upper=1240.49657506  CERT
914593769,0,1 RHO mem=True nz=True ynz=True cond=True claim_agree=True upper=0.913904078112  CERT
914593769,0,1 T   mem=True nz=True ynz=True cond=True claim_agree=True upper=1961.17616948  CERT
929769650,0,1 RHO mem=True nz=True ynz=True cond=True claim_agree=True upper=0.816244788337  CERT
929769650,0,1 T   mem=True nz=True ynz=True cond=True claim_agree=True upper=1853.24259370  CERT
974312227,0,1 RHO mem=True nz=True ynz=True cond=True claim_agree=True upper=0.898891174908  CERT
974312227,0,1 T   mem=True nz=True ynz=True cond=True claim_agree=True upper=1625.75368782  CERT
FAMILY VERIFY n=7 l=1001077697 : EXCLUDED (components certified 32 / 32 ; lines 64 ; failed lines 0)
FAMILY VERIFY PASS
