FACTORIZATION: 32 irreducible factors of degree 2 over F_1000957121: OK
16676087,0,1 RHO mem=True nz=True ynz=True cond=True claim_agree=True upper=0.909161448090  CERT
16676087,0,1 T   mem=True nz=True ynz=True cond=True claim_agree=True upper=2281.74162598  CERT
19860617,0,1 RHO mem=True nz=True ynz=True cond=True claim_agree=True upper=0.914439026071  CERT
19860617,0,1 T   mem=True nz=True ynz=True cond=True claim_agree=True upper=1806.39169190  CERT
71842657,0,1 RHO mem=True nz=True ynz=True cond=True claim_agree=True upper=0.966320003495  CERT
71842657,0,1 T   mem=True nz=True ynz=True cond=True claim_agree=True upper=3226.01179918  CERT
120740975,0,1 RHO mem=True nz=True ynz=True cond=True claim_agree=True upper=0.942199030222  CERT
120740975,0,1 T   mem=True nz=True ynz=True cond=True claim_agree=True upper=2390.27038713  CERT
126319509,0,1 RHO mem=True nz=True ynz=True cond=True claim_agree=True upper=0.978711367368  CERT
126319509,0,1 T   mem=True nz=True ynz=True cond=True claim_agree=True upper=2988.35380799  CERT
143345216,0,1 RHO mem=True nz=True ynz=True cond=True claim_agree=True upper=0.978711367368  CERT
143345216,0,1 T   mem=True nz=True ynz=True cond=True claim_agree=True upper=2639.91679859  CERT
179795143,0,1 RHO mem=True nz=True ynz=True cond=True claim_agree=True upper=0.929767854374  CERT
179795143,0,1 T   mem=True nz=True ynz=True cond=True claim_agree=True upper=1984.77917624  CERT
257503993,0,1 RHO mem=True nz=True ynz=True cond=True claim_agree=True upper=0.927688617530  CERT
257503993,0,1 T   mem=True nz=True ynz=True cond=True claim_agree=True upper=2352.88828583  CERT
356273094,0,1 RHO mem=True nz=True ynz=True cond=True claim_agree=True upper=0.929767854374  CERT
356273094,0,1 T   mem=True nz=True ynz=True cond=True claim_agree=True upper=2004.77605186  CERT
366096605,0,1 RHO mem=True nz=True ynz=True cond=True claim_agree=True upper=0.942199030222  CERT
366096605,0,1 T   mem=True nz=True ynz=True cond=True claim_agree=True upper=1937.01724130  CERT
391764175,0,1 RHO mem=True nz=True ynz=True cond=True claim_agree=True upper=0.960420696077  CERT
391764175,0,1 T   mem=True nz=True ynz=True cond=True claim_agree=True upper=2117.70100451  CERT
435830279,0,1 RHO mem=True nz=True ynz=True cond=True claim_agree=True upper=0.942987058720  CERT
435830279,0,1 T   mem=True nz=True ynz=True cond=True claim_agree=True upper=2131.08491694  CERT
454878769,0,1 RHO mem=True nz=True ynz=True cond=True claim_agree=True upper=0.927688617530  CERT
454878769,0,1 T   mem=True nz=True ynz=True cond=True claim_agree=True upper=2061.26157645  CERT
467344615,0,1 RHO mem=True nz=True ynz=True cond=True claim_agree=True upper=0.966320003495  CERT
467344615,0,1 T   mem=True nz=True ynz=True cond=True claim_agree=True upper=2371.28613258  CERT
473417654,0,1 RHO mem=True nz=True ynz=True cond=True claim_agree=True upper=0.906271962920  CERT
473417654,0,1 T   mem=True nz=True ynz=True cond=True claim_agree=True upper=2426.04617732  CERT
490628133,0,1 RHO mem=True nz=True ynz=True cond=True claim_agree=True upper=0.914439026071  CERT
490628133,0,1 T   mem=True nz=True ynz=True cond=True claim_agree=True upper=1670.79561369  CERT
510328988,0,1 RHO mem=True nz=True ynz=True cond=True claim_agree=True upper=0.925561892837  CERT
510328988,0,1 T   mem=True nz=True ynz=True cond=True claim_agree=True upper=1738.55741808  CERT
527539467,0,1 RHO mem=True nz=True ynz=True cond=True claim_agree=True upper=0.960420696077  CERT
527539467,0,1 T   mem=True nz=True ynz=True cond=True claim_agree=True upper=2919.79240198  CERT
533612506,0,1 RHO mem=True nz=True ynz=True cond=True claim_agree=True upper=0.899038490731  CERT
533612506,0,1 T   mem=True nz=True ynz=True cond=True claim_agree=True upper=2429.49799781  CERT
546078352,0,1 RHO mem=True nz=True ynz=True cond=True claim_agree=True upper=0.911065327685  CERT
546078352,0,1 T   mem=True nz=True ynz=True cond=True claim_agree=True upper=1680.24614562  CERT
565126842,0,1 RHO mem=True nz=True ynz=True cond=True claim_agree=True upper=0.909161448090  CERT
565126842,0,1 T   mem=True nz=True ynz=True cond=True claim_agree=True upper=2184.07035836  CERT
609192946,0,1 RHO mem=True nz=True ynz=True cond=True claim_agree=True upper=0.906271962920  CERT
609192946,0,1 T   mem=True nz=True ynz=True cond=True claim_agree=True upper=2362.01185623  CERT
634860516,0,1 RHO mem=True nz=True ynz=True cond=True claim_agree=True upper=0.955496697953  CERT
634860516,0,1 T   mem=True nz=True ynz=True cond=True claim_agree=True upper=1957.29694903  CERT
644684027,0,1 RHO mem=True nz=True ynz=True cond=True claim_agree=True upper=0.929998031568  CERT
644684027,0,1 T   mem=True nz=True ynz=True cond=True claim_agree=True upper=2032.61136099  CERT
743453128,0,1 RHO mem=True nz=True ynz=True cond=True claim_agree=True upper=0.911065327685  CERT
743453128,0,1 T   mem=True nz=True ynz=True cond=True claim_agree=True upper=1604.20701697  CERT
821161978,0,1 RHO mem=True nz=True ynz=True cond=True claim_agree=True upper=0.929998031568  CERT
821161978,0,1 T   mem=True nz=True ynz=True cond=True claim_agree=True upper=2405.83305922  CERT
857611905,0,1 RHO mem=True nz=True ynz=True cond=True claim_agree=True upper=0.923920677863  CERT
857611905,0,1 T   mem=True nz=True ynz=True cond=True claim_agree=True upper=1856.06159879  CERT
874637612,0,1 RHO mem=True nz=True ynz=True cond=True claim_agree=True upper=0.923920677863  CERT
874637612,0,1 T   mem=True nz=True ynz=True cond=True claim_agree=True upper=1628.79987956  CERT
880216146,0,1 RHO mem=True nz=True ynz=True cond=True claim_agree=True upper=0.955496697953  CERT
880216146,0,1 T   mem=True nz=True ynz=True cond=True claim_agree=True upper=2445.95137712  CERT
929114464,0,1 RHO mem=True nz=True ynz=True cond=True claim_agree=True upper=0.899038490731  CERT
929114464,0,1 T   mem=True nz=True ynz=True cond=True claim_agree=True upper=1889.40733098  CERT
981096504,0,1 RHO mem=True nz=True ynz=True cond=True claim_agree=True upper=0.925561892837  CERT
981096504,0,1 T   mem=True nz=True ynz=True cond=True claim_agree=True upper=1934.99057332  CERT
984281034,0,1 RHO mem=True nz=True ynz=True cond=True claim_agree=True upper=0.942987058720  CERT
984281034,0,1 T   mem=True nz=True ynz=True cond=True claim_agree=True upper=1942.69063947  CERT
FAMILY VERIFY n=7 l=1000957121 : EXCLUDED (components certified 32 / 32 ; lines 64 ; failed lines 0)
FAMILY VERIFY PASS
