FACTORIZATION: 32 irreducible factors of degree 2 over F_1000951489: OK
29242096,0,1 RHO mem=True nz=True ynz=True cond=True claim_agree=True upper=0.972914571226  CERT
29242096,0,1 T   mem=True nz=True ynz=True cond=True claim_agree=True upper=3485.06327863  CERT
35506918,0,1 RHO mem=True nz=True ynz=True cond=True claim_agree=True upper=0.959037137109  CERT
35506918,0,1 T   mem=True nz=True ynz=True cond=True claim_agree=True upper=2500.75615409  CERT
57423693,0,1 RHO mem=True nz=True ynz=True cond=True claim_agree=True upper=0.950509454223  CERT
57423693,0,1 T   mem=True nz=True ynz=True cond=True claim_agree=True upper=2480.39466457  CERT
85188014,0,1 RHO mem=True nz=True ynz=True cond=True claim_agree=True upper=0.950471933901  CERT
85188014,0,1 T   mem=True nz=True ynz=True cond=True claim_agree=True upper=2712.18186195  CERT
112901277,0,1 RHO mem=True nz=True ynz=True cond=True claim_agree=True upper=0.950471933901  CERT
112901277,0,1 T   mem=True nz=True ynz=True cond=True claim_agree=True upper=2884.94188017  CERT
125054115,0,1 RHO mem=True nz=True ynz=True cond=True claim_agree=True upper=0.927597830435  CERT
125054115,0,1 T   mem=True nz=True ynz=True cond=True claim_agree=True upper=2510.18316802  CERT
133770459,0,1 RHO mem=True nz=True ynz=True cond=True claim_agree=True upper=0.965238773921  CERT
133770459,0,1 T   mem=True nz=True ynz=True cond=True claim_agree=True upper=2726.22507592  CERT
144824937,0,1 RHO mem=True nz=True ynz=True cond=True claim_agree=True upper=0.972914571226  CERT
144824937,0,1 T   mem=True nz=True ynz=True cond=True claim_agree=True upper=2408.97013781  CERT
154707899,0,1 RHO mem=True nz=True ynz=True cond=True claim_agree=True upper=0.950509454223  CERT
154707899,0,1 T   mem=True nz=True ynz=True cond=True claim_agree=True upper=2014.81063187  CERT
159356911,0,1 RHO mem=True nz=True ynz=True cond=True claim_agree=True upper=0.949852016249  CERT
159356911,0,1 T   mem=True nz=True ynz=True cond=True claim_agree=True upper=2336.75660691  CERT
160673772,0,1 RHO mem=True nz=True ynz=True cond=True claim_agree=True upper=0.952915891569  CERT
160673772,0,1 T   mem=True nz=True ynz=True cond=True claim_agree=True upper=2714.97155981  CERT
215895279,0,1 RHO mem=True nz=True ynz=True cond=True claim_agree=True upper=0.959037137109  CERT
215895279,0,1 T   mem=True nz=True ynz=True cond=True claim_agree=True upper=2983.82585869  CERT
242711713,0,1 RHO mem=True nz=True ynz=True cond=True claim_agree=True upper=0.965238773921  CERT
242711713,0,1 T   mem=True nz=True ynz=True cond=True claim_agree=True upper=2709.99980721  CERT
398781741,0,1 RHO mem=True nz=True ynz=True cond=True claim_agree=True upper=0.952915891569  CERT
398781741,0,1 T   mem=True nz=True ynz=True cond=True claim_agree=True upper=3000.04447826  CERT
465363327,0,1 RHO mem=True nz=True ynz=True cond=True claim_agree=True upper=0.966880696445  CERT
465363327,0,1 T   mem=True nz=True ynz=True cond=True claim_agree=True upper=2533.36415314  CERT
474304340,0,1 RHO mem=True nz=True ynz=True cond=True claim_agree=True upper=0.940461084034  CERT
474304340,0,1 T   mem=True nz=True ynz=True cond=True claim_agree=True upper=2308.84743904  CERT
526647149,0,1 RHO mem=True nz=True ynz=True cond=True claim_agree=True upper=0.966880696445  CERT
526647149,0,1 T   mem=True nz=True ynz=True cond=True claim_agree=True upper=2669.22128278  CERT
535588162,0,1 RHO mem=True nz=True ynz=True cond=True claim_agree=True upper=0.940461084034  CERT
535588162,0,1 T   mem=True nz=True ynz=True cond=True claim_agree=True upper=2159.82322836  CERT
602169748,0,1 RHO mem=True nz=True ynz=True cond=True claim_agree=True upper=0.917862118342  CERT
602169748,0,1 T   mem=True nz=True ynz=True cond=True claim_agree=True upper=2374.32864777  CERT
758239776,0,1 RHO mem=True nz=True ynz=True cond=True claim_agree=True upper=0.916785437942  CERT
758239776,0,1 T   mem=True nz=True ynz=True cond=True claim_agree=True upper=2873.81175546  CERT
785056210,0,1 RHO mem=True nz=True ynz=True cond=True claim_agree=True upper=0.946007952923  CERT
785056210,0,1 T   mem=True nz=True ynz=True cond=True claim_agree=True upper=2712.31024463  CERT
840277717,0,1 RHO mem=True nz=True ynz=True cond=True claim_agree=True upper=0.917862118342  CERT
840277717,0,1 T   mem=True nz=True ynz=True cond=True claim_agree=True upper=2147.08764479  CERT
841594578,0,1 RHO mem=True nz=True ynz=True cond=True claim_agree=True upper=0.927597830435  CERT
841594578,0,1 T   mem=True nz=True ynz=True cond=True claim_agree=True upper=3381.33047589  CERT
846243590,0,1 RHO mem=True nz=True ynz=True cond=True claim_agree=True upper=0.947139459881  CERT
846243590,0,1 T   mem=True nz=True ynz=True cond=True claim_agree=True upper=2059.11645822  CERT
856126552,0,1 RHO mem=True nz=True ynz=True cond=True claim_agree=True upper=0.938781967741  CERT
856126552,0,1 T   mem=True nz=True ynz=True cond=True claim_agree=True upper=2328.05749626  CERT
867181030,0,1 RHO mem=True nz=True ynz=True cond=True claim_agree=True upper=0.916785437942  CERT
867181030,0,1 T   mem=True nz=True ynz=True cond=True claim_agree=True upper=2664.50538356  CERT
875897374,0,1 RHO mem=True nz=True ynz=True cond=True claim_agree=True upper=0.949852016249  CERT
875897374,0,1 T   mem=True nz=True ynz=True cond=True claim_agree=True upper=1963.48829168  CERT
888050212,0,1 RHO mem=True nz=True ynz=True cond=True claim_agree=True upper=0.907489523928  CERT
888050212,0,1 T   mem=True nz=True ynz=True cond=True claim_agree=True upper=2652.50606301  CERT
915763475,0,1 RHO mem=True nz=True ynz=True cond=True claim_agree=True upper=0.907489523928  CERT
915763475,0,1 T   mem=True nz=True ynz=True cond=True claim_agree=True upper=2113.46988243  CERT
943527796,0,1 RHO mem=True nz=True ynz=True cond=True claim_agree=True upper=0.947139459881  CERT
943527796,0,1 T   mem=True nz=True ynz=True cond=True claim_agree=True upper=2518.20252752  CERT
965444571,0,1 RHO mem=True nz=True ynz=True cond=True claim_agree=True upper=0.946007952923  CERT
965444571,0,1 T   mem=True nz=True ynz=True cond=True claim_agree=True upper=2066.63958910  CERT
971709393,0,1 RHO mem=True nz=True ynz=True cond=True claim_agree=True upper=0.938781967741  CERT
971709393,0,1 T   mem=True nz=True ynz=True cond=True claim_agree=True upper=2536.19920960  CERT
FAMILY VERIFY n=7 l=1000951489 : EXCLUDED (components certified 32 / 32 ; lines 64 ; failed lines 0)
FAMILY VERIFY PASS
