FACTORIZATION: 32 irreducible factors of degree 2 over F_1000812353: OK
78433026,0,1 RHO mem=True nz=True ynz=True cond=True claim_agree=True upper=0.935491362564  CERT
78433026,0,1 T   mem=True nz=True ynz=True cond=True claim_agree=True upper=2742.44453964  CERT
119655012,0,1 RHO mem=True nz=True ynz=True cond=True claim_agree=True upper=0.935491362564  CERT
119655012,0,1 T   mem=True nz=True ynz=True cond=True claim_agree=True upper=2490.61161504  CERT
151743848,0,1 RHO mem=True nz=True ynz=True cond=True claim_agree=True upper=0.938459806182  CERT
151743848,0,1 T   mem=True nz=True ynz=True cond=True claim_agree=True upper=2261.80687685  CERT
155352188,0,1 RHO mem=True nz=True ynz=True cond=True claim_agree=True upper=0.924023837246  CERT
155352188,0,1 T   mem=True nz=True ynz=True cond=True claim_agree=True upper=2478.31784198  CERT
198525434,0,1 RHO mem=True nz=True ynz=True cond=True claim_agree=True upper=0.910920012465  CERT
198525434,0,1 T   mem=True nz=True ynz=True cond=True claim_agree=True upper=2352.17903380  CERT
211200240,0,1 RHO mem=True nz=True ynz=True cond=True claim_agree=True upper=0.861767686238  CERT
211200240,0,1 T   mem=True nz=True ynz=True cond=True claim_agree=True upper=1818.04822749  CERT
213252521,0,1 RHO mem=True nz=True ynz=True cond=True claim_agree=True upper=0.910291722994  CERT
213252521,0,1 T   mem=True nz=True ynz=True cond=True claim_agree=True upper=2286.26204070  CERT
237039123,0,1 RHO mem=True nz=True ynz=True cond=True claim_agree=True upper=0.905824394255  CERT
237039123,0,1 T   mem=True nz=True ynz=True cond=True claim_agree=True upper=2172.64265592  CERT
245873289,0,1 RHO mem=True nz=True ynz=True cond=True claim_agree=True upper=0.905824394255  CERT
245873289,0,1 T   mem=True nz=True ynz=True cond=True claim_agree=True upper=2466.42309010  CERT
308577790,0,1 RHO mem=True nz=True ynz=True cond=True claim_agree=True upper=0.948425129884  CERT
308577790,0,1 T   mem=True nz=True ynz=True cond=True claim_agree=True upper=2204.36474217  CERT
310613082,0,1 RHO mem=True nz=True ynz=True cond=True claim_agree=True upper=0.910291722994  CERT
310613082,0,1 T   mem=True nz=True ynz=True cond=True claim_agree=True upper=2313.30538446  CERT
311364714,0,1 RHO mem=True nz=True ynz=True cond=True claim_agree=True upper=0.924023837246  CERT
311364714,0,1 T   mem=True nz=True ynz=True cond=True claim_agree=True upper=2017.65995692  CERT
390314019,0,1 RHO mem=True nz=True ynz=True cond=True claim_agree=True upper=0.861767686238  CERT
390314019,0,1 T   mem=True nz=True ynz=True cond=True claim_agree=True upper=2395.90953091  CERT
460305386,0,1 RHO mem=True nz=True ynz=True cond=True claim_agree=True upper=0.927027882840  CERT
460305386,0,1 T   mem=True nz=True ynz=True cond=True claim_agree=True upper=1937.83808316  CERT
488165578,0,1 RHO mem=True nz=True ynz=True cond=True claim_agree=True upper=0.891989299599  CERT
488165578,0,1 T   mem=True nz=True ynz=True cond=True claim_agree=True upper=2015.58958724  CERT
491535837,0,1 RHO mem=True nz=True ynz=True cond=True claim_agree=True upper=0.918984913606  CERT
491535837,0,1 T   mem=True nz=True ynz=True cond=True claim_agree=True upper=2342.98640634  CERT
509276516,0,1 RHO mem=True nz=True ynz=True cond=True claim_agree=True upper=0.951571237642  CERT
509276516,0,1 T   mem=True nz=True ynz=True cond=True claim_agree=True upper=2460.12885513  CERT
512646775,0,1 RHO mem=True nz=True ynz=True cond=True claim_agree=True upper=0.927027882840  CERT
512646775,0,1 T   mem=True nz=True ynz=True cond=True claim_agree=True upper=2401.98368458  CERT
540506967,0,1 RHO mem=True nz=True ynz=True cond=True claim_agree=True upper=0.891989299599  CERT
540506967,0,1 T   mem=True nz=True ynz=True cond=True claim_agree=True upper=2167.72739493  CERT
610498334,0,1 RHO mem=True nz=True ynz=True cond=True claim_agree=True upper=0.919405155652  CERT
610498334,0,1 T   mem=True nz=True ynz=True cond=True claim_agree=True upper=2787.06829867  CERT
689447639,0,1 RHO mem=True nz=True ynz=True cond=True claim_agree=True upper=0.910418503801  CERT
689447639,0,1 T   mem=True nz=True ynz=True cond=True claim_agree=True upper=2252.53850601  CERT
690199271,0,1 RHO mem=True nz=True ynz=True cond=True claim_agree=True upper=0.910699530186  CERT
690199271,0,1 T   mem=True nz=True ynz=True cond=True claim_agree=True upper=2901.78034348  CERT
692234563,0,1 RHO mem=True nz=True ynz=True cond=True claim_agree=True upper=0.918984913606  CERT
692234563,0,1 T   mem=True nz=True ynz=True cond=True claim_agree=True upper=2030.54254722  CERT
754939064,0,1 RHO mem=True nz=True ynz=True cond=True claim_agree=True upper=0.915516263486  CERT
754939064,0,1 T   mem=True nz=True ynz=True cond=True claim_agree=True upper=1869.18719885  CERT
763773230,0,1 RHO mem=True nz=True ynz=True cond=True claim_agree=True upper=0.915516263486  CERT
763773230,0,1 T   mem=True nz=True ynz=True cond=True claim_agree=True upper=2157.33496679  CERT
787559832,0,1 RHO mem=True nz=True ynz=True cond=True claim_agree=True upper=0.910699530186  CERT
787559832,0,1 T   mem=True nz=True ynz=True cond=True claim_agree=True upper=1848.85722515  CERT
789612113,0,1 RHO mem=True nz=True ynz=True cond=True claim_agree=True upper=0.919405155652  CERT
789612113,0,1 T   mem=True nz=True ynz=True cond=True claim_agree=True upper=1882.62332426  CERT
802286919,0,1 RHO mem=True nz=True ynz=True cond=True claim_agree=True upper=0.938459806182  CERT
802286919,0,1 T   mem=True nz=True ynz=True cond=True claim_agree=True upper=1993.26510832  CERT
845460165,0,1 RHO mem=True nz=True ynz=True cond=True claim_agree=True upper=0.910418503801  CERT
845460165,0,1 T   mem=True nz=True ynz=True cond=True claim_agree=True upper=2028.93904216  CERT
849068505,0,1 RHO mem=True nz=True ynz=True cond=True claim_agree=True upper=0.910920012465  CERT
849068505,0,1 T   mem=True nz=True ynz=True cond=True claim_agree=True upper=1865.41287881  CERT
881157341,0,1 RHO mem=True nz=True ynz=True cond=True claim_agree=True upper=0.905786056980  CERT
881157341,0,1 T   mem=True nz=True ynz=True cond=True claim_agree=True upper=1832.03847627  CERT
922379327,0,1 RHO mem=True nz=True ynz=True cond=True claim_agree=True upper=0.905786056980  CERT
922379327,0,1 T   mem=True nz=True ynz=True cond=True claim_agree=True upper=2209.21070753  CERT
FAMILY VERIFY n=7 l=1000812353 : EXCLUDED (components certified 32 / 32 ; lines 64 ; failed lines 0)
FAMILY VERIFY PASS
