FACTORIZATION: 32 irreducible factors of degree 2 over F_1001258689: OK
42828915,0,1 RHO mem=True nz=True ynz=True cond=True claim_agree=True upper=0.944890475569  CERT
42828915,0,1 T   mem=True nz=True ynz=True cond=True claim_agree=True upper=2284.28813791  CERT
45531498,0,1 RHO mem=True nz=True ynz=True cond=True claim_agree=True upper=0.968268923989  CERT
45531498,0,1 T   mem=True nz=True ynz=True cond=True claim_agree=True upper=2152.46290808  CERT
57791698,0,1 RHO mem=True nz=True ynz=True cond=True claim_agree=True upper=0.964654777324  CERT
57791698,0,1 T   mem=True nz=True ynz=True cond=True claim_agree=True upper=2553.25136504  CERT
115174437,0,1 RHO mem=True nz=True ynz=True cond=True claim_agree=True upper=0.949058765143  CERT
115174437,0,1 T   mem=True nz=True ynz=True cond=True claim_agree=True upper=2291.50489272  CERT
129278888,0,1 RHO mem=True nz=True ynz=True cond=True claim_agree=True upper=0.965358846123  CERT
129278888,0,1 T   mem=True nz=True ynz=True cond=True claim_agree=True upper=2676.77633842  CERT
148711561,0,1 RHO mem=True nz=True ynz=True cond=True claim_agree=True upper=0.964844027871  CERT
148711561,0,1 T   mem=True nz=True ynz=True cond=True claim_agree=True upper=2605.69663722  CERT
164578984,0,1 RHO mem=True nz=True ynz=True cond=True claim_agree=True upper=0.949058765143  CERT
164578984,0,1 T   mem=True nz=True ynz=True cond=True claim_agree=True upper=2495.38178749  CERT
260668296,0,1 RHO mem=True nz=True ynz=True cond=True claim_agree=True upper=0.898419659682  CERT
260668296,0,1 T   mem=True nz=True ynz=True cond=True claim_agree=True upper=2466.95122564  CERT
272506930,0,1 RHO mem=True nz=True ynz=True cond=True claim_agree=True upper=0.968268923989  CERT
272506930,0,1 T   mem=True nz=True ynz=True cond=True claim_agree=True upper=2813.36438642  CERT
277690897,0,1 RHO mem=True nz=True ynz=True cond=True claim_agree=True upper=0.957974478488  CERT
277690897,0,1 T   mem=True nz=True ynz=True cond=True claim_agree=True upper=2436.07796247  CERT
327076324,0,1 RHO mem=True nz=True ynz=True cond=True claim_agree=True upper=0.961499779549  CERT
327076324,0,1 T   mem=True nz=True ynz=True cond=True claim_agree=True upper=2622.72928150  CERT
382304781,0,1 RHO mem=True nz=True ynz=True cond=True claim_agree=True upper=0.941996512507  CERT
382304781,0,1 T   mem=True nz=True ynz=True cond=True claim_agree=True upper=2173.74278481  CERT
427311709,0,1 RHO mem=True nz=True ynz=True cond=True claim_agree=True upper=0.947834728943  CERT
427311709,0,1 T   mem=True nz=True ynz=True cond=True claim_agree=True upper=2861.24742653  CERT
454338456,0,1 RHO mem=True nz=True ynz=True cond=True claim_agree=True upper=0.964654777324  CERT
454338456,0,1 T   mem=True nz=True ynz=True cond=True claim_agree=True upper=3056.39535546  CERT
461740688,0,1 RHO mem=True nz=True ynz=True cond=True claim_agree=True upper=0.971921422668  CERT
461740688,0,1 T   mem=True nz=True ynz=True cond=True claim_agree=True upper=2506.63775211  CERT
482483064,0,1 RHO mem=True nz=True ynz=True cond=True claim_agree=True upper=0.963382290315  CERT
482483064,0,1 T   mem=True nz=True ynz=True cond=True claim_agree=True upper=2528.33145057  CERT
518775625,0,1 RHO mem=True nz=True ynz=True cond=True claim_agree=True upper=0.944890475569  CERT
518775625,0,1 T   mem=True nz=True ynz=True cond=True claim_agree=True upper=2212.83436702  CERT
539518001,0,1 RHO mem=True nz=True ynz=True cond=True claim_agree=True upper=0.941996512507  CERT
539518001,0,1 T   mem=True nz=True ynz=True cond=True claim_agree=True upper=2688.29009607  CERT
546920233,0,1 RHO mem=True nz=True ynz=True cond=True claim_agree=True upper=0.948386032183  CERT
546920233,0,1 T   mem=True nz=True ynz=True cond=True claim_agree=True upper=2054.55265766  CERT
573946980,0,1 RHO mem=True nz=True ynz=True cond=True claim_agree=True upper=0.965358846123  CERT
573946980,0,1 T   mem=True nz=True ynz=True cond=True claim_agree=True upper=2571.98545669  CERT
618953908,0,1 RHO mem=True nz=True ynz=True cond=True claim_agree=True upper=0.971921422668  CERT
618953908,0,1 T   mem=True nz=True ynz=True cond=True claim_agree=True upper=3135.37767670  CERT
674182365,0,1 RHO mem=True nz=True ynz=True cond=True claim_agree=True upper=0.964844027871  CERT
674182365,0,1 T   mem=True nz=True ynz=True cond=True claim_agree=True upper=2767.27884173  CERT
723567792,0,1 RHO mem=True nz=True ynz=True cond=True claim_agree=True upper=0.898419659682  CERT
723567792,0,1 T   mem=True nz=True ynz=True cond=True claim_agree=True upper=2275.62529151  CERT
728751759,0,1 RHO mem=True nz=True ynz=True cond=True claim_agree=True upper=0.914864941500  CERT
728751759,0,1 T   mem=True nz=True ynz=True cond=True claim_agree=True upper=3183.50768173  CERT
740590393,0,1 RHO mem=True nz=True ynz=True cond=True claim_agree=True upper=0.957974478488  CERT
740590393,0,1 T   mem=True nz=True ynz=True cond=True claim_agree=True upper=2774.10005183  CERT
836679705,0,1 RHO mem=True nz=True ynz=True cond=True claim_agree=True upper=0.947525529863  CERT
836679705,0,1 T   mem=True nz=True ynz=True cond=True claim_agree=True upper=2827.73743294  CERT
852547128,0,1 RHO mem=True nz=True ynz=True cond=True claim_agree=True upper=0.961499779549  CERT
852547128,0,1 T   mem=True nz=True ynz=True cond=True claim_agree=True upper=2264.71856901  CERT
871979801,0,1 RHO mem=True nz=True ynz=True cond=True claim_agree=True upper=0.947834728943  CERT
871979801,0,1 T   mem=True nz=True ynz=True cond=True claim_agree=True upper=2037.44042303  CERT
886084252,0,1 RHO mem=True nz=True ynz=True cond=True claim_agree=True upper=0.947525529863  CERT
886084252,0,1 T   mem=True nz=True ynz=True cond=True claim_agree=True upper=2674.00381038  CERT
943466991,0,1 RHO mem=True nz=True ynz=True cond=True claim_agree=True upper=0.948386032183  CERT
943466991,0,1 T   mem=True nz=True ynz=True cond=True claim_agree=True upper=2900.11880110  CERT
955727191,0,1 RHO mem=True nz=True ynz=True cond=True claim_agree=True upper=0.914864941500  CERT
955727191,0,1 T   mem=True nz=True ynz=True cond=True claim_agree=True upper=3085.87637007  CERT
958429774,0,1 RHO mem=True nz=True ynz=True cond=True claim_agree=True upper=0.963382290315  CERT
958429774,0,1 T   mem=True nz=True ynz=True cond=True claim_agree=True upper=3022.72373497  CERT
FAMILY VERIFY n=7 l=1001258689 : EXCLUDED (components certified 32 / 32 ; lines 64 ; failed lines 0)
FAMILY VERIFY PASS
