FACTORIZATION: 32 irreducible factors of degree 2 over F_1000301633: OK
25479346,0,1 RHO mem=True nz=True ynz=True cond=True claim_agree=True upper=0.941424834706  CERT
25479346,0,1 T   mem=True nz=True ynz=True cond=True claim_agree=True upper=1623.09850048  CERT
36045291,0,1 RHO mem=True nz=True ynz=True cond=True claim_agree=True upper=0.926319541637  CERT
36045291,0,1 T   mem=True nz=True ynz=True cond=True claim_agree=True upper=1971.12031477  CERT
57130694,0,1 RHO mem=True nz=True ynz=True cond=True claim_agree=True upper=0.949836392925  CERT
57130694,0,1 T   mem=True nz=True ynz=True cond=True claim_agree=True upper=2442.24767227  CERT
73858685,0,1 RHO mem=True nz=True ynz=True cond=True claim_agree=True upper=0.917197376389  CERT
73858685,0,1 T   mem=True nz=True ynz=True cond=True claim_agree=True upper=2984.75742550  CERT
121612180,0,1 RHO mem=True nz=True ynz=True cond=True claim_agree=True upper=0.927274327427  CERT
121612180,0,1 T   mem=True nz=True ynz=True cond=True claim_agree=True upper=2557.25293263  CERT
139432776,0,1 RHO mem=True nz=True ynz=True cond=True claim_agree=True upper=0.961140888476  CERT
139432776,0,1 T   mem=True nz=True ynz=True cond=True claim_agree=True upper=3013.00922497  CERT
150737987,0,1 RHO mem=True nz=True ynz=True cond=True claim_agree=True upper=0.949836392925  CERT
150737987,0,1 T   mem=True nz=True ynz=True cond=True claim_agree=True upper=2531.01536001  CERT
245533264,0,1 RHO mem=True nz=True ynz=True cond=True claim_agree=True upper=0.941360902537  CERT
245533264,0,1 T   mem=True nz=True ynz=True cond=True claim_agree=True upper=1708.65639071  CERT
254658866,0,1 RHO mem=True nz=True ynz=True cond=True claim_agree=True upper=0.926319541637  CERT
254658866,0,1 T   mem=True nz=True ynz=True cond=True claim_agree=True upper=2015.58278152  CERT
275122846,0,1 RHO mem=True nz=True ynz=True cond=True claim_agree=True upper=0.910228922576  CERT
275122846,0,1 T   mem=True nz=True ynz=True cond=True claim_agree=True upper=2676.75952796  CERT
340605089,0,1 RHO mem=True nz=True ynz=True cond=True claim_agree=True upper=0.960319893589  CERT
340605089,0,1 T   mem=True nz=True ynz=True cond=True claim_agree=True upper=2303.06621441  CERT
348919893,0,1 RHO mem=True nz=True ynz=True cond=True claim_agree=True upper=0.961140888476  CERT
348919893,0,1 T   mem=True nz=True ynz=True cond=True claim_agree=True upper=2489.13539822  CERT
370703822,0,1 RHO mem=True nz=True ynz=True cond=True claim_agree=True upper=0.932860877979  CERT
370703822,0,1 T   mem=True nz=True ynz=True cond=True claim_agree=True upper=3801.84143179  CERT
378735595,0,1 RHO mem=True nz=True ynz=True cond=True claim_agree=True upper=0.917197376389  CERT
378735595,0,1 T   mem=True nz=True ynz=True cond=True claim_agree=True upper=2615.29921173  CERT
418819587,0,1 RHO mem=True nz=True ynz=True cond=True claim_agree=True upper=0.963176080938  CERT
418819587,0,1 T   mem=True nz=True ynz=True cond=True claim_agree=True upper=2163.87660864  CERT
435399567,0,1 RHO mem=True nz=True ynz=True cond=True claim_agree=True upper=0.946565058163  CERT
435399567,0,1 T   mem=True nz=True ynz=True cond=True claim_agree=True upper=2774.62554805  CERT
564902066,0,1 RHO mem=True nz=True ynz=True cond=True claim_agree=True upper=0.941424834706  CERT
564902066,0,1 T   mem=True nz=True ynz=True cond=True claim_agree=True upper=3224.86933601  CERT
581482046,0,1 RHO mem=True nz=True ynz=True cond=True claim_agree=True upper=0.910228922576  CERT
581482046,0,1 T   mem=True nz=True ynz=True cond=True claim_agree=True upper=2359.00975484  CERT
621566038,0,1 RHO mem=True nz=True ynz=True cond=True claim_agree=True upper=0.953241256656  CERT
621566038,0,1 T   mem=True nz=True ynz=True cond=True claim_agree=True upper=2525.15004398  CERT
629597811,0,1 RHO mem=True nz=True ynz=True cond=True claim_agree=True upper=0.941360902537  CERT
629597811,0,1 T   mem=True nz=True ynz=True cond=True claim_agree=True upper=2266.78199730  CERT
651381740,0,1 RHO mem=True nz=True ynz=True cond=True claim_agree=True upper=0.949888617581  CERT
651381740,0,1 T   mem=True nz=True ynz=True cond=True claim_agree=True upper=2096.25068642  CERT
659696544,0,1 RHO mem=True nz=True ynz=True cond=True claim_agree=True upper=0.927274327427  CERT
659696544,0,1 T   mem=True nz=True ynz=True cond=True claim_agree=True upper=1453.57802370  CERT
725178787,0,1 RHO mem=True nz=True ynz=True cond=True claim_agree=True upper=0.963176080938  CERT
725178787,0,1 T   mem=True nz=True ynz=True cond=True claim_agree=True upper=2615.97909912  CERT
745642767,0,1 RHO mem=True nz=True ynz=True cond=True claim_agree=True upper=0.953091234995  CERT
745642767,0,1 T   mem=True nz=True ynz=True cond=True claim_agree=True upper=2066.11431432  CERT
754768369,0,1 RHO mem=True nz=True ynz=True cond=True claim_agree=True upper=0.932860877979  CERT
754768369,0,1 T   mem=True nz=True ynz=True cond=True claim_agree=True upper=1909.72723450  CERT
849563646,0,1 RHO mem=True nz=True ynz=True cond=True claim_agree=True upper=0.946695154082  CERT
849563646,0,1 T   mem=True nz=True ynz=True cond=True claim_agree=True upper=2736.85668996  CERT
860868857,0,1 RHO mem=True nz=True ynz=True cond=True claim_agree=True upper=0.949888617581  CERT
860868857,0,1 T   mem=True nz=True ynz=True cond=True claim_agree=True upper=1858.52445168  CERT
878689453,0,1 RHO mem=True nz=True ynz=True cond=True claim_agree=True upper=0.960319893589  CERT
878689453,0,1 T   mem=True nz=True ynz=True cond=True claim_agree=True upper=2798.09964234  CERT
926442948,0,1 RHO mem=True nz=True ynz=True cond=True claim_agree=True upper=0.953241256656  CERT
926442948,0,1 T   mem=True nz=True ynz=True cond=True claim_agree=True upper=2129.19817933  CERT
943170939,0,1 RHO mem=True nz=True ynz=True cond=True claim_agree=True upper=0.946695154082  CERT
943170939,0,1 T   mem=True nz=True ynz=True cond=True claim_agree=True upper=2761.00080441  CERT
964256342,0,1 RHO mem=True nz=True ynz=True cond=True claim_agree=True upper=0.953091234995  CERT
964256342,0,1 T   mem=True nz=True ynz=True cond=True claim_agree=True upper=2449.56696842  CERT
974822287,0,1 RHO mem=True nz=True ynz=True cond=True claim_agree=True upper=0.946565058163  CERT
974822287,0,1 T   mem=True nz=True ynz=True cond=True claim_agree=True upper=1955.15362893  CERT
FAMILY VERIFY n=7 l=1000301633 : EXCLUDED (components certified 32 / 32 ; lines 64 ; failed lines 0)
FAMILY VERIFY PASS
