FACTORIZATION: 32 irreducible factors of degree 2 over F_1000879681: OK
41302486,0,1 RHO mem=True nz=True ynz=True cond=True claim_agree=True upper=0.937331926325  CERT
41302486,0,1 T   mem=True nz=True ynz=True cond=True claim_agree=True upper=2242.18482457  CERT
114166798,0,1 RHO mem=True nz=True ynz=True cond=True claim_agree=True upper=0.907047111643  CERT
114166798,0,1 T   mem=True nz=True ynz=True cond=True claim_agree=True upper=3410.17949902  CERT
123040297,0,1 RHO mem=True nz=True ynz=True cond=True claim_agree=True upper=0.945162678276  CERT
123040297,0,1 T   mem=True nz=True ynz=True cond=True claim_agree=True upper=2501.27690384  CERT
149963244,0,1 RHO mem=True nz=True ynz=True cond=True claim_agree=True upper=0.944075736747  CERT
149963244,0,1 T   mem=True nz=True ynz=True cond=True claim_agree=True upper=2087.74429900  CERT
155017309,0,1 RHO mem=True nz=True ynz=True cond=True claim_agree=True upper=0.945162678276  CERT
155017309,0,1 T   mem=True nz=True ynz=True cond=True claim_agree=True upper=1783.19460374  CERT
182091976,0,1 RHO mem=True nz=True ynz=True cond=True claim_agree=True upper=0.944075736747  CERT
182091976,0,1 T   mem=True nz=True ynz=True cond=True claim_agree=True upper=2572.01560261  CERT
183326997,0,1 RHO mem=True nz=True ynz=True cond=True claim_agree=True upper=0.931362089498  CERT
183326997,0,1 T   mem=True nz=True ynz=True cond=True claim_agree=True upper=2497.26650527  CERT
286766660,0,1 RHO mem=True nz=True ynz=True cond=True claim_agree=True upper=0.973339531809  CERT
286766660,0,1 T   mem=True nz=True ynz=True cond=True claim_agree=True upper=2798.24727136  CERT
292989842,0,1 RHO mem=True nz=True ynz=True cond=True claim_agree=True upper=0.914804381928  CERT
292989842,0,1 T   mem=True nz=True ynz=True cond=True claim_agree=True upper=2532.93698576  CERT
306419339,0,1 RHO mem=True nz=True ynz=True cond=True claim_agree=True upper=0.947353733170  CERT
306419339,0,1 T   mem=True nz=True ynz=True cond=True claim_agree=True upper=1997.50055534  CERT
313288694,0,1 RHO mem=True nz=True ynz=True cond=True claim_agree=True upper=0.907047111643  CERT
313288694,0,1 T   mem=True nz=True ynz=True cond=True claim_agree=True upper=2742.66928386  CERT
314887392,0,1 RHO mem=True nz=True ynz=True cond=True claim_agree=True upper=0.953735320346  CERT
314887392,0,1 T   mem=True nz=True ynz=True cond=True claim_agree=True upper=2934.43037916  CERT
346681798,0,1 RHO mem=True nz=True ynz=True cond=True claim_agree=True upper=0.947353733170  CERT
346681798,0,1 T   mem=True nz=True ynz=True cond=True claim_agree=True upper=2407.70806463  CERT
386524159,0,1 RHO mem=True nz=True ynz=True cond=True claim_agree=True upper=0.932448502463  CERT
386524159,0,1 T   mem=True nz=True ynz=True cond=True claim_agree=True upper=2141.48508917  CERT
421918804,0,1 RHO mem=True nz=True ynz=True cond=True claim_agree=True upper=0.911047585884  CERT
421918804,0,1 T   mem=True nz=True ynz=True cond=True claim_agree=True upper=1984.78879473  CERT
480607453,0,1 RHO mem=True nz=True ynz=True cond=True claim_agree=True upper=0.967926346184  CERT
480607453,0,1 T   mem=True nz=True ynz=True cond=True claim_agree=True upper=2832.70885733  CERT
520272228,0,1 RHO mem=True nz=True ynz=True cond=True claim_agree=True upper=0.931362089498  CERT
520272228,0,1 T   mem=True nz=True ynz=True cond=True claim_agree=True upper=2187.64641442  CERT
578960877,0,1 RHO mem=True nz=True ynz=True cond=True claim_agree=True upper=0.932448502463  CERT
578960877,0,1 T   mem=True nz=True ynz=True cond=True claim_agree=True upper=2549.40754837  CERT
614355522,0,1 RHO mem=True nz=True ynz=True cond=True claim_agree=True upper=0.911047585884  CERT
614355522,0,1 T   mem=True nz=True ynz=True cond=True claim_agree=True upper=2247.19362255  CERT
654197883,0,1 RHO mem=True nz=True ynz=True cond=True claim_agree=True upper=0.967923385587  CERT
654197883,0,1 T   mem=True nz=True ynz=True cond=True claim_agree=True upper=1927.44124048  CERT
685992289,0,1 RHO mem=True nz=True ynz=True cond=True claim_agree=True upper=0.973339531809  CERT
685992289,0,1 T   mem=True nz=True ynz=True cond=True claim_agree=True upper=3001.27291880  CERT
687590987,0,1 RHO mem=True nz=True ynz=True cond=True claim_agree=True upper=0.967203497153  CERT
687590987,0,1 T   mem=True nz=True ynz=True cond=True claim_agree=True upper=2947.57511167  CERT
694460342,0,1 RHO mem=True nz=True ynz=True cond=True claim_agree=True upper=0.967923385587  CERT
694460342,0,1 T   mem=True nz=True ynz=True cond=True claim_agree=True upper=2852.27578495  CERT
707889839,0,1 RHO mem=True nz=True ynz=True cond=True claim_agree=True upper=0.937331926325  CERT
707889839,0,1 T   mem=True nz=True ynz=True cond=True claim_agree=True upper=2846.55600199  CERT
714113021,0,1 RHO mem=True nz=True ynz=True cond=True claim_agree=True upper=0.953735320346  CERT
714113021,0,1 T   mem=True nz=True ynz=True cond=True claim_agree=True upper=2890.68488874  CERT
817552684,0,1 RHO mem=True nz=True ynz=True cond=True claim_agree=True upper=0.967926346184  CERT
817552684,0,1 T   mem=True nz=True ynz=True cond=True claim_agree=True upper=2611.62319019  CERT
818787705,0,1 RHO mem=True nz=True ynz=True cond=True claim_agree=True upper=0.935854448161  CERT
818787705,0,1 T   mem=True nz=True ynz=True cond=True claim_agree=True upper=2515.14474374  CERT
845862372,0,1 RHO mem=True nz=True ynz=True cond=True claim_agree=True upper=0.974728144073  CERT
845862372,0,1 T   mem=True nz=True ynz=True cond=True claim_agree=True upper=3500.34773432  CERT
850916437,0,1 RHO mem=True nz=True ynz=True cond=True claim_agree=True upper=0.935854448161  CERT
850916437,0,1 T   mem=True nz=True ynz=True cond=True claim_agree=True upper=2954.40681540  CERT
877839384,0,1 RHO mem=True nz=True ynz=True cond=True claim_agree=True upper=0.974728144073  CERT
877839384,0,1 T   mem=True nz=True ynz=True cond=True claim_agree=True upper=3307.60303155  CERT
886712883,0,1 RHO mem=True nz=True ynz=True cond=True claim_agree=True upper=0.967203497153  CERT
886712883,0,1 T   mem=True nz=True ynz=True cond=True claim_agree=True upper=2968.35920007  CERT
959577195,0,1 RHO mem=True nz=True ynz=True cond=True claim_agree=True upper=0.914804381928  CERT
959577195,0,1 T   mem=True nz=True ynz=True cond=True claim_agree=True upper=2300.82077559  CERT
FAMILY VERIFY n=7 l=1000879681 : EXCLUDED (components certified 32 / 32 ; lines 64 ; failed lines 0)
FAMILY VERIFY PASS
