FACTORIZATION: 32 irreducible factors of degree 2 over F_1000510529: OK
49111721,0,1 RHO mem=True nz=True ynz=True cond=True claim_agree=True upper=0.965344792136  CERT
49111721,0,1 T   mem=True nz=True ynz=True cond=True claim_agree=True upper=2502.47530237  CERT
63407743,0,1 RHO mem=True nz=True ynz=True cond=True claim_agree=True upper=0.962816684938  CERT
63407743,0,1 T   mem=True nz=True ynz=True cond=True claim_agree=True upper=2800.65728410  CERT
73002295,0,1 RHO mem=True nz=True ynz=True cond=True claim_agree=True upper=0.963939104887  CERT
73002295,0,1 T   mem=True nz=True ynz=True cond=True claim_agree=True upper=3419.05279437  CERT
111761367,0,1 RHO mem=True nz=True ynz=True cond=True claim_agree=True upper=0.962816684938  CERT
111761367,0,1 T   mem=True nz=True ynz=True cond=True claim_agree=True upper=3092.25994994  CERT
122570826,0,1 RHO mem=True nz=True ynz=True cond=True claim_agree=True upper=0.952952462140  CERT
122570826,0,1 T   mem=True nz=True ynz=True cond=True claim_agree=True upper=3338.52491307  CERT
137118623,0,1 RHO mem=True nz=True ynz=True cond=True claim_agree=True upper=0.950821127153  CERT
137118623,0,1 T   mem=True nz=True ynz=True cond=True claim_agree=True upper=2922.33382590  CERT
160490695,0,1 RHO mem=True nz=True ynz=True cond=True claim_agree=True upper=0.937354981451  CERT
160490695,0,1 T   mem=True nz=True ynz=True cond=True claim_agree=True upper=2232.54519054  CERT
232294383,0,1 RHO mem=True nz=True ynz=True cond=True claim_agree=True upper=0.930630715816  CERT
232294383,0,1 T   mem=True nz=True ynz=True cond=True claim_agree=True upper=1951.01693466  CERT
244131971,0,1 RHO mem=True nz=True ynz=True cond=True claim_agree=True upper=0.930630715816  CERT
244131971,0,1 T   mem=True nz=True ynz=True cond=True claim_agree=True upper=2562.23815090  CERT
276579457,0,1 RHO mem=True nz=True ynz=True cond=True claim_agree=True upper=0.933522006752  CERT
276579457,0,1 T   mem=True nz=True ynz=True cond=True claim_agree=True upper=2004.65735395  CERT
296413887,0,1 RHO mem=True nz=True ynz=True cond=True claim_agree=True upper=0.945049160694  CERT
296413887,0,1 T   mem=True nz=True ynz=True cond=True claim_agree=True upper=2469.89181191  CERT
379548614,0,1 RHO mem=True nz=True ynz=True cond=True claim_agree=True upper=0.945049160694  CERT
379548614,0,1 T   mem=True nz=True ynz=True cond=True claim_agree=True upper=2082.65569436  CERT
418430070,0,1 RHO mem=True nz=True ynz=True cond=True claim_agree=True upper=0.901148927232  CERT
418430070,0,1 T   mem=True nz=True ynz=True cond=True claim_agree=True upper=3124.65969894  CERT
433189157,0,1 RHO mem=True nz=True ynz=True cond=True claim_agree=True upper=0.963939104887  CERT
433189157,0,1 T   mem=True nz=True ynz=True cond=True claim_agree=True upper=2599.47824654  CERT
452466209,0,1 RHO mem=True nz=True ynz=True cond=True claim_agree=True upper=0.943482283092  CERT
452466209,0,1 T   mem=True nz=True ynz=True cond=True claim_agree=True upper=2221.87364519  CERT
492027295,0,1 RHO mem=True nz=True ynz=True cond=True claim_agree=True upper=0.943482283092  CERT
492027295,0,1 T   mem=True nz=True ynz=True cond=True claim_agree=True upper=2594.31142208  CERT
508483234,0,1 RHO mem=True nz=True ynz=True cond=True claim_agree=True upper=0.921073051708  CERT
508483234,0,1 T   mem=True nz=True ynz=True cond=True claim_agree=True upper=2804.85123777  CERT
548044320,0,1 RHO mem=True nz=True ynz=True cond=True claim_agree=True upper=0.921073051708  CERT
548044320,0,1 T   mem=True nz=True ynz=True cond=True claim_agree=True upper=2523.17649062  CERT
567321372,0,1 RHO mem=True nz=True ynz=True cond=True claim_agree=True upper=0.946846818415  CERT
567321372,0,1 T   mem=True nz=True ynz=True cond=True claim_agree=True upper=2484.43249295  CERT
582080459,0,1 RHO mem=True nz=True ynz=True cond=True claim_agree=True upper=0.952952462140  CERT
582080459,0,1 T   mem=True nz=True ynz=True cond=True claim_agree=True upper=2081.80566401  CERT
620961915,0,1 RHO mem=True nz=True ynz=True cond=True claim_agree=True upper=0.943339322164  CERT
620961915,0,1 T   mem=True nz=True ynz=True cond=True claim_agree=True upper=3205.30749122  CERT
704096642,0,1 RHO mem=True nz=True ynz=True cond=True claim_agree=True upper=0.943339322164  CERT
704096642,0,1 T   mem=True nz=True ynz=True cond=True claim_agree=True upper=1868.82937394  CERT
723931072,0,1 RHO mem=True nz=True ynz=True cond=True claim_agree=True upper=0.965344792136  CERT
723931072,0,1 T   mem=True nz=True ynz=True cond=True claim_agree=True upper=2302.55843943  CERT
756378558,0,1 RHO mem=True nz=True ynz=True cond=True claim_agree=True upper=0.961478638998  CERT
756378558,0,1 T   mem=True nz=True ynz=True cond=True claim_agree=True upper=2190.70824902  CERT
768216146,0,1 RHO mem=True nz=True ynz=True cond=True claim_agree=True upper=0.961478638998  CERT
768216146,0,1 T   mem=True nz=True ynz=True cond=True claim_agree=True upper=2697.60358006  CERT
840019834,0,1 RHO mem=True nz=True ynz=True cond=True claim_agree=True upper=0.950821127153  CERT
840019834,0,1 T   mem=True nz=True ynz=True cond=True claim_agree=True upper=2258.65565862  CERT
863391906,0,1 RHO mem=True nz=True ynz=True cond=True claim_agree=True upper=0.937354981451  CERT
863391906,0,1 T   mem=True nz=True ynz=True cond=True claim_agree=True upper=2287.94486424  CERT
877939703,0,1 RHO mem=True nz=True ynz=True cond=True claim_agree=True upper=0.901148927232  CERT
877939703,0,1 T   mem=True nz=True ynz=True cond=True claim_agree=True upper=2441.72796667  CERT
888749162,0,1 RHO mem=True nz=True ynz=True cond=True claim_agree=True upper=0.935567754802  CERT
888749162,0,1 T   mem=True nz=True ynz=True cond=True claim_agree=True upper=2299.86647734  CERT
927508234,0,1 RHO mem=True nz=True ynz=True cond=True claim_agree=True upper=0.946846818415  CERT
927508234,0,1 T   mem=True nz=True ynz=True cond=True claim_agree=True upper=2635.18436749  CERT
937102786,0,1 RHO mem=True nz=True ynz=True cond=True claim_agree=True upper=0.935567754802  CERT
937102786,0,1 T   mem=True nz=True ynz=True cond=True claim_agree=True upper=2735.60667385  CERT
951398808,0,1 RHO mem=True nz=True ynz=True cond=True claim_agree=True upper=0.933522006752  CERT
951398808,0,1 T   mem=True nz=True ynz=True cond=True claim_agree=True upper=2309.51477518  CERT
FAMILY VERIFY n=7 l=1000510529 : EXCLUDED (components certified 32 / 32 ; lines 64 ; failed lines 0)
FAMILY VERIFY PASS
