FACTORIZATION: 32 irreducible factors of degree 2 over F_1000806593: OK
37306095,0,1 RHO mem=True nz=True ynz=True cond=True claim_agree=True upper=0.942928078209  CERT
37306095,0,1 T   mem=True nz=True ynz=True cond=True claim_agree=True upper=1883.26885988  CERT
75743645,0,1 RHO mem=True nz=True ynz=True cond=True claim_agree=True upper=0.956091487586  CERT
75743645,0,1 T   mem=True nz=True ynz=True cond=True claim_agree=True upper=2606.97117753  CERT
110729393,0,1 RHO mem=True nz=True ynz=True cond=True claim_agree=True upper=0.927030244804  CERT
110729393,0,1 T   mem=True nz=True ynz=True cond=True claim_agree=True upper=3114.64944899  CERT
127311404,0,1 RHO mem=True nz=True ynz=True cond=True claim_agree=True upper=0.963092281232  CERT
127311404,0,1 T   mem=True nz=True ynz=True cond=True claim_agree=True upper=2161.45989678  CERT
130074235,0,1 RHO mem=True nz=True ynz=True cond=True claim_agree=True upper=0.929534430449  CERT
130074235,0,1 T   mem=True nz=True ynz=True cond=True claim_agree=True upper=2965.84806594  CERT
157154886,0,1 RHO mem=True nz=True ynz=True cond=True claim_agree=True upper=0.971314402327  CERT
157154886,0,1 T   mem=True nz=True ynz=True cond=True claim_agree=True upper=2545.77729816  CERT
208739413,0,1 RHO mem=True nz=True ynz=True cond=True claim_agree=True upper=0.932107928569  CERT
208739413,0,1 T   mem=True nz=True ynz=True cond=True claim_agree=True upper=2336.55647344  CERT
242154033,0,1 RHO mem=True nz=True ynz=True cond=True claim_agree=True upper=0.950007871501  CERT
242154033,0,1 T   mem=True nz=True ynz=True cond=True claim_agree=True upper=2789.09253604  CERT
333086329,0,1 RHO mem=True nz=True ynz=True cond=True claim_agree=True upper=0.950007871501  CERT
333086329,0,1 T   mem=True nz=True ynz=True cond=True claim_agree=True upper=2614.84473571  CERT
348128714,0,1 RHO mem=True nz=True ynz=True cond=True claim_agree=True upper=0.932107928569  CERT
348128714,0,1 T   mem=True nz=True ynz=True cond=True claim_agree=True upper=2265.91045751  CERT
351006176,0,1 RHO mem=True nz=True ynz=True cond=True claim_agree=True upper=0.929534430449  CERT
351006176,0,1 T   mem=True nz=True ynz=True cond=True claim_agree=True upper=2765.77880736  CERT
399543396,0,1 RHO mem=True nz=True ynz=True cond=True claim_agree=True upper=0.956091487586  CERT
399543396,0,1 T   mem=True nz=True ynz=True cond=True claim_agree=True upper=2589.70771579  CERT
445092031,0,1 RHO mem=True nz=True ynz=True cond=True claim_agree=True upper=0.895802990580  CERT
445092031,0,1 T   mem=True nz=True ynz=True cond=True claim_agree=True upper=1851.14698433  CERT
469673551,0,1 RHO mem=True nz=True ynz=True cond=True claim_agree=True upper=0.935725060232  CERT
469673551,0,1 T   mem=True nz=True ynz=True cond=True claim_agree=True upper=2561.30033462  CERT
490274659,0,1 RHO mem=True nz=True ynz=True cond=True claim_agree=True upper=0.971314402327  CERT
490274659,0,1 T   mem=True nz=True ynz=True cond=True claim_agree=True upper=2287.73018052  CERT
495009102,0,1 RHO mem=True nz=True ynz=True cond=True claim_agree=True upper=0.952945039583  CERT
495009102,0,1 T   mem=True nz=True ynz=True cond=True claim_agree=True upper=2428.64944944  CERT
505797491,0,1 RHO mem=True nz=True ynz=True cond=True claim_agree=True upper=0.963092281232  CERT
505797491,0,1 T   mem=True nz=True ynz=True cond=True claim_agree=True upper=1917.61401698  CERT
510531934,0,1 RHO mem=True nz=True ynz=True cond=True claim_agree=True upper=0.911534628206  CERT
510531934,0,1 T   mem=True nz=True ynz=True cond=True claim_agree=True upper=1644.90522951  CERT
531133042,0,1 RHO mem=True nz=True ynz=True cond=True claim_agree=True upper=0.895802990580  CERT
531133042,0,1 T   mem=True nz=True ynz=True cond=True claim_agree=True upper=1548.64034610  CERT
555714562,0,1 RHO mem=True nz=True ynz=True cond=True claim_agree=True upper=0.935725060232  CERT
555714562,0,1 T   mem=True nz=True ynz=True cond=True claim_agree=True upper=2608.29950533  CERT
601263197,0,1 RHO mem=True nz=True ynz=True cond=True claim_agree=True upper=0.928995413743  CERT
601263197,0,1 T   mem=True nz=True ynz=True cond=True claim_agree=True upper=2423.92658759  CERT
649800417,0,1 RHO mem=True nz=True ynz=True cond=True claim_agree=True upper=0.942850195136  CERT
649800417,0,1 T   mem=True nz=True ynz=True cond=True claim_agree=True upper=2573.32333683  CERT
652677879,0,1 RHO mem=True nz=True ynz=True cond=True claim_agree=True upper=0.949654472242  CERT
652677879,0,1 T   mem=True nz=True ynz=True cond=True claim_agree=True upper=2782.64536196  CERT
667720264,0,1 RHO mem=True nz=True ynz=True cond=True claim_agree=True upper=0.941867788061  CERT
667720264,0,1 T   mem=True nz=True ynz=True cond=True claim_agree=True upper=2652.67790885  CERT
758652560,0,1 RHO mem=True nz=True ynz=True cond=True claim_agree=True upper=0.941867788061  CERT
758652560,0,1 T   mem=True nz=True ynz=True cond=True claim_agree=True upper=2206.86408186  CERT
792067180,0,1 RHO mem=True nz=True ynz=True cond=True claim_agree=True upper=0.949654472242  CERT
792067180,0,1 T   mem=True nz=True ynz=True cond=True claim_agree=True upper=2544.25829782  CERT
843651707,0,1 RHO mem=True nz=True ynz=True cond=True claim_agree=True upper=0.911534628206  CERT
843651707,0,1 T   mem=True nz=True ynz=True cond=True claim_agree=True upper=1928.58671000  CERT
870732358,0,1 RHO mem=True nz=True ynz=True cond=True claim_agree=True upper=0.942850195136  CERT
870732358,0,1 T   mem=True nz=True ynz=True cond=True claim_agree=True upper=2763.79897876  CERT
873495189,0,1 RHO mem=True nz=True ynz=True cond=True claim_agree=True upper=0.952945039583  CERT
873495189,0,1 T   mem=True nz=True ynz=True cond=True claim_agree=True upper=3557.60319894  CERT
890077200,0,1 RHO mem=True nz=True ynz=True cond=True claim_agree=True upper=0.942928078209  CERT
890077200,0,1 T   mem=True nz=True ynz=True cond=True claim_agree=True upper=2328.93026284  CERT
925062948,0,1 RHO mem=True nz=True ynz=True cond=True claim_agree=True upper=0.928995413743  CERT
925062948,0,1 T   mem=True nz=True ynz=True cond=True claim_agree=True upper=2952.35175080  CERT
963500498,0,1 RHO mem=True nz=True ynz=True cond=True claim_agree=True upper=0.927030244804  CERT
963500498,0,1 T   mem=True nz=True ynz=True cond=True claim_agree=True upper=1647.88558215  CERT
FAMILY VERIFY n=7 l=1000806593 : EXCLUDED (components certified 32 / 32 ; lines 64 ; failed lines 0)
FAMILY VERIFY PASS
