FACTORIZATION: 32 irreducible factors of degree 2 over F_1001280961: OK
26824229,0,1 RHO mem=True nz=True ynz=True cond=True claim_agree=True upper=0.910146022712  CERT
26824229,0,1 T   mem=True nz=True ynz=True cond=True claim_agree=True upper=3218.23137561  CERT
37757489,0,1 RHO mem=True nz=True ynz=True cond=True claim_agree=True upper=0.893163155974  CERT
37757489,0,1 T   mem=True nz=True ynz=True cond=True claim_agree=True upper=2713.71316694  CERT
43129701,0,1 RHO mem=True nz=True ynz=True cond=True claim_agree=True upper=0.887767892371  CERT
43129701,0,1 T   mem=True nz=True ynz=True cond=True claim_agree=True upper=2614.61244897  CERT
47312354,0,1 RHO mem=True nz=True ynz=True cond=True claim_agree=True upper=0.896558664836  CERT
47312354,0,1 T   mem=True nz=True ynz=True cond=True claim_agree=True upper=2868.36366234  CERT
48784491,0,1 RHO mem=True nz=True ynz=True cond=True claim_agree=True upper=0.887627955177  CERT
48784491,0,1 T   mem=True nz=True ynz=True cond=True claim_agree=True upper=2506.54726143  CERT
52827919,0,1 RHO mem=True nz=True ynz=True cond=True claim_agree=True upper=0.903735585246  CERT
52827919,0,1 T   mem=True nz=True ynz=True cond=True claim_agree=True upper=2212.98275852  CERT
109591360,0,1 RHO mem=True nz=True ynz=True cond=True claim_agree=True upper=0.887627955177  CERT
109591360,0,1 T   mem=True nz=True ynz=True cond=True claim_agree=True upper=2417.92158685  CERT
157452353,0,1 RHO mem=True nz=True ynz=True cond=True claim_agree=True upper=0.891844726119  CERT
157452353,0,1 T   mem=True nz=True ynz=True cond=True claim_agree=True upper=2157.12829695  CERT
189555642,0,1 RHO mem=True nz=True ynz=True cond=True claim_agree=True upper=0.907133560790  CERT
189555642,0,1 T   mem=True nz=True ynz=True cond=True claim_agree=True upper=2372.29556218  CERT
258415512,0,1 RHO mem=True nz=True ynz=True cond=True claim_agree=True upper=0.909126962119  CERT
258415512,0,1 T   mem=True nz=True ynz=True cond=True claim_agree=True upper=1868.67036996  CERT
297942490,0,1 RHO mem=True nz=True ynz=True cond=True claim_agree=True upper=0.916302405553  CERT
297942490,0,1 T   mem=True nz=True ynz=True cond=True claim_agree=True upper=2620.99022769  CERT
343932421,0,1 RHO mem=True nz=True ynz=True cond=True claim_agree=True upper=0.910704610289  CERT
343932421,0,1 T   mem=True nz=True ynz=True cond=True claim_agree=True upper=2007.73954519  CERT
383453759,0,1 RHO mem=True nz=True ynz=True cond=True claim_agree=True upper=0.941427675069  CERT
383453759,0,1 T   mem=True nz=True ynz=True cond=True claim_agree=True upper=2090.10210073  CERT
446680240,0,1 RHO mem=True nz=True ynz=True cond=True claim_agree=True upper=0.891844726119  CERT
446680240,0,1 T   mem=True nz=True ynz=True cond=True claim_agree=True upper=2873.60907630  CERT
465948365,0,1 RHO mem=True nz=True ynz=True cond=True claim_agree=True upper=0.862403103096  CERT
465948365,0,1 T   mem=True nz=True ynz=True cond=True claim_agree=True upper=3182.79920966  CERT
490393839,0,1 RHO mem=True nz=True ynz=True cond=True claim_agree=True upper=0.910663814554  CERT
490393839,0,1 T   mem=True nz=True ynz=True cond=True claim_agree=True upper=2957.37767680  CERT
510887122,0,1 RHO mem=True nz=True ynz=True cond=True claim_agree=True upper=0.893163155974  CERT
510887122,0,1 T   mem=True nz=True ynz=True cond=True claim_agree=True upper=3318.29255218  CERT
535332596,0,1 RHO mem=True nz=True ynz=True cond=True claim_agree=True upper=0.941427675069  CERT
535332596,0,1 T   mem=True nz=True ynz=True cond=True claim_agree=True upper=2513.79174267  CERT
554600721,0,1 RHO mem=True nz=True ynz=True cond=True claim_agree=True upper=0.915308270520  CERT
554600721,0,1 T   mem=True nz=True ynz=True cond=True claim_agree=True upper=2872.20293473  CERT
617827202,0,1 RHO mem=True nz=True ynz=True cond=True claim_agree=True upper=0.862403103096  CERT
617827202,0,1 T   mem=True nz=True ynz=True cond=True claim_agree=True upper=2047.13032434  CERT
657348540,0,1 RHO mem=True nz=True ynz=True cond=True claim_agree=True upper=0.896558664836  CERT
657348540,0,1 T   mem=True nz=True ynz=True cond=True claim_agree=True upper=2897.22361400  CERT
703338471,0,1 RHO mem=True nz=True ynz=True cond=True claim_agree=True upper=0.887767892371  CERT
703338471,0,1 T   mem=True nz=True ynz=True cond=True claim_agree=True upper=2614.96638134  CERT
742865449,0,1 RHO mem=True nz=True ynz=True cond=True claim_agree=True upper=0.903735585246  CERT
742865449,0,1 T   mem=True nz=True ynz=True cond=True claim_agree=True upper=2670.57709143  CERT
811725319,0,1 RHO mem=True nz=True ynz=True cond=True claim_agree=True upper=0.910146022712  CERT
811725319,0,1 T   mem=True nz=True ynz=True cond=True claim_agree=True upper=2302.80461900  CERT
843828608,0,1 RHO mem=True nz=True ynz=True cond=True claim_agree=True upper=0.915308270520  CERT
843828608,0,1 T   mem=True nz=True ynz=True cond=True claim_agree=True upper=2647.83691642  CERT
891689601,0,1 RHO mem=True nz=True ynz=True cond=True claim_agree=True upper=0.928100910348  CERT
891689601,0,1 T   mem=True nz=True ynz=True cond=True claim_agree=True upper=2078.17219027  CERT
948453042,0,1 RHO mem=True nz=True ynz=True cond=True claim_agree=True upper=0.909126962119  CERT
948453042,0,1 T   mem=True nz=True ynz=True cond=True claim_agree=True upper=3223.48922336  CERT
952496470,0,1 RHO mem=True nz=True ynz=True cond=True claim_agree=True upper=0.928100910348  CERT
952496470,0,1 T   mem=True nz=True ynz=True cond=True claim_agree=True upper=2912.98878345  CERT
953968607,0,1 RHO mem=True nz=True ynz=True cond=True claim_agree=True upper=0.910704610289  CERT
953968607,0,1 T   mem=True nz=True ynz=True cond=True claim_agree=True upper=2747.20401165  CERT
958151260,0,1 RHO mem=True nz=True ynz=True cond=True claim_agree=True upper=0.916302405553  CERT
958151260,0,1 T   mem=True nz=True ynz=True cond=True claim_agree=True upper=2933.20204634  CERT
963523472,0,1 RHO mem=True nz=True ynz=True cond=True claim_agree=True upper=0.910663814554  CERT
963523472,0,1 T   mem=True nz=True ynz=True cond=True claim_agree=True upper=2245.06010701  CERT
974456732,0,1 RHO mem=True nz=True ynz=True cond=True claim_agree=True upper=0.907133560790  CERT
974456732,0,1 T   mem=True nz=True ynz=True cond=True claim_agree=True upper=2139.95797003  CERT
FAMILY VERIFY n=7 l=1001280961 : EXCLUDED (components certified 32 / 32 ; lines 64 ; failed lines 0)
FAMILY VERIFY PASS
