FACTORIZATION: 32 irreducible factors of degree 2 over F_1001204801: OK
22122663,0,1 RHO mem=True nz=True ynz=True cond=True claim_agree=True upper=0.937950789755  CERT
22122663,0,1 T   mem=True nz=True ynz=True cond=True claim_agree=True upper=2108.57258385  CERT
40448573,0,1 RHO mem=True nz=True ynz=True cond=True claim_agree=True upper=0.960260294941  CERT
40448573,0,1 T   mem=True nz=True ynz=True cond=True claim_agree=True upper=2366.25248543  CERT
54597217,0,1 RHO mem=True nz=True ynz=True cond=True claim_agree=True upper=0.959849273529  CERT
54597217,0,1 T   mem=True nz=True ynz=True cond=True claim_agree=True upper=2588.02452069  CERT
148111909,0,1 RHO mem=True nz=True ynz=True cond=True claim_agree=True upper=0.918398593361  CERT
148111909,0,1 T   mem=True nz=True ynz=True cond=True claim_agree=True upper=2142.93782029  CERT
155777171,0,1 RHO mem=True nz=True ynz=True cond=True claim_agree=True upper=0.960260294941  CERT
155777171,0,1 T   mem=True nz=True ynz=True cond=True claim_agree=True upper=2897.37317267  CERT
163302684,0,1 RHO mem=True nz=True ynz=True cond=True claim_agree=True upper=0.929803446846  CERT
163302684,0,1 T   mem=True nz=True ynz=True cond=True claim_agree=True upper=2801.07906006  CERT
166984442,0,1 RHO mem=True nz=True ynz=True cond=True claim_agree=True upper=0.942088143833  CERT
166984442,0,1 T   mem=True nz=True ynz=True cond=True claim_agree=True upper=2385.30357362  CERT
176922093,0,1 RHO mem=True nz=True ynz=True cond=True claim_agree=True upper=0.918398593361  CERT
176922093,0,1 T   mem=True nz=True ynz=True cond=True claim_agree=True upper=2184.34834014  CERT
239709497,0,1 RHO mem=True nz=True ynz=True cond=True claim_agree=True upper=0.965131461677  CERT
239709497,0,1 T   mem=True nz=True ynz=True cond=True claim_agree=True upper=2671.03446466  CERT
246579109,0,1 RHO mem=True nz=True ynz=True cond=True claim_agree=True upper=0.960977295244  CERT
246579109,0,1 T   mem=True nz=True ynz=True cond=True claim_agree=True upper=2528.28815187  CERT
373496387,0,1 RHO mem=True nz=True ynz=True cond=True claim_agree=True upper=0.960977295244  CERT
373496387,0,1 T   mem=True nz=True ynz=True cond=True claim_agree=True upper=2475.24389480  CERT
384491055,0,1 RHO mem=True nz=True ynz=True cond=True claim_agree=True upper=0.908367061191  CERT
384491055,0,1 T   mem=True nz=True ynz=True cond=True claim_agree=True upper=2063.24823558  CERT
419373648,0,1 RHO mem=True nz=True ynz=True cond=True claim_agree=True upper=0.929803446846  CERT
419373648,0,1 T   mem=True nz=True ynz=True cond=True claim_agree=True upper=2288.97710570  CERT
424421396,0,1 RHO mem=True nz=True ynz=True cond=True claim_agree=True upper=0.973169523006  CERT
424421396,0,1 T   mem=True nz=True ynz=True cond=True claim_agree=True upper=2626.19782407  CERT
464254804,0,1 RHO mem=True nz=True ynz=True cond=True claim_agree=True upper=0.908367061191  CERT
464254804,0,1 T   mem=True nz=True ynz=True cond=True claim_agree=True upper=1863.22942486  CERT
494013958,0,1 RHO mem=True nz=True ynz=True cond=True claim_agree=True upper=0.937950789755  CERT
494013958,0,1 T   mem=True nz=True ynz=True cond=True claim_agree=True upper=2392.65096371  CERT
507190843,0,1 RHO mem=True nz=True ynz=True cond=True claim_agree=True upper=0.947631997683  CERT
507190843,0,1 T   mem=True nz=True ynz=True cond=True claim_agree=True upper=2693.74658376  CERT
536949997,0,1 RHO mem=True nz=True ynz=True cond=True claim_agree=True upper=0.924548092896  CERT
536949997,0,1 T   mem=True nz=True ynz=True cond=True claim_agree=True upper=2347.37264786  CERT
576783405,0,1 RHO mem=True nz=True ynz=True cond=True claim_agree=True upper=0.965131461677  CERT
576783405,0,1 T   mem=True nz=True ynz=True cond=True claim_agree=True upper=2109.18722690  CERT
581831153,0,1 RHO mem=True nz=True ynz=True cond=True claim_agree=True upper=0.941802013693  CERT
581831153,0,1 T   mem=True nz=True ynz=True cond=True claim_agree=True upper=1753.41672134  CERT
616713746,0,1 RHO mem=True nz=True ynz=True cond=True claim_agree=True upper=0.924548092896  CERT
616713746,0,1 T   mem=True nz=True ynz=True cond=True claim_agree=True upper=2597.43072378  CERT
627708414,0,1 RHO mem=True nz=True ynz=True cond=True claim_agree=True upper=0.966743592866  CERT
627708414,0,1 T   mem=True nz=True ynz=True cond=True claim_agree=True upper=3025.82540163  CERT
754625692,0,1 RHO mem=True nz=True ynz=True cond=True claim_agree=True upper=0.966743592866  CERT
754625692,0,1 T   mem=True nz=True ynz=True cond=True claim_agree=True upper=2195.00811056  CERT
761495304,0,1 RHO mem=True nz=True ynz=True cond=True claim_agree=True upper=0.973116612854  CERT
761495304,0,1 T   mem=True nz=True ynz=True cond=True claim_agree=True upper=2744.33349208  CERT
824282708,0,1 RHO mem=True nz=True ynz=True cond=True claim_agree=True upper=0.945364895578  CERT
824282708,0,1 T   mem=True nz=True ynz=True cond=True claim_agree=True upper=2731.80787316  CERT
834220359,0,1 RHO mem=True nz=True ynz=True cond=True claim_agree=True upper=0.959849273529  CERT
834220359,0,1 T   mem=True nz=True ynz=True cond=True claim_agree=True upper=1684.36097260  CERT
837902117,0,1 RHO mem=True nz=True ynz=True cond=True claim_agree=True upper=0.941802013693  CERT
837902117,0,1 T   mem=True nz=True ynz=True cond=True claim_agree=True upper=2183.14006435  CERT
845427630,0,1 RHO mem=True nz=True ynz=True cond=True claim_agree=True upper=0.968587127423  CERT
845427630,0,1 T   mem=True nz=True ynz=True cond=True claim_agree=True upper=2428.01469038  CERT
853092892,0,1 RHO mem=True nz=True ynz=True cond=True claim_agree=True upper=0.945364895578  CERT
853092892,0,1 T   mem=True nz=True ynz=True cond=True claim_agree=True upper=2006.78960077  CERT
946607584,0,1 RHO mem=True nz=True ynz=True cond=True claim_agree=True upper=0.942088143833  CERT
946607584,0,1 T   mem=True nz=True ynz=True cond=True claim_agree=True upper=2427.91826199  CERT
960756228,0,1 RHO mem=True nz=True ynz=True cond=True claim_agree=True upper=0.966145860652  CERT
960756228,0,1 T   mem=True nz=True ynz=True cond=True claim_agree=True upper=2264.77744048  CERT
979082138,0,1 RHO mem=True nz=True ynz=True cond=True claim_agree=True upper=0.947631997683  CERT
979082138,0,1 T   mem=True nz=True ynz=True cond=True claim_agree=True upper=1955.83826190  CERT
FAMILY VERIFY n=7 l=1001204801 : EXCLUDED (components certified 32 / 32 ; lines 64 ; failed lines 0)
FAMILY VERIFY PASS
