FACTORIZATION: 32 irreducible factors of degree 2 over F_1001193409: OK
20102279,0,1 RHO mem=True nz=True ynz=True cond=True claim_agree=True upper=0.977709483034  CERT
20102279,0,1 T   mem=True nz=True ynz=True cond=True claim_agree=True upper=2749.03142195  CERT
61417060,0,1 RHO mem=True nz=True ynz=True cond=True claim_agree=True upper=0.957482538367  CERT
61417060,0,1 T   mem=True nz=True ynz=True cond=True claim_agree=True upper=2448.41197177  CERT
66711838,0,1 RHO mem=True nz=True ynz=True cond=True claim_agree=True upper=0.944771694786  CERT
66711838,0,1 T   mem=True nz=True ynz=True cond=True claim_agree=True upper=1934.62570054  CERT
77272400,0,1 RHO mem=True nz=True ynz=True cond=True claim_agree=True upper=0.928925938365  CERT
77272400,0,1 T   mem=True nz=True ynz=True cond=True claim_agree=True upper=2281.86969575  CERT
92406975,0,1 RHO mem=True nz=True ynz=True cond=True claim_agree=True upper=0.963938640837  CERT
92406975,0,1 T   mem=True nz=True ynz=True cond=True claim_agree=True upper=2407.66707706  CERT
118524485,0,1 RHO mem=True nz=True ynz=True cond=True claim_agree=True upper=0.939333064381  CERT
118524485,0,1 T   mem=True nz=True ynz=True cond=True claim_agree=True upper=2631.63566257  CERT
232800893,0,1 RHO mem=True nz=True ynz=True cond=True claim_agree=True upper=0.983278888671  CERT
232800893,0,1 T   mem=True nz=True ynz=True cond=True claim_agree=True upper=2755.76817378  CERT
309289767,0,1 RHO mem=True nz=True ynz=True cond=True claim_agree=True upper=0.967519295098  CERT
309289767,0,1 T   mem=True nz=True ynz=True cond=True claim_agree=True upper=2699.81050145  CERT
340722508,0,1 RHO mem=True nz=True ynz=True cond=True claim_agree=True upper=0.957482538367  CERT
340722508,0,1 T   mem=True nz=True ynz=True cond=True claim_agree=True upper=2218.40041370  CERT
346497404,0,1 RHO mem=True nz=True ynz=True cond=True claim_agree=True upper=0.963938640837  CERT
346497404,0,1 T   mem=True nz=True ynz=True cond=True claim_agree=True upper=2805.22348983  CERT
348836603,0,1 RHO mem=True nz=True ynz=True cond=True claim_agree=True upper=0.928925938365  CERT
348836603,0,1 T   mem=True nz=True ynz=True cond=True claim_agree=True upper=2119.38631858  CERT
374367057,0,1 RHO mem=True nz=True ynz=True cond=True claim_agree=True upper=0.964363917224  CERT
374367057,0,1 T   mem=True nz=True ynz=True cond=True claim_agree=True upper=2187.85219075  CERT
426641511,0,1 RHO mem=True nz=True ynz=True cond=True claim_agree=True upper=0.944771694786  CERT
426641511,0,1 T   mem=True nz=True ynz=True cond=True claim_agree=True upper=2570.79308423  CERT
468178475,0,1 RHO mem=True nz=True ynz=True cond=True claim_agree=True upper=0.977709483034  CERT
468178475,0,1 T   mem=True nz=True ynz=True cond=True claim_agree=True upper=3417.50048949  CERT
494686294,0,1 RHO mem=True nz=True ynz=True cond=True claim_agree=True upper=0.967519295098  CERT
494686294,0,1 T   mem=True nz=True ynz=True cond=True claim_agree=True upper=2916.76743709  CERT
499473247,0,1 RHO mem=True nz=True ynz=True cond=True claim_agree=True upper=0.913104238958  CERT
499473247,0,1 T   mem=True nz=True ynz=True cond=True claim_agree=True upper=2332.14254904  CERT
501720162,0,1 RHO mem=True nz=True ynz=True cond=True claim_agree=True upper=0.939333064381  CERT
501720162,0,1 T   mem=True nz=True ynz=True cond=True claim_agree=True upper=2310.11216297  CERT
506507115,0,1 RHO mem=True nz=True ynz=True cond=True claim_agree=True upper=0.959144972066  CERT
506507115,0,1 T   mem=True nz=True ynz=True cond=True claim_agree=True upper=2466.21302033  CERT
533014934,0,1 RHO mem=True nz=True ynz=True cond=True claim_agree=True upper=0.981857529768  CERT
533014934,0,1 T   mem=True nz=True ynz=True cond=True claim_agree=True upper=2264.13839199  CERT
574551898,0,1 RHO mem=True nz=True ynz=True cond=True claim_agree=True upper=0.975606063441  CERT
574551898,0,1 T   mem=True nz=True ynz=True cond=True claim_agree=True upper=2767.76662163  CERT
626826352,0,1 RHO mem=True nz=True ynz=True cond=True claim_agree=True upper=0.959007638883  CERT
626826352,0,1 T   mem=True nz=True ynz=True cond=True claim_agree=True upper=1868.21251658  CERT
652356806,0,1 RHO mem=True nz=True ynz=True cond=True claim_agree=True upper=0.951009311496  CERT
652356806,0,1 T   mem=True nz=True ynz=True cond=True claim_agree=True upper=2398.88137766  CERT
654696005,0,1 RHO mem=True nz=True ynz=True cond=True claim_agree=True upper=0.972126048527  CERT
654696005,0,1 T   mem=True nz=True ynz=True cond=True claim_agree=True upper=2836.97159783  CERT
660470901,0,1 RHO mem=True nz=True ynz=True cond=True claim_agree=True upper=0.968828873034  CERT
660470901,0,1 T   mem=True nz=True ynz=True cond=True claim_agree=True upper=2295.21485598  CERT
691903642,0,1 RHO mem=True nz=True ynz=True cond=True claim_agree=True upper=0.959144972066  CERT
691903642,0,1 T   mem=True nz=True ynz=True cond=True claim_agree=True upper=2466.31803696  CERT
768392516,0,1 RHO mem=True nz=True ynz=True cond=True claim_agree=True upper=0.959007638883  CERT
768392516,0,1 T   mem=True nz=True ynz=True cond=True claim_agree=True upper=2242.44181015  CERT
882668924,0,1 RHO mem=True nz=True ynz=True cond=True claim_agree=True upper=0.913104238958  CERT
882668924,0,1 T   mem=True nz=True ynz=True cond=True claim_agree=True upper=2376.85528170  CERT
908786434,0,1 RHO mem=True nz=True ynz=True cond=True claim_agree=True upper=0.972126048527  CERT
908786434,0,1 T   mem=True nz=True ynz=True cond=True claim_agree=True upper=2322.87390076  CERT
923921009,0,1 RHO mem=True nz=True ynz=True cond=True claim_agree=True upper=0.951009311496  CERT
923921009,0,1 T   mem=True nz=True ynz=True cond=True claim_agree=True upper=2074.95327322  CERT
934481571,0,1 RHO mem=True nz=True ynz=True cond=True claim_agree=True upper=0.975606063441  CERT
934481571,0,1 T   mem=True nz=True ynz=True cond=True claim_agree=True upper=1960.65428394  CERT
939776349,0,1 RHO mem=True nz=True ynz=True cond=True claim_agree=True upper=0.968828873034  CERT
939776349,0,1 T   mem=True nz=True ynz=True cond=True claim_agree=True upper=2175.15283694  CERT
981091130,0,1 RHO mem=True nz=True ynz=True cond=True claim_agree=True upper=0.981857529768  CERT
981091130,0,1 T   mem=True nz=True ynz=True cond=True claim_agree=True upper=2994.61190234  CERT
FAMILY VERIFY n=7 l=1001193409 : EXCLUDED (components certified 32 / 32 ; lines 64 ; failed lines 0)
FAMILY VERIFY PASS
