FACTORIZATION: 32 irreducible factors of degree 2 over F_1000371649: OK
3798353,0,1 RHO mem=True nz=True ynz=True cond=True claim_agree=True upper=0.929239105753  CERT
3798353,0,1 T   mem=True nz=True ynz=True cond=True claim_agree=True upper=2689.16213509  CERT
62269824,0,1 RHO mem=True nz=True ynz=True cond=True claim_agree=True upper=0.898713615497  CERT
62269824,0,1 T   mem=True nz=True ynz=True cond=True claim_agree=True upper=2205.71079718  CERT
70742343,0,1 RHO mem=True nz=True ynz=True cond=True claim_agree=True upper=0.930895563553  CERT
70742343,0,1 T   mem=True nz=True ynz=True cond=True claim_agree=True upper=2364.38766206  CERT
93195264,0,1 RHO mem=True nz=True ynz=True cond=True claim_agree=True upper=0.901706054092  CERT
93195264,0,1 T   mem=True nz=True ynz=True cond=True claim_agree=True upper=2033.49323475  CERT
106348485,0,1 RHO mem=True nz=True ynz=True cond=True claim_agree=True upper=0.930895563553  CERT
106348485,0,1 T   mem=True nz=True ynz=True cond=True claim_agree=True upper=1893.25750668  CERT
106584912,0,1 RHO mem=True nz=True ynz=True cond=True claim_agree=True upper=0.943640159747  CERT
106584912,0,1 T   mem=True nz=True ynz=True cond=True claim_agree=True upper=2110.18618103  CERT
149551285,0,1 RHO mem=True nz=True ynz=True cond=True claim_agree=True upper=0.885098195011  CERT
149551285,0,1 T   mem=True nz=True ynz=True cond=True claim_agree=True upper=1895.02816789  CERT
260019177,0,1 RHO mem=True nz=True ynz=True cond=True claim_agree=True upper=0.882360809382  CERT
260019177,0,1 T   mem=True nz=True ynz=True cond=True claim_agree=True upper=1911.67015958  CERT
271677461,0,1 RHO mem=True nz=True ynz=True cond=True claim_agree=True upper=0.949646177037  CERT
271677461,0,1 T   mem=True nz=True ynz=True cond=True claim_agree=True upper=2495.77336576  CERT
295047746,0,1 RHO mem=True nz=True ynz=True cond=True claim_agree=True upper=0.908659576486  CERT
295047746,0,1 T   mem=True nz=True ynz=True cond=True claim_agree=True upper=2564.03661869  CERT
309577401,0,1 RHO mem=True nz=True ynz=True cond=True claim_agree=True upper=0.895843944610  CERT
309577401,0,1 T   mem=True nz=True ynz=True cond=True claim_agree=True upper=1940.39081866  CERT
321858447,0,1 RHO mem=True nz=True ynz=True cond=True claim_agree=True upper=0.898713615497  CERT
321858447,0,1 T   mem=True nz=True ynz=True cond=True claim_agree=True upper=1810.13855345  CERT
334904578,0,1 RHO mem=True nz=True ynz=True cond=True claim_agree=True upper=0.883086513785  CERT
334904578,0,1 T   mem=True nz=True ynz=True cond=True claim_agree=True upper=1574.70893927  CERT
349845763,0,1 RHO mem=True nz=True ynz=True cond=True claim_agree=True upper=0.885098195011  CERT
349845763,0,1 T   mem=True nz=True ynz=True cond=True claim_agree=True upper=2065.93812424  CERT
392217562,0,1 RHO mem=True nz=True ynz=True cond=True claim_agree=True upper=0.934974746680  CERT
392217562,0,1 T   mem=True nz=True ynz=True cond=True claim_agree=True upper=2161.15025589  CERT
453293353,0,1 RHO mem=True nz=True ynz=True cond=True claim_agree=True upper=0.850028381763  CERT
453293353,0,1 T   mem=True nz=True ynz=True cond=True claim_agree=True upper=1663.49453228  CERT
547078296,0,1 RHO mem=True nz=True ynz=True cond=True claim_agree=True upper=0.934974746680  CERT
547078296,0,1 T   mem=True nz=True ynz=True cond=True claim_agree=True upper=2550.78012810  CERT
608154087,0,1 RHO mem=True nz=True ynz=True cond=True claim_agree=True upper=0.850028381763  CERT
608154087,0,1 T   mem=True nz=True ynz=True cond=True claim_agree=True upper=2185.98362883  CERT
650525886,0,1 RHO mem=True nz=True ynz=True cond=True claim_agree=True upper=0.926289807634  CERT
650525886,0,1 T   mem=True nz=True ynz=True cond=True claim_agree=True upper=2810.19322873  CERT
665467071,0,1 RHO mem=True nz=True ynz=True cond=True claim_agree=True upper=0.895843944610  CERT
665467071,0,1 T   mem=True nz=True ynz=True cond=True claim_agree=True upper=2358.86428314  CERT
678513202,0,1 RHO mem=True nz=True ynz=True cond=True claim_agree=True upper=0.938789570567  CERT
678513202,0,1 T   mem=True nz=True ynz=True cond=True claim_agree=True upper=2333.15128331  CERT
690794248,0,1 RHO mem=True nz=True ynz=True cond=True claim_agree=True upper=0.883086513785  CERT
690794248,0,1 T   mem=True nz=True ynz=True cond=True claim_agree=True upper=2243.60536047  CERT
705323903,0,1 RHO mem=True nz=True ynz=True cond=True claim_agree=True upper=0.949646177037  CERT
705323903,0,1 T   mem=True nz=True ynz=True cond=True claim_agree=True upper=2672.06675442  CERT
728694188,0,1 RHO mem=True nz=True ynz=True cond=True claim_agree=True upper=0.908659576486  CERT
728694188,0,1 T   mem=True nz=True ynz=True cond=True claim_agree=True upper=2854.41187067  CERT
740352472,0,1 RHO mem=True nz=True ynz=True cond=True claim_agree=True upper=0.943640159747  CERT
740352472,0,1 T   mem=True nz=True ynz=True cond=True claim_agree=True upper=2587.40051513  CERT
850820364,0,1 RHO mem=True nz=True ynz=True cond=True claim_agree=True upper=0.926289807634  CERT
850820364,0,1 T   mem=True nz=True ynz=True cond=True claim_agree=True upper=2575.01130881  CERT
893786737,0,1 RHO mem=True nz=True ynz=True cond=True claim_agree=True upper=0.882360809382  CERT
893786737,0,1 T   mem=True nz=True ynz=True cond=True claim_agree=True upper=2077.48676586  CERT
894023164,0,1 RHO mem=True nz=True ynz=True cond=True claim_agree=True upper=0.885626283925  CERT
894023164,0,1 T   mem=True nz=True ynz=True cond=True claim_agree=True upper=1825.18601497  CERT
907176385,0,1 RHO mem=True nz=True ynz=True cond=True claim_agree=True upper=0.929239105753  CERT
907176385,0,1 T   mem=True nz=True ynz=True cond=True claim_agree=True upper=2344.03193826  CERT
929629306,0,1 RHO mem=True nz=True ynz=True cond=True claim_agree=True upper=0.885626283925  CERT
929629306,0,1 T   mem=True nz=True ynz=True cond=True claim_agree=True upper=2029.47553099  CERT
938101825,0,1 RHO mem=True nz=True ynz=True cond=True claim_agree=True upper=0.938789570567  CERT
938101825,0,1 T   mem=True nz=True ynz=True cond=True claim_agree=True upper=2739.27692769  CERT
996573296,0,1 RHO mem=True nz=True ynz=True cond=True claim_agree=True upper=0.901706054092  CERT
996573296,0,1 T   mem=True nz=True ynz=True cond=True claim_agree=True upper=2375.38778645  CERT
FAMILY VERIFY n=7 l=1000371649 : EXCLUDED (components certified 32 / 32 ; lines 64 ; failed lines 0)
FAMILY VERIFY PASS
