FACTORIZATION: 32 irreducible factors of degree 2 over F_1000884161: OK
28846775,0,1 RHO mem=True nz=True ynz=True cond=True claim_agree=True upper=0.924916358833  CERT
28846775,0,1 T   mem=True nz=True ynz=True cond=True claim_agree=True upper=2378.80311842  CERT
57578866,0,1 RHO mem=True nz=True ynz=True cond=True claim_agree=True upper=0.940128087279  CERT
57578866,0,1 T   mem=True nz=True ynz=True cond=True claim_agree=True upper=2533.04979818  CERT
104779695,0,1 RHO mem=True nz=True ynz=True cond=True claim_agree=True upper=0.945284623361  CERT
104779695,0,1 T   mem=True nz=True ynz=True cond=True claim_agree=True upper=2543.10198279  CERT
110185860,0,1 RHO mem=True nz=True ynz=True cond=True claim_agree=True upper=0.902756292172  CERT
110185860,0,1 T   mem=True nz=True ynz=True cond=True claim_agree=True upper=2021.04387754  CERT
123971835,0,1 RHO mem=True nz=True ynz=True cond=True claim_agree=True upper=0.954882571223  CERT
123971835,0,1 T   mem=True nz=True ynz=True cond=True claim_agree=True upper=2477.65048231  CERT
146081548,0,1 RHO mem=True nz=True ynz=True cond=True claim_agree=True upper=0.924916358833  CERT
146081548,0,1 T   mem=True nz=True ynz=True cond=True claim_agree=True upper=2407.02598247  CERT
254738098,0,1 RHO mem=True nz=True ynz=True cond=True claim_agree=True upper=0.941536195134  CERT
254738098,0,1 T   mem=True nz=True ynz=True cond=True claim_agree=True upper=2038.97280702  CERT
277520564,0,1 RHO mem=True nz=True ynz=True cond=True claim_agree=True upper=0.951358311025  CERT
277520564,0,1 T   mem=True nz=True ynz=True cond=True claim_agree=True upper=1984.26806200  CERT
313454394,0,1 RHO mem=True nz=True ynz=True cond=True claim_agree=True upper=0.915079765008  CERT
313454394,0,1 T   mem=True nz=True ynz=True cond=True claim_agree=True upper=1833.42759020  CERT
333236764,0,1 RHO mem=True nz=True ynz=True cond=True claim_agree=True upper=0.941536195134  CERT
333236764,0,1 T   mem=True nz=True ynz=True cond=True claim_agree=True upper=2529.04004105  CERT
333665363,0,1 RHO mem=True nz=True ynz=True cond=True claim_agree=True upper=0.969086603828  CERT
333665363,0,1 T   mem=True nz=True ynz=True cond=True claim_agree=True upper=2637.31155543  CERT
355870150,0,1 RHO mem=True nz=True ynz=True cond=True claim_agree=True upper=0.944172930562  CERT
355870150,0,1 T   mem=True nz=True ynz=True cond=True claim_agree=True upper=1642.85066959  CERT
412666074,0,1 RHO mem=True nz=True ynz=True cond=True claim_agree=True upper=0.902756292172  CERT
412666074,0,1 T   mem=True nz=True ynz=True cond=True claim_agree=True upper=1954.71190249  CERT
444768014,0,1 RHO mem=True nz=True ynz=True cond=True claim_agree=True upper=0.945284623361  CERT
444768014,0,1 T   mem=True nz=True ynz=True cond=True claim_agree=True upper=2093.06956214  CERT
477847344,0,1 RHO mem=True nz=True ynz=True cond=True claim_agree=True upper=0.938835647645  CERT
477847344,0,1 T   mem=True nz=True ynz=True cond=True claim_agree=True upper=2420.52645734  CERT
500379485,0,1 RHO mem=True nz=True ynz=True cond=True claim_agree=True upper=0.969086603828  CERT
500379485,0,1 T   mem=True nz=True ynz=True cond=True claim_agree=True upper=2282.16053542  CERT
500504676,0,1 RHO mem=True nz=True ynz=True cond=True claim_agree=True upper=0.912645628967  CERT
500504676,0,1 T   mem=True nz=True ynz=True cond=True claim_agree=True upper=1700.00752610  CERT
523036817,0,1 RHO mem=True nz=True ynz=True cond=True claim_agree=True upper=0.954882571223  CERT
523036817,0,1 T   mem=True nz=True ynz=True cond=True claim_agree=True upper=2060.71130711  CERT
556116147,0,1 RHO mem=True nz=True ynz=True cond=True claim_agree=True upper=0.879634462863  CERT
556116147,0,1 T   mem=True nz=True ynz=True cond=True claim_agree=True upper=1853.51596718  CERT
588218087,0,1 RHO mem=True nz=True ynz=True cond=True claim_agree=True upper=0.881354810281  CERT
588218087,0,1 T   mem=True nz=True ynz=True cond=True claim_agree=True upper=2582.91210317  CERT
645014011,0,1 RHO mem=True nz=True ynz=True cond=True claim_agree=True upper=0.951358311025  CERT
645014011,0,1 T   mem=True nz=True ynz=True cond=True claim_agree=True upper=3443.71855577  CERT
667218798,0,1 RHO mem=True nz=True ynz=True cond=True claim_agree=True upper=0.912645628967  CERT
667218798,0,1 T   mem=True nz=True ynz=True cond=True claim_agree=True upper=2326.17840676  CERT
667647397,0,1 RHO mem=True nz=True ynz=True cond=True claim_agree=True upper=0.952607677367  CERT
667647397,0,1 T   mem=True nz=True ynz=True cond=True claim_agree=True upper=1914.45189888  CERT
687429767,0,1 RHO mem=True nz=True ynz=True cond=True claim_agree=True upper=0.940128087279  CERT
687429767,0,1 T   mem=True nz=True ynz=True cond=True claim_agree=True upper=1958.75366623  CERT
723363597,0,1 RHO mem=True nz=True ynz=True cond=True claim_agree=True upper=0.944172930562  CERT
723363597,0,1 T   mem=True nz=True ynz=True cond=True claim_agree=True upper=2187.85628339  CERT
746146063,0,1 RHO mem=True nz=True ynz=True cond=True claim_agree=True upper=0.952607677367  CERT
746146063,0,1 T   mem=True nz=True ynz=True cond=True claim_agree=True upper=2129.88969601  CERT
854802613,0,1 RHO mem=True nz=True ynz=True cond=True claim_agree=True upper=0.960756969042  CERT
854802613,0,1 T   mem=True nz=True ynz=True cond=True claim_agree=True upper=1992.93977928  CERT
876912326,0,1 RHO mem=True nz=True ynz=True cond=True claim_agree=True upper=0.938835647645  CERT
876912326,0,1 T   mem=True nz=True ynz=True cond=True claim_agree=True upper=2672.98810080  CERT
890698301,0,1 RHO mem=True nz=True ynz=True cond=True claim_agree=True upper=0.881354810281  CERT
890698301,0,1 T   mem=True nz=True ynz=True cond=True claim_agree=True upper=2307.41801858  CERT
896104466,0,1 RHO mem=True nz=True ynz=True cond=True claim_agree=True upper=0.879634462863  CERT
896104466,0,1 T   mem=True nz=True ynz=True cond=True claim_agree=True upper=1821.13103502  CERT
943305295,0,1 RHO mem=True nz=True ynz=True cond=True claim_agree=True upper=0.915079765008  CERT
943305295,0,1 T   mem=True nz=True ynz=True cond=True claim_agree=True upper=2012.06284062  CERT
972037386,0,1 RHO mem=True nz=True ynz=True cond=True claim_agree=True upper=0.960756969042  CERT
972037386,0,1 T   mem=True nz=True ynz=True cond=True claim_agree=True upper=2360.79349926  CERT
FAMILY VERIFY n=7 l=1000884161 : EXCLUDED (components certified 32 / 32 ; lines 64 ; failed lines 0)
FAMILY VERIFY PASS
