FACTORIZATION: 32 irreducible factors of degree 2 over F_1000308929: OK
10076829,0,1 RHO mem=True nz=True ynz=True cond=True claim_agree=True upper=0.900093761228  CERT
10076829,0,1 T   mem=True nz=True ynz=True cond=True claim_agree=True upper=1684.03299859  CERT
16718953,0,1 RHO mem=True nz=True ynz=True cond=True claim_agree=True upper=0.949744989685  CERT
16718953,0,1 T   mem=True nz=True ynz=True cond=True claim_agree=True upper=2021.44514661  CERT
32233051,0,1 RHO mem=True nz=True ynz=True cond=True claim_agree=True upper=0.981660804115  CERT
32233051,0,1 T   mem=True nz=True ynz=True cond=True claim_agree=True upper=2262.56503205  CERT
33781613,0,1 RHO mem=True nz=True ynz=True cond=True claim_agree=True upper=0.947979329537  CERT
33781613,0,1 T   mem=True nz=True ynz=True cond=True claim_agree=True upper=2574.41660938  CERT
94807140,0,1 RHO mem=True nz=True ynz=True cond=True claim_agree=True upper=0.975330591959  CERT
94807140,0,1 T   mem=True nz=True ynz=True cond=True claim_agree=True upper=2600.60976621  CERT
111667505,0,1 RHO mem=True nz=True ynz=True cond=True claim_agree=True upper=0.948525252927  CERT
111667505,0,1 T   mem=True nz=True ynz=True cond=True claim_agree=True upper=2891.58253141  CERT
134082392,0,1 RHO mem=True nz=True ynz=True cond=True claim_agree=True upper=0.963681927145  CERT
134082392,0,1 T   mem=True nz=True ynz=True cond=True claim_agree=True upper=2405.58788079  CERT
202585187,0,1 RHO mem=True nz=True ynz=True cond=True claim_agree=True upper=0.907532532051  CERT
202585187,0,1 T   mem=True nz=True ynz=True cond=True claim_agree=True upper=2047.90416049  CERT
223054670,0,1 RHO mem=True nz=True ynz=True cond=True claim_agree=True upper=0.933379253799  CERT
223054670,0,1 T   mem=True nz=True ynz=True cond=True claim_agree=True upper=2000.01664167  CERT
289746401,0,1 RHO mem=True nz=True ynz=True cond=True claim_agree=True upper=0.948494341464  CERT
289746401,0,1 T   mem=True nz=True ynz=True cond=True claim_agree=True upper=2871.17375720  CERT
307494633,0,1 RHO mem=True nz=True ynz=True cond=True claim_agree=True upper=0.945871012603  CERT
307494633,0,1 T   mem=True nz=True ynz=True cond=True claim_agree=True upper=1959.78619461  CERT
337258949,0,1 RHO mem=True nz=True ynz=True cond=True claim_agree=True upper=0.962870701775  CERT
337258949,0,1 T   mem=True nz=True ynz=True cond=True claim_agree=True upper=3026.22382124  CERT
341031956,0,1 RHO mem=True nz=True ynz=True cond=True claim_agree=True upper=0.959648116204  CERT
341031956,0,1 T   mem=True nz=True ynz=True cond=True claim_agree=True upper=3132.42413010  CERT
366933139,0,1 RHO mem=True nz=True ynz=True cond=True claim_agree=True upper=0.948494341464  CERT
366933139,0,1 T   mem=True nz=True ynz=True cond=True claim_agree=True upper=2581.14318009  CERT
425385644,0,1 RHO mem=True nz=True ynz=True cond=True claim_agree=True upper=0.933379253799  CERT
425385644,0,1 T   mem=True nz=True ynz=True cond=True claim_agree=True upper=2596.96447485  CERT
481125212,0,1 RHO mem=True nz=True ynz=True cond=True claim_agree=True upper=0.959648116204  CERT
481125212,0,1 T   mem=True nz=True ynz=True cond=True claim_agree=True upper=2356.99141954  CERT
519183717,0,1 RHO mem=True nz=True ynz=True cond=True claim_agree=True upper=0.948028489124  CERT
519183717,0,1 T   mem=True nz=True ynz=True cond=True claim_agree=True upper=1882.75211489  CERT
574923285,0,1 RHO mem=True nz=True ynz=True cond=True claim_agree=True upper=0.994813469172  CERT
574923285,0,1 T   mem=True nz=True ynz=True cond=True claim_agree=True upper=2788.25847439  CERT
633375790,0,1 RHO mem=True nz=True ynz=True cond=True claim_agree=True upper=0.950591813175  CERT
633375790,0,1 T   mem=True nz=True ynz=True cond=True claim_agree=True upper=2396.85520711  CERT
659276973,0,1 RHO mem=True nz=True ynz=True cond=True claim_agree=True upper=0.948028489124  CERT
659276973,0,1 T   mem=True nz=True ynz=True cond=True claim_agree=True upper=2732.81557439  CERT
663049980,0,1 RHO mem=True nz=True ynz=True cond=True claim_agree=True upper=0.963681927145  CERT
663049980,0,1 T   mem=True nz=True ynz=True cond=True claim_agree=True upper=2203.36526546  CERT
692814296,0,1 RHO mem=True nz=True ynz=True cond=True claim_agree=True upper=0.948525252927  CERT
692814296,0,1 T   mem=True nz=True ynz=True cond=True claim_agree=True upper=2719.70881875  CERT
710562528,0,1 RHO mem=True nz=True ynz=True cond=True claim_agree=True upper=0.950591813175  CERT
710562528,0,1 T   mem=True nz=True ynz=True cond=True claim_agree=True upper=2281.68259391  CERT
777254259,0,1 RHO mem=True nz=True ynz=True cond=True claim_agree=True upper=0.994813469172  CERT
777254259,0,1 T   mem=True nz=True ynz=True cond=True claim_agree=True upper=3024.47908321  CERT
797723742,0,1 RHO mem=True nz=True ynz=True cond=True claim_agree=True upper=0.981660804115  CERT
797723742,0,1 T   mem=True nz=True ynz=True cond=True claim_agree=True upper=3317.62717225  CERT
866226537,0,1 RHO mem=True nz=True ynz=True cond=True claim_agree=True upper=0.962870701775  CERT
866226537,0,1 T   mem=True nz=True ynz=True cond=True claim_agree=True upper=2462.23087303  CERT
888641424,0,1 RHO mem=True nz=True ynz=True cond=True claim_agree=True upper=0.945871012603  CERT
888641424,0,1 T   mem=True nz=True ynz=True cond=True claim_agree=True upper=2034.87074664  CERT
905501789,0,1 RHO mem=True nz=True ynz=True cond=True claim_agree=True upper=0.947979329537  CERT
905501789,0,1 T   mem=True nz=True ynz=True cond=True claim_agree=True upper=2496.79655060  CERT
966527316,0,1 RHO mem=True nz=True ynz=True cond=True claim_agree=True upper=0.975330591959  CERT
966527316,0,1 T   mem=True nz=True ynz=True cond=True claim_agree=True upper=2416.34689919  CERT
968075878,0,1 RHO mem=True nz=True ynz=True cond=True claim_agree=True upper=0.907532532051  CERT
968075878,0,1 T   mem=True nz=True ynz=True cond=True claim_agree=True upper=2371.12021052  CERT
983589976,0,1 RHO mem=True nz=True ynz=True cond=True claim_agree=True upper=0.900093761228  CERT
983589976,0,1 T   mem=True nz=True ynz=True cond=True claim_agree=True upper=2532.12798477  CERT
990232100,0,1 RHO mem=True nz=True ynz=True cond=True claim_agree=True upper=0.949744989685  CERT
990232100,0,1 T   mem=True nz=True ynz=True cond=True claim_agree=True upper=2070.15999428  CERT
FAMILY VERIFY n=7 l=1000308929 : EXCLUDED (components certified 32 / 32 ; lines 64 ; failed lines 0)
FAMILY VERIFY PASS
