FACTORIZATION: 32 irreducible factors of degree 2 over F_1001251649: OK
4936194,0,1 RHO mem=True nz=True ynz=True cond=True claim_agree=True upper=0.920954569052  CERT
4936194,0,1 T   mem=True nz=True ynz=True cond=True claim_agree=True upper=2649.49504866  CERT
41876403,0,1 RHO mem=True nz=True ynz=True cond=True claim_agree=True upper=0.915828849448  CERT
41876403,0,1 T   mem=True nz=True ynz=True cond=True claim_agree=True upper=1910.52949547  CERT
85130238,0,1 RHO mem=True nz=True ynz=True cond=True claim_agree=True upper=0.885053555850  CERT
85130238,0,1 T   mem=True nz=True ynz=True cond=True claim_agree=True upper=1923.02384880  CERT
91632960,0,1 RHO mem=True nz=True ynz=True cond=True claim_agree=True upper=0.937810757514  CERT
91632960,0,1 T   mem=True nz=True ynz=True cond=True claim_agree=True upper=2184.16041521  CERT
118438993,0,1 RHO mem=True nz=True ynz=True cond=True claim_agree=True upper=0.896651801484  CERT
118438993,0,1 T   mem=True nz=True ynz=True cond=True claim_agree=True upper=1916.94886798  CERT
127720717,0,1 RHO mem=True nz=True ynz=True cond=True claim_agree=True upper=0.910874657339  CERT
127720717,0,1 T   mem=True nz=True ynz=True cond=True claim_agree=True upper=1556.43936486  CERT
134292389,0,1 RHO mem=True nz=True ynz=True cond=True claim_agree=True upper=0.949128570224  CERT
134292389,0,1 T   mem=True nz=True ynz=True cond=True claim_agree=True upper=2620.94463357  CERT
199961950,0,1 RHO mem=True nz=True ynz=True cond=True claim_agree=True upper=0.832347871508  CERT
199961950,0,1 T   mem=True nz=True ynz=True cond=True claim_agree=True upper=1408.03854304  CERT
300298363,0,1 RHO mem=True nz=True ynz=True cond=True claim_agree=True upper=0.946373082120  CERT
300298363,0,1 T   mem=True nz=True ynz=True cond=True claim_agree=True upper=2731.47137153  CERT
308563821,0,1 RHO mem=True nz=True ynz=True cond=True claim_agree=True upper=0.863408577162  CERT
308563821,0,1 T   mem=True nz=True ynz=True cond=True claim_agree=True upper=1881.14196911  CERT
319722185,0,1 RHO mem=True nz=True ynz=True cond=True claim_agree=True upper=0.889295552433  CERT
319722185,0,1 T   mem=True nz=True ynz=True cond=True claim_agree=True upper=2031.76871135  CERT
342529230,0,1 RHO mem=True nz=True ynz=True cond=True claim_agree=True upper=0.915828849448  CERT
342529230,0,1 T   mem=True nz=True ynz=True cond=True claim_agree=True upper=3005.04178379  CERT
373664695,0,1 RHO mem=True nz=True ynz=True cond=True claim_agree=True upper=0.893370512157  CERT
373664695,0,1 T   mem=True nz=True ynz=True cond=True claim_agree=True upper=2258.02220029  CERT
381974859,0,1 RHO mem=True nz=True ynz=True cond=True claim_agree=True upper=0.906720303112  CERT
381974859,0,1 T   mem=True nz=True ynz=True cond=True claim_agree=True upper=2320.10806275  CERT
490790146,0,1 RHO mem=True nz=True ynz=True cond=True claim_agree=True upper=0.922559922070  CERT
490790146,0,1 T   mem=True nz=True ynz=True cond=True claim_agree=True upper=1939.58963573  CERT
497887676,0,1 RHO mem=True nz=True ynz=True cond=True claim_agree=True upper=0.874345545235  CERT
497887676,0,1 T   mem=True nz=True ynz=True cond=True claim_agree=True upper=2181.79350151  CERT
503363973,0,1 RHO mem=True nz=True ynz=True cond=True claim_agree=True upper=0.937810757514  CERT
503363973,0,1 T   mem=True nz=True ynz=True cond=True claim_agree=True upper=2433.60225064  CERT
510461503,0,1 RHO mem=True nz=True ynz=True cond=True claim_agree=True upper=0.889295552433  CERT
510461503,0,1 T   mem=True nz=True ynz=True cond=True claim_agree=True upper=2121.57205169  CERT
619276790,0,1 RHO mem=True nz=True ynz=True cond=True claim_agree=True upper=0.893370512157  CERT
619276790,0,1 T   mem=True nz=True ynz=True cond=True claim_agree=True upper=2522.42571711  CERT
627586954,0,1 RHO mem=True nz=True ynz=True cond=True claim_agree=True upper=0.906720303112  CERT
627586954,0,1 T   mem=True nz=True ynz=True cond=True claim_agree=True upper=2451.31515259  CERT
658722419,0,1 RHO mem=True nz=True ynz=True cond=True claim_agree=True upper=0.891208385530  CERT
658722419,0,1 T   mem=True nz=True ynz=True cond=True claim_agree=True upper=2222.59727099  CERT
681529464,0,1 RHO mem=True nz=True ynz=True cond=True claim_agree=True upper=0.922559922070  CERT
681529464,0,1 T   mem=True nz=True ynz=True cond=True claim_agree=True upper=2467.85603542  CERT
692687828,0,1 RHO mem=True nz=True ynz=True cond=True claim_agree=True upper=0.946373082120  CERT
692687828,0,1 T   mem=True nz=True ynz=True cond=True claim_agree=True upper=2225.26865540  CERT
700953286,0,1 RHO mem=True nz=True ynz=True cond=True claim_agree=True upper=0.863408577162  CERT
700953286,0,1 T   mem=True nz=True ynz=True cond=True claim_agree=True upper=2189.20567676  CERT
801289699,0,1 RHO mem=True nz=True ynz=True cond=True claim_agree=True upper=0.949128570224  CERT
801289699,0,1 T   mem=True nz=True ynz=True cond=True claim_agree=True upper=2589.77437465  CERT
866959260,0,1 RHO mem=True nz=True ynz=True cond=True claim_agree=True upper=0.832347871508  CERT
866959260,0,1 T   mem=True nz=True ynz=True cond=True claim_agree=True upper=1820.68668534  CERT
873530932,0,1 RHO mem=True nz=True ynz=True cond=True claim_agree=True upper=0.885053555850  CERT
873530932,0,1 T   mem=True nz=True ynz=True cond=True claim_agree=True upper=2415.77257584  CERT
882812656,0,1 RHO mem=True nz=True ynz=True cond=True claim_agree=True upper=0.920954569052  CERT
882812656,0,1 T   mem=True nz=True ynz=True cond=True claim_agree=True upper=1782.61362485  CERT
909618689,0,1 RHO mem=True nz=True ynz=True cond=True claim_agree=True upper=0.874345545235  CERT
909618689,0,1 T   mem=True nz=True ynz=True cond=True claim_agree=True upper=1907.88324536  CERT
916121411,0,1 RHO mem=True nz=True ynz=True cond=True claim_agree=True upper=0.910874657339  CERT
916121411,0,1 T   mem=True nz=True ynz=True cond=True claim_agree=True upper=2429.09542924  CERT
959375246,0,1 RHO mem=True nz=True ynz=True cond=True claim_agree=True upper=0.891208385530  CERT
959375246,0,1 T   mem=True nz=True ynz=True cond=True claim_agree=True upper=2054.15973712  CERT
996315455,0,1 RHO mem=True nz=True ynz=True cond=True claim_agree=True upper=0.896651801484  CERT
996315455,0,1 T   mem=True nz=True ynz=True cond=True claim_agree=True upper=2096.87370486  CERT
FAMILY VERIFY n=7 l=1001251649 : EXCLUDED (components certified 32 / 32 ; lines 64 ; failed lines 0)
FAMILY VERIFY PASS
