FACTORIZATION: 32 irreducible factors of degree 2 over F_1000320449: OK
6155120,0,1 RHO mem=True nz=True ynz=True cond=True claim_agree=True upper=0.878305145337  CERT
6155120,0,1 T   mem=True nz=True ynz=True cond=True claim_agree=True upper=1998.10075698  CERT
10308586,0,1 RHO mem=True nz=True ynz=True cond=True claim_agree=True upper=0.915932719044  CERT
10308586,0,1 T   mem=True nz=True ynz=True cond=True claim_agree=True upper=2151.61870449  CERT
87527730,0,1 RHO mem=True nz=True ynz=True cond=True claim_agree=True upper=0.914371779895  CERT
87527730,0,1 T   mem=True nz=True ynz=True cond=True claim_agree=True upper=2016.27618800  CERT
88994160,0,1 RHO mem=True nz=True ynz=True cond=True claim_agree=True upper=0.894705953064  CERT
88994160,0,1 T   mem=True nz=True ynz=True cond=True claim_agree=True upper=2128.53258478  CERT
91863829,0,1 RHO mem=True nz=True ynz=True cond=True claim_agree=True upper=0.870073291169  CERT
91863829,0,1 T   mem=True nz=True ynz=True cond=True claim_agree=True upper=1678.25061511  CERT
102063312,0,1 RHO mem=True nz=True ynz=True cond=True claim_agree=True upper=0.907672276699  CERT
102063312,0,1 T   mem=True nz=True ynz=True cond=True claim_agree=True upper=1702.09077438  CERT
135027918,0,1 RHO mem=True nz=True ynz=True cond=True claim_agree=True upper=0.884240051898  CERT
135027918,0,1 T   mem=True nz=True ynz=True cond=True claim_agree=True upper=1913.11871034  CERT
172386792,0,1 RHO mem=True nz=True ynz=True cond=True claim_agree=True upper=0.914371779895  CERT
172386792,0,1 T   mem=True nz=True ynz=True cond=True claim_agree=True upper=2137.40535881  CERT
183772075,0,1 RHO mem=True nz=True ynz=True cond=True claim_agree=True upper=0.924967447958  CERT
183772075,0,1 T   mem=True nz=True ynz=True cond=True claim_agree=True upper=2833.41140942  CERT
199135622,0,1 RHO mem=True nz=True ynz=True cond=True claim_agree=True upper=0.878305145337  CERT
199135622,0,1 T   mem=True nz=True ynz=True cond=True claim_agree=True upper=1478.10080738  CERT
214042405,0,1 RHO mem=True nz=True ynz=True cond=True claim_agree=True upper=0.870073291169  CERT
214042405,0,1 T   mem=True nz=True ynz=True cond=True claim_agree=True upper=1931.23534232  CERT
232001012,0,1 RHO mem=True nz=True ynz=True cond=True claim_agree=True upper=0.881169605177  CERT
232001012,0,1 T   mem=True nz=True ynz=True cond=True claim_agree=True upper=2079.26231713  CERT
270579814,0,1 RHO mem=True nz=True ynz=True cond=True claim_agree=True upper=0.916341024328  CERT
270579814,0,1 T   mem=True nz=True ynz=True cond=True claim_agree=True upper=1922.05809955  CERT
272176429,0,1 RHO mem=True nz=True ynz=True cond=True claim_agree=True upper=0.902310967543  CERT
272176429,0,1 T   mem=True nz=True ynz=True cond=True claim_agree=True upper=2385.82141878  CERT
396221551,0,1 RHO mem=True nz=True ynz=True cond=True claim_agree=True upper=0.885989057523  CERT
396221551,0,1 T   mem=True nz=True ynz=True cond=True claim_agree=True upper=2491.07517231  CERT
471245120,0,1 RHO mem=True nz=True ynz=True cond=True claim_agree=True upper=0.924967447958  CERT
471245120,0,1 T   mem=True nz=True ynz=True cond=True claim_agree=True upper=2285.52281325  CERT
529075329,0,1 RHO mem=True nz=True ynz=True cond=True claim_agree=True upper=0.897189940935  CERT
529075329,0,1 T   mem=True nz=True ynz=True cond=True claim_agree=True upper=2755.98516840  CERT
604098898,0,1 RHO mem=True nz=True ynz=True cond=True claim_agree=True upper=0.902310967543  CERT
604098898,0,1 T   mem=True nz=True ynz=True cond=True claim_agree=True upper=1867.62518959  CERT
728144020,0,1 RHO mem=True nz=True ynz=True cond=True claim_agree=True upper=0.885989057523  CERT
728144020,0,1 T   mem=True nz=True ynz=True cond=True claim_agree=True upper=2547.91926616  CERT
729740635,0,1 RHO mem=True nz=True ynz=True cond=True claim_agree=True upper=0.881169605177  CERT
729740635,0,1 T   mem=True nz=True ynz=True cond=True claim_agree=True upper=1730.77762311  CERT
768319437,0,1 RHO mem=True nz=True ynz=True cond=True claim_agree=True upper=0.916341024328  CERT
768319437,0,1 T   mem=True nz=True ynz=True cond=True claim_agree=True upper=2124.86360242  CERT
786278044,0,1 RHO mem=True nz=True ynz=True cond=True claim_agree=True upper=0.914900435983  CERT
786278044,0,1 T   mem=True nz=True ynz=True cond=True claim_agree=True upper=1801.11414555  CERT
801184827,0,1 RHO mem=True nz=True ynz=True cond=True claim_agree=True upper=0.924704867982  CERT
801184827,0,1 T   mem=True nz=True ynz=True cond=True claim_agree=True upper=2396.39940547  CERT
816548374,0,1 RHO mem=True nz=True ynz=True cond=True claim_agree=True upper=0.897189940935  CERT
816548374,0,1 T   mem=True nz=True ynz=True cond=True claim_agree=True upper=2209.46645898  CERT
827933657,0,1 RHO mem=True nz=True ynz=True cond=True claim_agree=True upper=0.897163840138  CERT
827933657,0,1 T   mem=True nz=True ynz=True cond=True claim_agree=True upper=1951.26031342  CERT
865292531,0,1 RHO mem=True nz=True ynz=True cond=True claim_agree=True upper=0.915932719044  CERT
865292531,0,1 T   mem=True nz=True ynz=True cond=True claim_agree=True upper=2606.19295653  CERT
898257137,0,1 RHO mem=True nz=True ynz=True cond=True claim_agree=True upper=0.894705953064  CERT
898257137,0,1 T   mem=True nz=True ynz=True cond=True claim_agree=True upper=1980.71852277  CERT
908456620,0,1 RHO mem=True nz=True ynz=True cond=True claim_agree=True upper=0.914900435983  CERT
908456620,0,1 T   mem=True nz=True ynz=True cond=True claim_agree=True upper=2221.77082201  CERT
911326289,0,1 RHO mem=True nz=True ynz=True cond=True claim_agree=True upper=0.907672276699  CERT
911326289,0,1 T   mem=True nz=True ynz=True cond=True claim_agree=True upper=1992.11625717  CERT
912792719,0,1 RHO mem=True nz=True ynz=True cond=True claim_agree=True upper=0.897163840138  CERT
912792719,0,1 T   mem=True nz=True ynz=True cond=True claim_agree=True upper=1931.91761013  CERT
990011863,0,1 RHO mem=True nz=True ynz=True cond=True claim_agree=True upper=0.884240051898  CERT
990011863,0,1 T   mem=True nz=True ynz=True cond=True claim_agree=True upper=1889.14060005  CERT
994165329,0,1 RHO mem=True nz=True ynz=True cond=True claim_agree=True upper=0.924704867982  CERT
994165329,0,1 T   mem=True nz=True ynz=True cond=True claim_agree=True upper=2252.75923491  CERT
FAMILY VERIFY n=7 l=1000320449 : EXCLUDED (components certified 32 / 32 ; lines 64 ; failed lines 0)
FAMILY VERIFY PASS
