FACTORIZATION: 32 irreducible factors of degree 2 over F_1000059713: OK
6818708,0,1 RHO mem=True nz=True ynz=True cond=True claim_agree=True upper=0.970087094943  CERT
6818708,0,1 T   mem=True nz=True ynz=True cond=True claim_agree=True upper=2507.27296822  CERT
38435715,0,1 RHO mem=True nz=True ynz=True cond=True claim_agree=True upper=0.952944200786  CERT
38435715,0,1 T   mem=True nz=True ynz=True cond=True claim_agree=True upper=2307.21146730  CERT
40816456,0,1 RHO mem=True nz=True ynz=True cond=True claim_agree=True upper=0.958406686090  CERT
40816456,0,1 T   mem=True nz=True ynz=True cond=True claim_agree=True upper=2556.12515272  CERT
42925147,0,1 RHO mem=True nz=True ynz=True cond=True claim_agree=True upper=0.965701055722  CERT
42925147,0,1 T   mem=True nz=True ynz=True cond=True claim_agree=True upper=2806.92345560  CERT
79951142,0,1 RHO mem=True nz=True ynz=True cond=True claim_agree=True upper=0.965967499667  CERT
79951142,0,1 T   mem=True nz=True ynz=True cond=True claim_agree=True upper=2649.71582272  CERT
96883812,0,1 RHO mem=True nz=True ynz=True cond=True claim_agree=True upper=0.925608045051  CERT
96883812,0,1 T   mem=True nz=True ynz=True cond=True claim_agree=True upper=1604.07631810  CERT
107700263,0,1 RHO mem=True nz=True ynz=True cond=True claim_agree=True upper=0.948875626635  CERT
107700263,0,1 T   mem=True nz=True ynz=True cond=True claim_agree=True upper=2475.36318944  CERT
122924746,0,1 RHO mem=True nz=True ynz=True cond=True claim_agree=True upper=0.965967499667  CERT
122924746,0,1 T   mem=True nz=True ynz=True cond=True claim_agree=True upper=2364.80380911  CERT
209586006,0,1 RHO mem=True nz=True ynz=True cond=True claim_agree=True upper=0.958255499910  CERT
209586006,0,1 T   mem=True nz=True ynz=True cond=True claim_agree=True upper=3186.88279183  CERT
254254867,0,1 RHO mem=True nz=True ynz=True cond=True claim_agree=True upper=0.917827435312  CERT
254254867,0,1 T   mem=True nz=True ynz=True cond=True claim_agree=True upper=2596.46934264  CERT
309394327,0,1 RHO mem=True nz=True ynz=True cond=True claim_agree=True upper=0.974291289203  CERT
309394327,0,1 T   mem=True nz=True ynz=True cond=True claim_agree=True upper=2240.16366977  CERT
318274783,0,1 RHO mem=True nz=True ynz=True cond=True claim_agree=True upper=0.948558444402  CERT
318274783,0,1 T   mem=True nz=True ynz=True cond=True claim_agree=True upper=2406.82367890  CERT
318466894,0,1 RHO mem=True nz=True ynz=True cond=True claim_agree=True upper=0.969597930456  CERT
318466894,0,1 T   mem=True nz=True ynz=True cond=True claim_agree=True upper=3195.97765529  CERT
328560415,0,1 RHO mem=True nz=True ynz=True cond=True claim_agree=True upper=0.946425740725  CERT
328560415,0,1 T   mem=True nz=True ynz=True cond=True claim_agree=True upper=1979.56685921  CERT
407216325,0,1 RHO mem=True nz=True ynz=True cond=True claim_agree=True upper=0.974291289203  CERT
407216325,0,1 T   mem=True nz=True ynz=True cond=True claim_agree=True upper=2908.29287499  CERT
483467519,0,1 RHO mem=True nz=True ynz=True cond=True claim_agree=True upper=0.970087094943  CERT
483467519,0,1 T   mem=True nz=True ynz=True cond=True claim_agree=True upper=2357.07616191  CERT
516592194,0,1 RHO mem=True nz=True ynz=True cond=True claim_agree=True upper=0.944803021713  CERT
516592194,0,1 T   mem=True nz=True ynz=True cond=True claim_agree=True upper=2572.43907195  CERT
592843388,0,1 RHO mem=True nz=True ynz=True cond=True claim_agree=True upper=0.972064979583  CERT
592843388,0,1 T   mem=True nz=True ynz=True cond=True claim_agree=True upper=2566.48172261  CERT
671499298,0,1 RHO mem=True nz=True ynz=True cond=True claim_agree=True upper=0.965701055722  CERT
671499298,0,1 T   mem=True nz=True ynz=True cond=True claim_agree=True upper=2639.18867702  CERT
681592819,0,1 RHO mem=True nz=True ynz=True cond=True claim_agree=True upper=0.917827435312  CERT
681592819,0,1 T   mem=True nz=True ynz=True cond=True claim_agree=True upper=2265.37994767  CERT
681784930,0,1 RHO mem=True nz=True ynz=True cond=True claim_agree=True upper=0.958406686090  CERT
681784930,0,1 T   mem=True nz=True ynz=True cond=True claim_agree=True upper=2627.94300403  CERT
690665386,0,1 RHO mem=True nz=True ynz=True cond=True claim_agree=True upper=0.972064979583  CERT
690665386,0,1 T   mem=True nz=True ynz=True cond=True claim_agree=True upper=2200.33454781  CERT
745804846,0,1 RHO mem=True nz=True ynz=True cond=True claim_agree=True upper=0.969597930456  CERT
745804846,0,1 T   mem=True nz=True ynz=True cond=True claim_agree=True upper=1794.96824368  CERT
790473707,0,1 RHO mem=True nz=True ynz=True cond=True claim_agree=True upper=0.952944200786  CERT
790473707,0,1 T   mem=True nz=True ynz=True cond=True claim_agree=True upper=2319.01188534  CERT
877134967,0,1 RHO mem=True nz=True ynz=True cond=True claim_agree=True upper=0.938172401540  CERT
877134967,0,1 T   mem=True nz=True ynz=True cond=True claim_agree=True upper=2773.58290668  CERT
892359450,0,1 RHO mem=True nz=True ynz=True cond=True claim_agree=True upper=0.925608045051  CERT
892359450,0,1 T   mem=True nz=True ynz=True cond=True claim_agree=True upper=2093.76742042  CERT
903175901,0,1 RHO mem=True nz=True ynz=True cond=True claim_agree=True upper=0.948875626635  CERT
903175901,0,1 T   mem=True nz=True ynz=True cond=True claim_agree=True upper=1989.73533766  CERT
920108571,0,1 RHO mem=True nz=True ynz=True cond=True claim_agree=True upper=0.938172401540  CERT
920108571,0,1 T   mem=True nz=True ynz=True cond=True claim_agree=True upper=2445.68248312  CERT
957134566,0,1 RHO mem=True nz=True ynz=True cond=True claim_agree=True upper=0.946425740725  CERT
957134566,0,1 T   mem=True nz=True ynz=True cond=True claim_agree=True upper=2370.22732871  CERT
959243257,0,1 RHO mem=True nz=True ynz=True cond=True claim_agree=True upper=0.948558444402  CERT
959243257,0,1 T   mem=True nz=True ynz=True cond=True claim_agree=True upper=2072.10315603  CERT
961623998,0,1 RHO mem=True nz=True ynz=True cond=True claim_agree=True upper=0.958255499910  CERT
961623998,0,1 T   mem=True nz=True ynz=True cond=True claim_agree=True upper=2593.99132780  CERT
993241005,0,1 RHO mem=True nz=True ynz=True cond=True claim_agree=True upper=0.944803021713  CERT
993241005,0,1 T   mem=True nz=True ynz=True cond=True claim_agree=True upper=2678.11356930  CERT
FAMILY VERIFY n=7 l=1000059713 : EXCLUDED (components certified 32 / 32 ; lines 64 ; failed lines 0)
FAMILY VERIFY PASS
