FACTORIZATION: 32 irreducible factors of degree 2 over F_1000931137: OK
12144331,0,1 RHO mem=True nz=True ynz=True cond=True claim_agree=True upper=0.924213343327  CERT
12144331,0,1 T   mem=True nz=True ynz=True cond=True claim_agree=True upper=2037.41004135  CERT
24174854,0,1 RHO mem=True nz=True ynz=True cond=True claim_agree=True upper=0.944580737027  CERT
24174854,0,1 T   mem=True nz=True ynz=True cond=True claim_agree=True upper=2412.74814486  CERT
58942938,0,1 RHO mem=True nz=True ynz=True cond=True claim_agree=True upper=0.825817671372  CERT
58942938,0,1 T   mem=True nz=True ynz=True cond=True claim_agree=True upper=1748.40013249  CERT
71507677,0,1 RHO mem=True nz=True ynz=True cond=True claim_agree=True upper=0.942208136092  CERT
71507677,0,1 T   mem=True nz=True ynz=True cond=True claim_agree=True upper=2909.20394150  CERT
106245194,0,1 RHO mem=True nz=True ynz=True cond=True claim_agree=True upper=0.907335008705  CERT
106245194,0,1 T   mem=True nz=True ynz=True cond=True claim_agree=True upper=1851.91448326  CERT
118279518,0,1 RHO mem=True nz=True ynz=True cond=True claim_agree=True upper=0.930085215832  CERT
118279518,0,1 T   mem=True nz=True ynz=True cond=True claim_agree=True upper=2008.31723990  CERT
118435566,0,1 RHO mem=True nz=True ynz=True cond=True claim_agree=True upper=0.944580737027  CERT
118435566,0,1 T   mem=True nz=True ynz=True cond=True claim_agree=True upper=2728.60479314  CERT
127297764,0,1 RHO mem=True nz=True ynz=True cond=True claim_agree=True upper=0.914662769674  CERT
127297764,0,1 T   mem=True nz=True ynz=True cond=True claim_agree=True upper=1483.99830935  CERT
156174620,0,1 RHO mem=True nz=True ynz=True cond=True claim_agree=True upper=0.907335008705  CERT
156174620,0,1 T   mem=True nz=True ynz=True cond=True claim_agree=True upper=2199.03366916  CERT
251787293,0,1 RHO mem=True nz=True ynz=True cond=True claim_agree=True upper=0.887764590983  CERT
251787293,0,1 T   mem=True nz=True ynz=True cond=True claim_agree=True upper=1552.17002609  CERT
314300542,0,1 RHO mem=True nz=True ynz=True cond=True claim_agree=True upper=0.893454451097  CERT
314300542,0,1 T   mem=True nz=True ynz=True cond=True claim_agree=True upper=1568.16913398  CERT
319022780,0,1 RHO mem=True nz=True ynz=True cond=True claim_agree=True upper=0.825817671372  CERT
319022780,0,1 T   mem=True nz=True ynz=True cond=True claim_agree=True upper=1446.43610646  CERT
328799106,0,1 RHO mem=True nz=True ynz=True cond=True claim_agree=True upper=0.870049068273  CERT
328799106,0,1 T   mem=True nz=True ynz=True cond=True claim_agree=True upper=2801.03621115  CERT
347094204,0,1 RHO mem=True nz=True ynz=True cond=True claim_agree=True upper=0.942208136092  CERT
347094204,0,1 T   mem=True nz=True ynz=True cond=True claim_agree=True upper=2800.56527417  CERT
410104518,0,1 RHO mem=True nz=True ynz=True cond=True claim_agree=True upper=0.914662769674  CERT
410104518,0,1 T   mem=True nz=True ynz=True cond=True claim_agree=True upper=2176.78316833  CERT
433875168,0,1 RHO mem=True nz=True ynz=True cond=True claim_agree=True upper=0.934102800810  CERT
433875168,0,1 T   mem=True nz=True ynz=True cond=True claim_agree=True upper=2439.03790213  CERT
567055969,0,1 RHO mem=True nz=True ynz=True cond=True claim_agree=True upper=0.870049068273  CERT
567055969,0,1 T   mem=True nz=True ynz=True cond=True claim_agree=True upper=1652.18496708  CERT
590826619,0,1 RHO mem=True nz=True ynz=True cond=True claim_agree=True upper=0.891146528370  CERT
590826619,0,1 T   mem=True nz=True ynz=True cond=True claim_agree=True upper=2001.53234643  CERT
653836933,0,1 RHO mem=True nz=True ynz=True cond=True claim_agree=True upper=0.874607559922  CERT
653836933,0,1 T   mem=True nz=True ynz=True cond=True claim_agree=True upper=2015.34082388  CERT
672132031,0,1 RHO mem=True nz=True ynz=True cond=True claim_agree=True upper=0.934102800810  CERT
672132031,0,1 T   mem=True nz=True ynz=True cond=True claim_agree=True upper=1858.64824494  CERT
681908357,0,1 RHO mem=True nz=True ynz=True cond=True claim_agree=True upper=0.944053138336  CERT
681908357,0,1 T   mem=True nz=True ynz=True cond=True claim_agree=True upper=2825.55308610  CERT
686630595,0,1 RHO mem=True nz=True ynz=True cond=True claim_agree=True upper=0.924213343327  CERT
686630595,0,1 T   mem=True nz=True ynz=True cond=True claim_agree=True upper=2479.30442952  CERT
749143844,0,1 RHO mem=True nz=True ynz=True cond=True claim_agree=True upper=0.930085215832  CERT
749143844,0,1 T   mem=True nz=True ynz=True cond=True claim_agree=True upper=1754.94438753  CERT
844756517,0,1 RHO mem=True nz=True ynz=True cond=True claim_agree=True upper=0.918117116598  CERT
844756517,0,1 T   mem=True nz=True ynz=True cond=True claim_agree=True upper=1997.13942931  CERT
873633373,0,1 RHO mem=True nz=True ynz=True cond=True claim_agree=True upper=0.891146528370  CERT
873633373,0,1 T   mem=True nz=True ynz=True cond=True claim_agree=True upper=1837.72929161  CERT
882495571,0,1 RHO mem=True nz=True ynz=True cond=True claim_agree=True upper=0.884815005398  CERT
882495571,0,1 T   mem=True nz=True ynz=True cond=True claim_agree=True upper=1735.83366342  CERT
882651619,0,1 RHO mem=True nz=True ynz=True cond=True claim_agree=True upper=0.887764590983  CERT
882651619,0,1 T   mem=True nz=True ynz=True cond=True claim_agree=True upper=2071.54590271  CERT
894685943,0,1 RHO mem=True nz=True ynz=True cond=True claim_agree=True upper=0.918117116598  CERT
894685943,0,1 T   mem=True nz=True ynz=True cond=True claim_agree=True upper=1742.52886345  CERT
929423460,0,1 RHO mem=True nz=True ynz=True cond=True claim_agree=True upper=0.874607559922  CERT
929423460,0,1 T   mem=True nz=True ynz=True cond=True claim_agree=True upper=1635.50885368  CERT
941988199,0,1 RHO mem=True nz=True ynz=True cond=True claim_agree=True upper=0.944053138336  CERT
941988199,0,1 T   mem=True nz=True ynz=True cond=True claim_agree=True upper=2300.40423653  CERT
976756283,0,1 RHO mem=True nz=True ynz=True cond=True claim_agree=True upper=0.884815005398  CERT
976756283,0,1 T   mem=True nz=True ynz=True cond=True claim_agree=True upper=1600.61358928  CERT
988786806,0,1 RHO mem=True nz=True ynz=True cond=True claim_agree=True upper=0.893454451097  CERT
988786806,0,1 T   mem=True nz=True ynz=True cond=True claim_agree=True upper=1904.36690028  CERT
FAMILY VERIFY n=7 l=1000931137 : EXCLUDED (components certified 32 / 32 ; lines 64 ; failed lines 0)
FAMILY VERIFY PASS
