FACTORIZATION: 32 irreducible factors of degree 2 over F_1001093057: OK
48137282,0,1 RHO mem=True nz=True ynz=True cond=True claim_agree=True upper=0.944524603137  CERT
48137282,0,1 T   mem=True nz=True ynz=True cond=True claim_agree=True upper=1911.55782389  CERT
88412530,0,1 RHO mem=True nz=True ynz=True cond=True claim_agree=True upper=0.909950133267  CERT
88412530,0,1 T   mem=True nz=True ynz=True cond=True claim_agree=True upper=1961.41664852  CERT
98900867,0,1 RHO mem=True nz=True ynz=True cond=True claim_agree=True upper=0.898869795639  CERT
98900867,0,1 T   mem=True nz=True ynz=True cond=True claim_agree=True upper=1375.19652631  CERT
184005352,0,1 RHO mem=True nz=True ynz=True cond=True claim_agree=True upper=0.939655525555  CERT
184005352,0,1 T   mem=True nz=True ynz=True cond=True claim_agree=True upper=2543.80909574  CERT
187449454,0,1 RHO mem=True nz=True ynz=True cond=True claim_agree=True upper=0.919541069906  CERT
187449454,0,1 T   mem=True nz=True ynz=True cond=True claim_agree=True upper=2140.19300378  CERT
203096173,0,1 RHO mem=True nz=True ynz=True cond=True claim_agree=True upper=0.916039747691  CERT
203096173,0,1 T   mem=True nz=True ynz=True cond=True claim_agree=True upper=2733.74550108  CERT
220919954,0,1 RHO mem=True nz=True ynz=True cond=True claim_agree=True upper=0.891720725869  CERT
220919954,0,1 T   mem=True nz=True ynz=True cond=True claim_agree=True upper=1577.81370455  CERT
226712107,0,1 RHO mem=True nz=True ynz=True cond=True claim_agree=True upper=0.945880238152  CERT
226712107,0,1 T   mem=True nz=True ynz=True cond=True claim_agree=True upper=2759.72758234  CERT
313623874,0,1 RHO mem=True nz=True ynz=True cond=True claim_agree=True upper=0.943621186822  CERT
313623874,0,1 T   mem=True nz=True ynz=True cond=True claim_agree=True upper=2552.70747397  CERT
349773572,0,1 RHO mem=True nz=True ynz=True cond=True claim_agree=True upper=0.891720725869  CERT
349773572,0,1 T   mem=True nz=True ynz=True cond=True claim_agree=True upper=1749.18636071  CERT
373632280,0,1 RHO mem=True nz=True ynz=True cond=True claim_agree=True upper=0.945822584160  CERT
373632280,0,1 T   mem=True nz=True ynz=True cond=True claim_agree=True upper=2149.15905493  CERT
429809603,0,1 RHO mem=True nz=True ynz=True cond=True claim_agree=True upper=0.926366479882  CERT
429809603,0,1 T   mem=True nz=True ynz=True cond=True claim_agree=True upper=1609.42887998  CERT
439068453,0,1 RHO mem=True nz=True ynz=True cond=True claim_agree=True upper=0.942416069308  CERT
439068453,0,1 T   mem=True nz=True ynz=True cond=True claim_agree=True upper=2462.40434987  CERT
442965838,0,1 RHO mem=True nz=True ynz=True cond=True claim_agree=True upper=0.919541069906  CERT
442965838,0,1 T   mem=True nz=True ynz=True cond=True claim_agree=True upper=2688.34979220  CERT
445519937,0,1 RHO mem=True nz=True ynz=True cond=True claim_agree=True upper=0.936284878999  CERT
445519937,0,1 T   mem=True nz=True ynz=True cond=True claim_agree=True upper=1632.57937391  CERT
497867306,0,1 RHO mem=True nz=True ynz=True cond=True claim_agree=True upper=0.939655525555  CERT
497867306,0,1 T   mem=True nz=True ynz=True cond=True claim_agree=True upper=2325.80970846  CERT
503225751,0,1 RHO mem=True nz=True ynz=True cond=True claim_agree=True upper=0.956935595356  CERT
503225751,0,1 T   mem=True nz=True ynz=True cond=True claim_agree=True upper=1950.71791345  CERT
555573120,0,1 RHO mem=True nz=True ynz=True cond=True claim_agree=True upper=0.942416069308  CERT
555573120,0,1 T   mem=True nz=True ynz=True cond=True claim_agree=True upper=1757.66784495  CERT
558127219,0,1 RHO mem=True nz=True ynz=True cond=True claim_agree=True upper=0.925673461929  CERT
558127219,0,1 T   mem=True nz=True ynz=True cond=True claim_agree=True upper=2835.62715090  CERT
562024604,0,1 RHO mem=True nz=True ynz=True cond=True claim_agree=True upper=0.936284878999  CERT
562024604,0,1 T   mem=True nz=True ynz=True cond=True claim_agree=True upper=2363.98263969  CERT
571283454,0,1 RHO mem=True nz=True ynz=True cond=True claim_agree=True upper=0.909950133267  CERT
571283454,0,1 T   mem=True nz=True ynz=True cond=True claim_agree=True upper=1911.51249023  CERT
627460777,0,1 RHO mem=True nz=True ynz=True cond=True claim_agree=True upper=0.945880238152  CERT
627460777,0,1 T   mem=True nz=True ynz=True cond=True claim_agree=True upper=2378.68522818  CERT
651319485,0,1 RHO mem=True nz=True ynz=True cond=True claim_agree=True upper=0.962727160044  CERT
651319485,0,1 T   mem=True nz=True ynz=True cond=True claim_agree=True upper=2519.86096840  CERT
687469183,0,1 RHO mem=True nz=True ynz=True cond=True claim_agree=True upper=0.944524603137  CERT
687469183,0,1 T   mem=True nz=True ynz=True cond=True claim_agree=True upper=2702.42092302  CERT
774380950,0,1 RHO mem=True nz=True ynz=True cond=True claim_agree=True upper=0.945822584160  CERT
774380950,0,1 T   mem=True nz=True ynz=True cond=True claim_agree=True upper=2663.86141516  CERT
780173103,0,1 RHO mem=True nz=True ynz=True cond=True claim_agree=True upper=0.962727160044  CERT
780173103,0,1 T   mem=True nz=True ynz=True cond=True claim_agree=True upper=1951.80284910  CERT
797996884,0,1 RHO mem=True nz=True ynz=True cond=True claim_agree=True upper=0.898869795639  CERT
797996884,0,1 T   mem=True nz=True ynz=True cond=True claim_agree=True upper=2125.74408997  CERT
813643603,0,1 RHO mem=True nz=True ynz=True cond=True claim_agree=True upper=0.925673461929  CERT
813643603,0,1 T   mem=True nz=True ynz=True cond=True claim_agree=True upper=1795.13344848  CERT
817087705,0,1 RHO mem=True nz=True ynz=True cond=True claim_agree=True upper=0.956935595356  CERT
817087705,0,1 T   mem=True nz=True ynz=True cond=True claim_agree=True upper=2700.38645772  CERT
902192190,0,1 RHO mem=True nz=True ynz=True cond=True claim_agree=True upper=0.916039747691  CERT
902192190,0,1 T   mem=True nz=True ynz=True cond=True claim_agree=True upper=1956.24837716  CERT
912680527,0,1 RHO mem=True nz=True ynz=True cond=True claim_agree=True upper=0.926366479882  CERT
912680527,0,1 T   mem=True nz=True ynz=True cond=True claim_agree=True upper=2147.87578135  CERT
952955775,0,1 RHO mem=True nz=True ynz=True cond=True claim_agree=True upper=0.943621186822  CERT
952955775,0,1 T   mem=True nz=True ynz=True cond=True claim_agree=True upper=2438.52300747  CERT
FAMILY VERIFY n=7 l=1001093057 : EXCLUDED (components certified 32 / 32 ; lines 64 ; failed lines 0)
FAMILY VERIFY PASS
