FACTORIZATION: 32 irreducible factors of degree 2 over F_1000526273: OK
59957539,0,1 RHO mem=True nz=True ynz=True cond=True claim_agree=True upper=0.967138298558  CERT
59957539,0,1 T   mem=True nz=True ynz=True cond=True claim_agree=True upper=2151.86577673  CERT
67215503,0,1 RHO mem=True nz=True ynz=True cond=True claim_agree=True upper=0.911280160091  CERT
67215503,0,1 T   mem=True nz=True ynz=True cond=True claim_agree=True upper=2055.73126336  CERT
100176725,0,1 RHO mem=True nz=True ynz=True cond=True claim_agree=True upper=0.968429084820  CERT
100176725,0,1 T   mem=True nz=True ynz=True cond=True claim_agree=True upper=2152.32265448  CERT
107278731,0,1 RHO mem=True nz=True ynz=True cond=True claim_agree=True upper=0.947700502908  CERT
107278731,0,1 T   mem=True nz=True ynz=True cond=True claim_agree=True upper=2559.82240814  CERT
134236867,0,1 RHO mem=True nz=True ynz=True cond=True claim_agree=True upper=0.918774444579  CERT
134236867,0,1 T   mem=True nz=True ynz=True cond=True claim_agree=True upper=1861.20473412  CERT
153194883,0,1 RHO mem=True nz=True ynz=True cond=True claim_agree=True upper=0.962733707952  CERT
153194883,0,1 T   mem=True nz=True ynz=True cond=True claim_agree=True upper=2344.93917612  CERT
269539208,0,1 RHO mem=True nz=True ynz=True cond=True claim_agree=True upper=0.967138298558  CERT
269539208,0,1 T   mem=True nz=True ynz=True cond=True claim_agree=True upper=2632.73988231  CERT
281104719,0,1 RHO mem=True nz=True ynz=True cond=True claim_agree=True upper=0.968429084820  CERT
281104719,0,1 T   mem=True nz=True ynz=True cond=True claim_agree=True upper=2431.67150194  CERT
287208068,0,1 RHO mem=True nz=True ynz=True cond=True claim_agree=True upper=0.972509842216  CERT
287208068,0,1 T   mem=True nz=True ynz=True cond=True claim_agree=True upper=3102.01165810  CERT
297304149,0,1 RHO mem=True nz=True ynz=True cond=True claim_agree=True upper=0.979341000171  CERT
297304149,0,1 T   mem=True nz=True ynz=True cond=True claim_agree=True upper=2479.76860806  CERT
306808358,0,1 RHO mem=True nz=True ynz=True cond=True claim_agree=True upper=0.948816096965  CERT
306808358,0,1 T   mem=True nz=True ynz=True cond=True claim_agree=True upper=2380.69163874  CERT
317275800,0,1 RHO mem=True nz=True ynz=True cond=True claim_agree=True upper=0.962733707952  CERT
317275800,0,1 T   mem=True nz=True ynz=True cond=True claim_agree=True upper=3002.69419844  CERT
345319361,0,1 RHO mem=True nz=True ynz=True cond=True claim_agree=True upper=0.972509842216  CERT
345319361,0,1 T   mem=True nz=True ynz=True cond=True claim_agree=True upper=2874.06892988  CERT
350803991,0,1 RHO mem=True nz=True ynz=True cond=True claim_agree=True upper=0.911280160091  CERT
350803991,0,1 T   mem=True nz=True ynz=True cond=True claim_agree=True upper=2860.61921965  CERT
373133622,0,1 RHO mem=True nz=True ynz=True cond=True claim_agree=True upper=0.980641015767  CERT
373133622,0,1 T   mem=True nz=True ynz=True cond=True claim_agree=True upper=1967.40390602  CERT
460107091,0,1 RHO mem=True nz=True ynz=True cond=True claim_agree=True upper=0.948816096965  CERT
460107091,0,1 T   mem=True nz=True ynz=True cond=True claim_agree=True upper=2901.39311537  CERT
540419182,0,1 T   mem=True nz=True ynz=True cond=True claim_agree=True upper=3824.05988698  CERT
627392651,0,1 RHO mem=True nz=True ynz=True cond=True claim_agree=True upper=0.979341000171  CERT
627392651,0,1 T   mem=True nz=True ynz=True cond=True claim_agree=True upper=3870.89636001  CERT
649722282,0,1 RHO mem=True nz=True ynz=True cond=True claim_agree=True upper=0.971135245764  CERT
649722282,0,1 T   mem=True nz=True ynz=True cond=True claim_agree=True upper=2207.31894782  CERT
655206912,0,1 RHO mem=True nz=True ynz=True cond=True claim_agree=True upper=0.962740436103  CERT
655206912,0,1 T   mem=True nz=True ynz=True cond=True claim_agree=True upper=2765.61233611  CERT
683250473,0,1 RHO mem=True nz=True ynz=True cond=True claim_agree=True upper=0.944464788987  CERT
683250473,0,1 T   mem=True nz=True ynz=True cond=True claim_agree=True upper=1829.17552046  CERT
693717915,0,1 T   mem=True nz=True ynz=True cond=True claim_agree=True upper=2490.70907277  CERT
703222124,0,1 RHO mem=True nz=True ynz=True cond=True claim_agree=True upper=0.980641015767  CERT
703222124,0,1 T   mem=True nz=True ynz=True cond=True claim_agree=True upper=2126.91526994  CERT
713318205,0,1 RHO mem=True nz=True ynz=True cond=True claim_agree=True upper=0.962740436103  CERT
713318205,0,1 T   mem=True nz=True ynz=True cond=True claim_agree=True upper=2997.93276364  CERT
719421554,0,1 RHO mem=True nz=True ynz=True cond=True claim_agree=True upper=0.973634753555  CERT
719421554,0,1 T   mem=True nz=True ynz=True cond=True claim_agree=True upper=2710.94916942  CERT
730987065,0,1 RHO mem=True nz=True ynz=True cond=True claim_agree=True upper=0.934760032492  CERT
730987065,0,1 T   mem=True nz=True ynz=True cond=True claim_agree=True upper=2665.52009574  CERT
847331390,0,1 RHO mem=True nz=True ynz=True cond=True claim_agree=True upper=0.944464788987  CERT
847331390,0,1 T   mem=True nz=True ynz=True cond=True claim_agree=True upper=2176.64298842  CERT
866289406,0,1 RHO mem=True nz=True ynz=True cond=True claim_agree=True upper=0.947700502908  CERT
866289406,0,1 T   mem=True nz=True ynz=True cond=True claim_agree=True upper=2655.40685944  CERT
893247542,0,1 RHO mem=True nz=True ynz=True cond=True claim_agree=True upper=0.918774444579  CERT
893247542,0,1 T   mem=True nz=True ynz=True cond=True claim_agree=True upper=2282.48225371  CERT
900349548,0,1 RHO mem=True nz=True ynz=True cond=True claim_agree=True upper=0.973634753555  CERT
900349548,0,1 T   mem=True nz=True ynz=True cond=True claim_agree=True upper=2581.41518813  CERT
933310770,0,1 RHO mem=True nz=True ynz=True cond=True claim_agree=True upper=0.971135245764  CERT
933310770,0,1 T   mem=True nz=True ynz=True cond=True claim_agree=True upper=2758.22758255  CERT
940568734,0,1 RHO mem=True nz=True ynz=True cond=True claim_agree=True upper=0.934760032492  CERT
940568734,0,1 T   mem=True nz=True ynz=True cond=True claim_agree=True upper=2564.30983252  CERT
FAMILY VERIFY n=7 l=1000526273 : EXCLUDED (components certified 32 / 32 ; lines 62 ; failed lines 0)
FAMILY VERIFY PASS
