FACTORIZATION: 32 irreducible factors of degree 2 over F_1000734401: OK
23893420,0,1 RHO mem=True nz=True ynz=True cond=True claim_agree=True upper=0.943326847280  CERT
23893420,0,1 T   mem=True nz=True ynz=True cond=True claim_agree=True upper=2132.72004699  CERT
52685424,0,1 RHO mem=True nz=True ynz=True cond=True claim_agree=True upper=0.973023145282  CERT
52685424,0,1 T   mem=True nz=True ynz=True cond=True claim_agree=True upper=3037.41838868  CERT
58020053,0,1 RHO mem=True nz=True ynz=True cond=True claim_agree=True upper=0.901052682809  CERT
58020053,0,1 T   mem=True nz=True ynz=True cond=True claim_agree=True upper=1552.93763769  CERT
129412407,0,1 RHO mem=True nz=True ynz=True cond=True claim_agree=True upper=0.936904993755  CERT
129412407,0,1 T   mem=True nz=True ynz=True cond=True claim_agree=True upper=2243.08517106  CERT
137823138,0,1 RHO mem=True nz=True ynz=True cond=True claim_agree=True upper=0.925810894009  CERT
137823138,0,1 T   mem=True nz=True ynz=True cond=True claim_agree=True upper=2445.46867399  CERT
142748565,0,1 RHO mem=True nz=True ynz=True cond=True claim_agree=True upper=0.959413392885  CERT
142748565,0,1 T   mem=True nz=True ynz=True cond=True claim_agree=True upper=2716.79580322  CERT
159752975,0,1 RHO mem=True nz=True ynz=True cond=True claim_agree=True upper=0.901052682809  CERT
159752975,0,1 T   mem=True nz=True ynz=True cond=True claim_agree=True upper=2492.38543459  CERT
175257730,0,1 RHO mem=True nz=True ynz=True cond=True claim_agree=True upper=0.931642821200  CERT
175257730,0,1 T   mem=True nz=True ynz=True cond=True claim_agree=True upper=3156.11375633  CERT
219561450,0,1 RHO mem=True nz=True ynz=True cond=True claim_agree=True upper=0.973023145282  CERT
219561450,0,1 T   mem=True nz=True ynz=True cond=True claim_agree=True upper=2265.78228616  CERT
286978605,0,1 RHO mem=True nz=True ynz=True cond=True claim_agree=True upper=0.919698570493  CERT
286978605,0,1 T   mem=True nz=True ynz=True cond=True claim_agree=True upper=2952.16535341  CERT
299020634,0,1 RHO mem=True nz=True ynz=True cond=True claim_agree=True upper=0.931642821200  CERT
299020634,0,1 T   mem=True nz=True ynz=True cond=True claim_agree=True upper=2979.74713283  CERT
306353194,0,1 RHO mem=True nz=True ynz=True cond=True claim_agree=True upper=0.951532910238  CERT
306353194,0,1 T   mem=True nz=True ynz=True cond=True claim_agree=True upper=3368.80882412  CERT
373137192,0,1 RHO mem=True nz=True ynz=True cond=True claim_agree=True upper=0.956381921817  CERT
373137192,0,1 T   mem=True nz=True ynz=True cond=True claim_agree=True upper=2669.64407413  CERT
444945471,0,1 RHO mem=True nz=True ynz=True cond=True claim_agree=True upper=0.904146961502  CERT
444945471,0,1 T   mem=True nz=True ynz=True cond=True claim_agree=True upper=2882.93108875  CERT
450681910,0,1 RHO mem=True nz=True ynz=True cond=True claim_agree=True upper=0.950256425534  CERT
450681910,0,1 T   mem=True nz=True ynz=True cond=True claim_agree=True upper=2372.18898298  CERT
479565082,0,1 RHO mem=True nz=True ynz=True cond=True claim_agree=True upper=0.962271475960  CERT
479565082,0,1 T   mem=True nz=True ynz=True cond=True claim_agree=True upper=2080.98809108  CERT
521169319,0,1 RHO mem=True nz=True ynz=True cond=True claim_agree=True upper=0.943326847280  CERT
521169319,0,1 T   mem=True nz=True ynz=True cond=True claim_agree=True upper=1802.39085033  CERT
550052491,0,1 RHO mem=True nz=True ynz=True cond=True claim_agree=True upper=0.919698570493  CERT
550052491,0,1 T   mem=True nz=True ynz=True cond=True claim_agree=True upper=2110.90111144  CERT
555788930,0,1 RHO mem=True nz=True ynz=True cond=True claim_agree=True upper=0.959413392885  CERT
555788930,0,1 T   mem=True nz=True ynz=True cond=True claim_agree=True upper=2997.16021062  CERT
627597209,0,1 RHO mem=True nz=True ynz=True cond=True claim_agree=True upper=0.936904993755  CERT
627597209,0,1 T   mem=True nz=True ynz=True cond=True claim_agree=True upper=2576.38925218  CERT
694381207,0,1 RHO mem=True nz=True ynz=True cond=True claim_agree=True upper=0.925810894009  CERT
694381207,0,1 T   mem=True nz=True ynz=True cond=True claim_agree=True upper=2844.45793623  CERT
701713767,0,1 RHO mem=True nz=True ynz=True cond=True claim_agree=True upper=0.901516396929  CERT
701713767,0,1 T   mem=True nz=True ynz=True cond=True claim_agree=True upper=1625.15375975  CERT
713755796,0,1 RHO mem=True nz=True ynz=True cond=True claim_agree=True upper=0.950256425534  CERT
713755796,0,1 T   mem=True nz=True ynz=True cond=True claim_agree=True upper=2906.02346936  CERT
781172951,0,1 RHO mem=True nz=True ynz=True cond=True claim_agree=True upper=0.884873130906  CERT
781172951,0,1 T   mem=True nz=True ynz=True cond=True claim_agree=True upper=1413.59690749  CERT
825476671,0,1 RHO mem=True nz=True ynz=True cond=True claim_agree=True upper=0.901516396929  CERT
825476671,0,1 T   mem=True nz=True ynz=True cond=True claim_agree=True upper=2443.17076038  CERT
840981426,0,1 RHO mem=True nz=True ynz=True cond=True claim_agree=True upper=0.933574906723  CERT
840981426,0,1 T   mem=True nz=True ynz=True cond=True claim_agree=True upper=2552.85773173  CERT
857985836,0,1 RHO mem=True nz=True ynz=True cond=True claim_agree=True upper=0.904146961502  CERT
857985836,0,1 T   mem=True nz=True ynz=True cond=True claim_agree=True upper=1459.52512273  CERT
862911263,0,1 RHO mem=True nz=True ynz=True cond=True claim_agree=True upper=0.951532910238  CERT
862911263,0,1 T   mem=True nz=True ynz=True cond=True claim_agree=True upper=2213.27370697  CERT
871321994,0,1 RHO mem=True nz=True ynz=True cond=True claim_agree=True upper=0.956381921817  CERT
871321994,0,1 T   mem=True nz=True ynz=True cond=True claim_agree=True upper=2904.92817187  CERT
942714348,0,1 RHO mem=True nz=True ynz=True cond=True claim_agree=True upper=0.933574906723  CERT
942714348,0,1 T   mem=True nz=True ynz=True cond=True claim_agree=True upper=2327.75632548  CERT
948048977,0,1 RHO mem=True nz=True ynz=True cond=True claim_agree=True upper=0.884873130906  CERT
948048977,0,1 T   mem=True nz=True ynz=True cond=True claim_agree=True upper=2538.71807927  CERT
976840981,0,1 RHO mem=True nz=True ynz=True cond=True claim_agree=True upper=0.962271475960  CERT
976840981,0,1 T   mem=True nz=True ynz=True cond=True claim_agree=True upper=3015.52951815  CERT
FAMILY VERIFY n=7 l=1000734401 : EXCLUDED (components certified 32 / 32 ; lines 64 ; failed lines 0)
FAMILY VERIFY PASS
