FACTORIZATION: 32 irreducible factors of degree 2 over F_1000269377: OK
16631562,0,1 RHO mem=True nz=True ynz=True cond=True claim_agree=True upper=0.964352428430  CERT
16631562,0,1 T   mem=True nz=True ynz=True cond=True claim_agree=True upper=2688.13601440  CERT
155628709,0,1 RHO mem=True nz=True ynz=True cond=True claim_agree=True upper=0.966547455272  CERT
155628709,0,1 T   mem=True nz=True ynz=True cond=True claim_agree=True upper=2193.67432070  CERT
162580586,0,1 RHO mem=True nz=True ynz=True cond=True claim_agree=True upper=0.916963750295  CERT
162580586,0,1 T   mem=True nz=True ynz=True cond=True claim_agree=True upper=2064.05303187  CERT
168664882,0,1 RHO mem=True nz=True ynz=True cond=True claim_agree=True upper=0.957708221686  CERT
168664882,0,1 T   mem=True nz=True ynz=True cond=True claim_agree=True upper=2925.05792096  CERT
181765696,0,1 RHO mem=True nz=True ynz=True cond=True claim_agree=True upper=0.916963750295  CERT
181765696,0,1 T   mem=True nz=True ynz=True cond=True claim_agree=True upper=2176.45547358  CERT
188388995,0,1 RHO mem=True nz=True ynz=True cond=True claim_agree=True upper=0.966472406257  CERT
188388995,0,1 T   mem=True nz=True ynz=True cond=True claim_agree=True upper=2214.44920736  CERT
193032132,0,1 RHO mem=True nz=True ynz=True cond=True claim_agree=True upper=0.930451166396  CERT
193032132,0,1 T   mem=True nz=True ynz=True cond=True claim_agree=True upper=2314.51544802  CERT
198321211,0,1 RHO mem=True nz=True ynz=True cond=True claim_agree=True upper=0.966472406257  CERT
198321211,0,1 T   mem=True nz=True ynz=True cond=True claim_agree=True upper=2286.26684728  CERT
208021404,0,1 RHO mem=True nz=True ynz=True cond=True claim_agree=True upper=0.938985679691  CERT
208021404,0,1 T   mem=True nz=True ynz=True cond=True claim_agree=True upper=2628.19810655  CERT
225168122,0,1 RHO mem=True nz=True ynz=True cond=True claim_agree=True upper=0.948667711027  CERT
225168122,0,1 T   mem=True nz=True ynz=True cond=True claim_agree=True upper=2417.72188766  CERT
271715726,0,1 RHO mem=True nz=True ynz=True cond=True claim_agree=True upper=0.915861564983  CERT
271715726,0,1 T   mem=True nz=True ynz=True cond=True claim_agree=True upper=2044.27799702  CERT
300496811,0,1 RHO mem=True nz=True ynz=True cond=True claim_agree=True upper=0.936159100415  CERT
300496811,0,1 T   mem=True nz=True ynz=True cond=True claim_agree=True upper=2513.82542662  CERT
316686487,0,1 RHO mem=True nz=True ynz=True cond=True claim_agree=True upper=0.963623358861  CERT
316686487,0,1 T   mem=True nz=True ynz=True cond=True claim_agree=True upper=2761.12648538  CERT
419938396,0,1 RHO mem=True nz=True ynz=True cond=True claim_agree=True upper=0.959512990575  CERT
419938396,0,1 T   mem=True nz=True ynz=True cond=True claim_agree=True upper=2222.61007492  CERT
425825011,0,1 RHO mem=True nz=True ynz=True cond=True claim_agree=True upper=0.959512990575  CERT
425825011,0,1 T   mem=True nz=True ynz=True cond=True claim_agree=True upper=2743.98933453  CERT
439999801,0,1 RHO mem=True nz=True ynz=True cond=True claim_agree=True upper=0.936159100415  CERT
439999801,0,1 T   mem=True nz=True ynz=True cond=True claim_agree=True upper=2313.68284011  CERT
560269576,0,1 RHO mem=True nz=True ynz=True cond=True claim_agree=True upper=0.950920688593  CERT
560269576,0,1 T   mem=True nz=True ynz=True cond=True claim_agree=True upper=3015.55402764  CERT
574444366,0,1 RHO mem=True nz=True ynz=True cond=True claim_agree=True upper=0.935296976693  CERT
574444366,0,1 T   mem=True nz=True ynz=True cond=True claim_agree=True upper=1737.02111737  CERT
580330981,0,1 RHO mem=True nz=True ynz=True cond=True claim_agree=True upper=0.935296976693  CERT
580330981,0,1 T   mem=True nz=True ynz=True cond=True claim_agree=True upper=2522.22363539  CERT
683582890,0,1 RHO mem=True nz=True ynz=True cond=True claim_agree=True upper=0.930451166396  CERT
683582890,0,1 T   mem=True nz=True ynz=True cond=True claim_agree=True upper=2391.09742794  CERT
699772566,0,1 RHO mem=True nz=True ynz=True cond=True claim_agree=True upper=0.950920688593  CERT
699772566,0,1 T   mem=True nz=True ynz=True cond=True claim_agree=True upper=2210.23774222  CERT
728553651,0,1 RHO mem=True nz=True ynz=True cond=True claim_agree=True upper=0.938985679691  CERT
728553651,0,1 T   mem=True nz=True ynz=True cond=True claim_agree=True upper=2292.98501399  CERT
775101255,0,1 RHO mem=True nz=True ynz=True cond=True claim_agree=True upper=0.966547455272  CERT
775101255,0,1 T   mem=True nz=True ynz=True cond=True claim_agree=True upper=2109.61310840  CERT
792247973,0,1 RHO mem=True nz=True ynz=True cond=True claim_agree=True upper=0.915861564983  CERT
792247973,0,1 T   mem=True nz=True ynz=True cond=True claim_agree=True upper=2099.70706253  CERT
801948166,0,1 RHO mem=True nz=True ynz=True cond=True claim_agree=True upper=0.944521283823  CERT
801948166,0,1 T   mem=True nz=True ynz=True cond=True claim_agree=True upper=2670.54785047  CERT
807237245,0,1 RHO mem=True nz=True ynz=True cond=True claim_agree=True upper=0.963623358861  CERT
807237245,0,1 T   mem=True nz=True ynz=True cond=True claim_agree=True upper=2548.77669217  CERT
811880382,0,1 RHO mem=True nz=True ynz=True cond=True claim_agree=True upper=0.944521283823  CERT
811880382,0,1 T   mem=True nz=True ynz=True cond=True claim_agree=True upper=2270.95587136  CERT
818503681,0,1 RHO mem=True nz=True ynz=True cond=True claim_agree=True upper=0.951955256174  CERT
818503681,0,1 T   mem=True nz=True ynz=True cond=True claim_agree=True upper=2053.12087563  CERT
831604495,0,1 RHO mem=True nz=True ynz=True cond=True claim_agree=True upper=0.964352428430  CERT
831604495,0,1 T   mem=True nz=True ynz=True cond=True claim_agree=True upper=2167.75686198  CERT
837688791,0,1 RHO mem=True nz=True ynz=True cond=True claim_agree=True upper=0.951955256174  CERT
837688791,0,1 T   mem=True nz=True ynz=True cond=True claim_agree=True upper=2467.53214362  CERT
844640668,0,1 RHO mem=True nz=True ynz=True cond=True claim_agree=True upper=0.948667711027  CERT
844640668,0,1 T   mem=True nz=True ynz=True cond=True claim_agree=True upper=2970.22576612  CERT
983637815,0,1 RHO mem=True nz=True ynz=True cond=True claim_agree=True upper=0.957708221686  CERT
983637815,0,1 T   mem=True nz=True ynz=True cond=True claim_agree=True upper=2298.82335988  CERT
FAMILY VERIFY n=7 l=1000269377 : EXCLUDED (components certified 32 / 32 ; lines 64 ; failed lines 0)
FAMILY VERIFY PASS
