FACTORIZATION: 32 irreducible factors of degree 2 over F_1000599233: OK
5803325,0,1 RHO mem=True nz=True ynz=True cond=True claim_agree=True upper=0.936743159289  CERT
5803325,0,1 T   mem=True nz=True ynz=True cond=True claim_agree=True upper=2002.98860506  CERT
49359907,0,1 RHO mem=True nz=True ynz=True cond=True claim_agree=True upper=0.958092374978  CERT
49359907,0,1 T   mem=True nz=True ynz=True cond=True claim_agree=True upper=2843.18056648  CERT
54463425,0,1 RHO mem=True nz=True ynz=True cond=True claim_agree=True upper=0.963853406081  CERT
54463425,0,1 T   mem=True nz=True ynz=True cond=True claim_agree=True upper=2300.52720586  CERT
129641231,0,1 RHO mem=True nz=True ynz=True cond=True claim_agree=True upper=0.933793276307  CERT
129641231,0,1 T   mem=True nz=True ynz=True cond=True claim_agree=True upper=2465.81899784  CERT
141672891,0,1 RHO mem=True nz=True ynz=True cond=True claim_agree=True upper=0.950897664182  CERT
141672891,0,1 T   mem=True nz=True ynz=True cond=True claim_agree=True upper=2509.31556736  CERT
241143844,0,1 RHO mem=True nz=True ynz=True cond=True claim_agree=True upper=0.943967260481  CERT
241143844,0,1 T   mem=True nz=True ynz=True cond=True claim_agree=True upper=2306.51235486  CERT
243476661,0,1 RHO mem=True nz=True ynz=True cond=True claim_agree=True upper=0.936743159289  CERT
243476661,0,1 T   mem=True nz=True ynz=True cond=True claim_agree=True upper=2482.91516934  CERT
263975099,0,1 RHO mem=True nz=True ynz=True cond=True claim_agree=True upper=0.963853406081  CERT
263975099,0,1 T   mem=True nz=True ynz=True cond=True claim_agree=True upper=2872.60723869  CERT
275626319,0,1 RHO mem=True nz=True ynz=True cond=True claim_agree=True upper=0.933793276307  CERT
275626319,0,1 T   mem=True nz=True ynz=True cond=True claim_agree=True upper=2997.67414691  CERT
304123554,0,1 RHO mem=True nz=True ynz=True cond=True claim_agree=True upper=0.932505788987  CERT
304123554,0,1 T   mem=True nz=True ynz=True cond=True claim_agree=True upper=2601.17181915  CERT
342088474,0,1 RHO mem=True nz=True ynz=True cond=True claim_agree=True upper=0.960227796083  CERT
342088474,0,1 T   mem=True nz=True ynz=True cond=True claim_agree=True upper=2289.05201606  CERT
355254537,0,1 RHO mem=True nz=True ynz=True cond=True claim_agree=True upper=0.941578582120  CERT
355254537,0,1 T   mem=True nz=True ynz=True cond=True claim_agree=True upper=2472.45120811  CERT
392986616,0,1 RHO mem=True nz=True ynz=True cond=True claim_agree=True upper=0.932505788987  CERT
392986616,0,1 T   mem=True nz=True ynz=True cond=True claim_agree=True upper=2413.65763591  CERT
397197741,0,1 RHO mem=True nz=True ynz=True cond=True claim_agree=True upper=0.951679568428  CERT
397197741,0,1 T   mem=True nz=True ynz=True cond=True claim_agree=True upper=2896.93046607  CERT
480369200,0,1 RHO mem=True nz=True ynz=True cond=True claim_agree=True upper=0.943967260481  CERT
480369200,0,1 T   mem=True nz=True ynz=True cond=True claim_agree=True upper=2162.26874303  CERT
494530818,0,1 RHO mem=True nz=True ynz=True cond=True claim_agree=True upper=0.951679568428  CERT
494530818,0,1 T   mem=True nz=True ynz=True cond=True claim_agree=True upper=2264.78929938  CERT
506068415,0,1 RHO mem=True nz=True ynz=True cond=True claim_agree=True upper=0.954924735101  CERT
506068415,0,1 T   mem=True nz=True ynz=True cond=True claim_agree=True upper=2679.61766833  CERT
520230033,0,1 RHO mem=True nz=True ynz=True cond=True claim_agree=True upper=0.959798632609  CERT
520230033,0,1 T   mem=True nz=True ynz=True cond=True claim_agree=True upper=2575.00758435  CERT
603401492,0,1 RHO mem=True nz=True ynz=True cond=True claim_agree=True upper=0.954924735101  CERT
603401492,0,1 T   mem=True nz=True ynz=True cond=True claim_agree=True upper=2457.79791165  CERT
607612617,0,1 RHO mem=True nz=True ynz=True cond=True claim_agree=True upper=0.976392799213  CERT
607612617,0,1 T   mem=True nz=True ynz=True cond=True claim_agree=True upper=2690.76585890  CERT
645344696,0,1 RHO mem=True nz=True ynz=True cond=True claim_agree=True upper=0.950897664182  CERT
645344696,0,1 T   mem=True nz=True ynz=True cond=True claim_agree=True upper=2029.37913288  CERT
658510759,0,1 RHO mem=True nz=True ynz=True cond=True claim_agree=True upper=0.955527430871  CERT
658510759,0,1 T   mem=True nz=True ynz=True cond=True claim_agree=True upper=2372.87024508  CERT
696475679,0,1 RHO mem=True nz=True ynz=True cond=True claim_agree=True upper=0.976392799213  CERT
696475679,0,1 T   mem=True nz=True ynz=True cond=True claim_agree=True upper=2685.68311907  CERT
724972914,0,1 RHO mem=True nz=True ynz=True cond=True claim_agree=True upper=0.968543868900  CERT
724972914,0,1 T   mem=True nz=True ynz=True cond=True claim_agree=True upper=2760.17490708  CERT
736624134,0,1 RHO mem=True nz=True ynz=True cond=True claim_agree=True upper=0.952827064490  CERT
736624134,0,1 T   mem=True nz=True ynz=True cond=True claim_agree=True upper=2458.16423384  CERT
757122572,0,1 RHO mem=True nz=True ynz=True cond=True claim_agree=True upper=0.976666078977  CERT
757122572,0,1 T   mem=True nz=True ynz=True cond=True claim_agree=True upper=2960.99092931  CERT
759455389,0,1 RHO mem=True nz=True ynz=True cond=True claim_agree=True upper=0.959798632609  CERT
759455389,0,1 T   mem=True nz=True ynz=True cond=True claim_agree=True upper=2962.94531822  CERT
858926342,0,1 RHO mem=True nz=True ynz=True cond=True claim_agree=True upper=0.941578582120  CERT
858926342,0,1 T   mem=True nz=True ynz=True cond=True claim_agree=True upper=2139.47552639  CERT
870958002,0,1 RHO mem=True nz=True ynz=True cond=True claim_agree=True upper=0.968543868900  CERT
870958002,0,1 T   mem=True nz=True ynz=True cond=True claim_agree=True upper=2474.68184511  CERT
946135808,0,1 RHO mem=True nz=True ynz=True cond=True claim_agree=True upper=0.952827064490  CERT
946135808,0,1 T   mem=True nz=True ynz=True cond=True claim_agree=True upper=2946.04110537  CERT
951239326,0,1 RHO mem=True nz=True ynz=True cond=True claim_agree=True upper=0.960227796083  CERT
951239326,0,1 T   mem=True nz=True ynz=True cond=True claim_agree=True upper=2173.36873380  CERT
994795908,0,1 RHO mem=True nz=True ynz=True cond=True claim_agree=True upper=0.976666078977  CERT
994795908,0,1 T   mem=True nz=True ynz=True cond=True claim_agree=True upper=2766.85419497  CERT
FAMILY VERIFY n=7 l=1000599233 : EXCLUDED (components certified 32 / 32 ; lines 64 ; failed lines 0)
FAMILY VERIFY PASS
