START 2026-08-26T10:53:31Z
MO2016 Example 1.6 check: G(3,3,2) = 42407.495 (paper: 4.3e4 rounded up)
n r    N   c   D_gram lo (10 dig)   D_gram/D_dft-1 rad   min|hat|3!|k lo  C3rel lo / hi (10 dig)                  G(3,r,1) lo  G(3,r,2) lo   f1? f2?
1 1    3   2  1.471009014  4.63e-1202  1.59620  1.391237825 / 1.391237826  3.98554  1.99638  True True
2 1    9   2  10.81753711  1.22e-1201  3.12604  2.763643659 / 2.763643660  3.98554  1.99638  True True
2 2    9   6  978.2993042  4.61e-1198  3.12604  48.93887177 / 48.93887178  189.926  13.7813  True True
3 1   27   2  42.92134754  5.16e-1201  3.76437  3.412396688 / 3.412396689  3.98554  1.99638  True True
3 2   27   6  77996.98048  6.71e-1198  3.76437  117.5865193 / 117.5865194  189.926  13.7813  True True
3 3   27  18  6.052456008e13  1.78e-1185  3.76437  5.443775217e7 / 5.443775218e7  1.79839e9  42407.4  True True
4 1   81   2  143.3993513  2.62e-1200  6.04850  3.714773358 / 3.714773359  3.98554  1.99638  True True
4 2   81   6  2.945051903e6  2.62e-1197  6.04850  153.5923601 / 153.5923602  189.926  13.7813  True True
4 3   81  18  2.387889803e19  1.49e-1187  6.04850  8.891470071e8 / 8.891470072e8  1.79839e9  42407.4  True True
4 4   81  54  3.256633159e54  8.69e-1147  6.04850  1.072749779e33 / 1.072749780e33  3.71114e37  6.09191e18  True True
5 1  243   2  449.0127300  1.38e-1199  12.3956  3.848017679 / 3.848017680  3.98554  1.99638  True True
5 2  243   6  9.051487290e7  1.05e-1196  12.3956  170.9135185 / 170.9135186  189.926  13.7813  True True
5 3  243  18  7.246608678e23  5.17e-1187  12.3956  1.280659056e9 / 1.280659057e9  1.79839e9  42407.4  True True
5 4  243  54  1.736139652e71  7.03e-1156  12.3956  6.114099830e36 / 6.114099831e36  3.71114e37  6.09191e18  True True
5 5  243 162  2.372653050e202  9.36e-1020  12.3956  1.738128864e133 / 1.738128865e133  8.57287e146  2.92794e73  True True
R17 P3 COVOL CERT DONE ; rows 15 ; script sha256 fecbbbd0ca19
RC=0 DONE 2026-08-26T10:57:24Z
