  comp   0 f=26896467,0,1  rho=0.94432  T=2210.9  PASS_RHO  1s
  comp   1 f=100777506,0,1  rho=0.93792  T=2147.4  PASS_RHO  0s
  comp   2 f=104713476,0,1  rho=0.96556  T=2392.8  PASS_RHO  0s
  comp   3 f=119270357,0,1  rho=0.95665  T=2486.3  PASS_RHO  0s
  comp   4 f=165791642,0,1  rho=0.93792  T=2076.9  PASS_RHO  0s
  comp   5 f=178485892,0,1  rho=0.92203  T=2585.4  PASS_RHO  0s
  comp   6 f=180194688,0,1  rho=0.96395  T=2732.6  PASS_RHO  0s
  comp   7 f=210564112,0,1  rho=0.92203  T=2750.2  PASS_RHO  0s
  comp   8 f=233862715,0,1  rho=1.02182  T=4458.9  OPEN_NEAR  0s
  comp   9 f=264056494,0,1  rho=0.94855  T=2739.4  PASS_RHO  0s
  comp  10 f=344296214,0,1  rho=0.95665  T=2199.0  PASS_RHO  0s
  comp  11 f=388194866,0,1  rho=0.94855  T=2353.5  PASS_RHO  0s
  comp  12 f=398576672,0,1  rho=0.96279  T=2923.0  PASS_RHO  0s
  comp  13 f=403609033,0,1  rho=0.95440  T=3172.1  PASS_RHO  0s
  comp  14 f=407199427,0,1  rho=0.96228  T=2288.9  PASS_RHO  1s
  comp  15 f=486414871,0,1  rho=0.97212  T=2745.8  PASS_RHO  0s
  comp  16 f=514577322,0,1  rho=0.94194  T=2541.8  PASS_RHO  0s
  comp  17 f=593792766,0,1  rho=0.94432  T=2632.0  PASS_RHO  0s
  comp  18 f=597383160,0,1  rho=0.96556  T=3179.4  PASS_RHO  1s
  comp  19 f=602415521,0,1  rho=0.96395  T=2439.5  PASS_RHO  0s
  comp  20 f=612797327,0,1  rho=0.95479  T=2188.7  PASS_RHO  0s
  comp  21 f=656695979,0,1  rho=0.96460  T=2614.5  PASS_RHO  1s
  comp  22 f=736935699,0,1  rho=0.95479  T=2510.6  PASS_RHO  0s
  comp  23 f=767129478,0,1  rho=0.94194  T=1983.4  PASS_RHO  1s
  comp  24 f=790428081,0,1  rho=0.96477  T=2120.6  PASS_RHO  0s
  comp  25 f=820797505,0,1  rho=0.96279  T=2586.8  PASS_RHO  0s
  comp  26 f=822506301,0,1  rho=0.96477  T=2386.4  PASS_RHO  0s
  comp  27 f=835200551,0,1  rho=0.97792  T=3057.9  PASS_RHO  0s
  comp  28 f=881721836,0,1  rho=0.96460  T=2713.9  PASS_RHO  1s
  comp  29 f=896278717,0,1  rho=0.95440  T=2501.5  PASS_RHO  0s
  comp  30 f=900214687,0,1  rho=0.97792  T=2485.4  PASS_RHO  0s
  comp  31 f=974095726,0,1  rho=0.96228  T=2510.3  PASS_RHO  1s
FAMILY GEN n=7 l=1000992193 : INCOMPLETE ; PASS 31 / 32 ; OPEN_NEAR 1 ; OPEN_FAR 0 ; 15s
FAMILY GEN DONE n=7 l=1000992193
