  comp   0 f=46386532,0,1  rho=1.00199  T=2836.3  PASS_T  1s
  comp   1 f=122219518,0,1  rho=0.95719  T=2599.6  PASS_RHO  0s
  comp   2 f=136606035,0,1  rho=0.94246  T=2685.0  PASS_RHO  1s
  comp   3 f=152952838,0,1  rho=0.95268  T=2422.0  PASS_RHO  0s
  comp   4 f=164197107,0,1  rho=0.97588  T=2266.5  PASS_RHO  0s
  comp   5 f=212544379,0,1  rho=0.96798  T=2911.8  PASS_RHO  1s
  comp   6 f=226406882,0,1  rho=0.96710  T=2639.7  PASS_RHO  0s
  comp   7 f=241969103,0,1  rho=0.93892  T=2436.0  PASS_RHO  1s
  comp   8 f=306454284,0,1  rho=0.96247  T=2375.5  PASS_RHO  0s
  comp   9 f=356261777,0,1  rho=0.98557  T=2989.9  PASS_RHO  1s
  comp  10 f=360825623,0,1  rho=0.94441  T=2592.7  PASS_RHO  0s
  comp  11 f=426985061,0,1  rho=0.96459  T=1949.7  PASS_RHO  0s
  comp  12 f=428556002,0,1  rho=0.93892  T=2144.7  PASS_RHO  0s
  comp  13 f=432756678,0,1  rho=0.99139  T=2407.0  PASS_RHO  0s
  comp  14 f=453740395,0,1  rho=0.97294  T=2274.7  PASS_RHO  0s
  comp  15 f=492383593,0,1  rho=0.94441  T=1772.4  PASS_RHO  0s
  comp  16 f=508424664,0,1  rho=0.95534  T=2581.4  PASS_RHO  1s
  comp  17 f=547067862,0,1  rho=0.94246  T=3328.1  PASS_RHO  0s
  comp  18 f=568051579,0,1  rho=0.98557  T=2872.0  PASS_RHO  1s
  comp  19 f=572252255,0,1  rho=0.96558  T=2911.7  PASS_RHO  0s
  comp  20 f=573823196,0,1  rho=0.96247  T=2255.0  PASS_RHO  0s
  comp  21 f=639982634,0,1  rho=0.95534  T=2778.3  PASS_RHO  1s
  comp  22 f=644546480,0,1  rho=0.99139  T=2483.4  PASS_RHO  0s
  comp  23 f=694353973,0,1  rho=0.96459  T=3175.6  PASS_RHO  0s
  comp  24 f=758839154,0,1  rho=0.96558  T=2465.8  PASS_RHO  0s
  comp  25 f=774401375,0,1  rho=0.96798  T=2638.5  PASS_RHO  0s
  comp  26 f=788263878,0,1  rho=0.96710  T=2630.9  PASS_RHO  0s
  comp  27 f=836611150,0,1  rho=0.95268  T=2904.0  PASS_RHO  0s
  comp  28 f=847855419,0,1  rho=0.97588  T=2969.4  PASS_RHO  0s
  comp  29 f=864202222,0,1  rho=0.97294  T=3222.7  PASS_RHO  0s
  comp  30 f=878588739,0,1  rho=1.00495  T=3529.7  PASS_T  1s
  comp  31 f=954421725,0,1  rho=0.95719  T=2769.1  PASS_RHO  0s
FAMILY GEN n=7 l=1000808257 : EXCLUSION_CANDIDATE ; PASS 32 / 32 ; OPEN_NEAR 0 ; OPEN_FAR 0 ; 16s
FAMILY GEN DONE n=7 l=1000808257
