  comp   0 f=39188525,0,1  rho=0.94189  T=1907.7  PASS_RHO  1s
  comp   1 f=82399074,0,1  rho=0.94679  T=2866.3  PASS_RHO  1s
  comp   2 f=101239082,0,1  rho=0.96950  T=2453.1  PASS_RHO  0s
  comp   3 f=102893201,0,1  rho=0.98141  T=2187.8  PASS_RHO  1s
  comp   4 f=135012115,0,1  rho=0.93405  T=1893.7  PASS_RHO  1s
  comp   5 f=143349913,0,1  rho=0.97375  T=2429.6  PASS_RHO  1s
  comp   6 f=169164730,0,1  rho=0.93405  T=1905.9  PASS_RHO  0s
  comp   7 f=173791871,0,1  rho=1.00013  T=3200.6  PASS_T  1s
  comp   8 f=190168225,0,1  rho=0.95306  T=2427.1  PASS_RHO  1s
  comp   9 f=196941192,0,1  rho=0.96366  T=3053.3  PASS_RHO  1s
  comp  10 f=215155862,0,1  rho=0.95292  T=2567.5  PASS_RHO  0s
  comp  11 f=267145927,0,1  rho=0.96540  T=3392.7  PASS_RHO  1s
  comp  12 f=285058692,0,1  rho=0.96317  T=2346.5  PASS_RHO  0s
  comp  13 f=382072545,0,1  rho=0.96317  T=2403.1  PASS_RHO  0s
  comp  14 f=382993278,0,1  rho=0.98141  T=2802.0  PASS_RHO  1s
  comp  15 f=450773116,0,1  rho=0.94343  T=3647.3  PASS_RHO  0s
  comp  16 f=549932613,0,1  rho=0.95306  T=2759.4  PASS_RHO  1s
  comp  17 f=617712451,0,1  rho=0.96170  T=3178.3  PASS_RHO  1s
  comp  18 f=618633184,0,1  rho=0.95399  T=3246.5  PASS_RHO  1s
  comp  19 f=715647037,0,1  rho=0.95399  T=2516.1  PASS_RHO  1s
  comp  20 f=733559802,0,1  rho=0.96950  T=2773.0  PASS_RHO  0s
  comp  21 f=785549867,0,1  rho=0.94679  T=2701.4  PASS_RHO  0s
  comp  22 f=803764537,0,1  rho=0.97375  T=2371.1  PASS_RHO  0s
  comp  23 f=810537504,0,1  rho=0.94343  T=2918.5  PASS_RHO  1s
  comp  24 f=826913858,0,1  rho=0.94189  T=2849.8  PASS_RHO  0s
  comp  25 f=831540999,0,1  rho=0.93370  T=3092.3  PASS_RHO  1s
  comp  26 f=857355816,0,1  rho=0.96366  T=2542.4  PASS_RHO  1s
  comp  27 f=865693614,0,1  rho=0.93370  T=2465.1  PASS_RHO  1s
  comp  28 f=897812528,0,1  rho=0.96170  T=2316.4  PASS_RHO  0s
  comp  29 f=899466647,0,1  rho=0.96540  T=2931.2  PASS_RHO  1s
  comp  30 f=918306655,0,1  rho=0.95292  T=3008.1  PASS_RHO  0s
  comp  31 f=961517204,0,1  rho=1.00013  T=3205.4  PASS_T  1s
FAMILY GEN n=7 l=1000705729 : EXCLUSION_CANDIDATE ; PASS 32 / 32 ; OPEN_NEAR 0 ; OPEN_FAR 0 ; 17s
FAMILY GEN DONE n=7 l=1000705729
