  comp   0 f=58099065,0,1  rho=0.96330  T=2474.4  PASS_RHO  1s
  comp   1 f=63177375,0,1  rho=0.94984  T=3114.0  PASS_RHO  1s
  comp   2 f=85450413,0,1  rho=0.99404  T=2441.3  PASS_RHO  1s
  comp   3 f=92912034,0,1  rho=0.98292  T=3362.5  PASS_RHO  1s
  comp   4 f=100470401,0,1  rho=0.98292  T=3133.3  PASS_RHO  1s
  comp   5 f=127959512,0,1  rho=0.94911  T=2880.7  PASS_RHO  1s
  comp   6 f=188643358,0,1  rho=0.93099  T=2192.1  PASS_RHO  0s
  comp   7 f=266578281,0,1  rho=0.97475  T=2460.7  PASS_RHO  1s
  comp   8 f=287378864,0,1  rho=0.97127  T=2722.8  PASS_RHO  0s
  comp   9 f=296219622,0,1  rho=1.00932  T=3056.0  PASS_T  1s
  comp  10 f=320646273,0,1  rho=0.93099  T=2405.7  PASS_RHO  0s
  comp  11 f=348479533,0,1  rho=0.97352  T=4026.2  PASS_RHO  1s
  comp  12 f=356520434,0,1  rho=0.90007  T=1640.4  PASS_RHO  0s
  comp  13 f=377059571,0,1  rho=0.96658  T=2941.3  PASS_RHO  0s
  comp  14 f=391928479,0,1  rho=0.93630  T=3056.1  PASS_RHO  1s
  comp  15 f=430909489,0,1  rho=0.94911  T=2919.8  PASS_RHO  1s
  comp  16 f=570315408,0,1  rho=0.94214  T=3054.1  PASS_RHO  1s
  comp  17 f=609296418,0,1  rho=0.97475  T=2265.4  PASS_RHO  1s
  comp  18 f=624165326,0,1  rho=0.97127  T=2771.2  PASS_RHO  1s
  comp  19 f=644704463,0,1  rho=0.96330  T=2365.2  PASS_RHO  1s
  comp  20 f=652745364,0,1  rho=0.99404  T=2782.6  PASS_RHO  1s
  comp  21 f=680578624,0,1  rho=0.98921  T=2264.5  PASS_RHO  1s
  comp  22 f=705005275,0,1  rho=0.94984  T=3108.5  PASS_RHO  1s
  comp  23 f=713846033,0,1  rho=0.96658  T=3216.5  PASS_RHO  0s
  comp  24 f=734646616,0,1  rho=0.93630  T=2519.4  PASS_RHO  1s
  comp  25 f=812581539,0,1  rho=0.98921  T=2243.8  PASS_RHO  1s
  comp  26 f=873265385,0,1  rho=0.94214  T=2868.2  PASS_RHO  1s
  comp  27 f=900754496,0,1  rho=0.92817  T=2780.3  PASS_RHO  0s
  comp  28 f=908312863,0,1  rho=0.92817  T=2918.1  PASS_RHO  1s
  comp  29 f=915774484,0,1  rho=0.97352  T=3499.7  PASS_RHO  0s
  comp  30 f=938047522,0,1  rho=1.00837  T=3089.0  PASS_T  1s
  comp  31 f=943125832,0,1  rho=0.90007  T=2153.4  PASS_RHO  0s
FAMILY GEN n=7 l=1001224897 : EXCLUSION_CANDIDATE ; PASS 32 / 32 ; OPEN_NEAR 0 ; OPEN_FAR 0 ; 17s
FAMILY GEN DONE n=7 l=1001224897
