  comp   0 f=59957539,0,1  rho=0.96714  T=2151.9  PASS_RHO  1s
  comp   1 f=67215503,0,1  rho=0.91128  T=2055.7  PASS_RHO  0s
  comp   2 f=100176725,0,1  rho=0.96843  T=2152.3  PASS_RHO  0s
  comp   3 f=107278731,0,1  rho=0.94770  T=2559.8  PASS_RHO  0s
  comp   4 f=134236867,0,1  rho=0.91877  T=1861.2  PASS_RHO  0s
  comp   5 f=153194883,0,1  rho=0.96273  T=2344.9  PASS_RHO  0s
  comp   6 f=269539208,0,1  rho=0.96714  T=2632.7  PASS_RHO  0s
  comp   7 f=281104719,0,1  rho=0.96843  T=2431.7  PASS_RHO  0s
  comp   8 f=287208068,0,1  rho=0.97251  T=3102.0  PASS_RHO  0s
  comp   9 f=297304149,0,1  rho=0.97934  T=2479.8  PASS_RHO  0s
  comp  10 f=306808358,0,1  rho=0.94882  T=2380.7  PASS_RHO  0s
  comp  11 f=317275800,0,1  rho=0.96273  T=3002.7  PASS_RHO  1s
  comp  12 f=345319361,0,1  rho=0.97251  T=2874.1  PASS_RHO  0s
  comp  13 f=350803991,0,1  rho=0.91128  T=2860.6  PASS_RHO  0s
  comp  14 f=373133622,0,1  rho=0.98064  T=1967.4  PASS_RHO  0s
  comp  15 f=460107091,0,1  rho=0.94882  T=2901.4  PASS_RHO  0s
  comp  16 f=540419182,0,1  rho=1.00243  T=3824.1  PASS_T  0s
  comp  17 f=627392651,0,1  rho=0.97934  T=3870.9  PASS_RHO  0s
  comp  18 f=649722282,0,1  rho=0.97114  T=2207.3  PASS_RHO  0s
  comp  19 f=655206912,0,1  rho=0.96274  T=2765.6  PASS_RHO  0s
  comp  20 f=683250473,0,1  rho=0.94446  T=1829.2  PASS_RHO  0s
  comp  21 f=693717915,0,1  rho=1.00051  T=2490.7  PASS_T  1s
  comp  22 f=703222124,0,1  rho=0.98064  T=2126.9  PASS_RHO  0s
  comp  23 f=713318205,0,1  rho=0.96274  T=2997.9  PASS_RHO  0s
  comp  24 f=719421554,0,1  rho=0.97363  T=2710.9  PASS_RHO  0s
  comp  25 f=730987065,0,1  rho=0.93476  T=2665.5  PASS_RHO  0s
  comp  26 f=847331390,0,1  rho=0.94446  T=2176.6  PASS_RHO  0s
  comp  27 f=866289406,0,1  rho=0.94770  T=2655.4  PASS_RHO  0s
  comp  28 f=893247542,0,1  rho=0.91877  T=2282.5  PASS_RHO  0s
  comp  29 f=900349548,0,1  rho=0.97363  T=2581.4  PASS_RHO  0s
  comp  30 f=933310770,0,1  rho=0.97114  T=2758.2  PASS_RHO  0s
  comp  31 f=940568734,0,1  rho=0.93476  T=2564.3  PASS_RHO  0s
FAMILY GEN n=7 l=1000526273 : EXCLUSION_CANDIDATE ; PASS 32 / 32 ; OPEN_NEAR 0 ; OPEN_FAR 0 ; 14s
FAMILY GEN DONE n=7 l=1000526273
