  comp   0 f=34826310,0,1  rho=0.96457  T=2096.6  PASS_RHO  1s
  comp   1 f=98219064,0,1  rho=0.96963  T=2572.3  PASS_RHO  1s
  comp   2 f=150115872,0,1  rho=0.96596  T=2865.0  PASS_RHO  0s
  comp   3 f=153985883,0,1  rho=0.96489  T=2760.1  PASS_RHO  0s
  comp   4 f=155369856,0,1  rho=0.96457  T=2449.5  PASS_RHO  1s
  comp   5 f=158634611,0,1  rho=0.96963  T=2545.5  PASS_RHO  1s
  comp   6 f=193530570,0,1  rho=0.97063  T=2678.7  PASS_RHO  1s
  comp   7 f=310189927,0,1  rho=0.94268  T=2770.4  PASS_RHO  1s
  comp   8 f=322951745,0,1  rho=0.92013  T=2961.9  PASS_RHO  1s
  comp   9 f=379307591,0,1  rho=0.95251  T=3147.7  PASS_RHO  1s
  comp  10 f=383043575,0,1  rho=0.92013  T=2245.0  PASS_RHO  0s
  comp  11 f=402049405,0,1  rho=0.95676  T=2349.0  PASS_RHO  0s
  comp  12 f=415622882,0,1  rho=1.01201  T=3534.8  PASS_T  0s
  comp  13 f=427019207,0,1  rho=0.95676  T=1800.8  PASS_RHO  0s
  comp  14 f=427864079,0,1  rho=0.95251  T=2064.0  PASS_RHO  1s
  comp  15 f=462466261,0,1  rho=0.98195  T=2985.9  PASS_RHO  0s
  comp  16 f=537643116,0,1  rho=0.99735  T=2237.6  PASS_RHO  1s
  comp  17 f=572245298,0,1  rho=0.98239  T=3070.9  PASS_RHO  0s
  comp  18 f=573090170,0,1  rho=1.00013  T=3160.0  PASS_T  0s
  comp  19 f=584486495,0,1  rho=0.98195  T=2906.3  PASS_RHO  0s
  comp  20 f=598059972,0,1  rho=1.00013  T=2546.5  PASS_T  1s
  comp  21 f=617065802,0,1  rho=0.98795  T=2673.1  PASS_RHO  1s
  comp  22 f=620801786,0,1  rho=0.98239  T=2277.7  PASS_RHO  0s
  comp  23 f=677157632,0,1  rho=0.98795  T=3041.1  PASS_RHO  1s
  comp  24 f=689919450,0,1  rho=0.96489  T=2771.0  PASS_RHO  0s
  comp  25 f=806578807,0,1  rho=0.96596  T=2711.0  PASS_RHO  0s
  comp  26 f=841474766,0,1  rho=0.95275  T=2380.3  PASS_RHO  0s
  comp  27 f=844739521,0,1  rho=0.97955  T=2909.4  PASS_RHO  1s
  comp  28 f=846123494,0,1  rho=0.94268  T=3052.8  PASS_RHO  1s
  comp  29 f=849993505,0,1  rho=0.97063  T=3028.4  PASS_RHO  1s
  comp  30 f=901890313,0,1  rho=0.95275  T=2149.5  PASS_RHO  0s
  comp  31 f=965283067,0,1  rho=0.97955  T=2843.3  PASS_RHO  1s
FAMILY GEN n=7 l=1000109377 : EXCLUSION_CANDIDATE ; PASS 32 / 32 ; OPEN_NEAR 0 ; OPEN_FAR 0 ; 16s
FAMILY GEN DONE n=7 l=1000109377
