  comp   0 f=826730,0,1  rho=0.96706  T=2794.7  PASS_RHO  1s
  comp   1 f=29936075,0,1  rho=1.00044  T=2515.7  PASS_T  1s
  comp   2 f=50745164,0,1  rho=0.95929  T=2181.2  PASS_RHO  1s
  comp   3 f=96091470,0,1  rho=0.98400  T=2668.8  PASS_RHO  1s
  comp   4 f=99559735,0,1  rho=0.98400  T=2863.3  PASS_RHO  1s
  comp   5 f=112960673,0,1  rho=0.97007  T=2615.1  PASS_RHO  1s
  comp   6 f=155719047,0,1  rho=0.97007  T=2630.2  PASS_RHO  0s
  comp   7 f=164246106,0,1  rho=0.95466  T=3091.2  PASS_RHO  1s
  comp   8 f=179212982,0,1  rho=0.96360  T=2615.7  PASS_RHO  0s
  comp   9 f=196572624,0,1  rho=0.98623  T=2222.4  PASS_RHO  1s
  comp  10 f=229747984,0,1  rho=0.94440  T=2464.2  PASS_RHO  0s
  comp  11 f=239297791,0,1  rho=0.96360  T=2805.1  PASS_RHO  1s
  comp  12 f=250118457,0,1  rho=0.96706  T=2905.5  PASS_RHO  1s
  comp  13 f=285515306,0,1  rho=0.94266  T=1969.5  PASS_RHO  0s
  comp  14 f=341025661,0,1  rho=0.98204  T=2209.5  PASS_RHO  1s
  comp  15 f=387117000,0,1  rho=1.00044  T=3093.4  PASS_T  1s
  comp  16 f=613364089,0,1  rho=0.91963  T=2140.2  PASS_RHO  0s
  comp  17 f=659455428,0,1  rho=0.95466  T=2828.6  PASS_RHO  0s
  comp  18 f=714965783,0,1  rho=0.98623  T=2993.9  PASS_RHO  1s
  comp  19 f=750362632,0,1  rho=0.96840  T=2566.4  PASS_RHO  1s
  comp  20 f=761183298,0,1  rho=0.92833  T=1605.5  PASS_RHO  0s
  comp  21 f=770733105,0,1  rho=0.95929  T=2514.9  PASS_RHO  1s
  comp  22 f=803908465,0,1  rho=0.94266  T=2421.0  PASS_RHO  0s
  comp  23 f=821268107,0,1  rho=0.92833  T=2449.9  PASS_RHO  1s
  comp  24 f=836234983,0,1  rho=0.98204  T=2681.4  PASS_RHO  1s
  comp  25 f=844762042,0,1  rho=0.96954  T=2715.1  PASS_RHO  1s
  comp  26 f=887520416,0,1  rho=0.96954  T=2281.3  PASS_RHO  0s
  comp  27 f=900921354,0,1  rho=0.94744  T=2499.1  PASS_RHO  0s
  comp  28 f=904389619,0,1  rho=0.94744  T=2518.3  PASS_RHO  0s
  comp  29 f=949735925,0,1  rho=0.94440  T=2694.1  PASS_RHO  1s
  comp  30 f=970545014,0,1  rho=0.91963  T=2050.9  PASS_RHO  0s
  comp  31 f=999654359,0,1  rho=0.96840  T=2986.4  PASS_RHO  1s
FAMILY GEN n=7 l=1000481089 : EXCLUSION_CANDIDATE ; PASS 32 / 32 ; OPEN_NEAR 0 ; OPEN_FAR 0 ; 17s
FAMILY GEN DONE n=7 l=1000481089
