=== (c) prod |1-chi(3)| = 2 exactly (hw 32)
n= 2  prod(1-chi(3)) = 2  ; Phi_{2^n}(1) = 2
n= 3  prod(1-chi(3)) = 2  ; Phi_{2^n}(1) = 2
n= 4  prod(1-chi(3)) = 2  ; Phi_{2^n}(1) = 2
n= 5  prod(1-chi(3)) = 2  ; Phi_{2^n}(1) = 2
n= 6  prod(1-chi(3)) = 2  ; Phi_{2^n}(1) = 2
n= 7  prod(1-chi(3)) = 2  ; Phi_{2^n}(1) = 2
n= 8  prod(1-chi(3)) = 2  ; Phi_{2^n}(1) = 2
n= 9  prod(1-chi(3)) = 2  ; Phi_{2^n}(1) = 2
n=10  prod(1-chi(3)) = 2  ; Phi_{2^n}(1) = 2
n=11  prod(1-chi(3)) = 2  ; Phi_{2^n}(1) = 2
n=12  prod(1-chi(3)) = 2  ; Phi_{2^n}(1) = 2
=== (a),(b): half-sum normalisation and Gram eigenvalue route (hw 30, 31)
n=2 m= 2  |S_G - S_half| <= 1.059e-148 ; Gram-eigenvector residual <= 5.185e-148 ; D_n(det) = 11.081770738681203227072120127345 ; D_n(char) = 11.081770738681203227072120127345 ; diff <= 4.788e-148
n=3 m= 4  |S_G - S_half| <= 1.154e-147 ; Gram-eigenvector residual <= 4.925e-147 ; D_n(det) = 403.23690716553298370987792488588 ; D_n(char) = 403.23690716553298370987792488588 ; diff <= 2.834e-144
n=4 m= 8  |S_G - S_half| <= 4.885e-147 ; Gram-eigenvector residual <= 3.492e-146 ; D_n(det) = 1.6760132160352287178235247847198e6 ; D_n(char) = 1.6760132160352287178235247847198e6 ; diff <= 8.370e-137
n=5 m=16  |S_G - S_half| <= 3.326e-146 ; Gram-eigenvector residual <= 3.162e-145 ; D_n(det) = 5.7623374048109002151823896496374e14 ; D_n(char) = 5.7623374048109002151823896496374e14 ; diff <= 1.109e-120
n=6 m=32  |S_G - S_half| <= 1.577e-145 ; Gram-eigenvector residual <= 2.616e-144 ; D_n(det) = 7.5577726952756053229295566434550e33 ; D_n(char) = 7.5577726952756053229295566434550e33 ; diff <= 3.630e-85
n=7 m=64  |S_G - S_half| <= 1.110e-144 ; Gram-eigenvector residual <= 2.418e-143 ; D_n(det) = 1.6237931409594868494377880908869e77 ; D_n(char) = 1.6237931409594868494377880908869e77 ; diff <= 1.237e-08
=== (d),(e): L(1,chi) nonvanishing witness and RIGOROUS C_n enclosure via digamma (hw 33, 36)
n=2  min|L(1,chi)| >= 0.832232 ; log prod|L| in [-0.3672872397291371] ; C_n in [1.6925604837134912970661013, 1.6925604837134912970661013] ; log10 C_n = 0.22854419716437202
n=3  min|L(1,chi)| >= 0.857187 ; log prod|L| in [-0.2388003768426765] ; C_n in [3.5274560771871992851044359, 3.5274560771871992851044359] ; log10 C_n = 0.54746161475693444
n=4  min|L(1,chi)| >= 0.692571 ; log prod|L| in [-0.2241623463032294] ; C_n in [26.720149331314997017274995, 26.720149331314997017274995] ; log10 C_n = 1.4268388809586305
n=5  min|L(1,chi)| >= 0.689683 ; log prod|L| in [0.02332264631912884] ; C_n in [14417.240518948957997950907, 14417.240518948957997950907] ; log10 C_n = 4.1588821437345587
n=6  min|L(1,chi)| >= 0.581577 ; log prod|L| in [-0.3177468047140302] ; C_n in [1.9499490509021656126467224e11, 1.9499490509021656126467224e11] ; log10 C_n = 11.290023264079892
n=7  min|L(1,chi)| >= 0.546383 ; log prod|L| in [-0.3550083859944593] ; C_n in [1.7273421630363529579743234e30, 1.7273421630363529579743234e30] ; log10 C_n = 30.237378373931023
n=7 RIGOROUS: C_7 in [1.7273421630363529579743237623519834061e30, 1.7273421630363529579743237623519834061e30] (ball radius 2.1671821867e-115) ; r6 interval claim C_7 <= 1.7273421630363531e30 : True ; deg-2 threshold 1314283897427173^2 > C_7.upper(): True ; deg-1 threshold 1727342163036353095979941756929 > C_7.upper(): True ; Magma 40-digit value 1.72734216303635295797e30 inside ball: True
n=8  min|L(1,chi)| >= 0.535099 ; log prod|L| in [0.007677946226915450] ; C_n in [3.3448487792334907860141767e77, 3.3448487792334907860141767e77] ; log10 C_n = 77.524376488074267
n=9  min|L(1,chi)| >= 0.481330 ; log prod|L| in [-0.05056825347729466] ; C_n in [3.8298501662416453430441412e190, 3.8298501662416453430441412e190] ; log10 C_n = 190.58318178356467
R11 PROPD AUDIT DONE
