full inverse pairing (i <-> j):
  (0, 10)   c=30063488 <-> c=280492327
  (1, 15)   c=30912022 <-> c=447503416
  (2, 27)   c=42483948 <-> c=921814036
  (3, 20)   c=59955883 <-> c=696356009
  (4, 29)   c=78186285 <-> c=957516373
  (5, 23)   c=160612070 <-> c=731371227
  (6, 22)   c=191346380 <-> c=730354365
  (7, 19)   c=246360387 <-> c=688277935
  (8, 26)   c=268629094 <-> c=839388251
  (9, 25)   c=269645956 <-> c=808653941
  (11, 28)   c=303644312 <-> c=940044438
  (12, 24)   c=311722386 <-> c=753639934
  (13, 14)   c=424439170 <-> c=441230693
  (16, 30)   c=552496905 <-> c=969088299
  (17, 18)   c=558769628 <-> c=575561151
  (21, 31)   c=719507994 <-> c=969936833
n_pairs = 16 (self-paired: [])
TEST 1: rho witness comp 7 -> comp 19
  membership in partner: chk1=True chk2=True   rho=0.974058523  T=3396.3297
T witness 14 -> 13 : chk1=True chk2=True  rho=1.12217224  T=5639.3666  (source T route)
T witness 31 -> 21 : chk1=True chk2=True  rho=1.10667801  T=8757.2202  (source T route)
T witness 9 -> 25 : chk1=True chk2=True  rho=1.10433009  T=8711.3694  (source T route)
R4B TRANSPORT DONE
