  c00 rho=1.14393 T=8548.034
  c01 rho=1.11554 T=4041.294
  c02 rho=1.16133 T=8933.887
  c03 rho=1.05581 T=3417.92
  c04 rho=1.13553 T=6072.774
  c05 rho=1.10925 T=4785.544
  c06 rho=1.14604 T=9104.018
  c07 rho=1.11457 T=6900.843
  c08 rho=1.10767 T=6431.331
  c09 rho=1.14191 T=7193.259
  c10 rho=1.09361 T=7552.21
  c11 rho=1.14269 T=8956.187
  c12 rho=1.12262 T=11529.92
  c13 rho=1.14258 T=8565.078
  c14 rho=1.08365 T=7050.347
  c15 rho=1.10986 T=5159.536
  c16 rho=1.10674 T=6426.755
  c17 rho=1.08365 T=6242.927
  c18 rho=1.11348 T=7211.285
  c19 rho=1.14815 T=8905.861
  c20 rho=1.14306 T=8348.237
  c21 rho=1.09361 T=7894.122
  c22 rho=1.13807 T=7259.154
  c23 rho=1.13673 T=5188.381
  c24 rho=1.11457 T=4756.384
  c25 rho=1.12189 T=6835.851
  c26 rho=1.10925 T=7161.36
  c27 rho=1.14256 T=8152.909
  c28 rho=1.05581 T=8240.774
  c29 rho=1.15989 T=7941.961
  c30 rho=1.11104 T=6943.649
  c31 rho=1.14393 T=7058.769
ESC l=1000000447 : RHO 0 T 2 OPEN 30 worst=1.161325
   open: [(0, '1.14393', '8548.034'), (2, '1.16133', '8933.887'), (4, '1.13553', '6072.774'), (5, '1.10925', '4785.544'), (6, '1.14604', '9104.018'), (7, '1.11457', '6900.843'), (8, '1.10767', '6431.331'), (9, '1.14191', '7193.259'), (10, '1.09361', '7552.21'), (11, '1.14269', '8956.187'), (12, '1.12262', '11529.92'), (13, '1.14258', '8565.078'), (14, '1.08365', '7050.347'), (15, '1.10986', '5159.536'), (16, '1.10674', '6426.755'), (17, '1.08365', '6242.927'), (18, '1.11348', '7211.285'), (19, '1.14815', '8905.861'), (20, '1.14306', '8348.237'), (21, '1.09361', '7894.122'), (22, '1.13807', '7259.154'), (23, '1.13673', '5188.381'), (24, '1.11457', '4756.384'), (25, '1.12189', '6835.851'), (26, '1.10925', '7161.36'), (27, '1.14256', '8152.909'), (28, '1.05581', '8240.774'), (29, '1.15989', '7941.961'), (30, '1.11104', '6943.649'), (31, '1.14393', '7058.769')]
   1046s
  c00 rho=1.2432 T=18934.53
  c01 rho=1.14747 T=4664.097
  c02 rho=0.977496 T=2987.771
  c03 rho=0.998455 T=6297.342
  c04 rho=1.13863 T=4982.51
  c05 rho=1.21974 T=9723.278
  c06 rho=1.13833 T=6750.448
  c07 rho=1.08483 T=5704.1
  c08 rho=1.05672 T=5423.748
  c09 rho=1.17293 T=8669.516
  c10 rho=1.14177 T=18223.71
  c11 rho=1.19533 T=8740.364
  c12 rho=1.06435 T=4575.984
  c13 rho=1.10195 T=5396.802
  c14 rho=1.14387 T=5949.714
  c15 rho=0.996703 T=3680.859
  c16 rho=1.07889 T=9582.689
  c17 rho=1.07723 T=5017.609
  c18 rho=1.10268 T=6405.232
  c19 rho=1.18335 T=6818.586
  c20 rho=1.04686 T=9508.547
  c21 rho=1.41627 T=17996.87
  c22 rho=1.08424 T=3692.68
  c23 rho=1.04889 T=4466.02
  c24 rho=1.13073 T=7203.604
  c25 rho=1.08041 T=6849.268
  c26 rho=1.18 T=14999.79
  c27 rho=1.16756 T=9991.531
  c28 rho=0.998455 T=3504.678
  c29 rho=1.26396 T=17089.8
  c30 rho=1.17367 T=14844.64
  c31 rho=1.04251 T=6290.153
ESC l=10000000319 : RHO 4 T 1 OPEN 27 worst=1.416271
   open: [(0, '1.2432', '18934.53'), (1, '1.14747', '4664.097'), (4, '1.13863', '4982.51'), (5, '1.21974', '9723.278'), (6, '1.13833', '6750.448'), (7, '1.08483', '5704.1'), (8, '1.05672', '5423.748'), (9, '1.17293', '8669.516'), (10, '1.14177', '18223.71'), (11, '1.19533', '8740.364'), (12, '1.06435', '4575.984'), (13, '1.10195', '5396.802'), (14, '1.14387', '5949.714'), (16, '1.07889', '9582.689'), (17, '1.07723', '5017.609'), (18, '1.10268', '6405.232'), (19, '1.18335', '6818.586'), (20, '1.04686', '9508.547'), (21, '1.41627', '17996.87'), (23, '1.04889', '4466.02'), (24, '1.13073', '7203.604'), (25, '1.08041', '6849.268'), (26, '1.18', '14999.79'), (27, '1.16756', '9991.531'), (29, '1.26396', '17089.8'), (30, '1.17367', '14844.64'), (31, '1.04251', '6290.153')]
   1218s
  c00 rho=1.04663 T=10330.35
  c01 rho=1.02467 T=2964.019
  c02 rho=1.37627 T=30384.79
  c03 rho=1.32701 T=15772.12
  c04 rho=1.18263 T=12729.76
  c05 rho=1.24751 T=43804.87
  c06 rho=1.21616 T=11495.66
  c07 rho=1.06379 T=5821.486
  c08 rho=1.34229 T=15817.53
  c09 rho=1.11781 T=6921.388
  c10 rho=1.1222 T=8230.262
  c11 rho=1.2822 T=20134.64
  c12 rho=1.15666 T=38485.72
  c13 rho=1.18785 T=7716.994
  c14 rho=1.06031 T=8201.39
  c15 rho=1.1914 T=10837.68
  c16 rho=1.15854 T=9858.2
  c17 rho=1.13015 T=18016.82
  c18 rho=1.15649 T=7777.019
  c19 rho=1.12768 T=11697.09
  c20 rho=1.12906 T=9894.881
  c21 rho=1.08454 T=6666.493
  c22 rho=1.03712 T=6652.431
  c23 rho=1.0488 T=5394.925
  c24 rho=1.16055 T=8729.524
  c25 rho=1.15432 T=11760.26
  c26 rho=1.07876 T=7834.024
  c27 rho=1.10641 T=6864.817
  c28 rho=1.17746 T=8204.824
  c29 rho=1.15358 T=7938.565
  c30 rho=1.10468 T=5432.774
  c31 rho=1.17189 T=7990.814
ESC l=1000000000063 : RHO 0 T 1 OPEN 31 worst=1.376268
   open: [(0, '1.04663', '10330.35'), (2, '1.37627', '30384.79'), (3, '1.32701', '15772.12'), (4, '1.18263', '12729.76'), (5, '1.24751', '43804.87'), (6, '1.21616', '11495.66'), (7, '1.06379', '5821.486'), (8, '1.34229', '15817.53'), (9, '1.11781', '6921.388'), (10, '1.1222', '8230.262'), (11, '1.2822', '20134.64'), (12, '1.15666', '38485.72'), (13, '1.18785', '7716.994'), (14, '1.06031', '8201.39'), (15, '1.1914', '10837.68'), (16, '1.15854', '9858.2'), (17, '1.13015', '18016.82'), (18, '1.15649', '7777.019'), (19, '1.12768', '11697.09'), (20, '1.12906', '9894.881'), (21, '1.08454', '6666.493'), (22, '1.03712', '6652.431'), (23, '1.0488', '5394.925'), (24, '1.16055', '8729.524'), (25, '1.15432', '11760.26'), (26, '1.07876', '7834.024'), (27, '1.10641', '6864.817'), (28, '1.17746', '8204.824'), (29, '1.15358', '7938.565'), (30, '1.10468', '5432.774'), (31, '1.17189', '7990.814')]
   932s
  c00 rho=1.32316 T=10550.99
  c01 rho=1.09526 T=6383.834
  c02 rho=1.03897 T=10482.21
  c03 rho=1.15644 T=10445.09
  c04 rho=1.08315 T=5567.04
  c05 rho=1.18259 T=5861.982
  c06 rho=1.12063 T=6746.035
  c07 rho=1.01106 T=5888.909
  c08 rho=1.26097 T=10304.66
  c09 rho=1.26769 T=9206.476
  c10 rho=1.26883 T=15538.62
  c11 rho=1.23351 T=13966.34
  c12 rho=1.3982 T=11793.81
  c13 rho=1.1222 T=7887.202
  c14 rho=1.02623 T=3903.161
  c15 rho=1.53876 T=108717.9
  c16 rho=1.21299 T=13742.09
  c17 rho=1.14397 T=7256.517
  c18 rho=1.1645 T=5686.803
  c19 rho=1.16702 T=6557.146
  c20 rho=1.07209 T=8810.788
  c21 rho=1.05581 T=5877.04
  c22 rho=1.14531 T=9966.158
  c23 rho=1.13694 T=6488.668
  c24 rho=1.18681 T=6621.585
  c25 rho=1.23341 T=8242.034
