comp route  bound(upper)              nonzero_y  exact  verdict
0    RHO   rho<=0.9689822637843766378004563022990090864341860570407413635248295075367878369114 True      True   CERT_RHO
0    T     T<=3055.673868946341546647390567502911516070114763724513014199798270364495172783 True      True   CERT_T
1    RHO   rho<=0.9501516437087063587706474149069830142367521298079602699942186935479575801222 True      True   CERT_RHO
1    T     T<=2240.536864803269070952639196626143101710445741901651561150590721399197800959 True      True   CERT_T
2    RHO   rho<=0.9461974769358049822178011440620060585867389872224709702814680514927383233781 True      True   CERT_RHO
2    T     T<=2115.637434094271054215263387451931902657440893447390850277162904290625981658 True      True   CERT_T
3    RHO   rho<=0.9592332163057868789695632725791675176487744126209611414058377610837796020815 True      True   CERT_RHO
3    T     T<=2754.736065995898656482431899533472008865169562913932686710842028699018652208 True      True   CERT_T
4    RHO   rho<=0.9612194359447929364304236544258084528098687294129144805738868467674995962986 True      True   CERT_RHO
4    T     T<=2830.577890615037143523338518473372991352117446094761529731370150472065033370 True      True   CERT_T
5    RHO   rho<=0.9883408418753596316891212367155273308545215414688041155089302834992676861626 True      True   CERT_RHO
5    T     T<=2189.192618786971337014565645606226697060739449422418057277546823202450669011 True      True   CERT_T
6    RHO   rho<=0.9771826587794624497235441067361382170988013576107424978470204010913288177502 True      True   CERT_RHO
6    T     T<=2454.075268918062440374283356383765281868274861993516689068612619475278967302 True      True   CERT_T
7    RHO   rho<=0.9553479379635245969646436433449206640615608453267778231052245849286162089797 True      True   CERT_RHO
7    T     T<=2583.539531497700832204479796409352279303865738136964835497965094254327837054 True      True   CERT_T
8    RHO   rho<=0.9512774854208534400347485960806345795150909217767438034407772009682494294592 True      True   CERT_RHO
8    T     T<=2393.410407964332212886967491613107506759703529360166193462714582169752783387 True      True   CERT_T
9    RHO   rho<=0.9723293366185985577893775319301257529733108963976981784519097149252926698243 True      True   CERT_RHO
9    T     T<=2758.283272494199529594582510379412657565355686914991882803539416790138878151 True      True   CERT_T
10   RHO   rho<=0.9605482334229181444691623050527077596424844081347349539452125537638612326964 True      True   CERT_RHO
10   T     T<=2689.061293944097869333375885121235266454184540505035910858497888302406976083 True      True   CERT_T
11   RHO   rho<=0.9387180181726863040582967462850073941487590528896009660526156204282387637532 True      True   CERT_RHO
11   T     T<=2837.582997147620542599302618909784526714078989208758161069870251158228448997 True      True   CERT_T
12   RHO   rho<=0.9565946080013653796378427436844059895442093015946556276544748886138152738137 True      True   CERT_RHO
12   T     T<=2802.409380436655069074889364071392783029223893388934656397536053430315293957 True      True   CERT_T
13   RHO   rho<=0.9600447091598930452687853801966480125281040189857154871898330769613138684984 True      True   CERT_RHO
13   T     T<=2155.856747921788259612124464708315288702171046633361818757543546144829851740 True      True   CERT_T
14   RHO   rho<=0.9600447091598930452687853801966480125281040189857154871898330769613138684979 True      True   CERT_RHO
14   T     T<=2488.524028861745797437098625846879063598526525651456810734462011576945247976 True      True   CERT_T
15   RHO   rho<=0.9501516437087063587706474149069830142367521298079602699942186935479575801228 True      True   CERT_RHO
15   T     T<=2270.853347218959514916419293765774851334982399315774885653948112169124612675 True      True   CERT_T
16   RHO   rho<=0.9977244853900091291176304465727768790631599977731754270927799325244141360279 True      True   CERT_RHO
16   T     T<=3218.545042707471631109424480196088681698903165907918217694168669263912733431 True      True   CERT_T
17   RHO   rho<=0.9781835291464044541783644308625795473490330208389459517247687768565246569085 True      True   CERT_RHO
17   T     T<=2667.085205592906823646592307172799947228826000726839578663471243230161160007 True      True   CERT_T
18   RHO   rho<=0.9781835291464044541783644308625795473490330208389459517247687768565246569092 True      True   CERT_RHO
18   T     T<=1971.018049617664564483500335234188256351983968101968079669389167540130541976 True      True   CERT_T
19   RHO   rho<=0.9553479379635245969646436433449206640615608453267778231052245849286162089797 True      True   CERT_RHO
19   T     T<=2426.112272670344958549805758406208283506496558694201274819982172097101771324 True      True   CERT_T
20   RHO   rho<=0.9592332163057868789695632725791675176487744126209611414058377610837796020815 True      True   CERT_RHO
20   T     T<=2588.942105457713951342425713211540017186350878425867523128168535962740632977 True      True   CERT_T
21   RHO   rho<=0.9484392688177526747903476195721700179911079742114966448749885924229474199110 True      True   CERT_RHO
21   T     T<=2070.211691968319764181719457978745788503411827143801816998831627774433939419 True      True   CERT_T
22   RHO   rho<=0.9771826587794624497235441067361382170988013576107424978470204010913288177508 True      True   CERT_RHO
22   T     T<=2733.648310178072773994883894128966633298119425057461541834836139035803029952 True      True   CERT_T
23   RHO   rho<=0.9883408418753596316891212367155273308545215414688041155089302834992676861627 True      True   CERT_RHO
23   T     T<=3316.083967098112878311064450062814760959782502009050317999108611342213231264 True      True   CERT_T
24   RHO   rho<=0.9565946080013653796378427436844059895442093015946556276544748886138152738136 True      True   CERT_RHO
24   T     T<=3373.448298627623564051401930866184641390290548869750334932083384982591385084 True      True   CERT_T
25   RHO   rho<=0.9723293366185985577893775319301257529733108963976981784519097149252926698240 True      True   CERT_RHO
25   T     T<=2752.182631778780981087168785483704248248532854816929797002837333338004277372 True      True   CERT_T
26   RHO   rho<=0.9512774854208534400347485960806345795150909217767438034407772009682494294578 True      True   CERT_RHO
26   T     T<=2409.247207921673168736400048370071907083347248727712307789560365715949183664 True      True   CERT_T
27   RHO   rho<=0.9461974769358049822178011440620060585867389872224709702814680514927383233779 True      True   CERT_RHO
27   T     T<=2502.382852926989343266650686689178171316791365258099537931375756981820382211 True      True   CERT_T
28   RHO   rho<=0.9387180181726863040582967462850073941487590528896009660526156204282387637539 True      True   CERT_RHO
28   T     T<=2016.986914137176014196579074600793997717311048701366063199463497037837083995 True      True   CERT_T
29   RHO   rho<=0.9752864585726300935969141842948515038035109459233814062552776750606195618436 True      True   CERT_RHO
29   T     T<=2607.126735904542521717473496670349362674494569689599775891800984775582419507 True      True   CERT_T
30   RHO   rho<=0.9977244853900091291176304465727768790631599977731754270927799325244141360284 True      True   CERT_RHO
30   T     T<=2491.825026578839875181423685509546376722371194325685137978202625980585270046 True      True   CERT_T
31   RHO   rho<=0.9484392688177526747903476195721700179911079742114966448749885924229474199100 True      True   CERT_RHO
31   T     T<=2658.631825692462267316727770627037221988719105430334437583864260491921054275 True      True   CERT_T
SUMMARY: CERT_RHO 32/32   CERT_T 32/32   RHO-FAIL 0
R5 VERIFY DONE
