f = x^2+30063488     RHO  mem=True nz=True ynz=True  rho<=0.968982 T<=8245.1  CERT
f = x^2+30063488     T    mem=True nz=True ynz=True  rho<=1.046870 T<=3055.7  CERT
f = x^2+30912022     RHO  mem=True nz=True ynz=True  rho<=0.950152 T<=4941.2  CERT
f = x^2+30912022     T    mem=True nz=True ynz=True  rho<=0.975862 T<=2240.5  CERT
f = x^2+42483948     RHO  mem=True nz=True ynz=True  rho<=0.946197 T<=2115.6  CERT
f = x^2+42483948     T    mem=True nz=True ynz=True  rho<=0.946197 T<=2115.6  CERT
f = x^2+59955883     RHO  mem=True nz=True ynz=True  rho<=0.959233 T<=3534.4  CERT
f = x^2+59955883     T    mem=True nz=True ynz=True  rho<=1.003555 T<=2754.7  CERT
f = x^2+78186285     RHO  mem=True nz=True ynz=True  rho<=0.961219 T<=4080.1  CERT
f = x^2+78186285     T    mem=True nz=True ynz=True  rho<=1.040535 T<=2830.6  CERT
f = x^2+160612070    RHO  mem=True nz=True ynz=True  rho<=0.988341 T<=4268.4  CERT
f = x^2+160612070    T    mem=True nz=True ynz=True  rho<=0.996401 T<=2189.2  CERT
f = x^2+191346380    RHO  mem=True nz=True ynz=True  rho<=0.977183 T<=6500.5  CERT
f = x^2+191346380    T    mem=True nz=True ynz=True  rho<=0.982748 T<=2454.1  CERT
f = x^2+246360387    RHO  mem=True nz=True ynz=True  rho<=0.955348 T<=3240.0  CERT
f = x^2+246360387    T    mem=True nz=True ynz=True  rho<=0.971328 T<=2583.5  CERT
f = x^2+268629094    RHO  mem=True nz=True ynz=True  rho<=0.951277 T<=3405.3  CERT
f = x^2+268629094    T    mem=True nz=True ynz=True  rho<=0.971517 T<=2393.4  CERT
f = x^2+269645956    RHO  mem=True nz=True ynz=True  rho<=0.972329 T<=4497.1  CERT
f = x^2+269645956    T    mem=True nz=True ynz=True  rho<=1.043829 T<=2758.3  CERT
f = x^2+280492327    RHO  mem=True nz=True ynz=True  rho<=0.960548 T<=2689.1  CERT
f = x^2+280492327    T    mem=True nz=True ynz=True  rho<=0.960548 T<=2689.1  CERT
f = x^2+303644312    RHO  mem=True nz=True ynz=True  rho<=0.938718 T<=3592.4  CERT
f = x^2+303644312    T    mem=True nz=True ynz=True  rho<=1.012149 T<=2837.6  CERT
f = x^2+311722386    RHO  mem=True nz=True ynz=True  rho<=0.956595 T<=2802.4  CERT
f = x^2+311722386    T    mem=True nz=True ynz=True  rho<=0.956595 T<=2802.4  CERT
f = x^2+424439170    RHO  mem=True nz=True ynz=True  rho<=0.960045 T<=3413.1  CERT
f = x^2+424439170    T    mem=True nz=True ynz=True  rho<=0.989287 T<=2155.9  CERT
f = x^2+441230693    RHO  mem=True nz=True ynz=True  rho<=0.960045 T<=2613.4  CERT
f = x^2+441230693    T    mem=True nz=True ynz=True  rho<=0.962446 T<=2488.5  CERT
f = x^2+447503416    RHO  mem=True nz=True ynz=True  rho<=0.950152 T<=2270.9  CERT
f = x^2+447503416    T    mem=True nz=True ynz=True  rho<=0.950152 T<=2270.9  CERT
f = x^2+552496905    RHO  mem=True nz=True ynz=True  rho<=0.997724 T<=4869.0  CERT
f = x^2+552496905    T    mem=True nz=True ynz=True  rho<=1.011428 T<=3218.5  CERT
f = x^2+558769628    RHO  mem=True nz=True ynz=True  rho<=0.978184 T<=2796.8  CERT
f = x^2+558769628    T    mem=True nz=True ynz=True  rho<=1.034951 T<=2667.1  CERT
f = x^2+575561151    RHO  mem=True nz=True ynz=True  rho<=0.978184 T<=1971.0  CERT
f = x^2+575561151    T    mem=True nz=True ynz=True  rho<=0.978184 T<=1971.0  CERT
f = x^2+688277935    RHO  mem=True nz=True ynz=True  rho<=0.955348 T<=10404.8  CERT
f = x^2+688277935    T    mem=True nz=True ynz=True  rho<=1.021929 T<=2426.1  CERT
f = x^2+696356009    RHO  mem=True nz=True ynz=True  rho<=0.959233 T<=5356.4  CERT
f = x^2+696356009    T    mem=True nz=True ynz=True  rho<=1.046955 T<=2588.9  CERT
f = x^2+719507994    RHO  mem=True nz=True ynz=True  rho<=0.948439 T<=2070.2  CERT
f = x^2+719507994    T    mem=True nz=True ynz=True  rho<=0.948439 T<=2070.2  CERT
f = x^2+730354365    RHO  mem=True nz=True ynz=True  rho<=0.977183 T<=2733.6  CERT
f = x^2+730354365    T    mem=True nz=True ynz=True  rho<=0.977183 T<=2733.6  CERT
f = x^2+731371227    RHO  mem=True nz=True ynz=True  rho<=0.988341 T<=3316.1  CERT
f = x^2+731371227    T    mem=True nz=True ynz=True  rho<=0.988341 T<=3316.1  CERT
f = x^2+753639934    RHO  mem=True nz=True ynz=True  rho<=0.956595 T<=3682.7  CERT
f = x^2+753639934    T    mem=True nz=True ynz=True  rho<=1.000696 T<=3373.4  CERT
f = x^2+808653941    RHO  mem=True nz=True ynz=True  rho<=0.972329 T<=3091.3  CERT
f = x^2+808653941    T    mem=True nz=True ynz=True  rho<=1.006331 T<=2752.2  CERT
f = x^2+839388251    RHO  mem=True nz=True ynz=True  rho<=0.951277 T<=11483.3  CERT
f = x^2+839388251    T    mem=True nz=True ynz=True  rho<=0.968144 T<=2409.2  CERT
f = x^2+921814036    RHO  mem=True nz=True ynz=True  rho<=0.946197 T<=2502.4  CERT
f = x^2+921814036    T    mem=True nz=True ynz=True  rho<=0.946197 T<=2502.4  CERT
f = x^2+940044438    RHO  mem=True nz=True ynz=True  rho<=0.938718 T<=2017.0  CERT
f = x^2+940044438    T    mem=True nz=True ynz=True  rho<=0.938718 T<=2017.0  CERT
f = x^2+957516373    RHO  mem=True nz=True ynz=True  rho<=0.975286 T<=3767.9  CERT
f = x^2+957516373    T    mem=True nz=True ynz=True  rho<=1.014940 T<=2607.1  CERT
f = x^2+969088299    RHO  mem=True nz=True ynz=True  rho<=0.997724 T<=2904.0  CERT
f = x^2+969088299    T    mem=True nz=True ynz=True  rho<=1.027041 T<=2491.8  CERT
f = x^2+969936833    RHO  mem=True nz=True ynz=True  rho<=0.948439 T<=4160.1  CERT
f = x^2+969936833    T    mem=True nz=True ynz=True  rho<=1.009610 T<=2658.6  CERT
REPLAY SUMMARY: CERT 64 / FAIL 0 of 64
R6 FLAGSHIP REPLAY DONE
