prime   min|v|(orbit)  covol^{1/64}  const  (BL=3.0137 GH=1.9358 target 1.404; L7=16.333)
   257    43.84773      14.74889    2.9730
   641    40.02994      14.53976    2.7531
   769    40.36016      14.49846    2.7838
  1153    36.15926      14.40700    2.5098
  1409    40.59802      14.36193    2.8268
  2689    38.96483      14.21763    2.7406
  3329    38.78561      14.17028    2.7371
  3457    37.91546      14.16193    2.6773
  4481    36.82785      14.10463    2.6110
  4993    36.58531      14.08081    2.5982
  6529    38.33143      14.02192    2.7337
  7297    37.31248      13.99758    2.6656
  7681    34.88931      13.98637    2.4945
  7937    36.63770      13.97920    2.6209
  9473    35.72735      13.94061    2.5628
  9601    36.72105      13.93769    2.6347
  9857    37.36897      13.93196    2.6822
 10369    34.64460      13.92094    2.4887
 10753    37.51360      13.91304    2.6963
 11393    37.28165      13.90047    2.6820
 11777    37.10965      13.89327    2.6711
 12161    33.77585      13.88631    2.4323
 12289    35.77312      13.88404    2.5766
 13313    31.52519      13.86669    2.2734
 13441    35.76742      13.86461    2.5798
 13697    36.63871      13.86053    2.6434
 14081    36.05162      13.85454    2.6022
 14593    33.68653      13.84681    2.4328
 15233    36.11194      13.83753    2.6097
 15361    36.80011      13.83572    2.6598
 16001    34.90788      13.82690    2.5246
 17921    36.92320      13.80244    2.6751
 18049    36.07628      13.80090    2.6141
 18433    34.90109      13.79636    2.5297
 19073    35.62030      13.78901    2.5832
 19457    36.26304      13.78471    2.6307
 19841    36.61012      13.78050    2.6567
 20353    32.29992      13.77502    2.3448
 21121    34.79424      13.76705    2.5274
 21377    36.25751      13.76446    2.6341
 22273    36.54914      13.75563    2.6570
 23041    37.58753      13.74835    2.7340
 23297    33.54402      13.74597    2.4403
 25601    37.14078      13.72573    2.7059
 26113    32.82553      13.72149    2.3923
 26497    36.97199      13.71836    2.6951
 26881    34.37132      13.71527    2.5061
 28289    34.11151      13.70434    2.4891
 29569    33.95463      13.69486    2.4794
 30593    32.47917      13.68758    2.3729
 30977    34.90372      13.68491    2.5505
 31489    32.43855      13.68141    2.3710
 31873    34.54955      13.67882    2.5258
 32257    35.30442      13.67626    2.5814
 33409    33.56263      13.66876    2.4554
 35201    36.85468      13.65761    2.6985
 35969    34.25046      13.65300    2.5086
 36097    36.46771      13.65224    2.6712
 36353    33.35453      13.65074    2.4434
 37633    34.80914      13.64336    2.5514
 37889    32.87813      13.64191    2.4101
 38273    35.43835      13.63976    2.5982
 39041    33.82656      13.63553    2.4808
 39937    36.08667      13.63070    2.6475
 40193    33.97463      13.62934    2.4928
 40577    33.94710      13.62731    2.4911
 40961    33.94251      13.62531    2.4911
 41729    35.90353      13.62135    2.6358
 43649    32.42737      13.61178    2.3823
 43777    34.26078      13.61116    2.5171
 44417    34.13262      13.60807    2.5083
 45569    33.88647      13.60263    2.4912
 45697    34.04553      13.60203    2.5030
 45953    36.12139      13.60084    2.6558
 46337    35.41316      13.59908    2.6041
 49409    35.42576      13.58544    2.6076
 49537    35.96708      13.58489    2.6476
 49921    35.68598      13.58326    2.6272
 50177    36.17023      13.58217    2.6631
 51329    36.55719      13.57735    2.6925
 51713    35.38827      13.57577    2.6067
 52609    33.23207      13.57213    2.4486
 53377    36.45343      13.56906    2.6865
 53633    36.38018      13.56804    2.6813
 54401    34.64428      13.56503    2.5539
 55681    31.78064      13.56010    2.3437
 57089    34.70429      13.55481    2.5603
 57601    35.02577      13.55292    2.5844
 58369    34.94570      13.55011    2.5790
 59009    31.78828      13.54781    2.3464
 59393    34.93039      13.54643    2.5786
 60161    34.16960      13.54371    2.5229
 60289    31.98042      13.54326    2.3614
 61057    36.13508      13.54058    2.6686
 61441    33.91892      13.53926    2.5052
 62081    35.01797      13.53707    2.5868
 63361    33.82756      13.53275    2.4997
 63617    33.82392      13.53190    2.4996
 64513    35.86658      13.52894    2.6511
 65537    33.33284      13.52561    2.4644
 65921    34.73433      13.52438    2.5683
 67073    34.07565      13.52072    2.5203
 68737    34.34073      13.51554    2.5408
 68993    34.40743      13.51476    2.5459
 69761    34.16642      13.51242    2.5285
 70529    33.43092      13.51011    2.4745
 70657    34.97690      13.50972    2.5890
 70913    35.69619      13.50896    2.6424
 71809    31.86987      13.50631    2.3596
 72577    34.81291      13.50407    2.5780
 75521    33.99717      13.49568    2.5191
 76289    34.81395      13.49355    2.5800
 76673    34.34693      13.49249    2.5456
 76801    34.49481      13.49214    2.5567
 77569    33.73547      13.49004    2.5008
 78593    33.90160      13.48727    2.5136
 78721    34.96126      13.48693    2.5922
 78977    35.30131      13.48625    2.6176
 79873    34.10324      13.48387    2.5292
 80513    33.31006      13.48219    2.4707
 80897    33.62152      13.48119    2.4940
 81281    33.98117      13.48019    2.5208
 81409    34.66239      13.47986    2.5714
 82561    33.51936      13.47690    2.4872
 83969    34.17564      13.47334    2.5365
 84481    34.51348      13.47206    2.5619
 84737    35.56095      13.47142    2.6397
 85121    32.92874      13.47047    2.4445
 85889    33.75356      13.46858    2.5061
 86017    31.59529      13.46827    2.3459
 87041    34.70147      13.46578    2.5770
 87553    33.97535      13.46454    2.5233
 88321    34.34326      13.46270    2.5510
 91009    34.00045      13.45640    2.5267
 91393    32.92614      13.45551    2.4470
 92033    32.13910      13.45405    2.3888
 92801    33.74316      13.45230    2.5084
 94849    32.98153      13.44771    2.4526
 95233    31.67578      13.44686    2.3556
 95617    34.32239      13.44602    2.5526
 95873    35.01887      13.44546    2.6045
 96001    34.69603      13.44518    2.5806
 96769    33.64230      13.44350    2.5025
 98561    34.01081      13.43965    2.5306
 98689    32.96831      13.43938    2.4531
 99713    34.43157      13.43721    2.5624
100609    34.78655      13.43533    2.5892
101377    34.94231      13.43373    2.6011
102913    34.26803      13.43058    2.5515
103553    34.78080      13.42928    2.5899
103681    35.09834      13.42902    2.6136
105601    32.36449      13.42517    2.4107
106753    35.05144      13.42289    2.6113
107137    32.57104      13.42214    2.4267
107777    33.92754      13.42089    2.5280
108161    32.27373      13.42014    2.4049
108289    34.98461      13.41990    2.6069
108929    35.05260      13.41866    2.6122
109313    35.74918      13.41792    2.6643
109441    30.29661      13.41768    2.2580
110849    33.75594      13.41500    2.5163
110977    35.53546      13.41476    2.6490
112129    35.66387      13.41259    2.6590
113153    34.89893      13.41069    2.6023
113537    33.84628      13.40998    2.5240
113921    33.37307      13.40927    2.4888
114689    34.42908      13.40786    2.5678
115201    33.18191      13.40693    2.4750
116993    34.98077      13.40370    2.6098
117889    34.72067      13.40210    2.5907
118273    33.20062      13.40142    2.4774
118529    34.33387      13.40096    2.5620
118913    35.55904      13.40029    2.6536
119297    34.75483      13.39961    2.5937
119809    32.48548      13.39871    2.4245
SUMMARY over 175 primes: min const = 2.2580, mean = 2.5556, max = 2.9730
VERDICT (75): smallest realized constant 2.2580 vs 1.404: ABOVE at all sampled primes - a 1.404 uniform lower bound is not refuted (inconclusive-positive; z-opt untested)
VERDICT (73): const floor needed for 2.147x below-Blichfeldt improvement = 1.4037: not refuted
NOTE: min orbit |v| vs L7=16.33: primes with min|v| < L7 are the ones a uniform
      theorem must reach; their const values are the design constraint.
elapsed 20.5s
R7 CLS1 PILOT DONE
