certificates/blichfeldt/r6_blichfeldt_cert.log: OK
certificates/blichfeldt/r6_gram_spectrum_cert.log: OK
certificates/flagship/cert_f_x2p160612070_RHO.txt: OK
certificates/flagship/cert_f_x2p160612070_T.txt: OK
certificates/flagship/cert_f_x2p191346380_RHO.txt: OK
certificates/flagship/cert_f_x2p191346380_T.txt: OK
certificates/flagship/cert_f_x2p246360387_RHO.txt: OK
certificates/flagship/cert_f_x2p246360387_T.txt: OK
certificates/flagship/cert_f_x2p268629094_RHO.txt: OK
certificates/flagship/cert_f_x2p268629094_T.txt: OK
certificates/flagship/cert_f_x2p269645956_RHO.txt: OK
certificates/flagship/cert_f_x2p269645956_T.txt: OK
certificates/flagship/cert_f_x2p280492327_RHO.txt: OK
certificates/flagship/cert_f_x2p280492327_T.txt: OK
certificates/flagship/cert_f_x2p30063488_RHO.txt: OK
certificates/flagship/cert_f_x2p30063488_T.txt: OK
certificates/flagship/cert_f_x2p303644312_RHO.txt: OK
certificates/flagship/cert_f_x2p303644312_T.txt: OK
certificates/flagship/cert_f_x2p30912022_RHO.txt: OK
certificates/flagship/cert_f_x2p30912022_T.txt: OK
certificates/flagship/cert_f_x2p311722386_RHO.txt: OK
certificates/flagship/cert_f_x2p311722386_T.txt: OK
certificates/flagship/cert_f_x2p424439170_RHO.txt: OK
certificates/flagship/cert_f_x2p424439170_T.txt: OK
certificates/flagship/cert_f_x2p42483948_RHO.txt: OK
certificates/flagship/cert_f_x2p42483948_T.txt: OK
certificates/flagship/cert_f_x2p441230693_RHO.txt: OK
certificates/flagship/cert_f_x2p441230693_T.txt: OK
certificates/flagship/cert_f_x2p447503416_RHO.txt: OK
certificates/flagship/cert_f_x2p447503416_T.txt: OK
certificates/flagship/cert_f_x2p552496905_RHO.txt: OK
certificates/flagship/cert_f_x2p552496905_T.txt: OK
certificates/flagship/cert_f_x2p558769628_RHO.txt: OK
certificates/flagship/cert_f_x2p558769628_T.txt: OK
certificates/flagship/cert_f_x2p575561151_RHO.txt: OK
certificates/flagship/cert_f_x2p575561151_T.txt: OK
certificates/flagship/cert_f_x2p59955883_RHO.txt: OK
certificates/flagship/cert_f_x2p59955883_T.txt: OK
certificates/flagship/cert_f_x2p688277935_RHO.txt: OK
certificates/flagship/cert_f_x2p688277935_T.txt: OK
certificates/flagship/cert_f_x2p696356009_RHO.txt: OK
certificates/flagship/cert_f_x2p696356009_T.txt: OK
certificates/flagship/cert_f_x2p719507994_RHO.txt: OK
certificates/flagship/cert_f_x2p719507994_T.txt: OK
certificates/flagship/cert_f_x2p730354365_RHO.txt: OK
certificates/flagship/cert_f_x2p730354365_T.txt: OK
certificates/flagship/cert_f_x2p731371227_RHO.txt: OK
certificates/flagship/cert_f_x2p731371227_T.txt: OK
certificates/flagship/cert_f_x2p753639934_RHO.txt: OK
certificates/flagship/cert_f_x2p753639934_T.txt: OK
certificates/flagship/cert_f_x2p78186285_RHO.txt: OK
certificates/flagship/cert_f_x2p78186285_T.txt: OK
certificates/flagship/cert_f_x2p808653941_RHO.txt: OK
certificates/flagship/cert_f_x2p808653941_T.txt: OK
certificates/flagship/cert_f_x2p839388251_RHO.txt: OK
certificates/flagship/cert_f_x2p839388251_T.txt: OK
certificates/flagship/cert_f_x2p921814036_RHO.txt: OK
certificates/flagship/cert_f_x2p921814036_T.txt: OK
certificates/flagship/cert_f_x2p940044438_RHO.txt: OK
certificates/flagship/cert_f_x2p940044438_T.txt: OK
certificates/flagship/cert_f_x2p957516373_RHO.txt: OK
certificates/flagship/cert_f_x2p957516373_T.txt: OK
certificates/flagship/cert_f_x2p969088299_RHO.txt: OK
certificates/flagship/cert_f_x2p969088299_T.txt: OK
certificates/flagship/cert_f_x2p969936833_RHO.txt: OK
certificates/flagship/cert_f_x2p969936833_T.txt: OK
docs/CLAIMS.yaml: OK
docs/CURRENT_STATUS.md: OK
docs/ERRATA_R6.md: OK
docs/ERRATA_R7.md: OK
docs/FENCE_R6.md: OK
docs/FENCE_R7.md: OK
docs/HANDOFF_R6.md: OK
docs/HANDOFF_R7.md: OK
docs/LETTER_R7.md: OK
docs/README_R6.md: OK
environment/arb_version.txt: OK
environment/lean_version.txt: OK
environment/pari_version.txt: OK
environment/sage_version.txt: OK
environment/system.txt: OK
lean/README_lean.md: OK
lean/WeberAntiperiodic.lean: OK
lean/WeberAutocorr.lean: OK
lean/WeberChain.lean: OK
lean/WeberCongruence.lean: OK
lean/WeberLuoFiniteGroup.lean: OK
lean/WeberR6.lean: OK
lean/WeberR7.lean: OK
lean/compile2.log: OK
lean/compile4.log: OK
lean/compile5.log: OK
lean/compile6.log: OK
lean/compile7.log: OK
paper/KY2022_minimal_relative_units.pdf: OK
paper/KY_2107.08587_weber.pdf: OK
paper/Luo2026_weber_QUARANTINED.pdf: OK
paper/MO2016_height_weber.pdf: OK
paper/MO2016_height_weber_jtnb965.pdf: OK
sage/r0_bridge.log: OK
sage/r0_bridge.sage: OK
sage/r0_bridge_b4.log: OK
sage/r0_bridge_b4.sage: OK
sage/r2_engine.log: OK
sage/r2_engine.sage: OK
sage/r3_killtest.log: OK
sage/r3_killtest.sage: OK
sage/r3b_dagger_check.log: OK
sage/r3b_dagger_check.sage: OK
sage/r3b_dagger_check.sage.py: OK
sage/r4_full32_l1000000321.log: OK
sage/r4_full32_l1000000321.sage: OK
sage/r4_full32_l1000000321.sage.py: OK
sage/r4_witnesses_l1000000321.txt: OK
sage/r4b_transport.log: OK
sage/r4b_transport.sage: OK
sage/r4b_transport.sage.py: OK
sage/r4c_pilot.log: OK
sage/r4c_pilot.sage: OK
sage/r4c_pilot.sage.py: OK
sage/r4d_diag.log: OK
sage/r4d_diag.sage: OK
sage/r4d_diag.sage.py: OK
sage/r5_esc_fast.sage: OK
sage/r5_esc_fast.sage.py: OK
sage/r5_esc_fast_10000000000000639.log: OK
sage/r5_esc_fast_10000000000003903.log: OK
sage/r5_esc_fast_1000000002431.log: OK
sage/r5_esc_fast_10000003199.log: OK
sage/r5_esc_fast_1000001279.log: OK
sage/r5_escalate_6327.log: OK
sage/r5_escalate_6327.sage: OK
sage/r5_escalate_6327.sage.py: OK
sage/r5_escalate_cls1.log: OK
sage/r5_escalate_cls1.sage: OK
sage/r5_escalate_cls1.sage.py: OK
sage/r5_full32_l1000000321.log: OK
sage/r5_full32_l1000000321.sage: OK
sage/r5_full32_l1000000321.sage.py: OK
sage/r5_full_component.log: OK
sage/r5_full_component.sage: OK
sage/r5_full_component.sage.py: OK
sage/r5_galois_transport.sage: OK
sage/r5_galois_transport.sage.py: OK
sage/r5_moments_deg2.sage: OK
sage/r5_moments_deg2.sage.py: OK
sage/r5_mu0_tbody.sage.py: OK
sage/r5_stress_allclasses.log: OK
sage/r5_stress_allclasses.sage: OK
sage/r5_stress_allclasses.sage.py: OK
sage/r5_tfloor.sage: OK
sage/r5_tfloor.sage.py: OK
sage/r5_uniform_minkowski.sage: OK
sage/r5_uniform_minkowski.sage.py: OK
sage/r5_verify.log: OK
sage/r5_verify.sage: OK
sage/r5_verify.sage.py: OK
sage/r5_witnesses_l1000000321.txt: OK
sage/r6_blichfeldt_cert.log: OK
sage/r6_blichfeldt_cert.sage: OK
sage/r6_blichfeldt_cert.sage.py: OK
sage/r6_flagship_replay.log: OK
sage/r6_flagship_replay.sage: OK
sage/r6_flagship_replay.sage.py: OK
sage/r6_gram_spectrum_cert.log: OK
sage/r6_gram_spectrum_cert.sage: OK
sage/r6_gram_spectrum_cert.sage.py: OK
sage/r6_search_regression.log: OK
sage/r6_search_regression.sage: OK
sage/r6_search_regression.sage.py: OK
sage/r7_blichfeldt_dualroute.log: OK
sage/r7_blichfeldt_dualroute.sage: OK
sage/r7_blichfeldt_dualroute.sage.py: OK
sage/r7_cls1_pilot.log: OK
sage/r7_cls1_pilot.sage: OK
sage/r7_cls1_pilot.sage.py: OK
sage/r7_cls1_pilot2.log: OK
sage/r7_cls1_pilot2.sage: OK
sage/r7_cls1_pilot2.sage.py: OK
sage/r7_flagship_verify.log: OK
sage/r7_rederive_review.log: OK
sage/r7_rederive_review.sage: OK
sage/r7_rederive_review.sage.py: OK
sage/r7_smallring_cls65.log: OK
sage/r7_smallring_cls65.sage: OK
sage/r7_smallring_cls65.sage.py: OK
sage/r7_structural_pilots.log: OK
sage/r7_structural_pilots.sage: OK
sage/r7_structural_pilots.sage.py: OK
sage/r7_verify_all_run.log: OK
scripts/gen_status.py: OK
scripts/verify_all.sh: OK
scripts/verify_flagship.sage: OK
scripts/verify_flagship.sage.py: OK
theory/BLICHFELDT_SATURATION_THEOREM.md: OK
theory/BLICHFELDT_SATURATION_THEOREM_R7.md: OK
theory/BOUND_COMPARISON_R6.md: OK
theory/CLASS1_TARGET_CONSTANTS.md: OK
theory/CLS1_PROGRAM_R7.md: OK
theory/COMPONENT_LATTICE_CORRECTION.md: OK
theory/DAGGER_VERDICT_20260823.md: OK
theory/DEG2_PROGRAM_R7.md: OK
theory/FLAGSHIP_Q_ONLY.md: OK
theory/FLAGSHIP_T_ONLY.md: OK
theory/GEN_N_BLUEPRINT.md: OK
theory/H2_LUO_AUDIT.md: OK
theory/KY_SATURATION_TRANSLATION.md: OK
theory/LUO_AUDIT_R7.md: OK
theory/MO_FIXED_LAYER_DERIVATION.md: OK
theory/N7_DEPENDENCY_MINIMAL.md: OK
theory/NEGACYCLIC_SPECTRUM_CORRECTION.md: OK
theory/NOVELTY_ASSESSMENT_R7.md: OK
theory/P2_CLASS1_PROGRAM_R6.md: OK
theory/P2_DEG2_PROGRAM_R6.md: OK
theory/PHASE_MINUS1_KY.md: OK
theory/RESIDUE_CLASS_TABLE.md: OK
theory/ROUND1_PROPOSITIONS.md: OK
theory/SATURATION_2ADIC_NOTE.md: OK
theory/SMALL_RING_CLS65.md: OK
EXIT=0
