PREC  256  negacyclic r2 check = True
PREC  256  lnD65^2 det  = [190.8077907607848003494783293310356582438809517145250742471996482341022055797, 190.8077907607848003494783293310356582438809517145250787144848840568073688473]
PREC  256  lnD65^2 spec = [190.8077907607848003494783293310356582438809517145250764808422674762620114216, 190.8077907607848003494783293310356582438809517145250764808422674762620114233]
PREC  256  all mu positive = True ; overlap = True
PREC  512  negacyclic r2 check = True
PREC  512  lnD65^2 det  = [190.807790760784800349478329331035658243880951714525076480842267476262011422463179674493330368705791775556217815172353754049731519051629571618635106997269, 190.807790760784800349478329331035658243880951714525076480842267476262011422463179674493330368705791775556217815172353754049731519089896515863322911497080]
PREC  512  lnD65^2 spec = [190.807790760784800349478329331035658243880951714525076480842267476262011422463179674493330368705791775556217815172353754049731519070763043744688719872370, 190.807790760784800349478329331035658243880951714525076480842267476262011422463179674493330368705791775556217815172353754049731519070763043744688719872385]
PREC  512  all mu positive = True ; overlap = True
PREC 1024  negacyclic r2 check = True
PREC 1024  lnD65^2 det  = [190.8077907607848003494783293310356582438809517145250764808422674762620114224631796744933303687057917755562178151723537540497315190707630437446887198723777079539847137203338542785818934879990317814343809537141708803872863306704543424018246698477573859664034719707633756635190466220030684448345916194184442958, 190.8077907607848003494783293310356582438809517145250764808422674762620114224631796744933303687057917755562178151723537540497315190707630437446887198723777079539847137203338542785818934879990317814343809537141708803872863306704543424018246698477573859664034719707633756635190466220030713254152319314066829057]
PREC 1024  lnD65^2 spec = [190.8077907607848003494783293310356582438809517145250764808422674762620114224631796744933303687057917755562178151723537540497315190707630437446887198723777079539847137203338542785818934879990317814343809537141708803872863306704543424018246698477573859664034719707633756635190466220030698851249121730812246010, 190.8077907607848003494783293310356582438809517145250764808422674762620114224631796744933303687057917755562178151723537540497315190707630437446887198723777079539847137203338542785818934879990317814343809537141708803872863306704543424018246698477573859664034719707633756635190466220030698851249121730812246022]
PREC 1024  all mu positive = True ; overlap = True
NESTING DET: 512 in 256 = True ; 1024 in 512 = True
NESTING SPEC: 512 in 256 = True ; 1024 in 512 = True
C65 enclosure = [1.067910417615892266725524112159231892670568570545234996714169256548187051402135685851251004816187428495418991097777891760088233788134582479800320718735479580378518296618398701654471266150018132221389189489563909413315909261038833726567019982671070550192870506676471076846311795708702416060776144218378704907e14, 1.067910417615892266725524112159231892670568570545234996714169256548187051402135685851251004816187428495418991097777891760088233788134582479800320718735479580378518296618398701654471266150018132221389189489563909413315909261038833726567019982671070550192870506676471076846311795708703954161832479992448068051e14]
C65 upper ~ 1.067910e+14
provisional r6 value 2.65e12: RETRACT provisional; certified value differs materially
MO fixed-layer cls65 (d=32): 7.71569554400e12 ; ours-linear C65 vs MO: factor 0.0723
big-ring deg-2 threshold (l^2 > C_7): l > 1.315e15 ; small-ring linear beats it for cls65: True
LADDER (79): class-1 threshold C_7 * (16.3329/h)^64
  h >= 20      -> threshold 4.0501e+24
  h >= 25      -> threshold 2.5423e+18
  h >= 25.367  -> threshold 1.0004e+18
  h >= 30      -> threshold 2.1758e+13
  h >= 32      -> threshold 3.4977e+11
  h >= 35.067  -> threshold 9.9970e+08
R7 SMALLRING CLS65 CERT DONE
