PREC 256 : antiperiodicity_defect <= 5.294864742604214769609712157458196160986202243532966900132813223636715237105e-74
PREC 256 : ln|det A7| in [155.6031072399932359783431943533785815817860158360996791770958225242793560028, 155.6031072399932361381327474969934908640496924736584816173490253277122974396]
PREC 256 : ln D7     in [177.7838170179114858796946220332450786219451014177756742914668694366149241806, 177.7838170179114860394841755904502941807226154910388227667014990229539210679]
PREC 256 : ln C7     in [69.62413669503408137143452535933457155644824435326751925114871985478419015634, 69.62413669503408153122407953692524652999651458008718677885548961548227021922]
PREC 256 : C7 upper  = 1.727342163036353095979941756928000000000000000000000000000000000000000000000e30
PREC 256 : cholesky pivots certified positive: 64/64 -> True
PREC 256 : SAFE integer thresholds: deg1 l > 1727342163036353095979941756929 ; deg2 l > 1314283897427172
PREC 512 : antiperiodicity_defect <= 3.53009977903178790472944357561534682711388842229194805089235147150291052300762491866471352481983408108081487802997831517466640444742615617097596815740368e-151
PREC 512 : ln|det A7| in [155.603107239993236058237970944552466389747934826479950686466561180075693694723210133344517461320683089320556019192391642968740307901941454115338563297309, 155.603107239993236058237970944552466389747934826479950686466561180075693694723210133344517461322063052246596738872463467746736073935293337879084957366011]
PREC 512 : ln D7     in [177.783817017911485959589398831214116568163939126008118818328321483864289597753441032732143925206081090662817494051775031786964793651974536691240417982721, 177.783817017911485959589398831214116568163939126008118818328321483864289597753441032732143925207461053592430049329603965884384883273780610953274030785244]
PREC 512 : ln C7     in [69.6241366950340814513293024674963392100524601382782233042462419892130971613142015767762549864064447615878233173565527190179689778332267203396670161378231, 69.6241366950340814513293024674963392100524601382782233042462419892130971613142015767762549864078247245210077082321387624348133910434869850999878476741662]
PREC 512 : C7 upper  = 1.72734216303635295797432376235198340540330456193597868235342465054771526453970890522530229512968660135995453556070326028167320325506914503161185634945882e30
PREC 512 : cholesky pivots certified positive: 64/64 -> True
PREC 512 : SAFE integer thresholds: deg1 l > 1727342163036352957974323762353 ; deg2 l > 1314283897427172
PREC 1024 : antiperiodicity_defect <= 3.410501152200837991784916695054757982019097531407688092328139134603008144995324693659885622256898475912919115631500639110195230345542820258697030346785879414930523224188350845050093078944083543999834155819335741969916003743740260688403197076201009870984872671463754398991032433635654829994495153403829021814e-305
PREC 1024 : ln|det A7| in [155.6031072399932360582379709445524663897479348264799506864665611800756936947232101333445174613213730707852803141358583442238222643343068082442195141409471824226217090917652490065033885206311924276924514796147911762902881953282567173939495417618575279843272605803244436073102002101304266292980451080296370056, 155.6031072399932360582379709445524663897479348264799506864665611800756936947232101333445174613213730707852803141358583442238222643343068082442195141409471824226217090917652490065033885206311924276924514796147911762902881953282567173939495417618575280873532648687686373758332427159842485755983858164615852570]
PREC 1024 : ln D7     in [177.7838170179114859595893988312141165681639391260081188183283214838642895977534410327321439252067710721293277067941202877017589118785669860692649781932696132044049913582731349325932137565957259787683986833064551108579400505337825277917756267386490204491555148616208360382405015026627056557881488334565774019, 177.7838170179114859595893988312141165681639391260081188183283214838642895977534410327321439252067710721293277067941202877017589118785669860692649781932696132044049913582731349325932137565957259787683986833064551108579400505337825277917756267386490205521815194164646990457904065533146408552084390218340324053]
PREC 1024 : ln C7     in [69.62413669503408145132930246749633921005246013827822330424624198921309716131420157677625498640713474305611944789777652959247525785404626496683518571528193898260111940681615619780338464675317674087640941144801032028839164393851727562805705784890167835331074167061879663184155720919703167962847788167793244316, 69.62413669503408145132930246749633921005246013827822330424624198921309716131420157677625498640713474305611944789777652959247525785404626496683518571528193898260111940681615619780338464675317674087640941144801032028839164393851727562805705784890167845633674662506216349793175607704613675872869228997364757453]
PREC 1024 : C7 upper  = 1.727342163036352957974323762351983405403304561935978682353424650547715264539708905225302295128494767275019455447989282919611735925905436498905682370216682974977571003944375680720743063202765924683274720142606986212683198497068489131850380504543724212648511443885904886574512808601921384334131808530335646923e30
PREC 1024 : cholesky pivots certified positive: 64/64 -> True
PREC 1024 : SAFE integer thresholds: deg1 l > 1727342163036352957974323762353 ; deg2 l > 1314283897427172
FINAL SAFE thresholds (max over 256/512/1024): deg1 l > 1727342163036353095979941756929 ; deg2 l > 1314283897427172
THREE-PRECISION: all positivity certified = True ; 15-digit agreement = True ; all three certify the FINAL threshold (T >= each C7 upper) = True
PARI ln|det A7| = 155.603107239993236058237970944552466389747934826479950686466561180075693694723210133344517461321373070785280314135858344
R6 BLICHFELDT CERT DONE
