FACTORIZATION: 32 irreducible factors of degree 2 over F_1000557377: OK (header deg/ncomp/bar_T agree)
48243887,0,1 RHO mem=True nz=True ynz=True cond=True claim_agree=True upper=0.953534828111  CERT
48243887,0,1 T   mem=True nz=True ynz=True cond=True claim_agree=True upper=1948.05691722  CERT
64301885,0,1 RHO mem=True nz=True ynz=True cond=True claim_agree=True upper=0.933914852199  CERT
64301885,0,1 T   mem=True nz=True ynz=True cond=True claim_agree=True upper=2223.92613095  CERT
98599009,0,1 RHO mem=True nz=True ynz=True cond=True claim_agree=True upper=0.953499544258  CERT
98599009,0,1 T   mem=True nz=True ynz=True cond=True claim_agree=True upper=2398.19041997  CERT
99904996,0,1 RHO mem=True nz=True ynz=True cond=True claim_agree=True upper=0.939889659702  CERT
99904996,0,1 T   mem=True nz=True ynz=True cond=True claim_agree=True upper=3001.35500476  CERT
104652831,0,1 RHO mem=True nz=True ynz=True cond=True claim_agree=True upper=0.886412807820  CERT
104652831,0,1 T   mem=True nz=True ynz=True cond=True claim_agree=True upper=2764.62193541  CERT
241580422,0,1 RHO mem=True nz=True ynz=True cond=True claim_agree=True upper=0.933838438589  CERT
241580422,0,1 T   mem=True nz=True ynz=True cond=True claim_agree=True upper=2498.01522125  CERT
310378828,0,1 RHO mem=True nz=True ynz=True cond=True claim_agree=True upper=0.919065637500  CERT
310378828,0,1 T   mem=True nz=True ynz=True cond=True claim_agree=True upper=2933.12007957  CERT
369059083,0,1 RHO mem=True nz=True ynz=True cond=True claim_agree=True upper=0.951568118856  CERT
369059083,0,1 T   mem=True nz=True ynz=True cond=True claim_agree=True upper=2761.61615405  CERT
375919124,0,1 RHO mem=True nz=True ynz=True cond=True claim_agree=True upper=0.936279223633  CERT
375919124,0,1 T   mem=True nz=True ynz=True cond=True claim_agree=True upper=2348.00215685  CERT
399169567,0,1 RHO mem=True nz=True ynz=True cond=True claim_agree=True upper=0.911540287132  CERT
399169567,0,1 T   mem=True nz=True ynz=True cond=True claim_agree=True upper=2827.71940820  CERT
414202360,0,1 RHO mem=True nz=True ynz=True cond=True claim_agree=True upper=0.943755557333  CERT
414202360,0,1 T   mem=True nz=True ynz=True cond=True claim_agree=True upper=1928.83661203  CERT
415778176,0,1 RHO mem=True nz=True ynz=True cond=True claim_agree=True upper=0.953499544258  CERT
415778176,0,1 T   mem=True nz=True ynz=True cond=True claim_agree=True upper=2865.02261441  CERT
423937765,0,1 RHO mem=True nz=True ynz=True cond=True claim_agree=True upper=0.939889659702  CERT
423937765,0,1 T   mem=True nz=True ynz=True cond=True claim_agree=True upper=2791.23201976  CERT
433886015,0,1 RHO mem=True nz=True ynz=True cond=True claim_agree=True upper=0.951568118856  CERT
433886015,0,1 T   mem=True nz=True ynz=True cond=True claim_agree=True upper=2929.23453584  CERT
463502992,0,1 RHO mem=True nz=True ynz=True cond=True claim_agree=True upper=0.919065637500  CERT
463502992,0,1 T   mem=True nz=True ynz=True cond=True claim_agree=True upper=2275.12447722  CERT
465024316,0,1 RHO mem=True nz=True ynz=True cond=True claim_agree=True upper=0.953534828111  CERT
465024316,0,1 T   mem=True nz=True ynz=True cond=True claim_agree=True upper=2453.21520624  CERT
535533061,0,1 RHO mem=True nz=True ynz=True cond=True claim_agree=True upper=0.904208623263  CERT
535533061,0,1 T   mem=True nz=True ynz=True cond=True claim_agree=True upper=2296.96480631  CERT
537054385,0,1 RHO mem=True nz=True ynz=True cond=True claim_agree=True upper=0.949947774146  CERT
537054385,0,1 T   mem=True nz=True ynz=True cond=True claim_agree=True upper=1834.94576866  CERT
566671362,0,1 RHO mem=True nz=True ynz=True cond=True claim_agree=True upper=0.925545785290  CERT
566671362,0,1 T   mem=True nz=True ynz=True cond=True claim_agree=True upper=2094.02672626  CERT
576619612,0,1 RHO mem=True nz=True ynz=True cond=True claim_agree=True upper=0.928673370051  CERT
576619612,0,1 T   mem=True nz=True ynz=True cond=True claim_agree=True upper=2283.09429828  CERT
584779201,0,1 RHO mem=True nz=True ynz=True cond=True claim_agree=True upper=0.946923910143  CERT
584779201,0,1 T   mem=True nz=True ynz=True cond=True claim_agree=True upper=1619.86512015  CERT
586355017,0,1 RHO mem=True nz=True ynz=True cond=True claim_agree=True upper=0.911540287132  CERT
586355017,0,1 T   mem=True nz=True ynz=True cond=True claim_agree=True upper=2890.44399335  CERT
601387810,0,1 RHO mem=True nz=True ynz=True cond=True claim_agree=True upper=0.943755557333  CERT
601387810,0,1 T   mem=True nz=True ynz=True cond=True claim_agree=True upper=2317.82510961  CERT
624638253,0,1 RHO mem=True nz=True ynz=True cond=True claim_agree=True upper=0.886412807820  CERT
624638253,0,1 T   mem=True nz=True ynz=True cond=True claim_agree=True upper=2517.10074163  CERT
631498294,0,1 RHO mem=True nz=True ynz=True cond=True claim_agree=True upper=0.925545785290  CERT
631498294,0,1 T   mem=True nz=True ynz=True cond=True claim_agree=True upper=2732.31749502  CERT
690178549,0,1 RHO mem=True nz=True ynz=True cond=True claim_agree=True upper=0.949947774146  CERT
690178549,0,1 T   mem=True nz=True ynz=True cond=True claim_agree=True upper=2498.83466767  CERT
758976955,0,1 RHO mem=True nz=True ynz=True cond=True claim_agree=True upper=0.933914852199  CERT
758976955,0,1 T   mem=True nz=True ynz=True cond=True claim_agree=True upper=2349.93678787  CERT
895904546,0,1 RHO mem=True nz=True ynz=True cond=True claim_agree=True upper=0.936279223633  CERT
895904546,0,1 T   mem=True nz=True ynz=True cond=True claim_agree=True upper=2092.22675923  CERT
900652381,0,1 RHO mem=True nz=True ynz=True cond=True claim_agree=True upper=0.928673370051  CERT
900652381,0,1 T   mem=True nz=True ynz=True cond=True claim_agree=True upper=2609.71035832  CERT
901958368,0,1 RHO mem=True nz=True ynz=True cond=True claim_agree=True upper=0.946923910143  CERT
901958368,0,1 T   mem=True nz=True ynz=True cond=True claim_agree=True upper=2394.04603056  CERT
936255492,0,1 RHO mem=True nz=True ynz=True cond=True claim_agree=True upper=0.933838438589  CERT
936255492,0,1 T   mem=True nz=True ynz=True cond=True claim_agree=True upper=2572.92412062  CERT
952313490,0,1 RHO mem=True nz=True ynz=True cond=True claim_agree=True upper=0.904208623263  CERT
952313490,0,1 T   mem=True nz=True ynz=True cond=True claim_agree=True upper=2616.43207510  CERT
FAMILY VERIFY n=7 l=1000557377 : EXCLUDED (components certified 32 / 32 ; lines 64 ; failed lines 0)
FAMILY VERIFY PASS
