FACTORIZATION: 32 irreducible factors of degree 2 over F_1001271233: OK (header deg/ncomp/bar_T agree)
969419,0,1 RHO mem=True nz=True ynz=True cond=True claim_agree=True upper=0.895721693620  CERT
969419,0,1 T   mem=True nz=True ynz=True cond=True claim_agree=True upper=1621.46995697  CERT
4217389,0,1 RHO mem=True nz=True ynz=True cond=True claim_agree=True upper=0.887315456587  CERT
4217389,0,1 T   mem=True nz=True ynz=True cond=True claim_agree=True upper=1693.09762850  CERT
47587514,0,1 RHO mem=True nz=True ynz=True cond=True claim_agree=True upper=0.917069922696  CERT
47587514,0,1 T   mem=True nz=True ynz=True cond=True claim_agree=True upper=1740.90740071  CERT
174782133,0,1 RHO mem=True nz=True ynz=True cond=True claim_agree=True upper=0.895721693620  CERT
174782133,0,1 T   mem=True nz=True ynz=True cond=True claim_agree=True upper=1708.08993710  CERT
237818519,0,1 RHO mem=True nz=True ynz=True cond=True claim_agree=True upper=0.926228988523  CERT
237818519,0,1 T   mem=True nz=True ynz=True cond=True claim_agree=True upper=1958.76863545  CERT
245496014,0,1 RHO mem=True nz=True ynz=True cond=True claim_agree=True upper=0.906268564303  CERT
245496014,0,1 T   mem=True nz=True ynz=True cond=True claim_agree=True upper=1888.10956467  CERT
287348381,0,1 RHO mem=True nz=True ynz=True cond=True claim_agree=True upper=0.849784544525  CERT
287348381,0,1 T   mem=True nz=True ynz=True cond=True claim_agree=True upper=1580.55432497  CERT
303976795,0,1 RHO mem=True nz=True ynz=True cond=True claim_agree=True upper=0.897008231378  CERT
303976795,0,1 T   mem=True nz=True ynz=True cond=True claim_agree=True upper=2231.96549148  CERT
321092335,0,1 RHO mem=True nz=True ynz=True cond=True claim_agree=True upper=0.900832707381  CERT
321092335,0,1 T   mem=True nz=True ynz=True cond=True claim_agree=True upper=1691.17589144  CERT
322352868,0,1 RHO mem=True nz=True ynz=True cond=True claim_agree=True upper=0.927169961634  CERT
322352868,0,1 T   mem=True nz=True ynz=True cond=True claim_agree=True upper=2421.23503088  CERT
333198957,0,1 RHO mem=True nz=True ynz=True cond=True claim_agree=True upper=0.897008231378  CERT
333198957,0,1 T   mem=True nz=True ynz=True cond=True claim_agree=True upper=1630.22517610  CERT
341470156,0,1 RHO mem=True nz=True ynz=True cond=True claim_agree=True upper=0.895574908212  CERT
341470156,0,1 T   mem=True nz=True ynz=True cond=True claim_agree=True upper=1719.83832485  CERT
348820187,0,1 RHO mem=True nz=True ynz=True cond=True claim_agree=True upper=0.919514268334  CERT
348820187,0,1 T   mem=True nz=True ynz=True cond=True claim_agree=True upper=2131.44789975  CERT
390787533,0,1 RHO mem=True nz=True ynz=True cond=True claim_agree=True upper=0.895574908212  CERT
390787533,0,1 T   mem=True nz=True ynz=True cond=True claim_agree=True upper=1546.69759237  CERT
439393094,0,1 RHO mem=True nz=True ynz=True cond=True claim_agree=True upper=0.926228988523  CERT
439393094,0,1 T   mem=True nz=True ynz=True cond=True claim_agree=True upper=2182.03083670  CERT
451208233,0,1 RHO mem=True nz=True ynz=True cond=True claim_agree=True upper=0.917069922696  CERT
451208233,0,1 T   mem=True nz=True ynz=True cond=True claim_agree=True upper=1870.63353329  CERT
550063000,0,1 RHO mem=True nz=True ynz=True cond=True claim_agree=True upper=0.893843004399  CERT
550063000,0,1 T   mem=True nz=True ynz=True cond=True claim_agree=True upper=2149.92433551  CERT
561878139,0,1 RHO mem=True nz=True ynz=True cond=True claim_agree=True upper=0.899833461983  CERT
561878139,0,1 T   mem=True nz=True ynz=True cond=True claim_agree=True upper=1670.09135545  CERT
610483700,0,1 RHO mem=True nz=True ynz=True cond=True claim_agree=True upper=0.871394844689  CERT
610483700,0,1 T   mem=True nz=True ynz=True cond=True claim_agree=True upper=1572.53921249  CERT
652451046,0,1 RHO mem=True nz=True ynz=True cond=True claim_agree=True upper=0.906268564303  CERT
652451046,0,1 T   mem=True nz=True ynz=True cond=True claim_agree=True upper=1504.71121674  CERT
659801077,0,1 RHO mem=True nz=True ynz=True cond=True claim_agree=True upper=0.871394844689  CERT
659801077,0,1 T   mem=True nz=True ynz=True cond=True claim_agree=True upper=1868.42776968  CERT
668072276,0,1 RHO mem=True nz=True ynz=True cond=True claim_agree=True upper=0.854095430641  CERT
668072276,0,1 T   mem=True nz=True ynz=True cond=True claim_agree=True upper=2380.56496379  CERT
678918365,0,1 RHO mem=True nz=True ynz=True cond=True claim_agree=True upper=0.849784544525  CERT
678918365,0,1 T   mem=True nz=True ynz=True cond=True claim_agree=True upper=1342.52632219  CERT
680178898,0,1 RHO mem=True nz=True ynz=True cond=True claim_agree=True upper=0.887315456587  CERT
680178898,0,1 T   mem=True nz=True ynz=True cond=True claim_agree=True upper=1526.85479745  CERT
697294438,0,1 RHO mem=True nz=True ynz=True cond=True claim_agree=True upper=0.854095430641  CERT
697294438,0,1 T   mem=True nz=True ynz=True cond=True claim_agree=True upper=1226.67198013  CERT
713922852,0,1 RHO mem=True nz=True ynz=True cond=True claim_agree=True upper=0.927169961634  CERT
713922852,0,1 T   mem=True nz=True ynz=True cond=True claim_agree=True upper=1917.96157561  CERT
755775219,0,1 RHO mem=True nz=True ynz=True cond=True claim_agree=True upper=0.919514268334  CERT
755775219,0,1 T   mem=True nz=True ynz=True cond=True claim_agree=True upper=1927.73271858  CERT
763452714,0,1 RHO mem=True nz=True ynz=True cond=True claim_agree=True upper=0.899833461983  CERT
763452714,0,1 T   mem=True nz=True ynz=True cond=True claim_agree=True upper=1714.65987436  CERT
826489100,0,1 RHO mem=True nz=True ynz=True cond=True claim_agree=True upper=0.923188449987  CERT
826489100,0,1 T   mem=True nz=True ynz=True cond=True claim_agree=True upper=2059.48277636  CERT
953683719,0,1 RHO mem=True nz=True ynz=True cond=True claim_agree=True upper=0.893843004399  CERT
953683719,0,1 T   mem=True nz=True ynz=True cond=True claim_agree=True upper=1788.96359660  CERT
997053844,0,1 RHO mem=True nz=True ynz=True cond=True claim_agree=True upper=0.900832707381  CERT
997053844,0,1 T   mem=True nz=True ynz=True cond=True claim_agree=True upper=1819.46020904  CERT
1000301814,0,1 RHO mem=True nz=True ynz=True cond=True claim_agree=True upper=0.923188449987  CERT
1000301814,0,1 T   mem=True nz=True ynz=True cond=True claim_agree=True upper=1982.81738845  CERT
FAMILY VERIFY n=7 l=1001271233 : EXCLUDED (components certified 32 / 32 ; lines 64 ; failed lines 0)
FAMILY VERIFY PASS
