FACTORIZATION: 32 irreducible factors of degree 2 over F_1000216001: OK (header deg/ncomp/bar_T agree)
27838661,0,1 RHO mem=True nz=True ynz=True cond=True claim_agree=True upper=0.955179723619  CERT
27838661,0,1 T   mem=True nz=True ynz=True cond=True claim_agree=True upper=2151.67591792  CERT
77386271,0,1 RHO mem=True nz=True ynz=True cond=True claim_agree=True upper=0.911608735540  CERT
77386271,0,1 T   mem=True nz=True ynz=True cond=True claim_agree=True upper=2047.79850100  CERT
87846075,0,1 RHO mem=True nz=True ynz=True cond=True claim_agree=True upper=0.949118430825  CERT
87846075,0,1 T   mem=True nz=True ynz=True cond=True claim_agree=True upper=2925.64699167  CERT
89631242,0,1 RHO mem=True nz=True ynz=True cond=True claim_agree=True upper=0.941968469325  CERT
89631242,0,1 T   mem=True nz=True ynz=True cond=True claim_agree=True upper=2038.68787166  CERT
221303524,0,1 RHO mem=True nz=True ynz=True cond=True claim_agree=True upper=0.909629090647  CERT
221303524,0,1 T   mem=True nz=True ynz=True cond=True claim_agree=True upper=1819.79551226  CERT
224248662,0,1 RHO mem=True nz=True ynz=True cond=True claim_agree=True upper=0.958353914826  CERT
224248662,0,1 T   mem=True nz=True ynz=True cond=True claim_agree=True upper=2067.36937544  CERT
307077852,0,1 RHO mem=True nz=True ynz=True cond=True claim_agree=True upper=0.954916790893  CERT
307077852,0,1 T   mem=True nz=True ynz=True cond=True claim_agree=True upper=2135.17774725  CERT
323568428,0,1 RHO mem=True nz=True ynz=True cond=True claim_agree=True upper=0.930706423115  CERT
323568428,0,1 T   mem=True nz=True ynz=True cond=True claim_agree=True upper=2065.38891146  CERT
345591753,0,1 RHO mem=True nz=True ynz=True cond=True claim_agree=True upper=0.937012174212  CERT
345591753,0,1 T   mem=True nz=True ynz=True cond=True claim_agree=True upper=2797.91645386  CERT
365877625,0,1 RHO mem=True nz=True ynz=True cond=True claim_agree=True upper=0.911473102979  CERT
365877625,0,1 T   mem=True nz=True ynz=True cond=True claim_agree=True upper=2592.88527599  CERT
368407334,0,1 RHO mem=True nz=True ynz=True cond=True claim_agree=True upper=0.911608735540  CERT
368407334,0,1 T   mem=True nz=True ynz=True cond=True claim_agree=True upper=2630.09794917  CERT
398944685,0,1 RHO mem=True nz=True ynz=True cond=True claim_agree=True upper=0.945222288455  CERT
398944685,0,1 T   mem=True nz=True ynz=True cond=True claim_agree=True upper=2534.06460973  CERT
403010453,0,1 RHO mem=True nz=True ynz=True cond=True claim_agree=True upper=0.949968151576  CERT
403010453,0,1 T   mem=True nz=True ynz=True cond=True claim_agree=True upper=2707.80685374  CERT
417628468,0,1 RHO mem=True nz=True ynz=True cond=True claim_agree=True upper=0.949118430825  CERT
417628468,0,1 T   mem=True nz=True ynz=True cond=True claim_agree=True upper=2308.75122603  CERT
417874054,0,1 RHO mem=True nz=True ynz=True cond=True claim_agree=True upper=0.911473102979  CERT
417874054,0,1 T   mem=True nz=True ynz=True cond=True claim_agree=True upper=2320.09806015  CERT
421163373,0,1 RHO mem=True nz=True ynz=True cond=True claim_agree=True upper=0.941739451683  CERT
421163373,0,1 T   mem=True nz=True ynz=True cond=True claim_agree=True upper=1906.05197573  CERT
579052628,0,1 RHO mem=True nz=True ynz=True cond=True claim_agree=True upper=0.958353914826  CERT
579052628,0,1 T   mem=True nz=True ynz=True cond=True claim_agree=True upper=2578.80306856  CERT
582341947,0,1 RHO mem=True nz=True ynz=True cond=True claim_agree=True upper=0.971039400920  CERT
582341947,0,1 T   mem=True nz=True ynz=True cond=True claim_agree=True upper=2775.43104144  CERT
582587533,0,1 RHO mem=True nz=True ynz=True cond=True claim_agree=True upper=0.910533672164  CERT
582587533,0,1 T   mem=True nz=True ynz=True cond=True claim_agree=True upper=2037.49656291  CERT
597205548,0,1 RHO mem=True nz=True ynz=True cond=True claim_agree=True upper=0.909629090647  CERT
597205548,0,1 T   mem=True nz=True ynz=True cond=True claim_agree=True upper=2949.76985818  CERT
601271316,0,1 RHO mem=True nz=True ynz=True cond=True claim_agree=True upper=0.954916790893  CERT
601271316,0,1 T   mem=True nz=True ynz=True cond=True claim_agree=True upper=2685.49009896  CERT
631808667,0,1 RHO mem=True nz=True ynz=True cond=True claim_agree=True upper=0.966027754738  CERT
631808667,0,1 T   mem=True nz=True ynz=True cond=True claim_agree=True upper=2844.59919652  CERT
634338376,0,1 RHO mem=True nz=True ynz=True cond=True claim_agree=True upper=0.971039400920  CERT
634338376,0,1 T   mem=True nz=True ynz=True cond=True claim_agree=True upper=2466.50129278  CERT
654624248,0,1 RHO mem=True nz=True ynz=True cond=True claim_agree=True upper=0.955179723619  CERT
654624248,0,1 T   mem=True nz=True ynz=True cond=True claim_agree=True upper=2774.28183296  CERT
676647573,0,1 RHO mem=True nz=True ynz=True cond=True claim_agree=True upper=0.941968469325  CERT
676647573,0,1 T   mem=True nz=True ynz=True cond=True claim_agree=True upper=2338.80715018  CERT
693138149,0,1 RHO mem=True nz=True ynz=True cond=True claim_agree=True upper=0.945222288455  CERT
693138149,0,1 T   mem=True nz=True ynz=True cond=True claim_agree=True upper=2085.21899172  CERT
775967339,0,1 RHO mem=True nz=True ynz=True cond=True claim_agree=True upper=0.941739451683  CERT
775967339,0,1 T   mem=True nz=True ynz=True cond=True claim_agree=True upper=1803.73643011  CERT
778912477,0,1 RHO mem=True nz=True ynz=True cond=True claim_agree=True upper=0.949968151576  CERT
778912477,0,1 T   mem=True nz=True ynz=True cond=True claim_agree=True upper=2558.34666969  CERT
910584759,0,1 RHO mem=True nz=True ynz=True cond=True claim_agree=True upper=0.930706423115  CERT
910584759,0,1 T   mem=True nz=True ynz=True cond=True claim_agree=True upper=2209.37995878  CERT
912369926,0,1 RHO mem=True nz=True ynz=True cond=True claim_agree=True upper=0.910533672164  CERT
912369926,0,1 T   mem=True nz=True ynz=True cond=True claim_agree=True upper=2412.19736078  CERT
922829730,0,1 RHO mem=True nz=True ynz=True cond=True claim_agree=True upper=0.966027754738  CERT
922829730,0,1 T   mem=True nz=True ynz=True cond=True claim_agree=True upper=2378.48935928  CERT
972377340,0,1 RHO mem=True nz=True ynz=True cond=True claim_agree=True upper=0.937012174212  CERT
972377340,0,1 T   mem=True nz=True ynz=True cond=True claim_agree=True upper=2472.43488439  CERT
FAMILY VERIFY n=7 l=1000216001 : EXCLUDED (components certified 32 / 32 ; lines 64 ; failed lines 0)
FAMILY VERIFY PASS
