FACTORIZATION: 32 irreducible factors of degree 2 over F_1000611137: OK (header deg/ncomp/bar_T agree)
29324298,0,1 RHO mem=True nz=True ynz=True cond=True claim_agree=True upper=0.907233622947  CERT
29324298,0,1 T   mem=True nz=True ynz=True cond=True claim_agree=True upper=1778.25042774  CERT
33672738,0,1 RHO mem=True nz=True ynz=True cond=True claim_agree=True upper=0.947122381668  CERT
33672738,0,1 T   mem=True nz=True ynz=True cond=True claim_agree=True upper=2289.99057360  CERT
37939936,0,1 RHO mem=True nz=True ynz=True cond=True claim_agree=True upper=0.912730602081  CERT
37939936,0,1 T   mem=True nz=True ynz=True cond=True claim_agree=True upper=2085.29389369  CERT
48089570,0,1 RHO mem=True nz=True ynz=True cond=True claim_agree=True upper=0.929091850818  CERT
48089570,0,1 T   mem=True nz=True ynz=True cond=True claim_agree=True upper=2027.91665338  CERT
89262490,0,1 RHO mem=True nz=True ynz=True cond=True claim_agree=True upper=0.964683888016  CERT
89262490,0,1 T   mem=True nz=True ynz=True cond=True claim_agree=True upper=3408.86322313  CERT
162923021,0,1 RHO mem=True nz=True ynz=True cond=True claim_agree=True upper=0.929485147261  CERT
162923021,0,1 T   mem=True nz=True ynz=True cond=True claim_agree=True upper=2339.47903864  CERT
164229332,0,1 RHO mem=True nz=True ynz=True cond=True claim_agree=True upper=0.984797062406  CERT
164229332,0,1 T   mem=True nz=True ynz=True cond=True claim_agree=True upper=2604.80849728  CERT
181396660,0,1 RHO mem=True nz=True ynz=True cond=True claim_agree=True upper=0.970668609480  CERT
181396660,0,1 T   mem=True nz=True ynz=True cond=True claim_agree=True upper=2351.38708369  CERT
208956788,0,1 RHO mem=True nz=True ynz=True cond=True claim_agree=True upper=0.949171071801  CERT
208956788,0,1 T   mem=True nz=True ynz=True cond=True claim_agree=True upper=3183.93242928  CERT
249679550,0,1 RHO mem=True nz=True ynz=True cond=True claim_agree=True upper=0.960969002200  CERT
249679550,0,1 T   mem=True nz=True ynz=True cond=True claim_agree=True upper=2208.10535545  CERT
260099055,0,1 RHO mem=True nz=True ynz=True cond=True claim_agree=True upper=0.929485147261  CERT
260099055,0,1 T   mem=True nz=True ynz=True cond=True claim_agree=True upper=2356.43958836  CERT
383830590,0,1 RHO mem=True nz=True ynz=True cond=True claim_agree=True upper=0.976022761928  CERT
383830590,0,1 T   mem=True nz=True ynz=True cond=True claim_agree=True upper=2922.87642681  CERT
393317221,0,1 RHO mem=True nz=True ynz=True cond=True claim_agree=True upper=0.944729608460  CERT
393317221,0,1 T   mem=True nz=True ynz=True cond=True claim_agree=True upper=2594.00469662  CERT
405819419,0,1 RHO mem=True nz=True ynz=True cond=True claim_agree=True upper=0.912730602081  CERT
405819419,0,1 T   mem=True nz=True ynz=True cond=True claim_agree=True upper=2256.91563769  CERT
427637295,0,1 RHO mem=True nz=True ynz=True cond=True claim_agree=True upper=0.936251549394  CERT
427637295,0,1 T   mem=True nz=True ynz=True cond=True claim_agree=True upper=1959.23715801  CERT
432099730,0,1 RHO mem=True nz=True ynz=True cond=True claim_agree=True upper=0.937147656796  CERT
432099730,0,1 T   mem=True nz=True ynz=True cond=True claim_agree=True upper=2514.00659616  CERT
568511407,0,1 RHO mem=True nz=True ynz=True cond=True claim_agree=True upper=0.960969002200  CERT
568511407,0,1 T   mem=True nz=True ynz=True cond=True claim_agree=True upper=2756.93049714  CERT
572973842,0,1 RHO mem=True nz=True ynz=True cond=True claim_agree=True upper=0.984797062406  CERT
572973842,0,1 T   mem=True nz=True ynz=True cond=True claim_agree=True upper=2740.09007070  CERT
594791718,0,1 RHO mem=True nz=True ynz=True cond=True claim_agree=True upper=0.961271150111  CERT
594791718,0,1 T   mem=True nz=True ynz=True cond=True claim_agree=True upper=2507.01982035  CERT
607293916,0,1 RHO mem=True nz=True ynz=True cond=True claim_agree=True upper=0.907233622947  CERT
607293916,0,1 T   mem=True nz=True ynz=True cond=True claim_agree=True upper=2621.78413854  CERT
616780547,0,1 RHO mem=True nz=True ynz=True cond=True claim_agree=True upper=0.947122381668  CERT
616780547,0,1 T   mem=True nz=True ynz=True cond=True claim_agree=True upper=2275.64584259  CERT
740512082,0,1 RHO mem=True nz=True ynz=True cond=True claim_agree=True upper=0.963752055513  CERT
740512082,0,1 T   mem=True nz=True ynz=True cond=True claim_agree=True upper=2262.47770073  CERT
750931587,0,1 RHO mem=True nz=True ynz=True cond=True claim_agree=True upper=0.937147656796  CERT
750931587,0,1 T   mem=True nz=True ynz=True cond=True claim_agree=True upper=2409.31167968  CERT
791654349,0,1 RHO mem=True nz=True ynz=True cond=True claim_agree=True upper=0.970668609480  CERT
791654349,0,1 T   mem=True nz=True ynz=True cond=True claim_agree=True upper=2251.49549872  CERT
819214477,0,1 RHO mem=True nz=True ynz=True cond=True claim_agree=True upper=0.949171071801  CERT
819214477,0,1 T   mem=True nz=True ynz=True cond=True claim_agree=True upper=2669.35013571  CERT
836381805,0,1 RHO mem=True nz=True ynz=True cond=True claim_agree=True upper=0.936251549394  CERT
836381805,0,1 T   mem=True nz=True ynz=True cond=True claim_agree=True upper=2497.17963624  CERT
837688116,0,1 RHO mem=True nz=True ynz=True cond=True claim_agree=True upper=0.963752055513  CERT
837688116,0,1 T   mem=True nz=True ynz=True cond=True claim_agree=True upper=2445.04283697  CERT
911348647,0,1 RHO mem=True nz=True ynz=True cond=True claim_agree=True upper=0.929091850818  CERT
911348647,0,1 T   mem=True nz=True ynz=True cond=True claim_agree=True upper=2937.20554319  CERT
952521567,0,1 RHO mem=True nz=True ynz=True cond=True claim_agree=True upper=0.964683888016  CERT
952521567,0,1 T   mem=True nz=True ynz=True cond=True claim_agree=True upper=1958.07581913  CERT
962671201,0,1 RHO mem=True nz=True ynz=True cond=True claim_agree=True upper=0.961271150111  CERT
962671201,0,1 T   mem=True nz=True ynz=True cond=True claim_agree=True upper=2958.99558951  CERT
966938399,0,1 RHO mem=True nz=True ynz=True cond=True claim_agree=True upper=0.976022761928  CERT
966938399,0,1 T   mem=True nz=True ynz=True cond=True claim_agree=True upper=2640.48038539  CERT
971286839,0,1 RHO mem=True nz=True ynz=True cond=True claim_agree=True upper=0.944729608460  CERT
971286839,0,1 T   mem=True nz=True ynz=True cond=True claim_agree=True upper=2431.24276230  CERT
FAMILY VERIFY n=7 l=1000611137 : EXCLUDED (components certified 32 / 32 ; lines 64 ; failed lines 0)
FAMILY VERIFY PASS
