FACTORIZATION: 32 irreducible factors of degree 2 over F_1000585153: OK (header deg/ncomp/bar_T agree)
18397394,0,1 RHO mem=True nz=True ynz=True cond=True claim_agree=True upper=0.910447971614  CERT
18397394,0,1 T   mem=True nz=True ynz=True cond=True claim_agree=True upper=2081.51423325  CERT
44262688,0,1 RHO mem=True nz=True ynz=True cond=True claim_agree=True upper=0.960419749096  CERT
44262688,0,1 T   mem=True nz=True ynz=True cond=True claim_agree=True upper=2637.95140746  CERT
55233426,0,1 RHO mem=True nz=True ynz=True cond=True claim_agree=True upper=0.932234717671  CERT
55233426,0,1 T   mem=True nz=True ynz=True cond=True claim_agree=True upper=2362.23827296  CERT
72257430,0,1 RHO mem=True nz=True ynz=True cond=True claim_agree=True upper=0.924004225049  CERT
72257430,0,1 T   mem=True nz=True ynz=True cond=True claim_agree=True upper=2340.19497164  CERT
80270520,0,1 RHO mem=True nz=True ynz=True cond=True claim_agree=True upper=0.932234717671  CERT
80270520,0,1 T   mem=True nz=True ynz=True cond=True claim_agree=True upper=2473.62418949  CERT
108204203,0,1 RHO mem=True nz=True ynz=True cond=True claim_agree=True upper=0.960295187956  CERT
108204203,0,1 T   mem=True nz=True ynz=True cond=True claim_agree=True upper=2709.57526487  CERT
157279337,0,1 RHO mem=True nz=True ynz=True cond=True claim_agree=True upper=0.960419749096  CERT
157279337,0,1 T   mem=True nz=True ynz=True cond=True claim_agree=True upper=2214.54106452  CERT
172876966,0,1 RHO mem=True nz=True ynz=True cond=True claim_agree=True upper=0.945424929841  CERT
172876966,0,1 T   mem=True nz=True ynz=True cond=True claim_agree=True upper=2441.38636219  CERT
198663350,0,1 RHO mem=True nz=True ynz=True cond=True claim_agree=True upper=0.925433124160  CERT
198663350,0,1 T   mem=True nz=True ynz=True cond=True claim_agree=True upper=2197.50092548  CERT
342010893,0,1 RHO mem=True nz=True ynz=True cond=True claim_agree=True upper=0.978386660009  CERT
342010893,0,1 T   mem=True nz=True ynz=True cond=True claim_agree=True upper=2699.32475486  CERT
367631576,0,1 RHO mem=True nz=True ynz=True cond=True claim_agree=True upper=0.951872791130  CERT
367631576,0,1 T   mem=True nz=True ynz=True cond=True claim_agree=True upper=2430.60661564  CERT
373539095,0,1 RHO mem=True nz=True ynz=True cond=True claim_agree=True upper=0.945432121381  CERT
373539095,0,1 T   mem=True nz=True ynz=True cond=True claim_agree=True upper=2629.35694896  CERT
393805703,0,1 RHO mem=True nz=True ynz=True cond=True claim_agree=True upper=0.951546178701  CERT
393805703,0,1 T   mem=True nz=True ynz=True cond=True claim_agree=True upper=2538.90699476  CERT
415297187,0,1 RHO mem=True nz=True ynz=True cond=True claim_agree=True upper=0.903450233796  CERT
415297187,0,1 T   mem=True nz=True ynz=True cond=True claim_agree=True upper=2227.90442073  CERT
429604624,0,1 RHO mem=True nz=True ynz=True cond=True claim_agree=True upper=0.943976855144  CERT
429604624,0,1 T   mem=True nz=True ynz=True cond=True claim_agree=True upper=2167.61852838  CERT
489599863,0,1 RHO mem=True nz=True ynz=True cond=True claim_agree=True upper=0.949715951721  CERT
489599863,0,1 T   mem=True nz=True ynz=True cond=True claim_agree=True upper=2694.56399702  CERT
510985290,0,1 RHO mem=True nz=True ynz=True cond=True claim_agree=True upper=0.925433124160  CERT
510985290,0,1 T   mem=True nz=True ynz=True cond=True claim_agree=True upper=1891.12000821  CERT
570980529,0,1 RHO mem=True nz=True ynz=True cond=True claim_agree=True upper=0.960295187956  CERT
570980529,0,1 T   mem=True nz=True ynz=True cond=True claim_agree=True upper=2079.86881038  CERT
585287966,0,1 RHO mem=True nz=True ynz=True cond=True claim_agree=True upper=0.945424929841  CERT
585287966,0,1 T   mem=True nz=True ynz=True cond=True claim_agree=True upper=3056.32640170  CERT
606779450,0,1 RHO mem=True nz=True ynz=True cond=True claim_agree=True upper=0.924004225049  CERT
606779450,0,1 T   mem=True nz=True ynz=True cond=True claim_agree=True upper=2137.64056305  CERT
627046058,0,1 RHO mem=True nz=True ynz=True cond=True claim_agree=True upper=0.910447971614  CERT
627046058,0,1 T   mem=True nz=True ynz=True cond=True claim_agree=True upper=2118.50729980  CERT
632953577,0,1 RHO mem=True nz=True ynz=True cond=True claim_agree=True upper=0.978386660009  CERT
632953577,0,1 T   mem=True nz=True ynz=True cond=True claim_agree=True upper=2659.51193977  CERT
658574260,0,1 RHO mem=True nz=True ynz=True cond=True claim_agree=True upper=0.951872791130  CERT
658574260,0,1 T   mem=True nz=True ynz=True cond=True claim_agree=True upper=2575.25658001  CERT
801921803,0,1 RHO mem=True nz=True ynz=True cond=True claim_agree=True upper=0.949715951721  CERT
801921803,0,1 T   mem=True nz=True ynz=True cond=True claim_agree=True upper=2476.71680892  CERT
827708187,0,1 RHO mem=True nz=True ynz=True cond=True claim_agree=True upper=0.903450233796  CERT
827708187,0,1 T   mem=True nz=True ynz=True cond=True claim_agree=True upper=1732.68100228  CERT
843305816,0,1 RHO mem=True nz=True ynz=True cond=True claim_agree=True upper=0.930802345776  CERT
843305816,0,1 T   mem=True nz=True ynz=True cond=True claim_agree=True upper=2382.86913163  CERT
892380950,0,1 RHO mem=True nz=True ynz=True cond=True claim_agree=True upper=0.943976855144  CERT
892380950,0,1 T   mem=True nz=True ynz=True cond=True claim_agree=True upper=2517.33755758  CERT
920314633,0,1 RHO mem=True nz=True ynz=True cond=True claim_agree=True upper=0.950040461434  CERT
920314633,0,1 T   mem=True nz=True ynz=True cond=True claim_agree=True upper=2082.55960189  CERT
928327723,0,1 RHO mem=True nz=True ynz=True cond=True claim_agree=True upper=0.951546178701  CERT
928327723,0,1 T   mem=True nz=True ynz=True cond=True claim_agree=True upper=2319.27494596  CERT
945351727,0,1 RHO mem=True nz=True ynz=True cond=True claim_agree=True upper=0.950040461434  CERT
945351727,0,1 T   mem=True nz=True ynz=True cond=True claim_agree=True upper=2205.75274028  CERT
956322465,0,1 RHO mem=True nz=True ynz=True cond=True claim_agree=True upper=0.930802345776  CERT
956322465,0,1 T   mem=True nz=True ynz=True cond=True claim_agree=True upper=1659.58161991  CERT
982187759,0,1 RHO mem=True nz=True ynz=True cond=True claim_agree=True upper=0.945432121381  CERT
982187759,0,1 T   mem=True nz=True ynz=True cond=True claim_agree=True upper=2927.91821409  CERT
FAMILY VERIFY n=7 l=1000585153 : EXCLUDED (components certified 32 / 32 ; lines 64 ; failed lines 0)
FAMILY VERIFY PASS
