FACTORIZATION: 32 irreducible factors of degree 2 over F_1000396097: OK (header deg/ncomp/bar_T agree)
17703504,0,1 RHO mem=True nz=True ynz=True cond=True claim_agree=True upper=0.938349752309  CERT
17703504,0,1 T   mem=True nz=True ynz=True cond=True claim_agree=True upper=2047.60827943  CERT
25443571,0,1 RHO mem=True nz=True ynz=True cond=True claim_agree=True upper=0.953347218211  CERT
25443571,0,1 T   mem=True nz=True ynz=True cond=True claim_agree=True upper=2285.70975090  CERT
75505916,0,1 RHO mem=True nz=True ynz=True cond=True claim_agree=True upper=0.953607527742  CERT
75505916,0,1 T   mem=True nz=True ynz=True cond=True claim_agree=True upper=2690.32508792  CERT
88875117,0,1 RHO mem=True nz=True ynz=True cond=True claim_agree=True upper=0.930696995574  CERT
88875117,0,1 T   mem=True nz=True ynz=True cond=True claim_agree=True upper=2363.81769239  CERT
94166841,0,1 RHO mem=True nz=True ynz=True cond=True claim_agree=True upper=0.933783943176  CERT
94166841,0,1 T   mem=True nz=True ynz=True cond=True claim_agree=True upper=2687.42501107  CERT
125523188,0,1 RHO mem=True nz=True ynz=True cond=True claim_agree=True upper=0.935353637825  CERT
125523188,0,1 T   mem=True nz=True ynz=True cond=True claim_agree=True upper=2459.99274451  CERT
175480185,0,1 RHO mem=True nz=True ynz=True cond=True claim_agree=True upper=0.933783943176  CERT
175480185,0,1 T   mem=True nz=True ynz=True cond=True claim_agree=True upper=2324.19221887  CERT
228737113,0,1 RHO mem=True nz=True ynz=True cond=True claim_agree=True upper=0.933492672974  CERT
228737113,0,1 T   mem=True nz=True ynz=True cond=True claim_agree=True upper=2364.89118022  CERT
250306282,0,1 RHO mem=True nz=True ynz=True cond=True claim_agree=True upper=0.949304573437  CERT
250306282,0,1 T   mem=True nz=True ynz=True cond=True claim_agree=True upper=2289.04422062  CERT
307688600,0,1 RHO mem=True nz=True ynz=True cond=True claim_agree=True upper=0.933227870976  CERT
307688600,0,1 T   mem=True nz=True ynz=True cond=True claim_agree=True upper=2274.23389051  CERT
328520770,0,1 RHO mem=True nz=True ynz=True cond=True claim_agree=True upper=0.935353637825  CERT
328520770,0,1 T   mem=True nz=True ynz=True cond=True claim_agree=True upper=2500.23253143  CERT
337248789,0,1 RHO mem=True nz=True ynz=True cond=True claim_agree=True upper=0.941700037653  CERT
337248789,0,1 T   mem=True nz=True ynz=True cond=True claim_agree=True upper=2701.50696444  CERT
380755127,0,1 RHO mem=True nz=True ynz=True cond=True claim_agree=True upper=0.938349752309  CERT
380755127,0,1 T   mem=True nz=True ynz=True cond=True claim_agree=True upper=2025.30224518  CERT
434851002,0,1 RHO mem=True nz=True ynz=True cond=True claim_agree=True upper=0.953607527742  CERT
434851002,0,1 T   mem=True nz=True ynz=True cond=True claim_agree=True upper=2625.16710915  CERT
457020202,0,1 RHO mem=True nz=True ynz=True cond=True claim_agree=True upper=0.943124303913  CERT
457020202,0,1 T   mem=True nz=True ynz=True cond=True claim_agree=True upper=2350.59695301  CERT
474354119,0,1 RHO mem=True nz=True ynz=True cond=True claim_agree=True upper=0.953347218211  CERT
474354119,0,1 T   mem=True nz=True ynz=True cond=True claim_agree=True upper=2287.17569024  CERT
526041978,0,1 RHO mem=True nz=True ynz=True cond=True claim_agree=True upper=0.881832228321  CERT
526041978,0,1 T   mem=True nz=True ynz=True cond=True claim_agree=True upper=2696.10592266  CERT
543375895,0,1 RHO mem=True nz=True ynz=True cond=True claim_agree=True upper=0.933492672974  CERT
543375895,0,1 T   mem=True nz=True ynz=True cond=True claim_agree=True upper=3055.45464516  CERT
565545095,0,1 RHO mem=True nz=True ynz=True cond=True claim_agree=True upper=0.936147018506  CERT
565545095,0,1 T   mem=True nz=True ynz=True cond=True claim_agree=True upper=2201.41758913  CERT
619640970,0,1 RHO mem=True nz=True ynz=True cond=True claim_agree=True upper=0.956471786274  CERT
619640970,0,1 T   mem=True nz=True ynz=True cond=True claim_agree=True upper=2367.98145165  CERT
663147308,0,1 RHO mem=True nz=True ynz=True cond=True claim_agree=True upper=0.949304573437  CERT
663147308,0,1 T   mem=True nz=True ynz=True cond=True claim_agree=True upper=2148.33704701  CERT
671875327,0,1 RHO mem=True nz=True ynz=True cond=True claim_agree=True upper=0.961618130077  CERT
671875327,0,1 T   mem=True nz=True ynz=True cond=True claim_agree=True upper=2165.50971431  CERT
692707497,0,1 RHO mem=True nz=True ynz=True cond=True claim_agree=True upper=0.930696995574  CERT
692707497,0,1 T   mem=True nz=True ynz=True cond=True claim_agree=True upper=1917.14981586  CERT
750089815,0,1 RHO mem=True nz=True ynz=True cond=True claim_agree=True upper=0.941700037653  CERT
750089815,0,1 T   mem=True nz=True ynz=True cond=True claim_agree=True upper=2076.31277739  CERT
771658984,0,1 RHO mem=True nz=True ynz=True cond=True claim_agree=True upper=0.943124303913  CERT
771658984,0,1 T   mem=True nz=True ynz=True cond=True claim_agree=True upper=2829.04967085  CERT
824915912,0,1 RHO mem=True nz=True ynz=True cond=True claim_agree=True upper=0.946602711747  CERT
824915912,0,1 T   mem=True nz=True ynz=True cond=True claim_agree=True upper=2179.56825437  CERT
874872909,0,1 RHO mem=True nz=True ynz=True cond=True claim_agree=True upper=0.961618130077  CERT
874872909,0,1 T   mem=True nz=True ynz=True cond=True claim_agree=True upper=2480.68906928  CERT
906229256,0,1 RHO mem=True nz=True ynz=True cond=True claim_agree=True upper=0.946602711747  CERT
906229256,0,1 T   mem=True nz=True ynz=True cond=True claim_agree=True upper=2349.10259828  CERT
911520980,0,1 RHO mem=True nz=True ynz=True cond=True claim_agree=True upper=0.933227870976  CERT
911520980,0,1 T   mem=True nz=True ynz=True cond=True claim_agree=True upper=2482.14296443  CERT
924890181,0,1 RHO mem=True nz=True ynz=True cond=True claim_agree=True upper=0.936147018506  CERT
924890181,0,1 T   mem=True nz=True ynz=True cond=True claim_agree=True upper=1884.10356396  CERT
974952526,0,1 RHO mem=True nz=True ynz=True cond=True claim_agree=True upper=0.881832228321  CERT
974952526,0,1 T   mem=True nz=True ynz=True cond=True claim_agree=True upper=1652.58714338  CERT
982692593,0,1 RHO mem=True nz=True ynz=True cond=True claim_agree=True upper=0.956471786274  CERT
982692593,0,1 T   mem=True nz=True ynz=True cond=True claim_agree=True upper=2939.10847525  CERT
FAMILY VERIFY n=7 l=1000396097 : EXCLUDED (components certified 32 / 32 ; lines 64 ; failed lines 0)
FAMILY VERIFY PASS
