FACTORIZATION: 32 irreducible factors of degree 2 over F_1000272577: OK (header deg/ncomp/bar_T agree)
6997243,0,1 RHO mem=True nz=True ynz=True cond=True claim_agree=True upper=0.923403774517  CERT
6997243,0,1 T   mem=True nz=True ynz=True cond=True claim_agree=True upper=2154.06968165  CERT
28626218,0,1 RHO mem=True nz=True ynz=True cond=True claim_agree=True upper=0.916894840874  CERT
28626218,0,1 T   mem=True nz=True ynz=True cond=True claim_agree=True upper=1988.73482429  CERT
55830050,0,1 RHO mem=True nz=True ynz=True cond=True claim_agree=True upper=0.899521589846  CERT
55830050,0,1 T   mem=True nz=True ynz=True cond=True claim_agree=True upper=1818.98536441  CERT
67035107,0,1 RHO mem=True nz=True ynz=True cond=True claim_agree=True upper=0.909939029798  CERT
67035107,0,1 T   mem=True nz=True ynz=True cond=True claim_agree=True upper=1905.71667523  CERT
80168200,0,1 RHO mem=True nz=True ynz=True cond=True claim_agree=True upper=0.916894840874  CERT
80168200,0,1 T   mem=True nz=True ynz=True cond=True claim_agree=True upper=2391.58467817  CERT
156346225,0,1 RHO mem=True nz=True ynz=True cond=True claim_agree=True upper=0.946608415703  CERT
156346225,0,1 T   mem=True nz=True ynz=True cond=True claim_agree=True upper=2466.43627419  CERT
235006873,0,1 RHO mem=True nz=True ynz=True cond=True claim_agree=True upper=0.945574577716  CERT
235006873,0,1 T   mem=True nz=True ynz=True cond=True claim_agree=True upper=2702.62293784  CERT
250464444,0,1 RHO mem=True nz=True ynz=True cond=True claim_agree=True upper=0.923403774517  CERT
250464444,0,1 T   mem=True nz=True ynz=True cond=True claim_agree=True upper=2550.19596739  CERT
251510726,0,1 RHO mem=True nz=True ynz=True cond=True claim_agree=True upper=0.946608415703  CERT
251510726,0,1 T   mem=True nz=True ynz=True cond=True claim_agree=True upper=1592.03141235  CERT
256799670,0,1 RHO mem=True nz=True ynz=True cond=True claim_agree=True upper=0.937090700113  CERT
256799670,0,1 T   mem=True nz=True ynz=True cond=True claim_agree=True upper=2274.51678987  CERT
268829073,0,1 RHO mem=True nz=True ynz=True cond=True claim_agree=True upper=0.945574577716  CERT
268829073,0,1 T   mem=True nz=True ynz=True cond=True claim_agree=True upper=2769.14732562  CERT
317803602,0,1 RHO mem=True nz=True ynz=True cond=True claim_agree=True upper=0.937651662997  CERT
317803602,0,1 T   mem=True nz=True ynz=True cond=True claim_agree=True upper=2136.38105847  CERT
359133556,0,1 RHO mem=True nz=True ynz=True cond=True claim_agree=True upper=0.937090700113  CERT
359133556,0,1 T   mem=True nz=True ynz=True cond=True claim_agree=True upper=2866.58345449  CERT
432023789,0,1 RHO mem=True nz=True ynz=True cond=True claim_agree=True upper=0.899521589846  CERT
432023789,0,1 T   mem=True nz=True ynz=True cond=True claim_agree=True upper=1198.96925336  CERT
435832279,0,1 RHO mem=True nz=True ynz=True cond=True claim_agree=True upper=0.918990273173  CERT
435832279,0,1 T   mem=True nz=True ynz=True cond=True claim_agree=True upper=1650.58225395  CERT
443019521,0,1 RHO mem=True nz=True ynz=True cond=True claim_agree=True upper=0.937651662997  CERT
443019521,0,1 T   mem=True nz=True ynz=True cond=True claim_agree=True upper=1724.81755022  CERT
557253056,0,1 RHO mem=True nz=True ynz=True cond=True claim_agree=True upper=0.926579227391  CERT
557253056,0,1 T   mem=True nz=True ynz=True cond=True claim_agree=True upper=2248.09303402  CERT
564440298,0,1 RHO mem=True nz=True ynz=True cond=True claim_agree=True upper=0.909939029798  CERT
564440298,0,1 T   mem=True nz=True ynz=True cond=True claim_agree=True upper=2225.75568834  CERT
568248788,0,1 RHO mem=True nz=True ynz=True cond=True claim_agree=True upper=0.892686652401  CERT
568248788,0,1 T   mem=True nz=True ynz=True cond=True claim_agree=True upper=2015.04029736  CERT
641139021,0,1 RHO mem=True nz=True ynz=True cond=True claim_agree=True upper=0.937151847580  CERT
641139021,0,1 T   mem=True nz=True ynz=True cond=True claim_agree=True upper=2452.40133847  CERT
682468975,0,1 RHO mem=True nz=True ynz=True cond=True claim_agree=True upper=0.926579227391  CERT
682468975,0,1 T   mem=True nz=True ynz=True cond=True claim_agree=True upper=2298.58165787  CERT
731443504,0,1 RHO mem=True nz=True ynz=True cond=True claim_agree=True upper=0.934411530239  CERT
731443504,0,1 T   mem=True nz=True ynz=True cond=True claim_agree=True upper=2545.17841492  CERT
743472907,0,1 RHO mem=True nz=True ynz=True cond=True claim_agree=True upper=0.937151847580  CERT
743472907,0,1 T   mem=True nz=True ynz=True cond=True claim_agree=True upper=2046.96663033  CERT
748761851,0,1 RHO mem=True nz=True ynz=True cond=True claim_agree=True upper=0.904220769782  CERT
748761851,0,1 T   mem=True nz=True ynz=True cond=True claim_agree=True upper=2491.76422569  CERT
749808133,0,1 RHO mem=True nz=True ynz=True cond=True claim_agree=True upper=0.929052796770  CERT
749808133,0,1 T   mem=True nz=True ynz=True cond=True claim_agree=True upper=2155.58623152  CERT
765265704,0,1 RHO mem=True nz=True ynz=True cond=True claim_agree=True upper=0.934411530239  CERT
765265704,0,1 T   mem=True nz=True ynz=True cond=True claim_agree=True upper=2532.02868378  CERT
843926352,0,1 RHO mem=True nz=True ynz=True cond=True claim_agree=True upper=0.904220769782  CERT
843926352,0,1 T   mem=True nz=True ynz=True cond=True claim_agree=True upper=1899.31700297  CERT
920104377,0,1 RHO mem=True nz=True ynz=True cond=True claim_agree=True upper=0.941719726394  CERT
920104377,0,1 T   mem=True nz=True ynz=True cond=True claim_agree=True upper=2583.96645761  CERT
933237470,0,1 RHO mem=True nz=True ynz=True cond=True claim_agree=True upper=0.918990273173  CERT
933237470,0,1 T   mem=True nz=True ynz=True cond=True claim_agree=True upper=2313.69731757  CERT
944442527,0,1 RHO mem=True nz=True ynz=True cond=True claim_agree=True upper=0.892686652401  CERT
944442527,0,1 T   mem=True nz=True ynz=True cond=True claim_agree=True upper=1957.20870809  CERT
971646359,0,1 RHO mem=True nz=True ynz=True cond=True claim_agree=True upper=0.941719726394  CERT
971646359,0,1 T   mem=True nz=True ynz=True cond=True claim_agree=True upper=1844.99377392  CERT
993275334,0,1 RHO mem=True nz=True ynz=True cond=True claim_agree=True upper=0.929052796770  CERT
993275334,0,1 T   mem=True nz=True ynz=True cond=True claim_agree=True upper=2251.41772021  CERT
FAMILY VERIFY n=7 l=1000272577 : EXCLUDED (components certified 32 / 32 ; lines 64 ; failed lines 0)
FAMILY VERIFY PASS
