FACTORIZATION: 32 irreducible factors of degree 2 over F_1001156929: OK (header deg/ncomp/bar_T agree)
17096322,0,1 RHO mem=True nz=True ynz=True cond=True claim_agree=True upper=0.946964295913  CERT
17096322,0,1 T   mem=True nz=True ynz=True cond=True claim_agree=True upper=2431.66628027  CERT
77703924,0,1 RHO mem=True nz=True ynz=True cond=True claim_agree=True upper=0.911913085591  CERT
77703924,0,1 T   mem=True nz=True ynz=True cond=True claim_agree=True upper=2376.11819075  CERT
83832489,0,1 RHO mem=True nz=True ynz=True cond=True claim_agree=True upper=0.929775790211  CERT
83832489,0,1 T   mem=True nz=True ynz=True cond=True claim_agree=True upper=2482.83034334  CERT
131438486,0,1 RHO mem=True nz=True ynz=True cond=True claim_agree=True upper=0.943746875388  CERT
131438486,0,1 T   mem=True nz=True ynz=True cond=True claim_agree=True upper=2327.40828991  CERT
133717387,0,1 RHO mem=True nz=True ynz=True cond=True claim_agree=True upper=0.946810124379  CERT
133717387,0,1 T   mem=True nz=True ynz=True cond=True claim_agree=True upper=2486.76274762  CERT
134064818,0,1 RHO mem=True nz=True ynz=True cond=True claim_agree=True upper=0.943030836793  CERT
134064818,0,1 T   mem=True nz=True ynz=True cond=True claim_agree=True upper=1871.87540083  CERT
170764802,0,1 RHO mem=True nz=True ynz=True cond=True claim_agree=True upper=0.938016808677  CERT
170764802,0,1 T   mem=True nz=True ynz=True cond=True claim_agree=True upper=2295.62804321  CERT
176000864,0,1 RHO mem=True nz=True ynz=True cond=True claim_agree=True upper=0.943355341990  CERT
176000864,0,1 T   mem=True nz=True ynz=True cond=True claim_agree=True upper=1859.26684360  CERT
190145740,0,1 RHO mem=True nz=True ynz=True cond=True claim_agree=True upper=0.937632439192  CERT
190145740,0,1 T   mem=True nz=True ynz=True cond=True claim_agree=True upper=2679.39947933  CERT
193187177,0,1 RHO mem=True nz=True ynz=True cond=True claim_agree=True upper=0.943119529254  CERT
193187177,0,1 T   mem=True nz=True ynz=True cond=True claim_agree=True upper=1975.62911709  CERT
265484189,0,1 RHO mem=True nz=True ynz=True cond=True claim_agree=True upper=0.943595063421  CERT
265484189,0,1 T   mem=True nz=True ynz=True cond=True claim_agree=True upper=1932.12318444  CERT
285928181,0,1 RHO mem=True nz=True ynz=True cond=True claim_agree=True upper=0.911913085591  CERT
285928181,0,1 T   mem=True nz=True ynz=True cond=True claim_agree=True upper=1699.22474860  CERT
319055931,0,1 RHO mem=True nz=True ynz=True cond=True claim_agree=True upper=0.946810124379  CERT
319055931,0,1 T   mem=True nz=True ynz=True cond=True claim_agree=True upper=2840.05693085  CERT
338387426,0,1 RHO mem=True nz=True ynz=True cond=True claim_agree=True upper=0.943595063421  CERT
338387426,0,1 T   mem=True nz=True ynz=True cond=True claim_agree=True upper=2462.52586505  CERT
398468899,0,1 RHO mem=True nz=True ynz=True cond=True claim_agree=True upper=0.958243041303  CERT
398468899,0,1 T   mem=True nz=True ynz=True cond=True claim_agree=True upper=1790.16955321  CERT
438429004,0,1 RHO mem=True nz=True ynz=True cond=True claim_agree=True upper=0.937632439192  CERT
438429004,0,1 T   mem=True nz=True ynz=True cond=True claim_agree=True upper=2415.81808316  CERT
562727925,0,1 RHO mem=True nz=True ynz=True cond=True claim_agree=True upper=0.952692693366  CERT
562727925,0,1 T   mem=True nz=True ynz=True cond=True claim_agree=True upper=1816.36715033  CERT
602688030,0,1 RHO mem=True nz=True ynz=True cond=True claim_agree=True upper=0.938016808677  CERT
602688030,0,1 T   mem=True nz=True ynz=True cond=True claim_agree=True upper=1762.34144009  CERT
662769503,0,1 RHO mem=True nz=True ynz=True cond=True claim_agree=True upper=0.935525812537  CERT
662769503,0,1 T   mem=True nz=True ynz=True cond=True claim_agree=True upper=1944.58255649  CERT
682100998,0,1 RHO mem=True nz=True ynz=True cond=True claim_agree=True upper=0.929639066668  CERT
682100998,0,1 T   mem=True nz=True ynz=True cond=True claim_agree=True upper=2274.33479922  CERT
715228748,0,1 RHO mem=True nz=True ynz=True cond=True claim_agree=True upper=0.920419738900  CERT
715228748,0,1 T   mem=True nz=True ynz=True cond=True claim_agree=True upper=1628.72069850  CERT
735672740,0,1 RHO mem=True nz=True ynz=True cond=True claim_agree=True upper=0.935525812537  CERT
735672740,0,1 T   mem=True nz=True ynz=True cond=True claim_agree=True upper=2451.39330602  CERT
807969752,0,1 RHO mem=True nz=True ynz=True cond=True claim_agree=True upper=0.943746875388  CERT
807969752,0,1 T   mem=True nz=True ynz=True cond=True claim_agree=True upper=2891.55657569  CERT
811011189,0,1 RHO mem=True nz=True ynz=True cond=True claim_agree=True upper=0.952692693366  CERT
811011189,0,1 T   mem=True nz=True ynz=True cond=True claim_agree=True upper=2637.44148010  CERT
825156065,0,1 RHO mem=True nz=True ynz=True cond=True claim_agree=True upper=0.943030836793  CERT
825156065,0,1 T   mem=True nz=True ynz=True cond=True claim_agree=True upper=1806.97858122  CERT
830392127,0,1 RHO mem=True nz=True ynz=True cond=True claim_agree=True upper=0.958243041303  CERT
830392127,0,1 T   mem=True nz=True ynz=True cond=True claim_agree=True upper=2918.74892526  CERT
867092111,0,1 RHO mem=True nz=True ynz=True cond=True claim_agree=True upper=0.943355341990  CERT
867092111,0,1 T   mem=True nz=True ynz=True cond=True claim_agree=True upper=2419.72203053  CERT
867439542,0,1 RHO mem=True nz=True ynz=True cond=True claim_agree=True upper=0.929639066668  CERT
867439542,0,1 T   mem=True nz=True ynz=True cond=True claim_agree=True upper=2224.65332671  CERT
869718443,0,1 RHO mem=True nz=True ynz=True cond=True claim_agree=True upper=0.943119529254  CERT
869718443,0,1 T   mem=True nz=True ynz=True cond=True claim_agree=True upper=2008.11577726  CERT
917324440,0,1 RHO mem=True nz=True ynz=True cond=True claim_agree=True upper=0.946964295913  CERT
917324440,0,1 T   mem=True nz=True ynz=True cond=True claim_agree=True upper=1876.00962446  CERT
923453005,0,1 RHO mem=True nz=True ynz=True cond=True claim_agree=True upper=0.920419738900  CERT
923453005,0,1 T   mem=True nz=True ynz=True cond=True claim_agree=True upper=2220.82774652  CERT
984060607,0,1 RHO mem=True nz=True ynz=True cond=True claim_agree=True upper=0.929775790211  CERT
984060607,0,1 T   mem=True nz=True ynz=True cond=True claim_agree=True upper=2388.68299804  CERT
FAMILY VERIFY n=7 l=1001156929 : EXCLUDED (components certified 32 / 32 ; lines 64 ; failed lines 0)
FAMILY VERIFY PASS
