FACTORIZATION: 32 irreducible factors of degree 2 over F_1000505281: OK (header deg/ncomp/bar_T agree)
4109989,0,1 RHO mem=True nz=True ynz=True cond=True claim_agree=True upper=0.901838349325  CERT
4109989,0,1 T   mem=True nz=True ynz=True cond=True claim_agree=True upper=1744.94575054  CERT
11569134,0,1 RHO mem=True nz=True ynz=True cond=True claim_agree=True upper=0.901838349325  CERT
11569134,0,1 T   mem=True nz=True ynz=True cond=True claim_agree=True upper=2040.08771509  CERT
22713830,0,1 RHO mem=True nz=True ynz=True cond=True claim_agree=True upper=0.924642535222  CERT
22713830,0,1 T   mem=True nz=True ynz=True cond=True claim_agree=True upper=2290.98406248  CERT
39010824,0,1 RHO mem=True nz=True ynz=True cond=True claim_agree=True upper=0.910969596873  CERT
39010824,0,1 T   mem=True nz=True ynz=True cond=True claim_agree=True upper=2426.67295966  CERT
114773932,0,1 RHO mem=True nz=True ynz=True cond=True claim_agree=True upper=0.924642535222  CERT
114773932,0,1 T   mem=True nz=True ynz=True cond=True claim_agree=True upper=1792.19788564  CERT
125357740,0,1 RHO mem=True nz=True ynz=True cond=True claim_agree=True upper=0.910969596873  CERT
125357740,0,1 T   mem=True nz=True ynz=True cond=True claim_agree=True upper=1899.87992978  CERT
161748886,0,1 RHO mem=True nz=True ynz=True cond=True claim_agree=True upper=0.951636374676  CERT
161748886,0,1 T   mem=True nz=True ynz=True cond=True claim_agree=True upper=2222.24271218  CERT
162926042,0,1 RHO mem=True nz=True ynz=True cond=True claim_agree=True upper=0.963816955930  CERT
162926042,0,1 T   mem=True nz=True ynz=True cond=True claim_agree=True upper=2057.49845964  CERT
204081884,0,1 RHO mem=True nz=True ynz=True cond=True claim_agree=True upper=0.905922505920  CERT
204081884,0,1 T   mem=True nz=True ynz=True cond=True claim_agree=True upper=1953.51483846  CERT
210011427,0,1 RHO mem=True nz=True ynz=True cond=True claim_agree=True upper=0.902754019847  CERT
210011427,0,1 T   mem=True nz=True ynz=True cond=True claim_agree=True upper=2085.54500398  CERT
265672645,0,1 RHO mem=True nz=True ynz=True cond=True claim_agree=True upper=0.933905389206  CERT
265672645,0,1 T   mem=True nz=True ynz=True cond=True claim_agree=True upper=1731.71589811  CERT
277916699,0,1 RHO mem=True nz=True ynz=True cond=True claim_agree=True upper=0.920688562086  CERT
277916699,0,1 T   mem=True nz=True ynz=True cond=True claim_agree=True upper=2382.64858759  CERT
285873521,0,1 RHO mem=True nz=True ynz=True cond=True claim_agree=True upper=0.902754019847  CERT
285873521,0,1 T   mem=True nz=True ynz=True cond=True claim_agree=True upper=2569.89467736  CERT
313746925,0,1 RHO mem=True nz=True ynz=True cond=True claim_agree=True upper=0.963816955930  CERT
313746925,0,1 T   mem=True nz=True ynz=True cond=True claim_agree=True upper=2350.12867527  CERT
395611624,0,1 RHO mem=True nz=True ynz=True cond=True claim_agree=True upper=0.951636374676  CERT
395611624,0,1 T   mem=True nz=True ynz=True cond=True claim_agree=True upper=2440.68563623  CERT
474139630,0,1 RHO mem=True nz=True ynz=True cond=True claim_agree=True upper=0.913211391082  CERT
474139630,0,1 T   mem=True nz=True ynz=True cond=True claim_agree=True upper=2160.65751640  CERT
526365651,0,1 RHO mem=True nz=True ynz=True cond=True claim_agree=True upper=0.905922505920  CERT
526365651,0,1 T   mem=True nz=True ynz=True cond=True claim_agree=True upper=1683.84899966  CERT
604893657,0,1 RHO mem=True nz=True ynz=True cond=True claim_agree=True upper=0.914529257780  CERT
604893657,0,1 T   mem=True nz=True ynz=True cond=True claim_agree=True upper=2322.83091991  CERT
686758356,0,1 RHO mem=True nz=True ynz=True cond=True claim_agree=True upper=0.920426889023  CERT
686758356,0,1 T   mem=True nz=True ynz=True cond=True claim_agree=True upper=1951.23540419  CERT
714631760,0,1 RHO mem=True nz=True ynz=True cond=True claim_agree=True upper=0.917733657352  CERT
714631760,0,1 T   mem=True nz=True ynz=True cond=True claim_agree=True upper=2062.82365817  CERT
722588582,0,1 RHO mem=True nz=True ynz=True cond=True claim_agree=True upper=0.933905389206  CERT
722588582,0,1 T   mem=True nz=True ynz=True cond=True claim_agree=True upper=2304.68786366  CERT
734832636,0,1 RHO mem=True nz=True ynz=True cond=True claim_agree=True upper=0.920688562086  CERT
734832636,0,1 T   mem=True nz=True ynz=True cond=True claim_agree=True upper=1741.69178506  CERT
790493854,0,1 RHO mem=True nz=True ynz=True cond=True claim_agree=True upper=0.917733657352  CERT
790493854,0,1 T   mem=True nz=True ynz=True cond=True claim_agree=True upper=1837.00518908  CERT
796423397,0,1 RHO mem=True nz=True ynz=True cond=True claim_agree=True upper=0.913211391082  CERT
796423397,0,1 T   mem=True nz=True ynz=True cond=True claim_agree=True upper=2166.16654820  CERT
837579239,0,1 RHO mem=True nz=True ynz=True cond=True claim_agree=True upper=0.920426889023  CERT
837579239,0,1 T   mem=True nz=True ynz=True cond=True claim_agree=True upper=2221.99898347  CERT
838756395,0,1 RHO mem=True nz=True ynz=True cond=True claim_agree=True upper=0.914529257780  CERT
838756395,0,1 T   mem=True nz=True ynz=True cond=True claim_agree=True upper=1886.82974842  CERT
875147541,0,1 RHO mem=True nz=True ynz=True cond=True claim_agree=True upper=0.931780082852  CERT
875147541,0,1 T   mem=True nz=True ynz=True cond=True claim_agree=True upper=2628.69850441  CERT
885731349,0,1 RHO mem=True nz=True ynz=True cond=True claim_agree=True upper=0.958295041653  CERT
885731349,0,1 T   mem=True nz=True ynz=True cond=True claim_agree=True upper=2201.84272680  CERT
961494457,0,1 RHO mem=True nz=True ynz=True cond=True claim_agree=True upper=0.931780082852  CERT
961494457,0,1 T   mem=True nz=True ynz=True cond=True claim_agree=True upper=2529.95795258  CERT
977791451,0,1 RHO mem=True nz=True ynz=True cond=True claim_agree=True upper=0.958295041653  CERT
977791451,0,1 T   mem=True nz=True ynz=True cond=True claim_agree=True upper=2174.06877922  CERT
988936147,0,1 RHO mem=True nz=True ynz=True cond=True claim_agree=True upper=0.959727920037  CERT
988936147,0,1 T   mem=True nz=True ynz=True cond=True claim_agree=True upper=2594.21268935  CERT
996395292,0,1 RHO mem=True nz=True ynz=True cond=True claim_agree=True upper=0.959727920037  CERT
996395292,0,1 T   mem=True nz=True ynz=True cond=True claim_agree=True upper=2956.16255352  CERT
FAMILY VERIFY n=7 l=1000505281 : EXCLUDED (components certified 32 / 32 ; lines 64 ; failed lines 0)
FAMILY VERIFY PASS
