FACTORIZATION: 32 irreducible factors of degree 2 over F_1001148481: OK (header deg/ncomp/bar_T agree)
3117031,0,1 RHO mem=True nz=True ynz=True cond=True claim_agree=True upper=0.934726571253  CERT
3117031,0,1 T   mem=True nz=True ynz=True cond=True claim_agree=True upper=2183.19545443  CERT
52461951,0,1 RHO mem=True nz=True ynz=True cond=True claim_agree=True upper=0.932877273642  CERT
52461951,0,1 T   mem=True nz=True ynz=True cond=True claim_agree=True upper=2282.21590129  CERT
60997183,0,1 RHO mem=True nz=True ynz=True cond=True claim_agree=True upper=0.934726571253  CERT
60997183,0,1 T   mem=True nz=True ynz=True cond=True claim_agree=True upper=3003.97551718  CERT
123252972,0,1 RHO mem=True nz=True ynz=True cond=True claim_agree=True upper=0.938318555616  CERT
123252972,0,1 T   mem=True nz=True ynz=True cond=True claim_agree=True upper=2318.71928043  CERT
130670670,0,1 RHO mem=True nz=True ynz=True cond=True claim_agree=True upper=0.914475325071  CERT
130670670,0,1 T   mem=True nz=True ynz=True cond=True claim_agree=True upper=2241.85235553  CERT
172956548,0,1 RHO mem=True nz=True ynz=True cond=True claim_agree=True upper=0.928376390943  CERT
172956548,0,1 T   mem=True nz=True ynz=True cond=True claim_agree=True upper=2303.80279257  CERT
197084450,0,1 RHO mem=True nz=True ynz=True cond=True claim_agree=True upper=0.872265459993  CERT
197084450,0,1 T   mem=True nz=True ynz=True cond=True claim_agree=True upper=2157.97991996  CERT
210271933,0,1 RHO mem=True nz=True ynz=True cond=True claim_agree=True upper=0.926419283523  CERT
210271933,0,1 T   mem=True nz=True ynz=True cond=True claim_agree=True upper=2253.52225971  CERT
251916244,0,1 RHO mem=True nz=True ynz=True cond=True claim_agree=True upper=0.938318555616  CERT
251916244,0,1 T   mem=True nz=True ynz=True cond=True claim_agree=True upper=3167.08891463  CERT
280610977,0,1 RHO mem=True nz=True ynz=True cond=True claim_agree=True upper=0.942743891563  CERT
280610977,0,1 T   mem=True nz=True ynz=True cond=True claim_agree=True upper=2618.52788686  CERT
306419746,0,1 RHO mem=True nz=True ynz=True cond=True claim_agree=True upper=0.909263289426  CERT
306419746,0,1 T   mem=True nz=True ynz=True cond=True claim_agree=True upper=2612.57134449  CERT
388026040,0,1 RHO mem=True nz=True ynz=True cond=True claim_agree=True upper=0.924892257305  CERT
388026040,0,1 T   mem=True nz=True ynz=True cond=True claim_agree=True upper=2206.79597329  CERT
410126744,0,1 RHO mem=True nz=True ynz=True cond=True claim_agree=True upper=0.872265459993  CERT
410126744,0,1 T   mem=True nz=True ynz=True cond=True claim_agree=True upper=2180.39707396  CERT
413177355,0,1 RHO mem=True nz=True ynz=True cond=True claim_agree=True upper=0.916590297135  CERT
413177355,0,1 T   mem=True nz=True ynz=True cond=True claim_agree=True upper=2939.51412868  CERT
469993222,0,1 RHO mem=True nz=True ynz=True cond=True claim_agree=True upper=0.902823881114  CERT
469993222,0,1 T   mem=True nz=True ynz=True cond=True claim_agree=True upper=3327.36411466  CERT
472636956,0,1 RHO mem=True nz=True ynz=True cond=True claim_agree=True upper=0.876241930794  CERT
472636956,0,1 T   mem=True nz=True ynz=True cond=True claim_agree=True upper=1987.02189335  CERT
528511525,0,1 RHO mem=True nz=True ynz=True cond=True claim_agree=True upper=0.942743891563  CERT
528511525,0,1 T   mem=True nz=True ynz=True cond=True claim_agree=True upper=2418.40477043  CERT
531155259,0,1 RHO mem=True nz=True ynz=True cond=True claim_agree=True upper=0.924892257305  CERT
531155259,0,1 T   mem=True nz=True ynz=True cond=True claim_agree=True upper=2327.64572546  CERT
587971126,0,1 RHO mem=True nz=True ynz=True cond=True claim_agree=True upper=0.926419283523  CERT
587971126,0,1 T   mem=True nz=True ynz=True cond=True claim_agree=True upper=2149.95859688  CERT
591021737,0,1 RHO mem=True nz=True ynz=True cond=True claim_agree=True upper=0.941755421697  CERT
591021737,0,1 T   mem=True nz=True ynz=True cond=True claim_agree=True upper=2353.78591703  CERT
613122441,0,1 RHO mem=True nz=True ynz=True cond=True claim_agree=True upper=0.902823881114  CERT
613122441,0,1 T   mem=True nz=True ynz=True cond=True claim_agree=True upper=1912.41513725  CERT
694728735,0,1 RHO mem=True nz=True ynz=True cond=True claim_agree=True upper=0.914475325071  CERT
694728735,0,1 T   mem=True nz=True ynz=True cond=True claim_agree=True upper=1681.08867320  CERT
720537504,0,1 RHO mem=True nz=True ynz=True cond=True claim_agree=True upper=0.876241930794  CERT
720537504,0,1 T   mem=True nz=True ynz=True cond=True claim_agree=True upper=1692.74991549  CERT
749232237,0,1 RHO mem=True nz=True ynz=True cond=True claim_agree=True upper=0.922464366556  CERT
749232237,0,1 T   mem=True nz=True ynz=True cond=True claim_agree=True upper=2435.51597379  CERT
790876548,0,1 RHO mem=True nz=True ynz=True cond=True claim_agree=True upper=0.916590297135  CERT
790876548,0,1 T   mem=True nz=True ynz=True cond=True claim_agree=True upper=2243.83603244  CERT
804064031,0,1 RHO mem=True nz=True ynz=True cond=True claim_agree=True upper=0.941755421697  CERT
804064031,0,1 T   mem=True nz=True ynz=True cond=True claim_agree=True upper=2081.56520873  CERT
828191933,0,1 RHO mem=True nz=True ynz=True cond=True claim_agree=True upper=0.932877273642  CERT
828191933,0,1 T   mem=True nz=True ynz=True cond=True claim_agree=True upper=2744.49819714  CERT
870477811,0,1 RHO mem=True nz=True ynz=True cond=True claim_agree=True upper=0.909263289426  CERT
870477811,0,1 T   mem=True nz=True ynz=True cond=True claim_agree=True upper=2748.17230224  CERT
877895509,0,1 RHO mem=True nz=True ynz=True cond=True claim_agree=True upper=0.922464366556  CERT
877895509,0,1 T   mem=True nz=True ynz=True cond=True claim_agree=True upper=1681.85149174  CERT
940151298,0,1 RHO mem=True nz=True ynz=True cond=True claim_agree=True upper=0.924570708620  CERT
940151298,0,1 T   mem=True nz=True ynz=True cond=True claim_agree=True upper=2437.09142068  CERT
948686530,0,1 RHO mem=True nz=True ynz=True cond=True claim_agree=True upper=0.928376390943  CERT
948686530,0,1 T   mem=True nz=True ynz=True cond=True claim_agree=True upper=2172.45174071  CERT
998031450,0,1 RHO mem=True nz=True ynz=True cond=True claim_agree=True upper=0.924570708620  CERT
998031450,0,1 T   mem=True nz=True ynz=True cond=True claim_agree=True upper=2110.89189474  CERT
FAMILY VERIFY n=7 l=1001148481 : EXCLUDED (components certified 32 / 32 ; lines 64 ; failed lines 0)
FAMILY VERIFY PASS
