FACTORIZATION: 32 irreducible factors of degree 2 over F_1000113857: OK (header deg/ncomp/bar_T agree)
24787900,0,1 RHO mem=True nz=True ynz=True cond=True claim_agree=True upper=0.968637363284  CERT
24787900,0,1 T   mem=True nz=True ynz=True cond=True claim_agree=True upper=2301.91007490  CERT
76052044,0,1 RHO mem=True nz=True ynz=True cond=True claim_agree=True upper=0.958072515642  CERT
76052044,0,1 T   mem=True nz=True ynz=True cond=True claim_agree=True upper=2199.47802779  CERT
107940229,0,1 RHO mem=True nz=True ynz=True cond=True claim_agree=True upper=0.968637363284  CERT
107940229,0,1 T   mem=True nz=True ynz=True cond=True claim_agree=True upper=2433.34752521  CERT
171764623,0,1 RHO mem=True nz=True ynz=True cond=True claim_agree=True upper=0.947475673903  CERT
171764623,0,1 T   mem=True nz=True ynz=True cond=True claim_agree=True upper=2189.61367383  CERT
171951428,0,1 RHO mem=True nz=True ynz=True cond=True claim_agree=True upper=0.963501829429  CERT
171951428,0,1 T   mem=True nz=True ynz=True cond=True claim_agree=True upper=2963.96494065  CERT
262715243,0,1 RHO mem=True nz=True ynz=True cond=True claim_agree=True upper=0.948549120334  CERT
262715243,0,1 T   mem=True nz=True ynz=True cond=True claim_agree=True upper=3436.54814592  CERT
276450512,0,1 RHO mem=True nz=True ynz=True cond=True claim_agree=True upper=0.956110607652  CERT
276450512,0,1 T   mem=True nz=True ynz=True cond=True claim_agree=True upper=2681.86470124  CERT
310645481,0,1 RHO mem=True nz=True ynz=True cond=True claim_agree=True upper=0.973985563613  CERT
310645481,0,1 T   mem=True nz=True ynz=True cond=True claim_agree=True upper=2335.41156509  CERT
334697979,0,1 RHO mem=True nz=True ynz=True cond=True claim_agree=True upper=0.940965899490  CERT
334697979,0,1 T   mem=True nz=True ynz=True cond=True claim_agree=True upper=2087.66234391  CERT
344197845,0,1 RHO mem=True nz=True ynz=True cond=True claim_agree=True upper=0.964186667871  CERT
344197845,0,1 T   mem=True nz=True ynz=True cond=True claim_agree=True upper=1928.34547930  CERT
348601159,0,1 RHO mem=True nz=True ynz=True cond=True claim_agree=True upper=0.963501829429  CERT
348601159,0,1 T   mem=True nz=True ynz=True cond=True claim_agree=True upper=3126.13296716  CERT
376811377,0,1 RHO mem=True nz=True ynz=True cond=True claim_agree=True upper=0.956110607652  CERT
376811377,0,1 T   mem=True nz=True ynz=True cond=True claim_agree=True upper=2505.35516608  CERT
418414215,0,1 RHO mem=True nz=True ynz=True cond=True claim_agree=True upper=0.950995110084  CERT
418414215,0,1 T   mem=True nz=True ynz=True cond=True claim_agree=True upper=2462.47889236  CERT
423746610,0,1 RHO mem=True nz=True ynz=True cond=True claim_agree=True upper=0.958072515642  CERT
423746610,0,1 T   mem=True nz=True ynz=True cond=True claim_agree=True upper=2985.09392120  CERT
488453026,0,1 RHO mem=True nz=True ynz=True cond=True claim_agree=True upper=0.954822986858  CERT
488453026,0,1 T   mem=True nz=True ynz=True cond=True claim_agree=True upper=2292.19818354  CERT
492795343,0,1 RHO mem=True nz=True ynz=True cond=True claim_agree=True upper=0.972275980125  CERT
492795343,0,1 T   mem=True nz=True ynz=True cond=True claim_agree=True upper=2925.45379681  CERT
507318514,0,1 RHO mem=True nz=True ynz=True cond=True claim_agree=True upper=0.947475673903  CERT
507318514,0,1 T   mem=True nz=True ynz=True cond=True claim_agree=True upper=2272.78435838  CERT
511660831,0,1 RHO mem=True nz=True ynz=True cond=True claim_agree=True upper=0.973985563613  CERT
511660831,0,1 T   mem=True nz=True ynz=True cond=True claim_agree=True upper=2526.90672667  CERT
576367247,0,1 RHO mem=True nz=True ynz=True cond=True claim_agree=True upper=0.980033998560  CERT
576367247,0,1 T   mem=True nz=True ynz=True cond=True claim_agree=True upper=2576.09535587  CERT
581699642,0,1 RHO mem=True nz=True ynz=True cond=True claim_agree=True upper=0.948549120334  CERT
581699642,0,1 T   mem=True nz=True ynz=True cond=True claim_agree=True upper=2395.08012280  CERT
623302480,0,1 RHO mem=True nz=True ynz=True cond=True claim_agree=True upper=0.951067322144  CERT
623302480,0,1 T   mem=True nz=True ynz=True cond=True claim_agree=True upper=2445.57418537  CERT
651512698,0,1 RHO mem=True nz=True ynz=True cond=True claim_agree=True upper=0.971342671031  CERT
651512698,0,1 T   mem=True nz=True ynz=True cond=True claim_agree=True upper=3000.98426304  CERT
655916012,0,1 RHO mem=True nz=True ynz=True cond=True claim_agree=True upper=0.940965899490  CERT
655916012,0,1 T   mem=True nz=True ynz=True cond=True claim_agree=True upper=2437.15189459  CERT
665415878,0,1 RHO mem=True nz=True ynz=True cond=True claim_agree=True upper=0.964186667871  CERT
665415878,0,1 T   mem=True nz=True ynz=True cond=True claim_agree=True upper=3449.99265159  CERT
689468376,0,1 RHO mem=True nz=True ynz=True cond=True claim_agree=True upper=0.954822986858  CERT
689468376,0,1 T   mem=True nz=True ynz=True cond=True claim_agree=True upper=3129.93709657  CERT
723663345,0,1 RHO mem=True nz=True ynz=True cond=True claim_agree=True upper=0.951067322144  CERT
723663345,0,1 T   mem=True nz=True ynz=True cond=True claim_agree=True upper=1761.01909408  CERT
737398614,0,1 RHO mem=True nz=True ynz=True cond=True claim_agree=True upper=0.950995110084  CERT
737398614,0,1 T   mem=True nz=True ynz=True cond=True claim_agree=True upper=1958.75694171  CERT
828162429,0,1 RHO mem=True nz=True ynz=True cond=True claim_agree=True upper=0.971342671031  CERT
828162429,0,1 T   mem=True nz=True ynz=True cond=True claim_agree=True upper=2999.43587658  CERT
828349234,0,1 RHO mem=True nz=True ynz=True cond=True claim_agree=True upper=0.972275980125  CERT
828349234,0,1 T   mem=True nz=True ynz=True cond=True claim_agree=True upper=2399.74155254  CERT
892173628,0,1 RHO mem=True nz=True ynz=True cond=True claim_agree=True upper=0.942569496510  CERT
892173628,0,1 T   mem=True nz=True ynz=True cond=True claim_agree=True upper=2423.54815893  CERT
924061813,0,1 RHO mem=True nz=True ynz=True cond=True claim_agree=True upper=0.980033998560  CERT
924061813,0,1 T   mem=True nz=True ynz=True cond=True claim_agree=True upper=2391.92445072  CERT
975325957,0,1 RHO mem=True nz=True ynz=True cond=True claim_agree=True upper=0.942569496510  CERT
975325957,0,1 T   mem=True nz=True ynz=True cond=True claim_agree=True upper=2573.88769931  CERT
FAMILY VERIFY n=7 l=1000113857 : EXCLUDED (components certified 32 / 32 ; lines 64 ; failed lines 0)
FAMILY VERIFY PASS
