FACTORIZATION: 32 irreducible factors of degree 2 over F_1000522433: OK (header deg/ncomp/bar_T agree)
8141646,0,1 RHO mem=True nz=True ynz=True cond=True claim_agree=True upper=0.877924038049  CERT
8141646,0,1 T   mem=True nz=True ynz=True cond=True claim_agree=True upper=1747.74408365  CERT
36245743,0,1 RHO mem=True nz=True ynz=True cond=True claim_agree=True upper=0.903374450735  CERT
36245743,0,1 T   mem=True nz=True ynz=True cond=True claim_agree=True upper=1956.77814388  CERT
141496731,0,1 RHO mem=True nz=True ynz=True cond=True claim_agree=True upper=0.925681724525  CERT
141496731,0,1 T   mem=True nz=True ynz=True cond=True claim_agree=True upper=2368.15119594  CERT
177266507,0,1 RHO mem=True nz=True ynz=True cond=True claim_agree=True upper=0.909803318045  CERT
177266507,0,1 T   mem=True nz=True ynz=True cond=True claim_agree=True upper=2434.13147945  CERT
244895297,0,1 RHO mem=True nz=True ynz=True cond=True claim_agree=True upper=0.909803318045  CERT
244895297,0,1 T   mem=True nz=True ynz=True cond=True claim_agree=True upper=2005.03706665  CERT
253829936,0,1 RHO mem=True nz=True ynz=True cond=True claim_agree=True upper=0.895222627613  CERT
253829936,0,1 T   mem=True nz=True ynz=True cond=True claim_agree=True upper=2135.42996482  CERT
268461250,0,1 RHO mem=True nz=True ynz=True cond=True claim_agree=True upper=0.922756072713  CERT
268461250,0,1 T   mem=True nz=True ynz=True cond=True claim_agree=True upper=2382.33022848  CERT
285153695,0,1 RHO mem=True nz=True ynz=True cond=True claim_agree=True upper=0.911942897696  CERT
285153695,0,1 T   mem=True nz=True ynz=True cond=True claim_agree=True upper=1905.78833772  CERT
319317571,0,1 RHO mem=True nz=True ynz=True cond=True claim_agree=True upper=0.925681724525  CERT
319317571,0,1 T   mem=True nz=True ynz=True cond=True claim_agree=True upper=2386.23236283  CERT
349332925,0,1 RHO mem=True nz=True ynz=True cond=True claim_agree=True upper=0.916368327063  CERT
349332925,0,1 T   mem=True nz=True ynz=True cond=True claim_agree=True upper=1991.90213130  CERT
376325246,0,1 RHO mem=True nz=True ynz=True cond=True claim_agree=True upper=0.895222627613  CERT
376325246,0,1 T   mem=True nz=True ynz=True cond=True claim_agree=True upper=2213.14129360  CERT
376720694,0,1 RHO mem=True nz=True ynz=True cond=True claim_agree=True upper=0.934795221075  CERT
376720694,0,1 T   mem=True nz=True ynz=True cond=True claim_agree=True upper=2272.30655827  CERT
425285636,0,1 RHO mem=True nz=True ynz=True cond=True claim_agree=True upper=0.883344724417  CERT
425285636,0,1 T   mem=True nz=True ynz=True cond=True claim_agree=True upper=2467.20011427  CERT
443079088,0,1 RHO mem=True nz=True ynz=True cond=True claim_agree=True upper=0.937989262516  CERT
443079088,0,1 T   mem=True nz=True ynz=True cond=True claim_agree=True upper=2062.94317443  CERT
458747598,0,1 RHO mem=True nz=True ynz=True cond=True claim_agree=True upper=0.929867450931  CERT
458747598,0,1 T   mem=True nz=True ynz=True cond=True claim_agree=True upper=2471.40296491  CERT
486922011,0,1 RHO mem=True nz=True ynz=True cond=True claim_agree=True upper=0.920134954983  CERT
486922011,0,1 T   mem=True nz=True ynz=True cond=True claim_agree=True upper=2154.94516332  CERT
513600422,0,1 RHO mem=True nz=True ynz=True cond=True claim_agree=True upper=0.916368327063  CERT
513600422,0,1 T   mem=True nz=True ynz=True cond=True claim_agree=True upper=1808.19004047  CERT
541774835,0,1 RHO mem=True nz=True ynz=True cond=True claim_agree=True upper=0.911942897696  CERT
541774835,0,1 T   mem=True nz=True ynz=True cond=True claim_agree=True upper=2393.85524391  CERT
557443345,0,1 RHO mem=True nz=True ynz=True cond=True claim_agree=True upper=0.903374450735  CERT
557443345,0,1 T   mem=True nz=True ynz=True cond=True claim_agree=True upper=1649.35499720  CERT
575236797,0,1 RHO mem=True nz=True ynz=True cond=True claim_agree=True upper=0.922756072713  CERT
575236797,0,1 T   mem=True nz=True ynz=True cond=True claim_agree=True upper=2479.75595724  CERT
623801739,0,1 RHO mem=True nz=True ynz=True cond=True claim_agree=True upper=0.877924038049  CERT
623801739,0,1 T   mem=True nz=True ynz=True cond=True claim_agree=True upper=2290.01897245  CERT
624197187,0,1 RHO mem=True nz=True ynz=True cond=True claim_agree=True upper=0.909538851628  CERT
624197187,0,1 T   mem=True nz=True ynz=True cond=True claim_agree=True upper=1848.62101051  CERT
651189508,0,1 RHO mem=True nz=True ynz=True cond=True claim_agree=True upper=0.920134954983  CERT
651189508,0,1 T   mem=True nz=True ynz=True cond=True claim_agree=True upper=2113.30612473  CERT
681204862,0,1 RHO mem=True nz=True ynz=True cond=True claim_agree=True upper=0.895990348472  CERT
681204862,0,1 T   mem=True nz=True ynz=True cond=True claim_agree=True upper=2041.98702290  CERT
715368738,0,1 RHO mem=True nz=True ynz=True cond=True claim_agree=True upper=0.929867450931  CERT
715368738,0,1 T   mem=True nz=True ynz=True cond=True claim_agree=True upper=2131.84123520  CERT
732061183,0,1 RHO mem=True nz=True ynz=True cond=True claim_agree=True upper=0.883344724417  CERT
732061183,0,1 T   mem=True nz=True ynz=True cond=True claim_agree=True upper=1814.47292642  CERT
746692497,0,1 RHO mem=True nz=True ynz=True cond=True claim_agree=True upper=0.909538851628  CERT
746692497,0,1 T   mem=True nz=True ynz=True cond=True claim_agree=True upper=2245.62735331  CERT
755627136,0,1 RHO mem=True nz=True ynz=True cond=True claim_agree=True upper=0.930740676791  CERT
755627136,0,1 T   mem=True nz=True ynz=True cond=True claim_agree=True upper=2510.13542402  CERT
823255926,0,1 RHO mem=True nz=True ynz=True cond=True claim_agree=True upper=0.930740676791  CERT
823255926,0,1 T   mem=True nz=True ynz=True cond=True claim_agree=True upper=2077.27964572  CERT
859025702,0,1 RHO mem=True nz=True ynz=True cond=True claim_agree=True upper=0.895990348472  CERT
859025702,0,1 T   mem=True nz=True ynz=True cond=True claim_agree=True upper=2336.72981146  CERT
964276690,0,1 RHO mem=True nz=True ynz=True cond=True claim_agree=True upper=0.937989262516  CERT
964276690,0,1 T   mem=True nz=True ynz=True cond=True claim_agree=True upper=2290.35279186  CERT
992380787,0,1 RHO mem=True nz=True ynz=True cond=True claim_agree=True upper=0.934795221075  CERT
992380787,0,1 T   mem=True nz=True ynz=True cond=True claim_agree=True upper=2125.66826602  CERT
FAMILY VERIFY n=7 l=1000522433 : EXCLUDED (components certified 32 / 32 ; lines 64 ; failed lines 0)
FAMILY VERIFY PASS
