FACTORIZATION: 32 irreducible factors of degree 2 over F_1000370753: OK (header deg/ncomp/bar_T agree)
74488399,0,1 RHO mem=True nz=True ynz=True cond=True claim_agree=True upper=0.948807603281  CERT
74488399,0,1 T   mem=True nz=True ynz=True cond=True claim_agree=True upper=2349.90155333  CERT
120170236,0,1 RHO mem=True nz=True ynz=True cond=True claim_agree=True upper=0.948807603281  CERT
120170236,0,1 T   mem=True nz=True ynz=True cond=True claim_agree=True upper=2034.33802021  CERT
127790544,0,1 RHO mem=True nz=True ynz=True cond=True claim_agree=True upper=0.931678875894  CERT
127790544,0,1 T   mem=True nz=True ynz=True cond=True claim_agree=True upper=2615.49835760  CERT
135333030,0,1 RHO mem=True nz=True ynz=True cond=True claim_agree=True upper=0.956290708342  CERT
135333030,0,1 T   mem=True nz=True ynz=True cond=True claim_agree=True upper=2790.37351367  CERT
135578947,0,1 RHO mem=True nz=True ynz=True cond=True claim_agree=True upper=0.950304234378  CERT
135578947,0,1 T   mem=True nz=True ynz=True cond=True claim_agree=True upper=2116.95871267  CERT
138363214,0,1 RHO mem=True nz=True ynz=True cond=True claim_agree=True upper=0.927062729718  CERT
138363214,0,1 T   mem=True nz=True ynz=True cond=True claim_agree=True upper=1750.45540569  CERT
152177007,0,1 RHO mem=True nz=True ynz=True cond=True claim_agree=True upper=0.942386746787  CERT
152177007,0,1 T   mem=True nz=True ynz=True cond=True claim_agree=True upper=2438.31009838  CERT
155213186,0,1 RHO mem=True nz=True ynz=True cond=True claim_agree=True upper=0.943433998700  CERT
155213186,0,1 T   mem=True nz=True ynz=True cond=True claim_agree=True upper=1955.31565696  CERT
195901380,0,1 RHO mem=True nz=True ynz=True cond=True claim_agree=True upper=0.955561066328  CERT
195901380,0,1 T   mem=True nz=True ynz=True cond=True claim_agree=True upper=2027.70361474  CERT
254924359,0,1 RHO mem=True nz=True ynz=True cond=True claim_agree=True upper=0.933564458885  CERT
254924359,0,1 T   mem=True nz=True ynz=True cond=True claim_agree=True upper=2111.01175809  CERT
271432886,0,1 RHO mem=True nz=True ynz=True cond=True claim_agree=True upper=0.912612071117  CERT
271432886,0,1 T   mem=True nz=True ynz=True cond=True claim_agree=True upper=1786.05350185  CERT
301798953,0,1 RHO mem=True nz=True ynz=True cond=True claim_agree=True upper=0.927062729718  CERT
301798953,0,1 T   mem=True nz=True ynz=True cond=True claim_agree=True upper=2120.75289588  CERT
369844724,0,1 RHO mem=True nz=True ynz=True cond=True claim_agree=True upper=0.956356668201  CERT
369844724,0,1 T   mem=True nz=True ynz=True cond=True claim_agree=True upper=2325.53447787  CERT
412604094,0,1 RHO mem=True nz=True ynz=True cond=True claim_agree=True upper=0.884927859336  CERT
412604094,0,1 T   mem=True nz=True ynz=True cond=True claim_agree=True upper=1540.91894686  CERT
418081390,0,1 RHO mem=True nz=True ynz=True cond=True claim_agree=True upper=0.927525900640  CERT
418081390,0,1 T   mem=True nz=True ynz=True cond=True claim_agree=True upper=1886.00690560  CERT
445171282,0,1 RHO mem=True nz=True ynz=True cond=True claim_agree=True upper=0.884927859336  CERT
445171282,0,1 T   mem=True nz=True ynz=True cond=True claim_agree=True upper=1518.94773082  CERT
555199471,0,1 RHO mem=True nz=True ynz=True cond=True claim_agree=True upper=0.936210542507  CERT
555199471,0,1 T   mem=True nz=True ynz=True cond=True claim_agree=True upper=2313.86131648  CERT
582289363,0,1 RHO mem=True nz=True ynz=True cond=True claim_agree=True upper=0.950304234378  CERT
582289363,0,1 T   mem=True nz=True ynz=True cond=True claim_agree=True upper=2888.99300373  CERT
587766659,0,1 RHO mem=True nz=True ynz=True cond=True claim_agree=True upper=0.936210542507  CERT
587766659,0,1 T   mem=True nz=True ynz=True cond=True claim_agree=True upper=2901.21550119  CERT
630526029,0,1 RHO mem=True nz=True ynz=True cond=True claim_agree=True upper=0.956290708342  CERT
630526029,0,1 T   mem=True nz=True ynz=True cond=True claim_agree=True upper=2717.16331004  CERT
698571800,0,1 RHO mem=True nz=True ynz=True cond=True claim_agree=True upper=0.909133319704  CERT
698571800,0,1 T   mem=True nz=True ynz=True cond=True claim_agree=True upper=2769.64206203  CERT
728937867,0,1 RHO mem=True nz=True ynz=True cond=True claim_agree=True upper=0.943433998700  CERT
728937867,0,1 T   mem=True nz=True ynz=True cond=True claim_agree=True upper=3177.03465648  CERT
745446394,0,1 RHO mem=True nz=True ynz=True cond=True claim_agree=True upper=0.931678875894  CERT
745446394,0,1 T   mem=True nz=True ynz=True cond=True claim_agree=True upper=2241.12946194  CERT
804469373,0,1 RHO mem=True nz=True ynz=True cond=True claim_agree=True upper=0.942386746787  CERT
804469373,0,1 T   mem=True nz=True ynz=True cond=True claim_agree=True upper=2197.73597748  CERT
845157567,0,1 RHO mem=True nz=True ynz=True cond=True claim_agree=True upper=0.912612071117  CERT
845157567,0,1 T   mem=True nz=True ynz=True cond=True claim_agree=True upper=2557.35713641  CERT
848193746,0,1 RHO mem=True nz=True ynz=True cond=True claim_agree=True upper=0.955561066328  CERT
848193746,0,1 T   mem=True nz=True ynz=True cond=True claim_agree=True upper=2339.82476858  CERT
862007539,0,1 RHO mem=True nz=True ynz=True cond=True claim_agree=True upper=0.909133319704  CERT
862007539,0,1 T   mem=True nz=True ynz=True cond=True claim_agree=True upper=1749.16878108  CERT
864791806,0,1 RHO mem=True nz=True ynz=True cond=True claim_agree=True upper=0.927525900640  CERT
864791806,0,1 T   mem=True nz=True ynz=True cond=True claim_agree=True upper=2253.97305914  CERT
865037723,0,1 RHO mem=True nz=True ynz=True cond=True claim_agree=True upper=0.956356668201  CERT
865037723,0,1 T   mem=True nz=True ynz=True cond=True claim_agree=True upper=2206.81683744  CERT
872580209,0,1 RHO mem=True nz=True ynz=True cond=True claim_agree=True upper=0.933564458885  CERT
872580209,0,1 T   mem=True nz=True ynz=True cond=True claim_agree=True upper=2119.30086202  CERT
880200517,0,1 RHO mem=True nz=True ynz=True cond=True claim_agree=True upper=0.912741549597  CERT
880200517,0,1 T   mem=True nz=True ynz=True cond=True claim_agree=True upper=2194.88247527  CERT
925882354,0,1 RHO mem=True nz=True ynz=True cond=True claim_agree=True upper=0.912741549597  CERT
925882354,0,1 T   mem=True nz=True ynz=True cond=True claim_agree=True upper=2346.60023007  CERT
FAMILY VERIFY n=7 l=1000370753 : EXCLUDED (components certified 32 / 32 ; lines 64 ; failed lines 0)
FAMILY VERIFY PASS
