FACTORIZATION: 32 irreducible factors of degree 2 over F_1000363841: OK (header deg/ncomp/bar_T agree)
1794717,0,1 RHO mem=True nz=True ynz=True cond=True claim_agree=True upper=0.925300513408  CERT
1794717,0,1 T   mem=True nz=True ynz=True cond=True claim_agree=True upper=2638.48837131  CERT
34547333,0,1 RHO mem=True nz=True ynz=True cond=True claim_agree=True upper=0.911662867406  CERT
34547333,0,1 T   mem=True nz=True ynz=True cond=True claim_agree=True upper=2670.23569820  CERT
69898904,0,1 RHO mem=True nz=True ynz=True cond=True claim_agree=True upper=0.928656086127  CERT
69898904,0,1 T   mem=True nz=True ynz=True cond=True claim_agree=True upper=2985.09964786  CERT
151441693,0,1 RHO mem=True nz=True ynz=True cond=True claim_agree=True upper=0.882369509470  CERT
151441693,0,1 T   mem=True nz=True ynz=True cond=True claim_agree=True upper=1888.48798294  CERT
157104880,0,1 RHO mem=True nz=True ynz=True cond=True claim_agree=True upper=0.910061518877  CERT
157104880,0,1 T   mem=True nz=True ynz=True cond=True claim_agree=True upper=2315.49143546  CERT
157490211,0,1 RHO mem=True nz=True ynz=True cond=True claim_agree=True upper=0.932582253831  CERT
157490211,0,1 T   mem=True nz=True ynz=True cond=True claim_agree=True upper=2422.40531685  CERT
177627813,0,1 RHO mem=True nz=True ynz=True cond=True claim_agree=True upper=0.979956396760  CERT
177627813,0,1 T   mem=True nz=True ynz=True cond=True claim_agree=True upper=3828.59965553  CERT
181532283,0,1 RHO mem=True nz=True ynz=True cond=True claim_agree=True upper=0.914089296543  CERT
181532283,0,1 T   mem=True nz=True ynz=True cond=True claim_agree=True upper=2448.65166778  CERT
234412768,0,1 RHO mem=True nz=True ynz=True cond=True claim_agree=True upper=0.941577104825  CERT
234412768,0,1 T   mem=True nz=True ynz=True cond=True claim_agree=True upper=3009.20677421  CERT
368981967,0,1 RHO mem=True nz=True ynz=True cond=True claim_agree=True upper=0.882369509470  CERT
368981967,0,1 T   mem=True nz=True ynz=True cond=True claim_agree=True upper=2429.61052956  CERT
385657315,0,1 RHO mem=True nz=True ynz=True cond=True claim_agree=True upper=0.925300513408  CERT
385657315,0,1 T   mem=True nz=True ynz=True cond=True claim_agree=True upper=2944.78220922  CERT
430072512,0,1 RHO mem=True nz=True ynz=True cond=True claim_agree=True upper=0.979956396760  CERT
430072512,0,1 T   mem=True nz=True ynz=True cond=True claim_agree=True upper=2577.36744577  CERT
458364566,0,1 RHO mem=True nz=True ynz=True cond=True claim_agree=True upper=0.910061518877  CERT
458364566,0,1 T   mem=True nz=True ynz=True cond=True claim_agree=True upper=2760.35690174  CERT
471529863,0,1 RHO mem=True nz=True ynz=True cond=True claim_agree=True upper=0.958815306918  CERT
471529863,0,1 T   mem=True nz=True ynz=True cond=True claim_agree=True upper=2815.50503964  CERT
485195071,0,1 RHO mem=True nz=True ynz=True cond=True claim_agree=True upper=0.956727379627  CERT
485195071,0,1 T   mem=True nz=True ynz=True cond=True claim_agree=True upper=3068.48145885  CERT
494206189,0,1 RHO mem=True nz=True ynz=True cond=True claim_agree=True upper=0.911662867406  CERT
494206189,0,1 T   mem=True nz=True ynz=True cond=True claim_agree=True upper=2271.54053721  CERT
506157652,0,1 RHO mem=True nz=True ynz=True cond=True claim_agree=True upper=0.931940527910  CERT
506157652,0,1 T   mem=True nz=True ynz=True cond=True claim_agree=True upper=2125.57917224  CERT
515168770,0,1 RHO mem=True nz=True ynz=True cond=True claim_agree=True upper=0.914089296543  CERT
515168770,0,1 T   mem=True nz=True ynz=True cond=True claim_agree=True upper=1912.23462227  CERT
528833978,0,1 RHO mem=True nz=True ynz=True cond=True claim_agree=True upper=0.928656086127  CERT
528833978,0,1 T   mem=True nz=True ynz=True cond=True claim_agree=True upper=2777.13519572  CERT
541999275,0,1 RHO mem=True nz=True ynz=True cond=True claim_agree=True upper=0.917222335079  CERT
541999275,0,1 T   mem=True nz=True ynz=True cond=True claim_agree=True upper=2710.37325665  CERT
570291329,0,1 RHO mem=True nz=True ynz=True cond=True claim_agree=True upper=0.922104624151  CERT
570291329,0,1 T   mem=True nz=True ynz=True cond=True claim_agree=True upper=2322.87342815  CERT
614706526,0,1 RHO mem=True nz=True ynz=True cond=True claim_agree=True upper=0.979303208893  CERT
614706526,0,1 T   mem=True nz=True ynz=True cond=True claim_agree=True upper=2195.33728398  CERT
631381874,0,1 RHO mem=True nz=True ynz=True cond=True claim_agree=True upper=0.963055354490  CERT
631381874,0,1 T   mem=True nz=True ynz=True cond=True claim_agree=True upper=2610.56509697  CERT
765951073,0,1 RHO mem=True nz=True ynz=True cond=True claim_agree=True upper=0.932582253831  CERT
765951073,0,1 T   mem=True nz=True ynz=True cond=True claim_agree=True upper=2422.31649473  CERT
818831558,0,1 RHO mem=True nz=True ynz=True cond=True claim_agree=True upper=0.956727379627  CERT
818831558,0,1 T   mem=True nz=True ynz=True cond=True claim_agree=True upper=1892.98165595  CERT
822736028,0,1 RHO mem=True nz=True ynz=True cond=True claim_agree=True upper=0.922104624151  CERT
822736028,0,1 T   mem=True nz=True ynz=True cond=True claim_agree=True upper=2461.30953311  CERT
842873630,0,1 RHO mem=True nz=True ynz=True cond=True claim_agree=True upper=0.941577104825  CERT
842873630,0,1 T   mem=True nz=True ynz=True cond=True claim_agree=True upper=2675.06589595  CERT
843258961,0,1 RHO mem=True nz=True ynz=True cond=True claim_agree=True upper=0.917222335079  CERT
843258961,0,1 T   mem=True nz=True ynz=True cond=True claim_agree=True upper=1992.50483867  CERT
848922148,0,1 RHO mem=True nz=True ynz=True cond=True claim_agree=True upper=0.963055354490  CERT
848922148,0,1 T   mem=True nz=True ynz=True cond=True claim_agree=True upper=2419.97932461  CERT
930464937,0,1 RHO mem=True nz=True ynz=True cond=True claim_agree=True upper=0.958815306918  CERT
930464937,0,1 T   mem=True nz=True ynz=True cond=True claim_agree=True upper=2151.37591571  CERT
965816508,0,1 RHO mem=True nz=True ynz=True cond=True claim_agree=True upper=0.931940527910  CERT
965816508,0,1 T   mem=True nz=True ynz=True cond=True claim_agree=True upper=3042.77529509  CERT
998569124,0,1 RHO mem=True nz=True ynz=True cond=True claim_agree=True upper=0.979303208893  CERT
998569124,0,1 T   mem=True nz=True ynz=True cond=True claim_agree=True upper=2785.52041886  CERT
FAMILY VERIFY n=7 l=1000363841 : EXCLUDED (components certified 32 / 32 ; lines 64 ; failed lines 0)
FAMILY VERIFY PASS
