FACTORIZATION: 32 irreducible factors of degree 2 over F_1000880449: OK (header deg/ncomp/bar_T agree)
54914023,0,1 RHO mem=True nz=True ynz=True cond=True claim_agree=True upper=0.963360345765  CERT
54914023,0,1 T   mem=True nz=True ynz=True cond=True claim_agree=True upper=2581.35411256  CERT
64121533,0,1 RHO mem=True nz=True ynz=True cond=True claim_agree=True upper=0.962792960733  CERT
64121533,0,1 T   mem=True nz=True ynz=True cond=True claim_agree=True upper=2527.29648444  CERT
85439710,0,1 RHO mem=True nz=True ynz=True cond=True claim_agree=True upper=0.945239264097  CERT
85439710,0,1 T   mem=True nz=True ynz=True cond=True claim_agree=True upper=2658.15638992  CERT
88958094,0,1 RHO mem=True nz=True ynz=True cond=True claim_agree=True upper=0.934084475653  CERT
88958094,0,1 T   mem=True nz=True ynz=True cond=True claim_agree=True upper=2376.41287012  CERT
198279600,0,1 RHO mem=True nz=True ynz=True cond=True claim_agree=True upper=0.922150278478  CERT
198279600,0,1 T   mem=True nz=True ynz=True cond=True claim_agree=True upper=2534.22218842  CERT
206005147,0,1 RHO mem=True nz=True ynz=True cond=True claim_agree=True upper=0.963360345765  CERT
206005147,0,1 T   mem=True nz=True ynz=True cond=True claim_agree=True upper=2233.12322526  CERT
230263455,0,1 RHO mem=True nz=True ynz=True cond=True claim_agree=True upper=0.927044170445  CERT
230263455,0,1 T   mem=True nz=True ynz=True cond=True claim_agree=True upper=2395.90229979  CERT
256091504,0,1 RHO mem=True nz=True ynz=True cond=True claim_agree=True upper=0.961615791812  CERT
256091504,0,1 T   mem=True nz=True ynz=True cond=True claim_agree=True upper=2005.27277177  CERT
331259219,0,1 RHO mem=True nz=True ynz=True cond=True claim_agree=True upper=0.951464318012  CERT
331259219,0,1 T   mem=True nz=True ynz=True cond=True claim_agree=True upper=2430.03711516  CERT
351786925,0,1 RHO mem=True nz=True ynz=True cond=True claim_agree=True upper=0.972520145530  CERT
351786925,0,1 T   mem=True nz=True ynz=True cond=True claim_agree=True upper=2466.74096795  CERT
392065357,0,1 RHO mem=True nz=True ynz=True cond=True claim_agree=True upper=0.945984341276  CERT
392065357,0,1 T   mem=True nz=True ynz=True cond=True claim_agree=True upper=2345.49901953  CERT
401338357,0,1 RHO mem=True nz=True ynz=True cond=True claim_agree=True upper=0.952070367494  CERT
401338357,0,1 T   mem=True nz=True ynz=True cond=True claim_agree=True upper=2035.04268317  CERT
404486960,0,1 RHO mem=True nz=True ynz=True cond=True claim_agree=True upper=0.950559878492  CERT
404486960,0,1 T   mem=True nz=True ynz=True cond=True claim_agree=True upper=2222.71336087  CERT
409008732,0,1 RHO mem=True nz=True ynz=True cond=True claim_agree=True upper=0.946062541204  CERT
409008732,0,1 T   mem=True nz=True ynz=True cond=True claim_agree=True upper=2295.90683770  CERT
418598022,0,1 RHO mem=True nz=True ynz=True cond=True claim_agree=True upper=0.966656163215  CERT
418598022,0,1 T   mem=True nz=True ynz=True cond=True claim_agree=True upper=2163.59093562  CERT
426966243,0,1 RHO mem=True nz=True ynz=True cond=True claim_agree=True upper=0.961310161249  CERT
426966243,0,1 T   mem=True nz=True ynz=True cond=True claim_agree=True upper=2779.11912015  CERT
573914206,0,1 RHO mem=True nz=True ynz=True cond=True claim_agree=True upper=0.966656163215  CERT
573914206,0,1 T   mem=True nz=True ynz=True cond=True claim_agree=True upper=2418.87313379  CERT
582282427,0,1 RHO mem=True nz=True ynz=True cond=True claim_agree=True upper=0.961310161249  CERT
582282427,0,1 T   mem=True nz=True ynz=True cond=True claim_agree=True upper=2200.40677399  CERT
591871717,0,1 RHO mem=True nz=True ynz=True cond=True claim_agree=True upper=0.961615791812  CERT
591871717,0,1 T   mem=True nz=True ynz=True cond=True claim_agree=True upper=2376.75290755  CERT
596393489,0,1 RHO mem=True nz=True ynz=True cond=True claim_agree=True upper=0.952070367494  CERT
596393489,0,1 T   mem=True nz=True ynz=True cond=True claim_agree=True upper=2444.74181666  CERT
599542092,0,1 RHO mem=True nz=True ynz=True cond=True claim_agree=True upper=0.950559878492  CERT
599542092,0,1 T   mem=True nz=True ynz=True cond=True claim_agree=True upper=2729.09426867  CERT
608815092,0,1 RHO mem=True nz=True ynz=True cond=True claim_agree=True upper=0.951464318012  CERT
608815092,0,1 T   mem=True nz=True ynz=True cond=True claim_agree=True upper=2427.45522924  CERT
649093524,0,1 RHO mem=True nz=True ynz=True cond=True claim_agree=True upper=0.962792960733  CERT
649093524,0,1 T   mem=True nz=True ynz=True cond=True claim_agree=True upper=2238.82406977  CERT
669621230,0,1 RHO mem=True nz=True ynz=True cond=True claim_agree=True upper=0.945984341276  CERT
669621230,0,1 T   mem=True nz=True ynz=True cond=True claim_agree=True upper=2922.68885176  CERT
744788945,0,1 RHO mem=True nz=True ynz=True cond=True claim_agree=True upper=0.946062541204  CERT
744788945,0,1 T   mem=True nz=True ynz=True cond=True claim_agree=True upper=1876.90542631  CERT
770616994,0,1 RHO mem=True nz=True ynz=True cond=True claim_agree=True upper=0.934084475653  CERT
770616994,0,1 T   mem=True nz=True ynz=True cond=True claim_agree=True upper=2701.56660915  CERT
794875302,0,1 RHO mem=True nz=True ynz=True cond=True claim_agree=True upper=0.980086390046  CERT
794875302,0,1 T   mem=True nz=True ynz=True cond=True claim_agree=True upper=2577.43360103  CERT
802600849,0,1 RHO mem=True nz=True ynz=True cond=True claim_agree=True upper=0.945239264097  CERT
802600849,0,1 T   mem=True nz=True ynz=True cond=True claim_agree=True upper=2606.86826721  CERT
911922355,0,1 RHO mem=True nz=True ynz=True cond=True claim_agree=True upper=0.927044170445  CERT
911922355,0,1 T   mem=True nz=True ynz=True cond=True claim_agree=True upper=1817.55238759  CERT
915440739,0,1 RHO mem=True nz=True ynz=True cond=True claim_agree=True upper=0.922150278478  CERT
915440739,0,1 T   mem=True nz=True ynz=True cond=True claim_agree=True upper=2176.14361273  CERT
936758916,0,1 RHO mem=True nz=True ynz=True cond=True claim_agree=True upper=0.972520145530  CERT
936758916,0,1 T   mem=True nz=True ynz=True cond=True claim_agree=True upper=2388.03519423  CERT
945966426,0,1 RHO mem=True nz=True ynz=True cond=True claim_agree=True upper=0.980086390046  CERT
945966426,0,1 T   mem=True nz=True ynz=True cond=True claim_agree=True upper=2264.19905491  CERT
FAMILY VERIFY n=7 l=1000880449 : EXCLUDED (components certified 32 / 32 ; lines 64 ; failed lines 0)
FAMILY VERIFY PASS
