FACTORIZATION: 32 irreducible factors of degree 2 over F_1000937921: OK (header deg/ncomp/bar_T agree)
408246,0,1 RHO mem=True nz=True ynz=True cond=True claim_agree=True upper=0.983195792049  CERT
408246,0,1 T   mem=True nz=True ynz=True cond=True claim_agree=True upper=3013.61984523  CERT
23819246,0,1 RHO mem=True nz=True ynz=True cond=True claim_agree=True upper=0.983195792049  CERT
23819246,0,1 T   mem=True nz=True ynz=True cond=True claim_agree=True upper=3049.76862133  CERT
49627144,0,1 RHO mem=True nz=True ynz=True cond=True claim_agree=True upper=0.923541555657  CERT
49627144,0,1 T   mem=True nz=True ynz=True cond=True claim_agree=True upper=2062.97371274  CERT
83011243,0,1 RHO mem=True nz=True ynz=True cond=True claim_agree=True upper=0.931360728289  CERT
83011243,0,1 T   mem=True nz=True ynz=True cond=True claim_agree=True upper=2579.53037758  CERT
100380258,0,1 RHO mem=True nz=True ynz=True cond=True claim_agree=True upper=0.905637397688  CERT
100380258,0,1 T   mem=True nz=True ynz=True cond=True claim_agree=True upper=2827.52804607  CERT
112856623,0,1 RHO mem=True nz=True ynz=True cond=True claim_agree=True upper=0.919158759243  CERT
112856623,0,1 T   mem=True nz=True ynz=True cond=True claim_agree=True upper=1896.67786607  CERT
201869414,0,1 RHO mem=True nz=True ynz=True cond=True claim_agree=True upper=0.923541555657  CERT
201869414,0,1 T   mem=True nz=True ynz=True cond=True claim_agree=True upper=2107.24669726  CERT
233870555,0,1 RHO mem=True nz=True ynz=True cond=True claim_agree=True upper=0.948964338527  CERT
233870555,0,1 T   mem=True nz=True ynz=True cond=True claim_agree=True upper=2646.78159625  CERT
264876900,0,1 RHO mem=True nz=True ynz=True cond=True claim_agree=True upper=0.944260148754  CERT
264876900,0,1 T   mem=True nz=True ynz=True cond=True claim_agree=True upper=2666.25066660  CERT
289999935,0,1 RHO mem=True nz=True ynz=True cond=True claim_agree=True upper=0.937816584226  CERT
289999935,0,1 T   mem=True nz=True ynz=True cond=True claim_agree=True upper=2598.92618368  CERT
350441840,0,1 RHO mem=True nz=True ynz=True cond=True claim_agree=True upper=0.932673065666  CERT
350441840,0,1 T   mem=True nz=True ynz=True cond=True claim_agree=True upper=2646.34701675  CERT
367212749,0,1 RHO mem=True nz=True ynz=True cond=True claim_agree=True upper=0.929833489217  CERT
367212749,0,1 T   mem=True nz=True ynz=True cond=True claim_agree=True upper=2537.00711660  CERT
384102977,0,1 RHO mem=True nz=True ynz=True cond=True claim_agree=True upper=0.946841215462  CERT
384102977,0,1 T   mem=True nz=True ynz=True cond=True claim_agree=True upper=2840.31180795  CERT
402211967,0,1 RHO mem=True nz=True ynz=True cond=True claim_agree=True upper=0.893311725705  CERT
402211967,0,1 T   mem=True nz=True ynz=True cond=True claim_agree=True upper=2435.43056483  CERT
478655495,0,1 RHO mem=True nz=True ynz=True cond=True claim_agree=True upper=0.937912242558  CERT
478655495,0,1 T   mem=True nz=True ynz=True cond=True claim_agree=True upper=2199.44032051  CERT
490187923,0,1 RHO mem=True nz=True ynz=True cond=True claim_agree=True upper=0.932839534546  CERT
490187923,0,1 T   mem=True nz=True ynz=True cond=True claim_agree=True upper=2790.71862542  CERT
510749998,0,1 RHO mem=True nz=True ynz=True cond=True claim_agree=True upper=0.893311725705  CERT
510749998,0,1 T   mem=True nz=True ynz=True cond=True claim_agree=True upper=3019.30666777  CERT
522282426,0,1 RHO mem=True nz=True ynz=True cond=True claim_agree=True upper=0.944260148754  CERT
522282426,0,1 T   mem=True nz=True ynz=True cond=True claim_agree=True upper=2863.53862813  CERT
598725954,0,1 RHO mem=True nz=True ynz=True cond=True claim_agree=True upper=0.932839534546  CERT
598725954,0,1 T   mem=True nz=True ynz=True cond=True claim_agree=True upper=2336.97419036  CERT
616834944,0,1 RHO mem=True nz=True ynz=True cond=True claim_agree=True upper=0.905637397688  CERT
616834944,0,1 T   mem=True nz=True ynz=True cond=True claim_agree=True upper=2398.41800684  CERT
633725172,0,1 RHO mem=True nz=True ynz=True cond=True claim_agree=True upper=0.948964338527  CERT
633725172,0,1 T   mem=True nz=True ynz=True cond=True claim_agree=True upper=2123.11519476  CERT
650496081,0,1 RHO mem=True nz=True ynz=True cond=True claim_agree=True upper=0.937816584226  CERT
650496081,0,1 T   mem=True nz=True ynz=True cond=True claim_agree=True upper=2280.41025772  CERT
710937986,0,1 RHO mem=True nz=True ynz=True cond=True claim_agree=True upper=0.932673065666  CERT
710937986,0,1 T   mem=True nz=True ynz=True cond=True claim_agree=True upper=2339.12127603  CERT
736061021,0,1 RHO mem=True nz=True ynz=True cond=True claim_agree=True upper=0.937912242558  CERT
736061021,0,1 T   mem=True nz=True ynz=True cond=True claim_agree=True upper=2071.48589357  CERT
767067366,0,1 RHO mem=True nz=True ynz=True cond=True claim_agree=True upper=0.929833489217  CERT
767067366,0,1 T   mem=True nz=True ynz=True cond=True claim_agree=True upper=2634.21685614  CERT
799068507,0,1 RHO mem=True nz=True ynz=True cond=True claim_agree=True upper=0.900095953894  CERT
799068507,0,1 T   mem=True nz=True ynz=True cond=True claim_agree=True upper=1817.82061022  CERT
888081298,0,1 RHO mem=True nz=True ynz=True cond=True claim_agree=True upper=0.931360728289  CERT
888081298,0,1 T   mem=True nz=True ynz=True cond=True claim_agree=True upper=1815.79293871  CERT
900557663,0,1 RHO mem=True nz=True ynz=True cond=True claim_agree=True upper=0.946841215462  CERT
900557663,0,1 T   mem=True nz=True ynz=True cond=True claim_agree=True upper=3000.49436277  CERT
917926678,0,1 RHO mem=True nz=True ynz=True cond=True claim_agree=True upper=0.919158759243  CERT
917926678,0,1 T   mem=True nz=True ynz=True cond=True claim_agree=True upper=1703.37928791  CERT
951310777,0,1 RHO mem=True nz=True ynz=True cond=True claim_agree=True upper=0.900095953894  CERT
951310777,0,1 T   mem=True nz=True ynz=True cond=True claim_agree=True upper=2356.88753894  CERT
977118675,0,1 RHO mem=True nz=True ynz=True cond=True claim_agree=True upper=0.916401572945  CERT
977118675,0,1 T   mem=True nz=True ynz=True cond=True claim_agree=True upper=2124.85895730  CERT
1000529675,0,1 RHO mem=True nz=True ynz=True cond=True claim_agree=True upper=0.916401572945  CERT
1000529675,0,1 T   mem=True nz=True ynz=True cond=True claim_agree=True upper=1933.64418994  CERT
FAMILY VERIFY n=7 l=1000937921 : EXCLUDED (components certified 32 / 32 ; lines 64 ; failed lines 0)
FAMILY VERIFY PASS
