FACTORIZATION: 32 irreducible factors of degree 2 over F_1000675393: OK (header deg/ncomp/bar_T agree)
19787231,0,1 RHO mem=True nz=True ynz=True cond=True claim_agree=True upper=0.873950957887  CERT
19787231,0,1 T   mem=True nz=True ynz=True cond=True claim_agree=True upper=2422.26106312  CERT
33579959,0,1 RHO mem=True nz=True ynz=True cond=True claim_agree=True upper=0.916391305797  CERT
33579959,0,1 T   mem=True nz=True ynz=True cond=True claim_agree=True upper=2203.28709338  CERT
46199137,0,1 RHO mem=True nz=True ynz=True cond=True claim_agree=True upper=0.937813434610  CERT
46199137,0,1 T   mem=True nz=True ynz=True cond=True claim_agree=True upper=2457.02287540  CERT
47118607,0,1 RHO mem=True nz=True ynz=True cond=True claim_agree=True upper=0.928839583542  CERT
47118607,0,1 T   mem=True nz=True ynz=True cond=True claim_agree=True upper=3003.36038438  CERT
144417028,0,1 RHO mem=True nz=True ynz=True cond=True claim_agree=True upper=0.907535951023  CERT
144417028,0,1 T   mem=True nz=True ynz=True cond=True claim_agree=True upper=2287.87049124  CERT
152651370,0,1 RHO mem=True nz=True ynz=True cond=True claim_agree=True upper=0.938334423978  CERT
152651370,0,1 T   mem=True nz=True ynz=True cond=True claim_agree=True upper=2084.45415725  CERT
231354948,0,1 RHO mem=True nz=True ynz=True cond=True claim_agree=True upper=0.879799492416  CERT
231354948,0,1 T   mem=True nz=True ynz=True cond=True claim_agree=True upper=2163.30587971  CERT
245296494,0,1 RHO mem=True nz=True ynz=True cond=True claim_agree=True upper=0.915949006721  CERT
245296494,0,1 T   mem=True nz=True ynz=True cond=True claim_agree=True upper=2121.58883327  CERT
247408064,0,1 RHO mem=True nz=True ynz=True cond=True claim_agree=True upper=0.879799492416  CERT
247408064,0,1 T   mem=True nz=True ynz=True cond=True claim_agree=True upper=1880.70157604  CERT
287141495,0,1 RHO mem=True nz=True ynz=True cond=True claim_agree=True upper=0.903774498953  CERT
287141495,0,1 T   mem=True nz=True ynz=True cond=True claim_agree=True upper=1822.58639711  CERT
288697122,0,1 RHO mem=True nz=True ynz=True cond=True claim_agree=True upper=0.903774498953  CERT
288697122,0,1 T   mem=True nz=True ynz=True cond=True claim_agree=True upper=1745.96184601  CERT
382511852,0,1 RHO mem=True nz=True ynz=True cond=True claim_agree=True upper=0.919132562170  CERT
382511852,0,1 T   mem=True nz=True ynz=True cond=True claim_agree=True upper=2133.95497738  CERT
383738398,0,1 RHO mem=True nz=True ynz=True cond=True claim_agree=True upper=0.919132562170  CERT
383738398,0,1 T   mem=True nz=True ynz=True cond=True claim_agree=True upper=2387.47285512  CERT
391300836,0,1 RHO mem=True nz=True ynz=True cond=True claim_agree=True upper=0.899890433259  CERT
391300836,0,1 T   mem=True nz=True ynz=True cond=True claim_agree=True upper=2812.44702206  CERT
408643858,0,1 RHO mem=True nz=True ynz=True cond=True claim_agree=True upper=0.899890433259  CERT
408643858,0,1 T   mem=True nz=True ynz=True cond=True claim_agree=True upper=1907.59342058  CERT
434668588,0,1 RHO mem=True nz=True ynz=True cond=True claim_agree=True upper=0.928839583542  CERT
434668588,0,1 T   mem=True nz=True ynz=True cond=True claim_agree=True upper=2063.68624337  CERT
566006805,0,1 RHO mem=True nz=True ynz=True cond=True claim_agree=True upper=0.897735075704  CERT
566006805,0,1 T   mem=True nz=True ynz=True cond=True claim_agree=True upper=1876.83620517  CERT
592031535,0,1 RHO mem=True nz=True ynz=True cond=True claim_agree=True upper=0.935248227619  CERT
592031535,0,1 T   mem=True nz=True ynz=True cond=True claim_agree=True upper=2164.42035887  CERT
609374557,0,1 RHO mem=True nz=True ynz=True cond=True claim_agree=True upper=0.935248227619  CERT
609374557,0,1 T   mem=True nz=True ynz=True cond=True claim_agree=True upper=2318.55756576  CERT
616936995,0,1 RHO mem=True nz=True ynz=True cond=True claim_agree=True upper=0.915778879205  CERT
616936995,0,1 T   mem=True nz=True ynz=True cond=True claim_agree=True upper=2638.69786947  CERT
618163541,0,1 RHO mem=True nz=True ynz=True cond=True claim_agree=True upper=0.915778879205  CERT
618163541,0,1 T   mem=True nz=True ynz=True cond=True claim_agree=True upper=2030.80765741  CERT
711978271,0,1 RHO mem=True nz=True ynz=True cond=True claim_agree=True upper=0.947773363112  CERT
711978271,0,1 T   mem=True nz=True ynz=True cond=True claim_agree=True upper=2070.76223257  CERT
713533898,0,1 RHO mem=True nz=True ynz=True cond=True claim_agree=True upper=0.947773363112  CERT
713533898,0,1 T   mem=True nz=True ynz=True cond=True claim_agree=True upper=2461.09947224  CERT
753267329,0,1 RHO mem=True nz=True ynz=True cond=True claim_agree=True upper=0.929637649347  CERT
753267329,0,1 T   mem=True nz=True ynz=True cond=True claim_agree=True upper=2103.37173822  CERT
755378899,0,1 RHO mem=True nz=True ynz=True cond=True claim_agree=True upper=0.907535951023  CERT
755378899,0,1 T   mem=True nz=True ynz=True cond=True claim_agree=True upper=2862.00585828  CERT
769320445,0,1 RHO mem=True nz=True ynz=True cond=True claim_agree=True upper=0.929637649347  CERT
769320445,0,1 T   mem=True nz=True ynz=True cond=True claim_agree=True upper=3164.51646051  CERT
848024023,0,1 RHO mem=True nz=True ynz=True cond=True claim_agree=True upper=0.916391305797  CERT
848024023,0,1 T   mem=True nz=True ynz=True cond=True claim_agree=True upper=1938.37758773  CERT
856258365,0,1 RHO mem=True nz=True ynz=True cond=True claim_agree=True upper=0.915949006721  CERT
856258365,0,1 T   mem=True nz=True ynz=True cond=True claim_agree=True upper=2176.59010825  CERT
953556786,0,1 RHO mem=True nz=True ynz=True cond=True claim_agree=True upper=0.897735075704  CERT
953556786,0,1 T   mem=True nz=True ynz=True cond=True claim_agree=True upper=2412.14896842  CERT
954476256,0,1 RHO mem=True nz=True ynz=True cond=True claim_agree=True upper=0.873950957887  CERT
954476256,0,1 T   mem=True nz=True ynz=True cond=True claim_agree=True upper=1799.03045128  CERT
967095434,0,1 RHO mem=True nz=True ynz=True cond=True claim_agree=True upper=0.938334423978  CERT
967095434,0,1 T   mem=True nz=True ynz=True cond=True claim_agree=True upper=2767.76053020  CERT
980888162,0,1 RHO mem=True nz=True ynz=True cond=True claim_agree=True upper=0.937813434610  CERT
980888162,0,1 T   mem=True nz=True ynz=True cond=True claim_agree=True upper=2296.21693020  CERT
FAMILY VERIFY n=7 l=1000675393 : EXCLUDED (components certified 32 / 32 ; lines 64 ; failed lines 0)
FAMILY VERIFY PASS
