FACTORIZATION: 32 irreducible factors of degree 2 over F_1000506433: OK (header deg/ncomp/bar_T agree)
70172821,0,1 RHO mem=True nz=True ynz=True cond=True claim_agree=True upper=0.956799967858  CERT
70172821,0,1 T   mem=True nz=True ynz=True cond=True claim_agree=True upper=2453.96957136  CERT
115992616,0,1 RHO mem=True nz=True ynz=True cond=True claim_agree=True upper=0.960753999904  CERT
115992616,0,1 T   mem=True nz=True ynz=True cond=True claim_agree=True upper=2863.93600067  CERT
134656550,0,1 RHO mem=True nz=True ynz=True cond=True claim_agree=True upper=0.928395460402  CERT
134656550,0,1 T   mem=True nz=True ynz=True cond=True claim_agree=True upper=2132.84377165  CERT
184364010,0,1 RHO mem=True nz=True ynz=True cond=True claim_agree=True upper=0.894102456874  CERT
184364010,0,1 T   mem=True nz=True ynz=True cond=True claim_agree=True upper=2652.73883625  CERT
210728519,0,1 RHO mem=True nz=True ynz=True cond=True claim_agree=True upper=0.906891309724  CERT
210728519,0,1 T   mem=True nz=True ynz=True cond=True claim_agree=True upper=1977.29876124  CERT
244588971,0,1 RHO mem=True nz=True ynz=True cond=True claim_agree=True upper=0.900552003060  CERT
244588971,0,1 T   mem=True nz=True ynz=True cond=True claim_agree=True upper=1967.36426017  CERT
269059736,0,1 RHO mem=True nz=True ynz=True cond=True claim_agree=True upper=0.894102456874  CERT
269059736,0,1 T   mem=True nz=True ynz=True cond=True claim_agree=True upper=1678.79312312  CERT
276455488,0,1 RHO mem=True nz=True ynz=True cond=True claim_agree=True upper=0.928673100677  CERT
276455488,0,1 T   mem=True nz=True ynz=True cond=True claim_agree=True upper=2128.05700261  CERT
284377751,0,1 RHO mem=True nz=True ynz=True cond=True claim_agree=True upper=0.949893232079  CERT
284377751,0,1 T   mem=True nz=True ynz=True cond=True claim_agree=True upper=2720.28658480  CERT
285674806,0,1 RHO mem=True nz=True ynz=True cond=True claim_agree=True upper=0.936117900436  CERT
285674806,0,1 T   mem=True nz=True ynz=True cond=True claim_agree=True upper=1958.39803296  CERT
292472671,0,1 RHO mem=True nz=True ynz=True cond=True claim_agree=True upper=0.900552003060  CERT
292472671,0,1 T   mem=True nz=True ynz=True cond=True claim_agree=True upper=1594.71625497  CERT
306805592,0,1 RHO mem=True nz=True ynz=True cond=True claim_agree=True upper=0.908359873723  CERT
306805592,0,1 T   mem=True nz=True ynz=True cond=True claim_agree=True upper=1663.55440420  CERT
337663083,0,1 RHO mem=True nz=True ynz=True cond=True claim_agree=True upper=0.936117900436  CERT
337663083,0,1 T   mem=True nz=True ynz=True cond=True claim_agree=True upper=2273.30851164  CERT
417150891,0,1 RHO mem=True nz=True ynz=True cond=True claim_agree=True upper=0.928673100677  CERT
417150891,0,1 T   mem=True nz=True ynz=True cond=True claim_agree=True upper=3209.39054761  CERT
445984803,0,1 RHO mem=True nz=True ynz=True cond=True claim_agree=True upper=0.960753999904  CERT
445984803,0,1 T   mem=True nz=True ynz=True cond=True claim_agree=True upper=2459.90580504  CERT
466468415,0,1 RHO mem=True nz=True ynz=True cond=True claim_agree=True upper=0.901482711793  CERT
466468415,0,1 T   mem=True nz=True ynz=True cond=True claim_agree=True upper=1523.68332464  CERT
534038018,0,1 RHO mem=True nz=True ynz=True cond=True claim_agree=True upper=0.906891309724  CERT
534038018,0,1 T   mem=True nz=True ynz=True cond=True claim_agree=True upper=1786.10837921  CERT
554521630,0,1 RHO mem=True nz=True ynz=True cond=True claim_agree=True upper=0.918285818053  CERT
554521630,0,1 T   mem=True nz=True ynz=True cond=True claim_agree=True upper=2871.86944626  CERT
583355542,0,1 RHO mem=True nz=True ynz=True cond=True claim_agree=True upper=0.923585798022  CERT
583355542,0,1 T   mem=True nz=True ynz=True cond=True claim_agree=True upper=2631.60554844  CERT
662843350,0,1 RHO mem=True nz=True ynz=True cond=True claim_agree=True upper=0.938879051816  CERT
662843350,0,1 T   mem=True nz=True ynz=True cond=True claim_agree=True upper=2308.41296471  CERT
693700841,0,1 RHO mem=True nz=True ynz=True cond=True claim_agree=True upper=0.949893232079  CERT
693700841,0,1 T   mem=True nz=True ynz=True cond=True claim_agree=True upper=2703.91737325  CERT
708033762,0,1 RHO mem=True nz=True ynz=True cond=True claim_agree=True upper=0.980224104920  CERT
708033762,0,1 T   mem=True nz=True ynz=True cond=True claim_agree=True upper=3036.27498422  CERT
714831627,0,1 RHO mem=True nz=True ynz=True cond=True claim_agree=True upper=0.938879051816  CERT
714831627,0,1 T   mem=True nz=True ynz=True cond=True claim_agree=True upper=2546.03589670  CERT
716128682,0,1 RHO mem=True nz=True ynz=True cond=True claim_agree=True upper=0.908359873723  CERT
716128682,0,1 T   mem=True nz=True ynz=True cond=True claim_agree=True upper=2369.39008834  CERT
724050945,0,1 RHO mem=True nz=True ynz=True cond=True claim_agree=True upper=0.923585798022  CERT
724050945,0,1 T   mem=True nz=True ynz=True cond=True claim_agree=True upper=2558.86485052  CERT
731446697,0,1 RHO mem=True nz=True ynz=True cond=True claim_agree=True upper=0.958876014929  CERT
731446697,0,1 T   mem=True nz=True ynz=True cond=True claim_agree=True upper=2460.48216849  CERT
755917462,0,1 RHO mem=True nz=True ynz=True cond=True claim_agree=True upper=0.980224104920  CERT
755917462,0,1 T   mem=True nz=True ynz=True cond=True claim_agree=True upper=2191.97160165  CERT
789777914,0,1 RHO mem=True nz=True ynz=True cond=True claim_agree=True upper=0.901482711793  CERT
789777914,0,1 T   mem=True nz=True ynz=True cond=True claim_agree=True upper=1556.32076915  CERT
816142423,0,1 RHO mem=True nz=True ynz=True cond=True claim_agree=True upper=0.958876014929  CERT
816142423,0,1 T   mem=True nz=True ynz=True cond=True claim_agree=True upper=2564.07407729  CERT
865849883,0,1 RHO mem=True nz=True ynz=True cond=True claim_agree=True upper=0.956799967858  CERT
865849883,0,1 T   mem=True nz=True ynz=True cond=True claim_agree=True upper=3088.92013902  CERT
884513817,0,1 RHO mem=True nz=True ynz=True cond=True claim_agree=True upper=0.918285818053  CERT
884513817,0,1 T   mem=True nz=True ynz=True cond=True claim_agree=True upper=1954.01260569  CERT
930333612,0,1 RHO mem=True nz=True ynz=True cond=True claim_agree=True upper=0.928395460402  CERT
930333612,0,1 T   mem=True nz=True ynz=True cond=True claim_agree=True upper=1961.02535894  CERT
FAMILY VERIFY n=7 l=1000506433 : EXCLUDED (components certified 32 / 32 ; lines 64 ; failed lines 0)
FAMILY VERIFY PASS
