FACTORIZATION: 32 irreducible factors of degree 2 over F_1000317761: OK (header deg/ncomp/bar_T agree)
14526662,0,1 RHO mem=True nz=True ynz=True cond=True claim_agree=True upper=0.866856874358  CERT
14526662,0,1 T   mem=True nz=True ynz=True cond=True claim_agree=True upper=2105.82833424  CERT
23082997,0,1 RHO mem=True nz=True ynz=True cond=True claim_agree=True upper=0.911568175035  CERT
23082997,0,1 T   mem=True nz=True ynz=True cond=True claim_agree=True upper=2362.41517460  CERT
87187534,0,1 RHO mem=True nz=True ynz=True cond=True claim_agree=True upper=0.864008812619  CERT
87187534,0,1 T   mem=True nz=True ynz=True cond=True claim_agree=True upper=2074.87770166  CERT
96207664,0,1 RHO mem=True nz=True ynz=True cond=True claim_agree=True upper=0.922659622332  CERT
96207664,0,1 T   mem=True nz=True ynz=True cond=True claim_agree=True upper=2166.38993255  CERT
101733467,0,1 RHO mem=True nz=True ynz=True cond=True claim_agree=True upper=0.925791871785  CERT
101733467,0,1 T   mem=True nz=True ynz=True cond=True claim_agree=True upper=2565.74231113  CERT
102382625,0,1 RHO mem=True nz=True ynz=True cond=True claim_agree=True upper=0.893966845345  CERT
102382625,0,1 T   mem=True nz=True ynz=True cond=True claim_agree=True upper=2085.85891693  CERT
153964722,0,1 RHO mem=True nz=True ynz=True cond=True claim_agree=True upper=0.866856874358  CERT
153964722,0,1 T   mem=True nz=True ynz=True cond=True claim_agree=True upper=1302.74205724  CERT
164296829,0,1 RHO mem=True nz=True ynz=True cond=True claim_agree=True upper=0.864008812619  CERT
164296829,0,1 T   mem=True nz=True ynz=True cond=True claim_agree=True upper=1679.05133938  CERT
180733083,0,1 RHO mem=True nz=True ynz=True cond=True claim_agree=True upper=0.889544679999  CERT
180733083,0,1 T   mem=True nz=True ynz=True cond=True claim_agree=True upper=2918.59530454  CERT
223191684,0,1 RHO mem=True nz=True ynz=True cond=True claim_agree=True upper=0.938519843604  CERT
223191684,0,1 T   mem=True nz=True ynz=True cond=True claim_agree=True upper=1849.94226415  CERT
236308621,0,1 RHO mem=True nz=True ynz=True cond=True claim_agree=True upper=0.909035298900  CERT
236308621,0,1 T   mem=True nz=True ynz=True cond=True claim_agree=True upper=2059.54906091  CERT
254091757,0,1 RHO mem=True nz=True ynz=True cond=True claim_agree=True upper=0.907510334168  CERT
254091757,0,1 T   mem=True nz=True ynz=True cond=True claim_agree=True upper=2433.09815423  CERT
282346944,0,1 RHO mem=True nz=True ynz=True cond=True claim_agree=True upper=0.910454421927  CERT
282346944,0,1 T   mem=True nz=True ynz=True cond=True claim_agree=True upper=2197.20609507  CERT
295744420,0,1 RHO mem=True nz=True ynz=True cond=True claim_agree=True upper=0.911568175035  CERT
295744420,0,1 T   mem=True nz=True ynz=True cond=True claim_agree=True upper=2714.55159823  CERT
299596053,0,1 RHO mem=True nz=True ynz=True cond=True claim_agree=True upper=0.889544679999  CERT
299596053,0,1 T   mem=True nz=True ynz=True cond=True claim_agree=True upper=2222.16202071  CERT
402621396,0,1 RHO mem=True nz=True ynz=True cond=True claim_agree=True upper=0.938875366695  CERT
402621396,0,1 T   mem=True nz=True ynz=True cond=True claim_agree=True upper=2009.91875693  CERT
597696365,0,1 RHO mem=True nz=True ynz=True cond=True claim_agree=True upper=0.893966845345  CERT
597696365,0,1 T   mem=True nz=True ynz=True cond=True claim_agree=True upper=1866.03117169  CERT
700721708,0,1 RHO mem=True nz=True ynz=True cond=True claim_agree=True upper=0.923646503723  CERT
700721708,0,1 T   mem=True nz=True ynz=True cond=True claim_agree=True upper=2112.58720613  CERT
704573341,0,1 RHO mem=True nz=True ynz=True cond=True claim_agree=True upper=0.929390279752  CERT
704573341,0,1 T   mem=True nz=True ynz=True cond=True claim_agree=True upper=2431.60525019  CERT
717970817,0,1 RHO mem=True nz=True ynz=True cond=True claim_agree=True upper=0.925791871785  CERT
717970817,0,1 T   mem=True nz=True ynz=True cond=True claim_agree=True upper=2796.83756559  CERT
746226004,0,1 RHO mem=True nz=True ynz=True cond=True claim_agree=True upper=0.922659622332  CERT
746226004,0,1 T   mem=True nz=True ynz=True cond=True claim_agree=True upper=2034.34143259  CERT
764009140,0,1 RHO mem=True nz=True ynz=True cond=True claim_agree=True upper=0.938519843604  CERT
764009140,0,1 T   mem=True nz=True ynz=True cond=True claim_agree=True upper=2530.48473449  CERT
777126077,0,1 RHO mem=True nz=True ynz=True cond=True claim_agree=True upper=0.909035298900  CERT
777126077,0,1 T   mem=True nz=True ynz=True cond=True claim_agree=True upper=1929.45947621  CERT
819584678,0,1 RHO mem=True nz=True ynz=True cond=True claim_agree=True upper=0.923646503723  CERT
819584678,0,1 T   mem=True nz=True ynz=True cond=True claim_agree=True upper=3315.31018021  CERT
836020932,0,1 RHO mem=True nz=True ynz=True cond=True claim_agree=True upper=0.949111542493  CERT
836020932,0,1 T   mem=True nz=True ynz=True cond=True claim_agree=True upper=2535.10322299  CERT
846353039,0,1 RHO mem=True nz=True ynz=True cond=True claim_agree=True upper=0.933378765596  CERT
846353039,0,1 T   mem=True nz=True ynz=True cond=True claim_agree=True upper=2613.59061977  CERT
897935136,0,1 RHO mem=True nz=True ynz=True cond=True claim_agree=True upper=0.938875366695  CERT
897935136,0,1 T   mem=True nz=True ynz=True cond=True claim_agree=True upper=2224.93839174  CERT
898584294,0,1 RHO mem=True nz=True ynz=True cond=True claim_agree=True upper=0.910454421927  CERT
898584294,0,1 T   mem=True nz=True ynz=True cond=True claim_agree=True upper=2477.50987426  CERT
904110097,0,1 RHO mem=True nz=True ynz=True cond=True claim_agree=True upper=0.907510334168  CERT
904110097,0,1 T   mem=True nz=True ynz=True cond=True claim_agree=True upper=3229.23771762  CERT
913130227,0,1 RHO mem=True nz=True ynz=True cond=True claim_agree=True upper=0.949111542493  CERT
913130227,0,1 T   mem=True nz=True ynz=True cond=True claim_agree=True upper=2874.98813427  CERT
977234764,0,1 RHO mem=True nz=True ynz=True cond=True claim_agree=True upper=0.929390279752  CERT
977234764,0,1 T   mem=True nz=True ynz=True cond=True claim_agree=True upper=2230.59259698  CERT
985791099,0,1 RHO mem=True nz=True ynz=True cond=True claim_agree=True upper=0.933378765596  CERT
985791099,0,1 T   mem=True nz=True ynz=True cond=True claim_agree=True upper=2206.68785199  CERT
FAMILY VERIFY n=7 l=1000317761 : EXCLUDED (components certified 32 / 32 ; lines 64 ; failed lines 0)
FAMILY VERIFY PASS
