FACTORIZATION: 32 irreducible factors of degree 2 over F_1000648513: OK (header deg/ncomp/bar_T agree)
27138390,0,1 RHO mem=True nz=True ynz=True cond=True claim_agree=True upper=0.937527026664  CERT
27138390,0,1 T   mem=True nz=True ynz=True cond=True claim_agree=True upper=2427.58493464  CERT
38079306,0,1 RHO mem=True nz=True ynz=True cond=True claim_agree=True upper=0.950586504176  CERT
38079306,0,1 T   mem=True nz=True ynz=True cond=True claim_agree=True upper=2057.55855722  CERT
67476749,0,1 RHO mem=True nz=True ynz=True cond=True claim_agree=True upper=0.971904635866  CERT
67476749,0,1 T   mem=True nz=True ynz=True cond=True claim_agree=True upper=2711.22097291  CERT
68480579,0,1 RHO mem=True nz=True ynz=True cond=True claim_agree=True upper=0.946016369985  CERT
68480579,0,1 T   mem=True nz=True ynz=True cond=True claim_agree=True upper=2731.38154326  CERT
70438482,0,1 RHO mem=True nz=True ynz=True cond=True claim_agree=True upper=0.966593424954  CERT
70438482,0,1 T   mem=True nz=True ynz=True cond=True claim_agree=True upper=2213.92035571  CERT
105342447,0,1 RHO mem=True nz=True ynz=True cond=True claim_agree=True upper=0.967953379476  CERT
105342447,0,1 T   mem=True nz=True ynz=True cond=True claim_agree=True upper=2160.77920941  CERT
133095442,0,1 RHO mem=True nz=True ynz=True cond=True claim_agree=True upper=0.964155257971  CERT
133095442,0,1 T   mem=True nz=True ynz=True cond=True claim_agree=True upper=2307.70878759  CERT
234981625,0,1 RHO mem=True nz=True ynz=True cond=True claim_agree=True upper=0.986890035480  CERT
234981625,0,1 T   mem=True nz=True ynz=True cond=True claim_agree=True upper=2410.28497053  CERT
291062713,0,1 RHO mem=True nz=True ynz=True cond=True claim_agree=True upper=0.977156408508  CERT
291062713,0,1 T   mem=True nz=True ynz=True cond=True claim_agree=True upper=2795.69672702  CERT
299111934,0,1 RHO mem=True nz=True ynz=True cond=True claim_agree=True upper=0.926753986986  CERT
299111934,0,1 T   mem=True nz=True ynz=True cond=True claim_agree=True upper=2291.32953416  CERT
307312587,0,1 RHO mem=True nz=True ynz=True cond=True claim_agree=True upper=0.926753986986  CERT
307312587,0,1 T   mem=True nz=True ynz=True cond=True claim_agree=True upper=1704.68666163  CERT
393070363,0,1 RHO mem=True nz=True ynz=True cond=True claim_agree=True upper=0.923088983593  CERT
393070363,0,1 T   mem=True nz=True ynz=True cond=True claim_agree=True upper=2082.45052362  CERT
396988035,0,1 RHO mem=True nz=True ynz=True cond=True claim_agree=True upper=0.967953379476  CERT
396988035,0,1 T   mem=True nz=True ynz=True cond=True claim_agree=True upper=2092.14558353  CERT
442385409,0,1 RHO mem=True nz=True ynz=True cond=True claim_agree=True upper=0.960736199533  CERT
442385409,0,1 T   mem=True nz=True ynz=True cond=True claim_agree=True upper=1937.44846752  CERT
472203292,0,1 RHO mem=True nz=True ynz=True cond=True claim_agree=True upper=0.946000424331  CERT
472203292,0,1 T   mem=True nz=True ynz=True cond=True claim_agree=True upper=2755.55482541  CERT
486669750,0,1 RHO mem=True nz=True ynz=True cond=True claim_agree=True upper=0.948638986673  CERT
486669750,0,1 T   mem=True nz=True ynz=True cond=True claim_agree=True upper=3576.33155188  CERT
513978763,0,1 RHO mem=True nz=True ynz=True cond=True claim_agree=True upper=0.946016369985  CERT
513978763,0,1 T   mem=True nz=True ynz=True cond=True claim_agree=True upper=3048.73392076  CERT
528445221,0,1 RHO mem=True nz=True ynz=True cond=True claim_agree=True upper=0.971904635866  CERT
528445221,0,1 T   mem=True nz=True ynz=True cond=True claim_agree=True upper=2291.94080422  CERT
558263104,0,1 RHO mem=True nz=True ynz=True cond=True claim_agree=True upper=0.937527026664  CERT
558263104,0,1 T   mem=True nz=True ynz=True cond=True claim_agree=True upper=2327.80977934  CERT
603660478,0,1 RHO mem=True nz=True ynz=True cond=True claim_agree=True upper=0.960694240131  CERT
603660478,0,1 T   mem=True nz=True ynz=True cond=True claim_agree=True upper=2977.01566156  CERT
607578150,0,1 RHO mem=True nz=True ynz=True cond=True claim_agree=True upper=0.986890035480  CERT
607578150,0,1 T   mem=True nz=True ynz=True cond=True claim_agree=True upper=3716.77044238  CERT
693335926,0,1 RHO mem=True nz=True ynz=True cond=True claim_agree=True upper=0.973167031211  CERT
693335926,0,1 T   mem=True nz=True ynz=True cond=True claim_agree=True upper=2961.08224038  CERT
701536579,0,1 RHO mem=True nz=True ynz=True cond=True claim_agree=True upper=0.973167031211  CERT
701536579,0,1 T   mem=True nz=True ynz=True cond=True claim_agree=True upper=2439.05286348  CERT
709585800,0,1 RHO mem=True nz=True ynz=True cond=True claim_agree=True upper=0.950586504176  CERT
709585800,0,1 T   mem=True nz=True ynz=True cond=True claim_agree=True upper=2014.10052785  CERT
765666888,0,1 RHO mem=True nz=True ynz=True cond=True claim_agree=True upper=0.923088983593  CERT
765666888,0,1 T   mem=True nz=True ynz=True cond=True claim_agree=True upper=1820.28294251  CERT
867553071,0,1 RHO mem=True nz=True ynz=True cond=True claim_agree=True upper=0.966593424954  CERT
867553071,0,1 T   mem=True nz=True ynz=True cond=True claim_agree=True upper=2663.03694392  CERT
895306066,0,1 RHO mem=True nz=True ynz=True cond=True claim_agree=True upper=0.960694240131  CERT
895306066,0,1 T   mem=True nz=True ynz=True cond=True claim_agree=True upper=2310.62882326  CERT
930210031,0,1 RHO mem=True nz=True ynz=True cond=True claim_agree=True upper=0.964155257971  CERT
930210031,0,1 T   mem=True nz=True ynz=True cond=True claim_agree=True upper=3017.81012199  CERT
932167934,0,1 RHO mem=True nz=True ynz=True cond=True claim_agree=True upper=0.948638986673  CERT
932167934,0,1 T   mem=True nz=True ynz=True cond=True claim_agree=True upper=2021.25966561  CERT
933171764,0,1 RHO mem=True nz=True ynz=True cond=True claim_agree=True upper=0.946000424331  CERT
933171764,0,1 T   mem=True nz=True ynz=True cond=True claim_agree=True upper=2823.88591094  CERT
962569207,0,1 RHO mem=True nz=True ynz=True cond=True claim_agree=True upper=0.977156408508  CERT
962569207,0,1 T   mem=True nz=True ynz=True cond=True claim_agree=True upper=2556.75032578  CERT
973510123,0,1 RHO mem=True nz=True ynz=True cond=True claim_agree=True upper=0.960736199533  CERT
973510123,0,1 T   mem=True nz=True ynz=True cond=True claim_agree=True upper=2883.39248283  CERT
FAMILY VERIFY n=7 l=1000648513 : EXCLUDED (components certified 32 / 32 ; lines 64 ; failed lines 0)
FAMILY VERIFY PASS
