FACTORIZATION: 32 irreducible factors of degree 2 over F_1000880833: OK (header deg/ncomp/bar_T agree)
50674102,0,1 RHO mem=True nz=True ynz=True cond=True claim_agree=True upper=0.929772773300  CERT
50674102,0,1 T   mem=True nz=True ynz=True cond=True claim_agree=True upper=2530.68148856  CERT
179480100,0,1 RHO mem=True nz=True ynz=True cond=True claim_agree=True upper=0.925269282718  CERT
179480100,0,1 T   mem=True nz=True ynz=True cond=True claim_agree=True upper=2042.60963484  CERT
182503069,0,1 RHO mem=True nz=True ynz=True cond=True claim_agree=True upper=0.904851718616  CERT
182503069,0,1 T   mem=True nz=True ynz=True cond=True claim_agree=True upper=1834.07306388  CERT
203670866,0,1 RHO mem=True nz=True ynz=True cond=True claim_agree=True upper=0.903415168470  CERT
203670866,0,1 T   mem=True nz=True ynz=True cond=True claim_agree=True upper=2631.07637896  CERT
260467616,0,1 RHO mem=True nz=True ynz=True cond=True claim_agree=True upper=0.958208301525  CERT
260467616,0,1 T   mem=True nz=True ynz=True cond=True claim_agree=True upper=2923.72890912  CERT
264138367,0,1 RHO mem=True nz=True ynz=True cond=True claim_agree=True upper=0.899942524972  CERT
264138367,0,1 T   mem=True nz=True ynz=True cond=True claim_agree=True upper=2598.55115650  CERT
297858056,0,1 RHO mem=True nz=True ynz=True cond=True claim_agree=True upper=0.970058965557  CERT
297858056,0,1 T   mem=True nz=True ynz=True cond=True claim_agree=True upper=2549.72530048  CERT
323718200,0,1 RHO mem=True nz=True ynz=True cond=True claim_agree=True upper=0.958208301525  CERT
323718200,0,1 T   mem=True nz=True ynz=True cond=True claim_agree=True upper=2814.15483745  CERT
342979658,0,1 RHO mem=True nz=True ynz=True cond=True claim_agree=True upper=0.889309523041  CERT
342979658,0,1 T   mem=True nz=True ynz=True cond=True claim_agree=True upper=1871.09519069  CERT
348971352,0,1 RHO mem=True nz=True ynz=True cond=True claim_agree=True upper=0.936683038891  CERT
348971352,0,1 T   mem=True nz=True ynz=True cond=True claim_agree=True upper=2109.76023656  CERT
373953479,0,1 RHO mem=True nz=True ynz=True cond=True claim_agree=True upper=0.970058965557  CERT
373953479,0,1 T   mem=True nz=True ynz=True cond=True claim_agree=True upper=2821.36647070  CERT
375564160,0,1 RHO mem=True nz=True ynz=True cond=True claim_agree=True upper=0.892484882597  CERT
375564160,0,1 T   mem=True nz=True ynz=True cond=True claim_agree=True upper=1550.74499391  CERT
433594216,0,1 RHO mem=True nz=True ynz=True cond=True claim_agree=True upper=0.889309523041  CERT
433594216,0,1 T   mem=True nz=True ynz=True cond=True claim_agree=True upper=2156.24149520  CERT
445075490,0,1 RHO mem=True nz=True ynz=True cond=True claim_agree=True upper=0.922863920465  CERT
445075490,0,1 T   mem=True nz=True ynz=True cond=True claim_agree=True upper=2874.42374662  CERT
461779763,0,1 RHO mem=True nz=True ynz=True cond=True claim_agree=True upper=0.939198744697  CERT
461779763,0,1 T   mem=True nz=True ynz=True cond=True claim_agree=True upper=2784.71045413  CERT
484628835,0,1 RHO mem=True nz=True ynz=True cond=True claim_agree=True upper=0.936683038891  CERT
484628835,0,1 T   mem=True nz=True ynz=True cond=True claim_agree=True upper=2593.68340982  CERT
516251998,0,1 RHO mem=True nz=True ynz=True cond=True claim_agree=True upper=0.906097474097  CERT
516251998,0,1 T   mem=True nz=True ynz=True cond=True claim_agree=True upper=1881.76948543  CERT
539101070,0,1 RHO mem=True nz=True ynz=True cond=True claim_agree=True upper=0.904851718616  CERT
539101070,0,1 T   mem=True nz=True ynz=True cond=True claim_agree=True upper=1984.17039720  CERT
555805343,0,1 RHO mem=True nz=True ynz=True cond=True claim_agree=True upper=0.892484882597  CERT
555805343,0,1 T   mem=True nz=True ynz=True cond=True claim_agree=True upper=1702.90877966  CERT
567286617,0,1 RHO mem=True nz=True ynz=True cond=True claim_agree=True upper=0.954948668155  CERT
567286617,0,1 T   mem=True nz=True ynz=True cond=True claim_agree=True upper=2105.09584252  CERT
625316673,0,1 RHO mem=True nz=True ynz=True cond=True claim_agree=True upper=0.922863920465  CERT
625316673,0,1 T   mem=True nz=True ynz=True cond=True claim_agree=True upper=2122.31813674  CERT
626927354,0,1 RHO mem=True nz=True ynz=True cond=True claim_agree=True upper=0.903807181875  CERT
626927354,0,1 T   mem=True nz=True ynz=True cond=True claim_agree=True upper=1737.92379218  CERT
651909481,0,1 RHO mem=True nz=True ynz=True cond=True claim_agree=True upper=0.906097474097  CERT
651909481,0,1 T   mem=True nz=True ynz=True cond=True claim_agree=True upper=1694.30221336  CERT
657901175,0,1 RHO mem=True nz=True ynz=True cond=True claim_agree=True upper=0.954948668155  CERT
657901175,0,1 T   mem=True nz=True ynz=True cond=True claim_agree=True upper=2378.24426655  CERT
677162633,0,1 RHO mem=True nz=True ynz=True cond=True claim_agree=True upper=0.915144944528  CERT
677162633,0,1 T   mem=True nz=True ynz=True cond=True claim_agree=True upper=2541.81446624  CERT
703022777,0,1 RHO mem=True nz=True ynz=True cond=True claim_agree=True upper=0.903807181875  CERT
703022777,0,1 T   mem=True nz=True ynz=True cond=True claim_agree=True upper=2131.56145689  CERT
736742466,0,1 RHO mem=True nz=True ynz=True cond=True claim_agree=True upper=0.929772773300  CERT
736742466,0,1 T   mem=True nz=True ynz=True cond=True claim_agree=True upper=2004.97753485  CERT
740413217,0,1 RHO mem=True nz=True ynz=True cond=True claim_agree=True upper=0.915144944528  CERT
740413217,0,1 T   mem=True nz=True ynz=True cond=True claim_agree=True upper=2011.01361984  CERT
797209967,0,1 RHO mem=True nz=True ynz=True cond=True claim_agree=True upper=0.925269282718  CERT
797209967,0,1 T   mem=True nz=True ynz=True cond=True claim_agree=True upper=2078.66819750  CERT
818377764,0,1 RHO mem=True nz=True ynz=True cond=True claim_agree=True upper=0.939198744697  CERT
818377764,0,1 T   mem=True nz=True ynz=True cond=True claim_agree=True upper=2214.70087394  CERT
821400733,0,1 RHO mem=True nz=True ynz=True cond=True claim_agree=True upper=0.903415168470  CERT
821400733,0,1 T   mem=True nz=True ynz=True cond=True claim_agree=True upper=2012.00213459  CERT
950206731,0,1 RHO mem=True nz=True ynz=True cond=True claim_agree=True upper=0.899942524972  CERT
950206731,0,1 T   mem=True nz=True ynz=True cond=True claim_agree=True upper=2230.11531521  CERT
FAMILY VERIFY n=7 l=1000880833 : EXCLUDED (components certified 32 / 32 ; lines 64 ; failed lines 0)
FAMILY VERIFY PASS
