FACTORIZATION: 32 irreducible factors of degree 2 over F_1000312129: OK (header deg/ncomp/bar_T agree)
3396823,0,1 RHO mem=True nz=True ynz=True cond=True claim_agree=True upper=0.953958022025  CERT
3396823,0,1 T   mem=True nz=True ynz=True cond=True claim_agree=True upper=3052.66967828  CERT
13639844,0,1 RHO mem=True nz=True ynz=True cond=True claim_agree=True upper=0.891819250494  CERT
13639844,0,1 T   mem=True nz=True ynz=True cond=True claim_agree=True upper=2075.40753704  CERT
21627920,0,1 RHO mem=True nz=True ynz=True cond=True claim_agree=True upper=0.921497754050  CERT
21627920,0,1 T   mem=True nz=True ynz=True cond=True claim_agree=True upper=2742.58048995  CERT
40313472,0,1 RHO mem=True nz=True ynz=True cond=True claim_agree=True upper=0.953958022025  CERT
40313472,0,1 T   mem=True nz=True ynz=True cond=True claim_agree=True upper=2859.87763454  CERT
82422273,0,1 RHO mem=True nz=True ynz=True cond=True claim_agree=True upper=0.948320283711  CERT
82422273,0,1 T   mem=True nz=True ynz=True cond=True claim_agree=True upper=2136.61530640  CERT
174966977,0,1 RHO mem=True nz=True ynz=True cond=True claim_agree=True upper=0.921497754050  CERT
174966977,0,1 T   mem=True nz=True ynz=True cond=True claim_agree=True upper=3269.54216609  CERT
178032728,0,1 RHO mem=True nz=True ynz=True cond=True claim_agree=True upper=0.954083775678  CERT
178032728,0,1 T   mem=True nz=True ynz=True cond=True claim_agree=True upper=2935.80489138  CERT
211505062,0,1 RHO mem=True nz=True ynz=True cond=True claim_agree=True upper=0.943725085106  CERT
211505062,0,1 T   mem=True nz=True ynz=True cond=True claim_agree=True upper=2246.69969438  CERT
230689356,0,1 RHO mem=True nz=True ynz=True cond=True claim_agree=True upper=0.936070463063  CERT
230689356,0,1 T   mem=True nz=True ynz=True cond=True claim_agree=True upper=2284.97834169  CERT
246737205,0,1 RHO mem=True nz=True ynz=True cond=True claim_agree=True upper=0.954083775678  CERT
246737205,0,1 T   mem=True nz=True ynz=True cond=True claim_agree=True upper=3248.42734889  CERT
332241626,0,1 RHO mem=True nz=True ynz=True cond=True claim_agree=True upper=0.943725085106  CERT
332241626,0,1 T   mem=True nz=True ynz=True cond=True claim_agree=True upper=2957.99747273  CERT
336076407,0,1 RHO mem=True nz=True ynz=True cond=True claim_agree=True upper=0.923391346900  CERT
336076407,0,1 T   mem=True nz=True ynz=True cond=True claim_agree=True upper=1856.23481292  CERT
406562168,0,1 RHO mem=True nz=True ynz=True cond=True claim_agree=True upper=0.933876074706  CERT
406562168,0,1 T   mem=True nz=True ynz=True cond=True claim_agree=True upper=2817.83959772  CERT
411068098,0,1 RHO mem=True nz=True ynz=True cond=True claim_agree=True upper=0.897517297991  CERT
411068098,0,1 T   mem=True nz=True ynz=True cond=True claim_agree=True upper=2651.15250829  CERT
441013656,0,1 RHO mem=True nz=True ynz=True cond=True claim_agree=True upper=0.900335574125  CERT
441013656,0,1 T   mem=True nz=True ynz=True cond=True claim_agree=True upper=2497.62022543  CERT
468266353,0,1 RHO mem=True nz=True ynz=True cond=True claim_agree=True upper=0.914740205750  CERT
468266353,0,1 T   mem=True nz=True ynz=True cond=True claim_agree=True upper=3241.48950587  CERT
532045776,0,1 RHO mem=True nz=True ynz=True cond=True claim_agree=True upper=0.923391346900  CERT
532045776,0,1 T   mem=True nz=True ynz=True cond=True claim_agree=True upper=2012.73374832  CERT
559298473,0,1 RHO mem=True nz=True ynz=True cond=True claim_agree=True upper=0.933876074706  CERT
559298473,0,1 T   mem=True nz=True ynz=True cond=True claim_agree=True upper=2822.69412974  CERT
589244031,0,1 RHO mem=True nz=True ynz=True cond=True claim_agree=True upper=0.948320283711  CERT
589244031,0,1 T   mem=True nz=True ynz=True cond=True claim_agree=True upper=2642.09754372  CERT
593749961,0,1 RHO mem=True nz=True ynz=True cond=True claim_agree=True upper=0.900335574125  CERT
593749961,0,1 T   mem=True nz=True ynz=True cond=True claim_agree=True upper=2321.19464950  CERT
664235722,0,1 RHO mem=True nz=True ynz=True cond=True claim_agree=True upper=0.914740205750  CERT
664235722,0,1 T   mem=True nz=True ynz=True cond=True claim_agree=True upper=2538.68700204  CERT
668070503,0,1 RHO mem=True nz=True ynz=True cond=True claim_agree=True upper=0.887104771861  CERT
668070503,0,1 T   mem=True nz=True ynz=True cond=True claim_agree=True upper=1839.92734835  CERT
753574924,0,1 RHO mem=True nz=True ynz=True cond=True claim_agree=True upper=0.890668000122  CERT
753574924,0,1 T   mem=True nz=True ynz=True cond=True claim_agree=True upper=2638.83107745  CERT
769622773,0,1 RHO mem=True nz=True ynz=True cond=True claim_agree=True upper=0.891819250494  CERT
769622773,0,1 T   mem=True nz=True ynz=True cond=True claim_agree=True upper=1706.69638586  CERT
788807067,0,1 RHO mem=True nz=True ynz=True cond=True claim_agree=True upper=0.887104771861  CERT
788807067,0,1 T   mem=True nz=True ynz=True cond=True claim_agree=True upper=3235.38258287  CERT
822279401,0,1 RHO mem=True nz=True ynz=True cond=True claim_agree=True upper=0.890668000122  CERT
822279401,0,1 T   mem=True nz=True ynz=True cond=True claim_agree=True upper=2265.12400304  CERT
825345152,0,1 RHO mem=True nz=True ynz=True cond=True claim_agree=True upper=0.925244166879  CERT
825345152,0,1 T   mem=True nz=True ynz=True cond=True claim_agree=True upper=2991.59898649  CERT
917889856,0,1 RHO mem=True nz=True ynz=True cond=True claim_agree=True upper=0.897517297991  CERT
917889856,0,1 T   mem=True nz=True ynz=True cond=True claim_agree=True upper=2203.91986253  CERT
959998657,0,1 RHO mem=True nz=True ynz=True cond=True claim_agree=True upper=0.895410534913  CERT
959998657,0,1 T   mem=True nz=True ynz=True cond=True claim_agree=True upper=2134.63017524  CERT
978684209,0,1 RHO mem=True nz=True ynz=True cond=True claim_agree=True upper=0.925244166879  CERT
978684209,0,1 T   mem=True nz=True ynz=True cond=True claim_agree=True upper=3567.69412918  CERT
986672285,0,1 RHO mem=True nz=True ynz=True cond=True claim_agree=True upper=0.936070463063  CERT
986672285,0,1 T   mem=True nz=True ynz=True cond=True claim_agree=True upper=1845.31381775  CERT
996915306,0,1 RHO mem=True nz=True ynz=True cond=True claim_agree=True upper=0.895410534913  CERT
996915306,0,1 T   mem=True nz=True ynz=True cond=True claim_agree=True upper=2982.68306687  CERT
FAMILY VERIFY n=7 l=1000312129 : EXCLUDED (components certified 32 / 32 ; lines 64 ; failed lines 0)
FAMILY VERIFY PASS
