FACTORIZATION: 32 irreducible factors of degree 2 over F_1001197121: OK (header deg/ncomp/bar_T agree)
9062848,0,1 RHO mem=True nz=True ynz=True cond=True claim_agree=True upper=0.912973351043  CERT
9062848,0,1 T   mem=True nz=True ynz=True cond=True claim_agree=True upper=2184.69610578  CERT
13260471,0,1 RHO mem=True nz=True ynz=True cond=True claim_agree=True upper=0.925211478673  CERT
13260471,0,1 T   mem=True nz=True ynz=True cond=True claim_agree=True upper=2286.77009903  CERT
60867632,0,1 RHO mem=True nz=True ynz=True cond=True claim_agree=True upper=0.957332478132  CERT
60867632,0,1 T   mem=True nz=True ynz=True cond=True claim_agree=True upper=2083.61119423  CERT
99415157,0,1 RHO mem=True nz=True ynz=True cond=True claim_agree=True upper=0.902213938118  CERT
99415157,0,1 T   mem=True nz=True ynz=True cond=True claim_agree=True upper=2075.49512873  CERT
128731734,0,1 RHO mem=True nz=True ynz=True cond=True claim_agree=True upper=0.910944471659  CERT
128731734,0,1 T   mem=True nz=True ynz=True cond=True claim_agree=True upper=2250.46074863  CERT
138541470,0,1 RHO mem=True nz=True ynz=True cond=True claim_agree=True upper=0.912973351043  CERT
138541470,0,1 T   mem=True nz=True ynz=True cond=True claim_agree=True upper=1864.48791895  CERT
152128160,0,1 RHO mem=True nz=True ynz=True cond=True claim_agree=True upper=0.925211478673  CERT
152128160,0,1 T   mem=True nz=True ynz=True cond=True claim_agree=True upper=2265.21933622  CERT
198763899,0,1 RHO mem=True nz=True ynz=True cond=True claim_agree=True upper=0.888583887290  CERT
198763899,0,1 T   mem=True nz=True ynz=True cond=True claim_agree=True upper=1600.56241579  CERT
236664104,0,1 RHO mem=True nz=True ynz=True cond=True claim_agree=True upper=0.936971907212  CERT
236664104,0,1 T   mem=True nz=True ynz=True cond=True claim_agree=True upper=2028.47002024  CERT
345068187,0,1 RHO mem=True nz=True ynz=True cond=True claim_agree=True upper=0.936971907212  CERT
345068187,0,1 T   mem=True nz=True ynz=True cond=True claim_agree=True upper=2559.36311369  CERT
358322083,0,1 RHO mem=True nz=True ynz=True cond=True claim_agree=True upper=0.925316449801  CERT
358322083,0,1 T   mem=True nz=True ynz=True cond=True claim_agree=True upper=1935.11035895  CERT
382027849,0,1 RHO mem=True nz=True ynz=True cond=True claim_agree=True upper=0.957332478132  CERT
382027849,0,1 T   mem=True nz=True ynz=True cond=True claim_agree=True upper=2435.48524812  CERT
394922430,0,1 RHO mem=True nz=True ynz=True cond=True claim_agree=True upper=0.912398006064  CERT
394922430,0,1 T   mem=True nz=True ynz=True cond=True claim_agree=True upper=1648.25390579  CERT
398292581,0,1 RHO mem=True nz=True ynz=True cond=True claim_agree=True upper=0.925316449801  CERT
398292581,0,1 T   mem=True nz=True ynz=True cond=True claim_agree=True upper=1817.88916884  CERT
475508846,0,1 RHO mem=True nz=True ynz=True cond=True claim_agree=True upper=0.927896781784  CERT
475508846,0,1 T   mem=True nz=True ynz=True cond=True claim_agree=True upper=2142.73808515  CERT
485799365,0,1 RHO mem=True nz=True ynz=True cond=True claim_agree=True upper=0.912398006064  CERT
485799365,0,1 T   mem=True nz=True ynz=True cond=True claim_agree=True upper=2070.18278078  CERT
515397756,0,1 RHO mem=True nz=True ynz=True cond=True claim_agree=True upper=0.910906403975  CERT
515397756,0,1 T   mem=True nz=True ynz=True cond=True claim_agree=True upper=2634.85623531  CERT
525688275,0,1 RHO mem=True nz=True ynz=True cond=True claim_agree=True upper=0.902213938118  CERT
525688275,0,1 T   mem=True nz=True ynz=True cond=True claim_agree=True upper=2464.89240129  CERT
602904540,0,1 RHO mem=True nz=True ynz=True cond=True claim_agree=True upper=0.874209448138  CERT
602904540,0,1 T   mem=True nz=True ynz=True cond=True claim_agree=True upper=1798.06099406  CERT
606274691,0,1 RHO mem=True nz=True ynz=True cond=True claim_agree=True upper=0.910906403975  CERT
606274691,0,1 T   mem=True nz=True ynz=True cond=True claim_agree=True upper=2249.32251455  CERT
619169272,0,1 RHO mem=True nz=True ynz=True cond=True claim_agree=True upper=0.929096255848  CERT
619169272,0,1 T   mem=True nz=True ynz=True cond=True claim_agree=True upper=2000.92835664  CERT
642875038,0,1 RHO mem=True nz=True ynz=True cond=True claim_agree=True upper=0.874209448138  CERT
642875038,0,1 T   mem=True nz=True ynz=True cond=True claim_agree=True upper=1969.34832240  CERT
656128934,0,1 RHO mem=True nz=True ynz=True cond=True claim_agree=True upper=0.937044316924  CERT
656128934,0,1 T   mem=True nz=True ynz=True cond=True claim_agree=True upper=2187.78470628  CERT
764533017,0,1 RHO mem=True nz=True ynz=True cond=True claim_agree=True upper=0.937044316924  CERT
764533017,0,1 T   mem=True nz=True ynz=True cond=True claim_agree=True upper=1535.76816254  CERT
802433222,0,1 RHO mem=True nz=True ynz=True cond=True claim_agree=True upper=0.910944471659  CERT
802433222,0,1 T   mem=True nz=True ynz=True cond=True claim_agree=True upper=2554.97727316  CERT
849068961,0,1 RHO mem=True nz=True ynz=True cond=True claim_agree=True upper=0.948653766153  CERT
849068961,0,1 T   mem=True nz=True ynz=True cond=True claim_agree=True upper=2315.10086803  CERT
862655651,0,1 RHO mem=True nz=True ynz=True cond=True claim_agree=True upper=0.941434087997  CERT
862655651,0,1 T   mem=True nz=True ynz=True cond=True claim_agree=True upper=2645.56053595  CERT
872465387,0,1 RHO mem=True nz=True ynz=True cond=True claim_agree=True upper=0.888583887290  CERT
872465387,0,1 T   mem=True nz=True ynz=True cond=True claim_agree=True upper=1676.63995339  CERT
901781964,0,1 RHO mem=True nz=True ynz=True cond=True claim_agree=True upper=0.927896781784  CERT
901781964,0,1 T   mem=True nz=True ynz=True cond=True claim_agree=True upper=1946.17151484  CERT
940329489,0,1 RHO mem=True nz=True ynz=True cond=True claim_agree=True upper=0.929096255848  CERT
940329489,0,1 T   mem=True nz=True ynz=True cond=True claim_agree=True upper=2058.22933921  CERT
987936650,0,1 RHO mem=True nz=True ynz=True cond=True claim_agree=True upper=0.948653766153  CERT
987936650,0,1 T   mem=True nz=True ynz=True cond=True claim_agree=True upper=2076.45096562  CERT
992134273,0,1 RHO mem=True nz=True ynz=True cond=True claim_agree=True upper=0.941434087997  CERT
992134273,0,1 T   mem=True nz=True ynz=True cond=True claim_agree=True upper=2000.82104511  CERT
FAMILY VERIFY n=7 l=1001197121 : EXCLUDED (components certified 32 / 32 ; lines 64 ; failed lines 0)
FAMILY VERIFY PASS
