FACTORIZATION: 32 irreducible factors of degree 2 over F_1000844353: OK (header deg/ncomp/bar_T agree)
73925925,0,1 RHO mem=True nz=True ynz=True cond=True claim_agree=True upper=0.917040378544  CERT
73925925,0,1 T   mem=True nz=True ynz=True cond=True claim_agree=True upper=2249.56487865  CERT
92457330,0,1 RHO mem=True nz=True ynz=True cond=True claim_agree=True upper=0.908698740405  CERT
92457330,0,1 T   mem=True nz=True ynz=True cond=True claim_agree=True upper=2766.69888959  CERT
98925358,0,1 RHO mem=True nz=True ynz=True cond=True claim_agree=True upper=0.957590537380  CERT
98925358,0,1 T   mem=True nz=True ynz=True cond=True claim_agree=True upper=3122.36641366  CERT
162894817,0,1 RHO mem=True nz=True ynz=True cond=True claim_agree=True upper=0.897703523828  CERT
162894817,0,1 T   mem=True nz=True ynz=True cond=True claim_agree=True upper=1926.68022660  CERT
245603604,0,1 RHO mem=True nz=True ynz=True cond=True claim_agree=True upper=0.957590537380  CERT
245603604,0,1 T   mem=True nz=True ynz=True cond=True claim_agree=True upper=2461.33544545  CERT
295151552,0,1 RHO mem=True nz=True ynz=True cond=True claim_agree=True upper=0.931212965325  CERT
295151552,0,1 T   mem=True nz=True ynz=True cond=True claim_agree=True upper=2427.18094715  CERT
318420783,0,1 RHO mem=True nz=True ynz=True cond=True claim_agree=True upper=0.946431809677  CERT
318420783,0,1 T   mem=True nz=True ynz=True cond=True claim_agree=True upper=2768.29604108  CERT
319139151,0,1 RHO mem=True nz=True ynz=True cond=True claim_agree=True upper=0.966675000236  CERT
319139151,0,1 T   mem=True nz=True ynz=True cond=True claim_agree=True upper=2937.86231133  CERT
333613859,0,1 RHO mem=True nz=True ynz=True cond=True claim_agree=True upper=0.930873967107  CERT
333613859,0,1 T   mem=True nz=True ynz=True cond=True claim_agree=True upper=3236.66019779  CERT
338698830,0,1 RHO mem=True nz=True ynz=True cond=True claim_agree=True upper=0.987305216309  CERT
338698830,0,1 T   mem=True nz=True ynz=True cond=True claim_agree=True upper=2902.10993118  CERT
374744624,0,1 RHO mem=True nz=True ynz=True cond=True claim_agree=True upper=0.944816093636  CERT
374744624,0,1 T   mem=True nz=True ynz=True cond=True claim_agree=True upper=2981.65810089  CERT
382132901,0,1 RHO mem=True nz=True ynz=True cond=True claim_agree=True upper=0.931212965325  CERT
382132901,0,1 T   mem=True nz=True ynz=True cond=True claim_agree=True upper=2581.52766329  CERT
397955166,0,1 RHO mem=True nz=True ynz=True cond=True claim_agree=True upper=0.932264723748  CERT
397955166,0,1 T   mem=True nz=True ynz=True cond=True claim_agree=True upper=2942.85465515  CERT
413855200,0,1 RHO mem=True nz=True ynz=True cond=True claim_agree=True upper=0.918618808825  CERT
413855200,0,1 T   mem=True nz=True ynz=True cond=True claim_agree=True upper=2745.73629414  CERT
439096487,0,1 RHO mem=True nz=True ynz=True cond=True claim_agree=True upper=0.932264723748  CERT
439096487,0,1 T   mem=True nz=True ynz=True cond=True claim_agree=True upper=2511.64945287  CERT
453913199,0,1 RHO mem=True nz=True ynz=True cond=True claim_agree=True upper=0.930873967107  CERT
453913199,0,1 T   mem=True nz=True ynz=True cond=True claim_agree=True upper=2543.17184850  CERT
546931154,0,1 RHO mem=True nz=True ynz=True cond=True claim_agree=True upper=0.942135697573  CERT
546931154,0,1 T   mem=True nz=True ynz=True cond=True claim_agree=True upper=2850.08518934  CERT
561747866,0,1 RHO mem=True nz=True ynz=True cond=True claim_agree=True upper=0.972848010363  CERT
561747866,0,1 T   mem=True nz=True ynz=True cond=True claim_agree=True upper=2447.97353318  CERT
586989153,0,1 RHO mem=True nz=True ynz=True cond=True claim_agree=True upper=0.987305216309  CERT
586989153,0,1 T   mem=True nz=True ynz=True cond=True claim_agree=True upper=2440.11942647  CERT
602889187,0,1 RHO mem=True nz=True ynz=True cond=True claim_agree=True upper=0.972848010363  CERT
602889187,0,1 T   mem=True nz=True ynz=True cond=True claim_agree=True upper=3099.17064663  CERT
618711452,0,1 RHO mem=True nz=True ynz=True cond=True claim_agree=True upper=0.934503253121  CERT
618711452,0,1 T   mem=True nz=True ynz=True cond=True claim_agree=True upper=1897.77517742  CERT
626099729,0,1 RHO mem=True nz=True ynz=True cond=True claim_agree=True upper=0.908698740405  CERT
626099729,0,1 T   mem=True nz=True ynz=True cond=True claim_agree=True upper=2979.90025575  CERT
662145523,0,1 RHO mem=True nz=True ynz=True cond=True claim_agree=True upper=0.918618808825  CERT
662145523,0,1 T   mem=True nz=True ynz=True cond=True claim_agree=True upper=1833.55203280  CERT
667230494,0,1 RHO mem=True nz=True ynz=True cond=True claim_agree=True upper=0.942135697573  CERT
667230494,0,1 T   mem=True nz=True ynz=True cond=True claim_agree=True upper=2229.34786464  CERT
681705202,0,1 RHO mem=True nz=True ynz=True cond=True claim_agree=True upper=0.897703523828  CERT
681705202,0,1 T   mem=True nz=True ynz=True cond=True claim_agree=True upper=2211.32979591  CERT
682423570,0,1 RHO mem=True nz=True ynz=True cond=True claim_agree=True upper=0.917040378544  CERT
682423570,0,1 T   mem=True nz=True ynz=True cond=True claim_agree=True upper=2130.36980112  CERT
705692801,0,1 RHO mem=True nz=True ynz=True cond=True claim_agree=True upper=0.934503253121  CERT
705692801,0,1 T   mem=True nz=True ynz=True cond=True claim_agree=True upper=2666.74526806  CERT
755240749,0,1 RHO mem=True nz=True ynz=True cond=True claim_agree=True upper=0.942593665964  CERT
755240749,0,1 T   mem=True nz=True ynz=True cond=True claim_agree=True upper=2479.52433850  CERT
837949536,0,1 RHO mem=True nz=True ynz=True cond=True claim_agree=True upper=0.966675000236  CERT
837949536,0,1 T   mem=True nz=True ynz=True cond=True claim_agree=True upper=2647.96992215  CERT
901918995,0,1 RHO mem=True nz=True ynz=True cond=True claim_agree=True upper=0.942593665964  CERT
901918995,0,1 T   mem=True nz=True ynz=True cond=True claim_agree=True upper=2569.86334001  CERT
908387023,0,1 RHO mem=True nz=True ynz=True cond=True claim_agree=True upper=0.944816093636  CERT
908387023,0,1 T   mem=True nz=True ynz=True cond=True claim_agree=True upper=2632.57042071  CERT
926918428,0,1 RHO mem=True nz=True ynz=True cond=True claim_agree=True upper=0.946431809677  CERT
926918428,0,1 T   mem=True nz=True ynz=True cond=True claim_agree=True upper=2517.86739641  CERT
FAMILY VERIFY n=7 l=1000844353 : EXCLUDED (components certified 32 / 32 ; lines 64 ; failed lines 0)
FAMILY VERIFY PASS
