FACTORIZATION: 32 irreducible factors of degree 2 over F_1000543937: OK (header deg/ncomp/bar_T agree)
54513197,0,1 RHO mem=True nz=True ynz=True cond=True claim_agree=True upper=0.958583497785  CERT
54513197,0,1 T   mem=True nz=True ynz=True cond=True claim_agree=True upper=2404.01573097  CERT
67611158,0,1 RHO mem=True nz=True ynz=True cond=True claim_agree=True upper=0.932492283407  CERT
67611158,0,1 T   mem=True nz=True ynz=True cond=True claim_agree=True upper=2805.30564068  CERT
117335146,0,1 RHO mem=True nz=True ynz=True cond=True claim_agree=True upper=0.933825365292  CERT
117335146,0,1 T   mem=True nz=True ynz=True cond=True claim_agree=True upper=2237.81946318  CERT
123633738,0,1 RHO mem=True nz=True ynz=True cond=True claim_agree=True upper=0.914529385494  CERT
123633738,0,1 T   mem=True nz=True ynz=True cond=True claim_agree=True upper=2052.13700722  CERT
148877933,0,1 RHO mem=True nz=True ynz=True cond=True claim_agree=True upper=0.958583497785  CERT
148877933,0,1 T   mem=True nz=True ynz=True cond=True claim_agree=True upper=2180.00672127  CERT
209722750,0,1 RHO mem=True nz=True ynz=True cond=True claim_agree=True upper=0.904408412648  CERT
209722750,0,1 T   mem=True nz=True ynz=True cond=True claim_agree=True upper=1805.63731577  CERT
238351634,0,1 RHO mem=True nz=True ynz=True cond=True claim_agree=True upper=0.941953079031  CERT
238351634,0,1 T   mem=True nz=True ynz=True cond=True claim_agree=True upper=2825.49564781  CERT
287011830,0,1 RHO mem=True nz=True ynz=True cond=True claim_agree=True upper=0.933825365292  CERT
287011830,0,1 T   mem=True nz=True ynz=True cond=True claim_agree=True upper=2190.60212498  CERT
296617252,0,1 RHO mem=True nz=True ynz=True cond=True claim_agree=True upper=0.936203574186  CERT
296617252,0,1 T   mem=True nz=True ynz=True cond=True claim_agree=True upper=2591.07067713  CERT
380088875,0,1 RHO mem=True nz=True ynz=True cond=True claim_agree=True upper=0.936203574186  CERT
380088875,0,1 T   mem=True nz=True ynz=True cond=True claim_agree=True upper=2286.69260849  CERT
384330106,0,1 RHO mem=True nz=True ynz=True cond=True claim_agree=True upper=0.924535268761  CERT
384330106,0,1 T   mem=True nz=True ynz=True cond=True claim_agree=True upper=2186.93600513  CERT
396108052,0,1 RHO mem=True nz=True ynz=True cond=True claim_agree=True upper=0.953239581134  CERT
396108052,0,1 T   mem=True nz=True ynz=True cond=True claim_agree=True upper=2155.83065040  CERT
407078946,0,1 RHO mem=True nz=True ynz=True cond=True claim_agree=True upper=0.914529385494  CERT
407078946,0,1 T   mem=True nz=True ynz=True cond=True claim_agree=True upper=1629.88654386  CERT
414283467,0,1 RHO mem=True nz=True ynz=True cond=True claim_agree=True upper=0.936113704068  CERT
414283467,0,1 T   mem=True nz=True ynz=True cond=True claim_agree=True upper=1993.88091266  CERT
471362162,0,1 RHO mem=True nz=True ynz=True cond=True claim_agree=True upper=0.904408412648  CERT
471362162,0,1 T   mem=True nz=True ynz=True cond=True claim_agree=True upper=1610.98330894  CERT
477055554,0,1 RHO mem=True nz=True ynz=True cond=True claim_agree=True upper=0.941953079031  CERT
477055554,0,1 T   mem=True nz=True ynz=True cond=True claim_agree=True upper=2177.21202032  CERT
523488383,0,1 RHO mem=True nz=True ynz=True cond=True claim_agree=True upper=0.929677782764  CERT
523488383,0,1 T   mem=True nz=True ynz=True cond=True claim_agree=True upper=2287.02295005  CERT
529181775,0,1 RHO mem=True nz=True ynz=True cond=True claim_agree=True upper=0.934875995220  CERT
529181775,0,1 T   mem=True nz=True ynz=True cond=True claim_agree=True upper=1801.21863326  CERT
586260470,0,1 RHO mem=True nz=True ynz=True cond=True claim_agree=True upper=0.953239581134  CERT
586260470,0,1 T   mem=True nz=True ynz=True cond=True claim_agree=True upper=2532.21760504  CERT
593464991,0,1 RHO mem=True nz=True ynz=True cond=True claim_agree=True upper=0.907663824765  CERT
593464991,0,1 T   mem=True nz=True ynz=True cond=True claim_agree=True upper=1371.59105547  CERT
604435885,0,1 RHO mem=True nz=True ynz=True cond=True claim_agree=True upper=0.936113704068  CERT
604435885,0,1 T   mem=True nz=True ynz=True cond=True claim_agree=True upper=2086.72878406  CERT
616213831,0,1 RHO mem=True nz=True ynz=True cond=True claim_agree=True upper=0.932492283407  CERT
616213831,0,1 T   mem=True nz=True ynz=True cond=True claim_agree=True upper=1752.60322642  CERT
620455062,0,1 RHO mem=True nz=True ynz=True cond=True claim_agree=True upper=0.931676879930  CERT
620455062,0,1 T   mem=True nz=True ynz=True cond=True claim_agree=True upper=2339.55516687  CERT
703926685,0,1 RHO mem=True nz=True ynz=True cond=True claim_agree=True upper=0.931676879930  CERT
703926685,0,1 T   mem=True nz=True ynz=True cond=True claim_agree=True upper=2468.63724219  CERT
713532107,0,1 RHO mem=True nz=True ynz=True cond=True claim_agree=True upper=0.936439321154  CERT
713532107,0,1 T   mem=True nz=True ynz=True cond=True claim_agree=True upper=2729.15897110  CERT
762192303,0,1 RHO mem=True nz=True ynz=True cond=True claim_agree=True upper=0.929677782764  CERT
762192303,0,1 T   mem=True nz=True ynz=True cond=True claim_agree=True upper=2217.56441765  CERT
790821187,0,1 RHO mem=True nz=True ynz=True cond=True claim_agree=True upper=0.934875995220  CERT
790821187,0,1 T   mem=True nz=True ynz=True cond=True claim_agree=True upper=2422.33626598  CERT
851666004,0,1 RHO mem=True nz=True ynz=True cond=True claim_agree=True upper=0.936414979563  CERT
851666004,0,1 T   mem=True nz=True ynz=True cond=True claim_agree=True upper=2482.54387522  CERT
876910199,0,1 RHO mem=True nz=True ynz=True cond=True claim_agree=True upper=0.907663824765  CERT
876910199,0,1 T   mem=True nz=True ynz=True cond=True claim_agree=True upper=2586.68655969  CERT
883208791,0,1 RHO mem=True nz=True ynz=True cond=True claim_agree=True upper=0.936439321154  CERT
883208791,0,1 T   mem=True nz=True ynz=True cond=True claim_agree=True upper=2519.72904708  CERT
932932779,0,1 RHO mem=True nz=True ynz=True cond=True claim_agree=True upper=0.924535268761  CERT
932932779,0,1 T   mem=True nz=True ynz=True cond=True claim_agree=True upper=2022.61544241  CERT
946030740,0,1 RHO mem=True nz=True ynz=True cond=True claim_agree=True upper=0.936414979563  CERT
946030740,0,1 T   mem=True nz=True ynz=True cond=True claim_agree=True upper=2247.32232279  CERT
FAMILY VERIFY n=7 l=1000543937 : EXCLUDED (components certified 32 / 32 ; lines 64 ; failed lines 0)
FAMILY VERIFY PASS
