FACTORIZATION: 32 irreducible factors of degree 2 over F_1001046721: OK (header deg/ncomp/bar_T agree)
15655430,0,1 RHO mem=True nz=True ynz=True cond=True claim_agree=True upper=0.804138121589  CERT
15655430,0,1 T   mem=True nz=True ynz=True cond=True claim_agree=True upper=1408.87067008  CERT
85535577,0,1 RHO mem=True nz=True ynz=True cond=True claim_agree=True upper=0.882210987402  CERT
85535577,0,1 T   mem=True nz=True ynz=True cond=True claim_agree=True upper=2718.01801628  CERT
102915613,0,1 RHO mem=True nz=True ynz=True cond=True claim_agree=True upper=0.848887839113  CERT
102915613,0,1 T   mem=True nz=True ynz=True cond=True claim_agree=True upper=2222.27460728  CERT
145113209,0,1 RHO mem=True nz=True ynz=True cond=True claim_agree=True upper=0.854935305755  CERT
145113209,0,1 T   mem=True nz=True ynz=True cond=True claim_agree=True upper=1881.63471786  CERT
154170096,0,1 RHO mem=True nz=True ynz=True cond=True claim_agree=True upper=0.863889555921  CERT
154170096,0,1 T   mem=True nz=True ynz=True cond=True claim_agree=True upper=2005.65633087  CERT
182182218,0,1 RHO mem=True nz=True ynz=True cond=True claim_agree=True upper=0.833577315566  CERT
182182218,0,1 T   mem=True nz=True ynz=True cond=True claim_agree=True upper=1853.12804761  CERT
184342326,0,1 RHO mem=True nz=True ynz=True cond=True claim_agree=True upper=0.848511202133  CERT
184342326,0,1 T   mem=True nz=True ynz=True cond=True claim_agree=True upper=1973.00382360  CERT
215714337,0,1 RHO mem=True nz=True ynz=True cond=True claim_agree=True upper=0.865593335404  CERT
215714337,0,1 T   mem=True nz=True ynz=True cond=True claim_agree=True upper=1666.75707980  CERT
318733180,0,1 RHO mem=True nz=True ynz=True cond=True claim_agree=True upper=0.865475353519  CERT
318733180,0,1 T   mem=True nz=True ynz=True cond=True claim_agree=True upper=1999.99153761  CERT
337387410,0,1 RHO mem=True nz=True ynz=True cond=True claim_agree=True upper=0.865475353519  CERT
337387410,0,1 T   mem=True nz=True ynz=True cond=True claim_agree=True upper=2035.47749447  CERT
370936674,0,1 RHO mem=True nz=True ynz=True cond=True claim_agree=True upper=0.872590906713  CERT
370936674,0,1 T   mem=True nz=True ynz=True cond=True claim_agree=True upper=2356.72221823  CERT
383819029,0,1 RHO mem=True nz=True ynz=True cond=True claim_agree=True upper=0.856143489731  CERT
383819029,0,1 T   mem=True nz=True ynz=True cond=True claim_agree=True upper=2007.98051238  CERT
396260265,0,1 RHO mem=True nz=True ynz=True cond=True claim_agree=True upper=0.855201960600  CERT
396260265,0,1 T   mem=True nz=True ynz=True cond=True claim_agree=True upper=1677.66525550  CERT
397807882,0,1 RHO mem=True nz=True ynz=True cond=True claim_agree=True upper=0.863889555921  CERT
397807882,0,1 T   mem=True nz=True ynz=True cond=True claim_agree=True upper=1920.62500234  CERT
436214285,0,1 RHO mem=True nz=True ynz=True cond=True claim_agree=True upper=0.863203571990  CERT
436214285,0,1 T   mem=True nz=True ynz=True cond=True claim_agree=True upper=1759.82257433  CERT
495077676,0,1 RHO mem=True nz=True ynz=True cond=True claim_agree=True upper=0.871871911575  CERT
495077676,0,1 T   mem=True nz=True ynz=True cond=True claim_agree=True upper=1975.36605889  CERT
505969045,0,1 RHO mem=True nz=True ynz=True cond=True claim_agree=True upper=0.863203571990  CERT
505969045,0,1 T   mem=True nz=True ynz=True cond=True claim_agree=True upper=2307.51407420  CERT
564832436,0,1 RHO mem=True nz=True ynz=True cond=True claim_agree=True upper=0.871871911575  CERT
564832436,0,1 T   mem=True nz=True ynz=True cond=True claim_agree=True upper=1812.87273822  CERT
603238839,0,1 RHO mem=True nz=True ynz=True cond=True claim_agree=True upper=0.850356302511  CERT
603238839,0,1 T   mem=True nz=True ynz=True cond=True claim_agree=True upper=2316.88166187  CERT
604786456,0,1 RHO mem=True nz=True ynz=True cond=True claim_agree=True upper=0.848887839113  CERT
604786456,0,1 T   mem=True nz=True ynz=True cond=True claim_agree=True upper=2139.29152715  CERT
617227692,0,1 RHO mem=True nz=True ynz=True cond=True claim_agree=True upper=0.882210987402  CERT
617227692,0,1 T   mem=True nz=True ynz=True cond=True claim_agree=True upper=2368.53786655  CERT
630110047,0,1 RHO mem=True nz=True ynz=True cond=True claim_agree=True upper=0.804138121589  CERT
630110047,0,1 T   mem=True nz=True ynz=True cond=True claim_agree=True upper=1542.91810743  CERT
663659311,0,1 RHO mem=True nz=True ynz=True cond=True claim_agree=True upper=0.839173258628  CERT
663659311,0,1 T   mem=True nz=True ynz=True cond=True claim_agree=True upper=2709.14592804  CERT
682313541,0,1 RHO mem=True nz=True ynz=True cond=True claim_agree=True upper=0.839173258628  CERT
682313541,0,1 T   mem=True nz=True ynz=True cond=True claim_agree=True upper=2379.57841400  CERT
785332384,0,1 RHO mem=True nz=True ynz=True cond=True claim_agree=True upper=0.848511202133  CERT
785332384,0,1 T   mem=True nz=True ynz=True cond=True claim_agree=True upper=1950.18261284  CERT
816704395,0,1 RHO mem=True nz=True ynz=True cond=True claim_agree=True upper=0.865593335404  CERT
816704395,0,1 T   mem=True nz=True ynz=True cond=True claim_agree=True upper=2105.14411381  CERT
818864503,0,1 RHO mem=True nz=True ynz=True cond=True claim_agree=True upper=0.854935305755  CERT
818864503,0,1 T   mem=True nz=True ynz=True cond=True claim_agree=True upper=2076.15648753  CERT
846876625,0,1 RHO mem=True nz=True ynz=True cond=True claim_agree=True upper=0.850356302511  CERT
846876625,0,1 T   mem=True nz=True ynz=True cond=True claim_agree=True upper=1729.37329949  CERT
855933512,0,1 RHO mem=True nz=True ynz=True cond=True claim_agree=True upper=0.833577315566  CERT
855933512,0,1 T   mem=True nz=True ynz=True cond=True claim_agree=True upper=1792.95135116  CERT
898131108,0,1 RHO mem=True nz=True ynz=True cond=True claim_agree=True upper=0.855201960600  CERT
898131108,0,1 T   mem=True nz=True ynz=True cond=True claim_agree=True upper=1873.09553446  CERT
915511144,0,1 RHO mem=True nz=True ynz=True cond=True claim_agree=True upper=0.856143489731  CERT
915511144,0,1 T   mem=True nz=True ynz=True cond=True claim_agree=True upper=2082.50176550  CERT
985391291,0,1 RHO mem=True nz=True ynz=True cond=True claim_agree=True upper=0.872590906713  CERT
985391291,0,1 T   mem=True nz=True ynz=True cond=True claim_agree=True upper=1987.48580165  CERT
FAMILY VERIFY n=7 l=1001046721 : EXCLUDED (components certified 32 / 32 ; lines 64 ; failed lines 0)
FAMILY VERIFY PASS
