FACTORIZATION: 32 irreducible factors of degree 2 over F_1000592449: OK (header deg/ncomp/bar_T agree)
29669766,0,1 RHO mem=True nz=True ynz=True cond=True claim_agree=True upper=0.938928238960  CERT
29669766,0,1 T   mem=True nz=True ynz=True cond=True claim_agree=True upper=2279.36040564  CERT
99356436,0,1 RHO mem=True nz=True ynz=True cond=True claim_agree=True upper=0.913596509967  CERT
99356436,0,1 T   mem=True nz=True ynz=True cond=True claim_agree=True upper=1740.13699107  CERT
99873190,0,1 RHO mem=True nz=True ynz=True cond=True claim_agree=True upper=0.940718068247  CERT
99873190,0,1 T   mem=True nz=True ynz=True cond=True claim_agree=True upper=2644.17814398  CERT
136732664,0,1 RHO mem=True nz=True ynz=True cond=True claim_agree=True upper=0.943805838901  CERT
136732664,0,1 T   mem=True nz=True ynz=True cond=True claim_agree=True upper=2257.23902443  CERT
178564180,0,1 RHO mem=True nz=True ynz=True cond=True claim_agree=True upper=0.952652544802  CERT
178564180,0,1 T   mem=True nz=True ynz=True cond=True claim_agree=True upper=2508.40199121  CERT
186234521,0,1 RHO mem=True nz=True ynz=True cond=True claim_agree=True upper=0.934012232058  CERT
186234521,0,1 T   mem=True nz=True ynz=True cond=True claim_agree=True upper=2279.85055452  CERT
232063608,0,1 RHO mem=True nz=True ynz=True cond=True claim_agree=True upper=0.940226476596  CERT
232063608,0,1 T   mem=True nz=True ynz=True cond=True claim_agree=True upper=1999.65905368  CERT
249916768,0,1 RHO mem=True nz=True ynz=True cond=True claim_agree=True upper=0.952032164953  CERT
249916768,0,1 T   mem=True nz=True ynz=True cond=True claim_agree=True upper=2324.89768055  CERT
263337306,0,1 RHO mem=True nz=True ynz=True cond=True claim_agree=True upper=0.955291181843  CERT
263337306,0,1 T   mem=True nz=True ynz=True cond=True claim_agree=True upper=2087.37225910  CERT
315537836,0,1 RHO mem=True nz=True ynz=True cond=True claim_agree=True upper=0.940718068247  CERT
315537836,0,1 T   mem=True nz=True ynz=True cond=True claim_agree=True upper=2629.24671959  CERT
388631243,0,1 RHO mem=True nz=True ynz=True cond=True claim_agree=True upper=0.946019898973  CERT
388631243,0,1 T   mem=True nz=True ynz=True cond=True claim_agree=True upper=2862.27317513  CERT
388700745,0,1 RHO mem=True nz=True ynz=True cond=True claim_agree=True upper=0.947978196354  CERT
388700745,0,1 T   mem=True nz=True ynz=True cond=True claim_agree=True upper=2634.61857145  CERT
430439075,0,1 RHO mem=True nz=True ynz=True cond=True claim_agree=True upper=0.928705300284  CERT
430439075,0,1 T   mem=True nz=True ynz=True cond=True claim_agree=True upper=1679.26994811  CERT
439064723,0,1 RHO mem=True nz=True ynz=True cond=True claim_agree=True upper=0.952652544802  CERT
439064723,0,1 T   mem=True nz=True ynz=True cond=True claim_agree=True upper=2245.31397970  CERT
448549997,0,1 RHO mem=True nz=True ynz=True cond=True claim_agree=True upper=0.961560760735  CERT
448549997,0,1 T   mem=True nz=True ynz=True cond=True claim_agree=True upper=2503.32016177  CERT
498080921,0,1 RHO mem=True nz=True ynz=True cond=True claim_agree=True upper=0.943805838901  CERT
498080921,0,1 T   mem=True nz=True ynz=True cond=True claim_agree=True upper=2262.77702121  CERT
502511528,0,1 RHO mem=True nz=True ynz=True cond=True claim_agree=True upper=0.926502491137  CERT
502511528,0,1 T   mem=True nz=True ynz=True cond=True claim_agree=True upper=2471.82460399  CERT
552042452,0,1 RHO mem=True nz=True ynz=True cond=True claim_agree=True upper=0.946019898973  CERT
552042452,0,1 T   mem=True nz=True ynz=True cond=True claim_agree=True upper=2325.68068951  CERT
561527726,0,1 RHO mem=True nz=True ynz=True cond=True claim_agree=True upper=0.917731128618  CERT
561527726,0,1 T   mem=True nz=True ynz=True cond=True claim_agree=True upper=2673.80596280  CERT
570153374,0,1 RHO mem=True nz=True ynz=True cond=True claim_agree=True upper=0.947978196354  CERT
570153374,0,1 T   mem=True nz=True ynz=True cond=True claim_agree=True upper=2732.50295995  CERT
611891704,0,1 RHO mem=True nz=True ynz=True cond=True claim_agree=True upper=0.928705300284  CERT
611891704,0,1 T   mem=True nz=True ynz=True cond=True claim_agree=True upper=2324.48647737  CERT
611961206,0,1 RHO mem=True nz=True ynz=True cond=True claim_agree=True upper=0.961560760735  CERT
611961206,0,1 T   mem=True nz=True ynz=True cond=True claim_agree=True upper=2141.79594222  CERT
685054613,0,1 RHO mem=True nz=True ynz=True cond=True claim_agree=True upper=0.945689673600  CERT
685054613,0,1 T   mem=True nz=True ynz=True cond=True claim_agree=True upper=2455.83250189  CERT
737255143,0,1 RHO mem=True nz=True ynz=True cond=True claim_agree=True upper=0.952032164953  CERT
737255143,0,1 T   mem=True nz=True ynz=True cond=True claim_agree=True upper=2626.97706403  CERT
750675681,0,1 RHO mem=True nz=True ynz=True cond=True claim_agree=True upper=0.957043206212  CERT
750675681,0,1 T   mem=True nz=True ynz=True cond=True claim_agree=True upper=2650.53201485  CERT
768528841,0,1 RHO mem=True nz=True ynz=True cond=True claim_agree=True upper=0.913596509967  CERT
768528841,0,1 T   mem=True nz=True ynz=True cond=True claim_agree=True upper=2529.06267649  CERT
814357928,0,1 RHO mem=True nz=True ynz=True cond=True claim_agree=True upper=0.938928238960  CERT
814357928,0,1 T   mem=True nz=True ynz=True cond=True claim_agree=True upper=2265.16139810  CERT
822028269,0,1 RHO mem=True nz=True ynz=True cond=True claim_agree=True upper=0.917731128618  CERT
822028269,0,1 T   mem=True nz=True ynz=True cond=True claim_agree=True upper=1954.70246563  CERT
863859785,0,1 RHO mem=True nz=True ynz=True cond=True claim_agree=True upper=0.926502491137  CERT
863859785,0,1 T   mem=True nz=True ynz=True cond=True claim_agree=True upper=1955.72075384  CERT
900719259,0,1 RHO mem=True nz=True ynz=True cond=True claim_agree=True upper=0.945689673600  CERT
900719259,0,1 T   mem=True nz=True ynz=True cond=True claim_agree=True upper=2655.52758778  CERT
901236013,0,1 RHO mem=True nz=True ynz=True cond=True claim_agree=True upper=0.940226476596  CERT
901236013,0,1 T   mem=True nz=True ynz=True cond=True claim_agree=True upper=2644.01671645  CERT
970922683,0,1 RHO mem=True nz=True ynz=True cond=True claim_agree=True upper=0.934012232058  CERT
970922683,0,1 T   mem=True nz=True ynz=True cond=True claim_agree=True upper=2404.84201524  CERT
FAMILY VERIFY n=7 l=1000592449 : EXCLUDED (components certified 32 / 32 ; lines 64 ; failed lines 0)
FAMILY VERIFY PASS
