FACTORIZATION: 32 irreducible factors of degree 2 over F_1000596929: OK (header deg/ncomp/bar_T agree)
10690239,0,1 RHO mem=True nz=True ynz=True cond=True claim_agree=True upper=0.990957001359  CERT
10690239,0,1 T   mem=True nz=True ynz=True cond=True claim_agree=True upper=3382.16949036  CERT
13587450,0,1 RHO mem=True nz=True ynz=True cond=True claim_agree=True upper=0.955948624152  CERT
13587450,0,1 T   mem=True nz=True ynz=True cond=True claim_agree=True upper=3105.12750353  CERT
124928894,0,1 RHO mem=True nz=True ynz=True cond=True claim_agree=True upper=0.953727726728  CERT
124928894,0,1 T   mem=True nz=True ynz=True cond=True claim_agree=True upper=2247.35809383  CERT
133074291,0,1 RHO mem=True nz=True ynz=True cond=True claim_agree=True upper=0.952285868187  CERT
133074291,0,1 T   mem=True nz=True ynz=True cond=True claim_agree=True upper=2326.57617441  CERT
150838408,0,1 RHO mem=True nz=True ynz=True cond=True claim_agree=True upper=0.976726017208  CERT
150838408,0,1 T   mem=True nz=True ynz=True cond=True claim_agree=True upper=3241.41818412  CERT
170192637,0,1 RHO mem=True nz=True ynz=True cond=True claim_agree=True upper=0.900549025561  CERT
170192637,0,1 T   mem=True nz=True ynz=True cond=True claim_agree=True upper=1700.05150721  CERT
226548571,0,1 RHO mem=True nz=True ynz=True cond=True claim_agree=True upper=0.955948624152  CERT
226548571,0,1 T   mem=True nz=True ynz=True cond=True claim_agree=True upper=2849.52711628  CERT
268833314,0,1 RHO mem=True nz=True ynz=True cond=True claim_agree=True upper=0.974960313658  CERT
268833314,0,1 T   mem=True nz=True ynz=True cond=True claim_agree=True upper=2829.96370509  CERT
283470695,0,1 RHO mem=True nz=True ynz=True cond=True claim_agree=True upper=0.978832135105  CERT
283470695,0,1 T   mem=True nz=True ynz=True cond=True claim_agree=True upper=2363.43937369  CERT
300768280,0,1 RHO mem=True nz=True ynz=True cond=True claim_agree=True upper=0.968420597178  CERT
300768280,0,1 T   mem=True nz=True ynz=True cond=True claim_agree=True upper=3813.08515920  CERT
338516362,0,1 RHO mem=True nz=True ynz=True cond=True claim_agree=True upper=0.971630299972  CERT
338516362,0,1 T   mem=True nz=True ynz=True cond=True claim_agree=True upper=2504.23903575  CERT
341689279,0,1 RHO mem=True nz=True ynz=True cond=True claim_agree=True upper=0.932148385565  CERT
341689279,0,1 T   mem=True nz=True ynz=True cond=True claim_agree=True upper=2188.49501460  CERT
360593016,0,1 RHO mem=True nz=True ynz=True cond=True claim_agree=True upper=0.980296956707  CERT
360593016,0,1 T   mem=True nz=True ynz=True cond=True claim_agree=True upper=2764.87138218  CERT
368065836,0,1 RHO mem=True nz=True ynz=True cond=True claim_agree=True upper=0.963906970475  CERT
368065836,0,1 T   mem=True nz=True ynz=True cond=True claim_agree=True upper=2358.26728307  CERT
377582896,0,1 RHO mem=True nz=True ynz=True cond=True claim_agree=True upper=0.932599595065  CERT
377582896,0,1 T   mem=True nz=True ynz=True cond=True claim_agree=True upper=1852.18178398  CERT
382735529,0,1 RHO mem=True nz=True ynz=True cond=True claim_agree=True upper=0.987152921998  CERT
382735529,0,1 T   mem=True nz=True ynz=True cond=True claim_agree=True upper=2985.48671222  CERT
617861400,0,1 RHO mem=True nz=True ynz=True cond=True claim_agree=True upper=0.976726017208  CERT
617861400,0,1 T   mem=True nz=True ynz=True cond=True claim_agree=True upper=2665.57536099  CERT
623014033,0,1 RHO mem=True nz=True ynz=True cond=True claim_agree=True upper=0.974960313658  CERT
623014033,0,1 T   mem=True nz=True ynz=True cond=True claim_agree=True upper=2624.05841081  CERT
632531093,0,1 RHO mem=True nz=True ynz=True cond=True claim_agree=True upper=0.971630299972  CERT
632531093,0,1 T   mem=True nz=True ynz=True cond=True claim_agree=True upper=2616.11082075  CERT
640003913,0,1 RHO mem=True nz=True ynz=True cond=True claim_agree=True upper=0.952285868187  CERT
640003913,0,1 T   mem=True nz=True ynz=True cond=True claim_agree=True upper=2975.87526485  CERT
658907650,0,1 RHO mem=True nz=True ynz=True cond=True claim_agree=True upper=0.978832135105  CERT
658907650,0,1 T   mem=True nz=True ynz=True cond=True claim_agree=True upper=2281.16241888  CERT
662080567,0,1 RHO mem=True nz=True ynz=True cond=True claim_agree=True upper=0.963906970475  CERT
662080567,0,1 T   mem=True nz=True ynz=True cond=True claim_agree=True upper=2719.02994858  CERT
699828649,0,1 RHO mem=True nz=True ynz=True cond=True claim_agree=True upper=0.900549025561  CERT
699828649,0,1 T   mem=True nz=True ynz=True cond=True claim_agree=True upper=2716.04290616  CERT
717126234,0,1 RHO mem=True nz=True ynz=True cond=True claim_agree=True upper=0.932148385565  CERT
717126234,0,1 T   mem=True nz=True ynz=True cond=True claim_agree=True upper=2062.28645363  CERT
731763615,0,1 RHO mem=True nz=True ynz=True cond=True claim_agree=True upper=0.932599595065  CERT
731763615,0,1 T   mem=True nz=True ynz=True cond=True claim_agree=True upper=2557.76396457  CERT
774048358,0,1 RHO mem=True nz=True ynz=True cond=True claim_agree=True upper=0.935821337047  CERT
774048358,0,1 T   mem=True nz=True ynz=True cond=True claim_agree=True upper=2478.53416341  CERT
830404292,0,1 RHO mem=True nz=True ynz=True cond=True claim_agree=True upper=0.968420597178  CERT
830404292,0,1 T   mem=True nz=True ynz=True cond=True claim_agree=True upper=2435.62683954  CERT
849758521,0,1 RHO mem=True nz=True ynz=True cond=True claim_agree=True upper=0.990346275419  CERT
849758521,0,1 T   mem=True nz=True ynz=True cond=True claim_agree=True upper=2920.04535324  CERT
867522638,0,1 RHO mem=True nz=True ynz=True cond=True claim_agree=True upper=0.980296956707  CERT
867522638,0,1 T   mem=True nz=True ynz=True cond=True claim_agree=True upper=2679.99993894  CERT
875668035,0,1 RHO mem=True nz=True ynz=True cond=True claim_agree=True upper=0.990957001359  CERT
875668035,0,1 T   mem=True nz=True ynz=True cond=True claim_agree=True upper=2953.29579003  CERT
987009479,0,1 RHO mem=True nz=True ynz=True cond=True claim_agree=True upper=0.935821337047  CERT
987009479,0,1 T   mem=True nz=True ynz=True cond=True claim_agree=True upper=3137.51157858  CERT
989906690,0,1 RHO mem=True nz=True ynz=True cond=True claim_agree=True upper=0.953727726728  CERT
989906690,0,1 T   mem=True nz=True ynz=True cond=True claim_agree=True upper=2135.06379653  CERT
FAMILY VERIFY n=7 l=1000596929 : EXCLUDED (components certified 32 / 32 ; lines 64 ; failed lines 0)
FAMILY VERIFY PASS
