FACTORIZATION: 32 irreducible factors of degree 2 over F_1001103937: OK (header deg/ncomp/bar_T agree)
5978479,0,1 RHO mem=True nz=True ynz=True cond=True claim_agree=True upper=0.927827380661  CERT
5978479,0,1 T   mem=True nz=True ynz=True cond=True claim_agree=True upper=2422.25850413  CERT
89926285,0,1 RHO mem=True nz=True ynz=True cond=True claim_agree=True upper=0.971797781290  CERT
89926285,0,1 T   mem=True nz=True ynz=True cond=True claim_agree=True upper=2595.91540402  CERT
177492132,0,1 RHO mem=True nz=True ynz=True cond=True claim_agree=True upper=0.960167906385  CERT
177492132,0,1 T   mem=True nz=True ynz=True cond=True claim_agree=True upper=2938.96529307  CERT
196212595,0,1 RHO mem=True nz=True ynz=True cond=True claim_agree=True upper=0.968643493676  CERT
196212595,0,1 T   mem=True nz=True ynz=True cond=True claim_agree=True upper=3018.86394417  CERT
202053526,0,1 RHO mem=True nz=True ynz=True cond=True claim_agree=True upper=0.977489220797  CERT
202053526,0,1 T   mem=True nz=True ynz=True cond=True claim_agree=True upper=3318.06396156  CERT
204301379,0,1 RHO mem=True nz=True ynz=True cond=True claim_agree=True upper=0.949561275237  CERT
204301379,0,1 T   mem=True nz=True ynz=True cond=True claim_agree=True upper=2652.82629721  CERT
226498834,0,1 RHO mem=True nz=True ynz=True cond=True claim_agree=True upper=0.968643493676  CERT
226498834,0,1 T   mem=True nz=True ynz=True cond=True claim_agree=True upper=3071.90484496  CERT
229155720,0,1 RHO mem=True nz=True ynz=True cond=True claim_agree=True upper=0.987702614644  CERT
229155720,0,1 T   mem=True nz=True ynz=True cond=True claim_agree=True upper=2673.97686812  CERT
236346493,0,1 RHO mem=True nz=True ynz=True cond=True claim_agree=True upper=0.941090773458  CERT
236346493,0,1 T   mem=True nz=True ynz=True cond=True claim_agree=True upper=2694.41859434  CERT
264862579,0,1 RHO mem=True nz=True ynz=True cond=True claim_agree=True upper=0.949561275237  CERT
264862579,0,1 T   mem=True nz=True ynz=True cond=True claim_agree=True upper=2144.28842449  CERT
303436663,0,1 RHO mem=True nz=True ynz=True cond=True claim_agree=True upper=0.971797781290  CERT
303436663,0,1 T   mem=True nz=True ynz=True cond=True claim_agree=True upper=2449.05171833  CERT
328189428,0,1 RHO mem=True nz=True ynz=True cond=True claim_agree=True upper=0.955608216732  CERT
328189428,0,1 T   mem=True nz=True ynz=True cond=True claim_agree=True upper=2809.96784167  CERT
396789362,0,1 RHO mem=True nz=True ynz=True cond=True claim_agree=True upper=0.927827380661  CERT
396789362,0,1 T   mem=True nz=True ynz=True cond=True claim_agree=True upper=2160.99283176  CERT
426660015,0,1 RHO mem=True nz=True ynz=True cond=True claim_agree=True upper=0.977489220797  CERT
426660015,0,1 T   mem=True nz=True ynz=True cond=True claim_agree=True upper=2862.10642222  CERT
429374311,0,1 RHO mem=True nz=True ynz=True cond=True claim_agree=True upper=0.960167906385  CERT
429374311,0,1 T   mem=True nz=True ynz=True cond=True claim_agree=True upper=2333.08346822  CERT
456823932,0,1 RHO mem=True nz=True ynz=True cond=True claim_agree=True upper=0.941090773458  CERT
456823932,0,1 T   mem=True nz=True ynz=True cond=True claim_agree=True upper=2599.06897370  CERT
544280005,0,1 RHO mem=True nz=True ynz=True cond=True claim_agree=True upper=0.968412705637  CERT
544280005,0,1 T   mem=True nz=True ynz=True cond=True claim_agree=True upper=2909.54985400  CERT
571729626,0,1 RHO mem=True nz=True ynz=True cond=True claim_agree=True upper=0.943601016965  CERT
571729626,0,1 T   mem=True nz=True ynz=True cond=True claim_agree=True upper=2378.94202441  CERT
574443922,0,1 RHO mem=True nz=True ynz=True cond=True claim_agree=True upper=0.960115664150  CERT
574443922,0,1 T   mem=True nz=True ynz=True cond=True claim_agree=True upper=2787.84584263  CERT
604314575,0,1 RHO mem=True nz=True ynz=True cond=True claim_agree=True upper=0.963968410311  CERT
604314575,0,1 T   mem=True nz=True ynz=True cond=True claim_agree=True upper=3275.09144091  CERT
672914509,0,1 RHO mem=True nz=True ynz=True cond=True claim_agree=True upper=0.987702614644  CERT
672914509,0,1 T   mem=True nz=True ynz=True cond=True claim_agree=True upper=3473.82300668  CERT
697667274,0,1 RHO mem=True nz=True ynz=True cond=True claim_agree=True upper=0.972551099347  CERT
697667274,0,1 T   mem=True nz=True ynz=True cond=True claim_agree=True upper=3084.84342290  CERT
736241358,0,1 RHO mem=True nz=True ynz=True cond=True claim_agree=True upper=0.992897421707  CERT
736241358,0,1 T   mem=True nz=True ynz=True cond=True claim_agree=True upper=2907.53890223  CERT
764757444,0,1 RHO mem=True nz=True ynz=True cond=True claim_agree=True upper=0.968412705637  CERT
764757444,0,1 T   mem=True nz=True ynz=True cond=True claim_agree=True upper=2846.23191497  CERT
771948217,0,1 RHO mem=True nz=True ynz=True cond=True claim_agree=True upper=0.955608216732  CERT
771948217,0,1 T   mem=True nz=True ynz=True cond=True claim_agree=True upper=3025.31084393  CERT
774605103,0,1 RHO mem=True nz=True ynz=True cond=True claim_agree=True upper=0.974677223779  CERT
774605103,0,1 T   mem=True nz=True ynz=True cond=True claim_agree=True upper=2535.08733023  CERT
796802558,0,1 RHO mem=True nz=True ynz=True cond=True claim_agree=True upper=0.992897421707  CERT
796802558,0,1 T   mem=True nz=True ynz=True cond=True claim_agree=True upper=2932.01639417  CERT
799050411,0,1 RHO mem=True nz=True ynz=True cond=True claim_agree=True upper=0.960115664150  CERT
799050411,0,1 T   mem=True nz=True ynz=True cond=True claim_agree=True upper=3247.24744717  CERT
804891342,0,1 RHO mem=True nz=True ynz=True cond=True claim_agree=True upper=0.974677223779  CERT
804891342,0,1 T   mem=True nz=True ynz=True cond=True claim_agree=True upper=2977.47124135  CERT
823611805,0,1 RHO mem=True nz=True ynz=True cond=True claim_agree=True upper=0.943601016965  CERT
823611805,0,1 T   mem=True nz=True ynz=True cond=True claim_agree=True upper=2389.01702857  CERT
911177652,0,1 RHO mem=True nz=True ynz=True cond=True claim_agree=True upper=0.972551099347  CERT
911177652,0,1 T   mem=True nz=True ynz=True cond=True claim_agree=True upper=2468.88151763  CERT
995125458,0,1 RHO mem=True nz=True ynz=True cond=True claim_agree=True upper=0.963968410311  CERT
995125458,0,1 T   mem=True nz=True ynz=True cond=True claim_agree=True upper=3072.27607591  CERT
FAMILY VERIFY n=7 l=1001103937 : EXCLUDED (components certified 32 / 32 ; lines 64 ; failed lines 0)
FAMILY VERIFY PASS
