FACTORIZATION: 32 irreducible factors of degree 2 over F_1001036737: OK (header deg/ncomp/bar_T agree)
4488524,0,1 RHO mem=True nz=True ynz=True cond=True claim_agree=True upper=0.948599296048  CERT
4488524,0,1 T   mem=True nz=True ynz=True cond=True claim_agree=True upper=2601.88737368  CERT
43631315,0,1 RHO mem=True nz=True ynz=True cond=True claim_agree=True upper=0.948345938802  CERT
43631315,0,1 T   mem=True nz=True ynz=True cond=True claim_agree=True upper=2549.39454187  CERT
50676761,0,1 RHO mem=True nz=True ynz=True cond=True claim_agree=True upper=0.957203282032  CERT
50676761,0,1 T   mem=True nz=True ynz=True cond=True claim_agree=True upper=2511.09283397  CERT
84298757,0,1 RHO mem=True nz=True ynz=True cond=True claim_agree=True upper=0.947701780578  CERT
84298757,0,1 T   mem=True nz=True ynz=True cond=True claim_agree=True upper=2561.34177475  CERT
87074468,0,1 RHO mem=True nz=True ynz=True cond=True claim_agree=True upper=0.881913411636  CERT
87074468,0,1 T   mem=True nz=True ynz=True cond=True claim_agree=True upper=1947.94282232  CERT
101930267,0,1 RHO mem=True nz=True ynz=True cond=True claim_agree=True upper=0.930987824518  CERT
101930267,0,1 T   mem=True nz=True ynz=True cond=True claim_agree=True upper=2088.36608975  CERT
234080373,0,1 RHO mem=True nz=True ynz=True cond=True claim_agree=True upper=0.909365857489  CERT
234080373,0,1 T   mem=True nz=True ynz=True cond=True claim_agree=True upper=2920.22646978  CERT
249729579,0,1 RHO mem=True nz=True ynz=True cond=True claim_agree=True upper=0.924020138149  CERT
249729579,0,1 T   mem=True nz=True ynz=True cond=True claim_agree=True upper=2546.17717631  CERT
341540167,0,1 RHO mem=True nz=True ynz=True cond=True claim_agree=True upper=0.930895394934  CERT
341540167,0,1 T   mem=True nz=True ynz=True cond=True claim_agree=True upper=2036.67254044  CERT
346082906,0,1 RHO mem=True nz=True ynz=True cond=True claim_agree=True upper=0.924020138149  CERT
346082906,0,1 T   mem=True nz=True ynz=True cond=True claim_agree=True upper=2185.41742916  CERT
358237207,0,1 RHO mem=True nz=True ynz=True cond=True claim_agree=True upper=0.948599296048  CERT
358237207,0,1 T   mem=True nz=True ynz=True cond=True claim_agree=True upper=1998.33660338  CERT
361088617,0,1 RHO mem=True nz=True ynz=True cond=True claim_agree=True upper=0.909365857489  CERT
361088617,0,1 T   mem=True nz=True ynz=True cond=True claim_agree=True upper=2492.81347674  CERT
401909102,0,1 RHO mem=True nz=True ynz=True cond=True claim_agree=True upper=0.947701780578  CERT
401909102,0,1 T   mem=True nz=True ynz=True cond=True claim_agree=True upper=2882.71145056  CERT
439509022,0,1 RHO mem=True nz=True ynz=True cond=True claim_agree=True upper=0.850926661246  CERT
439509022,0,1 T   mem=True nz=True ynz=True cond=True claim_agree=True upper=1451.97428309  CERT
450561266,0,1 RHO mem=True nz=True ynz=True cond=True claim_agree=True upper=0.881913411636  CERT
450561266,0,1 T   mem=True nz=True ynz=True cond=True claim_agree=True upper=1977.97975684  CERT
452523981,0,1 RHO mem=True nz=True ynz=True cond=True claim_agree=True upper=0.907381581659  CERT
452523981,0,1 T   mem=True nz=True ynz=True cond=True claim_agree=True upper=2275.30367104  CERT
548512756,0,1 RHO mem=True nz=True ynz=True cond=True claim_agree=True upper=0.948345938802  CERT
548512756,0,1 T   mem=True nz=True ynz=True cond=True claim_agree=True upper=2328.31312359  CERT
550475471,0,1 RHO mem=True nz=True ynz=True cond=True claim_agree=True upper=0.959648264966  CERT
550475471,0,1 T   mem=True nz=True ynz=True cond=True claim_agree=True upper=1961.11814012  CERT
561527715,0,1 RHO mem=True nz=True ynz=True cond=True claim_agree=True upper=0.930987824518  CERT
561527715,0,1 T   mem=True nz=True ynz=True cond=True claim_agree=True upper=2003.66869984  CERT
599127635,0,1 RHO mem=True nz=True ynz=True cond=True claim_agree=True upper=0.903938794859  CERT
599127635,0,1 T   mem=True nz=True ynz=True cond=True claim_agree=True upper=1984.77035990  CERT
639948120,0,1 RHO mem=True nz=True ynz=True cond=True claim_agree=True upper=0.941948851888  CERT
639948120,0,1 T   mem=True nz=True ynz=True cond=True claim_agree=True upper=2855.17004172  CERT
642799530,0,1 RHO mem=True nz=True ynz=True cond=True claim_agree=True upper=0.918483040665  CERT
642799530,0,1 T   mem=True nz=True ynz=True cond=True claim_agree=True upper=2690.26032036  CERT
654953831,0,1 RHO mem=True nz=True ynz=True cond=True claim_agree=True upper=0.939436736247  CERT
654953831,0,1 T   mem=True nz=True ynz=True cond=True claim_agree=True upper=2741.68114333  CERT
659496570,0,1 RHO mem=True nz=True ynz=True cond=True claim_agree=True upper=0.957203282032  CERT
659496570,0,1 T   mem=True nz=True ynz=True cond=True claim_agree=True upper=2450.43049531  CERT
751307158,0,1 RHO mem=True nz=True ynz=True cond=True claim_agree=True upper=0.939436736247  CERT
751307158,0,1 T   mem=True nz=True ynz=True cond=True claim_agree=True upper=2869.47207766  CERT
766956364,0,1 RHO mem=True nz=True ynz=True cond=True claim_agree=True upper=0.941948851888  CERT
766956364,0,1 T   mem=True nz=True ynz=True cond=True claim_agree=True upper=2441.49593713  CERT
899106470,0,1 RHO mem=True nz=True ynz=True cond=True claim_agree=True upper=0.850926661246  CERT
899106470,0,1 T   mem=True nz=True ynz=True cond=True claim_agree=True upper=1422.61153324  CERT
913962269,0,1 RHO mem=True nz=True ynz=True cond=True claim_agree=True upper=0.959648264966  CERT
913962269,0,1 T   mem=True nz=True ynz=True cond=True claim_agree=True upper=2546.20926999  CERT
916737980,0,1 RHO mem=True nz=True ynz=True cond=True claim_agree=True upper=0.903938794859  CERT
916737980,0,1 T   mem=True nz=True ynz=True cond=True claim_agree=True upper=2713.44078216  CERT
950359976,0,1 RHO mem=True nz=True ynz=True cond=True claim_agree=True upper=0.930895394934  CERT
950359976,0,1 T   mem=True nz=True ynz=True cond=True claim_agree=True upper=2607.88618586  CERT
957405422,0,1 RHO mem=True nz=True ynz=True cond=True claim_agree=True upper=0.907381581659  CERT
957405422,0,1 T   mem=True nz=True ynz=True cond=True claim_agree=True upper=2713.70768228  CERT
996548213,0,1 RHO mem=True nz=True ynz=True cond=True claim_agree=True upper=0.918483040665  CERT
996548213,0,1 T   mem=True nz=True ynz=True cond=True claim_agree=True upper=1789.12158032  CERT
FAMILY VERIFY n=7 l=1001036737 : EXCLUDED (components certified 32 / 32 ; lines 64 ; failed lines 0)
FAMILY VERIFY PASS
