FACTORIZATION: 32 irreducible factors of degree 2 over F_1000285889: OK (header deg/ncomp/bar_T agree)
9983587,0,1 RHO mem=True nz=True ynz=True cond=True claim_agree=True upper=0.881577575482  CERT
9983587,0,1 T   mem=True nz=True ynz=True cond=True claim_agree=True upper=2687.39598946  CERT
19646570,0,1 RHO mem=True nz=True ynz=True cond=True claim_agree=True upper=0.869301894987  CERT
19646570,0,1 T   mem=True nz=True ynz=True cond=True claim_agree=True upper=2059.45624702  CERT
20443558,0,1 RHO mem=True nz=True ynz=True cond=True claim_agree=True upper=0.869301894987  CERT
20443558,0,1 T   mem=True nz=True ynz=True cond=True claim_agree=True upper=1805.63692583  CERT
81402172,0,1 RHO mem=True nz=True ynz=True cond=True claim_agree=True upper=0.880118211999  CERT
81402172,0,1 T   mem=True nz=True ynz=True cond=True claim_agree=True upper=2144.23885671  CERT
109824067,0,1 RHO mem=True nz=True ynz=True cond=True claim_agree=True upper=0.886513918662  CERT
109824067,0,1 T   mem=True nz=True ynz=True cond=True claim_agree=True upper=2363.09951699  CERT
110209458,0,1 RHO mem=True nz=True ynz=True cond=True claim_agree=True upper=0.897623454999  CERT
110209458,0,1 T   mem=True nz=True ynz=True cond=True claim_agree=True upper=1844.55390250  CERT
169713923,0,1 RHO mem=True nz=True ynz=True cond=True claim_agree=True upper=0.898264541508  CERT
169713923,0,1 T   mem=True nz=True ynz=True cond=True claim_agree=True upper=2190.39466904  CERT
185701900,0,1 RHO mem=True nz=True ynz=True cond=True claim_agree=True upper=0.869889243517  CERT
185701900,0,1 T   mem=True nz=True ynz=True cond=True claim_agree=True upper=1925.88866226  CERT
191097517,0,1 RHO mem=True nz=True ynz=True cond=True claim_agree=True upper=0.880118211999  CERT
191097517,0,1 T   mem=True nz=True ynz=True cond=True claim_agree=True upper=2400.53066698  CERT
207565204,0,1 RHO mem=True nz=True ynz=True cond=True claim_agree=True upper=0.863225907836  CERT
207565204,0,1 T   mem=True nz=True ynz=True cond=True claim_agree=True upper=1919.67235960  CERT
233961499,0,1 RHO mem=True nz=True ynz=True cond=True claim_agree=True upper=0.853654027572  CERT
233961499,0,1 T   mem=True nz=True ynz=True cond=True claim_agree=True upper=1462.79817145  CERT
236455726,0,1 RHO mem=True nz=True ynz=True cond=True claim_agree=True upper=0.884611081358  CERT
236455726,0,1 T   mem=True nz=True ynz=True cond=True claim_agree=True upper=3179.57730167  CERT
238435429,0,1 RHO mem=True nz=True ynz=True cond=True claim_agree=True upper=0.897623454999  CERT
238435429,0,1 T   mem=True nz=True ynz=True cond=True claim_agree=True upper=2454.95369916  CERT
393147002,0,1 RHO mem=True nz=True ynz=True cond=True claim_agree=True upper=0.853654027572  CERT
393147002,0,1 T   mem=True nz=True ynz=True cond=True claim_agree=True upper=2534.82623442  CERT
420814694,0,1 RHO mem=True nz=True ynz=True cond=True claim_agree=True upper=0.914274652960  CERT
420814694,0,1 T   mem=True nz=True ynz=True cond=True claim_agree=True upper=2386.64756966  CERT
420987190,0,1 RHO mem=True nz=True ynz=True cond=True claim_agree=True upper=0.881577575482  CERT
420987190,0,1 T   mem=True nz=True ynz=True cond=True claim_agree=True upper=1700.41025994  CERT
579298699,0,1 RHO mem=True nz=True ynz=True cond=True claim_agree=True upper=0.883604963558  CERT
579298699,0,1 T   mem=True nz=True ynz=True cond=True claim_agree=True upper=1662.38136888  CERT
579471195,0,1 RHO mem=True nz=True ynz=True cond=True claim_agree=True upper=0.884611081358  CERT
579471195,0,1 T   mem=True nz=True ynz=True cond=True claim_agree=True upper=1713.86850552  CERT
607138887,0,1 RHO mem=True nz=True ynz=True cond=True claim_agree=True upper=0.887345072049  CERT
607138887,0,1 T   mem=True nz=True ynz=True cond=True claim_agree=True upper=1886.70482792  CERT
761850460,0,1 RHO mem=True nz=True ynz=True cond=True claim_agree=True upper=0.870909375499  CERT
761850460,0,1 T   mem=True nz=True ynz=True cond=True claim_agree=True upper=2289.01092357  CERT
763830163,0,1 RHO mem=True nz=True ynz=True cond=True claim_agree=True upper=0.914274652960  CERT
763830163,0,1 T   mem=True nz=True ynz=True cond=True claim_agree=True upper=2901.36981837  CERT
766324390,0,1 RHO mem=True nz=True ynz=True cond=True claim_agree=True upper=0.887345072049  CERT
766324390,0,1 T   mem=True nz=True ynz=True cond=True claim_agree=True upper=2623.03903292  CERT
792720685,0,1 RHO mem=True nz=True ynz=True cond=True claim_agree=True upper=0.898264541508  CERT
792720685,0,1 T   mem=True nz=True ynz=True cond=True claim_agree=True upper=3020.03663962  CERT
809188372,0,1 RHO mem=True nz=True ynz=True cond=True claim_agree=True upper=0.880066565778  CERT
809188372,0,1 T   mem=True nz=True ynz=True cond=True claim_agree=True upper=1325.48578647  CERT
814583989,0,1 RHO mem=True nz=True ynz=True cond=True claim_agree=True upper=0.886513918662  CERT
814583989,0,1 T   mem=True nz=True ynz=True cond=True claim_agree=True upper=1535.69851046  CERT
830571966,0,1 RHO mem=True nz=True ynz=True cond=True claim_agree=True upper=0.863225907836  CERT
830571966,0,1 T   mem=True nz=True ynz=True cond=True claim_agree=True upper=2587.12242522  CERT
890076431,0,1 RHO mem=True nz=True ynz=True cond=True claim_agree=True upper=0.870909375499  CERT
890076431,0,1 T   mem=True nz=True ynz=True cond=True claim_agree=True upper=1573.88200673  CERT
890461822,0,1 RHO mem=True nz=True ynz=True cond=True claim_agree=True upper=0.869889243517  CERT
890461822,0,1 T   mem=True nz=True ynz=True cond=True claim_agree=True upper=2626.03759434  CERT
918883717,0,1 RHO mem=True nz=True ynz=True cond=True claim_agree=True upper=0.880066565778  CERT
918883717,0,1 T   mem=True nz=True ynz=True cond=True claim_agree=True upper=1862.70576876  CERT
979842331,0,1 RHO mem=True nz=True ynz=True cond=True claim_agree=True upper=0.893249025991  CERT
979842331,0,1 T   mem=True nz=True ynz=True cond=True claim_agree=True upper=2024.02622847  CERT
980639319,0,1 RHO mem=True nz=True ynz=True cond=True claim_agree=True upper=0.893249025991  CERT
980639319,0,1 T   mem=True nz=True ynz=True cond=True claim_agree=True upper=2286.71944607  CERT
990302302,0,1 RHO mem=True nz=True ynz=True cond=True claim_agree=True upper=0.883604963558  CERT
990302302,0,1 T   mem=True nz=True ynz=True cond=True claim_agree=True upper=2513.58140087  CERT
FAMILY VERIFY n=7 l=1000285889 : EXCLUDED (components certified 32 / 32 ; lines 64 ; failed lines 0)
FAMILY VERIFY PASS
