FACTORIZATION: 32 irreducible factors of degree 2 over F_1000430401: OK (header deg/ncomp/bar_T agree)
5235567,0,1 RHO mem=True nz=True ynz=True cond=True claim_agree=True upper=0.928861510025  CERT
5235567,0,1 T   mem=True nz=True ynz=True cond=True claim_agree=True upper=2636.79026697  CERT
42056459,0,1 RHO mem=True nz=True ynz=True cond=True claim_agree=True upper=0.969588246323  CERT
42056459,0,1 T   mem=True nz=True ynz=True cond=True claim_agree=True upper=2204.28683117  CERT
71787713,0,1 RHO mem=True nz=True ynz=True cond=True claim_agree=True upper=0.941252509471  CERT
71787713,0,1 T   mem=True nz=True ynz=True cond=True claim_agree=True upper=2356.57694210  CERT
95206595,0,1 RHO mem=True nz=True ynz=True cond=True claim_agree=True upper=0.977145383790  CERT
95206595,0,1 T   mem=True nz=True ynz=True cond=True claim_agree=True upper=2816.43091778  CERT
218642439,0,1 RHO mem=True nz=True ynz=True cond=True claim_agree=True upper=0.956683520785  CERT
218642439,0,1 T   mem=True nz=True ynz=True cond=True claim_agree=True upper=2259.07999783  CERT
226544153,0,1 RHO mem=True nz=True ynz=True cond=True claim_agree=True upper=0.982100648458  CERT
226544153,0,1 T   mem=True nz=True ynz=True cond=True claim_agree=True upper=2998.24429959  CERT
227024097,0,1 RHO mem=True nz=True ynz=True cond=True claim_agree=True upper=0.969588246323  CERT
227024097,0,1 T   mem=True nz=True ynz=True cond=True claim_agree=True upper=2287.05671095  CERT
237669401,0,1 RHO mem=True nz=True ynz=True cond=True claim_agree=True upper=0.948953738015  CERT
237669401,0,1 T   mem=True nz=True ynz=True cond=True claim_agree=True upper=2218.19474325  CERT
244746012,0,1 RHO mem=True nz=True ynz=True cond=True claim_agree=True upper=0.941684770243  CERT
244746012,0,1 T   mem=True nz=True ynz=True cond=True claim_agree=True upper=2399.36992977  CERT
266936055,0,1 RHO mem=True nz=True ynz=True cond=True claim_agree=True upper=0.945776733431  CERT
266936055,0,1 T   mem=True nz=True ynz=True cond=True claim_agree=True upper=2282.07336846  CERT
297734404,0,1 RHO mem=True nz=True ynz=True cond=True claim_agree=True upper=0.914184097690  CERT
297734404,0,1 T   mem=True nz=True ynz=True cond=True claim_agree=True upper=2697.84023501  CERT
305351128,0,1 RHO mem=True nz=True ynz=True cond=True claim_agree=True upper=0.927288411717  CERT
305351128,0,1 T   mem=True nz=True ynz=True cond=True claim_agree=True upper=2223.52817320  CERT
323645708,0,1 RHO mem=True nz=True ynz=True cond=True claim_agree=True upper=0.964068250451  CERT
323645708,0,1 T   mem=True nz=True ynz=True cond=True claim_agree=True upper=2720.40521276  CERT
377620782,0,1 RHO mem=True nz=True ynz=True cond=True claim_agree=True upper=0.976522426684  CERT
377620782,0,1 T   mem=True nz=True ynz=True cond=True claim_agree=True upper=2149.54795962  CERT
438159787,0,1 RHO mem=True nz=True ynz=True cond=True claim_agree=True upper=0.928861510025  CERT
438159787,0,1 T   mem=True nz=True ynz=True cond=True claim_agree=True upper=2846.26003205  CERT
499297448,0,1 RHO mem=True nz=True ynz=True cond=True claim_agree=True upper=0.977145383790  CERT
499297448,0,1 T   mem=True nz=True ynz=True cond=True claim_agree=True upper=2547.72189669  CERT
501132953,0,1 RHO mem=True nz=True ynz=True cond=True claim_agree=True upper=0.950343777981  CERT
501132953,0,1 T   mem=True nz=True ynz=True cond=True claim_agree=True upper=2372.18588769  CERT
562270614,0,1 RHO mem=True nz=True ynz=True cond=True claim_agree=True upper=0.927180554482  CERT
562270614,0,1 T   mem=True nz=True ynz=True cond=True claim_agree=True upper=3169.53950379  CERT
622809619,0,1 RHO mem=True nz=True ynz=True cond=True claim_agree=True upper=0.914184097690  CERT
622809619,0,1 T   mem=True nz=True ynz=True cond=True claim_agree=True upper=2373.69361160  CERT
676784693,0,1 RHO mem=True nz=True ynz=True cond=True claim_agree=True upper=0.945776733431  CERT
676784693,0,1 T   mem=True nz=True ynz=True cond=True claim_agree=True upper=1777.30264909  CERT
695079273,0,1 RHO mem=True nz=True ynz=True cond=True claim_agree=True upper=0.956683520785  CERT
695079273,0,1 T   mem=True nz=True ynz=True cond=True claim_agree=True upper=2177.12040320  CERT
702695997,0,1 RHO mem=True nz=True ynz=True cond=True claim_agree=True upper=0.976522426684  CERT
702695997,0,1 T   mem=True nz=True ynz=True cond=True claim_agree=True upper=3020.27470895  CERT
733494346,0,1 RHO mem=True nz=True ynz=True cond=True claim_agree=True upper=0.964068250451  CERT
733494346,0,1 T   mem=True nz=True ynz=True cond=True claim_agree=True upper=2380.42351479  CERT
755684389,0,1 RHO mem=True nz=True ynz=True cond=True claim_agree=True upper=0.948953738015  CERT
755684389,0,1 T   mem=True nz=True ynz=True cond=True claim_agree=True upper=2832.86441759  CERT
762761000,0,1 RHO mem=True nz=True ynz=True cond=True claim_agree=True upper=0.941684770243  CERT
762761000,0,1 T   mem=True nz=True ynz=True cond=True claim_agree=True upper=2441.37632970  CERT
773406304,0,1 RHO mem=True nz=True ynz=True cond=True claim_agree=True upper=0.947476711969  CERT
773406304,0,1 T   mem=True nz=True ynz=True cond=True claim_agree=True upper=1996.84082175  CERT
773886248,0,1 RHO mem=True nz=True ynz=True cond=True claim_agree=True upper=0.941252509471  CERT
773886248,0,1 T   mem=True nz=True ynz=True cond=True claim_agree=True upper=2744.44187482  CERT
781787962,0,1 RHO mem=True nz=True ynz=True cond=True claim_agree=True upper=0.927288411717  CERT
781787962,0,1 T   mem=True nz=True ynz=True cond=True claim_agree=True upper=2722.95296961  CERT
905223806,0,1 RHO mem=True nz=True ynz=True cond=True claim_agree=True upper=0.950343777981  CERT
905223806,0,1 T   mem=True nz=True ynz=True cond=True claim_agree=True upper=2585.85635092  CERT
928642688,0,1 RHO mem=True nz=True ynz=True cond=True claim_agree=True upper=0.982100648458  CERT
928642688,0,1 T   mem=True nz=True ynz=True cond=True claim_agree=True upper=2906.22376501  CERT
958373942,0,1 RHO mem=True nz=True ynz=True cond=True claim_agree=True upper=0.947476711969  CERT
958373942,0,1 T   mem=True nz=True ynz=True cond=True claim_agree=True upper=2323.60394774  CERT
995194834,0,1 RHO mem=True nz=True ynz=True cond=True claim_agree=True upper=0.927180554482  CERT
995194834,0,1 T   mem=True nz=True ynz=True cond=True claim_agree=True upper=1966.51108431  CERT
FAMILY VERIFY n=7 l=1000430401 : EXCLUDED (components certified 32 / 32 ; lines 64 ; failed lines 0)
FAMILY VERIFY PASS
