FACTORIZATION: 32 irreducible factors of degree 2 over F_1001246017: OK (header deg/ncomp/bar_T agree)
21038522,0,1 RHO mem=True nz=True ynz=True cond=True claim_agree=True upper=0.899982215042  CERT
21038522,0,1 T   mem=True nz=True ynz=True cond=True claim_agree=True upper=1895.61439267  CERT
81972611,0,1 RHO mem=True nz=True ynz=True cond=True claim_agree=True upper=0.915210414676  CERT
81972611,0,1 T   mem=True nz=True ynz=True cond=True claim_agree=True upper=1798.42358281  CERT
84760098,0,1 RHO mem=True nz=True ynz=True cond=True claim_agree=True upper=0.879862395608  CERT
84760098,0,1 T   mem=True nz=True ynz=True cond=True claim_agree=True upper=1765.36901126  CERT
163180118,0,1 RHO mem=True nz=True ynz=True cond=True claim_agree=True upper=0.903971055490  CERT
163180118,0,1 T   mem=True nz=True ynz=True cond=True claim_agree=True upper=2013.53828406  CERT
212918920,0,1 RHO mem=True nz=True ynz=True cond=True claim_agree=True upper=0.940194992193  CERT
212918920,0,1 T   mem=True nz=True ynz=True cond=True claim_agree=True upper=2527.69474467  CERT
229965007,0,1 RHO mem=True nz=True ynz=True cond=True claim_agree=True upper=0.940194992193  CERT
229965007,0,1 T   mem=True nz=True ynz=True cond=True claim_agree=True upper=1732.89674174  CERT
235262877,0,1 RHO mem=True nz=True ynz=True cond=True claim_agree=True upper=0.879510193901  CERT
235262877,0,1 T   mem=True nz=True ynz=True cond=True claim_agree=True upper=2049.74417841  CERT
235500921,0,1 RHO mem=True nz=True ynz=True cond=True claim_agree=True upper=0.916931210565  CERT
235500921,0,1 T   mem=True nz=True ynz=True cond=True claim_agree=True upper=2204.40688892  CERT
247255827,0,1 RHO mem=True nz=True ynz=True cond=True claim_agree=True upper=0.897042129081  CERT
247255827,0,1 T   mem=True nz=True ynz=True cond=True claim_agree=True upper=2224.78031138  CERT
264292243,0,1 RHO mem=True nz=True ynz=True cond=True claim_agree=True upper=0.903971055490  CERT
264292243,0,1 T   mem=True nz=True ynz=True cond=True claim_agree=True upper=1896.79607562  CERT
268589799,0,1 RHO mem=True nz=True ynz=True cond=True claim_agree=True upper=0.923757918193  CERT
268589799,0,1 T   mem=True nz=True ynz=True cond=True claim_agree=True upper=2116.53208372  CERT
311036940,0,1 RHO mem=True nz=True ynz=True cond=True claim_agree=True upper=0.951564938382  CERT
311036940,0,1 T   mem=True nz=True ynz=True cond=True claim_agree=True upper=2182.74073949  CERT
314908426,0,1 RHO mem=True nz=True ynz=True cond=True claim_agree=True upper=0.899982215042  CERT
314908426,0,1 T   mem=True nz=True ynz=True cond=True claim_agree=True upper=1808.51992563  CERT
373845968,0,1 RHO mem=True nz=True ynz=True cond=True claim_agree=True upper=0.926241970224  CERT
373845968,0,1 T   mem=True nz=True ynz=True cond=True claim_agree=True upper=1952.53547312  CERT
438149464,0,1 RHO mem=True nz=True ynz=True cond=True claim_agree=True upper=0.915210414676  CERT
438149464,0,1 T   mem=True nz=True ynz=True cond=True claim_agree=True upper=1995.34368868  CERT
479670572,0,1 RHO mem=True nz=True ynz=True cond=True claim_agree=True upper=0.916931210565  CERT
479670572,0,1 T   mem=True nz=True ynz=True cond=True claim_agree=True upper=1864.56471999  CERT
521575445,0,1 RHO mem=True nz=True ynz=True cond=True claim_agree=True upper=0.918495062077  CERT
521575445,0,1 T   mem=True nz=True ynz=True cond=True claim_agree=True upper=2318.45796615  CERT
563096553,0,1 RHO mem=True nz=True ynz=True cond=True claim_agree=True upper=0.935377006491  CERT
563096553,0,1 T   mem=True nz=True ynz=True cond=True claim_agree=True upper=2543.52827043  CERT
627400049,0,1 RHO mem=True nz=True ynz=True cond=True claim_agree=True upper=0.897042129081  CERT
627400049,0,1 T   mem=True nz=True ynz=True cond=True claim_agree=True upper=1840.10667905  CERT
686337591,0,1 RHO mem=True nz=True ynz=True cond=True claim_agree=True upper=0.934757162494  CERT
686337591,0,1 T   mem=True nz=True ynz=True cond=True claim_agree=True upper=2255.21608152  CERT
690209077,0,1 RHO mem=True nz=True ynz=True cond=True claim_agree=True upper=0.879862395608  CERT
690209077,0,1 T   mem=True nz=True ynz=True cond=True claim_agree=True upper=1992.02575632  CERT
732656218,0,1 RHO mem=True nz=True ynz=True cond=True claim_agree=True upper=0.879510193901  CERT
732656218,0,1 T   mem=True nz=True ynz=True cond=True claim_agree=True upper=2180.92541201  CERT
736953774,0,1 RHO mem=True nz=True ynz=True cond=True claim_agree=True upper=0.939576273537  CERT
736953774,0,1 T   mem=True nz=True ynz=True cond=True claim_agree=True upper=1680.00437451  CERT
753990190,0,1 RHO mem=True nz=True ynz=True cond=True claim_agree=True upper=0.926241970224  CERT
753990190,0,1 T   mem=True nz=True ynz=True cond=True claim_agree=True upper=2294.25784122  CERT
765745096,0,1 RHO mem=True nz=True ynz=True cond=True claim_agree=True upper=0.918495062077  CERT
765745096,0,1 T   mem=True nz=True ynz=True cond=True claim_agree=True upper=1935.58164143  CERT
765983140,0,1 RHO mem=True nz=True ynz=True cond=True claim_agree=True upper=0.923757918193  CERT
765983140,0,1 T   mem=True nz=True ynz=True cond=True claim_agree=True upper=1553.44755495  CERT
771281010,0,1 RHO mem=True nz=True ynz=True cond=True claim_agree=True upper=0.913557039672  CERT
771281010,0,1 T   mem=True nz=True ynz=True cond=True claim_agree=True upper=1609.09403491  CERT
788327097,0,1 RHO mem=True nz=True ynz=True cond=True claim_agree=True upper=0.913557039672  CERT
788327097,0,1 T   mem=True nz=True ynz=True cond=True claim_agree=True upper=1943.17213563  CERT
838065899,0,1 RHO mem=True nz=True ynz=True cond=True claim_agree=True upper=0.939576273537  CERT
838065899,0,1 T   mem=True nz=True ynz=True cond=True claim_agree=True upper=2736.85575144  CERT
916485919,0,1 RHO mem=True nz=True ynz=True cond=True claim_agree=True upper=0.951564938382  CERT
916485919,0,1 T   mem=True nz=True ynz=True cond=True claim_agree=True upper=2262.53696516  CERT
919273406,0,1 RHO mem=True nz=True ynz=True cond=True claim_agree=True upper=0.935377006491  CERT
919273406,0,1 T   mem=True nz=True ynz=True cond=True claim_agree=True upper=1515.75264631  CERT
980207495,0,1 RHO mem=True nz=True ynz=True cond=True claim_agree=True upper=0.934757162494  CERT
980207495,0,1 T   mem=True nz=True ynz=True cond=True claim_agree=True upper=2395.99823047  CERT
FAMILY VERIFY n=7 l=1001246017 : EXCLUDED (components certified 32 / 32 ; lines 64 ; failed lines 0)
FAMILY VERIFY PASS
