FACTORIZATION: 32 irreducible factors of degree 2 over F_1000497473: OK (header deg/ncomp/bar_T agree)
18093000,0,1 RHO mem=True nz=True ynz=True cond=True claim_agree=True upper=0.897220993762  CERT
18093000,0,1 T   mem=True nz=True ynz=True cond=True claim_agree=True upper=2077.38317469  CERT
36474333,0,1 RHO mem=True nz=True ynz=True cond=True claim_agree=True upper=0.902120903120  CERT
36474333,0,1 T   mem=True nz=True ynz=True cond=True claim_agree=True upper=1961.61333041  CERT
46061421,0,1 RHO mem=True nz=True ynz=True cond=True claim_agree=True upper=0.902550898889  CERT
46061421,0,1 T   mem=True nz=True ynz=True cond=True claim_agree=True upper=2023.05086908  CERT
54617831,0,1 RHO mem=True nz=True ynz=True cond=True claim_agree=True upper=0.907548691605  CERT
54617831,0,1 T   mem=True nz=True ynz=True cond=True claim_agree=True upper=1608.00004051  CERT
91266460,0,1 RHO mem=True nz=True ynz=True cond=True claim_agree=True upper=0.897220993762  CERT
91266460,0,1 T   mem=True nz=True ynz=True cond=True claim_agree=True upper=1651.25633878  CERT
101342466,0,1 RHO mem=True nz=True ynz=True cond=True claim_agree=True upper=0.905923034189  CERT
101342466,0,1 T   mem=True nz=True ynz=True cond=True claim_agree=True upper=1832.99162210  CERT
140866591,0,1 RHO mem=True nz=True ynz=True cond=True claim_agree=True upper=0.869986796109  CERT
140866591,0,1 T   mem=True nz=True ynz=True cond=True claim_agree=True upper=1647.93930809  CERT
143132948,0,1 RHO mem=True nz=True ynz=True cond=True claim_agree=True upper=0.892984744583  CERT
143132948,0,1 T   mem=True nz=True ynz=True cond=True claim_agree=True upper=1702.90493417  CERT
264862924,0,1 RHO mem=True nz=True ynz=True cond=True claim_agree=True upper=0.914146216322  CERT
264862924,0,1 T   mem=True nz=True ynz=True cond=True claim_agree=True upper=1830.83338534  CERT
297827157,0,1 RHO mem=True nz=True ynz=True cond=True claim_agree=True upper=0.903228327532  CERT
297827157,0,1 T   mem=True nz=True ynz=True cond=True claim_agree=True upper=1643.83251320  CERT
347364921,0,1 RHO mem=True nz=True ynz=True cond=True claim_agree=True upper=0.902120903120  CERT
347364921,0,1 T   mem=True nz=True ynz=True cond=True claim_agree=True upper=1726.12392881  CERT
348117191,0,1 RHO mem=True nz=True ynz=True cond=True claim_agree=True upper=0.917973554347  CERT
348117191,0,1 T   mem=True nz=True ynz=True cond=True claim_agree=True upper=1883.90352513  CERT
370638766,0,1 RHO mem=True nz=True ynz=True cond=True claim_agree=True upper=0.937696165487  CERT
370638766,0,1 T   mem=True nz=True ynz=True cond=True claim_agree=True upper=2134.82128604  CERT
426828875,0,1 RHO mem=True nz=True ynz=True cond=True claim_agree=True upper=0.917973554347  CERT
426828875,0,1 T   mem=True nz=True ynz=True cond=True claim_agree=True upper=1981.21478463  CERT
445407496,0,1 RHO mem=True nz=True ynz=True cond=True claim_agree=True upper=0.885628960530  CERT
445407496,0,1 T   mem=True nz=True ynz=True cond=True claim_agree=True upper=1478.98765071  CERT
497963986,0,1 RHO mem=True nz=True ynz=True cond=True claim_agree=True upper=0.928613597652  CERT
497963986,0,1 T   mem=True nz=True ynz=True cond=True claim_agree=True upper=2189.05310522  CERT
502533487,0,1 RHO mem=True nz=True ynz=True cond=True claim_agree=True upper=0.885628960530  CERT
502533487,0,1 T   mem=True nz=True ynz=True cond=True claim_agree=True upper=1846.22992267  CERT
555089977,0,1 RHO mem=True nz=True ynz=True cond=True claim_agree=True upper=0.928613597652  CERT
555089977,0,1 T   mem=True nz=True ynz=True cond=True claim_agree=True upper=1803.33498809  CERT
573668598,0,1 RHO mem=True nz=True ynz=True cond=True claim_agree=True upper=0.896892730150  CERT
573668598,0,1 T   mem=True nz=True ynz=True cond=True claim_agree=True upper=2122.04746497  CERT
629858707,0,1 RHO mem=True nz=True ynz=True cond=True claim_agree=True upper=0.869986796109  CERT
629858707,0,1 T   mem=True nz=True ynz=True cond=True claim_agree=True upper=1694.75246016  CERT
652380282,0,1 RHO mem=True nz=True ynz=True cond=True claim_agree=True upper=0.896892730150  CERT
652380282,0,1 T   mem=True nz=True ynz=True cond=True claim_agree=True upper=1887.86611547  CERT
653132552,0,1 RHO mem=True nz=True ynz=True cond=True claim_agree=True upper=0.872350529194  CERT
653132552,0,1 T   mem=True nz=True ynz=True cond=True claim_agree=True upper=2233.27508125  CERT
702670316,0,1 RHO mem=True nz=True ynz=True cond=True claim_agree=True upper=0.905923034189  CERT
702670316,0,1 T   mem=True nz=True ynz=True cond=True claim_agree=True upper=1815.28885442  CERT
735634549,0,1 RHO mem=True nz=True ynz=True cond=True claim_agree=True upper=0.892984744583  CERT
735634549,0,1 T   mem=True nz=True ynz=True cond=True claim_agree=True upper=1543.89038588  CERT
857364525,0,1 RHO mem=True nz=True ynz=True cond=True claim_agree=True upper=0.914146216322  CERT
857364525,0,1 T   mem=True nz=True ynz=True cond=True claim_agree=True upper=1948.39324286  CERT
859630882,0,1 RHO mem=True nz=True ynz=True cond=True claim_agree=True upper=0.937696165487  CERT
859630882,0,1 T   mem=True nz=True ynz=True cond=True claim_agree=True upper=2107.96776771  CERT
899155007,0,1 RHO mem=True nz=True ynz=True cond=True claim_agree=True upper=0.903228327532  CERT
899155007,0,1 T   mem=True nz=True ynz=True cond=True claim_agree=True upper=1771.52827825  CERT
909231013,0,1 RHO mem=True nz=True ynz=True cond=True claim_agree=True upper=0.919987178788  CERT
909231013,0,1 T   mem=True nz=True ynz=True cond=True claim_agree=True upper=2162.99479136  CERT
945879642,0,1 RHO mem=True nz=True ynz=True cond=True claim_agree=True upper=0.902550898889  CERT
945879642,0,1 T   mem=True nz=True ynz=True cond=True claim_agree=True upper=2255.52455323  CERT
954436052,0,1 RHO mem=True nz=True ynz=True cond=True claim_agree=True upper=0.907548691605  CERT
954436052,0,1 T   mem=True nz=True ynz=True cond=True claim_agree=True upper=2408.31923243  CERT
964023140,0,1 RHO mem=True nz=True ynz=True cond=True claim_agree=True upper=0.872350529194  CERT
964023140,0,1 T   mem=True nz=True ynz=True cond=True claim_agree=True upper=2374.74393194  CERT
982404473,0,1 RHO mem=True nz=True ynz=True cond=True claim_agree=True upper=0.919987178788  CERT
982404473,0,1 T   mem=True nz=True ynz=True cond=True claim_agree=True upper=2088.20136873  CERT
FAMILY VERIFY n=7 l=1000497473 : EXCLUDED (components certified 32 / 32 ; lines 64 ; failed lines 0)
FAMILY VERIFY PASS
