FACTORIZATION: 32 irreducible factors of degree 2 over F_1001157953: OK (header deg/ncomp/bar_T agree)
8134503,0,1 RHO mem=True nz=True ynz=True cond=True claim_agree=True upper=0.941148009676  CERT
8134503,0,1 T   mem=True nz=True ynz=True cond=True claim_agree=True upper=2165.79545170  CERT
17348184,0,1 RHO mem=True nz=True ynz=True cond=True claim_agree=True upper=0.933147739475  CERT
17348184,0,1 T   mem=True nz=True ynz=True cond=True claim_agree=True upper=2390.34462256  CERT
29569552,0,1 RHO mem=True nz=True ynz=True cond=True claim_agree=True upper=0.963343924134  CERT
29569552,0,1 T   mem=True nz=True ynz=True cond=True claim_agree=True upper=2694.32673191  CERT
37498327,0,1 RHO mem=True nz=True ynz=True cond=True claim_agree=True upper=0.938146502253  CERT
37498327,0,1 T   mem=True nz=True ynz=True cond=True claim_agree=True upper=2720.78696079  CERT
104526392,0,1 RHO mem=True nz=True ynz=True cond=True claim_agree=True upper=0.948943073945  CERT
104526392,0,1 T   mem=True nz=True ynz=True cond=True claim_agree=True upper=2690.20745954  CERT
135818517,0,1 RHO mem=True nz=True ynz=True cond=True claim_agree=True upper=0.898425111362  CERT
135818517,0,1 T   mem=True nz=True ynz=True cond=True claim_agree=True upper=3243.00944143  CERT
136747164,0,1 RHO mem=True nz=True ynz=True cond=True claim_agree=True upper=0.938146502253  CERT
136747164,0,1 T   mem=True nz=True ynz=True cond=True claim_agree=True upper=2619.60493419  CERT
139853543,0,1 RHO mem=True nz=True ynz=True cond=True claim_agree=True upper=0.922914954882  CERT
139853543,0,1 T   mem=True nz=True ynz=True cond=True claim_agree=True upper=2559.20212493  CERT
208904946,0,1 RHO mem=True nz=True ynz=True cond=True claim_agree=True upper=0.882645386315  CERT
208904946,0,1 T   mem=True nz=True ynz=True cond=True claim_agree=True upper=1856.09961525  CERT
283007202,0,1 RHO mem=True nz=True ynz=True cond=True claim_agree=True upper=0.898425111362  CERT
283007202,0,1 T   mem=True nz=True ynz=True cond=True claim_agree=True upper=2383.74333065  CERT
293546951,0,1 RHO mem=True nz=True ynz=True cond=True claim_agree=True upper=0.957466844623  CERT
293546951,0,1 T   mem=True nz=True ynz=True cond=True claim_agree=True upper=2672.94104980  CERT
319817347,0,1 RHO mem=True nz=True ynz=True cond=True claim_agree=True upper=0.954852088237  CERT
319817347,0,1 T   mem=True nz=True ynz=True cond=True claim_agree=True upper=2338.35574223  CERT
361911482,0,1 RHO mem=True nz=True ynz=True cond=True claim_agree=True upper=0.941148009676  CERT
361911482,0,1 T   mem=True nz=True ynz=True cond=True claim_agree=True upper=2457.86427944  CERT
367519157,0,1 RHO mem=True nz=True ynz=True cond=True claim_agree=True upper=0.945136691930  CERT
367519157,0,1 T   mem=True nz=True ynz=True cond=True claim_agree=True upper=2211.70616546  CERT
460580421,0,1 RHO mem=True nz=True ynz=True cond=True claim_agree=True upper=0.948943073945  CERT
460580421,0,1 T   mem=True nz=True ynz=True cond=True claim_agree=True upper=2022.27232217  CERT
497793651,0,1 RHO mem=True nz=True ynz=True cond=True claim_agree=True upper=0.945136691930  CERT
497793651,0,1 T   mem=True nz=True ynz=True cond=True claim_agree=True upper=2802.00132982  CERT
503364302,0,1 RHO mem=True nz=True ynz=True cond=True claim_agree=True upper=0.937312687299  CERT
503364302,0,1 T   mem=True nz=True ynz=True cond=True claim_agree=True upper=2438.98932311  CERT
540577532,0,1 RHO mem=True nz=True ynz=True cond=True claim_agree=True upper=0.927414035996  CERT
540577532,0,1 T   mem=True nz=True ynz=True cond=True claim_agree=True upper=2405.15755353  CERT
633638796,0,1 RHO mem=True nz=True ynz=True cond=True claim_agree=True upper=0.937312687299  CERT
633638796,0,1 T   mem=True nz=True ynz=True cond=True claim_agree=True upper=2444.12059204  CERT
639246471,0,1 RHO mem=True nz=True ynz=True cond=True claim_agree=True upper=0.936682376460  CERT
639246471,0,1 T   mem=True nz=True ynz=True cond=True claim_agree=True upper=2423.18516198  CERT
681340606,0,1 RHO mem=True nz=True ynz=True cond=True claim_agree=True upper=0.933147739475  CERT
681340606,0,1 T   mem=True nz=True ynz=True cond=True claim_agree=True upper=2769.47280220  CERT
707611002,0,1 RHO mem=True nz=True ynz=True cond=True claim_agree=True upper=0.922914954882  CERT
707611002,0,1 T   mem=True nz=True ynz=True cond=True claim_agree=True upper=2015.90023853  CERT
718150751,0,1 RHO mem=True nz=True ynz=True cond=True claim_agree=True upper=0.945715808445  CERT
718150751,0,1 T   mem=True nz=True ynz=True cond=True claim_agree=True upper=2325.49534923  CERT
792253007,0,1 RHO mem=True nz=True ynz=True cond=True claim_agree=True upper=0.963343924134  CERT
792253007,0,1 T   mem=True nz=True ynz=True cond=True claim_agree=True upper=2055.83735905  CERT
861304410,0,1 RHO mem=True nz=True ynz=True cond=True claim_agree=True upper=0.957466844623  CERT
861304410,0,1 T   mem=True nz=True ynz=True cond=True claim_agree=True upper=2376.09129001  CERT
864410789,0,1 RHO mem=True nz=True ynz=True cond=True claim_agree=True upper=0.940323337133  CERT
864410789,0,1 T   mem=True nz=True ynz=True cond=True claim_agree=True upper=2460.31560389  CERT
865339436,0,1 RHO mem=True nz=True ynz=True cond=True claim_agree=True upper=0.945715808445  CERT
865339436,0,1 T   mem=True nz=True ynz=True cond=True claim_agree=True upper=2457.71484621  CERT
896631561,0,1 RHO mem=True nz=True ynz=True cond=True claim_agree=True upper=0.927414035996  CERT
896631561,0,1 T   mem=True nz=True ynz=True cond=True claim_agree=True upper=1980.00766847  CERT
963659626,0,1 RHO mem=True nz=True ynz=True cond=True claim_agree=True upper=0.940323337133  CERT
963659626,0,1 T   mem=True nz=True ynz=True cond=True claim_agree=True upper=2053.76075368  CERT
971588401,0,1 RHO mem=True nz=True ynz=True cond=True claim_agree=True upper=0.882645386315  CERT
971588401,0,1 T   mem=True nz=True ynz=True cond=True claim_agree=True upper=2487.79662202  CERT
983809769,0,1 RHO mem=True nz=True ynz=True cond=True claim_agree=True upper=0.954852088237  CERT
983809769,0,1 T   mem=True nz=True ynz=True cond=True claim_agree=True upper=2481.85460539  CERT
993023450,0,1 RHO mem=True nz=True ynz=True cond=True claim_agree=True upper=0.936682376460  CERT
993023450,0,1 T   mem=True nz=True ynz=True cond=True claim_agree=True upper=2226.84895777  CERT
FAMILY VERIFY n=7 l=1001157953 : EXCLUDED (components certified 32 / 32 ; lines 64 ; failed lines 0)
FAMILY VERIFY PASS
