FACTORIZATION: 32 irreducible factors of degree 2 over F_1000481089: OK (header deg/ncomp/bar_T agree)
826730,0,1 RHO mem=True nz=True ynz=True cond=True claim_agree=True upper=0.967057494195  CERT
826730,0,1 T   mem=True nz=True ynz=True cond=True claim_agree=True upper=2794.69963826  CERT
29936075,0,1 T   mem=True nz=True ynz=True cond=True claim_agree=True upper=2515.73346761  CERT
50745164,0,1 RHO mem=True nz=True ynz=True cond=True claim_agree=True upper=0.959289250955  CERT
50745164,0,1 T   mem=True nz=True ynz=True cond=True claim_agree=True upper=2181.21007940  CERT
96091470,0,1 RHO mem=True nz=True ynz=True cond=True claim_agree=True upper=0.984003709886  CERT
96091470,0,1 T   mem=True nz=True ynz=True cond=True claim_agree=True upper=2668.82407123  CERT
99559735,0,1 RHO mem=True nz=True ynz=True cond=True claim_agree=True upper=0.984003709886  CERT
99559735,0,1 T   mem=True nz=True ynz=True cond=True claim_agree=True upper=2863.34550053  CERT
112960673,0,1 RHO mem=True nz=True ynz=True cond=True claim_agree=True upper=0.970067399631  CERT
112960673,0,1 T   mem=True nz=True ynz=True cond=True claim_agree=True upper=2615.07422589  CERT
155719047,0,1 RHO mem=True nz=True ynz=True cond=True claim_agree=True upper=0.970067399631  CERT
155719047,0,1 T   mem=True nz=True ynz=True cond=True claim_agree=True upper=2630.19145587  CERT
164246106,0,1 RHO mem=True nz=True ynz=True cond=True claim_agree=True upper=0.954663368119  CERT
164246106,0,1 T   mem=True nz=True ynz=True cond=True claim_agree=True upper=3091.17763603  CERT
179212982,0,1 RHO mem=True nz=True ynz=True cond=True claim_agree=True upper=0.963596531219  CERT
179212982,0,1 T   mem=True nz=True ynz=True cond=True claim_agree=True upper=2615.66562643  CERT
196572624,0,1 RHO mem=True nz=True ynz=True cond=True claim_agree=True upper=0.986228769542  CERT
196572624,0,1 T   mem=True nz=True ynz=True cond=True claim_agree=True upper=2222.44375996  CERT
229747984,0,1 RHO mem=True nz=True ynz=True cond=True claim_agree=True upper=0.944396048878  CERT
229747984,0,1 T   mem=True nz=True ynz=True cond=True claim_agree=True upper=2464.15642539  CERT
239297791,0,1 RHO mem=True nz=True ynz=True cond=True claim_agree=True upper=0.963596531219  CERT
239297791,0,1 T   mem=True nz=True ynz=True cond=True claim_agree=True upper=2805.11400250  CERT
250118457,0,1 RHO mem=True nz=True ynz=True cond=True claim_agree=True upper=0.967057494195  CERT
250118457,0,1 T   mem=True nz=True ynz=True cond=True claim_agree=True upper=2905.52787383  CERT
285515306,0,1 RHO mem=True nz=True ynz=True cond=True claim_agree=True upper=0.942663233614  CERT
285515306,0,1 T   mem=True nz=True ynz=True cond=True claim_agree=True upper=1969.45858690  CERT
341025661,0,1 RHO mem=True nz=True ynz=True cond=True claim_agree=True upper=0.982041952795  CERT
341025661,0,1 T   mem=True nz=True ynz=True cond=True claim_agree=True upper=2209.48991858  CERT
387117000,0,1 T   mem=True nz=True ynz=True cond=True claim_agree=True upper=3093.37850441  CERT
613364089,0,1 RHO mem=True nz=True ynz=True cond=True claim_agree=True upper=0.919634331446  CERT
613364089,0,1 T   mem=True nz=True ynz=True cond=True claim_agree=True upper=2140.16859419  CERT
659455428,0,1 RHO mem=True nz=True ynz=True cond=True claim_agree=True upper=0.954663368119  CERT
659455428,0,1 T   mem=True nz=True ynz=True cond=True claim_agree=True upper=2828.61875729  CERT
714965783,0,1 RHO mem=True nz=True ynz=True cond=True claim_agree=True upper=0.986228769542  CERT
714965783,0,1 T   mem=True nz=True ynz=True cond=True claim_agree=True upper=2993.87623199  CERT
750362632,0,1 RHO mem=True nz=True ynz=True cond=True claim_agree=True upper=0.968400192881  CERT
750362632,0,1 T   mem=True nz=True ynz=True cond=True claim_agree=True upper=2566.42930726  CERT
761183298,0,1 RHO mem=True nz=True ynz=True cond=True claim_agree=True upper=0.928331772322  CERT
761183298,0,1 T   mem=True nz=True ynz=True cond=True claim_agree=True upper=1605.54256806  CERT
770733105,0,1 RHO mem=True nz=True ynz=True cond=True claim_agree=True upper=0.959289250955  CERT
770733105,0,1 T   mem=True nz=True ynz=True cond=True claim_agree=True upper=2514.94781289  CERT
803908465,0,1 RHO mem=True nz=True ynz=True cond=True claim_agree=True upper=0.942663233614  CERT
803908465,0,1 T   mem=True nz=True ynz=True cond=True claim_agree=True upper=2421.02225900  CERT
821268107,0,1 RHO mem=True nz=True ynz=True cond=True claim_agree=True upper=0.928331772322  CERT
821268107,0,1 T   mem=True nz=True ynz=True cond=True claim_agree=True upper=2449.87213041  CERT
836234983,0,1 RHO mem=True nz=True ynz=True cond=True claim_agree=True upper=0.982041952795  CERT
836234983,0,1 T   mem=True nz=True ynz=True cond=True claim_agree=True upper=2681.37455743  CERT
844762042,0,1 RHO mem=True nz=True ynz=True cond=True claim_agree=True upper=0.969539572074  CERT
844762042,0,1 T   mem=True nz=True ynz=True cond=True claim_agree=True upper=2715.05076038  CERT
887520416,0,1 RHO mem=True nz=True ynz=True cond=True claim_agree=True upper=0.969539572074  CERT
887520416,0,1 T   mem=True nz=True ynz=True cond=True claim_agree=True upper=2281.31522861  CERT
900921354,0,1 RHO mem=True nz=True ynz=True cond=True claim_agree=True upper=0.947435532751  CERT
900921354,0,1 T   mem=True nz=True ynz=True cond=True claim_agree=True upper=2499.11001481  CERT
904389619,0,1 RHO mem=True nz=True ynz=True cond=True claim_agree=True upper=0.947435532751  CERT
904389619,0,1 T   mem=True nz=True ynz=True cond=True claim_agree=True upper=2518.33972020  CERT
949735925,0,1 RHO mem=True nz=True ynz=True cond=True claim_agree=True upper=0.944396048878  CERT
949735925,0,1 T   mem=True nz=True ynz=True cond=True claim_agree=True upper=2694.08503993  CERT
970545014,0,1 RHO mem=True nz=True ynz=True cond=True claim_agree=True upper=0.919634331446  CERT
970545014,0,1 T   mem=True nz=True ynz=True cond=True claim_agree=True upper=2050.87951128  CERT
999654359,0,1 RHO mem=True nz=True ynz=True cond=True claim_agree=True upper=0.968400192881  CERT
999654359,0,1 T   mem=True nz=True ynz=True cond=True claim_agree=True upper=2986.35503535  CERT
FAMILY VERIFY n=7 l=1000481089 : EXCLUDED (components certified 32 / 32 ; lines 62 ; failed lines 0)
FAMILY VERIFY PASS
