FACTORIZATION: 32 irreducible factors of degree 2 over F_1001135041: OK (header deg/ncomp/bar_T agree)
30203694,0,1 RHO mem=True nz=True ynz=True cond=True claim_agree=True upper=0.913049214385  CERT
30203694,0,1 T   mem=True nz=True ynz=True cond=True claim_agree=True upper=2644.67053001  CERT
102734155,0,1 RHO mem=True nz=True ynz=True cond=True claim_agree=True upper=0.938726156154  CERT
102734155,0,1 T   mem=True nz=True ynz=True cond=True claim_agree=True upper=2607.88235632  CERT
107948783,0,1 RHO mem=True nz=True ynz=True cond=True claim_agree=True upper=0.927952487433  CERT
107948783,0,1 T   mem=True nz=True ynz=True cond=True claim_agree=True upper=2089.84617885  CERT
121167293,0,1 RHO mem=True nz=True ynz=True cond=True claim_agree=True upper=0.982538153186  CERT
121167293,0,1 T   mem=True nz=True ynz=True cond=True claim_agree=True upper=3178.01247422  CERT
169115483,0,1 RHO mem=True nz=True ynz=True cond=True claim_agree=True upper=0.955358528539  CERT
169115483,0,1 T   mem=True nz=True ynz=True cond=True claim_agree=True upper=2455.72443304  CERT
177722528,0,1 RHO mem=True nz=True ynz=True cond=True claim_agree=True upper=0.913049214385  CERT
177722528,0,1 T   mem=True nz=True ynz=True cond=True claim_agree=True upper=2133.40049869  CERT
185100929,0,1 RHO mem=True nz=True ynz=True cond=True claim_agree=True upper=0.927952487433  CERT
185100929,0,1 T   mem=True nz=True ynz=True cond=True claim_agree=True upper=2025.33850039  CERT
185655945,0,1 RHO mem=True nz=True ynz=True cond=True claim_agree=True upper=0.982538153186  CERT
185655945,0,1 T   mem=True nz=True ynz=True cond=True claim_agree=True upper=2928.57333048  CERT
216040250,0,1 RHO mem=True nz=True ynz=True cond=True claim_agree=True upper=0.988650525115  CERT
216040250,0,1 T   mem=True nz=True ynz=True cond=True claim_agree=True upper=2646.70386200  CERT
327245254,0,1 RHO mem=True nz=True ynz=True cond=True claim_agree=True upper=0.927383162219  CERT
327245254,0,1 T   mem=True nz=True ynz=True cond=True claim_agree=True upper=2292.97154008  CERT
352783303,0,1 RHO mem=True nz=True ynz=True cond=True claim_agree=True upper=0.938726156154  CERT
352783303,0,1 T   mem=True nz=True ynz=True cond=True claim_agree=True upper=2622.74197150  CERT
358100636,0,1 RHO mem=True nz=True ynz=True cond=True claim_agree=True upper=0.988650525115  CERT
358100636,0,1 T   mem=True nz=True ynz=True cond=True claim_agree=True upper=2301.92216401  CERT
454192474,0,1 RHO mem=True nz=True ynz=True cond=True claim_agree=True upper=0.950847160271  CERT
454192474,0,1 T   mem=True nz=True ynz=True cond=True claim_agree=True upper=2592.29152559  CERT
464557477,0,1 RHO mem=True nz=True ynz=True cond=True claim_agree=True upper=0.955358528539  CERT
464557477,0,1 T   mem=True nz=True ynz=True cond=True claim_agree=True upper=2614.00461531  CERT
478740127,0,1 RHO mem=True nz=True ynz=True cond=True claim_agree=True upper=0.965620137914  CERT
478740127,0,1 T   mem=True nz=True ynz=True cond=True claim_agree=True upper=2620.43393431  CERT
491402124,0,1 RHO mem=True nz=True ynz=True cond=True claim_agree=True upper=0.927383162219  CERT
491402124,0,1 T   mem=True nz=True ynz=True cond=True claim_agree=True upper=2116.27583240  CERT
509732917,0,1 RHO mem=True nz=True ynz=True cond=True claim_agree=True upper=0.958922589620  CERT
509732917,0,1 T   mem=True nz=True ynz=True cond=True claim_agree=True upper=2635.36345360  CERT
522394914,0,1 RHO mem=True nz=True ynz=True cond=True claim_agree=True upper=0.950847160271  CERT
522394914,0,1 T   mem=True nz=True ynz=True cond=True claim_agree=True upper=2852.08793457  CERT
536577564,0,1 RHO mem=True nz=True ynz=True cond=True claim_agree=True upper=0.954238814013  CERT
536577564,0,1 T   mem=True nz=True ynz=True cond=True claim_agree=True upper=2796.72505458  CERT
546942567,0,1 RHO mem=True nz=True ynz=True cond=True claim_agree=True upper=0.965620137914  CERT
546942567,0,1 T   mem=True nz=True ynz=True cond=True claim_agree=True upper=2583.39136929  CERT
643034405,0,1 RHO mem=True nz=True ynz=True cond=True claim_agree=True upper=0.920293904948  CERT
643034405,0,1 T   mem=True nz=True ynz=True cond=True claim_agree=True upper=2188.43901110  CERT
648351738,0,1 RHO mem=True nz=True ynz=True cond=True claim_agree=True upper=0.964583984850  CERT
648351738,0,1 T   mem=True nz=True ynz=True cond=True claim_agree=True upper=2464.14470140  CERT
673889787,0,1 RHO mem=True nz=True ynz=True cond=True claim_agree=True upper=0.958922589620  CERT
673889787,0,1 T   mem=True nz=True ynz=True cond=True claim_agree=True upper=2499.64987144  CERT
785094791,0,1 RHO mem=True nz=True ynz=True cond=True claim_agree=True upper=0.920293904948  CERT
785094791,0,1 T   mem=True nz=True ynz=True cond=True claim_agree=True upper=2712.44535020  CERT
815479096,0,1 RHO mem=True nz=True ynz=True cond=True claim_agree=True upper=0.947719646668  CERT
815479096,0,1 T   mem=True nz=True ynz=True cond=True claim_agree=True upper=2847.48449363  CERT
816034112,0,1 RHO mem=True nz=True ynz=True cond=True claim_agree=True upper=0.976449452119  CERT
816034112,0,1 T   mem=True nz=True ynz=True cond=True claim_agree=True upper=2780.92592492  CERT
823412513,0,1 RHO mem=True nz=True ynz=True cond=True claim_agree=True upper=0.926840901837  CERT
823412513,0,1 T   mem=True nz=True ynz=True cond=True claim_agree=True upper=2687.34645250  CERT
832019558,0,1 RHO mem=True nz=True ynz=True cond=True claim_agree=True upper=0.954238814013  CERT
832019558,0,1 T   mem=True nz=True ynz=True cond=True claim_agree=True upper=3068.60891632  CERT
879967748,0,1 RHO mem=True nz=True ynz=True cond=True claim_agree=True upper=0.947719646668  CERT
879967748,0,1 T   mem=True nz=True ynz=True cond=True claim_agree=True upper=2341.41372301  CERT
893186258,0,1 RHO mem=True nz=True ynz=True cond=True claim_agree=True upper=0.976449452119  CERT
893186258,0,1 T   mem=True nz=True ynz=True cond=True claim_agree=True upper=3382.62323427  CERT
898400886,0,1 RHO mem=True nz=True ynz=True cond=True claim_agree=True upper=0.964583984850  CERT
898400886,0,1 T   mem=True nz=True ynz=True cond=True claim_agree=True upper=1917.28813837  CERT
970931347,0,1 RHO mem=True nz=True ynz=True cond=True claim_agree=True upper=0.926840901837  CERT
970931347,0,1 T   mem=True nz=True ynz=True cond=True claim_agree=True upper=2418.83085391  CERT
FAMILY VERIFY n=7 l=1001135041 : EXCLUDED (components certified 32 / 32 ; lines 64 ; failed lines 0)
FAMILY VERIFY PASS
