FACTORIZATION: 32 irreducible factors of degree 2 over F_1000286017: OK (header deg/ncomp/bar_T agree)
20690745,0,1 RHO mem=True nz=True ynz=True cond=True claim_agree=True upper=0.876421223292  CERT
20690745,0,1 T   mem=True nz=True ynz=True cond=True claim_agree=True upper=1885.61739525  CERT
44137504,0,1 RHO mem=True nz=True ynz=True cond=True claim_agree=True upper=0.879585371891  CERT
44137504,0,1 T   mem=True nz=True ynz=True cond=True claim_agree=True upper=1736.69509472  CERT
46196145,0,1 RHO mem=True nz=True ynz=True cond=True claim_agree=True upper=0.896789206468  CERT
46196145,0,1 T   mem=True nz=True ynz=True cond=True claim_agree=True upper=1863.95701105  CERT
47777893,0,1 RHO mem=True nz=True ynz=True cond=True claim_agree=True upper=0.883147587300  CERT
47777893,0,1 T   mem=True nz=True ynz=True cond=True claim_agree=True upper=1497.85371655  CERT
51367637,0,1 RHO mem=True nz=True ynz=True cond=True claim_agree=True upper=0.879585371891  CERT
51367637,0,1 T   mem=True nz=True ynz=True cond=True claim_agree=True upper=1890.77652180  CERT
88837638,0,1 RHO mem=True nz=True ynz=True cond=True claim_agree=True upper=0.916494303743  CERT
88837638,0,1 T   mem=True nz=True ynz=True cond=True claim_agree=True upper=2141.23611540  CERT
130024381,0,1 RHO mem=True nz=True ynz=True cond=True claim_agree=True upper=0.897344088775  CERT
130024381,0,1 T   mem=True nz=True ynz=True cond=True claim_agree=True upper=1624.73366071  CERT
155566499,0,1 RHO mem=True nz=True ynz=True cond=True claim_agree=True upper=0.897344088775  CERT
155566499,0,1 T   mem=True nz=True ynz=True cond=True claim_agree=True upper=1699.78481993  CERT
173407430,0,1 RHO mem=True nz=True ynz=True cond=True claim_agree=True upper=0.913694454606  CERT
173407430,0,1 T   mem=True nz=True ynz=True cond=True claim_agree=True upper=2403.23447227  CERT
226508308,0,1 RHO mem=True nz=True ynz=True cond=True claim_agree=True upper=0.919856411690  CERT
226508308,0,1 T   mem=True nz=True ynz=True cond=True claim_agree=True upper=2197.08013844  CERT
278022233,0,1 RHO mem=True nz=True ynz=True cond=True claim_agree=True upper=0.919856411690  CERT
278022233,0,1 T   mem=True nz=True ynz=True cond=True claim_agree=True upper=1938.26512049  CERT
288352320,0,1 RHO mem=True nz=True ynz=True cond=True claim_agree=True upper=0.883147587300  CERT
288352320,0,1 T   mem=True nz=True ynz=True cond=True claim_agree=True upper=1796.03421923  CERT
313534268,0,1 RHO mem=True nz=True ynz=True cond=True claim_agree=True upper=0.898600100979  CERT
313534268,0,1 T   mem=True nz=True ynz=True cond=True claim_agree=True upper=1734.11043601  CERT
362170624,0,1 RHO mem=True nz=True ynz=True cond=True claim_agree=True upper=0.916494303743  CERT
362170624,0,1 T   mem=True nz=True ynz=True cond=True claim_agree=True upper=1810.42921478  CERT
464171498,0,1 RHO mem=True nz=True ynz=True cond=True claim_agree=True upper=0.915996619777  CERT
464171498,0,1 T   mem=True nz=True ynz=True cond=True claim_agree=True upper=1587.65455141  CERT
464259908,0,1 RHO mem=True nz=True ynz=True cond=True claim_agree=True upper=0.915996619777  CERT
464259908,0,1 T   mem=True nz=True ynz=True cond=True claim_agree=True upper=2012.47471703  CERT
536026109,0,1 RHO mem=True nz=True ynz=True cond=True claim_agree=True upper=0.870755790487  CERT
536026109,0,1 T   mem=True nz=True ynz=True cond=True claim_agree=True upper=1966.32882158  CERT
536114519,0,1 RHO mem=True nz=True ynz=True cond=True claim_agree=True upper=0.870755790487  CERT
536114519,0,1 T   mem=True nz=True ynz=True cond=True claim_agree=True upper=1603.69901925  CERT
638115393,0,1 RHO mem=True nz=True ynz=True cond=True claim_agree=True upper=0.875739884921  CERT
638115393,0,1 T   mem=True nz=True ynz=True cond=True claim_agree=True upper=1857.03862429  CERT
686751749,0,1 RHO mem=True nz=True ynz=True cond=True claim_agree=True upper=0.896789206468  CERT
686751749,0,1 T   mem=True nz=True ynz=True cond=True claim_agree=True upper=1930.37235360  CERT
711933697,0,1 RHO mem=True nz=True ynz=True cond=True claim_agree=True upper=0.887339877203  CERT
711933697,0,1 T   mem=True nz=True ynz=True cond=True claim_agree=True upper=1847.04546528  CERT
722263784,0,1 RHO mem=True nz=True ynz=True cond=True claim_agree=True upper=0.882569765957  CERT
722263784,0,1 T   mem=True nz=True ynz=True cond=True claim_agree=True upper=1598.71714689  CERT
773777709,0,1 RHO mem=True nz=True ynz=True cond=True claim_agree=True upper=0.882569765957  CERT
773777709,0,1 T   mem=True nz=True ynz=True cond=True claim_agree=True upper=1428.40917038  CERT
826878587,0,1 RHO mem=True nz=True ynz=True cond=True claim_agree=True upper=0.876421223292  CERT
826878587,0,1 T   mem=True nz=True ynz=True cond=True claim_agree=True upper=1690.86022611  CERT
844719518,0,1 RHO mem=True nz=True ynz=True cond=True claim_agree=True upper=0.887112832567  CERT
844719518,0,1 T   mem=True nz=True ynz=True cond=True claim_agree=True upper=1992.36583591  CERT
870261636,0,1 RHO mem=True nz=True ynz=True cond=True claim_agree=True upper=0.887112832567  CERT
870261636,0,1 T   mem=True nz=True ynz=True cond=True claim_agree=True upper=2353.76847182  CERT
911448379,0,1 RHO mem=True nz=True ynz=True cond=True claim_agree=True upper=0.875739884921  CERT
911448379,0,1 T   mem=True nz=True ynz=True cond=True claim_agree=True upper=1491.71458288  CERT
948918380,0,1 RHO mem=True nz=True ynz=True cond=True claim_agree=True upper=0.921875391021  CERT
948918380,0,1 T   mem=True nz=True ynz=True cond=True claim_agree=True upper=1847.23384170  CERT
952508124,0,1 RHO mem=True nz=True ynz=True cond=True claim_agree=True upper=0.887339877203  CERT
952508124,0,1 T   mem=True nz=True ynz=True cond=True claim_agree=True upper=1655.50935360  CERT
954089872,0,1 RHO mem=True nz=True ynz=True cond=True claim_agree=True upper=0.898600100979  CERT
954089872,0,1 T   mem=True nz=True ynz=True cond=True claim_agree=True upper=1814.84626760  CERT
956148513,0,1 RHO mem=True nz=True ynz=True cond=True claim_agree=True upper=0.921875391021  CERT
956148513,0,1 T   mem=True nz=True ynz=True cond=True claim_agree=True upper=2110.60012691  CERT
979595272,0,1 RHO mem=True nz=True ynz=True cond=True claim_agree=True upper=0.913694454606  CERT
979595272,0,1 T   mem=True nz=True ynz=True cond=True claim_agree=True upper=1774.05941273  CERT
FAMILY VERIFY n=7 l=1000286017 : EXCLUDED (components certified 32 / 32 ; lines 64 ; failed lines 0)
FAMILY VERIFY PASS
