FACTORIZATION: 32 irreducible factors of degree 2 over F_1000666817: OK (header deg/ncomp/bar_T agree)
47504073,0,1 RHO mem=True nz=True ynz=True cond=True claim_agree=True upper=0.930962521823  CERT
47504073,0,1 T   mem=True nz=True ynz=True cond=True claim_agree=True upper=2172.52613401  CERT
59915458,0,1 RHO mem=True nz=True ynz=True cond=True claim_agree=True upper=0.899641654049  CERT
59915458,0,1 T   mem=True nz=True ynz=True cond=True claim_agree=True upper=1850.13731334  CERT
69872565,0,1 RHO mem=True nz=True ynz=True cond=True claim_agree=True upper=0.899641654049  CERT
69872565,0,1 T   mem=True nz=True ynz=True cond=True claim_agree=True upper=1789.53348542  CERT
72038505,0,1 RHO mem=True nz=True ynz=True cond=True claim_agree=True upper=0.936587910945  CERT
72038505,0,1 T   mem=True nz=True ynz=True cond=True claim_agree=True upper=2588.24724253  CERT
86576672,0,1 RHO mem=True nz=True ynz=True cond=True claim_agree=True upper=0.917664741924  CERT
86576672,0,1 T   mem=True nz=True ynz=True cond=True claim_agree=True upper=2166.63826600  CERT
102097910,0,1 RHO mem=True nz=True ynz=True cond=True claim_agree=True upper=0.917664741924  CERT
102097910,0,1 T   mem=True nz=True ynz=True cond=True claim_agree=True upper=2635.34030429  CERT
130993242,0,1 RHO mem=True nz=True ynz=True cond=True claim_agree=True upper=0.955165696542  CERT
130993242,0,1 T   mem=True nz=True ynz=True cond=True claim_agree=True upper=2922.46719687  CERT
194253656,0,1 RHO mem=True nz=True ynz=True cond=True claim_agree=True upper=0.900547475788  CERT
194253656,0,1 T   mem=True nz=True ynz=True cond=True claim_agree=True upper=1990.19203236  CERT
199709314,0,1 RHO mem=True nz=True ynz=True cond=True claim_agree=True upper=0.927828643518  CERT
199709314,0,1 T   mem=True nz=True ynz=True cond=True claim_agree=True upper=3102.10070511  CERT
238007206,0,1 RHO mem=True nz=True ynz=True cond=True claim_agree=True upper=0.885540493483  CERT
238007206,0,1 T   mem=True nz=True ynz=True cond=True claim_agree=True upper=1949.52571356  CERT
283860623,0,1 RHO mem=True nz=True ynz=True cond=True claim_agree=True upper=0.955165696542  CERT
283860623,0,1 T   mem=True nz=True ynz=True cond=True claim_agree=True upper=2503.62400195  CERT
296686765,0,1 RHO mem=True nz=True ynz=True cond=True claim_agree=True upper=0.857648610965  CERT
296686765,0,1 T   mem=True nz=True ynz=True cond=True claim_agree=True upper=1689.50952406  CERT
340948845,0,1 RHO mem=True nz=True ynz=True cond=True claim_agree=True upper=0.873853010055  CERT
340948845,0,1 T   mem=True nz=True ynz=True cond=True claim_agree=True upper=2227.76852929  CERT
344598943,0,1 RHO mem=True nz=True ynz=True cond=True claim_agree=True upper=0.910760889238  CERT
344598943,0,1 T   mem=True nz=True ynz=True cond=True claim_agree=True upper=1880.67772234  CERT
482279550,0,1 RHO mem=True nz=True ynz=True cond=True claim_agree=True upper=0.901807248222  CERT
482279550,0,1 T   mem=True nz=True ynz=True cond=True claim_agree=True upper=2159.41089228  CERT
499524164,0,1 RHO mem=True nz=True ynz=True cond=True claim_agree=True upper=0.932223706541  CERT
499524164,0,1 T   mem=True nz=True ynz=True cond=True claim_agree=True upper=2009.86600387  CERT
501142653,0,1 RHO mem=True nz=True ynz=True cond=True claim_agree=True upper=0.901807248222  CERT
501142653,0,1 T   mem=True nz=True ynz=True cond=True claim_agree=True upper=2425.52937752  CERT
518387267,0,1 RHO mem=True nz=True ynz=True cond=True claim_agree=True upper=0.932223706541  CERT
518387267,0,1 T   mem=True nz=True ynz=True cond=True claim_agree=True upper=2671.56169100  CERT
656067874,0,1 RHO mem=True nz=True ynz=True cond=True claim_agree=True upper=0.927828643518  CERT
656067874,0,1 T   mem=True nz=True ynz=True cond=True claim_agree=True upper=2256.65335329  CERT
659717972,0,1 RHO mem=True nz=True ynz=True cond=True claim_agree=True upper=0.936587910945  CERT
659717972,0,1 T   mem=True nz=True ynz=True cond=True claim_agree=True upper=2278.77819122  CERT
703980052,0,1 RHO mem=True nz=True ynz=True cond=True claim_agree=True upper=0.930962521823  CERT
703980052,0,1 T   mem=True nz=True ynz=True cond=True claim_agree=True upper=3438.85644963  CERT
716806194,0,1 RHO mem=True nz=True ynz=True cond=True claim_agree=True upper=0.899486120959  CERT
716806194,0,1 T   mem=True nz=True ynz=True cond=True claim_agree=True upper=2104.48324830  CERT
762659611,0,1 RHO mem=True nz=True ynz=True cond=True claim_agree=True upper=0.900547475788  CERT
762659611,0,1 T   mem=True nz=True ynz=True cond=True claim_agree=True upper=2402.26111758  CERT
800957503,0,1 RHO mem=True nz=True ynz=True cond=True claim_agree=True upper=0.910760889238  CERT
800957503,0,1 T   mem=True nz=True ynz=True cond=True claim_agree=True upper=2560.13988362  CERT
806413161,0,1 RHO mem=True nz=True ynz=True cond=True claim_agree=True upper=0.885540493483  CERT
806413161,0,1 T   mem=True nz=True ynz=True cond=True claim_agree=True upper=2496.77291438  CERT
869673575,0,1 RHO mem=True nz=True ynz=True cond=True claim_agree=True upper=0.899486120959  CERT
869673575,0,1 T   mem=True nz=True ynz=True cond=True claim_agree=True upper=2193.47340284  CERT
898568907,0,1 RHO mem=True nz=True ynz=True cond=True claim_agree=True upper=0.933012276158  CERT
898568907,0,1 T   mem=True nz=True ynz=True cond=True claim_agree=True upper=2437.23717918  CERT
914090145,0,1 RHO mem=True nz=True ynz=True cond=True claim_agree=True upper=0.933012276158  CERT
914090145,0,1 T   mem=True nz=True ynz=True cond=True claim_agree=True upper=2733.46319583  CERT
928628312,0,1 RHO mem=True nz=True ynz=True cond=True claim_agree=True upper=0.873853010055  CERT
928628312,0,1 T   mem=True nz=True ynz=True cond=True claim_agree=True upper=1748.74301086  CERT
930794252,0,1 RHO mem=True nz=True ynz=True cond=True claim_agree=True upper=0.911015049037  CERT
930794252,0,1 T   mem=True nz=True ynz=True cond=True claim_agree=True upper=2714.76586072  CERT
940751359,0,1 RHO mem=True nz=True ynz=True cond=True claim_agree=True upper=0.911015049037  CERT
940751359,0,1 T   mem=True nz=True ynz=True cond=True claim_agree=True upper=2115.36828394  CERT
953162744,0,1 RHO mem=True nz=True ynz=True cond=True claim_agree=True upper=0.857648610965  CERT
953162744,0,1 T   mem=True nz=True ynz=True cond=True claim_agree=True upper=1770.58307922  CERT
FAMILY VERIFY n=7 l=1000666817 : EXCLUDED (components certified 32 / 32 ; lines 64 ; failed lines 0)
FAMILY VERIFY PASS
