FACTORIZATION: 32 irreducible factors of degree 2 over F_1000507841: OK (header deg/ncomp/bar_T agree)
15545159,0,1 RHO mem=True nz=True ynz=True cond=True claim_agree=True upper=0.972385668022  CERT
15545159,0,1 T   mem=True nz=True ynz=True cond=True claim_agree=True upper=2731.51201342  CERT
21954892,0,1 RHO mem=True nz=True ynz=True cond=True claim_agree=True upper=0.982038370671  CERT
21954892,0,1 T   mem=True nz=True ynz=True cond=True claim_agree=True upper=2942.73675739  CERT
22469107,0,1 RHO mem=True nz=True ynz=True cond=True claim_agree=True upper=0.977694888121  CERT
22469107,0,1 T   mem=True nz=True ynz=True cond=True claim_agree=True upper=2836.51389818  CERT
22520105,0,1 RHO mem=True nz=True ynz=True cond=True claim_agree=True upper=0.988687791409  CERT
22520105,0,1 T   mem=True nz=True ynz=True cond=True claim_agree=True upper=2773.71959801  CERT
38181795,0,1 RHO mem=True nz=True ynz=True cond=True claim_agree=True upper=0.973957697491  CERT
38181795,0,1 T   mem=True nz=True ynz=True cond=True claim_agree=True upper=2509.23981155  CERT
52413052,0,1 RHO mem=True nz=True ynz=True cond=True claim_agree=True upper=0.972655907906  CERT
52413052,0,1 T   mem=True nz=True ynz=True cond=True claim_agree=True upper=2961.06995638  CERT
131177393,0,1 RHO mem=True nz=True ynz=True cond=True claim_agree=True upper=0.939465792480  CERT
131177393,0,1 T   mem=True nz=True ynz=True cond=True claim_agree=True upper=3233.88721102  CERT
164683282,0,1 RHO mem=True nz=True ynz=True cond=True claim_agree=True upper=0.973185308100  CERT
164683282,0,1 T   mem=True nz=True ynz=True cond=True claim_agree=True upper=3262.95256634  CERT
187746873,0,1 RHO mem=True nz=True ynz=True cond=True claim_agree=True upper=0.973957697491  CERT
187746873,0,1 T   mem=True nz=True ynz=True cond=True claim_agree=True upper=2542.11989421  CERT
261662310,0,1 RHO mem=True nz=True ynz=True cond=True claim_agree=True upper=0.972655907906  CERT
261662310,0,1 T   mem=True nz=True ynz=True cond=True claim_agree=True upper=2124.74569684  CERT
314381289,0,1 RHO mem=True nz=True ynz=True cond=True claim_agree=True upper=0.964418335629  CERT
314381289,0,1 T   mem=True nz=True ynz=True cond=True claim_agree=True upper=2534.22914471  CERT
424084754,0,1 RHO mem=True nz=True ynz=True cond=True claim_agree=True upper=0.955945539438  CERT
424084754,0,1 T   mem=True nz=True ynz=True cond=True claim_agree=True upper=2461.49641700  CERT
439219845,0,1 RHO mem=True nz=True ynz=True cond=True claim_agree=True upper=0.972807364773  CERT
439219845,0,1 T   mem=True nz=True ynz=True cond=True claim_agree=True upper=2521.66978801  CERT
448361768,0,1 RHO mem=True nz=True ynz=True cond=True claim_agree=True upper=0.977694888121  CERT
448361768,0,1 T   mem=True nz=True ynz=True cond=True claim_agree=True upper=2721.61450276  CERT
470714514,0,1 RHO mem=True nz=True ynz=True cond=True claim_agree=True upper=0.939465792480  CERT
470714514,0,1 T   mem=True nz=True ynz=True cond=True claim_agree=True upper=2637.07000984  CERT
495176548,0,1 RHO mem=True nz=True ynz=True cond=True claim_agree=True upper=0.972385668022  CERT
495176548,0,1 T   mem=True nz=True ynz=True cond=True claim_agree=True upper=2533.68859466  CERT
505331293,0,1 RHO mem=True nz=True ynz=True cond=True claim_agree=True upper=0.927319823134  CERT
505331293,0,1 T   mem=True nz=True ynz=True cond=True claim_agree=True upper=2171.48975134  CERT
529793327,0,1 RHO mem=True nz=True ynz=True cond=True claim_agree=True upper=0.952753600853  CERT
529793327,0,1 T   mem=True nz=True ynz=True cond=True claim_agree=True upper=2144.34332175  CERT
552146073,0,1 RHO mem=True nz=True ynz=True cond=True claim_agree=True upper=0.982499567010  CERT
552146073,0,1 T   mem=True nz=True ynz=True cond=True claim_agree=True upper=2177.56272695  CERT
561287996,0,1 RHO mem=True nz=True ynz=True cond=True claim_agree=True upper=0.973185308100  CERT
561287996,0,1 T   mem=True nz=True ynz=True cond=True claim_agree=True upper=3015.52459236  CERT
576423087,0,1 RHO mem=True nz=True ynz=True cond=True claim_agree=True upper=0.982038370671  CERT
576423087,0,1 T   mem=True nz=True ynz=True cond=True claim_agree=True upper=2891.88729578  CERT
686126552,0,1 RHO mem=True nz=True ynz=True cond=True claim_agree=True upper=0.988687791409  CERT
686126552,0,1 T   mem=True nz=True ynz=True cond=True claim_agree=True upper=2602.03122186  CERT
738845531,0,1 RHO mem=True nz=True ynz=True cond=True claim_agree=True upper=0.954844199757  CERT
738845531,0,1 T   mem=True nz=True ynz=True cond=True claim_agree=True upper=2405.01894912  CERT
812760968,0,1 RHO mem=True nz=True ynz=True cond=True claim_agree=True upper=0.973250151661  CERT
812760968,0,1 T   mem=True nz=True ynz=True cond=True claim_agree=True upper=2603.76655834  CERT
835824559,0,1 RHO mem=True nz=True ynz=True cond=True claim_agree=True upper=0.972807364773  CERT
835824559,0,1 T   mem=True nz=True ynz=True cond=True claim_agree=True upper=3042.99294174  CERT
869330448,0,1 RHO mem=True nz=True ynz=True cond=True claim_agree=True upper=0.952753600853  CERT
869330448,0,1 T   mem=True nz=True ynz=True cond=True claim_agree=True upper=2887.51310670  CERT
948094789,0,1 RHO mem=True nz=True ynz=True cond=True claim_agree=True upper=0.954844199757  CERT
948094789,0,1 T   mem=True nz=True ynz=True cond=True claim_agree=True upper=2187.09878137  CERT
962326046,0,1 RHO mem=True nz=True ynz=True cond=True claim_agree=True upper=0.973250151661  CERT
962326046,0,1 T   mem=True nz=True ynz=True cond=True claim_agree=True upper=2574.89457539  CERT
977987736,0,1 RHO mem=True nz=True ynz=True cond=True claim_agree=True upper=0.964418335629  CERT
977987736,0,1 T   mem=True nz=True ynz=True cond=True claim_agree=True upper=2048.96206297  CERT
978038734,0,1 RHO mem=True nz=True ynz=True cond=True claim_agree=True upper=0.982499567010  CERT
978038734,0,1 T   mem=True nz=True ynz=True cond=True claim_agree=True upper=2827.04806011  CERT
978552949,0,1 RHO mem=True nz=True ynz=True cond=True claim_agree=True upper=0.955945539438  CERT
978552949,0,1 T   mem=True nz=True ynz=True cond=True claim_agree=True upper=2095.23781248  CERT
984962682,0,1 RHO mem=True nz=True ynz=True cond=True claim_agree=True upper=0.927319823134  CERT
984962682,0,1 T   mem=True nz=True ynz=True cond=True claim_agree=True upper=1890.86010140  CERT
FAMILY VERIFY n=7 l=1000507841 : EXCLUDED (components certified 32 / 32 ; lines 64 ; failed lines 0)
FAMILY VERIFY PASS
