FACTORIZATION: 32 irreducible factors of degree 2 over F_1000112833: OK (header deg/ncomp/bar_T agree)
6543825,0,1 RHO mem=True nz=True ynz=True cond=True claim_agree=True upper=0.904560706864  CERT
6543825,0,1 T   mem=True nz=True ynz=True cond=True claim_agree=True upper=2398.82855687  CERT
42707825,0,1 RHO mem=True nz=True ynz=True cond=True claim_agree=True upper=0.889266889937  CERT
42707825,0,1 T   mem=True nz=True ynz=True cond=True claim_agree=True upper=1969.29298944  CERT
108018132,0,1 RHO mem=True nz=True ynz=True cond=True claim_agree=True upper=0.895540055216  CERT
108018132,0,1 T   mem=True nz=True ynz=True cond=True claim_agree=True upper=2413.28297077  CERT
128590071,0,1 RHO mem=True nz=True ynz=True cond=True claim_agree=True upper=0.906018410314  CERT
128590071,0,1 T   mem=True nz=True ynz=True cond=True claim_agree=True upper=2364.76159226  CERT
161510220,0,1 RHO mem=True nz=True ynz=True cond=True claim_agree=True upper=0.920257587888  CERT
161510220,0,1 T   mem=True nz=True ynz=True cond=True claim_agree=True upper=2197.66092092  CERT
170135882,0,1 RHO mem=True nz=True ynz=True cond=True claim_agree=True upper=0.879860002407  CERT
170135882,0,1 T   mem=True nz=True ynz=True cond=True claim_agree=True upper=1529.29211060  CERT
189414910,0,1 RHO mem=True nz=True ynz=True cond=True claim_agree=True upper=0.918610912825  CERT
189414910,0,1 T   mem=True nz=True ynz=True cond=True claim_agree=True upper=1937.80370347  CERT
190694024,0,1 RHO mem=True nz=True ynz=True cond=True claim_agree=True upper=0.908286556259  CERT
190694024,0,1 T   mem=True nz=True ynz=True cond=True claim_agree=True upper=1935.82377201  CERT
204797513,0,1 RHO mem=True nz=True ynz=True cond=True claim_agree=True upper=0.897874202758  CERT
204797513,0,1 T   mem=True nz=True ynz=True cond=True claim_agree=True upper=1969.25330623  CERT
260070865,0,1 RHO mem=True nz=True ynz=True cond=True claim_agree=True upper=0.906018410314  CERT
260070865,0,1 T   mem=True nz=True ynz=True cond=True claim_agree=True upper=2055.00047786  CERT
274317419,0,1 RHO mem=True nz=True ynz=True cond=True claim_agree=True upper=0.850041775310  CERT
274317419,0,1 T   mem=True nz=True ynz=True cond=True claim_agree=True upper=1765.38434696  CERT
293461580,0,1 RHO mem=True nz=True ynz=True cond=True claim_agree=True upper=0.849180546230  CERT
293461580,0,1 T   mem=True nz=True ynz=True cond=True claim_agree=True upper=2344.41821963  CERT
319891615,0,1 RHO mem=True nz=True ynz=True cond=True claim_agree=True upper=0.924463270304  CERT
319891615,0,1 T   mem=True nz=True ynz=True cond=True claim_agree=True upper=2051.19139944  CERT
328948664,0,1 RHO mem=True nz=True ynz=True cond=True claim_agree=True upper=0.905322901903  CERT
328948664,0,1 T   mem=True nz=True ynz=True cond=True claim_agree=True upper=1993.33183441  CERT
410247702,0,1 RHO mem=True nz=True ynz=True cond=True claim_agree=True upper=0.908286556259  CERT
410247702,0,1 T   mem=True nz=True ynz=True cond=True claim_agree=True upper=2170.18587756  CERT
497158778,0,1 RHO mem=True nz=True ynz=True cond=True claim_agree=True upper=0.904560706864  CERT
497158778,0,1 T   mem=True nz=True ynz=True cond=True claim_agree=True upper=2118.92387851  CERT
502954055,0,1 RHO mem=True nz=True ynz=True cond=True claim_agree=True upper=0.866864639518  CERT
502954055,0,1 T   mem=True nz=True ynz=True cond=True claim_agree=True upper=2219.64153546  CERT
589865131,0,1 RHO mem=True nz=True ynz=True cond=True claim_agree=True upper=0.932792104219  CERT
589865131,0,1 T   mem=True nz=True ynz=True cond=True claim_agree=True upper=1984.96478579  CERT
671164169,0,1 RHO mem=True nz=True ynz=True cond=True claim_agree=True upper=0.889266889937  CERT
671164169,0,1 T   mem=True nz=True ynz=True cond=True claim_agree=True upper=1998.74068411  CERT
680221218,0,1 RHO mem=True nz=True ynz=True cond=True claim_agree=True upper=0.850041775310  CERT
680221218,0,1 T   mem=True nz=True ynz=True cond=True claim_agree=True upper=2259.06505423  CERT
706651253,0,1 RHO mem=True nz=True ynz=True cond=True claim_agree=True upper=0.920257587888  CERT
706651253,0,1 T   mem=True nz=True ynz=True cond=True claim_agree=True upper=2266.24247308  CERT
725795414,0,1 RHO mem=True nz=True ynz=True cond=True claim_agree=True upper=0.924463270304  CERT
725795414,0,1 T   mem=True nz=True ynz=True cond=True claim_agree=True upper=2508.27553586  CERT
740041968,0,1 RHO mem=True nz=True ynz=True cond=True claim_agree=True upper=0.915985724098  CERT
740041968,0,1 T   mem=True nz=True ynz=True cond=True claim_agree=True upper=1839.40277215  CERT
795315320,0,1 RHO mem=True nz=True ynz=True cond=True claim_agree=True upper=0.895540055216  CERT
795315320,0,1 T   mem=True nz=True ynz=True cond=True claim_agree=True upper=2269.69767487  CERT
809418809,0,1 RHO mem=True nz=True ynz=True cond=True claim_agree=True upper=0.932792104219  CERT
809418809,0,1 T   mem=True nz=True ynz=True cond=True claim_agree=True upper=2671.85625479  CERT
810697923,0,1 RHO mem=True nz=True ynz=True cond=True claim_agree=True upper=0.879860002407  CERT
810697923,0,1 T   mem=True nz=True ynz=True cond=True claim_agree=True upper=2420.25750055  CERT
829976951,0,1 RHO mem=True nz=True ynz=True cond=True claim_agree=True upper=0.918610912825  CERT
829976951,0,1 T   mem=True nz=True ynz=True cond=True claim_agree=True upper=2005.74563109  CERT
838602613,0,1 RHO mem=True nz=True ynz=True cond=True claim_agree=True upper=0.849180546230  CERT
838602613,0,1 T   mem=True nz=True ynz=True cond=True claim_agree=True upper=2368.72460259  CERT
871522762,0,1 RHO mem=True nz=True ynz=True cond=True claim_agree=True upper=0.915985724098  CERT
871522762,0,1 T   mem=True nz=True ynz=True cond=True claim_agree=True upper=2515.50190386  CERT
892094701,0,1 RHO mem=True nz=True ynz=True cond=True claim_agree=True upper=0.897874202758  CERT
892094701,0,1 T   mem=True nz=True ynz=True cond=True claim_agree=True upper=1607.00044862  CERT
957405008,0,1 RHO mem=True nz=True ynz=True cond=True claim_agree=True upper=0.905322901903  CERT
957405008,0,1 T   mem=True nz=True ynz=True cond=True claim_agree=True upper=2064.72299401  CERT
993569008,0,1 RHO mem=True nz=True ynz=True cond=True claim_agree=True upper=0.866864639518  CERT
993569008,0,1 T   mem=True nz=True ynz=True cond=True claim_agree=True upper=1547.28903345  CERT
FAMILY VERIFY n=7 l=1000112833 : EXCLUDED (components certified 32 / 32 ; lines 64 ; failed lines 0)
FAMILY VERIFY PASS
