FACTORIZATION: 32 irreducible factors of degree 2 over F_1000679873: OK (header deg/ncomp/bar_T agree)
68239504,0,1 RHO mem=True nz=True ynz=True cond=True claim_agree=True upper=0.939060047856  CERT
68239504,0,1 T   mem=True nz=True ynz=True cond=True claim_agree=True upper=2518.40629541  CERT
164940163,0,1 RHO mem=True nz=True ynz=True cond=True claim_agree=True upper=0.965903378713  CERT
164940163,0,1 T   mem=True nz=True ynz=True cond=True claim_agree=True upper=2839.04684266  CERT
200298315,0,1 RHO mem=True nz=True ynz=True cond=True claim_agree=True upper=0.937588466190  CERT
200298315,0,1 T   mem=True nz=True ynz=True cond=True claim_agree=True upper=2186.86550065  CERT
204433287,0,1 RHO mem=True nz=True ynz=True cond=True claim_agree=True upper=0.958280076448  CERT
204433287,0,1 T   mem=True nz=True ynz=True cond=True claim_agree=True upper=2110.76264945  CERT
277311327,0,1 RHO mem=True nz=True ynz=True cond=True claim_agree=True upper=0.929871166996  CERT
277311327,0,1 T   mem=True nz=True ynz=True cond=True claim_agree=True upper=2495.98084264  CERT
290206030,0,1 RHO mem=True nz=True ynz=True cond=True claim_agree=True upper=0.908926960386  CERT
290206030,0,1 T   mem=True nz=True ynz=True cond=True claim_agree=True upper=2621.59201867  CERT
298519106,0,1 RHO mem=True nz=True ynz=True cond=True claim_agree=True upper=0.955875421534  CERT
298519106,0,1 T   mem=True nz=True ynz=True cond=True claim_agree=True upper=2299.64660400  CERT
307445567,0,1 RHO mem=True nz=True ynz=True cond=True claim_agree=True upper=0.939060047856  CERT
307445567,0,1 T   mem=True nz=True ynz=True cond=True claim_agree=True upper=2909.34887494  CERT
311356767,0,1 RHO mem=True nz=True ynz=True cond=True claim_agree=True upper=0.929871166996  CERT
311356767,0,1 T   mem=True nz=True ynz=True cond=True claim_agree=True upper=2650.38981555  CERT
378048011,0,1 RHO mem=True nz=True ynz=True cond=True claim_agree=True upper=0.908926960386  CERT
378048011,0,1 T   mem=True nz=True ynz=True cond=True claim_agree=True upper=2196.54442043  CERT
380404120,0,1 RHO mem=True nz=True ynz=True cond=True claim_agree=True upper=0.955484671799  CERT
380404120,0,1 T   mem=True nz=True ynz=True cond=True claim_agree=True upper=2151.26064202  CERT
401540869,0,1 RHO mem=True nz=True ynz=True cond=True claim_agree=True upper=0.949774287603  CERT
401540869,0,1 T   mem=True nz=True ynz=True cond=True claim_agree=True upper=2399.10920041  CERT
405608083,0,1 RHO mem=True nz=True ynz=True cond=True claim_agree=True upper=0.935185183232  CERT
405608083,0,1 T   mem=True nz=True ynz=True cond=True claim_agree=True upper=2523.04777789  CERT
408925169,0,1 RHO mem=True nz=True ynz=True cond=True claim_agree=True upper=0.927671429219  CERT
408925169,0,1 T   mem=True nz=True ynz=True cond=True claim_agree=True upper=2421.84523980  CERT
424191844,0,1 RHO mem=True nz=True ynz=True cond=True claim_agree=True upper=0.944541279111  CERT
424191844,0,1 T   mem=True nz=True ynz=True cond=True claim_agree=True upper=2991.97538233  CERT
489882472,0,1 RHO mem=True nz=True ynz=True cond=True claim_agree=True upper=0.920748913745  CERT
489882472,0,1 T   mem=True nz=True ynz=True cond=True claim_agree=True upper=1658.29523329  CERT
510797401,0,1 RHO mem=True nz=True ynz=True cond=True claim_agree=True upper=0.955875421534  CERT
510797401,0,1 T   mem=True nz=True ynz=True cond=True claim_agree=True upper=2258.82927989  CERT
576488029,0,1 RHO mem=True nz=True ynz=True cond=True claim_agree=True upper=0.927671429219  CERT
576488029,0,1 T   mem=True nz=True ynz=True cond=True claim_agree=True upper=2090.82476342  CERT
591754704,0,1 RHO mem=True nz=True ynz=True cond=True claim_agree=True upper=0.944541279111  CERT
591754704,0,1 T   mem=True nz=True ynz=True cond=True claim_agree=True upper=2398.98443458  CERT
595071790,0,1 RHO mem=True nz=True ynz=True cond=True claim_agree=True upper=0.965903378713  CERT
595071790,0,1 T   mem=True nz=True ynz=True cond=True claim_agree=True upper=2383.42596710  CERT
599139004,0,1 RHO mem=True nz=True ynz=True cond=True claim_agree=True upper=0.958280076448  CERT
599139004,0,1 T   mem=True nz=True ynz=True cond=True claim_agree=True upper=2996.98646501  CERT
620275753,0,1 RHO mem=True nz=True ynz=True cond=True claim_agree=True upper=0.937588466190  CERT
620275753,0,1 T   mem=True nz=True ynz=True cond=True claim_agree=True upper=1942.76740822  CERT
622631862,0,1 RHO mem=True nz=True ynz=True cond=True claim_agree=True upper=0.941749836665  CERT
622631862,0,1 T   mem=True nz=True ynz=True cond=True claim_agree=True upper=2817.11837835  CERT
689323106,0,1 RHO mem=True nz=True ynz=True cond=True claim_agree=True upper=0.977098202249  CERT
689323106,0,1 T   mem=True nz=True ynz=True cond=True claim_agree=True upper=2550.86096072  CERT
693234306,0,1 RHO mem=True nz=True ynz=True cond=True claim_agree=True upper=0.899150180867  CERT
693234306,0,1 T   mem=True nz=True ynz=True cond=True claim_agree=True upper=1929.07273043  CERT
702160767,0,1 RHO mem=True nz=True ynz=True cond=True claim_agree=True upper=0.920748913745  CERT
702160767,0,1 T   mem=True nz=True ynz=True cond=True claim_agree=True upper=1845.89169595  CERT
710473843,0,1 RHO mem=True nz=True ynz=True cond=True claim_agree=True upper=0.941749836665  CERT
710473843,0,1 T   mem=True nz=True ynz=True cond=True claim_agree=True upper=2587.68291808  CERT
723368546,0,1 RHO mem=True nz=True ynz=True cond=True claim_agree=True upper=0.961031863139  CERT
723368546,0,1 T   mem=True nz=True ynz=True cond=True claim_agree=True upper=2323.99122582  CERT
796246586,0,1 RHO mem=True nz=True ynz=True cond=True claim_agree=True upper=0.949774287603  CERT
796246586,0,1 T   mem=True nz=True ynz=True cond=True claim_agree=True upper=2878.25183775  CERT
800381558,0,1 RHO mem=True nz=True ynz=True cond=True claim_agree=True upper=0.955484671799  CERT
800381558,0,1 T   mem=True nz=True ynz=True cond=True claim_agree=True upper=2409.68147189  CERT
835739710,0,1 RHO mem=True nz=True ynz=True cond=True claim_agree=True upper=0.935185183232  CERT
835739710,0,1 T   mem=True nz=True ynz=True cond=True claim_agree=True upper=2686.42340682  CERT
932440369,0,1 RHO mem=True nz=True ynz=True cond=True claim_agree=True upper=0.899150180867  CERT
932440369,0,1 T   mem=True nz=True ynz=True cond=True claim_agree=True upper=1984.39030712  CERT
FAMILY VERIFY n=7 l=1000679873 : EXCLUDED (components certified 32 / 32 ; lines 64 ; failed lines 0)
FAMILY VERIFY PASS
