FACTORIZATION: 32 irreducible factors of degree 2 over F_1001054017: OK (header deg/ncomp/bar_T agree)
15995972,0,1 RHO mem=True nz=True ynz=True cond=True claim_agree=True upper=0.921620331889  CERT
15995972,0,1 T   mem=True nz=True ynz=True cond=True claim_agree=True upper=3131.41587229  CERT
23297053,0,1 RHO mem=True nz=True ynz=True cond=True claim_agree=True upper=0.989754719894  CERT
23297053,0,1 T   mem=True nz=True ynz=True cond=True claim_agree=True upper=2667.09361972  CERT
50244476,0,1 RHO mem=True nz=True ynz=True cond=True claim_agree=True upper=0.921620331889  CERT
50244476,0,1 T   mem=True nz=True ynz=True cond=True claim_agree=True upper=1873.41886412  CERT
103495632,0,1 RHO mem=True nz=True ynz=True cond=True claim_agree=True upper=0.956644641595  CERT
103495632,0,1 T   mem=True nz=True ynz=True cond=True claim_agree=True upper=2641.63768987  CERT
234847460,0,1 RHO mem=True nz=True ynz=True cond=True claim_agree=True upper=0.917236685657  CERT
234847460,0,1 T   mem=True nz=True ynz=True cond=True claim_agree=True upper=2614.91642755  CERT
296413556,0,1 RHO mem=True nz=True ynz=True cond=True claim_agree=True upper=0.933983709383  CERT
296413556,0,1 T   mem=True nz=True ynz=True cond=True claim_agree=True upper=2048.33257891  CERT
346718946,0,1 RHO mem=True nz=True ynz=True cond=True claim_agree=True upper=0.937267497142  CERT
346718946,0,1 T   mem=True nz=True ynz=True cond=True claim_agree=True upper=2384.57238857  CERT
350310115,0,1 RHO mem=True nz=True ynz=True cond=True claim_agree=True upper=0.933131227639  CERT
350310115,0,1 T   mem=True nz=True ynz=True cond=True claim_agree=True upper=2550.91982175  CERT
371283244,0,1 RHO mem=True nz=True ynz=True cond=True claim_agree=True upper=0.925116705728  CERT
371283244,0,1 T   mem=True nz=True ynz=True cond=True claim_agree=True upper=2940.42809812  CERT
372209475,0,1 RHO mem=True nz=True ynz=True cond=True claim_agree=True upper=0.937267497142  CERT
372209475,0,1 T   mem=True nz=True ynz=True cond=True claim_agree=True upper=2575.34270038  CERT
374657369,0,1 RHO mem=True nz=True ynz=True cond=True claim_agree=True upper=0.962391836294  CERT
374657369,0,1 T   mem=True nz=True ynz=True cond=True claim_agree=True upper=2560.86998565  CERT
436628772,0,1 RHO mem=True nz=True ynz=True cond=True claim_agree=True upper=0.917991847648  CERT
436628772,0,1 T   mem=True nz=True ynz=True cond=True claim_agree=True upper=2449.15294920  CERT
445524873,0,1 RHO mem=True nz=True ynz=True cond=True claim_agree=True upper=0.968966614736  CERT
445524873,0,1 T   mem=True nz=True ynz=True cond=True claim_agree=True upper=3020.43853044  CERT
450922015,0,1 RHO mem=True nz=True ynz=True cond=True claim_agree=True upper=0.933983709383  CERT
450922015,0,1 T   mem=True nz=True ynz=True cond=True claim_agree=True upper=2648.44587174  CERT
463576104,0,1 RHO mem=True nz=True ynz=True cond=True claim_agree=True upper=0.968966614736  CERT
463576104,0,1 T   mem=True nz=True ynz=True cond=True claim_agree=True upper=2150.73068500  CERT
479827346,0,1 RHO mem=True nz=True ynz=True cond=True claim_agree=True upper=0.962391836294  CERT
479827346,0,1 T   mem=True nz=True ynz=True cond=True claim_agree=True upper=2416.31283271  CERT
521226671,0,1 RHO mem=True nz=True ynz=True cond=True claim_agree=True upper=0.955830452579  CERT
521226671,0,1 T   mem=True nz=True ynz=True cond=True claim_agree=True upper=2765.88581990  CERT
537477913,0,1 RHO mem=True nz=True ynz=True cond=True claim_agree=True upper=0.955939688298  CERT
537477913,0,1 T   mem=True nz=True ynz=True cond=True claim_agree=True upper=2434.95812429  CERT
550132002,0,1 RHO mem=True nz=True ynz=True cond=True claim_agree=True upper=0.927809272273  CERT
550132002,0,1 T   mem=True nz=True ynz=True cond=True claim_agree=True upper=2788.65383332  CERT
555529144,0,1 RHO mem=True nz=True ynz=True cond=True claim_agree=True upper=0.955939688298  CERT
555529144,0,1 T   mem=True nz=True ynz=True cond=True claim_agree=True upper=2817.51900961  CERT
564425245,0,1 RHO mem=True nz=True ynz=True cond=True claim_agree=True upper=0.925116705728  CERT
564425245,0,1 T   mem=True nz=True ynz=True cond=True claim_agree=True upper=3041.96654235  CERT
626396648,0,1 RHO mem=True nz=True ynz=True cond=True claim_agree=True upper=0.955830452579  CERT
626396648,0,1 T   mem=True nz=True ynz=True cond=True claim_agree=True upper=2270.87131539  CERT
628844542,0,1 RHO mem=True nz=True ynz=True cond=True claim_agree=True upper=0.921012132221  CERT
628844542,0,1 T   mem=True nz=True ynz=True cond=True claim_agree=True upper=1738.86205731  CERT
629770773,0,1 RHO mem=True nz=True ynz=True cond=True claim_agree=True upper=0.917991847648  CERT
629770773,0,1 T   mem=True nz=True ynz=True cond=True claim_agree=True upper=1835.92437018  CERT
650743902,0,1 RHO mem=True nz=True ynz=True cond=True claim_agree=True upper=0.956644641595  CERT
650743902,0,1 T   mem=True nz=True ynz=True cond=True claim_agree=True upper=2928.48892645  CERT
654335071,0,1 RHO mem=True nz=True ynz=True cond=True claim_agree=True upper=0.921012132221  CERT
654335071,0,1 T   mem=True nz=True ynz=True cond=True claim_agree=True upper=2139.90229598  CERT
704640461,0,1 RHO mem=True nz=True ynz=True cond=True claim_agree=True upper=0.927809272273  CERT
704640461,0,1 T   mem=True nz=True ynz=True cond=True claim_agree=True upper=3279.33216664  CERT
766206557,0,1 RHO mem=True nz=True ynz=True cond=True claim_agree=True upper=0.989754719894  CERT
766206557,0,1 T   mem=True nz=True ynz=True cond=True claim_agree=True upper=2880.19458694  CERT
897558385,0,1 RHO mem=True nz=True ynz=True cond=True claim_agree=True upper=0.933131227639  CERT
897558385,0,1 T   mem=True nz=True ynz=True cond=True claim_agree=True upper=2769.89271095  CERT
950809541,0,1 RHO mem=True nz=True ynz=True cond=True claim_agree=True upper=0.949428686988  CERT
950809541,0,1 T   mem=True nz=True ynz=True cond=True claim_agree=True upper=2123.23078366  CERT
977756964,0,1 RHO mem=True nz=True ynz=True cond=True claim_agree=True upper=0.917236685657  CERT
977756964,0,1 T   mem=True nz=True ynz=True cond=True claim_agree=True upper=2500.94417513  CERT
985058045,0,1 RHO mem=True nz=True ynz=True cond=True claim_agree=True upper=0.949428686988  CERT
985058045,0,1 T   mem=True nz=True ynz=True cond=True claim_agree=True upper=2553.23509167  CERT
FAMILY VERIFY n=7 l=1001054017 : EXCLUDED (components certified 32 / 32 ; lines 64 ; failed lines 0)
FAMILY VERIFY PASS
