FACTORIZATION: 32 irreducible factors of degree 2 over F_1000533953: OK (header deg/ncomp/bar_T agree)
39956175,0,1 RHO mem=True nz=True ynz=True cond=True claim_agree=True upper=0.887663734867  CERT
39956175,0,1 T   mem=True nz=True ynz=True cond=True claim_agree=True upper=1353.46570369  CERT
46572021,0,1 RHO mem=True nz=True ynz=True cond=True claim_agree=True upper=0.903076317834  CERT
46572021,0,1 T   mem=True nz=True ynz=True cond=True claim_agree=True upper=2837.88888830  CERT
112998860,0,1 RHO mem=True nz=True ynz=True cond=True claim_agree=True upper=0.893639304587  CERT
112998860,0,1 T   mem=True nz=True ynz=True cond=True claim_agree=True upper=1467.22636384  CERT
122909480,0,1 RHO mem=True nz=True ynz=True cond=True claim_agree=True upper=0.879762738801  CERT
122909480,0,1 T   mem=True nz=True ynz=True cond=True claim_agree=True upper=2864.75938039  CERT
128197469,0,1 RHO mem=True nz=True ynz=True cond=True claim_agree=True upper=0.896443180209  CERT
128197469,0,1 T   mem=True nz=True ynz=True cond=True claim_agree=True upper=2278.84242818  CERT
152935929,0,1 RHO mem=True nz=True ynz=True cond=True claim_agree=True upper=0.893639304587  CERT
152935929,0,1 T   mem=True nz=True ynz=True cond=True claim_agree=True upper=1994.05355825  CERT
153903081,0,1 RHO mem=True nz=True ynz=True cond=True claim_agree=True upper=0.942674606662  CERT
153903081,0,1 T   mem=True nz=True ynz=True cond=True claim_agree=True upper=2262.64128444  CERT
190683548,0,1 RHO mem=True nz=True ynz=True cond=True claim_agree=True upper=0.954499642773  CERT
190683548,0,1 T   mem=True nz=True ynz=True cond=True claim_agree=True upper=1895.24966803  CERT
195446085,0,1 RHO mem=True nz=True ynz=True cond=True claim_agree=True upper=0.954078616109  CERT
195446085,0,1 T   mem=True nz=True ynz=True cond=True claim_agree=True upper=2231.97569615  CERT
225343092,0,1 RHO mem=True nz=True ynz=True cond=True claim_agree=True upper=0.863772963525  CERT
225343092,0,1 T   mem=True nz=True ynz=True cond=True claim_agree=True upper=1670.52792869  CERT
258458909,0,1 RHO mem=True nz=True ynz=True cond=True claim_agree=True upper=0.931301778417  CERT
258458909,0,1 T   mem=True nz=True ynz=True cond=True claim_agree=True upper=1612.95734011  CERT
284266949,0,1 RHO mem=True nz=True ynz=True cond=True claim_agree=True upper=0.944443172313  CERT
284266949,0,1 T   mem=True nz=True ynz=True cond=True claim_agree=True upper=2105.27692097  CERT
354396784,0,1 RHO mem=True nz=True ynz=True cond=True claim_agree=True upper=0.887663734867  CERT
354396784,0,1 T   mem=True nz=True ynz=True cond=True claim_agree=True upper=2741.64625605  CERT
388387100,0,1 RHO mem=True nz=True ynz=True cond=True claim_agree=True upper=0.944416660186  CERT
388387100,0,1 T   mem=True nz=True ynz=True cond=True claim_agree=True upper=2715.41716211  CERT
429805992,0,1 RHO mem=True nz=True ynz=True cond=True claim_agree=True upper=0.905789463194  CERT
429805992,0,1 T   mem=True nz=True ynz=True cond=True claim_agree=True upper=1832.45452977  CERT
432256620,0,1 RHO mem=True nz=True ynz=True cond=True claim_agree=True upper=0.942674606662  CERT
432256620,0,1 T   mem=True nz=True ynz=True cond=True claim_agree=True upper=2400.54822068  CERT
568277333,0,1 RHO mem=True nz=True ynz=True cond=True claim_agree=True upper=0.890057870852  CERT
568277333,0,1 T   mem=True nz=True ynz=True cond=True claim_agree=True upper=1911.95667243  CERT
570727961,0,1 RHO mem=True nz=True ynz=True cond=True claim_agree=True upper=0.944416660186  CERT
570727961,0,1 T   mem=True nz=True ynz=True cond=True claim_agree=True upper=2619.82095178  CERT
612146853,0,1 RHO mem=True nz=True ynz=True cond=True claim_agree=True upper=0.905789463194  CERT
612146853,0,1 T   mem=True nz=True ynz=True cond=True claim_agree=True upper=1787.72452007  CERT
646137169,0,1 RHO mem=True nz=True ynz=True cond=True claim_agree=True upper=0.954454281157  CERT
646137169,0,1 T   mem=True nz=True ynz=True cond=True claim_agree=True upper=1942.21062114  CERT
716267004,0,1 RHO mem=True nz=True ynz=True cond=True claim_agree=True upper=0.879762738801  CERT
716267004,0,1 T   mem=True nz=True ynz=True cond=True claim_agree=True upper=1288.00871013  CERT
742075044,0,1 RHO mem=True nz=True ynz=True cond=True claim_agree=True upper=0.903076317834  CERT
742075044,0,1 T   mem=True nz=True ynz=True cond=True claim_agree=True upper=2187.77990798  CERT
775190861,0,1 RHO mem=True nz=True ynz=True cond=True claim_agree=True upper=0.954499642773  CERT
775190861,0,1 T   mem=True nz=True ynz=True cond=True claim_agree=True upper=2637.29634016  CERT
805087868,0,1 RHO mem=True nz=True ynz=True cond=True claim_agree=True upper=0.896443180209  CERT
805087868,0,1 T   mem=True nz=True ynz=True cond=True claim_agree=True upper=1660.56446717  CERT
809850405,0,1 RHO mem=True nz=True ynz=True cond=True claim_agree=True upper=0.863772963525  CERT
809850405,0,1 T   mem=True nz=True ynz=True cond=True claim_agree=True upper=1534.34125061  CERT
846630872,0,1 RHO mem=True nz=True ynz=True cond=True claim_agree=True upper=0.890057870852  CERT
846630872,0,1 T   mem=True nz=True ynz=True cond=True claim_agree=True upper=1711.05754515  CERT
847598024,0,1 RHO mem=True nz=True ynz=True cond=True claim_agree=True upper=0.944383675166  CERT
847598024,0,1 T   mem=True nz=True ynz=True cond=True claim_agree=True upper=2029.31042054  CERT
872336484,0,1 RHO mem=True nz=True ynz=True cond=True claim_agree=True upper=0.954078616109  CERT
872336484,0,1 T   mem=True nz=True ynz=True cond=True claim_agree=True upper=2144.56313110  CERT
877624473,0,1 RHO mem=True nz=True ynz=True cond=True claim_agree=True upper=0.944443172313  CERT
877624473,0,1 T   mem=True nz=True ynz=True cond=True claim_agree=True upper=2120.15835353  CERT
887535093,0,1 RHO mem=True nz=True ynz=True cond=True claim_agree=True upper=0.944383675166  CERT
887535093,0,1 T   mem=True nz=True ynz=True cond=True claim_agree=True upper=2045.01159039  CERT
953961932,0,1 RHO mem=True nz=True ynz=True cond=True claim_agree=True upper=0.931301778417  CERT
953961932,0,1 T   mem=True nz=True ynz=True cond=True claim_agree=True upper=2261.71319292  CERT
960577778,0,1 RHO mem=True nz=True ynz=True cond=True claim_agree=True upper=0.954454281157  CERT
960577778,0,1 T   mem=True nz=True ynz=True cond=True claim_agree=True upper=2110.89989416  CERT
FAMILY VERIFY n=7 l=1000533953 : EXCLUDED (components certified 32 / 32 ; lines 64 ; failed lines 0)
FAMILY VERIFY PASS
