FACTORIZATION: 32 irreducible factors of degree 2 over F_1001240257: OK (header deg/ncomp/bar_T agree)
37669002,0,1 RHO mem=True nz=True ynz=True cond=True claim_agree=True upper=0.911617137429  CERT
37669002,0,1 T   mem=True nz=True ynz=True cond=True claim_agree=True upper=2500.80973075  CERT
85918317,0,1 RHO mem=True nz=True ynz=True cond=True claim_agree=True upper=0.965066592458  CERT
85918317,0,1 T   mem=True nz=True ynz=True cond=True claim_agree=True upper=2701.02465553  CERT
100556518,0,1 RHO mem=True nz=True ynz=True cond=True claim_agree=True upper=0.927521646353  CERT
100556518,0,1 T   mem=True nz=True ynz=True cond=True claim_agree=True upper=2050.30916124  CERT
124589406,0,1 RHO mem=True nz=True ynz=True cond=True claim_agree=True upper=0.965113833738  CERT
124589406,0,1 T   mem=True nz=True ynz=True cond=True claim_agree=True upper=2776.10929815  CERT
154081763,0,1 RHO mem=True nz=True ynz=True cond=True claim_agree=True upper=0.931685268628  CERT
154081763,0,1 T   mem=True nz=True ynz=True cond=True claim_agree=True upper=2567.45121167  CERT
208003672,0,1 RHO mem=True nz=True ynz=True cond=True claim_agree=True upper=0.977550236337  CERT
208003672,0,1 T   mem=True nz=True ynz=True cond=True claim_agree=True upper=2719.81780087  CERT
221943735,0,1 RHO mem=True nz=True ynz=True cond=True claim_agree=True upper=0.928399969298  CERT
221943735,0,1 T   mem=True nz=True ynz=True cond=True claim_agree=True upper=2186.62419152  CERT
257709413,0,1 RHO mem=True nz=True ynz=True cond=True claim_agree=True upper=0.959864041667  CERT
257709413,0,1 T   mem=True nz=True ynz=True cond=True claim_agree=True upper=2534.40544237  CERT
272227822,0,1 RHO mem=True nz=True ynz=True cond=True claim_agree=True upper=0.928399969298  CERT
272227822,0,1 T   mem=True nz=True ynz=True cond=True claim_agree=True upper=2321.08558953  CERT
295892435,0,1 RHO mem=True nz=True ynz=True cond=True claim_agree=True upper=0.956867246437  CERT
295892435,0,1 T   mem=True nz=True ynz=True cond=True claim_agree=True upper=2531.41917124  CERT
316251941,0,1 RHO mem=True nz=True ynz=True cond=True claim_agree=True upper=0.918732349300  CERT
316251941,0,1 T   mem=True nz=True ynz=True cond=True claim_agree=True upper=2039.09006267  CERT
379774559,0,1 RHO mem=True nz=True ynz=True cond=True claim_agree=True upper=0.915262970058  CERT
379774559,0,1 T   mem=True nz=True ynz=True cond=True claim_agree=True upper=2338.62558419  CERT
423161347,0,1 RHO mem=True nz=True ynz=True cond=True claim_agree=True upper=0.931685268628  CERT
423161347,0,1 T   mem=True nz=True ynz=True cond=True claim_agree=True upper=2338.63787243  CERT
443125487,0,1 RHO mem=True nz=True ynz=True cond=True claim_agree=True upper=0.965113833738  CERT
443125487,0,1 T   mem=True nz=True ynz=True cond=True claim_agree=True upper=2768.63547538  CERT
444738931,0,1 RHO mem=True nz=True ynz=True cond=True claim_agree=True upper=0.927521646353  CERT
444738931,0,1 T   mem=True nz=True ynz=True cond=True claim_agree=True upper=2490.42317554  CERT
487252640,0,1 RHO mem=True nz=True ynz=True cond=True claim_agree=True upper=0.945373369385  CERT
487252640,0,1 T   mem=True nz=True ynz=True cond=True claim_agree=True upper=2416.18302958  CERT
513987617,0,1 RHO mem=True nz=True ynz=True cond=True claim_agree=True upper=0.918732349300  CERT
513987617,0,1 T   mem=True nz=True ynz=True cond=True claim_agree=True upper=2261.34341852  CERT
556501326,0,1 RHO mem=True nz=True ynz=True cond=True claim_agree=True upper=0.936083830140  CERT
556501326,0,1 T   mem=True nz=True ynz=True cond=True claim_agree=True upper=2397.25356462  CERT
558114770,0,1 RHO mem=True nz=True ynz=True cond=True claim_agree=True upper=0.922100468008  CERT
558114770,0,1 T   mem=True nz=True ynz=True cond=True claim_agree=True upper=2712.70239138  CERT
578078910,0,1 RHO mem=True nz=True ynz=True cond=True claim_agree=True upper=0.899917883246  CERT
578078910,0,1 T   mem=True nz=True ynz=True cond=True claim_agree=True upper=1984.15607915  CERT
621465698,0,1 RHO mem=True nz=True ynz=True cond=True claim_agree=True upper=0.965066592458  CERT
621465698,0,1 T   mem=True nz=True ynz=True cond=True claim_agree=True upper=2829.26944485  CERT
684988316,0,1 RHO mem=True nz=True ynz=True cond=True claim_agree=True upper=0.945373369385  CERT
684988316,0,1 T   mem=True nz=True ynz=True cond=True claim_agree=True upper=2403.25531631  CERT
705347822,0,1 RHO mem=True nz=True ynz=True cond=True claim_agree=True upper=0.959864041667  CERT
705347822,0,1 T   mem=True nz=True ynz=True cond=True claim_agree=True upper=2781.76044758  CERT
729012435,0,1 RHO mem=True nz=True ynz=True cond=True claim_agree=True upper=0.949879033411  CERT
729012435,0,1 T   mem=True nz=True ynz=True cond=True claim_agree=True upper=2446.02031488  CERT
743530844,0,1 RHO mem=True nz=True ynz=True cond=True claim_agree=True upper=0.956867246437  CERT
743530844,0,1 T   mem=True nz=True ynz=True cond=True claim_agree=True upper=2511.14098402  CERT
779296522,0,1 RHO mem=True nz=True ynz=True cond=True claim_agree=True upper=0.949879033411  CERT
779296522,0,1 T   mem=True nz=True ynz=True cond=True claim_agree=True upper=2696.91299989  CERT
793236585,0,1 RHO mem=True nz=True ynz=True cond=True claim_agree=True upper=0.911617137429  CERT
793236585,0,1 T   mem=True nz=True ynz=True cond=True claim_agree=True upper=2368.56523050  CERT
847158494,0,1 RHO mem=True nz=True ynz=True cond=True claim_agree=True upper=0.899917883246  CERT
847158494,0,1 T   mem=True nz=True ynz=True cond=True claim_agree=True upper=2083.27520803  CERT
876650851,0,1 RHO mem=True nz=True ynz=True cond=True claim_agree=True upper=0.922100468008  CERT
876650851,0,1 T   mem=True nz=True ynz=True cond=True claim_agree=True upper=2467.41235805  CERT
900683739,0,1 RHO mem=True nz=True ynz=True cond=True claim_agree=True upper=0.936083830140  CERT
900683739,0,1 T   mem=True nz=True ynz=True cond=True claim_agree=True upper=2391.49662045  CERT
915321940,0,1 RHO mem=True nz=True ynz=True cond=True claim_agree=True upper=0.915262970058  CERT
915321940,0,1 T   mem=True nz=True ynz=True cond=True claim_agree=True upper=2054.79526014  CERT
963571255,0,1 RHO mem=True nz=True ynz=True cond=True claim_agree=True upper=0.977550236337  CERT
963571255,0,1 T   mem=True nz=True ynz=True cond=True claim_agree=True upper=2780.08948709  CERT
FAMILY VERIFY n=7 l=1001240257 : EXCLUDED (components certified 32 / 32 ; lines 64 ; failed lines 0)
FAMILY VERIFY PASS
