FACTORIZATION: 32 irreducible factors of degree 2 over F_1000331329: OK (header deg/ncomp/bar_T agree)
44190343,0,1 RHO mem=True nz=True ynz=True cond=True claim_agree=True upper=0.949278567829  CERT
44190343,0,1 T   mem=True nz=True ynz=True cond=True claim_agree=True upper=1976.66651207  CERT
45868606,0,1 RHO mem=True nz=True ynz=True cond=True claim_agree=True upper=0.948702024049  CERT
45868606,0,1 T   mem=True nz=True ynz=True cond=True claim_agree=True upper=2552.78674644  CERT
48393531,0,1 RHO mem=True nz=True ynz=True cond=True claim_agree=True upper=0.943269439038  CERT
48393531,0,1 T   mem=True nz=True ynz=True cond=True claim_agree=True upper=1615.81679931  CERT
50753231,0,1 RHO mem=True nz=True ynz=True cond=True claim_agree=True upper=0.932864528422  CERT
50753231,0,1 T   mem=True nz=True ynz=True cond=True claim_agree=True upper=2706.14296610  CERT
51297300,0,1 RHO mem=True nz=True ynz=True cond=True claim_agree=True upper=0.949651167651  CERT
51297300,0,1 T   mem=True nz=True ynz=True cond=True claim_agree=True upper=2137.01368603  CERT
133344075,0,1 RHO mem=True nz=True ynz=True cond=True claim_agree=True upper=0.948702024049  CERT
133344075,0,1 T   mem=True nz=True ynz=True cond=True claim_agree=True upper=2060.86235409  CERT
152382623,0,1 RHO mem=True nz=True ynz=True cond=True claim_agree=True upper=0.904239529656  CERT
152382623,0,1 T   mem=True nz=True ynz=True cond=True claim_agree=True upper=1587.74572310  CERT
178949174,0,1 RHO mem=True nz=True ynz=True cond=True claim_agree=True upper=0.903756533433  CERT
178949174,0,1 T   mem=True nz=True ynz=True cond=True claim_agree=True upper=2152.98869831  CERT
271863593,0,1 RHO mem=True nz=True ynz=True cond=True claim_agree=True upper=0.915138032427  CERT
271863593,0,1 T   mem=True nz=True ynz=True cond=True claim_agree=True upper=2328.30334723  CERT
313172348,0,1 RHO mem=True nz=True ynz=True cond=True claim_agree=True upper=0.941549010152  CERT
313172348,0,1 T   mem=True nz=True ynz=True cond=True claim_agree=True upper=2227.72756285  CERT
339247050,0,1 RHO mem=True nz=True ynz=True cond=True claim_agree=True upper=0.932864528422  CERT
339247050,0,1 T   mem=True nz=True ynz=True cond=True claim_agree=True upper=2368.46207098  CERT
394147855,0,1 RHO mem=True nz=True ynz=True cond=True claim_agree=True upper=0.924921570720  CERT
394147855,0,1 T   mem=True nz=True ynz=True cond=True claim_agree=True upper=2306.21618006  CERT
399555933,0,1 RHO mem=True nz=True ynz=True cond=True claim_agree=True upper=0.943269439038  CERT
399555933,0,1 T   mem=True nz=True ynz=True cond=True claim_agree=True upper=2544.90432724  CERT
430699095,0,1 RHO mem=True nz=True ynz=True cond=True claim_agree=True upper=0.941549010152  CERT
430699095,0,1 T   mem=True nz=True ynz=True cond=True claim_agree=True upper=2099.41907991  CERT
464254771,0,1 RHO mem=True nz=True ynz=True cond=True claim_agree=True upper=0.947592807551  CERT
464254771,0,1 T   mem=True nz=True ynz=True cond=True claim_agree=True upper=2156.73068017  CERT
495814978,0,1 RHO mem=True nz=True ynz=True cond=True claim_agree=True upper=0.933506318472  CERT
495814978,0,1 T   mem=True nz=True ynz=True cond=True claim_agree=True upper=2150.42854596  CERT
504516351,0,1 RHO mem=True nz=True ynz=True cond=True claim_agree=True upper=0.915138032427  CERT
504516351,0,1 T   mem=True nz=True ynz=True cond=True claim_agree=True upper=1871.49370349  CERT
536076558,0,1 RHO mem=True nz=True ynz=True cond=True claim_agree=True upper=0.924921570720  CERT
536076558,0,1 T   mem=True nz=True ynz=True cond=True claim_agree=True upper=2001.53258028  CERT
569632234,0,1 RHO mem=True nz=True ynz=True cond=True claim_agree=True upper=0.921885879966  CERT
569632234,0,1 T   mem=True nz=True ynz=True cond=True claim_agree=True upper=2052.92935712  CERT
600775396,0,1 RHO mem=True nz=True ynz=True cond=True claim_agree=True upper=0.937741752080  CERT
600775396,0,1 T   mem=True nz=True ynz=True cond=True claim_agree=True upper=1996.10695062  CERT
606183474,0,1 RHO mem=True nz=True ynz=True cond=True claim_agree=True upper=0.947592807551  CERT
606183474,0,1 T   mem=True nz=True ynz=True cond=True claim_agree=True upper=2362.82994875  CERT
661084279,0,1 RHO mem=True nz=True ynz=True cond=True claim_agree=True upper=0.928159336406  CERT
661084279,0,1 T   mem=True nz=True ynz=True cond=True claim_agree=True upper=1942.68244299  CERT
687158981,0,1 RHO mem=True nz=True ynz=True cond=True claim_agree=True upper=0.921885879966  CERT
687158981,0,1 T   mem=True nz=True ynz=True cond=True claim_agree=True upper=1852.87302025  CERT
728467736,0,1 RHO mem=True nz=True ynz=True cond=True claim_agree=True upper=0.933506318472  CERT
728467736,0,1 T   mem=True nz=True ynz=True cond=True claim_agree=True upper=2139.12984599  CERT
821382155,0,1 RHO mem=True nz=True ynz=True cond=True claim_agree=True upper=0.949651167651  CERT
821382155,0,1 T   mem=True nz=True ynz=True cond=True claim_agree=True upper=2192.30657251  CERT
847948706,0,1 RHO mem=True nz=True ynz=True cond=True claim_agree=True upper=0.949278567829  CERT
847948706,0,1 T   mem=True nz=True ynz=True cond=True claim_agree=True upper=2631.95782415  CERT
866987254,0,1 RHO mem=True nz=True ynz=True cond=True claim_agree=True upper=0.914211192757  CERT
866987254,0,1 T   mem=True nz=True ynz=True cond=True claim_agree=True upper=2658.73712345  CERT
949034029,0,1 RHO mem=True nz=True ynz=True cond=True claim_agree=True upper=0.903756533433  CERT
949034029,0,1 T   mem=True nz=True ynz=True cond=True claim_agree=True upper=2057.69060815  CERT
949578098,0,1 RHO mem=True nz=True ynz=True cond=True claim_agree=True upper=0.928159336406  CERT
949578098,0,1 T   mem=True nz=True ynz=True cond=True claim_agree=True upper=1799.05565341  CERT
951937798,0,1 RHO mem=True nz=True ynz=True cond=True claim_agree=True upper=0.937741752080  CERT
951937798,0,1 T   mem=True nz=True ynz=True cond=True claim_agree=True upper=2408.54629100  CERT
954462723,0,1 RHO mem=True nz=True ynz=True cond=True claim_agree=True upper=0.914211192757  CERT
954462723,0,1 T   mem=True nz=True ynz=True cond=True claim_agree=True upper=1844.61280754  CERT
956140986,0,1 RHO mem=True nz=True ynz=True cond=True claim_agree=True upper=0.904239529656  CERT
956140986,0,1 T   mem=True nz=True ynz=True cond=True claim_agree=True upper=2415.77313972  CERT
FAMILY VERIFY n=7 l=1000331329 : EXCLUDED (components certified 32 / 32 ; lines 64 ; failed lines 0)
FAMILY VERIFY PASS
