FACTORIZATION: 32 irreducible factors of degree 2 over F_1000738369: OK (header deg/ncomp/bar_T agree)
62742135,0,1 RHO mem=True nz=True ynz=True cond=True claim_agree=True upper=0.877291195307  CERT
62742135,0,1 T   mem=True nz=True ynz=True cond=True claim_agree=True upper=2296.32470482  CERT
68273260,0,1 RHO mem=True nz=True ynz=True cond=True claim_agree=True upper=0.931288149520  CERT
68273260,0,1 T   mem=True nz=True ynz=True cond=True claim_agree=True upper=2420.51866056  CERT
93335733,0,1 RHO mem=True nz=True ynz=True cond=True claim_agree=True upper=0.913882366924  CERT
93335733,0,1 T   mem=True nz=True ynz=True cond=True claim_agree=True upper=2331.01333027  CERT
100717417,0,1 RHO mem=True nz=True ynz=True cond=True claim_agree=True upper=0.906576055065  CERT
100717417,0,1 T   mem=True nz=True ynz=True cond=True claim_agree=True upper=2016.90468039  CERT
103630347,0,1 RHO mem=True nz=True ynz=True cond=True claim_agree=True upper=0.878911644470  CERT
103630347,0,1 T   mem=True nz=True ynz=True cond=True claim_agree=True upper=1949.47984864  CERT
128746953,0,1 RHO mem=True nz=True ynz=True cond=True claim_agree=True upper=0.874370117371  CERT
128746953,0,1 T   mem=True nz=True ynz=True cond=True claim_agree=True upper=1728.13045767  CERT
168756519,0,1 RHO mem=True nz=True ynz=True cond=True claim_agree=True upper=0.918780737259  CERT
168756519,0,1 T   mem=True nz=True ynz=True cond=True claim_agree=True upper=1980.63876290  CERT
190477195,0,1 RHO mem=True nz=True ynz=True cond=True claim_agree=True upper=0.872974219364  CERT
190477195,0,1 T   mem=True nz=True ynz=True cond=True claim_agree=True upper=2491.99956086  CERT
200565995,0,1 RHO mem=True nz=True ynz=True cond=True claim_agree=True upper=0.914144705894  CERT
200565995,0,1 T   mem=True nz=True ynz=True cond=True claim_agree=True upper=2635.59375290  CERT
222873249,0,1 RHO mem=True nz=True ynz=True cond=True claim_agree=True upper=0.895057771200  CERT
222873249,0,1 T   mem=True nz=True ynz=True cond=True claim_agree=True upper=1986.70749349  CERT
310057427,0,1 RHO mem=True nz=True ynz=True cond=True claim_agree=True upper=0.871723501889  CERT
310057427,0,1 T   mem=True nz=True ynz=True cond=True claim_agree=True upper=2611.65814840  CERT
351329220,0,1 RHO mem=True nz=True ynz=True cond=True claim_agree=True upper=0.921703168405  CERT
351329220,0,1 T   mem=True nz=True ynz=True cond=True claim_agree=True upper=2138.26307081  CERT
365789981,0,1 RHO mem=True nz=True ynz=True cond=True claim_agree=True upper=0.878911644470  CERT
365789981,0,1 T   mem=True nz=True ynz=True cond=True claim_agree=True upper=2224.06230300  CERT
412415208,0,1 RHO mem=True nz=True ynz=True cond=True claim_agree=True upper=0.923484314770  CERT
412415208,0,1 T   mem=True nz=True ynz=True cond=True claim_agree=True upper=2305.86539730  CERT
449248231,0,1 RHO mem=True nz=True ynz=True cond=True claim_agree=True upper=0.931288149520  CERT
449248231,0,1 T   mem=True nz=True ynz=True cond=True claim_agree=True upper=2286.47414470  CERT
462201289,0,1 RHO mem=True nz=True ynz=True cond=True claim_agree=True upper=0.929556279736  CERT
462201289,0,1 T   mem=True nz=True ynz=True cond=True claim_agree=True upper=2725.41685516  CERT
538537080,0,1 RHO mem=True nz=True ynz=True cond=True claim_agree=True upper=0.895057771200  CERT
538537080,0,1 T   mem=True nz=True ynz=True cond=True claim_agree=True upper=3064.41645418  CERT
551490138,0,1 RHO mem=True nz=True ynz=True cond=True claim_agree=True upper=0.887135623535  CERT
551490138,0,1 T   mem=True nz=True ynz=True cond=True claim_agree=True upper=2005.86550515  CERT
588323161,0,1 RHO mem=True nz=True ynz=True cond=True claim_agree=True upper=0.874370117371  CERT
588323161,0,1 T   mem=True nz=True ynz=True cond=True claim_agree=True upper=1923.32041887  CERT
634948388,0,1 RHO mem=True nz=True ynz=True cond=True claim_agree=True upper=0.918582395626  CERT
634948388,0,1 T   mem=True nz=True ynz=True cond=True claim_agree=True upper=2512.16653924  CERT
649409149,0,1 RHO mem=True nz=True ynz=True cond=True claim_agree=True upper=0.872974219364  CERT
649409149,0,1 T   mem=True nz=True ynz=True cond=True claim_agree=True upper=2171.95873943  CERT
690680942,0,1 RHO mem=True nz=True ynz=True cond=True claim_agree=True upper=0.918780737259  CERT
690680942,0,1 T   mem=True nz=True ynz=True cond=True claim_agree=True upper=1832.16773628  CERT
777865120,0,1 RHO mem=True nz=True ynz=True cond=True claim_agree=True upper=0.929556279736  CERT
777865120,0,1 T   mem=True nz=True ynz=True cond=True claim_agree=True upper=2271.42422930  CERT
800172374,0,1 RHO mem=True nz=True ynz=True cond=True claim_agree=True upper=0.877291195307  CERT
800172374,0,1 T   mem=True nz=True ynz=True cond=True claim_agree=True upper=2010.73964928  CERT
810261174,0,1 RHO mem=True nz=True ynz=True cond=True claim_agree=True upper=0.921703168405  CERT
810261174,0,1 T   mem=True nz=True ynz=True cond=True claim_agree=True upper=2523.14804537  CERT
831981850,0,1 RHO mem=True nz=True ynz=True cond=True claim_agree=True upper=0.871723501889  CERT
831981850,0,1 T   mem=True nz=True ynz=True cond=True claim_agree=True upper=2317.24341297  CERT
871991416,0,1 RHO mem=True nz=True ynz=True cond=True claim_agree=True upper=0.923484314770  CERT
871991416,0,1 T   mem=True nz=True ynz=True cond=True claim_agree=True upper=2190.49229629  CERT
897108022,0,1 RHO mem=True nz=True ynz=True cond=True claim_agree=True upper=0.918582395626  CERT
897108022,0,1 T   mem=True nz=True ynz=True cond=True claim_agree=True upper=1984.38937010  CERT
900020952,0,1 RHO mem=True nz=True ynz=True cond=True claim_agree=True upper=0.913882366924  CERT
900020952,0,1 T   mem=True nz=True ynz=True cond=True claim_agree=True upper=2524.01166149  CERT
907402636,0,1 RHO mem=True nz=True ynz=True cond=True claim_agree=True upper=0.906576055065  CERT
907402636,0,1 T   mem=True nz=True ynz=True cond=True claim_agree=True upper=1996.68865884  CERT
932465109,0,1 RHO mem=True nz=True ynz=True cond=True claim_agree=True upper=0.887135623535  CERT
932465109,0,1 T   mem=True nz=True ynz=True cond=True claim_agree=True upper=2171.76329485  CERT
937996234,0,1 RHO mem=True nz=True ynz=True cond=True claim_agree=True upper=0.914144705894  CERT
937996234,0,1 T   mem=True nz=True ynz=True cond=True claim_agree=True upper=2791.30195945  CERT
FAMILY VERIFY n=7 l=1000738369 : EXCLUDED (components certified 32 / 32 ; lines 64 ; failed lines 0)
FAMILY VERIFY PASS
