FACTORIZATION: 32 irreducible factors of degree 2 over F_1000826689: OK (header deg/ncomp/bar_T agree)
10509936,0,1 RHO mem=True nz=True ynz=True cond=True claim_agree=True upper=0.925538060956  CERT
10509936,0,1 T   mem=True nz=True ynz=True cond=True claim_agree=True upper=2109.68959806  CERT
79507173,0,1 RHO mem=True nz=True ynz=True cond=True claim_agree=True upper=0.915997481461  CERT
79507173,0,1 T   mem=True nz=True ynz=True cond=True claim_agree=True upper=2644.24997817  CERT
89416585,0,1 RHO mem=True nz=True ynz=True cond=True claim_agree=True upper=0.926867515796  CERT
89416585,0,1 T   mem=True nz=True ynz=True cond=True claim_agree=True upper=2388.36589686  CERT
110622792,0,1 RHO mem=True nz=True ynz=True cond=True claim_agree=True upper=0.891450869335  CERT
110622792,0,1 T   mem=True nz=True ynz=True cond=True claim_agree=True upper=2262.58332986  CERT
112414762,0,1 RHO mem=True nz=True ynz=True cond=True claim_agree=True upper=0.924072555779  CERT
112414762,0,1 T   mem=True nz=True ynz=True cond=True claim_agree=True upper=2090.03686447  CERT
192029313,0,1 RHO mem=True nz=True ynz=True cond=True claim_agree=True upper=0.937908257594  CERT
192029313,0,1 T   mem=True nz=True ynz=True cond=True claim_agree=True upper=2889.02109155  CERT
235181381,0,1 RHO mem=True nz=True ynz=True cond=True claim_agree=True upper=0.954988709257  CERT
235181381,0,1 T   mem=True nz=True ynz=True cond=True claim_agree=True upper=2237.61714127  CERT
248366810,0,1 RHO mem=True nz=True ynz=True cond=True claim_agree=True upper=0.955169998368  CERT
248366810,0,1 T   mem=True nz=True ynz=True cond=True claim_agree=True upper=2812.07495401  CERT
297971704,0,1 RHO mem=True nz=True ynz=True cond=True claim_agree=True upper=0.915997481461  CERT
297971704,0,1 T   mem=True nz=True ynz=True cond=True claim_agree=True upper=2251.19015664  CERT
363217604,0,1 RHO mem=True nz=True ynz=True cond=True claim_agree=True upper=0.926867515796  CERT
363217604,0,1 T   mem=True nz=True ynz=True cond=True claim_agree=True upper=2162.56222736  CERT
378737414,0,1 RHO mem=True nz=True ynz=True cond=True claim_agree=True upper=0.891450869335  CERT
378737414,0,1 T   mem=True nz=True ynz=True cond=True claim_agree=True upper=2542.00970849  CERT
383246904,0,1 RHO mem=True nz=True ynz=True cond=True claim_agree=True upper=0.924072555779  CERT
383246904,0,1 T   mem=True nz=True ynz=True cond=True claim_agree=True upper=2504.41855561  CERT
439231189,0,1 RHO mem=True nz=True ynz=True cond=True claim_agree=True upper=0.954988709257  CERT
439231189,0,1 T   mem=True nz=True ynz=True cond=True claim_agree=True upper=2364.02264667  CERT
469882231,0,1 RHO mem=True nz=True ynz=True cond=True claim_agree=True upper=0.947783844929  CERT
469882231,0,1 T   mem=True nz=True ynz=True cond=True claim_agree=True upper=2343.58609099  CERT
472407342,0,1 RHO mem=True nz=True ynz=True cond=True claim_agree=True upper=0.896840101261  CERT
472407342,0,1 T   mem=True nz=True ynz=True cond=True claim_agree=True upper=2154.61991782  CERT
488407225,0,1 RHO mem=True nz=True ynz=True cond=True claim_agree=True upper=0.903705668706  CERT
488407225,0,1 T   mem=True nz=True ynz=True cond=True claim_agree=True upper=2485.44300436  CERT
512419464,0,1 RHO mem=True nz=True ynz=True cond=True claim_agree=True upper=0.937908257594  CERT
512419464,0,1 T   mem=True nz=True ynz=True cond=True claim_agree=True upper=2145.83081317  CERT
528419347,0,1 RHO mem=True nz=True ynz=True cond=True claim_agree=True upper=0.955169998368  CERT
528419347,0,1 T   mem=True nz=True ynz=True cond=True claim_agree=True upper=3222.46582041  CERT
530944458,0,1 RHO mem=True nz=True ynz=True cond=True claim_agree=True upper=0.925538060956  CERT
530944458,0,1 T   mem=True nz=True ynz=True cond=True claim_agree=True upper=2399.05033684  CERT
561595500,0,1 RHO mem=True nz=True ynz=True cond=True claim_agree=True upper=0.912507747695  CERT
561595500,0,1 T   mem=True nz=True ynz=True cond=True claim_agree=True upper=2429.96036799  CERT
617579785,0,1 RHO mem=True nz=True ynz=True cond=True claim_agree=True upper=0.906132430247  CERT
617579785,0,1 T   mem=True nz=True ynz=True cond=True claim_agree=True upper=2277.19874021  CERT
622089275,0,1 RHO mem=True nz=True ynz=True cond=True claim_agree=True upper=0.893656190198  CERT
622089275,0,1 T   mem=True nz=True ynz=True cond=True claim_agree=True upper=2382.34595558  CERT
637609085,0,1 RHO mem=True nz=True ynz=True cond=True claim_agree=True upper=0.950437999951  CERT
637609085,0,1 T   mem=True nz=True ynz=True cond=True claim_agree=True upper=2468.65266707  CERT
702854985,0,1 RHO mem=True nz=True ynz=True cond=True claim_agree=True upper=0.945983896138  CERT
702854985,0,1 T   mem=True nz=True ynz=True cond=True claim_agree=True upper=1899.51444392  CERT
752459879,0,1 RHO mem=True nz=True ynz=True cond=True claim_agree=True upper=0.896840101261  CERT
752459879,0,1 T   mem=True nz=True ynz=True cond=True claim_agree=True upper=2067.80620356  CERT
765645308,0,1 RHO mem=True nz=True ynz=True cond=True claim_agree=True upper=0.912507747695  CERT
765645308,0,1 T   mem=True nz=True ynz=True cond=True claim_agree=True upper=2936.35533111  CERT
808797376,0,1 RHO mem=True nz=True ynz=True cond=True claim_agree=True upper=0.903705668706  CERT
808797376,0,1 T   mem=True nz=True ynz=True cond=True claim_agree=True upper=1918.01933578  CERT
888411927,0,1 RHO mem=True nz=True ynz=True cond=True claim_agree=True upper=0.906132430247  CERT
888411927,0,1 T   mem=True nz=True ynz=True cond=True claim_agree=True upper=1826.70030475  CERT
890203897,0,1 RHO mem=True nz=True ynz=True cond=True claim_agree=True upper=0.893656190198  CERT
890203897,0,1 T   mem=True nz=True ynz=True cond=True claim_agree=True upper=2300.87971175  CERT
911410104,0,1 RHO mem=True nz=True ynz=True cond=True claim_agree=True upper=0.950437999951  CERT
911410104,0,1 T   mem=True nz=True ynz=True cond=True claim_agree=True upper=1935.55688054  CERT
921319516,0,1 RHO mem=True nz=True ynz=True cond=True claim_agree=True upper=0.945983896138  CERT
921319516,0,1 T   mem=True nz=True ynz=True cond=True claim_agree=True upper=2404.49347580  CERT
990316753,0,1 RHO mem=True nz=True ynz=True cond=True claim_agree=True upper=0.947783844929  CERT
990316753,0,1 T   mem=True nz=True ynz=True cond=True claim_agree=True upper=2055.49463780  CERT
FAMILY VERIFY n=7 l=1000826689 : EXCLUDED (components certified 32 / 32 ; lines 64 ; failed lines 0)
FAMILY VERIFY PASS
