FACTORIZATION: 32 irreducible factors of degree 2 over F_1001136193: OK (header deg/ncomp/bar_T agree)
115004514,0,1 RHO mem=True nz=True ynz=True cond=True claim_agree=True upper=0.851502700938  CERT
115004514,0,1 T   mem=True nz=True ynz=True cond=True claim_agree=True upper=1795.74898964  CERT
128183817,0,1 RHO mem=True nz=True ynz=True cond=True claim_agree=True upper=0.842964613127  CERT
128183817,0,1 T   mem=True nz=True ynz=True cond=True claim_agree=True upper=1593.70410623  CERT
146015904,0,1 RHO mem=True nz=True ynz=True cond=True claim_agree=True upper=0.889771358190  CERT
146015904,0,1 T   mem=True nz=True ynz=True cond=True claim_agree=True upper=2101.39094504  CERT
174786847,0,1 RHO mem=True nz=True ynz=True cond=True claim_agree=True upper=0.829598095013  CERT
174786847,0,1 T   mem=True nz=True ynz=True cond=True claim_agree=True upper=1218.66581018  CERT
175331297,0,1 RHO mem=True nz=True ynz=True cond=True claim_agree=True upper=0.875265997540  CERT
175331297,0,1 T   mem=True nz=True ynz=True cond=True claim_agree=True upper=1703.70469062  CERT
185039730,0,1 RHO mem=True nz=True ynz=True cond=True claim_agree=True upper=0.840960100658  CERT
185039730,0,1 T   mem=True nz=True ynz=True cond=True claim_agree=True upper=1446.87222211  CERT
188550402,0,1 RHO mem=True nz=True ynz=True cond=True claim_agree=True upper=0.848612376947  CERT
188550402,0,1 T   mem=True nz=True ynz=True cond=True claim_agree=True upper=1389.06336074  CERT
257576088,0,1 RHO mem=True nz=True ynz=True cond=True claim_agree=True upper=0.883660114597  CERT
257576088,0,1 T   mem=True nz=True ynz=True cond=True claim_agree=True upper=1711.51753638  CERT
260865584,0,1 RHO mem=True nz=True ynz=True cond=True claim_agree=True upper=0.889771358190  CERT
260865584,0,1 T   mem=True nz=True ynz=True cond=True claim_agree=True upper=2097.28705389  CERT
320685304,0,1 RHO mem=True nz=True ynz=True cond=True claim_agree=True upper=0.875265997540  CERT
320685304,0,1 T   mem=True nz=True ynz=True cond=True claim_agree=True upper=1783.15748313  CERT
369193662,0,1 RHO mem=True nz=True ynz=True cond=True claim_agree=True upper=0.883660114597  CERT
369193662,0,1 T   mem=True nz=True ynz=True cond=True claim_agree=True upper=1987.45005977  CERT
373749956,0,1 RHO mem=True nz=True ynz=True cond=True claim_agree=True upper=0.848612376947  CERT
373749956,0,1 T   mem=True nz=True ynz=True cond=True claim_agree=True upper=1490.28480107  CERT
374057253,0,1 RHO mem=True nz=True ynz=True cond=True claim_agree=True upper=0.897922245562  CERT
374057253,0,1 T   mem=True nz=True ynz=True cond=True claim_agree=True upper=1659.65426732  CERT
398994193,0,1 RHO mem=True nz=True ynz=True cond=True claim_agree=True upper=0.829598095013  CERT
398994193,0,1 T   mem=True nz=True ynz=True cond=True claim_agree=True upper=1343.21292673  CERT
453600294,0,1 RHO mem=True nz=True ynz=True cond=True claim_agree=True upper=0.842964613127  CERT
453600294,0,1 T   mem=True nz=True ynz=True cond=True claim_agree=True upper=1370.78026252  CERT
475272209,0,1 RHO mem=True nz=True ynz=True cond=True claim_agree=True upper=0.840960100658  CERT
475272209,0,1 T   mem=True nz=True ynz=True cond=True claim_agree=True upper=1950.79441741  CERT
525863984,0,1 RHO mem=True nz=True ynz=True cond=True claim_agree=True upper=0.889331879666  CERT
525863984,0,1 T   mem=True nz=True ynz=True cond=True claim_agree=True upper=2371.63269658  CERT
547535899,0,1 RHO mem=True nz=True ynz=True cond=True claim_agree=True upper=0.866954396568  CERT
547535899,0,1 T   mem=True nz=True ynz=True cond=True claim_agree=True upper=1920.44598490  CERT
602142000,0,1 RHO mem=True nz=True ynz=True cond=True claim_agree=True upper=0.839463120943  CERT
602142000,0,1 T   mem=True nz=True ynz=True cond=True claim_agree=True upper=2142.84305984  CERT
627078940,0,1 RHO mem=True nz=True ynz=True cond=True claim_agree=True upper=0.851502700938  CERT
627078940,0,1 T   mem=True nz=True ynz=True cond=True claim_agree=True upper=1632.05347778  CERT
627386237,0,1 RHO mem=True nz=True ynz=True cond=True claim_agree=True upper=0.816736391529  CERT
627386237,0,1 T   mem=True nz=True ynz=True cond=True claim_agree=True upper=1598.90176638  CERT
631942531,0,1 RHO mem=True nz=True ynz=True cond=True claim_agree=True upper=0.844771832862  CERT
631942531,0,1 T   mem=True nz=True ynz=True cond=True claim_agree=True upper=1587.59389118  CERT
680450889,0,1 RHO mem=True nz=True ynz=True cond=True claim_agree=True upper=0.849413576709  CERT
680450889,0,1 T   mem=True nz=True ynz=True cond=True claim_agree=True upper=1557.17964838  CERT
740270609,0,1 RHO mem=True nz=True ynz=True cond=True claim_agree=True upper=0.880888563003  CERT
740270609,0,1 T   mem=True nz=True ynz=True cond=True claim_agree=True upper=1644.35251116  CERT
743560105,0,1 RHO mem=True nz=True ynz=True cond=True claim_agree=True upper=0.844771832862  CERT
743560105,0,1 T   mem=True nz=True ynz=True cond=True claim_agree=True upper=1330.13458943  CERT
812585791,0,1 RHO mem=True nz=True ynz=True cond=True claim_agree=True upper=0.816736391529  CERT
812585791,0,1 T   mem=True nz=True ynz=True cond=True claim_agree=True upper=1256.43601521  CERT
816096463,0,1 RHO mem=True nz=True ynz=True cond=True claim_agree=True upper=0.889331879666  CERT
816096463,0,1 T   mem=True nz=True ynz=True cond=True claim_agree=True upper=1798.73708547  CERT
825804896,0,1 RHO mem=True nz=True ynz=True cond=True claim_agree=True upper=0.849413576709  CERT
825804896,0,1 T   mem=True nz=True ynz=True cond=True claim_agree=True upper=1854.91550009  CERT
826349346,0,1 RHO mem=True nz=True ynz=True cond=True claim_agree=True upper=0.839463120943  CERT
826349346,0,1 T   mem=True nz=True ynz=True cond=True claim_agree=True upper=1207.91109952  CERT
855120289,0,1 RHO mem=True nz=True ynz=True cond=True claim_agree=True upper=0.880888563003  CERT
855120289,0,1 T   mem=True nz=True ynz=True cond=True claim_agree=True upper=1824.77859711  CERT
872952376,0,1 RHO mem=True nz=True ynz=True cond=True claim_agree=True upper=0.866954396568  CERT
872952376,0,1 T   mem=True nz=True ynz=True cond=True claim_agree=True upper=2278.91240793  CERT
886131679,0,1 RHO mem=True nz=True ynz=True cond=True claim_agree=True upper=0.897922245562  CERT
886131679,0,1 T   mem=True nz=True ynz=True cond=True claim_agree=True upper=2059.34646701  CERT
FAMILY VERIFY n=7 l=1001136193 : EXCLUDED (components certified 32 / 32 ; lines 64 ; failed lines 0)
FAMILY VERIFY PASS
