FACTORIZATION: 32 irreducible factors of degree 2 over F_1000704193: OK (header deg/ncomp/bar_T agree)
8394931,0,1 RHO mem=True nz=True ynz=True cond=True claim_agree=True upper=0.909518248183  CERT
8394931,0,1 T   mem=True nz=True ynz=True cond=True claim_agree=True upper=1842.94741863  CERT
15498361,0,1 RHO mem=True nz=True ynz=True cond=True claim_agree=True upper=0.869147839046  CERT
15498361,0,1 T   mem=True nz=True ynz=True cond=True claim_agree=True upper=1673.62787099  CERT
30837418,0,1 RHO mem=True nz=True ynz=True cond=True claim_agree=True upper=0.896013574590  CERT
30837418,0,1 T   mem=True nz=True ynz=True cond=True claim_agree=True upper=2197.64922485  CERT
91394328,0,1 RHO mem=True nz=True ynz=True cond=True claim_agree=True upper=0.863256086204  CERT
91394328,0,1 T   mem=True nz=True ynz=True cond=True claim_agree=True upper=1245.66405475  CERT
96097566,0,1 RHO mem=True nz=True ynz=True cond=True claim_agree=True upper=0.900498356355  CERT
96097566,0,1 T   mem=True nz=True ynz=True cond=True claim_agree=True upper=1750.90901820  CERT
201295643,0,1 RHO mem=True nz=True ynz=True cond=True claim_agree=True upper=0.900498356355  CERT
201295643,0,1 T   mem=True nz=True ynz=True cond=True claim_agree=True upper=2051.36801005  CERT
230789924,0,1 RHO mem=True nz=True ynz=True cond=True claim_agree=True upper=0.863256086204  CERT
230789924,0,1 T   mem=True nz=True ynz=True cond=True claim_agree=True upper=1388.69770810  CERT
236039391,0,1 RHO mem=True nz=True ynz=True cond=True claim_agree=True upper=0.909518248183  CERT
236039391,0,1 T   mem=True nz=True ynz=True cond=True claim_agree=True upper=1745.70690331  CERT
270362870,0,1 RHO mem=True nz=True ynz=True cond=True claim_agree=True upper=0.867882836981  CERT
270362870,0,1 T   mem=True nz=True ynz=True cond=True claim_agree=True upper=1936.69934689  CERT
271060014,0,1 RHO mem=True nz=True ynz=True cond=True claim_agree=True upper=0.904700005336  CERT
271060014,0,1 T   mem=True nz=True ynz=True cond=True claim_agree=True upper=1778.07971604  CERT
277592667,0,1 RHO mem=True nz=True ynz=True cond=True claim_agree=True upper=0.880078708011  CERT
277592667,0,1 T   mem=True nz=True ynz=True cond=True claim_agree=True upper=1473.29497736  CERT
283308408,0,1 RHO mem=True nz=True ynz=True cond=True claim_agree=True upper=0.897365089771  CERT
283308408,0,1 T   mem=True nz=True ynz=True cond=True claim_agree=True upper=1673.71680211  CERT
288300505,0,1 RHO mem=True nz=True ynz=True cond=True claim_agree=True upper=0.893253154806  CERT
288300505,0,1 T   mem=True nz=True ynz=True cond=True claim_agree=True upper=2212.15887893  CERT
313611891,0,1 RHO mem=True nz=True ynz=True cond=True claim_agree=True upper=0.869147839046  CERT
313611891,0,1 T   mem=True nz=True ynz=True cond=True claim_agree=True upper=1984.62137929  CERT
385993771,0,1 RHO mem=True nz=True ynz=True cond=True claim_agree=True upper=0.875803105507  CERT
385993771,0,1 T   mem=True nz=True ynz=True cond=True claim_agree=True upper=1989.10651260  CERT
404412855,0,1 RHO mem=True nz=True ynz=True cond=True claim_agree=True upper=0.895039891317  CERT
404412855,0,1 T   mem=True nz=True ynz=True cond=True claim_agree=True upper=1980.41420848  CERT
596291338,0,1 RHO mem=True nz=True ynz=True cond=True claim_agree=True upper=0.897365089771  CERT
596291338,0,1 T   mem=True nz=True ynz=True cond=True claim_agree=True upper=2082.21772374  CERT
614710422,0,1 RHO mem=True nz=True ynz=True cond=True claim_agree=True upper=0.867882836981  CERT
614710422,0,1 T   mem=True nz=True ynz=True cond=True claim_agree=True upper=1956.36836443  CERT
687092302,0,1 RHO mem=True nz=True ynz=True cond=True claim_agree=True upper=0.909697831907  CERT
687092302,0,1 T   mem=True nz=True ynz=True cond=True claim_agree=True upper=2206.75995641  CERT
712403688,0,1 RHO mem=True nz=True ynz=True cond=True claim_agree=True upper=0.896013574590  CERT
712403688,0,1 T   mem=True nz=True ynz=True cond=True claim_agree=True upper=1906.20861545  CERT
717395785,0,1 RHO mem=True nz=True ynz=True cond=True claim_agree=True upper=0.895039891317  CERT
717395785,0,1 T   mem=True nz=True ynz=True cond=True claim_agree=True upper=2153.35867742  CERT
723111526,0,1 RHO mem=True nz=True ynz=True cond=True claim_agree=True upper=0.904700005336  CERT
723111526,0,1 T   mem=True nz=True ynz=True cond=True claim_agree=True upper=2244.47571980  CERT
729644179,0,1 RHO mem=True nz=True ynz=True cond=True claim_agree=True upper=0.880078708011  CERT
729644179,0,1 T   mem=True nz=True ynz=True cond=True claim_agree=True upper=1903.66795370  CERT
730341323,0,1 RHO mem=True nz=True ynz=True cond=True claim_agree=True upper=0.875803105507  CERT
730341323,0,1 T   mem=True nz=True ynz=True cond=True claim_agree=True upper=1639.26087928  CERT
764664802,0,1 RHO mem=True nz=True ynz=True cond=True claim_agree=True upper=0.889384640415  CERT
764664802,0,1 T   mem=True nz=True ynz=True cond=True claim_agree=True upper=1648.68074701  CERT
769914269,0,1 RHO mem=True nz=True ynz=True cond=True claim_agree=True upper=0.901390935982  CERT
769914269,0,1 T   mem=True nz=True ynz=True cond=True claim_agree=True upper=1851.16246782  CERT
799408550,0,1 RHO mem=True nz=True ynz=True cond=True claim_agree=True upper=0.862783587786  CERT
799408550,0,1 T   mem=True nz=True ynz=True cond=True claim_agree=True upper=1474.78122494  CERT
904606627,0,1 RHO mem=True nz=True ynz=True cond=True claim_agree=True upper=0.862783587786  CERT
904606627,0,1 T   mem=True nz=True ynz=True cond=True claim_agree=True upper=1338.64435838  CERT
909309865,0,1 RHO mem=True nz=True ynz=True cond=True claim_agree=True upper=0.901390935982  CERT
909309865,0,1 T   mem=True nz=True ynz=True cond=True claim_agree=True upper=1922.81804282  CERT
969866775,0,1 RHO mem=True nz=True ynz=True cond=True claim_agree=True upper=0.893253154806  CERT
969866775,0,1 T   mem=True nz=True ynz=True cond=True claim_agree=True upper=1812.17903341  CERT
985205832,0,1 RHO mem=True nz=True ynz=True cond=True claim_agree=True upper=0.909697831907  CERT
985205832,0,1 T   mem=True nz=True ynz=True cond=True claim_agree=True upper=2291.13082839  CERT
992309262,0,1 RHO mem=True nz=True ynz=True cond=True claim_agree=True upper=0.889384640415  CERT
992309262,0,1 T   mem=True nz=True ynz=True cond=True claim_agree=True upper=1609.76549112  CERT
FAMILY VERIFY n=7 l=1000704193 : EXCLUDED (components certified 32 / 32 ; lines 64 ; failed lines 0)
FAMILY VERIFY PASS
