FACTORIZATION: 32 irreducible factors of degree 2 over F_1000104641: OK (header deg/ncomp/bar_T agree)
106209979,0,1 RHO mem=True nz=True ynz=True cond=True claim_agree=True upper=0.893825074348  CERT
106209979,0,1 T   mem=True nz=True ynz=True cond=True claim_agree=True upper=1850.73194855  CERT
148302178,0,1 RHO mem=True nz=True ynz=True cond=True claim_agree=True upper=0.848213749810  CERT
148302178,0,1 T   mem=True nz=True ynz=True cond=True claim_agree=True upper=1407.67098048  CERT
148554366,0,1 RHO mem=True nz=True ynz=True cond=True claim_agree=True upper=0.926729943578  CERT
148554366,0,1 T   mem=True nz=True ynz=True cond=True claim_agree=True upper=1654.05890252  CERT
150726556,0,1 RHO mem=True nz=True ynz=True cond=True claim_agree=True upper=0.903664165783  CERT
150726556,0,1 T   mem=True nz=True ynz=True cond=True claim_agree=True upper=2153.85461087  CERT
202044721,0,1 RHO mem=True nz=True ynz=True cond=True claim_agree=True upper=0.926729943578  CERT
202044721,0,1 T   mem=True nz=True ynz=True cond=True claim_agree=True upper=1899.98664640  CERT
262762475,0,1 RHO mem=True nz=True ynz=True cond=True claim_agree=True upper=0.903664165783  CERT
262762475,0,1 T   mem=True nz=True ynz=True cond=True claim_agree=True upper=1830.57173530  CERT
264212331,0,1 RHO mem=True nz=True ynz=True cond=True claim_agree=True upper=0.890556606540  CERT
264212331,0,1 T   mem=True nz=True ynz=True cond=True claim_agree=True upper=1941.07927421  CERT
277133063,0,1 RHO mem=True nz=True ynz=True cond=True claim_agree=True upper=0.930941428968  CERT
277133063,0,1 T   mem=True nz=True ynz=True cond=True claim_agree=True upper=2748.37886125  CERT
315664176,0,1 RHO mem=True nz=True ynz=True cond=True claim_agree=True upper=0.917680205336  CERT
315664176,0,1 T   mem=True nz=True ynz=True cond=True claim_agree=True upper=2355.32075595  CERT
323660879,0,1 RHO mem=True nz=True ynz=True cond=True claim_agree=True upper=0.844573308295  CERT
323660879,0,1 T   mem=True nz=True ynz=True cond=True claim_agree=True upper=1707.04129187  CERT
335258721,0,1 RHO mem=True nz=True ynz=True cond=True claim_agree=True upper=0.917680205336  CERT
335258721,0,1 T   mem=True nz=True ynz=True cond=True claim_agree=True upper=2725.89467292  CERT
336327601,0,1 RHO mem=True nz=True ynz=True cond=True claim_agree=True upper=0.848213749810  CERT
336327601,0,1 T   mem=True nz=True ynz=True cond=True claim_agree=True upper=1356.05960419  CERT
380861004,0,1 RHO mem=True nz=True ynz=True cond=True claim_agree=True upper=0.859118017607  CERT
380861004,0,1 T   mem=True nz=True ynz=True cond=True claim_agree=True upper=2145.91116720  CERT
391116104,0,1 RHO mem=True nz=True ynz=True cond=True claim_agree=True upper=0.955167872197  CERT
391116104,0,1 T   mem=True nz=True ynz=True cond=True claim_agree=True upper=2360.12297098  CERT
427073634,0,1 RHO mem=True nz=True ynz=True cond=True claim_agree=True upper=0.870399212813  CERT
427073634,0,1 T   mem=True nz=True ynz=True cond=True claim_agree=True upper=2036.76169218  CERT
474067670,0,1 RHO mem=True nz=True ynz=True cond=True claim_agree=True upper=0.870399212813  CERT
474067670,0,1 T   mem=True nz=True ynz=True cond=True claim_agree=True upper=1710.03760769  CERT
526036971,0,1 RHO mem=True nz=True ynz=True cond=True claim_agree=True upper=0.913068925124  CERT
526036971,0,1 T   mem=True nz=True ynz=True cond=True claim_agree=True upper=1736.70228237  CERT
573031007,0,1 RHO mem=True nz=True ynz=True cond=True claim_agree=True upper=0.913068925124  CERT
573031007,0,1 T   mem=True nz=True ynz=True cond=True claim_agree=True upper=2447.84994639  CERT
608988537,0,1 RHO mem=True nz=True ynz=True cond=True claim_agree=True upper=0.844573308295  CERT
608988537,0,1 T   mem=True nz=True ynz=True cond=True claim_agree=True upper=1157.56346248  CERT
619243637,0,1 RHO mem=True nz=True ynz=True cond=True claim_agree=True upper=0.930941428968  CERT
619243637,0,1 T   mem=True nz=True ynz=True cond=True claim_agree=True upper=2905.98538661  CERT
663777040,0,1 RHO mem=True nz=True ynz=True cond=True claim_agree=True upper=0.930880216145  CERT
663777040,0,1 T   mem=True nz=True ynz=True cond=True claim_agree=True upper=2239.22620513  CERT
664845920,0,1 RHO mem=True nz=True ynz=True cond=True claim_agree=True upper=0.884868506807  CERT
664845920,0,1 T   mem=True nz=True ynz=True cond=True claim_agree=True upper=1987.91729818  CERT
676443762,0,1 RHO mem=True nz=True ynz=True cond=True claim_agree=True upper=0.955167872197  CERT
676443762,0,1 T   mem=True nz=True ynz=True cond=True claim_agree=True upper=1872.65292721  CERT
684440465,0,1 RHO mem=True nz=True ynz=True cond=True claim_agree=True upper=0.884868506807  CERT
684440465,0,1 T   mem=True nz=True ynz=True cond=True claim_agree=True upper=1808.74757963  CERT
722971578,0,1 RHO mem=True nz=True ynz=True cond=True claim_agree=True upper=0.859118017607  CERT
722971578,0,1 T   mem=True nz=True ynz=True cond=True claim_agree=True upper=1368.25453152  CERT
735892310,0,1 RHO mem=True nz=True ynz=True cond=True claim_agree=True upper=0.893825074348  CERT
735892310,0,1 T   mem=True nz=True ynz=True cond=True claim_agree=True upper=2410.17607899  CERT
737342166,0,1 RHO mem=True nz=True ynz=True cond=True claim_agree=True upper=0.877665909962  CERT
737342166,0,1 T   mem=True nz=True ynz=True cond=True claim_agree=True upper=2432.30881209  CERT
798059920,0,1 RHO mem=True nz=True ynz=True cond=True claim_agree=True upper=0.864611916529  CERT
798059920,0,1 T   mem=True nz=True ynz=True cond=True claim_agree=True upper=1554.81958711  CERT
849378085,0,1 RHO mem=True nz=True ynz=True cond=True claim_agree=True upper=0.877665909962  CERT
849378085,0,1 T   mem=True nz=True ynz=True cond=True claim_agree=True upper=1335.28681687  CERT
851550275,0,1 RHO mem=True nz=True ynz=True cond=True claim_agree=True upper=0.864611916529  CERT
851550275,0,1 T   mem=True nz=True ynz=True cond=True claim_agree=True upper=1475.06420737  CERT
851802463,0,1 RHO mem=True nz=True ynz=True cond=True claim_agree=True upper=0.930880216145  CERT
851802463,0,1 T   mem=True nz=True ynz=True cond=True claim_agree=True upper=2800.16632397  CERT
893894662,0,1 RHO mem=True nz=True ynz=True cond=True claim_agree=True upper=0.890556606540  CERT
893894662,0,1 T   mem=True nz=True ynz=True cond=True claim_agree=True upper=1595.31137829  CERT
FAMILY VERIFY n=7 l=1000104641 : EXCLUDED (components certified 32 / 32 ; lines 64 ; failed lines 0)
FAMILY VERIFY PASS
