FACTORIZATION: 32 irreducible factors of degree 2 over F_1000595521: OK (header deg/ncomp/bar_T agree)
2242556,0,1 RHO mem=True nz=True ynz=True cond=True claim_agree=True upper=0.915398786184  CERT
2242556,0,1 T   mem=True nz=True ynz=True cond=True claim_agree=True upper=2394.89046268  CERT
18420166,0,1 RHO mem=True nz=True ynz=True cond=True claim_agree=True upper=0.900594438997  CERT
18420166,0,1 T   mem=True nz=True ynz=True cond=True claim_agree=True upper=1682.63184752  CERT
75375282,0,1 RHO mem=True nz=True ynz=True cond=True claim_agree=True upper=0.954907077363  CERT
75375282,0,1 T   mem=True nz=True ynz=True cond=True claim_agree=True upper=2796.42905786  CERT
76323107,0,1 RHO mem=True nz=True ynz=True cond=True claim_agree=True upper=0.922187132714  CERT
76323107,0,1 T   mem=True nz=True ynz=True cond=True claim_agree=True upper=2426.49589846  CERT
103328282,0,1 RHO mem=True nz=True ynz=True cond=True claim_agree=True upper=0.954907077363  CERT
103328282,0,1 T   mem=True nz=True ynz=True cond=True claim_agree=True upper=2156.61324057  CERT
196512053,0,1 RHO mem=True nz=True ynz=True cond=True claim_agree=True upper=0.915398786184  CERT
196512053,0,1 T   mem=True nz=True ynz=True cond=True claim_agree=True upper=2190.49865904  CERT
338813884,0,1 RHO mem=True nz=True ynz=True cond=True claim_agree=True upper=0.945523830794  CERT
338813884,0,1 T   mem=True nz=True ynz=True cond=True claim_agree=True upper=2384.73846003  CERT
357419919,0,1 RHO mem=True nz=True ynz=True cond=True claim_agree=True upper=0.905394755001  CERT
357419919,0,1 T   mem=True nz=True ynz=True cond=True claim_agree=True upper=2949.01273748  CERT
358628446,0,1 RHO mem=True nz=True ynz=True cond=True claim_agree=True upper=0.922540427636  CERT
358628446,0,1 T   mem=True nz=True ynz=True cond=True claim_agree=True upper=2599.19662254  CERT
376946521,0,1 RHO mem=True nz=True ynz=True cond=True claim_agree=True upper=0.900594438997  CERT
376946521,0,1 T   mem=True nz=True ynz=True cond=True claim_agree=True upper=2374.25704391  CERT
379481410,0,1 RHO mem=True nz=True ynz=True cond=True claim_agree=True upper=0.912545806164  CERT
379481410,0,1 T   mem=True nz=True ynz=True cond=True claim_agree=True upper=1957.04105741  CERT
429167094,0,1 RHO mem=True nz=True ynz=True cond=True claim_agree=True upper=0.940438713082  CERT
429167094,0,1 T   mem=True nz=True ynz=True cond=True claim_agree=True upper=2767.16194671  CERT
431152496,0,1 RHO mem=True nz=True ynz=True cond=True claim_agree=True upper=0.955207358313  CERT
431152496,0,1 T   mem=True nz=True ynz=True cond=True claim_agree=True upper=2979.35357360  CERT
453214411,0,1 RHO mem=True nz=True ynz=True cond=True claim_agree=True upper=0.918546237317  CERT
453214411,0,1 T   mem=True nz=True ynz=True cond=True claim_agree=True upper=2106.31086171  CERT
455417822,0,1 RHO mem=True nz=True ynz=True cond=True claim_agree=True upper=0.912545806164  CERT
455417822,0,1 T   mem=True nz=True ynz=True cond=True claim_agree=True upper=2078.01610785  CERT
466891750,0,1 RHO mem=True nz=True ynz=True cond=True claim_agree=True upper=0.943482872046  CERT
466891750,0,1 T   mem=True nz=True ynz=True cond=True claim_agree=True upper=2077.07957383  CERT
533703771,0,1 RHO mem=True nz=True ynz=True cond=True claim_agree=True upper=0.918546237317  CERT
533703771,0,1 T   mem=True nz=True ynz=True cond=True claim_agree=True upper=2468.30824280  CERT
545177699,0,1 RHO mem=True nz=True ynz=True cond=True claim_agree=True upper=0.921208759026  CERT
545177699,0,1 T   mem=True nz=True ynz=True cond=True claim_agree=True upper=2471.34952926  CERT
547381110,0,1 RHO mem=True nz=True ynz=True cond=True claim_agree=True upper=0.943482872046  CERT
547381110,0,1 T   mem=True nz=True ynz=True cond=True claim_agree=True upper=2421.30029967  CERT
569443025,0,1 RHO mem=True nz=True ynz=True cond=True claim_agree=True upper=0.922187132714  CERT
569443025,0,1 T   mem=True nz=True ynz=True cond=True claim_agree=True upper=3006.52584907  CERT
571428427,0,1 RHO mem=True nz=True ynz=True cond=True claim_agree=True upper=0.922540427636  CERT
571428427,0,1 T   mem=True nz=True ynz=True cond=True claim_agree=True upper=3138.87799018  CERT
621114111,0,1 RHO mem=True nz=True ynz=True cond=True claim_agree=True upper=0.921208759026  CERT
621114111,0,1 T   mem=True nz=True ynz=True cond=True claim_agree=True upper=2364.85882682  CERT
623649000,0,1 RHO mem=True nz=True ynz=True cond=True claim_agree=True upper=0.955432198451  CERT
623649000,0,1 T   mem=True nz=True ynz=True cond=True claim_agree=True upper=2369.38028312  CERT
641967075,0,1 RHO mem=True nz=True ynz=True cond=True claim_agree=True upper=0.940438713082  CERT
641967075,0,1 T   mem=True nz=True ynz=True cond=True claim_agree=True upper=1825.61438824  CERT
643175602,0,1 RHO mem=True nz=True ynz=True cond=True claim_agree=True upper=0.945523830794  CERT
643175602,0,1 T   mem=True nz=True ynz=True cond=True claim_agree=True upper=2136.12811045  CERT
661781637,0,1 RHO mem=True nz=True ynz=True cond=True claim_agree=True upper=0.905394755001  CERT
661781637,0,1 T   mem=True nz=True ynz=True cond=True claim_agree=True upper=2049.20373602  CERT
804083468,0,1 RHO mem=True nz=True ynz=True cond=True claim_agree=True upper=0.952534697846  CERT
804083468,0,1 T   mem=True nz=True ynz=True cond=True claim_agree=True upper=2654.75314315  CERT
897267239,0,1 RHO mem=True nz=True ynz=True cond=True claim_agree=True upper=0.922126141061  CERT
897267239,0,1 T   mem=True nz=True ynz=True cond=True claim_agree=True upper=2553.36579674  CERT
924272414,0,1 RHO mem=True nz=True ynz=True cond=True claim_agree=True upper=0.955207358313  CERT
924272414,0,1 T   mem=True nz=True ynz=True cond=True claim_agree=True upper=2817.88575442  CERT
925220239,0,1 RHO mem=True nz=True ynz=True cond=True claim_agree=True upper=0.922126141061  CERT
925220239,0,1 T   mem=True nz=True ynz=True cond=True claim_agree=True upper=2590.86021260  CERT
982175355,0,1 RHO mem=True nz=True ynz=True cond=True claim_agree=True upper=0.955432198451  CERT
982175355,0,1 T   mem=True nz=True ynz=True cond=True claim_agree=True upper=2194.70203360  CERT
998352965,0,1 RHO mem=True nz=True ynz=True cond=True claim_agree=True upper=0.952534697846  CERT
998352965,0,1 T   mem=True nz=True ynz=True cond=True claim_agree=True upper=2285.00483795  CERT
FAMILY VERIFY n=7 l=1000595521 : EXCLUDED (components certified 32 / 32 ; lines 64 ; failed lines 0)
FAMILY VERIFY PASS
