FACTORIZATION: 32 irreducible factors of degree 2 over F_1000957889: OK (header deg/ncomp/bar_T agree)
7100789,0,1 RHO mem=True nz=True ynz=True cond=True claim_agree=True upper=0.957216383204  CERT
7100789,0,1 T   mem=True nz=True ynz=True cond=True claim_agree=True upper=2789.57321406  CERT
45407635,0,1 RHO mem=True nz=True ynz=True cond=True claim_agree=True upper=0.962403777043  CERT
45407635,0,1 T   mem=True nz=True ynz=True cond=True claim_agree=True upper=3002.54249466  CERT
90470452,0,1 RHO mem=True nz=True ynz=True cond=True claim_agree=True upper=0.870753385769  CERT
90470452,0,1 T   mem=True nz=True ynz=True cond=True claim_agree=True upper=2092.14240097  CERT
102143165,0,1 RHO mem=True nz=True ynz=True cond=True claim_agree=True upper=0.915358169825  CERT
102143165,0,1 T   mem=True nz=True ynz=True cond=True claim_agree=True upper=3111.66235836  CERT
120848993,0,1 RHO mem=True nz=True ynz=True cond=True claim_agree=True upper=0.905565928007  CERT
120848993,0,1 T   mem=True nz=True ynz=True cond=True claim_agree=True upper=3157.93263476  CERT
123528586,0,1 RHO mem=True nz=True ynz=True cond=True claim_agree=True upper=0.943465563060  CERT
123528586,0,1 T   mem=True nz=True ynz=True cond=True claim_agree=True upper=2875.59298353  CERT
200037756,0,1 RHO mem=True nz=True ynz=True cond=True claim_agree=True upper=0.896435015565  CERT
200037756,0,1 T   mem=True nz=True ynz=True cond=True claim_agree=True upper=2054.34522468  CERT
209005004,0,1 RHO mem=True nz=True ynz=True cond=True claim_agree=True upper=0.922708297111  CERT
209005004,0,1 T   mem=True nz=True ynz=True cond=True claim_agree=True upper=2518.15579631  CERT
223644398,0,1 RHO mem=True nz=True ynz=True cond=True claim_agree=True upper=0.935655173361  CERT
223644398,0,1 T   mem=True nz=True ynz=True cond=True claim_agree=True upper=2729.78811310  CERT
300140384,0,1 RHO mem=True nz=True ynz=True cond=True claim_agree=True upper=0.935655173361  CERT
300140384,0,1 T   mem=True nz=True ynz=True cond=True claim_agree=True upper=2873.84257654  CERT
306693929,0,1 RHO mem=True nz=True ynz=True cond=True claim_agree=True upper=0.903396552384  CERT
306693929,0,1 T   mem=True nz=True ynz=True cond=True claim_agree=True upper=2305.63295464  CERT
323297332,0,1 RHO mem=True nz=True ynz=True cond=True claim_agree=True upper=0.915358169825  CERT
323297332,0,1 T   mem=True nz=True ynz=True cond=True claim_agree=True upper=2438.29387657  CERT
369691875,0,1 RHO mem=True nz=True ynz=True cond=True claim_agree=True upper=0.866819394669  CERT
369691875,0,1 T   mem=True nz=True ynz=True cond=True claim_agree=True upper=1969.62078423  CERT
397072610,0,1 RHO mem=True nz=True ynz=True cond=True claim_agree=True upper=0.962117647071  CERT
397072610,0,1 T   mem=True nz=True ynz=True cond=True claim_agree=True upper=2140.68692968  CERT
493993266,0,1 RHO mem=True nz=True ynz=True cond=True claim_agree=True upper=0.918447402417  CERT
493993266,0,1 T   mem=True nz=True ynz=True cond=True claim_agree=True upper=2572.16969321  CERT
500168856,0,1 RHO mem=True nz=True ynz=True cond=True claim_agree=True upper=0.870753385769  CERT
500168856,0,1 T   mem=True nz=True ynz=True cond=True claim_agree=True upper=2126.13194338  CERT
500789033,0,1 RHO mem=True nz=True ynz=True cond=True claim_agree=True upper=0.934480951241  CERT
500789033,0,1 T   mem=True nz=True ynz=True cond=True claim_agree=True upper=2661.38177047  CERT
506964623,0,1 RHO mem=True nz=True ynz=True cond=True claim_agree=True upper=0.943465563060  CERT
506964623,0,1 T   mem=True nz=True ynz=True cond=True claim_agree=True upper=2656.73565304  CERT
603885279,0,1 RHO mem=True nz=True ynz=True cond=True claim_agree=True upper=0.903396552384  CERT
603885279,0,1 T   mem=True nz=True ynz=True cond=True claim_agree=True upper=2319.26308961  CERT
631266014,0,1 RHO mem=True nz=True ynz=True cond=True claim_agree=True upper=0.922708297111  CERT
631266014,0,1 T   mem=True nz=True ynz=True cond=True claim_agree=True upper=2487.94115871  CERT
677660557,0,1 RHO mem=True nz=True ynz=True cond=True claim_agree=True upper=0.961204067244  CERT
677660557,0,1 T   mem=True nz=True ynz=True cond=True claim_agree=True upper=2402.68746303  CERT
694263960,0,1 RHO mem=True nz=True ynz=True cond=True claim_agree=True upper=0.962117647071  CERT
694263960,0,1 T   mem=True nz=True ynz=True cond=True claim_agree=True upper=2582.66274497  CERT
700817505,0,1 RHO mem=True nz=True ynz=True cond=True claim_agree=True upper=0.936524603170  CERT
700817505,0,1 T   mem=True nz=True ynz=True cond=True claim_agree=True upper=2740.05301410  CERT
777313491,0,1 RHO mem=True nz=True ynz=True cond=True claim_agree=True upper=0.936524603170  CERT
777313491,0,1 T   mem=True nz=True ynz=True cond=True claim_agree=True upper=2669.05418963  CERT
791952885,0,1 RHO mem=True nz=True ynz=True cond=True claim_agree=True upper=0.866819394669  CERT
791952885,0,1 T   mem=True nz=True ynz=True cond=True claim_agree=True upper=2397.16270567  CERT
800920133,0,1 RHO mem=True nz=True ynz=True cond=True claim_agree=True upper=0.962403777043  CERT
800920133,0,1 T   mem=True nz=True ynz=True cond=True claim_agree=True upper=2682.06663872  CERT
877429303,0,1 RHO mem=True nz=True ynz=True cond=True claim_agree=True upper=0.918447402417  CERT
877429303,0,1 T   mem=True nz=True ynz=True cond=True claim_agree=True upper=2872.94318261  CERT
880108896,0,1 RHO mem=True nz=True ynz=True cond=True claim_agree=True upper=0.957216383204  CERT
880108896,0,1 T   mem=True nz=True ynz=True cond=True claim_agree=True upper=1931.54388684  CERT
898814724,0,1 RHO mem=True nz=True ynz=True cond=True claim_agree=True upper=0.961204067244  CERT
898814724,0,1 T   mem=True nz=True ynz=True cond=True claim_agree=True upper=2419.41207928  CERT
910487437,0,1 RHO mem=True nz=True ynz=True cond=True claim_agree=True upper=0.934480951241  CERT
910487437,0,1 T   mem=True nz=True ynz=True cond=True claim_agree=True upper=2446.49288436  CERT
955550254,0,1 RHO mem=True nz=True ynz=True cond=True claim_agree=True upper=0.896435015565  CERT
955550254,0,1 T   mem=True nz=True ynz=True cond=True claim_agree=True upper=1912.54942616  CERT
993857100,0,1 RHO mem=True nz=True ynz=True cond=True claim_agree=True upper=0.905565928007  CERT
993857100,0,1 T   mem=True nz=True ynz=True cond=True claim_agree=True upper=2277.91092721  CERT
FAMILY VERIFY n=7 l=1000957889 : EXCLUDED (components certified 32 / 32 ; lines 64 ; failed lines 0)
FAMILY VERIFY PASS
