FACTORIZATION: 32 irreducible factors of degree 2 over F_1000785473: OK (header deg/ncomp/bar_T agree)
65089375,0,1 RHO mem=True nz=True ynz=True cond=True claim_agree=True upper=0.951133390521  CERT
65089375,0,1 T   mem=True nz=True ynz=True cond=True claim_agree=True upper=2378.24717367  CERT
74990427,0,1 RHO mem=True nz=True ynz=True cond=True claim_agree=True upper=0.951323906379  CERT
74990427,0,1 T   mem=True nz=True ynz=True cond=True claim_agree=True upper=2560.74701514  CERT
112136940,0,1 RHO mem=True nz=True ynz=True cond=True claim_agree=True upper=0.979238268325  CERT
112136940,0,1 T   mem=True nz=True ynz=True cond=True claim_agree=True upper=2941.07641520  CERT
139718044,0,1 RHO mem=True nz=True ynz=True cond=True claim_agree=True upper=0.932043900451  CERT
139718044,0,1 T   mem=True nz=True ynz=True cond=True claim_agree=True upper=2907.40487877  CERT
159901226,0,1 RHO mem=True nz=True ynz=True cond=True claim_agree=True upper=0.951238160985  CERT
159901226,0,1 T   mem=True nz=True ynz=True cond=True claim_agree=True upper=2335.76696331  CERT
172534613,0,1 RHO mem=True nz=True ynz=True cond=True claim_agree=True upper=0.969232852459  CERT
172534613,0,1 T   mem=True nz=True ynz=True cond=True claim_agree=True upper=2336.03374447  CERT
244970512,0,1 RHO mem=True nz=True ynz=True cond=True claim_agree=True upper=0.951133390521  CERT
244970512,0,1 T   mem=True nz=True ynz=True cond=True claim_agree=True upper=2514.21033361  CERT
247982784,0,1 RHO mem=True nz=True ynz=True cond=True claim_agree=True upper=0.954628069909  CERT
247982784,0,1 T   mem=True nz=True ynz=True cond=True claim_agree=True upper=3254.47570892  CERT
248417882,0,1 RHO mem=True nz=True ynz=True cond=True claim_agree=True upper=0.953499071918  CERT
248417882,0,1 T   mem=True nz=True ynz=True cond=True claim_agree=True upper=2667.65570020  CERT
266554111,0,1 RHO mem=True nz=True ynz=True cond=True claim_agree=True upper=0.953499071918  CERT
266554111,0,1 T   mem=True nz=True ynz=True cond=True claim_agree=True upper=2703.63152445  CERT
371762733,0,1 RHO mem=True nz=True ynz=True cond=True claim_agree=True upper=0.929116039413  CERT
371762733,0,1 T   mem=True nz=True ynz=True cond=True claim_agree=True upper=2166.99592275  CERT
404600063,0,1 RHO mem=True nz=True ynz=True cond=True claim_agree=True upper=0.951238160985  CERT
404600063,0,1 T   mem=True nz=True ynz=True cond=True claim_agree=True upper=2475.98199443  CERT
421209397,0,1 RHO mem=True nz=True ynz=True cond=True claim_agree=True upper=0.954947839423  CERT
421209397,0,1 T   mem=True nz=True ynz=True cond=True claim_agree=True upper=2934.74045321  CERT
427797004,0,1 RHO mem=True nz=True ynz=True cond=True claim_agree=True upper=0.963340375701  CERT
427797004,0,1 T   mem=True nz=True ynz=True cond=True claim_agree=True upper=3421.33098308  CERT
477862777,0,1 RHO mem=True nz=True ynz=True cond=True claim_agree=True upper=0.954947839423  CERT
477862777,0,1 T   mem=True nz=True ynz=True cond=True claim_agree=True upper=2207.54597922  CERT
497177185,0,1 RHO mem=True nz=True ynz=True cond=True claim_agree=True upper=0.969232852459  CERT
497177185,0,1 T   mem=True nz=True ynz=True cond=True claim_agree=True upper=2308.83942879  CERT
503608288,0,1 RHO mem=True nz=True ynz=True cond=True claim_agree=True upper=0.936984754067  CERT
503608288,0,1 T   mem=True nz=True ynz=True cond=True claim_agree=True upper=2506.71352575  CERT
522922696,0,1 RHO mem=True nz=True ynz=True cond=True claim_agree=True upper=0.948145448688  CERT
522922696,0,1 T   mem=True nz=True ynz=True cond=True claim_agree=True upper=2459.18606943  CERT
572988469,0,1 RHO mem=True nz=True ynz=True cond=True claim_agree=True upper=0.932043900451  CERT
572988469,0,1 T   mem=True nz=True ynz=True cond=True claim_agree=True upper=2258.32071867  CERT
579576076,0,1 RHO mem=True nz=True ynz=True cond=True claim_agree=True upper=0.948145448688  CERT
579576076,0,1 T   mem=True nz=True ynz=True cond=True claim_agree=True upper=2299.79450781  CERT
596185410,0,1 RHO mem=True nz=True ynz=True cond=True claim_agree=True upper=0.942195172274  CERT
596185410,0,1 T   mem=True nz=True ynz=True cond=True claim_agree=True upper=2293.57337379  CERT
629022740,0,1 RHO mem=True nz=True ynz=True cond=True claim_agree=True upper=0.954628069909  CERT
629022740,0,1 T   mem=True nz=True ynz=True cond=True claim_agree=True upper=2721.67769550  CERT
734231362,0,1 RHO mem=True nz=True ynz=True cond=True claim_agree=True upper=0.934942899177  CERT
734231362,0,1 T   mem=True nz=True ynz=True cond=True claim_agree=True upper=2726.92478698  CERT
752367591,0,1 RHO mem=True nz=True ynz=True cond=True claim_agree=True upper=0.934942899177  CERT
752367591,0,1 T   mem=True nz=True ynz=True cond=True claim_agree=True upper=2152.20345474  CERT
752802689,0,1 RHO mem=True nz=True ynz=True cond=True claim_agree=True upper=0.929116039413  CERT
752802689,0,1 T   mem=True nz=True ynz=True cond=True claim_agree=True upper=2283.94209891  CERT
755814961,0,1 RHO mem=True nz=True ynz=True cond=True claim_agree=True upper=0.915751434416  CERT
755814961,0,1 T   mem=True nz=True ynz=True cond=True claim_agree=True upper=2164.69587050  CERT
828250860,0,1 RHO mem=True nz=True ynz=True cond=True claim_agree=True upper=0.936984754067  CERT
828250860,0,1 T   mem=True nz=True ynz=True cond=True claim_agree=True upper=2300.04213527  CERT
840884247,0,1 RHO mem=True nz=True ynz=True cond=True claim_agree=True upper=0.942195172274  CERT
840884247,0,1 T   mem=True nz=True ynz=True cond=True claim_agree=True upper=2320.06469417  CERT
861067429,0,1 RHO mem=True nz=True ynz=True cond=True claim_agree=True upper=0.963340375701  CERT
861067429,0,1 T   mem=True nz=True ynz=True cond=True claim_agree=True upper=2905.72048649  CERT
888648533,0,1 RHO mem=True nz=True ynz=True cond=True claim_agree=True upper=0.951323906379  CERT
888648533,0,1 T   mem=True nz=True ynz=True cond=True claim_agree=True upper=2430.13247348  CERT
925795046,0,1 RHO mem=True nz=True ynz=True cond=True claim_agree=True upper=0.979238268325  CERT
925795046,0,1 T   mem=True nz=True ynz=True cond=True claim_agree=True upper=2695.55196213  CERT
935696098,0,1 RHO mem=True nz=True ynz=True cond=True claim_agree=True upper=0.915751434416  CERT
935696098,0,1 T   mem=True nz=True ynz=True cond=True claim_agree=True upper=3091.18556259  CERT
FAMILY VERIFY n=7 l=1000785473 : EXCLUDED (components certified 32 / 32 ; lines 64 ; failed lines 0)
FAMILY VERIFY PASS
