FACTORIZATION: 32 irreducible factors of degree 2 over F_1000591937: OK (header deg/ncomp/bar_T agree)
9030684,0,1 RHO mem=True nz=True ynz=True cond=True claim_agree=True upper=0.939696245810  CERT
9030684,0,1 T   mem=True nz=True ynz=True cond=True claim_agree=True upper=2887.67248209  CERT
20060866,0,1 RHO mem=True nz=True ynz=True cond=True claim_agree=True upper=0.950631881128  CERT
20060866,0,1 T   mem=True nz=True ynz=True cond=True claim_agree=True upper=2002.65948659  CERT
38432719,0,1 RHO mem=True nz=True ynz=True cond=True claim_agree=True upper=0.955589922988  CERT
38432719,0,1 T   mem=True nz=True ynz=True cond=True claim_agree=True upper=1617.69264338  CERT
94794329,0,1 RHO mem=True nz=True ynz=True cond=True claim_agree=True upper=0.957708017491  CERT
94794329,0,1 T   mem=True nz=True ynz=True cond=True claim_agree=True upper=1655.03173311  CERT
142603024,0,1 RHO mem=True nz=True ynz=True cond=True claim_agree=True upper=0.874212302665  CERT
142603024,0,1 T   mem=True nz=True ynz=True cond=True claim_agree=True upper=1345.37195374  CERT
172734788,0,1 RHO mem=True nz=True ynz=True cond=True claim_agree=True upper=0.963603803218  CERT
172734788,0,1 T   mem=True nz=True ynz=True cond=True claim_agree=True upper=2285.47633703  CERT
194829132,0,1 RHO mem=True nz=True ynz=True cond=True claim_agree=True upper=0.957708017491  CERT
194829132,0,1 T   mem=True nz=True ynz=True cond=True claim_agree=True upper=2387.82928655  CERT
260431182,0,1 RHO mem=True nz=True ynz=True cond=True claim_agree=True upper=0.954225752816  CERT
260431182,0,1 T   mem=True nz=True ynz=True cond=True claim_agree=True upper=2423.35293032  CERT
270242679,0,1 RHO mem=True nz=True ynz=True cond=True claim_agree=True upper=0.952889147328  CERT
270242679,0,1 T   mem=True nz=True ynz=True cond=True claim_agree=True upper=2683.63129906  CERT
322547763,0,1 RHO mem=True nz=True ynz=True cond=True claim_agree=True upper=0.929472574058  CERT
322547763,0,1 T   mem=True nz=True ynz=True cond=True claim_agree=True upper=2323.01042373  CERT
326604030,0,1 RHO mem=True nz=True ynz=True cond=True claim_agree=True upper=0.989066483471  CERT
326604030,0,1 T   mem=True nz=True ynz=True cond=True claim_agree=True upper=2378.98412829  CERT
349093900,0,1 RHO mem=True nz=True ynz=True cond=True claim_agree=True upper=0.960962839130  CERT
349093900,0,1 T   mem=True nz=True ynz=True cond=True claim_agree=True upper=2380.65476840  CERT
369801279,0,1 RHO mem=True nz=True ynz=True cond=True claim_agree=True upper=0.989066483471  CERT
369801279,0,1 T   mem=True nz=True ynz=True cond=True claim_agree=True upper=2187.87936457  CERT
376234379,0,1 RHO mem=True nz=True ynz=True cond=True claim_agree=True upper=0.960962839130  CERT
376234379,0,1 T   mem=True nz=True ynz=True cond=True claim_agree=True upper=2395.87411638  CERT
438607371,0,1 RHO mem=True nz=True ynz=True cond=True claim_agree=True upper=0.963603803218  CERT
438607371,0,1 T   mem=True nz=True ynz=True cond=True claim_agree=True upper=2584.90536579  CERT
472846325,0,1 RHO mem=True nz=True ynz=True cond=True claim_agree=True upper=0.954225752816  CERT
472846325,0,1 T   mem=True nz=True ynz=True cond=True claim_agree=True upper=1603.98261374  CERT
527745612,0,1 RHO mem=True nz=True ynz=True cond=True claim_agree=True upper=0.926810103272  CERT
527745612,0,1 T   mem=True nz=True ynz=True cond=True claim_agree=True upper=1830.72544435  CERT
561984566,0,1 RHO mem=True nz=True ynz=True cond=True claim_agree=True upper=0.905833358245  CERT
561984566,0,1 T   mem=True nz=True ynz=True cond=True claim_agree=True upper=1881.38016707  CERT
624357558,0,1 RHO mem=True nz=True ynz=True cond=True claim_agree=True upper=0.858360343580  CERT
624357558,0,1 T   mem=True nz=True ynz=True cond=True claim_agree=True upper=2565.85863099  CERT
630790658,0,1 RHO mem=True nz=True ynz=True cond=True claim_agree=True upper=0.908649304094  CERT
630790658,0,1 T   mem=True nz=True ynz=True cond=True claim_agree=True upper=2142.73469303  CERT
651498037,0,1 RHO mem=True nz=True ynz=True cond=True claim_agree=True upper=0.858360343580  CERT
651498037,0,1 T   mem=True nz=True ynz=True cond=True claim_agree=True upper=1290.85742418  CERT
673987907,0,1 RHO mem=True nz=True ynz=True cond=True claim_agree=True upper=0.908649304094  CERT
673987907,0,1 T   mem=True nz=True ynz=True cond=True claim_agree=True upper=1434.20408415  CERT
678044174,0,1 RHO mem=True nz=True ynz=True cond=True claim_agree=True upper=0.955589922988  CERT
678044174,0,1 T   mem=True nz=True ynz=True cond=True claim_agree=True upper=2198.37628500  CERT
730349258,0,1 RHO mem=True nz=True ynz=True cond=True claim_agree=True upper=0.950631881128  CERT
730349258,0,1 T   mem=True nz=True ynz=True cond=True claim_agree=True upper=2484.35987391  CERT
740160755,0,1 RHO mem=True nz=True ynz=True cond=True claim_agree=True upper=0.926810103272  CERT
740160755,0,1 T   mem=True nz=True ynz=True cond=True claim_agree=True upper=2239.52350884  CERT
805762805,0,1 RHO mem=True nz=True ynz=True cond=True claim_agree=True upper=0.939063728040  CERT
805762805,0,1 T   mem=True nz=True ynz=True cond=True claim_agree=True upper=2265.32958796  CERT
827857149,0,1 RHO mem=True nz=True ynz=True cond=True claim_agree=True upper=0.905833358245  CERT
827857149,0,1 T   mem=True nz=True ynz=True cond=True claim_agree=True upper=1695.04471147  CERT
857988913,0,1 RHO mem=True nz=True ynz=True cond=True claim_agree=True upper=0.939696245810  CERT
857988913,0,1 T   mem=True nz=True ynz=True cond=True claim_agree=True upper=2617.04885377  CERT
905797608,0,1 RHO mem=True nz=True ynz=True cond=True claim_agree=True upper=0.939063728040  CERT
905797608,0,1 T   mem=True nz=True ynz=True cond=True claim_agree=True upper=1407.67364381  CERT
962159218,0,1 RHO mem=True nz=True ynz=True cond=True claim_agree=True upper=0.929472574058  CERT
962159218,0,1 T   mem=True nz=True ynz=True cond=True claim_agree=True upper=1955.44783018  CERT
980531071,0,1 RHO mem=True nz=True ynz=True cond=True claim_agree=True upper=0.952889147328  CERT
980531071,0,1 T   mem=True nz=True ynz=True cond=True claim_agree=True upper=1934.24722633  CERT
991561253,0,1 RHO mem=True nz=True ynz=True cond=True claim_agree=True upper=0.874212302665  CERT
991561253,0,1 T   mem=True nz=True ynz=True cond=True claim_agree=True upper=1514.15897986  CERT
FAMILY VERIFY n=7 l=1000591937 : EXCLUDED (components certified 32 / 32 ; lines 64 ; failed lines 0)
FAMILY VERIFY PASS
