FACTORIZATION: 32 irreducible factors of degree 2 over F_1000241729: OK (header deg/ncomp/bar_T agree)
28884318,0,1 RHO mem=True nz=True ynz=True cond=True claim_agree=True upper=0.943896100057  CERT
28884318,0,1 T   mem=True nz=True ynz=True cond=True claim_agree=True upper=2450.99453094  CERT
78344699,0,1 RHO mem=True nz=True ynz=True cond=True claim_agree=True upper=0.961524538961  CERT
78344699,0,1 T   mem=True nz=True ynz=True cond=True claim_agree=True upper=2648.16354513  CERT
83772393,0,1 RHO mem=True nz=True ynz=True cond=True claim_agree=True upper=0.955638501781  CERT
83772393,0,1 T   mem=True nz=True ynz=True cond=True claim_agree=True upper=2301.96142690  CERT
90900796,0,1 RHO mem=True nz=True ynz=True cond=True claim_agree=True upper=0.938296945192  CERT
90900796,0,1 T   mem=True nz=True ynz=True cond=True claim_agree=True upper=2596.30088573  CERT
107559183,0,1 RHO mem=True nz=True ynz=True cond=True claim_agree=True upper=0.912712412800  CERT
107559183,0,1 T   mem=True nz=True ynz=True cond=True claim_agree=True upper=2374.92027249  CERT
114411916,0,1 RHO mem=True nz=True ynz=True cond=True claim_agree=True upper=0.938073390314  CERT
114411916,0,1 T   mem=True nz=True ynz=True cond=True claim_agree=True upper=2845.47522020  CERT
263810608,0,1 RHO mem=True nz=True ynz=True cond=True claim_agree=True upper=0.892691720181  CERT
263810608,0,1 T   mem=True nz=True ynz=True cond=True claim_agree=True upper=2574.37703974  CERT
291464436,0,1 RHO mem=True nz=True ynz=True cond=True claim_agree=True upper=0.957680397051  CERT
291464436,0,1 T   mem=True nz=True ynz=True cond=True claim_agree=True upper=2390.11718500  CERT
349072016,0,1 RHO mem=True nz=True ynz=True cond=True claim_agree=True upper=0.924862028086  CERT
349072016,0,1 T   mem=True nz=True ynz=True cond=True claim_agree=True upper=2780.87829495  CERT
361855547,0,1 RHO mem=True nz=True ynz=True cond=True claim_agree=True upper=0.924862028086  CERT
361855547,0,1 T   mem=True nz=True ynz=True cond=True claim_agree=True upper=2184.58486786  CERT
362764476,0,1 RHO mem=True nz=True ynz=True cond=True claim_agree=True upper=0.945205814760  CERT
362764476,0,1 T   mem=True nz=True ynz=True cond=True claim_agree=True upper=3142.35462260  CERT
371361215,0,1 RHO mem=True nz=True ynz=True cond=True claim_agree=True upper=0.895931143948  CERT
371361215,0,1 T   mem=True nz=True ynz=True cond=True claim_agree=True upper=2836.86454185  CERT
377180687,0,1 RHO mem=True nz=True ynz=True cond=True claim_agree=True upper=0.913675638658  CERT
377180687,0,1 T   mem=True nz=True ynz=True cond=True claim_agree=True upper=2418.29106154  CERT
440735265,0,1 RHO mem=True nz=True ynz=True cond=True claim_agree=True upper=0.943896100057  CERT
440735265,0,1 T   mem=True nz=True ynz=True cond=True claim_agree=True upper=2787.47625843  CERT
482470089,0,1 RHO mem=True nz=True ynz=True cond=True claim_agree=True upper=0.938073390314  CERT
482470089,0,1 T   mem=True nz=True ynz=True cond=True claim_agree=True upper=2286.16113776  CERT
493516631,0,1 RHO mem=True nz=True ynz=True cond=True claim_agree=True upper=0.910138022253  CERT
493516631,0,1 T   mem=True nz=True ynz=True cond=True claim_agree=True upper=2873.70007606  CERT
506725098,0,1 RHO mem=True nz=True ynz=True cond=True claim_agree=True upper=0.938296945192  CERT
506725098,0,1 T   mem=True nz=True ynz=True cond=True claim_agree=True upper=2284.10453899  CERT
517771640,0,1 RHO mem=True nz=True ynz=True cond=True claim_agree=True upper=0.920211700586  CERT
517771640,0,1 T   mem=True nz=True ynz=True cond=True claim_agree=True upper=2251.15232321  CERT
559506464,0,1 RHO mem=True nz=True ynz=True cond=True claim_agree=True upper=0.898669548685  CERT
559506464,0,1 T   mem=True nz=True ynz=True cond=True claim_agree=True upper=2774.37606794  CERT
623061042,0,1 RHO mem=True nz=True ynz=True cond=True claim_agree=True upper=0.961524538961  CERT
623061042,0,1 T   mem=True nz=True ynz=True cond=True claim_agree=True upper=2160.31331497  CERT
628880514,0,1 RHO mem=True nz=True ynz=True cond=True claim_agree=True upper=0.957680397051  CERT
628880514,0,1 T   mem=True nz=True ynz=True cond=True claim_agree=True upper=2450.68371973  CERT
637477253,0,1 RHO mem=True nz=True ynz=True cond=True claim_agree=True upper=0.912712412800  CERT
637477253,0,1 T   mem=True nz=True ynz=True cond=True claim_agree=True upper=1981.32941522  CERT
638386182,0,1 RHO mem=True nz=True ynz=True cond=True claim_agree=True upper=0.900592385180  CERT
638386182,0,1 T   mem=True nz=True ynz=True cond=True claim_agree=True upper=2554.89904580  CERT
651169713,0,1 RHO mem=True nz=True ynz=True cond=True claim_agree=True upper=0.900592385180  CERT
651169713,0,1 T   mem=True nz=True ynz=True cond=True claim_agree=True upper=1815.10052993  CERT
708777293,0,1 RHO mem=True nz=True ynz=True cond=True claim_agree=True upper=0.895931143948  CERT
708777293,0,1 T   mem=True nz=True ynz=True cond=True claim_agree=True upper=2205.18784017  CERT
736431121,0,1 RHO mem=True nz=True ynz=True cond=True claim_agree=True upper=0.955638501781  CERT
736431121,0,1 T   mem=True nz=True ynz=True cond=True claim_agree=True upper=2896.95647364  CERT
885829813,0,1 RHO mem=True nz=True ynz=True cond=True claim_agree=True upper=0.920211700586  CERT
885829813,0,1 T   mem=True nz=True ynz=True cond=True claim_agree=True upper=2375.02109618  CERT
892682546,0,1 RHO mem=True nz=True ynz=True cond=True claim_agree=True upper=0.945205814760  CERT
892682546,0,1 T   mem=True nz=True ynz=True cond=True claim_agree=True upper=2449.87489010  CERT
909340933,0,1 RHO mem=True nz=True ynz=True cond=True claim_agree=True upper=0.910138022253  CERT
909340933,0,1 T   mem=True nz=True ynz=True cond=True claim_agree=True upper=2496.53428076  CERT
916469336,0,1 RHO mem=True nz=True ynz=True cond=True claim_agree=True upper=0.892691720181  CERT
916469336,0,1 T   mem=True nz=True ynz=True cond=True claim_agree=True upper=2280.23496870  CERT
921897030,0,1 RHO mem=True nz=True ynz=True cond=True claim_agree=True upper=0.913675638658  CERT
921897030,0,1 T   mem=True nz=True ynz=True cond=True claim_agree=True upper=2153.33604714  CERT
971357411,0,1 RHO mem=True nz=True ynz=True cond=True claim_agree=True upper=0.898669548685  CERT
971357411,0,1 T   mem=True nz=True ynz=True cond=True claim_agree=True upper=1760.35090859  CERT
FAMILY VERIFY n=7 l=1000241729 : EXCLUDED (components certified 32 / 32 ; lines 64 ; failed lines 0)
FAMILY VERIFY PASS
