FACTORIZATION: 32 irreducible factors of degree 2 over F_1001215681: OK (header deg/ncomp/bar_T agree)
4507031,0,1 RHO mem=True nz=True ynz=True cond=True claim_agree=True upper=0.933558139284  CERT
4507031,0,1 T   mem=True nz=True ynz=True cond=True claim_agree=True upper=2786.19558760  CERT
47645476,0,1 RHO mem=True nz=True ynz=True cond=True claim_agree=True upper=0.913809568734  CERT
47645476,0,1 T   mem=True nz=True ynz=True cond=True claim_agree=True upper=2101.73857526  CERT
84436500,0,1 RHO mem=True nz=True ynz=True cond=True claim_agree=True upper=0.925492664523  CERT
84436500,0,1 T   mem=True nz=True ynz=True cond=True claim_agree=True upper=2051.15882152  CERT
133266663,0,1 RHO mem=True nz=True ynz=True cond=True claim_agree=True upper=0.886732223507  CERT
133266663,0,1 T   mem=True nz=True ynz=True cond=True claim_agree=True upper=2146.48319737  CERT
149485338,0,1 RHO mem=True nz=True ynz=True cond=True claim_agree=True upper=0.933558139284  CERT
149485338,0,1 T   mem=True nz=True ynz=True cond=True claim_agree=True upper=2032.85179811  CERT
150512776,0,1 RHO mem=True nz=True ynz=True cond=True claim_agree=True upper=0.875181425063  CERT
150512776,0,1 T   mem=True nz=True ynz=True cond=True claim_agree=True upper=1423.31582641  CERT
175904182,0,1 RHO mem=True nz=True ynz=True cond=True claim_agree=True upper=0.927177387141  CERT
175904182,0,1 T   mem=True nz=True ynz=True cond=True claim_agree=True upper=1939.54006611  CERT
291595438,0,1 RHO mem=True nz=True ynz=True cond=True claim_agree=True upper=0.957047892365  CERT
291595438,0,1 T   mem=True nz=True ynz=True cond=True claim_agree=True upper=2374.85758281  CERT
316175121,0,1 RHO mem=True nz=True ynz=True cond=True claim_agree=True upper=0.877622726211  CERT
316175121,0,1 T   mem=True nz=True ynz=True cond=True claim_agree=True upper=1579.67471144  CERT
329137968,0,1 RHO mem=True nz=True ynz=True cond=True claim_agree=True upper=0.924429151939  CERT
329137968,0,1 T   mem=True nz=True ynz=True cond=True claim_agree=True upper=2290.19236541  CERT
356110210,0,1 RHO mem=True nz=True ynz=True cond=True claim_agree=True upper=0.913809568734  CERT
356110210,0,1 T   mem=True nz=True ynz=True cond=True claim_agree=True upper=2226.07795687  CERT
360801602,0,1 RHO mem=True nz=True ynz=True cond=True claim_agree=True upper=0.939655266222  CERT
360801602,0,1 T   mem=True nz=True ynz=True cond=True claim_agree=True upper=2279.03915708  CERT
368632219,0,1 RHO mem=True nz=True ynz=True cond=True claim_agree=True upper=0.901423584711  CERT
368632219,0,1 T   mem=True nz=True ynz=True cond=True claim_agree=True upper=1713.36675022  CERT
381648663,0,1 RHO mem=True nz=True ynz=True cond=True claim_agree=True upper=0.924429151939  CERT
381648663,0,1 T   mem=True nz=True ynz=True cond=True claim_agree=True upper=2017.84656822  CERT
437505801,0,1 RHO mem=True nz=True ynz=True cond=True claim_agree=True upper=0.885820627778  CERT
437505801,0,1 T   mem=True nz=True ynz=True cond=True claim_agree=True upper=1905.01591186  CERT
444465451,0,1 RHO mem=True nz=True ynz=True cond=True claim_agree=True upper=0.927177387141  CERT
444465451,0,1 T   mem=True nz=True ynz=True cond=True claim_agree=True upper=2151.83916850  CERT
556750230,0,1 RHO mem=True nz=True ynz=True cond=True claim_agree=True upper=0.914174943362  CERT
556750230,0,1 T   mem=True nz=True ynz=True cond=True claim_agree=True upper=1904.17432948  CERT
563709880,0,1 RHO mem=True nz=True ynz=True cond=True claim_agree=True upper=0.886732223507  CERT
563709880,0,1 T   mem=True nz=True ynz=True cond=True claim_agree=True upper=1881.47503891  CERT
619567018,0,1 RHO mem=True nz=True ynz=True cond=True claim_agree=True upper=0.898800735651  CERT
619567018,0,1 T   mem=True nz=True ynz=True cond=True claim_agree=True upper=2345.95537868  CERT
632583462,0,1 RHO mem=True nz=True ynz=True cond=True claim_agree=True upper=0.925492664523  CERT
632583462,0,1 T   mem=True nz=True ynz=True cond=True claim_agree=True upper=2348.14930356  CERT
640414079,0,1 RHO mem=True nz=True ynz=True cond=True claim_agree=True upper=0.875181425063  CERT
640414079,0,1 T   mem=True nz=True ynz=True cond=True claim_agree=True upper=1870.63570659  CERT
645105471,0,1 RHO mem=True nz=True ynz=True cond=True claim_agree=True upper=0.858422623337  CERT
645105471,0,1 T   mem=True nz=True ynz=True cond=True claim_agree=True upper=2233.69306502  CERT
672077713,0,1 RHO mem=True nz=True ynz=True cond=True claim_agree=True upper=0.898800735651  CERT
672077713,0,1 T   mem=True nz=True ynz=True cond=True claim_agree=True upper=1572.98268321  CERT
685040560,0,1 RHO mem=True nz=True ynz=True cond=True claim_agree=True upper=0.957047892365  CERT
685040560,0,1 T   mem=True nz=True ynz=True cond=True claim_agree=True upper=2722.77644231  CERT
709620243,0,1 RHO mem=True nz=True ynz=True cond=True claim_agree=True upper=0.877622726211  CERT
709620243,0,1 T   mem=True nz=True ynz=True cond=True claim_agree=True upper=1794.61381623  CERT
825311499,0,1 RHO mem=True nz=True ynz=True cond=True claim_agree=True upper=0.914174943362  CERT
825311499,0,1 T   mem=True nz=True ynz=True cond=True claim_agree=True upper=2611.48315059  CERT
850702905,0,1 RHO mem=True nz=True ynz=True cond=True claim_agree=True upper=0.939655266222  CERT
850702905,0,1 T   mem=True nz=True ynz=True cond=True claim_agree=True upper=2876.10741334  CERT
851730343,0,1 RHO mem=True nz=True ynz=True cond=True claim_agree=True upper=0.910232000079  CERT
851730343,0,1 T   mem=True nz=True ynz=True cond=True claim_agree=True upper=1891.10162327  CERT
867949018,0,1 RHO mem=True nz=True ynz=True cond=True claim_agree=True upper=0.885820627778  CERT
867949018,0,1 T   mem=True nz=True ynz=True cond=True claim_agree=True upper=2176.59895389  CERT
916779181,0,1 RHO mem=True nz=True ynz=True cond=True claim_agree=True upper=0.901423584711  CERT
916779181,0,1 T   mem=True nz=True ynz=True cond=True claim_agree=True upper=2443.58633494  CERT
953570205,0,1 RHO mem=True nz=True ynz=True cond=True claim_agree=True upper=0.858422623337  CERT
953570205,0,1 T   mem=True nz=True ynz=True cond=True claim_agree=True upper=1835.10304722  CERT
996708650,0,1 RHO mem=True nz=True ynz=True cond=True claim_agree=True upper=0.910232000079  CERT
996708650,0,1 T   mem=True nz=True ynz=True cond=True claim_agree=True upper=1907.41187645  CERT
FAMILY VERIFY n=7 l=1001215681 : EXCLUDED (components certified 32 / 32 ; lines 64 ; failed lines 0)
FAMILY VERIFY PASS
