FACTORIZATION: 32 irreducible factors of degree 2 over F_1000427969: OK (header deg/ncomp/bar_T agree)
85700425,0,1 RHO mem=True nz=True ynz=True cond=True claim_agree=True upper=0.962312907049  CERT
85700425,0,1 T   mem=True nz=True ynz=True cond=True claim_agree=True upper=2339.48243820  CERT
128369498,0,1 RHO mem=True nz=True ynz=True cond=True claim_agree=True upper=0.933843564826  CERT
128369498,0,1 T   mem=True nz=True ynz=True cond=True claim_agree=True upper=1851.78479536  CERT
166518923,0,1 RHO mem=True nz=True ynz=True cond=True claim_agree=True upper=0.939464797572  CERT
166518923,0,1 T   mem=True nz=True ynz=True cond=True claim_agree=True upper=2261.11300095  CERT
171585656,0,1 RHO mem=True nz=True ynz=True cond=True claim_agree=True upper=0.915240041861  CERT
171585656,0,1 T   mem=True nz=True ynz=True cond=True claim_agree=True upper=2030.09771552  CERT
187817272,0,1 RHO mem=True nz=True ynz=True cond=True claim_agree=True upper=0.933843564826  CERT
187817272,0,1 T   mem=True nz=True ynz=True cond=True claim_agree=True upper=2709.60638648  CERT
227507693,0,1 RHO mem=True nz=True ynz=True cond=True claim_agree=True upper=0.916551942861  CERT
227507693,0,1 T   mem=True nz=True ynz=True cond=True claim_agree=True upper=2439.31746517  CERT
239544126,0,1 RHO mem=True nz=True ynz=True cond=True claim_agree=True upper=0.957287880262  CERT
239544126,0,1 T   mem=True nz=True ynz=True cond=True claim_agree=True upper=2224.52370580  CERT
267325545,0,1 RHO mem=True nz=True ynz=True cond=True claim_agree=True upper=0.976242458312  CERT
267325545,0,1 T   mem=True nz=True ynz=True cond=True claim_agree=True upper=2703.14857485  CERT
273956397,0,1 RHO mem=True nz=True ynz=True cond=True claim_agree=True upper=0.941824360218  CERT
273956397,0,1 T   mem=True nz=True ynz=True cond=True claim_agree=True upper=2912.48447449  CERT
279929036,0,1 RHO mem=True nz=True ynz=True cond=True claim_agree=True upper=0.984148553943  CERT
279929036,0,1 T   mem=True nz=True ynz=True cond=True claim_agree=True upper=3109.31998125  CERT
419556292,0,1 RHO mem=True nz=True ynz=True cond=True claim_agree=True upper=0.962312907049  CERT
419556292,0,1 T   mem=True nz=True ynz=True cond=True claim_agree=True upper=2413.31843106  CERT
443775461,0,1 RHO mem=True nz=True ynz=True cond=True claim_agree=True upper=0.939169466913  CERT
443775461,0,1 T   mem=True nz=True ynz=True cond=True claim_agree=True upper=2223.45262310  CERT
455332946,0,1 RHO mem=True nz=True ynz=True cond=True claim_agree=True upper=0.916551942861  CERT
455332946,0,1 T   mem=True nz=True ynz=True cond=True claim_agree=True upper=2804.65758072  CERT
470741459,0,1 RHO mem=True nz=True ynz=True cond=True claim_agree=True upper=0.939169466913  CERT
470741459,0,1 T   mem=True nz=True ynz=True cond=True claim_agree=True upper=2341.06257032  CERT
477094399,0,1 RHO mem=True nz=True ynz=True cond=True claim_agree=True upper=0.949866223927  CERT
477094399,0,1 T   mem=True nz=True ynz=True cond=True claim_agree=True upper=2005.98532913  CERT
499695252,0,1 RHO mem=True nz=True ynz=True cond=True claim_agree=True upper=0.972628485449  CERT
499695252,0,1 T   mem=True nz=True ynz=True cond=True claim_agree=True upper=2091.30538881  CERT
500732717,0,1 RHO mem=True nz=True ynz=True cond=True claim_agree=True upper=0.949866223927  CERT
500732717,0,1 T   mem=True nz=True ynz=True cond=True claim_agree=True upper=2227.82530858  CERT
523333570,0,1 RHO mem=True nz=True ynz=True cond=True claim_agree=True upper=0.972628485449  CERT
523333570,0,1 T   mem=True nz=True ynz=True cond=True claim_agree=True upper=3031.25521603  CERT
529686510,0,1 RHO mem=True nz=True ynz=True cond=True claim_agree=True upper=0.953761109619  CERT
529686510,0,1 T   mem=True nz=True ynz=True cond=True claim_agree=True upper=2945.06013302  CERT
545095023,0,1 RHO mem=True nz=True ynz=True cond=True claim_agree=True upper=0.940209017123  CERT
545095023,0,1 T   mem=True nz=True ynz=True cond=True claim_agree=True upper=2141.93174001  CERT
556652508,0,1 RHO mem=True nz=True ynz=True cond=True claim_agree=True upper=0.953761109619  CERT
556652508,0,1 T   mem=True nz=True ynz=True cond=True claim_agree=True upper=2854.04510518  CERT
580871677,0,1 RHO mem=True nz=True ynz=True cond=True claim_agree=True upper=0.968680704250  CERT
580871677,0,1 T   mem=True nz=True ynz=True cond=True claim_agree=True upper=2255.13509499  CERT
720498933,0,1 RHO mem=True nz=True ynz=True cond=True claim_agree=True upper=0.939464797572  CERT
720498933,0,1 T   mem=True nz=True ynz=True cond=True claim_agree=True upper=3095.83034954  CERT
726471572,0,1 RHO mem=True nz=True ynz=True cond=True claim_agree=True upper=0.976242458312  CERT
726471572,0,1 T   mem=True nz=True ynz=True cond=True claim_agree=True upper=2628.80764054  CERT
733102424,0,1 RHO mem=True nz=True ynz=True cond=True claim_agree=True upper=0.941824360218  CERT
733102424,0,1 T   mem=True nz=True ynz=True cond=True claim_agree=True upper=2098.83099591  CERT
760883843,0,1 RHO mem=True nz=True ynz=True cond=True claim_agree=True upper=0.915240041861  CERT
760883843,0,1 T   mem=True nz=True ynz=True cond=True claim_agree=True upper=1759.28675804  CERT
772920276,0,1 RHO mem=True nz=True ynz=True cond=True claim_agree=True upper=0.940209017123  CERT
772920276,0,1 T   mem=True nz=True ynz=True cond=True claim_agree=True upper=2069.74337670  CERT
812610697,0,1 RHO mem=True nz=True ynz=True cond=True claim_agree=True upper=0.930784318203  CERT
812610697,0,1 T   mem=True nz=True ynz=True cond=True claim_agree=True upper=1814.40014443  CERT
828842313,0,1 RHO mem=True nz=True ynz=True cond=True claim_agree=True upper=0.957287880262  CERT
828842313,0,1 T   mem=True nz=True ynz=True cond=True claim_agree=True upper=2530.79874872  CERT
833909046,0,1 RHO mem=True nz=True ynz=True cond=True claim_agree=True upper=0.984148553943  CERT
833909046,0,1 T   mem=True nz=True ynz=True cond=True claim_agree=True upper=2745.68419390  CERT
872058471,0,1 RHO mem=True nz=True ynz=True cond=True claim_agree=True upper=0.930784318203  CERT
872058471,0,1 T   mem=True nz=True ynz=True cond=True claim_agree=True upper=2319.50784441  CERT
914727544,0,1 RHO mem=True nz=True ynz=True cond=True claim_agree=True upper=0.968680704250  CERT
914727544,0,1 T   mem=True nz=True ynz=True cond=True claim_agree=True upper=2831.78183499  CERT
FAMILY VERIFY n=7 l=1000427969 : EXCLUDED (components certified 32 / 32 ; lines 64 ; failed lines 0)
FAMILY VERIFY PASS
