FACTORIZATION: 32 irreducible factors of degree 2 over F_1001149249: OK (header deg/ncomp/bar_T agree)
11773102,0,1 RHO mem=True nz=True ynz=True cond=True claim_agree=True upper=0.774796968212  CERT
11773102,0,1 T   mem=True nz=True ynz=True cond=True claim_agree=True upper=1318.63887781  CERT
25746311,0,1 RHO mem=True nz=True ynz=True cond=True claim_agree=True upper=0.779973682475  CERT
25746311,0,1 T   mem=True nz=True ynz=True cond=True claim_agree=True upper=1093.93774647  CERT
62852048,0,1 RHO mem=True nz=True ynz=True cond=True claim_agree=True upper=0.809437229806  CERT
62852048,0,1 T   mem=True nz=True ynz=True cond=True claim_agree=True upper=1833.56480478  CERT
122467118,0,1 RHO mem=True nz=True ynz=True cond=True claim_agree=True upper=0.766478836925  CERT
122467118,0,1 T   mem=True nz=True ynz=True cond=True claim_agree=True upper=915.058175963  CERT
130712477,0,1 RHO mem=True nz=True ynz=True cond=True claim_agree=True upper=0.795357972717  CERT
130712477,0,1 T   mem=True nz=True ynz=True cond=True claim_agree=True upper=1192.39115792  CERT
157263826,0,1 RHO mem=True nz=True ynz=True cond=True claim_agree=True upper=0.767434517775  CERT
157263826,0,1 T   mem=True nz=True ynz=True cond=True claim_agree=True upper=1637.51759212  CERT
180323685,0,1 RHO mem=True nz=True ynz=True cond=True claim_agree=True upper=0.780839521502  CERT
180323685,0,1 T   mem=True nz=True ynz=True cond=True claim_agree=True upper=1593.74466437  CERT
183495685,0,1 RHO mem=True nz=True ynz=True cond=True claim_agree=True upper=0.821757898602  CERT
183495685,0,1 T   mem=True nz=True ynz=True cond=True claim_agree=True upper=2305.88198053  CERT
199014246,0,1 RHO mem=True nz=True ynz=True cond=True claim_agree=True upper=0.766478836925  CERT
199014246,0,1 T   mem=True nz=True ynz=True cond=True claim_agree=True upper=1310.39892694  CERT
257180047,0,1 RHO mem=True nz=True ynz=True cond=True claim_agree=True upper=0.794040611768  CERT
257180047,0,1 T   mem=True nz=True ynz=True cond=True claim_agree=True upper=1676.31222786  CERT
317596927,0,1 RHO mem=True nz=True ynz=True cond=True claim_agree=True upper=0.780839521502  CERT
317596927,0,1 T   mem=True nz=True ynz=True cond=True claim_agree=True upper=1141.11565665  CERT
338662782,0,1 RHO mem=True nz=True ynz=True cond=True claim_agree=True upper=0.809437229806  CERT
338662782,0,1 T   mem=True nz=True ynz=True cond=True claim_agree=True upper=1479.72465349  CERT
418485519,0,1 RHO mem=True nz=True ynz=True cond=True claim_agree=True upper=0.790296361926  CERT
418485519,0,1 T   mem=True nz=True ynz=True cond=True claim_agree=True upper=1460.47026654  CERT
425203054,0,1 RHO mem=True nz=True ynz=True cond=True claim_agree=True upper=0.795844079234  CERT
425203054,0,1 T   mem=True nz=True ynz=True cond=True claim_agree=True upper=2613.52884639  CERT
437104540,0,1 RHO mem=True nz=True ynz=True cond=True claim_agree=True upper=0.787228652377  CERT
437104540,0,1 T   mem=True nz=True ynz=True cond=True claim_agree=True upper=1987.96940887  CERT
490490613,0,1 RHO mem=True nz=True ynz=True cond=True claim_agree=True upper=0.775693110987  CERT
490490613,0,1 T   mem=True nz=True ynz=True cond=True claim_agree=True upper=1880.00830330  CERT
510658636,0,1 RHO mem=True nz=True ynz=True cond=True claim_agree=True upper=0.821757898602  CERT
510658636,0,1 T   mem=True nz=True ynz=True cond=True claim_agree=True upper=2105.12734903  CERT
564044709,0,1 RHO mem=True nz=True ynz=True cond=True claim_agree=True upper=0.774796968212  CERT
564044709,0,1 T   mem=True nz=True ynz=True cond=True claim_agree=True upper=1476.71681405  CERT
575946195,0,1 RHO mem=True nz=True ynz=True cond=True claim_agree=True upper=0.794040611768  CERT
575946195,0,1 T   mem=True nz=True ynz=True cond=True claim_agree=True upper=1640.72816541  CERT
582663730,0,1 RHO mem=True nz=True ynz=True cond=True claim_agree=True upper=0.779973682475  CERT
582663730,0,1 T   mem=True nz=True ynz=True cond=True claim_agree=True upper=1382.27394236  CERT
662486467,0,1 RHO mem=True nz=True ynz=True cond=True claim_agree=True upper=0.757954297174  CERT
662486467,0,1 T   mem=True nz=True ynz=True cond=True claim_agree=True upper=1392.92252004  CERT
683552322,0,1 RHO mem=True nz=True ynz=True cond=True claim_agree=True upper=0.806639166335  CERT
683552322,0,1 T   mem=True nz=True ynz=True cond=True claim_agree=True upper=1292.18836464  CERT
743969202,0,1 RHO mem=True nz=True ynz=True cond=True claim_agree=True upper=0.795844079234  CERT
743969202,0,1 T   mem=True nz=True ynz=True cond=True claim_agree=True upper=1766.82313152  CERT
802135003,0,1 RHO mem=True nz=True ynz=True cond=True claim_agree=True upper=0.822358063904  CERT
802135003,0,1 T   mem=True nz=True ynz=True cond=True claim_agree=True upper=1859.44836666  CERT
817653564,0,1 RHO mem=True nz=True ynz=True cond=True claim_agree=True upper=0.775693110987  CERT
817653564,0,1 T   mem=True nz=True ynz=True cond=True claim_agree=True upper=1269.03582793  CERT
820825564,0,1 RHO mem=True nz=True ynz=True cond=True claim_agree=True upper=0.806639166335  CERT
820825564,0,1 T   mem=True nz=True ynz=True cond=True claim_agree=True upper=1460.97945122  CERT
843885423,0,1 RHO mem=True nz=True ynz=True cond=True claim_agree=True upper=0.795357972717  CERT
843885423,0,1 T   mem=True nz=True ynz=True cond=True claim_agree=True upper=1601.74619128  CERT
870436772,0,1 RHO mem=True nz=True ynz=True cond=True claim_agree=True upper=0.767434517775  CERT
870436772,0,1 T   mem=True nz=True ynz=True cond=True claim_agree=True upper=1131.07678300  CERT
878682131,0,1 RHO mem=True nz=True ynz=True cond=True claim_agree=True upper=0.822358063904  CERT
878682131,0,1 T   mem=True nz=True ynz=True cond=True claim_agree=True upper=1142.23677343  CERT
938297201,0,1 RHO mem=True nz=True ynz=True cond=True claim_agree=True upper=0.757954297174  CERT
938297201,0,1 T   mem=True nz=True ynz=True cond=True claim_agree=True upper=1229.52204133  CERT
975402938,0,1 RHO mem=True nz=True ynz=True cond=True claim_agree=True upper=0.790296361926  CERT
975402938,0,1 T   mem=True nz=True ynz=True cond=True claim_agree=True upper=973.405195084  CERT
989376147,0,1 RHO mem=True nz=True ynz=True cond=True claim_agree=True upper=0.787228652377  CERT
989376147,0,1 T   mem=True nz=True ynz=True cond=True claim_agree=True upper=1559.50809376  CERT
FAMILY VERIFY n=7 l=1001149249 : EXCLUDED (components certified 32 / 32 ; lines 64 ; failed lines 0)
FAMILY VERIFY PASS
