FACTORIZATION: 32 irreducible factors of degree 2 over F_1000197953: OK (header deg/ncomp/bar_T agree)
7324136,0,1 RHO mem=True nz=True ynz=True cond=True claim_agree=True upper=0.966900763264  CERT
7324136,0,1 T   mem=True nz=True ynz=True cond=True claim_agree=True upper=2477.09957595  CERT
28182566,0,1 RHO mem=True nz=True ynz=True cond=True claim_agree=True upper=0.968444159322  CERT
28182566,0,1 T   mem=True nz=True ynz=True cond=True claim_agree=True upper=3229.67935959  CERT
53540457,0,1 RHO mem=True nz=True ynz=True cond=True claim_agree=True upper=0.949361289130  CERT
53540457,0,1 T   mem=True nz=True ynz=True cond=True claim_agree=True upper=2658.17505641  CERT
55187659,0,1 RHO mem=True nz=True ynz=True cond=True claim_agree=True upper=0.974738809595  CERT
55187659,0,1 T   mem=True nz=True ynz=True cond=True claim_agree=True upper=2887.19266482  CERT
56972920,0,1 RHO mem=True nz=True ynz=True cond=True claim_agree=True upper=0.943896477392  CERT
56972920,0,1 T   mem=True nz=True ynz=True cond=True claim_agree=True upper=2918.49825628  CERT
86910275,0,1 RHO mem=True nz=True ynz=True cond=True claim_agree=True upper=0.989547982353  CERT
86910275,0,1 T   mem=True nz=True ynz=True cond=True claim_agree=True upper=3061.84083643  CERT
133808952,0,1 RHO mem=True nz=True ynz=True cond=True claim_agree=True upper=0.904769312245  CERT
133808952,0,1 T   mem=True nz=True ynz=True cond=True claim_agree=True upper=2321.91679106  CERT
164812365,0,1 RHO mem=True nz=True ynz=True cond=True claim_agree=True upper=0.943618124963  CERT
164812365,0,1 T   mem=True nz=True ynz=True cond=True claim_agree=True upper=2309.88985194  CERT
168827921,0,1 RHO mem=True nz=True ynz=True cond=True claim_agree=True upper=0.986247429421  CERT
168827921,0,1 T   mem=True nz=True ynz=True cond=True claim_agree=True upper=2716.46061122  CERT
182675608,0,1 RHO mem=True nz=True ynz=True cond=True claim_agree=True upper=0.943896477392  CERT
182675608,0,1 T   mem=True nz=True ynz=True cond=True claim_agree=True upper=2998.88274999  CERT
244265609,0,1 RHO mem=True nz=True ynz=True cond=True claim_agree=True upper=0.949361289130  CERT
244265609,0,1 T   mem=True nz=True ynz=True cond=True claim_agree=True upper=3408.69423921  CERT
335421531,0,1 RHO mem=True nz=True ynz=True cond=True claim_agree=True upper=0.989547982353  CERT
335421531,0,1 T   mem=True nz=True ynz=True cond=True claim_agree=True upper=3049.58381310  CERT
387826236,0,1 RHO mem=True nz=True ynz=True cond=True claim_agree=True upper=0.966997311402  CERT
387826236,0,1 T   mem=True nz=True ynz=True cond=True claim_agree=True upper=2646.91678676  CERT
422264502,0,1 RHO mem=True nz=True ynz=True cond=True claim_agree=True upper=0.966408365148  CERT
422264502,0,1 T   mem=True nz=True ynz=True cond=True claim_agree=True upper=2528.29459653  CERT
428976968,0,1 RHO mem=True nz=True ynz=True cond=True claim_agree=True upper=0.968444159322  CERT
428976968,0,1 T   mem=True nz=True ynz=True cond=True claim_agree=True upper=2421.11386877  CERT
497419523,0,1 RHO mem=True nz=True ynz=True cond=True claim_agree=True upper=0.955564130462  CERT
497419523,0,1 T   mem=True nz=True ynz=True cond=True claim_agree=True upper=2134.04168883  CERT
502778430,0,1 RHO mem=True nz=True ynz=True cond=True claim_agree=True upper=0.974738809595  CERT
502778430,0,1 T   mem=True nz=True ynz=True cond=True claim_agree=True upper=2334.76788939  CERT
571220985,0,1 RHO mem=True nz=True ynz=True cond=True claim_agree=True upper=0.971843531602  CERT
571220985,0,1 T   mem=True nz=True ynz=True cond=True claim_agree=True upper=2545.83816050  CERT
577933451,0,1 RHO mem=True nz=True ynz=True cond=True claim_agree=True upper=0.966997311402  CERT
577933451,0,1 T   mem=True nz=True ynz=True cond=True claim_agree=True upper=2329.01960241  CERT
612371717,0,1 RHO mem=True nz=True ynz=True cond=True claim_agree=True upper=0.966408365148  CERT
612371717,0,1 T   mem=True nz=True ynz=True cond=True claim_agree=True upper=2407.80707785  CERT
664776422,0,1 RHO mem=True nz=True ynz=True cond=True claim_agree=True upper=0.971389585877  CERT
664776422,0,1 T   mem=True nz=True ynz=True cond=True claim_agree=True upper=2567.50711438  CERT
755932344,0,1 RHO mem=True nz=True ynz=True cond=True claim_agree=True upper=0.972947033023  CERT
755932344,0,1 T   mem=True nz=True ynz=True cond=True claim_agree=True upper=2255.69474456  CERT
817522345,0,1 RHO mem=True nz=True ynz=True cond=True claim_agree=True upper=0.962041235167  CERT
817522345,0,1 T   mem=True nz=True ynz=True cond=True claim_agree=True upper=2625.67300308  CERT
831370032,0,1 RHO mem=True nz=True ynz=True cond=True claim_agree=True upper=0.943618124963  CERT
831370032,0,1 T   mem=True nz=True ynz=True cond=True claim_agree=True upper=1839.86057806  CERT
835385588,0,1 RHO mem=True nz=True ynz=True cond=True claim_agree=True upper=0.986247429421  CERT
835385588,0,1 T   mem=True nz=True ynz=True cond=True claim_agree=True upper=2507.86711880  CERT
866389001,0,1 RHO mem=True nz=True ynz=True cond=True claim_agree=True upper=0.966900763264  CERT
866389001,0,1 T   mem=True nz=True ynz=True cond=True claim_agree=True upper=2650.89619383  CERT
913287678,0,1 RHO mem=True nz=True ynz=True cond=True claim_agree=True upper=0.971389585877  CERT
913287678,0,1 T   mem=True nz=True ynz=True cond=True claim_agree=True upper=2179.64863856  CERT
943225033,0,1 RHO mem=True nz=True ynz=True cond=True claim_agree=True upper=0.962041235167  CERT
943225033,0,1 T   mem=True nz=True ynz=True cond=True claim_agree=True upper=2109.30689626  CERT
945010294,0,1 RHO mem=True nz=True ynz=True cond=True claim_agree=True upper=0.955564130462  CERT
945010294,0,1 T   mem=True nz=True ynz=True cond=True claim_agree=True upper=2315.76069702  CERT
946657496,0,1 RHO mem=True nz=True ynz=True cond=True claim_agree=True upper=0.972947033023  CERT
946657496,0,1 T   mem=True nz=True ynz=True cond=True claim_agree=True upper=2850.29397790  CERT
972015387,0,1 RHO mem=True nz=True ynz=True cond=True claim_agree=True upper=0.971843531602  CERT
972015387,0,1 T   mem=True nz=True ynz=True cond=True claim_agree=True upper=2395.18163716  CERT
992873817,0,1 RHO mem=True nz=True ynz=True cond=True claim_agree=True upper=0.904769312245  CERT
992873817,0,1 T   mem=True nz=True ynz=True cond=True claim_agree=True upper=1703.72875440  CERT
FAMILY VERIFY n=7 l=1000197953 : EXCLUDED (components certified 32 / 32 ; lines 64 ; failed lines 0)
FAMILY VERIFY PASS
