FACTORIZATION: 32 irreducible factors of degree 2 over F_1000718401: OK (header deg/ncomp/bar_T agree)
4986744,0,1 RHO mem=True nz=True ynz=True cond=True claim_agree=True upper=0.945369329209  CERT
4986744,0,1 T   mem=True nz=True ynz=True cond=True claim_agree=True upper=2945.47053398  CERT
44164002,0,1 RHO mem=True nz=True ynz=True cond=True claim_agree=True upper=0.931163585935  CERT
44164002,0,1 T   mem=True nz=True ynz=True cond=True claim_agree=True upper=2624.52875923  CERT
49390758,0,1 RHO mem=True nz=True ynz=True cond=True claim_agree=True upper=0.957087333176  CERT
49390758,0,1 T   mem=True nz=True ynz=True cond=True claim_agree=True upper=3656.64184750  CERT
75570191,0,1 RHO mem=True nz=True ynz=True cond=True claim_agree=True upper=0.959409116934  CERT
75570191,0,1 T   mem=True nz=True ynz=True cond=True claim_agree=True upper=2491.16022967  CERT
120097402,0,1 RHO mem=True nz=True ynz=True cond=True claim_agree=True upper=0.944329037516  CERT
120097402,0,1 T   mem=True nz=True ynz=True cond=True claim_agree=True upper=2315.33710974  CERT
139136572,0,1 RHO mem=True nz=True ynz=True cond=True claim_agree=True upper=0.954650617591  CERT
139136572,0,1 T   mem=True nz=True ynz=True cond=True claim_agree=True upper=2379.41414538  CERT
148145282,0,1 RHO mem=True nz=True ynz=True cond=True claim_agree=True upper=0.957087333176  CERT
148145282,0,1 T   mem=True nz=True ynz=True cond=True claim_agree=True upper=2654.14332573  CERT
228164217,0,1 RHO mem=True nz=True ynz=True cond=True claim_agree=True upper=0.936668636246  CERT
228164217,0,1 T   mem=True nz=True ynz=True cond=True claim_agree=True upper=3823.93013453  CERT
240623163,0,1 RHO mem=True nz=True ynz=True cond=True claim_agree=True upper=0.999469129707  CERT
240623163,0,1 T   mem=True nz=True ynz=True cond=True claim_agree=True upper=2452.49212944  CERT
265237329,0,1 RHO mem=True nz=True ynz=True cond=True claim_agree=True upper=0.918166620743  CERT
265237329,0,1 T   mem=True nz=True ynz=True cond=True claim_agree=True upper=2673.03939905  CERT
377367388,0,1 RHO mem=True nz=True ynz=True cond=True claim_agree=True upper=0.944723715709  CERT
377367388,0,1 T   mem=True nz=True ynz=True cond=True claim_agree=True upper=2606.62071692  CERT
383647216,0,1 RHO mem=True nz=True ynz=True cond=True claim_agree=True upper=0.937277625353  CERT
383647216,0,1 T   mem=True nz=True ynz=True cond=True claim_agree=True upper=2787.72792321  CERT
407843571,0,1 RHO mem=True nz=True ynz=True cond=True claim_agree=True upper=0.936668636246  CERT
407843571,0,1 T   mem=True nz=True ynz=True cond=True claim_agree=True upper=1899.35425936  CERT
431086720,0,1 RHO mem=True nz=True ynz=True cond=True claim_agree=True upper=0.959409116934  CERT
431086720,0,1 T   mem=True nz=True ynz=True cond=True claim_agree=True upper=3029.44893740  CERT
434565781,0,1 RHO mem=True nz=True ynz=True cond=True claim_agree=True upper=0.944723715709  CERT
434565781,0,1 T   mem=True nz=True ynz=True cond=True claim_agree=True upper=2608.27889149  CERT
486562946,0,1 RHO mem=True nz=True ynz=True cond=True claim_agree=True upper=0.945369329209  CERT
486562946,0,1 T   mem=True nz=True ynz=True cond=True claim_agree=True upper=2492.16350336  CERT
514155455,0,1 RHO mem=True nz=True ynz=True cond=True claim_agree=True upper=0.955132799890  CERT
514155455,0,1 T   mem=True nz=True ynz=True cond=True claim_agree=True upper=2219.29301107  CERT
566152620,0,1 RHO mem=True nz=True ynz=True cond=True claim_agree=True upper=0.921496131271  CERT
566152620,0,1 T   mem=True nz=True ynz=True cond=True claim_agree=True upper=2739.18789940  CERT
569631681,0,1 RHO mem=True nz=True ynz=True cond=True claim_agree=True upper=0.894365288573  CERT
569631681,0,1 T   mem=True nz=True ynz=True cond=True claim_agree=True upper=3046.04777286  CERT
592874830,0,1 RHO mem=True nz=True ynz=True cond=True claim_agree=True upper=0.935885140933  CERT
592874830,0,1 T   mem=True nz=True ynz=True cond=True claim_agree=True upper=2208.98522977  CERT
617071185,0,1 RHO mem=True nz=True ynz=True cond=True claim_agree=True upper=0.931163585935  CERT
617071185,0,1 T   mem=True nz=True ynz=True cond=True claim_agree=True upper=2986.62157772  CERT
623351013,0,1 RHO mem=True nz=True ynz=True cond=True claim_agree=True upper=0.921496131271  CERT
623351013,0,1 T   mem=True nz=True ynz=True cond=True claim_agree=True upper=2063.90096201  CERT
735481072,0,1 RHO mem=True nz=True ynz=True cond=True claim_agree=True upper=0.999469129707  CERT
735481072,0,1 T   mem=True nz=True ynz=True cond=True claim_agree=True upper=2124.67321923  CERT
760095238,0,1 RHO mem=True nz=True ynz=True cond=True claim_agree=True upper=0.918166620743  CERT
760095238,0,1 T   mem=True nz=True ynz=True cond=True claim_agree=True upper=2528.82145244  CERT
772554184,0,1 RHO mem=True nz=True ynz=True cond=True claim_agree=True upper=0.935885140933  CERT
772554184,0,1 T   mem=True nz=True ynz=True cond=True claim_agree=True upper=2016.71811555  CERT
852573119,0,1 RHO mem=True nz=True ynz=True cond=True claim_agree=True upper=0.953357335311  CERT
852573119,0,1 T   mem=True nz=True ynz=True cond=True claim_agree=True upper=3067.14616299  CERT
861581829,0,1 RHO mem=True nz=True ynz=True cond=True claim_agree=True upper=0.944329037516  CERT
861581829,0,1 T   mem=True nz=True ynz=True cond=True claim_agree=True upper=2233.85199884  CERT
880620999,0,1 RHO mem=True nz=True ynz=True cond=True claim_agree=True upper=0.954650617591  CERT
880620999,0,1 T   mem=True nz=True ynz=True cond=True claim_agree=True upper=2771.60474213  CERT
925148210,0,1 RHO mem=True nz=True ynz=True cond=True claim_agree=True upper=0.894365288573  CERT
925148210,0,1 T   mem=True nz=True ynz=True cond=True claim_agree=True upper=2701.33266330  CERT
951327643,0,1 RHO mem=True nz=True ynz=True cond=True claim_agree=True upper=0.953357335311  CERT
951327643,0,1 T   mem=True nz=True ynz=True cond=True claim_agree=True upper=2616.50116409  CERT
956554399,0,1 RHO mem=True nz=True ynz=True cond=True claim_agree=True upper=0.937277625353  CERT
956554399,0,1 T   mem=True nz=True ynz=True cond=True claim_agree=True upper=2655.97417752  CERT
995731657,0,1 RHO mem=True nz=True ynz=True cond=True claim_agree=True upper=0.955132799890  CERT
995731657,0,1 T   mem=True nz=True ynz=True cond=True claim_agree=True upper=2950.56470338  CERT
FAMILY VERIFY n=7 l=1000718401 : EXCLUDED (components certified 32 / 32 ; lines 64 ; failed lines 0)
FAMILY VERIFY PASS
