FACTORIZATION: 32 irreducible factors of degree 2 over F_1000763201: OK (header deg/ncomp/bar_T agree)
6342412,0,1 RHO mem=True nz=True ynz=True cond=True claim_agree=True upper=0.976911034428  CERT
6342412,0,1 T   mem=True nz=True ynz=True cond=True claim_agree=True upper=2405.39471632  CERT
7560404,0,1 RHO mem=True nz=True ynz=True cond=True claim_agree=True upper=0.959753640877  CERT
7560404,0,1 T   mem=True nz=True ynz=True cond=True claim_agree=True upper=2362.42644496  CERT
11051404,0,1 RHO mem=True nz=True ynz=True cond=True claim_agree=True upper=0.952128635226  CERT
11051404,0,1 T   mem=True nz=True ynz=True cond=True claim_agree=True upper=2370.20992784  CERT
143647499,0,1 RHO mem=True nz=True ynz=True cond=True claim_agree=True upper=0.953243754132  CERT
143647499,0,1 T   mem=True nz=True ynz=True cond=True claim_agree=True upper=2135.07164664  CERT
213002760,0,1 RHO mem=True nz=True ynz=True cond=True claim_agree=True upper=0.950783332483  CERT
213002760,0,1 T   mem=True nz=True ynz=True cond=True claim_agree=True upper=1923.59536331  CERT
228917247,0,1 RHO mem=True nz=True ynz=True cond=True claim_agree=True upper=0.959753640877  CERT
228917247,0,1 T   mem=True nz=True ynz=True cond=True claim_agree=True upper=2137.42300386  CERT
235109557,0,1 RHO mem=True nz=True ynz=True cond=True claim_agree=True upper=0.973602611426  CERT
235109557,0,1 T   mem=True nz=True ynz=True cond=True claim_agree=True upper=2865.12672389  CERT
235948340,0,1 RHO mem=True nz=True ynz=True cond=True claim_agree=True upper=0.974138567581  CERT
235948340,0,1 T   mem=True nz=True ynz=True cond=True claim_agree=True upper=2015.68534176  CERT
265879009,0,1 RHO mem=True nz=True ynz=True cond=True claim_agree=True upper=0.943306606637  CERT
265879009,0,1 T   mem=True nz=True ynz=True cond=True claim_agree=True upper=2462.59336414  CERT
296238284,0,1 RHO mem=True nz=True ynz=True cond=True claim_agree=True upper=0.950334837244  CERT
296238284,0,1 T   mem=True nz=True ynz=True cond=True claim_agree=True upper=3111.75263512  CERT
319738908,0,1 RHO mem=True nz=True ynz=True cond=True claim_agree=True upper=0.950334837244  CERT
319738908,0,1 T   mem=True nz=True ynz=True cond=True claim_agree=True upper=2544.19008267  CERT
335965277,0,1 RHO mem=True nz=True ynz=True cond=True claim_agree=True upper=0.961197178448  CERT
335965277,0,1 T   mem=True nz=True ynz=True cond=True claim_agree=True upper=3158.64784127  CERT
398716705,0,1 RHO mem=True nz=True ynz=True cond=True claim_agree=True upper=0.952128635226  CERT
398716705,0,1 T   mem=True nz=True ynz=True cond=True claim_agree=True upper=1837.08102975  CERT
399147040,0,1 RHO mem=True nz=True ynz=True cond=True claim_agree=True upper=0.961197178448  CERT
399147040,0,1 T   mem=True nz=True ynz=True cond=True claim_agree=True upper=2614.19541938  CERT
428300107,0,1 RHO mem=True nz=True ynz=True cond=True claim_agree=True upper=0.911954042310  CERT
428300107,0,1 T   mem=True nz=True ynz=True cond=True claim_agree=True upper=2975.98250591  CERT
446188295,0,1 RHO mem=True nz=True ynz=True cond=True claim_agree=True upper=0.946033288464  CERT
446188295,0,1 T   mem=True nz=True ynz=True cond=True claim_agree=True upper=2078.69485707  CERT
554574906,0,1 RHO mem=True nz=True ynz=True cond=True claim_agree=True upper=0.974138567581  CERT
554574906,0,1 T   mem=True nz=True ynz=True cond=True claim_agree=True upper=2685.05896877  CERT
572463094,0,1 RHO mem=True nz=True ynz=True cond=True claim_agree=True upper=0.943306606637  CERT
572463094,0,1 T   mem=True nz=True ynz=True cond=True claim_agree=True upper=2668.61518595  CERT
601616161,0,1 RHO mem=True nz=True ynz=True cond=True claim_agree=True upper=0.947344875069  CERT
601616161,0,1 T   mem=True nz=True ynz=True cond=True claim_agree=True upper=2043.56836757  CERT
602046496,0,1 RHO mem=True nz=True ynz=True cond=True claim_agree=True upper=0.955436408702  CERT
602046496,0,1 T   mem=True nz=True ynz=True cond=True claim_agree=True upper=2173.08698435  CERT
664797924,0,1 RHO mem=True nz=True ynz=True cond=True claim_agree=True upper=0.947344875069  CERT
664797924,0,1 T   mem=True nz=True ynz=True cond=True claim_agree=True upper=2171.64075239  CERT
681024293,0,1 RHO mem=True nz=True ynz=True cond=True claim_agree=True upper=0.953528635562  CERT
681024293,0,1 T   mem=True nz=True ynz=True cond=True claim_agree=True upper=2221.45465760  CERT
704524917,0,1 RHO mem=True nz=True ynz=True cond=True claim_agree=True upper=0.953528635562  CERT
704524917,0,1 T   mem=True nz=True ynz=True cond=True claim_agree=True upper=2516.80721673  CERT
734884192,0,1 RHO mem=True nz=True ynz=True cond=True claim_agree=True upper=0.911954042310  CERT
734884192,0,1 T   mem=True nz=True ynz=True cond=True claim_agree=True upper=2553.69036084  CERT
764814861,0,1 RHO mem=True nz=True ynz=True cond=True claim_agree=True upper=0.946033288464  CERT
764814861,0,1 T   mem=True nz=True ynz=True cond=True claim_agree=True upper=2685.75556564  CERT
765653644,0,1 RHO mem=True nz=True ynz=True cond=True claim_agree=True upper=0.953243754132  CERT
765653644,0,1 T   mem=True nz=True ynz=True cond=True claim_agree=True upper=2612.14835185  CERT
771845954,0,1 RHO mem=True nz=True ynz=True cond=True claim_agree=True upper=0.961147871917  CERT
771845954,0,1 T   mem=True nz=True ynz=True cond=True claim_agree=True upper=2741.31919154  CERT
787760441,0,1 RHO mem=True nz=True ynz=True cond=True claim_agree=True upper=0.976911034428  CERT
787760441,0,1 T   mem=True nz=True ynz=True cond=True claim_agree=True upper=2452.81423293  CERT
857115702,0,1 RHO mem=True nz=True ynz=True cond=True claim_agree=True upper=0.973602611426  CERT
857115702,0,1 T   mem=True nz=True ynz=True cond=True claim_agree=True upper=2646.98766551  CERT
989711797,0,1 RHO mem=True nz=True ynz=True cond=True claim_agree=True upper=0.955436408702  CERT
989711797,0,1 T   mem=True nz=True ynz=True cond=True claim_agree=True upper=2409.60596061  CERT
993202797,0,1 RHO mem=True nz=True ynz=True cond=True claim_agree=True upper=0.961147871917  CERT
993202797,0,1 T   mem=True nz=True ynz=True cond=True claim_agree=True upper=2105.70147710  CERT
994420789,0,1 RHO mem=True nz=True ynz=True cond=True claim_agree=True upper=0.950783332483  CERT
994420789,0,1 T   mem=True nz=True ynz=True cond=True claim_agree=True upper=2542.18212947  CERT
FAMILY VERIFY n=7 l=1000763201 : EXCLUDED (components certified 32 / 32 ; lines 64 ; failed lines 0)
FAMILY VERIFY PASS
