FACTORIZATION: 32 irreducible factors of degree 2 over F_1001078849: OK (header deg/ncomp/bar_T agree)
45343756,0,1 RHO mem=True nz=True ynz=True cond=True claim_agree=True upper=0.933449921855  CERT
45343756,0,1 T   mem=True nz=True ynz=True cond=True claim_agree=True upper=2195.11659958  CERT
77929040,0,1 RHO mem=True nz=True ynz=True cond=True claim_agree=True upper=0.904379586219  CERT
77929040,0,1 T   mem=True nz=True ynz=True cond=True claim_agree=True upper=2225.21018670  CERT
97357451,0,1 RHO mem=True nz=True ynz=True cond=True claim_agree=True upper=0.933449921855  CERT
97357451,0,1 T   mem=True nz=True ynz=True cond=True claim_agree=True upper=2609.40061633  CERT
125641256,0,1 RHO mem=True nz=True ynz=True cond=True claim_agree=True upper=0.894077309074  CERT
125641256,0,1 T   mem=True nz=True ynz=True cond=True claim_agree=True upper=2316.81821514  CERT
131155521,0,1 RHO mem=True nz=True ynz=True cond=True claim_agree=True upper=0.914259351652  CERT
131155521,0,1 T   mem=True nz=True ynz=True cond=True claim_agree=True upper=2351.91137849  CERT
196279128,0,1 RHO mem=True nz=True ynz=True cond=True claim_agree=True upper=0.930873223381  CERT
196279128,0,1 T   mem=True nz=True ynz=True cond=True claim_agree=True upper=2131.09806548  CERT
248049535,0,1 RHO mem=True nz=True ynz=True cond=True claim_agree=True upper=0.905424141824  CERT
248049535,0,1 T   mem=True nz=True ynz=True cond=True claim_agree=True upper=2080.15469997  CERT
277169594,0,1 RHO mem=True nz=True ynz=True cond=True claim_agree=True upper=0.962203857081  CERT
277169594,0,1 T   mem=True nz=True ynz=True cond=True claim_agree=True upper=2577.40514808  CERT
281421425,0,1 RHO mem=True nz=True ynz=True cond=True claim_agree=True upper=0.962203857081  CERT
281421425,0,1 T   mem=True nz=True ynz=True cond=True claim_agree=True upper=2368.90160477  CERT
341774513,0,1 RHO mem=True nz=True ynz=True cond=True claim_agree=True upper=0.905424141824  CERT
341774513,0,1 T   mem=True nz=True ynz=True cond=True claim_agree=True upper=2554.85354023  CERT
343780179,0,1 RHO mem=True nz=True ynz=True cond=True claim_agree=True upper=0.937042022411  CERT
343780179,0,1 T   mem=True nz=True ynz=True cond=True claim_agree=True upper=1739.45335669  CERT
446232594,0,1 RHO mem=True nz=True ynz=True cond=True claim_agree=True upper=0.903311809398  CERT
446232594,0,1 T   mem=True nz=True ynz=True cond=True claim_agree=True upper=2218.62656178  CERT
453889203,0,1 RHO mem=True nz=True ynz=True cond=True claim_agree=True upper=0.930873223381  CERT
453889203,0,1 T   mem=True nz=True ynz=True cond=True claim_agree=True upper=2903.18562672  CERT
465883772,0,1 RHO mem=True nz=True ynz=True cond=True claim_agree=True upper=0.924098763424  CERT
465883772,0,1 T   mem=True nz=True ynz=True cond=True claim_agree=True upper=2483.80954518  CERT
481320914,0,1 RHO mem=True nz=True ynz=True cond=True claim_agree=True upper=0.924098763424  CERT
481320914,0,1 T   mem=True nz=True ynz=True cond=True claim_agree=True upper=2328.20703964  CERT
495619515,0,1 RHO mem=True nz=True ynz=True cond=True claim_agree=True upper=0.947290207195  CERT
495619515,0,1 T   mem=True nz=True ynz=True cond=True claim_agree=True upper=1955.18631781  CERT
505459334,0,1 RHO mem=True nz=True ynz=True cond=True claim_agree=True upper=0.903311809398  CERT
505459334,0,1 T   mem=True nz=True ynz=True cond=True claim_agree=True upper=2351.69334843  CERT
519757935,0,1 RHO mem=True nz=True ynz=True cond=True claim_agree=True upper=0.905600606406  CERT
519757935,0,1 T   mem=True nz=True ynz=True cond=True claim_agree=True upper=2566.29668469  CERT
535195077,0,1 RHO mem=True nz=True ynz=True cond=True claim_agree=True upper=0.905600606406  CERT
535195077,0,1 T   mem=True nz=True ynz=True cond=True claim_agree=True upper=1788.36074225  CERT
547189646,0,1 RHO mem=True nz=True ynz=True cond=True claim_agree=True upper=0.927619366713  CERT
547189646,0,1 T   mem=True nz=True ynz=True cond=True claim_agree=True upper=2011.49965484  CERT
554846255,0,1 RHO mem=True nz=True ynz=True cond=True claim_agree=True upper=0.947290207195  CERT
554846255,0,1 T   mem=True nz=True ynz=True cond=True claim_agree=True upper=1979.02809622  CERT
657298670,0,1 RHO mem=True nz=True ynz=True cond=True claim_agree=True upper=0.894077309074  CERT
657298670,0,1 T   mem=True nz=True ynz=True cond=True claim_agree=True upper=2330.02942013  CERT
659304336,0,1 RHO mem=True nz=True ynz=True cond=True claim_agree=True upper=0.948298049305  CERT
659304336,0,1 T   mem=True nz=True ynz=True cond=True claim_agree=True upper=2323.54284731  CERT
719657424,0,1 RHO mem=True nz=True ynz=True cond=True claim_agree=True upper=0.880018335114  CERT
719657424,0,1 T   mem=True nz=True ynz=True cond=True claim_agree=True upper=1729.68009310  CERT
723909255,0,1 RHO mem=True nz=True ynz=True cond=True claim_agree=True upper=0.880018335114  CERT
723909255,0,1 T   mem=True nz=True ynz=True cond=True claim_agree=True upper=1747.83006786  CERT
753029314,0,1 RHO mem=True nz=True ynz=True cond=True claim_agree=True upper=0.948298049305  CERT
753029314,0,1 T   mem=True nz=True ynz=True cond=True claim_agree=True upper=2161.98012054  CERT
804799721,0,1 RHO mem=True nz=True ynz=True cond=True claim_agree=True upper=0.927619366713  CERT
804799721,0,1 T   mem=True nz=True ynz=True cond=True claim_agree=True upper=2242.33478539  CERT
869923328,0,1 RHO mem=True nz=True ynz=True cond=True claim_agree=True upper=0.904379586219  CERT
869923328,0,1 T   mem=True nz=True ynz=True cond=True claim_agree=True upper=2405.59748221  CERT
875437593,0,1 RHO mem=True nz=True ynz=True cond=True claim_agree=True upper=0.937042022411  CERT
875437593,0,1 T   mem=True nz=True ynz=True cond=True claim_agree=True upper=2451.58323317  CERT
903721398,0,1 RHO mem=True nz=True ynz=True cond=True claim_agree=True upper=0.916704683313  CERT
903721398,0,1 T   mem=True nz=True ynz=True cond=True claim_agree=True upper=2101.55738355  CERT
923149809,0,1 RHO mem=True nz=True ynz=True cond=True claim_agree=True upper=0.914259351652  CERT
923149809,0,1 T   mem=True nz=True ynz=True cond=True claim_agree=True upper=2630.98309504  CERT
955735093,0,1 RHO mem=True nz=True ynz=True cond=True claim_agree=True upper=0.916704683313  CERT
955735093,0,1 T   mem=True nz=True ynz=True cond=True claim_agree=True upper=2451.52125741  CERT
FAMILY VERIFY n=7 l=1001078849 : EXCLUDED (components certified 32 / 32 ; lines 64 ; failed lines 0)
FAMILY VERIFY PASS
