FACTORIZATION: 32 irreducible factors of degree 2 over F_1000352321: OK (header deg/ncomp/bar_T agree)
1267383,0,1 RHO mem=True nz=True ynz=True cond=True claim_agree=True upper=0.973455632182  CERT
1267383,0,1 T   mem=True nz=True ynz=True cond=True claim_agree=True upper=3012.68391691  CERT
41661558,0,1 RHO mem=True nz=True ynz=True cond=True claim_agree=True upper=0.936499362022  CERT
41661558,0,1 T   mem=True nz=True ynz=True cond=True claim_agree=True upper=2586.75400042  CERT
103921861,0,1 RHO mem=True nz=True ynz=True cond=True claim_agree=True upper=0.971326521687  CERT
103921861,0,1 T   mem=True nz=True ynz=True cond=True claim_agree=True upper=2958.30758022  CERT
145866356,0,1 RHO mem=True nz=True ynz=True cond=True claim_agree=True upper=0.961015858677  CERT
145866356,0,1 T   mem=True nz=True ynz=True cond=True claim_agree=True upper=3234.15240172  CERT
154365193,0,1 RHO mem=True nz=True ynz=True cond=True claim_agree=True upper=0.929960346967  CERT
154365193,0,1 T   mem=True nz=True ynz=True cond=True claim_agree=True upper=3356.84253584  CERT
166843644,0,1 RHO mem=True nz=True ynz=True cond=True claim_agree=True upper=0.964735204233  CERT
166843644,0,1 T   mem=True nz=True ynz=True cond=True claim_agree=True upper=3777.77141675  CERT
198520584,0,1 RHO mem=True nz=True ynz=True cond=True claim_agree=True upper=0.947938614007  CERT
198520584,0,1 T   mem=True nz=True ynz=True cond=True claim_agree=True upper=2017.76494373  CERT
210641125,0,1 RHO mem=True nz=True ynz=True cond=True claim_agree=True upper=0.907579401321  CERT
210641125,0,1 T   mem=True nz=True ynz=True cond=True claim_agree=True upper=2413.42160850  CERT
332827611,0,1 RHO mem=True nz=True ynz=True cond=True claim_agree=True upper=0.925296512014  CERT
332827611,0,1 T   mem=True nz=True ynz=True cond=True claim_agree=True upper=2397.45922539  CERT
336958718,0,1 RHO mem=True nz=True ynz=True cond=True claim_agree=True upper=0.964083142683  CERT
336958718,0,1 T   mem=True nz=True ynz=True cond=True claim_agree=True upper=2432.49570805  CERT
395825467,0,1 RHO mem=True nz=True ynz=True cond=True claim_agree=True upper=0.892198562172  CERT
395825467,0,1 T   mem=True nz=True ynz=True cond=True claim_agree=True upper=2244.67273994  CERT
404291027,0,1 RHO mem=True nz=True ynz=True cond=True claim_agree=True upper=0.961275624705  CERT
404291027,0,1 T   mem=True nz=True ynz=True cond=True claim_agree=True upper=2514.06483838  CERT
421327344,0,1 RHO mem=True nz=True ynz=True cond=True claim_agree=True upper=0.969660827000  CERT
421327344,0,1 T   mem=True nz=True ynz=True cond=True claim_agree=True upper=3063.47863829  CERT
431445510,0,1 RHO mem=True nz=True ynz=True cond=True claim_agree=True upper=0.971326521687  CERT
431445510,0,1 T   mem=True nz=True ynz=True cond=True claim_agree=True upper=2884.54379767  CERT
441665758,0,1 RHO mem=True nz=True ynz=True cond=True claim_agree=True upper=0.936499362022  CERT
441665758,0,1 T   mem=True nz=True ynz=True cond=True claim_agree=True upper=2156.10587675  CERT
485252536,0,1 RHO mem=True nz=True ynz=True cond=True claim_agree=True upper=0.961275624705  CERT
485252536,0,1 T   mem=True nz=True ynz=True cond=True claim_agree=True upper=2333.52011138  CERT
515099785,0,1 RHO mem=True nz=True ynz=True cond=True claim_agree=True upper=0.943164584836  CERT
515099785,0,1 T   mem=True nz=True ynz=True cond=True claim_agree=True upper=2966.18567292  CERT
558686563,0,1 RHO mem=True nz=True ynz=True cond=True claim_agree=True upper=0.941974707373  CERT
558686563,0,1 T   mem=True nz=True ynz=True cond=True claim_agree=True upper=2690.32195557  CERT
568906811,0,1 RHO mem=True nz=True ynz=True cond=True claim_agree=True upper=0.963883546439  CERT
568906811,0,1 T   mem=True nz=True ynz=True cond=True claim_agree=True upper=2192.05263699  CERT
579024977,0,1 RHO mem=True nz=True ynz=True cond=True claim_agree=True upper=0.925296512014  CERT
579024977,0,1 T   mem=True nz=True ynz=True cond=True claim_agree=True upper=2706.51272819  CERT
596061294,0,1 RHO mem=True nz=True ynz=True cond=True claim_agree=True upper=0.943164584836  CERT
596061294,0,1 T   mem=True nz=True ynz=True cond=True claim_agree=True upper=2154.76359389  CERT
604526854,0,1 RHO mem=True nz=True ynz=True cond=True claim_agree=True upper=0.964083142683  CERT
604526854,0,1 T   mem=True nz=True ynz=True cond=True claim_agree=True upper=2852.14210703  CERT
663393603,0,1 RHO mem=True nz=True ynz=True cond=True claim_agree=True upper=0.892198562172  CERT
663393603,0,1 T   mem=True nz=True ynz=True cond=True claim_agree=True upper=2060.66873079  CERT
667524710,0,1 RHO mem=True nz=True ynz=True cond=True claim_agree=True upper=0.969660827000  CERT
667524710,0,1 T   mem=True nz=True ynz=True cond=True claim_agree=True upper=2387.38449796  CERT
789711196,0,1 RHO mem=True nz=True ynz=True cond=True claim_agree=True upper=0.929960346967  CERT
789711196,0,1 T   mem=True nz=True ynz=True cond=True claim_agree=True upper=2869.29248489  CERT
801831737,0,1 RHO mem=True nz=True ynz=True cond=True claim_agree=True upper=0.973455632182  CERT
801831737,0,1 T   mem=True nz=True ynz=True cond=True claim_agree=True upper=3195.17755381  CERT
833508677,0,1 RHO mem=True nz=True ynz=True cond=True claim_agree=True upper=0.926799412104  CERT
833508677,0,1 T   mem=True nz=True ynz=True cond=True claim_agree=True upper=2360.11785391  CERT
845987128,0,1 RHO mem=True nz=True ynz=True cond=True claim_agree=True upper=0.907579401321  CERT
845987128,0,1 T   mem=True nz=True ynz=True cond=True claim_agree=True upper=2205.89872768  CERT
854485965,0,1 RHO mem=True nz=True ynz=True cond=True claim_agree=True upper=0.926799412104  CERT
854485965,0,1 T   mem=True nz=True ynz=True cond=True claim_agree=True upper=2469.70127314  CERT
896430460,0,1 RHO mem=True nz=True ynz=True cond=True claim_agree=True upper=0.963883546439  CERT
896430460,0,1 T   mem=True nz=True ynz=True cond=True claim_agree=True upper=2543.87785223  CERT
958690763,0,1 RHO mem=True nz=True ynz=True cond=True claim_agree=True upper=0.941974707373  CERT
958690763,0,1 T   mem=True nz=True ynz=True cond=True claim_agree=True upper=2694.60479995  CERT
999084938,0,1 RHO mem=True nz=True ynz=True cond=True claim_agree=True upper=0.947938614007  CERT
999084938,0,1 T   mem=True nz=True ynz=True cond=True claim_agree=True upper=2224.80894223  CERT
FAMILY VERIFY n=7 l=1000352321 : EXCLUDED (components certified 32 / 32 ; lines 64 ; failed lines 0)
FAMILY VERIFY PASS
