FACTORIZATION: 32 irreducible factors of degree 2 over F_1000983617: OK (header deg/ncomp/bar_T agree)
14304655,0,1 RHO mem=True nz=True ynz=True cond=True claim_agree=True upper=0.932324736677  CERT
14304655,0,1 T   mem=True nz=True ynz=True cond=True claim_agree=True upper=2483.68638002  CERT
96437976,0,1 RHO mem=True nz=True ynz=True cond=True claim_agree=True upper=0.967417272269  CERT
96437976,0,1 T   mem=True nz=True ynz=True cond=True claim_agree=True upper=2802.99183527  CERT
122355908,0,1 RHO mem=True nz=True ynz=True cond=True claim_agree=True upper=0.893430829451  CERT
122355908,0,1 T   mem=True nz=True ynz=True cond=True claim_agree=True upper=2377.62990230  CERT
156768856,0,1 RHO mem=True nz=True ynz=True cond=True claim_agree=True upper=0.967417272269  CERT
156768856,0,1 T   mem=True nz=True ynz=True cond=True claim_agree=True upper=2631.39925984  CERT
171850599,0,1 RHO mem=True nz=True ynz=True cond=True claim_agree=True upper=0.965403899455  CERT
171850599,0,1 T   mem=True nz=True ynz=True cond=True claim_agree=True upper=2048.29416967  CERT
197020198,0,1 RHO mem=True nz=True ynz=True cond=True claim_agree=True upper=0.927363418543  CERT
197020198,0,1 T   mem=True nz=True ynz=True cond=True claim_agree=True upper=2032.54333967  CERT
202478160,0,1 RHO mem=True nz=True ynz=True cond=True claim_agree=True upper=0.927363418543  CERT
202478160,0,1 T   mem=True nz=True ynz=True cond=True claim_agree=True upper=1626.37824286  CERT
271265038,0,1 RHO mem=True nz=True ynz=True cond=True claim_agree=True upper=0.972786759370  CERT
271265038,0,1 T   mem=True nz=True ynz=True cond=True claim_agree=True upper=2747.06679702  CERT
296821548,0,1 RHO mem=True nz=True ynz=True cond=True claim_agree=True upper=0.944996806876  CERT
296821548,0,1 T   mem=True nz=True ynz=True cond=True claim_agree=True upper=2132.78746615  CERT
322390267,0,1 RHO mem=True nz=True ynz=True cond=True claim_agree=True upper=0.955707255234  CERT
322390267,0,1 T   mem=True nz=True ynz=True cond=True claim_agree=True upper=2353.97742137  CERT
342869553,0,1 RHO mem=True nz=True ynz=True cond=True claim_agree=True upper=0.965403899455  CERT
342869553,0,1 T   mem=True nz=True ynz=True cond=True claim_agree=True upper=2676.38681491  CERT
355892372,0,1 RHO mem=True nz=True ynz=True cond=True claim_agree=True upper=0.923388895783  CERT
355892372,0,1 T   mem=True nz=True ynz=True cond=True claim_agree=True upper=2371.98538810  CERT
399581791,0,1 RHO mem=True nz=True ynz=True cond=True claim_agree=True upper=0.919461199661  CERT
399581791,0,1 T   mem=True nz=True ynz=True cond=True claim_agree=True upper=2449.24716225  CERT
403443124,0,1 RHO mem=True nz=True ynz=True cond=True claim_agree=True upper=0.912083172703  CERT
403443124,0,1 T   mem=True nz=True ynz=True cond=True claim_agree=True upper=3011.57499352  CERT
485281074,0,1 RHO mem=True nz=True ynz=True cond=True claim_agree=True upper=0.932324736677  CERT
485281074,0,1 T   mem=True nz=True ynz=True cond=True claim_agree=True upper=2851.83190171  CERT
487009725,0,1 RHO mem=True nz=True ynz=True cond=True claim_agree=True upper=0.978584444724  CERT
487009725,0,1 T   mem=True nz=True ynz=True cond=True claim_agree=True upper=2986.18979663  CERT
513973892,0,1 RHO mem=True nz=True ynz=True cond=True claim_agree=True upper=0.912083172703  CERT
513973892,0,1 T   mem=True nz=True ynz=True cond=True claim_agree=True upper=2594.65433471  CERT
515702543,0,1 RHO mem=True nz=True ynz=True cond=True claim_agree=True upper=0.949055459576  CERT
515702543,0,1 T   mem=True nz=True ynz=True cond=True claim_agree=True upper=2930.62029119  CERT
597540493,0,1 RHO mem=True nz=True ynz=True cond=True claim_agree=True upper=0.978584444724  CERT
597540493,0,1 T   mem=True nz=True ynz=True cond=True claim_agree=True upper=2938.07258186  CERT
601401826,0,1 RHO mem=True nz=True ynz=True cond=True claim_agree=True upper=0.955707255234  CERT
601401826,0,1 T   mem=True nz=True ynz=True cond=True claim_agree=True upper=2493.72823709  CERT
645091245,0,1 RHO mem=True nz=True ynz=True cond=True claim_agree=True upper=0.944996806876  CERT
645091245,0,1 T   mem=True nz=True ynz=True cond=True claim_agree=True upper=2341.92528592  CERT
658114064,0,1 RHO mem=True nz=True ynz=True cond=True claim_agree=True upper=0.910777011205  CERT
658114064,0,1 T   mem=True nz=True ynz=True cond=True claim_agree=True upper=2321.07611672  CERT
678593350,0,1 RHO mem=True nz=True ynz=True cond=True claim_agree=True upper=0.919461199661  CERT
678593350,0,1 T   mem=True nz=True ynz=True cond=True claim_agree=True upper=1997.89914416  CERT
704162069,0,1 RHO mem=True nz=True ynz=True cond=True claim_agree=True upper=0.923388895783  CERT
704162069,0,1 T   mem=True nz=True ynz=True cond=True claim_agree=True upper=2657.46830594  CERT
729718579,0,1 RHO mem=True nz=True ynz=True cond=True claim_agree=True upper=0.893430829451  CERT
729718579,0,1 T   mem=True nz=True ynz=True cond=True claim_agree=True upper=2186.79761684  CERT
798505457,0,1 RHO mem=True nz=True ynz=True cond=True claim_agree=True upper=0.947719933693  CERT
798505457,0,1 T   mem=True nz=True ynz=True cond=True claim_agree=True upper=2665.25477768  CERT
803963419,0,1 RHO mem=True nz=True ynz=True cond=True claim_agree=True upper=0.947719933693  CERT
803963419,0,1 T   mem=True nz=True ynz=True cond=True claim_agree=True upper=2523.45434206  CERT
829133018,0,1 RHO mem=True nz=True ynz=True cond=True claim_agree=True upper=0.910777011205  CERT
829133018,0,1 T   mem=True nz=True ynz=True cond=True claim_agree=True upper=2319.80376873  CERT
844214761,0,1 RHO mem=True nz=True ynz=True cond=True claim_agree=True upper=0.893506215875  CERT
844214761,0,1 T   mem=True nz=True ynz=True cond=True claim_agree=True upper=2436.37288132  CERT
878627709,0,1 RHO mem=True nz=True ynz=True cond=True claim_agree=True upper=0.972786759370  CERT
878627709,0,1 T   mem=True nz=True ynz=True cond=True claim_agree=True upper=2093.14971230  CERT
904545641,0,1 RHO mem=True nz=True ynz=True cond=True claim_agree=True upper=0.893506215875  CERT
904545641,0,1 T   mem=True nz=True ynz=True cond=True claim_agree=True upper=2016.27467170  CERT
986678962,0,1 RHO mem=True nz=True ynz=True cond=True claim_agree=True upper=0.949055459576  CERT
986678962,0,1 T   mem=True nz=True ynz=True cond=True claim_agree=True upper=2598.40252532  CERT
FAMILY VERIFY n=7 l=1000983617 : EXCLUDED (components certified 32 / 32 ; lines 64 ; failed lines 0)
FAMILY VERIFY PASS
