FACTORIZATION: 32 irreducible factors of degree 2 over F_1001107649: OK (header deg/ncomp/bar_T agree)
35307200,0,1 RHO mem=True nz=True ynz=True cond=True claim_agree=True upper=0.935191897526  CERT
35307200,0,1 T   mem=True nz=True ynz=True cond=True claim_agree=True upper=2503.28921087  CERT
99392684,0,1 RHO mem=True nz=True ynz=True cond=True claim_agree=True upper=0.950998528009  CERT
99392684,0,1 T   mem=True nz=True ynz=True cond=True claim_agree=True upper=2014.95821416  CERT
119807863,0,1 RHO mem=True nz=True ynz=True cond=True claim_agree=True upper=0.955437700175  CERT
119807863,0,1 T   mem=True nz=True ynz=True cond=True claim_agree=True upper=2325.61770673  CERT
138305260,0,1 RHO mem=True nz=True ynz=True cond=True claim_agree=True upper=0.935695870360  CERT
138305260,0,1 T   mem=True nz=True ynz=True cond=True claim_agree=True upper=2189.34878648  CERT
141422964,0,1 RHO mem=True nz=True ynz=True cond=True claim_agree=True upper=0.963468547222  CERT
141422964,0,1 T   mem=True nz=True ynz=True cond=True claim_agree=True upper=2053.94249598  CERT
171943929,0,1 RHO mem=True nz=True ynz=True cond=True claim_agree=True upper=0.987183613127  CERT
171943929,0,1 T   mem=True nz=True ynz=True cond=True claim_agree=True upper=2324.57311617  CERT
196227225,0,1 RHO mem=True nz=True ynz=True cond=True claim_agree=True upper=0.939055867881  CERT
196227225,0,1 T   mem=True nz=True ynz=True cond=True claim_agree=True upper=2119.41427720  CERT
207449329,0,1 RHO mem=True nz=True ynz=True cond=True claim_agree=True upper=0.935191897526  CERT
207449329,0,1 T   mem=True nz=True ynz=True cond=True claim_agree=True upper=2152.25312868  CERT
224720419,0,1 RHO mem=True nz=True ynz=True cond=True claim_agree=True upper=0.947294827821  CERT
224720419,0,1 T   mem=True nz=True ynz=True cond=True claim_agree=True upper=2257.89306165  CERT
245493675,0,1 RHO mem=True nz=True ynz=True cond=True claim_agree=True upper=0.924134304302  CERT
245493675,0,1 T   mem=True nz=True ynz=True cond=True claim_agree=True upper=1960.73421917  CERT
249663844,0,1 RHO mem=True nz=True ynz=True cond=True claim_agree=True upper=0.963468547222  CERT
249663844,0,1 T   mem=True nz=True ynz=True cond=True claim_agree=True upper=2204.85441895  CERT
261801153,0,1 RHO mem=True nz=True ynz=True cond=True claim_agree=True upper=0.888382944134  CERT
261801153,0,1 T   mem=True nz=True ynz=True cond=True claim_agree=True upper=1564.52444893  CERT
324636916,0,1 RHO mem=True nz=True ynz=True cond=True claim_agree=True upper=0.987183613127  CERT
324636916,0,1 T   mem=True nz=True ynz=True cond=True claim_agree=True upper=2661.42908363  CERT
435763837,0,1 RHO mem=True nz=True ynz=True cond=True claim_agree=True upper=0.955437700175  CERT
435763837,0,1 T   mem=True nz=True ynz=True cond=True claim_agree=True upper=2332.38152686  CERT
444523888,0,1 RHO mem=True nz=True ynz=True cond=True claim_agree=True upper=0.926893334442  CERT
444523888,0,1 T   mem=True nz=True ynz=True cond=True claim_agree=True upper=2436.31410722  CERT
480200278,0,1 RHO mem=True nz=True ynz=True cond=True claim_agree=True upper=0.928478930640  CERT
480200278,0,1 T   mem=True nz=True ynz=True cond=True claim_agree=True upper=2667.17154741  CERT
520907371,0,1 RHO mem=True nz=True ynz=True cond=True claim_agree=True upper=0.924134304302  CERT
520907371,0,1 T   mem=True nz=True ynz=True cond=True claim_agree=True upper=2094.90506136  CERT
556583761,0,1 RHO mem=True nz=True ynz=True cond=True claim_agree=True upper=0.935695870360  CERT
556583761,0,1 T   mem=True nz=True ynz=True cond=True claim_agree=True upper=1880.67613896  CERT
565343812,0,1 RHO mem=True nz=True ynz=True cond=True claim_agree=True upper=0.877989155600  CERT
565343812,0,1 T   mem=True nz=True ynz=True cond=True claim_agree=True upper=2142.03022664  CERT
676470733,0,1 RHO mem=True nz=True ynz=True cond=True claim_agree=True upper=0.922646220363  CERT
676470733,0,1 T   mem=True nz=True ynz=True cond=True claim_agree=True upper=2575.41379158  CERT
739306496,0,1 RHO mem=True nz=True ynz=True cond=True claim_agree=True upper=0.939055867881  CERT
739306496,0,1 T   mem=True nz=True ynz=True cond=True claim_agree=True upper=2535.95837321  CERT
751443805,0,1 RHO mem=True nz=True ynz=True cond=True claim_agree=True upper=0.965248777131  CERT
751443805,0,1 T   mem=True nz=True ynz=True cond=True claim_agree=True upper=1991.41587840  CERT
755613974,0,1 RHO mem=True nz=True ynz=True cond=True claim_agree=True upper=0.928478930640  CERT
755613974,0,1 T   mem=True nz=True ynz=True cond=True claim_agree=True upper=2028.58868564  CERT
776387230,0,1 RHO mem=True nz=True ynz=True cond=True claim_agree=True upper=0.950998528009  CERT
776387230,0,1 T   mem=True nz=True ynz=True cond=True claim_agree=True upper=2324.64795741  CERT
793658320,0,1 RHO mem=True nz=True ynz=True cond=True claim_agree=True upper=0.953026903383  CERT
793658320,0,1 T   mem=True nz=True ynz=True cond=True claim_agree=True upper=2383.22998488  CERT
804880424,0,1 RHO mem=True nz=True ynz=True cond=True claim_agree=True upper=0.888382944134  CERT
804880424,0,1 T   mem=True nz=True ynz=True cond=True claim_agree=True upper=1568.68825035  CERT
829163720,0,1 RHO mem=True nz=True ynz=True cond=True claim_agree=True upper=0.922646220363  CERT
829163720,0,1 T   mem=True nz=True ynz=True cond=True claim_agree=True upper=1724.69736283  CERT
859684685,0,1 RHO mem=True nz=True ynz=True cond=True claim_agree=True upper=0.965248777131  CERT
859684685,0,1 T   mem=True nz=True ynz=True cond=True claim_agree=True upper=2624.12459255  CERT
862802389,0,1 RHO mem=True nz=True ynz=True cond=True claim_agree=True upper=0.926893334442  CERT
862802389,0,1 T   mem=True nz=True ynz=True cond=True claim_agree=True upper=2113.61904210  CERT
881299786,0,1 RHO mem=True nz=True ynz=True cond=True claim_agree=True upper=0.877989155600  CERT
881299786,0,1 T   mem=True nz=True ynz=True cond=True claim_agree=True upper=1554.62145215  CERT
901714965,0,1 RHO mem=True nz=True ynz=True cond=True claim_agree=True upper=0.947294827821  CERT
901714965,0,1 T   mem=True nz=True ynz=True cond=True claim_agree=True upper=2413.38282811  CERT
965800449,0,1 RHO mem=True nz=True ynz=True cond=True claim_agree=True upper=0.953026903383  CERT
965800449,0,1 T   mem=True nz=True ynz=True cond=True claim_agree=True upper=2240.21064768  CERT
FAMILY VERIFY n=7 l=1001107649 : EXCLUDED (components certified 32 / 32 ; lines 64 ; failed lines 0)
FAMILY VERIFY PASS
