FACTORIZATION: 32 irreducible factors of degree 2 over F_1001184577: OK (header deg/ncomp/bar_T agree)
4383866,0,1 RHO mem=True nz=True ynz=True cond=True claim_agree=True upper=0.938390125482  CERT
4383866,0,1 T   mem=True nz=True ynz=True cond=True claim_agree=True upper=2686.16784000  CERT
17217957,0,1 RHO mem=True nz=True ynz=True cond=True claim_agree=True upper=0.906960505507  CERT
17217957,0,1 T   mem=True nz=True ynz=True cond=True claim_agree=True upper=2400.93153243  CERT
19647542,0,1 RHO mem=True nz=True ynz=True cond=True claim_agree=True upper=0.936913963649  CERT
19647542,0,1 T   mem=True nz=True ynz=True cond=True claim_agree=True upper=2132.41680917  CERT
49200415,0,1 RHO mem=True nz=True ynz=True cond=True claim_agree=True upper=0.920694677784  CERT
49200415,0,1 T   mem=True nz=True ynz=True cond=True claim_agree=True upper=2443.30229361  CERT
66895819,0,1 RHO mem=True nz=True ynz=True cond=True claim_agree=True upper=0.875086697565  CERT
66895819,0,1 T   mem=True nz=True ynz=True cond=True claim_agree=True upper=2320.21193676  CERT
83931641,0,1 RHO mem=True nz=True ynz=True cond=True claim_agree=True upper=0.874173807932  CERT
83931641,0,1 T   mem=True nz=True ynz=True cond=True claim_agree=True upper=2349.53702047  CERT
161481378,0,1 RHO mem=True nz=True ynz=True cond=True claim_agree=True upper=0.874173807932  CERT
161481378,0,1 T   mem=True nz=True ynz=True cond=True claim_agree=True upper=2333.38555305  CERT
196746209,0,1 RHO mem=True nz=True ynz=True cond=True claim_agree=True upper=0.920694677784  CERT
196746209,0,1 T   mem=True nz=True ynz=True cond=True claim_agree=True upper=2265.66810817  CERT
239225243,0,1 RHO mem=True nz=True ynz=True cond=True claim_agree=True upper=0.953324841599  CERT
239225243,0,1 T   mem=True nz=True ynz=True cond=True claim_agree=True upper=2307.38312785  CERT
245399512,0,1 RHO mem=True nz=True ynz=True cond=True claim_agree=True upper=0.906960505507  CERT
245399512,0,1 T   mem=True nz=True ynz=True cond=True claim_agree=True upper=2512.05522999  CERT
304722334,0,1 RHO mem=True nz=True ynz=True cond=True claim_agree=True upper=0.917569394124  CERT
304722334,0,1 T   mem=True nz=True ynz=True cond=True claim_agree=True upper=2457.15971531  CERT
330616019,0,1 RHO mem=True nz=True ynz=True cond=True claim_agree=True upper=0.885059836798  CERT
330616019,0,1 T   mem=True nz=True ynz=True cond=True claim_agree=True upper=1980.87773211  CERT
355380917,0,1 RHO mem=True nz=True ynz=True cond=True claim_agree=True upper=0.930234489402  CERT
355380917,0,1 T   mem=True nz=True ynz=True cond=True claim_agree=True upper=2562.56754312  CERT
419536992,0,1 RHO mem=True nz=True ynz=True cond=True claim_agree=True upper=0.917571224639  CERT
419536992,0,1 T   mem=True nz=True ynz=True cond=True claim_agree=True upper=2636.52809116  CERT
490027629,0,1 RHO mem=True nz=True ynz=True cond=True claim_agree=True upper=0.897057945864  CERT
490027629,0,1 T   mem=True nz=True ynz=True cond=True claim_agree=True upper=2424.93689960  CERT
494212769,0,1 RHO mem=True nz=True ynz=True cond=True claim_agree=True upper=0.917569394124  CERT
494212769,0,1 T   mem=True nz=True ynz=True cond=True claim_agree=True upper=2099.37699515  CERT
506971808,0,1 RHO mem=True nz=True ynz=True cond=True claim_agree=True upper=0.925269586860  CERT
506971808,0,1 T   mem=True nz=True ynz=True cond=True claim_agree=True upper=2567.50369155  CERT
511156948,0,1 RHO mem=True nz=True ynz=True cond=True claim_agree=True upper=0.936913963649  CERT
511156948,0,1 T   mem=True nz=True ynz=True cond=True claim_agree=True upper=2592.67601484  CERT
581647585,0,1 RHO mem=True nz=True ynz=True cond=True claim_agree=True upper=0.885059836798  CERT
581647585,0,1 T   mem=True nz=True ynz=True cond=True claim_agree=True upper=2758.64963135  CERT
645803660,0,1 RHO mem=True nz=True ynz=True cond=True claim_agree=True upper=0.938390125482  CERT
645803660,0,1 T   mem=True nz=True ynz=True cond=True claim_agree=True upper=2380.47382143  CERT
670568558,0,1 RHO mem=True nz=True ynz=True cond=True claim_agree=True upper=0.917571224639  CERT
670568558,0,1 T   mem=True nz=True ynz=True cond=True claim_agree=True upper=2200.80187563  CERT
696462243,0,1 RHO mem=True nz=True ynz=True cond=True claim_agree=True upper=0.925269586860  CERT
696462243,0,1 T   mem=True nz=True ynz=True cond=True claim_agree=True upper=3196.45543258  CERT
755785065,0,1 RHO mem=True nz=True ynz=True cond=True claim_agree=True upper=0.939900703273  CERT
755785065,0,1 T   mem=True nz=True ynz=True cond=True claim_agree=True upper=2792.72542934  CERT
761959334,0,1 RHO mem=True nz=True ynz=True cond=True claim_agree=True upper=0.875086697565  CERT
761959334,0,1 T   mem=True nz=True ynz=True cond=True claim_agree=True upper=2602.94894054  CERT
804438368,0,1 RHO mem=True nz=True ynz=True cond=True claim_agree=True upper=0.939568844790  CERT
804438368,0,1 T   mem=True nz=True ynz=True cond=True claim_agree=True upper=2019.15012096  CERT
839703199,0,1 RHO mem=True nz=True ynz=True cond=True claim_agree=True upper=0.963873871466  CERT
839703199,0,1 T   mem=True nz=True ynz=True cond=True claim_agree=True upper=2300.01810969  CERT
917252936,0,1 RHO mem=True nz=True ynz=True cond=True claim_agree=True upper=0.963873871466  CERT
917252936,0,1 T   mem=True nz=True ynz=True cond=True claim_agree=True upper=2367.93790976  CERT
934288758,0,1 RHO mem=True nz=True ynz=True cond=True claim_agree=True upper=0.953324841599  CERT
934288758,0,1 T   mem=True nz=True ynz=True cond=True claim_agree=True upper=2591.05406669  CERT
951984162,0,1 RHO mem=True nz=True ynz=True cond=True claim_agree=True upper=0.939568844790  CERT
951984162,0,1 T   mem=True nz=True ynz=True cond=True claim_agree=True upper=2833.62055191  CERT
981537035,0,1 RHO mem=True nz=True ynz=True cond=True claim_agree=True upper=0.897057945864  CERT
981537035,0,1 T   mem=True nz=True ynz=True cond=True claim_agree=True upper=2119.93664639  CERT
983966620,0,1 RHO mem=True nz=True ynz=True cond=True claim_agree=True upper=0.939900703273  CERT
983966620,0,1 T   mem=True nz=True ynz=True cond=True claim_agree=True upper=2365.98457911  CERT
996800711,0,1 RHO mem=True nz=True ynz=True cond=True claim_agree=True upper=0.930234489402  CERT
996800711,0,1 T   mem=True nz=True ynz=True cond=True claim_agree=True upper=2600.67594148  CERT
FAMILY VERIFY n=7 l=1001184577 : EXCLUDED (components certified 32 / 32 ; lines 64 ; failed lines 0)
FAMILY VERIFY PASS
