FACTORIZATION: 32 irreducible factors of degree 2 over F_1001050177: OK (header deg/ncomp/bar_T agree)
49939780,0,1 RHO mem=True nz=True ynz=True cond=True claim_agree=True upper=0.924073968720  CERT
49939780,0,1 T   mem=True nz=True ynz=True cond=True claim_agree=True upper=2140.52917429  CERT
73092358,0,1 RHO mem=True nz=True ynz=True cond=True claim_agree=True upper=0.939711479474  CERT
73092358,0,1 T   mem=True nz=True ynz=True cond=True claim_agree=True upper=2725.13578098  CERT
105224746,0,1 RHO mem=True nz=True ynz=True cond=True claim_agree=True upper=0.889077719435  CERT
105224746,0,1 T   mem=True nz=True ynz=True cond=True claim_agree=True upper=2148.36447353  CERT
142300562,0,1 RHO mem=True nz=True ynz=True cond=True claim_agree=True upper=0.911039112985  CERT
142300562,0,1 T   mem=True nz=True ynz=True cond=True claim_agree=True upper=2328.14283131  CERT
214358937,0,1 RHO mem=True nz=True ynz=True cond=True claim_agree=True upper=0.946165445340  CERT
214358937,0,1 T   mem=True nz=True ynz=True cond=True claim_agree=True upper=2146.91773796  CERT
214429439,0,1 RHO mem=True nz=True ynz=True cond=True claim_agree=True upper=0.946165445340  CERT
214429439,0,1 T   mem=True nz=True ynz=True cond=True claim_agree=True upper=2588.99675287  CERT
218842179,0,1 RHO mem=True nz=True ynz=True cond=True claim_agree=True upper=0.965547643308  CERT
218842179,0,1 T   mem=True nz=True ynz=True cond=True claim_agree=True upper=2409.95725671  CERT
234935496,0,1 RHO mem=True nz=True ynz=True cond=True claim_agree=True upper=0.930423376982  CERT
234935496,0,1 T   mem=True nz=True ynz=True cond=True claim_agree=True upper=1707.64638608  CERT
254686893,0,1 RHO mem=True nz=True ynz=True cond=True claim_agree=True upper=0.956288341004  CERT
254686893,0,1 T   mem=True nz=True ynz=True cond=True claim_agree=True upper=2215.25699924  CERT
292535730,0,1 RHO mem=True nz=True ynz=True cond=True claim_agree=True upper=0.930423376982  CERT
292535730,0,1 T   mem=True nz=True ynz=True cond=True claim_agree=True upper=2287.46322315  CERT
324954553,0,1 RHO mem=True nz=True ynz=True cond=True claim_agree=True upper=0.911039112985  CERT
324954553,0,1 T   mem=True nz=True ynz=True cond=True claim_agree=True upper=2148.85621946  CERT
342425428,0,1 RHO mem=True nz=True ynz=True cond=True claim_agree=True upper=0.927355957382  CERT
342425428,0,1 T   mem=True nz=True ynz=True cond=True claim_agree=True upper=2180.56346306  CERT
351198276,0,1 RHO mem=True nz=True ynz=True cond=True claim_agree=True upper=0.928121175406  CERT
351198276,0,1 T   mem=True nz=True ynz=True cond=True claim_agree=True upper=2373.19263446  CERT
356109953,0,1 RHO mem=True nz=True ynz=True cond=True claim_agree=True upper=0.920409143734  CERT
356109953,0,1 T   mem=True nz=True ynz=True cond=True claim_agree=True upper=2620.21965110  CERT
398939837,0,1 RHO mem=True nz=True ynz=True cond=True claim_agree=True upper=0.924073968720  CERT
398939837,0,1 T   mem=True nz=True ynz=True cond=True claim_agree=True upper=1894.62338624  CERT
455678781,0,1 RHO mem=True nz=True ynz=True cond=True claim_agree=True upper=0.928121175406  CERT
455678781,0,1 T   mem=True nz=True ynz=True cond=True claim_agree=True upper=2550.78920221  CERT
545371396,0,1 RHO mem=True nz=True ynz=True cond=True claim_agree=True upper=0.945719948130  CERT
545371396,0,1 T   mem=True nz=True ynz=True cond=True claim_agree=True upper=2530.41231105  CERT
602110340,0,1 RHO mem=True nz=True ynz=True cond=True claim_agree=True upper=0.949053837594  CERT
602110340,0,1 T   mem=True nz=True ynz=True cond=True claim_agree=True upper=1804.91706406  CERT
644940224,0,1 RHO mem=True nz=True ynz=True cond=True claim_agree=True upper=0.956288341004  CERT
644940224,0,1 T   mem=True nz=True ynz=True cond=True claim_agree=True upper=2187.47483521  CERT
649851901,0,1 RHO mem=True nz=True ynz=True cond=True claim_agree=True upper=0.945719948130  CERT
649851901,0,1 T   mem=True nz=True ynz=True cond=True claim_agree=True upper=1556.28912971  CERT
658624749,0,1 RHO mem=True nz=True ynz=True cond=True claim_agree=True upper=0.939711479474  CERT
658624749,0,1 T   mem=True nz=True ynz=True cond=True claim_agree=True upper=2549.19370730  CERT
676095624,0,1 RHO mem=True nz=True ynz=True cond=True claim_agree=True upper=0.935557225445  CERT
676095624,0,1 T   mem=True nz=True ynz=True cond=True claim_agree=True upper=1888.83503692  CERT
708514447,0,1 RHO mem=True nz=True ynz=True cond=True claim_agree=True upper=0.933064783269  CERT
708514447,0,1 T   mem=True nz=True ynz=True cond=True claim_agree=True upper=2526.21274868  CERT
746363284,0,1 RHO mem=True nz=True ynz=True cond=True claim_agree=True upper=0.920409143734  CERT
746363284,0,1 T   mem=True nz=True ynz=True cond=True claim_agree=True upper=2979.30167016  CERT
766114681,0,1 RHO mem=True nz=True ynz=True cond=True claim_agree=True upper=0.933064783269  CERT
766114681,0,1 T   mem=True nz=True ynz=True cond=True claim_agree=True upper=2229.59397341  CERT
782207998,0,1 RHO mem=True nz=True ynz=True cond=True claim_agree=True upper=0.889077719435  CERT
782207998,0,1 T   mem=True nz=True ynz=True cond=True claim_agree=True upper=2228.29371098  CERT
786620738,0,1 RHO mem=True nz=True ynz=True cond=True claim_agree=True upper=0.904643557062  CERT
786620738,0,1 T   mem=True nz=True ynz=True cond=True claim_agree=True upper=2741.37078541  CERT
786691240,0,1 RHO mem=True nz=True ynz=True cond=True claim_agree=True upper=0.904643557062  CERT
786691240,0,1 T   mem=True nz=True ynz=True cond=True claim_agree=True upper=1958.10907162  CERT
858749615,0,1 RHO mem=True nz=True ynz=True cond=True claim_agree=True upper=0.935557225445  CERT
858749615,0,1 T   mem=True nz=True ynz=True cond=True claim_agree=True upper=2000.16308637  CERT
895825431,0,1 RHO mem=True nz=True ynz=True cond=True claim_agree=True upper=0.965547643308  CERT
895825431,0,1 T   mem=True nz=True ynz=True cond=True claim_agree=True upper=3107.53405024  CERT
927957819,0,1 RHO mem=True nz=True ynz=True cond=True claim_agree=True upper=0.927355957382  CERT
927957819,0,1 T   mem=True nz=True ynz=True cond=True claim_agree=True upper=1853.15838638  CERT
951110397,0,1 RHO mem=True nz=True ynz=True cond=True claim_agree=True upper=0.949053837594  CERT
951110397,0,1 T   mem=True nz=True ynz=True cond=True claim_agree=True upper=2707.61939069  CERT
FAMILY VERIFY n=7 l=1001050177 : EXCLUDED (components certified 32 / 32 ; lines 64 ; failed lines 0)
FAMILY VERIFY PASS
