FACTORIZATION: 32 irreducible factors of degree 2 over F_1001047361: OK (header deg/ncomp/bar_T agree)
9258694,0,1 RHO mem=True nz=True ynz=True cond=True claim_agree=True upper=0.948732902876  CERT
9258694,0,1 T   mem=True nz=True ynz=True cond=True claim_agree=True upper=1892.09283574  CERT
10166612,0,1 RHO mem=True nz=True ynz=True cond=True claim_agree=True upper=0.963340853775  CERT
10166612,0,1 T   mem=True nz=True ynz=True cond=True claim_agree=True upper=2276.52537789  CERT
140625619,0,1 RHO mem=True nz=True ynz=True cond=True claim_agree=True upper=0.944305466574  CERT
140625619,0,1 T   mem=True nz=True ynz=True cond=True claim_agree=True upper=2188.76323005  CERT
202843481,0,1 RHO mem=True nz=True ynz=True cond=True claim_agree=True upper=0.949609721389  CERT
202843481,0,1 T   mem=True nz=True ynz=True cond=True claim_agree=True upper=3123.35299786  CERT
232077471,0,1 RHO mem=True nz=True ynz=True cond=True claim_agree=True upper=0.944020031359  CERT
232077471,0,1 T   mem=True nz=True ynz=True cond=True claim_agree=True upper=2757.75459087  CERT
238690598,0,1 RHO mem=True nz=True ynz=True cond=True claim_agree=True upper=0.948732902876  CERT
238690598,0,1 T   mem=True nz=True ynz=True cond=True claim_agree=True upper=2005.52593415  CERT
266458476,0,1 RHO mem=True nz=True ynz=True cond=True claim_agree=True upper=0.957266953968  CERT
266458476,0,1 T   mem=True nz=True ynz=True cond=True claim_agree=True upper=2553.73955873  CERT
276081801,0,1 RHO mem=True nz=True ynz=True cond=True claim_agree=True upper=0.935856983856  CERT
276081801,0,1 T   mem=True nz=True ynz=True cond=True claim_agree=True upper=2088.20111468  CERT
304366605,0,1 RHO mem=True nz=True ynz=True cond=True claim_agree=True upper=0.964931328777  CERT
304366605,0,1 T   mem=True nz=True ynz=True cond=True claim_agree=True upper=2529.63485057  CERT
319724664,0,1 RHO mem=True nz=True ynz=True cond=True claim_agree=True upper=0.953957343601  CERT
319724664,0,1 T   mem=True nz=True ynz=True cond=True claim_agree=True upper=2407.94130082  CERT
320824849,0,1 RHO mem=True nz=True ynz=True cond=True claim_agree=True upper=0.964931328777  CERT
320824849,0,1 T   mem=True nz=True ynz=True cond=True claim_agree=True upper=3422.91933929  CERT
340220657,0,1 RHO mem=True nz=True ynz=True cond=True claim_agree=True upper=0.956345273213  CERT
340220657,0,1 T   mem=True nz=True ynz=True cond=True claim_agree=True upper=2609.90769998  CERT
342548178,0,1 RHO mem=True nz=True ynz=True cond=True claim_agree=True upper=0.949728136861  CERT
342548178,0,1 T   mem=True nz=True ynz=True cond=True claim_agree=True upper=2415.50582423  CERT
345175841,0,1 RHO mem=True nz=True ynz=True cond=True claim_agree=True upper=0.937163385429  CERT
345175841,0,1 T   mem=True nz=True ynz=True cond=True claim_agree=True upper=2404.51690591  CERT
444176996,0,1 RHO mem=True nz=True ynz=True cond=True claim_agree=True upper=0.957266953968  CERT
444176996,0,1 T   mem=True nz=True ynz=True cond=True claim_agree=True upper=2658.56223972  CERT
488128688,0,1 RHO mem=True nz=True ynz=True cond=True claim_agree=True upper=0.962669107615  CERT
488128688,0,1 T   mem=True nz=True ynz=True cond=True claim_agree=True upper=2961.93842360  CERT
512918673,0,1 RHO mem=True nz=True ynz=True cond=True claim_agree=True upper=0.935856983856  CERT
512918673,0,1 T   mem=True nz=True ynz=True cond=True claim_agree=True upper=2703.79844306  CERT
556870365,0,1 RHO mem=True nz=True ynz=True cond=True claim_agree=True upper=0.945653046666  CERT
556870365,0,1 T   mem=True nz=True ynz=True cond=True claim_agree=True upper=2492.07635414  CERT
655871520,0,1 RHO mem=True nz=True ynz=True cond=True claim_agree=True upper=0.944305466574  CERT
655871520,0,1 T   mem=True nz=True ynz=True cond=True claim_agree=True upper=2751.10473391  CERT
658499183,0,1 RHO mem=True nz=True ynz=True cond=True claim_agree=True upper=0.979276237459  CERT
658499183,0,1 T   mem=True nz=True ynz=True cond=True claim_agree=True upper=2503.24712110  CERT
660826704,0,1 RHO mem=True nz=True ynz=True cond=True claim_agree=True upper=0.949609721389  CERT
660826704,0,1 T   mem=True nz=True ynz=True cond=True claim_agree=True upper=2447.62916191  CERT
680222512,0,1 RHO mem=True nz=True ynz=True cond=True claim_agree=True upper=0.948897145630  CERT
680222512,0,1 T   mem=True nz=True ynz=True cond=True claim_agree=True upper=2786.69366187  CERT
681322697,0,1 RHO mem=True nz=True ynz=True cond=True claim_agree=True upper=0.949728136861  CERT
681322697,0,1 T   mem=True nz=True ynz=True cond=True claim_agree=True upper=1704.41015299  CERT
696680756,0,1 RHO mem=True nz=True ynz=True cond=True claim_agree=True upper=0.948897145630  CERT
696680756,0,1 T   mem=True nz=True ynz=True cond=True claim_agree=True upper=2296.30418504  CERT
724965560,0,1 RHO mem=True nz=True ynz=True cond=True claim_agree=True upper=0.962669107615  CERT
724965560,0,1 T   mem=True nz=True ynz=True cond=True claim_agree=True upper=3547.10606437  CERT
734588885,0,1 RHO mem=True nz=True ynz=True cond=True claim_agree=True upper=0.945653046666  CERT
734588885,0,1 T   mem=True nz=True ynz=True cond=True claim_agree=True upper=2223.34271970  CERT
762356763,0,1 RHO mem=True nz=True ynz=True cond=True claim_agree=True upper=0.917386831557  CERT
762356763,0,1 T   mem=True nz=True ynz=True cond=True claim_agree=True upper=1976.98675823  CERT
768969890,0,1 RHO mem=True nz=True ynz=True cond=True claim_agree=True upper=0.963340853775  CERT
768969890,0,1 T   mem=True nz=True ynz=True cond=True claim_agree=True upper=2643.01871859  CERT
798203880,0,1 RHO mem=True nz=True ynz=True cond=True claim_agree=True upper=0.956345273213  CERT
798203880,0,1 T   mem=True nz=True ynz=True cond=True claim_agree=True upper=4034.36172011  CERT
860421742,0,1 RHO mem=True nz=True ynz=True cond=True claim_agree=True upper=0.937163385429  CERT
860421742,0,1 T   mem=True nz=True ynz=True cond=True claim_agree=True upper=2324.35991179  CERT
990880749,0,1 RHO mem=True nz=True ynz=True cond=True claim_agree=True upper=0.944020031359  CERT
990880749,0,1 T   mem=True nz=True ynz=True cond=True claim_agree=True upper=2551.38074203  CERT
991788667,0,1 RHO mem=True nz=True ynz=True cond=True claim_agree=True upper=0.917386831557  CERT
991788667,0,1 T   mem=True nz=True ynz=True cond=True claim_agree=True upper=2556.04816377  CERT
FAMILY VERIFY n=7 l=1001047361 : EXCLUDED (components certified 32 / 32 ; lines 64 ; failed lines 0)
FAMILY VERIFY PASS
