FACTORIZATION: 32 irreducible factors of degree 2 over F_1000632769: OK (header deg/ncomp/bar_T agree)
10298243,0,1 RHO mem=True nz=True ynz=True cond=True claim_agree=True upper=0.861114594315  CERT
10298243,0,1 T   mem=True nz=True ynz=True cond=True claim_agree=True upper=1758.09156293  CERT
13051323,0,1 RHO mem=True nz=True ynz=True cond=True claim_agree=True upper=0.853213158746  CERT
13051323,0,1 T   mem=True nz=True ynz=True cond=True claim_agree=True upper=1977.53860874  CERT
53813483,0,1 RHO mem=True nz=True ynz=True cond=True claim_agree=True upper=0.826698189091  CERT
53813483,0,1 T   mem=True nz=True ynz=True cond=True claim_agree=True upper=1874.36810660  CERT
62346575,0,1 RHO mem=True nz=True ynz=True cond=True claim_agree=True upper=0.871419397496  CERT
62346575,0,1 T   mem=True nz=True ynz=True cond=True claim_agree=True upper=2235.55828069  CERT
68271347,0,1 RHO mem=True nz=True ynz=True cond=True claim_agree=True upper=0.898554390031  CERT
68271347,0,1 T   mem=True nz=True ynz=True cond=True claim_agree=True upper=2347.22451531  CERT
159333455,0,1 RHO mem=True nz=True ynz=True cond=True claim_agree=True upper=0.877220945042  CERT
159333455,0,1 T   mem=True nz=True ynz=True cond=True claim_agree=True upper=2572.62254871  CERT
272292789,0,1 RHO mem=True nz=True ynz=True cond=True claim_agree=True upper=0.838590895936  CERT
272292789,0,1 T   mem=True nz=True ynz=True cond=True claim_agree=True upper=2515.96082897  CERT
320275317,0,1 RHO mem=True nz=True ynz=True cond=True claim_agree=True upper=0.869463324938  CERT
320275317,0,1 T   mem=True nz=True ynz=True cond=True claim_agree=True upper=2218.10864322  CERT
328778024,0,1 RHO mem=True nz=True ynz=True cond=True claim_agree=True upper=0.873672531864  CERT
328778024,0,1 T   mem=True nz=True ynz=True cond=True claim_agree=True upper=2377.00508017  CERT
338882714,0,1 RHO mem=True nz=True ynz=True cond=True claim_agree=True upper=0.896506248157  CERT
338882714,0,1 T   mem=True nz=True ynz=True cond=True claim_agree=True upper=2457.45359524  CERT
388810795,0,1 RHO mem=True nz=True ynz=True cond=True claim_agree=True upper=0.861114594315  CERT
388810795,0,1 T   mem=True nz=True ynz=True cond=True claim_agree=True upper=2090.46957637  CERT
427441068,0,1 RHO mem=True nz=True ynz=True cond=True claim_agree=True upper=0.857046480632  CERT
427441068,0,1 T   mem=True nz=True ynz=True cond=True claim_agree=True upper=2040.10066005  CERT
436602922,0,1 RHO mem=True nz=True ynz=True cond=True claim_agree=True upper=0.877220945042  CERT
436602922,0,1 T   mem=True nz=True ynz=True cond=True claim_agree=True upper=2647.79229632  CERT
457078834,0,1 RHO mem=True nz=True ynz=True cond=True claim_agree=True upper=0.855514470782  CERT
457078834,0,1 T   mem=True nz=True ynz=True cond=True claim_agree=True upper=2189.54541589  CERT
473362722,0,1 RHO mem=True nz=True ynz=True cond=True claim_agree=True upper=0.866011454386  CERT
473362722,0,1 T   mem=True nz=True ynz=True cond=True claim_agree=True upper=2052.18002242  CERT
487762150,0,1 RHO mem=True nz=True ynz=True cond=True claim_agree=True upper=0.898554390031  CERT
487762150,0,1 T   mem=True nz=True ynz=True cond=True claim_agree=True upper=2151.89220668  CERT
512870619,0,1 RHO mem=True nz=True ynz=True cond=True claim_agree=True upper=0.822432160199  CERT
512870619,0,1 T   mem=True nz=True ynz=True cond=True claim_agree=True upper=2065.49471796  CERT
527270047,0,1 RHO mem=True nz=True ynz=True cond=True claim_agree=True upper=0.853213158746  CERT
527270047,0,1 T   mem=True nz=True ynz=True cond=True claim_agree=True upper=2667.26087780  CERT
543553935,0,1 RHO mem=True nz=True ynz=True cond=True claim_agree=True upper=0.871419397496  CERT
543553935,0,1 T   mem=True nz=True ynz=True cond=True claim_agree=True upper=1817.72469956  CERT
564029847,0,1 RHO mem=True nz=True ynz=True cond=True claim_agree=True upper=0.833476413352  CERT
564029847,0,1 T   mem=True nz=True ynz=True cond=True claim_agree=True upper=2418.29339862  CERT
573191701,0,1 RHO mem=True nz=True ynz=True cond=True claim_agree=True upper=0.869463324938  CERT
573191701,0,1 T   mem=True nz=True ynz=True cond=True claim_agree=True upper=2227.92321067  CERT
611821974,0,1 RHO mem=True nz=True ynz=True cond=True claim_agree=True upper=0.857766837594  CERT
611821974,0,1 T   mem=True nz=True ynz=True cond=True claim_agree=True upper=1553.38121511  CERT
661750055,0,1 RHO mem=True nz=True ynz=True cond=True claim_agree=True upper=0.826698189091  CERT
661750055,0,1 T   mem=True nz=True ynz=True cond=True claim_agree=True upper=1540.68652818  CERT
671854745,0,1 RHO mem=True nz=True ynz=True cond=True claim_agree=True upper=0.838590895936  CERT
671854745,0,1 T   mem=True nz=True ynz=True cond=True claim_agree=True upper=1964.01071786  CERT
680357452,0,1 RHO mem=True nz=True ynz=True cond=True claim_agree=True upper=0.857046480632  CERT
680357452,0,1 T   mem=True nz=True ynz=True cond=True claim_agree=True upper=2426.10228356  CERT
728339980,0,1 RHO mem=True nz=True ynz=True cond=True claim_agree=True upper=0.873672531864  CERT
728339980,0,1 T   mem=True nz=True ynz=True cond=True claim_agree=True upper=2220.36877651  CERT
841299314,0,1 RHO mem=True nz=True ynz=True cond=True claim_agree=True upper=0.833476413352  CERT
841299314,0,1 T   mem=True nz=True ynz=True cond=True claim_agree=True upper=2339.25498757  CERT
932361422,0,1 RHO mem=True nz=True ynz=True cond=True claim_agree=True upper=0.822432160199  CERT
932361422,0,1 T   mem=True nz=True ynz=True cond=True claim_agree=True upper=1771.27389983  CERT
938286194,0,1 RHO mem=True nz=True ynz=True cond=True claim_agree=True upper=0.855514470782  CERT
938286194,0,1 T   mem=True nz=True ynz=True cond=True claim_agree=True upper=1881.49078460  CERT
946819286,0,1 RHO mem=True nz=True ynz=True cond=True claim_agree=True upper=0.896506248157  CERT
946819286,0,1 T   mem=True nz=True ynz=True cond=True claim_agree=True upper=2181.51453214  CERT
987581446,0,1 RHO mem=True nz=True ynz=True cond=True claim_agree=True upper=0.866011454386  CERT
987581446,0,1 T   mem=True nz=True ynz=True cond=True claim_agree=True upper=1880.26332543  CERT
990334526,0,1 RHO mem=True nz=True ynz=True cond=True claim_agree=True upper=0.857766837594  CERT
990334526,0,1 T   mem=True nz=True ynz=True cond=True claim_agree=True upper=1573.00735469  CERT
FAMILY VERIFY n=7 l=1000632769 : EXCLUDED (components certified 32 / 32 ; lines 64 ; failed lines 0)
FAMILY VERIFY PASS
