FACTORIZATION: 32 irreducible factors of degree 2 over F_1001113537: OK (header deg/ncomp/bar_T agree)
7011367,0,1 RHO mem=True nz=True ynz=True cond=True claim_agree=True upper=0.966228317943  CERT
7011367,0,1 T   mem=True nz=True ynz=True cond=True claim_agree=True upper=2790.82066217  CERT
16062800,0,1 RHO mem=True nz=True ynz=True cond=True claim_agree=True upper=0.968239501218  CERT
16062800,0,1 T   mem=True nz=True ynz=True cond=True claim_agree=True upper=2875.53299448  CERT
29638269,0,1 RHO mem=True nz=True ynz=True cond=True claim_agree=True upper=0.951285293019  CERT
29638269,0,1 T   mem=True nz=True ynz=True cond=True claim_agree=True upper=2895.47191197  CERT
42912425,0,1 RHO mem=True nz=True ynz=True cond=True claim_agree=True upper=0.968239501218  CERT
42912425,0,1 T   mem=True nz=True ynz=True cond=True claim_agree=True upper=2922.56381682  CERT
98736233,0,1 RHO mem=True nz=True ynz=True cond=True claim_agree=True upper=0.976955060688  CERT
98736233,0,1 T   mem=True nz=True ynz=True cond=True claim_agree=True upper=3088.35191006  CERT
101353340,0,1 RHO mem=True nz=True ynz=True cond=True claim_agree=True upper=0.956844028366  CERT
101353340,0,1 T   mem=True nz=True ynz=True cond=True claim_agree=True upper=3607.69750303  CERT
106016030,0,1 RHO mem=True nz=True ynz=True cond=True claim_agree=True upper=0.956844028366  CERT
106016030,0,1 T   mem=True nz=True ynz=True cond=True claim_agree=True upper=2381.85955029  CERT
125397657,0,1 RHO mem=True nz=True ynz=True cond=True claim_agree=True upper=0.950964250880  CERT
125397657,0,1 T   mem=True nz=True ynz=True cond=True claim_agree=True upper=2511.77293465  CERT
150177915,0,1 RHO mem=True nz=True ynz=True cond=True claim_agree=True upper=0.952229614899  CERT
150177915,0,1 T   mem=True nz=True ynz=True cond=True claim_agree=True upper=3529.07783491  CERT
156392358,0,1 RHO mem=True nz=True ynz=True cond=True claim_agree=True upper=0.929256181840  CERT
156392358,0,1 T   mem=True nz=True ynz=True cond=True claim_agree=True upper=2691.93340292  CERT
157185751,0,1 RHO mem=True nz=True ynz=True cond=True claim_agree=True upper=0.948805214148  CERT
157185751,0,1 T   mem=True nz=True ynz=True cond=True claim_agree=True upper=2785.28458878  CERT
226584090,0,1 RHO mem=True nz=True ynz=True cond=True claim_agree=True upper=0.952229614899  CERT
226584090,0,1 T   mem=True nz=True ynz=True cond=True claim_agree=True upper=2612.24953078  CERT
278062213,0,1 RHO mem=True nz=True ynz=True cond=True claim_agree=True upper=0.970394845475  CERT
278062213,0,1 T   mem=True nz=True ynz=True cond=True claim_agree=True upper=2217.13118071  CERT
342170766,0,1 RHO mem=True nz=True ynz=True cond=True claim_agree=True upper=0.951285293019  CERT
342170766,0,1 T   mem=True nz=True ynz=True cond=True claim_agree=True upper=3142.62034484  CERT
361693287,0,1 RHO mem=True nz=True ynz=True cond=True claim_agree=True upper=0.976955060688  CERT
361693287,0,1 T   mem=True nz=True ynz=True cond=True claim_agree=True upper=2919.63569067  CERT
371205063,0,1 RHO mem=True nz=True ynz=True cond=True claim_agree=True upper=0.966228317943  CERT
371205063,0,1 T   mem=True nz=True ynz=True cond=True claim_agree=True upper=2554.39184221  CERT
629908474,0,1 RHO mem=True nz=True ynz=True cond=True claim_agree=True upper=0.940877613209  CERT
629908474,0,1 T   mem=True nz=True ynz=True cond=True claim_agree=True upper=3171.85511173  CERT
639420250,0,1 RHO mem=True nz=True ynz=True cond=True claim_agree=True upper=0.967759670130  CERT
639420250,0,1 T   mem=True nz=True ynz=True cond=True claim_agree=True upper=2960.60748257  CERT
658942771,0,1 RHO mem=True nz=True ynz=True cond=True claim_agree=True upper=0.970171170357  CERT
658942771,0,1 T   mem=True nz=True ynz=True cond=True claim_agree=True upper=2024.11047455  CERT
723051324,0,1 RHO mem=True nz=True ynz=True cond=True claim_agree=True upper=0.950964250880  CERT
723051324,0,1 T   mem=True nz=True ynz=True cond=True claim_agree=True upper=2739.91000634  CERT
774529447,0,1 RHO mem=True nz=True ynz=True cond=True claim_agree=True upper=0.917807732312  CERT
774529447,0,1 T   mem=True nz=True ynz=True cond=True claim_agree=True upper=2420.65637607  CERT
843927786,0,1 RHO mem=True nz=True ynz=True cond=True claim_agree=True upper=0.929256181840  CERT
843927786,0,1 T   mem=True nz=True ynz=True cond=True claim_agree=True upper=2567.01457450  CERT
844721179,0,1 RHO mem=True nz=True ynz=True cond=True claim_agree=True upper=0.948805214148  CERT
844721179,0,1 T   mem=True nz=True ynz=True cond=True claim_agree=True upper=2655.49626889  CERT
850935622,0,1 RHO mem=True nz=True ynz=True cond=True claim_agree=True upper=0.917807732312  CERT
850935622,0,1 T   mem=True nz=True ynz=True cond=True claim_agree=True upper=2839.63363238  CERT
875715880,0,1 RHO mem=True nz=True ynz=True cond=True claim_agree=True upper=0.970394845475  CERT
875715880,0,1 T   mem=True nz=True ynz=True cond=True claim_agree=True upper=2816.89527568  CERT
895097507,0,1 RHO mem=True nz=True ynz=True cond=True claim_agree=True upper=0.952229050951  CERT
895097507,0,1 T   mem=True nz=True ynz=True cond=True claim_agree=True upper=2580.79003654  CERT
899760197,0,1 RHO mem=True nz=True ynz=True cond=True claim_agree=True upper=0.952229050951  CERT
899760197,0,1 T   mem=True nz=True ynz=True cond=True claim_agree=True upper=2297.72808064  CERT
902377304,0,1 RHO mem=True nz=True ynz=True cond=True claim_agree=True upper=0.967759670130  CERT
902377304,0,1 T   mem=True nz=True ynz=True cond=True claim_agree=True upper=2595.97294137  CERT
958201112,0,1 RHO mem=True nz=True ynz=True cond=True claim_agree=True upper=0.963320044681  CERT
958201112,0,1 T   mem=True nz=True ynz=True cond=True claim_agree=True upper=2676.51125329  CERT
971475268,0,1 RHO mem=True nz=True ynz=True cond=True claim_agree=True upper=0.970171170357  CERT
971475268,0,1 T   mem=True nz=True ynz=True cond=True claim_agree=True upper=2664.08049898  CERT
985050737,0,1 RHO mem=True nz=True ynz=True cond=True claim_agree=True upper=0.963320044681  CERT
985050737,0,1 T   mem=True nz=True ynz=True cond=True claim_agree=True upper=2365.01395838  CERT
994102170,0,1 RHO mem=True nz=True ynz=True cond=True claim_agree=True upper=0.940877613209  CERT
994102170,0,1 T   mem=True nz=True ynz=True cond=True claim_agree=True upper=2532.47546529  CERT
FAMILY VERIFY n=7 l=1001113537 : EXCLUDED (components certified 32 / 32 ; lines 64 ; failed lines 0)
FAMILY VERIFY PASS
