FACTORIZATION: 32 irreducible factors of degree 2 over F_1000713409: OK (header deg/ncomp/bar_T agree)
3106044,0,1 RHO mem=True nz=True ynz=True cond=True claim_agree=True upper=0.940123236781  CERT
3106044,0,1 T   mem=True nz=True ynz=True cond=True claim_agree=True upper=2037.73931793  CERT
5728748,0,1 RHO mem=True nz=True ynz=True cond=True claim_agree=True upper=0.927166412868  CERT
5728748,0,1 T   mem=True nz=True ynz=True cond=True claim_agree=True upper=2378.00555624  CERT
126853317,0,1 RHO mem=True nz=True ynz=True cond=True claim_agree=True upper=0.966475755344  CERT
126853317,0,1 T   mem=True nz=True ynz=True cond=True claim_agree=True upper=2664.29503854  CERT
138417382,0,1 RHO mem=True nz=True ynz=True cond=True claim_agree=True upper=0.951408870352  CERT
138417382,0,1 T   mem=True nz=True ynz=True cond=True claim_agree=True upper=2565.30735911  CERT
169709877,0,1 RHO mem=True nz=True ynz=True cond=True claim_agree=True upper=0.933413272040  CERT
169709877,0,1 T   mem=True nz=True ynz=True cond=True claim_agree=True upper=2185.24385732  CERT
191225500,0,1 RHO mem=True nz=True ynz=True cond=True claim_agree=True upper=0.899514695212  CERT
191225500,0,1 T   mem=True nz=True ynz=True cond=True claim_agree=True upper=2503.84446494  CERT
199996526,0,1 RHO mem=True nz=True ynz=True cond=True claim_agree=True upper=0.933413272040  CERT
199996526,0,1 T   mem=True nz=True ynz=True cond=True claim_agree=True upper=2137.03434246  CERT
212877108,0,1 RHO mem=True nz=True ynz=True cond=True claim_agree=True upper=0.899514695212  CERT
212877108,0,1 T   mem=True nz=True ynz=True cond=True claim_agree=True upper=2215.31641302  CERT
225980913,0,1 RHO mem=True nz=True ynz=True cond=True claim_agree=True upper=0.951208265373  CERT
225980913,0,1 T   mem=True nz=True ynz=True cond=True claim_agree=True upper=2342.82364357  CERT
253841385,0,1 RHO mem=True nz=True ynz=True cond=True claim_agree=True upper=0.961989100835  CERT
253841385,0,1 T   mem=True nz=True ynz=True cond=True claim_agree=True upper=2892.92664759  CERT
260891218,0,1 RHO mem=True nz=True ynz=True cond=True claim_agree=True upper=0.944803862595  CERT
260891218,0,1 T   mem=True nz=True ynz=True cond=True claim_agree=True upper=2705.74300671  CERT
263221813,0,1 RHO mem=True nz=True ynz=True cond=True claim_agree=True upper=0.961989100835  CERT
263221813,0,1 T   mem=True nz=True ynz=True cond=True claim_agree=True upper=2912.09855455  CERT
296126078,0,1 RHO mem=True nz=True ynz=True cond=True claim_agree=True upper=0.958379232602  CERT
296126078,0,1 T   mem=True nz=True ynz=True cond=True claim_agree=True upper=3295.04228900  CERT
372644245,0,1 RHO mem=True nz=True ynz=True cond=True claim_agree=True upper=0.946214630301  CERT
372644245,0,1 T   mem=True nz=True ynz=True cond=True claim_agree=True upper=2187.97005348  CERT
382898330,0,1 RHO mem=True nz=True ynz=True cond=True claim_agree=True upper=0.975184440405  CERT
382898330,0,1 T   mem=True nz=True ynz=True cond=True claim_agree=True upper=2814.74054340  CERT
426309794,0,1 RHO mem=True nz=True ynz=True cond=True claim_agree=True upper=0.966203174891  CERT
426309794,0,1 T   mem=True nz=True ynz=True cond=True claim_agree=True upper=2732.20342264  CERT
574403615,0,1 RHO mem=True nz=True ynz=True cond=True claim_agree=True upper=0.940123236781  CERT
574403615,0,1 T   mem=True nz=True ynz=True cond=True claim_agree=True upper=2510.85644783  CERT
617815079,0,1 RHO mem=True nz=True ynz=True cond=True claim_agree=True upper=0.946214630301  CERT
617815079,0,1 T   mem=True nz=True ynz=True cond=True claim_agree=True upper=1995.99432457  CERT
628069164,0,1 RHO mem=True nz=True ynz=True cond=True claim_agree=True upper=0.975184440405  CERT
628069164,0,1 T   mem=True nz=True ynz=True cond=True claim_agree=True upper=2715.51555451  CERT
704587331,0,1 RHO mem=True nz=True ynz=True cond=True claim_agree=True upper=0.951208265373  CERT
704587331,0,1 T   mem=True nz=True ynz=True cond=True claim_agree=True upper=2859.65780333  CERT
737491596,0,1 RHO mem=True nz=True ynz=True cond=True claim_agree=True upper=0.959095224074  CERT
737491596,0,1 T   mem=True nz=True ynz=True cond=True claim_agree=True upper=2300.68467810  CERT
739822191,0,1 RHO mem=True nz=True ynz=True cond=True claim_agree=True upper=0.966475755344  CERT
739822191,0,1 T   mem=True nz=True ynz=True cond=True claim_agree=True upper=2872.83669349  CERT
746872024,0,1 RHO mem=True nz=True ynz=True cond=True claim_agree=True upper=0.959095224074  CERT
746872024,0,1 T   mem=True nz=True ynz=True cond=True claim_agree=True upper=2300.49223711  CERT
774732496,0,1 RHO mem=True nz=True ynz=True cond=True claim_agree=True upper=0.958379232602  CERT
774732496,0,1 T   mem=True nz=True ynz=True cond=True claim_agree=True upper=2821.61481426  CERT
787836301,0,1 RHO mem=True nz=True ynz=True cond=True claim_agree=True upper=0.931576293645  CERT
787836301,0,1 T   mem=True nz=True ynz=True cond=True claim_agree=True upper=2517.89284853  CERT
800716883,0,1 RHO mem=True nz=True ynz=True cond=True claim_agree=True upper=0.966000108884  CERT
800716883,0,1 T   mem=True nz=True ynz=True cond=True claim_agree=True upper=1986.80522005  CERT
809487909,0,1 RHO mem=True nz=True ynz=True cond=True claim_agree=True upper=0.931576293645  CERT
809487909,0,1 T   mem=True nz=True ynz=True cond=True claim_agree=True upper=2143.42158287  CERT
831003532,0,1 RHO mem=True nz=True ynz=True cond=True claim_agree=True upper=0.966000108884  CERT
831003532,0,1 T   mem=True nz=True ynz=True cond=True claim_agree=True upper=2611.78965806  CERT
862296027,0,1 RHO mem=True nz=True ynz=True cond=True claim_agree=True upper=0.927166412868  CERT
862296027,0,1 T   mem=True nz=True ynz=True cond=True claim_agree=True upper=2397.63116359  CERT
873860092,0,1 RHO mem=True nz=True ynz=True cond=True claim_agree=True upper=0.944803862595  CERT
873860092,0,1 T   mem=True nz=True ynz=True cond=True claim_agree=True upper=2519.87782282  CERT
994984661,0,1 RHO mem=True nz=True ynz=True cond=True claim_agree=True upper=0.951408870352  CERT
994984661,0,1 T   mem=True nz=True ynz=True cond=True claim_agree=True upper=2088.84343868  CERT
997607365,0,1 RHO mem=True nz=True ynz=True cond=True claim_agree=True upper=0.966203174891  CERT
997607365,0,1 T   mem=True nz=True ynz=True cond=True claim_agree=True upper=1938.65548657  CERT
FAMILY VERIFY n=7 l=1000713409 : EXCLUDED (components certified 32 / 32 ; lines 64 ; failed lines 0)
FAMILY VERIFY PASS
