FACTORIZATION: 32 irreducible factors of degree 2 over F_1001226817: OK (header deg/ncomp/bar_T agree)
3472970,0,1 RHO mem=True nz=True ynz=True cond=True claim_agree=True upper=0.924592858100  CERT
3472970,0,1 T   mem=True nz=True ynz=True cond=True claim_agree=True upper=2270.58439969  CERT
20491444,0,1 RHO mem=True nz=True ynz=True cond=True claim_agree=True upper=0.957101832112  CERT
20491444,0,1 T   mem=True nz=True ynz=True cond=True claim_agree=True upper=2874.37504683  CERT
77621518,0,1 RHO mem=True nz=True ynz=True cond=True claim_agree=True upper=0.935023547505  CERT
77621518,0,1 T   mem=True nz=True ynz=True cond=True claim_agree=True upper=1831.62288560  CERT
94226670,0,1 RHO mem=True nz=True ynz=True cond=True claim_agree=True upper=0.917116934245  CERT
94226670,0,1 T   mem=True nz=True ynz=True cond=True claim_agree=True upper=3120.02211504  CERT
99136349,0,1 RHO mem=True nz=True ynz=True cond=True claim_agree=True upper=0.970098641098  CERT
99136349,0,1 T   mem=True nz=True ynz=True cond=True claim_agree=True upper=2126.48944713  CERT
204171312,0,1 RHO mem=True nz=True ynz=True cond=True claim_agree=True upper=0.957265714737  CERT
204171312,0,1 T   mem=True nz=True ynz=True cond=True claim_agree=True upper=2950.26218347  CERT
282658891,0,1 RHO mem=True nz=True ynz=True cond=True claim_agree=True upper=0.928078712121  CERT
282658891,0,1 T   mem=True nz=True ynz=True cond=True claim_agree=True upper=2092.46827629  CERT
355317406,0,1 RHO mem=True nz=True ynz=True cond=True claim_agree=True upper=0.936337356194  CERT
355317406,0,1 T   mem=True nz=True ynz=True cond=True claim_agree=True upper=2291.05768841  CERT
393439762,0,1 RHO mem=True nz=True ynz=True cond=True claim_agree=True upper=0.908998183878  CERT
393439762,0,1 T   mem=True nz=True ynz=True cond=True claim_agree=True upper=2471.84590377  CERT
397989844,0,1 RHO mem=True nz=True ynz=True cond=True claim_agree=True upper=0.970098641098  CERT
397989844,0,1 T   mem=True nz=True ynz=True cond=True claim_agree=True upper=2517.64863669  CERT
444065425,0,1 RHO mem=True nz=True ynz=True cond=True claim_agree=True upper=0.935023547505  CERT
444065425,0,1 T   mem=True nz=True ynz=True cond=True claim_agree=True upper=2520.14708533  CERT
447585062,0,1 RHO mem=True nz=True ynz=True cond=True claim_agree=True upper=0.973100052884  CERT
447585062,0,1 T   mem=True nz=True ynz=True cond=True claim_agree=True upper=2857.56079516  CERT
455429013,0,1 RHO mem=True nz=True ynz=True cond=True claim_agree=True upper=0.957101832112  CERT
455429013,0,1 T   mem=True nz=True ynz=True cond=True claim_agree=True upper=2588.25936580  CERT
463861196,0,1 RHO mem=True nz=True ynz=True cond=True claim_agree=True upper=0.957265714737  CERT
463861196,0,1 T   mem=True nz=True ynz=True cond=True claim_agree=True upper=2392.43966595  CERT
473878637,0,1 RHO mem=True nz=True ynz=True cond=True claim_agree=True upper=0.936337356194  CERT
473878637,0,1 T   mem=True nz=True ynz=True cond=True claim_agree=True upper=2627.21115167  CERT
485011942,0,1 RHO mem=True nz=True ynz=True cond=True claim_agree=True upper=0.938620160800  CERT
485011942,0,1 T   mem=True nz=True ynz=True cond=True claim_agree=True upper=2417.26540167  CERT
516214875,0,1 RHO mem=True nz=True ynz=True cond=True claim_agree=True upper=0.908998183878  CERT
516214875,0,1 T   mem=True nz=True ynz=True cond=True claim_agree=True upper=2056.97565110  CERT
527348180,0,1 RHO mem=True nz=True ynz=True cond=True claim_agree=True upper=0.935759116773  CERT
527348180,0,1 T   mem=True nz=True ynz=True cond=True claim_agree=True upper=2535.29739548  CERT
537365621,0,1 RHO mem=True nz=True ynz=True cond=True claim_agree=True upper=0.925458779146  CERT
537365621,0,1 T   mem=True nz=True ynz=True cond=True claim_agree=True upper=2971.48444066  CERT
545797804,0,1 RHO mem=True nz=True ynz=True cond=True claim_agree=True upper=0.900940692614  CERT
545797804,0,1 T   mem=True nz=True ynz=True cond=True claim_agree=True upper=3191.62077212  CERT
553641755,0,1 RHO mem=True nz=True ynz=True cond=True claim_agree=True upper=0.917116934245  CERT
553641755,0,1 T   mem=True nz=True ynz=True cond=True claim_agree=True upper=2465.36629519  CERT
557161392,0,1 RHO mem=True nz=True ynz=True cond=True claim_agree=True upper=0.928684383666  CERT
557161392,0,1 T   mem=True nz=True ynz=True cond=True claim_agree=True upper=2701.31460088  CERT
603236973,0,1 RHO mem=True nz=True ynz=True cond=True claim_agree=True upper=0.881192129944  CERT
603236973,0,1 T   mem=True nz=True ynz=True cond=True claim_agree=True upper=2820.86626302  CERT
607787055,0,1 RHO mem=True nz=True ynz=True cond=True claim_agree=True upper=0.938620160800  CERT
607787055,0,1 T   mem=True nz=True ynz=True cond=True claim_agree=True upper=2323.31375964  CERT
645909411,0,1 RHO mem=True nz=True ynz=True cond=True claim_agree=True upper=0.951294481485  CERT
645909411,0,1 T   mem=True nz=True ynz=True cond=True claim_agree=True upper=2438.50597845  CERT
718567926,0,1 RHO mem=True nz=True ynz=True cond=True claim_agree=True upper=0.924592858100  CERT
718567926,0,1 T   mem=True nz=True ynz=True cond=True claim_agree=True upper=2399.83814509  CERT
797055505,0,1 RHO mem=True nz=True ynz=True cond=True claim_agree=True upper=0.925458779146  CERT
797055505,0,1 T   mem=True nz=True ynz=True cond=True claim_agree=True upper=2469.85976928  CERT
902090468,0,1 RHO mem=True nz=True ynz=True cond=True claim_agree=True upper=0.881192129944  CERT
902090468,0,1 T   mem=True nz=True ynz=True cond=True claim_agree=True upper=2440.06339067  CERT
907000147,0,1 RHO mem=True nz=True ynz=True cond=True claim_agree=True upper=0.973100052884  CERT
907000147,0,1 T   mem=True nz=True ynz=True cond=True claim_agree=True upper=2561.00456010  CERT
923605299,0,1 RHO mem=True nz=True ynz=True cond=True claim_agree=True upper=0.928684383666  CERT
923605299,0,1 T   mem=True nz=True ynz=True cond=True claim_agree=True upper=2050.33231355  CERT
980735373,0,1 RHO mem=True nz=True ynz=True cond=True claim_agree=True upper=0.900940692614  CERT
980735373,0,1 T   mem=True nz=True ynz=True cond=True claim_agree=True upper=2755.72329307  CERT
997753847,0,1 RHO mem=True nz=True ynz=True cond=True claim_agree=True upper=0.928078712121  CERT
997753847,0,1 T   mem=True nz=True ynz=True cond=True claim_agree=True upper=3113.05616836  CERT
FAMILY VERIFY n=7 l=1001226817 : EXCLUDED (components certified 32 / 32 ; lines 64 ; failed lines 0)
FAMILY VERIFY PASS
