FACTORIZATION: 32 irreducible factors of degree 2 over F_1001188801: OK (header deg/ncomp/bar_T agree)
13337986,0,1 RHO mem=True nz=True ynz=True cond=True claim_agree=True upper=0.988849775737  CERT
13337986,0,1 T   mem=True nz=True ynz=True cond=True claim_agree=True upper=2739.74276123  CERT
99747107,0,1 RHO mem=True nz=True ynz=True cond=True claim_agree=True upper=0.949340758697  CERT
99747107,0,1 T   mem=True nz=True ynz=True cond=True claim_agree=True upper=2706.41231090  CERT
194532017,0,1 RHO mem=True nz=True ynz=True cond=True claim_agree=True upper=0.949667734847  CERT
194532017,0,1 T   mem=True nz=True ynz=True cond=True claim_agree=True upper=2981.97841566  CERT
196242587,0,1 RHO mem=True nz=True ynz=True cond=True claim_agree=True upper=0.974845217134  CERT
196242587,0,1 T   mem=True nz=True ynz=True cond=True claim_agree=True upper=2622.73170274  CERT
225516785,0,1 RHO mem=True nz=True ynz=True cond=True claim_agree=True upper=0.949667734847  CERT
225516785,0,1 T   mem=True nz=True ynz=True cond=True claim_agree=True upper=2682.87895233  CERT
231075637,0,1 RHO mem=True nz=True ynz=True cond=True claim_agree=True upper=0.949340758697  CERT
231075637,0,1 T   mem=True nz=True ynz=True cond=True claim_agree=True upper=1982.10963347  CERT
294631946,0,1 RHO mem=True nz=True ynz=True cond=True claim_agree=True upper=0.930714292084  CERT
294631946,0,1 T   mem=True nz=True ynz=True cond=True claim_agree=True upper=2675.65211249  CERT
323482979,0,1 RHO mem=True nz=True ynz=True cond=True claim_agree=True upper=0.960062234786  CERT
323482979,0,1 T   mem=True nz=True ynz=True cond=True claim_agree=True upper=2459.52489406  CERT
335849954,0,1 RHO mem=True nz=True ynz=True cond=True claim_agree=True upper=0.988849775737  CERT
335849954,0,1 T   mem=True nz=True ynz=True cond=True claim_agree=True upper=2924.72603279  CERT
336474761,0,1 RHO mem=True nz=True ynz=True cond=True claim_agree=True upper=0.960062234786  CERT
336474761,0,1 T   mem=True nz=True ynz=True cond=True claim_agree=True upper=2449.33281027  CERT
370494987,0,1 RHO mem=True nz=True ynz=True cond=True claim_agree=True upper=0.969763995707  CERT
370494987,0,1 T   mem=True nz=True ynz=True cond=True claim_agree=True upper=3404.38682227  CERT
386693419,0,1 RHO mem=True nz=True ynz=True cond=True claim_agree=True upper=0.967448723228  CERT
386693419,0,1 T   mem=True nz=True ynz=True cond=True claim_agree=True upper=2701.34140910  CERT
468627214,0,1 RHO mem=True nz=True ynz=True cond=True claim_agree=True upper=0.958739283423  CERT
468627214,0,1 T   mem=True nz=True ynz=True cond=True claim_agree=True upper=2503.59005987  CERT
474322949,0,1 RHO mem=True nz=True ynz=True cond=True claim_agree=True upper=0.992441661766  CERT
474322949,0,1 T   mem=True nz=True ynz=True cond=True claim_agree=True upper=2831.41106235  CERT
490467763,0,1 RHO mem=True nz=True ynz=True cond=True claim_agree=True upper=0.969763995707  CERT
490467763,0,1 T   mem=True nz=True ynz=True cond=True claim_agree=True upper=2243.22685911  CERT
498592350,0,1 RHO mem=True nz=True ynz=True cond=True claim_agree=True upper=0.967448723228  CERT
498592350,0,1 T   mem=True nz=True ynz=True cond=True claim_agree=True upper=2462.05117850  CERT
502596451,0,1 RHO mem=True nz=True ynz=True cond=True claim_agree=True upper=0.961149319481  CERT
502596451,0,1 T   mem=True nz=True ynz=True cond=True claim_agree=True upper=2436.65246562  CERT
510721038,0,1 RHO mem=True nz=True ynz=True cond=True claim_agree=True upper=0.966730255026  CERT
510721038,0,1 T   mem=True nz=True ynz=True cond=True claim_agree=True upper=2882.66062254  CERT
526865852,0,1 RHO mem=True nz=True ynz=True cond=True claim_agree=True upper=0.930714292084  CERT
526865852,0,1 T   mem=True nz=True ynz=True cond=True claim_agree=True upper=2654.39794383  CERT
532561587,0,1 RHO mem=True nz=True ynz=True cond=True claim_agree=True upper=0.974845217134  CERT
532561587,0,1 T   mem=True nz=True ynz=True cond=True claim_agree=True upper=2974.16149383  CERT
614495382,0,1 RHO mem=True nz=True ynz=True cond=True claim_agree=True upper=0.961149319481  CERT
614495382,0,1 T   mem=True nz=True ynz=True cond=True claim_agree=True upper=2665.49110927  CERT
630693814,0,1 RHO mem=True nz=True ynz=True cond=True claim_agree=True upper=0.966730255026  CERT
630693814,0,1 T   mem=True nz=True ynz=True cond=True claim_agree=True upper=2488.28034041  CERT
664714040,0,1 RHO mem=True nz=True ynz=True cond=True claim_agree=True upper=0.966244222989  CERT
664714040,0,1 T   mem=True nz=True ynz=True cond=True claim_agree=True upper=2651.47059880  CERT
665338847,0,1 RHO mem=True nz=True ynz=True cond=True claim_agree=True upper=0.949241958279  CERT
665338847,0,1 T   mem=True nz=True ynz=True cond=True claim_agree=True upper=2083.04809548  CERT
677705822,0,1 RHO mem=True nz=True ynz=True cond=True claim_agree=True upper=0.966244222989  CERT
677705822,0,1 T   mem=True nz=True ynz=True cond=True claim_agree=True upper=2774.10888941  CERT
706556855,0,1 RHO mem=True nz=True ynz=True cond=True claim_agree=True upper=0.992441661766  CERT
706556855,0,1 T   mem=True nz=True ynz=True cond=True claim_agree=True upper=2649.61744044  CERT
770113164,0,1 RHO mem=True nz=True ynz=True cond=True claim_agree=True upper=0.954980523930  CERT
770113164,0,1 T   mem=True nz=True ynz=True cond=True claim_agree=True upper=2319.24318969  CERT
775672016,0,1 RHO mem=True nz=True ynz=True cond=True claim_agree=True upper=0.991569785540  CERT
775672016,0,1 T   mem=True nz=True ynz=True cond=True claim_agree=True upper=2719.41675863  CERT
804946214,0,1 RHO mem=True nz=True ynz=True cond=True claim_agree=True upper=0.958739283423  CERT
804946214,0,1 T   mem=True nz=True ynz=True cond=True claim_agree=True upper=2613.08322823  CERT
806656784,0,1 RHO mem=True nz=True ynz=True cond=True claim_agree=True upper=0.991569785540  CERT
806656784,0,1 T   mem=True nz=True ynz=True cond=True claim_agree=True upper=2561.75109637  CERT
901441694,0,1 RHO mem=True nz=True ynz=True cond=True claim_agree=True upper=0.954980523930  CERT
901441694,0,1 T   mem=True nz=True ynz=True cond=True claim_agree=True upper=3048.38805322  CERT
987850815,0,1 RHO mem=True nz=True ynz=True cond=True claim_agree=True upper=0.949241958279  CERT
987850815,0,1 T   mem=True nz=True ynz=True cond=True claim_agree=True upper=1823.31599081  CERT
FAMILY VERIFY n=7 l=1001188801 : EXCLUDED (components certified 32 / 32 ; lines 64 ; failed lines 0)
FAMILY VERIFY PASS
