FACTORIZATION: 32 irreducible factors of degree 2 over F_1000400321: OK (header deg/ncomp/bar_T agree)
14339849,0,1 RHO mem=True nz=True ynz=True cond=True claim_agree=True upper=0.905922867713  CERT
14339849,0,1 T   mem=True nz=True ynz=True cond=True claim_agree=True upper=2201.47275083  CERT
50733223,0,1 RHO mem=True nz=True ynz=True cond=True claim_agree=True upper=0.914922491753  CERT
50733223,0,1 T   mem=True nz=True ynz=True cond=True claim_agree=True upper=2241.49114077  CERT
60414114,0,1 RHO mem=True nz=True ynz=True cond=True claim_agree=True upper=0.910829683746  CERT
60414114,0,1 T   mem=True nz=True ynz=True cond=True claim_agree=True upper=1812.13206193  CERT
92061429,0,1 RHO mem=True nz=True ynz=True cond=True claim_agree=True upper=0.940199360167  CERT
92061429,0,1 T   mem=True nz=True ynz=True cond=True claim_agree=True upper=2054.07151204  CERT
125350586,0,1 RHO mem=True nz=True ynz=True cond=True claim_agree=True upper=0.924174569848  CERT
125350586,0,1 T   mem=True nz=True ynz=True cond=True claim_agree=True upper=1804.96115956  CERT
156047922,0,1 RHO mem=True nz=True ynz=True cond=True claim_agree=True upper=0.914411285994  CERT
156047922,0,1 T   mem=True nz=True ynz=True cond=True claim_agree=True upper=2715.23720204  CERT
224920960,0,1 RHO mem=True nz=True ynz=True cond=True claim_agree=True upper=0.914922491753  CERT
224920960,0,1 T   mem=True nz=True ynz=True cond=True claim_agree=True upper=2320.94804099  CERT
282311659,0,1 RHO mem=True nz=True ynz=True cond=True claim_agree=True upper=0.925414589295  CERT
282311659,0,1 T   mem=True nz=True ynz=True cond=True claim_agree=True upper=2588.03697068  CERT
296515585,0,1 RHO mem=True nz=True ynz=True cond=True claim_agree=True upper=0.924174569848  CERT
296515585,0,1 T   mem=True nz=True ynz=True cond=True claim_agree=True upper=1982.72940891  CERT
300070024,0,1 RHO mem=True nz=True ynz=True cond=True claim_agree=True upper=0.916985591325  CERT
300070024,0,1 T   mem=True nz=True ynz=True cond=True claim_agree=True upper=1774.89475623  CERT
327287923,0,1 RHO mem=True nz=True ynz=True cond=True claim_agree=True upper=0.925315881781  CERT
327287923,0,1 T   mem=True nz=True ynz=True cond=True claim_agree=True upper=2987.70461838  CERT
329612006,0,1 RHO mem=True nz=True ynz=True cond=True claim_agree=True upper=0.930313861868  CERT
329612006,0,1 T   mem=True nz=True ynz=True cond=True claim_agree=True upper=2508.03532783  CERT
338412271,0,1 RHO mem=True nz=True ynz=True cond=True claim_agree=True upper=0.916985591325  CERT
338412271,0,1 T   mem=True nz=True ynz=True cond=True claim_agree=True upper=2489.87026866  CERT
370217564,0,1 RHO mem=True nz=True ynz=True cond=True claim_agree=True upper=0.925315881781  CERT
370217564,0,1 T   mem=True nz=True ynz=True cond=True claim_agree=True upper=2571.60630464  CERT
410050674,0,1 RHO mem=True nz=True ynz=True cond=True claim_agree=True upper=0.940199360167  CERT
410050674,0,1 T   mem=True nz=True ynz=True cond=True claim_agree=True upper=2396.65840969  CERT
425600449,0,1 RHO mem=True nz=True ynz=True cond=True claim_agree=True upper=0.910829683746  CERT
425600449,0,1 T   mem=True nz=True ynz=True cond=True claim_agree=True upper=2101.86786281  CERT
574799872,0,1 RHO mem=True nz=True ynz=True cond=True claim_agree=True upper=0.892676658230  CERT
574799872,0,1 T   mem=True nz=True ynz=True cond=True claim_agree=True upper=2312.75818210  CERT
590349647,0,1 RHO mem=True nz=True ynz=True cond=True claim_agree=True upper=0.893481273231  CERT
590349647,0,1 T   mem=True nz=True ynz=True cond=True claim_agree=True upper=1677.44724283  CERT
630182757,0,1 RHO mem=True nz=True ynz=True cond=True claim_agree=True upper=0.906266196847  CERT
630182757,0,1 T   mem=True nz=True ynz=True cond=True claim_agree=True upper=2022.14541475  CERT
661988050,0,1 RHO mem=True nz=True ynz=True cond=True claim_agree=True upper=0.957374675055  CERT
661988050,0,1 T   mem=True nz=True ynz=True cond=True claim_agree=True upper=2297.66435064  CERT
670788315,0,1 RHO mem=True nz=True ynz=True cond=True claim_agree=True upper=0.905922867713  CERT
670788315,0,1 T   mem=True nz=True ynz=True cond=True claim_agree=True upper=2439.38294401  CERT
673112398,0,1 RHO mem=True nz=True ynz=True cond=True claim_agree=True upper=0.906266196847  CERT
673112398,0,1 T   mem=True nz=True ynz=True cond=True claim_agree=True upper=2336.51169219  CERT
700330297,0,1 RHO mem=True nz=True ynz=True cond=True claim_agree=True upper=0.957374675055  CERT
700330297,0,1 T   mem=True nz=True ynz=True cond=True claim_agree=True upper=2414.86877907  CERT
703884736,0,1 RHO mem=True nz=True ynz=True cond=True claim_agree=True upper=0.938861319668  CERT
703884736,0,1 T   mem=True nz=True ynz=True cond=True claim_agree=True upper=2538.60686785  CERT
718088662,0,1 RHO mem=True nz=True ynz=True cond=True claim_agree=True upper=0.914411285994  CERT
718088662,0,1 T   mem=True nz=True ynz=True cond=True claim_agree=True upper=1648.82602701  CERT
775479361,0,1 RHO mem=True nz=True ynz=True cond=True claim_agree=True upper=0.894433121218  CERT
775479361,0,1 T   mem=True nz=True ynz=True cond=True claim_agree=True upper=1397.39877158  CERT
844352399,0,1 RHO mem=True nz=True ynz=True cond=True claim_agree=True upper=0.925414589295  CERT
844352399,0,1 T   mem=True nz=True ynz=True cond=True claim_agree=True upper=2323.70770733  CERT
875049735,0,1 RHO mem=True nz=True ynz=True cond=True claim_agree=True upper=0.938861319668  CERT
875049735,0,1 T   mem=True nz=True ynz=True cond=True claim_agree=True upper=2506.72703852  CERT
908338892,0,1 RHO mem=True nz=True ynz=True cond=True claim_agree=True upper=0.893481273231  CERT
908338892,0,1 T   mem=True nz=True ynz=True cond=True claim_agree=True upper=2030.57818529  CERT
939986207,0,1 RHO mem=True nz=True ynz=True cond=True claim_agree=True upper=0.892676658230  CERT
939986207,0,1 T   mem=True nz=True ynz=True cond=True claim_agree=True upper=2626.38558673  CERT
949667098,0,1 RHO mem=True nz=True ynz=True cond=True claim_agree=True upper=0.894433121218  CERT
949667098,0,1 T   mem=True nz=True ynz=True cond=True claim_agree=True upper=1748.71281179  CERT
986060472,0,1 RHO mem=True nz=True ynz=True cond=True claim_agree=True upper=0.930313861868  CERT
986060472,0,1 T   mem=True nz=True ynz=True cond=True claim_agree=True upper=1882.82241732  CERT
FAMILY VERIFY n=7 l=1000400321 : EXCLUDED (components certified 32 / 32 ; lines 64 ; failed lines 0)
FAMILY VERIFY PASS
