FACTORIZATION: 32 irreducible factors of degree 2 over F_1001216833: OK (header deg/ncomp/bar_T agree)
2353073,0,1 RHO mem=True nz=True ynz=True cond=True claim_agree=True upper=0.922497711156  CERT
2353073,0,1 T   mem=True nz=True ynz=True cond=True claim_agree=True upper=2075.53720175  CERT
35838451,0,1 RHO mem=True nz=True ynz=True cond=True claim_agree=True upper=0.899156455046  CERT
35838451,0,1 T   mem=True nz=True ynz=True cond=True claim_agree=True upper=2107.46220174  CERT
65494336,0,1 RHO mem=True nz=True ynz=True cond=True claim_agree=True upper=0.929815867533  CERT
65494336,0,1 T   mem=True nz=True ynz=True cond=True claim_agree=True upper=1965.84510935  CERT
90093951,0,1 RHO mem=True nz=True ynz=True cond=True claim_agree=True upper=0.886459856219  CERT
90093951,0,1 T   mem=True nz=True ynz=True cond=True claim_agree=True upper=1523.32561522  CERT
112747878,0,1 RHO mem=True nz=True ynz=True cond=True claim_agree=True upper=0.913124605649  CERT
112747878,0,1 T   mem=True nz=True ynz=True cond=True claim_agree=True upper=2181.57848450  CERT
138856897,0,1 RHO mem=True nz=True ynz=True cond=True claim_agree=True upper=0.931999842530  CERT
138856897,0,1 T   mem=True nz=True ynz=True cond=True claim_agree=True upper=2676.50684036  CERT
141138342,0,1 RHO mem=True nz=True ynz=True cond=True claim_agree=True upper=0.898337241313  CERT
141138342,0,1 T   mem=True nz=True ynz=True cond=True claim_agree=True upper=1761.41331883  CERT
166923187,0,1 RHO mem=True nz=True ynz=True cond=True claim_agree=True upper=0.886459856219  CERT
166923187,0,1 T   mem=True nz=True ynz=True cond=True claim_agree=True upper=1960.36776123  CERT
209112804,0,1 RHO mem=True nz=True ynz=True cond=True claim_agree=True upper=0.937099064213  CERT
209112804,0,1 T   mem=True nz=True ynz=True cond=True claim_agree=True upper=1959.82327637  CERT
349152102,0,1 RHO mem=True nz=True ynz=True cond=True claim_agree=True upper=0.913071157597  CERT
349152102,0,1 T   mem=True nz=True ynz=True cond=True claim_agree=True upper=1993.75962019  CERT
366986646,0,1 RHO mem=True nz=True ynz=True cond=True claim_agree=True upper=0.929815867533  CERT
366986646,0,1 T   mem=True nz=True ynz=True cond=True claim_agree=True upper=2530.98389384  CERT
396774694,0,1 RHO mem=True nz=True ynz=True cond=True claim_agree=True upper=0.925543595813  CERT
396774694,0,1 T   mem=True nz=True ynz=True cond=True claim_agree=True upper=2023.58534433  CERT
402149721,0,1 RHO mem=True nz=True ynz=True cond=True claim_agree=True upper=0.937099064213  CERT
402149721,0,1 T   mem=True nz=True ynz=True cond=True claim_agree=True upper=2528.98956086  CERT
445081530,0,1 RHO mem=True nz=True ynz=True cond=True claim_agree=True upper=0.898337241313  CERT
445081530,0,1 T   mem=True nz=True ynz=True cond=True claim_agree=True upper=1976.39849790  CERT
472045396,0,1 RHO mem=True nz=True ynz=True cond=True claim_agree=True upper=0.925060398922  CERT
472045396,0,1 T   mem=True nz=True ynz=True cond=True claim_agree=True upper=1846.55315050  CERT
491091021,0,1 RHO mem=True nz=True ynz=True cond=True claim_agree=True upper=0.903327546678  CERT
491091021,0,1 T   mem=True nz=True ynz=True cond=True claim_agree=True upper=3454.29007790  CERT
510125812,0,1 RHO mem=True nz=True ynz=True cond=True claim_agree=True upper=0.913071157597  CERT
510125812,0,1 T   mem=True nz=True ynz=True cond=True claim_agree=True upper=3065.96385336  CERT
529171437,0,1 RHO mem=True nz=True ynz=True cond=True claim_agree=True upper=0.913124605649  CERT
529171437,0,1 T   mem=True nz=True ynz=True cond=True claim_agree=True upper=2067.13737463  CERT
556135303,0,1 RHO mem=True nz=True ynz=True cond=True claim_agree=True upper=0.947065826336  CERT
556135303,0,1 T   mem=True nz=True ynz=True cond=True claim_agree=True upper=2108.66638067  CERT
599067112,0,1 RHO mem=True nz=True ynz=True cond=True claim_agree=True upper=0.914732526787  CERT
599067112,0,1 T   mem=True nz=True ynz=True cond=True claim_agree=True upper=2604.61468544  CERT
604442139,0,1 RHO mem=True nz=True ynz=True cond=True claim_agree=True upper=0.931999842530  CERT
604442139,0,1 T   mem=True nz=True ynz=True cond=True claim_agree=True upper=2208.44554304  CERT
634230187,0,1 RHO mem=True nz=True ynz=True cond=True claim_agree=True upper=0.885988029752  CERT
634230187,0,1 T   mem=True nz=True ynz=True cond=True claim_agree=True upper=2821.44095397  CERT
652064731,0,1 RHO mem=True nz=True ynz=True cond=True claim_agree=True upper=0.903327546678  CERT
652064731,0,1 T   mem=True nz=True ynz=True cond=True claim_agree=True upper=1928.09890934  CERT
792104029,0,1 RHO mem=True nz=True ynz=True cond=True claim_agree=True upper=0.914732526787  CERT
792104029,0,1 T   mem=True nz=True ynz=True cond=True claim_agree=True upper=2239.61880253  CERT
834293646,0,1 RHO mem=True nz=True ynz=True cond=True claim_agree=True upper=0.933901784923  CERT
834293646,0,1 T   mem=True nz=True ynz=True cond=True claim_agree=True upper=2796.65663406  CERT
860078491,0,1 RHO mem=True nz=True ynz=True cond=True claim_agree=True upper=0.947065826336  CERT
860078491,0,1 T   mem=True nz=True ynz=True cond=True claim_agree=True upper=2720.38291519  CERT
862359936,0,1 RHO mem=True nz=True ynz=True cond=True claim_agree=True upper=0.925543595813  CERT
862359936,0,1 T   mem=True nz=True ynz=True cond=True claim_agree=True upper=3365.25736630  CERT
888468955,0,1 RHO mem=True nz=True ynz=True cond=True claim_agree=True upper=0.925060398922  CERT
888468955,0,1 T   mem=True nz=True ynz=True cond=True claim_agree=True upper=2566.25409016  CERT
911122882,0,1 RHO mem=True nz=True ynz=True cond=True claim_agree=True upper=0.933901784923  CERT
911122882,0,1 T   mem=True nz=True ynz=True cond=True claim_agree=True upper=2023.16432390  CERT
935722497,0,1 RHO mem=True nz=True ynz=True cond=True claim_agree=True upper=0.885988029752  CERT
935722497,0,1 T   mem=True nz=True ynz=True cond=True claim_agree=True upper=2362.75358415  CERT
965378382,0,1 RHO mem=True nz=True ynz=True cond=True claim_agree=True upper=0.922497711156  CERT
965378382,0,1 T   mem=True nz=True ynz=True cond=True claim_agree=True upper=2488.70116700  CERT
998863760,0,1 RHO mem=True nz=True ynz=True cond=True claim_agree=True upper=0.899156455046  CERT
998863760,0,1 T   mem=True nz=True ynz=True cond=True claim_agree=True upper=1721.22377759  CERT
FAMILY VERIFY n=7 l=1001216833 : EXCLUDED (components certified 32 / 32 ; lines 64 ; failed lines 0)
FAMILY VERIFY PASS
