FACTORIZATION: 32 irreducible factors of degree 2 over F_1000187329: OK (header deg/ncomp/bar_T agree)
28005324,0,1 RHO mem=True nz=True ynz=True cond=True claim_agree=True upper=0.936835768532  CERT
28005324,0,1 T   mem=True nz=True ynz=True cond=True claim_agree=True upper=2259.16150129  CERT
65390652,0,1 RHO mem=True nz=True ynz=True cond=True claim_agree=True upper=0.934592367658  CERT
65390652,0,1 T   mem=True nz=True ynz=True cond=True claim_agree=True upper=1979.07639996  CERT
91530419,0,1 RHO mem=True nz=True ynz=True cond=True claim_agree=True upper=0.936679447393  CERT
91530419,0,1 T   mem=True nz=True ynz=True cond=True claim_agree=True upper=2086.80189849  CERT
97393476,0,1 RHO mem=True nz=True ynz=True cond=True claim_agree=True upper=0.905853982289  CERT
97393476,0,1 T   mem=True nz=True ynz=True cond=True claim_agree=True upper=2124.63588934  CERT
148595190,0,1 RHO mem=True nz=True ynz=True cond=True claim_agree=True upper=0.930267837647  CERT
148595190,0,1 T   mem=True nz=True ynz=True cond=True claim_agree=True upper=2062.12968993  CERT
151340975,0,1 RHO mem=True nz=True ynz=True cond=True claim_agree=True upper=0.945245129729  CERT
151340975,0,1 T   mem=True nz=True ynz=True cond=True claim_agree=True upper=2539.54600896  CERT
152983711,0,1 RHO mem=True nz=True ynz=True cond=True claim_agree=True upper=0.949465998447  CERT
152983711,0,1 T   mem=True nz=True ynz=True cond=True claim_agree=True upper=2540.61615646  CERT
160020072,0,1 RHO mem=True nz=True ynz=True cond=True claim_agree=True upper=0.895785315466  CERT
160020072,0,1 T   mem=True nz=True ynz=True cond=True claim_agree=True upper=2506.17314300  CERT
224637494,0,1 RHO mem=True nz=True ynz=True cond=True claim_agree=True upper=0.947249770261  CERT
224637494,0,1 T   mem=True nz=True ynz=True cond=True claim_agree=True upper=2818.21979176  CERT
244783724,0,1 RHO mem=True nz=True ynz=True cond=True claim_agree=True upper=0.927709239705  CERT
244783724,0,1 T   mem=True nz=True ynz=True cond=True claim_agree=True upper=2772.22880255  CERT
265405542,0,1 RHO mem=True nz=True ynz=True cond=True claim_agree=True upper=0.906552177840  CERT
265405542,0,1 T   mem=True nz=True ynz=True cond=True claim_agree=True upper=1866.80201134  CERT
318742692,0,1 RHO mem=True nz=True ynz=True cond=True claim_agree=True upper=0.914417394824  CERT
318742692,0,1 T   mem=True nz=True ynz=True cond=True claim_agree=True upper=2419.80166648  CERT
347376041,0,1 RHO mem=True nz=True ynz=True cond=True claim_agree=True upper=0.930267837647  CERT
347376041,0,1 T   mem=True nz=True ynz=True cond=True claim_agree=True upper=2068.96825344  CERT
414606194,0,1 RHO mem=True nz=True ynz=True cond=True claim_agree=True upper=0.914417394824  CERT
414606194,0,1 T   mem=True nz=True ynz=True cond=True claim_agree=True upper=1386.87842829  CERT
447075578,0,1 RHO mem=True nz=True ynz=True cond=True claim_agree=True upper=0.925582623624  CERT
447075578,0,1 T   mem=True nz=True ynz=True cond=True claim_agree=True upper=2391.92596365  CERT
498138064,0,1 RHO mem=True nz=True ynz=True cond=True claim_agree=True upper=0.914444905800  CERT
498138064,0,1 T   mem=True nz=True ynz=True cond=True claim_agree=True upper=1994.16471172  CERT
502049265,0,1 RHO mem=True nz=True ynz=True cond=True claim_agree=True upper=0.906552177840  CERT
502049265,0,1 T   mem=True nz=True ynz=True cond=True claim_agree=True upper=2323.98663576  CERT
553111751,0,1 RHO mem=True nz=True ynz=True cond=True claim_agree=True upper=0.949465998447  CERT
553111751,0,1 T   mem=True nz=True ynz=True cond=True claim_agree=True upper=2308.90550296  CERT
585581135,0,1 RHO mem=True nz=True ynz=True cond=True claim_agree=True upper=0.953564007725  CERT
585581135,0,1 T   mem=True nz=True ynz=True cond=True claim_agree=True upper=2038.76927113  CERT
652811288,0,1 RHO mem=True nz=True ynz=True cond=True claim_agree=True upper=0.930280441374  CERT
652811288,0,1 T   mem=True nz=True ynz=True cond=True claim_agree=True upper=2620.77907844  CERT
681444637,0,1 RHO mem=True nz=True ynz=True cond=True claim_agree=True upper=0.953564007725  CERT
681444637,0,1 T   mem=True nz=True ynz=True cond=True claim_agree=True upper=2201.38187869  CERT
734781787,0,1 RHO mem=True nz=True ynz=True cond=True claim_agree=True upper=0.914444905800  CERT
734781787,0,1 T   mem=True nz=True ynz=True cond=True claim_agree=True upper=2265.91174308  CERT
755403605,0,1 RHO mem=True nz=True ynz=True cond=True claim_agree=True upper=0.945245129729  CERT
755403605,0,1 T   mem=True nz=True ynz=True cond=True claim_agree=True upper=2649.40022492  CERT
775549835,0,1 RHO mem=True nz=True ynz=True cond=True claim_agree=True upper=0.934592367658  CERT
775549835,0,1 T   mem=True nz=True ynz=True cond=True claim_agree=True upper=2093.39366744  CERT
840167257,0,1 RHO mem=True nz=True ynz=True cond=True claim_agree=True upper=0.936679447393  CERT
840167257,0,1 T   mem=True nz=True ynz=True cond=True claim_agree=True upper=2404.82789603  CERT
847203618,0,1 RHO mem=True nz=True ynz=True cond=True claim_agree=True upper=0.925582623624  CERT
847203618,0,1 T   mem=True nz=True ynz=True cond=True claim_agree=True upper=2147.18666743  CERT
848846354,0,1 RHO mem=True nz=True ynz=True cond=True claim_agree=True upper=0.927709239705  CERT
848846354,0,1 T   mem=True nz=True ynz=True cond=True claim_agree=True upper=2662.70367751  CERT
851592139,0,1 RHO mem=True nz=True ynz=True cond=True claim_agree=True upper=0.930280441374  CERT
851592139,0,1 T   mem=True nz=True ynz=True cond=True claim_agree=True upper=2199.99978689  CERT
902793853,0,1 RHO mem=True nz=True ynz=True cond=True claim_agree=True upper=0.936835768532  CERT
902793853,0,1 T   mem=True nz=True ynz=True cond=True claim_agree=True upper=2651.21474134  CERT
908656910,0,1 RHO mem=True nz=True ynz=True cond=True claim_agree=True upper=0.895785315466  CERT
908656910,0,1 T   mem=True nz=True ynz=True cond=True claim_agree=True upper=2145.40586344  CERT
934796677,0,1 RHO mem=True nz=True ynz=True cond=True claim_agree=True upper=0.947249770261  CERT
934796677,0,1 T   mem=True nz=True ynz=True cond=True claim_agree=True upper=2402.81878141  CERT
972182005,0,1 RHO mem=True nz=True ynz=True cond=True claim_agree=True upper=0.905853982289  CERT
972182005,0,1 T   mem=True nz=True ynz=True cond=True claim_agree=True upper=2102.17118465  CERT
FAMILY VERIFY n=7 l=1000187329 : EXCLUDED (components certified 32 / 32 ; lines 64 ; failed lines 0)
FAMILY VERIFY PASS
