FACTORIZATION: 32 irreducible factors of degree 2 over F_1000731841: OK (header deg/ncomp/bar_T agree)
54079305,0,1 RHO mem=True nz=True ynz=True cond=True claim_agree=True upper=0.966572537447  CERT
54079305,0,1 T   mem=True nz=True ynz=True cond=True claim_agree=True upper=2459.99468667  CERT
88990772,0,1 RHO mem=True nz=True ynz=True cond=True claim_agree=True upper=0.937278367118  CERT
88990772,0,1 T   mem=True nz=True ynz=True cond=True claim_agree=True upper=2024.34637267  CERT
98931969,0,1 RHO mem=True nz=True ynz=True cond=True claim_agree=True upper=0.982779649153  CERT
98931969,0,1 T   mem=True nz=True ynz=True cond=True claim_agree=True upper=3112.56405775  CERT
101705089,0,1 RHO mem=True nz=True ynz=True cond=True claim_agree=True upper=0.923771273680  CERT
101705089,0,1 T   mem=True nz=True ynz=True cond=True claim_agree=True upper=2324.17120665  CERT
173968963,0,1 RHO mem=True nz=True ynz=True cond=True claim_agree=True upper=0.910912742815  CERT
173968963,0,1 T   mem=True nz=True ynz=True cond=True claim_agree=True upper=2270.50370544  CERT
235414720,0,1 RHO mem=True nz=True ynz=True cond=True claim_agree=True upper=0.950923786734  CERT
235414720,0,1 T   mem=True nz=True ynz=True cond=True claim_agree=True upper=2319.39223835  CERT
258029336,0,1 RHO mem=True nz=True ynz=True cond=True claim_agree=True upper=0.957423063126  CERT
258029336,0,1 T   mem=True nz=True ynz=True cond=True claim_agree=True upper=2648.68356980  CERT
276446407,0,1 RHO mem=True nz=True ynz=True cond=True claim_agree=True upper=0.922752224388  CERT
276446407,0,1 T   mem=True nz=True ynz=True cond=True claim_agree=True upper=2561.63388833  CERT
378260809,0,1 RHO mem=True nz=True ynz=True cond=True claim_agree=True upper=0.948967429870  CERT
378260809,0,1 T   mem=True nz=True ynz=True cond=True claim_agree=True upper=2758.47909366  CERT
388789310,0,1 RHO mem=True nz=True ynz=True cond=True claim_agree=True upper=0.932178875629  CERT
388789310,0,1 T   mem=True nz=True ynz=True cond=True claim_agree=True upper=1832.89863642  CERT
393058751,0,1 RHO mem=True nz=True ynz=True cond=True claim_agree=True upper=0.922752224388  CERT
393058751,0,1 T   mem=True nz=True ynz=True cond=True claim_agree=True upper=2706.77896172  CERT
438925157,0,1 RHO mem=True nz=True ynz=True cond=True claim_agree=True upper=0.915980185348  CERT
438925157,0,1 T   mem=True nz=True ynz=True cond=True claim_agree=True upper=1824.50394075  CERT
441471389,0,1 RHO mem=True nz=True ynz=True cond=True claim_agree=True upper=0.950026816119  CERT
441471389,0,1 T   mem=True nz=True ynz=True cond=True claim_agree=True upper=1972.53247512  CERT
442936933,0,1 RHO mem=True nz=True ynz=True cond=True claim_agree=True upper=0.966572537447  CERT
442936933,0,1 T   mem=True nz=True ynz=True cond=True claim_agree=True upper=2898.02579619  CERT
445412452,0,1 RHO mem=True nz=True ynz=True cond=True claim_agree=True upper=0.910912742815  CERT
445412452,0,1 T   mem=True nz=True ynz=True cond=True claim_agree=True upper=2411.33221538  CERT
485843363,0,1 RHO mem=True nz=True ynz=True cond=True claim_agree=True upper=0.932178875629  CERT
485843363,0,1 T   mem=True nz=True ynz=True cond=True claim_agree=True upper=2243.53511305  CERT
514888478,0,1 RHO mem=True nz=True ynz=True cond=True claim_agree=True upper=0.940137391817  CERT
514888478,0,1 T   mem=True nz=True ynz=True cond=True claim_agree=True upper=2249.62010128  CERT
555319389,0,1 RHO mem=True nz=True ynz=True cond=True claim_agree=True upper=0.953369515431  CERT
555319389,0,1 T   mem=True nz=True ynz=True cond=True claim_agree=True upper=2748.28804851  CERT
557794908,0,1 RHO mem=True nz=True ynz=True cond=True claim_agree=True upper=0.917874249003  CERT
557794908,0,1 T   mem=True nz=True ynz=True cond=True claim_agree=True upper=2619.99150758  CERT
559260452,0,1 RHO mem=True nz=True ynz=True cond=True claim_agree=True upper=0.937278367118  CERT
559260452,0,1 T   mem=True nz=True ynz=True cond=True claim_agree=True upper=2709.44275220  CERT
561806684,0,1 RHO mem=True nz=True ynz=True cond=True claim_agree=True upper=0.982779649153  CERT
561806684,0,1 T   mem=True nz=True ynz=True cond=True claim_agree=True upper=2603.11224243  CERT
607673090,0,1 RHO mem=True nz=True ynz=True cond=True claim_agree=True upper=0.945835269066  CERT
607673090,0,1 T   mem=True nz=True ynz=True cond=True claim_agree=True upper=2253.57471857  CERT
611942531,0,1 RHO mem=True nz=True ynz=True cond=True claim_agree=True upper=0.940137391817  CERT
611942531,0,1 T   mem=True nz=True ynz=True cond=True claim_agree=True upper=2108.29256933  CERT
622471032,0,1 RHO mem=True nz=True ynz=True cond=True claim_agree=True upper=0.950923786734  CERT
622471032,0,1 T   mem=True nz=True ynz=True cond=True claim_agree=True upper=2740.64233178  CERT
724285434,0,1 RHO mem=True nz=True ynz=True cond=True claim_agree=True upper=0.945835269066  CERT
724285434,0,1 T   mem=True nz=True ynz=True cond=True claim_agree=True upper=1847.05767517  CERT
742702505,0,1 RHO mem=True nz=True ynz=True cond=True claim_agree=True upper=0.923771273680  CERT
742702505,0,1 T   mem=True nz=True ynz=True cond=True claim_agree=True upper=2576.51344064  CERT
765317121,0,1 RHO mem=True nz=True ynz=True cond=True claim_agree=True upper=0.948967429870  CERT
765317121,0,1 T   mem=True nz=True ynz=True cond=True claim_agree=True upper=2556.56495169  CERT
826762878,0,1 RHO mem=True nz=True ynz=True cond=True claim_agree=True upper=0.953369515431  CERT
826762878,0,1 T   mem=True nz=True ynz=True cond=True claim_agree=True upper=2981.26050531  CERT
899026752,0,1 RHO mem=True nz=True ynz=True cond=True claim_agree=True upper=0.957423063126  CERT
899026752,0,1 T   mem=True nz=True ynz=True cond=True claim_agree=True upper=2420.32468667  CERT
901799872,0,1 RHO mem=True nz=True ynz=True cond=True claim_agree=True upper=0.915980185348  CERT
901799872,0,1 T   mem=True nz=True ynz=True cond=True claim_agree=True upper=2244.50191010  CERT
911741069,0,1 RHO mem=True nz=True ynz=True cond=True claim_agree=True upper=0.950026816119  CERT
911741069,0,1 T   mem=True nz=True ynz=True cond=True claim_agree=True upper=2180.46772650  CERT
946652536,0,1 RHO mem=True nz=True ynz=True cond=True claim_agree=True upper=0.917874249003  CERT
946652536,0,1 T   mem=True nz=True ynz=True cond=True claim_agree=True upper=2559.74693646  CERT
FAMILY VERIFY n=7 l=1000731841 : EXCLUDED (components certified 32 / 32 ; lines 64 ; failed lines 0)
FAMILY VERIFY PASS
