FACTORIZATION: 32 irreducible factors of degree 2 over F_1000501441: OK (header deg/ncomp/bar_T agree)
2586922,0,1 RHO mem=True nz=True ynz=True cond=True claim_agree=True upper=0.892280366302  CERT
2586922,0,1 T   mem=True nz=True ynz=True cond=True claim_agree=True upper=2242.52357716  CERT
8621794,0,1 RHO mem=True nz=True ynz=True cond=True claim_agree=True upper=0.898649624269  CERT
8621794,0,1 T   mem=True nz=True ynz=True cond=True claim_agree=True upper=3120.84173104  CERT
111690140,0,1 RHO mem=True nz=True ynz=True cond=True claim_agree=True upper=0.873215190082  CERT
111690140,0,1 T   mem=True nz=True ynz=True cond=True claim_agree=True upper=1564.74835385  CERT
113083925,0,1 RHO mem=True nz=True ynz=True cond=True claim_agree=True upper=0.908069036187  CERT
113083925,0,1 T   mem=True nz=True ynz=True cond=True claim_agree=True upper=1992.27334449  CERT
155009390,0,1 RHO mem=True nz=True ynz=True cond=True claim_agree=True upper=0.931468109717  CERT
155009390,0,1 T   mem=True nz=True ynz=True cond=True claim_agree=True upper=3299.91830621  CERT
188354732,0,1 RHO mem=True nz=True ynz=True cond=True claim_agree=True upper=0.931468109717  CERT
188354732,0,1 T   mem=True nz=True ynz=True cond=True claim_agree=True upper=2062.63970285  CERT
208163000,0,1 RHO mem=True nz=True ynz=True cond=True claim_agree=True upper=0.898649624269  CERT
208163000,0,1 T   mem=True nz=True ynz=True cond=True claim_agree=True upper=1849.45965310  CERT
261688037,0,1 RHO mem=True nz=True ynz=True cond=True claim_agree=True upper=0.941088347291  CERT
261688037,0,1 T   mem=True nz=True ynz=True cond=True claim_agree=True upper=2862.80696959  CERT
261808568,0,1 RHO mem=True nz=True ynz=True cond=True claim_agree=True upper=0.898261095295  CERT
261808568,0,1 T   mem=True nz=True ynz=True cond=True claim_agree=True upper=1592.09881607  CERT
316558082,0,1 RHO mem=True nz=True ynz=True cond=True claim_agree=True upper=0.908069036187  CERT
316558082,0,1 T   mem=True nz=True ynz=True cond=True claim_agree=True upper=2734.77492679  CERT
321811415,0,1 RHO mem=True nz=True ynz=True cond=True claim_agree=True upper=0.898261095295  CERT
321811415,0,1 T   mem=True nz=True ynz=True cond=True claim_agree=True upper=1902.35824434  CERT
367630645,0,1 RHO mem=True nz=True ynz=True cond=True claim_agree=True upper=0.873215190082  CERT
367630645,0,1 T   mem=True nz=True ynz=True cond=True claim_agree=True upper=1691.48999882  CERT
396700891,0,1 RHO mem=True nz=True ynz=True cond=True claim_agree=True upper=0.922827549633  CERT
396700891,0,1 T   mem=True nz=True ynz=True cond=True claim_agree=True upper=1986.15118241  CERT
410861383,0,1 RHO mem=True nz=True ynz=True cond=True claim_agree=True upper=0.932495712792  CERT
410861383,0,1 T   mem=True nz=True ynz=True cond=True claim_agree=True upper=3050.17002230  CERT
435778119,0,1 RHO mem=True nz=True ynz=True cond=True claim_agree=True upper=0.959567819127  CERT
435778119,0,1 T   mem=True nz=True ynz=True cond=True claim_agree=True upper=1922.05944518  CERT
478357717,0,1 RHO mem=True nz=True ynz=True cond=True claim_agree=True upper=0.932495712792  CERT
478357717,0,1 T   mem=True nz=True ynz=True cond=True claim_agree=True upper=2983.45943077  CERT
522143724,0,1 RHO mem=True nz=True ynz=True cond=True claim_agree=True upper=0.902396016393  CERT
522143724,0,1 T   mem=True nz=True ynz=True cond=True claim_agree=True upper=1871.67735914  CERT
564723322,0,1 RHO mem=True nz=True ynz=True cond=True claim_agree=True upper=0.892280366302  CERT
564723322,0,1 T   mem=True nz=True ynz=True cond=True claim_agree=True upper=2356.68967481  CERT
589640058,0,1 RHO mem=True nz=True ynz=True cond=True claim_agree=True upper=0.902396016393  CERT
589640058,0,1 T   mem=True nz=True ynz=True cond=True claim_agree=True upper=1649.87158523  CERT
603800550,0,1 RHO mem=True nz=True ynz=True cond=True claim_agree=True upper=0.941088347291  CERT
603800550,0,1 T   mem=True nz=True ynz=True cond=True claim_agree=True upper=1936.24119440  CERT
632870796,0,1 RHO mem=True nz=True ynz=True cond=True claim_agree=True upper=0.962392930626  CERT
632870796,0,1 T   mem=True nz=True ynz=True cond=True claim_agree=True upper=1833.96751665  CERT
678690026,0,1 RHO mem=True nz=True ynz=True cond=True claim_agree=True upper=0.971756368866  CERT
678690026,0,1 T   mem=True nz=True ynz=True cond=True claim_agree=True upper=1967.18425936  CERT
683943359,0,1 RHO mem=True nz=True ynz=True cond=True claim_agree=True upper=0.950003370877  CERT
683943359,0,1 T   mem=True nz=True ynz=True cond=True claim_agree=True upper=2994.06313616  CERT
738692873,0,1 RHO mem=True nz=True ynz=True cond=True claim_agree=True upper=0.971756368866  CERT
738692873,0,1 T   mem=True nz=True ynz=True cond=True claim_agree=True upper=3067.85071966  CERT
738813404,0,1 RHO mem=True nz=True ynz=True cond=True claim_agree=True upper=0.922827549633  CERT
738813404,0,1 T   mem=True nz=True ynz=True cond=True claim_agree=True upper=2392.04513581  CERT
792338441,0,1 RHO mem=True nz=True ynz=True cond=True claim_agree=True upper=0.959223561058  CERT
792338441,0,1 T   mem=True nz=True ynz=True cond=True claim_agree=True upper=2098.12722171  CERT
812146709,0,1 RHO mem=True nz=True ynz=True cond=True claim_agree=True upper=0.927671982120  CERT
812146709,0,1 T   mem=True nz=True ynz=True cond=True claim_agree=True upper=2337.90576845  CERT
845492051,0,1 RHO mem=True nz=True ynz=True cond=True claim_agree=True upper=0.927671982120  CERT
845492051,0,1 T   mem=True nz=True ynz=True cond=True claim_agree=True upper=2395.31985187  CERT
887417516,0,1 RHO mem=True nz=True ynz=True cond=True claim_agree=True upper=0.950003370877  CERT
887417516,0,1 T   mem=True nz=True ynz=True cond=True claim_agree=True upper=1856.63724413  CERT
888811301,0,1 RHO mem=True nz=True ynz=True cond=True claim_agree=True upper=0.962392930626  CERT
888811301,0,1 T   mem=True nz=True ynz=True cond=True claim_agree=True upper=2712.91042907  CERT
991879647,0,1 RHO mem=True nz=True ynz=True cond=True claim_agree=True upper=0.959223561058  CERT
991879647,0,1 T   mem=True nz=True ynz=True cond=True claim_agree=True upper=3005.78148017  CERT
997914519,0,1 RHO mem=True nz=True ynz=True cond=True claim_agree=True upper=0.959567819127  CERT
997914519,0,1 T   mem=True nz=True ynz=True cond=True claim_agree=True upper=2569.70675869  CERT
FAMILY VERIFY n=7 l=1000501441 : EXCLUDED (components certified 32 / 32 ; lines 64 ; failed lines 0)
FAMILY VERIFY PASS
