FACTORIZATION: 32 irreducible factors of degree 2 over F_1000091329: OK (header deg/ncomp/bar_T agree)
21177328,0,1 RHO mem=True nz=True ynz=True cond=True claim_agree=True upper=0.943378501029  CERT
21177328,0,1 T   mem=True nz=True ynz=True cond=True claim_agree=True upper=2167.78356629  CERT
28526888,0,1 RHO mem=True nz=True ynz=True cond=True claim_agree=True upper=0.905519298567  CERT
28526888,0,1 T   mem=True nz=True ynz=True cond=True claim_agree=True upper=1991.03056385  CERT
29056892,0,1 RHO mem=True nz=True ynz=True cond=True claim_agree=True upper=0.947539831526  CERT
29056892,0,1 T   mem=True nz=True ynz=True cond=True claim_agree=True upper=2603.35039476  CERT
45149509,0,1 RHO mem=True nz=True ynz=True cond=True claim_agree=True upper=0.939485939260  CERT
45149509,0,1 T   mem=True nz=True ynz=True cond=True claim_agree=True upper=2419.82638121  CERT
72866224,0,1 RHO mem=True nz=True ynz=True cond=True claim_agree=True upper=0.960961997021  CERT
72866224,0,1 T   mem=True nz=True ynz=True cond=True claim_agree=True upper=1798.69137567  CERT
134881353,0,1 RHO mem=True nz=True ynz=True cond=True claim_agree=True upper=0.947539831526  CERT
134881353,0,1 T   mem=True nz=True ynz=True cond=True claim_agree=True upper=2079.68596588  CERT
181970310,0,1 RHO mem=True nz=True ynz=True cond=True claim_agree=True upper=0.940748347262  CERT
181970310,0,1 T   mem=True nz=True ynz=True cond=True claim_agree=True upper=2261.27153380  CERT
225567774,0,1 RHO mem=True nz=True ynz=True cond=True claim_agree=True upper=0.905519298567  CERT
225567774,0,1 T   mem=True nz=True ynz=True cond=True claim_agree=True upper=2303.77081906  CERT
252152767,0,1 RHO mem=True nz=True ynz=True cond=True claim_agree=True upper=0.958823169678  CERT
252152767,0,1 T   mem=True nz=True ynz=True cond=True claim_agree=True upper=2166.98224507  CERT
262640998,0,1 RHO mem=True nz=True ynz=True cond=True claim_agree=True upper=0.995970229679  CERT
262640998,0,1 T   mem=True nz=True ynz=True cond=True claim_agree=True upper=2862.32834854  CERT
273407096,0,1 RHO mem=True nz=True ynz=True cond=True claim_agree=True upper=0.943378501029  CERT
273407096,0,1 T   mem=True nz=True ynz=True cond=True claim_agree=True upper=2664.37835250  CERT
335875585,0,1 RHO mem=True nz=True ynz=True cond=True claim_agree=True upper=0.973044526234  CERT
335875585,0,1 T   mem=True nz=True ynz=True cond=True claim_agree=True upper=2016.71992169  CERT
380886192,0,1 RHO mem=True nz=True ynz=True cond=True claim_agree=True upper=0.977104540736  CERT
380886192,0,1 T   mem=True nz=True ynz=True cond=True claim_agree=True upper=2729.56383550  CERT
426762583,0,1 RHO mem=True nz=True ynz=True cond=True claim_agree=True upper=0.951027934857  CERT
426762583,0,1 T   mem=True nz=True ynz=True cond=True claim_agree=True upper=2896.52706549  CERT
489159284,0,1 RHO mem=True nz=True ynz=True cond=True claim_agree=True upper=0.960961997021  CERT
489159284,0,1 T   mem=True nz=True ynz=True cond=True claim_agree=True upper=2591.75047734  CERT
491385455,0,1 RHO mem=True nz=True ynz=True cond=True claim_agree=True upper=0.939485939260  CERT
491385455,0,1 T   mem=True nz=True ynz=True cond=True claim_agree=True upper=2381.99085054  CERT
508705874,0,1 RHO mem=True nz=True ynz=True cond=True claim_agree=True upper=0.932335130490  CERT
508705874,0,1 T   mem=True nz=True ynz=True cond=True claim_agree=True upper=2354.46432530  CERT
510932045,0,1 RHO mem=True nz=True ynz=True cond=True claim_agree=True upper=0.978486823148  CERT
510932045,0,1 T   mem=True nz=True ynz=True cond=True claim_agree=True upper=2728.60853957  CERT
573328746,0,1 RHO mem=True nz=True ynz=True cond=True claim_agree=True upper=0.998817656065  CERT
573328746,0,1 T   mem=True nz=True ynz=True cond=True claim_agree=True upper=3029.70919526  CERT
619205137,0,1 RHO mem=True nz=True ynz=True cond=True claim_agree=True upper=0.940748347262  CERT
619205137,0,1 T   mem=True nz=True ynz=True cond=True claim_agree=True upper=2686.37410903  CERT
664215744,0,1 RHO mem=True nz=True ynz=True cond=True claim_agree=True upper=0.958823169678  CERT
664215744,0,1 T   mem=True nz=True ynz=True cond=True claim_agree=True upper=2210.43615790  CERT
726684233,0,1 RHO mem=True nz=True ynz=True cond=True claim_agree=True upper=0.935960905753  CERT
726684233,0,1 T   mem=True nz=True ynz=True cond=True claim_agree=True upper=2295.09065433  CERT
737450331,0,1 RHO mem=True nz=True ynz=True cond=True claim_agree=True upper=0.951027934857  CERT
737450331,0,1 T   mem=True nz=True ynz=True cond=True claim_agree=True upper=2358.60859490  CERT
747938562,0,1 RHO mem=True nz=True ynz=True cond=True claim_agree=True upper=0.973044526234  CERT
747938562,0,1 T   mem=True nz=True ynz=True cond=True claim_agree=True upper=2391.97946943  CERT
774523555,0,1 RHO mem=True nz=True ynz=True cond=True claim_agree=True upper=0.958600833459  CERT
774523555,0,1 T   mem=True nz=True ynz=True cond=True claim_agree=True upper=1967.66260760  CERT
818121019,0,1 RHO mem=True nz=True ynz=True cond=True claim_agree=True upper=0.977104540736  CERT
818121019,0,1 T   mem=True nz=True ynz=True cond=True claim_agree=True upper=2256.71570775  CERT
865209976,0,1 RHO mem=True nz=True ynz=True cond=True claim_agree=True upper=0.963271867824  CERT
865209976,0,1 T   mem=True nz=True ynz=True cond=True claim_agree=True upper=2878.25765807  CERT
927225105,0,1 RHO mem=True nz=True ynz=True cond=True claim_agree=True upper=0.978486823148  CERT
927225105,0,1 T   mem=True nz=True ynz=True cond=True claim_agree=True upper=2761.43544405  CERT
954941820,0,1 RHO mem=True nz=True ynz=True cond=True claim_agree=True upper=0.932335130490  CERT
954941820,0,1 T   mem=True nz=True ynz=True cond=True claim_agree=True upper=1736.41611261  CERT
971034437,0,1 RHO mem=True nz=True ynz=True cond=True claim_agree=True upper=0.963271867824  CERT
971034437,0,1 T   mem=True nz=True ynz=True cond=True claim_agree=True upper=3017.20289800  CERT
971564441,0,1 RHO mem=True nz=True ynz=True cond=True claim_agree=True upper=0.958600833459  CERT
971564441,0,1 T   mem=True nz=True ynz=True cond=True claim_agree=True upper=2669.94504733  CERT
978914001,0,1 RHO mem=True nz=True ynz=True cond=True claim_agree=True upper=0.935960905753  CERT
978914001,0,1 T   mem=True nz=True ynz=True cond=True claim_agree=True upper=3063.65969145  CERT
FAMILY VERIFY n=7 l=1000091329 : EXCLUDED (components certified 32 / 32 ; lines 64 ; failed lines 0)
FAMILY VERIFY PASS
