FACTORIZATION: 32 irreducible factors of degree 2 over F_1001095873: OK (header deg/ncomp/bar_T agree)
89431674,0,1 RHO mem=True nz=True ynz=True cond=True claim_agree=True upper=0.944458641067  CERT
89431674,0,1 T   mem=True nz=True ynz=True cond=True claim_agree=True upper=2750.00037200  CERT
127893979,0,1 RHO mem=True nz=True ynz=True cond=True claim_agree=True upper=0.913449131888  CERT
127893979,0,1 T   mem=True nz=True ynz=True cond=True claim_agree=True upper=1950.01140678  CERT
146607092,0,1 RHO mem=True nz=True ynz=True cond=True claim_agree=True upper=0.972646612061  CERT
146607092,0,1 T   mem=True nz=True ynz=True cond=True claim_agree=True upper=2335.67944660  CERT
154377840,0,1 RHO mem=True nz=True ynz=True cond=True claim_agree=True upper=0.913449131888  CERT
154377840,0,1 T   mem=True nz=True ynz=True cond=True claim_agree=True upper=2097.14844000  CERT
155729509,0,1 RHO mem=True nz=True ynz=True cond=True claim_agree=True upper=0.944458641067  CERT
155729509,0,1 T   mem=True nz=True ynz=True cond=True claim_agree=True upper=2122.66146180  CERT
161716513,0,1 RHO mem=True nz=True ynz=True cond=True claim_agree=True upper=0.925349630572  CERT
161716513,0,1 T   mem=True nz=True ynz=True cond=True claim_agree=True upper=2522.80112084  CERT
200710357,0,1 RHO mem=True nz=True ynz=True cond=True claim_agree=True upper=0.894745200908  CERT
200710357,0,1 T   mem=True nz=True ynz=True cond=True claim_agree=True upper=1902.25795203  CERT
220259559,0,1 RHO mem=True nz=True ynz=True cond=True claim_agree=True upper=0.937344339346  CERT
220259559,0,1 T   mem=True nz=True ynz=True cond=True claim_agree=True upper=1746.27334604  CERT
246568966,0,1 RHO mem=True nz=True ynz=True cond=True claim_agree=True upper=0.924022133971  CERT
246568966,0,1 T   mem=True nz=True ynz=True cond=True claim_agree=True upper=2132.77410610  CERT
266338138,0,1 RHO mem=True nz=True ynz=True cond=True claim_agree=True upper=0.894745200908  CERT
266338138,0,1 T   mem=True nz=True ynz=True cond=True claim_agree=True upper=2016.32652405  CERT
290685284,0,1 RHO mem=True nz=True ynz=True cond=True claim_agree=True upper=0.947650774394  CERT
290685284,0,1 T   mem=True nz=True ynz=True cond=True claim_agree=True upper=2416.87351689  CERT
299679759,0,1 RHO mem=True nz=True ynz=True cond=True claim_agree=True upper=0.924022133971  CERT
299679759,0,1 T   mem=True nz=True ynz=True cond=True claim_agree=True upper=2188.09547005  CERT
350874481,0,1 RHO mem=True nz=True ynz=True cond=True claim_agree=True upper=0.936747514887  CERT
350874481,0,1 T   mem=True nz=True ynz=True cond=True claim_agree=True upper=1752.65912106  CERT
365279031,0,1 RHO mem=True nz=True ynz=True cond=True claim_agree=True upper=0.968018223878  CERT
365279031,0,1 T   mem=True nz=True ynz=True cond=True claim_agree=True upper=2971.56612541  CERT
444583858,0,1 RHO mem=True nz=True ynz=True cond=True claim_agree=True upper=0.968018223878  CERT
444583858,0,1 T   mem=True nz=True ynz=True cond=True claim_agree=True upper=2596.36252742  CERT
497783748,0,1 RHO mem=True nz=True ynz=True cond=True claim_agree=True upper=0.936747514887  CERT
497783748,0,1 T   mem=True nz=True ynz=True cond=True claim_agree=True upper=1676.81835203  CERT
503312125,0,1 RHO mem=True nz=True ynz=True cond=True claim_agree=True upper=0.859437806989  CERT
503312125,0,1 T   mem=True nz=True ynz=True cond=True claim_agree=True upper=1567.30990908  CERT
556512015,0,1 RHO mem=True nz=True ynz=True cond=True claim_agree=True upper=0.963660939361  CERT
556512015,0,1 T   mem=True nz=True ynz=True cond=True claim_agree=True upper=2261.11860623  CERT
635816842,0,1 RHO mem=True nz=True ynz=True cond=True claim_agree=True upper=0.963660939361  CERT
635816842,0,1 T   mem=True nz=True ynz=True cond=True claim_agree=True upper=2792.29224884  CERT
650221392,0,1 RHO mem=True nz=True ynz=True cond=True claim_agree=True upper=0.859437806989  CERT
650221392,0,1 T   mem=True nz=True ynz=True cond=True claim_agree=True upper=1421.44633133  CERT
701416114,0,1 RHO mem=True nz=True ynz=True cond=True claim_agree=True upper=0.913683450193  CERT
701416114,0,1 T   mem=True nz=True ynz=True cond=True claim_agree=True upper=2265.45158015  CERT
710410589,0,1 RHO mem=True nz=True ynz=True cond=True claim_agree=True upper=0.972646612061  CERT
710410589,0,1 T   mem=True nz=True ynz=True cond=True claim_agree=True upper=2761.38514177  CERT
734757735,0,1 RHO mem=True nz=True ynz=True cond=True claim_agree=True upper=0.965240195183  CERT
734757735,0,1 T   mem=True nz=True ynz=True cond=True claim_agree=True upper=3076.26621395  CERT
754526907,0,1 RHO mem=True nz=True ynz=True cond=True claim_agree=True upper=0.913683450193  CERT
754526907,0,1 T   mem=True nz=True ynz=True cond=True claim_agree=True upper=1735.41811853  CERT
780836314,0,1 RHO mem=True nz=True ynz=True cond=True claim_agree=True upper=0.925349630572  CERT
780836314,0,1 T   mem=True nz=True ynz=True cond=True claim_agree=True upper=2036.23172017  CERT
800385516,0,1 RHO mem=True nz=True ynz=True cond=True claim_agree=True upper=0.965240195183  CERT
800385516,0,1 T   mem=True nz=True ynz=True cond=True claim_agree=True upper=2891.76068519  CERT
839379360,0,1 RHO mem=True nz=True ynz=True cond=True claim_agree=True upper=0.937344339346  CERT
839379360,0,1 T   mem=True nz=True ynz=True cond=True claim_agree=True upper=1943.87076935  CERT
845366364,0,1 RHO mem=True nz=True ynz=True cond=True claim_agree=True upper=0.968771048543  CERT
845366364,0,1 T   mem=True nz=True ynz=True cond=True claim_agree=True upper=2311.41827254  CERT
846718033,0,1 RHO mem=True nz=True ynz=True cond=True claim_agree=True upper=0.904604871153  CERT
846718033,0,1 T   mem=True nz=True ynz=True cond=True claim_agree=True upper=1625.70535199  CERT
854488781,0,1 RHO mem=True nz=True ynz=True cond=True claim_agree=True upper=0.947650774394  CERT
854488781,0,1 T   mem=True nz=True ynz=True cond=True claim_agree=True upper=1860.14657738  CERT
873201894,0,1 RHO mem=True nz=True ynz=True cond=True claim_agree=True upper=0.904604871153  CERT
873201894,0,1 T   mem=True nz=True ynz=True cond=True claim_agree=True upper=2293.13800033  CERT
911664199,0,1 RHO mem=True nz=True ynz=True cond=True claim_agree=True upper=0.968771048543  CERT
911664199,0,1 T   mem=True nz=True ynz=True cond=True claim_agree=True upper=2167.63900660  CERT
FAMILY VERIFY n=7 l=1001095873 : EXCLUDED (components certified 32 / 32 ; lines 64 ; failed lines 0)
FAMILY VERIFY PASS
