FACTORIZATION: 32 irreducible factors of degree 2 over F_1000962113: OK (header deg/ncomp/bar_T agree)
15888126,0,1 RHO mem=True nz=True ynz=True cond=True claim_agree=True upper=0.933966140349  CERT
15888126,0,1 T   mem=True nz=True ynz=True cond=True claim_agree=True upper=2027.70617917  CERT
42447587,0,1 RHO mem=True nz=True ynz=True cond=True claim_agree=True upper=0.910963591966  CERT
42447587,0,1 T   mem=True nz=True ynz=True cond=True claim_agree=True upper=2312.92558959  CERT
60312401,0,1 RHO mem=True nz=True ynz=True cond=True claim_agree=True upper=0.940211848854  CERT
60312401,0,1 T   mem=True nz=True ynz=True cond=True claim_agree=True upper=2510.94833570  CERT
106287846,0,1 RHO mem=True nz=True ynz=True cond=True claim_agree=True upper=0.927355182135  CERT
106287846,0,1 T   mem=True nz=True ynz=True cond=True claim_agree=True upper=2285.41904823  CERT
141509149,0,1 RHO mem=True nz=True ynz=True cond=True claim_agree=True upper=0.894549205335  CERT
141509149,0,1 T   mem=True nz=True ynz=True cond=True claim_agree=True upper=2170.11485363  CERT
143276882,0,1 RHO mem=True nz=True ynz=True cond=True claim_agree=True upper=0.899504936286  CERT
143276882,0,1 T   mem=True nz=True ynz=True cond=True claim_agree=True upper=1658.05954543  CERT
184896208,0,1 RHO mem=True nz=True ynz=True cond=True claim_agree=True upper=0.909931222891  CERT
184896208,0,1 T   mem=True nz=True ynz=True cond=True claim_agree=True upper=2204.11572929  CERT
195964750,0,1 RHO mem=True nz=True ynz=True cond=True claim_agree=True upper=0.924198159091  CERT
195964750,0,1 T   mem=True nz=True ynz=True cond=True claim_agree=True upper=2319.01367145  CERT
216325866,0,1 RHO mem=True nz=True ynz=True cond=True claim_agree=True upper=0.914984123170  CERT
216325866,0,1 T   mem=True nz=True ynz=True cond=True claim_agree=True upper=2560.68576655  CERT
339407053,0,1 RHO mem=True nz=True ynz=True cond=True claim_agree=True upper=0.922495484216  CERT
339407053,0,1 T   mem=True nz=True ynz=True cond=True claim_agree=True upper=2352.72184684  CERT
360009839,0,1 RHO mem=True nz=True ynz=True cond=True claim_agree=True upper=0.908978989209  CERT
360009839,0,1 T   mem=True nz=True ynz=True cond=True claim_agree=True upper=2668.59272774  CERT
373198615,0,1 RHO mem=True nz=True ynz=True cond=True claim_agree=True upper=0.940508469239  CERT
373198615,0,1 T   mem=True nz=True ynz=True cond=True claim_agree=True upper=2514.92922996  CERT
400366999,0,1 RHO mem=True nz=True ynz=True cond=True claim_agree=True upper=0.915630790498  CERT
400366999,0,1 T   mem=True nz=True ynz=True cond=True claim_agree=True upper=1699.93655699  CERT
416163610,0,1 RHO mem=True nz=True ynz=True cond=True claim_agree=True upper=0.894549205335  CERT
416163610,0,1 T   mem=True nz=True ynz=True cond=True claim_agree=True upper=2102.71867795  CERT
435358850,0,1 RHO mem=True nz=True ynz=True cond=True claim_agree=True upper=0.936641839217  CERT
435358850,0,1 T   mem=True nz=True ynz=True cond=True claim_agree=True upper=2636.72669999  CERT
450606441,0,1 RHO mem=True nz=True ynz=True cond=True claim_agree=True upper=0.927159440078  CERT
450606441,0,1 T   mem=True nz=True ynz=True cond=True claim_agree=True upper=2106.73774048  CERT
550355672,0,1 RHO mem=True nz=True ynz=True cond=True claim_agree=True upper=0.940211848854  CERT
550355672,0,1 T   mem=True nz=True ynz=True cond=True claim_agree=True upper=2462.34498450  CERT
565603263,0,1 RHO mem=True nz=True ynz=True cond=True claim_agree=True upper=0.927355182135  CERT
565603263,0,1 T   mem=True nz=True ynz=True cond=True claim_agree=True upper=2131.54301680  CERT
584798503,0,1 RHO mem=True nz=True ynz=True cond=True claim_agree=True upper=0.930161206634  CERT
584798503,0,1 T   mem=True nz=True ynz=True cond=True claim_agree=True upper=2314.33977047  CERT
600595114,0,1 RHO mem=True nz=True ynz=True cond=True claim_agree=True upper=0.910963591966  CERT
600595114,0,1 T   mem=True nz=True ynz=True cond=True claim_agree=True upper=2230.61511269  CERT
627763498,0,1 RHO mem=True nz=True ynz=True cond=True claim_agree=True upper=0.922495484216  CERT
627763498,0,1 T   mem=True nz=True ynz=True cond=True claim_agree=True upper=2402.06761937  CERT
640952274,0,1 RHO mem=True nz=True ynz=True cond=True claim_agree=True upper=0.924198159091  CERT
640952274,0,1 T   mem=True nz=True ynz=True cond=True claim_agree=True upper=2279.67844176  CERT
661555060,0,1 RHO mem=True nz=True ynz=True cond=True claim_agree=True upper=0.940508469239  CERT
661555060,0,1 T   mem=True nz=True ynz=True cond=True claim_agree=True upper=2627.53844573  CERT
784636247,0,1 RHO mem=True nz=True ynz=True cond=True claim_agree=True upper=0.933966140349  CERT
784636247,0,1 T   mem=True nz=True ynz=True cond=True claim_agree=True upper=2644.69462830  CERT
804997363,0,1 RHO mem=True nz=True ynz=True cond=True claim_agree=True upper=0.908978989209  CERT
804997363,0,1 T   mem=True nz=True ynz=True cond=True claim_agree=True upper=2271.16877732  CERT
816065905,0,1 RHO mem=True nz=True ynz=True cond=True claim_agree=True upper=0.899504936286  CERT
816065905,0,1 T   mem=True nz=True ynz=True cond=True claim_agree=True upper=1683.64246606  CERT
857685231,0,1 RHO mem=True nz=True ynz=True cond=True claim_agree=True upper=0.909931222891  CERT
857685231,0,1 T   mem=True nz=True ynz=True cond=True claim_agree=True upper=2026.30046079  CERT
859452964,0,1 RHO mem=True nz=True ynz=True cond=True claim_agree=True upper=0.930161206634  CERT
859452964,0,1 T   mem=True nz=True ynz=True cond=True claim_agree=True upper=1624.00972430  CERT
894674267,0,1 RHO mem=True nz=True ynz=True cond=True claim_agree=True upper=0.936641839217  CERT
894674267,0,1 T   mem=True nz=True ynz=True cond=True claim_agree=True upper=1672.01567417  CERT
940649712,0,1 RHO mem=True nz=True ynz=True cond=True claim_agree=True upper=0.927159440078  CERT
940649712,0,1 T   mem=True nz=True ynz=True cond=True claim_agree=True upper=2420.94150232  CERT
958514526,0,1 RHO mem=True nz=True ynz=True cond=True claim_agree=True upper=0.915630790498  CERT
958514526,0,1 T   mem=True nz=True ynz=True cond=True claim_agree=True upper=2150.67457100  CERT
985073987,0,1 RHO mem=True nz=True ynz=True cond=True claim_agree=True upper=0.914984123170  CERT
985073987,0,1 T   mem=True nz=True ynz=True cond=True claim_agree=True upper=1924.39746923  CERT
FAMILY VERIFY n=7 l=1000962113 : EXCLUDED (components certified 32 / 32 ; lines 64 ; failed lines 0)
FAMILY VERIFY PASS
