FACTORIZATION: 32 irreducible factors of degree 2 over F_1000631873: OK (header deg/ncomp/bar_T agree)
58205501,0,1 RHO mem=True nz=True ynz=True cond=True claim_agree=True upper=0.959602927408  CERT
58205501,0,1 T   mem=True nz=True ynz=True cond=True claim_agree=True upper=2349.88480861  CERT
78755465,0,1 RHO mem=True nz=True ynz=True cond=True claim_agree=True upper=0.927501994811  CERT
78755465,0,1 T   mem=True nz=True ynz=True cond=True claim_agree=True upper=2666.92664286  CERT
79249692,0,1 RHO mem=True nz=True ynz=True cond=True claim_agree=True upper=0.958698392353  CERT
79249692,0,1 T   mem=True nz=True ynz=True cond=True claim_agree=True upper=2324.32777043  CERT
125899600,0,1 RHO mem=True nz=True ynz=True cond=True claim_agree=True upper=0.949446559912  CERT
125899600,0,1 T   mem=True nz=True ynz=True cond=True claim_agree=True upper=1994.75923276  CERT
162245043,0,1 RHO mem=True nz=True ynz=True cond=True claim_agree=True upper=0.971571653642  CERT
162245043,0,1 T   mem=True nz=True ynz=True cond=True claim_agree=True upper=2424.05424916  CERT
221801621,0,1 RHO mem=True nz=True ynz=True cond=True claim_agree=True upper=0.931712924475  CERT
221801621,0,1 T   mem=True nz=True ynz=True cond=True claim_agree=True upper=2458.93404157  CERT
242448254,0,1 RHO mem=True nz=True ynz=True cond=True claim_agree=True upper=0.949446559912  CERT
242448254,0,1 T   mem=True nz=True ynz=True cond=True claim_agree=True upper=1921.29747671  CERT
260139250,0,1 RHO mem=True nz=True ynz=True cond=True claim_agree=True upper=0.966904341914  CERT
260139250,0,1 T   mem=True nz=True ynz=True cond=True claim_agree=True upper=3503.24707806  CERT
331887718,0,1 RHO mem=True nz=True ynz=True cond=True claim_agree=True upper=0.931712924475  CERT
331887718,0,1 T   mem=True nz=True ynz=True cond=True claim_agree=True upper=2321.86996543  CERT
358162179,0,1 RHO mem=True nz=True ynz=True cond=True claim_agree=True upper=0.966913145976  CERT
358162179,0,1 T   mem=True nz=True ynz=True cond=True claim_agree=True upper=2805.67272737  CERT
367296259,0,1 RHO mem=True nz=True ynz=True cond=True claim_agree=True upper=0.969438527061  CERT
367296259,0,1 T   mem=True nz=True ynz=True cond=True claim_agree=True upper=2252.36752836  CERT
369636642,0,1 RHO mem=True nz=True ynz=True cond=True claim_agree=True upper=0.940120410335  CERT
369636642,0,1 T   mem=True nz=True ynz=True cond=True claim_agree=True upper=2685.85006797  CERT
390790300,0,1 RHO mem=True nz=True ynz=True cond=True claim_agree=True upper=0.952220502245  CERT
390790300,0,1 T   mem=True nz=True ynz=True cond=True claim_agree=True upper=1893.33283433  CERT
422834052,0,1 RHO mem=True nz=True ynz=True cond=True claim_agree=True upper=0.948454659014  CERT
422834052,0,1 T   mem=True nz=True ynz=True cond=True claim_agree=True upper=2952.59626742  CERT
468458356,0,1 RHO mem=True nz=True ynz=True cond=True claim_agree=True upper=0.959602927408  CERT
468458356,0,1 T   mem=True nz=True ynz=True cond=True claim_agree=True upper=2357.66888627  CERT
473356829,0,1 RHO mem=True nz=True ynz=True cond=True claim_agree=True upper=0.971571653642  CERT
473356829,0,1 T   mem=True nz=True ynz=True cond=True claim_agree=True upper=3178.12374768  CERT
527275044,0,1 RHO mem=True nz=True ynz=True cond=True claim_agree=True upper=0.883663573846  CERT
527275044,0,1 T   mem=True nz=True ynz=True cond=True claim_agree=True upper=1900.26946518  CERT
532173517,0,1 RHO mem=True nz=True ynz=True cond=True claim_agree=True upper=0.949788235362  CERT
532173517,0,1 T   mem=True nz=True ynz=True cond=True claim_agree=True upper=2262.85759904  CERT
577797821,0,1 RHO mem=True nz=True ynz=True cond=True claim_agree=True upper=0.966913145976  CERT
577797821,0,1 T   mem=True nz=True ynz=True cond=True claim_agree=True upper=2376.61188441  CERT
609841573,0,1 RHO mem=True nz=True ynz=True cond=True claim_agree=True upper=0.927501994811  CERT
609841573,0,1 T   mem=True nz=True ynz=True cond=True claim_agree=True upper=2227.88047386  CERT
630995231,0,1 RHO mem=True nz=True ynz=True cond=True claim_agree=True upper=0.969438527061  CERT
630995231,0,1 T   mem=True nz=True ynz=True cond=True claim_agree=True upper=1961.12398642  CERT
633335614,0,1 RHO mem=True nz=True ynz=True cond=True claim_agree=True upper=0.940120410335  CERT
633335614,0,1 T   mem=True nz=True ynz=True cond=True claim_agree=True upper=3503.67864902  CERT
642469694,0,1 RHO mem=True nz=True ynz=True cond=True claim_agree=True upper=0.948454659014  CERT
642469694,0,1 T   mem=True nz=True ynz=True cond=True claim_agree=True upper=2527.79148970  CERT
668744155,0,1 RHO mem=True nz=True ynz=True cond=True claim_agree=True upper=0.959366186267  CERT
668744155,0,1 T   mem=True nz=True ynz=True cond=True claim_agree=True upper=2317.38383474  CERT
740492623,0,1 RHO mem=True nz=True ynz=True cond=True claim_agree=True upper=0.958698392353  CERT
740492623,0,1 T   mem=True nz=True ynz=True cond=True claim_agree=True upper=2121.89295497  CERT
758183619,0,1 RHO mem=True nz=True ynz=True cond=True claim_agree=True upper=0.919441152935  CERT
758183619,0,1 T   mem=True nz=True ynz=True cond=True claim_agree=True upper=2527.50112121  CERT
778830252,0,1 RHO mem=True nz=True ynz=True cond=True claim_agree=True upper=0.959366186267  CERT
778830252,0,1 T   mem=True nz=True ynz=True cond=True claim_agree=True upper=2114.99967662  CERT
838386830,0,1 RHO mem=True nz=True ynz=True cond=True claim_agree=True upper=0.883663573846  CERT
838386830,0,1 T   mem=True nz=True ynz=True cond=True claim_agree=True upper=2141.02003643  CERT
874732273,0,1 RHO mem=True nz=True ynz=True cond=True claim_agree=True upper=0.919441152935  CERT
874732273,0,1 T   mem=True nz=True ynz=True cond=True claim_agree=True upper=2773.48405722  CERT
921382181,0,1 RHO mem=True nz=True ynz=True cond=True claim_agree=True upper=0.966904341914  CERT
921382181,0,1 T   mem=True nz=True ynz=True cond=True claim_agree=True upper=2887.70729741  CERT
921876408,0,1 RHO mem=True nz=True ynz=True cond=True claim_agree=True upper=0.952220502245  CERT
921876408,0,1 T   mem=True nz=True ynz=True cond=True claim_agree=True upper=1969.47015169  CERT
942426372,0,1 RHO mem=True nz=True ynz=True cond=True claim_agree=True upper=0.949788235362  CERT
942426372,0,1 T   mem=True nz=True ynz=True cond=True claim_agree=True upper=2178.69894465  CERT
FAMILY VERIFY n=7 l=1000631873 : EXCLUDED (components certified 32 / 32 ; lines 64 ; failed lines 0)
FAMILY VERIFY PASS
