FACTORIZATION: 32 irreducible factors of degree 2 over F_1000893889: OK (header deg/ncomp/bar_T agree)
52489505,0,1 RHO mem=True nz=True ynz=True cond=True claim_agree=True upper=0.878308493363  CERT
52489505,0,1 T   mem=True nz=True ynz=True cond=True claim_agree=True upper=2603.75307459  CERT
58749616,0,1 RHO mem=True nz=True ynz=True cond=True claim_agree=True upper=0.896739211740  CERT
58749616,0,1 T   mem=True nz=True ynz=True cond=True claim_agree=True upper=2254.67344629  CERT
74909538,0,1 RHO mem=True nz=True ynz=True cond=True claim_agree=True upper=0.885368165332  CERT
74909538,0,1 T   mem=True nz=True ynz=True cond=True claim_agree=True upper=2183.91450293  CERT
125425972,0,1 RHO mem=True nz=True ynz=True cond=True claim_agree=True upper=0.873999782811  CERT
125425972,0,1 T   mem=True nz=True ynz=True cond=True claim_agree=True upper=2323.06207123  CERT
128419726,0,1 RHO mem=True nz=True ynz=True cond=True claim_agree=True upper=0.838382338722  CERT
128419726,0,1 T   mem=True nz=True ynz=True cond=True claim_agree=True upper=1863.52127853  CERT
151998702,0,1 RHO mem=True nz=True ynz=True cond=True claim_agree=True upper=0.891308939552  CERT
151998702,0,1 T   mem=True nz=True ynz=True cond=True claim_agree=True upper=2437.82787988  CERT
152511251,0,1 RHO mem=True nz=True ynz=True cond=True claim_agree=True upper=0.891308939552  CERT
152511251,0,1 T   mem=True nz=True ynz=True cond=True claim_agree=True upper=2163.45540060  CERT
163027795,0,1 RHO mem=True nz=True ynz=True cond=True claim_agree=True upper=0.849894468242  CERT
163027795,0,1 T   mem=True nz=True ynz=True cond=True claim_agree=True upper=1798.00751418  CERT
177934370,0,1 RHO mem=True nz=True ynz=True cond=True claim_agree=True upper=0.849894468242  CERT
177934370,0,1 T   mem=True nz=True ynz=True cond=True claim_agree=True upper=2735.73122213  CERT
187768767,0,1 RHO mem=True nz=True ynz=True cond=True claim_agree=True upper=0.880777908732  CERT
187768767,0,1 T   mem=True nz=True ynz=True cond=True claim_agree=True upper=2993.04943864  CERT
235882940,0,1 RHO mem=True nz=True ynz=True cond=True claim_agree=True upper=0.916760134482  CERT
235882940,0,1 T   mem=True nz=True ynz=True cond=True claim_agree=True upper=2155.57842949  CERT
290622378,0,1 RHO mem=True nz=True ynz=True cond=True claim_agree=True upper=0.878308493363  CERT
290622378,0,1 T   mem=True nz=True ynz=True cond=True claim_agree=True upper=2663.84621204  CERT
294770322,0,1 RHO mem=True nz=True ynz=True cond=True claim_agree=True upper=0.862745004400  CERT
294770322,0,1 T   mem=True nz=True ynz=True cond=True claim_agree=True upper=2465.55152329  CERT
361108409,0,1 RHO mem=True nz=True ynz=True cond=True claim_agree=True upper=0.873999782811  CERT
361108409,0,1 T   mem=True nz=True ynz=True cond=True claim_agree=True upper=2488.47465160  CERT
396243374,0,1 RHO mem=True nz=True ynz=True cond=True claim_agree=True upper=0.885368165332  CERT
396243374,0,1 T   mem=True nz=True ynz=True cond=True claim_agree=True upper=2252.92716617  CERT
442352178,0,1 RHO mem=True nz=True ynz=True cond=True claim_agree=True upper=0.886409698542  CERT
442352178,0,1 T   mem=True nz=True ynz=True cond=True claim_agree=True upper=2495.98654371  CERT
558541711,0,1 RHO mem=True nz=True ynz=True cond=True claim_agree=True upper=0.880777908732  CERT
558541711,0,1 T   mem=True nz=True ynz=True cond=True claim_agree=True upper=2674.94681266  CERT
604650515,0,1 RHO mem=True nz=True ynz=True cond=True claim_agree=True upper=0.877822798117  CERT
604650515,0,1 T   mem=True nz=True ynz=True cond=True claim_agree=True upper=2541.60408645  CERT
639785480,0,1 RHO mem=True nz=True ynz=True cond=True claim_agree=True upper=0.892076092417  CERT
639785480,0,1 T   mem=True nz=True ynz=True cond=True claim_agree=True upper=2641.74939644  CERT
706123567,0,1 RHO mem=True nz=True ynz=True cond=True claim_agree=True upper=0.896739211740  CERT
706123567,0,1 T   mem=True nz=True ynz=True cond=True claim_agree=True upper=2006.21721659  CERT
710271511,0,1 RHO mem=True nz=True ynz=True cond=True claim_agree=True upper=0.894962123465  CERT
710271511,0,1 T   mem=True nz=True ynz=True cond=True claim_agree=True upper=2774.48301037  CERT
765010949,0,1 RHO mem=True nz=True ynz=True cond=True claim_agree=True upper=0.838382338722  CERT
765010949,0,1 T   mem=True nz=True ynz=True cond=True claim_agree=True upper=2802.77133567  CERT
813125122,0,1 RHO mem=True nz=True ynz=True cond=True claim_agree=True upper=0.886409698542  CERT
813125122,0,1 T   mem=True nz=True ynz=True cond=True claim_agree=True upper=2501.13325724  CERT
822959519,0,1 RHO mem=True nz=True ynz=True cond=True claim_agree=True upper=0.908021611535  CERT
822959519,0,1 T   mem=True nz=True ynz=True cond=True claim_agree=True upper=2503.82886809  CERT
837866094,0,1 RHO mem=True nz=True ynz=True cond=True claim_agree=True upper=0.908021611535  CERT
837866094,0,1 T   mem=True nz=True ynz=True cond=True claim_agree=True upper=2662.89565101  CERT
848382638,0,1 RHO mem=True nz=True ynz=True cond=True claim_agree=True upper=0.870455447328  CERT
848382638,0,1 T   mem=True nz=True ynz=True cond=True claim_agree=True upper=2055.69195427  CERT
848895187,0,1 RHO mem=True nz=True ynz=True cond=True claim_agree=True upper=0.870455447328  CERT
848895187,0,1 T   mem=True nz=True ynz=True cond=True claim_agree=True upper=2484.35771879  CERT
872474163,0,1 RHO mem=True nz=True ynz=True cond=True claim_agree=True upper=0.916760134482  CERT
872474163,0,1 T   mem=True nz=True ynz=True cond=True claim_agree=True upper=2312.28720508  CERT
875467917,0,1 RHO mem=True nz=True ynz=True cond=True claim_agree=True upper=0.892076092417  CERT
875467917,0,1 T   mem=True nz=True ynz=True cond=True claim_agree=True upper=2815.79078513  CERT
925984351,0,1 RHO mem=True nz=True ynz=True cond=True claim_agree=True upper=0.877822798117  CERT
925984351,0,1 T   mem=True nz=True ynz=True cond=True claim_agree=True upper=2592.77338323  CERT
942144273,0,1 RHO mem=True nz=True ynz=True cond=True claim_agree=True upper=0.862745004400  CERT
942144273,0,1 T   mem=True nz=True ynz=True cond=True claim_agree=True upper=2452.17819676  CERT
948404384,0,1 RHO mem=True nz=True ynz=True cond=True claim_agree=True upper=0.894962123465  CERT
948404384,0,1 T   mem=True nz=True ynz=True cond=True claim_agree=True upper=2481.73883969  CERT
FAMILY VERIFY n=7 l=1000893889 : EXCLUDED (components certified 32 / 32 ; lines 64 ; failed lines 0)
FAMILY VERIFY PASS
