FACTORIZATION: 32 irreducible factors of degree 2 over F_1000312769: OK (header deg/ncomp/bar_T agree)
34657668,0,1 RHO mem=True nz=True ynz=True cond=True claim_agree=True upper=0.970720801858  CERT
34657668,0,1 T   mem=True nz=True ynz=True cond=True claim_agree=True upper=2727.65591741  CERT
68909014,0,1 RHO mem=True nz=True ynz=True cond=True claim_agree=True upper=0.970720801858  CERT
68909014,0,1 T   mem=True nz=True ynz=True cond=True claim_agree=True upper=1975.06201284  CERT
103573605,0,1 RHO mem=True nz=True ynz=True cond=True claim_agree=True upper=0.980541450979  CERT
103573605,0,1 T   mem=True nz=True ynz=True cond=True claim_agree=True upper=3541.91434896  CERT
196507230,0,1 RHO mem=True nz=True ynz=True cond=True claim_agree=True upper=0.981123055465  CERT
196507230,0,1 T   mem=True nz=True ynz=True cond=True claim_agree=True upper=2499.20196055  CERT
213622983,0,1 RHO mem=True nz=True ynz=True cond=True claim_agree=True upper=0.962494060786  CERT
213622983,0,1 T   mem=True nz=True ynz=True cond=True claim_agree=True upper=2271.73839699  CERT
235046798,0,1 RHO mem=True nz=True ynz=True cond=True claim_agree=True upper=0.957045856326  CERT
235046798,0,1 T   mem=True nz=True ynz=True cond=True claim_agree=True upper=3266.81953272  CERT
324302138,0,1 RHO mem=True nz=True ynz=True cond=True claim_agree=True upper=0.985629810418  CERT
324302138,0,1 T   mem=True nz=True ynz=True cond=True claim_agree=True upper=2844.32589795  CERT
332368273,0,1 RHO mem=True nz=True ynz=True cond=True claim_agree=True upper=0.939199040976  CERT
332368273,0,1 T   mem=True nz=True ynz=True cond=True claim_agree=True upper=2357.85651765  CERT
360094151,0,1 RHO mem=True nz=True ynz=True cond=True claim_agree=True upper=0.957045856326  CERT
360094151,0,1 T   mem=True nz=True ynz=True cond=True claim_agree=True upper=2595.61808805  CERT
457951319,0,1 RHO mem=True nz=True ynz=True cond=True claim_agree=True upper=0.958799706115  CERT
457951319,0,1 T   mem=True nz=True ynz=True cond=True claim_agree=True upper=2324.84265140  CERT
467562918,0,1 RHO mem=True nz=True ynz=True cond=True claim_agree=True upper=0.954482832984  CERT
467562918,0,1 T   mem=True nz=True ynz=True cond=True claim_agree=True upper=2267.05231710  CERT
468764169,0,1 RHO mem=True nz=True ynz=True cond=True claim_agree=True upper=0.969435559270  CERT
468764169,0,1 T   mem=True nz=True ynz=True cond=True claim_agree=True upper=3219.59027956  CERT
471284178,0,1 RHO mem=True nz=True ynz=True cond=True claim_agree=True upper=0.944324653584  CERT
471284178,0,1 T   mem=True nz=True ynz=True cond=True claim_agree=True upper=2724.72723623  CERT
481604062,0,1 RHO mem=True nz=True ynz=True cond=True claim_agree=True upper=0.936854785714  CERT
481604062,0,1 T   mem=True nz=True ynz=True cond=True claim_agree=True upper=2305.01061821  CERT
487166469,0,1 RHO mem=True nz=True ynz=True cond=True claim_agree=True upper=0.966436706992  CERT
487166469,0,1 T   mem=True nz=True ynz=True cond=True claim_agree=True upper=2400.11788146  CERT
492637707,0,1 RHO mem=True nz=True ynz=True cond=True claim_agree=True upper=0.945365798644  CERT
492637707,0,1 T   mem=True nz=True ynz=True cond=True claim_agree=True upper=2661.36126574  CERT
507675062,0,1 RHO mem=True nz=True ynz=True cond=True claim_agree=True upper=0.939199040976  CERT
507675062,0,1 T   mem=True nz=True ynz=True cond=True claim_agree=True upper=2378.39298799  CERT
513146300,0,1 RHO mem=True nz=True ynz=True cond=True claim_agree=True upper=0.936854785714  CERT
513146300,0,1 T   mem=True nz=True ynz=True cond=True claim_agree=True upper=2779.67949087  CERT
518708707,0,1 RHO mem=True nz=True ynz=True cond=True claim_agree=True upper=0.966436706992  CERT
518708707,0,1 T   mem=True nz=True ynz=True cond=True claim_agree=True upper=2737.18420252  CERT
529028591,0,1 RHO mem=True nz=True ynz=True cond=True claim_agree=True upper=0.980541450979  CERT
529028591,0,1 T   mem=True nz=True ynz=True cond=True claim_agree=True upper=2879.51936403  CERT
531548600,0,1 RHO mem=True nz=True ynz=True cond=True claim_agree=True upper=0.958799706115  CERT
531548600,0,1 T   mem=True nz=True ynz=True cond=True claim_agree=True upper=2350.30544889  CERT
532749851,0,1 RHO mem=True nz=True ynz=True cond=True claim_agree=True upper=0.962494060786  CERT
532749851,0,1 T   mem=True nz=True ynz=True cond=True claim_agree=True upper=3055.53475206  CERT
542361450,0,1 RHO mem=True nz=True ynz=True cond=True claim_agree=True upper=0.969435559270  CERT
542361450,0,1 T   mem=True nz=True ynz=True cond=True claim_agree=True upper=2356.30951036  CERT
640218618,0,1 RHO mem=True nz=True ynz=True cond=True claim_agree=True upper=0.963433673433  CERT
640218618,0,1 T   mem=True nz=True ynz=True cond=True claim_agree=True upper=2913.41630785  CERT
667944496,0,1 RHO mem=True nz=True ynz=True cond=True claim_agree=True upper=0.945365798644  CERT
667944496,0,1 T   mem=True nz=True ynz=True cond=True claim_agree=True upper=2580.60209585  CERT
676010631,0,1 RHO mem=True nz=True ynz=True cond=True claim_agree=True upper=0.981123055465  CERT
676010631,0,1 T   mem=True nz=True ynz=True cond=True claim_agree=True upper=2845.16335220  CERT
765265971,0,1 RHO mem=True nz=True ynz=True cond=True claim_agree=True upper=0.963433673433  CERT
765265971,0,1 T   mem=True nz=True ynz=True cond=True claim_agree=True upper=2761.82675970  CERT
786689786,0,1 RHO mem=True nz=True ynz=True cond=True claim_agree=True upper=0.954482832984  CERT
786689786,0,1 T   mem=True nz=True ynz=True cond=True claim_agree=True upper=2322.30054728  CERT
803805539,0,1 RHO mem=True nz=True ynz=True cond=True claim_agree=True upper=0.985629810418  CERT
803805539,0,1 T   mem=True nz=True ynz=True cond=True claim_agree=True upper=2798.50668822  CERT
896739164,0,1 RHO mem=True nz=True ynz=True cond=True claim_agree=True upper=0.944324653584  CERT
896739164,0,1 T   mem=True nz=True ynz=True cond=True claim_agree=True upper=3047.92798073  CERT
931403755,0,1 RHO mem=True nz=True ynz=True cond=True claim_agree=True upper=0.974907552904  CERT
931403755,0,1 T   mem=True nz=True ynz=True cond=True claim_agree=True upper=2429.12564655  CERT
965655101,0,1 RHO mem=True nz=True ynz=True cond=True claim_agree=True upper=0.974907552904  CERT
965655101,0,1 T   mem=True nz=True ynz=True cond=True claim_agree=True upper=2573.13727078  CERT
FAMILY VERIFY n=7 l=1000312769 : EXCLUDED (components certified 32 / 32 ; lines 64 ; failed lines 0)
FAMILY VERIFY PASS
