FACTORIZATION: 32 irreducible factors of degree 2 over F_1000785217: OK (header deg/ncomp/bar_T agree)
63761511,0,1 RHO mem=True nz=True ynz=True cond=True claim_agree=True upper=0.875455784103  CERT
63761511,0,1 T   mem=True nz=True ynz=True cond=True claim_agree=True upper=2273.14332491  CERT
78568928,0,1 RHO mem=True nz=True ynz=True cond=True claim_agree=True upper=0.915506931177  CERT
78568928,0,1 T   mem=True nz=True ynz=True cond=True claim_agree=True upper=2715.07917509  CERT
81648808,0,1 RHO mem=True nz=True ynz=True cond=True claim_agree=True upper=0.930322819831  CERT
81648808,0,1 T   mem=True nz=True ynz=True cond=True claim_agree=True upper=2682.08710971  CERT
84198791,0,1 RHO mem=True nz=True ynz=True cond=True claim_agree=True upper=0.954904218347  CERT
84198791,0,1 T   mem=True nz=True ynz=True cond=True claim_agree=True upper=2845.42460168  CERT
98361202,0,1 RHO mem=True nz=True ynz=True cond=True claim_agree=True upper=0.905372984008  CERT
98361202,0,1 T   mem=True nz=True ynz=True cond=True claim_agree=True upper=2279.52635373  CERT
147973983,0,1 RHO mem=True nz=True ynz=True cond=True claim_agree=True upper=0.949593095497  CERT
147973983,0,1 T   mem=True nz=True ynz=True cond=True claim_agree=True upper=2830.79237695  CERT
188689999,0,1 RHO mem=True nz=True ynz=True cond=True claim_agree=True upper=0.914062796101  CERT
188689999,0,1 T   mem=True nz=True ynz=True cond=True claim_agree=True upper=2493.20196441  CERT
214418332,0,1 RHO mem=True nz=True ynz=True cond=True claim_agree=True upper=0.914062796101  CERT
214418332,0,1 T   mem=True nz=True ynz=True cond=True claim_agree=True upper=1858.13010753  CERT
218819494,0,1 RHO mem=True nz=True ynz=True cond=True claim_agree=True upper=0.918013285199  CERT
218819494,0,1 T   mem=True nz=True ynz=True cond=True claim_agree=True upper=2336.55332037  CERT
256268286,0,1 RHO mem=True nz=True ynz=True cond=True claim_agree=True upper=0.918013285199  CERT
256268286,0,1 T   mem=True nz=True ynz=True cond=True claim_agree=True upper=1970.00103274  CERT
394249568,0,1 RHO mem=True nz=True ynz=True cond=True claim_agree=True upper=0.930114076291  CERT
394249568,0,1 T   mem=True nz=True ynz=True cond=True claim_agree=True upper=2693.64851725  CERT
402183369,0,1 RHO mem=True nz=True ynz=True cond=True claim_agree=True upper=0.909941557692  CERT
402183369,0,1 T   mem=True nz=True ynz=True cond=True claim_agree=True upper=1842.25162803  CERT
402471693,0,1 RHO mem=True nz=True ynz=True cond=True claim_agree=True upper=0.915506931177  CERT
402471693,0,1 T   mem=True nz=True ynz=True cond=True claim_agree=True upper=2388.67261220  CERT
412564238,0,1 RHO mem=True nz=True ynz=True cond=True claim_agree=True upper=0.905372984008  CERT
412564238,0,1 T   mem=True nz=True ynz=True cond=True claim_agree=True upper=2185.80674294  CERT
456075346,0,1 RHO mem=True nz=True ynz=True cond=True claim_agree=True upper=0.930114076291  CERT
456075346,0,1 T   mem=True nz=True ynz=True cond=True claim_agree=True upper=2390.15536350  CERT
487306038,0,1 RHO mem=True nz=True ynz=True cond=True claim_agree=True upper=0.909941557692  CERT
487306038,0,1 T   mem=True nz=True ynz=True cond=True claim_agree=True upper=2113.74590819  CERT
513479179,0,1 RHO mem=True nz=True ynz=True cond=True claim_agree=True upper=0.948739429088  CERT
513479179,0,1 T   mem=True nz=True ynz=True cond=True claim_agree=True upper=2472.88216192  CERT
544709871,0,1 RHO mem=True nz=True ynz=True cond=True claim_agree=True upper=0.908985725132  CERT
544709871,0,1 T   mem=True nz=True ynz=True cond=True claim_agree=True upper=1982.75097319  CERT
588220979,0,1 RHO mem=True nz=True ynz=True cond=True claim_agree=True upper=0.953359256191  CERT
588220979,0,1 T   mem=True nz=True ynz=True cond=True claim_agree=True upper=2822.68486279  CERT
598313524,0,1 RHO mem=True nz=True ynz=True cond=True claim_agree=True upper=0.880214879869  CERT
598313524,0,1 T   mem=True nz=True ynz=True cond=True claim_agree=True upper=1451.13024986  CERT
598601848,0,1 RHO mem=True nz=True ynz=True cond=True claim_agree=True upper=0.948739429088  CERT
598601848,0,1 T   mem=True nz=True ynz=True cond=True claim_agree=True upper=2034.27367917  CERT
606535649,0,1 RHO mem=True nz=True ynz=True cond=True claim_agree=True upper=0.908985725132  CERT
606535649,0,1 T   mem=True nz=True ynz=True cond=True claim_agree=True upper=1837.99656689  CERT
744516931,0,1 RHO mem=True nz=True ynz=True cond=True claim_agree=True upper=0.936320874869  CERT
744516931,0,1 T   mem=True nz=True ynz=True cond=True claim_agree=True upper=2316.98062497  CERT
781965723,0,1 RHO mem=True nz=True ynz=True cond=True claim_agree=True upper=0.936320874869  CERT
781965723,0,1 T   mem=True nz=True ynz=True cond=True claim_agree=True upper=2204.99049451  CERT
786366885,0,1 RHO mem=True nz=True ynz=True cond=True claim_agree=True upper=0.913457951446  CERT
786366885,0,1 T   mem=True nz=True ynz=True cond=True claim_agree=True upper=2736.95434192  CERT
812095218,0,1 RHO mem=True nz=True ynz=True cond=True claim_agree=True upper=0.913457951446  CERT
812095218,0,1 T   mem=True nz=True ynz=True cond=True claim_agree=True upper=2374.63573004  CERT
852811234,0,1 RHO mem=True nz=True ynz=True cond=True claim_agree=True upper=0.875455784103  CERT
852811234,0,1 T   mem=True nz=True ynz=True cond=True claim_agree=True upper=1881.21831056  CERT
902424015,0,1 RHO mem=True nz=True ynz=True cond=True claim_agree=True upper=0.953359256191  CERT
902424015,0,1 T   mem=True nz=True ynz=True cond=True claim_agree=True upper=2325.52471359  CERT
916586426,0,1 RHO mem=True nz=True ynz=True cond=True claim_agree=True upper=0.930322819831  CERT
916586426,0,1 T   mem=True nz=True ynz=True cond=True claim_agree=True upper=2251.63078254  CERT
919136409,0,1 RHO mem=True nz=True ynz=True cond=True claim_agree=True upper=0.954904218347  CERT
919136409,0,1 T   mem=True nz=True ynz=True cond=True claim_agree=True upper=2355.45299422  CERT
922216289,0,1 RHO mem=True nz=True ynz=True cond=True claim_agree=True upper=0.880214879869  CERT
922216289,0,1 T   mem=True nz=True ynz=True cond=True claim_agree=True upper=1422.16351647  CERT
937023706,0,1 RHO mem=True nz=True ynz=True cond=True claim_agree=True upper=0.949593095497  CERT
937023706,0,1 T   mem=True nz=True ynz=True cond=True claim_agree=True upper=2054.48359423  CERT
FAMILY VERIFY n=7 l=1000785217 : EXCLUDED (components certified 32 / 32 ; lines 64 ; failed lines 0)
FAMILY VERIFY PASS
