FACTORIZATION: 32 irreducible factors of degree 2 over F_1001159233: OK (header deg/ncomp/bar_T agree)
25220318,0,1 RHO mem=True nz=True ynz=True cond=True claim_agree=True upper=0.915116298694  CERT
25220318,0,1 T   mem=True nz=True ynz=True cond=True claim_agree=True upper=2335.47349546  CERT
80865019,0,1 RHO mem=True nz=True ynz=True cond=True claim_agree=True upper=0.860786909168  CERT
80865019,0,1 T   mem=True nz=True ynz=True cond=True claim_agree=True upper=2209.09960915  CERT
94662262,0,1 RHO mem=True nz=True ynz=True cond=True claim_agree=True upper=0.892595902191  CERT
94662262,0,1 T   mem=True nz=True ynz=True cond=True claim_agree=True upper=1676.06673984  CERT
115634019,0,1 RHO mem=True nz=True ynz=True cond=True claim_agree=True upper=0.860786909168  CERT
115634019,0,1 T   mem=True nz=True ynz=True cond=True claim_agree=True upper=1801.25125356  CERT
151953691,0,1 RHO mem=True nz=True ynz=True cond=True claim_agree=True upper=0.873777566027  CERT
151953691,0,1 T   mem=True nz=True ynz=True cond=True claim_agree=True upper=1451.04737306  CERT
234635393,0,1 RHO mem=True nz=True ynz=True cond=True claim_agree=True upper=0.846344377959  CERT
234635393,0,1 T   mem=True nz=True ynz=True cond=True claim_agree=True upper=1781.02921090  CERT
236536129,0,1 RHO mem=True nz=True ynz=True cond=True claim_agree=True upper=0.918731180367  CERT
236536129,0,1 T   mem=True nz=True ynz=True cond=True claim_agree=True upper=2054.38396339  CERT
286070931,0,1 RHO mem=True nz=True ynz=True cond=True claim_agree=True upper=0.907161097820  CERT
286070931,0,1 T   mem=True nz=True ynz=True cond=True claim_agree=True upper=1549.89015626  CERT
334599706,0,1 RHO mem=True nz=True ynz=True cond=True claim_agree=True upper=0.922512173748  CERT
334599706,0,1 T   mem=True nz=True ynz=True cond=True claim_agree=True upper=2307.70588310  CERT
338803669,0,1 RHO mem=True nz=True ynz=True cond=True claim_agree=True upper=0.869693779138  CERT
338803669,0,1 T   mem=True nz=True ynz=True cond=True claim_agree=True upper=1469.54092818  CERT
354088394,0,1 RHO mem=True nz=True ynz=True cond=True claim_agree=True upper=0.905352007435  CERT
354088394,0,1 T   mem=True nz=True ynz=True cond=True claim_agree=True upper=1757.10112517  CERT
393088310,0,1 RHO mem=True nz=True ynz=True cond=True claim_agree=True upper=0.876631985312  CERT
393088310,0,1 T   mem=True nz=True ynz=True cond=True claim_agree=True upper=1645.76053771  CERT
401403848,0,1 RHO mem=True nz=True ynz=True cond=True claim_agree=True upper=0.894788283864  CERT
401403848,0,1 T   mem=True nz=True ynz=True cond=True claim_agree=True upper=1740.51423569  CERT
425536984,0,1 RHO mem=True nz=True ynz=True cond=True claim_agree=True upper=0.829017358019  CERT
425536984,0,1 T   mem=True nz=True ynz=True cond=True claim_agree=True upper=1243.88325412  CERT
428067690,0,1 RHO mem=True nz=True ynz=True cond=True claim_agree=True upper=0.885624216065  CERT
428067690,0,1 T   mem=True nz=True ynz=True cond=True claim_agree=True upper=1524.00662159  CERT
472366821,0,1 RHO mem=True nz=True ynz=True cond=True claim_agree=True upper=0.907161097820  CERT
472366821,0,1 T   mem=True nz=True ynz=True cond=True claim_agree=True upper=2198.23967014  CERT
528792412,0,1 RHO mem=True nz=True ynz=True cond=True claim_agree=True upper=0.861096862250  CERT
528792412,0,1 T   mem=True nz=True ynz=True cond=True claim_agree=True upper=1227.57764896  CERT
573091543,0,1 RHO mem=True nz=True ynz=True cond=True claim_agree=True upper=0.922512173748  CERT
573091543,0,1 T   mem=True nz=True ynz=True cond=True claim_agree=True upper=2236.24041436  CERT
575622249,0,1 RHO mem=True nz=True ynz=True cond=True claim_agree=True upper=0.894788283864  CERT
575622249,0,1 T   mem=True nz=True ynz=True cond=True claim_agree=True upper=2223.77693963  CERT
599755385,0,1 RHO mem=True nz=True ynz=True cond=True claim_agree=True upper=0.829017358019  CERT
599755385,0,1 T   mem=True nz=True ynz=True cond=True claim_agree=True upper=1685.70917950  CERT
608070923,0,1 RHO mem=True nz=True ynz=True cond=True claim_agree=True upper=0.918731180367  CERT
608070923,0,1 T   mem=True nz=True ynz=True cond=True claim_agree=True upper=2147.43673899  CERT
647070839,0,1 RHO mem=True nz=True ynz=True cond=True claim_agree=True upper=0.869693779138  CERT
647070839,0,1 T   mem=True nz=True ynz=True cond=True claim_agree=True upper=1765.97038990  CERT
662355564,0,1 RHO mem=True nz=True ynz=True cond=True claim_agree=True upper=0.905352007435  CERT
662355564,0,1 T   mem=True nz=True ynz=True cond=True claim_agree=True upper=2230.03204855  CERT
666559527,0,1 RHO mem=True nz=True ynz=True cond=True claim_agree=True upper=0.885624216065  CERT
666559527,0,1 T   mem=True nz=True ynz=True cond=True claim_agree=True upper=1467.62050659  CERT
715088302,0,1 RHO mem=True nz=True ynz=True cond=True claim_agree=True upper=0.861096862250  CERT
715088302,0,1 T   mem=True nz=True ynz=True cond=True claim_agree=True upper=1756.52872969  CERT
764623104,0,1 RHO mem=True nz=True ynz=True cond=True claim_agree=True upper=0.876631985312  CERT
764623104,0,1 T   mem=True nz=True ynz=True cond=True claim_agree=True upper=1620.27900085  CERT
766523840,0,1 RHO mem=True nz=True ynz=True cond=True claim_agree=True upper=0.892595902191  CERT
766523840,0,1 T   mem=True nz=True ynz=True cond=True claim_agree=True upper=2305.49804560  CERT
849205542,0,1 RHO mem=True nz=True ynz=True cond=True claim_agree=True upper=0.915116298694  CERT
849205542,0,1 T   mem=True nz=True ynz=True cond=True claim_agree=True upper=2103.06604324  CERT
885525214,0,1 RHO mem=True nz=True ynz=True cond=True claim_agree=True upper=0.941974155436  CERT
885525214,0,1 T   mem=True nz=True ynz=True cond=True claim_agree=True upper=1865.74124389  CERT
906496971,0,1 RHO mem=True nz=True ynz=True cond=True claim_agree=True upper=0.846344377959  CERT
906496971,0,1 T   mem=True nz=True ynz=True cond=True claim_agree=True upper=1786.65395793  CERT
920294214,0,1 RHO mem=True nz=True ynz=True cond=True claim_agree=True upper=0.941974155436  CERT
920294214,0,1 T   mem=True nz=True ynz=True cond=True claim_agree=True upper=2538.30629312  CERT
975938915,0,1 RHO mem=True nz=True ynz=True cond=True claim_agree=True upper=0.873777566027  CERT
975938915,0,1 T   mem=True nz=True ynz=True cond=True claim_agree=True upper=1582.27998887  CERT
FAMILY VERIFY n=7 l=1001159233 : EXCLUDED (components certified 32 / 32 ; lines 64 ; failed lines 0)
FAMILY VERIFY PASS
