FACTORIZATION: 32 irreducible factors of degree 2 over F_1000521793: OK (header deg/ncomp/bar_T agree)
44389710,0,1 RHO mem=True nz=True ynz=True cond=True claim_agree=True upper=0.947205735484  CERT
44389710,0,1 T   mem=True nz=True ynz=True cond=True claim_agree=True upper=2476.26159944  CERT
44841389,0,1 RHO mem=True nz=True ynz=True cond=True claim_agree=True upper=0.919265740973  CERT
44841389,0,1 T   mem=True nz=True ynz=True cond=True claim_agree=True upper=2333.42284088  CERT
51194768,0,1 RHO mem=True nz=True ynz=True cond=True claim_agree=True upper=0.936876181529  CERT
51194768,0,1 T   mem=True nz=True ynz=True cond=True claim_agree=True upper=3004.71318634  CERT
130560726,0,1 RHO mem=True nz=True ynz=True cond=True claim_agree=True upper=0.946344753733  CERT
130560726,0,1 T   mem=True nz=True ynz=True cond=True claim_agree=True upper=2017.67424755  CERT
132660343,0,1 RHO mem=True nz=True ynz=True cond=True claim_agree=True upper=0.941075892819  CERT
132660343,0,1 T   mem=True nz=True ynz=True cond=True claim_agree=True upper=2507.17773370  CERT
173390602,0,1 RHO mem=True nz=True ynz=True cond=True claim_agree=True upper=0.976485971844  CERT
173390602,0,1 T   mem=True nz=True ynz=True cond=True claim_agree=True upper=2821.08818492  CERT
227290945,0,1 RHO mem=True nz=True ynz=True cond=True claim_agree=True upper=0.961402530088  CERT
227290945,0,1 T   mem=True nz=True ynz=True cond=True claim_agree=True upper=3265.55663321  CERT
234583058,0,1 RHO mem=True nz=True ynz=True cond=True claim_agree=True upper=0.954483117035  CERT
234583058,0,1 T   mem=True nz=True ynz=True cond=True claim_agree=True upper=2753.09699654  CERT
314669077,0,1 RHO mem=True nz=True ynz=True cond=True claim_agree=True upper=0.957134079170  CERT
314669077,0,1 T   mem=True nz=True ynz=True cond=True claim_agree=True upper=3081.42821255  CERT
345004120,0,1 RHO mem=True nz=True ynz=True cond=True claim_agree=True upper=0.967436195117  CERT
345004120,0,1 T   mem=True nz=True ynz=True cond=True claim_agree=True upper=2470.57332836  CERT
420544957,0,1 RHO mem=True nz=True ynz=True cond=True claim_agree=True upper=0.947205735484  CERT
420544957,0,1 T   mem=True nz=True ynz=True cond=True claim_agree=True upper=2370.93249038  CERT
445198921,0,1 RHO mem=True nz=True ynz=True cond=True claim_agree=True upper=0.954105504076  CERT
445198921,0,1 T   mem=True nz=True ynz=True cond=True claim_agree=True upper=3225.80381827  CERT
461202074,0,1 RHO mem=True nz=True ynz=True cond=True claim_agree=True upper=0.941075892819  CERT
461202074,0,1 T   mem=True nz=True ynz=True cond=True claim_agree=True upper=2373.09852514  CERT
481181579,0,1 RHO mem=True nz=True ynz=True cond=True claim_agree=True upper=0.961402530088  CERT
481181579,0,1 T   mem=True nz=True ynz=True cond=True claim_agree=True upper=2859.04182422  CERT
484272521,0,1 RHO mem=True nz=True ynz=True cond=True claim_agree=True upper=0.936451610329  CERT
484272521,0,1 T   mem=True nz=True ynz=True cond=True claim_agree=True upper=2568.89241629  CERT
495605167,0,1 RHO mem=True nz=True ynz=True cond=True claim_agree=True upper=0.919265740973  CERT
495605167,0,1 T   mem=True nz=True ynz=True cond=True claim_agree=True upper=2648.86163648  CERT
504916626,0,1 RHO mem=True nz=True ynz=True cond=True claim_agree=True upper=0.907433792873  CERT
504916626,0,1 T   mem=True nz=True ynz=True cond=True claim_agree=True upper=2121.01659792  CERT
516249272,0,1 RHO mem=True nz=True ynz=True cond=True claim_agree=True upper=0.954483117035  CERT
516249272,0,1 T   mem=True nz=True ynz=True cond=True claim_agree=True upper=2641.99200557  CERT
519340214,0,1 RHO mem=True nz=True ynz=True cond=True claim_agree=True upper=0.968081427497  CERT
519340214,0,1 T   mem=True nz=True ynz=True cond=True claim_agree=True upper=2250.37387770  CERT
539319719,0,1 RHO mem=True nz=True ynz=True cond=True claim_agree=True upper=0.972166688463  CERT
539319719,0,1 T   mem=True nz=True ynz=True cond=True claim_agree=True upper=2349.85750500  CERT
555322872,0,1 RHO mem=True nz=True ynz=True cond=True claim_agree=True upper=0.976485971844  CERT
555322872,0,1 T   mem=True nz=True ynz=True cond=True claim_agree=True upper=2381.63703377  CERT
579976836,0,1 RHO mem=True nz=True ynz=True cond=True claim_agree=True upper=0.948816776300  CERT
579976836,0,1 T   mem=True nz=True ynz=True cond=True claim_agree=True upper=2869.89451097  CERT
655517673,0,1 RHO mem=True nz=True ynz=True cond=True claim_agree=True upper=0.946344753733  CERT
655517673,0,1 T   mem=True nz=True ynz=True cond=True claim_agree=True upper=2473.79757198  CERT
685852716,0,1 RHO mem=True nz=True ynz=True cond=True claim_agree=True upper=0.936876181529  CERT
685852716,0,1 T   mem=True nz=True ynz=True cond=True claim_agree=True upper=2319.81393422  CERT
765938735,0,1 RHO mem=True nz=True ynz=True cond=True claim_agree=True upper=0.936451610329  CERT
765938735,0,1 T   mem=True nz=True ynz=True cond=True claim_agree=True upper=2397.00148139  CERT
773230848,0,1 RHO mem=True nz=True ynz=True cond=True claim_agree=True upper=0.968081427497  CERT
773230848,0,1 T   mem=True nz=True ynz=True cond=True claim_agree=True upper=2794.78771054  CERT
827131191,0,1 RHO mem=True nz=True ynz=True cond=True claim_agree=True upper=0.954105504076  CERT
827131191,0,1 T   mem=True nz=True ynz=True cond=True claim_agree=True upper=3453.65412923  CERT
867861450,0,1 RHO mem=True nz=True ynz=True cond=True claim_agree=True upper=0.972166688463  CERT
867861450,0,1 T   mem=True nz=True ynz=True cond=True claim_agree=True upper=2321.50771533  CERT
869961067,0,1 RHO mem=True nz=True ynz=True cond=True claim_agree=True upper=0.967436195117  CERT
869961067,0,1 T   mem=True nz=True ynz=True cond=True claim_agree=True upper=2705.26958672  CERT
949327025,0,1 RHO mem=True nz=True ynz=True cond=True claim_agree=True upper=0.957134079170  CERT
949327025,0,1 T   mem=True nz=True ynz=True cond=True claim_agree=True upper=2903.77368639  CERT
955680404,0,1 RHO mem=True nz=True ynz=True cond=True claim_agree=True upper=0.907433792873  CERT
955680404,0,1 T   mem=True nz=True ynz=True cond=True claim_agree=True upper=1754.91782669  CERT
956132083,0,1 RHO mem=True nz=True ynz=True cond=True claim_agree=True upper=0.948816776300  CERT
956132083,0,1 T   mem=True nz=True ynz=True cond=True claim_agree=True upper=2736.36062206  CERT
FAMILY VERIFY n=7 l=1000521793 : EXCLUDED (components certified 32 / 32 ; lines 64 ; failed lines 0)
FAMILY VERIFY PASS
