FACTORIZATION: 32 irreducible factors of degree 2 over F_1000274881: OK (header deg/ncomp/bar_T agree)
9313496,0,1 RHO mem=True nz=True ynz=True cond=True claim_agree=True upper=0.958202783210  CERT
9313496,0,1 T   mem=True nz=True ynz=True cond=True claim_agree=True upper=2909.89044272  CERT
9571094,0,1 RHO mem=True nz=True ynz=True cond=True claim_agree=True upper=0.885329031238  CERT
9571094,0,1 T   mem=True nz=True ynz=True cond=True claim_agree=True upper=1943.14284802  CERT
161020866,0,1 RHO mem=True nz=True ynz=True cond=True claim_agree=True upper=0.952217991228  CERT
161020866,0,1 T   mem=True nz=True ynz=True cond=True claim_agree=True upper=2457.71467762  CERT
188448725,0,1 RHO mem=True nz=True ynz=True cond=True claim_agree=True upper=0.952631261763  CERT
188448725,0,1 T   mem=True nz=True ynz=True cond=True claim_agree=True upper=2257.52902384  CERT
192301904,0,1 RHO mem=True nz=True ynz=True cond=True claim_agree=True upper=0.956578989032  CERT
192301904,0,1 T   mem=True nz=True ynz=True cond=True claim_agree=True upper=2217.34385300  CERT
194966615,0,1 RHO mem=True nz=True ynz=True cond=True claim_agree=True upper=0.928601223960  CERT
194966615,0,1 T   mem=True nz=True ynz=True cond=True claim_agree=True upper=1897.25937163  CERT
199256324,0,1 RHO mem=True nz=True ynz=True cond=True claim_agree=True upper=0.958202783210  CERT
199256324,0,1 T   mem=True nz=True ynz=True cond=True claim_agree=True upper=2630.31131744  CERT
240746991,0,1 RHO mem=True nz=True ynz=True cond=True claim_agree=True upper=0.932829359209  CERT
240746991,0,1 T   mem=True nz=True ynz=True cond=True claim_agree=True upper=2179.31453459  CERT
243173138,0,1 RHO mem=True nz=True ynz=True cond=True claim_agree=True upper=0.941650235153  CERT
243173138,0,1 T   mem=True nz=True ynz=True cond=True claim_agree=True upper=2431.90955843  CERT
289568956,0,1 RHO mem=True nz=True ynz=True cond=True claim_agree=True upper=0.956804459525  CERT
289568956,0,1 T   mem=True nz=True ynz=True cond=True claim_agree=True upper=2027.48191540  CERT
302824172,0,1 RHO mem=True nz=True ynz=True cond=True claim_agree=True upper=0.933281837977  CERT
302824172,0,1 T   mem=True nz=True ynz=True cond=True claim_agree=True upper=2703.15607559  CERT
350031733,0,1 RHO mem=True nz=True ynz=True cond=True claim_agree=True upper=0.966636637444  CERT
350031733,0,1 T   mem=True nz=True ynz=True cond=True claim_agree=True upper=2452.29887064  CERT
365530351,0,1 RHO mem=True nz=True ynz=True cond=True claim_agree=True upper=0.956804459525  CERT
365530351,0,1 T   mem=True nz=True ynz=True cond=True claim_agree=True upper=2268.52762255  CERT
441317787,0,1 RHO mem=True nz=True ynz=True cond=True claim_agree=True upper=0.922823668890  CERT
441317787,0,1 T   mem=True nz=True ynz=True cond=True claim_agree=True upper=2864.34023005  CERT
455295886,0,1 RHO mem=True nz=True ynz=True cond=True claim_agree=True upper=0.933281837977  CERT
455295886,0,1 T   mem=True nz=True ynz=True cond=True claim_agree=True upper=2423.93964935  CERT
487381387,0,1 RHO mem=True nz=True ynz=True cond=True claim_agree=True upper=0.966636637444  CERT
487381387,0,1 T   mem=True nz=True ynz=True cond=True claim_agree=True upper=2600.36886105  CERT
512893494,0,1 RHO mem=True nz=True ynz=True cond=True claim_agree=True upper=0.916912086860  CERT
512893494,0,1 T   mem=True nz=True ynz=True cond=True claim_agree=True upper=2006.27636253  CERT
544978995,0,1 RHO mem=True nz=True ynz=True cond=True claim_agree=True upper=0.924302791499  CERT
544978995,0,1 T   mem=True nz=True ynz=True cond=True claim_agree=True upper=1799.27295822  CERT
558957094,0,1 RHO mem=True nz=True ynz=True cond=True claim_agree=True upper=0.956578989032  CERT
558957094,0,1 T   mem=True nz=True ynz=True cond=True claim_agree=True upper=2469.32058067  CERT
634744530,0,1 RHO mem=True nz=True ynz=True cond=True claim_agree=True upper=0.948666088055  CERT
634744530,0,1 T   mem=True nz=True ynz=True cond=True claim_agree=True upper=2394.32527416  CERT
650243148,0,1 RHO mem=True nz=True ynz=True cond=True claim_agree=True upper=0.916912086860  CERT
650243148,0,1 T   mem=True nz=True ynz=True cond=True claim_agree=True upper=2077.85116460  CERT
697450709,0,1 RHO mem=True nz=True ynz=True cond=True claim_agree=True upper=0.924302791499  CERT
697450709,0,1 T   mem=True nz=True ynz=True cond=True claim_agree=True upper=2002.90336167  CERT
710705925,0,1 RHO mem=True nz=True ynz=True cond=True claim_agree=True upper=0.948666088055  CERT
710705925,0,1 T   mem=True nz=True ynz=True cond=True claim_agree=True upper=2255.98904567  CERT
757101743,0,1 RHO mem=True nz=True ynz=True cond=True claim_agree=True upper=0.952217991228  CERT
757101743,0,1 T   mem=True nz=True ynz=True cond=True claim_agree=True upper=2055.13018901  CERT
759527890,0,1 RHO mem=True nz=True ynz=True cond=True claim_agree=True upper=0.952631261763  CERT
759527890,0,1 T   mem=True nz=True ynz=True cond=True claim_agree=True upper=2543.03600600  CERT
801018557,0,1 RHO mem=True nz=True ynz=True cond=True claim_agree=True upper=0.906942881674  CERT
801018557,0,1 T   mem=True nz=True ynz=True cond=True claim_agree=True upper=1668.35950186  CERT
805308266,0,1 RHO mem=True nz=True ynz=True cond=True claim_agree=True upper=0.885329031238  CERT
805308266,0,1 T   mem=True nz=True ynz=True cond=True claim_agree=True upper=2363.97364665  CERT
807972977,0,1 RHO mem=True nz=True ynz=True cond=True claim_agree=True upper=0.922823668890  CERT
807972977,0,1 T   mem=True nz=True ynz=True cond=True claim_agree=True upper=2234.31967605  CERT
811826156,0,1 RHO mem=True nz=True ynz=True cond=True claim_agree=True upper=0.932829359209  CERT
811826156,0,1 T   mem=True nz=True ynz=True cond=True claim_agree=True upper=2193.92489706  CERT
839254015,0,1 RHO mem=True nz=True ynz=True cond=True claim_agree=True upper=0.941650235153  CERT
839254015,0,1 T   mem=True nz=True ynz=True cond=True claim_agree=True upper=2461.11979074  CERT
990703787,0,1 RHO mem=True nz=True ynz=True cond=True claim_agree=True upper=0.928601223960  CERT
990703787,0,1 T   mem=True nz=True ynz=True cond=True claim_agree=True upper=1951.13293387  CERT
990961385,0,1 RHO mem=True nz=True ynz=True cond=True claim_agree=True upper=0.906942881674  CERT
990961385,0,1 T   mem=True nz=True ynz=True cond=True claim_agree=True upper=2264.12142544  CERT
FAMILY VERIFY n=7 l=1000274881 : EXCLUDED (components certified 32 / 32 ; lines 64 ; failed lines 0)
FAMILY VERIFY PASS
