FACTORIZATION: 32 irreducible factors of degree 2 over F_1000125761: OK (header deg/ncomp/bar_T agree)
18496828,0,1 RHO mem=True nz=True ynz=True cond=True claim_agree=True upper=0.944948761649  CERT
18496828,0,1 T   mem=True nz=True ynz=True cond=True claim_agree=True upper=2310.59349915  CERT
98395671,0,1 RHO mem=True nz=True ynz=True cond=True claim_agree=True upper=0.947417344656  CERT
98395671,0,1 T   mem=True nz=True ynz=True cond=True claim_agree=True upper=2942.15228370  CERT
123485363,0,1 RHO mem=True nz=True ynz=True cond=True claim_agree=True upper=0.949390506676  CERT
123485363,0,1 T   mem=True nz=True ynz=True cond=True claim_agree=True upper=2671.88316380  CERT
147364215,0,1 RHO mem=True nz=True ynz=True cond=True claim_agree=True upper=0.940061435718  CERT
147364215,0,1 T   mem=True nz=True ynz=True cond=True claim_agree=True upper=3102.62205238  CERT
172259336,0,1 RHO mem=True nz=True ynz=True cond=True claim_agree=True upper=0.933367396232  CERT
172259336,0,1 T   mem=True nz=True ynz=True cond=True claim_agree=True upper=2893.86118209  CERT
194336294,0,1 RHO mem=True nz=True ynz=True cond=True claim_agree=True upper=0.934477348831  CERT
194336294,0,1 T   mem=True nz=True ynz=True cond=True claim_agree=True upper=2374.30573149  CERT
200483533,0,1 RHO mem=True nz=True ynz=True cond=True claim_agree=True upper=0.947083808015  CERT
200483533,0,1 T   mem=True nz=True ynz=True cond=True claim_agree=True upper=2895.81782170  CERT
211972608,0,1 RHO mem=True nz=True ynz=True cond=True claim_agree=True upper=0.949390506676  CERT
211972608,0,1 T   mem=True nz=True ynz=True cond=True claim_agree=True upper=2686.80829361  CERT
239730731,0,1 RHO mem=True nz=True ynz=True cond=True claim_agree=True upper=0.947417344656  CERT
239730731,0,1 T   mem=True nz=True ynz=True cond=True claim_agree=True upper=2702.86584580  CERT
307139300,0,1 RHO mem=True nz=True ynz=True cond=True claim_agree=True upper=0.933367396232  CERT
307139300,0,1 T   mem=True nz=True ynz=True cond=True claim_agree=True upper=2823.99249121  CERT
369790633,0,1 RHO mem=True nz=True ynz=True cond=True claim_agree=True upper=0.940061435718  CERT
369790633,0,1 T   mem=True nz=True ynz=True cond=True claim_agree=True upper=2977.92605711  CERT
423769745,0,1 RHO mem=True nz=True ynz=True cond=True claim_agree=True upper=0.934075829648  CERT
423769745,0,1 T   mem=True nz=True ynz=True cond=True claim_agree=True upper=3025.46168371  CERT
440555991,0,1 RHO mem=True nz=True ynz=True cond=True claim_agree=True upper=0.944284643957  CERT
440555991,0,1 T   mem=True nz=True ynz=True cond=True claim_agree=True upper=2897.95068041  CERT
447657295,0,1 RHO mem=True nz=True ynz=True cond=True claim_agree=True upper=0.944284643957  CERT
447657295,0,1 T   mem=True nz=True ynz=True cond=True claim_agree=True upper=2393.59971285  CERT
479687301,0,1 RHO mem=True nz=True ynz=True cond=True claim_agree=True upper=0.947083808015  CERT
479687301,0,1 T   mem=True nz=True ynz=True cond=True claim_agree=True upper=2066.24789706  CERT
484553503,0,1 RHO mem=True nz=True ynz=True cond=True claim_agree=True upper=0.934075829648  CERT
484553503,0,1 T   mem=True nz=True ynz=True cond=True claim_agree=True upper=2361.33746905  CERT
515572258,0,1 RHO mem=True nz=True ynz=True cond=True claim_agree=True upper=0.952207332125  CERT
515572258,0,1 T   mem=True nz=True ynz=True cond=True claim_agree=True upper=2068.19766086  CERT
520438460,0,1 RHO mem=True nz=True ynz=True cond=True claim_agree=True upper=0.911773376241  CERT
520438460,0,1 T   mem=True nz=True ynz=True cond=True claim_agree=True upper=2130.79545012  CERT
552468466,0,1 RHO mem=True nz=True ynz=True cond=True claim_agree=True upper=0.947380820675  CERT
552468466,0,1 T   mem=True nz=True ynz=True cond=True claim_agree=True upper=2477.39061688  CERT
559569770,0,1 RHO mem=True nz=True ynz=True cond=True claim_agree=True upper=0.947380820675  CERT
559569770,0,1 T   mem=True nz=True ynz=True cond=True claim_agree=True upper=2688.94443284  CERT
576356016,0,1 RHO mem=True nz=True ynz=True cond=True claim_agree=True upper=0.952207332125  CERT
576356016,0,1 T   mem=True nz=True ynz=True cond=True claim_agree=True upper=2525.47326925  CERT
630335128,0,1 RHO mem=True nz=True ynz=True cond=True claim_agree=True upper=0.925783141215  CERT
630335128,0,1 T   mem=True nz=True ynz=True cond=True claim_agree=True upper=2695.30861156  CERT
692986461,0,1 RHO mem=True nz=True ynz=True cond=True claim_agree=True upper=0.965765459707  CERT
692986461,0,1 T   mem=True nz=True ynz=True cond=True claim_agree=True upper=2618.48986939  CERT
760395030,0,1 RHO mem=True nz=True ynz=True cond=True claim_agree=True upper=0.940755773980  CERT
760395030,0,1 T   mem=True nz=True ynz=True cond=True claim_agree=True upper=2323.64165942  CERT
788153153,0,1 RHO mem=True nz=True ynz=True cond=True claim_agree=True upper=0.966119984887  CERT
788153153,0,1 T   mem=True nz=True ynz=True cond=True claim_agree=True upper=3002.49039808  CERT
799642228,0,1 RHO mem=True nz=True ynz=True cond=True claim_agree=True upper=0.911773376241  CERT
799642228,0,1 T   mem=True nz=True ynz=True cond=True claim_agree=True upper=2561.54624192  CERT
805789467,0,1 RHO mem=True nz=True ynz=True cond=True claim_agree=True upper=0.944948761649  CERT
805789467,0,1 T   mem=True nz=True ynz=True cond=True claim_agree=True upper=2805.46934055  CERT
827866425,0,1 RHO mem=True nz=True ynz=True cond=True claim_agree=True upper=0.965765459707  CERT
827866425,0,1 T   mem=True nz=True ynz=True cond=True claim_agree=True upper=2699.46865989  CERT
852761546,0,1 RHO mem=True nz=True ynz=True cond=True claim_agree=True upper=0.925783141215  CERT
852761546,0,1 T   mem=True nz=True ynz=True cond=True claim_agree=True upper=1921.26842266  CERT
876640398,0,1 RHO mem=True nz=True ynz=True cond=True claim_agree=True upper=0.966119984887  CERT
876640398,0,1 T   mem=True nz=True ynz=True cond=True claim_agree=True upper=2903.61568249  CERT
901730090,0,1 RHO mem=True nz=True ynz=True cond=True claim_agree=True upper=0.940755773980  CERT
901730090,0,1 T   mem=True nz=True ynz=True cond=True claim_agree=True upper=2538.04101022  CERT
981628933,0,1 RHO mem=True nz=True ynz=True cond=True claim_agree=True upper=0.934477348831  CERT
981628933,0,1 T   mem=True nz=True ynz=True cond=True claim_agree=True upper=2753.49167538  CERT
FAMILY VERIFY n=7 l=1000125761 : EXCLUDED (components certified 32 / 32 ; lines 64 ; failed lines 0)
FAMILY VERIFY PASS
