FACTORIZATION: 32 irreducible factors of degree 2 over F_1001255873: OK (header deg/ncomp/bar_T agree)
62039257,0,1 RHO mem=True nz=True ynz=True cond=True claim_agree=True upper=0.935876694491  CERT
62039257,0,1 T   mem=True nz=True ynz=True cond=True claim_agree=True upper=2443.74403864  CERT
106209451,0,1 RHO mem=True nz=True ynz=True cond=True claim_agree=True upper=0.948173367277  CERT
106209451,0,1 T   mem=True nz=True ynz=True cond=True claim_agree=True upper=2246.25904123  CERT
168007610,0,1 RHO mem=True nz=True ynz=True cond=True claim_agree=True upper=0.986549758919  CERT
168007610,0,1 T   mem=True nz=True ynz=True cond=True claim_agree=True upper=2620.13964127  CERT
183552871,0,1 RHO mem=True nz=True ynz=True cond=True claim_agree=True upper=0.977826194394  CERT
183552871,0,1 T   mem=True nz=True ynz=True cond=True claim_agree=True upper=2400.31952247  CERT
251003328,0,1 RHO mem=True nz=True ynz=True cond=True claim_agree=True upper=0.947419354166  CERT
251003328,0,1 T   mem=True nz=True ynz=True cond=True claim_agree=True upper=1886.39679337  CERT
292931736,0,1 RHO mem=True nz=True ynz=True cond=True claim_agree=True upper=0.948173367277  CERT
292931736,0,1 T   mem=True nz=True ynz=True cond=True claim_agree=True upper=2565.50062325  CERT
315215409,0,1 RHO mem=True nz=True ynz=True cond=True claim_agree=True upper=0.967331893080  CERT
315215409,0,1 T   mem=True nz=True ynz=True cond=True claim_agree=True upper=2290.12990550  CERT
318246317,0,1 RHO mem=True nz=True ynz=True cond=True claim_agree=True upper=0.969654822745  CERT
318246317,0,1 T   mem=True nz=True ynz=True cond=True claim_agree=True upper=2573.69965612  CERT
322932348,0,1 RHO mem=True nz=True ynz=True cond=True claim_agree=True upper=0.935026420927  CERT
322932348,0,1 T   mem=True nz=True ynz=True cond=True claim_agree=True upper=2072.96396713  CERT
351884263,0,1 RHO mem=True nz=True ynz=True cond=True claim_agree=True upper=0.953453958838  CERT
351884263,0,1 T   mem=True nz=True ynz=True cond=True claim_agree=True upper=2368.77338422  CERT
393921265,0,1 RHO mem=True nz=True ynz=True cond=True claim_agree=True upper=0.969654822745  CERT
393921265,0,1 T   mem=True nz=True ynz=True cond=True claim_agree=True upper=2322.45560624  CERT
397290098,0,1 RHO mem=True nz=True ynz=True cond=True claim_agree=True upper=0.976502341246  CERT
397290098,0,1 T   mem=True nz=True ynz=True cond=True claim_agree=True upper=2838.88352078  CERT
411756221,0,1 RHO mem=True nz=True ynz=True cond=True claim_agree=True upper=0.934177272247  CERT
411756221,0,1 T   mem=True nz=True ynz=True cond=True claim_agree=True upper=2477.20442933  CERT
415772157,0,1 RHO mem=True nz=True ynz=True cond=True claim_agree=True upper=0.981135415634  CERT
415772157,0,1 T   mem=True nz=True ynz=True cond=True claim_agree=True upper=2720.98885849  CERT
428506446,0,1 RHO mem=True nz=True ynz=True cond=True claim_agree=True upper=0.935876694491  CERT
428506446,0,1 T   mem=True nz=True ynz=True cond=True claim_agree=True upper=2076.87070789  CERT
455279429,0,1 RHO mem=True nz=True ynz=True cond=True claim_agree=True upper=0.940641711480  CERT
455279429,0,1 T   mem=True nz=True ynz=True cond=True claim_agree=True upper=2502.18301680  CERT
545976444,0,1 RHO mem=True nz=True ynz=True cond=True claim_agree=True upper=0.986549758919  CERT
545976444,0,1 T   mem=True nz=True ynz=True cond=True claim_agree=True upper=3312.74997877  CERT
572749427,0,1 RHO mem=True nz=True ynz=True cond=True claim_agree=True upper=0.954866457116  CERT
572749427,0,1 T   mem=True nz=True ynz=True cond=True claim_agree=True upper=2696.66385526  CERT
585483716,0,1 RHO mem=True nz=True ynz=True cond=True claim_agree=True upper=0.935026420927  CERT
585483716,0,1 T   mem=True nz=True ynz=True cond=True claim_agree=True upper=2709.49824508  CERT
589499652,0,1 RHO mem=True nz=True ynz=True cond=True claim_agree=True upper=0.976502341246  CERT
589499652,0,1 T   mem=True nz=True ynz=True cond=True claim_agree=True upper=3206.77413012  CERT
603965775,0,1 RHO mem=True nz=True ynz=True cond=True claim_agree=True upper=0.934177272247  CERT
603965775,0,1 T   mem=True nz=True ynz=True cond=True claim_agree=True upper=2473.86392375  CERT
607334608,0,1 RHO mem=True nz=True ynz=True cond=True claim_agree=True upper=0.940322153121  CERT
607334608,0,1 T   mem=True nz=True ynz=True cond=True claim_agree=True upper=2372.82061050  CERT
649371610,0,1 RHO mem=True nz=True ynz=True cond=True claim_agree=True upper=0.967331893080  CERT
649371610,0,1 T   mem=True nz=True ynz=True cond=True claim_agree=True upper=3132.27002723  CERT
678323525,0,1 RHO mem=True nz=True ynz=True cond=True claim_agree=True upper=0.981135415634  CERT
678323525,0,1 T   mem=True nz=True ynz=True cond=True claim_agree=True upper=2788.47226789  CERT
683009556,0,1 RHO mem=True nz=True ynz=True cond=True claim_agree=True upper=0.940322153121  CERT
683009556,0,1 T   mem=True nz=True ynz=True cond=True claim_agree=True upper=2786.42081671  CERT
686040464,0,1 RHO mem=True nz=True ynz=True cond=True claim_agree=True upper=0.953453958838  CERT
686040464,0,1 T   mem=True nz=True ynz=True cond=True claim_agree=True upper=2893.47608127  CERT
708324137,0,1 RHO mem=True nz=True ynz=True cond=True claim_agree=True upper=0.955825456800  CERT
708324137,0,1 T   mem=True nz=True ynz=True cond=True claim_agree=True upper=3226.54727868  CERT
750252545,0,1 RHO mem=True nz=True ynz=True cond=True claim_agree=True upper=0.977826194394  CERT
750252545,0,1 T   mem=True nz=True ynz=True cond=True claim_agree=True upper=2941.81976933  CERT
817703002,0,1 RHO mem=True nz=True ynz=True cond=True claim_agree=True upper=0.947419354166  CERT
817703002,0,1 T   mem=True nz=True ynz=True cond=True claim_agree=True upper=2726.11583997  CERT
833248263,0,1 RHO mem=True nz=True ynz=True cond=True claim_agree=True upper=0.940641711480  CERT
833248263,0,1 T   mem=True nz=True ynz=True cond=True claim_agree=True upper=2775.23431133  CERT
895046422,0,1 RHO mem=True nz=True ynz=True cond=True claim_agree=True upper=0.955825456800  CERT
895046422,0,1 T   mem=True nz=True ynz=True cond=True claim_agree=True upper=2552.97382127  CERT
939216616,0,1 RHO mem=True nz=True ynz=True cond=True claim_agree=True upper=0.954866457116  CERT
939216616,0,1 T   mem=True nz=True ynz=True cond=True claim_agree=True upper=2812.97398886  CERT
FAMILY VERIFY n=7 l=1001255873 : EXCLUDED (components certified 32 / 32 ; lines 64 ; failed lines 0)
FAMILY VERIFY PASS
