FACTORIZATION: 32 irreducible factors of degree 2 over F_1001268929: OK (header deg/ncomp/bar_T agree)
46375104,0,1 RHO mem=True nz=True ynz=True cond=True claim_agree=True upper=0.860557653876  CERT
46375104,0,1 T   mem=True nz=True ynz=True cond=True claim_agree=True upper=2268.61606355  CERT
76706563,0,1 RHO mem=True nz=True ynz=True cond=True claim_agree=True upper=0.905676169965  CERT
76706563,0,1 T   mem=True nz=True ynz=True cond=True claim_agree=True upper=2156.58770818  CERT
103058142,0,1 RHO mem=True nz=True ynz=True cond=True claim_agree=True upper=0.843297129371  CERT
103058142,0,1 T   mem=True nz=True ynz=True cond=True claim_agree=True upper=1640.82470583  CERT
120676105,0,1 RHO mem=True nz=True ynz=True cond=True claim_agree=True upper=0.912638557762  CERT
120676105,0,1 T   mem=True nz=True ynz=True cond=True claim_agree=True upper=2235.82385738  CERT
165710913,0,1 RHO mem=True nz=True ynz=True cond=True claim_agree=True upper=0.897118781236  CERT
165710913,0,1 T   mem=True nz=True ynz=True cond=True claim_agree=True upper=1880.63741490  CERT
190417959,0,1 RHO mem=True nz=True ynz=True cond=True claim_agree=True upper=0.919945415759  CERT
190417959,0,1 T   mem=True nz=True ynz=True cond=True claim_agree=True upper=2688.00148967  CERT
229752082,0,1 RHO mem=True nz=True ynz=True cond=True claim_agree=True upper=0.912191383531  CERT
229752082,0,1 T   mem=True nz=True ynz=True cond=True claim_agree=True upper=2390.27426027  CERT
239375412,0,1 RHO mem=True nz=True ynz=True cond=True claim_agree=True upper=0.905676169965  CERT
239375412,0,1 T   mem=True nz=True ynz=True cond=True claim_agree=True upper=1911.56506105  CERT
267906899,0,1 RHO mem=True nz=True ynz=True cond=True claim_agree=True upper=0.897118781236  CERT
267906899,0,1 T   mem=True nz=True ynz=True cond=True claim_agree=True upper=1745.93252432  CERT
393964208,0,1 RHO mem=True nz=True ynz=True cond=True claim_agree=True upper=0.860767617904  CERT
393964208,0,1 T   mem=True nz=True ynz=True cond=True claim_agree=True upper=1201.60318336  CERT
396456251,0,1 RHO mem=True nz=True ynz=True cond=True claim_agree=True upper=0.877306746287  CERT
396456251,0,1 T   mem=True nz=True ynz=True cond=True claim_agree=True upper=1659.68436035  CERT
403081660,0,1 RHO mem=True nz=True ynz=True cond=True claim_agree=True upper=0.910552392702  CERT
403081660,0,1 T   mem=True nz=True ynz=True cond=True claim_agree=True upper=1658.88871212  CERT
442829639,0,1 RHO mem=True nz=True ynz=True cond=True claim_agree=True upper=0.912191383531  CERT
442829639,0,1 T   mem=True nz=True ynz=True cond=True claim_agree=True upper=2136.90726517  CERT
471368084,0,1 RHO mem=True nz=True ynz=True cond=True claim_agree=True upper=0.858631348384  CERT
471368084,0,1 T   mem=True nz=True ynz=True cond=True claim_agree=True upper=1301.78773658  CERT
480656448,0,1 RHO mem=True nz=True ynz=True cond=True claim_agree=True upper=0.945619777537  CERT
480656448,0,1 T   mem=True nz=True ynz=True cond=True claim_agree=True upper=2722.45167370  CERT
487323413,0,1 RHO mem=True nz=True ynz=True cond=True claim_agree=True upper=0.874026385353  CERT
487323413,0,1 T   mem=True nz=True ynz=True cond=True claim_agree=True upper=1830.66770798  CERT
513945516,0,1 RHO mem=True nz=True ynz=True cond=True claim_agree=True upper=0.910552392702  CERT
513945516,0,1 T   mem=True nz=True ynz=True cond=True claim_agree=True upper=1955.26159988  CERT
520612481,0,1 RHO mem=True nz=True ynz=True cond=True claim_agree=True upper=0.858631348384  CERT
520612481,0,1 T   mem=True nz=True ynz=True cond=True claim_agree=True upper=1563.24974583  CERT
529900845,0,1 RHO mem=True nz=True ynz=True cond=True claim_agree=True upper=0.945619777537  CERT
529900845,0,1 T   mem=True nz=True ynz=True cond=True claim_agree=True upper=2075.62906221  CERT
558439290,0,1 RHO mem=True nz=True ynz=True cond=True claim_agree=True upper=0.880148478655  CERT
558439290,0,1 T   mem=True nz=True ynz=True cond=True claim_agree=True upper=1609.22250764  CERT
598187269,0,1 RHO mem=True nz=True ynz=True cond=True claim_agree=True upper=0.874026385353  CERT
598187269,0,1 T   mem=True nz=True ynz=True cond=True claim_agree=True upper=1546.69863887  CERT
604812678,0,1 RHO mem=True nz=True ynz=True cond=True claim_agree=True upper=0.912638557762  CERT
604812678,0,1 T   mem=True nz=True ynz=True cond=True claim_agree=True upper=2062.27664990  CERT
607304721,0,1 RHO mem=True nz=True ynz=True cond=True claim_agree=True upper=0.860557653876  CERT
607304721,0,1 T   mem=True nz=True ynz=True cond=True claim_agree=True upper=1657.32872043  CERT
733362030,0,1 RHO mem=True nz=True ynz=True cond=True claim_agree=True upper=0.921430107563  CERT
733362030,0,1 T   mem=True nz=True ynz=True cond=True claim_agree=True upper=1885.19495801  CERT
761893517,0,1 RHO mem=True nz=True ynz=True cond=True claim_agree=True upper=0.880641473479  CERT
761893517,0,1 T   mem=True nz=True ynz=True cond=True claim_agree=True upper=1813.79817246  CERT
771516847,0,1 RHO mem=True nz=True ynz=True cond=True claim_agree=True upper=0.880148478655  CERT
771516847,0,1 T   mem=True nz=True ynz=True cond=True claim_agree=True upper=1624.08669986  CERT
810850970,0,1 RHO mem=True nz=True ynz=True cond=True claim_agree=True upper=0.843297129371  CERT
810850970,0,1 T   mem=True nz=True ynz=True cond=True claim_agree=True upper=1582.97634805  CERT
835558016,0,1 RHO mem=True nz=True ynz=True cond=True claim_agree=True upper=0.921430107563  CERT
835558016,0,1 T   mem=True nz=True ynz=True cond=True claim_agree=True upper=2144.51166636  CERT
880592824,0,1 RHO mem=True nz=True ynz=True cond=True claim_agree=True upper=0.877306746287  CERT
880592824,0,1 T   mem=True nz=True ynz=True cond=True claim_agree=True upper=1676.25907794  CERT
898210787,0,1 RHO mem=True nz=True ynz=True cond=True claim_agree=True upper=0.919945415759  CERT
898210787,0,1 T   mem=True nz=True ynz=True cond=True claim_agree=True upper=2663.45840063  CERT
924562366,0,1 RHO mem=True nz=True ynz=True cond=True claim_agree=True upper=0.880641473479  CERT
924562366,0,1 T   mem=True nz=True ynz=True cond=True claim_agree=True upper=1461.97748708  CERT
954893825,0,1 RHO mem=True nz=True ynz=True cond=True claim_agree=True upper=0.860767617904  CERT
954893825,0,1 T   mem=True nz=True ynz=True cond=True claim_agree=True upper=1941.88137521  CERT
FAMILY VERIFY n=7 l=1001268929 : EXCLUDED (components certified 32 / 32 ; lines 64 ; failed lines 0)
FAMILY VERIFY PASS
