FACTORIZATION: 32 irreducible factors of degree 2 over F_1001257793: OK (header deg/ncomp/bar_T agree)
65200609,0,1 RHO mem=True nz=True ynz=True cond=True claim_agree=True upper=0.904418491817  CERT
65200609,0,1 T   mem=True nz=True ynz=True cond=True claim_agree=True upper=2415.92633242  CERT
105711439,0,1 RHO mem=True nz=True ynz=True cond=True claim_agree=True upper=0.966275467973  CERT
105711439,0,1 T   mem=True nz=True ynz=True cond=True claim_agree=True upper=2875.59959218  CERT
123611917,0,1 RHO mem=True nz=True ynz=True cond=True claim_agree=True upper=0.933585658892  CERT
123611917,0,1 T   mem=True nz=True ynz=True cond=True claim_agree=True upper=2540.62506820  CERT
125692514,0,1 RHO mem=True nz=True ynz=True cond=True claim_agree=True upper=0.951482785571  CERT
125692514,0,1 T   mem=True nz=True ynz=True cond=True claim_agree=True upper=2861.35006519  CERT
135677137,0,1 RHO mem=True nz=True ynz=True cond=True claim_agree=True upper=0.915640981025  CERT
135677137,0,1 T   mem=True nz=True ynz=True cond=True claim_agree=True upper=2423.84355882  CERT
173257170,0,1 RHO mem=True nz=True ynz=True cond=True claim_agree=True upper=0.959594224474  CERT
173257170,0,1 T   mem=True nz=True ynz=True cond=True claim_agree=True upper=3033.29155426  CERT
211160159,0,1 RHO mem=True nz=True ynz=True cond=True claim_agree=True upper=0.959594224474  CERT
211160159,0,1 T   mem=True nz=True ynz=True cond=True claim_agree=True upper=2816.95772427  CERT
244595821,0,1 RHO mem=True nz=True ynz=True cond=True claim_agree=True upper=0.970146752179  CERT
244595821,0,1 T   mem=True nz=True ynz=True cond=True claim_agree=True upper=2171.53340308  CERT
252024553,0,1 RHO mem=True nz=True ynz=True cond=True claim_agree=True upper=0.956718794409  CERT
252024553,0,1 T   mem=True nz=True ynz=True cond=True claim_agree=True upper=2445.21848901  CERT
286023494,0,1 RHO mem=True nz=True ynz=True cond=True claim_agree=True upper=0.966389882042  CERT
286023494,0,1 T   mem=True nz=True ynz=True cond=True claim_agree=True upper=2731.69531323  CERT
326760487,0,1 RHO mem=True nz=True ynz=True cond=True claim_agree=True upper=0.951333177570  CERT
326760487,0,1 T   mem=True nz=True ynz=True cond=True claim_agree=True upper=2789.36158475  CERT
337840159,0,1 RHO mem=True nz=True ynz=True cond=True claim_agree=True upper=0.937477390320  CERT
337840159,0,1 T   mem=True nz=True ynz=True cond=True claim_agree=True upper=2977.97592473  CERT
347951925,0,1 RHO mem=True nz=True ynz=True cond=True claim_agree=True upper=0.956718794409  CERT
347951925,0,1 T   mem=True nz=True ynz=True cond=True claim_agree=True upper=2005.75201918  CERT
372316282,0,1 RHO mem=True nz=True ynz=True cond=True claim_agree=True upper=0.979076265800  CERT
372316282,0,1 T   mem=True nz=True ynz=True cond=True claim_agree=True upper=2392.69493471  CERT
391473237,0,1 RHO mem=True nz=True ynz=True cond=True claim_agree=True upper=0.970146752179  CERT
391473237,0,1 T   mem=True nz=True ynz=True cond=True claim_agree=True upper=2868.15120204  CERT
391518515,0,1 RHO mem=True nz=True ynz=True cond=True claim_agree=True upper=0.935031747518  CERT
391518515,0,1 T   mem=True nz=True ynz=True cond=True claim_agree=True upper=2302.52018477  CERT
609739278,0,1 RHO mem=True nz=True ynz=True cond=True claim_agree=True upper=0.951482785571  CERT
609739278,0,1 T   mem=True nz=True ynz=True cond=True claim_agree=True upper=2481.42005764  CERT
609784556,0,1 RHO mem=True nz=True ynz=True cond=True claim_agree=True upper=0.927699828316  CERT
609784556,0,1 T   mem=True nz=True ynz=True cond=True claim_agree=True upper=2376.29304144  CERT
628941511,0,1 RHO mem=True nz=True ynz=True cond=True claim_agree=True upper=0.933585658892  CERT
628941511,0,1 T   mem=True nz=True ynz=True cond=True claim_agree=True upper=2555.09494565  CERT
653305868,0,1 RHO mem=True nz=True ynz=True cond=True claim_agree=True upper=0.948130147481  CERT
653305868,0,1 T   mem=True nz=True ynz=True cond=True claim_agree=True upper=2988.61836338  CERT
663417634,0,1 RHO mem=True nz=True ynz=True cond=True claim_agree=True upper=0.951333177570  CERT
663417634,0,1 T   mem=True nz=True ynz=True cond=True claim_agree=True upper=2816.05177759  CERT
674497306,0,1 RHO mem=True nz=True ynz=True cond=True claim_agree=True upper=0.937477390320  CERT
674497306,0,1 T   mem=True nz=True ynz=True cond=True claim_agree=True upper=2290.46302122  CERT
715234299,0,1 RHO mem=True nz=True ynz=True cond=True claim_agree=True upper=0.904418491817  CERT
715234299,0,1 T   mem=True nz=True ynz=True cond=True claim_agree=True upper=2559.37609845  CERT
749233240,0,1 RHO mem=True nz=True ynz=True cond=True claim_agree=True upper=0.948130147481  CERT
749233240,0,1 T   mem=True nz=True ynz=True cond=True claim_agree=True upper=2353.63552854  CERT
756661972,0,1 RHO mem=True nz=True ynz=True cond=True claim_agree=True upper=0.927699828316  CERT
756661972,0,1 T   mem=True nz=True ynz=True cond=True claim_agree=True upper=2283.70582276  CERT
790097634,0,1 RHO mem=True nz=True ynz=True cond=True claim_agree=True upper=0.945261524799  CERT
790097634,0,1 T   mem=True nz=True ynz=True cond=True claim_agree=True upper=2394.82053716  CERT
828000623,0,1 RHO mem=True nz=True ynz=True cond=True claim_agree=True upper=0.945261524799  CERT
828000623,0,1 T   mem=True nz=True ynz=True cond=True claim_agree=True upper=2379.09727304  CERT
865580656,0,1 RHO mem=True nz=True ynz=True cond=True claim_agree=True upper=0.966275467973  CERT
865580656,0,1 T   mem=True nz=True ynz=True cond=True claim_agree=True upper=2521.84829507  CERT
875565279,0,1 RHO mem=True nz=True ynz=True cond=True claim_agree=True upper=0.935031747518  CERT
875565279,0,1 T   mem=True nz=True ynz=True cond=True claim_agree=True upper=2550.84455320  CERT
877645876,0,1 RHO mem=True nz=True ynz=True cond=True claim_agree=True upper=0.979076265800  CERT
877645876,0,1 T   mem=True nz=True ynz=True cond=True claim_agree=True upper=2660.30067482  CERT
895546354,0,1 RHO mem=True nz=True ynz=True cond=True claim_agree=True upper=0.915640981025  CERT
895546354,0,1 T   mem=True nz=True ynz=True cond=True claim_agree=True upper=2625.83500631  CERT
936057184,0,1 RHO mem=True nz=True ynz=True cond=True claim_agree=True upper=0.966389882042  CERT
936057184,0,1 T   mem=True nz=True ynz=True cond=True claim_agree=True upper=2385.09148037  CERT
FAMILY VERIFY n=7 l=1001257793 : EXCLUDED (components certified 32 / 32 ; lines 64 ; failed lines 0)
FAMILY VERIFY PASS
