FACTORIZATION: 32 irreducible factors of degree 2 over F_1000095553: OK (header deg/ncomp/bar_T agree)
521475,0,1 RHO mem=True nz=True ynz=True cond=True claim_agree=True upper=0.897902578083  CERT
521475,0,1 T   mem=True nz=True ynz=True cond=True claim_agree=True upper=1890.65152471  CERT
45219259,0,1 RHO mem=True nz=True ynz=True cond=True claim_agree=True upper=0.913087452704  CERT
45219259,0,1 T   mem=True nz=True ynz=True cond=True claim_agree=True upper=2277.96824785  CERT
84187988,0,1 RHO mem=True nz=True ynz=True cond=True claim_agree=True upper=0.868745522897  CERT
84187988,0,1 T   mem=True nz=True ynz=True cond=True claim_agree=True upper=1987.28653128  CERT
85980932,0,1 RHO mem=True nz=True ynz=True cond=True claim_agree=True upper=0.878518076448  CERT
85980932,0,1 T   mem=True nz=True ynz=True cond=True claim_agree=True upper=1424.22873429  CERT
108536496,0,1 RHO mem=True nz=True ynz=True cond=True claim_agree=True upper=0.913087452704  CERT
108536496,0,1 T   mem=True nz=True ynz=True cond=True claim_agree=True upper=3158.30399382  CERT
135689514,0,1 RHO mem=True nz=True ynz=True cond=True claim_agree=True upper=0.907229114270  CERT
135689514,0,1 T   mem=True nz=True ynz=True cond=True claim_agree=True upper=1965.60916890  CERT
149430836,0,1 RHO mem=True nz=True ynz=True cond=True claim_agree=True upper=0.888269768067  CERT
149430836,0,1 T   mem=True nz=True ynz=True cond=True claim_agree=True upper=1481.88502588  CERT
173880569,0,1 RHO mem=True nz=True ynz=True cond=True claim_agree=True upper=0.947193684581  CERT
173880569,0,1 T   mem=True nz=True ynz=True cond=True claim_agree=True upper=2312.82999144  CERT
176285708,0,1 RHO mem=True nz=True ynz=True cond=True claim_agree=True upper=0.886789835960  CERT
176285708,0,1 T   mem=True nz=True ynz=True cond=True claim_agree=True upper=1507.83941966  CERT
258393459,0,1 RHO mem=True nz=True ynz=True cond=True claim_agree=True upper=0.868745522897  CERT
258393459,0,1 T   mem=True nz=True ynz=True cond=True claim_agree=True upper=3111.77860501  CERT
268114325,0,1 RHO mem=True nz=True ynz=True cond=True claim_agree=True upper=0.885745133599  CERT
268114325,0,1 T   mem=True nz=True ynz=True cond=True claim_agree=True upper=1723.38470989  CERT
274793057,0,1 RHO mem=True nz=True ynz=True cond=True claim_agree=True upper=0.925093710185  CERT
274793057,0,1 T   mem=True nz=True ynz=True cond=True claim_agree=True upper=1748.68544170  CERT
306801371,0,1 RHO mem=True nz=True ynz=True cond=True claim_agree=True upper=0.823725609558  CERT
306801371,0,1 T   mem=True nz=True ynz=True cond=True claim_agree=True upper=1334.21863143  CERT
307219032,0,1 RHO mem=True nz=True ynz=True cond=True claim_agree=True upper=0.925093710185  CERT
307219032,0,1 T   mem=True nz=True ynz=True cond=True claim_agree=True upper=3385.12490226  CERT
325037533,0,1 RHO mem=True nz=True ynz=True cond=True claim_agree=True upper=0.888408728188  CERT
325037533,0,1 T   mem=True nz=True ynz=True cond=True claim_agree=True upper=1611.08372381  CERT
386581754,0,1 RHO mem=True nz=True ynz=True cond=True claim_agree=True upper=0.886789835960  CERT
386581754,0,1 T   mem=True nz=True ynz=True cond=True claim_agree=True upper=1846.87872655  CERT
613513799,0,1 RHO mem=True nz=True ynz=True cond=True claim_agree=True upper=0.880270492962  CERT
613513799,0,1 T   mem=True nz=True ynz=True cond=True claim_agree=True upper=1876.97300814  CERT
675058020,0,1 RHO mem=True nz=True ynz=True cond=True claim_agree=True upper=0.907229114270  CERT
675058020,0,1 T   mem=True nz=True ynz=True cond=True claim_agree=True upper=1560.13517975  CERT
692876521,0,1 RHO mem=True nz=True ynz=True cond=True claim_agree=True upper=0.865485752553  CERT
692876521,0,1 T   mem=True nz=True ynz=True cond=True claim_agree=True upper=1844.36887567  CERT
693294182,0,1 RHO mem=True nz=True ynz=True cond=True claim_agree=True upper=0.947193684581  CERT
693294182,0,1 T   mem=True nz=True ynz=True cond=True claim_agree=True upper=2470.88454960  CERT
725302496,0,1 RHO mem=True nz=True ynz=True cond=True claim_agree=True upper=0.865485752553  CERT
725302496,0,1 T   mem=True nz=True ynz=True cond=True claim_agree=True upper=2307.18066565  CERT
731981228,0,1 RHO mem=True nz=True ynz=True cond=True claim_agree=True upper=0.878518076448  CERT
731981228,0,1 T   mem=True nz=True ynz=True cond=True claim_agree=True upper=2455.90831636  CERT
741702094,0,1 RHO mem=True nz=True ynz=True cond=True claim_agree=True upper=0.923158140575  CERT
741702094,0,1 T   mem=True nz=True ynz=True cond=True claim_agree=True upper=2042.13520046  CERT
823809845,0,1 RHO mem=True nz=True ynz=True cond=True claim_agree=True upper=0.880270492962  CERT
823809845,0,1 T   mem=True nz=True ynz=True cond=True claim_agree=True upper=1455.50266233  CERT
826214984,0,1 RHO mem=True nz=True ynz=True cond=True claim_agree=True upper=0.823725609558  CERT
826214984,0,1 T   mem=True nz=True ynz=True cond=True claim_agree=True upper=2672.11239745  CERT
850664717,0,1 RHO mem=True nz=True ynz=True cond=True claim_agree=True upper=0.897902578083  CERT
850664717,0,1 T   mem=True nz=True ynz=True cond=True claim_agree=True upper=1606.70966993  CERT
864406039,0,1 RHO mem=True nz=True ynz=True cond=True claim_agree=True upper=0.888408728188  CERT
864406039,0,1 T   mem=True nz=True ynz=True cond=True claim_agree=True upper=2225.94450040  CERT
891559057,0,1 RHO mem=True nz=True ynz=True cond=True claim_agree=True upper=0.856010383003  CERT
891559057,0,1 T   mem=True nz=True ynz=True cond=True claim_agree=True upper=2774.36181513  CERT
914114621,0,1 RHO mem=True nz=True ynz=True cond=True claim_agree=True upper=0.885745133599  CERT
914114621,0,1 T   mem=True nz=True ynz=True cond=True claim_agree=True upper=1561.40949035  CERT
915907565,0,1 RHO mem=True nz=True ynz=True cond=True claim_agree=True upper=0.923158140575  CERT
915907565,0,1 T   mem=True nz=True ynz=True cond=True claim_agree=True upper=2403.67320482  CERT
954876294,0,1 RHO mem=True nz=True ynz=True cond=True claim_agree=True upper=0.856010383003  CERT
954876294,0,1 T   mem=True nz=True ynz=True cond=True claim_agree=True upper=2251.86960428  CERT
999574078,0,1 RHO mem=True nz=True ynz=True cond=True claim_agree=True upper=0.888269768067  CERT
999574078,0,1 T   mem=True nz=True ynz=True cond=True claim_agree=True upper=1956.07389674  CERT
FAMILY VERIFY n=7 l=1000095553 : EXCLUDED (components certified 32 / 32 ; lines 64 ; failed lines 0)
FAMILY VERIFY PASS
