FACTORIZATION: 32 irreducible factors of degree 2 over F_1000183361: OK (header deg/ncomp/bar_T agree)
59311677,0,1 RHO mem=True nz=True ynz=True cond=True claim_agree=True upper=0.975889465259  CERT
59311677,0,1 T   mem=True nz=True ynz=True cond=True claim_agree=True upper=2616.96710988  CERT
71247129,0,1 RHO mem=True nz=True ynz=True cond=True claim_agree=True upper=0.975889465259  CERT
71247129,0,1 T   mem=True nz=True ynz=True cond=True claim_agree=True upper=3240.40826719  CERT
94872782,0,1 RHO mem=True nz=True ynz=True cond=True claim_agree=True upper=0.969420232910  CERT
94872782,0,1 T   mem=True nz=True ynz=True cond=True claim_agree=True upper=2174.86714360  CERT
103067730,0,1 RHO mem=True nz=True ynz=True cond=True claim_agree=True upper=0.953742119456  CERT
103067730,0,1 T   mem=True nz=True ynz=True cond=True claim_agree=True upper=2783.47206753  CERT
165508518,0,1 RHO mem=True nz=True ynz=True cond=True claim_agree=True upper=0.958757034708  CERT
165508518,0,1 T   mem=True nz=True ynz=True cond=True claim_agree=True upper=2706.15557774  CERT
185001710,0,1 RHO mem=True nz=True ynz=True cond=True claim_agree=True upper=0.961586669753  CERT
185001710,0,1 T   mem=True nz=True ynz=True cond=True claim_agree=True upper=2384.60162678  CERT
208798830,0,1 RHO mem=True nz=True ynz=True cond=True claim_agree=True upper=0.961586669753  CERT
208798830,0,1 T   mem=True nz=True ynz=True cond=True claim_agree=True upper=2461.48898234  CERT
238240355,0,1 RHO mem=True nz=True ynz=True cond=True claim_agree=True upper=0.955388112247  CERT
238240355,0,1 T   mem=True nz=True ynz=True cond=True claim_agree=True upper=3630.63054432  CERT
261259641,0,1 RHO mem=True nz=True ynz=True cond=True claim_agree=True upper=0.952759176780  CERT
261259641,0,1 T   mem=True nz=True ynz=True cond=True claim_agree=True upper=2506.62308610  CERT
292411911,0,1 RHO mem=True nz=True ynz=True cond=True claim_agree=True upper=0.994900644503  CERT
292411911,0,1 T   mem=True nz=True ynz=True cond=True claim_agree=True upper=2804.69491045  CERT
299488740,0,1 RHO mem=True nz=True ynz=True cond=True claim_agree=True upper=0.958772859013  CERT
299488740,0,1 T   mem=True nz=True ynz=True cond=True claim_agree=True upper=3218.13714495  CERT
310234492,0,1 RHO mem=True nz=True ynz=True cond=True claim_agree=True upper=0.977698062961  CERT
310234492,0,1 T   mem=True nz=True ynz=True cond=True claim_agree=True upper=2726.03193207  CERT
348543211,0,1 RHO mem=True nz=True ynz=True cond=True claim_agree=True upper=0.952249289525  CERT
348543211,0,1 T   mem=True nz=True ynz=True cond=True claim_agree=True upper=2630.05224372  CERT
375174374,0,1 RHO mem=True nz=True ynz=True cond=True claim_agree=True upper=0.958757034708  CERT
375174374,0,1 T   mem=True nz=True ynz=True cond=True claim_agree=True upper=2431.82384614  CERT
437236729,0,1 RHO mem=True nz=True ynz=True cond=True claim_agree=True upper=0.959229656284  CERT
437236729,0,1 T   mem=True nz=True ynz=True cond=True claim_agree=True upper=3122.19011301  CERT
453689641,0,1 RHO mem=True nz=True ynz=True cond=True claim_agree=True upper=0.959229656284  CERT
453689641,0,1 T   mem=True nz=True ynz=True cond=True claim_agree=True upper=2767.58764567  CERT
546493720,0,1 RHO mem=True nz=True ynz=True cond=True claim_agree=True upper=0.966226369634  CERT
546493720,0,1 T   mem=True nz=True ynz=True cond=True claim_agree=True upper=2460.66439550  CERT
562946632,0,1 RHO mem=True nz=True ynz=True cond=True claim_agree=True upper=0.966226369634  CERT
562946632,0,1 T   mem=True nz=True ynz=True cond=True claim_agree=True upper=2753.80073759  CERT
625008987,0,1 RHO mem=True nz=True ynz=True cond=True claim_agree=True upper=0.965965785559  CERT
625008987,0,1 T   mem=True nz=True ynz=True cond=True claim_agree=True upper=2701.72313988  CERT
651640150,0,1 RHO mem=True nz=True ynz=True cond=True claim_agree=True upper=0.994900644503  CERT
651640150,0,1 T   mem=True nz=True ynz=True cond=True claim_agree=True upper=2900.42886064  CERT
689948869,0,1 RHO mem=True nz=True ynz=True cond=True claim_agree=True upper=0.952759176780  CERT
689948869,0,1 T   mem=True nz=True ynz=True cond=True claim_agree=True upper=2384.38743799  CERT
700694621,0,1 RHO mem=True nz=True ynz=True cond=True claim_agree=True upper=0.969420232910  CERT
700694621,0,1 T   mem=True nz=True ynz=True cond=True claim_agree=True upper=2934.91215536  CERT
707771450,0,1 RHO mem=True nz=True ynz=True cond=True claim_agree=True upper=0.952249289525  CERT
707771450,0,1 T   mem=True nz=True ynz=True cond=True claim_agree=True upper=2114.79316223  CERT
738923720,0,1 RHO mem=True nz=True ynz=True cond=True claim_agree=True upper=0.977698062961  CERT
738923720,0,1 T   mem=True nz=True ynz=True cond=True claim_agree=True upper=3002.89016721  CERT
761943006,0,1 RHO mem=True nz=True ynz=True cond=True claim_agree=True upper=0.953742119456  CERT
761943006,0,1 T   mem=True nz=True ynz=True cond=True claim_agree=True upper=2624.89568178  CERT
791384531,0,1 RHO mem=True nz=True ynz=True cond=True claim_agree=True upper=0.945002266014  CERT
791384531,0,1 T   mem=True nz=True ynz=True cond=True claim_agree=True upper=2402.34498709  CERT
815181651,0,1 RHO mem=True nz=True ynz=True cond=True claim_agree=True upper=0.945002266014  CERT
815181651,0,1 T   mem=True nz=True ynz=True cond=True claim_agree=True upper=2674.27092433  CERT
834674843,0,1 RHO mem=True nz=True ynz=True cond=True claim_agree=True upper=0.965965785559  CERT
834674843,0,1 T   mem=True nz=True ynz=True cond=True claim_agree=True upper=2884.40504705  CERT
897115631,0,1 RHO mem=True nz=True ynz=True cond=True claim_agree=True upper=0.955388112247  CERT
897115631,0,1 T   mem=True nz=True ynz=True cond=True claim_agree=True upper=2992.51250275  CERT
905310579,0,1 RHO mem=True nz=True ynz=True cond=True claim_agree=True upper=0.958772859013  CERT
905310579,0,1 T   mem=True nz=True ynz=True cond=True claim_agree=True upper=2932.97337510  CERT
928936232,0,1 RHO mem=True nz=True ynz=True cond=True claim_agree=True upper=0.940053834621  CERT
928936232,0,1 T   mem=True nz=True ynz=True cond=True claim_agree=True upper=2994.65399772  CERT
940871684,0,1 RHO mem=True nz=True ynz=True cond=True claim_agree=True upper=0.940053834621  CERT
940871684,0,1 T   mem=True nz=True ynz=True cond=True claim_agree=True upper=2900.72959987  CERT
FAMILY VERIFY n=7 l=1000183361 : EXCLUDED (components certified 32 / 32 ; lines 64 ; failed lines 0)
FAMILY VERIFY PASS
