FACTORIZATION: 32 irreducible factors of degree 2 over F_1000280641: OK (header deg/ncomp/bar_T agree)
52934877,0,1 RHO mem=True nz=True ynz=True cond=True claim_agree=True upper=0.927931888307  CERT
52934877,0,1 T   mem=True nz=True ynz=True cond=True claim_agree=True upper=2134.50989705  CERT
106187567,0,1 RHO mem=True nz=True ynz=True cond=True claim_agree=True upper=0.951511774686  CERT
106187567,0,1 T   mem=True nz=True ynz=True cond=True claim_agree=True upper=2746.23834266  CERT
195201865,0,1 RHO mem=True nz=True ynz=True cond=True claim_agree=True upper=0.912177100312  CERT
195201865,0,1 T   mem=True nz=True ynz=True cond=True claim_agree=True upper=2596.21724611  CERT
202772642,0,1 RHO mem=True nz=True ynz=True cond=True claim_agree=True upper=0.943735046015  CERT
202772642,0,1 T   mem=True nz=True ynz=True cond=True claim_agree=True upper=2633.26865218  CERT
261480947,0,1 RHO mem=True nz=True ynz=True cond=True claim_agree=True upper=0.877464131457  CERT
261480947,0,1 T   mem=True nz=True ynz=True cond=True claim_agree=True upper=1879.19664682  CERT
269449553,0,1 RHO mem=True nz=True ynz=True cond=True claim_agree=True upper=0.899753104371  CERT
269449553,0,1 T   mem=True nz=True ynz=True cond=True claim_agree=True upper=2602.82483039  CERT
282015105,0,1 RHO mem=True nz=True ynz=True cond=True claim_agree=True upper=0.930417812473  CERT
282015105,0,1 T   mem=True nz=True ynz=True cond=True claim_agree=True upper=1868.59651526  CERT
333272440,0,1 RHO mem=True nz=True ynz=True cond=True claim_agree=True upper=0.939566489788  CERT
333272440,0,1 T   mem=True nz=True ynz=True cond=True claim_agree=True upper=2312.22239383  CERT
338111053,0,1 RHO mem=True nz=True ynz=True cond=True claim_agree=True upper=0.928756179841  CERT
338111053,0,1 T   mem=True nz=True ynz=True cond=True claim_agree=True upper=2241.78529247  CERT
352860130,0,1 RHO mem=True nz=True ynz=True cond=True claim_agree=True upper=0.899753104371  CERT
352860130,0,1 T   mem=True nz=True ynz=True cond=True claim_agree=True upper=2499.50516834  CERT
358477639,0,1 RHO mem=True nz=True ynz=True cond=True claim_agree=True upper=0.955941980169  CERT
358477639,0,1 T   mem=True nz=True ynz=True cond=True claim_agree=True upper=2562.45788187  CERT
362487613,0,1 RHO mem=True nz=True ynz=True cond=True claim_agree=True upper=0.935874022169  CERT
362487613,0,1 T   mem=True nz=True ynz=True cond=True claim_agree=True upper=2746.11685571  CERT
438778200,0,1 RHO mem=True nz=True ynz=True cond=True claim_agree=True upper=0.903810533320  CERT
438778200,0,1 T   mem=True nz=True ynz=True cond=True claim_agree=True upper=2416.58212698  CERT
441795838,0,1 RHO mem=True nz=True ynz=True cond=True claim_agree=True upper=0.934593419610  CERT
441795838,0,1 T   mem=True nz=True ynz=True cond=True claim_agree=True upper=2676.91428921  CERT
493677245,0,1 RHO mem=True nz=True ynz=True cond=True claim_agree=True upper=0.903810533320  CERT
493677245,0,1 T   mem=True nz=True ynz=True cond=True claim_agree=True upper=2224.00924623  CERT
496301862,0,1 RHO mem=True nz=True ynz=True cond=True claim_agree=True upper=0.897468013834  CERT
496301862,0,1 T   mem=True nz=True ynz=True cond=True claim_agree=True upper=1832.37904254  CERT
503978779,0,1 RHO mem=True nz=True ynz=True cond=True claim_agree=True upper=0.943735046015  CERT
503978779,0,1 T   mem=True nz=True ynz=True cond=True claim_agree=True upper=2892.36920258  CERT
506603396,0,1 RHO mem=True nz=True ynz=True cond=True claim_agree=True upper=0.977637650354  CERT
506603396,0,1 T   mem=True nz=True ynz=True cond=True claim_agree=True upper=2685.93331651  CERT
558484803,0,1 RHO mem=True nz=True ynz=True cond=True claim_agree=True upper=0.927931888307  CERT
558484803,0,1 T   mem=True nz=True ynz=True cond=True claim_agree=True upper=2470.60953913  CERT
561502441,0,1 RHO mem=True nz=True ynz=True cond=True claim_agree=True upper=0.977637650354  CERT
561502441,0,1 T   mem=True nz=True ynz=True cond=True claim_agree=True upper=2363.21086858  CERT
637793028,0,1 RHO mem=True nz=True ynz=True cond=True claim_agree=True upper=0.912177100312  CERT
637793028,0,1 T   mem=True nz=True ynz=True cond=True claim_agree=True upper=2806.13239008  CERT
641803002,0,1 RHO mem=True nz=True ynz=True cond=True claim_agree=True upper=0.877464131457  CERT
641803002,0,1 T   mem=True nz=True ynz=True cond=True claim_agree=True upper=2252.38673497  CERT
647420511,0,1 RHO mem=True nz=True ynz=True cond=True claim_agree=True upper=0.925531203782  CERT
647420511,0,1 T   mem=True nz=True ynz=True cond=True claim_agree=True upper=2283.20614202  CERT
662169588,0,1 RHO mem=True nz=True ynz=True cond=True claim_agree=True upper=0.939566489788  CERT
662169588,0,1 T   mem=True nz=True ynz=True cond=True claim_agree=True upper=2645.08787360  CERT
667008201,0,1 RHO mem=True nz=True ynz=True cond=True claim_agree=True upper=0.928756179841  CERT
667008201,0,1 T   mem=True nz=True ynz=True cond=True claim_agree=True upper=2720.42311657  CERT
718265536,0,1 RHO mem=True nz=True ynz=True cond=True claim_agree=True upper=0.951511774686  CERT
718265536,0,1 T   mem=True nz=True ynz=True cond=True claim_agree=True upper=2618.24153928  CERT
730831088,0,1 RHO mem=True nz=True ynz=True cond=True claim_agree=True upper=0.925531203782  CERT
730831088,0,1 T   mem=True nz=True ynz=True cond=True claim_agree=True upper=3238.78568763  CERT
738799694,0,1 RHO mem=True nz=True ynz=True cond=True claim_agree=True upper=0.955941980169  CERT
738799694,0,1 T   mem=True nz=True ynz=True cond=True claim_agree=True upper=2151.78200416  CERT
797507999,0,1 RHO mem=True nz=True ynz=True cond=True claim_agree=True upper=0.897468013834  CERT
797507999,0,1 T   mem=True nz=True ynz=True cond=True claim_agree=True upper=1917.95858922  CERT
805078776,0,1 RHO mem=True nz=True ynz=True cond=True claim_agree=True upper=0.935874022169  CERT
805078776,0,1 T   mem=True nz=True ynz=True cond=True claim_agree=True upper=2360.75322383  CERT
894093074,0,1 RHO mem=True nz=True ynz=True cond=True claim_agree=True upper=0.930417812473  CERT
894093074,0,1 T   mem=True nz=True ynz=True cond=True claim_agree=True upper=2205.17940760  CERT
947345764,0,1 RHO mem=True nz=True ynz=True cond=True claim_agree=True upper=0.934593419610  CERT
947345764,0,1 T   mem=True nz=True ynz=True cond=True claim_agree=True upper=3009.17986659  CERT
FAMILY VERIFY n=7 l=1000280641 : EXCLUDED (components certified 32 / 32 ; lines 64 ; failed lines 0)
FAMILY VERIFY PASS
