FACTORIZATION: 32 irreducible factors of degree 2 over F_1000297409: OK (header deg/ncomp/bar_T agree)
24414253,0,1 RHO mem=True nz=True ynz=True cond=True claim_agree=True upper=0.912135707273  CERT
24414253,0,1 T   mem=True nz=True ynz=True cond=True claim_agree=True upper=2106.21638214  CERT
29543737,0,1 RHO mem=True nz=True ynz=True cond=True claim_agree=True upper=0.925886888594  CERT
29543737,0,1 T   mem=True nz=True ynz=True cond=True claim_agree=True upper=2470.31821201  CERT
37966413,0,1 RHO mem=True nz=True ynz=True cond=True claim_agree=True upper=0.918463935775  CERT
37966413,0,1 T   mem=True nz=True ynz=True cond=True claim_agree=True upper=2161.90147769  CERT
40564457,0,1 RHO mem=True nz=True ynz=True cond=True claim_agree=True upper=0.918438452942  CERT
40564457,0,1 T   mem=True nz=True ynz=True cond=True claim_agree=True upper=3440.50872050  CERT
79862171,0,1 RHO mem=True nz=True ynz=True cond=True claim_agree=True upper=0.935132520162  CERT
79862171,0,1 T   mem=True nz=True ynz=True cond=True claim_agree=True upper=2723.05475151  CERT
141715817,0,1 RHO mem=True nz=True ynz=True cond=True claim_agree=True upper=0.929192242078  CERT
141715817,0,1 T   mem=True nz=True ynz=True cond=True claim_agree=True upper=2113.20420038  CERT
193238803,0,1 RHO mem=True nz=True ynz=True cond=True claim_agree=True upper=0.920641481849  CERT
193238803,0,1 T   mem=True nz=True ynz=True cond=True claim_agree=True upper=2697.29555848  CERT
234004686,0,1 RHO mem=True nz=True ynz=True cond=True claim_agree=True upper=0.899248521886  CERT
234004686,0,1 T   mem=True nz=True ynz=True cond=True claim_agree=True upper=1576.84661089  CERT
259270720,0,1 RHO mem=True nz=True ynz=True cond=True claim_agree=True upper=0.940893572623  CERT
259270720,0,1 T   mem=True nz=True ynz=True cond=True claim_agree=True upper=2490.50073352  CERT
295367288,0,1 RHO mem=True nz=True ynz=True cond=True claim_agree=True upper=0.955128338539  CERT
295367288,0,1 T   mem=True nz=True ynz=True cond=True claim_agree=True upper=2529.37489742  CERT
300188595,0,1 RHO mem=True nz=True ynz=True cond=True claim_agree=True upper=0.953158537691  CERT
300188595,0,1 T   mem=True nz=True ynz=True cond=True claim_agree=True upper=2759.46943486  CERT
378039976,0,1 RHO mem=True nz=True ynz=True cond=True claim_agree=True upper=0.926723439349  CERT
378039976,0,1 T   mem=True nz=True ynz=True cond=True claim_agree=True upper=2381.16205562  CERT
403908024,0,1 RHO mem=True nz=True ynz=True cond=True claim_agree=True upper=0.939121639035  CERT
403908024,0,1 T   mem=True nz=True ynz=True cond=True claim_agree=True upper=2248.74833767  CERT
435197155,0,1 RHO mem=True nz=True ynz=True cond=True claim_agree=True upper=0.935132520162  CERT
435197155,0,1 T   mem=True nz=True ynz=True cond=True claim_agree=True upper=2424.07021186  CERT
455383195,0,1 RHO mem=True nz=True ynz=True cond=True claim_agree=True upper=0.918463935775  CERT
455383195,0,1 T   mem=True nz=True ynz=True cond=True claim_agree=True upper=1957.38226572  CERT
494156014,0,1 RHO mem=True nz=True ynz=True cond=True claim_agree=True upper=0.913830543580  CERT
494156014,0,1 T   mem=True nz=True ynz=True cond=True claim_agree=True upper=1910.85717966  CERT
506141395,0,1 RHO mem=True nz=True ynz=True cond=True claim_agree=True upper=0.926723439349  CERT
506141395,0,1 T   mem=True nz=True ynz=True cond=True claim_agree=True upper=2521.77834086  CERT
544914214,0,1 RHO mem=True nz=True ynz=True cond=True claim_agree=True upper=0.913301988511  CERT
544914214,0,1 T   mem=True nz=True ynz=True cond=True claim_agree=True upper=2149.80573730  CERT
565100254,0,1 RHO mem=True nz=True ynz=True cond=True claim_agree=True upper=0.946535918855  CERT
565100254,0,1 T   mem=True nz=True ynz=True cond=True claim_agree=True upper=2549.64856182  CERT
596389385,0,1 RHO mem=True nz=True ynz=True cond=True claim_agree=True upper=0.920641481849  CERT
596389385,0,1 T   mem=True nz=True ynz=True cond=True claim_agree=True upper=2195.50134918  CERT
622257433,0,1 RHO mem=True nz=True ynz=True cond=True claim_agree=True upper=0.913830543580  CERT
622257433,0,1 T   mem=True nz=True ynz=True cond=True claim_agree=True upper=2023.76353592  CERT
700108814,0,1 RHO mem=True nz=True ynz=True cond=True claim_agree=True upper=0.955128338539  CERT
700108814,0,1 T   mem=True nz=True ynz=True cond=True claim_agree=True upper=2827.79402968  CERT
704930121,0,1 RHO mem=True nz=True ynz=True cond=True claim_agree=True upper=0.953158537691  CERT
704930121,0,1 T   mem=True nz=True ynz=True cond=True claim_agree=True upper=2690.47644105  CERT
741026689,0,1 RHO mem=True nz=True ynz=True cond=True claim_agree=True upper=0.918438452942  CERT
741026689,0,1 T   mem=True nz=True ynz=True cond=True claim_agree=True upper=2357.13102018  CERT
766292723,0,1 RHO mem=True nz=True ynz=True cond=True claim_agree=True upper=0.912135707273  CERT
766292723,0,1 T   mem=True nz=True ynz=True cond=True claim_agree=True upper=2282.50607349  CERT
807058606,0,1 RHO mem=True nz=True ynz=True cond=True claim_agree=True upper=0.939121639035  CERT
807058606,0,1 T   mem=True nz=True ynz=True cond=True claim_agree=True upper=2740.27727737  CERT
858581592,0,1 RHO mem=True nz=True ynz=True cond=True claim_agree=True upper=0.925886888594  CERT
858581592,0,1 T   mem=True nz=True ynz=True cond=True claim_agree=True upper=2570.50219139  CERT
920435238,0,1 RHO mem=True nz=True ynz=True cond=True claim_agree=True upper=0.946535918855  CERT
920435238,0,1 T   mem=True nz=True ynz=True cond=True claim_agree=True upper=2615.47280768  CERT
959732952,0,1 RHO mem=True nz=True ynz=True cond=True claim_agree=True upper=0.940893572623  CERT
959732952,0,1 T   mem=True nz=True ynz=True cond=True claim_agree=True upper=2400.76804548  CERT
962330996,0,1 RHO mem=True nz=True ynz=True cond=True claim_agree=True upper=0.913301988511  CERT
962330996,0,1 T   mem=True nz=True ynz=True cond=True claim_agree=True upper=1960.50291230  CERT
970753672,0,1 RHO mem=True nz=True ynz=True cond=True claim_agree=True upper=0.929192242078  CERT
970753672,0,1 T   mem=True nz=True ynz=True cond=True claim_agree=True upper=2344.72132287  CERT
975883156,0,1 RHO mem=True nz=True ynz=True cond=True claim_agree=True upper=0.899248521886  CERT
975883156,0,1 T   mem=True nz=True ynz=True cond=True claim_agree=True upper=1847.16539764  CERT
FAMILY VERIFY n=7 l=1000297409 : EXCLUDED (components certified 32 / 32 ; lines 64 ; failed lines 0)
FAMILY VERIFY PASS
