FACTORIZATION: 32 irreducible factors of degree 2 over F_1001284673: OK (header deg/ncomp/bar_T agree)
12553123,0,1 RHO mem=True nz=True ynz=True cond=True claim_agree=True upper=0.943626854111  CERT
12553123,0,1 T   mem=True nz=True ynz=True cond=True claim_agree=True upper=2723.02798762  CERT
14481911,0,1 RHO mem=True nz=True ynz=True cond=True claim_agree=True upper=0.945679552833  CERT
14481911,0,1 T   mem=True nz=True ynz=True cond=True claim_agree=True upper=2528.58806264  CERT
67132130,0,1 RHO mem=True nz=True ynz=True cond=True claim_agree=True upper=0.914400970414  CERT
67132130,0,1 T   mem=True nz=True ynz=True cond=True claim_agree=True upper=2048.57146139  CERT
80717760,0,1 RHO mem=True nz=True ynz=True cond=True claim_agree=True upper=0.941489955521  CERT
80717760,0,1 T   mem=True nz=True ynz=True cond=True claim_agree=True upper=1724.55303625  CERT
151626346,0,1 RHO mem=True nz=True ynz=True cond=True claim_agree=True upper=0.927240401779  CERT
151626346,0,1 T   mem=True nz=True ynz=True cond=True claim_agree=True upper=2030.14980784  CERT
178455303,0,1 RHO mem=True nz=True ynz=True cond=True claim_agree=True upper=0.908954287153  CERT
178455303,0,1 T   mem=True nz=True ynz=True cond=True claim_agree=True upper=2376.11687610  CERT
187284137,0,1 RHO mem=True nz=True ynz=True cond=True claim_agree=True upper=0.925670767316  CERT
187284137,0,1 T   mem=True nz=True ynz=True cond=True claim_agree=True upper=2923.74949996  CERT
206093629,0,1 RHO mem=True nz=True ynz=True cond=True claim_agree=True upper=0.914400970414  CERT
206093629,0,1 T   mem=True nz=True ynz=True cond=True claim_agree=True upper=2244.39005387  CERT
217405386,0,1 RHO mem=True nz=True ynz=True cond=True claim_agree=True upper=0.927446098013  CERT
217405386,0,1 T   mem=True nz=True ynz=True cond=True claim_agree=True upper=2912.55840879  CERT
236560020,0,1 RHO mem=True nz=True ynz=True cond=True claim_agree=True upper=0.936796120084  CERT
236560020,0,1 T   mem=True nz=True ynz=True cond=True claim_agree=True upper=2110.27329276  CERT
247403049,0,1 RHO mem=True nz=True ynz=True cond=True claim_agree=True upper=0.978856541512  CERT
247403049,0,1 T   mem=True nz=True ynz=True cond=True claim_agree=True upper=2758.43337673  CERT
270894633,0,1 RHO mem=True nz=True ynz=True cond=True claim_agree=True upper=0.949634717651  CERT
270894633,0,1 T   mem=True nz=True ynz=True cond=True claim_agree=True upper=2707.03411864  CERT
312257864,0,1 RHO mem=True nz=True ynz=True cond=True claim_agree=True upper=0.919153190083  CERT
312257864,0,1 T   mem=True nz=True ynz=True cond=True claim_agree=True upper=2868.07209380  CERT
353603543,0,1 RHO mem=True nz=True ynz=True cond=True claim_agree=True upper=0.926647402617  CERT
353603543,0,1 T   mem=True nz=True ynz=True cond=True claim_agree=True upper=2851.66377599  CERT
405758357,0,1 RHO mem=True nz=True ynz=True cond=True claim_agree=True upper=0.958722927261  CERT
405758357,0,1 T   mem=True nz=True ynz=True cond=True claim_agree=True upper=3341.11901531  CERT
478138869,0,1 RHO mem=True nz=True ynz=True cond=True claim_agree=True upper=0.961837515775  CERT
478138869,0,1 T   mem=True nz=True ynz=True cond=True claim_agree=True upper=2587.18072812  CERT
523145804,0,1 RHO mem=True nz=True ynz=True cond=True claim_agree=True upper=0.927446098013  CERT
523145804,0,1 T   mem=True nz=True ynz=True cond=True claim_agree=True upper=3076.04240778  CERT
595526316,0,1 RHO mem=True nz=True ynz=True cond=True claim_agree=True upper=0.949634717651  CERT
595526316,0,1 T   mem=True nz=True ynz=True cond=True claim_agree=True upper=2659.24515819  CERT
647681130,0,1 RHO mem=True nz=True ynz=True cond=True claim_agree=True upper=0.927240401779  CERT
647681130,0,1 T   mem=True nz=True ynz=True cond=True claim_agree=True upper=2563.73240303  CERT
689026809,0,1 RHO mem=True nz=True ynz=True cond=True claim_agree=True upper=0.941489955521  CERT
689026809,0,1 T   mem=True nz=True ynz=True cond=True claim_agree=True upper=2751.25580494  CERT
730390040,0,1 RHO mem=True nz=True ynz=True cond=True claim_agree=True upper=0.958722927261  CERT
730390040,0,1 T   mem=True nz=True ynz=True cond=True claim_agree=True upper=2142.78144309  CERT
753881624,0,1 RHO mem=True nz=True ynz=True cond=True claim_agree=True upper=0.925670767316  CERT
753881624,0,1 T   mem=True nz=True ynz=True cond=True claim_agree=True upper=2162.76043136  CERT
764724653,0,1 RHO mem=True nz=True ynz=True cond=True claim_agree=True upper=0.943626854111  CERT
764724653,0,1 T   mem=True nz=True ynz=True cond=True claim_agree=True upper=2431.23082113  CERT
783879287,0,1 RHO mem=True nz=True ynz=True cond=True claim_agree=True upper=0.961837515775  CERT
783879287,0,1 T   mem=True nz=True ynz=True cond=True claim_agree=True upper=2348.66705562  CERT
795191044,0,1 RHO mem=True nz=True ynz=True cond=True claim_agree=True upper=0.936791387857  CERT
795191044,0,1 T   mem=True nz=True ynz=True cond=True claim_agree=True upper=2344.88547581  CERT
814000536,0,1 RHO mem=True nz=True ynz=True cond=True claim_agree=True upper=0.978856541512  CERT
814000536,0,1 T   mem=True nz=True ynz=True cond=True claim_agree=True upper=2876.70465455  CERT
822829370,0,1 RHO mem=True nz=True ynz=True cond=True claim_agree=True upper=0.945679552833  CERT
822829370,0,1 T   mem=True nz=True ynz=True cond=True claim_agree=True upper=2346.22793998  CERT
849658327,0,1 RHO mem=True nz=True ynz=True cond=True claim_agree=True upper=0.926647402617  CERT
849658327,0,1 T   mem=True nz=True ynz=True cond=True claim_agree=True upper=2276.69795790  CERT
920566913,0,1 RHO mem=True nz=True ynz=True cond=True claim_agree=True upper=0.919153190083  CERT
920566913,0,1 T   mem=True nz=True ynz=True cond=True claim_agree=True upper=2954.41405706  CERT
934152543,0,1 RHO mem=True nz=True ynz=True cond=True claim_agree=True upper=0.936791387857  CERT
934152543,0,1 T   mem=True nz=True ynz=True cond=True claim_agree=True upper=2640.01793277  CERT
986802762,0,1 RHO mem=True nz=True ynz=True cond=True claim_agree=True upper=0.908954287153  CERT
986802762,0,1 T   mem=True nz=True ynz=True cond=True claim_agree=True upper=1862.60969387  CERT
988731550,0,1 RHO mem=True nz=True ynz=True cond=True claim_agree=True upper=0.936796120084  CERT
988731550,0,1 T   mem=True nz=True ynz=True cond=True claim_agree=True upper=2778.41570224  CERT
FAMILY VERIFY n=7 l=1001284673 : EXCLUDED (components certified 32 / 32 ; lines 64 ; failed lines 0)
FAMILY VERIFY PASS
