FACTORIZATION: 32 irreducible factors of degree 2 over F_1001134657: OK (header deg/ncomp/bar_T agree)
42410205,0,1 RHO mem=True nz=True ynz=True cond=True claim_agree=True upper=0.915300441269  CERT
42410205,0,1 T   mem=True nz=True ynz=True cond=True claim_agree=True upper=1736.81831963  CERT
53352302,0,1 RHO mem=True nz=True ynz=True cond=True claim_agree=True upper=0.953250118837  CERT
53352302,0,1 T   mem=True nz=True ynz=True cond=True claim_agree=True upper=2659.01539305  CERT
73225766,0,1 RHO mem=True nz=True ynz=True cond=True claim_agree=True upper=0.978447741269  CERT
73225766,0,1 T   mem=True nz=True ynz=True cond=True claim_agree=True upper=2514.66777425  CERT
87026428,0,1 RHO mem=True nz=True ynz=True cond=True claim_agree=True upper=0.966204217786  CERT
87026428,0,1 T   mem=True nz=True ynz=True cond=True claim_agree=True upper=3005.67184367  CERT
141117200,0,1 RHO mem=True nz=True ynz=True cond=True claim_agree=True upper=0.966204217786  CERT
141117200,0,1 T   mem=True nz=True ynz=True cond=True claim_agree=True upper=2551.84383833  CERT
201181336,0,1 RHO mem=True nz=True ynz=True cond=True claim_agree=True upper=0.911045269453  CERT
201181336,0,1 T   mem=True nz=True ynz=True cond=True claim_agree=True upper=3279.40174052  CERT
233056187,0,1 RHO mem=True nz=True ynz=True cond=True claim_agree=True upper=0.975009579264  CERT
233056187,0,1 T   mem=True nz=True ynz=True cond=True claim_agree=True upper=2833.53258542  CERT
240487499,0,1 RHO mem=True nz=True ynz=True cond=True claim_agree=True upper=0.946038839057  CERT
240487499,0,1 T   mem=True nz=True ynz=True cond=True claim_agree=True upper=2004.09998129  CERT
250796810,0,1 RHO mem=True nz=True ynz=True cond=True claim_agree=True upper=0.916952900800  CERT
250796810,0,1 T   mem=True nz=True ynz=True cond=True claim_agree=True upper=2361.34034187  CERT
262026299,0,1 RHO mem=True nz=True ynz=True cond=True claim_agree=True upper=0.974629360069  CERT
262026299,0,1 T   mem=True nz=True ynz=True cond=True claim_agree=True upper=2939.97834586  CERT
269388658,0,1 RHO mem=True nz=True ynz=True cond=True claim_agree=True upper=0.956333126426  CERT
269388658,0,1 T   mem=True nz=True ynz=True cond=True claim_agree=True upper=2331.02378412  CERT
377538352,0,1 RHO mem=True nz=True ynz=True cond=True claim_agree=True upper=0.963307536355  CERT
377538352,0,1 T   mem=True nz=True ynz=True cond=True claim_agree=True upper=2479.70213604  CERT
436813621,0,1 RHO mem=True nz=True ynz=True cond=True claim_agree=True upper=0.980400300660  CERT
436813621,0,1 T   mem=True nz=True ynz=True cond=True claim_agree=True upper=2336.03652335  CERT
445021136,0,1 RHO mem=True nz=True ynz=True cond=True claim_agree=True upper=0.915300441269  CERT
445021136,0,1 T   mem=True nz=True ynz=True cond=True claim_agree=True upper=3094.63124728  CERT
484280619,0,1 RHO mem=True nz=True ynz=True cond=True claim_agree=True upper=0.974629360069  CERT
484280619,0,1 T   mem=True nz=True ynz=True cond=True claim_agree=True upper=2689.00002361  CERT
490501795,0,1 RHO mem=True nz=True ynz=True cond=True claim_agree=True upper=0.971276458670  CERT
490501795,0,1 T   mem=True nz=True ynz=True cond=True claim_agree=True upper=2398.34428797  CERT
510632862,0,1 RHO mem=True nz=True ynz=True cond=True claim_agree=True upper=0.946038839057  CERT
510632862,0,1 T   mem=True nz=True ynz=True cond=True claim_agree=True upper=2510.60246506  CERT
516854038,0,1 RHO mem=True nz=True ynz=True cond=True claim_agree=True upper=0.931406278041  CERT
516854038,0,1 T   mem=True nz=True ynz=True cond=True claim_agree=True upper=2744.90605450  CERT
556113521,0,1 RHO mem=True nz=True ynz=True cond=True claim_agree=True upper=0.975186775542  CERT
556113521,0,1 T   mem=True nz=True ynz=True cond=True claim_agree=True upper=3230.53793131  CERT
564321036,0,1 RHO mem=True nz=True ynz=True cond=True claim_agree=True upper=0.953250118837  CERT
564321036,0,1 T   mem=True nz=True ynz=True cond=True claim_agree=True upper=2145.94426889  CERT
623596305,0,1 RHO mem=True nz=True ynz=True cond=True claim_agree=True upper=0.956333126426  CERT
623596305,0,1 T   mem=True nz=True ynz=True cond=True claim_agree=True upper=2616.99361348  CERT
731745999,0,1 RHO mem=True nz=True ynz=True cond=True claim_agree=True upper=0.963307536355  CERT
731745999,0,1 T   mem=True nz=True ynz=True cond=True claim_agree=True upper=2874.81536856  CERT
739108358,0,1 RHO mem=True nz=True ynz=True cond=True claim_agree=True upper=0.931406278041  CERT
739108358,0,1 T   mem=True nz=True ynz=True cond=True claim_agree=True upper=3030.37632664  CERT
750337847,0,1 RHO mem=True nz=True ynz=True cond=True claim_agree=True upper=0.975009579264  CERT
750337847,0,1 T   mem=True nz=True ynz=True cond=True claim_agree=True upper=2161.68660179  CERT
760647158,0,1 RHO mem=True nz=True ynz=True cond=True claim_agree=True upper=0.971276458670  CERT
760647158,0,1 T   mem=True nz=True ynz=True cond=True claim_agree=True upper=2450.72016530  CERT
768078470,0,1 RHO mem=True nz=True ynz=True cond=True claim_agree=True upper=0.916952900800  CERT
768078470,0,1 T   mem=True nz=True ynz=True cond=True claim_agree=True upper=1800.36414818  CERT
799953321,0,1 RHO mem=True nz=True ynz=True cond=True claim_agree=True upper=0.978447741269  CERT
799953321,0,1 T   mem=True nz=True ynz=True cond=True claim_agree=True upper=2817.56009274  CERT
860017457,0,1 RHO mem=True nz=True ynz=True cond=True claim_agree=True upper=0.940464749640  CERT
860017457,0,1 T   mem=True nz=True ynz=True cond=True claim_agree=True upper=2319.68233864  CERT
914108229,0,1 RHO mem=True nz=True ynz=True cond=True claim_agree=True upper=0.940464749640  CERT
914108229,0,1 T   mem=True nz=True ynz=True cond=True claim_agree=True upper=2362.02969345  CERT
927908891,0,1 RHO mem=True nz=True ynz=True cond=True claim_agree=True upper=0.911045269453  CERT
927908891,0,1 T   mem=True nz=True ynz=True cond=True claim_agree=True upper=1594.44171641  CERT
947782355,0,1 RHO mem=True nz=True ynz=True cond=True claim_agree=True upper=0.980400300660  CERT
947782355,0,1 T   mem=True nz=True ynz=True cond=True claim_agree=True upper=2781.63333621  CERT
958724452,0,1 RHO mem=True nz=True ynz=True cond=True claim_agree=True upper=0.975186775542  CERT
958724452,0,1 T   mem=True nz=True ynz=True cond=True claim_agree=True upper=2637.50165732  CERT
FAMILY VERIFY n=7 l=1001134657 : EXCLUDED (components certified 32 / 32 ; lines 64 ; failed lines 0)
FAMILY VERIFY PASS
