FACTORIZATION: 32 irreducible factors of degree 2 over F_1000944449: OK (header deg/ncomp/bar_T agree)
746527,0,1 RHO mem=True nz=True ynz=True cond=True claim_agree=True upper=0.964519616057  CERT
746527,0,1 T   mem=True nz=True ynz=True cond=True claim_agree=True upper=2762.20253803  CERT
12752344,0,1 RHO mem=True nz=True ynz=True cond=True claim_agree=True upper=0.975302069437  CERT
12752344,0,1 T   mem=True nz=True ynz=True cond=True claim_agree=True upper=2890.62929721  CERT
85293066,0,1 RHO mem=True nz=True ynz=True cond=True claim_agree=True upper=0.978700073858  CERT
85293066,0,1 T   mem=True nz=True ynz=True cond=True claim_agree=True upper=2569.32240746  CERT
101860289,0,1 RHO mem=True nz=True ynz=True cond=True claim_agree=True upper=0.949771125739  CERT
101860289,0,1 T   mem=True nz=True ynz=True cond=True claim_agree=True upper=2316.57812873  CERT
156518100,0,1 RHO mem=True nz=True ynz=True cond=True claim_agree=True upper=0.963152925181  CERT
156518100,0,1 T   mem=True nz=True ynz=True cond=True claim_agree=True upper=2777.35947683  CERT
235007362,0,1 RHO mem=True nz=True ynz=True cond=True claim_agree=True upper=0.964569668282  CERT
235007362,0,1 T   mem=True nz=True ynz=True cond=True claim_agree=True upper=2513.13639197  CERT
248788680,0,1 RHO mem=True nz=True ynz=True cond=True claim_agree=True upper=0.942225508765  CERT
248788680,0,1 T   mem=True nz=True ynz=True cond=True claim_agree=True upper=2261.96629946  CERT
280116779,0,1 RHO mem=True nz=True ynz=True cond=True claim_agree=True upper=0.975302069437  CERT
280116779,0,1 T   mem=True nz=True ynz=True cond=True claim_agree=True upper=2991.17769115  CERT
338919281,0,1 RHO mem=True nz=True ynz=True cond=True claim_agree=True upper=0.945759331718  CERT
338919281,0,1 T   mem=True nz=True ynz=True cond=True claim_agree=True upper=3071.80239456  CERT
359131533,0,1 RHO mem=True nz=True ynz=True cond=True claim_agree=True upper=0.959791790581  CERT
359131533,0,1 T   mem=True nz=True ynz=True cond=True claim_agree=True upper=3067.49628736  CERT
374708377,0,1 RHO mem=True nz=True ynz=True cond=True claim_agree=True upper=0.982913447273  CERT
374708377,0,1 T   mem=True nz=True ynz=True cond=True claim_agree=True upper=2499.48234557  CERT
392405420,0,1 RHO mem=True nz=True ynz=True cond=True claim_agree=True upper=0.924189239600  CERT
392405420,0,1 T   mem=True nz=True ynz=True cond=True claim_agree=True upper=2220.34870829  CERT
439702069,0,1 RHO mem=True nz=True ynz=True cond=True claim_agree=True upper=0.982913447273  CERT
439702069,0,1 T   mem=True nz=True ynz=True cond=True claim_agree=True upper=2087.72131335  CERT
442464463,0,1 RHO mem=True nz=True ynz=True cond=True claim_agree=True upper=0.964519616057  CERT
442464463,0,1 T   mem=True nz=True ynz=True cond=True claim_agree=True upper=2879.97631444  CERT
463503230,0,1 RHO mem=True nz=True ynz=True cond=True claim_agree=True upper=0.942225508765  CERT
463503230,0,1 T   mem=True nz=True ynz=True cond=True claim_agree=True upper=2096.13028874  CERT
477649845,0,1 RHO mem=True nz=True ynz=True cond=True claim_agree=True upper=0.952816943654  CERT
477649845,0,1 T   mem=True nz=True ynz=True cond=True claim_agree=True upper=1981.69435900  CERT
523294604,0,1 RHO mem=True nz=True ynz=True cond=True claim_agree=True upper=0.978700073858  CERT
523294604,0,1 T   mem=True nz=True ynz=True cond=True claim_agree=True upper=2745.75921672  CERT
537441219,0,1 RHO mem=True nz=True ynz=True cond=True claim_agree=True upper=0.918164478173  CERT
537441219,0,1 T   mem=True nz=True ynz=True cond=True claim_agree=True upper=2653.82338205  CERT
558479986,0,1 RHO mem=True nz=True ynz=True cond=True claim_agree=True upper=0.945188461276  CERT
558479986,0,1 T   mem=True nz=True ynz=True cond=True claim_agree=True upper=2486.53002422  CERT
561242380,0,1 RHO mem=True nz=True ynz=True cond=True claim_agree=True upper=0.934079171653  CERT
561242380,0,1 T   mem=True nz=True ynz=True cond=True claim_agree=True upper=2258.59259284  CERT
608539029,0,1 RHO mem=True nz=True ynz=True cond=True claim_agree=True upper=0.959791790581  CERT
608539029,0,1 T   mem=True nz=True ynz=True cond=True claim_agree=True upper=2541.80538220  CERT
626236072,0,1 RHO mem=True nz=True ynz=True cond=True claim_agree=True upper=0.934079171653  CERT
626236072,0,1 T   mem=True nz=True ynz=True cond=True claim_agree=True upper=2449.81014094  CERT
641812916,0,1 RHO mem=True nz=True ynz=True cond=True claim_agree=True upper=0.924189239600  CERT
641812916,0,1 T   mem=True nz=True ynz=True cond=True claim_agree=True upper=1895.41009989  CERT
662025168,0,1 RHO mem=True nz=True ynz=True cond=True claim_agree=True upper=0.963152925181  CERT
662025168,0,1 T   mem=True nz=True ynz=True cond=True claim_agree=True upper=2747.73856655  CERT
720827670,0,1 RHO mem=True nz=True ynz=True cond=True claim_agree=True upper=0.951205787567  CERT
720827670,0,1 T   mem=True nz=True ynz=True cond=True claim_agree=True upper=2719.00157653  CERT
752155769,0,1 RHO mem=True nz=True ynz=True cond=True claim_agree=True upper=0.918164478173  CERT
752155769,0,1 T   mem=True nz=True ynz=True cond=True claim_agree=True upper=1859.57471247  CERT
765937087,0,1 RHO mem=True nz=True ynz=True cond=True claim_agree=True upper=0.949771125739  CERT
765937087,0,1 T   mem=True nz=True ynz=True cond=True claim_agree=True upper=2676.33291247  CERT
844426349,0,1 RHO mem=True nz=True ynz=True cond=True claim_agree=True upper=0.945759331718  CERT
844426349,0,1 T   mem=True nz=True ynz=True cond=True claim_agree=True upper=2927.27641947  CERT
899084160,0,1 RHO mem=True nz=True ynz=True cond=True claim_agree=True upper=0.964569668282  CERT
899084160,0,1 T   mem=True nz=True ynz=True cond=True claim_agree=True upper=2215.64015522  CERT
915651383,0,1 RHO mem=True nz=True ynz=True cond=True claim_agree=True upper=0.952816943654  CERT
915651383,0,1 T   mem=True nz=True ynz=True cond=True claim_agree=True upper=2940.25080656  CERT
988192105,0,1 RHO mem=True nz=True ynz=True cond=True claim_agree=True upper=0.951205787567  CERT
988192105,0,1 T   mem=True nz=True ynz=True cond=True claim_agree=True upper=2345.69315879  CERT
1000197922,0,1 RHO mem=True nz=True ynz=True cond=True claim_agree=True upper=0.945188461276  CERT
1000197922,0,1 T   mem=True nz=True ynz=True cond=True claim_agree=True upper=2161.32952566  CERT
FAMILY VERIFY n=7 l=1000944449 : EXCLUDED (components certified 32 / 32 ; lines 64 ; failed lines 0)
FAMILY VERIFY PASS
