FACTORIZATION: 32 irreducible factors of degree 2 over F_1000342337: OK (header deg/ncomp/bar_T agree)
24693613,0,1 RHO mem=True nz=True ynz=True cond=True claim_agree=True upper=0.965853659496  CERT
24693613,0,1 T   mem=True nz=True ynz=True cond=True claim_agree=True upper=2294.50206637  CERT
83097778,0,1 RHO mem=True nz=True ynz=True cond=True claim_agree=True upper=0.916519509597  CERT
83097778,0,1 T   mem=True nz=True ynz=True cond=True claim_agree=True upper=2627.22430024  CERT
115872142,0,1 RHO mem=True nz=True ynz=True cond=True claim_agree=True upper=0.904018476270  CERT
115872142,0,1 T   mem=True nz=True ynz=True cond=True claim_agree=True upper=2469.55612164  CERT
137568610,0,1 RHO mem=True nz=True ynz=True cond=True claim_agree=True upper=0.921691770638  CERT
137568610,0,1 T   mem=True nz=True ynz=True cond=True claim_agree=True upper=1877.52727522  CERT
143504367,0,1 RHO mem=True nz=True ynz=True cond=True claim_agree=True upper=0.941863255693  CERT
143504367,0,1 T   mem=True nz=True ynz=True cond=True claim_agree=True upper=3137.98760878  CERT
148929711,0,1 RHO mem=True nz=True ynz=True cond=True claim_agree=True upper=0.945766962384  CERT
148929711,0,1 T   mem=True nz=True ynz=True cond=True claim_agree=True upper=2457.60221734  CERT
271559418,0,1 RHO mem=True nz=True ynz=True cond=True claim_agree=True upper=0.921691770638  CERT
271559418,0,1 T   mem=True nz=True ynz=True cond=True claim_agree=True upper=2274.46960443  CERT
290075676,0,1 RHO mem=True nz=True ynz=True cond=True claim_agree=True upper=0.947495083705  CERT
290075676,0,1 T   mem=True nz=True ynz=True cond=True claim_agree=True upper=1844.66043353  CERT
293516619,0,1 RHO mem=True nz=True ynz=True cond=True claim_agree=True upper=0.917288322051  CERT
293516619,0,1 T   mem=True nz=True ynz=True cond=True claim_agree=True upper=2441.99763470  CERT
299217695,0,1 RHO mem=True nz=True ynz=True cond=True claim_agree=True upper=0.939277038283  CERT
299217695,0,1 T   mem=True nz=True ynz=True cond=True claim_agree=True upper=2072.68159832  CERT
300764240,0,1 RHO mem=True nz=True ynz=True cond=True claim_agree=True upper=0.916519509597  CERT
300764240,0,1 T   mem=True nz=True ynz=True cond=True claim_agree=True upper=2295.61507693  CERT
331154925,0,1 RHO mem=True nz=True ynz=True cond=True claim_agree=True upper=0.929827008195  CERT
331154925,0,1 T   mem=True nz=True ynz=True cond=True claim_agree=True upper=2367.80297005  CERT
359671863,0,1 RHO mem=True nz=True ynz=True cond=True claim_agree=True upper=0.963278558612  CERT
359671863,0,1 T   mem=True nz=True ynz=True cond=True claim_agree=True upper=2173.80449218  CERT
365583834,0,1 RHO mem=True nz=True ynz=True cond=True claim_agree=True upper=0.939277038283  CERT
365583834,0,1 T   mem=True nz=True ynz=True cond=True claim_agree=True upper=2433.23328335  CERT
391426350,0,1 RHO mem=True nz=True ynz=True cond=True claim_agree=True upper=0.915417969857  CERT
391426350,0,1 T   mem=True nz=True ynz=True cond=True claim_agree=True upper=2013.49625136  CERT
460745523,0,1 RHO mem=True nz=True ynz=True cond=True claim_agree=True upper=0.947495083705  CERT
460745523,0,1 T   mem=True nz=True ynz=True cond=True claim_agree=True upper=2567.19202988  CERT
539596814,0,1 RHO mem=True nz=True ynz=True cond=True claim_agree=True upper=0.921630210835  CERT
539596814,0,1 T   mem=True nz=True ynz=True cond=True claim_agree=True upper=3218.72684324  CERT
608915987,0,1 RHO mem=True nz=True ynz=True cond=True claim_agree=True upper=0.965853659496  CERT
608915987,0,1 T   mem=True nz=True ynz=True cond=True claim_agree=True upper=2824.09254234  CERT
634758503,0,1 RHO mem=True nz=True ynz=True cond=True claim_agree=True upper=0.930326449752  CERT
634758503,0,1 T   mem=True nz=True ynz=True cond=True claim_agree=True upper=2311.62427609  CERT
640670474,0,1 RHO mem=True nz=True ynz=True cond=True claim_agree=True upper=0.929827008195  CERT
640670474,0,1 T   mem=True nz=True ynz=True cond=True claim_agree=True upper=2273.88135482  CERT
669187412,0,1 RHO mem=True nz=True ynz=True cond=True claim_agree=True upper=0.963278558612  CERT
669187412,0,1 T   mem=True nz=True ynz=True cond=True claim_agree=True upper=2658.68725221  CERT
699578097,0,1 RHO mem=True nz=True ynz=True cond=True claim_agree=True upper=0.886854453548  CERT
699578097,0,1 T   mem=True nz=True ynz=True cond=True claim_agree=True upper=2274.05915030  CERT
701124642,0,1 RHO mem=True nz=True ynz=True cond=True claim_agree=True upper=0.930326449752  CERT
701124642,0,1 T   mem=True nz=True ynz=True cond=True claim_agree=True upper=2820.46758516  CERT
706825718,0,1 RHO mem=True nz=True ynz=True cond=True claim_agree=True upper=0.941863255693  CERT
706825718,0,1 T   mem=True nz=True ynz=True cond=True claim_agree=True upper=2583.06912423  CERT
710266661,0,1 RHO mem=True nz=True ynz=True cond=True claim_agree=True upper=0.921630210835  CERT
710266661,0,1 T   mem=True nz=True ynz=True cond=True claim_agree=True upper=2647.99142890  CERT
728782919,0,1 RHO mem=True nz=True ynz=True cond=True claim_agree=True upper=0.917152344227  CERT
728782919,0,1 T   mem=True nz=True ynz=True cond=True claim_agree=True upper=2644.33302427  CERT
851412626,0,1 RHO mem=True nz=True ynz=True cond=True claim_agree=True upper=0.904018476270  CERT
851412626,0,1 T   mem=True nz=True ynz=True cond=True claim_agree=True upper=2117.13981662  CERT
856837970,0,1 RHO mem=True nz=True ynz=True cond=True claim_agree=True upper=0.917288322051  CERT
856837970,0,1 T   mem=True nz=True ynz=True cond=True claim_agree=True upper=2613.51514202  CERT
862773727,0,1 RHO mem=True nz=True ynz=True cond=True claim_agree=True upper=0.917152344227  CERT
862773727,0,1 T   mem=True nz=True ynz=True cond=True claim_agree=True upper=2214.73287502  CERT
884470195,0,1 RHO mem=True nz=True ynz=True cond=True claim_agree=True upper=0.945766962384  CERT
884470195,0,1 T   mem=True nz=True ynz=True cond=True claim_agree=True upper=2892.12829875  CERT
917244559,0,1 RHO mem=True nz=True ynz=True cond=True claim_agree=True upper=0.886854453548  CERT
917244559,0,1 T   mem=True nz=True ynz=True cond=True claim_agree=True upper=2114.01578712  CERT
975648724,0,1 RHO mem=True nz=True ynz=True cond=True claim_agree=True upper=0.915417969857  CERT
975648724,0,1 T   mem=True nz=True ynz=True cond=True claim_agree=True upper=2165.43611149  CERT
FAMILY VERIFY n=7 l=1000342337 : EXCLUDED (components certified 32 / 32 ; lines 64 ; failed lines 0)
FAMILY VERIFY PASS
