FACTORIZATION: 32 irreducible factors of degree 2 over F_1000607297: OK (header deg/ncomp/bar_T agree)
18657420,0,1 RHO mem=True nz=True ynz=True cond=True claim_agree=True upper=0.949985060481  CERT
18657420,0,1 T   mem=True nz=True ynz=True cond=True claim_agree=True upper=2297.17608983  CERT
40457024,0,1 RHO mem=True nz=True ynz=True cond=True claim_agree=True upper=0.901976452427  CERT
40457024,0,1 T   mem=True nz=True ynz=True cond=True claim_agree=True upper=2654.28586816  CERT
44525800,0,1 RHO mem=True nz=True ynz=True cond=True claim_agree=True upper=0.974049384141  CERT
44525800,0,1 T   mem=True nz=True ynz=True cond=True claim_agree=True upper=2458.94637717  CERT
67076363,0,1 RHO mem=True nz=True ynz=True cond=True claim_agree=True upper=0.901976452427  CERT
67076363,0,1 T   mem=True nz=True ynz=True cond=True claim_agree=True upper=1905.40930572  CERT
67615840,0,1 RHO mem=True nz=True ynz=True cond=True claim_agree=True upper=0.932260258332  CERT
67615840,0,1 T   mem=True nz=True ynz=True cond=True claim_agree=True upper=2798.82208400  CERT
195030825,0,1 RHO mem=True nz=True ynz=True cond=True claim_agree=True upper=0.885360965865  CERT
195030825,0,1 T   mem=True nz=True ynz=True cond=True claim_agree=True upper=1843.81119707  CERT
284137511,0,1 RHO mem=True nz=True ynz=True cond=True claim_agree=True upper=0.910588453942  CERT
284137511,0,1 T   mem=True nz=True ynz=True cond=True claim_agree=True upper=2015.88396761  CERT
291103080,0,1 RHO mem=True nz=True ynz=True cond=True claim_agree=True upper=0.894798164504  CERT
291103080,0,1 T   mem=True nz=True ynz=True cond=True claim_agree=True upper=1918.65500336  CERT
302151443,0,1 RHO mem=True nz=True ynz=True cond=True claim_agree=True upper=0.929592910642  CERT
302151443,0,1 T   mem=True nz=True ynz=True cond=True claim_agree=True upper=2376.80756638  CERT
350056000,0,1 RHO mem=True nz=True ynz=True cond=True claim_agree=True upper=0.934976776943  CERT
350056000,0,1 T   mem=True nz=True ynz=True cond=True claim_agree=True upper=2298.38853790  CERT
372884988,0,1 RHO mem=True nz=True ynz=True cond=True claim_agree=True upper=0.925152796965  CERT
372884988,0,1 T   mem=True nz=True ynz=True cond=True claim_agree=True upper=2431.51826058  CERT
421223632,0,1 RHO mem=True nz=True ynz=True cond=True claim_agree=True upper=0.934976776943  CERT
421223632,0,1 T   mem=True nz=True ynz=True cond=True claim_agree=True upper=2596.20953836  CERT
434671841,0,1 RHO mem=True nz=True ynz=True cond=True claim_agree=True upper=0.919230242244  CERT
434671841,0,1 T   mem=True nz=True ynz=True cond=True claim_agree=True upper=1826.89389410  CERT
445254217,0,1 RHO mem=True nz=True ynz=True cond=True claim_agree=True upper=0.927939963132  CERT
445254217,0,1 T   mem=True nz=True ynz=True cond=True claim_agree=True upper=2219.86076647  CERT
450769095,0,1 RHO mem=True nz=True ynz=True cond=True claim_agree=True upper=0.963817029533  CERT
450769095,0,1 T   mem=True nz=True ynz=True cond=True claim_agree=True upper=2080.35662321  CERT
481662790,0,1 RHO mem=True nz=True ynz=True cond=True claim_agree=True upper=0.978854455012  CERT
481662790,0,1 T   mem=True nz=True ynz=True cond=True claim_agree=True upper=2355.04867597  CERT
518944507,0,1 RHO mem=True nz=True ynz=True cond=True claim_agree=True upper=0.910588453942  CERT
518944507,0,1 T   mem=True nz=True ynz=True cond=True claim_agree=True upper=2091.71069280  CERT
549838202,0,1 RHO mem=True nz=True ynz=True cond=True claim_agree=True upper=0.925152796965  CERT
549838202,0,1 T   mem=True nz=True ynz=True cond=True claim_agree=True upper=2568.35529514  CERT
555353080,0,1 RHO mem=True nz=True ynz=True cond=True claim_agree=True upper=0.949985060481  CERT
555353080,0,1 T   mem=True nz=True ynz=True cond=True claim_agree=True upper=2699.20487786  CERT
565935456,0,1 RHO mem=True nz=True ynz=True cond=True claim_agree=True upper=0.929592910642  CERT
565935456,0,1 T   mem=True nz=True ynz=True cond=True claim_agree=True upper=2242.90662967  CERT
579383665,0,1 RHO mem=True nz=True ynz=True cond=True claim_agree=True upper=0.944568117729  CERT
579383665,0,1 T   mem=True nz=True ynz=True cond=True claim_agree=True upper=2138.56103823  CERT
627722309,0,1 RHO mem=True nz=True ynz=True cond=True claim_agree=True upper=0.963817029533  CERT
627722309,0,1 T   mem=True nz=True ynz=True cond=True claim_agree=True upper=2203.26238264  CERT
650551297,0,1 RHO mem=True nz=True ynz=True cond=True claim_agree=True upper=0.944568117729  CERT
650551297,0,1 T   mem=True nz=True ynz=True cond=True claim_agree=True upper=2700.02625042  CERT
698455854,0,1 RHO mem=True nz=True ynz=True cond=True claim_agree=True upper=0.919230242244  CERT
698455854,0,1 T   mem=True nz=True ynz=True cond=True claim_agree=True upper=2287.68728110  CERT
709504217,0,1 RHO mem=True nz=True ynz=True cond=True claim_agree=True upper=0.932260258332  CERT
709504217,0,1 T   mem=True nz=True ynz=True cond=True claim_agree=True upper=2290.55436383  CERT
716469786,0,1 RHO mem=True nz=True ynz=True cond=True claim_agree=True upper=0.978854455012  CERT
716469786,0,1 T   mem=True nz=True ynz=True cond=True claim_agree=True upper=2622.30766156  CERT
805576472,0,1 RHO mem=True nz=True ynz=True cond=True claim_agree=True upper=0.974049384141  CERT
805576472,0,1 T   mem=True nz=True ynz=True cond=True claim_agree=True upper=2451.07091084  CERT
932991457,0,1 RHO mem=True nz=True ynz=True cond=True claim_agree=True upper=0.894798164504  CERT
932991457,0,1 T   mem=True nz=True ynz=True cond=True claim_agree=True upper=2432.74187361  CERT
933530934,0,1 RHO mem=True nz=True ynz=True cond=True claim_agree=True upper=0.908371684046  CERT
933530934,0,1 T   mem=True nz=True ynz=True cond=True claim_agree=True upper=2443.75915107  CERT
956081497,0,1 RHO mem=True nz=True ynz=True cond=True claim_agree=True upper=0.885360965865  CERT
956081497,0,1 T   mem=True nz=True ynz=True cond=True claim_agree=True upper=2560.60827984  CERT
960150273,0,1 RHO mem=True nz=True ynz=True cond=True claim_agree=True upper=0.908371684046  CERT
960150273,0,1 T   mem=True nz=True ynz=True cond=True claim_agree=True upper=2315.34686651  CERT
981949877,0,1 RHO mem=True nz=True ynz=True cond=True claim_agree=True upper=0.927939963132  CERT
981949877,0,1 T   mem=True nz=True ynz=True cond=True claim_agree=True upper=1768.46872245  CERT
FAMILY VERIFY n=7 l=1000607297 : EXCLUDED (components certified 32 / 32 ; lines 64 ; failed lines 0)
FAMILY VERIFY PASS
