FACTORIZATION: 32 irreducible factors of degree 2 over F_1000574657: OK (header deg/ncomp/bar_T agree)
1114216,0,1 RHO mem=True nz=True ynz=True cond=True claim_agree=True upper=0.971968028268  CERT
1114216,0,1 T   mem=True nz=True ynz=True cond=True claim_agree=True upper=2568.14446154  CERT
71946592,0,1 RHO mem=True nz=True ynz=True cond=True claim_agree=True upper=0.921311367684  CERT
71946592,0,1 T   mem=True nz=True ynz=True cond=True claim_agree=True upper=2026.10476933  CERT
101861027,0,1 RHO mem=True nz=True ynz=True cond=True claim_agree=True upper=0.956283062598  CERT
101861027,0,1 T   mem=True nz=True ynz=True cond=True claim_agree=True upper=2145.38449571  CERT
130181302,0,1 RHO mem=True nz=True ynz=True cond=True claim_agree=True upper=0.923442872337  CERT
130181302,0,1 T   mem=True nz=True ynz=True cond=True claim_agree=True upper=1851.97449752  CERT
168903873,0,1 RHO mem=True nz=True ynz=True cond=True claim_agree=True upper=0.950463552566  CERT
168903873,0,1 T   mem=True nz=True ynz=True cond=True claim_agree=True upper=2623.51806811  CERT
172849042,0,1 RHO mem=True nz=True ynz=True cond=True claim_agree=True upper=0.956283062598  CERT
172849042,0,1 T   mem=True nz=True ynz=True cond=True claim_agree=True upper=2288.20668335  CERT
188016689,0,1 RHO mem=True nz=True ynz=True cond=True claim_agree=True upper=0.921311367684  CERT
188016689,0,1 T   mem=True nz=True ynz=True cond=True claim_agree=True upper=1780.34873037  CERT
193657732,0,1 RHO mem=True nz=True ynz=True cond=True claim_agree=True upper=0.950463552566  CERT
193657732,0,1 T   mem=True nz=True ynz=True cond=True claim_agree=True upper=3230.00081361  CERT
214923963,0,1 RHO mem=True nz=True ynz=True cond=True claim_agree=True upper=0.937001174803  CERT
214923963,0,1 T   mem=True nz=True ynz=True cond=True claim_agree=True upper=2932.06781425  CERT
244506217,0,1 RHO mem=True nz=True ynz=True cond=True claim_agree=True upper=0.994211582037  CERT
244506217,0,1 T   mem=True nz=True ynz=True cond=True claim_agree=True upper=2788.53953633  CERT
359396191,0,1 RHO mem=True nz=True ynz=True cond=True claim_agree=True upper=0.971968028268  CERT
359396191,0,1 T   mem=True nz=True ynz=True cond=True claim_agree=True upper=2838.42221126  CERT
373662667,0,1 RHO mem=True nz=True ynz=True cond=True claim_agree=True upper=0.954381893822  CERT
373662667,0,1 T   mem=True nz=True ynz=True cond=True claim_agree=True upper=3089.11266696  CERT
395628267,0,1 RHO mem=True nz=True ynz=True cond=True claim_agree=True upper=0.937001174803  CERT
395628267,0,1 T   mem=True nz=True ynz=True cond=True claim_agree=True upper=2333.91908914  CERT
437406335,0,1 RHO mem=True nz=True ynz=True cond=True claim_agree=True upper=0.946606023581  CERT
437406335,0,1 T   mem=True nz=True ynz=True cond=True claim_agree=True upper=2401.70774715  CERT
439831798,0,1 RHO mem=True nz=True ynz=True cond=True claim_agree=True upper=0.994211582037  CERT
439831798,0,1 T   mem=True nz=True ynz=True cond=True claim_agree=True upper=3000.55178711  CERT
448302739,0,1 RHO mem=True nz=True ynz=True cond=True claim_agree=True upper=0.965960951904  CERT
448302739,0,1 T   mem=True nz=True ynz=True cond=True claim_agree=True upper=2533.78352096  CERT
552271918,0,1 RHO mem=True nz=True ynz=True cond=True claim_agree=True upper=0.946606023581  CERT
552271918,0,1 T   mem=True nz=True ynz=True cond=True claim_agree=True upper=2091.95243255  CERT
560742859,0,1 RHO mem=True nz=True ynz=True cond=True claim_agree=True upper=0.919533976564  CERT
560742859,0,1 T   mem=True nz=True ynz=True cond=True claim_agree=True upper=2296.49990202  CERT
563168322,0,1 RHO mem=True nz=True ynz=True cond=True claim_agree=True upper=0.965960951904  CERT
563168322,0,1 T   mem=True nz=True ynz=True cond=True claim_agree=True upper=2741.61346395  CERT
604946390,0,1 RHO mem=True nz=True ynz=True cond=True claim_agree=True upper=0.958039703409  CERT
604946390,0,1 T   mem=True nz=True ynz=True cond=True claim_agree=True upper=2376.38611816  CERT
626911990,0,1 RHO mem=True nz=True ynz=True cond=True claim_agree=True upper=0.923442872337  CERT
626911990,0,1 T   mem=True nz=True ynz=True cond=True claim_agree=True upper=2739.34795561  CERT
641178466,0,1 RHO mem=True nz=True ynz=True cond=True claim_agree=True upper=0.947914494266  CERT
641178466,0,1 T   mem=True nz=True ynz=True cond=True claim_agree=True upper=2358.16156013  CERT
756068440,0,1 RHO mem=True nz=True ynz=True cond=True claim_agree=True upper=0.919533976564  CERT
756068440,0,1 T   mem=True nz=True ynz=True cond=True claim_agree=True upper=2435.78443623  CERT
785650694,0,1 RHO mem=True nz=True ynz=True cond=True claim_agree=True upper=0.958039703409  CERT
785650694,0,1 T   mem=True nz=True ynz=True cond=True claim_agree=True upper=2725.44387322  CERT
806916925,0,1 RHO mem=True nz=True ynz=True cond=True claim_agree=True upper=0.915618703512  CERT
806916925,0,1 T   mem=True nz=True ynz=True cond=True claim_agree=True upper=2605.96191688  CERT
812557968,0,1 RHO mem=True nz=True ynz=True cond=True claim_agree=True upper=0.959879172463  CERT
812557968,0,1 T   mem=True nz=True ynz=True cond=True claim_agree=True upper=2639.92293751  CERT
827725615,0,1 RHO mem=True nz=True ynz=True cond=True claim_agree=True upper=0.946333215181  CERT
827725615,0,1 T   mem=True nz=True ynz=True cond=True claim_agree=True upper=2540.63775816  CERT
831670784,0,1 RHO mem=True nz=True ynz=True cond=True claim_agree=True upper=0.915618703512  CERT
831670784,0,1 T   mem=True nz=True ynz=True cond=True claim_agree=True upper=2620.25922547  CERT
870393355,0,1 RHO mem=True nz=True ynz=True cond=True claim_agree=True upper=0.954381893822  CERT
870393355,0,1 T   mem=True nz=True ynz=True cond=True claim_agree=True upper=2381.18998368  CERT
898713630,0,1 RHO mem=True nz=True ynz=True cond=True claim_agree=True upper=0.946333215181  CERT
898713630,0,1 T   mem=True nz=True ynz=True cond=True claim_agree=True upper=2217.01802403  CERT
928628065,0,1 RHO mem=True nz=True ynz=True cond=True claim_agree=True upper=0.959879172463  CERT
928628065,0,1 T   mem=True nz=True ynz=True cond=True claim_agree=True upper=2211.65132568  CERT
999460441,0,1 RHO mem=True nz=True ynz=True cond=True claim_agree=True upper=0.947914494266  CERT
999460441,0,1 T   mem=True nz=True ynz=True cond=True claim_agree=True upper=2516.26942767  CERT
FAMILY VERIFY n=7 l=1000574657 : EXCLUDED (components certified 32 / 32 ; lines 64 ; failed lines 0)
FAMILY VERIFY PASS
