FACTORIZATION: 32 irreducible factors of degree 2 over F_1000737473: OK (header deg/ncomp/bar_T agree)
37755073,0,1 RHO mem=True nz=True ynz=True cond=True claim_agree=True upper=0.958799665112  CERT
37755073,0,1 T   mem=True nz=True ynz=True cond=True claim_agree=True upper=2528.35683910  CERT
63256097,0,1 RHO mem=True nz=True ynz=True cond=True claim_agree=True upper=0.949135117475  CERT
63256097,0,1 T   mem=True nz=True ynz=True cond=True claim_agree=True upper=1970.92961746  CERT
151216459,0,1 RHO mem=True nz=True ynz=True cond=True claim_agree=True upper=0.949135117475  CERT
151216459,0,1 T   mem=True nz=True ynz=True cond=True claim_agree=True upper=3438.11495261  CERT
184633703,0,1 RHO mem=True nz=True ynz=True cond=True claim_agree=True upper=0.897960236239  CERT
184633703,0,1 T   mem=True nz=True ynz=True cond=True claim_agree=True upper=2533.60357741  CERT
238877043,0,1 RHO mem=True nz=True ynz=True cond=True claim_agree=True upper=0.952534061632  CERT
238877043,0,1 T   mem=True nz=True ynz=True cond=True claim_agree=True upper=2985.34640467  CERT
244576281,0,1 RHO mem=True nz=True ynz=True cond=True claim_agree=True upper=0.945763223977  CERT
244576281,0,1 T   mem=True nz=True ynz=True cond=True claim_agree=True upper=1896.56124926  CERT
266201924,0,1 RHO mem=True nz=True ynz=True cond=True claim_agree=True upper=0.897960236239  CERT
266201924,0,1 T   mem=True nz=True ynz=True cond=True claim_agree=True upper=2054.20247994  CERT
361472749,0,1 RHO mem=True nz=True ynz=True cond=True claim_agree=True upper=0.957046614156  CERT
361472749,0,1 T   mem=True nz=True ynz=True cond=True claim_agree=True upper=2899.04444221  CERT
372175162,0,1 RHO mem=True nz=True ynz=True cond=True claim_agree=True upper=0.942725274820  CERT
372175162,0,1 T   mem=True nz=True ynz=True cond=True claim_agree=True upper=2035.17251490  CERT
388948302,0,1 RHO mem=True nz=True ynz=True cond=True claim_agree=True upper=0.887429368458  CERT
388948302,0,1 T   mem=True nz=True ynz=True cond=True claim_agree=True upper=3050.87164947  CERT
398077618,0,1 RHO mem=True nz=True ynz=True cond=True claim_agree=True upper=0.968203285385  CERT
398077618,0,1 T   mem=True nz=True ynz=True cond=True claim_agree=True upper=2749.59681768  CERT
415679169,0,1 RHO mem=True nz=True ynz=True cond=True claim_agree=True upper=0.958799665112  CERT
415679169,0,1 T   mem=True nz=True ynz=True cond=True claim_agree=True upper=2341.24818284  CERT
448588895,0,1 RHO mem=True nz=True ynz=True cond=True claim_agree=True upper=0.962849881518  CERT
448588895,0,1 T   mem=True nz=True ynz=True cond=True claim_agree=True upper=2989.39317249  CERT
452501192,0,1 RHO mem=True nz=True ynz=True cond=True claim_agree=True upper=0.887429368458  CERT
452501192,0,1 T   mem=True nz=True ynz=True cond=True claim_agree=True upper=2203.55168854  CERT
470492522,0,1 RHO mem=True nz=True ynz=True cond=True claim_agree=True upper=0.959995341222  CERT
470492522,0,1 T   mem=True nz=True ynz=True cond=True claim_agree=True upper=2446.77365045  CERT
498383385,0,1 RHO mem=True nz=True ynz=True cond=True claim_agree=True upper=0.955281972270  CERT
498383385,0,1 T   mem=True nz=True ynz=True cond=True claim_agree=True upper=2866.25174140  CERT
502354088,0,1 RHO mem=True nz=True ynz=True cond=True claim_agree=True upper=0.942725274820  CERT
502354088,0,1 T   mem=True nz=True ynz=True cond=True claim_agree=True upper=2724.95341815  CERT
530244951,0,1 RHO mem=True nz=True ynz=True cond=True claim_agree=True upper=0.952534061632  CERT
530244951,0,1 T   mem=True nz=True ynz=True cond=True claim_agree=True upper=3254.41032075  CERT
548236281,0,1 RHO mem=True nz=True ynz=True cond=True claim_agree=True upper=0.956139071158  CERT
548236281,0,1 T   mem=True nz=True ynz=True cond=True claim_agree=True upper=2733.91323687  CERT
552148578,0,1 RHO mem=True nz=True ynz=True cond=True claim_agree=True upper=0.945763223977  CERT
552148578,0,1 T   mem=True nz=True ynz=True cond=True claim_agree=True upper=3207.32458609  CERT
585058304,0,1 RHO mem=True nz=True ynz=True cond=True claim_agree=True upper=0.961769679009  CERT
585058304,0,1 T   mem=True nz=True ynz=True cond=True claim_agree=True upper=2305.10773324  CERT
602659855,0,1 RHO mem=True nz=True ynz=True cond=True claim_agree=True upper=0.957046614156  CERT
602659855,0,1 T   mem=True nz=True ynz=True cond=True claim_agree=True upper=2886.11265207  CERT
611789171,0,1 RHO mem=True nz=True ynz=True cond=True claim_agree=True upper=0.956139071158  CERT
611789171,0,1 T   mem=True nz=True ynz=True cond=True claim_agree=True upper=2579.66864384  CERT
628562311,0,1 RHO mem=True nz=True ynz=True cond=True claim_agree=True upper=0.955281972270  CERT
628562311,0,1 T   mem=True nz=True ynz=True cond=True claim_agree=True upper=2530.44695571  CERT
639264724,0,1 RHO mem=True nz=True ynz=True cond=True claim_agree=True upper=0.968203285385  CERT
639264724,0,1 T   mem=True nz=True ynz=True cond=True claim_agree=True upper=2971.41956181  CERT
734535549,0,1 RHO mem=True nz=True ynz=True cond=True claim_agree=True upper=0.948023648779  CERT
734535549,0,1 T   mem=True nz=True ynz=True cond=True claim_agree=True upper=2793.25685952  CERT
756161192,0,1 RHO mem=True nz=True ynz=True cond=True claim_agree=True upper=0.962849881518  CERT
756161192,0,1 T   mem=True nz=True ynz=True cond=True claim_agree=True upper=2431.51563427  CERT
761860430,0,1 RHO mem=True nz=True ynz=True cond=True claim_agree=True upper=0.959995341222  CERT
761860430,0,1 T   mem=True nz=True ynz=True cond=True claim_agree=True upper=2229.12694242  CERT
816103770,0,1 RHO mem=True nz=True ynz=True cond=True claim_agree=True upper=0.948023648779  CERT
816103770,0,1 T   mem=True nz=True ynz=True cond=True claim_agree=True upper=2877.74078055  CERT
849521014,0,1 RHO mem=True nz=True ynz=True cond=True claim_agree=True upper=0.953109303319  CERT
849521014,0,1 T   mem=True nz=True ynz=True cond=True claim_agree=True upper=2786.40259635  CERT
937481376,0,1 RHO mem=True nz=True ynz=True cond=True claim_agree=True upper=0.953109303319  CERT
937481376,0,1 T   mem=True nz=True ynz=True cond=True claim_agree=True upper=2321.88148349  CERT
962982400,0,1 RHO mem=True nz=True ynz=True cond=True claim_agree=True upper=0.961769679009  CERT
962982400,0,1 T   mem=True nz=True ynz=True cond=True claim_agree=True upper=3295.57936721  CERT
FAMILY VERIFY n=7 l=1000737473 : EXCLUDED (components certified 32 / 32 ; lines 64 ; failed lines 0)
FAMILY VERIFY PASS
