FACTORIZATION: 32 irreducible factors of degree 2 over F_1001142721: OK (header deg/ncomp/bar_T agree)
29817600,0,1 RHO mem=True nz=True ynz=True cond=True claim_agree=True upper=0.936605426631  CERT
29817600,0,1 T   mem=True nz=True ynz=True cond=True claim_agree=True upper=2950.76284062  CERT
58583529,0,1 RHO mem=True nz=True ynz=True cond=True claim_agree=True upper=0.968779406504  CERT
58583529,0,1 T   mem=True nz=True ynz=True cond=True claim_agree=True upper=2870.60537115  CERT
112489792,0,1 RHO mem=True nz=True ynz=True cond=True claim_agree=True upper=0.968779406504  CERT
112489792,0,1 T   mem=True nz=True ynz=True cond=True claim_agree=True upper=2262.01729841  CERT
139761632,0,1 RHO mem=True nz=True ynz=True cond=True claim_agree=True upper=0.947221617683  CERT
139761632,0,1 T   mem=True nz=True ynz=True cond=True claim_agree=True upper=2616.73782725  CERT
167257538,0,1 RHO mem=True nz=True ynz=True cond=True claim_agree=True upper=0.903340140784  CERT
167257538,0,1 T   mem=True nz=True ynz=True cond=True claim_agree=True upper=2254.56549183  CERT
185221202,0,1 RHO mem=True nz=True ynz=True cond=True claim_agree=True upper=0.905867326895  CERT
185221202,0,1 T   mem=True nz=True ynz=True cond=True claim_agree=True upper=2849.50544704  CERT
267768952,0,1 RHO mem=True nz=True ynz=True cond=True claim_agree=True upper=0.927985631399  CERT
267768952,0,1 T   mem=True nz=True ynz=True cond=True claim_agree=True upper=2748.43040455  CERT
273607643,0,1 RHO mem=True nz=True ynz=True cond=True claim_agree=True upper=0.952244196968  CERT
273607643,0,1 T   mem=True nz=True ynz=True cond=True claim_agree=True upper=2649.90291058  CERT
321962478,0,1 RHO mem=True nz=True ynz=True cond=True claim_agree=True upper=0.922101123749  CERT
321962478,0,1 T   mem=True nz=True ynz=True cond=True claim_agree=True upper=1998.63115068  CERT
340154319,0,1 RHO mem=True nz=True ynz=True cond=True claim_agree=True upper=0.913047554892  CERT
340154319,0,1 T   mem=True nz=True ynz=True cond=True claim_agree=True upper=2722.32194130  CERT
341703079,0,1 RHO mem=True nz=True ynz=True cond=True claim_agree=True upper=0.903340140784  CERT
341703079,0,1 T   mem=True nz=True ynz=True cond=True claim_agree=True upper=2124.24397083  CERT
358697863,0,1 RHO mem=True nz=True ynz=True cond=True claim_agree=True upper=0.905947518548  CERT
358697863,0,1 T   mem=True nz=True ynz=True cond=True claim_agree=True upper=2358.05701078  CERT
417141852,0,1 RHO mem=True nz=True ynz=True cond=True claim_agree=True upper=0.927985631399  CERT
417141852,0,1 T   mem=True nz=True ynz=True cond=True claim_agree=True upper=2244.23934364  CERT
444620504,0,1 RHO mem=True nz=True ynz=True cond=True claim_agree=True upper=0.914415412884  CERT
444620504,0,1 T   mem=True nz=True ynz=True cond=True claim_agree=True upper=2655.71586227  CERT
455220209,0,1 RHO mem=True nz=True ynz=True cond=True claim_agree=True upper=0.927953039055  CERT
455220209,0,1 T   mem=True nz=True ynz=True cond=True claim_agree=True upper=2675.95370272  CERT
477689717,0,1 RHO mem=True nz=True ynz=True cond=True claim_agree=True upper=0.905867326895  CERT
477689717,0,1 T   mem=True nz=True ynz=True cond=True claim_agree=True upper=2856.00877402  CERT
523453004,0,1 RHO mem=True nz=True ynz=True cond=True claim_agree=True upper=0.923928319187  CERT
523453004,0,1 T   mem=True nz=True ynz=True cond=True claim_agree=True upper=2135.93994157  CERT
545922512,0,1 RHO mem=True nz=True ynz=True cond=True claim_agree=True upper=0.936605426631  CERT
545922512,0,1 T   mem=True nz=True ynz=True cond=True claim_agree=True upper=2510.23635454  CERT
556522217,0,1 RHO mem=True nz=True ynz=True cond=True claim_agree=True upper=0.952244196968  CERT
556522217,0,1 T   mem=True nz=True ynz=True cond=True claim_agree=True upper=2809.18071848  CERT
584000869,0,1 RHO mem=True nz=True ynz=True cond=True claim_agree=True upper=0.925282413467  CERT
584000869,0,1 T   mem=True nz=True ynz=True cond=True claim_agree=True upper=2568.58124107  CERT
642444858,0,1 RHO mem=True nz=True ynz=True cond=True claim_agree=True upper=0.947221617683  CERT
642444858,0,1 T   mem=True nz=True ynz=True cond=True claim_agree=True upper=2447.25345188  CERT
659439642,0,1 RHO mem=True nz=True ynz=True cond=True claim_agree=True upper=0.913193737468  CERT
659439642,0,1 T   mem=True nz=True ynz=True cond=True claim_agree=True upper=1796.22095262  CERT
660988402,0,1 RHO mem=True nz=True ynz=True cond=True claim_agree=True upper=0.922101123749  CERT
660988402,0,1 T   mem=True nz=True ynz=True cond=True claim_agree=True upper=2208.57125129  CERT
679180243,0,1 RHO mem=True nz=True ynz=True cond=True claim_agree=True upper=0.913047554892  CERT
679180243,0,1 T   mem=True nz=True ynz=True cond=True claim_agree=True upper=1771.30130628  CERT
727535078,0,1 RHO mem=True nz=True ynz=True cond=True claim_agree=True upper=0.914415412884  CERT
727535078,0,1 T   mem=True nz=True ynz=True cond=True claim_agree=True upper=3233.97197373  CERT
733373769,0,1 RHO mem=True nz=True ynz=True cond=True claim_agree=True upper=0.925282413467  CERT
733373769,0,1 T   mem=True nz=True ynz=True cond=True claim_agree=True upper=2796.39343392  CERT
815921519,0,1 RHO mem=True nz=True ynz=True cond=True claim_agree=True upper=0.923928319187  CERT
815921519,0,1 T   mem=True nz=True ynz=True cond=True claim_agree=True upper=2347.98443007  CERT
833885183,0,1 RHO mem=True nz=True ynz=True cond=True claim_agree=True upper=0.913193737468  CERT
833885183,0,1 T   mem=True nz=True ynz=True cond=True claim_agree=True upper=1806.70765883  CERT
861381089,0,1 RHO mem=True nz=True ynz=True cond=True claim_agree=True upper=0.905947518548  CERT
861381089,0,1 T   mem=True nz=True ynz=True cond=True claim_agree=True upper=2467.04008854  CERT
888652929,0,1 RHO mem=True nz=True ynz=True cond=True claim_agree=True upper=0.873841511166  CERT
888652929,0,1 T   mem=True nz=True ynz=True cond=True claim_agree=True upper=2743.95554581  CERT
942559192,0,1 RHO mem=True nz=True ynz=True cond=True claim_agree=True upper=0.873841511166  CERT
942559192,0,1 T   mem=True nz=True ynz=True cond=True claim_agree=True upper=2311.87760774  CERT
971325121,0,1 RHO mem=True nz=True ynz=True cond=True claim_agree=True upper=0.927953039055  CERT
971325121,0,1 T   mem=True nz=True ynz=True cond=True claim_agree=True upper=2433.84895180  CERT
FAMILY VERIFY n=7 l=1001142721 : EXCLUDED (components certified 32 / 32 ; lines 64 ; failed lines 0)
FAMILY VERIFY PASS
