FACTORIZATION: 32 irreducible factors of degree 2 over F_1000012609: OK (header deg/ncomp/bar_T agree)
48216268,0,1 RHO mem=True nz=True ynz=True cond=True claim_agree=True upper=0.910823986681  CERT
48216268,0,1 T   mem=True nz=True ynz=True cond=True claim_agree=True upper=1988.52254273  CERT
122889292,0,1 RHO mem=True nz=True ynz=True cond=True claim_agree=True upper=0.918531264513  CERT
122889292,0,1 T   mem=True nz=True ynz=True cond=True claim_agree=True upper=2303.84475328  CERT
149684805,0,1 RHO mem=True nz=True ynz=True cond=True claim_agree=True upper=0.920579618512  CERT
149684805,0,1 T   mem=True nz=True ynz=True cond=True claim_agree=True upper=2054.49728989  CERT
150626285,0,1 RHO mem=True nz=True ynz=True cond=True claim_agree=True upper=0.947910634617  CERT
150626285,0,1 T   mem=True nz=True ynz=True cond=True claim_agree=True upper=2757.71109543  CERT
268652114,0,1 RHO mem=True nz=True ynz=True cond=True claim_agree=True upper=0.910823986681  CERT
268652114,0,1 T   mem=True nz=True ynz=True cond=True claim_agree=True upper=2475.24619348  CERT
307780911,0,1 RHO mem=True nz=True ynz=True cond=True claim_agree=True upper=0.946786001983  CERT
307780911,0,1 T   mem=True nz=True ynz=True cond=True claim_agree=True upper=2815.58410556  CERT
309801425,0,1 RHO mem=True nz=True ynz=True cond=True claim_agree=True upper=0.922946126261  CERT
309801425,0,1 T   mem=True nz=True ynz=True cond=True claim_agree=True upper=2426.17105433  CERT
343273914,0,1 RHO mem=True nz=True ynz=True cond=True claim_agree=True upper=0.920579618512  CERT
343273914,0,1 T   mem=True nz=True ynz=True cond=True claim_agree=True upper=1623.79094139  CERT
344665852,0,1 RHO mem=True nz=True ynz=True cond=True claim_agree=True upper=0.926749774492  CERT
344665852,0,1 T   mem=True nz=True ynz=True cond=True claim_agree=True upper=2906.40025683  CERT
348072814,0,1 RHO mem=True nz=True ynz=True cond=True claim_agree=True upper=0.946786001983  CERT
348072814,0,1 T   mem=True nz=True ynz=True cond=True claim_agree=True upper=2661.21450475  CERT
349117978,0,1 RHO mem=True nz=True ynz=True cond=True claim_agree=True upper=0.947910634617  CERT
349117978,0,1 T   mem=True nz=True ynz=True cond=True claim_agree=True upper=2249.09478742  CERT
353906723,0,1 RHO mem=True nz=True ynz=True cond=True claim_agree=True upper=0.958188142043  CERT
353906723,0,1 T   mem=True nz=True ynz=True cond=True claim_agree=True upper=2605.62284319  CERT
414896978,0,1 RHO mem=True nz=True ynz=True cond=True claim_agree=True upper=0.938548742525  CERT
414896978,0,1 T   mem=True nz=True ynz=True cond=True claim_agree=True upper=2473.44277679  CERT
416952338,0,1 RHO mem=True nz=True ynz=True cond=True claim_agree=True upper=0.902624830563  CERT
416952338,0,1 T   mem=True nz=True ynz=True cond=True claim_agree=True upper=2110.77652202  CERT
471831768,0,1 RHO mem=True nz=True ynz=True cond=True claim_agree=True upper=0.922946126261  CERT
471831768,0,1 T   mem=True nz=True ynz=True cond=True claim_agree=True upper=2290.41417438  CERT
499408753,0,1 RHO mem=True nz=True ynz=True cond=True claim_agree=True upper=0.907230821783  CERT
499408753,0,1 T   mem=True nz=True ynz=True cond=True claim_agree=True upper=1821.25671847  CERT
500603856,0,1 RHO mem=True nz=True ynz=True cond=True claim_agree=True upper=0.926749774492  CERT
500603856,0,1 T   mem=True nz=True ynz=True cond=True claim_agree=True upper=2129.63684576  CERT
528180841,0,1 RHO mem=True nz=True ynz=True cond=True claim_agree=True upper=0.947801196271  CERT
528180841,0,1 T   mem=True nz=True ynz=True cond=True claim_agree=True upper=2235.87485059  CERT
583060271,0,1 RHO mem=True nz=True ynz=True cond=True claim_agree=True upper=0.958188142043  CERT
583060271,0,1 T   mem=True nz=True ynz=True cond=True claim_agree=True upper=2906.48311779  CERT
585115631,0,1 RHO mem=True nz=True ynz=True cond=True claim_agree=True upper=0.918531264513  CERT
585115631,0,1 T   mem=True nz=True ynz=True cond=True claim_agree=True upper=2330.42459008  CERT
646105886,0,1 RHO mem=True nz=True ynz=True cond=True claim_agree=True upper=0.902624830563  CERT
646105886,0,1 T   mem=True nz=True ynz=True cond=True claim_agree=True upper=2221.20825027  CERT
650894631,0,1 RHO mem=True nz=True ynz=True cond=True claim_agree=True upper=0.919250363080  CERT
650894631,0,1 T   mem=True nz=True ynz=True cond=True claim_agree=True upper=2477.09226428  CERT
651939795,0,1 RHO mem=True nz=True ynz=True cond=True claim_agree=True upper=0.933605171570  CERT
651939795,0,1 T   mem=True nz=True ynz=True cond=True claim_agree=True upper=2140.73055718  CERT
655346757,0,1 RHO mem=True nz=True ynz=True cond=True claim_agree=True upper=0.907230821783  CERT
655346757,0,1 T   mem=True nz=True ynz=True cond=True claim_agree=True upper=1735.23545121  CERT
656738695,0,1 RHO mem=True nz=True ynz=True cond=True claim_agree=True upper=0.949691941625  CERT
656738695,0,1 T   mem=True nz=True ynz=True cond=True claim_agree=True upper=2668.00672643  CERT
690211184,0,1 RHO mem=True nz=True ynz=True cond=True claim_agree=True upper=0.947801196271  CERT
690211184,0,1 T   mem=True nz=True ynz=True cond=True claim_agree=True upper=2587.90767089  CERT
692231698,0,1 RHO mem=True nz=True ynz=True cond=True claim_agree=True upper=0.933605171570  CERT
692231698,0,1 T   mem=True nz=True ynz=True cond=True claim_agree=True upper=2118.94402851  CERT
731360495,0,1 RHO mem=True nz=True ynz=True cond=True claim_agree=True upper=0.937259789634  CERT
731360495,0,1 T   mem=True nz=True ynz=True cond=True claim_agree=True upper=1759.53798101  CERT
849386324,0,1 RHO mem=True nz=True ynz=True cond=True claim_agree=True upper=0.919250363080  CERT
849386324,0,1 T   mem=True nz=True ynz=True cond=True claim_agree=True upper=2683.12725966  CERT
850327804,0,1 RHO mem=True nz=True ynz=True cond=True claim_agree=True upper=0.949691941625  CERT
850327804,0,1 T   mem=True nz=True ynz=True cond=True claim_agree=True upper=2466.33034207  CERT
877123317,0,1 RHO mem=True nz=True ynz=True cond=True claim_agree=True upper=0.938548742525  CERT
877123317,0,1 T   mem=True nz=True ynz=True cond=True claim_agree=True upper=2745.50017687  CERT
951796341,0,1 RHO mem=True nz=True ynz=True cond=True claim_agree=True upper=0.937259789634  CERT
951796341,0,1 T   mem=True nz=True ynz=True cond=True claim_agree=True upper=2845.75732101  CERT
FAMILY VERIFY n=7 l=1000012609 : EXCLUDED (components certified 32 / 32 ; lines 64 ; failed lines 0)
FAMILY VERIFY PASS
