FACTORIZATION: 32 irreducible factors of degree 2 over F_1000417601: OK (header deg/ncomp/bar_T agree)
33239197,0,1 RHO mem=True nz=True ynz=True cond=True claim_agree=True upper=0.906563576403  CERT
33239197,0,1 T   mem=True nz=True ynz=True cond=True claim_agree=True upper=1712.07983895  CERT
38210990,0,1 RHO mem=True nz=True ynz=True cond=True claim_agree=True upper=0.954905432776  CERT
38210990,0,1 T   mem=True nz=True ynz=True cond=True claim_agree=True upper=2249.76163127  CERT
61958150,0,1 RHO mem=True nz=True ynz=True cond=True claim_agree=True upper=0.946156577419  CERT
61958150,0,1 T   mem=True nz=True ynz=True cond=True claim_agree=True upper=1641.89358474  CERT
120943869,0,1 RHO mem=True nz=True ynz=True cond=True claim_agree=True upper=0.929492492301  CERT
120943869,0,1 T   mem=True nz=True ynz=True cond=True claim_agree=True upper=2067.48154704  CERT
129742750,0,1 RHO mem=True nz=True ynz=True cond=True claim_agree=True upper=0.950604105107  CERT
129742750,0,1 T   mem=True nz=True ynz=True cond=True claim_agree=True upper=2069.96316338  CERT
161750727,0,1 RHO mem=True nz=True ynz=True cond=True claim_agree=True upper=0.967479920767  CERT
161750727,0,1 T   mem=True nz=True ynz=True cond=True claim_agree=True upper=2171.79945314  CERT
200331761,0,1 RHO mem=True nz=True ynz=True cond=True claim_agree=True upper=0.946332993025  CERT
200331761,0,1 T   mem=True nz=True ynz=True cond=True claim_agree=True upper=2349.64671818  CERT
307080949,0,1 RHO mem=True nz=True ynz=True cond=True claim_agree=True upper=0.946332993025  CERT
307080949,0,1 T   mem=True nz=True ynz=True cond=True claim_agree=True upper=1956.41659432  CERT
352762026,0,1 RHO mem=True nz=True ynz=True cond=True claim_agree=True upper=0.942554247179  CERT
352762026,0,1 T   mem=True nz=True ynz=True cond=True claim_agree=True upper=2047.50376109  CERT
359114065,0,1 RHO mem=True nz=True ynz=True cond=True claim_agree=True upper=0.947898671957  CERT
359114065,0,1 T   mem=True nz=True ynz=True cond=True claim_agree=True upper=2622.07300101  CERT
375977230,0,1 RHO mem=True nz=True ynz=True cond=True claim_agree=True upper=0.943972382957  CERT
375977230,0,1 T   mem=True nz=True ynz=True cond=True claim_agree=True upper=2587.13898307  CERT
400595185,0,1 RHO mem=True nz=True ynz=True cond=True claim_agree=True upper=0.954905432776  CERT
400595185,0,1 T   mem=True nz=True ynz=True cond=True claim_agree=True upper=2122.07261891  CERT
431869286,0,1 RHO mem=True nz=True ynz=True cond=True claim_agree=True upper=0.937365184204  CERT
431869286,0,1 T   mem=True nz=True ynz=True cond=True claim_agree=True upper=2222.95836218  CERT
449356253,0,1 RHO mem=True nz=True ynz=True cond=True claim_agree=True upper=0.937365184204  CERT
449356253,0,1 T   mem=True nz=True ynz=True cond=True claim_agree=True upper=2191.78199121  CERT
460087893,0,1 RHO mem=True nz=True ynz=True cond=True claim_agree=True upper=0.948450373600  CERT
460087893,0,1 T   mem=True nz=True ynz=True cond=True claim_agree=True upper=2474.58164023  CERT
496677912,0,1 RHO mem=True nz=True ynz=True cond=True claim_agree=True upper=0.946156577419  CERT
496677912,0,1 T   mem=True nz=True ynz=True cond=True claim_agree=True upper=1932.52816802  CERT
503739689,0,1 RHO mem=True nz=True ynz=True cond=True claim_agree=True upper=0.934762821583  CERT
503739689,0,1 T   mem=True nz=True ynz=True cond=True claim_agree=True upper=2572.94126382  CERT
540329708,0,1 RHO mem=True nz=True ynz=True cond=True claim_agree=True upper=0.950604105107  CERT
540329708,0,1 T   mem=True nz=True ynz=True cond=True claim_agree=True upper=2473.14009025  CERT
551061348,0,1 RHO mem=True nz=True ynz=True cond=True claim_agree=True upper=0.941414779839  CERT
551061348,0,1 T   mem=True nz=True ynz=True cond=True claim_agree=True upper=2325.27553084  CERT
568548315,0,1 RHO mem=True nz=True ynz=True cond=True claim_agree=True upper=0.941414779839  CERT
568548315,0,1 T   mem=True nz=True ynz=True cond=True claim_agree=True upper=2493.97208108  CERT
599822416,0,1 RHO mem=True nz=True ynz=True cond=True claim_agree=True upper=0.911068554696  CERT
599822416,0,1 T   mem=True nz=True ynz=True cond=True claim_agree=True upper=2258.20175278  CERT
624440371,0,1 RHO mem=True nz=True ynz=True cond=True claim_agree=True upper=0.947898671957  CERT
624440371,0,1 T   mem=True nz=True ynz=True cond=True claim_agree=True upper=2603.37395437  CERT
641303536,0,1 RHO mem=True nz=True ynz=True cond=True claim_agree=True upper=0.943972382957  CERT
641303536,0,1 T   mem=True nz=True ynz=True cond=True claim_agree=True upper=2358.08576211  CERT
647655575,0,1 RHO mem=True nz=True ynz=True cond=True claim_agree=True upper=0.929492492301  CERT
647655575,0,1 T   mem=True nz=True ynz=True cond=True claim_agree=True upper=1782.95898826  CERT
693336652,0,1 RHO mem=True nz=True ynz=True cond=True claim_agree=True upper=0.946903909712  CERT
693336652,0,1 T   mem=True nz=True ynz=True cond=True claim_agree=True upper=2214.76479100  CERT
800085840,0,1 RHO mem=True nz=True ynz=True cond=True claim_agree=True upper=0.946903909712  CERT
800085840,0,1 T   mem=True nz=True ynz=True cond=True claim_agree=True upper=2852.36761372  CERT
838666874,0,1 RHO mem=True nz=True ynz=True cond=True claim_agree=True upper=0.906563576403  CERT
838666874,0,1 T   mem=True nz=True ynz=True cond=True claim_agree=True upper=1765.24135755  CERT
870674851,0,1 RHO mem=True nz=True ynz=True cond=True claim_agree=True upper=0.948450373600  CERT
870674851,0,1 T   mem=True nz=True ynz=True cond=True claim_agree=True upper=2013.62405563  CERT
879473732,0,1 RHO mem=True nz=True ynz=True cond=True claim_agree=True upper=0.942554247179  CERT
879473732,0,1 T   mem=True nz=True ynz=True cond=True claim_agree=True upper=2565.63432148  CERT
938459451,0,1 RHO mem=True nz=True ynz=True cond=True claim_agree=True upper=0.934762821583  CERT
938459451,0,1 T   mem=True nz=True ynz=True cond=True claim_agree=True upper=2049.54659405  CERT
962206611,0,1 RHO mem=True nz=True ynz=True cond=True claim_agree=True upper=0.911068554696  CERT
962206611,0,1 T   mem=True nz=True ynz=True cond=True claim_agree=True upper=2005.32541327  CERT
967178404,0,1 RHO mem=True nz=True ynz=True cond=True claim_agree=True upper=0.967479920767  CERT
967178404,0,1 T   mem=True nz=True ynz=True cond=True claim_agree=True upper=2568.69802309  CERT
FAMILY VERIFY n=7 l=1000417601 : EXCLUDED (components certified 32 / 32 ; lines 64 ; failed lines 0)
FAMILY VERIFY PASS
