FACTORIZATION: 32 irreducible factors of degree 2 over F_1000379201: OK (header deg/ncomp/bar_T agree)
46495207,0,1 RHO mem=True nz=True ynz=True cond=True claim_agree=True upper=0.916870000290  CERT
46495207,0,1 T   mem=True nz=True ynz=True cond=True claim_agree=True upper=2069.74097157  CERT
136903112,0,1 RHO mem=True nz=True ynz=True cond=True claim_agree=True upper=0.939389156076  CERT
136903112,0,1 T   mem=True nz=True ynz=True cond=True claim_agree=True upper=2901.82760553  CERT
157812157,0,1 RHO mem=True nz=True ynz=True cond=True claim_agree=True upper=0.921932867127  CERT
157812157,0,1 T   mem=True nz=True ynz=True cond=True claim_agree=True upper=1796.16516981  CERT
258084679,0,1 RHO mem=True nz=True ynz=True cond=True claim_agree=True upper=0.916870000290  CERT
258084679,0,1 T   mem=True nz=True ynz=True cond=True claim_agree=True upper=2174.16074784  CERT
280486067,0,1 RHO mem=True nz=True ynz=True cond=True claim_agree=True upper=0.894103076087  CERT
280486067,0,1 T   mem=True nz=True ynz=True cond=True claim_agree=True upper=2191.96372272  CERT
317060066,0,1 RHO mem=True nz=True ynz=True cond=True claim_agree=True upper=0.894103076087  CERT
317060066,0,1 T   mem=True nz=True ynz=True cond=True claim_agree=True upper=2252.43764376  CERT
359322896,0,1 RHO mem=True nz=True ynz=True cond=True claim_agree=True upper=0.941406102438  CERT
359322896,0,1 T   mem=True nz=True ynz=True cond=True claim_agree=True upper=2226.85701111  CERT
379062725,0,1 RHO mem=True nz=True ynz=True cond=True claim_agree=True upper=0.921977097709  CERT
379062725,0,1 T   mem=True nz=True ynz=True cond=True claim_agree=True upper=1909.40338072  CERT
385903613,0,1 RHO mem=True nz=True ynz=True cond=True claim_agree=True upper=0.951148275914  CERT
385903613,0,1 T   mem=True nz=True ynz=True cond=True claim_agree=True upper=2643.37501829  CERT
418473350,0,1 RHO mem=True nz=True ynz=True cond=True claim_agree=True upper=0.921932867127  CERT
418473350,0,1 T   mem=True nz=True ynz=True cond=True claim_agree=True upper=2188.66893657  CERT
428144590,0,1 RHO mem=True nz=True ynz=True cond=True claim_agree=True upper=0.941406102438  CERT
428144590,0,1 T   mem=True nz=True ynz=True cond=True claim_agree=True upper=2604.74557991  CERT
439725725,0,1 RHO mem=True nz=True ynz=True cond=True claim_agree=True upper=0.928519717891  CERT
439725725,0,1 T   mem=True nz=True ynz=True cond=True claim_agree=True upper=2718.68944417  CERT
475976489,0,1 RHO mem=True nz=True ynz=True cond=True claim_agree=True upper=0.919280167847  CERT
475976489,0,1 T   mem=True nz=True ynz=True cond=True claim_agree=True upper=3032.22602452  CERT
486549463,0,1 RHO mem=True nz=True ynz=True cond=True claim_agree=True upper=0.939554057086  CERT
486549463,0,1 T   mem=True nz=True ynz=True cond=True claim_agree=True upper=2316.68289563  CERT
487250057,0,1 RHO mem=True nz=True ynz=True cond=True claim_agree=True upper=0.939554057086  CERT
487250057,0,1 T   mem=True nz=True ynz=True cond=True claim_agree=True upper=2295.08970570  CERT
496639568,0,1 RHO mem=True nz=True ynz=True cond=True claim_agree=True upper=0.919653930864  CERT
496639568,0,1 T   mem=True nz=True ynz=True cond=True claim_agree=True upper=1745.15361788  CERT
503739633,0,1 RHO mem=True nz=True ynz=True cond=True claim_agree=True upper=0.919280167847  CERT
503739633,0,1 T   mem=True nz=True ynz=True cond=True claim_agree=True upper=1978.13240577  CERT
513129144,0,1 RHO mem=True nz=True ynz=True cond=True claim_agree=True upper=0.926104467264  CERT
513129144,0,1 T   mem=True nz=True ynz=True cond=True claim_agree=True upper=1907.40370011  CERT
513829738,0,1 RHO mem=True nz=True ynz=True cond=True claim_agree=True upper=0.926104467264  CERT
513829738,0,1 T   mem=True nz=True ynz=True cond=True claim_agree=True upper=2071.63672840  CERT
524402712,0,1 RHO mem=True nz=True ynz=True cond=True claim_agree=True upper=0.919653930864  CERT
524402712,0,1 T   mem=True nz=True ynz=True cond=True claim_agree=True upper=1896.54333273  CERT
560653476,0,1 RHO mem=True nz=True ynz=True cond=True claim_agree=True upper=0.939389156076  CERT
560653476,0,1 T   mem=True nz=True ynz=True cond=True claim_agree=True upper=2885.43174801  CERT
572234611,0,1 RHO mem=True nz=True ynz=True cond=True claim_agree=True upper=0.939045752575  CERT
572234611,0,1 T   mem=True nz=True ynz=True cond=True claim_agree=True upper=1984.68060722  CERT
581905851,0,1 RHO mem=True nz=True ynz=True cond=True claim_agree=True upper=0.909897901882  CERT
581905851,0,1 T   mem=True nz=True ynz=True cond=True claim_agree=True upper=2469.28000563  CERT
614475588,0,1 RHO mem=True nz=True ynz=True cond=True claim_agree=True upper=0.921977097709  CERT
614475588,0,1 T   mem=True nz=True ynz=True cond=True claim_agree=True upper=2024.47370284  CERT
621316476,0,1 RHO mem=True nz=True ynz=True cond=True claim_agree=True upper=0.951148275914  CERT
621316476,0,1 T   mem=True nz=True ynz=True cond=True claim_agree=True upper=2056.65126490  CERT
641056305,0,1 RHO mem=True nz=True ynz=True cond=True claim_agree=True upper=0.939045752575  CERT
641056305,0,1 T   mem=True nz=True ynz=True cond=True claim_agree=True upper=2370.94706764  CERT
683319135,0,1 RHO mem=True nz=True ynz=True cond=True claim_agree=True upper=0.893963822310  CERT
683319135,0,1 T   mem=True nz=True ynz=True cond=True claim_agree=True upper=1678.20555091  CERT
719893134,0,1 RHO mem=True nz=True ynz=True cond=True claim_agree=True upper=0.893963822310  CERT
719893134,0,1 T   mem=True nz=True ynz=True cond=True claim_agree=True upper=2318.87945311  CERT
742294522,0,1 RHO mem=True nz=True ynz=True cond=True claim_agree=True upper=0.945479043390  CERT
742294522,0,1 T   mem=True nz=True ynz=True cond=True claim_agree=True upper=2790.97526663  CERT
842567044,0,1 RHO mem=True nz=True ynz=True cond=True claim_agree=True upper=0.909897901882  CERT
842567044,0,1 T   mem=True nz=True ynz=True cond=True claim_agree=True upper=2138.85767269  CERT
863476089,0,1 RHO mem=True nz=True ynz=True cond=True claim_agree=True upper=0.928519717891  CERT
863476089,0,1 T   mem=True nz=True ynz=True cond=True claim_agree=True upper=1952.24758823  CERT
953883994,0,1 RHO mem=True nz=True ynz=True cond=True claim_agree=True upper=0.945479043390  CERT
953883994,0,1 T   mem=True nz=True ynz=True cond=True claim_agree=True upper=2043.44172071  CERT
FAMILY VERIFY n=7 l=1000379201 : EXCLUDED (components certified 32 / 32 ; lines 64 ; failed lines 0)
FAMILY VERIFY PASS
