FACTORIZATION: 32 irreducible factors of degree 2 over F_1001083841: OK (header deg/ncomp/bar_T agree)
18556941,0,1 RHO mem=True nz=True ynz=True cond=True claim_agree=True upper=0.937067932255  CERT
18556941,0,1 T   mem=True nz=True ynz=True cond=True claim_agree=True upper=2628.78722478  CERT
68154323,0,1 RHO mem=True nz=True ynz=True cond=True claim_agree=True upper=0.928779685438  CERT
68154323,0,1 T   mem=True nz=True ynz=True cond=True claim_agree=True upper=2203.37808267  CERT
107203710,0,1 RHO mem=True nz=True ynz=True cond=True claim_agree=True upper=0.959001488018  CERT
107203710,0,1 T   mem=True nz=True ynz=True cond=True claim_agree=True upper=2575.85320944  CERT
123453469,0,1 RHO mem=True nz=True ynz=True cond=True claim_agree=True upper=0.960365132179  CERT
123453469,0,1 T   mem=True nz=True ynz=True cond=True claim_agree=True upper=2093.45204525  CERT
254099867,0,1 RHO mem=True nz=True ynz=True cond=True claim_agree=True upper=0.931467957040  CERT
254099867,0,1 T   mem=True nz=True ynz=True cond=True claim_agree=True upper=2608.15873365  CERT
261674477,0,1 RHO mem=True nz=True ynz=True cond=True claim_agree=True upper=0.958196116386  CERT
261674477,0,1 T   mem=True nz=True ynz=True cond=True claim_agree=True upper=2416.92570380  CERT
268978656,0,1 RHO mem=True nz=True ynz=True cond=True claim_agree=True upper=0.969840335830  CERT
268978656,0,1 T   mem=True nz=True ynz=True cond=True claim_agree=True upper=2875.73011850  CERT
269195881,0,1 RHO mem=True nz=True ynz=True cond=True claim_agree=True upper=0.961440286567  CERT
269195881,0,1 T   mem=True nz=True ynz=True cond=True claim_agree=True upper=3171.49233422  CERT
304069151,0,1 RHO mem=True nz=True ynz=True cond=True claim_agree=True upper=0.959001488018  CERT
304069151,0,1 T   mem=True nz=True ynz=True cond=True claim_agree=True upper=2703.70869262  CERT
304084788,0,1 RHO mem=True nz=True ynz=True cond=True claim_agree=True upper=0.961440286567  CERT
304084788,0,1 T   mem=True nz=True ynz=True cond=True claim_agree=True upper=2781.67517027  CERT
331430943,0,1 RHO mem=True nz=True ynz=True cond=True claim_agree=True upper=0.931467957040  CERT
331430943,0,1 T   mem=True nz=True ynz=True cond=True claim_agree=True upper=2098.30869425  CERT
350472775,0,1 RHO mem=True nz=True ynz=True cond=True claim_agree=True upper=0.949703313357  CERT
350472775,0,1 T   mem=True nz=True ynz=True cond=True claim_agree=True upper=2372.43052665  CERT
360869389,0,1 RHO mem=True nz=True ynz=True cond=True claim_agree=True upper=0.958196116386  CERT
360869389,0,1 T   mem=True nz=True ynz=True cond=True claim_agree=True upper=2782.25588929  CERT
379735654,0,1 RHO mem=True nz=True ynz=True cond=True claim_agree=True upper=0.958792827481  CERT
379735654,0,1 T   mem=True nz=True ynz=True cond=True claim_agree=True upper=2177.98139308  CERT
423649471,0,1 RHO mem=True nz=True ynz=True cond=True claim_agree=True upper=0.973181971969  CERT
423649471,0,1 T   mem=True nz=True ynz=True cond=True claim_agree=True upper=2491.69712078  CERT
497292159,0,1 RHO mem=True nz=True ynz=True cond=True claim_agree=True upper=0.928779685438  CERT
497292159,0,1 T   mem=True nz=True ynz=True cond=True claim_agree=True upper=2546.13388616  CERT
503791682,0,1 RHO mem=True nz=True ynz=True cond=True claim_agree=True upper=0.959770170800  CERT
503791682,0,1 T   mem=True nz=True ynz=True cond=True claim_agree=True upper=2553.30392092  CERT
577434370,0,1 RHO mem=True nz=True ynz=True cond=True claim_agree=True upper=0.958792827481  CERT
577434370,0,1 T   mem=True nz=True ynz=True cond=True claim_agree=True upper=1984.74928502  CERT
621348187,0,1 RHO mem=True nz=True ynz=True cond=True claim_agree=True upper=0.973181971969  CERT
621348187,0,1 T   mem=True nz=True ynz=True cond=True claim_agree=True upper=2958.77509589  CERT
640214452,0,1 RHO mem=True nz=True ynz=True cond=True claim_agree=True upper=0.933107738916  CERT
640214452,0,1 T   mem=True nz=True ynz=True cond=True claim_agree=True upper=2888.57800368  CERT
650611066,0,1 RHO mem=True nz=True ynz=True cond=True claim_agree=True upper=0.960365132179  CERT
650611066,0,1 T   mem=True nz=True ynz=True cond=True claim_agree=True upper=2297.06471335  CERT
669652898,0,1 RHO mem=True nz=True ynz=True cond=True claim_agree=True upper=0.948130310493  CERT
669652898,0,1 T   mem=True nz=True ynz=True cond=True claim_agree=True upper=2370.98997805  CERT
696999053,0,1 RHO mem=True nz=True ynz=True cond=True claim_agree=True upper=0.967875258181  CERT
696999053,0,1 T   mem=True nz=True ynz=True cond=True claim_agree=True upper=3056.28820223  CERT
697014690,0,1 RHO mem=True nz=True ynz=True cond=True claim_agree=True upper=0.939504294694  CERT
697014690,0,1 T   mem=True nz=True ynz=True cond=True claim_agree=True upper=2620.29557550  CERT
731887960,0,1 RHO mem=True nz=True ynz=True cond=True claim_agree=True upper=0.967875258181  CERT
731887960,0,1 T   mem=True nz=True ynz=True cond=True claim_agree=True upper=3969.28557533  CERT
732105185,0,1 RHO mem=True nz=True ynz=True cond=True claim_agree=True upper=0.937067932255  CERT
732105185,0,1 T   mem=True nz=True ynz=True cond=True claim_agree=True upper=2991.59601079  CERT
739409364,0,1 RHO mem=True nz=True ynz=True cond=True claim_agree=True upper=0.933107738916  CERT
739409364,0,1 T   mem=True nz=True ynz=True cond=True claim_agree=True upper=2820.23923305  CERT
746983974,0,1 RHO mem=True nz=True ynz=True cond=True claim_agree=True upper=0.948130310493  CERT
746983974,0,1 T   mem=True nz=True ynz=True cond=True claim_agree=True upper=2330.64333697  CERT
877630372,0,1 RHO mem=True nz=True ynz=True cond=True claim_agree=True upper=0.949703313357  CERT
877630372,0,1 T   mem=True nz=True ynz=True cond=True claim_agree=True upper=2649.17583076  CERT
893880131,0,1 RHO mem=True nz=True ynz=True cond=True claim_agree=True upper=0.939504294694  CERT
893880131,0,1 T   mem=True nz=True ynz=True cond=True claim_agree=True upper=2716.61932469  CERT
932929518,0,1 RHO mem=True nz=True ynz=True cond=True claim_agree=True upper=0.959770170800  CERT
932929518,0,1 T   mem=True nz=True ynz=True cond=True claim_agree=True upper=3007.79936084  CERT
982526900,0,1 RHO mem=True nz=True ynz=True cond=True claim_agree=True upper=0.969840335830  CERT
982526900,0,1 T   mem=True nz=True ynz=True cond=True claim_agree=True upper=2856.45928227  CERT
FAMILY VERIFY n=7 l=1001083841 : EXCLUDED (components certified 32 / 32 ; lines 64 ; failed lines 0)
FAMILY VERIFY PASS
