FACTORIZATION: 32 irreducible factors of degree 2 over F_1000917569: OK (header deg/ncomp/bar_T agree)
7671842,0,1 RHO mem=True nz=True ynz=True cond=True claim_agree=True upper=0.927813221179  CERT
7671842,0,1 T   mem=True nz=True ynz=True cond=True claim_agree=True upper=2663.52231121  CERT
73646323,0,1 RHO mem=True nz=True ynz=True cond=True claim_agree=True upper=0.927813221179  CERT
73646323,0,1 T   mem=True nz=True ynz=True cond=True claim_agree=True upper=2549.28854443  CERT
96406509,0,1 RHO mem=True nz=True ynz=True cond=True claim_agree=True upper=0.937740359275  CERT
96406509,0,1 T   mem=True nz=True ynz=True cond=True claim_agree=True upper=2538.23981708  CERT
111087401,0,1 RHO mem=True nz=True ynz=True cond=True claim_agree=True upper=0.902201654301  CERT
111087401,0,1 T   mem=True nz=True ynz=True cond=True claim_agree=True upper=1651.45030234  CERT
111697993,0,1 RHO mem=True nz=True ynz=True cond=True claim_agree=True upper=0.919287203582  CERT
111697993,0,1 T   mem=True nz=True ynz=True cond=True claim_agree=True upper=2388.75098176  CERT
170499860,0,1 RHO mem=True nz=True ynz=True cond=True claim_agree=True upper=0.897594820212  CERT
170499860,0,1 T   mem=True nz=True ynz=True cond=True claim_agree=True upper=1770.29869760  CERT
171715060,0,1 RHO mem=True nz=True ynz=True cond=True claim_agree=True upper=0.896852192659  CERT
171715060,0,1 T   mem=True nz=True ynz=True cond=True claim_agree=True upper=2436.94533819  CERT
237740934,0,1 RHO mem=True nz=True ynz=True cond=True claim_agree=True upper=0.966756348704  CERT
237740934,0,1 T   mem=True nz=True ynz=True cond=True claim_agree=True upper=2623.13981325  CERT
274852281,0,1 RHO mem=True nz=True ynz=True cond=True claim_agree=True upper=0.930462553933  CERT
274852281,0,1 T   mem=True nz=True ynz=True cond=True claim_agree=True upper=2394.64946296  CERT
318791805,0,1 RHO mem=True nz=True ynz=True cond=True claim_agree=True upper=0.896852192659  CERT
318791805,0,1 T   mem=True nz=True ynz=True cond=True claim_agree=True upper=2612.60183528  CERT
377980793,0,1 RHO mem=True nz=True ynz=True cond=True claim_agree=True upper=0.919287203582  CERT
377980793,0,1 T   mem=True nz=True ynz=True cond=True claim_agree=True upper=2094.55959793  CERT
391654319,0,1 RHO mem=True nz=True ynz=True cond=True claim_agree=True upper=0.966756348704  CERT
391654319,0,1 T   mem=True nz=True ynz=True cond=True claim_agree=True upper=2393.90751400  CERT
396231095,0,1 RHO mem=True nz=True ynz=True cond=True claim_agree=True upper=0.886156296789  CERT
396231095,0,1 T   mem=True nz=True ynz=True cond=True claim_agree=True upper=1632.73427762  CERT
418046990,0,1 RHO mem=True nz=True ynz=True cond=True claim_agree=True upper=0.902201654301  CERT
418046990,0,1 T   mem=True nz=True ynz=True cond=True claim_agree=True upper=2042.49664116  CERT
478433408,0,1 RHO mem=True nz=True ynz=True cond=True claim_agree=True upper=0.922111970840  CERT
478433408,0,1 T   mem=True nz=True ynz=True cond=True claim_agree=True upper=2567.96133428  CERT
481060718,0,1 RHO mem=True nz=True ynz=True cond=True claim_agree=True upper=0.937740359275  CERT
481060718,0,1 T   mem=True nz=True ynz=True cond=True claim_agree=True upper=2709.09401934  CERT
519856851,0,1 RHO mem=True nz=True ynz=True cond=True claim_agree=True upper=0.872671257283  CERT
519856851,0,1 T   mem=True nz=True ynz=True cond=True claim_agree=True upper=1974.71261245  CERT
522484161,0,1 RHO mem=True nz=True ynz=True cond=True claim_agree=True upper=0.897594820212  CERT
522484161,0,1 T   mem=True nz=True ynz=True cond=True claim_agree=True upper=1848.51667603  CERT
582870579,0,1 RHO mem=True nz=True ynz=True cond=True claim_agree=True upper=0.910168586951  CERT
582870579,0,1 T   mem=True nz=True ynz=True cond=True claim_agree=True upper=2162.91672262  CERT
604686474,0,1 RHO mem=True nz=True ynz=True cond=True claim_agree=True upper=0.930462553933  CERT
604686474,0,1 T   mem=True nz=True ynz=True cond=True claim_agree=True upper=2210.79300104  CERT
609263250,0,1 RHO mem=True nz=True ynz=True cond=True claim_agree=True upper=0.855858478289  CERT
609263250,0,1 T   mem=True nz=True ynz=True cond=True claim_agree=True upper=1662.38599794  CERT
622936776,0,1 RHO mem=True nz=True ynz=True cond=True claim_agree=True upper=0.912327238834  CERT
622936776,0,1 T   mem=True nz=True ynz=True cond=True claim_agree=True upper=2533.61925329  CERT
682125764,0,1 RHO mem=True nz=True ynz=True cond=True claim_agree=True upper=0.912135100306  CERT
682125764,0,1 T   mem=True nz=True ynz=True cond=True claim_agree=True upper=2488.16802008  CERT
726065288,0,1 RHO mem=True nz=True ynz=True cond=True claim_agree=True upper=0.886156296789  CERT
726065288,0,1 T   mem=True nz=True ynz=True cond=True claim_agree=True upper=1794.62079569  CERT
763176635,0,1 RHO mem=True nz=True ynz=True cond=True claim_agree=True upper=0.855858478289  CERT
763176635,0,1 T   mem=True nz=True ynz=True cond=True claim_agree=True upper=1830.19011008  CERT
829202509,0,1 RHO mem=True nz=True ynz=True cond=True claim_agree=True upper=0.912135100306  CERT
829202509,0,1 T   mem=True nz=True ynz=True cond=True claim_agree=True upper=1539.10801075  CERT
830417709,0,1 RHO mem=True nz=True ynz=True cond=True claim_agree=True upper=0.922111970840  CERT
830417709,0,1 T   mem=True nz=True ynz=True cond=True claim_agree=True upper=2101.31297855  CERT
889219576,0,1 RHO mem=True nz=True ynz=True cond=True claim_agree=True upper=0.912327238834  CERT
889219576,0,1 T   mem=True nz=True ynz=True cond=True claim_agree=True upper=2109.52423641  CERT
889830168,0,1 RHO mem=True nz=True ynz=True cond=True claim_agree=True upper=0.910168586951  CERT
889830168,0,1 T   mem=True nz=True ynz=True cond=True claim_agree=True upper=2375.41492052  CERT
904511060,0,1 RHO mem=True nz=True ynz=True cond=True claim_agree=True upper=0.872671257283  CERT
904511060,0,1 T   mem=True nz=True ynz=True cond=True claim_agree=True upper=2133.90558472  CERT
927271246,0,1 RHO mem=True nz=True ynz=True cond=True claim_agree=True upper=0.897170697004  CERT
927271246,0,1 T   mem=True nz=True ynz=True cond=True claim_agree=True upper=2250.90690068  CERT
993245727,0,1 RHO mem=True nz=True ynz=True cond=True claim_agree=True upper=0.897170697004  CERT
993245727,0,1 T   mem=True nz=True ynz=True cond=True claim_agree=True upper=1625.51292662  CERT
FAMILY VERIFY n=7 l=1000917569 : EXCLUDED (components certified 32 / 32 ; lines 64 ; failed lines 0)
FAMILY VERIFY PASS
