FACTORIZATION: 32 irreducible factors of degree 2 over F_1000494529: OK (header deg/ncomp/bar_T agree)
49180450,0,1 RHO mem=True nz=True ynz=True cond=True claim_agree=True upper=0.909247843691  CERT
49180450,0,1 T   mem=True nz=True ynz=True cond=True claim_agree=True upper=2620.26036382  CERT
65940432,0,1 RHO mem=True nz=True ynz=True cond=True claim_agree=True upper=0.838919977290  CERT
65940432,0,1 T   mem=True nz=True ynz=True cond=True claim_agree=True upper=2029.38394112  CERT
103314700,0,1 RHO mem=True nz=True ynz=True cond=True claim_agree=True upper=0.901611899939  CERT
103314700,0,1 T   mem=True nz=True ynz=True cond=True claim_agree=True upper=1864.57758206  CERT
119482324,0,1 RHO mem=True nz=True ynz=True cond=True claim_agree=True upper=0.918305198185  CERT
119482324,0,1 T   mem=True nz=True ynz=True cond=True claim_agree=True upper=2212.92294090  CERT
144459088,0,1 RHO mem=True nz=True ynz=True cond=True claim_agree=True upper=0.898727868034  CERT
144459088,0,1 T   mem=True nz=True ynz=True cond=True claim_agree=True upper=1800.15030268  CERT
148780328,0,1 RHO mem=True nz=True ynz=True cond=True claim_agree=True upper=0.898727868034  CERT
148780328,0,1 T   mem=True nz=True ynz=True cond=True claim_agree=True upper=1670.09507805  CERT
163705482,0,1 RHO mem=True nz=True ynz=True cond=True claim_agree=True upper=0.954264766986  CERT
163705482,0,1 T   mem=True nz=True ynz=True cond=True claim_agree=True upper=3097.32293234  CERT
191308696,0,1 RHO mem=True nz=True ynz=True cond=True claim_agree=True upper=0.901611899939  CERT
191308696,0,1 T   mem=True nz=True ynz=True cond=True claim_agree=True upper=2630.69347188  CERT
214939897,0,1 RHO mem=True nz=True ynz=True cond=True claim_agree=True upper=0.857457182665  CERT
214939897,0,1 T   mem=True nz=True ynz=True cond=True claim_agree=True upper=1951.72872603  CERT
240819713,0,1 RHO mem=True nz=True ynz=True cond=True claim_agree=True upper=0.894037755467  CERT
240819713,0,1 T   mem=True nz=True ynz=True cond=True claim_agree=True upper=2449.24023060  CERT
267088551,0,1 RHO mem=True nz=True ynz=True cond=True claim_agree=True upper=0.918305198185  CERT
267088551,0,1 T   mem=True nz=True ynz=True cond=True claim_agree=True upper=2898.10327354  CERT
283388174,0,1 RHO mem=True nz=True ynz=True cond=True claim_agree=True upper=0.915025712411  CERT
283388174,0,1 T   mem=True nz=True ynz=True cond=True claim_agree=True upper=2480.53468611  CERT
319716280,0,1 RHO mem=True nz=True ynz=True cond=True claim_agree=True upper=0.935461010701  CERT
319716280,0,1 T   mem=True nz=True ynz=True cond=True claim_agree=True upper=2850.21569336  CERT
406769632,0,1 RHO mem=True nz=True ynz=True cond=True claim_agree=True upper=0.857457182665  CERT
406769632,0,1 T   mem=True nz=True ynz=True cond=True claim_agree=True upper=2505.09288763  CERT
426997544,0,1 RHO mem=True nz=True ynz=True cond=True claim_agree=True upper=0.894037755467  CERT
426997544,0,1 T   mem=True nz=True ynz=True cond=True claim_agree=True upper=1730.70355917  CERT
490733913,0,1 RHO mem=True nz=True ynz=True cond=True claim_agree=True upper=0.870841022634  CERT
490733913,0,1 T   mem=True nz=True ynz=True cond=True claim_agree=True upper=1923.01127612  CERT
509760616,0,1 RHO mem=True nz=True ynz=True cond=True claim_agree=True upper=0.954264766986  CERT
509760616,0,1 T   mem=True nz=True ynz=True cond=True claim_agree=True upper=2787.08984031  CERT
573496985,0,1 RHO mem=True nz=True ynz=True cond=True claim_agree=True upper=0.910039149821  CERT
573496985,0,1 T   mem=True nz=True ynz=True cond=True claim_agree=True upper=1705.77329033  CERT
593724897,0,1 RHO mem=True nz=True ynz=True cond=True claim_agree=True upper=0.879050448333  CERT
593724897,0,1 T   mem=True nz=True ynz=True cond=True claim_agree=True upper=1454.64594456  CERT
680778249,0,1 RHO mem=True nz=True ynz=True cond=True claim_agree=True upper=0.838919977290  CERT
680778249,0,1 T   mem=True nz=True ynz=True cond=True claim_agree=True upper=1864.07519066  CERT
717106355,0,1 RHO mem=True nz=True ynz=True cond=True claim_agree=True upper=0.909247843691  CERT
717106355,0,1 T   mem=True nz=True ynz=True cond=True claim_agree=True upper=2028.34858763  CERT
733405978,0,1 RHO mem=True nz=True ynz=True cond=True claim_agree=True upper=0.867911066632  CERT
733405978,0,1 T   mem=True nz=True ynz=True cond=True claim_agree=True upper=2248.75461229  CERT
759674816,0,1 RHO mem=True nz=True ynz=True cond=True claim_agree=True upper=0.910039149821  CERT
759674816,0,1 T   mem=True nz=True ynz=True cond=True claim_agree=True upper=2212.93089537  CERT
785554632,0,1 RHO mem=True nz=True ynz=True cond=True claim_agree=True upper=0.879050448333  CERT
785554632,0,1 T   mem=True nz=True ynz=True cond=True claim_agree=True upper=1929.05569052  CERT
809185833,0,1 RHO mem=True nz=True ynz=True cond=True claim_agree=True upper=0.880055213633  CERT
809185833,0,1 T   mem=True nz=True ynz=True cond=True claim_agree=True upper=1847.31993687  CERT
836789047,0,1 RHO mem=True nz=True ynz=True cond=True claim_agree=True upper=0.870841022634  CERT
836789047,0,1 T   mem=True nz=True ynz=True cond=True claim_agree=True upper=1472.80025486  CERT
851714201,0,1 RHO mem=True nz=True ynz=True cond=True claim_agree=True upper=0.906346395524  CERT
851714201,0,1 T   mem=True nz=True ynz=True cond=True claim_agree=True upper=1815.02542672  CERT
856035441,0,1 RHO mem=True nz=True ynz=True cond=True claim_agree=True upper=0.906346395524  CERT
856035441,0,1 T   mem=True nz=True ynz=True cond=True claim_agree=True upper=2681.82201111  CERT
881012205,0,1 RHO mem=True nz=True ynz=True cond=True claim_agree=True upper=0.867911066632  CERT
881012205,0,1 T   mem=True nz=True ynz=True cond=True claim_agree=True upper=2245.23066685  CERT
897179829,0,1 RHO mem=True nz=True ynz=True cond=True claim_agree=True upper=0.880055213633  CERT
897179829,0,1 T   mem=True nz=True ynz=True cond=True claim_agree=True upper=1358.83942939  CERT
934554097,0,1 RHO mem=True nz=True ynz=True cond=True claim_agree=True upper=0.935461010701  CERT
934554097,0,1 T   mem=True nz=True ynz=True cond=True claim_agree=True upper=2626.67377225  CERT
951314079,0,1 RHO mem=True nz=True ynz=True cond=True claim_agree=True upper=0.915025712411  CERT
951314079,0,1 T   mem=True nz=True ynz=True cond=True claim_agree=True upper=2478.40485559  CERT
FAMILY VERIFY n=7 l=1000494529 : EXCLUDED (components certified 32 / 32 ; lines 64 ; failed lines 0)
FAMILY VERIFY PASS
