FACTORIZATION: 32 irreducible factors of degree 2 over F_1001046593: OK (header deg/ncomp/bar_T agree)
1600519,0,1 RHO mem=True nz=True ynz=True cond=True claim_agree=True upper=0.966130175276  CERT
1600519,0,1 T   mem=True nz=True ynz=True cond=True claim_agree=True upper=2734.17297161  CERT
29585720,0,1 RHO mem=True nz=True ynz=True cond=True claim_agree=True upper=0.966130175276  CERT
29585720,0,1 T   mem=True nz=True ynz=True cond=True claim_agree=True upper=2863.46624384  CERT
38971589,0,1 RHO mem=True nz=True ynz=True cond=True claim_agree=True upper=0.977580720895  CERT
38971589,0,1 T   mem=True nz=True ynz=True cond=True claim_agree=True upper=3078.67945165  CERT
54377566,0,1 RHO mem=True nz=True ynz=True cond=True claim_agree=True upper=0.972968418608  CERT
54377566,0,1 T   mem=True nz=True ynz=True cond=True claim_agree=True upper=2570.43219779  CERT
56478271,0,1 RHO mem=True nz=True ynz=True cond=True claim_agree=True upper=0.965175645342  CERT
56478271,0,1 T   mem=True nz=True ynz=True cond=True claim_agree=True upper=2913.49910086  CERT
122771980,0,1 RHO mem=True nz=True ynz=True cond=True claim_agree=True upper=0.949614416949  CERT
122771980,0,1 T   mem=True nz=True ynz=True cond=True claim_agree=True upper=2734.79860660  CERT
151170834,0,1 RHO mem=True nz=True ynz=True cond=True claim_agree=True upper=0.965175645342  CERT
151170834,0,1 T   mem=True nz=True ynz=True cond=True claim_agree=True upper=2388.21903467  CERT
185626336,0,1 RHO mem=True nz=True ynz=True cond=True claim_agree=True upper=0.978799802842  CERT
185626336,0,1 T   mem=True nz=True ynz=True cond=True claim_agree=True upper=2480.16252515  CERT
190505116,0,1 RHO mem=True nz=True ynz=True cond=True claim_agree=True upper=0.974326334564  CERT
190505116,0,1 T   mem=True nz=True ynz=True cond=True claim_agree=True upper=2885.78800224  CERT
294918255,0,1 RHO mem=True nz=True ynz=True cond=True claim_agree=True upper=0.949614416949  CERT
294918255,0,1 T   mem=True nz=True ynz=True cond=True claim_agree=True upper=2045.97531070  CERT
340015504,0,1 RHO mem=True nz=True ynz=True cond=True claim_agree=True upper=0.964691439236  CERT
340015504,0,1 T   mem=True nz=True ynz=True cond=True claim_agree=True upper=2282.62718381  CERT
395627895,0,1 RHO mem=True nz=True ynz=True cond=True claim_agree=True upper=0.974167790720  CERT
395627895,0,1 T   mem=True nz=True ynz=True cond=True claim_agree=True upper=2665.19250134  CERT
409768526,0,1 RHO mem=True nz=True ynz=True cond=True claim_agree=True upper=0.986145996848  CERT
409768526,0,1 T   mem=True nz=True ynz=True cond=True claim_agree=True upper=2747.83063085  CERT
425863999,0,1 RHO mem=True nz=True ynz=True cond=True claim_agree=True upper=0.974167790720  CERT
425863999,0,1 T   mem=True nz=True ynz=True cond=True claim_agree=True upper=2834.08839680  CERT
445554984,0,1 RHO mem=True nz=True ynz=True cond=True claim_agree=True upper=0.944988660204  CERT
445554984,0,1 T   mem=True nz=True ynz=True cond=True claim_agree=True upper=2922.32109575  CERT
461394739,0,1 RHO mem=True nz=True ynz=True cond=True claim_agree=True upper=0.978799802842  CERT
461394739,0,1 T   mem=True nz=True ynz=True cond=True claim_agree=True upper=2843.04817877  CERT
539651854,0,1 RHO mem=True nz=True ynz=True cond=True claim_agree=True upper=0.950080381627  CERT
539651854,0,1 T   mem=True nz=True ynz=True cond=True claim_agree=True upper=2531.32226351  CERT
555491609,0,1 RHO mem=True nz=True ynz=True cond=True claim_agree=True upper=0.972968418608  CERT
555491609,0,1 T   mem=True nz=True ynz=True cond=True claim_agree=True upper=2771.65790954  CERT
575182594,0,1 RHO mem=True nz=True ynz=True cond=True claim_agree=True upper=0.936314436405  CERT
575182594,0,1 T   mem=True nz=True ynz=True cond=True claim_agree=True upper=2189.67831544  CERT
591278067,0,1 RHO mem=True nz=True ynz=True cond=True claim_agree=True upper=0.964691439236  CERT
591278067,0,1 T   mem=True nz=True ynz=True cond=True claim_agree=True upper=2677.37802303  CERT
605418698,0,1 RHO mem=True nz=True ynz=True cond=True claim_agree=True upper=0.936314436405  CERT
605418698,0,1 T   mem=True nz=True ynz=True cond=True claim_agree=True upper=2341.49203257  CERT
661031089,0,1 RHO mem=True nz=True ynz=True cond=True claim_agree=True upper=0.986145996848  CERT
661031089,0,1 T   mem=True nz=True ynz=True cond=True claim_agree=True upper=2572.57460294  CERT
706128338,0,1 RHO mem=True nz=True ynz=True cond=True claim_agree=True upper=0.967397966681  CERT
706128338,0,1 T   mem=True nz=True ynz=True cond=True claim_agree=True upper=2602.14773617  CERT
810541477,0,1 RHO mem=True nz=True ynz=True cond=True claim_agree=True upper=0.977580720895  CERT
810541477,0,1 T   mem=True nz=True ynz=True cond=True claim_agree=True upper=2605.63872901  CERT
815420257,0,1 RHO mem=True nz=True ynz=True cond=True claim_agree=True upper=0.950080381627  CERT
815420257,0,1 T   mem=True nz=True ynz=True cond=True claim_agree=True upper=2569.33891888  CERT
849875759,0,1 RHO mem=True nz=True ynz=True cond=True claim_agree=True upper=0.968964444848  CERT
849875759,0,1 T   mem=True nz=True ynz=True cond=True claim_agree=True upper=2763.51417226  CERT
878274613,0,1 RHO mem=True nz=True ynz=True cond=True claim_agree=True upper=0.967397966681  CERT
878274613,0,1 T   mem=True nz=True ynz=True cond=True claim_agree=True upper=2840.53941680  CERT
944568322,0,1 RHO mem=True nz=True ynz=True cond=True claim_agree=True upper=0.968964444848  CERT
944568322,0,1 T   mem=True nz=True ynz=True cond=True claim_agree=True upper=2769.57937183  CERT
946669027,0,1 RHO mem=True nz=True ynz=True cond=True claim_agree=True upper=0.944988660204  CERT
946669027,0,1 T   mem=True nz=True ynz=True cond=True claim_agree=True upper=2719.17806376  CERT
962075004,0,1 RHO mem=True nz=True ynz=True cond=True claim_agree=True upper=0.974326334564  CERT
962075004,0,1 T   mem=True nz=True ynz=True cond=True claim_agree=True upper=2573.63107826  CERT
971460873,0,1 RHO mem=True nz=True ynz=True cond=True claim_agree=True upper=0.948080908005  CERT
971460873,0,1 T   mem=True nz=True ynz=True cond=True claim_agree=True upper=2803.00719894  CERT
999446074,0,1 RHO mem=True nz=True ynz=True cond=True claim_agree=True upper=0.948080908005  CERT
999446074,0,1 T   mem=True nz=True ynz=True cond=True claim_agree=True upper=2299.59715594  CERT
FAMILY VERIFY n=7 l=1001046593 : EXCLUDED (components certified 32 / 32 ; lines 64 ; failed lines 0)
FAMILY VERIFY PASS
