FACTORIZATION: 32 irreducible factors of degree 2 over F_1000946497: OK (header deg/ncomp/bar_T agree)
31926522,0,1 RHO mem=True nz=True ynz=True cond=True claim_agree=True upper=0.917423446634  CERT
31926522,0,1 T   mem=True nz=True ynz=True cond=True claim_agree=True upper=1872.89232107  CERT
110314357,0,1 RHO mem=True nz=True ynz=True cond=True claim_agree=True upper=0.906585440156  CERT
110314357,0,1 T   mem=True nz=True ynz=True cond=True claim_agree=True upper=2012.30061531  CERT
125482623,0,1 RHO mem=True nz=True ynz=True cond=True claim_agree=True upper=0.919972897211  CERT
125482623,0,1 T   mem=True nz=True ynz=True cond=True claim_agree=True upper=3394.36668756  CERT
143311419,0,1 RHO mem=True nz=True ynz=True cond=True claim_agree=True upper=0.952735263576  CERT
143311419,0,1 T   mem=True nz=True ynz=True cond=True claim_agree=True upper=2114.62695541  CERT
166146792,0,1 RHO mem=True nz=True ynz=True cond=True claim_agree=True upper=0.907344980689  CERT
166146792,0,1 T   mem=True nz=True ynz=True cond=True claim_agree=True upper=2968.56959616  CERT
169281104,0,1 RHO mem=True nz=True ynz=True cond=True claim_agree=True upper=0.952735263576  CERT
169281104,0,1 T   mem=True nz=True ynz=True cond=True claim_agree=True upper=2350.61946823  CERT
208442660,0,1 RHO mem=True nz=True ynz=True cond=True claim_agree=True upper=0.870074296669  CERT
208442660,0,1 T   mem=True nz=True ynz=True cond=True claim_agree=True upper=2076.18010681  CERT
214348809,0,1 RHO mem=True nz=True ynz=True cond=True claim_agree=True upper=0.939699423312  CERT
214348809,0,1 T   mem=True nz=True ynz=True cond=True claim_agree=True upper=2060.97870816  CERT
222292983,0,1 RHO mem=True nz=True ynz=True cond=True claim_agree=True upper=0.932692589008  CERT
222292983,0,1 T   mem=True nz=True ynz=True cond=True claim_agree=True upper=2483.61644076  CERT
223707355,0,1 RHO mem=True nz=True ynz=True cond=True claim_agree=True upper=0.928084367978  CERT
223707355,0,1 T   mem=True nz=True ynz=True cond=True claim_agree=True upper=2232.97239664  CERT
290184117,0,1 RHO mem=True nz=True ynz=True cond=True claim_agree=True upper=0.917423446634  CERT
290184117,0,1 T   mem=True nz=True ynz=True cond=True claim_agree=True upper=2352.98892804  CERT
366464930,0,1 RHO mem=True nz=True ynz=True cond=True claim_agree=True upper=0.926155015826  CERT
366464930,0,1 T   mem=True nz=True ynz=True cond=True claim_agree=True upper=2131.70996305  CERT
414333253,0,1 RHO mem=True nz=True ynz=True cond=True claim_agree=True upper=0.929796043102  CERT
414333253,0,1 T   mem=True nz=True ynz=True cond=True claim_agree=True upper=2093.91059536  CERT
444459938,0,1 RHO mem=True nz=True ynz=True cond=True claim_agree=True upper=0.870074296669  CERT
444459938,0,1 T   mem=True nz=True ynz=True cond=True claim_agree=True upper=1775.93089092  CERT
446420893,0,1 RHO mem=True nz=True ynz=True cond=True claim_agree=True upper=0.932692589008  CERT
446420893,0,1 T   mem=True nz=True ynz=True cond=True claim_agree=True upper=2463.98387488  CERT
477882145,0,1 RHO mem=True nz=True ynz=True cond=True claim_agree=True upper=0.906585440156  CERT
477882145,0,1 T   mem=True nz=True ynz=True cond=True claim_agree=True upper=1727.63590973  CERT
523064352,0,1 RHO mem=True nz=True ynz=True cond=True claim_agree=True upper=0.916539773507  CERT
523064352,0,1 T   mem=True nz=True ynz=True cond=True claim_agree=True upper=1985.45547098  CERT
554525604,0,1 RHO mem=True nz=True ynz=True cond=True claim_agree=True upper=0.919036061036  CERT
554525604,0,1 T   mem=True nz=True ynz=True cond=True claim_agree=True upper=1807.09628648  CERT
556486559,0,1 RHO mem=True nz=True ynz=True cond=True claim_agree=True upper=0.940411830229  CERT
556486559,0,1 T   mem=True nz=True ynz=True cond=True claim_agree=True upper=2629.35813461  CERT
586613244,0,1 RHO mem=True nz=True ynz=True cond=True claim_agree=True upper=0.919972897211  CERT
586613244,0,1 T   mem=True nz=True ynz=True cond=True claim_agree=True upper=1653.95993579  CERT
634481567,0,1 RHO mem=True nz=True ynz=True cond=True claim_agree=True upper=0.939699423312  CERT
634481567,0,1 T   mem=True nz=True ynz=True cond=True claim_agree=True upper=1721.56499729  CERT
710762380,0,1 RHO mem=True nz=True ynz=True cond=True claim_agree=True upper=0.920888577189  CERT
710762380,0,1 T   mem=True nz=True ynz=True cond=True claim_agree=True upper=2777.30939900  CERT
777239142,0,1 RHO mem=True nz=True ynz=True cond=True claim_agree=True upper=0.907344980689  CERT
777239142,0,1 T   mem=True nz=True ynz=True cond=True claim_agree=True upper=1906.48412568  CERT
778653514,0,1 RHO mem=True nz=True ynz=True cond=True claim_agree=True upper=0.919036061036  CERT
778653514,0,1 T   mem=True nz=True ynz=True cond=True claim_agree=True upper=2084.85869358  CERT
786597688,0,1 RHO mem=True nz=True ynz=True cond=True claim_agree=True upper=0.926155015826  CERT
786597688,0,1 T   mem=True nz=True ynz=True cond=True claim_agree=True upper=1880.15834861  CERT
792503837,0,1 RHO mem=True nz=True ynz=True cond=True claim_agree=True upper=0.940411830229  CERT
792503837,0,1 T   mem=True nz=True ynz=True cond=True claim_agree=True upper=2772.35790990  CERT
831665393,0,1 RHO mem=True nz=True ynz=True cond=True claim_agree=True upper=0.865067754319  CERT
831665393,0,1 T   mem=True nz=True ynz=True cond=True claim_agree=True upper=1815.77155441  CERT
834799705,0,1 RHO mem=True nz=True ynz=True cond=True claim_agree=True upper=0.928084367978  CERT
834799705,0,1 T   mem=True nz=True ynz=True cond=True claim_agree=True upper=3013.25675057  CERT
857635078,0,1 RHO mem=True nz=True ynz=True cond=True claim_agree=True upper=0.865067754319  CERT
857635078,0,1 T   mem=True nz=True ynz=True cond=True claim_agree=True upper=1688.21381681  CERT
875463874,0,1 RHO mem=True nz=True ynz=True cond=True claim_agree=True upper=0.929796043102  CERT
875463874,0,1 T   mem=True nz=True ynz=True cond=True claim_agree=True upper=2159.20505239  CERT
890632140,0,1 RHO mem=True nz=True ynz=True cond=True claim_agree=True upper=0.916539773507  CERT
890632140,0,1 T   mem=True nz=True ynz=True cond=True claim_agree=True upper=2066.65653073  CERT
969019975,0,1 RHO mem=True nz=True ynz=True cond=True claim_agree=True upper=0.920888577189  CERT
969019975,0,1 T   mem=True nz=True ynz=True cond=True claim_agree=True upper=2229.58430442  CERT
FAMILY VERIFY n=7 l=1000946497 : EXCLUDED (components certified 32 / 32 ; lines 64 ; failed lines 0)
FAMILY VERIFY PASS
