FACTORIZATION: 32 irreducible factors of degree 2 over F_1000731073: OK (header deg/ncomp/bar_T agree)
19051510,0,1 RHO mem=True nz=True ynz=True cond=True claim_agree=True upper=0.948994455160  CERT
19051510,0,1 T   mem=True nz=True ynz=True cond=True claim_agree=True upper=2137.16952655  CERT
19399502,0,1 RHO mem=True nz=True ynz=True cond=True claim_agree=True upper=0.959097875873  CERT
19399502,0,1 T   mem=True nz=True ynz=True cond=True claim_agree=True upper=2835.91649114  CERT
59205043,0,1 RHO mem=True nz=True ynz=True cond=True claim_agree=True upper=0.970783036446  CERT
59205043,0,1 T   mem=True nz=True ynz=True cond=True claim_agree=True upper=2288.61098005  CERT
69558940,0,1 RHO mem=True nz=True ynz=True cond=True claim_agree=True upper=0.959097875873  CERT
69558940,0,1 T   mem=True nz=True ynz=True cond=True claim_agree=True upper=2563.38978072  CERT
80439152,0,1 RHO mem=True nz=True ynz=True cond=True claim_agree=True upper=0.934265096892  CERT
80439152,0,1 T   mem=True nz=True ynz=True cond=True claim_agree=True upper=2831.20557872  CERT
92517635,0,1 RHO mem=True nz=True ynz=True cond=True claim_agree=True upper=0.948994455160  CERT
92517635,0,1 T   mem=True nz=True ynz=True cond=True claim_agree=True upper=2375.25675309  CERT
96968003,0,1 RHO mem=True nz=True ynz=True cond=True claim_agree=True upper=0.941588985821  CERT
96968003,0,1 T   mem=True nz=True ynz=True cond=True claim_agree=True upper=2764.52617320  CERT
223179058,0,1 RHO mem=True nz=True ynz=True cond=True claim_agree=True upper=0.909821467784  CERT
223179058,0,1 T   mem=True nz=True ynz=True cond=True claim_agree=True upper=2627.28428130  CERT
247217070,0,1 RHO mem=True nz=True ynz=True cond=True claim_agree=True upper=0.941588985821  CERT
247217070,0,1 T   mem=True nz=True ynz=True cond=True claim_agree=True upper=2104.64134344  CERT
259093456,0,1 RHO mem=True nz=True ynz=True cond=True claim_agree=True upper=0.919486168134  CERT
259093456,0,1 T   mem=True nz=True ynz=True cond=True claim_agree=True upper=1692.09320028  CERT
370575556,0,1 RHO mem=True nz=True ynz=True cond=True claim_agree=True upper=0.934265096892  CERT
370575556,0,1 T   mem=True nz=True ynz=True cond=True claim_agree=True upper=2401.39170404  CERT
407282285,0,1 RHO mem=True nz=True ynz=True cond=True claim_agree=True upper=0.909821467784  CERT
407282285,0,1 T   mem=True nz=True ynz=True cond=True claim_agree=True upper=1901.59571598  CERT
432643877,0,1 RHO mem=True nz=True ynz=True cond=True claim_agree=True upper=0.916170591176  CERT
432643877,0,1 T   mem=True nz=True ynz=True cond=True claim_agree=True upper=2944.44555429  CERT
447830190,0,1 RHO mem=True nz=True ynz=True cond=True claim_agree=True upper=0.959824733696  CERT
447830190,0,1 T   mem=True nz=True ynz=True cond=True claim_agree=True upper=2161.84369731  CERT
450374887,0,1 RHO mem=True nz=True ynz=True cond=True claim_agree=True upper=0.911967119623  CERT
450374887,0,1 T   mem=True nz=True ynz=True cond=True claim_agree=True upper=2038.62678081  CERT
453712031,0,1 RHO mem=True nz=True ynz=True cond=True claim_agree=True upper=0.966151754375  CERT
453712031,0,1 T   mem=True nz=True ynz=True cond=True claim_agree=True upper=2514.11987605  CERT
547019042,0,1 RHO mem=True nz=True ynz=True cond=True claim_agree=True upper=0.911967119623  CERT
547019042,0,1 T   mem=True nz=True ynz=True cond=True claim_agree=True upper=1664.79640150  CERT
550356186,0,1 RHO mem=True nz=True ynz=True cond=True claim_agree=True upper=0.966151754375  CERT
550356186,0,1 T   mem=True nz=True ynz=True cond=True claim_agree=True upper=2600.34585516  CERT
552900883,0,1 RHO mem=True nz=True ynz=True cond=True claim_agree=True upper=0.916170591176  CERT
552900883,0,1 T   mem=True nz=True ynz=True cond=True claim_agree=True upper=2174.24686930  CERT
568087196,0,1 RHO mem=True nz=True ynz=True cond=True claim_agree=True upper=0.959824733696  CERT
568087196,0,1 T   mem=True nz=True ynz=True cond=True claim_agree=True upper=2283.61316872  CERT
593448788,0,1 RHO mem=True nz=True ynz=True cond=True claim_agree=True upper=0.953397266071  CERT
593448788,0,1 T   mem=True nz=True ynz=True cond=True claim_agree=True upper=2694.45412808  CERT
630155517,0,1 RHO mem=True nz=True ynz=True cond=True claim_agree=True upper=0.893711016604  CERT
630155517,0,1 T   mem=True nz=True ynz=True cond=True claim_agree=True upper=2114.50812794  CERT
741637617,0,1 RHO mem=True nz=True ynz=True cond=True claim_agree=True upper=0.970783036446  CERT
741637617,0,1 T   mem=True nz=True ynz=True cond=True claim_agree=True upper=2747.75481698  CERT
753514003,0,1 RHO mem=True nz=True ynz=True cond=True claim_agree=True upper=0.930007231745  CERT
753514003,0,1 T   mem=True nz=True ynz=True cond=True claim_agree=True upper=2125.30271828  CERT
777552015,0,1 RHO mem=True nz=True ynz=True cond=True claim_agree=True upper=0.953397266071  CERT
777552015,0,1 T   mem=True nz=True ynz=True cond=True claim_agree=True upper=2259.01350893  CERT
903763070,0,1 RHO mem=True nz=True ynz=True cond=True claim_agree=True upper=0.930007231745  CERT
903763070,0,1 T   mem=True nz=True ynz=True cond=True claim_agree=True upper=2138.76926687  CERT
908213438,0,1 RHO mem=True nz=True ynz=True cond=True claim_agree=True upper=0.972275738119  CERT
908213438,0,1 T   mem=True nz=True ynz=True cond=True claim_agree=True upper=2388.37779580  CERT
920291921,0,1 RHO mem=True nz=True ynz=True cond=True claim_agree=True upper=0.893711016604  CERT
920291921,0,1 T   mem=True nz=True ynz=True cond=True claim_agree=True upper=2298.45428858  CERT
931172133,0,1 RHO mem=True nz=True ynz=True cond=True claim_agree=True upper=0.929415127381  CERT
931172133,0,1 T   mem=True nz=True ynz=True cond=True claim_agree=True upper=2085.52845008  CERT
941526030,0,1 RHO mem=True nz=True ynz=True cond=True claim_agree=True upper=0.919486168134  CERT
941526030,0,1 T   mem=True nz=True ynz=True cond=True claim_agree=True upper=1942.07658993  CERT
981331571,0,1 RHO mem=True nz=True ynz=True cond=True claim_agree=True upper=0.929415127381  CERT
981331571,0,1 T   mem=True nz=True ynz=True cond=True claim_agree=True upper=2112.76067927  CERT
981679563,0,1 RHO mem=True nz=True ynz=True cond=True claim_agree=True upper=0.972275738119  CERT
981679563,0,1 T   mem=True nz=True ynz=True cond=True claim_agree=True upper=2831.02904505  CERT
FAMILY VERIFY n=7 l=1000731073 : EXCLUDED (components certified 32 / 32 ; lines 64 ; failed lines 0)
FAMILY VERIFY PASS
