FACTORIZATION: 32 irreducible factors of degree 2 over F_1000250561: OK (header deg/ncomp/bar_T agree)
7230707,0,1 RHO mem=True nz=True ynz=True cond=True claim_agree=True upper=0.971766527978  CERT
7230707,0,1 T   mem=True nz=True ynz=True cond=True claim_agree=True upper=2558.91097632  CERT
42486172,0,1 RHO mem=True nz=True ynz=True cond=True claim_agree=True upper=0.936476850008  CERT
42486172,0,1 T   mem=True nz=True ynz=True cond=True claim_agree=True upper=2585.28985026  CERT
42998479,0,1 RHO mem=True nz=True ynz=True cond=True claim_agree=True upper=0.954386697228  CERT
42998479,0,1 T   mem=True nz=True ynz=True cond=True claim_agree=True upper=2074.00151218  CERT
55570855,0,1 RHO mem=True nz=True ynz=True cond=True claim_agree=True upper=0.938500685020  CERT
55570855,0,1 T   mem=True nz=True ynz=True cond=True claim_agree=True upper=2325.82637442  CERT
66036530,0,1 RHO mem=True nz=True ynz=True cond=True claim_agree=True upper=0.881482797709  CERT
66036530,0,1 T   mem=True nz=True ynz=True cond=True claim_agree=True upper=1698.47222941  CERT
99239658,0,1 RHO mem=True nz=True ynz=True cond=True claim_agree=True upper=0.952301087936  CERT
99239658,0,1 T   mem=True nz=True ynz=True cond=True claim_agree=True upper=2318.16803142  CERT
119084162,0,1 RHO mem=True nz=True ynz=True cond=True claim_agree=True upper=0.950599833999  CERT
119084162,0,1 T   mem=True nz=True ynz=True cond=True claim_agree=True upper=2176.33228914  CERT
164075484,0,1 RHO mem=True nz=True ynz=True cond=True claim_agree=True upper=0.965881490447  CERT
164075484,0,1 T   mem=True nz=True ynz=True cond=True claim_agree=True upper=2637.21536291  CERT
166318893,0,1 RHO mem=True nz=True ynz=True cond=True claim_agree=True upper=0.958883558837  CERT
166318893,0,1 T   mem=True nz=True ynz=True cond=True claim_agree=True upper=3210.72187614  CERT
173390777,0,1 RHO mem=True nz=True ynz=True cond=True claim_agree=True upper=0.976670946019  CERT
173390777,0,1 T   mem=True nz=True ynz=True cond=True claim_agree=True upper=2938.47537247  CERT
228628561,0,1 RHO mem=True nz=True ynz=True cond=True claim_agree=True upper=0.944430287345  CERT
228628561,0,1 T   mem=True nz=True ynz=True cond=True claim_agree=True upper=2753.56521895  CERT
314528513,0,1 RHO mem=True nz=True ynz=True cond=True claim_agree=True upper=0.953554904913  CERT
314528513,0,1 T   mem=True nz=True ynz=True cond=True claim_agree=True upper=2334.65213598  CERT
369142965,0,1 RHO mem=True nz=True ynz=True cond=True claim_agree=True upper=0.932010157825  CERT
369142965,0,1 T   mem=True nz=True ynz=True cond=True claim_agree=True upper=2316.00105327  CERT
382192269,0,1 RHO mem=True nz=True ynz=True cond=True claim_agree=True upper=0.881482797709  CERT
382192269,0,1 T   mem=True nz=True ynz=True cond=True claim_agree=True upper=2111.46014229  CERT
408303392,0,1 RHO mem=True nz=True ynz=True cond=True claim_agree=True upper=0.938794818083  CERT
408303392,0,1 T   mem=True nz=True ynz=True cond=True claim_agree=True upper=2811.94186012  CERT
425154468,0,1 RHO mem=True nz=True ynz=True cond=True claim_agree=True upper=0.965881490447  CERT
425154468,0,1 T   mem=True nz=True ynz=True cond=True claim_agree=True upper=2760.23401148  CERT
575096093,0,1 RHO mem=True nz=True ynz=True cond=True claim_agree=True upper=0.929354459285  CERT
575096093,0,1 T   mem=True nz=True ynz=True cond=True claim_agree=True upper=2542.03323538  CERT
591947169,0,1 RHO mem=True nz=True ynz=True cond=True claim_agree=True upper=0.944430287345  CERT
591947169,0,1 T   mem=True nz=True ynz=True cond=True claim_agree=True upper=2669.85751848  CERT
618058292,0,1 RHO mem=True nz=True ynz=True cond=True claim_agree=True upper=0.948440846775  CERT
618058292,0,1 T   mem=True nz=True ynz=True cond=True claim_agree=True upper=2271.59140521  CERT
631107596,0,1 RHO mem=True nz=True ynz=True cond=True claim_agree=True upper=0.971766527978  CERT
631107596,0,1 T   mem=True nz=True ynz=True cond=True claim_agree=True upper=2718.75566142  CERT
685722048,0,1 RHO mem=True nz=True ynz=True cond=True claim_agree=True upper=0.976670946019  CERT
685722048,0,1 T   mem=True nz=True ynz=True cond=True claim_agree=True upper=2502.36263831  CERT
771622000,0,1 RHO mem=True nz=True ynz=True cond=True claim_agree=True upper=0.938794818083  CERT
771622000,0,1 T   mem=True nz=True ynz=True cond=True claim_agree=True upper=2854.79951997  CERT
826859784,0,1 RHO mem=True nz=True ynz=True cond=True claim_agree=True upper=0.953554904913  CERT
826859784,0,1 T   mem=True nz=True ynz=True cond=True claim_agree=True upper=2679.57117768  CERT
833931668,0,1 RHO mem=True nz=True ynz=True cond=True claim_agree=True upper=0.954386697228  CERT
833931668,0,1 T   mem=True nz=True ynz=True cond=True claim_agree=True upper=1899.28069625  CERT
836175077,0,1 RHO mem=True nz=True ynz=True cond=True claim_agree=True upper=0.929354459285  CERT
836175077,0,1 T   mem=True nz=True ynz=True cond=True claim_agree=True upper=2879.33116192  CERT
881166399,0,1 RHO mem=True nz=True ynz=True cond=True claim_agree=True upper=0.938500685020  CERT
881166399,0,1 T   mem=True nz=True ynz=True cond=True claim_agree=True upper=2401.64834401  CERT
901010903,0,1 RHO mem=True nz=True ynz=True cond=True claim_agree=True upper=0.936476850008  CERT
901010903,0,1 T   mem=True nz=True ynz=True cond=True claim_agree=True upper=2512.92440252  CERT
934214031,0,1 RHO mem=True nz=True ynz=True cond=True claim_agree=True upper=0.948440846775  CERT
934214031,0,1 T   mem=True nz=True ynz=True cond=True claim_agree=True upper=1921.14281651  CERT
944679706,0,1 RHO mem=True nz=True ynz=True cond=True claim_agree=True upper=0.950599833999  CERT
944679706,0,1 T   mem=True nz=True ynz=True cond=True claim_agree=True upper=2168.20468056  CERT
957252082,0,1 RHO mem=True nz=True ynz=True cond=True claim_agree=True upper=0.958883558837  CERT
957252082,0,1 T   mem=True nz=True ynz=True cond=True claim_agree=True upper=2820.99472571  CERT
957764389,0,1 RHO mem=True nz=True ynz=True cond=True claim_agree=True upper=0.952301087936  CERT
957764389,0,1 T   mem=True nz=True ynz=True cond=True claim_agree=True upper=2583.29031429  CERT
993019854,0,1 RHO mem=True nz=True ynz=True cond=True claim_agree=True upper=0.932010157825  CERT
993019854,0,1 T   mem=True nz=True ynz=True cond=True claim_agree=True upper=2222.88988932  CERT
FAMILY VERIFY n=7 l=1000250561 : EXCLUDED (components certified 32 / 32 ; lines 64 ; failed lines 0)
FAMILY VERIFY PASS
