FACTORIZATION: 32 irreducible factors of degree 2 over F_1001271361: OK (header deg/ncomp/bar_T agree)
17500113,0,1 RHO mem=True nz=True ynz=True cond=True claim_agree=True upper=0.919232435221  CERT
17500113,0,1 T   mem=True nz=True ynz=True cond=True claim_agree=True upper=2412.03285823  CERT
113775805,0,1 RHO mem=True nz=True ynz=True cond=True claim_agree=True upper=0.884098355241  CERT
113775805,0,1 T   mem=True nz=True ynz=True cond=True claim_agree=True upper=2437.07144272  CERT
135686387,0,1 RHO mem=True nz=True ynz=True cond=True claim_agree=True upper=0.849092625317  CERT
135686387,0,1 T   mem=True nz=True ynz=True cond=True claim_agree=True upper=1682.19404077  CERT
138942406,0,1 RHO mem=True nz=True ynz=True cond=True claim_agree=True upper=0.882666167573  CERT
138942406,0,1 T   mem=True nz=True ynz=True cond=True claim_agree=True upper=2008.09976668  CERT
159346374,0,1 RHO mem=True nz=True ynz=True cond=True claim_agree=True upper=0.877364443913  CERT
159346374,0,1 T   mem=True nz=True ynz=True cond=True claim_agree=True upper=1600.97809636  CERT
193914482,0,1 RHO mem=True nz=True ynz=True cond=True claim_agree=True upper=0.849409751606  CERT
193914482,0,1 T   mem=True nz=True ynz=True cond=True claim_agree=True upper=1916.31459012  CERT
237402625,0,1 RHO mem=True nz=True ynz=True cond=True claim_agree=True upper=0.800481278613  CERT
237402625,0,1 T   mem=True nz=True ynz=True cond=True claim_agree=True upper=1680.31906787  CERT
254571656,0,1 RHO mem=True nz=True ynz=True cond=True claim_agree=True upper=0.950216541894  CERT
254571656,0,1 T   mem=True nz=True ynz=True cond=True claim_agree=True upper=2134.05502716  CERT
271386467,0,1 RHO mem=True nz=True ynz=True cond=True claim_agree=True upper=0.895782716738  CERT
271386467,0,1 T   mem=True nz=True ynz=True cond=True claim_agree=True upper=2210.29248261  CERT
300518836,0,1 RHO mem=True nz=True ynz=True cond=True claim_agree=True upper=0.877364443913  CERT
300518836,0,1 T   mem=True nz=True ynz=True cond=True claim_agree=True upper=2029.11485750  CERT
305709160,0,1 RHO mem=True nz=True ynz=True cond=True claim_agree=True upper=0.900129916529  CERT
305709160,0,1 T   mem=True nz=True ynz=True cond=True claim_agree=True upper=2036.41920049  CERT
307448054,0,1 RHO mem=True nz=True ynz=True cond=True claim_agree=True upper=0.895782716738  CERT
307448054,0,1 T   mem=True nz=True ynz=True cond=True claim_agree=True upper=2306.42947993  CERT
318504938,0,1 RHO mem=True nz=True ynz=True cond=True claim_agree=True upper=0.824972201282  CERT
318504938,0,1 T   mem=True nz=True ynz=True cond=True claim_agree=True upper=1325.14712291  CERT
380918229,0,1 RHO mem=True nz=True ynz=True cond=True claim_agree=True upper=0.882666167573  CERT
380918229,0,1 T   mem=True nz=True ynz=True cond=True claim_agree=True upper=2387.06564558  CERT
406297678,0,1 RHO mem=True nz=True ynz=True cond=True claim_agree=True upper=0.884098355241  CERT
406297678,0,1 T   mem=True nz=True ynz=True cond=True claim_agree=True upper=2172.05973450  CERT
472442640,0,1 RHO mem=True nz=True ynz=True cond=True claim_agree=True upper=0.849092625317  CERT
472442640,0,1 T   mem=True nz=True ynz=True cond=True claim_agree=True upper=1700.68578172  CERT
528828721,0,1 RHO mem=True nz=True ynz=True cond=True claim_agree=True upper=0.905863343426  CERT
528828721,0,1 T   mem=True nz=True ynz=True cond=True claim_agree=True upper=2341.21456856  CERT
594973683,0,1 RHO mem=True nz=True ynz=True cond=True claim_agree=True upper=0.910060840740  CERT
594973683,0,1 T   mem=True nz=True ynz=True cond=True claim_agree=True upper=1968.83888422  CERT
620353132,0,1 RHO mem=True nz=True ynz=True cond=True claim_agree=True upper=0.856161962618  CERT
620353132,0,1 T   mem=True nz=True ynz=True cond=True claim_agree=True upper=1368.12756905  CERT
682766423,0,1 RHO mem=True nz=True ynz=True cond=True claim_agree=True upper=0.919232435221  CERT
682766423,0,1 T   mem=True nz=True ynz=True cond=True claim_agree=True upper=2289.32644088  CERT
693823307,0,1 RHO mem=True nz=True ynz=True cond=True claim_agree=True upper=0.839326273702  CERT
693823307,0,1 T   mem=True nz=True ynz=True cond=True claim_agree=True upper=1766.05279425  CERT
695562201,0,1 RHO mem=True nz=True ynz=True cond=True claim_agree=True upper=0.849409751606  CERT
695562201,0,1 T   mem=True nz=True ynz=True cond=True claim_agree=True upper=1744.23548552  CERT
700752525,0,1 RHO mem=True nz=True ynz=True cond=True claim_agree=True upper=0.874845447565  CERT
700752525,0,1 T   mem=True nz=True ynz=True cond=True claim_agree=True upper=2120.50787037  CERT
729884894,0,1 RHO mem=True nz=True ynz=True cond=True claim_agree=True upper=0.839326273702  CERT
729884894,0,1 T   mem=True nz=True ynz=True cond=True claim_agree=True upper=1932.08816343  CERT
746699705,0,1 RHO mem=True nz=True ynz=True cond=True claim_agree=True upper=0.800481278613  CERT
746699705,0,1 T   mem=True nz=True ynz=True cond=True claim_agree=True upper=2064.18465742  CERT
763868736,0,1 RHO mem=True nz=True ynz=True cond=True claim_agree=True upper=0.950216541894  CERT
763868736,0,1 T   mem=True nz=True ynz=True cond=True claim_agree=True upper=2089.87525285  CERT
807356879,0,1 RHO mem=True nz=True ynz=True cond=True claim_agree=True upper=0.900129916529  CERT
807356879,0,1 T   mem=True nz=True ynz=True cond=True claim_agree=True upper=2240.19253755  CERT
841924987,0,1 RHO mem=True nz=True ynz=True cond=True claim_agree=True upper=0.874845447565  CERT
841924987,0,1 T   mem=True nz=True ynz=True cond=True claim_agree=True upper=1764.80409063  CERT
862328955,0,1 RHO mem=True nz=True ynz=True cond=True claim_agree=True upper=0.856161962618  CERT
862328955,0,1 T   mem=True nz=True ynz=True cond=True claim_agree=True upper=1654.27293875  CERT
865584974,0,1 RHO mem=True nz=True ynz=True cond=True claim_agree=True upper=0.905863343426  CERT
865584974,0,1 T   mem=True nz=True ynz=True cond=True claim_agree=True upper=2666.19659353  CERT
887495556,0,1 RHO mem=True nz=True ynz=True cond=True claim_agree=True upper=0.910060840740  CERT
887495556,0,1 T   mem=True nz=True ynz=True cond=True claim_agree=True upper=1941.10059140  CERT
983771248,0,1 RHO mem=True nz=True ynz=True cond=True claim_agree=True upper=0.824972201282  CERT
983771248,0,1 T   mem=True nz=True ynz=True cond=True claim_agree=True upper=2016.79389225  CERT
FAMILY VERIFY n=7 l=1001271361 : EXCLUDED (components certified 32 / 32 ; lines 64 ; failed lines 0)
FAMILY VERIFY PASS
