FACTORIZATION: 32 irreducible factors of degree 2 over F_1000149313: OK (header deg/ncomp/bar_T agree)
11366968,0,1 RHO mem=True nz=True ynz=True cond=True claim_agree=True upper=0.904589866869  CERT
11366968,0,1 T   mem=True nz=True ynz=True cond=True claim_agree=True upper=1639.10944777  CERT
88030299,0,1 RHO mem=True nz=True ynz=True cond=True claim_agree=True upper=0.947484855653  CERT
88030299,0,1 T   mem=True nz=True ynz=True cond=True claim_agree=True upper=2243.11492597  CERT
126035591,0,1 RHO mem=True nz=True ynz=True cond=True claim_agree=True upper=0.942483449701  CERT
126035591,0,1 T   mem=True nz=True ynz=True cond=True claim_agree=True upper=2652.40143221  CERT
180258697,0,1 RHO mem=True nz=True ynz=True cond=True claim_agree=True upper=0.946620541472  CERT
180258697,0,1 T   mem=True nz=True ynz=True cond=True claim_agree=True upper=2137.58648984  CERT
265731544,0,1 RHO mem=True nz=True ynz=True cond=True claim_agree=True upper=0.947484855653  CERT
265731544,0,1 T   mem=True nz=True ynz=True cond=True claim_agree=True upper=1803.35357285  CERT
282525140,0,1 RHO mem=True nz=True ynz=True cond=True claim_agree=True upper=0.942237971648  CERT
282525140,0,1 T   mem=True nz=True ynz=True cond=True claim_agree=True upper=1769.55054728  CERT
283907792,0,1 RHO mem=True nz=True ynz=True cond=True claim_agree=True upper=0.934947021338  CERT
283907792,0,1 T   mem=True nz=True ynz=True cond=True claim_agree=True upper=2178.47296027  CERT
307227947,0,1 RHO mem=True nz=True ynz=True cond=True claim_agree=True upper=0.902650468315  CERT
307227947,0,1 T   mem=True nz=True ynz=True cond=True claim_agree=True upper=2200.54413343  CERT
349770049,0,1 RHO mem=True nz=True ynz=True cond=True claim_agree=True upper=0.914379746856  CERT
349770049,0,1 T   mem=True nz=True ynz=True cond=True claim_agree=True upper=2859.02854634  CERT
368907869,0,1 RHO mem=True nz=True ynz=True cond=True claim_agree=True upper=0.914379746856  CERT
368907869,0,1 T   mem=True nz=True ynz=True cond=True claim_agree=True upper=2289.92713431  CERT
373248520,0,1 RHO mem=True nz=True ynz=True cond=True claim_agree=True upper=0.899311595561  CERT
373248520,0,1 T   mem=True nz=True ynz=True cond=True claim_agree=True upper=1916.05450351  CERT
388177051,0,1 RHO mem=True nz=True ynz=True cond=True claim_agree=True upper=0.942237971648  CERT
388177051,0,1 T   mem=True nz=True ynz=True cond=True claim_agree=True upper=1972.80941146  CERT
391282562,0,1 RHO mem=True nz=True ynz=True cond=True claim_agree=True upper=0.921203822218  CERT
391282562,0,1 T   mem=True nz=True ynz=True cond=True claim_agree=True upper=2436.34918932  CERT
397825405,0,1 RHO mem=True nz=True ynz=True cond=True claim_agree=True upper=0.939335113192  CERT
397825405,0,1 T   mem=True nz=True ynz=True cond=True claim_agree=True upper=2372.81873565  CERT
431036419,0,1 RHO mem=True nz=True ynz=True cond=True claim_agree=True upper=0.939335113192  CERT
431036419,0,1 T   mem=True nz=True ynz=True cond=True claim_agree=True upper=2217.39613040  CERT
449188094,0,1 RHO mem=True nz=True ynz=True cond=True claim_agree=True upper=0.897653527324  CERT
449188094,0,1 T   mem=True nz=True ynz=True cond=True claim_agree=True upper=1587.10391477  CERT
550961219,0,1 RHO mem=True nz=True ynz=True cond=True claim_agree=True upper=0.942483449701  CERT
550961219,0,1 T   mem=True nz=True ynz=True cond=True claim_agree=True upper=2034.18314264  CERT
569112894,0,1 RHO mem=True nz=True ynz=True cond=True claim_agree=True upper=0.953064472254  CERT
569112894,0,1 T   mem=True nz=True ynz=True cond=True claim_agree=True upper=2757.03787622  CERT
602323908,0,1 RHO mem=True nz=True ynz=True cond=True claim_agree=True upper=0.953064472254  CERT
602323908,0,1 T   mem=True nz=True ynz=True cond=True claim_agree=True upper=2434.63000121  CERT
608866751,0,1 RHO mem=True nz=True ynz=True cond=True claim_agree=True upper=0.946620541472  CERT
608866751,0,1 T   mem=True nz=True ynz=True cond=True claim_agree=True upper=2012.43016812  CERT
611972262,0,1 RHO mem=True nz=True ynz=True cond=True claim_agree=True upper=0.935478786737  CERT
611972262,0,1 T   mem=True nz=True ynz=True cond=True claim_agree=True upper=2220.19346548  CERT
626900793,0,1 RHO mem=True nz=True ynz=True cond=True claim_agree=True upper=0.902650468315  CERT
626900793,0,1 T   mem=True nz=True ynz=True cond=True claim_agree=True upper=2544.28675732  CERT
631241444,0,1 RHO mem=True nz=True ynz=True cond=True claim_agree=True upper=0.934534154487  CERT
631241444,0,1 T   mem=True nz=True ynz=True cond=True claim_agree=True upper=2251.54142068  CERT
650379264,0,1 RHO mem=True nz=True ynz=True cond=True claim_agree=True upper=0.934534154487  CERT
650379264,0,1 T   mem=True nz=True ynz=True cond=True claim_agree=True upper=2571.65198423  CERT
692921366,0,1 RHO mem=True nz=True ynz=True cond=True claim_agree=True upper=0.899311595561  CERT
692921366,0,1 T   mem=True nz=True ynz=True cond=True claim_agree=True upper=2071.35960344  CERT
716241521,0,1 RHO mem=True nz=True ynz=True cond=True claim_agree=True upper=0.904589866869  CERT
716241521,0,1 T   mem=True nz=True ynz=True cond=True claim_agree=True upper=2106.17101083  CERT
717624173,0,1 RHO mem=True nz=True ynz=True cond=True claim_agree=True upper=0.935478786737  CERT
717624173,0,1 T   mem=True nz=True ynz=True cond=True claim_agree=True upper=2445.07482633  CERT
734417769,0,1 RHO mem=True nz=True ynz=True cond=True claim_agree=True upper=0.912565256504  CERT
734417769,0,1 T   mem=True nz=True ynz=True cond=True claim_agree=True upper=2374.63668260  CERT
819890616,0,1 RHO mem=True nz=True ynz=True cond=True claim_agree=True upper=0.921203822218  CERT
819890616,0,1 T   mem=True nz=True ynz=True cond=True claim_agree=True upper=2359.47955817  CERT
874113722,0,1 RHO mem=True nz=True ynz=True cond=True claim_agree=True upper=0.897653527324  CERT
874113722,0,1 T   mem=True nz=True ynz=True cond=True claim_agree=True upper=1795.59497604  CERT
912119014,0,1 RHO mem=True nz=True ynz=True cond=True claim_agree=True upper=0.912565256504  CERT
912119014,0,1 T   mem=True nz=True ynz=True cond=True claim_agree=True upper=2429.04167907  CERT
988782345,0,1 RHO mem=True nz=True ynz=True cond=True claim_agree=True upper=0.934947021338  CERT
988782345,0,1 T   mem=True nz=True ynz=True cond=True claim_agree=True upper=1960.44146098  CERT
FAMILY VERIFY n=7 l=1000149313 : EXCLUDED (components certified 32 / 32 ; lines 64 ; failed lines 0)
FAMILY VERIFY PASS
