FACTORIZATION: 32 irreducible factors of degree 2 over F_1000126657: OK (header deg/ncomp/bar_T agree)
10063893,0,1 RHO mem=True nz=True ynz=True cond=True claim_agree=True upper=0.953366274923  CERT
10063893,0,1 T   mem=True nz=True ynz=True cond=True claim_agree=True upper=2591.29376733  CERT
51151282,0,1 RHO mem=True nz=True ynz=True cond=True claim_agree=True upper=0.917617535805  CERT
51151282,0,1 T   mem=True nz=True ynz=True cond=True claim_agree=True upper=2148.16503330  CERT
125195650,0,1 RHO mem=True nz=True ynz=True cond=True claim_agree=True upper=0.917617535805  CERT
125195650,0,1 T   mem=True nz=True ynz=True cond=True claim_agree=True upper=2403.24171094  CERT
183245199,0,1 RHO mem=True nz=True ynz=True cond=True claim_agree=True upper=0.945964356750  CERT
183245199,0,1 T   mem=True nz=True ynz=True cond=True claim_agree=True upper=2635.68049482  CERT
219736722,0,1 RHO mem=True nz=True ynz=True cond=True claim_agree=True upper=0.955984083017  CERT
219736722,0,1 T   mem=True nz=True ynz=True cond=True claim_agree=True upper=2328.42664762  CERT
249449538,0,1 RHO mem=True nz=True ynz=True cond=True claim_agree=True upper=0.956494667987  CERT
249449538,0,1 T   mem=True nz=True ynz=True cond=True claim_agree=True upper=2751.28950978  CERT
261858476,0,1 RHO mem=True nz=True ynz=True cond=True claim_agree=True upper=0.944915476238  CERT
261858476,0,1 T   mem=True nz=True ynz=True cond=True claim_agree=True upper=2514.39940534  CERT
272567745,0,1 RHO mem=True nz=True ynz=True cond=True claim_agree=True upper=0.967476558596  CERT
272567745,0,1 T   mem=True nz=True ynz=True cond=True claim_agree=True upper=2917.00423760  CERT
277065090,0,1 RHO mem=True nz=True ynz=True cond=True claim_agree=True upper=0.956019408230  CERT
277065090,0,1 T   mem=True nz=True ynz=True cond=True claim_agree=True upper=2526.44424028  CERT
370623250,0,1 RHO mem=True nz=True ynz=True cond=True claim_agree=True upper=0.979268845188  CERT
370623250,0,1 T   mem=True nz=True ynz=True cond=True claim_agree=True upper=2562.16139254  CERT
376645651,0,1 RHO mem=True nz=True ynz=True cond=True claim_agree=True upper=0.979268845188  CERT
376645651,0,1 T   mem=True nz=True ynz=True cond=True claim_agree=True upper=2146.07853054  CERT
391181817,0,1 RHO mem=True nz=True ynz=True cond=True claim_agree=True upper=0.944776139888  CERT
391181817,0,1 T   mem=True nz=True ynz=True cond=True claim_agree=True upper=2578.96789517  CERT
405937159,0,1 RHO mem=True nz=True ynz=True cond=True claim_agree=True upper=0.956494667987  CERT
405937159,0,1 T   mem=True nz=True ynz=True cond=True claim_agree=True upper=2729.96091103  CERT
456258857,0,1 RHO mem=True nz=True ynz=True cond=True claim_agree=True upper=0.955984083017  CERT
456258857,0,1 T   mem=True nz=True ynz=True cond=True claim_agree=True upper=2647.20868980  CERT
461553223,0,1 RHO mem=True nz=True ynz=True cond=True claim_agree=True upper=0.953366274923  CERT
461553223,0,1 T   mem=True nz=True ynz=True cond=True claim_agree=True upper=2445.38189978  CERT
465480473,0,1 RHO mem=True nz=True ynz=True cond=True claim_agree=True upper=0.944915476238  CERT
465480473,0,1 T   mem=True nz=True ynz=True cond=True claim_agree=True upper=2096.17234374  CERT
534646184,0,1 RHO mem=True nz=True ynz=True cond=True claim_agree=True upper=0.965187447469  CERT
534646184,0,1 T   mem=True nz=True ynz=True cond=True claim_agree=True upper=2407.58104445  CERT
538573434,0,1 RHO mem=True nz=True ynz=True cond=True claim_agree=True upper=0.967108770621  CERT
538573434,0,1 T   mem=True nz=True ynz=True cond=True claim_agree=True upper=3496.38171261  CERT
543867800,0,1 RHO mem=True nz=True ynz=True cond=True claim_agree=True upper=0.939155798379  CERT
543867800,0,1 T   mem=True nz=True ynz=True cond=True claim_agree=True upper=2653.88722368  CERT
594189498,0,1 RHO mem=True nz=True ynz=True cond=True claim_agree=True upper=0.950888844404  CERT
594189498,0,1 T   mem=True nz=True ynz=True cond=True claim_agree=True upper=2790.77721614  CERT
608944840,0,1 RHO mem=True nz=True ynz=True cond=True claim_agree=True upper=0.945964356750  CERT
608944840,0,1 T   mem=True nz=True ynz=True cond=True claim_agree=True upper=3363.36309073  CERT
623481006,0,1 RHO mem=True nz=True ynz=True cond=True claim_agree=True upper=0.947973000758  CERT
623481006,0,1 T   mem=True nz=True ynz=True cond=True claim_agree=True upper=2794.56610775  CERT
629503407,0,1 RHO mem=True nz=True ynz=True cond=True claim_agree=True upper=0.947973000758  CERT
629503407,0,1 T   mem=True nz=True ynz=True cond=True claim_agree=True upper=2802.48631612  CERT
723061567,0,1 RHO mem=True nz=True ynz=True cond=True claim_agree=True upper=0.930277677217  CERT
723061567,0,1 T   mem=True nz=True ynz=True cond=True claim_agree=True upper=3111.13481839  CERT
727558912,0,1 RHO mem=True nz=True ynz=True cond=True claim_agree=True upper=0.956019408230  CERT
727558912,0,1 T   mem=True nz=True ynz=True cond=True claim_agree=True upper=3266.56650758  CERT
738268181,0,1 RHO mem=True nz=True ynz=True cond=True claim_agree=True upper=0.965187447469  CERT
738268181,0,1 T   mem=True nz=True ynz=True cond=True claim_agree=True upper=2310.28318325  CERT
750677119,0,1 RHO mem=True nz=True ynz=True cond=True claim_agree=True upper=0.950888844404  CERT
750677119,0,1 T   mem=True nz=True ynz=True cond=True claim_agree=True upper=2577.05654199  CERT
780389935,0,1 RHO mem=True nz=True ynz=True cond=True claim_agree=True upper=0.939155798379  CERT
780389935,0,1 T   mem=True nz=True ynz=True cond=True claim_agree=True upper=2276.96790133  CERT
816881458,0,1 RHO mem=True nz=True ynz=True cond=True claim_agree=True upper=0.944776139888  CERT
816881458,0,1 T   mem=True nz=True ynz=True cond=True claim_agree=True upper=2942.08386000  CERT
874931007,0,1 RHO mem=True nz=True ynz=True cond=True claim_agree=True upper=0.959118848884  CERT
874931007,0,1 T   mem=True nz=True ynz=True cond=True claim_agree=True upper=3134.98133014  CERT
948975375,0,1 RHO mem=True nz=True ynz=True cond=True claim_agree=True upper=0.959118848884  CERT
948975375,0,1 T   mem=True nz=True ynz=True cond=True claim_agree=True upper=2224.89886023  CERT
990062764,0,1 RHO mem=True nz=True ynz=True cond=True claim_agree=True upper=0.967108770621  CERT
990062764,0,1 T   mem=True nz=True ynz=True cond=True claim_agree=True upper=2414.13923946  CERT
FAMILY VERIFY n=7 l=1000126657 : EXCLUDED (components certified 32 / 32 ; lines 64 ; failed lines 0)
FAMILY VERIFY PASS
