FACTORIZATION: 32 irreducible factors of degree 2 over F_1000528577: OK (header deg/ncomp/bar_T agree)
15154728,0,1 RHO mem=True nz=True ynz=True cond=True claim_agree=True upper=0.943527168055  CERT
15154728,0,1 T   mem=True nz=True ynz=True cond=True claim_agree=True upper=2376.50180705  CERT
52714189,0,1 RHO mem=True nz=True ynz=True cond=True claim_agree=True upper=0.951718913126  CERT
52714189,0,1 T   mem=True nz=True ynz=True cond=True claim_agree=True upper=2791.12645417  CERT
73093262,0,1 RHO mem=True nz=True ynz=True cond=True claim_agree=True upper=0.925084892667  CERT
73093262,0,1 T   mem=True nz=True ynz=True cond=True claim_agree=True upper=2247.00768553  CERT
152130616,0,1 RHO mem=True nz=True ynz=True cond=True claim_agree=True upper=0.958053239176  CERT
152130616,0,1 T   mem=True nz=True ynz=True cond=True claim_agree=True upper=2360.23396866  CERT
163508019,0,1 RHO mem=True nz=True ynz=True cond=True claim_agree=True upper=0.941308648591  CERT
163508019,0,1 T   mem=True nz=True ynz=True cond=True claim_agree=True upper=2198.67278598  CERT
190484452,0,1 RHO mem=True nz=True ynz=True cond=True claim_agree=True upper=0.943527168055  CERT
190484452,0,1 T   mem=True nz=True ynz=True cond=True claim_agree=True upper=1857.23872109  CERT
240797367,0,1 RHO mem=True nz=True ynz=True cond=True claim_agree=True upper=0.912474078304  CERT
240797367,0,1 T   mem=True nz=True ynz=True cond=True claim_agree=True upper=2269.09741277  CERT
246628046,0,1 RHO mem=True nz=True ynz=True cond=True claim_agree=True upper=0.958053239176  CERT
246628046,0,1 T   mem=True nz=True ynz=True cond=True claim_agree=True upper=1905.55882398  CERT
288902173,0,1 RHO mem=True nz=True ynz=True cond=True claim_agree=True upper=0.940397198140  CERT
288902173,0,1 T   mem=True nz=True ynz=True cond=True claim_agree=True upper=2228.46566439  CERT
298874747,0,1 RHO mem=True nz=True ynz=True cond=True claim_agree=True upper=0.923525949372  CERT
298874747,0,1 T   mem=True nz=True ynz=True cond=True claim_agree=True upper=3091.64058836  CERT
336549638,0,1 RHO mem=True nz=True ynz=True cond=True claim_agree=True upper=0.925084892667  CERT
336549638,0,1 T   mem=True nz=True ynz=True cond=True claim_agree=True upper=1847.28957356  CERT
357239189,0,1 RHO mem=True nz=True ynz=True cond=True claim_agree=True upper=0.923525949372  CERT
357239189,0,1 T   mem=True nz=True ynz=True cond=True claim_agree=True upper=2169.19922830  CERT
373420898,0,1 RHO mem=True nz=True ynz=True cond=True claim_agree=True upper=0.948038654436  CERT
373420898,0,1 T   mem=True nz=True ynz=True cond=True claim_agree=True upper=2035.89457218  CERT
388193119,0,1 RHO mem=True nz=True ynz=True cond=True claim_agree=True upper=0.940121260083  CERT
388193119,0,1 T   mem=True nz=True ynz=True cond=True claim_agree=True upper=3282.24727970  CERT
393748730,0,1 RHO mem=True nz=True ynz=True cond=True claim_agree=True upper=0.940121260083  CERT
393748730,0,1 T   mem=True nz=True ynz=True cond=True claim_agree=True upper=2109.15204305  CERT
457757344,0,1 RHO mem=True nz=True ynz=True cond=True claim_agree=True upper=0.941308648591  CERT
457757344,0,1 T   mem=True nz=True ynz=True cond=True claim_agree=True upper=2731.20358863  CERT
542771233,0,1 RHO mem=True nz=True ynz=True cond=True claim_agree=True upper=0.948345276301  CERT
542771233,0,1 T   mem=True nz=True ynz=True cond=True claim_agree=True upper=2656.34044451  CERT
606779847,0,1 RHO mem=True nz=True ynz=True cond=True claim_agree=True upper=0.943274258416  CERT
606779847,0,1 T   mem=True nz=True ynz=True cond=True claim_agree=True upper=1895.23069811  CERT
612335458,0,1 RHO mem=True nz=True ynz=True cond=True claim_agree=True upper=0.943274258416  CERT
612335458,0,1 T   mem=True nz=True ynz=True cond=True claim_agree=True upper=2735.07078727  CERT
627107679,0,1 RHO mem=True nz=True ynz=True cond=True claim_agree=True upper=0.940397198140  CERT
627107679,0,1 T   mem=True nz=True ynz=True cond=True claim_agree=True upper=1935.12261536  CERT
643289388,0,1 RHO mem=True nz=True ynz=True cond=True claim_agree=True upper=0.953460692315  CERT
643289388,0,1 T   mem=True nz=True ynz=True cond=True claim_agree=True upper=2294.47021556  CERT
663978939,0,1 RHO mem=True nz=True ynz=True cond=True claim_agree=True upper=0.950620102180  CERT
663978939,0,1 T   mem=True nz=True ynz=True cond=True claim_agree=True upper=2200.12639500  CERT
701653830,0,1 RHO mem=True nz=True ynz=True cond=True claim_agree=True upper=0.953460692315  CERT
701653830,0,1 T   mem=True nz=True ynz=True cond=True claim_agree=True upper=3214.34915995  CERT
711626404,0,1 RHO mem=True nz=True ynz=True cond=True claim_agree=True upper=0.948038654436  CERT
711626404,0,1 T   mem=True nz=True ynz=True cond=True claim_agree=True upper=1874.36139191  CERT
753900531,0,1 RHO mem=True nz=True ynz=True cond=True claim_agree=True upper=0.936080418129  CERT
753900531,0,1 T   mem=True nz=True ynz=True cond=True claim_agree=True upper=1864.59281048  CERT
759731210,0,1 RHO mem=True nz=True ynz=True cond=True claim_agree=True upper=0.951718913126  CERT
759731210,0,1 T   mem=True nz=True ynz=True cond=True claim_agree=True upper=2188.02654222  CERT
810044125,0,1 RHO mem=True nz=True ynz=True cond=True claim_agree=True upper=0.946464468537  CERT
810044125,0,1 T   mem=True nz=True ynz=True cond=True claim_agree=True upper=1869.52162368  CERT
837020558,0,1 RHO mem=True nz=True ynz=True cond=True claim_agree=True upper=0.948345276301  CERT
837020558,0,1 T   mem=True nz=True ynz=True cond=True claim_agree=True upper=2101.88233444  CERT
848397961,0,1 RHO mem=True nz=True ynz=True cond=True claim_agree=True upper=0.936080418129  CERT
848397961,0,1 T   mem=True nz=True ynz=True cond=True claim_agree=True upper=1861.04591392  CERT
927435315,0,1 RHO mem=True nz=True ynz=True cond=True claim_agree=True upper=0.950620102180  CERT
927435315,0,1 T   mem=True nz=True ynz=True cond=True claim_agree=True upper=1816.72109718  CERT
947814388,0,1 RHO mem=True nz=True ynz=True cond=True claim_agree=True upper=0.912474078304  CERT
947814388,0,1 T   mem=True nz=True ynz=True cond=True claim_agree=True upper=2343.93332255  CERT
985373849,0,1 RHO mem=True nz=True ynz=True cond=True claim_agree=True upper=0.946464468537  CERT
985373849,0,1 T   mem=True nz=True ynz=True cond=True claim_agree=True upper=2063.37869574  CERT
FAMILY VERIFY n=7 l=1000528577 : EXCLUDED (components certified 32 / 32 ; lines 64 ; failed lines 0)
FAMILY VERIFY PASS
