FACTORIZATION: 32 irreducible factors of degree 2 over F_1000093249: OK (header deg/ncomp/bar_T agree)
18890959,0,1 RHO mem=True nz=True ynz=True cond=True claim_agree=True upper=0.942677890904  CERT
18890959,0,1 T   mem=True nz=True ynz=True cond=True claim_agree=True upper=1669.76324307  CERT
134254297,0,1 RHO mem=True nz=True ynz=True cond=True claim_agree=True upper=0.949088562262  CERT
134254297,0,1 T   mem=True nz=True ynz=True cond=True claim_agree=True upper=2271.45532832  CERT
152967795,0,1 RHO mem=True nz=True ynz=True cond=True claim_agree=True upper=0.931771108019  CERT
152967795,0,1 T   mem=True nz=True ynz=True cond=True claim_agree=True upper=2054.18787932  CERT
156080277,0,1 RHO mem=True nz=True ynz=True cond=True claim_agree=True upper=0.921503148702  CERT
156080277,0,1 T   mem=True nz=True ynz=True cond=True claim_agree=True upper=2283.79758998  CERT
172145163,0,1 RHO mem=True nz=True ynz=True cond=True claim_agree=True upper=0.942677890904  CERT
172145163,0,1 T   mem=True nz=True ynz=True cond=True claim_agree=True upper=2458.94463457  CERT
174966008,0,1 RHO mem=True nz=True ynz=True cond=True claim_agree=True upper=0.914986260543  CERT
174966008,0,1 T   mem=True nz=True ynz=True cond=True claim_agree=True upper=1722.32170437  CERT
201964943,0,1 RHO mem=True nz=True ynz=True cond=True claim_agree=True upper=0.938798271319  CERT
201964943,0,1 T   mem=True nz=True ynz=True cond=True claim_agree=True upper=1765.38288980  CERT
208699968,0,1 RHO mem=True nz=True ynz=True cond=True claim_agree=True upper=0.949088562262  CERT
208699968,0,1 T   mem=True nz=True ynz=True cond=True claim_agree=True upper=2896.25700653  CERT
220592338,0,1 RHO mem=True nz=True ynz=True cond=True claim_agree=True upper=0.898658332079  CERT
220592338,0,1 T   mem=True nz=True ynz=True cond=True claim_agree=True upper=2019.46588823  CERT
225835033,0,1 RHO mem=True nz=True ynz=True cond=True claim_agree=True upper=0.931771108019  CERT
225835033,0,1 T   mem=True nz=True ynz=True cond=True claim_agree=True upper=2477.02587560  CERT
247327149,0,1 RHO mem=True nz=True ynz=True cond=True claim_agree=True upper=0.941886995244  CERT
247327149,0,1 T   mem=True nz=True ynz=True cond=True claim_agree=True upper=2570.47324412  CERT
314224871,0,1 RHO mem=True nz=True ynz=True cond=True claim_agree=True upper=0.933885430305  CERT
314224871,0,1 T   mem=True nz=True ynz=True cond=True claim_agree=True upper=2085.24438992  CERT
317180356,0,1 RHO mem=True nz=True ynz=True cond=True claim_agree=True upper=0.864808056797  CERT
317180356,0,1 T   mem=True nz=True ynz=True cond=True claim_agree=True upper=1646.10665288  CERT
350323207,0,1 RHO mem=True nz=True ynz=True cond=True claim_agree=True upper=0.907268448455  CERT
350323207,0,1 T   mem=True nz=True ynz=True cond=True claim_agree=True upper=2067.44349662  CERT
359161104,0,1 RHO mem=True nz=True ynz=True cond=True claim_agree=True upper=0.907115395939  CERT
359161104,0,1 T   mem=True nz=True ynz=True cond=True claim_agree=True upper=2298.38977354  CERT
425827514,0,1 RHO mem=True nz=True ynz=True cond=True claim_agree=True upper=0.943867698620  CERT
425827514,0,1 T   mem=True nz=True ynz=True cond=True claim_agree=True upper=2494.03244861  CERT
574265735,0,1 RHO mem=True nz=True ynz=True cond=True claim_agree=True upper=0.907268448455  CERT
574265735,0,1 T   mem=True nz=True ynz=True cond=True claim_agree=True upper=1970.24028677  CERT
640932145,0,1 RHO mem=True nz=True ynz=True cond=True claim_agree=True upper=0.864808056797  CERT
640932145,0,1 T   mem=True nz=True ynz=True cond=True claim_agree=True upper=1933.99644773  CERT
649770042,0,1 RHO mem=True nz=True ynz=True cond=True claim_agree=True upper=0.943867698620  CERT
649770042,0,1 T   mem=True nz=True ynz=True cond=True claim_agree=True upper=2447.18285714  CERT
682912893,0,1 RHO mem=True nz=True ynz=True cond=True claim_agree=True upper=0.907115395939  CERT
682912893,0,1 T   mem=True nz=True ynz=True cond=True claim_agree=True upper=2078.59016043  CERT
685868378,0,1 RHO mem=True nz=True ynz=True cond=True claim_agree=True upper=0.921503148702  CERT
685868378,0,1 T   mem=True nz=True ynz=True cond=True claim_agree=True upper=2302.32730413  CERT
752766100,0,1 RHO mem=True nz=True ynz=True cond=True claim_agree=True upper=0.898658332079  CERT
752766100,0,1 T   mem=True nz=True ynz=True cond=True claim_agree=True upper=2012.62641170  CERT
774258216,0,1 RHO mem=True nz=True ynz=True cond=True claim_agree=True upper=0.888268189582  CERT
774258216,0,1 T   mem=True nz=True ynz=True cond=True claim_agree=True upper=1489.62697951  CERT
779500911,0,1 RHO mem=True nz=True ynz=True cond=True claim_agree=True upper=0.941886995244  CERT
779500911,0,1 T   mem=True nz=True ynz=True cond=True claim_agree=True upper=2028.54990561  CERT
791393281,0,1 RHO mem=True nz=True ynz=True cond=True claim_agree=True upper=0.919346099584  CERT
791393281,0,1 T   mem=True nz=True ynz=True cond=True claim_agree=True upper=2591.41541144  CERT
798128306,0,1 RHO mem=True nz=True ynz=True cond=True claim_agree=True upper=0.914986260543  CERT
798128306,0,1 T   mem=True nz=True ynz=True cond=True claim_agree=True upper=1870.56115637  CERT
825127241,0,1 RHO mem=True nz=True ynz=True cond=True claim_agree=True upper=0.938798271319  CERT
825127241,0,1 T   mem=True nz=True ynz=True cond=True claim_agree=True upper=2000.11798752  CERT
827948086,0,1 RHO mem=True nz=True ynz=True cond=True claim_agree=True upper=0.897423336071  CERT
827948086,0,1 T   mem=True nz=True ynz=True cond=True claim_agree=True upper=1702.98180822  CERT
844012972,0,1 RHO mem=True nz=True ynz=True cond=True claim_agree=True upper=0.933885430305  CERT
844012972,0,1 T   mem=True nz=True ynz=True cond=True claim_agree=True upper=2567.03364532  CERT
847125454,0,1 RHO mem=True nz=True ynz=True cond=True claim_agree=True upper=0.888268189582  CERT
847125454,0,1 T   mem=True nz=True ynz=True cond=True claim_agree=True upper=1588.95894646  CERT
865838952,0,1 RHO mem=True nz=True ynz=True cond=True claim_agree=True upper=0.919346099584  CERT
865838952,0,1 T   mem=True nz=True ynz=True cond=True claim_agree=True upper=2091.74513526  CERT
981202290,0,1 RHO mem=True nz=True ynz=True cond=True claim_agree=True upper=0.897423336071  CERT
981202290,0,1 T   mem=True nz=True ynz=True cond=True claim_agree=True upper=2077.86247339  CERT
FAMILY VERIFY n=7 l=1000093249 : EXCLUDED (components certified 32 / 32 ; lines 64 ; failed lines 0)
FAMILY VERIFY PASS
