FACTORIZATION: 32 irreducible factors of degree 2 over F_1000294721: OK (header deg/ncomp/bar_T agree)
1009120,0,1 RHO mem=True nz=True ynz=True cond=True claim_agree=True upper=0.943058471155  CERT
1009120,0,1 T   mem=True nz=True ynz=True cond=True claim_agree=True upper=2520.54111910  CERT
54783644,0,1 RHO mem=True nz=True ynz=True cond=True claim_agree=True upper=0.921600498101  CERT
54783644,0,1 T   mem=True nz=True ynz=True cond=True claim_agree=True upper=1826.22601859  CERT
57590633,0,1 RHO mem=True nz=True ynz=True cond=True claim_agree=True upper=0.934149569748  CERT
57590633,0,1 T   mem=True nz=True ynz=True cond=True claim_agree=True upper=1903.21179962  CERT
59311197,0,1 RHO mem=True nz=True ynz=True cond=True claim_agree=True upper=0.910893280890  CERT
59311197,0,1 T   mem=True nz=True ynz=True cond=True claim_agree=True upper=2114.11187762  CERT
60739353,0,1 RHO mem=True nz=True ynz=True cond=True claim_agree=True upper=0.956693122754  CERT
60739353,0,1 T   mem=True nz=True ynz=True cond=True claim_agree=True upper=2108.28429423  CERT
86354960,0,1 RHO mem=True nz=True ynz=True cond=True claim_agree=True upper=0.956693122754  CERT
86354960,0,1 T   mem=True nz=True ynz=True cond=True claim_agree=True upper=1986.70487756  CERT
87784488,0,1 RHO mem=True nz=True ynz=True cond=True claim_agree=True upper=0.926424989911  CERT
87784488,0,1 T   mem=True nz=True ynz=True cond=True claim_agree=True upper=1972.72130065  CERT
96404258,0,1 RHO mem=True nz=True ynz=True cond=True claim_agree=True upper=0.969506871859  CERT
96404258,0,1 T   mem=True nz=True ynz=True cond=True claim_agree=True upper=2588.85792930  CERT
117534554,0,1 RHO mem=True nz=True ynz=True cond=True claim_agree=True upper=0.878259741369  CERT
117534554,0,1 T   mem=True nz=True ynz=True cond=True claim_agree=True upper=1762.45270326  CERT
167273510,0,1 RHO mem=True nz=True ynz=True cond=True claim_agree=True upper=0.934149569748  CERT
167273510,0,1 T   mem=True nz=True ynz=True cond=True claim_agree=True upper=2514.87100781  CERT
268325667,0,1 RHO mem=True nz=True ynz=True cond=True claim_agree=True upper=0.893798357713  CERT
268325667,0,1 T   mem=True nz=True ynz=True cond=True claim_agree=True upper=2202.57227132  CERT
292775932,0,1 RHO mem=True nz=True ynz=True cond=True claim_agree=True upper=0.943058471155  CERT
292775932,0,1 T   mem=True nz=True ynz=True cond=True claim_agree=True upper=2052.57139826  CERT
344770818,0,1 RHO mem=True nz=True ynz=True cond=True claim_agree=True upper=0.910893280890  CERT
344770818,0,1 T   mem=True nz=True ynz=True cond=True claim_agree=True upper=1912.21733667  CERT
347010873,0,1 RHO mem=True nz=True ynz=True cond=True claim_agree=True upper=0.893798357713  CERT
347010873,0,1 T   mem=True nz=True ynz=True cond=True claim_agree=True upper=2506.51162748  CERT
403105379,0,1 RHO mem=True nz=True ynz=True cond=True claim_agree=True upper=0.921600498101  CERT
403105379,0,1 T   mem=True nz=True ynz=True cond=True claim_agree=True upper=2556.04146931  CERT
489760307,0,1 RHO mem=True nz=True ynz=True cond=True claim_agree=True upper=0.950449895316  CERT
489760307,0,1 T   mem=True nz=True ynz=True cond=True claim_agree=True upper=2139.67005982  CERT
510534414,0,1 RHO mem=True nz=True ynz=True cond=True claim_agree=True upper=0.878259741369  CERT
510534414,0,1 T   mem=True nz=True ynz=True cond=True claim_agree=True upper=2251.21059046  CERT
597189342,0,1 RHO mem=True nz=True ynz=True cond=True claim_agree=True upper=0.965674508299  CERT
597189342,0,1 T   mem=True nz=True ynz=True cond=True claim_agree=True upper=2652.71191336  CERT
653283848,0,1 RHO mem=True nz=True ynz=True cond=True claim_agree=True upper=0.942637095387  CERT
653283848,0,1 T   mem=True nz=True ynz=True cond=True claim_agree=True upper=1809.72483815  CERT
655523903,0,1 RHO mem=True nz=True ynz=True cond=True claim_agree=True upper=0.928901046819  CERT
655523903,0,1 T   mem=True nz=True ynz=True cond=True claim_agree=True upper=2806.69662725  CERT
707518789,0,1 RHO mem=True nz=True ynz=True cond=True claim_agree=True upper=0.922223843706  CERT
707518789,0,1 T   mem=True nz=True ynz=True cond=True claim_agree=True upper=2389.15466355  CERT
731969054,0,1 RHO mem=True nz=True ynz=True cond=True claim_agree=True upper=0.942637095387  CERT
731969054,0,1 T   mem=True nz=True ynz=True cond=True claim_agree=True upper=2767.02478932  CERT
833021211,0,1 RHO mem=True nz=True ynz=True cond=True claim_agree=True upper=0.942502054734  CERT
833021211,0,1 T   mem=True nz=True ynz=True cond=True claim_agree=True upper=1828.34760693  CERT
882760167,0,1 RHO mem=True nz=True ynz=True cond=True claim_agree=True upper=0.950449895316  CERT
882760167,0,1 T   mem=True nz=True ynz=True cond=True claim_agree=True upper=2801.23086276  CERT
903890463,0,1 RHO mem=True nz=True ynz=True cond=True claim_agree=True upper=0.926424989911  CERT
903890463,0,1 T   mem=True nz=True ynz=True cond=True claim_agree=True upper=2435.21317744  CERT
912510233,0,1 RHO mem=True nz=True ynz=True cond=True claim_agree=True upper=0.969506871859  CERT
912510233,0,1 T   mem=True nz=True ynz=True cond=True claim_agree=True upper=2486.72990702  CERT
913939761,0,1 RHO mem=True nz=True ynz=True cond=True claim_agree=True upper=0.942475877249  CERT
913939761,0,1 T   mem=True nz=True ynz=True cond=True claim_agree=True upper=2530.95860717  CERT
939555368,0,1 RHO mem=True nz=True ynz=True cond=True claim_agree=True upper=0.942475877249  CERT
939555368,0,1 T   mem=True nz=True ynz=True cond=True claim_agree=True upper=2024.50347528  CERT
940983524,0,1 RHO mem=True nz=True ynz=True cond=True claim_agree=True upper=0.928901046819  CERT
940983524,0,1 T   mem=True nz=True ynz=True cond=True claim_agree=True upper=1778.04455428  CERT
942704088,0,1 RHO mem=True nz=True ynz=True cond=True claim_agree=True upper=0.942502054734  CERT
942704088,0,1 T   mem=True nz=True ynz=True cond=True claim_agree=True upper=2132.89014791  CERT
945511077,0,1 RHO mem=True nz=True ynz=True cond=True claim_agree=True upper=0.965674508299  CERT
945511077,0,1 T   mem=True nz=True ynz=True cond=True claim_agree=True upper=2503.06255890  CERT
999285601,0,1 RHO mem=True nz=True ynz=True cond=True claim_agree=True upper=0.922223843706  CERT
999285601,0,1 T   mem=True nz=True ynz=True cond=True claim_agree=True upper=2523.75575351  CERT
FAMILY VERIFY n=7 l=1000294721 : EXCLUDED (components certified 32 / 32 ; lines 64 ; failed lines 0)
FAMILY VERIFY PASS
