FACTORIZATION: 32 irreducible factors of degree 2 over F_1000789057: OK (header deg/ncomp/bar_T agree)
15905925,0,1 RHO mem=True nz=True ynz=True cond=True claim_agree=True upper=0.920081096596  CERT
15905925,0,1 T   mem=True nz=True ynz=True cond=True claim_agree=True upper=2140.39396961  CERT
70507813,0,1 RHO mem=True nz=True ynz=True cond=True claim_agree=True upper=0.892439415016  CERT
70507813,0,1 T   mem=True nz=True ynz=True cond=True claim_agree=True upper=2436.69200321  CERT
72820558,0,1 RHO mem=True nz=True ynz=True cond=True claim_agree=True upper=0.905391483490  CERT
72820558,0,1 T   mem=True nz=True ynz=True cond=True claim_agree=True upper=1901.55152867  CERT
80901819,0,1 RHO mem=True nz=True ynz=True cond=True claim_agree=True upper=0.903092659049  CERT
80901819,0,1 T   mem=True nz=True ynz=True cond=True claim_agree=True upper=1672.23699896  CERT
142819200,0,1 RHO mem=True nz=True ynz=True cond=True claim_agree=True upper=0.909784528729  CERT
142819200,0,1 T   mem=True nz=True ynz=True cond=True claim_agree=True upper=2787.30224074  CERT
156826869,0,1 RHO mem=True nz=True ynz=True cond=True claim_agree=True upper=0.881991895448  CERT
156826869,0,1 T   mem=True nz=True ynz=True cond=True claim_agree=True upper=2276.85989584  CERT
179648815,0,1 RHO mem=True nz=True ynz=True cond=True claim_agree=True upper=0.911204611113  CERT
179648815,0,1 T   mem=True nz=True ynz=True cond=True claim_agree=True upper=2310.05373367  CERT
262283707,0,1 RHO mem=True nz=True ynz=True cond=True claim_agree=True upper=0.892439415016  CERT
262283707,0,1 T   mem=True nz=True ynz=True cond=True claim_agree=True upper=2276.26733344  CERT
271293817,0,1 RHO mem=True nz=True ynz=True cond=True claim_agree=True upper=0.901495209602  CERT
271293817,0,1 T   mem=True nz=True ynz=True cond=True claim_agree=True upper=1883.38259858  CERT
295289789,0,1 RHO mem=True nz=True ynz=True cond=True claim_agree=True upper=0.932057426179  CERT
295289789,0,1 T   mem=True nz=True ynz=True cond=True claim_agree=True upper=2513.94416612  CERT
318529025,0,1 RHO mem=True nz=True ynz=True cond=True claim_agree=True upper=0.890827881995  CERT
318529025,0,1 T   mem=True nz=True ynz=True cond=True claim_agree=True upper=1782.02500447  CERT
365884833,0,1 RHO mem=True nz=True ynz=True cond=True claim_agree=True upper=0.885897120267  CERT
365884833,0,1 T   mem=True nz=True ynz=True cond=True claim_agree=True upper=2963.59008195  CERT
372190587,0,1 RHO mem=True nz=True ynz=True cond=True claim_agree=True upper=0.908491860232  CERT
372190587,0,1 T   mem=True nz=True ynz=True cond=True claim_agree=True upper=2145.74925517  CERT
402201782,0,1 RHO mem=True nz=True ynz=True cond=True claim_agree=True upper=0.903092659049  CERT
402201782,0,1 T   mem=True nz=True ynz=True cond=True claim_agree=True upper=2079.47225573  CERT
403267166,0,1 RHO mem=True nz=True ynz=True cond=True claim_agree=True upper=0.932057426179  CERT
403267166,0,1 T   mem=True nz=True ynz=True cond=True claim_agree=True upper=2277.30523953  CERT
450112322,0,1 RHO mem=True nz=True ynz=True cond=True claim_agree=True upper=0.885897120267  CERT
450112322,0,1 T   mem=True nz=True ynz=True cond=True claim_agree=True upper=1901.96752351  CERT
550676735,0,1 RHO mem=True nz=True ynz=True cond=True claim_agree=True upper=0.920059575718  CERT
550676735,0,1 T   mem=True nz=True ynz=True cond=True claim_agree=True upper=2479.58748420  CERT
597521891,0,1 RHO mem=True nz=True ynz=True cond=True claim_agree=True upper=0.884252799346  CERT
597521891,0,1 T   mem=True nz=True ynz=True cond=True claim_agree=True upper=2254.74815330  CERT
598587275,0,1 RHO mem=True nz=True ynz=True cond=True claim_agree=True upper=0.913005253143  CERT
598587275,0,1 T   mem=True nz=True ynz=True cond=True claim_agree=True upper=2470.39457915  CERT
628598470,0,1 RHO mem=True nz=True ynz=True cond=True claim_agree=True upper=0.920081096596  CERT
628598470,0,1 T   mem=True nz=True ynz=True cond=True claim_agree=True upper=2821.98721959  CERT
634904224,0,1 RHO mem=True nz=True ynz=True cond=True claim_agree=True upper=0.920059575718  CERT
634904224,0,1 T   mem=True nz=True ynz=True cond=True claim_agree=True upper=2264.82520771  CERT
682260032,0,1 RHO mem=True nz=True ynz=True cond=True claim_agree=True upper=0.909784528729  CERT
682260032,0,1 T   mem=True nz=True ynz=True cond=True claim_agree=True upper=1684.73299580  CERT
705499268,0,1 RHO mem=True nz=True ynz=True cond=True claim_agree=True upper=0.884252799346  CERT
705499268,0,1 T   mem=True nz=True ynz=True cond=True claim_agree=True upper=2293.09233627  CERT
729495240,0,1 RHO mem=True nz=True ynz=True cond=True claim_agree=True upper=0.905391483490  CERT
729495240,0,1 T   mem=True nz=True ynz=True cond=True claim_agree=True upper=1840.22033187  CERT
738505350,0,1 RHO mem=True nz=True ynz=True cond=True claim_agree=True upper=0.834200627379  CERT
738505350,0,1 T   mem=True nz=True ynz=True cond=True claim_agree=True upper=1891.18417566  CERT
821140242,0,1 RHO mem=True nz=True ynz=True cond=True claim_agree=True upper=0.881991895448  CERT
821140242,0,1 T   mem=True nz=True ynz=True cond=True claim_agree=True upper=1499.29096601  CERT
843962188,0,1 RHO mem=True nz=True ynz=True cond=True claim_agree=True upper=0.911204611113  CERT
843962188,0,1 T   mem=True nz=True ynz=True cond=True claim_agree=True upper=2239.06262117  CERT
857969857,0,1 RHO mem=True nz=True ynz=True cond=True claim_agree=True upper=0.890827881995  CERT
857969857,0,1 T   mem=True nz=True ynz=True cond=True claim_agree=True upper=2075.62553123  CERT
919887238,0,1 RHO mem=True nz=True ynz=True cond=True claim_agree=True upper=0.913005253143  CERT
919887238,0,1 T   mem=True nz=True ynz=True cond=True claim_agree=True upper=1988.87767124  CERT
927968499,0,1 RHO mem=True nz=True ynz=True cond=True claim_agree=True upper=0.901495209602  CERT
927968499,0,1 T   mem=True nz=True ynz=True cond=True claim_agree=True upper=2393.93876617  CERT
930281244,0,1 RHO mem=True nz=True ynz=True cond=True claim_agree=True upper=0.834200627379  CERT
930281244,0,1 T   mem=True nz=True ynz=True cond=True claim_agree=True upper=2688.80798197  CERT
984883132,0,1 RHO mem=True nz=True ynz=True cond=True claim_agree=True upper=0.908491860232  CERT
984883132,0,1 T   mem=True nz=True ynz=True cond=True claim_agree=True upper=2488.37821477  CERT
FAMILY VERIFY n=7 l=1000789057 : EXCLUDED (components certified 32 / 32 ; lines 64 ; failed lines 0)
FAMILY VERIFY PASS
