FACTORIZATION: 32 irreducible factors of degree 2 over F_1000768961: OK (header deg/ncomp/bar_T agree)
37337326,0,1 RHO mem=True nz=True ynz=True cond=True claim_agree=True upper=0.924564781420  CERT
37337326,0,1 T   mem=True nz=True ynz=True cond=True claim_agree=True upper=1772.27149722  CERT
40451842,0,1 RHO mem=True nz=True ynz=True cond=True claim_agree=True upper=0.949567938963  CERT
40451842,0,1 T   mem=True nz=True ynz=True cond=True claim_agree=True upper=2434.12894204  CERT
138700633,0,1 RHO mem=True nz=True ynz=True cond=True claim_agree=True upper=0.949567938963  CERT
138700633,0,1 T   mem=True nz=True ynz=True cond=True claim_agree=True upper=2320.99360056  CERT
153072914,0,1 RHO mem=True nz=True ynz=True cond=True claim_agree=True upper=0.963921593830  CERT
153072914,0,1 T   mem=True nz=True ynz=True cond=True claim_agree=True upper=2935.38767421  CERT
181282119,0,1 RHO mem=True nz=True ynz=True cond=True claim_agree=True upper=0.967791588869  CERT
181282119,0,1 T   mem=True nz=True ynz=True cond=True claim_agree=True upper=3019.75059580  CERT
200597221,0,1 RHO mem=True nz=True ynz=True cond=True claim_agree=True upper=0.952918630573  CERT
200597221,0,1 T   mem=True nz=True ynz=True cond=True claim_agree=True upper=2555.83521575  CERT
236343315,0,1 RHO mem=True nz=True ynz=True cond=True claim_agree=True upper=0.954379284190  CERT
236343315,0,1 T   mem=True nz=True ynz=True cond=True claim_agree=True upper=2432.61060289  CERT
272473105,0,1 RHO mem=True nz=True ynz=True cond=True claim_agree=True upper=0.947721736100  CERT
272473105,0,1 T   mem=True nz=True ynz=True cond=True claim_agree=True upper=2029.75353116  CERT
279424523,0,1 RHO mem=True nz=True ynz=True cond=True claim_agree=True upper=0.963921593830  CERT
279424523,0,1 T   mem=True nz=True ynz=True cond=True claim_agree=True upper=2856.93403967  CERT
284355924,0,1 RHO mem=True nz=True ynz=True cond=True claim_agree=True upper=0.915888051434  CERT
284355924,0,1 T   mem=True nz=True ynz=True cond=True claim_agree=True upper=2563.58913026  CERT
289491484,0,1 RHO mem=True nz=True ynz=True cond=True claim_agree=True upper=0.941988286806  CERT
289491484,0,1 T   mem=True nz=True ynz=True cond=True claim_agree=True upper=1961.40850468  CERT
302126383,0,1 RHO mem=True nz=True ynz=True cond=True claim_agree=True upper=0.941988286806  CERT
302126383,0,1 T   mem=True nz=True ynz=True cond=True claim_agree=True upper=2591.69887211  CERT
346038692,0,1 RHO mem=True nz=True ynz=True cond=True claim_agree=True upper=0.967791588869  CERT
346038692,0,1 T   mem=True nz=True ynz=True cond=True claim_agree=True upper=3107.67183841  CERT
374687593,0,1 RHO mem=True nz=True ynz=True cond=True claim_agree=True upper=0.915888051434  CERT
374687593,0,1 T   mem=True nz=True ynz=True cond=True claim_agree=True upper=2461.15638358  CERT
430381695,0,1 RHO mem=True nz=True ynz=True cond=True claim_agree=True upper=0.946173908733  CERT
430381695,0,1 T   mem=True nz=True ynz=True cond=True claim_agree=True upper=1770.34317797  CERT
493135328,0,1 RHO mem=True nz=True ynz=True cond=True claim_agree=True upper=0.924564781420  CERT
493135328,0,1 T   mem=True nz=True ynz=True cond=True claim_agree=True upper=1868.35440853  CERT
507633633,0,1 RHO mem=True nz=True ynz=True cond=True claim_agree=True upper=0.972590122428  CERT
507633633,0,1 T   mem=True nz=True ynz=True cond=True claim_agree=True upper=3436.71690794  CERT
570387266,0,1 RHO mem=True nz=True ynz=True cond=True claim_agree=True upper=0.952918630573  CERT
570387266,0,1 T   mem=True nz=True ynz=True cond=True claim_agree=True upper=2622.78716181  CERT
626081368,0,1 RHO mem=True nz=True ynz=True cond=True claim_agree=True upper=0.961197461496  CERT
626081368,0,1 T   mem=True nz=True ynz=True cond=True claim_agree=True upper=2004.63599748  CERT
654730269,0,1 RHO mem=True nz=True ynz=True cond=True claim_agree=True upper=0.922303039900  CERT
654730269,0,1 T   mem=True nz=True ynz=True cond=True claim_agree=True upper=2019.82599679  CERT
698642578,0,1 RHO mem=True nz=True ynz=True cond=True claim_agree=True upper=0.937838315508  CERT
698642578,0,1 T   mem=True nz=True ynz=True cond=True claim_agree=True upper=2059.58230109  CERT
711277477,0,1 RHO mem=True nz=True ynz=True cond=True claim_agree=True upper=0.937838315508  CERT
711277477,0,1 T   mem=True nz=True ynz=True cond=True claim_agree=True upper=2608.56428909  CERT
716413037,0,1 RHO mem=True nz=True ynz=True cond=True claim_agree=True upper=0.961197461496  CERT
716413037,0,1 T   mem=True nz=True ynz=True cond=True claim_agree=True upper=1919.24070511  CERT
721344438,0,1 RHO mem=True nz=True ynz=True cond=True claim_agree=True upper=0.948872667030  CERT
721344438,0,1 T   mem=True nz=True ynz=True cond=True claim_agree=True upper=2020.58595799  CERT
728295856,0,1 RHO mem=True nz=True ynz=True cond=True claim_agree=True upper=0.954379284190  CERT
728295856,0,1 T   mem=True nz=True ynz=True cond=True claim_agree=True upper=2277.85149271  CERT
764425646,0,1 RHO mem=True nz=True ynz=True cond=True claim_agree=True upper=0.947721736100  CERT
764425646,0,1 T   mem=True nz=True ynz=True cond=True claim_agree=True upper=1876.23699956  CERT
800171740,0,1 RHO mem=True nz=True ynz=True cond=True claim_agree=True upper=0.946173908733  CERT
800171740,0,1 T   mem=True nz=True ynz=True cond=True claim_agree=True upper=2161.78044273  CERT
819486842,0,1 RHO mem=True nz=True ynz=True cond=True claim_agree=True upper=0.922303039900  CERT
819486842,0,1 T   mem=True nz=True ynz=True cond=True claim_agree=True upper=1946.23186816  CERT
847696047,0,1 RHO mem=True nz=True ynz=True cond=True claim_agree=True upper=0.948872667030  CERT
847696047,0,1 T   mem=True nz=True ynz=True cond=True claim_agree=True upper=2500.04296975  CERT
862068328,0,1 RHO mem=True nz=True ynz=True cond=True claim_agree=True upper=0.958954867624  CERT
862068328,0,1 T   mem=True nz=True ynz=True cond=True claim_agree=True upper=2442.90740226  CERT
960317119,0,1 RHO mem=True nz=True ynz=True cond=True claim_agree=True upper=0.958954867624  CERT
960317119,0,1 T   mem=True nz=True ynz=True cond=True claim_agree=True upper=2093.04351483  CERT
963431635,0,1 RHO mem=True nz=True ynz=True cond=True claim_agree=True upper=0.972590122428  CERT
963431635,0,1 T   mem=True nz=True ynz=True cond=True claim_agree=True upper=2731.01817086  CERT
FAMILY VERIFY n=7 l=1000768961 : EXCLUDED (components certified 32 / 32 ; lines 64 ; failed lines 0)
FAMILY VERIFY PASS
