FACTORIZATION: 32 irreducible factors of degree 2 over F_1001108161: OK (header deg/ncomp/bar_T agree)
1760839,0,1 RHO mem=True nz=True ynz=True cond=True claim_agree=True upper=0.936710040695  CERT
1760839,0,1 T   mem=True nz=True ynz=True cond=True claim_agree=True upper=2452.40634686  CERT
45415407,0,1 RHO mem=True nz=True ynz=True cond=True claim_agree=True upper=0.952486594006  CERT
45415407,0,1 T   mem=True nz=True ynz=True cond=True claim_agree=True upper=2645.39495769  CERT
71612705,0,1 RHO mem=True nz=True ynz=True cond=True claim_agree=True upper=0.928850441872  CERT
71612705,0,1 T   mem=True nz=True ynz=True cond=True claim_agree=True upper=3338.96938938  CERT
115329203,0,1 RHO mem=True nz=True ynz=True cond=True claim_agree=True upper=0.944788674586  CERT
115329203,0,1 T   mem=True nz=True ynz=True cond=True claim_agree=True upper=2691.99247267  CERT
145336548,0,1 RHO mem=True nz=True ynz=True cond=True claim_agree=True upper=0.945647979922  CERT
145336548,0,1 T   mem=True nz=True ynz=True cond=True claim_agree=True upper=2444.64938784  CERT
200623858,0,1 RHO mem=True nz=True ynz=True cond=True claim_agree=True upper=0.945647979922  CERT
200623858,0,1 T   mem=True nz=True ynz=True cond=True claim_agree=True upper=2446.48089474  CERT
214633731,0,1 RHO mem=True nz=True ynz=True cond=True claim_agree=True upper=0.931787630315  CERT
214633731,0,1 T   mem=True nz=True ynz=True cond=True claim_agree=True upper=3300.96039045  CERT
233473170,0,1 RHO mem=True nz=True ynz=True cond=True claim_agree=True upper=0.944788674586  CERT
233473170,0,1 T   mem=True nz=True ynz=True cond=True claim_agree=True upper=2538.39699532  CERT
236497468,0,1 RHO mem=True nz=True ynz=True cond=True claim_agree=True upper=0.948941280865  CERT
236497468,0,1 T   mem=True nz=True ynz=True cond=True claim_agree=True upper=2429.26127103  CERT
252442872,0,1 RHO mem=True nz=True ynz=True cond=True claim_agree=True upper=0.940125370544  CERT
252442872,0,1 T   mem=True nz=True ynz=True cond=True claim_agree=True upper=2651.75177904  CERT
437835281,0,1 RHO mem=True nz=True ynz=True cond=True claim_agree=True upper=0.970889605911  CERT
437835281,0,1 T   mem=True nz=True ynz=True cond=True claim_agree=True upper=2817.67608763  CERT
452019625,0,1 RHO mem=True nz=True ynz=True cond=True claim_agree=True upper=0.944829920388  CERT
452019625,0,1 T   mem=True nz=True ynz=True cond=True claim_agree=True upper=2383.99751371  CERT
453028690,0,1 RHO mem=True nz=True ynz=True cond=True claim_agree=True upper=0.960802770226  CERT
453028690,0,1 T   mem=True nz=True ynz=True cond=True claim_agree=True upper=2341.85596816  CERT
481198016,0,1 RHO mem=True nz=True ynz=True cond=True claim_agree=True upper=0.960802770226  CERT
481198016,0,1 T   mem=True nz=True ynz=True cond=True claim_agree=True upper=2213.99933909  CERT
494098379,0,1 RHO mem=True nz=True ynz=True cond=True claim_agree=True upper=0.928850441872  CERT
494098379,0,1 T   mem=True nz=True ynz=True cond=True claim_agree=True upper=2206.62423993  CERT
499751060,0,1 RHO mem=True nz=True ynz=True cond=True claim_agree=True upper=0.948803919826  CERT
499751060,0,1 T   mem=True nz=True ynz=True cond=True claim_agree=True upper=2852.15624624  CERT
501357101,0,1 RHO mem=True nz=True ynz=True cond=True claim_agree=True upper=0.931787630315  CERT
501357101,0,1 T   mem=True nz=True ynz=True cond=True claim_agree=True upper=2933.85649838  CERT
507009782,0,1 RHO mem=True nz=True ynz=True cond=True claim_agree=True upper=0.925385937134  CERT
507009782,0,1 T   mem=True nz=True ynz=True cond=True claim_agree=True upper=2691.47731119  CERT
519910145,0,1 RHO mem=True nz=True ynz=True cond=True claim_agree=True upper=0.935951907708  CERT
519910145,0,1 T   mem=True nz=True ynz=True cond=True claim_agree=True upper=2691.70756888  CERT
548079471,0,1 RHO mem=True nz=True ynz=True cond=True claim_agree=True upper=0.935951907708  CERT
548079471,0,1 T   mem=True nz=True ynz=True cond=True claim_agree=True upper=2255.19537689  CERT
549088536,0,1 RHO mem=True nz=True ynz=True cond=True claim_agree=True upper=0.970889605911  CERT
549088536,0,1 T   mem=True nz=True ynz=True cond=True claim_agree=True upper=2556.32766034  CERT
563272880,0,1 RHO mem=True nz=True ynz=True cond=True claim_agree=True upper=0.944829920388  CERT
563272880,0,1 T   mem=True nz=True ynz=True cond=True claim_agree=True upper=2499.02371295  CERT
748665289,0,1 RHO mem=True nz=True ynz=True cond=True claim_agree=True upper=0.952486594006  CERT
748665289,0,1 T   mem=True nz=True ynz=True cond=True claim_agree=True upper=2735.20491131  CERT
764610693,0,1 RHO mem=True nz=True ynz=True cond=True claim_agree=True upper=0.936710040695  CERT
764610693,0,1 T   mem=True nz=True ynz=True cond=True claim_agree=True upper=2324.93246699  CERT
767634991,0,1 RHO mem=True nz=True ynz=True cond=True claim_agree=True upper=0.944878251800  CERT
767634991,0,1 T   mem=True nz=True ynz=True cond=True claim_agree=True upper=2726.67199717  CERT
786474430,0,1 RHO mem=True nz=True ynz=True cond=True claim_agree=True upper=0.948803919826  CERT
786474430,0,1 T   mem=True nz=True ynz=True cond=True claim_agree=True upper=1979.58510684  CERT
800484303,0,1 RHO mem=True nz=True ynz=True cond=True claim_agree=True upper=0.954931188536  CERT
800484303,0,1 T   mem=True nz=True ynz=True cond=True claim_agree=True upper=2376.08328438  CERT
855771613,0,1 RHO mem=True nz=True ynz=True cond=True claim_agree=True upper=0.954931188536  CERT
855771613,0,1 T   mem=True nz=True ynz=True cond=True claim_agree=True upper=2323.57825366  CERT
885778958,0,1 RHO mem=True nz=True ynz=True cond=True claim_agree=True upper=0.944878251800  CERT
885778958,0,1 T   mem=True nz=True ynz=True cond=True claim_agree=True upper=2451.46348879  CERT
929495456,0,1 RHO mem=True nz=True ynz=True cond=True claim_agree=True upper=0.925385937134  CERT
929495456,0,1 T   mem=True nz=True ynz=True cond=True claim_agree=True upper=2899.58297473  CERT
955692754,0,1 RHO mem=True nz=True ynz=True cond=True claim_agree=True upper=0.940125370544  CERT
955692754,0,1 T   mem=True nz=True ynz=True cond=True claim_agree=True upper=2453.34747184  CERT
999347322,0,1 RHO mem=True nz=True ynz=True cond=True claim_agree=True upper=0.948941280865  CERT
999347322,0,1 T   mem=True nz=True ynz=True cond=True claim_agree=True upper=2487.95551219  CERT
FAMILY VERIFY n=7 l=1001108161 : EXCLUDED (components certified 32 / 32 ; lines 64 ; failed lines 0)
FAMILY VERIFY PASS
