FACTORIZATION: 32 irreducible factors of degree 2 over F_1000219841: OK (header deg/ncomp/bar_T agree)
40291055,0,1 RHO mem=True nz=True ynz=True cond=True claim_agree=True upper=0.926658072791  CERT
40291055,0,1 T   mem=True nz=True ynz=True cond=True claim_agree=True upper=2218.21656955  CERT
45741027,0,1 RHO mem=True nz=True ynz=True cond=True claim_agree=True upper=0.909375818667  CERT
45741027,0,1 T   mem=True nz=True ynz=True cond=True claim_agree=True upper=2295.83616209  CERT
55326585,0,1 RHO mem=True nz=True ynz=True cond=True claim_agree=True upper=0.920158520479  CERT
55326585,0,1 T   mem=True nz=True ynz=True cond=True claim_agree=True upper=1820.70514942  CERT
87232108,0,1 RHO mem=True nz=True ynz=True cond=True claim_agree=True upper=0.930590561133  CERT
87232108,0,1 T   mem=True nz=True ynz=True cond=True claim_agree=True upper=2343.91208523  CERT
91204330,0,1 RHO mem=True nz=True ynz=True cond=True claim_agree=True upper=0.924588351235  CERT
91204330,0,1 T   mem=True nz=True ynz=True cond=True claim_agree=True upper=2102.88046603  CERT
131206150,0,1 RHO mem=True nz=True ynz=True cond=True claim_agree=True upper=0.908919408235  CERT
131206150,0,1 T   mem=True nz=True ynz=True cond=True claim_agree=True upper=1880.83673316  CERT
140827802,0,1 RHO mem=True nz=True ynz=True cond=True claim_agree=True upper=0.941567785891  CERT
140827802,0,1 T   mem=True nz=True ynz=True cond=True claim_agree=True upper=2809.17021287  CERT
159352104,0,1 RHO mem=True nz=True ynz=True cond=True claim_agree=True upper=0.937343874896  CERT
159352104,0,1 T   mem=True nz=True ynz=True cond=True claim_agree=True upper=2450.87790332  CERT
187145443,0,1 RHO mem=True nz=True ynz=True cond=True claim_agree=True upper=0.960693958509  CERT
187145443,0,1 T   mem=True nz=True ynz=True cond=True claim_agree=True upper=2802.40322170  CERT
234843868,0,1 RHO mem=True nz=True ynz=True cond=True claim_agree=True upper=0.930590561133  CERT
234843868,0,1 T   mem=True nz=True ynz=True cond=True claim_agree=True upper=3088.64908985  CERT
322094062,0,1 RHO mem=True nz=True ynz=True cond=True claim_agree=True upper=0.918258815014  CERT
322094062,0,1 T   mem=True nz=True ynz=True cond=True claim_agree=True upper=2134.23421003  CERT
398014282,0,1 RHO mem=True nz=True ynz=True cond=True claim_agree=True upper=0.964970652568  CERT
398014282,0,1 T   mem=True nz=True ynz=True cond=True claim_agree=True upper=3155.20285052  CERT
406877609,0,1 RHO mem=True nz=True ynz=True cond=True claim_agree=True upper=0.959100681232  CERT
406877609,0,1 T   mem=True nz=True ynz=True cond=True claim_agree=True upper=2343.63594578  CERT
438181827,0,1 RHO mem=True nz=True ynz=True cond=True claim_agree=True upper=0.923348684873  CERT
438181827,0,1 T   mem=True nz=True ynz=True cond=True claim_agree=True upper=1894.98256410  CERT
458766822,0,1 RHO mem=True nz=True ynz=True cond=True claim_agree=True upper=0.941567785891  CERT
458766822,0,1 T   mem=True nz=True ynz=True cond=True claim_agree=True upper=1938.66357679  CERT
459792947,0,1 RHO mem=True nz=True ynz=True cond=True claim_agree=True upper=0.914116065851  CERT
459792947,0,1 T   mem=True nz=True ynz=True cond=True claim_agree=True upper=1806.37093605  CERT
540426894,0,1 RHO mem=True nz=True ynz=True cond=True claim_agree=True upper=0.960693958509  CERT
540426894,0,1 T   mem=True nz=True ynz=True cond=True claim_agree=True upper=2875.54417279  CERT
541453019,0,1 RHO mem=True nz=True ynz=True cond=True claim_agree=True upper=0.951342970986  CERT
541453019,0,1 T   mem=True nz=True ynz=True cond=True claim_agree=True upper=2177.91148866  CERT
562038014,0,1 RHO mem=True nz=True ynz=True cond=True claim_agree=True upper=0.937343874896  CERT
562038014,0,1 T   mem=True nz=True ynz=True cond=True claim_agree=True upper=2197.36584996  CERT
593342232,0,1 RHO mem=True nz=True ynz=True cond=True claim_agree=True upper=0.908919408235  CERT
593342232,0,1 T   mem=True nz=True ynz=True cond=True claim_agree=True upper=2718.84729214  CERT
602205559,0,1 RHO mem=True nz=True ynz=True cond=True claim_agree=True upper=0.920158520479  CERT
602205559,0,1 T   mem=True nz=True ynz=True cond=True claim_agree=True upper=2053.48332845  CERT
678125779,0,1 RHO mem=True nz=True ynz=True cond=True claim_agree=True upper=0.909375818667  CERT
678125779,0,1 T   mem=True nz=True ynz=True cond=True claim_agree=True upper=2086.41878867  CERT
765375973,0,1 RHO mem=True nz=True ynz=True cond=True claim_agree=True upper=0.916879816981  CERT
765375973,0,1 T   mem=True nz=True ynz=True cond=True claim_agree=True upper=2433.77085201  CERT
813074398,0,1 RHO mem=True nz=True ynz=True cond=True claim_agree=True upper=0.914116065851  CERT
813074398,0,1 T   mem=True nz=True ynz=True cond=True claim_agree=True upper=2409.44288472  CERT
840867737,0,1 RHO mem=True nz=True ynz=True cond=True claim_agree=True upper=0.923348684873  CERT
840867737,0,1 T   mem=True nz=True ynz=True cond=True claim_agree=True upper=2309.19060304  CERT
859392039,0,1 RHO mem=True nz=True ynz=True cond=True claim_agree=True upper=0.951342970986  CERT
859392039,0,1 T   mem=True nz=True ynz=True cond=True claim_agree=True upper=2631.60396672  CERT
869013691,0,1 RHO mem=True nz=True ynz=True cond=True claim_agree=True upper=0.959100681232  CERT
869013691,0,1 T   mem=True nz=True ynz=True cond=True claim_agree=True upper=2361.15219872  CERT
909015511,0,1 RHO mem=True nz=True ynz=True cond=True claim_agree=True upper=0.926658072791  CERT
909015511,0,1 T   mem=True nz=True ynz=True cond=True claim_agree=True upper=2378.40085638  CERT
912987733,0,1 RHO mem=True nz=True ynz=True cond=True claim_agree=True upper=0.916879816981  CERT
912987733,0,1 T   mem=True nz=True ynz=True cond=True claim_agree=True upper=1998.79992280  CERT
944893256,0,1 RHO mem=True nz=True ynz=True cond=True claim_agree=True upper=0.964970652568  CERT
944893256,0,1 T   mem=True nz=True ynz=True cond=True claim_agree=True upper=2741.78059199  CERT
954478814,0,1 RHO mem=True nz=True ynz=True cond=True claim_agree=True upper=0.918258815014  CERT
954478814,0,1 T   mem=True nz=True ynz=True cond=True claim_agree=True upper=2124.43711753  CERT
959928786,0,1 RHO mem=True nz=True ynz=True cond=True claim_agree=True upper=0.924588351235  CERT
959928786,0,1 T   mem=True nz=True ynz=True cond=True claim_agree=True upper=1933.50897261  CERT
FAMILY VERIFY n=7 l=1000219841 : EXCLUDED (components certified 32 / 32 ; lines 64 ; failed lines 0)
FAMILY VERIFY PASS
