FACTORIZATION: 32 irreducible factors of degree 2 over F_1000798273: OK (header deg/ncomp/bar_T agree)
9600666,0,1 RHO mem=True nz=True ynz=True cond=True claim_agree=True upper=0.905048286982  CERT
9600666,0,1 T   mem=True nz=True ynz=True cond=True claim_agree=True upper=1872.76680342  CERT
85076400,0,1 RHO mem=True nz=True ynz=True cond=True claim_agree=True upper=0.940679699465  CERT
85076400,0,1 T   mem=True nz=True ynz=True cond=True claim_agree=True upper=2417.86484596  CERT
103859374,0,1 RHO mem=True nz=True ynz=True cond=True claim_agree=True upper=0.941267797704  CERT
103859374,0,1 T   mem=True nz=True ynz=True cond=True claim_agree=True upper=3218.37805649  CERT
112955524,0,1 RHO mem=True nz=True ynz=True cond=True claim_agree=True upper=0.956177406006  CERT
112955524,0,1 T   mem=True nz=True ynz=True cond=True claim_agree=True upper=2285.46898980  CERT
210836029,0,1 RHO mem=True nz=True ynz=True cond=True claim_agree=True upper=0.940679699465  CERT
210836029,0,1 T   mem=True nz=True ynz=True cond=True claim_agree=True upper=3343.81177516  CERT
266322975,0,1 RHO mem=True nz=True ynz=True cond=True claim_agree=True upper=0.917062675867  CERT
266322975,0,1 T   mem=True nz=True ynz=True cond=True claim_agree=True upper=2296.82893700  CERT
293174735,0,1 RHO mem=True nz=True ynz=True cond=True claim_agree=True upper=0.888292878116  CERT
293174735,0,1 T   mem=True nz=True ynz=True cond=True claim_agree=True upper=2713.73012690  CERT
323244346,0,1 RHO mem=True nz=True ynz=True cond=True claim_agree=True upper=0.956177406006  CERT
323244346,0,1 T   mem=True nz=True ynz=True cond=True claim_agree=True upper=2198.69127723  CERT
346498264,0,1 RHO mem=True nz=True ynz=True cond=True claim_agree=True upper=0.926842220168  CERT
346498264,0,1 T   mem=True nz=True ynz=True cond=True claim_agree=True upper=1832.26198121  CERT
357517365,0,1 RHO mem=True nz=True ynz=True cond=True claim_agree=True upper=0.965837925763  CERT
357517365,0,1 T   mem=True nz=True ynz=True cond=True claim_agree=True upper=2353.59363562  CERT
396806693,0,1 RHO mem=True nz=True ynz=True cond=True claim_agree=True upper=0.939000788165  CERT
396806693,0,1 T   mem=True nz=True ynz=True cond=True claim_agree=True upper=3181.87667358  CERT
408608904,0,1 RHO mem=True nz=True ynz=True cond=True claim_agree=True upper=0.941267797704  CERT
408608904,0,1 T   mem=True nz=True ynz=True cond=True claim_agree=True upper=2255.47729213  CERT
415938532,0,1 RHO mem=True nz=True ynz=True cond=True claim_agree=True upper=0.888292878116  CERT
415938532,0,1 T   mem=True nz=True ynz=True cond=True claim_agree=True upper=2076.65453426  CERT
428697354,0,1 RHO mem=True nz=True ynz=True cond=True claim_agree=True upper=0.977870227863  CERT
428697354,0,1 T   mem=True nz=True ynz=True cond=True claim_agree=True upper=2389.86248258  CERT
431808878,0,1 RHO mem=True nz=True ynz=True cond=True claim_agree=True upper=0.917312090472  CERT
431808878,0,1 T   mem=True nz=True ynz=True cond=True claim_agree=True upper=1889.95438158  CERT
461765080,0,1 RHO mem=True nz=True ynz=True cond=True claim_agree=True upper=0.947451410264  CERT
461765080,0,1 T   mem=True nz=True ynz=True cond=True claim_agree=True upper=2047.60110406  CERT
539033193,0,1 RHO mem=True nz=True ynz=True cond=True claim_agree=True upper=0.917312090472  CERT
539033193,0,1 T   mem=True nz=True ynz=True cond=True claim_agree=True upper=2705.67232770  CERT
568989395,0,1 RHO mem=True nz=True ynz=True cond=True claim_agree=True upper=0.947451410264  CERT
568989395,0,1 T   mem=True nz=True ynz=True cond=True claim_agree=True upper=2576.99818579  CERT
572100919,0,1 RHO mem=True nz=True ynz=True cond=True claim_agree=True upper=0.917062675867  CERT
572100919,0,1 T   mem=True nz=True ynz=True cond=True claim_agree=True upper=2481.95190230  CERT
584859741,0,1 RHO mem=True nz=True ynz=True cond=True claim_agree=True upper=0.970541444867  CERT
584859741,0,1 T   mem=True nz=True ynz=True cond=True claim_agree=True upper=3184.13353276  CERT
592189369,0,1 RHO mem=True nz=True ynz=True cond=True claim_agree=True upper=0.935490836327  CERT
592189369,0,1 T   mem=True nz=True ynz=True cond=True claim_agree=True upper=2329.09703948  CERT
603991580,0,1 RHO mem=True nz=True ynz=True cond=True claim_agree=True upper=0.926842220168  CERT
603991580,0,1 T   mem=True nz=True ynz=True cond=True claim_agree=True upper=2079.58402760  CERT
643280908,0,1 RHO mem=True nz=True ynz=True cond=True claim_agree=True upper=0.905048286982  CERT
643280908,0,1 T   mem=True nz=True ynz=True cond=True claim_agree=True upper=2301.92482550  CERT
654300009,0,1 RHO mem=True nz=True ynz=True cond=True claim_agree=True upper=0.939000788165  CERT
654300009,0,1 T   mem=True nz=True ynz=True cond=True claim_agree=True upper=2294.91339373  CERT
677553927,0,1 RHO mem=True nz=True ynz=True cond=True claim_agree=True upper=0.944227510045  CERT
677553927,0,1 T   mem=True nz=True ynz=True cond=True claim_agree=True upper=3045.82352643  CERT
707623538,0,1 RHO mem=True nz=True ynz=True cond=True claim_agree=True upper=0.970541444867  CERT
707623538,0,1 T   mem=True nz=True ynz=True cond=True claim_agree=True upper=2235.34779917  CERT
734475298,0,1 RHO mem=True nz=True ynz=True cond=True claim_agree=True upper=0.977870227863  CERT
734475298,0,1 T   mem=True nz=True ynz=True cond=True claim_agree=True upper=2640.20267978  CERT
789962244,0,1 RHO mem=True nz=True ynz=True cond=True claim_agree=True upper=0.920025136959  CERT
789962244,0,1 T   mem=True nz=True ynz=True cond=True claim_agree=True upper=2662.00291390  CERT
887842749,0,1 RHO mem=True nz=True ynz=True cond=True claim_agree=True upper=0.944227510045  CERT
887842749,0,1 T   mem=True nz=True ynz=True cond=True claim_agree=True upper=2732.55582751  CERT
896938899,0,1 RHO mem=True nz=True ynz=True cond=True claim_agree=True upper=0.935490836327  CERT
896938899,0,1 T   mem=True nz=True ynz=True cond=True claim_agree=True upper=2961.86631267  CERT
915721873,0,1 RHO mem=True nz=True ynz=True cond=True claim_agree=True upper=0.920025136959  CERT
915721873,0,1 T   mem=True nz=True ynz=True cond=True claim_agree=True upper=2830.18395301  CERT
991197607,0,1 RHO mem=True nz=True ynz=True cond=True claim_agree=True upper=0.965837925763  CERT
991197607,0,1 T   mem=True nz=True ynz=True cond=True claim_agree=True upper=2111.76498141  CERT
FAMILY VERIFY n=7 l=1000798273 : EXCLUDED (components certified 32 / 32 ; lines 64 ; failed lines 0)
FAMILY VERIFY PASS
