FACTORIZATION: 32 irreducible factors of degree 2 over F_1001153089: OK (header deg/ncomp/bar_T agree)
32610406,0,1 RHO mem=True nz=True ynz=True cond=True claim_agree=True upper=0.947844232922  CERT
32610406,0,1 T   mem=True nz=True ynz=True cond=True claim_agree=True upper=2835.75992557  CERT
60528243,0,1 RHO mem=True nz=True ynz=True cond=True claim_agree=True upper=0.980318437181  CERT
60528243,0,1 T   mem=True nz=True ynz=True cond=True claim_agree=True upper=2416.43322776  CERT
97776653,0,1 RHO mem=True nz=True ynz=True cond=True claim_agree=True upper=0.941933834314  CERT
97776653,0,1 T   mem=True nz=True ynz=True cond=True claim_agree=True upper=2790.43704079  CERT
128037634,0,1 RHO mem=True nz=True ynz=True cond=True claim_agree=True upper=0.923242617237  CERT
128037634,0,1 T   mem=True nz=True ynz=True cond=True claim_agree=True upper=1751.03157975  CERT
142022820,0,1 RHO mem=True nz=True ynz=True cond=True claim_agree=True upper=0.958728733144  CERT
142022820,0,1 T   mem=True nz=True ynz=True cond=True claim_agree=True upper=2359.28758322  CERT
155066313,0,1 RHO mem=True nz=True ynz=True cond=True claim_agree=True upper=0.954459544917  CERT
155066313,0,1 T   mem=True nz=True ynz=True cond=True claim_agree=True upper=2265.88646598  CERT
207341047,0,1 RHO mem=True nz=True ynz=True cond=True claim_agree=True upper=0.925762866985  CERT
207341047,0,1 T   mem=True nz=True ynz=True cond=True claim_agree=True upper=2394.45998430  CERT
215806189,0,1 RHO mem=True nz=True ynz=True cond=True claim_agree=True upper=0.932846894080  CERT
215806189,0,1 T   mem=True nz=True ynz=True cond=True claim_agree=True upper=2663.41876995  CERT
311054323,0,1 RHO mem=True nz=True ynz=True cond=True claim_agree=True upper=0.958728733144  CERT
311054323,0,1 T   mem=True nz=True ynz=True cond=True claim_agree=True upper=1629.28101557  CERT
348556199,0,1 RHO mem=True nz=True ynz=True cond=True claim_agree=True upper=0.969473009018  CERT
348556199,0,1 T   mem=True nz=True ynz=True cond=True claim_agree=True upper=2690.88464093  CERT
350084101,0,1 RHO mem=True nz=True ynz=True cond=True claim_agree=True upper=0.960636033493  CERT
350084101,0,1 T   mem=True nz=True ynz=True cond=True claim_agree=True upper=2454.24030465  CERT
383576797,0,1 RHO mem=True nz=True ynz=True cond=True claim_agree=True upper=0.947763675816  CERT
383576797,0,1 T   mem=True nz=True ynz=True cond=True claim_agree=True upper=2317.12347054  CERT
415770733,0,1 RHO mem=True nz=True ynz=True cond=True claim_agree=True upper=0.925762866985  CERT
415770733,0,1 T   mem=True nz=True ynz=True cond=True claim_agree=True upper=1999.16389734  CERT
429071865,0,1 RHO mem=True nz=True ynz=True cond=True claim_agree=True upper=0.969473009018  CERT
429071865,0,1 T   mem=True nz=True ynz=True cond=True claim_agree=True upper=2537.88779854  CERT
467223802,0,1 RHO mem=True nz=True ynz=True cond=True claim_agree=True upper=0.953259617002  CERT
467223802,0,1 T   mem=True nz=True ynz=True cond=True claim_agree=True upper=2763.25593946  CERT
488533139,0,1 RHO mem=True nz=True ynz=True cond=True claim_agree=True upper=0.933939284253  CERT
488533139,0,1 T   mem=True nz=True ynz=True cond=True claim_agree=True upper=2199.17574337  CERT
512619950,0,1 RHO mem=True nz=True ynz=True cond=True claim_agree=True upper=0.947844232922  CERT
512619950,0,1 T   mem=True nz=True ynz=True cond=True claim_agree=True upper=2352.22466794  CERT
533929287,0,1 RHO mem=True nz=True ynz=True cond=True claim_agree=True upper=0.941933834314  CERT
533929287,0,1 T   mem=True nz=True ynz=True cond=True claim_agree=True upper=2754.85862781  CERT
572081224,0,1 RHO mem=True nz=True ynz=True cond=True claim_agree=True upper=0.931933920596  CERT
572081224,0,1 T   mem=True nz=True ynz=True cond=True claim_agree=True upper=2201.07726017  CERT
585382356,0,1 RHO mem=True nz=True ynz=True cond=True claim_agree=True upper=0.974484937327  CERT
585382356,0,1 T   mem=True nz=True ynz=True cond=True claim_agree=True upper=2714.58550895  CERT
617576292,0,1 RHO mem=True nz=True ynz=True cond=True claim_agree=True upper=0.932846894080  CERT
617576292,0,1 T   mem=True nz=True ynz=True cond=True claim_agree=True upper=3078.71566503  CERT
651068988,0,1 RHO mem=True nz=True ynz=True cond=True claim_agree=True upper=0.954459544917  CERT
651068988,0,1 T   mem=True nz=True ynz=True cond=True claim_agree=True upper=2643.78740044  CERT
652596890,0,1 RHO mem=True nz=True ynz=True cond=True claim_agree=True upper=0.931933920596  CERT
652596890,0,1 T   mem=True nz=True ynz=True cond=True claim_agree=True upper=2536.50209622  CERT
690098766,0,1 RHO mem=True nz=True ynz=True cond=True claim_agree=True upper=0.962280547721  CERT
690098766,0,1 T   mem=True nz=True ynz=True cond=True claim_agree=True upper=2226.11780807  CERT
785346900,0,1 RHO mem=True nz=True ynz=True cond=True claim_agree=True upper=0.947763675816  CERT
785346900,0,1 T   mem=True nz=True ynz=True cond=True claim_agree=True upper=2300.95211187  CERT
793812042,0,1 RHO mem=True nz=True ynz=True cond=True claim_agree=True upper=0.974484937327  CERT
793812042,0,1 T   mem=True nz=True ynz=True cond=True claim_agree=True upper=2413.34843399  CERT
846086776,0,1 RHO mem=True nz=True ynz=True cond=True claim_agree=True upper=0.960636033493  CERT
846086776,0,1 T   mem=True nz=True ynz=True cond=True claim_agree=True upper=2787.53386047  CERT
859130269,0,1 RHO mem=True nz=True ynz=True cond=True claim_agree=True upper=0.962280547721  CERT
859130269,0,1 T   mem=True nz=True ynz=True cond=True claim_agree=True upper=2118.47233896  CERT
873115455,0,1 RHO mem=True nz=True ynz=True cond=True claim_agree=True upper=0.980318437181  CERT
873115455,0,1 T   mem=True nz=True ynz=True cond=True claim_agree=True upper=2823.77974218  CERT
903376436,0,1 RHO mem=True nz=True ynz=True cond=True claim_agree=True upper=0.953259617002  CERT
903376436,0,1 T   mem=True nz=True ynz=True cond=True claim_agree=True upper=2327.55635346  CERT
940624846,0,1 RHO mem=True nz=True ynz=True cond=True claim_agree=True upper=0.923242617237  CERT
940624846,0,1 T   mem=True nz=True ynz=True cond=True claim_agree=True upper=2529.59564781  CERT
968542683,0,1 RHO mem=True nz=True ynz=True cond=True claim_agree=True upper=0.933939284253  CERT
968542683,0,1 T   mem=True nz=True ynz=True cond=True claim_agree=True upper=2679.16857602  CERT
FAMILY VERIFY n=7 l=1001153089 : EXCLUDED (components certified 32 / 32 ; lines 64 ; failed lines 0)
FAMILY VERIFY PASS
