FACTORIZATION: 32 irreducible factors of degree 2 over F_1001035201: OK (header deg/ncomp/bar_T agree)
46279138,0,1 RHO mem=True nz=True ynz=True cond=True claim_agree=True upper=0.917868413063  CERT
46279138,0,1 T   mem=True nz=True ynz=True cond=True claim_agree=True upper=2239.73060907  CERT
59952749,0,1 RHO mem=True nz=True ynz=True cond=True claim_agree=True upper=0.856629889201  CERT
59952749,0,1 T   mem=True nz=True ynz=True cond=True claim_agree=True upper=2458.64803186  CERT
125448354,0,1 RHO mem=True nz=True ynz=True cond=True claim_agree=True upper=0.896310797277  CERT
125448354,0,1 T   mem=True nz=True ynz=True cond=True claim_agree=True upper=1572.47781218  CERT
160082066,0,1 RHO mem=True nz=True ynz=True cond=True claim_agree=True upper=0.908641506516  CERT
160082066,0,1 T   mem=True nz=True ynz=True cond=True claim_agree=True upper=1746.00837918  CERT
199618743,0,1 RHO mem=True nz=True ynz=True cond=True claim_agree=True upper=0.895280399968  CERT
199618743,0,1 T   mem=True nz=True ynz=True cond=True claim_agree=True upper=1737.01173643  CERT
221383958,0,1 RHO mem=True nz=True ynz=True cond=True claim_agree=True upper=0.923698835561  CERT
221383958,0,1 T   mem=True nz=True ynz=True cond=True claim_agree=True upper=1880.06097422  CERT
229323207,0,1 RHO mem=True nz=True ynz=True cond=True claim_agree=True upper=0.930121842523  CERT
229323207,0,1 T   mem=True nz=True ynz=True cond=True claim_agree=True upper=2085.82303369  CERT
315343906,0,1 RHO mem=True nz=True ynz=True cond=True claim_agree=True upper=0.904681619513  CERT
315343906,0,1 T   mem=True nz=True ynz=True cond=True claim_agree=True upper=1928.77680525  CERT
318795914,0,1 RHO mem=True nz=True ynz=True cond=True claim_agree=True upper=0.899661309817  CERT
318795914,0,1 T   mem=True nz=True ynz=True cond=True claim_agree=True upper=2166.54259881  CERT
381829694,0,1 RHO mem=True nz=True ynz=True cond=True claim_agree=True upper=0.902200026698  CERT
381829694,0,1 T   mem=True nz=True ynz=True cond=True claim_agree=True upper=1992.13891434  CERT
424368458,0,1 RHO mem=True nz=True ynz=True cond=True claim_agree=True upper=0.916768020925  CERT
424368458,0,1 T   mem=True nz=True ynz=True cond=True claim_agree=True upper=2153.37617839  CERT
429735328,0,1 RHO mem=True nz=True ynz=True cond=True claim_agree=True upper=0.886669074537  CERT
429735328,0,1 T   mem=True nz=True ynz=True cond=True claim_agree=True upper=1997.19009410  CERT
449586926,0,1 RHO mem=True nz=True ynz=True cond=True claim_agree=True upper=0.905478155359  CERT
449586926,0,1 T   mem=True nz=True ynz=True cond=True claim_agree=True upper=1907.70665045  CERT
455525419,0,1 RHO mem=True nz=True ynz=True cond=True claim_agree=True upper=0.905695093797  CERT
455525419,0,1 T   mem=True nz=True ynz=True cond=True claim_agree=True upper=2040.48764557  CERT
457957476,0,1 RHO mem=True nz=True ynz=True cond=True claim_agree=True upper=0.905478155359  CERT
457957476,0,1 T   mem=True nz=True ynz=True cond=True claim_agree=True upper=2288.28258700  CERT
492310127,0,1 RHO mem=True nz=True ynz=True cond=True claim_agree=True upper=0.910356507833  CERT
492310127,0,1 T   mem=True nz=True ynz=True cond=True claim_agree=True upper=2174.22423176  CERT
508725074,0,1 RHO mem=True nz=True ynz=True cond=True claim_agree=True upper=0.917868413063  CERT
508725074,0,1 T   mem=True nz=True ynz=True cond=True claim_agree=True upper=1975.59830316  CERT
543077725,0,1 RHO mem=True nz=True ynz=True cond=True claim_agree=True upper=0.892667807840  CERT
543077725,0,1 T   mem=True nz=True ynz=True cond=True claim_agree=True upper=2161.07821440  CERT
545509782,0,1 RHO mem=True nz=True ynz=True cond=True claim_agree=True upper=0.904681619513  CERT
545509782,0,1 T   mem=True nz=True ynz=True cond=True claim_agree=True upper=2245.74971300  CERT
551448275,0,1 RHO mem=True nz=True ynz=True cond=True claim_agree=True upper=0.892667807840  CERT
551448275,0,1 T   mem=True nz=True ynz=True cond=True claim_agree=True upper=1700.99669735  CERT
571299873,0,1 RHO mem=True nz=True ynz=True cond=True claim_agree=True upper=0.899661309817  CERT
571299873,0,1 T   mem=True nz=True ynz=True cond=True claim_agree=True upper=2133.15635683  CERT
576666743,0,1 RHO mem=True nz=True ynz=True cond=True claim_agree=True upper=0.895280399968  CERT
576666743,0,1 T   mem=True nz=True ynz=True cond=True claim_agree=True upper=1500.67478942  CERT
619205507,0,1 RHO mem=True nz=True ynz=True cond=True claim_agree=True upper=0.930121842523  CERT
619205507,0,1 T   mem=True nz=True ynz=True cond=True claim_agree=True upper=2082.94364903  CERT
682239287,0,1 RHO mem=True nz=True ynz=True cond=True claim_agree=True upper=0.886669074537  CERT
682239287,0,1 T   mem=True nz=True ynz=True cond=True claim_agree=True upper=1874.10523386  CERT
685691295,0,1 RHO mem=True nz=True ynz=True cond=True claim_agree=True upper=0.905695093797  CERT
685691295,0,1 T   mem=True nz=True ynz=True cond=True claim_agree=True upper=1830.37073966  CERT
771711994,0,1 RHO mem=True nz=True ynz=True cond=True claim_agree=True upper=0.902200026698  CERT
771711994,0,1 T   mem=True nz=True ynz=True cond=True claim_agree=True upper=2164.42454503  CERT
779651243,0,1 RHO mem=True nz=True ynz=True cond=True claim_agree=True upper=0.896310797277  CERT
779651243,0,1 T   mem=True nz=True ynz=True cond=True claim_agree=True upper=1827.48481396  CERT
801416458,0,1 RHO mem=True nz=True ynz=True cond=True claim_agree=True upper=0.916768020925  CERT
801416458,0,1 T   mem=True nz=True ynz=True cond=True claim_agree=True upper=2151.44330639  CERT
840953135,0,1 RHO mem=True nz=True ynz=True cond=True claim_agree=True upper=0.856629889201  CERT
840953135,0,1 T   mem=True nz=True ynz=True cond=True claim_agree=True upper=1680.33009452  CERT
875586847,0,1 RHO mem=True nz=True ynz=True cond=True claim_agree=True upper=0.923698835561  CERT
875586847,0,1 T   mem=True nz=True ynz=True cond=True claim_agree=True upper=2308.49011455  CERT
941082452,0,1 RHO mem=True nz=True ynz=True cond=True claim_agree=True upper=0.908641506516  CERT
941082452,0,1 T   mem=True nz=True ynz=True cond=True claim_agree=True upper=2113.25979488  CERT
954756063,0,1 RHO mem=True nz=True ynz=True cond=True claim_agree=True upper=0.910356507833  CERT
954756063,0,1 T   mem=True nz=True ynz=True cond=True claim_agree=True upper=1966.63127686  CERT
FAMILY VERIFY n=7 l=1001035201 : EXCLUDED (components certified 32 / 32 ; lines 64 ; failed lines 0)
FAMILY VERIFY PASS
