FACTORIZATION: 32 irreducible factors of degree 2 over F_1000886209: OK (header deg/ncomp/bar_T agree)
39072537,0,1 RHO mem=True nz=True ynz=True cond=True claim_agree=True upper=0.946831752478  CERT
39072537,0,1 T   mem=True nz=True ynz=True cond=True claim_agree=True upper=3134.90756680  CERT
96605821,0,1 RHO mem=True nz=True ynz=True cond=True claim_agree=True upper=0.950127366940  CERT
96605821,0,1 T   mem=True nz=True ynz=True cond=True claim_agree=True upper=2016.59315211  CERT
103987298,0,1 RHO mem=True nz=True ynz=True cond=True claim_agree=True upper=0.918888852212  CERT
103987298,0,1 T   mem=True nz=True ynz=True cond=True claim_agree=True upper=1955.48127119  CERT
115714813,0,1 RHO mem=True nz=True ynz=True cond=True claim_agree=True upper=0.899898863549  CERT
115714813,0,1 T   mem=True nz=True ynz=True cond=True claim_agree=True upper=2833.55435885  CERT
146953451,0,1 RHO mem=True nz=True ynz=True cond=True claim_agree=True upper=0.911658566935  CERT
146953451,0,1 T   mem=True nz=True ynz=True cond=True claim_agree=True upper=2446.27723117  CERT
149600453,0,1 RHO mem=True nz=True ynz=True cond=True claim_agree=True upper=0.939923712662  CERT
149600453,0,1 T   mem=True nz=True ynz=True cond=True claim_agree=True upper=2306.28949210  CERT
173960885,0,1 RHO mem=True nz=True ynz=True cond=True claim_agree=True upper=0.955567380473  CERT
173960885,0,1 T   mem=True nz=True ynz=True cond=True claim_agree=True upper=2803.28201310  CERT
179219736,0,1 RHO mem=True nz=True ynz=True cond=True claim_agree=True upper=0.931603298260  CERT
179219736,0,1 T   mem=True nz=True ynz=True cond=True claim_agree=True upper=3081.73917282  CERT
201569651,0,1 RHO mem=True nz=True ynz=True cond=True claim_agree=True upper=0.945782358034  CERT
201569651,0,1 T   mem=True nz=True ynz=True cond=True claim_agree=True upper=2571.64378895  CERT
214332054,0,1 RHO mem=True nz=True ynz=True cond=True claim_agree=True upper=0.973522659992  CERT
214332054,0,1 T   mem=True nz=True ynz=True cond=True claim_agree=True upper=2960.54369434  CERT
307887343,0,1 RHO mem=True nz=True ynz=True cond=True claim_agree=True upper=0.927633007517  CERT
307887343,0,1 T   mem=True nz=True ynz=True cond=True claim_agree=True upper=2212.57638071  CERT
350401733,0,1 RHO mem=True nz=True ynz=True cond=True claim_agree=True upper=0.954648278637  CERT
350401733,0,1 T   mem=True nz=True ynz=True cond=True claim_agree=True upper=2700.81328735  CERT
381652575,0,1 RHO mem=True nz=True ynz=True cond=True claim_agree=True upper=0.931603298260  CERT
381652575,0,1 T   mem=True nz=True ynz=True cond=True claim_agree=True upper=1984.50930228  CERT
418038022,0,1 RHO mem=True nz=True ynz=True cond=True claim_agree=True upper=0.945782358034  CERT
418038022,0,1 T   mem=True nz=True ynz=True cond=True claim_agree=True upper=3160.20412851  CERT
427746782,0,1 RHO mem=True nz=True ynz=True cond=True claim_agree=True upper=0.911658566935  CERT
427746782,0,1 T   mem=True nz=True ynz=True cond=True claim_agree=True upper=2409.30814594  CERT
432079562,0,1 RHO mem=True nz=True ynz=True cond=True claim_agree=True upper=0.939923712662  CERT
432079562,0,1 T   mem=True nz=True ynz=True cond=True claim_agree=True upper=2270.96064033  CERT
568806647,0,1 RHO mem=True nz=True ynz=True cond=True claim_agree=True upper=0.957943076675  CERT
568806647,0,1 T   mem=True nz=True ynz=True cond=True claim_agree=True upper=2071.49881014  CERT
573139427,0,1 RHO mem=True nz=True ynz=True cond=True claim_agree=True upper=0.964872020677  CERT
573139427,0,1 T   mem=True nz=True ynz=True cond=True claim_agree=True upper=3348.15961289  CERT
582848187,0,1 RHO mem=True nz=True ynz=True cond=True claim_agree=True upper=0.958212979195  CERT
582848187,0,1 T   mem=True nz=True ynz=True cond=True claim_agree=True upper=2580.81815747  CERT
619233634,0,1 RHO mem=True nz=True ynz=True cond=True claim_agree=True upper=0.886066035617  CERT
619233634,0,1 T   mem=True nz=True ynz=True cond=True claim_agree=True upper=2219.23369008  CERT
650484476,0,1 RHO mem=True nz=True ynz=True cond=True claim_agree=True upper=0.899898863549  CERT
650484476,0,1 T   mem=True nz=True ynz=True cond=True claim_agree=True upper=2624.90257001  CERT
692998866,0,1 RHO mem=True nz=True ynz=True cond=True claim_agree=True upper=0.946831752478  CERT
692998866,0,1 T   mem=True nz=True ynz=True cond=True claim_agree=True upper=2187.53458495  CERT
786554155,0,1 RHO mem=True nz=True ynz=True cond=True claim_agree=True upper=0.918888852212  CERT
786554155,0,1 T   mem=True nz=True ynz=True cond=True claim_agree=True upper=2125.27885739  CERT
799316558,0,1 RHO mem=True nz=True ynz=True cond=True claim_agree=True upper=0.958212979195  CERT
799316558,0,1 T   mem=True nz=True ynz=True cond=True claim_agree=True upper=2572.39254502  CERT
821666473,0,1 RHO mem=True nz=True ynz=True cond=True claim_agree=True upper=0.886066035617  CERT
821666473,0,1 T   mem=True nz=True ynz=True cond=True claim_agree=True upper=2805.23236550  CERT
826925324,0,1 RHO mem=True nz=True ynz=True cond=True claim_agree=True upper=0.950127366940  CERT
826925324,0,1 T   mem=True nz=True ynz=True cond=True claim_agree=True upper=2104.06805278  CERT
851285756,0,1 RHO mem=True nz=True ynz=True cond=True claim_agree=True upper=0.957943076675  CERT
851285756,0,1 T   mem=True nz=True ynz=True cond=True claim_agree=True upper=2549.42119074  CERT
853932758,0,1 RHO mem=True nz=True ynz=True cond=True claim_agree=True upper=0.964872020677  CERT
853932758,0,1 T   mem=True nz=True ynz=True cond=True claim_agree=True upper=1967.65680025  CERT
885171396,0,1 RHO mem=True nz=True ynz=True cond=True claim_agree=True upper=0.954648278637  CERT
885171396,0,1 T   mem=True nz=True ynz=True cond=True claim_agree=True upper=2848.43794674  CERT
896898911,0,1 RHO mem=True nz=True ynz=True cond=True claim_agree=True upper=0.973522659992  CERT
896898911,0,1 T   mem=True nz=True ynz=True cond=True claim_agree=True upper=2791.52148915  CERT
904280388,0,1 RHO mem=True nz=True ynz=True cond=True claim_agree=True upper=0.955567380473  CERT
904280388,0,1 T   mem=True nz=True ynz=True cond=True claim_agree=True upper=2051.66611668  CERT
961813672,0,1 RHO mem=True nz=True ynz=True cond=True claim_agree=True upper=0.927633007517  CERT
961813672,0,1 T   mem=True nz=True ynz=True cond=True claim_agree=True upper=2175.10500584  CERT
FAMILY VERIFY n=7 l=1000886209 : EXCLUDED (components certified 32 / 32 ; lines 64 ; failed lines 0)
FAMILY VERIFY PASS
