FACTORIZATION: 32 irreducible factors of degree 2 over F_1001089601: OK (header deg/ncomp/bar_T agree)
31543283,0,1 RHO mem=True nz=True ynz=True cond=True claim_agree=True upper=0.970216653734  CERT
31543283,0,1 T   mem=True nz=True ynz=True cond=True claim_agree=True upper=1913.66351640  CERT
56329597,0,1 RHO mem=True nz=True ynz=True cond=True claim_agree=True upper=0.920967094462  CERT
56329597,0,1 T   mem=True nz=True ynz=True cond=True claim_agree=True upper=2430.79943166  CERT
56363756,0,1 RHO mem=True nz=True ynz=True cond=True claim_agree=True upper=0.961999748815  CERT
56363756,0,1 T   mem=True nz=True ynz=True cond=True claim_agree=True upper=2920.60935883  CERT
56858077,0,1 RHO mem=True nz=True ynz=True cond=True claim_agree=True upper=0.929821502787  CERT
56858077,0,1 T   mem=True nz=True ynz=True cond=True claim_agree=True upper=2727.58214309  CERT
59322921,0,1 RHO mem=True nz=True ynz=True cond=True claim_agree=True upper=0.929821502787  CERT
59322921,0,1 T   mem=True nz=True ynz=True cond=True claim_agree=True upper=2526.14020848  CERT
65781435,0,1 RHO mem=True nz=True ynz=True cond=True claim_agree=True upper=0.970216653734  CERT
65781435,0,1 T   mem=True nz=True ynz=True cond=True claim_agree=True upper=2597.72689596  CERT
131453304,0,1 RHO mem=True nz=True ynz=True cond=True claim_agree=True upper=0.957647825939  CERT
131453304,0,1 T   mem=True nz=True ynz=True cond=True claim_agree=True upper=2372.96730132  CERT
272017934,0,1 RHO mem=True nz=True ynz=True cond=True claim_agree=True upper=0.923831329956  CERT
272017934,0,1 T   mem=True nz=True ynz=True cond=True claim_agree=True upper=2852.20905614  CERT
280131963,0,1 RHO mem=True nz=True ynz=True cond=True claim_agree=True upper=0.947812529656  CERT
280131963,0,1 T   mem=True nz=True ynz=True cond=True claim_agree=True upper=2467.45645124  CERT
328959300,0,1 RHO mem=True nz=True ynz=True cond=True claim_agree=True upper=0.956830688120  CERT
328959300,0,1 T   mem=True nz=True ynz=True cond=True claim_agree=True upper=2438.11632449  CERT
337198887,0,1 RHO mem=True nz=True ynz=True cond=True claim_agree=True upper=0.952035105225  CERT
337198887,0,1 T   mem=True nz=True ynz=True cond=True claim_agree=True upper=2225.87190293  CERT
344753595,0,1 RHO mem=True nz=True ynz=True cond=True claim_agree=True upper=0.931273395763  CERT
344753595,0,1 T   mem=True nz=True ynz=True cond=True claim_agree=True upper=2646.39184550  CERT
360906823,0,1 RHO mem=True nz=True ynz=True cond=True claim_agree=True upper=0.938289906356  CERT
360906823,0,1 T   mem=True nz=True ynz=True cond=True claim_agree=True upper=2421.37093295  CERT
408660459,0,1 RHO mem=True nz=True ynz=True cond=True claim_agree=True upper=0.942059449871  CERT
408660459,0,1 T   mem=True nz=True ynz=True cond=True claim_agree=True upper=2037.14796654  CERT
419529417,0,1 RHO mem=True nz=True ynz=True cond=True claim_agree=True upper=0.949875066455  CERT
419529417,0,1 T   mem=True nz=True ynz=True cond=True claim_agree=True upper=2797.40736042  CERT
463734221,0,1 RHO mem=True nz=True ynz=True cond=True claim_agree=True upper=0.938289906356  CERT
463734221,0,1 T   mem=True nz=True ynz=True cond=True claim_agree=True upper=2770.73860318  CERT
537355380,0,1 RHO mem=True nz=True ynz=True cond=True claim_agree=True upper=0.912918370828  CERT
537355380,0,1 T   mem=True nz=True ynz=True cond=True claim_agree=True upper=2055.17681218  CERT
581560184,0,1 RHO mem=True nz=True ynz=True cond=True claim_agree=True upper=0.952035105225  CERT
581560184,0,1 T   mem=True nz=True ynz=True cond=True claim_agree=True upper=2837.72783705  CERT
592429142,0,1 RHO mem=True nz=True ynz=True cond=True claim_agree=True upper=0.920967094462  CERT
592429142,0,1 T   mem=True nz=True ynz=True cond=True claim_agree=True upper=2711.13438268  CERT
640182778,0,1 RHO mem=True nz=True ynz=True cond=True claim_agree=True upper=0.912918370828  CERT
640182778,0,1 T   mem=True nz=True ynz=True cond=True claim_agree=True upper=2209.40464249  CERT
656336006,0,1 RHO mem=True nz=True ynz=True cond=True claim_agree=True upper=0.947812529656  CERT
656336006,0,1 T   mem=True nz=True ynz=True cond=True claim_agree=True upper=2011.65586986  CERT
663890714,0,1 RHO mem=True nz=True ynz=True cond=True claim_agree=True upper=0.949875066455  CERT
663890714,0,1 T   mem=True nz=True ynz=True cond=True claim_agree=True upper=2150.62728020  CERT
672130301,0,1 RHO mem=True nz=True ynz=True cond=True claim_agree=True upper=0.961999748815  CERT
672130301,0,1 T   mem=True nz=True ynz=True cond=True claim_agree=True upper=2254.50162873  CERT
720957638,0,1 RHO mem=True nz=True ynz=True cond=True claim_agree=True upper=0.931273395763  CERT
720957638,0,1 T   mem=True nz=True ynz=True cond=True claim_agree=True upper=2510.44095224  CERT
729071667,0,1 RHO mem=True nz=True ynz=True cond=True claim_agree=True upper=0.957647825939  CERT
729071667,0,1 T   mem=True nz=True ynz=True cond=True claim_agree=True upper=2619.66015211  CERT
869636297,0,1 RHO mem=True nz=True ynz=True cond=True claim_agree=True upper=0.923831329956  CERT
869636297,0,1 T   mem=True nz=True ynz=True cond=True claim_agree=True upper=2928.08186376  CERT
935308166,0,1 RHO mem=True nz=True ynz=True cond=True claim_agree=True upper=0.943912197680  CERT
935308166,0,1 T   mem=True nz=True ynz=True cond=True claim_agree=True upper=3096.29626798  CERT
941766680,0,1 RHO mem=True nz=True ynz=True cond=True claim_agree=True upper=0.949373432658  CERT
941766680,0,1 T   mem=True nz=True ynz=True cond=True claim_agree=True upper=2422.36204830  CERT
944231524,0,1 RHO mem=True nz=True ynz=True cond=True claim_agree=True upper=0.949373432658  CERT
944231524,0,1 T   mem=True nz=True ynz=True cond=True claim_agree=True upper=2386.68597091  CERT
944725845,0,1 RHO mem=True nz=True ynz=True cond=True claim_agree=True upper=0.956830688120  CERT
944725845,0,1 T   mem=True nz=True ynz=True cond=True claim_agree=True upper=2177.16131405  CERT
944760004,0,1 RHO mem=True nz=True ynz=True cond=True claim_agree=True upper=0.942059449871  CERT
944760004,0,1 T   mem=True nz=True ynz=True cond=True claim_agree=True upper=2566.27487220  CERT
969546318,0,1 RHO mem=True nz=True ynz=True cond=True claim_agree=True upper=0.943912197680  CERT
969546318,0,1 T   mem=True nz=True ynz=True cond=True claim_agree=True upper=2264.25433228  CERT
FAMILY VERIFY n=7 l=1001089601 : EXCLUDED (components certified 32 / 32 ; lines 64 ; failed lines 0)
FAMILY VERIFY PASS
