FACTORIZATION: 32 irreducible factors of degree 2 over F_1001227841: OK (header deg/ncomp/bar_T agree)
2824428,0,1 RHO mem=True nz=True ynz=True cond=True claim_agree=True upper=0.981665672599  CERT
2824428,0,1 T   mem=True nz=True ynz=True cond=True claim_agree=True upper=2143.63339668  CERT
5414593,0,1 RHO mem=True nz=True ynz=True cond=True claim_agree=True upper=0.945507483603  CERT
5414593,0,1 T   mem=True nz=True ynz=True cond=True claim_agree=True upper=2954.23186804  CERT
39557798,0,1 RHO mem=True nz=True ynz=True cond=True claim_agree=True upper=0.946446685384  CERT
39557798,0,1 T   mem=True nz=True ynz=True cond=True claim_agree=True upper=2225.88379923  CERT
55699183,0,1 RHO mem=True nz=True ynz=True cond=True claim_agree=True upper=0.939851488798  CERT
55699183,0,1 T   mem=True nz=True ynz=True cond=True claim_agree=True upper=3148.10223519  CERT
78993490,0,1 RHO mem=True nz=True ynz=True cond=True claim_agree=True upper=0.958545768439  CERT
78993490,0,1 T   mem=True nz=True ynz=True cond=True claim_agree=True upper=2489.16945747  CERT
79289450,0,1 RHO mem=True nz=True ynz=True cond=True claim_agree=True upper=0.953005788883  CERT
79289450,0,1 T   mem=True nz=True ynz=True cond=True claim_agree=True upper=2681.01417551  CERT
93213903,0,1 RHO mem=True nz=True ynz=True cond=True claim_agree=True upper=0.959588802218  CERT
93213903,0,1 T   mem=True nz=True ynz=True cond=True claim_agree=True upper=2483.03237129  CERT
156470822,0,1 RHO mem=True nz=True ynz=True cond=True claim_agree=True upper=0.949600005093  CERT
156470822,0,1 T   mem=True nz=True ynz=True cond=True claim_agree=True upper=2039.24064238  CERT
214316661,0,1 RHO mem=True nz=True ynz=True cond=True claim_agree=True upper=0.950447303701  CERT
214316661,0,1 T   mem=True nz=True ynz=True cond=True claim_agree=True upper=2141.35219324  CERT
226724389,0,1 RHO mem=True nz=True ynz=True cond=True claim_agree=True upper=0.944405382098  CERT
226724389,0,1 T   mem=True nz=True ynz=True cond=True claim_agree=True upper=1774.53430383  CERT
253900250,0,1 RHO mem=True nz=True ynz=True cond=True claim_agree=True upper=0.983368172754  CERT
253900250,0,1 T   mem=True nz=True ynz=True cond=True claim_agree=True upper=2109.20157563  CERT
272546873,0,1 RHO mem=True nz=True ynz=True cond=True claim_agree=True upper=0.953450750732  CERT
272546873,0,1 T   mem=True nz=True ynz=True cond=True claim_agree=True upper=2902.05298567  CERT
379367227,0,1 RHO mem=True nz=True ynz=True cond=True claim_agree=True upper=0.968356177203  CERT
379367227,0,1 T   mem=True nz=True ynz=True cond=True claim_agree=True upper=3055.58194049  CERT
394106698,0,1 RHO mem=True nz=True ynz=True cond=True claim_agree=True upper=0.970721013022  CERT
394106698,0,1 T   mem=True nz=True ynz=True cond=True claim_agree=True upper=2233.09690499  CERT
445869933,0,1 RHO mem=True nz=True ynz=True cond=True claim_agree=True upper=0.957463532985  CERT
445869933,0,1 T   mem=True nz=True ynz=True cond=True claim_agree=True upper=2047.85195293  CERT
489285327,0,1 RHO mem=True nz=True ynz=True cond=True claim_agree=True upper=0.959157865642  CERT
489285327,0,1 T   mem=True nz=True ynz=True cond=True claim_agree=True upper=2726.72389988  CERT
511942514,0,1 RHO mem=True nz=True ynz=True cond=True claim_agree=True upper=0.945507483603  CERT
511942514,0,1 T   mem=True nz=True ynz=True cond=True claim_agree=True upper=2899.93282996  CERT
555357908,0,1 RHO mem=True nz=True ynz=True cond=True claim_agree=True upper=0.970721013022  CERT
555357908,0,1 T   mem=True nz=True ynz=True cond=True claim_agree=True upper=2649.85809381  CERT
607121143,0,1 RHO mem=True nz=True ynz=True cond=True claim_agree=True upper=0.957463532985  CERT
607121143,0,1 T   mem=True nz=True ynz=True cond=True claim_agree=True upper=2516.13237195  CERT
621860614,0,1 RHO mem=True nz=True ynz=True cond=True claim_agree=True upper=0.958545768439  CERT
621860614,0,1 T   mem=True nz=True ynz=True cond=True claim_agree=True upper=2514.22614306  CERT
728680968,0,1 RHO mem=True nz=True ynz=True cond=True claim_agree=True upper=0.981665672599  CERT
728680968,0,1 T   mem=True nz=True ynz=True cond=True claim_agree=True upper=2114.83164968  CERT
747327591,0,1 RHO mem=True nz=True ynz=True cond=True claim_agree=True upper=0.949600005093  CERT
747327591,0,1 T   mem=True nz=True ynz=True cond=True claim_agree=True upper=2404.71807718  CERT
774503452,0,1 RHO mem=True nz=True ynz=True cond=True claim_agree=True upper=0.959588802218  CERT
774503452,0,1 T   mem=True nz=True ynz=True cond=True claim_agree=True upper=2245.33975169  CERT
786911180,0,1 RHO mem=True nz=True ynz=True cond=True claim_agree=True upper=0.953005788883  CERT
786911180,0,1 T   mem=True nz=True ynz=True cond=True claim_agree=True upper=2644.64797928  CERT
844757019,0,1 RHO mem=True nz=True ynz=True cond=True claim_agree=True upper=0.983368172754  CERT
844757019,0,1 T   mem=True nz=True ynz=True cond=True claim_agree=True upper=2473.06972233  CERT
908013938,0,1 RHO mem=True nz=True ynz=True cond=True claim_agree=True upper=0.944405382098  CERT
908013938,0,1 T   mem=True nz=True ynz=True cond=True claim_agree=True upper=2163.98839603  CERT
921938391,0,1 RHO mem=True nz=True ynz=True cond=True claim_agree=True upper=0.950447303701  CERT
921938391,0,1 T   mem=True nz=True ynz=True cond=True claim_agree=True upper=2072.79301537  CERT
922234351,0,1 RHO mem=True nz=True ynz=True cond=True claim_agree=True upper=0.968356177203  CERT
922234351,0,1 T   mem=True nz=True ynz=True cond=True claim_agree=True upper=2084.81759593  CERT
945528658,0,1 RHO mem=True nz=True ynz=True cond=True claim_agree=True upper=0.946446685384  CERT
945528658,0,1 T   mem=True nz=True ynz=True cond=True claim_agree=True upper=3133.87608585  CERT
961670043,0,1 RHO mem=True nz=True ynz=True cond=True claim_agree=True upper=0.939851488798  CERT
961670043,0,1 T   mem=True nz=True ynz=True cond=True claim_agree=True upper=3392.44014601  CERT
995813248,0,1 RHO mem=True nz=True ynz=True cond=True claim_agree=True upper=0.959157865642  CERT
995813248,0,1 T   mem=True nz=True ynz=True cond=True claim_agree=True upper=2282.61164401  CERT
998403413,0,1 RHO mem=True nz=True ynz=True cond=True claim_agree=True upper=0.953450750732  CERT
998403413,0,1 T   mem=True nz=True ynz=True cond=True claim_agree=True upper=2779.90154134  CERT
FAMILY VERIFY n=7 l=1001227841 : EXCLUDED (components certified 32 / 32 ; lines 64 ; failed lines 0)
FAMILY VERIFY PASS
