FACTORIZATION: 32 irreducible factors of degree 2 over F_1000237633: OK (header deg/ncomp/bar_T agree)
2941725,0,1 RHO mem=True nz=True ynz=True cond=True claim_agree=True upper=0.878135180070  CERT
2941725,0,1 T   mem=True nz=True ynz=True cond=True claim_agree=True upper=1944.80319258  CERT
6350561,0,1 RHO mem=True nz=True ynz=True cond=True claim_agree=True upper=0.897790444651  CERT
6350561,0,1 T   mem=True nz=True ynz=True cond=True claim_agree=True upper=2202.14778128  CERT
36258679,0,1 RHO mem=True nz=True ynz=True cond=True claim_agree=True upper=0.912633148534  CERT
36258679,0,1 T   mem=True nz=True ynz=True cond=True claim_agree=True upper=2423.80475659  CERT
45156778,0,1 RHO mem=True nz=True ynz=True cond=True claim_agree=True upper=0.910255044080  CERT
45156778,0,1 T   mem=True nz=True ynz=True cond=True claim_agree=True upper=1704.35993956  CERT
89007144,0,1 RHO mem=True nz=True ynz=True cond=True claim_agree=True upper=0.841705230043  CERT
89007144,0,1 T   mem=True nz=True ynz=True cond=True claim_agree=True upper=1773.68138535  CERT
111046361,0,1 RHO mem=True nz=True ynz=True cond=True claim_agree=True upper=0.925397791019  CERT
111046361,0,1 T   mem=True nz=True ynz=True cond=True claim_agree=True upper=2883.97504881  CERT
124710468,0,1 RHO mem=True nz=True ynz=True cond=True claim_agree=True upper=0.897058811724  CERT
124710468,0,1 T   mem=True nz=True ynz=True cond=True claim_agree=True upper=1947.94410844  CERT
145517919,0,1 RHO mem=True nz=True ynz=True cond=True claim_agree=True upper=0.915608355157  CERT
145517919,0,1 T   mem=True nz=True ynz=True cond=True claim_agree=True upper=2056.65973984  CERT
148773629,0,1 RHO mem=True nz=True ynz=True cond=True claim_agree=True upper=0.876285145619  CERT
148773629,0,1 T   mem=True nz=True ynz=True cond=True claim_agree=True upper=2259.05517190  CERT
200294534,0,1 RHO mem=True nz=True ynz=True cond=True claim_agree=True upper=0.927472468761  CERT
200294534,0,1 T   mem=True nz=True ynz=True cond=True claim_agree=True upper=2166.50261967  CERT
320542049,0,1 RHO mem=True nz=True ynz=True cond=True claim_agree=True upper=0.912532073189  CERT
320542049,0,1 T   mem=True nz=True ynz=True cond=True claim_agree=True upper=2539.91645940  CERT
335678083,0,1 RHO mem=True nz=True ynz=True cond=True claim_agree=True upper=0.876285145619  CERT
335678083,0,1 T   mem=True nz=True ynz=True cond=True claim_agree=True upper=2700.17104980  CERT
365321401,0,1 RHO mem=True nz=True ynz=True cond=True claim_agree=True upper=0.886137779174  CERT
365321401,0,1 T   mem=True nz=True ynz=True cond=True claim_agree=True upper=2186.83864955  CERT
485523215,0,1 RHO mem=True nz=True ynz=True cond=True claim_agree=True upper=0.912633148534  CERT
485523215,0,1 T   mem=True nz=True ynz=True cond=True claim_agree=True upper=2888.31299403  CERT
496791627,0,1 RHO mem=True nz=True ynz=True cond=True claim_agree=True upper=0.894896577970  CERT
496791627,0,1 T   mem=True nz=True ynz=True cond=True claim_agree=True upper=1746.55037541  CERT
498527720,0,1 RHO mem=True nz=True ynz=True cond=True claim_agree=True upper=0.882650260006  CERT
498527720,0,1 T   mem=True nz=True ynz=True cond=True claim_agree=True upper=1867.36579984  CERT
501709913,0,1 RHO mem=True nz=True ynz=True cond=True claim_agree=True upper=0.925397791019  CERT
501709913,0,1 T   mem=True nz=True ynz=True cond=True claim_agree=True upper=2417.72811907  CERT
503446006,0,1 RHO mem=True nz=True ynz=True cond=True claim_agree=True upper=0.897790444651  CERT
503446006,0,1 T   mem=True nz=True ynz=True cond=True claim_agree=True upper=1821.48728670  CERT
514714418,0,1 RHO mem=True nz=True ynz=True cond=True claim_agree=True upper=0.869009597021  CERT
514714418,0,1 T   mem=True nz=True ynz=True cond=True claim_agree=True upper=2124.62713215  CERT
634916232,0,1 RHO mem=True nz=True ynz=True cond=True claim_agree=True upper=0.912532073189  CERT
634916232,0,1 T   mem=True nz=True ynz=True cond=True claim_agree=True upper=2089.56346237  CERT
664559550,0,1 RHO mem=True nz=True ynz=True cond=True claim_agree=True upper=0.904228900272  CERT
664559550,0,1 T   mem=True nz=True ynz=True cond=True claim_agree=True upper=2974.35959249  CERT
679695584,0,1 RHO mem=True nz=True ynz=True cond=True claim_agree=True upper=0.886137779174  CERT
679695584,0,1 T   mem=True nz=True ynz=True cond=True claim_agree=True upper=1734.38038328  CERT
799943099,0,1 RHO mem=True nz=True ynz=True cond=True claim_agree=True upper=0.841705230043  CERT
799943099,0,1 T   mem=True nz=True ynz=True cond=True claim_agree=True upper=2734.67779403  CERT
851464004,0,1 RHO mem=True nz=True ynz=True cond=True claim_agree=True upper=0.904228900272  CERT
851464004,0,1 T   mem=True nz=True ynz=True cond=True claim_agree=True upper=2193.80908113  CERT
854719714,0,1 RHO mem=True nz=True ynz=True cond=True claim_agree=True upper=0.878135180070  CERT
854719714,0,1 T   mem=True nz=True ynz=True cond=True claim_agree=True upper=2533.19768528  CERT
875527165,0,1 RHO mem=True nz=True ynz=True cond=True claim_agree=True upper=0.910255044080  CERT
875527165,0,1 T   mem=True nz=True ynz=True cond=True claim_agree=True upper=2196.94632808  CERT
889191272,0,1 RHO mem=True nz=True ynz=True cond=True claim_agree=True upper=0.882650260006  CERT
889191272,0,1 T   mem=True nz=True ynz=True cond=True claim_agree=True upper=2327.12086759  CERT
911230489,0,1 RHO mem=True nz=True ynz=True cond=True claim_agree=True upper=0.927472468761  CERT
911230489,0,1 T   mem=True nz=True ynz=True cond=True claim_agree=True upper=2116.79669322  CERT
955080855,0,1 RHO mem=True nz=True ynz=True cond=True claim_agree=True upper=0.897058811724  CERT
955080855,0,1 T   mem=True nz=True ynz=True cond=True claim_agree=True upper=1909.69146431  CERT
963978954,0,1 RHO mem=True nz=True ynz=True cond=True claim_agree=True upper=0.869009597021  CERT
963978954,0,1 T   mem=True nz=True ynz=True cond=True claim_agree=True upper=1612.35663172  CERT
993887072,0,1 RHO mem=True nz=True ynz=True cond=True claim_agree=True upper=0.894896577970  CERT
993887072,0,1 T   mem=True nz=True ynz=True cond=True claim_agree=True upper=2586.18789733  CERT
997295908,0,1 RHO mem=True nz=True ynz=True cond=True claim_agree=True upper=0.915608355157  CERT
997295908,0,1 T   mem=True nz=True ynz=True cond=True claim_agree=True upper=2163.85826220  CERT
FAMILY VERIFY n=7 l=1000237633 : EXCLUDED (components certified 32 / 32 ; lines 64 ; failed lines 0)
FAMILY VERIFY PASS
