FACTORIZATION: 32 irreducible factors of degree 2 over F_1000658881: OK (header deg/ncomp/bar_T agree)
18054495,0,1 RHO mem=True nz=True ynz=True cond=True claim_agree=True upper=0.857650329694  CERT
18054495,0,1 T   mem=True nz=True ynz=True cond=True claim_agree=True upper=1605.41908182  CERT
37658305,0,1 RHO mem=True nz=True ynz=True cond=True claim_agree=True upper=0.857650329694  CERT
37658305,0,1 T   mem=True nz=True ynz=True cond=True claim_agree=True upper=1531.78006819  CERT
80232686,0,1 RHO mem=True nz=True ynz=True cond=True claim_agree=True upper=0.904417032437  CERT
80232686,0,1 T   mem=True nz=True ynz=True cond=True claim_agree=True upper=2356.09840756  CERT
100827400,0,1 RHO mem=True nz=True ynz=True cond=True claim_agree=True upper=0.946090466646  CERT
100827400,0,1 T   mem=True nz=True ynz=True cond=True claim_agree=True upper=3060.08727968  CERT
144600420,0,1 RHO mem=True nz=True ynz=True cond=True claim_agree=True upper=0.900185151754  CERT
144600420,0,1 T   mem=True nz=True ynz=True cond=True claim_agree=True upper=2474.01752943  CERT
183482886,0,1 RHO mem=True nz=True ynz=True cond=True claim_agree=True upper=0.865919044007  CERT
183482886,0,1 T   mem=True nz=True ynz=True cond=True claim_agree=True upper=1878.05470014  CERT
200621994,0,1 RHO mem=True nz=True ynz=True cond=True claim_agree=True upper=0.837133774640  CERT
200621994,0,1 T   mem=True nz=True ynz=True cond=True claim_agree=True upper=2029.68242262  CERT
269239428,0,1 RHO mem=True nz=True ynz=True cond=True claim_agree=True upper=0.893737013996  CERT
269239428,0,1 T   mem=True nz=True ynz=True cond=True claim_agree=True upper=1784.34184893  CERT
270668786,0,1 RHO mem=True nz=True ynz=True cond=True claim_agree=True upper=0.927115051622  CERT
270668786,0,1 T   mem=True nz=True ynz=True cond=True claim_agree=True upper=2229.05510909  CERT
292772655,0,1 RHO mem=True nz=True ynz=True cond=True claim_agree=True upper=0.891365605768  CERT
292772655,0,1 T   mem=True nz=True ynz=True cond=True claim_agree=True upper=1917.97037116  CERT
296563049,0,1 RHO mem=True nz=True ynz=True cond=True claim_agree=True upper=0.893737013996  CERT
296563049,0,1 T   mem=True nz=True ynz=True cond=True claim_agree=True upper=1916.45971594  CERT
321859489,0,1 RHO mem=True nz=True ynz=True cond=True claim_agree=True upper=0.875612147340  CERT
321859489,0,1 T   mem=True nz=True ynz=True cond=True claim_agree=True upper=1631.27998694  CERT
361547722,0,1 RHO mem=True nz=True ynz=True cond=True claim_agree=True upper=0.891365605768  CERT
361547722,0,1 T   mem=True nz=True ynz=True cond=True claim_agree=True upper=2217.45212867  CERT
423051528,0,1 RHO mem=True nz=True ynz=True cond=True claim_agree=True upper=0.897748608075  CERT
423051528,0,1 T   mem=True nz=True ynz=True cond=True claim_agree=True upper=2572.58170530  CERT
447490977,0,1 RHO mem=True nz=True ynz=True cond=True claim_agree=True upper=0.945301145003  CERT
447490977,0,1 T   mem=True nz=True ynz=True cond=True claim_agree=True upper=2757.61154022  CERT
493823166,0,1 RHO mem=True nz=True ynz=True cond=True claim_agree=True upper=0.897748608075  CERT
493823166,0,1 T   mem=True nz=True ynz=True cond=True claim_agree=True upper=2356.74201874  CERT
506835715,0,1 RHO mem=True nz=True ynz=True cond=True claim_agree=True upper=0.912855427620  CERT
506835715,0,1 T   mem=True nz=True ynz=True cond=True claim_agree=True upper=2280.15806082  CERT
553167904,0,1 RHO mem=True nz=True ynz=True cond=True claim_agree=True upper=0.837133774640  CERT
553167904,0,1 T   mem=True nz=True ynz=True cond=True claim_agree=True upper=2345.63957489  CERT
577607353,0,1 RHO mem=True nz=True ynz=True cond=True claim_agree=True upper=0.912855427620  CERT
577607353,0,1 T   mem=True nz=True ynz=True cond=True claim_agree=True upper=1818.32133998  CERT
639111159,0,1 RHO mem=True nz=True ynz=True cond=True claim_agree=True upper=0.897627429241  CERT
639111159,0,1 T   mem=True nz=True ynz=True cond=True claim_agree=True upper=1870.21328289  CERT
678799392,0,1 RHO mem=True nz=True ynz=True cond=True claim_agree=True upper=0.927115051622  CERT
678799392,0,1 T   mem=True nz=True ynz=True cond=True claim_agree=True upper=2154.09272983  CERT
704095832,0,1 RHO mem=True nz=True ynz=True cond=True claim_agree=True upper=0.920869752981  CERT
704095832,0,1 T   mem=True nz=True ynz=True cond=True claim_agree=True upper=2164.81989521  CERT
707886226,0,1 RHO mem=True nz=True ynz=True cond=True claim_agree=True upper=0.897627429241  CERT
707886226,0,1 T   mem=True nz=True ynz=True cond=True claim_agree=True upper=1652.45961147  CERT
729990095,0,1 RHO mem=True nz=True ynz=True cond=True claim_agree=True upper=0.875612147340  CERT
729990095,0,1 T   mem=True nz=True ynz=True cond=True claim_agree=True upper=1876.42351000  CERT
731419453,0,1 RHO mem=True nz=True ynz=True cond=True claim_agree=True upper=0.920869752981  CERT
731419453,0,1 T   mem=True nz=True ynz=True cond=True claim_agree=True upper=2012.64409059  CERT
800036887,0,1 RHO mem=True nz=True ynz=True cond=True claim_agree=True upper=0.945301145003  CERT
800036887,0,1 T   mem=True nz=True ynz=True cond=True claim_agree=True upper=2336.88465611  CERT
817175995,0,1 RHO mem=True nz=True ynz=True cond=True claim_agree=True upper=0.946090466646  CERT
817175995,0,1 T   mem=True nz=True ynz=True cond=True claim_agree=True upper=2504.03167789  CERT
856058461,0,1 RHO mem=True nz=True ynz=True cond=True claim_agree=True upper=0.904417032437  CERT
856058461,0,1 T   mem=True nz=True ynz=True cond=True claim_agree=True upper=2428.17230453  CERT
899831481,0,1 RHO mem=True nz=True ynz=True cond=True claim_agree=True upper=0.865919044007  CERT
899831481,0,1 T   mem=True nz=True ynz=True cond=True claim_agree=True upper=1723.53436906  CERT
920426195,0,1 RHO mem=True nz=True ynz=True cond=True claim_agree=True upper=0.900185151754  CERT
920426195,0,1 T   mem=True nz=True ynz=True cond=True claim_agree=True upper=1745.32585996  CERT
963000576,0,1 RHO mem=True nz=True ynz=True cond=True claim_agree=True upper=0.957305366476  CERT
963000576,0,1 T   mem=True nz=True ynz=True cond=True claim_agree=True upper=2068.38875504  CERT
982604386,0,1 RHO mem=True nz=True ynz=True cond=True claim_agree=True upper=0.957305366476  CERT
982604386,0,1 T   mem=True nz=True ynz=True cond=True claim_agree=True upper=2442.01016634  CERT
FAMILY VERIFY n=7 l=1000658881 : EXCLUDED (components certified 32 / 32 ; lines 64 ; failed lines 0)
FAMILY VERIFY PASS
