FACTORIZATION: 32 irreducible factors of degree 2 over F_1000322369: OK (header deg/ncomp/bar_T agree)
38252996,0,1 RHO mem=True nz=True ynz=True cond=True claim_agree=True upper=0.957404664437  CERT
38252996,0,1 T   mem=True nz=True ynz=True cond=True claim_agree=True upper=2448.78518638  CERT
57016290,0,1 RHO mem=True nz=True ynz=True cond=True claim_agree=True upper=0.981016174979  CERT
57016290,0,1 T   mem=True nz=True ynz=True cond=True claim_agree=True upper=2686.89652801  CERT
122908425,0,1 RHO mem=True nz=True ynz=True cond=True claim_agree=True upper=0.929985513103  CERT
122908425,0,1 T   mem=True nz=True ynz=True cond=True claim_agree=True upper=2311.24235613  CERT
139316158,0,1 RHO mem=True nz=True ynz=True cond=True claim_agree=True upper=0.957404664437  CERT
139316158,0,1 T   mem=True nz=True ynz=True cond=True claim_agree=True upper=2785.34136308  CERT
181941641,0,1 RHO mem=True nz=True ynz=True cond=True claim_agree=True upper=0.963558222535  CERT
181941641,0,1 T   mem=True nz=True ynz=True cond=True claim_agree=True upper=2528.42016159  CERT
187382463,0,1 RHO mem=True nz=True ynz=True cond=True claim_agree=True upper=0.989232087541  CERT
187382463,0,1 T   mem=True nz=True ynz=True cond=True claim_agree=True upper=2831.38700649  CERT
209786110,0,1 RHO mem=True nz=True ynz=True cond=True claim_agree=True upper=0.981016174979  CERT
209786110,0,1 T   mem=True nz=True ynz=True cond=True claim_agree=True upper=2786.39947681  CERT
210882969,0,1 RHO mem=True nz=True ynz=True cond=True claim_agree=True upper=0.936843764295  CERT
210882969,0,1 T   mem=True nz=True ynz=True cond=True claim_agree=True upper=2352.52037433  CERT
221367199,0,1 RHO mem=True nz=True ynz=True cond=True claim_agree=True upper=0.982483399388  CERT
221367199,0,1 T   mem=True nz=True ynz=True cond=True claim_agree=True upper=2777.47014046  CERT
245002532,0,1 RHO mem=True nz=True ynz=True cond=True claim_agree=True upper=0.929985513103  CERT
245002532,0,1 T   mem=True nz=True ynz=True cond=True claim_agree=True upper=2497.77175843  CERT
255273964,0,1 RHO mem=True nz=True ynz=True cond=True claim_agree=True upper=0.971990726740  CERT
255273964,0,1 T   mem=True nz=True ynz=True cond=True claim_agree=True upper=2630.88865276  CERT
267817905,0,1 RHO mem=True nz=True ynz=True cond=True claim_agree=True upper=0.989232087541  CERT
267817905,0,1 T   mem=True nz=True ynz=True cond=True claim_agree=True upper=2648.66741624  CERT
326206009,0,1 RHO mem=True nz=True ynz=True cond=True claim_agree=True upper=0.945265264208  CERT
326206009,0,1 T   mem=True nz=True ynz=True cond=True claim_agree=True upper=2678.41870778  CERT
384255128,0,1 RHO mem=True nz=True ynz=True cond=True claim_agree=True upper=0.962651663090  CERT
384255128,0,1 T   mem=True nz=True ynz=True cond=True claim_agree=True upper=2760.24328567  CERT
426660498,0,1 RHO mem=True nz=True ynz=True cond=True claim_agree=True upper=0.961255954258  CERT
426660498,0,1 T   mem=True nz=True ynz=True cond=True claim_agree=True upper=2353.09467951  CERT
453562042,0,1 RHO mem=True nz=True ynz=True cond=True claim_agree=True upper=0.962651663090  CERT
453562042,0,1 T   mem=True nz=True ynz=True cond=True claim_agree=True upper=2212.53060024  CERT
546760327,0,1 RHO mem=True nz=True ynz=True cond=True claim_agree=True upper=0.923883830143  CERT
546760327,0,1 T   mem=True nz=True ynz=True cond=True claim_agree=True upper=2841.37237603  CERT
573661871,0,1 RHO mem=True nz=True ynz=True cond=True claim_agree=True upper=0.971990726740  CERT
573661871,0,1 T   mem=True nz=True ynz=True cond=True claim_agree=True upper=2597.03954044  CERT
616067241,0,1 RHO mem=True nz=True ynz=True cond=True claim_agree=True upper=0.923883830143  CERT
616067241,0,1 T   mem=True nz=True ynz=True cond=True claim_agree=True upper=2478.64374917  CERT
674116360,0,1 RHO mem=True nz=True ynz=True cond=True claim_agree=True upper=0.963558222535  CERT
674116360,0,1 T   mem=True nz=True ynz=True cond=True claim_agree=True upper=2060.03678978  CERT
732504464,0,1 RHO mem=True nz=True ynz=True cond=True claim_agree=True upper=0.969279505939  CERT
732504464,0,1 T   mem=True nz=True ynz=True cond=True claim_agree=True upper=2435.96409637  CERT
745048405,0,1 RHO mem=True nz=True ynz=True cond=True claim_agree=True upper=0.961255954258  CERT
745048405,0,1 T   mem=True nz=True ynz=True cond=True claim_agree=True upper=2397.23806952  CERT
755319837,0,1 RHO mem=True nz=True ynz=True cond=True claim_agree=True upper=0.953302675045  CERT
755319837,0,1 T   mem=True nz=True ynz=True cond=True claim_agree=True upper=2364.77260937  CERT
778955170,0,1 RHO mem=True nz=True ynz=True cond=True claim_agree=True upper=0.936843764295  CERT
778955170,0,1 T   mem=True nz=True ynz=True cond=True claim_agree=True upper=2420.15880444  CERT
789439400,0,1 RHO mem=True nz=True ynz=True cond=True claim_agree=True upper=0.982483399388  CERT
789439400,0,1 T   mem=True nz=True ynz=True cond=True claim_agree=True upper=2591.17621016  CERT
790536259,0,1 RHO mem=True nz=True ynz=True cond=True claim_agree=True upper=0.949886823620  CERT
790536259,0,1 T   mem=True nz=True ynz=True cond=True claim_agree=True upper=1786.10973695  CERT
812939906,0,1 RHO mem=True nz=True ynz=True cond=True claim_agree=True upper=0.969279505939  CERT
812939906,0,1 T   mem=True nz=True ynz=True cond=True claim_agree=True upper=2284.77582769  CERT
818380728,0,1 RHO mem=True nz=True ynz=True cond=True claim_agree=True upper=0.945265264208  CERT
818380728,0,1 T   mem=True nz=True ynz=True cond=True claim_agree=True upper=2904.25148583  CERT
861006211,0,1 RHO mem=True nz=True ynz=True cond=True claim_agree=True upper=0.958091194851  CERT
861006211,0,1 T   mem=True nz=True ynz=True cond=True claim_agree=True upper=2690.27653642  CERT
877413944,0,1 RHO mem=True nz=True ynz=True cond=True claim_agree=True upper=0.953302675045  CERT
877413944,0,1 T   mem=True nz=True ynz=True cond=True claim_agree=True upper=1904.44115383  CERT
943306079,0,1 RHO mem=True nz=True ynz=True cond=True claim_agree=True upper=0.949886823620  CERT
943306079,0,1 T   mem=True nz=True ynz=True cond=True claim_agree=True upper=2427.76013177  CERT
962069373,0,1 RHO mem=True nz=True ynz=True cond=True claim_agree=True upper=0.958091194851  CERT
962069373,0,1 T   mem=True nz=True ynz=True cond=True claim_agree=True upper=2426.48459804  CERT
FAMILY VERIFY n=7 l=1000322369 : EXCLUDED (components certified 32 / 32 ; lines 64 ; failed lines 0)
FAMILY VERIFY PASS
