FACTORIZATION: 32 irreducible factors of degree 2 over F_1000215361: OK (header deg/ncomp/bar_T agree)
26209773,0,1 RHO mem=True nz=True ynz=True cond=True claim_agree=True upper=0.934472584340  CERT
26209773,0,1 T   mem=True nz=True ynz=True cond=True claim_agree=True upper=1912.83111124  CERT
83193242,0,1 RHO mem=True nz=True ynz=True cond=True claim_agree=True upper=0.901794617207  CERT
83193242,0,1 T   mem=True nz=True ynz=True cond=True claim_agree=True upper=2473.81706979  CERT
111707851,0,1 RHO mem=True nz=True ynz=True cond=True claim_agree=True upper=0.903647693467  CERT
111707851,0,1 T   mem=True nz=True ynz=True cond=True claim_agree=True upper=2559.92893936  CERT
133123913,0,1 RHO mem=True nz=True ynz=True cond=True claim_agree=True upper=0.895418320381  CERT
133123913,0,1 T   mem=True nz=True ynz=True cond=True claim_agree=True upper=2675.69469344  CERT
138161093,0,1 RHO mem=True nz=True ynz=True cond=True claim_agree=True upper=0.871746808575  CERT
138161093,0,1 T   mem=True nz=True ynz=True cond=True claim_agree=True upper=2052.70987826  CERT
183433938,0,1 RHO mem=True nz=True ynz=True cond=True claim_agree=True upper=0.888249951554  CERT
183433938,0,1 T   mem=True nz=True ynz=True cond=True claim_agree=True upper=1911.48983238  CERT
222840437,0,1 RHO mem=True nz=True ynz=True cond=True claim_agree=True upper=0.907067598832  CERT
222840437,0,1 T   mem=True nz=True ynz=True cond=True claim_agree=True upper=2123.16778088  CERT
283698753,0,1 RHO mem=True nz=True ynz=True cond=True claim_agree=True upper=0.888676351856  CERT
283698753,0,1 T   mem=True nz=True ynz=True cond=True claim_agree=True upper=2379.61642974  CERT
292637531,0,1 RHO mem=True nz=True ynz=True cond=True claim_agree=True upper=0.879183756677  CERT
292637531,0,1 T   mem=True nz=True ynz=True cond=True claim_agree=True upper=1553.02411636  CERT
313295590,0,1 RHO mem=True nz=True ynz=True cond=True claim_agree=True upper=0.842535672850  CERT
313295590,0,1 T   mem=True nz=True ynz=True cond=True claim_agree=True upper=2014.38791080  CERT
320041295,0,1 RHO mem=True nz=True ynz=True cond=True claim_agree=True upper=0.893405704436  CERT
320041295,0,1 T   mem=True nz=True ynz=True cond=True claim_agree=True upper=1937.99231875  CERT
412874247,0,1 RHO mem=True nz=True ynz=True cond=True claim_agree=True upper=0.844647707689  CERT
412874247,0,1 T   mem=True nz=True ynz=True cond=True claim_agree=True upper=1547.81739702  CERT
431122869,0,1 RHO mem=True nz=True ynz=True cond=True claim_agree=True upper=0.933322918133  CERT
431122869,0,1 T   mem=True nz=True ynz=True cond=True claim_agree=True upper=2062.11150121  CERT
433380927,0,1 RHO mem=True nz=True ynz=True cond=True claim_agree=True upper=0.934472584340  CERT
433380927,0,1 T   mem=True nz=True ynz=True cond=True claim_agree=True upper=1822.92900008  CERT
452444548,0,1 RHO mem=True nz=True ynz=True cond=True claim_agree=True upper=0.928514561876  CERT
452444548,0,1 T   mem=True nz=True ynz=True cond=True claim_agree=True upper=2445.78257485  CERT
497853851,0,1 RHO mem=True nz=True ynz=True cond=True claim_agree=True upper=0.871746808575  CERT
497853851,0,1 T   mem=True nz=True ynz=True cond=True claim_agree=True upper=1691.01208756  CERT
502361510,0,1 RHO mem=True nz=True ynz=True cond=True claim_agree=True upper=0.922726403338  CERT
502361510,0,1 T   mem=True nz=True ynz=True cond=True claim_agree=True upper=1800.58168719  CERT
547770813,0,1 RHO mem=True nz=True ynz=True cond=True claim_agree=True upper=0.842535672850  CERT
547770813,0,1 T   mem=True nz=True ynz=True cond=True claim_agree=True upper=1268.16788754  CERT
566834434,0,1 RHO mem=True nz=True ynz=True cond=True claim_agree=True upper=0.850505392569  CERT
566834434,0,1 T   mem=True nz=True ynz=True cond=True claim_agree=True upper=2073.30244290  CERT
569092492,0,1 RHO mem=True nz=True ynz=True cond=True claim_agree=True upper=0.844647707689  CERT
569092492,0,1 T   mem=True nz=True ynz=True cond=True claim_agree=True upper=1936.44373714  CERT
587341114,0,1 RHO mem=True nz=True ynz=True cond=True claim_agree=True upper=0.933322918133  CERT
587341114,0,1 T   mem=True nz=True ynz=True cond=True claim_agree=True upper=2577.12318078  CERT
680174066,0,1 RHO mem=True nz=True ynz=True cond=True claim_agree=True upper=0.895418320381  CERT
680174066,0,1 T   mem=True nz=True ynz=True cond=True claim_agree=True upper=2365.27414921  CERT
686919771,0,1 RHO mem=True nz=True ynz=True cond=True claim_agree=True upper=0.928514561876  CERT
686919771,0,1 T   mem=True nz=True ynz=True cond=True claim_agree=True upper=2261.79042119  CERT
707577830,0,1 RHO mem=True nz=True ynz=True cond=True claim_agree=True upper=0.901794617207  CERT
707577830,0,1 T   mem=True nz=True ynz=True cond=True claim_agree=True upper=2208.74043650  CERT
716516608,0,1 RHO mem=True nz=True ynz=True cond=True claim_agree=True upper=0.907067598832  CERT
716516608,0,1 T   mem=True nz=True ynz=True cond=True claim_agree=True upper=2495.48510929  CERT
777374924,0,1 RHO mem=True nz=True ynz=True cond=True claim_agree=True upper=0.888676351856  CERT
777374924,0,1 T   mem=True nz=True ynz=True cond=True claim_agree=True upper=1820.26867744  CERT
816781423,0,1 RHO mem=True nz=True ynz=True cond=True claim_agree=True upper=0.903647693467  CERT
816781423,0,1 T   mem=True nz=True ynz=True cond=True claim_agree=True upper=2060.54316936  CERT
862054268,0,1 RHO mem=True nz=True ynz=True cond=True claim_agree=True upper=0.922726403338  CERT
862054268,0,1 T   mem=True nz=True ynz=True cond=True claim_agree=True upper=1973.40401149  CERT
867091448,0,1 RHO mem=True nz=True ynz=True cond=True claim_agree=True upper=0.893405704436  CERT
867091448,0,1 T   mem=True nz=True ynz=True cond=True claim_agree=True upper=1942.21027451  CERT
888507510,0,1 RHO mem=True nz=True ynz=True cond=True claim_agree=True upper=0.888249951554  CERT
888507510,0,1 T   mem=True nz=True ynz=True cond=True claim_agree=True upper=2161.25118036  CERT
917022119,0,1 RHO mem=True nz=True ynz=True cond=True claim_agree=True upper=0.879183756677  CERT
917022119,0,1 T   mem=True nz=True ynz=True cond=True claim_agree=True upper=1501.76132803  CERT
974005588,0,1 RHO mem=True nz=True ynz=True cond=True claim_agree=True upper=0.850505392569  CERT
974005588,0,1 T   mem=True nz=True ynz=True cond=True claim_agree=True upper=1460.45612189  CERT
FAMILY VERIFY n=7 l=1000215361 : EXCLUDED (components certified 32 / 32 ; lines 64 ; failed lines 0)
FAMILY VERIFY PASS
