FACTORIZATION: 32 irreducible factors of degree 2 over F_1000320833: OK (header deg/ncomp/bar_T agree)
52278114,0,1 RHO mem=True nz=True ynz=True cond=True claim_agree=True upper=0.847255637328  CERT
52278114,0,1 T   mem=True nz=True ynz=True cond=True claim_agree=True upper=1230.19899197  CERT
87562661,0,1 RHO mem=True nz=True ynz=True cond=True claim_agree=True upper=0.876391559038  CERT
87562661,0,1 T   mem=True nz=True ynz=True cond=True claim_agree=True upper=1934.94788913  CERT
88201994,0,1 RHO mem=True nz=True ynz=True cond=True claim_agree=True upper=0.847255637328  CERT
88201994,0,1 T   mem=True nz=True ynz=True cond=True claim_agree=True upper=3680.24747307  CERT
125112931,0,1 RHO mem=True nz=True ynz=True cond=True claim_agree=True upper=0.849146908561  CERT
125112931,0,1 T   mem=True nz=True ynz=True cond=True claim_agree=True upper=1769.33794665  CERT
136428670,0,1 RHO mem=True nz=True ynz=True cond=True claim_agree=True upper=0.917322777441  CERT
136428670,0,1 T   mem=True nz=True ynz=True cond=True claim_agree=True upper=2611.37744297  CERT
145635737,0,1 RHO mem=True nz=True ynz=True cond=True claim_agree=True upper=0.912827421656  CERT
145635737,0,1 T   mem=True nz=True ynz=True cond=True claim_agree=True upper=2773.14457772  CERT
168726228,0,1 RHO mem=True nz=True ynz=True cond=True claim_agree=True upper=0.876391559038  CERT
168726228,0,1 T   mem=True nz=True ynz=True cond=True claim_agree=True upper=2343.36429026  CERT
221763292,0,1 RHO mem=True nz=True ynz=True cond=True claim_agree=True upper=0.877197293955  CERT
221763292,0,1 T   mem=True nz=True ynz=True cond=True claim_agree=True upper=2609.16104650  CERT
222927073,0,1 RHO mem=True nz=True ynz=True cond=True claim_agree=True upper=0.849146908561  CERT
222927073,0,1 T   mem=True nz=True ynz=True cond=True claim_agree=True upper=1973.07916559  CERT
261694481,0,1 RHO mem=True nz=True ynz=True cond=True claim_agree=True upper=0.898860011180  CERT
261694481,0,1 T   mem=True nz=True ynz=True cond=True claim_agree=True upper=1432.59753749  CERT
262141436,0,1 RHO mem=True nz=True ynz=True cond=True claim_agree=True upper=0.875263399157  CERT
262141436,0,1 T   mem=True nz=True ynz=True cond=True claim_agree=True upper=1433.10899117  CERT
319617717,0,1 RHO mem=True nz=True ynz=True cond=True claim_agree=True upper=0.902108154022  CERT
319617717,0,1 T   mem=True nz=True ynz=True cond=True claim_agree=True upper=2524.77509362  CERT
321980288,0,1 RHO mem=True nz=True ynz=True cond=True claim_agree=True upper=0.866515157827  CERT
321980288,0,1 T   mem=True nz=True ynz=True cond=True claim_agree=True upper=1571.99086308  CERT
351213579,0,1 RHO mem=True nz=True ynz=True cond=True claim_agree=True upper=0.877197293955  CERT
351213579,0,1 T   mem=True nz=True ynz=True cond=True claim_agree=True upper=1906.27532135  CERT
445965106,0,1 RHO mem=True nz=True ynz=True cond=True claim_agree=True upper=0.866515157827  CERT
445965106,0,1 T   mem=True nz=True ynz=True cond=True claim_agree=True upper=2131.11884962  CERT
481506521,0,1 RHO mem=True nz=True ynz=True cond=True claim_agree=True upper=0.863566799271  CERT
481506521,0,1 T   mem=True nz=True ynz=True cond=True claim_agree=True upper=1876.90231046  CERT
518814312,0,1 RHO mem=True nz=True ynz=True cond=True claim_agree=True upper=0.912827421656  CERT
518814312,0,1 T   mem=True nz=True ynz=True cond=True claim_agree=True upper=2031.81212259  CERT
554355727,0,1 RHO mem=True nz=True ynz=True cond=True claim_agree=True upper=0.899492629082  CERT
554355727,0,1 T   mem=True nz=True ynz=True cond=True claim_agree=True upper=2889.82736220  CERT
649107254,0,1 RHO mem=True nz=True ynz=True cond=True claim_agree=True upper=0.915239850074  CERT
649107254,0,1 T   mem=True nz=True ynz=True cond=True claim_agree=True upper=2108.48624506  CERT
678340545,0,1 RHO mem=True nz=True ynz=True cond=True claim_agree=True upper=0.899492629082  CERT
678340545,0,1 T   mem=True nz=True ynz=True cond=True claim_agree=True upper=1559.33296936  CERT
680703116,0,1 RHO mem=True nz=True ynz=True cond=True claim_agree=True upper=0.898860011180  CERT
680703116,0,1 T   mem=True nz=True ynz=True cond=True claim_agree=True upper=2589.33974266  CERT
738179397,0,1 RHO mem=True nz=True ynz=True cond=True claim_agree=True upper=0.917322777441  CERT
738179397,0,1 T   mem=True nz=True ynz=True cond=True claim_agree=True upper=2104.32760378  CERT
738626352,0,1 RHO mem=True nz=True ynz=True cond=True claim_agree=True upper=0.902108154022  CERT
738626352,0,1 T   mem=True nz=True ynz=True cond=True claim_agree=True upper=1788.80081797  CERT
777393760,0,1 RHO mem=True nz=True ynz=True cond=True claim_agree=True upper=0.931600733307  CERT
777393760,0,1 T   mem=True nz=True ynz=True cond=True claim_agree=True upper=2307.82294755  CERT
778557541,0,1 RHO mem=True nz=True ynz=True cond=True claim_agree=True upper=0.915239850074  CERT
778557541,0,1 T   mem=True nz=True ynz=True cond=True claim_agree=True upper=2232.15923438  CERT
831594605,0,1 RHO mem=True nz=True ynz=True cond=True claim_agree=True upper=0.914404481997  CERT
831594605,0,1 T   mem=True nz=True ynz=True cond=True claim_agree=True upper=1702.87612816  CERT
854685096,0,1 RHO mem=True nz=True ynz=True cond=True claim_agree=True upper=0.863566799271  CERT
854685096,0,1 T   mem=True nz=True ynz=True cond=True claim_agree=True upper=1835.82184467  CERT
863892163,0,1 RHO mem=True nz=True ynz=True cond=True claim_agree=True upper=0.875263399157  CERT
863892163,0,1 T   mem=True nz=True ynz=True cond=True claim_agree=True upper=3013.73635574  CERT
875207902,0,1 RHO mem=True nz=True ynz=True cond=True claim_agree=True upper=0.931600733307  CERT
875207902,0,1 T   mem=True nz=True ynz=True cond=True claim_agree=True upper=2873.77581329  CERT
912118839,0,1 RHO mem=True nz=True ynz=True cond=True claim_agree=True upper=0.912971836466  CERT
912118839,0,1 T   mem=True nz=True ynz=True cond=True claim_agree=True upper=1849.38992443  CERT
912758172,0,1 RHO mem=True nz=True ynz=True cond=True claim_agree=True upper=0.914404481997  CERT
912758172,0,1 T   mem=True nz=True ynz=True cond=True claim_agree=True upper=2486.60062236  CERT
948042719,0,1 RHO mem=True nz=True ynz=True cond=True claim_agree=True upper=0.912971836466  CERT
948042719,0,1 T   mem=True nz=True ynz=True cond=True claim_agree=True upper=2330.72868952  CERT
FAMILY VERIFY n=7 l=1000320833 : EXCLUDED (components certified 32 / 32 ; lines 64 ; failed lines 0)
FAMILY VERIFY PASS
