FACTORIZATION: 32 irreducible factors of degree 2 over F_1000161857: OK (header deg/ncomp/bar_T agree)
18874213,0,1 RHO mem=True nz=True ynz=True cond=True claim_agree=True upper=0.904416385796  CERT
18874213,0,1 T   mem=True nz=True ynz=True cond=True claim_agree=True upper=2288.78281822  CERT
21107694,0,1 RHO mem=True nz=True ynz=True cond=True claim_agree=True upper=0.949262907727  CERT
21107694,0,1 T   mem=True nz=True ynz=True cond=True claim_agree=True upper=2929.32034150  CERT
56370468,0,1 RHO mem=True nz=True ynz=True cond=True claim_agree=True upper=0.941993001643  CERT
56370468,0,1 T   mem=True nz=True ynz=True cond=True claim_agree=True upper=2083.95650459  CERT
71554171,0,1 RHO mem=True nz=True ynz=True cond=True claim_agree=True upper=0.966533584211  CERT
71554171,0,1 T   mem=True nz=True ynz=True cond=True claim_agree=True upper=3135.96924117  CERT
183355004,0,1 RHO mem=True nz=True ynz=True cond=True claim_agree=True upper=0.949262907727  CERT
183355004,0,1 T   mem=True nz=True ynz=True cond=True claim_agree=True upper=2080.07579996  CERT
186496770,0,1 RHO mem=True nz=True ynz=True cond=True claim_agree=True upper=0.965909330095  CERT
186496770,0,1 T   mem=True nz=True ynz=True cond=True claim_agree=True upper=2113.31041097  CERT
212248426,0,1 RHO mem=True nz=True ynz=True cond=True claim_agree=True upper=0.925778599914  CERT
212248426,0,1 T   mem=True nz=True ynz=True cond=True claim_agree=True upper=2898.44054426  CERT
267649909,0,1 RHO mem=True nz=True ynz=True cond=True claim_agree=True upper=0.951231844425  CERT
267649909,0,1 T   mem=True nz=True ynz=True cond=True claim_agree=True upper=2267.71940607  CERT
278094138,0,1 RHO mem=True nz=True ynz=True cond=True claim_agree=True upper=0.925778599914  CERT
278094138,0,1 T   mem=True nz=True ynz=True cond=True claim_agree=True upper=3010.69118350  CERT
318879489,0,1 RHO mem=True nz=True ynz=True cond=True claim_agree=True upper=0.913242312549  CERT
318879489,0,1 T   mem=True nz=True ynz=True cond=True claim_agree=True upper=2775.83984541  CERT
321999841,0,1 RHO mem=True nz=True ynz=True cond=True claim_agree=True upper=0.962407939223  CERT
321999841,0,1 T   mem=True nz=True ynz=True cond=True claim_agree=True upper=2798.51242428  CERT
329339767,0,1 RHO mem=True nz=True ynz=True cond=True claim_agree=True upper=0.960412284889  CERT
329339767,0,1 T   mem=True nz=True ynz=True cond=True claim_agree=True upper=2197.89745569  CERT
336678691,0,1 RHO mem=True nz=True ynz=True cond=True claim_agree=True upper=0.973156022426  CERT
336678691,0,1 T   mem=True nz=True ynz=True cond=True claim_agree=True upper=2674.87140263  CERT
412994410,0,1 RHO mem=True nz=True ynz=True cond=True claim_agree=True upper=0.960054215375  CERT
412994410,0,1 T   mem=True nz=True ynz=True cond=True claim_agree=True upper=3112.33646017  CERT
432552658,0,1 RHO mem=True nz=True ynz=True cond=True claim_agree=True upper=0.948241793943  CERT
432552658,0,1 T   mem=True nz=True ynz=True cond=True claim_agree=True upper=2359.06772213  CERT
459966026,0,1 RHO mem=True nz=True ynz=True cond=True claim_agree=True upper=0.972438267724  CERT
459966026,0,1 T   mem=True nz=True ynz=True cond=True claim_agree=True upper=2863.23372272  CERT
540195831,0,1 RHO mem=True nz=True ynz=True cond=True claim_agree=True upper=0.913242312549  CERT
540195831,0,1 T   mem=True nz=True ynz=True cond=True claim_agree=True upper=2458.15408408  CERT
567609199,0,1 RHO mem=True nz=True ynz=True cond=True claim_agree=True upper=0.962407939223  CERT
567609199,0,1 T   mem=True nz=True ynz=True cond=True claim_agree=True upper=2235.14823887  CERT
587167447,0,1 RHO mem=True nz=True ynz=True cond=True claim_agree=True upper=0.904416385796  CERT
587167447,0,1 T   mem=True nz=True ynz=True cond=True claim_agree=True upper=1941.99451712  CERT
663483166,0,1 RHO mem=True nz=True ynz=True cond=True claim_agree=True upper=0.966533584211  CERT
663483166,0,1 T   mem=True nz=True ynz=True cond=True claim_agree=True upper=2616.85846647  CERT
670822090,0,1 RHO mem=True nz=True ynz=True cond=True claim_agree=True upper=0.965909330095  CERT
670822090,0,1 T   mem=True nz=True ynz=True cond=True claim_agree=True upper=2706.51325964  CERT
678162016,0,1 RHO mem=True nz=True ynz=True cond=True claim_agree=True upper=0.948241793943  CERT
678162016,0,1 T   mem=True nz=True ynz=True cond=True claim_agree=True upper=2554.66195450  CERT
681282368,0,1 RHO mem=True nz=True ynz=True cond=True claim_agree=True upper=0.972438267724  CERT
681282368,0,1 T   mem=True nz=True ynz=True cond=True claim_agree=True upper=2755.49501890  CERT
722067719,0,1 RHO mem=True nz=True ynz=True cond=True claim_agree=True upper=0.944345838905  CERT
722067719,0,1 T   mem=True nz=True ynz=True cond=True claim_agree=True upper=3068.53227892  CERT
732511948,0,1 RHO mem=True nz=True ynz=True cond=True claim_agree=True upper=0.941993001643  CERT
732511948,0,1 T   mem=True nz=True ynz=True cond=True claim_agree=True upper=2646.79857640  CERT
787913431,0,1 RHO mem=True nz=True ynz=True cond=True claim_agree=True upper=0.944345838905  CERT
787913431,0,1 T   mem=True nz=True ynz=True cond=True claim_agree=True upper=3213.54037218  CERT
813665087,0,1 RHO mem=True nz=True ynz=True cond=True claim_agree=True upper=0.960412284889  CERT
813665087,0,1 T   mem=True nz=True ynz=True cond=True claim_agree=True upper=2560.36330171  CERT
816806853,0,1 RHO mem=True nz=True ynz=True cond=True claim_agree=True upper=0.966550286132  CERT
816806853,0,1 T   mem=True nz=True ynz=True cond=True claim_agree=True upper=2480.94890697  CERT
928607686,0,1 RHO mem=True nz=True ynz=True cond=True claim_agree=True upper=0.973156022426  CERT
928607686,0,1 T   mem=True nz=True ynz=True cond=True claim_agree=True upper=3011.83590691  CERT
943791389,0,1 RHO mem=True nz=True ynz=True cond=True claim_agree=True upper=0.951231844425  CERT
943791389,0,1 T   mem=True nz=True ynz=True cond=True claim_agree=True upper=2587.54373993  CERT
979054163,0,1 RHO mem=True nz=True ynz=True cond=True claim_agree=True upper=0.966550286132  CERT
979054163,0,1 T   mem=True nz=True ynz=True cond=True claim_agree=True upper=2273.57808262  CERT
981287644,0,1 RHO mem=True nz=True ynz=True cond=True claim_agree=True upper=0.960054215375  CERT
981287644,0,1 T   mem=True nz=True ynz=True cond=True claim_agree=True upper=2904.75553235  CERT
FAMILY VERIFY n=7 l=1000161857 : EXCLUDED (components certified 32 / 32 ; lines 64 ; failed lines 0)
FAMILY VERIFY PASS
