FACTORIZATION: 32 irreducible factors of degree 2 over F_1000222273: OK (header deg/ncomp/bar_T agree)
37063105,0,1 RHO mem=True nz=True ynz=True cond=True claim_agree=True upper=0.918232069351  CERT
37063105,0,1 T   mem=True nz=True ynz=True cond=True claim_agree=True upper=1920.85025008  CERT
63013177,0,1 RHO mem=True nz=True ynz=True cond=True claim_agree=True upper=0.859200560671  CERT
63013177,0,1 T   mem=True nz=True ynz=True cond=True claim_agree=True upper=1675.09114911  CERT
72324646,0,1 RHO mem=True nz=True ynz=True cond=True claim_agree=True upper=0.859521991205  CERT
72324646,0,1 T   mem=True nz=True ynz=True cond=True claim_agree=True upper=2125.01628561  CERT
87012351,0,1 RHO mem=True nz=True ynz=True cond=True claim_agree=True upper=0.923736159507  CERT
87012351,0,1 T   mem=True nz=True ynz=True cond=True claim_agree=True upper=2313.78350095  CERT
89748653,0,1 RHO mem=True nz=True ynz=True cond=True claim_agree=True upper=0.856780290444  CERT
89748653,0,1 T   mem=True nz=True ynz=True cond=True claim_agree=True upper=1593.04915237  CERT
95178613,0,1 RHO mem=True nz=True ynz=True cond=True claim_agree=True upper=0.918972075471  CERT
95178613,0,1 T   mem=True nz=True ynz=True cond=True claim_agree=True upper=1915.07486558  CERT
141965798,0,1 RHO mem=True nz=True ynz=True cond=True claim_agree=True upper=0.875236336163  CERT
141965798,0,1 T   mem=True nz=True ynz=True cond=True claim_agree=True upper=2601.80833825  CERT
172542191,0,1 RHO mem=True nz=True ynz=True cond=True claim_agree=True upper=0.912267209624  CERT
172542191,0,1 T   mem=True nz=True ynz=True cond=True claim_agree=True upper=2043.84385509  CERT
191608775,0,1 RHO mem=True nz=True ynz=True cond=True claim_agree=True upper=0.918232069351  CERT
191608775,0,1 T   mem=True nz=True ynz=True cond=True claim_agree=True upper=2200.04398300  CERT
254879671,0,1 RHO mem=True nz=True ynz=True cond=True claim_agree=True upper=0.905054711433  CERT
254879671,0,1 T   mem=True nz=True ynz=True cond=True claim_agree=True upper=2148.19545502  CERT
327956185,0,1 RHO mem=True nz=True ynz=True cond=True claim_agree=True upper=0.923493787696  CERT
327956185,0,1 T   mem=True nz=True ynz=True cond=True claim_agree=True upper=2276.82435443  CERT
333169607,0,1 RHO mem=True nz=True ynz=True cond=True claim_agree=True upper=0.911783275016  CERT
333169607,0,1 T   mem=True nz=True ynz=True cond=True claim_agree=True upper=2400.02809597  CERT
338803087,0,1 RHO mem=True nz=True ynz=True cond=True claim_agree=True upper=0.887515775898  CERT
338803087,0,1 T   mem=True nz=True ynz=True cond=True claim_agree=True upper=1990.02681061  CERT
364760437,0,1 RHO mem=True nz=True ynz=True cond=True claim_agree=True upper=0.925350091974  CERT
364760437,0,1 T   mem=True nz=True ynz=True cond=True claim_agree=True upper=2266.56295879  CERT
451704670,0,1 RHO mem=True nz=True ynz=True cond=True claim_agree=True upper=0.905054711433  CERT
451704670,0,1 T   mem=True nz=True ynz=True cond=True claim_agree=True upper=1813.63720533  CERT
487061152,0,1 RHO mem=True nz=True ynz=True cond=True claim_agree=True upper=0.887515775898  CERT
487061152,0,1 T   mem=True nz=True ynz=True cond=True claim_agree=True upper=1758.56901538  CERT
513161121,0,1 RHO mem=True nz=True ynz=True cond=True claim_agree=True upper=0.844392547723  CERT
513161121,0,1 T   mem=True nz=True ynz=True cond=True claim_agree=True upper=1674.17507027  CERT
548517603,0,1 RHO mem=True nz=True ynz=True cond=True claim_agree=True upper=0.906821749208  CERT
548517603,0,1 T   mem=True nz=True ynz=True cond=True claim_agree=True upper=2628.20829565  CERT
635461836,0,1 RHO mem=True nz=True ynz=True cond=True claim_agree=True upper=0.875236336163  CERT
635461836,0,1 T   mem=True nz=True ynz=True cond=True claim_agree=True upper=1996.30290246  CERT
661419186,0,1 RHO mem=True nz=True ynz=True cond=True claim_agree=True upper=0.844392547723  CERT
661419186,0,1 T   mem=True nz=True ynz=True cond=True claim_agree=True upper=2147.99405981  CERT
667052666,0,1 RHO mem=True nz=True ynz=True cond=True claim_agree=True upper=0.923493787696  CERT
667052666,0,1 T   mem=True nz=True ynz=True cond=True claim_agree=True upper=1863.86975800  CERT
672266088,0,1 RHO mem=True nz=True ynz=True cond=True claim_agree=True upper=0.911783275016  CERT
672266088,0,1 T   mem=True nz=True ynz=True cond=True claim_agree=True upper=2448.42344115  CERT
745342602,0,1 RHO mem=True nz=True ynz=True cond=True claim_agree=True upper=0.906821749208  CERT
745342602,0,1 T   mem=True nz=True ynz=True cond=True claim_agree=True upper=1887.10005501  CERT
808613498,0,1 RHO mem=True nz=True ynz=True cond=True claim_agree=True upper=0.868928705524  CERT
808613498,0,1 T   mem=True nz=True ynz=True cond=True claim_agree=True upper=2502.80602962  CERT
827680082,0,1 RHO mem=True nz=True ynz=True cond=True claim_agree=True upper=0.856780290444  CERT
827680082,0,1 T   mem=True nz=True ynz=True cond=True claim_agree=True upper=1897.31357769  CERT
858256475,0,1 RHO mem=True nz=True ynz=True cond=True claim_agree=True upper=0.925350091974  CERT
858256475,0,1 T   mem=True nz=True ynz=True cond=True claim_agree=True upper=2802.15910815  CERT
905043660,0,1 RHO mem=True nz=True ynz=True cond=True claim_agree=True upper=0.859200560671  CERT
905043660,0,1 T   mem=True nz=True ynz=True cond=True claim_agree=True upper=2157.10728682  CERT
910473620,0,1 RHO mem=True nz=True ynz=True cond=True claim_agree=True upper=0.912267209624  CERT
910473620,0,1 T   mem=True nz=True ynz=True cond=True claim_agree=True upper=1831.09227015  CERT
913209922,0,1 RHO mem=True nz=True ynz=True cond=True claim_agree=True upper=0.859521991205  CERT
913209922,0,1 T   mem=True nz=True ynz=True cond=True claim_agree=True upper=1761.04003975  CERT
927897627,0,1 RHO mem=True nz=True ynz=True cond=True claim_agree=True upper=0.923736159507  CERT
927897627,0,1 T   mem=True nz=True ynz=True cond=True claim_agree=True upper=2600.61674435  CERT
937209096,0,1 RHO mem=True nz=True ynz=True cond=True claim_agree=True upper=0.918972075471  CERT
937209096,0,1 T   mem=True nz=True ynz=True cond=True claim_agree=True upper=2279.48724101  CERT
963159168,0,1 RHO mem=True nz=True ynz=True cond=True claim_agree=True upper=0.868928705524  CERT
963159168,0,1 T   mem=True nz=True ynz=True cond=True claim_agree=True upper=2062.61891188  CERT
FAMILY VERIFY n=7 l=1000222273 : EXCLUDED (components certified 32 / 32 ; lines 64 ; failed lines 0)
FAMILY VERIFY PASS
