FACTORIZATION: 32 irreducible factors of degree 2 over F_1000195393: OK (header deg/ncomp/bar_T agree)
9193465,0,1 RHO mem=True nz=True ynz=True cond=True claim_agree=True upper=0.968608986548  CERT
9193465,0,1 T   mem=True nz=True ynz=True cond=True claim_agree=True upper=3168.51865861  CERT
16674300,0,1 RHO mem=True nz=True ynz=True cond=True claim_agree=True upper=0.966451556306  CERT
16674300,0,1 T   mem=True nz=True ynz=True cond=True claim_agree=True upper=2761.24658692  CERT
28531089,0,1 RHO mem=True nz=True ynz=True cond=True claim_agree=True upper=0.966451556306  CERT
28531089,0,1 T   mem=True nz=True ynz=True cond=True claim_agree=True upper=2355.94351841  CERT
125677950,0,1 RHO mem=True nz=True ynz=True cond=True claim_agree=True upper=0.912799831174  CERT
125677950,0,1 T   mem=True nz=True ynz=True cond=True claim_agree=True upper=1662.32681002  CERT
126381568,0,1 RHO mem=True nz=True ynz=True cond=True claim_agree=True upper=0.975527152040  CERT
126381568,0,1 T   mem=True nz=True ynz=True cond=True claim_agree=True upper=2510.38198064  CERT
130641290,0,1 RHO mem=True nz=True ynz=True cond=True claim_agree=True upper=0.958494936631  CERT
130641290,0,1 T   mem=True nz=True ynz=True cond=True claim_agree=True upper=2286.51668659  CERT
145311648,0,1 RHO mem=True nz=True ynz=True cond=True claim_agree=True upper=0.903254461132  CERT
145311648,0,1 T   mem=True nz=True ynz=True cond=True claim_agree=True upper=2223.55364378  CERT
149571477,0,1 RHO mem=True nz=True ynz=True cond=True claim_agree=True upper=0.947382490138  CERT
149571477,0,1 T   mem=True nz=True ynz=True cond=True claim_agree=True upper=2838.07576377  CERT
157689753,0,1 RHO mem=True nz=True ynz=True cond=True claim_agree=True upper=0.945636747910  CERT
157689753,0,1 T   mem=True nz=True ynz=True cond=True claim_agree=True upper=3040.73576714  CERT
198917366,0,1 RHO mem=True nz=True ynz=True cond=True claim_agree=True upper=0.912799831174  CERT
198917366,0,1 T   mem=True nz=True ynz=True cond=True claim_agree=True upper=2052.03134687  CERT
297513907,0,1 RHO mem=True nz=True ynz=True cond=True claim_agree=True upper=0.954370769634  CERT
297513907,0,1 T   mem=True nz=True ynz=True cond=True claim_agree=True upper=2797.49027458  CERT
384660011,0,1 RHO mem=True nz=True ynz=True cond=True claim_agree=True upper=0.925400754738  CERT
384660011,0,1 T   mem=True nz=True ynz=True cond=True claim_agree=True upper=2947.70969716  CERT
417521239,0,1 RHO mem=True nz=True ynz=True cond=True claim_agree=True upper=0.903254461132  CERT
417521239,0,1 T   mem=True nz=True ynz=True cond=True claim_agree=True upper=2427.97450297  CERT
438500559,0,1 RHO mem=True nz=True ynz=True cond=True claim_agree=True upper=0.965982691081  CERT
438500559,0,1 T   mem=True nz=True ynz=True cond=True claim_agree=True upper=2749.43936841  CERT
443619383,0,1 RHO mem=True nz=True ynz=True cond=True claim_agree=True upper=0.947082837320  CERT
443619383,0,1 T   mem=True nz=True ynz=True cond=True claim_agree=True upper=2479.97918547  CERT
456928728,0,1 RHO mem=True nz=True ynz=True cond=True claim_agree=True upper=0.956370025435  CERT
456928728,0,1 T   mem=True nz=True ynz=True cond=True claim_agree=True upper=2763.66580224  CERT
543266665,0,1 RHO mem=True nz=True ynz=True cond=True claim_agree=True upper=0.958494936631  CERT
543266665,0,1 T   mem=True nz=True ynz=True cond=True claim_agree=True upper=2702.87290350  CERT
556576010,0,1 RHO mem=True nz=True ynz=True cond=True claim_agree=True upper=0.947382490138  CERT
556576010,0,1 T   mem=True nz=True ynz=True cond=True claim_agree=True upper=2743.57769183  CERT
561694834,0,1 RHO mem=True nz=True ynz=True cond=True claim_agree=True upper=0.968608986548  CERT
561694834,0,1 T   mem=True nz=True ynz=True cond=True claim_agree=True upper=2536.19215879  CERT
582674154,0,1 RHO mem=True nz=True ynz=True cond=True claim_agree=True upper=0.959192257486  CERT
582674154,0,1 T   mem=True nz=True ynz=True cond=True claim_agree=True upper=2780.77299824  CERT
615535382,0,1 RHO mem=True nz=True ynz=True cond=True claim_agree=True upper=0.954370769634  CERT
615535382,0,1 T   mem=True nz=True ynz=True cond=True claim_agree=True upper=2873.79667788  CERT
702681486,0,1 RHO mem=True nz=True ynz=True cond=True claim_agree=True upper=0.925400754738  CERT
702681486,0,1 T   mem=True nz=True ynz=True cond=True claim_agree=True upper=2624.87762140  CERT
801278027,0,1 RHO mem=True nz=True ynz=True cond=True claim_agree=True upper=0.895304289633  CERT
801278027,0,1 T   mem=True nz=True ynz=True cond=True claim_agree=True upper=1908.24514593  CERT
842505640,0,1 RHO mem=True nz=True ynz=True cond=True claim_agree=True upper=0.975527152040  CERT
842505640,0,1 T   mem=True nz=True ynz=True cond=True claim_agree=True upper=2727.85312058  CERT
850623916,0,1 RHO mem=True nz=True ynz=True cond=True claim_agree=True upper=0.947082837320  CERT
850623916,0,1 T   mem=True nz=True ynz=True cond=True claim_agree=True upper=2181.31731756  CERT
854883745,0,1 RHO mem=True nz=True ynz=True cond=True claim_agree=True upper=0.959192257486  CERT
854883745,0,1 T   mem=True nz=True ynz=True cond=True claim_agree=True upper=3091.91723468  CERT
869554103,0,1 RHO mem=True nz=True ynz=True cond=True claim_agree=True upper=0.956370025435  CERT
869554103,0,1 T   mem=True nz=True ynz=True cond=True claim_agree=True upper=2278.05076447  CERT
873813825,0,1 RHO mem=True nz=True ynz=True cond=True claim_agree=True upper=0.945636747910  CERT
873813825,0,1 T   mem=True nz=True ynz=True cond=True claim_agree=True upper=1810.46034839  CERT
874517443,0,1 RHO mem=True nz=True ynz=True cond=True claim_agree=True upper=0.895304289633  CERT
874517443,0,1 T   mem=True nz=True ynz=True cond=True claim_agree=True upper=2292.08950038  CERT
971664304,0,1 RHO mem=True nz=True ynz=True cond=True claim_agree=True upper=0.954203278681  CERT
971664304,0,1 T   mem=True nz=True ynz=True cond=True claim_agree=True upper=2702.97486946  CERT
983521093,0,1 RHO mem=True nz=True ynz=True cond=True claim_agree=True upper=0.954203278681  CERT
983521093,0,1 T   mem=True nz=True ynz=True cond=True claim_agree=True upper=2236.28749851  CERT
991001928,0,1 RHO mem=True nz=True ynz=True cond=True claim_agree=True upper=0.965982691081  CERT
991001928,0,1 T   mem=True nz=True ynz=True cond=True claim_agree=True upper=2395.34511564  CERT
FAMILY VERIFY n=7 l=1000195393 : EXCLUDED (components certified 32 / 32 ; lines 64 ; failed lines 0)
FAMILY VERIFY PASS
