FACTORIZATION: 32 irreducible factors of degree 2 over F_1000609601: OK (header deg/ncomp/bar_T agree)
7276157,0,1 RHO mem=True nz=True ynz=True cond=True claim_agree=True upper=0.957769315420  CERT
7276157,0,1 T   mem=True nz=True ynz=True cond=True claim_agree=True upper=2910.78982740  CERT
14236922,0,1 RHO mem=True nz=True ynz=True cond=True claim_agree=True upper=0.974518868974  CERT
14236922,0,1 T   mem=True nz=True ynz=True cond=True claim_agree=True upper=2571.72816936  CERT
53135915,0,1 RHO mem=True nz=True ynz=True cond=True claim_agree=True upper=0.986216019771  CERT
53135915,0,1 T   mem=True nz=True ynz=True cond=True claim_agree=True upper=2717.71920779  CERT
66121968,0,1 RHO mem=True nz=True ynz=True cond=True claim_agree=True upper=0.937430672756  CERT
66121968,0,1 T   mem=True nz=True ynz=True cond=True claim_agree=True upper=2317.33106870  CERT
104190971,0,1 RHO mem=True nz=True ynz=True cond=True claim_agree=True upper=0.931823268479  CERT
104190971,0,1 T   mem=True nz=True ynz=True cond=True claim_agree=True upper=2015.46710225  CERT
176172370,0,1 RHO mem=True nz=True ynz=True cond=True claim_agree=True upper=0.952249897183  CERT
176172370,0,1 T   mem=True nz=True ynz=True cond=True claim_agree=True upper=2360.50762623  CERT
177227808,0,1 RHO mem=True nz=True ynz=True cond=True claim_agree=True upper=0.978098522592  CERT
177227808,0,1 T   mem=True nz=True ynz=True cond=True claim_agree=True upper=2988.08649608  CERT
191992521,0,1 RHO mem=True nz=True ynz=True cond=True claim_agree=True upper=0.987158034852  CERT
191992521,0,1 T   mem=True nz=True ynz=True cond=True claim_agree=True upper=2981.26079205  CERT
215858912,0,1 RHO mem=True nz=True ynz=True cond=True claim_agree=True upper=0.978098522592  CERT
215858912,0,1 T   mem=True nz=True ynz=True cond=True claim_agree=True upper=2736.10540967  CERT
240262383,0,1 RHO mem=True nz=True ynz=True cond=True claim_agree=True upper=0.937430672756  CERT
240262383,0,1 T   mem=True nz=True ynz=True cond=True claim_agree=True upper=2078.18631876  CERT
243396674,0,1 RHO mem=True nz=True ynz=True cond=True claim_agree=True upper=0.985153689516  CERT
243396674,0,1 T   mem=True nz=True ynz=True cond=True claim_agree=True upper=2652.00255505  CERT
356346610,0,1 RHO mem=True nz=True ynz=True cond=True claim_agree=True upper=0.985153689516  CERT
356346610,0,1 T   mem=True nz=True ynz=True cond=True claim_agree=True upper=2437.33748223  CERT
370449693,0,1 RHO mem=True nz=True ynz=True cond=True claim_agree=True upper=0.980585977212  CERT
370449693,0,1 T   mem=True nz=True ynz=True cond=True claim_agree=True upper=3006.52096119  CERT
406703713,0,1 RHO mem=True nz=True ynz=True cond=True claim_agree=True upper=0.988326890106  CERT
406703713,0,1 T   mem=True nz=True ynz=True cond=True claim_agree=True upper=2282.92506820  CERT
483964897,0,1 RHO mem=True nz=True ynz=True cond=True claim_agree=True upper=0.940121777318  CERT
483964897,0,1 T   mem=True nz=True ynz=True cond=True claim_agree=True upper=2424.85348975  CERT
484115160,0,1 RHO mem=True nz=True ynz=True cond=True claim_agree=True upper=0.967013659481  CERT
484115160,0,1 T   mem=True nz=True ynz=True cond=True claim_agree=True upper=2310.11840868  CERT
516494441,0,1 RHO mem=True nz=True ynz=True cond=True claim_agree=True upper=0.988326890106  CERT
516494441,0,1 T   mem=True nz=True ynz=True cond=True claim_agree=True upper=2823.89154164  CERT
516644704,0,1 RHO mem=True nz=True ynz=True cond=True claim_agree=True upper=0.980585977212  CERT
516644704,0,1 T   mem=True nz=True ynz=True cond=True claim_agree=True upper=3050.55672849  CERT
593905888,0,1 RHO mem=True nz=True ynz=True cond=True claim_agree=True upper=0.967013659481  CERT
593905888,0,1 T   mem=True nz=True ynz=True cond=True claim_agree=True upper=2104.85755026  CERT
630159908,0,1 RHO mem=True nz=True ynz=True cond=True claim_agree=True upper=0.940121777318  CERT
630159908,0,1 T   mem=True nz=True ynz=True cond=True claim_agree=True upper=2852.28678094  CERT
644262991,0,1 RHO mem=True nz=True ynz=True cond=True claim_agree=True upper=0.984641806653  CERT
644262991,0,1 T   mem=True nz=True ynz=True cond=True claim_agree=True upper=3046.85189738  CERT
757212927,0,1 RHO mem=True nz=True ynz=True cond=True claim_agree=True upper=0.984641806653  CERT
757212927,0,1 T   mem=True nz=True ynz=True cond=True claim_agree=True upper=2785.66820705  CERT
760347218,0,1 RHO mem=True nz=True ynz=True cond=True claim_agree=True upper=0.966252446687  CERT
760347218,0,1 T   mem=True nz=True ynz=True cond=True claim_agree=True upper=3064.38386876  CERT
784750689,0,1 RHO mem=True nz=True ynz=True cond=True claim_agree=True upper=0.944710981296  CERT
784750689,0,1 T   mem=True nz=True ynz=True cond=True claim_agree=True upper=2621.69032211  CERT
808617080,0,1 RHO mem=True nz=True ynz=True cond=True claim_agree=True upper=0.952249897183  CERT
808617080,0,1 T   mem=True nz=True ynz=True cond=True claim_agree=True upper=2559.51668221  CERT
823381793,0,1 RHO mem=True nz=True ynz=True cond=True claim_agree=True upper=0.944710981296  CERT
823381793,0,1 T   mem=True nz=True ynz=True cond=True claim_agree=True upper=2755.50913901  CERT
824437231,0,1 RHO mem=True nz=True ynz=True cond=True claim_agree=True upper=0.987158034852  CERT
824437231,0,1 T   mem=True nz=True ynz=True cond=True claim_agree=True upper=2717.87703251  CERT
896418630,0,1 RHO mem=True nz=True ynz=True cond=True claim_agree=True upper=0.957769315420  CERT
896418630,0,1 T   mem=True nz=True ynz=True cond=True claim_agree=True upper=2858.19999008  CERT
934487633,0,1 RHO mem=True nz=True ynz=True cond=True claim_agree=True upper=0.966252446687  CERT
934487633,0,1 T   mem=True nz=True ynz=True cond=True claim_agree=True upper=2561.39177539  CERT
947473686,0,1 RHO mem=True nz=True ynz=True cond=True claim_agree=True upper=0.974518868974  CERT
947473686,0,1 T   mem=True nz=True ynz=True cond=True claim_agree=True upper=3424.17614422  CERT
986372679,0,1 RHO mem=True nz=True ynz=True cond=True claim_agree=True upper=0.986216019771  CERT
986372679,0,1 T   mem=True nz=True ynz=True cond=True claim_agree=True upper=2407.98826250  CERT
993333444,0,1 RHO mem=True nz=True ynz=True cond=True claim_agree=True upper=0.931823268479  CERT
993333444,0,1 T   mem=True nz=True ynz=True cond=True claim_agree=True upper=2344.37088078  CERT
FAMILY VERIFY n=7 l=1000609601 : EXCLUDED (components certified 32 / 32 ; lines 64 ; failed lines 0)
FAMILY VERIFY PASS
