FACTORIZATION: 32 irreducible factors of degree 2 over F_1000406081: OK (header deg/ncomp/bar_T agree)
98849028,0,1 RHO mem=True nz=True ynz=True cond=True claim_agree=True upper=0.975224481504  CERT
98849028,0,1 T   mem=True nz=True ynz=True cond=True claim_agree=True upper=2005.61571116  CERT
110559014,0,1 RHO mem=True nz=True ynz=True cond=True claim_agree=True upper=0.980415846450  CERT
110559014,0,1 T   mem=True nz=True ynz=True cond=True claim_agree=True upper=2036.09093355  CERT
158776282,0,1 RHO mem=True nz=True ynz=True cond=True claim_agree=True upper=0.959447448748  CERT
158776282,0,1 T   mem=True nz=True ynz=True cond=True claim_agree=True upper=2146.42792318  CERT
208411169,0,1 RHO mem=True nz=True ynz=True cond=True claim_agree=True upper=0.959658983598  CERT
208411169,0,1 T   mem=True nz=True ynz=True cond=True claim_agree=True upper=2127.57304251  CERT
257397570,0,1 RHO mem=True nz=True ynz=True cond=True claim_agree=True upper=0.966713743389  CERT
257397570,0,1 T   mem=True nz=True ynz=True cond=True claim_agree=True upper=2626.29312796  CERT
265733735,0,1 RHO mem=True nz=True ynz=True cond=True claim_agree=True upper=0.975224481504  CERT
265733735,0,1 T   mem=True nz=True ynz=True cond=True claim_agree=True upper=2701.24892775  CERT
301070918,0,1 RHO mem=True nz=True ynz=True cond=True claim_agree=True upper=0.971422133169  CERT
301070918,0,1 T   mem=True nz=True ynz=True cond=True claim_agree=True upper=1971.94917456  CERT
320715104,0,1 RHO mem=True nz=True ynz=True cond=True claim_agree=True upper=0.959653752464  CERT
320715104,0,1 T   mem=True nz=True ynz=True cond=True claim_agree=True upper=2917.31718298  CERT
354866785,0,1 RHO mem=True nz=True ynz=True cond=True claim_agree=True upper=0.934103513914  CERT
354866785,0,1 T   mem=True nz=True ynz=True cond=True claim_agree=True upper=2273.21533485  CERT
360383534,0,1 RHO mem=True nz=True ynz=True cond=True claim_agree=True upper=0.980362796344  CERT
360383534,0,1 T   mem=True nz=True ynz=True cond=True claim_agree=True upper=2447.36652157  CERT
377745531,0,1 RHO mem=True nz=True ynz=True cond=True claim_agree=True upper=0.931202263277  CERT
377745531,0,1 T   mem=True nz=True ynz=True cond=True claim_agree=True upper=2294.19005231  CERT
388954669,0,1 RHO mem=True nz=True ynz=True cond=True claim_agree=True upper=0.950435512678  CERT
388954669,0,1 T   mem=True nz=True ynz=True cond=True claim_agree=True upper=2790.32501527  CERT
445306999,0,1 RHO mem=True nz=True ynz=True cond=True claim_agree=True upper=0.950435512678  CERT
445306999,0,1 T   mem=True nz=True ynz=True cond=True claim_agree=True upper=2149.40334312  CERT
449979080,0,1 RHO mem=True nz=True ynz=True cond=True claim_agree=True upper=0.959658983598  CERT
449979080,0,1 T   mem=True nz=True ynz=True cond=True claim_agree=True upper=2300.54052730  CERT
451951086,0,1 RHO mem=True nz=True ynz=True cond=True claim_agree=True upper=0.959653752464  CERT
451951086,0,1 T   mem=True nz=True ynz=True cond=True claim_agree=True upper=3082.43088782  CERT
500063897,0,1 RHO mem=True nz=True ynz=True cond=True claim_agree=True upper=0.931202263277  CERT
500063897,0,1 T   mem=True nz=True ynz=True cond=True claim_agree=True upper=2385.45517930  CERT
500342184,0,1 RHO mem=True nz=True ynz=True cond=True claim_agree=True upper=0.958060184225  CERT
500342184,0,1 T   mem=True nz=True ynz=True cond=True claim_agree=True upper=2184.44715022  CERT
548454995,0,1 RHO mem=True nz=True ynz=True cond=True claim_agree=True upper=0.928787945290  CERT
548454995,0,1 T   mem=True nz=True ynz=True cond=True claim_agree=True upper=2470.26385447  CERT
550427001,0,1 RHO mem=True nz=True ynz=True cond=True claim_agree=True upper=0.938124338253  CERT
550427001,0,1 T   mem=True nz=True ynz=True cond=True claim_agree=True upper=2193.51340744  CERT
555099082,0,1 RHO mem=True nz=True ynz=True cond=True claim_agree=True upper=0.948735395729  CERT
555099082,0,1 T   mem=True nz=True ynz=True cond=True claim_agree=True upper=3205.22441730  CERT
611451412,0,1 RHO mem=True nz=True ynz=True cond=True claim_agree=True upper=0.948735395729  CERT
611451412,0,1 T   mem=True nz=True ynz=True cond=True claim_agree=True upper=2323.66597307  CERT
622660550,0,1 RHO mem=True nz=True ynz=True cond=True claim_agree=True upper=0.958060184225  CERT
622660550,0,1 T   mem=True nz=True ynz=True cond=True claim_agree=True upper=2681.98769645  CERT
640022547,0,1 RHO mem=True nz=True ynz=True cond=True claim_agree=True upper=0.925012160709  CERT
640022547,0,1 T   mem=True nz=True ynz=True cond=True claim_agree=True upper=2296.22408857  CERT
645539296,0,1 RHO mem=True nz=True ynz=True cond=True claim_agree=True upper=0.966713743389  CERT
645539296,0,1 T   mem=True nz=True ynz=True cond=True claim_agree=True upper=2379.30463698  CERT
679690977,0,1 RHO mem=True nz=True ynz=True cond=True claim_agree=True upper=0.928787945290  CERT
679690977,0,1 T   mem=True nz=True ynz=True cond=True claim_agree=True upper=2327.32329280  CERT
699335163,0,1 RHO mem=True nz=True ynz=True cond=True claim_agree=True upper=0.959447448748  CERT
699335163,0,1 T   mem=True nz=True ynz=True cond=True claim_agree=True upper=2680.53145377  CERT
734672346,0,1 RHO mem=True nz=True ynz=True cond=True claim_agree=True upper=0.949199803949  CERT
734672346,0,1 T   mem=True nz=True ynz=True cond=True claim_agree=True upper=1980.84769369  CERT
743008511,0,1 RHO mem=True nz=True ynz=True cond=True claim_agree=True upper=0.934103513914  CERT
743008511,0,1 T   mem=True nz=True ynz=True cond=True claim_agree=True upper=2632.65267298  CERT
791994912,0,1 RHO mem=True nz=True ynz=True cond=True claim_agree=True upper=0.938124338253  CERT
791994912,0,1 T   mem=True nz=True ynz=True cond=True claim_agree=True upper=2194.08704976  CERT
841629799,0,1 RHO mem=True nz=True ynz=True cond=True claim_agree=True upper=0.971422133169  CERT
841629799,0,1 T   mem=True nz=True ynz=True cond=True claim_agree=True upper=1891.45422361  CERT
889847067,0,1 RHO mem=True nz=True ynz=True cond=True claim_agree=True upper=0.925012160709  CERT
889847067,0,1 T   mem=True nz=True ynz=True cond=True claim_agree=True upper=1711.69283879  CERT
901557053,0,1 RHO mem=True nz=True ynz=True cond=True claim_agree=True upper=0.949199803949  CERT
901557053,0,1 T   mem=True nz=True ynz=True cond=True claim_agree=True upper=2113.44082068  CERT
FAMILY VERIFY n=7 l=1000406081 : EXCLUDED (components certified 32 / 32 ; lines 64 ; failed lines 0)
FAMILY VERIFY PASS
