FACTORIZATION: 32 irreducible factors of degree 2 over F_1000990657: OK (header deg/ncomp/bar_T agree)
7212297,0,1 RHO mem=True nz=True ynz=True cond=True claim_agree=True upper=0.975034049922  CERT
7212297,0,1 T   mem=True nz=True ynz=True cond=True claim_agree=True upper=2569.73112158  CERT
19464759,0,1 RHO mem=True nz=True ynz=True cond=True claim_agree=True upper=0.944677199849  CERT
19464759,0,1 T   mem=True nz=True ynz=True cond=True claim_agree=True upper=2732.93203700  CERT
36989898,0,1 RHO mem=True nz=True ynz=True cond=True claim_agree=True upper=0.930836518332  CERT
36989898,0,1 T   mem=True nz=True ynz=True cond=True claim_agree=True upper=2456.55065508  CERT
90848941,0,1 RHO mem=True nz=True ynz=True cond=True claim_agree=True upper=0.969086643538  CERT
90848941,0,1 T   mem=True nz=True ynz=True cond=True claim_agree=True upper=2841.27720221  CERT
150345940,0,1 RHO mem=True nz=True ynz=True cond=True claim_agree=True upper=0.956913554410  CERT
150345940,0,1 T   mem=True nz=True ynz=True cond=True claim_agree=True upper=2351.66604303  CERT
150704660,0,1 RHO mem=True nz=True ynz=True cond=True claim_agree=True upper=0.943118504505  CERT
150704660,0,1 T   mem=True nz=True ynz=True cond=True claim_agree=True upper=2517.30570268  CERT
229302937,0,1 RHO mem=True nz=True ynz=True cond=True claim_agree=True upper=0.964011297754  CERT
229302937,0,1 T   mem=True nz=True ynz=True cond=True claim_agree=True upper=2368.15779010  CERT
249789785,0,1 RHO mem=True nz=True ynz=True cond=True claim_agree=True upper=0.953529938462  CERT
249789785,0,1 T   mem=True nz=True ynz=True cond=True claim_agree=True upper=2302.13316979  CERT
289276515,0,1 RHO mem=True nz=True ynz=True cond=True claim_agree=True upper=0.956913554410  CERT
289276515,0,1 T   mem=True nz=True ynz=True cond=True claim_agree=True upper=2605.77903122  CERT
292907429,0,1 RHO mem=True nz=True ynz=True cond=True claim_agree=True upper=0.944677199849  CERT
292907429,0,1 T   mem=True nz=True ynz=True cond=True claim_agree=True upper=2718.23983211  CERT
319148275,0,1 RHO mem=True nz=True ynz=True cond=True claim_agree=True upper=0.953529938462  CERT
319148275,0,1 T   mem=True nz=True ynz=True cond=True claim_agree=True upper=2722.15830920  CERT
382400747,0,1 RHO mem=True nz=True ynz=True cond=True claim_agree=True upper=0.964011297754  CERT
382400747,0,1 T   mem=True nz=True ynz=True cond=True claim_agree=True upper=2464.04143720  CERT
394847367,0,1 RHO mem=True nz=True ynz=True cond=True claim_agree=True upper=0.945216186215  CERT
394847367,0,1 T   mem=True nz=True ynz=True cond=True claim_agree=True upper=2535.16726788  CERT
428904629,0,1 RHO mem=True nz=True ynz=True cond=True claim_agree=True upper=0.959230415714  CERT
428904629,0,1 T   mem=True nz=True ynz=True cond=True claim_agree=True upper=2711.77294840  CERT
459450467,0,1 RHO mem=True nz=True ynz=True cond=True claim_agree=True upper=0.959230415714  CERT
459450467,0,1 T   mem=True nz=True ynz=True cond=True claim_agree=True upper=1825.42018068  CERT
496241224,0,1 RHO mem=True nz=True ynz=True cond=True claim_agree=True upper=0.946072227272  CERT
496241224,0,1 T   mem=True nz=True ynz=True cond=True claim_agree=True upper=1886.00284305  CERT
504749433,0,1 RHO mem=True nz=True ynz=True cond=True claim_agree=True upper=0.975034049922  CERT
504749433,0,1 T   mem=True nz=True ynz=True cond=True claim_agree=True upper=3126.06651607  CERT
541540190,0,1 RHO mem=True nz=True ynz=True cond=True claim_agree=True upper=0.941412455229  CERT
541540190,0,1 T   mem=True nz=True ynz=True cond=True claim_agree=True upper=1968.00904698  CERT
572086028,0,1 RHO mem=True nz=True ynz=True cond=True claim_agree=True upper=0.941412455229  CERT
572086028,0,1 T   mem=True nz=True ynz=True cond=True claim_agree=True upper=2841.20081711  CERT
606143290,0,1 RHO mem=True nz=True ynz=True cond=True claim_agree=True upper=0.969086643538  CERT
606143290,0,1 T   mem=True nz=True ynz=True cond=True claim_agree=True upper=2331.90617866  CERT
618589910,0,1 RHO mem=True nz=True ynz=True cond=True claim_agree=True upper=0.964261184395  CERT
618589910,0,1 T   mem=True nz=True ynz=True cond=True claim_agree=True upper=2179.38307463  CERT
681842382,0,1 RHO mem=True nz=True ynz=True cond=True claim_agree=True upper=0.921345077527  CERT
681842382,0,1 T   mem=True nz=True ynz=True cond=True claim_agree=True upper=2026.80430661  CERT
708083228,0,1 RHO mem=True nz=True ynz=True cond=True claim_agree=True upper=0.954874827034  CERT
708083228,0,1 T   mem=True nz=True ynz=True cond=True claim_agree=True upper=2590.55603399  CERT
711714142,0,1 RHO mem=True nz=True ynz=True cond=True claim_agree=True upper=0.960584328514  CERT
711714142,0,1 T   mem=True nz=True ynz=True cond=True claim_agree=True upper=2803.11276781  CERT
751200872,0,1 RHO mem=True nz=True ynz=True cond=True claim_agree=True upper=0.921345077527  CERT
751200872,0,1 T   mem=True nz=True ynz=True cond=True claim_agree=True upper=1417.52862342  CERT
771687720,0,1 RHO mem=True nz=True ynz=True cond=True claim_agree=True upper=0.964261184395  CERT
771687720,0,1 T   mem=True nz=True ynz=True cond=True claim_agree=True upper=1815.36565886  CERT
850285997,0,1 RHO mem=True nz=True ynz=True cond=True claim_agree=True upper=0.930836518332  CERT
850285997,0,1 T   mem=True nz=True ynz=True cond=True claim_agree=True upper=1927.18690373  CERT
850644717,0,1 RHO mem=True nz=True ynz=True cond=True claim_agree=True upper=0.960584328514  CERT
850644717,0,1 T   mem=True nz=True ynz=True cond=True claim_agree=True upper=2544.32066767  CERT
910141716,0,1 RHO mem=True nz=True ynz=True cond=True claim_agree=True upper=0.945216186215  CERT
910141716,0,1 T   mem=True nz=True ynz=True cond=True claim_agree=True upper=2417.93789930  CERT
964000759,0,1 RHO mem=True nz=True ynz=True cond=True claim_agree=True upper=0.943118504505  CERT
964000759,0,1 T   mem=True nz=True ynz=True cond=True claim_agree=True upper=3176.26865478  CERT
981525898,0,1 RHO mem=True nz=True ynz=True cond=True claim_agree=True upper=0.954874827034  CERT
981525898,0,1 T   mem=True nz=True ynz=True cond=True claim_agree=True upper=3223.52232776  CERT
993778360,0,1 RHO mem=True nz=True ynz=True cond=True claim_agree=True upper=0.946072227272  CERT
993778360,0,1 T   mem=True nz=True ynz=True cond=True claim_agree=True upper=2634.37619429  CERT
FAMILY VERIFY n=7 l=1000990657 : EXCLUDED (components certified 32 / 32 ; lines 64 ; failed lines 0)
FAMILY VERIFY PASS
