FACTORIZATION: 32 irreducible factors of degree 2 over F_1000433089: OK (header deg/ncomp/bar_T agree)
22489671,0,1 RHO mem=True nz=True ynz=True cond=True claim_agree=True upper=0.897419708871  CERT
22489671,0,1 T   mem=True nz=True ynz=True cond=True claim_agree=True upper=1861.40401220  CERT
85499089,0,1 RHO mem=True nz=True ynz=True cond=True claim_agree=True upper=0.864744510308  CERT
85499089,0,1 T   mem=True nz=True ynz=True cond=True claim_agree=True upper=1646.54826836  CERT
101114453,0,1 RHO mem=True nz=True ynz=True cond=True claim_agree=True upper=0.873585664089  CERT
101114453,0,1 T   mem=True nz=True ynz=True cond=True claim_agree=True upper=1644.24909515  CERT
126069539,0,1 RHO mem=True nz=True ynz=True cond=True claim_agree=True upper=0.892015373550  CERT
126069539,0,1 T   mem=True nz=True ynz=True cond=True claim_agree=True upper=1771.04324045  CERT
143005132,0,1 RHO mem=True nz=True ynz=True cond=True claim_agree=True upper=0.927646826664  CERT
143005132,0,1 T   mem=True nz=True ynz=True cond=True claim_agree=True upper=2285.60908009  CERT
204496275,0,1 RHO mem=True nz=True ynz=True cond=True claim_agree=True upper=0.880141275921  CERT
204496275,0,1 T   mem=True nz=True ynz=True cond=True claim_agree=True upper=2298.23261181  CERT
215502249,0,1 RHO mem=True nz=True ynz=True cond=True claim_agree=True upper=0.862852543470  CERT
215502249,0,1 T   mem=True nz=True ynz=True cond=True claim_agree=True upper=1603.29679365  CERT
241193600,0,1 RHO mem=True nz=True ynz=True cond=True claim_agree=True upper=0.927646826664  CERT
241193600,0,1 T   mem=True nz=True ynz=True cond=True claim_agree=True upper=2196.20785468  CERT
253944427,0,1 RHO mem=True nz=True ynz=True cond=True claim_agree=True upper=0.864744510308  CERT
253944427,0,1 T   mem=True nz=True ynz=True cond=True claim_agree=True upper=1892.72038375  CERT
254978563,0,1 RHO mem=True nz=True ynz=True cond=True claim_agree=True upper=0.922720259238  CERT
254978563,0,1 T   mem=True nz=True ynz=True cond=True claim_agree=True upper=2848.23596220  CERT
282107990,0,1 RHO mem=True nz=True ynz=True cond=True claim_agree=True upper=0.901736215143  CERT
282107990,0,1 T   mem=True nz=True ynz=True cond=True claim_agree=True upper=2263.07491306  CERT
315043435,0,1 RHO mem=True nz=True ynz=True cond=True claim_agree=True upper=0.897419708871  CERT
315043435,0,1 T   mem=True nz=True ynz=True cond=True claim_agree=True upper=1782.02685915  CERT
403229208,0,1 RHO mem=True nz=True ynz=True cond=True claim_agree=True upper=0.846046428075  CERT
403229208,0,1 T   mem=True nz=True ynz=True cond=True claim_agree=True upper=2229.26083009  CERT
444671351,0,1 RHO mem=True nz=True ynz=True cond=True claim_agree=True upper=0.905650867562  CERT
444671351,0,1 T   mem=True nz=True ynz=True cond=True claim_agree=True upper=1893.35138998  CERT
461389656,0,1 RHO mem=True nz=True ynz=True cond=True claim_agree=True upper=0.922720259238  CERT
461389656,0,1 T   mem=True nz=True ynz=True cond=True claim_agree=True upper=2220.93909495  CERT
474590429,0,1 RHO mem=True nz=True ynz=True cond=True claim_agree=True upper=0.846046428075  CERT
474590429,0,1 T   mem=True nz=True ynz=True cond=True claim_agree=True upper=1524.88396460  CERT
525842660,0,1 RHO mem=True nz=True ynz=True cond=True claim_agree=True upper=0.843550689244  CERT
525842660,0,1 T   mem=True nz=True ynz=True cond=True claim_agree=True upper=2018.12386165  CERT
539043433,0,1 RHO mem=True nz=True ynz=True cond=True claim_agree=True upper=0.815535647437  CERT
539043433,0,1 T   mem=True nz=True ynz=True cond=True claim_agree=True upper=1873.25324885  CERT
555761738,0,1 RHO mem=True nz=True ynz=True cond=True claim_agree=True upper=0.873585664089  CERT
555761738,0,1 T   mem=True nz=True ynz=True cond=True claim_agree=True upper=1992.15508459  CERT
597203881,0,1 RHO mem=True nz=True ynz=True cond=True claim_agree=True upper=0.843550689244  CERT
597203881,0,1 T   mem=True nz=True ynz=True cond=True claim_agree=True upper=2033.05554354  CERT
685389654,0,1 RHO mem=True nz=True ynz=True cond=True claim_agree=True upper=0.887663156886  CERT
685389654,0,1 T   mem=True nz=True ynz=True cond=True claim_agree=True upper=1776.56448322  CERT
718325099,0,1 RHO mem=True nz=True ynz=True cond=True claim_agree=True upper=0.880141275921  CERT
718325099,0,1 T   mem=True nz=True ynz=True cond=True claim_agree=True upper=1743.84240428  CERT
745454526,0,1 RHO mem=True nz=True ynz=True cond=True claim_agree=True upper=0.815535647437  CERT
745454526,0,1 T   mem=True nz=True ynz=True cond=True claim_agree=True upper=1928.40348083  CERT
746488662,0,1 RHO mem=True nz=True ynz=True cond=True claim_agree=True upper=0.906616437283  CERT
746488662,0,1 T   mem=True nz=True ynz=True cond=True claim_agree=True upper=2157.08523341  CERT
759239489,0,1 RHO mem=True nz=True ynz=True cond=True claim_agree=True upper=0.863272960219  CERT
759239489,0,1 T   mem=True nz=True ynz=True cond=True claim_agree=True upper=2642.70440419  CERT
784930840,0,1 RHO mem=True nz=True ynz=True cond=True claim_agree=True upper=0.892015373550  CERT
784930840,0,1 T   mem=True nz=True ynz=True cond=True claim_agree=True upper=1736.41951078  CERT
795936814,0,1 RHO mem=True nz=True ynz=True cond=True claim_agree=True upper=0.901736215143  CERT
795936814,0,1 T   mem=True nz=True ynz=True cond=True claim_agree=True upper=2526.10221962  CERT
857427957,0,1 RHO mem=True nz=True ynz=True cond=True claim_agree=True upper=0.863272960219  CERT
857427957,0,1 T   mem=True nz=True ynz=True cond=True claim_agree=True upper=1757.98183660  CERT
874363550,0,1 RHO mem=True nz=True ynz=True cond=True claim_agree=True upper=0.862852543470  CERT
874363550,0,1 T   mem=True nz=True ynz=True cond=True claim_agree=True upper=1286.45414508  CERT
899318636,0,1 RHO mem=True nz=True ynz=True cond=True claim_agree=True upper=0.905650867562  CERT
899318636,0,1 T   mem=True nz=True ynz=True cond=True claim_agree=True upper=2335.50371016  CERT
914934000,0,1 RHO mem=True nz=True ynz=True cond=True claim_agree=True upper=0.906616437283  CERT
914934000,0,1 T   mem=True nz=True ynz=True cond=True claim_agree=True upper=2377.60356911  CERT
977943418,0,1 RHO mem=True nz=True ynz=True cond=True claim_agree=True upper=0.887663156886  CERT
977943418,0,1 T   mem=True nz=True ynz=True cond=True claim_agree=True upper=1791.24088947  CERT
FAMILY VERIFY n=7 l=1000433089 : EXCLUDED (components certified 32 / 32 ; lines 64 ; failed lines 0)
FAMILY VERIFY PASS
