FACTORIZATION: 32 irreducible factors of degree 2 over F_1000176449: OK (header deg/ncomp/bar_T agree)
8352993,0,1 RHO mem=True nz=True ynz=True cond=True claim_agree=True upper=0.969807577657  CERT
8352993,0,1 T   mem=True nz=True ynz=True cond=True claim_agree=True upper=2433.12025710  CERT
15441763,0,1 RHO mem=True nz=True ynz=True cond=True claim_agree=True upper=0.955218685406  CERT
15441763,0,1 T   mem=True nz=True ynz=True cond=True claim_agree=True upper=2560.84018957  CERT
143562486,0,1 RHO mem=True nz=True ynz=True cond=True claim_agree=True upper=0.921412181404  CERT
143562486,0,1 T   mem=True nz=True ynz=True cond=True claim_agree=True upper=2252.68204896  CERT
150851350,0,1 RHO mem=True nz=True ynz=True cond=True claim_agree=True upper=0.954106813369  CERT
150851350,0,1 T   mem=True nz=True ynz=True cond=True claim_agree=True upper=2919.24878144  CERT
154489995,0,1 RHO mem=True nz=True ynz=True cond=True claim_agree=True upper=0.915178314722  CERT
154489995,0,1 T   mem=True nz=True ynz=True cond=True claim_agree=True upper=2296.34851459  CERT
203778103,0,1 RHO mem=True nz=True ynz=True cond=True claim_agree=True upper=0.927696605919  CERT
203778103,0,1 T   mem=True nz=True ynz=True cond=True claim_agree=True upper=2088.14456317  CERT
208285598,0,1 RHO mem=True nz=True ynz=True cond=True claim_agree=True upper=0.921412181404  CERT
208285598,0,1 T   mem=True nz=True ynz=True cond=True claim_agree=True upper=1697.27491881  CERT
254481962,0,1 RHO mem=True nz=True ynz=True cond=True claim_agree=True upper=0.932730471442  CERT
254481962,0,1 T   mem=True nz=True ynz=True cond=True claim_agree=True upper=1963.11197833  CERT
290498705,0,1 RHO mem=True nz=True ynz=True cond=True claim_agree=True upper=0.915178314722  CERT
290498705,0,1 T   mem=True nz=True ynz=True cond=True claim_agree=True upper=2652.66788558  CERT
292886328,0,1 RHO mem=True nz=True ynz=True cond=True claim_agree=True upper=0.915068207574  CERT
292886328,0,1 T   mem=True nz=True ynz=True cond=True claim_agree=True upper=2112.79132412  CERT
295825384,0,1 RHO mem=True nz=True ynz=True cond=True claim_agree=True upper=0.932730471442  CERT
295825384,0,1 T   mem=True nz=True ynz=True cond=True claim_agree=True upper=2077.73244726  CERT
343288004,0,1 RHO mem=True nz=True ynz=True cond=True claim_agree=True upper=0.948247880964  CERT
343288004,0,1 T   mem=True nz=True ynz=True cond=True claim_agree=True upper=2289.05374945  CERT
380866910,0,1 RHO mem=True nz=True ynz=True cond=True claim_agree=True upper=0.941587787463  CERT
380866910,0,1 T   mem=True nz=True ynz=True cond=True claim_agree=True upper=2466.86466693  CERT
385996712,0,1 RHO mem=True nz=True ynz=True cond=True claim_agree=True upper=0.915068207574  CERT
385996712,0,1 T   mem=True nz=True ynz=True cond=True claim_agree=True upper=2086.95184908  CERT
402640841,0,1 RHO mem=True nz=True ynz=True cond=True claim_agree=True upper=0.942089330458  CERT
402640841,0,1 T   mem=True nz=True ynz=True cond=True claim_agree=True upper=2125.66711885  CERT
482566323,0,1 RHO mem=True nz=True ynz=True cond=True claim_agree=True upper=0.969807577657  CERT
482566323,0,1 T   mem=True nz=True ynz=True cond=True claim_agree=True upper=2489.26775429  CERT
517610126,0,1 RHO mem=True nz=True ynz=True cond=True claim_agree=True upper=0.946724541403  CERT
517610126,0,1 T   mem=True nz=True ynz=True cond=True claim_agree=True upper=1953.18873845  CERT
597535608,0,1 RHO mem=True nz=True ynz=True cond=True claim_agree=True upper=0.954106813369  CERT
597535608,0,1 T   mem=True nz=True ynz=True cond=True claim_agree=True upper=1942.57701459  CERT
614179737,0,1 RHO mem=True nz=True ynz=True cond=True claim_agree=True upper=0.917961100075  CERT
614179737,0,1 T   mem=True nz=True ynz=True cond=True claim_agree=True upper=2367.57365761  CERT
619309539,0,1 RHO mem=True nz=True ynz=True cond=True claim_agree=True upper=0.955218685406  CERT
619309539,0,1 T   mem=True nz=True ynz=True cond=True claim_agree=True upper=2711.55800089  CERT
656888445,0,1 RHO mem=True nz=True ynz=True cond=True claim_agree=True upper=0.927696605919  CERT
656888445,0,1 T   mem=True nz=True ynz=True cond=True claim_agree=True upper=2604.19327237  CERT
704351065,0,1 RHO mem=True nz=True ynz=True cond=True claim_agree=True upper=0.950318900588  CERT
704351065,0,1 T   mem=True nz=True ynz=True cond=True claim_agree=True upper=2546.78985380  CERT
707290121,0,1 RHO mem=True nz=True ynz=True cond=True claim_agree=True upper=0.917961100075  CERT
707290121,0,1 T   mem=True nz=True ynz=True cond=True claim_agree=True upper=2439.93371416  CERT
709677744,0,1 RHO mem=True nz=True ynz=True cond=True claim_agree=True upper=0.879660600697  CERT
709677744,0,1 T   mem=True nz=True ynz=True cond=True claim_agree=True upper=2100.09870054  CERT
745694487,0,1 RHO mem=True nz=True ynz=True cond=True claim_agree=True upper=0.950318900588  CERT
745694487,0,1 T   mem=True nz=True ynz=True cond=True claim_agree=True upper=2427.46954955  CERT
791890851,0,1 RHO mem=True nz=True ynz=True cond=True claim_agree=True upper=0.934002468899  CERT
791890851,0,1 T   mem=True nz=True ynz=True cond=True claim_agree=True upper=2173.96411152  CERT
796398346,0,1 RHO mem=True nz=True ynz=True cond=True claim_agree=True upper=0.948247880964  CERT
796398346,0,1 T   mem=True nz=True ynz=True cond=True claim_agree=True upper=2603.22815913  CERT
845686454,0,1 RHO mem=True nz=True ynz=True cond=True claim_agree=True upper=0.879660600697  CERT
845686454,0,1 T   mem=True nz=True ynz=True cond=True claim_agree=True upper=2336.08649432  CERT
849325099,0,1 RHO mem=True nz=True ynz=True cond=True claim_agree=True upper=0.942089330458  CERT
849325099,0,1 T   mem=True nz=True ynz=True cond=True claim_agree=True upper=2243.57581039  CERT
856613963,0,1 RHO mem=True nz=True ynz=True cond=True claim_agree=True upper=0.934002468899  CERT
856613963,0,1 T   mem=True nz=True ynz=True cond=True claim_agree=True upper=1951.85544370  CERT
984734686,0,1 RHO mem=True nz=True ynz=True cond=True claim_agree=True upper=0.941587787463  CERT
984734686,0,1 T   mem=True nz=True ynz=True cond=True claim_agree=True upper=2615.08312418  CERT
991823456,0,1 RHO mem=True nz=True ynz=True cond=True claim_agree=True upper=0.946724541403  CERT
991823456,0,1 T   mem=True nz=True ynz=True cond=True claim_agree=True upper=2769.40765969  CERT
FAMILY VERIFY n=7 l=1000176449 : EXCLUDED (components certified 32 / 32 ; lines 64 ; failed lines 0)
FAMILY VERIFY PASS
