FACTORIZATION: 32 irreducible factors of degree 2 over F_1001174849: OK (header deg/ncomp/bar_T agree)
83282806,0,1 RHO mem=True nz=True ynz=True cond=True claim_agree=True upper=0.876808328779  CERT
83282806,0,1 T   mem=True nz=True ynz=True cond=True claim_agree=True upper=1428.11922891  CERT
103176930,0,1 RHO mem=True nz=True ynz=True cond=True claim_agree=True upper=0.924966764758  CERT
103176930,0,1 T   mem=True nz=True ynz=True cond=True claim_agree=True upper=1803.76762396  CERT
168256425,0,1 RHO mem=True nz=True ynz=True cond=True claim_agree=True upper=0.918402074352  CERT
168256425,0,1 T   mem=True nz=True ynz=True cond=True claim_agree=True upper=2112.27493815  CERT
200355670,0,1 RHO mem=True nz=True ynz=True cond=True claim_agree=True upper=0.909176638002  CERT
200355670,0,1 T   mem=True nz=True ynz=True cond=True claim_agree=True upper=1741.16438182  CERT
204680284,0,1 RHO mem=True nz=True ynz=True cond=True claim_agree=True upper=0.922730503758  CERT
204680284,0,1 T   mem=True nz=True ynz=True cond=True claim_agree=True upper=2702.42500267  CERT
242809185,0,1 RHO mem=True nz=True ynz=True cond=True claim_agree=True upper=0.939186618549  CERT
242809185,0,1 T   mem=True nz=True ynz=True cond=True claim_agree=True upper=2239.16541673  CERT
250243309,0,1 RHO mem=True nz=True ynz=True cond=True claim_agree=True upper=0.912209181913  CERT
250243309,0,1 T   mem=True nz=True ynz=True cond=True claim_agree=True upper=2283.21810040  CERT
270656845,0,1 RHO mem=True nz=True ynz=True cond=True claim_agree=True upper=0.945032189598  CERT
270656845,0,1 T   mem=True nz=True ynz=True cond=True claim_agree=True upper=1836.59924201  CERT
300084452,0,1 RHO mem=True nz=True ynz=True cond=True claim_agree=True upper=0.925787378097  CERT
300084452,0,1 T   mem=True nz=True ynz=True cond=True claim_agree=True upper=1747.44996669  CERT
319993178,0,1 RHO mem=True nz=True ynz=True cond=True claim_agree=True upper=0.925787378097  CERT
319993178,0,1 T   mem=True nz=True ynz=True cond=True claim_agree=True upper=1981.83745522  CERT
346343336,0,1 RHO mem=True nz=True ynz=True cond=True claim_agree=True upper=0.931048417688  CERT
346343336,0,1 T   mem=True nz=True ynz=True cond=True claim_agree=True upper=2506.09472341  CERT
374621828,0,1 RHO mem=True nz=True ynz=True cond=True claim_agree=True upper=0.904347089609  CERT
374621828,0,1 T   mem=True nz=True ynz=True cond=True claim_agree=True upper=1983.98398269  CERT
381160003,0,1 RHO mem=True nz=True ynz=True cond=True claim_agree=True upper=0.939186618549  CERT
381160003,0,1 T   mem=True nz=True ynz=True cond=True claim_agree=True upper=2579.22602074  CERT
398586951,0,1 RHO mem=True nz=True ynz=True cond=True claim_agree=True upper=0.909090950536  CERT
398586951,0,1 T   mem=True nz=True ynz=True cond=True claim_agree=True upper=2029.02380709  CERT
475166960,0,1 RHO mem=True nz=True ynz=True cond=True claim_agree=True upper=0.931048417688  CERT
475166960,0,1 T   mem=True nz=True ynz=True cond=True claim_agree=True upper=2015.43137561  CERT
488033567,0,1 RHO mem=True nz=True ynz=True cond=True claim_agree=True upper=0.880873987723  CERT
488033567,0,1 T   mem=True nz=True ynz=True cond=True claim_agree=True upper=1903.52854006  CERT
513141282,0,1 RHO mem=True nz=True ynz=True cond=True claim_agree=True upper=0.918402074352  CERT
513141282,0,1 T   mem=True nz=True ynz=True cond=True claim_agree=True upper=2237.43842079  CERT
526007889,0,1 RHO mem=True nz=True ynz=True cond=True claim_agree=True upper=0.950842400381  CERT
526007889,0,1 T   mem=True nz=True ynz=True cond=True claim_agree=True upper=2535.16888756  CERT
602587898,0,1 RHO mem=True nz=True ynz=True cond=True claim_agree=True upper=0.924966764758  CERT
602587898,0,1 T   mem=True nz=True ynz=True cond=True claim_agree=True upper=2026.41339767  CERT
620014846,0,1 RHO mem=True nz=True ynz=True cond=True claim_agree=True upper=0.897821453179  CERT
620014846,0,1 T   mem=True nz=True ynz=True cond=True claim_agree=True upper=2056.17257724  CERT
626553021,0,1 RHO mem=True nz=True ynz=True cond=True claim_agree=True upper=0.912209181913  CERT
626553021,0,1 T   mem=True nz=True ynz=True cond=True claim_agree=True upper=1960.13338654  CERT
654831513,0,1 RHO mem=True nz=True ynz=True cond=True claim_agree=True upper=0.950842400381  CERT
654831513,0,1 T   mem=True nz=True ynz=True cond=True claim_agree=True upper=2533.04752317  CERT
681181671,0,1 RHO mem=True nz=True ynz=True cond=True claim_agree=True upper=0.899247268992  CERT
681181671,0,1 T   mem=True nz=True ynz=True cond=True claim_agree=True upper=2109.85497312  CERT
701090397,0,1 RHO mem=True nz=True ynz=True cond=True claim_agree=True upper=0.899247268992  CERT
701090397,0,1 T   mem=True nz=True ynz=True cond=True claim_agree=True upper=2118.05388377  CERT
730518004,0,1 RHO mem=True nz=True ynz=True cond=True claim_agree=True upper=0.909176638002  CERT
730518004,0,1 T   mem=True nz=True ynz=True cond=True claim_agree=True upper=1853.50467625  CERT
750931540,0,1 RHO mem=True nz=True ynz=True cond=True claim_agree=True upper=0.904347089609  CERT
750931540,0,1 T   mem=True nz=True ynz=True cond=True claim_agree=True upper=2178.63086216  CERT
758365664,0,1 RHO mem=True nz=True ynz=True cond=True claim_agree=True upper=0.897821453179  CERT
758365664,0,1 T   mem=True nz=True ynz=True cond=True claim_agree=True upper=2279.46179506  CERT
796494565,0,1 RHO mem=True nz=True ynz=True cond=True claim_agree=True upper=0.876808328779  CERT
796494565,0,1 T   mem=True nz=True ynz=True cond=True claim_agree=True upper=2148.68520694  CERT
800819179,0,1 RHO mem=True nz=True ynz=True cond=True claim_agree=True upper=0.945032189598  CERT
800819179,0,1 T   mem=True nz=True ynz=True cond=True claim_agree=True upper=2672.84154573  CERT
832918424,0,1 RHO mem=True nz=True ynz=True cond=True claim_agree=True upper=0.880873987723  CERT
832918424,0,1 T   mem=True nz=True ynz=True cond=True claim_agree=True upper=2071.31745222  CERT
897997919,0,1 RHO mem=True nz=True ynz=True cond=True claim_agree=True upper=0.909090950536  CERT
897997919,0,1 T   mem=True nz=True ynz=True cond=True claim_agree=True upper=2106.20440225  CERT
917892043,0,1 RHO mem=True nz=True ynz=True cond=True claim_agree=True upper=0.922730503758  CERT
917892043,0,1 T   mem=True nz=True ynz=True cond=True claim_agree=True upper=2041.05975560  CERT
FAMILY VERIFY n=7 l=1001174849 : EXCLUDED (components certified 32 / 32 ; lines 64 ; failed lines 0)
FAMILY VERIFY PASS
