FACTORIZATION: 32 irreducible factors of degree 2 over F_1000973761: OK (header deg/ncomp/bar_T agree)
18371102,0,1 RHO mem=True nz=True ynz=True cond=True claim_agree=True upper=0.959506610358  CERT
18371102,0,1 T   mem=True nz=True ynz=True cond=True claim_agree=True upper=2465.43637568  CERT
75952758,0,1 RHO mem=True nz=True ynz=True cond=True claim_agree=True upper=0.939075598897  CERT
75952758,0,1 T   mem=True nz=True ynz=True cond=True claim_agree=True upper=2122.48103807  CERT
88990128,0,1 RHO mem=True nz=True ynz=True cond=True claim_agree=True upper=0.919742660010  CERT
88990128,0,1 T   mem=True nz=True ynz=True cond=True claim_agree=True upper=1982.08168593  CERT
89710996,0,1 RHO mem=True nz=True ynz=True cond=True claim_agree=True upper=0.954209135373  CERT
89710996,0,1 T   mem=True nz=True ynz=True cond=True claim_agree=True upper=2225.64012280  CERT
114913586,0,1 RHO mem=True nz=True ynz=True cond=True claim_agree=True upper=0.929279329762  CERT
114913586,0,1 T   mem=True nz=True ynz=True cond=True claim_agree=True upper=2175.14866250  CERT
134073381,0,1 RHO mem=True nz=True ynz=True cond=True claim_agree=True upper=0.929279329762  CERT
134073381,0,1 T   mem=True nz=True ynz=True cond=True claim_agree=True upper=2713.17767222  CERT
159085092,0,1 RHO mem=True nz=True ynz=True cond=True claim_agree=True upper=0.961736512784  CERT
159085092,0,1 T   mem=True nz=True ynz=True cond=True claim_agree=True upper=2285.61690043  CERT
189363233,0,1 RHO mem=True nz=True ynz=True cond=True claim_agree=True upper=0.959916135503  CERT
189363233,0,1 T   mem=True nz=True ynz=True cond=True claim_agree=True upper=2586.63518850  CERT
260961200,0,1 RHO mem=True nz=True ynz=True cond=True claim_agree=True upper=0.946793140584  CERT
260961200,0,1 T   mem=True nz=True ynz=True cond=True claim_agree=True upper=2456.99700461  CERT
282238407,0,1 RHO mem=True nz=True ynz=True cond=True claim_agree=True upper=0.914791031440  CERT
282238407,0,1 T   mem=True nz=True ynz=True cond=True claim_agree=True upper=2282.84166783  CERT
289848539,0,1 RHO mem=True nz=True ynz=True cond=True claim_agree=True upper=0.959506610358  CERT
289848539,0,1 T   mem=True nz=True ynz=True cond=True claim_agree=True upper=2248.64780414  CERT
303872470,0,1 RHO mem=True nz=True ynz=True cond=True claim_agree=True upper=0.914791031440  CERT
303872470,0,1 T   mem=True nz=True ynz=True cond=True claim_agree=True upper=1656.25418887  CERT
445509930,0,1 RHO mem=True nz=True ynz=True cond=True claim_agree=True upper=0.944408267037  CERT
445509930,0,1 T   mem=True nz=True ynz=True cond=True claim_agree=True upper=2024.85347577  CERT
452577555,0,1 RHO mem=True nz=True ynz=True cond=True claim_agree=True upper=0.963162912654  CERT
452577555,0,1 T   mem=True nz=True ynz=True cond=True claim_agree=True upper=2644.21066788  CERT
473636830,0,1 RHO mem=True nz=True ynz=True cond=True claim_agree=True upper=0.919742660010  CERT
473636830,0,1 T   mem=True nz=True ynz=True cond=True claim_agree=True upper=2420.49521295  CERT
496688991,0,1 RHO mem=True nz=True ynz=True cond=True claim_agree=True upper=0.971749948602  CERT
496688991,0,1 T   mem=True nz=True ynz=True cond=True claim_agree=True upper=2367.67267153  CERT
504284770,0,1 RHO mem=True nz=True ynz=True cond=True claim_agree=True upper=0.954209135373  CERT
504284770,0,1 T   mem=True nz=True ynz=True cond=True claim_agree=True upper=2027.61184782  CERT
527336931,0,1 RHO mem=True nz=True ynz=True cond=True claim_agree=True upper=0.942243906253  CERT
527336931,0,1 T   mem=True nz=True ynz=True cond=True claim_agree=True upper=2736.98077282  CERT
548396206,0,1 RHO mem=True nz=True ynz=True cond=True claim_agree=True upper=0.961736512784  CERT
548396206,0,1 T   mem=True nz=True ynz=True cond=True claim_agree=True upper=2142.08437136  CERT
555463831,0,1 RHO mem=True nz=True ynz=True cond=True claim_agree=True upper=0.959916135503  CERT
555463831,0,1 T   mem=True nz=True ynz=True cond=True claim_agree=True upper=2850.26042113  CERT
697101291,0,1 RHO mem=True nz=True ynz=True cond=True claim_agree=True upper=0.949740829801  CERT
697101291,0,1 T   mem=True nz=True ynz=True cond=True claim_agree=True upper=1921.68946567  CERT
711125222,0,1 RHO mem=True nz=True ynz=True cond=True claim_agree=True upper=0.948298412912  CERT
711125222,0,1 T   mem=True nz=True ynz=True cond=True claim_agree=True upper=2742.23349733  CERT
718735354,0,1 RHO mem=True nz=True ynz=True cond=True claim_agree=True upper=0.949740829801  CERT
718735354,0,1 T   mem=True nz=True ynz=True cond=True claim_agree=True upper=2592.62771547  CERT
740012561,0,1 RHO mem=True nz=True ynz=True cond=True claim_agree=True upper=0.939075598897  CERT
740012561,0,1 T   mem=True nz=True ynz=True cond=True claim_agree=True upper=2078.08162074  CERT
811610528,0,1 RHO mem=True nz=True ynz=True cond=True claim_agree=True upper=0.944408267037  CERT
811610528,0,1 T   mem=True nz=True ynz=True cond=True claim_agree=True upper=2420.58248975  CERT
841888669,0,1 RHO mem=True nz=True ynz=True cond=True claim_agree=True upper=0.963162912654  CERT
841888669,0,1 T   mem=True nz=True ynz=True cond=True claim_agree=True upper=2463.82018133  CERT
866900380,0,1 RHO mem=True nz=True ynz=True cond=True claim_agree=True upper=0.962915353378  CERT
866900380,0,1 T   mem=True nz=True ynz=True cond=True claim_agree=True upper=2392.05735574  CERT
886060175,0,1 RHO mem=True nz=True ynz=True cond=True claim_agree=True upper=0.962915353378  CERT
886060175,0,1 T   mem=True nz=True ynz=True cond=True claim_agree=True upper=2345.82173765  CERT
911262765,0,1 RHO mem=True nz=True ynz=True cond=True claim_agree=True upper=0.971749948602  CERT
911262765,0,1 T   mem=True nz=True ynz=True cond=True claim_agree=True upper=3277.94032252  CERT
911983633,0,1 RHO mem=True nz=True ynz=True cond=True claim_agree=True upper=0.942243906253  CERT
911983633,0,1 T   mem=True nz=True ynz=True cond=True claim_agree=True upper=2314.34782552  CERT
925021003,0,1 RHO mem=True nz=True ynz=True cond=True claim_agree=True upper=0.946793140584  CERT
925021003,0,1 T   mem=True nz=True ynz=True cond=True claim_agree=True upper=1863.78841822  CERT
982602659,0,1 RHO mem=True nz=True ynz=True cond=True claim_agree=True upper=0.948298412912  CERT
982602659,0,1 T   mem=True nz=True ynz=True cond=True claim_agree=True upper=1997.10680340  CERT
FAMILY VERIFY n=7 l=1000973761 : EXCLUDED (components certified 32 / 32 ; lines 64 ; failed lines 0)
FAMILY VERIFY PASS
