FACTORIZATION: 32 irreducible factors of degree 2 over F_1000476353: OK (header deg/ncomp/bar_T agree)
26340060,0,1 RHO mem=True nz=True ynz=True cond=True claim_agree=True upper=0.897024458922  CERT
26340060,0,1 T   mem=True nz=True ynz=True cond=True claim_agree=True upper=2361.27667766  CERT
37144284,0,1 RHO mem=True nz=True ynz=True cond=True claim_agree=True upper=0.869588979998  CERT
37144284,0,1 T   mem=True nz=True ynz=True cond=True claim_agree=True upper=2348.65554897  CERT
38089626,0,1 RHO mem=True nz=True ynz=True cond=True claim_agree=True upper=0.914128950865  CERT
38089626,0,1 T   mem=True nz=True ynz=True cond=True claim_agree=True upper=2654.26226842  CERT
38378020,0,1 RHO mem=True nz=True ynz=True cond=True claim_agree=True upper=0.856732284248  CERT
38378020,0,1 T   mem=True nz=True ynz=True cond=True claim_agree=True upper=2674.29544360  CERT
126640538,0,1 RHO mem=True nz=True ynz=True cond=True claim_agree=True upper=0.870717977256  CERT
126640538,0,1 T   mem=True nz=True ynz=True cond=True claim_agree=True upper=1985.35384248  CERT
143720272,0,1 RHO mem=True nz=True ynz=True cond=True claim_agree=True upper=0.903338972718  CERT
143720272,0,1 T   mem=True nz=True ynz=True cond=True claim_agree=True upper=2445.78224403  CERT
149181743,0,1 RHO mem=True nz=True ynz=True cond=True claim_agree=True upper=0.870717977256  CERT
149181743,0,1 T   mem=True nz=True ynz=True cond=True claim_agree=True upper=2368.83927109  CERT
218785726,0,1 RHO mem=True nz=True ynz=True cond=True claim_agree=True upper=0.903446946638  CERT
218785726,0,1 T   mem=True nz=True ynz=True cond=True claim_agree=True upper=2156.69566584  CERT
218904458,0,1 RHO mem=True nz=True ynz=True cond=True claim_agree=True upper=0.914128950865  CERT
218904458,0,1 T   mem=True nz=True ynz=True cond=True claim_agree=True upper=2268.72805777  CERT
261211082,0,1 RHO mem=True nz=True ynz=True cond=True claim_agree=True upper=0.869588979998  CERT
261211082,0,1 T   mem=True nz=True ynz=True cond=True claim_agree=True upper=2019.94934447  CERT
316578646,0,1 RHO mem=True nz=True ynz=True cond=True claim_agree=True upper=0.875150968051  CERT
316578646,0,1 T   mem=True nz=True ynz=True cond=True claim_agree=True upper=2378.75393895  CERT
357468514,0,1 RHO mem=True nz=True ynz=True cond=True claim_agree=True upper=0.903446946638  CERT
357468514,0,1 T   mem=True nz=True ynz=True cond=True claim_agree=True upper=2373.16974939  CERT
365215917,0,1 RHO mem=True nz=True ynz=True cond=True claim_agree=True upper=0.906904855542  CERT
365215917,0,1 T   mem=True nz=True ynz=True cond=True claim_agree=True upper=1825.30019007  CERT
368593287,0,1 RHO mem=True nz=True ynz=True cond=True claim_agree=True upper=0.873040703006  CERT
368593287,0,1 T   mem=True nz=True ynz=True cond=True claim_agree=True upper=2179.94764495  CERT
441116274,0,1 RHO mem=True nz=True ynz=True cond=True claim_agree=True upper=0.898994529457  CERT
441116274,0,1 T   mem=True nz=True ynz=True cond=True claim_agree=True upper=2254.63852744  CERT
457974264,0,1 RHO mem=True nz=True ynz=True cond=True claim_agree=True upper=0.934085578154  CERT
457974264,0,1 T   mem=True nz=True ynz=True cond=True claim_agree=True upper=2085.20363790  CERT
542502089,0,1 RHO mem=True nz=True ynz=True cond=True claim_agree=True upper=0.856732284248  CERT
542502089,0,1 T   mem=True nz=True ynz=True cond=True claim_agree=True upper=1873.36553890  CERT
559360079,0,1 RHO mem=True nz=True ynz=True cond=True claim_agree=True upper=0.897024458922  CERT
559360079,0,1 T   mem=True nz=True ynz=True cond=True claim_agree=True upper=2066.85994488  CERT
631883066,0,1 RHO mem=True nz=True ynz=True cond=True claim_agree=True upper=0.903338972718  CERT
631883066,0,1 T   mem=True nz=True ynz=True cond=True claim_agree=True upper=2222.56090801  CERT
635260436,0,1 RHO mem=True nz=True ynz=True cond=True claim_agree=True upper=0.875150968051  CERT
635260436,0,1 T   mem=True nz=True ynz=True cond=True claim_agree=True upper=1696.44289585  CERT
643007839,0,1 RHO mem=True nz=True ynz=True cond=True claim_agree=True upper=0.883254781099  CERT
643007839,0,1 T   mem=True nz=True ynz=True cond=True claim_agree=True upper=2210.70463284  CERT
683897707,0,1 RHO mem=True nz=True ynz=True cond=True claim_agree=True upper=0.906904855542  CERT
683897707,0,1 T   mem=True nz=True ynz=True cond=True claim_agree=True upper=2621.50168201  CERT
739265271,0,1 RHO mem=True nz=True ynz=True cond=True claim_agree=True upper=0.900579206599  CERT
739265271,0,1 T   mem=True nz=True ynz=True cond=True claim_agree=True upper=2162.61506548  CERT
781571895,0,1 RHO mem=True nz=True ynz=True cond=True claim_agree=True upper=0.877752900375  CERT
781571895,0,1 T   mem=True nz=True ynz=True cond=True claim_agree=True upper=2598.70883752  CERT
781690627,0,1 RHO mem=True nz=True ynz=True cond=True claim_agree=True upper=0.883254781099  CERT
781690627,0,1 T   mem=True nz=True ynz=True cond=True claim_agree=True upper=1828.10339005  CERT
851294610,0,1 RHO mem=True nz=True ynz=True cond=True claim_agree=True upper=0.912938314964  CERT
851294610,0,1 T   mem=True nz=True ynz=True cond=True claim_agree=True upper=2638.65338110  CERT
856756081,0,1 RHO mem=True nz=True ynz=True cond=True claim_agree=True upper=0.873040703006  CERT
856756081,0,1 T   mem=True nz=True ynz=True cond=True claim_agree=True upper=1462.78373405  CERT
873835815,0,1 RHO mem=True nz=True ynz=True cond=True claim_agree=True upper=0.912938314964  CERT
873835815,0,1 T   mem=True nz=True ynz=True cond=True claim_agree=True upper=2125.69466536  CERT
962098333,0,1 RHO mem=True nz=True ynz=True cond=True claim_agree=True upper=0.934085578154  CERT
962098333,0,1 T   mem=True nz=True ynz=True cond=True claim_agree=True upper=2489.65486249  CERT
962386727,0,1 RHO mem=True nz=True ynz=True cond=True claim_agree=True upper=0.877752900375  CERT
962386727,0,1 T   mem=True nz=True ynz=True cond=True claim_agree=True upper=1732.88593872  CERT
963332069,0,1 RHO mem=True nz=True ynz=True cond=True claim_agree=True upper=0.900579206599  CERT
963332069,0,1 T   mem=True nz=True ynz=True cond=True claim_agree=True upper=1809.93865255  CERT
974136293,0,1 RHO mem=True nz=True ynz=True cond=True claim_agree=True upper=0.898994529457  CERT
974136293,0,1 T   mem=True nz=True ynz=True cond=True claim_agree=True upper=1744.21576046  CERT
FAMILY VERIFY n=7 l=1000476353 : EXCLUDED (components certified 32 / 32 ; lines 64 ; failed lines 0)
FAMILY VERIFY PASS
