FACTORIZATION: 32 irreducible factors of degree 2 over F_1000598593: OK (header deg/ncomp/bar_T agree)
10821900,0,1 RHO mem=True nz=True ynz=True cond=True claim_agree=True upper=0.876594521979  CERT
10821900,0,1 T   mem=True nz=True ynz=True cond=True claim_agree=True upper=2480.65322828  CERT
11226621,0,1 RHO mem=True nz=True ynz=True cond=True claim_agree=True upper=0.897832375808  CERT
11226621,0,1 T   mem=True nz=True ynz=True cond=True claim_agree=True upper=2006.11936891  CERT
36455197,0,1 RHO mem=True nz=True ynz=True cond=True claim_agree=True upper=0.950143937670  CERT
36455197,0,1 T   mem=True nz=True ynz=True cond=True claim_agree=True upper=2660.44075623  CERT
67229579,0,1 RHO mem=True nz=True ynz=True cond=True claim_agree=True upper=0.921755722800  CERT
67229579,0,1 T   mem=True nz=True ynz=True cond=True claim_agree=True upper=1896.60968721  CERT
94924276,0,1 RHO mem=True nz=True ynz=True cond=True claim_agree=True upper=0.934749917037  CERT
94924276,0,1 T   mem=True nz=True ynz=True cond=True claim_agree=True upper=2261.99706649  CERT
102051791,0,1 RHO mem=True nz=True ynz=True cond=True claim_agree=True upper=0.933976071197  CERT
102051791,0,1 T   mem=True nz=True ynz=True cond=True claim_agree=True upper=2366.77885930  CERT
121850896,0,1 RHO mem=True nz=True ynz=True cond=True claim_agree=True upper=0.916307766138  CERT
121850896,0,1 T   mem=True nz=True ynz=True cond=True claim_agree=True upper=1775.05710976  CERT
226345650,0,1 RHO mem=True nz=True ynz=True cond=True claim_agree=True upper=0.956572623773  CERT
226345650,0,1 T   mem=True nz=True ynz=True cond=True claim_agree=True upper=2488.35942807  CERT
252445813,0,1 RHO mem=True nz=True ynz=True cond=True claim_agree=True upper=0.899307869791  CERT
252445813,0,1 T   mem=True nz=True ynz=True cond=True claim_agree=True upper=1755.03178682  CERT
299210559,0,1 RHO mem=True nz=True ynz=True cond=True claim_agree=True upper=0.956572623773  CERT
299210559,0,1 T   mem=True nz=True ynz=True cond=True claim_agree=True upper=1837.54493059  CERT
314256288,0,1 RHO mem=True nz=True ynz=True cond=True claim_agree=True upper=0.925534622348  CERT
314256288,0,1 T   mem=True nz=True ynz=True cond=True claim_agree=True upper=2490.69272477  CERT
380263438,0,1 RHO mem=True nz=True ynz=True cond=True claim_agree=True upper=0.921755722800  CERT
380263438,0,1 T   mem=True nz=True ynz=True cond=True claim_agree=True upper=2338.62985433  CERT
400046504,0,1 RHO mem=True nz=True ynz=True cond=True claim_agree=True upper=0.964395394198  CERT
400046504,0,1 T   mem=True nz=True ynz=True cond=True claim_agree=True upper=2191.50678938  CERT
427291816,0,1 RHO mem=True nz=True ynz=True cond=True claim_agree=True upper=0.876594521979  CERT
427291816,0,1 T   mem=True nz=True ynz=True cond=True claim_agree=True upper=1979.74201152  CERT
472259269,0,1 RHO mem=True nz=True ynz=True cond=True claim_agree=True upper=0.934749917037  CERT
472259269,0,1 T   mem=True nz=True ynz=True cond=True claim_agree=True upper=2431.24341490  CERT
484964321,0,1 RHO mem=True nz=True ynz=True cond=True claim_agree=True upper=0.933976071197  CERT
484964321,0,1 T   mem=True nz=True ynz=True cond=True claim_agree=True upper=2755.07915660  CERT
515634272,0,1 RHO mem=True nz=True ynz=True cond=True claim_agree=True upper=0.911349063754  CERT
515634272,0,1 T   mem=True nz=True ynz=True cond=True claim_agree=True upper=2852.73251201  CERT
528339324,0,1 RHO mem=True nz=True ynz=True cond=True claim_agree=True upper=0.924419186161  CERT
528339324,0,1 T   mem=True nz=True ynz=True cond=True claim_agree=True upper=2374.39243124  CERT
573306777,0,1 RHO mem=True nz=True ynz=True cond=True claim_agree=True upper=0.940183460886  CERT
573306777,0,1 T   mem=True nz=True ynz=True cond=True claim_agree=True upper=2395.65736441  CERT
600552089,0,1 RHO mem=True nz=True ynz=True cond=True claim_agree=True upper=0.925534622348  CERT
600552089,0,1 T   mem=True nz=True ynz=True cond=True claim_agree=True upper=1933.59082349  CERT
620335155,0,1 RHO mem=True nz=True ynz=True cond=True claim_agree=True upper=0.931323955793  CERT
620335155,0,1 T   mem=True nz=True ynz=True cond=True claim_agree=True upper=2404.13888120  CERT
686342305,0,1 RHO mem=True nz=True ynz=True cond=True claim_agree=True upper=0.964395394198  CERT
686342305,0,1 T   mem=True nz=True ynz=True cond=True claim_agree=True upper=2475.45497598  CERT
701388034,0,1 RHO mem=True nz=True ynz=True cond=True claim_agree=True upper=0.908426063175  CERT
701388034,0,1 T   mem=True nz=True ynz=True cond=True claim_agree=True upper=1889.50472084  CERT
748152780,0,1 RHO mem=True nz=True ynz=True cond=True claim_agree=True upper=0.897832375808  CERT
748152780,0,1 T   mem=True nz=True ynz=True cond=True claim_agree=True upper=2553.31645155  CERT
774252943,0,1 RHO mem=True nz=True ynz=True cond=True claim_agree=True upper=0.908426063175  CERT
774252943,0,1 T   mem=True nz=True ynz=True cond=True claim_agree=True upper=2846.21257527  CERT
878747697,0,1 RHO mem=True nz=True ynz=True cond=True claim_agree=True upper=0.950143937670  CERT
878747697,0,1 T   mem=True nz=True ynz=True cond=True claim_agree=True upper=2301.76529939  CERT
898546802,0,1 RHO mem=True nz=True ynz=True cond=True claim_agree=True upper=0.911349063754  CERT
898546802,0,1 T   mem=True nz=True ynz=True cond=True claim_agree=True upper=2471.17632521  CERT
905674317,0,1 RHO mem=True nz=True ynz=True cond=True claim_agree=True upper=0.924419186161  CERT
905674317,0,1 T   mem=True nz=True ynz=True cond=True claim_agree=True upper=2853.78806264  CERT
933369014,0,1 RHO mem=True nz=True ynz=True cond=True claim_agree=True upper=0.931323955793  CERT
933369014,0,1 T   mem=True nz=True ynz=True cond=True claim_agree=True upper=2209.86338087  CERT
964143396,0,1 RHO mem=True nz=True ynz=True cond=True claim_agree=True upper=0.916307766138  CERT
964143396,0,1 T   mem=True nz=True ynz=True cond=True claim_agree=True upper=2016.01094567  CERT
989371972,0,1 RHO mem=True nz=True ynz=True cond=True claim_agree=True upper=0.899307869791  CERT
989371972,0,1 T   mem=True nz=True ynz=True cond=True claim_agree=True upper=1747.95381587  CERT
989776693,0,1 RHO mem=True nz=True ynz=True cond=True claim_agree=True upper=0.940183460886  CERT
989776693,0,1 T   mem=True nz=True ynz=True cond=True claim_agree=True upper=2061.06177759  CERT
FAMILY VERIFY n=7 l=1000598593 : EXCLUDED (components certified 32 / 32 ; lines 64 ; failed lines 0)
FAMILY VERIFY PASS
