FACTORIZATION: 32 irreducible factors of degree 2 over F_1001007937: OK (header deg/ncomp/bar_T agree)
10322740,0,1 RHO mem=True nz=True ynz=True cond=True claim_agree=True upper=0.855373400992  CERT
10322740,0,1 T   mem=True nz=True ynz=True cond=True claim_agree=True upper=1656.32430333  CERT
110052852,0,1 RHO mem=True nz=True ynz=True cond=True claim_agree=True upper=0.914152978835  CERT
110052852,0,1 T   mem=True nz=True ynz=True cond=True claim_agree=True upper=3026.87467514  CERT
167816610,0,1 RHO mem=True nz=True ynz=True cond=True claim_agree=True upper=0.922521438898  CERT
167816610,0,1 T   mem=True nz=True ynz=True cond=True claim_agree=True upper=2293.12235675  CERT
182066939,0,1 RHO mem=True nz=True ynz=True cond=True claim_agree=True upper=0.922549406163  CERT
182066939,0,1 T   mem=True nz=True ynz=True cond=True claim_agree=True upper=1665.82135959  CERT
221102743,0,1 RHO mem=True nz=True ynz=True cond=True claim_agree=True upper=0.904392745229  CERT
221102743,0,1 T   mem=True nz=True ynz=True cond=True claim_agree=True upper=1996.17213466  CERT
237589127,0,1 RHO mem=True nz=True ynz=True cond=True claim_agree=True upper=0.948832113341  CERT
237589127,0,1 T   mem=True nz=True ynz=True cond=True claim_agree=True upper=1890.74485955  CERT
288017829,0,1 RHO mem=True nz=True ynz=True cond=True claim_agree=True upper=0.938174154373  CERT
288017829,0,1 T   mem=True nz=True ynz=True cond=True claim_agree=True upper=1875.79933752  CERT
295654651,0,1 RHO mem=True nz=True ynz=True cond=True claim_agree=True upper=0.917807718456  CERT
295654651,0,1 T   mem=True nz=True ynz=True cond=True claim_agree=True upper=1863.73746933  CERT
299905039,0,1 RHO mem=True nz=True ynz=True cond=True claim_agree=True upper=0.914152978835  CERT
299905039,0,1 T   mem=True nz=True ynz=True cond=True claim_agree=True upper=2280.84378319  CERT
310489865,0,1 RHO mem=True nz=True ynz=True cond=True claim_agree=True upper=0.944832735029  CERT
310489865,0,1 T   mem=True nz=True ynz=True cond=True claim_agree=True upper=2839.36680266  CERT
319366587,0,1 RHO mem=True nz=True ynz=True cond=True claim_agree=True upper=0.944832735029  CERT
319366587,0,1 T   mem=True nz=True ynz=True cond=True claim_agree=True upper=2623.34826253  CERT
328815628,0,1 RHO mem=True nz=True ynz=True cond=True claim_agree=True upper=0.938174154373  CERT
328815628,0,1 T   mem=True nz=True ynz=True cond=True claim_agree=True upper=2001.94277622  CERT
349608137,0,1 RHO mem=True nz=True ynz=True cond=True claim_agree=True upper=0.948832113341  CERT
349608137,0,1 T   mem=True nz=True ynz=True cond=True claim_agree=True upper=2338.95932043  CERT
354970832,0,1 RHO mem=True nz=True ynz=True cond=True claim_agree=True upper=0.888752537487  CERT
354970832,0,1 T   mem=True nz=True ynz=True cond=True claim_agree=True upper=1975.78611008  CERT
390893970,0,1 RHO mem=True nz=True ynz=True cond=True claim_agree=True upper=0.917115872488  CERT
390893970,0,1 T   mem=True nz=True ynz=True cond=True claim_agree=True upper=1845.28490395  CERT
438133162,0,1 RHO mem=True nz=True ynz=True cond=True claim_agree=True upper=0.922521438898  CERT
438133162,0,1 T   mem=True nz=True ynz=True cond=True claim_agree=True upper=1910.70535146  CERT
562874775,0,1 RHO mem=True nz=True ynz=True cond=True claim_agree=True upper=0.897942701908  CERT
562874775,0,1 T   mem=True nz=True ynz=True cond=True claim_agree=True upper=2249.95424250  CERT
610113967,0,1 RHO mem=True nz=True ynz=True cond=True claim_agree=True upper=0.904392745229  CERT
610113967,0,1 T   mem=True nz=True ynz=True cond=True claim_agree=True upper=2848.01909706  CERT
646037105,0,1 RHO mem=True nz=True ynz=True cond=True claim_agree=True upper=0.922549406163  CERT
646037105,0,1 T   mem=True nz=True ynz=True cond=True claim_agree=True upper=2189.51501654  CERT
651399800,0,1 RHO mem=True nz=True ynz=True cond=True claim_agree=True upper=0.879522683121  CERT
651399800,0,1 T   mem=True nz=True ynz=True cond=True claim_agree=True upper=1527.57166429  CERT
672192309,0,1 RHO mem=True nz=True ynz=True cond=True claim_agree=True upper=0.879150414166  CERT
672192309,0,1 T   mem=True nz=True ynz=True cond=True claim_agree=True upper=1632.92568060  CERT
681641350,0,1 RHO mem=True nz=True ynz=True cond=True claim_agree=True upper=0.879301725976  CERT
681641350,0,1 T   mem=True nz=True ynz=True cond=True claim_agree=True upper=1650.92187867  CERT
690518072,0,1 RHO mem=True nz=True ynz=True cond=True claim_agree=True upper=0.879301725976  CERT
690518072,0,1 T   mem=True nz=True ynz=True cond=True claim_agree=True upper=1955.92479050  CERT
701102898,0,1 RHO mem=True nz=True ynz=True cond=True claim_agree=True upper=0.911063977937  CERT
701102898,0,1 T   mem=True nz=True ynz=True cond=True claim_agree=True upper=2149.68527469  CERT
705353286,0,1 RHO mem=True nz=True ynz=True cond=True claim_agree=True upper=0.855373400992  CERT
705353286,0,1 T   mem=True nz=True ynz=True cond=True claim_agree=True upper=1274.18725911  CERT
712990108,0,1 RHO mem=True nz=True ynz=True cond=True claim_agree=True upper=0.879150414166  CERT
712990108,0,1 T   mem=True nz=True ynz=True cond=True claim_agree=True upper=1882.59732815  CERT
763418810,0,1 RHO mem=True nz=True ynz=True cond=True claim_agree=True upper=0.879522683121  CERT
763418810,0,1 T   mem=True nz=True ynz=True cond=True claim_agree=True upper=1743.71143603  CERT
779905194,0,1 RHO mem=True nz=True ynz=True cond=True claim_agree=True upper=0.917115872488  CERT
779905194,0,1 T   mem=True nz=True ynz=True cond=True claim_agree=True upper=2544.53760983  CERT
818940998,0,1 RHO mem=True nz=True ynz=True cond=True claim_agree=True upper=0.888752537487  CERT
818940998,0,1 T   mem=True nz=True ynz=True cond=True claim_agree=True upper=2325.60387677  CERT
833191327,0,1 RHO mem=True nz=True ynz=True cond=True claim_agree=True upper=0.897942701908  CERT
833191327,0,1 T   mem=True nz=True ynz=True cond=True claim_agree=True upper=2603.67900822  CERT
890955085,0,1 RHO mem=True nz=True ynz=True cond=True claim_agree=True upper=0.911063977937  CERT
890955085,0,1 T   mem=True nz=True ynz=True cond=True claim_agree=True upper=2622.20967009  CERT
990685197,0,1 RHO mem=True nz=True ynz=True cond=True claim_agree=True upper=0.917807718456  CERT
990685197,0,1 T   mem=True nz=True ynz=True cond=True claim_agree=True upper=2209.14867748  CERT
FAMILY VERIFY n=7 l=1001007937 : EXCLUDED (components certified 32 / 32 ; lines 64 ; failed lines 0)
FAMILY VERIFY PASS
