FACTORIZATION: 32 irreducible factors of degree 2 over F_1001038273: OK (header deg/ncomp/bar_T agree)
116370131,0,1 RHO mem=True nz=True ynz=True cond=True claim_agree=True upper=0.939294183562  CERT
116370131,0,1 T   mem=True nz=True ynz=True cond=True claim_agree=True upper=2990.62871154  CERT
152684691,0,1 RHO mem=True nz=True ynz=True cond=True claim_agree=True upper=0.927768695587  CERT
152684691,0,1 T   mem=True nz=True ynz=True cond=True claim_agree=True upper=2858.39560913  CERT
166262913,0,1 RHO mem=True nz=True ynz=True cond=True claim_agree=True upper=0.973439911934  CERT
166262913,0,1 T   mem=True nz=True ynz=True cond=True claim_agree=True upper=3258.24309870  CERT
216002109,0,1 RHO mem=True nz=True ynz=True cond=True claim_agree=True upper=0.950446243992  CERT
216002109,0,1 T   mem=True nz=True ynz=True cond=True claim_agree=True upper=2506.74698372  CERT
220490001,0,1 RHO mem=True nz=True ynz=True cond=True claim_agree=True upper=0.927768695587  CERT
220490001,0,1 T   mem=True nz=True ynz=True cond=True claim_agree=True upper=3570.06709782  CERT
255525301,0,1 RHO mem=True nz=True ynz=True cond=True claim_agree=True upper=0.952126183773  CERT
255525301,0,1 T   mem=True nz=True ynz=True cond=True claim_agree=True upper=2446.86547833  CERT
258825726,0,1 RHO mem=True nz=True ynz=True cond=True claim_agree=True upper=0.952126183773  CERT
258825726,0,1 T   mem=True nz=True ynz=True cond=True claim_agree=True upper=3112.43927950  CERT
277511139,0,1 RHO mem=True nz=True ynz=True cond=True claim_agree=True upper=0.953468358269  CERT
277511139,0,1 T   mem=True nz=True ynz=True cond=True claim_agree=True upper=2738.60227035  CERT
315019820,0,1 RHO mem=True nz=True ynz=True cond=True claim_agree=True upper=0.944085175104  CERT
315019820,0,1 T   mem=True nz=True ynz=True cond=True claim_agree=True upper=2310.80026547  CERT
349814749,0,1 RHO mem=True nz=True ynz=True cond=True claim_agree=True upper=0.939294183562  CERT
349814749,0,1 T   mem=True nz=True ynz=True cond=True claim_agree=True upper=2606.13250763  CERT
368805647,0,1 RHO mem=True nz=True ynz=True cond=True claim_agree=True upper=0.959205158110  CERT
368805647,0,1 T   mem=True nz=True ynz=True cond=True claim_agree=True upper=2278.54429098  CERT
419128538,0,1 RHO mem=True nz=True ynz=True cond=True claim_agree=True upper=0.959205158110  CERT
419128538,0,1 T   mem=True nz=True ynz=True cond=True claim_agree=True upper=2358.84342471  CERT
452762289,0,1 RHO mem=True nz=True ynz=True cond=True claim_agree=True upper=0.953428175175  CERT
452762289,0,1 T   mem=True nz=True ynz=True cond=True claim_agree=True upper=2770.27446880  CERT
459120862,0,1 RHO mem=True nz=True ynz=True cond=True claim_agree=True upper=0.928459242179  CERT
459120862,0,1 T   mem=True nz=True ynz=True cond=True claim_agree=True upper=2046.02314990  CERT
463386400,0,1 RHO mem=True nz=True ynz=True cond=True claim_agree=True upper=0.973439911934  CERT
463386400,0,1 T   mem=True nz=True ynz=True cond=True claim_agree=True upper=2247.07054204  CERT
477492488,0,1 RHO mem=True nz=True ynz=True cond=True claim_agree=True upper=0.944085175104  CERT
477492488,0,1 T   mem=True nz=True ynz=True cond=True claim_agree=True upper=2562.57625860  CERT
523545785,0,1 RHO mem=True nz=True ynz=True cond=True claim_agree=True upper=0.923048509873  CERT
523545785,0,1 T   mem=True nz=True ynz=True cond=True claim_agree=True upper=2317.91404546  CERT
537651873,0,1 RHO mem=True nz=True ynz=True cond=True claim_agree=True upper=0.891952774545  CERT
537651873,0,1 T   mem=True nz=True ynz=True cond=True claim_agree=True upper=2362.56149445  CERT
541917411,0,1 RHO mem=True nz=True ynz=True cond=True claim_agree=True upper=0.953468358269  CERT
541917411,0,1 T   mem=True nz=True ynz=True cond=True claim_agree=True upper=2322.82060620  CERT
548275984,0,1 RHO mem=True nz=True ynz=True cond=True claim_agree=True upper=0.950446243992  CERT
548275984,0,1 T   mem=True nz=True ynz=True cond=True claim_agree=True upper=2260.15630281  CERT
581909735,0,1 RHO mem=True nz=True ynz=True cond=True claim_agree=True upper=0.952818205715  CERT
581909735,0,1 T   mem=True nz=True ynz=True cond=True claim_agree=True upper=2041.73502206  CERT
632232626,0,1 RHO mem=True nz=True ynz=True cond=True claim_agree=True upper=0.952818205715  CERT
632232626,0,1 T   mem=True nz=True ynz=True cond=True claim_agree=True upper=2759.81946860  CERT
651223524,0,1 RHO mem=True nz=True ynz=True cond=True claim_agree=True upper=0.971119085018  CERT
651223524,0,1 T   mem=True nz=True ynz=True cond=True claim_agree=True upper=2379.93291321  CERT
686018453,0,1 RHO mem=True nz=True ynz=True cond=True claim_agree=True upper=0.923048509873  CERT
686018453,0,1 T   mem=True nz=True ynz=True cond=True claim_agree=True upper=2048.34191444  CERT
723527134,0,1 RHO mem=True nz=True ynz=True cond=True claim_agree=True upper=0.928459242179  CERT
723527134,0,1 T   mem=True nz=True ynz=True cond=True claim_agree=True upper=2597.94903738  CERT
742212547,0,1 RHO mem=True nz=True ynz=True cond=True claim_agree=True upper=0.943646471053  CERT
742212547,0,1 T   mem=True nz=True ynz=True cond=True claim_agree=True upper=2257.39891427  CERT
745512972,0,1 RHO mem=True nz=True ynz=True cond=True claim_agree=True upper=0.943646471053  CERT
745512972,0,1 T   mem=True nz=True ynz=True cond=True claim_agree=True upper=2403.88759343  CERT
780548272,0,1 RHO mem=True nz=True ynz=True cond=True claim_agree=True upper=0.949440555126  CERT
780548272,0,1 T   mem=True nz=True ynz=True cond=True claim_agree=True upper=2458.62617433  CERT
785036164,0,1 RHO mem=True nz=True ynz=True cond=True claim_agree=True upper=0.953428175175  CERT
785036164,0,1 T   mem=True nz=True ynz=True cond=True claim_agree=True upper=2294.64498427  CERT
834775360,0,1 RHO mem=True nz=True ynz=True cond=True claim_agree=True upper=0.891952774545  CERT
834775360,0,1 T   mem=True nz=True ynz=True cond=True claim_agree=True upper=2432.22665221  CERT
848353582,0,1 RHO mem=True nz=True ynz=True cond=True claim_agree=True upper=0.949440555126  CERT
848353582,0,1 T   mem=True nz=True ynz=True cond=True claim_agree=True upper=2991.60603089  CERT
884668142,0,1 RHO mem=True nz=True ynz=True cond=True claim_agree=True upper=0.971119085018  CERT
884668142,0,1 T   mem=True nz=True ynz=True cond=True claim_agree=True upper=3031.19482604  CERT
FAMILY VERIFY n=7 l=1001038273 : EXCLUDED (components certified 32 / 32 ; lines 64 ; failed lines 0)
FAMILY VERIFY PASS
