FACTORIZATION: 32 irreducible factors of degree 2 over F_1001175361: OK (header deg/ncomp/bar_T agree)
41687422,0,1 RHO mem=True nz=True ynz=True cond=True claim_agree=True upper=0.964816813510  CERT
41687422,0,1 T   mem=True nz=True ynz=True cond=True claim_agree=True upper=3096.36967867  CERT
89780703,0,1 RHO mem=True nz=True ynz=True cond=True claim_agree=True upper=0.977756108854  CERT
89780703,0,1 T   mem=True nz=True ynz=True cond=True claim_agree=True upper=2049.77826930  CERT
137810861,0,1 RHO mem=True nz=True ynz=True cond=True claim_agree=True upper=0.975250852474  CERT
137810861,0,1 T   mem=True nz=True ynz=True cond=True claim_agree=True upper=2465.46397949  CERT
186839017,0,1 RHO mem=True nz=True ynz=True cond=True claim_agree=True upper=0.964816813510  CERT
186839017,0,1 T   mem=True nz=True ynz=True cond=True claim_agree=True upper=3469.59009775  CERT
203580515,0,1 RHO mem=True nz=True ynz=True cond=True claim_agree=True upper=0.962046263598  CERT
203580515,0,1 T   mem=True nz=True ynz=True cond=True claim_agree=True upper=2146.17189211  CERT
248588179,0,1 RHO mem=True nz=True ynz=True cond=True claim_agree=True upper=0.918917957887  CERT
248588179,0,1 T   mem=True nz=True ynz=True cond=True claim_agree=True upper=3425.37745041  CERT
306420798,0,1 RHO mem=True nz=True ynz=True cond=True claim_agree=True upper=0.982819050768  CERT
306420798,0,1 T   mem=True nz=True ynz=True cond=True claim_agree=True upper=1946.23467687  CERT
310903291,0,1 RHO mem=True nz=True ynz=True cond=True claim_agree=True upper=0.975250852474  CERT
310903291,0,1 T   mem=True nz=True ynz=True cond=True claim_agree=True upper=2359.20914133  CERT
321174686,0,1 RHO mem=True nz=True ynz=True cond=True claim_agree=True upper=0.971719218620  CERT
321174686,0,1 T   mem=True nz=True ynz=True cond=True claim_agree=True upper=2431.34512264  CERT
340390493,0,1 RHO mem=True nz=True ynz=True cond=True claim_agree=True upper=0.944066607201  CERT
340390493,0,1 T   mem=True nz=True ynz=True cond=True claim_agree=True upper=2444.74679398  CERT
390542280,0,1 RHO mem=True nz=True ynz=True cond=True claim_agree=True upper=0.971719218620  CERT
390542280,0,1 T   mem=True nz=True ynz=True cond=True claim_agree=True upper=2832.86900836  CERT
423260308,0,1 RHO mem=True nz=True ynz=True cond=True claim_agree=True upper=0.966734771798  CERT
423260308,0,1 T   mem=True nz=True ynz=True cond=True claim_agree=True upper=3556.85367746  CERT
424342530,0,1 RHO mem=True nz=True ynz=True cond=True claim_agree=True upper=0.970264135336  CERT
424342530,0,1 T   mem=True nz=True ynz=True cond=True claim_agree=True upper=2597.45063847  CERT
424848270,0,1 RHO mem=True nz=True ynz=True cond=True claim_agree=True upper=0.973605159921  CERT
424848270,0,1 T   mem=True nz=True ynz=True cond=True claim_agree=True upper=2748.49591311  CERT
427756663,0,1 RHO mem=True nz=True ynz=True cond=True claim_agree=True upper=0.977756108854  CERT
427756663,0,1 T   mem=True nz=True ynz=True cond=True claim_agree=True upper=2720.37093610  CERT
444043986,0,1 RHO mem=True nz=True ynz=True cond=True claim_agree=True upper=0.970264135336  CERT
444043986,0,1 T   mem=True nz=True ynz=True cond=True claim_agree=True upper=2708.84770655  CERT
557131375,0,1 RHO mem=True nz=True ynz=True cond=True claim_agree=True upper=0.948551566821  CERT
557131375,0,1 T   mem=True nz=True ynz=True cond=True claim_agree=True upper=3174.65859967  CERT
573418698,0,1 RHO mem=True nz=True ynz=True cond=True claim_agree=True upper=0.951362871570  CERT
573418698,0,1 T   mem=True nz=True ynz=True cond=True claim_agree=True upper=2176.07433863  CERT
576327091,0,1 RHO mem=True nz=True ynz=True cond=True claim_agree=True upper=0.962046263598  CERT
576327091,0,1 T   mem=True nz=True ynz=True cond=True claim_agree=True upper=2241.59072662  CERT
576832831,0,1 RHO mem=True nz=True ynz=True cond=True claim_agree=True upper=0.948551566821  CERT
576832831,0,1 T   mem=True nz=True ynz=True cond=True claim_agree=True upper=2312.39766746  CERT
577915053,0,1 RHO mem=True nz=True ynz=True cond=True claim_agree=True upper=0.944066607201  CERT
577915053,0,1 T   mem=True nz=True ynz=True cond=True claim_agree=True upper=2918.81838651  CERT
610633081,0,1 RHO mem=True nz=True ynz=True cond=True claim_agree=True upper=0.955749267893  CERT
610633081,0,1 T   mem=True nz=True ynz=True cond=True claim_agree=True upper=2808.25595909  CERT
660784868,0,1 RHO mem=True nz=True ynz=True cond=True claim_agree=True upper=0.966734771798  CERT
660784868,0,1 T   mem=True nz=True ynz=True cond=True claim_agree=True upper=2592.52765223  CERT
680000675,0,1 RHO mem=True nz=True ynz=True cond=True claim_agree=True upper=0.955749267893  CERT
680000675,0,1 T   mem=True nz=True ynz=True cond=True claim_agree=True upper=2648.56102865  CERT
690272070,0,1 RHO mem=True nz=True ynz=True cond=True claim_agree=True upper=0.984402613116  CERT
690272070,0,1 T   mem=True nz=True ynz=True cond=True claim_agree=True upper=2827.68148254  CERT
694754563,0,1 RHO mem=True nz=True ynz=True cond=True claim_agree=True upper=0.918917957887  CERT
694754563,0,1 T   mem=True nz=True ynz=True cond=True claim_agree=True upper=2615.59710625  CERT
752587182,0,1 RHO mem=True nz=True ynz=True cond=True claim_agree=True upper=0.982819050768  CERT
752587182,0,1 T   mem=True nz=True ynz=True cond=True claim_agree=True upper=2642.45652838  CERT
797594846,0,1 RHO mem=True nz=True ynz=True cond=True claim_agree=True upper=0.973605159921  CERT
797594846,0,1 T   mem=True nz=True ynz=True cond=True claim_agree=True upper=2629.58996591  CERT
814336344,0,1 RHO mem=True nz=True ynz=True cond=True claim_agree=True upper=0.958316685296  CERT
814336344,0,1 T   mem=True nz=True ynz=True cond=True claim_agree=True upper=2304.28384161  CERT
863364500,0,1 RHO mem=True nz=True ynz=True cond=True claim_agree=True upper=0.984402613116  CERT
863364500,0,1 T   mem=True nz=True ynz=True cond=True claim_agree=True upper=3015.50587410  CERT
911394658,0,1 RHO mem=True nz=True ynz=True cond=True claim_agree=True upper=0.951362871570  CERT
911394658,0,1 T   mem=True nz=True ynz=True cond=True claim_agree=True upper=3037.39407589  CERT
959487939,0,1 RHO mem=True nz=True ynz=True cond=True claim_agree=True upper=0.958316685296  CERT
959487939,0,1 T   mem=True nz=True ynz=True cond=True claim_agree=True upper=2162.98300500  CERT
FAMILY VERIFY n=7 l=1001175361 : EXCLUDED (components certified 32 / 32 ; lines 64 ; failed lines 0)
FAMILY VERIFY PASS
