FACTORIZATION: 32 irreducible factors of degree 2 over F_1000439873: OK (header deg/ncomp/bar_T agree)
69869425,0,1 RHO mem=True nz=True ynz=True cond=True claim_agree=True upper=0.973378439515  CERT
69869425,0,1 T   mem=True nz=True ynz=True cond=True claim_agree=True upper=2248.72372799  CERT
132752827,0,1 RHO mem=True nz=True ynz=True cond=True claim_agree=True upper=0.945014613471  CERT
132752827,0,1 T   mem=True nz=True ynz=True cond=True claim_agree=True upper=2015.60475459  CERT
141565291,0,1 RHO mem=True nz=True ynz=True cond=True claim_agree=True upper=0.959564151199  CERT
141565291,0,1 T   mem=True nz=True ynz=True cond=True claim_agree=True upper=2286.15145532  CERT
188003979,0,1 RHO mem=True nz=True ynz=True cond=True claim_agree=True upper=0.923538767253  CERT
188003979,0,1 T   mem=True nz=True ynz=True cond=True claim_agree=True upper=1600.04681393  CERT
199357799,0,1 RHO mem=True nz=True ynz=True cond=True claim_agree=True upper=0.940649527180  CERT
199357799,0,1 T   mem=True nz=True ynz=True cond=True claim_agree=True upper=3002.07250744  CERT
202494978,0,1 RHO mem=True nz=True ynz=True cond=True claim_agree=True upper=0.972224400868  CERT
202494978,0,1 T   mem=True nz=True ynz=True cond=True claim_agree=True upper=2565.89879461  CERT
287594870,0,1 RHO mem=True nz=True ynz=True cond=True claim_agree=True upper=0.949229522326  CERT
287594870,0,1 T   mem=True nz=True ynz=True cond=True claim_agree=True upper=2416.09399186  CERT
332738890,0,1 RHO mem=True nz=True ynz=True cond=True claim_agree=True upper=0.973138109528  CERT
332738890,0,1 T   mem=True nz=True ynz=True cond=True claim_agree=True upper=1960.18086691  CERT
337738249,0,1 RHO mem=True nz=True ynz=True cond=True claim_agree=True upper=0.940649527180  CERT
337738249,0,1 T   mem=True nz=True ynz=True cond=True claim_agree=True upper=2404.52742951  CERT
345059365,0,1 RHO mem=True nz=True ynz=True cond=True claim_agree=True upper=0.977611500963  CERT
345059365,0,1 T   mem=True nz=True ynz=True cond=True claim_agree=True upper=2681.39852191  CERT
427122519,0,1 RHO mem=True nz=True ynz=True cond=True claim_agree=True upper=0.974373917119  CERT
427122519,0,1 T   mem=True nz=True ynz=True cond=True claim_agree=True upper=2752.24402354  CERT
435083140,0,1 RHO mem=True nz=True ynz=True cond=True claim_agree=True upper=0.949229522326  CERT
435083140,0,1 T   mem=True nz=True ynz=True cond=True claim_agree=True upper=2685.18025723  CERT
436756950,0,1 RHO mem=True nz=True ynz=True cond=True claim_agree=True upper=0.977611500963  CERT
436756950,0,1 T   mem=True nz=True ynz=True cond=True claim_agree=True upper=2220.51425995  CERT
486903153,0,1 RHO mem=True nz=True ynz=True cond=True claim_agree=True upper=0.923538767253  CERT
486903153,0,1 T   mem=True nz=True ynz=True cond=True claim_agree=True upper=1720.26776382  CERT
489943279,0,1 RHO mem=True nz=True ynz=True cond=True claim_agree=True upper=0.944186879834  CERT
489943279,0,1 T   mem=True nz=True ynz=True cond=True claim_agree=True upper=2424.72513728  CERT
493998558,0,1 RHO mem=True nz=True ynz=True cond=True claim_agree=True upper=0.974373917119  CERT
493998558,0,1 T   mem=True nz=True ynz=True cond=True claim_agree=True upper=2663.84934194  CERT
506441315,0,1 RHO mem=True nz=True ynz=True cond=True claim_agree=True upper=0.954400227960  CERT
506441315,0,1 T   mem=True nz=True ynz=True cond=True claim_agree=True upper=2431.29466480  CERT
510496594,0,1 RHO mem=True nz=True ynz=True cond=True claim_agree=True upper=0.945014613471  CERT
510496594,0,1 T   mem=True nz=True ynz=True cond=True claim_agree=True upper=2102.05131697  CERT
513536720,0,1 RHO mem=True nz=True ynz=True cond=True claim_agree=True upper=0.926812575098  CERT
513536720,0,1 T   mem=True nz=True ynz=True cond=True claim_agree=True upper=2257.71643813  CERT
563682923,0,1 RHO mem=True nz=True ynz=True cond=True claim_agree=True upper=0.945133072366  CERT
563682923,0,1 T   mem=True nz=True ynz=True cond=True claim_agree=True upper=1980.22829087  CERT
565356733,0,1 RHO mem=True nz=True ynz=True cond=True claim_agree=True upper=0.987075395831  CERT
565356733,0,1 T   mem=True nz=True ynz=True cond=True claim_agree=True upper=2725.77732591  CERT
573317354,0,1 RHO mem=True nz=True ynz=True cond=True claim_agree=True upper=0.954400227960  CERT
573317354,0,1 T   mem=True nz=True ynz=True cond=True claim_agree=True upper=2583.17412391  CERT
655380508,0,1 RHO mem=True nz=True ynz=True cond=True claim_agree=True upper=0.945133072366  CERT
655380508,0,1 T   mem=True nz=True ynz=True cond=True claim_agree=True upper=2065.79815754  CERT
662701624,0,1 RHO mem=True nz=True ynz=True cond=True claim_agree=True upper=0.902294508768  CERT
662701624,0,1 T   mem=True nz=True ynz=True cond=True claim_agree=True upper=2117.67623273  CERT
667700983,0,1 RHO mem=True nz=True ynz=True cond=True claim_agree=True upper=0.959564151199  CERT
667700983,0,1 T   mem=True nz=True ynz=True cond=True claim_agree=True upper=2371.09217082  CERT
712845003,0,1 RHO mem=True nz=True ynz=True cond=True claim_agree=True upper=0.987075395831  CERT
712845003,0,1 T   mem=True nz=True ynz=True cond=True claim_agree=True upper=2559.52757913  CERT
797944895,0,1 RHO mem=True nz=True ynz=True cond=True claim_agree=True upper=0.973378439515  CERT
797944895,0,1 T   mem=True nz=True ynz=True cond=True claim_agree=True upper=2621.94468270  CERT
801082074,0,1 RHO mem=True nz=True ynz=True cond=True claim_agree=True upper=0.902294508768  CERT
801082074,0,1 T   mem=True nz=True ynz=True cond=True claim_agree=True upper=1892.11273600  CERT
812435894,0,1 RHO mem=True nz=True ynz=True cond=True claim_agree=True upper=0.926812575098  CERT
812435894,0,1 T   mem=True nz=True ynz=True cond=True claim_agree=True upper=1918.47830649  CERT
858874582,0,1 RHO mem=True nz=True ynz=True cond=True claim_agree=True upper=0.973138109528  CERT
858874582,0,1 T   mem=True nz=True ynz=True cond=True claim_agree=True upper=2296.09105760  CERT
867687046,0,1 RHO mem=True nz=True ynz=True cond=True claim_agree=True upper=0.944186879834  CERT
867687046,0,1 T   mem=True nz=True ynz=True cond=True claim_agree=True upper=2535.17169652  CERT
930570448,0,1 RHO mem=True nz=True ynz=True cond=True claim_agree=True upper=0.972224400868  CERT
930570448,0,1 T   mem=True nz=True ynz=True cond=True claim_agree=True upper=2307.79301417  CERT
FAMILY VERIFY n=7 l=1000439873 : EXCLUDED (components certified 32 / 32 ; lines 64 ; failed lines 0)
FAMILY VERIFY PASS
