FACTORIZATION: 32 irreducible factors of degree 2 over F_1000890817: OK (header deg/ncomp/bar_T agree)
2973083,0,1 RHO mem=True nz=True ynz=True cond=True claim_agree=True upper=0.940168202275  CERT
2973083,0,1 T   mem=True nz=True ynz=True cond=True claim_agree=True upper=2234.41988987  CERT
39170368,0,1 RHO mem=True nz=True ynz=True cond=True claim_agree=True upper=0.967933218057  CERT
39170368,0,1 T   mem=True nz=True ynz=True cond=True claim_agree=True upper=2448.58959778  CERT
147931182,0,1 RHO mem=True nz=True ynz=True cond=True claim_agree=True upper=0.960818817693  CERT
147931182,0,1 T   mem=True nz=True ynz=True cond=True claim_agree=True upper=3244.57650457  CERT
157830428,0,1 RHO mem=True nz=True ynz=True cond=True claim_agree=True upper=0.936605077913  CERT
157830428,0,1 T   mem=True nz=True ynz=True cond=True claim_agree=True upper=2678.15250782  CERT
161607169,0,1 RHO mem=True nz=True ynz=True cond=True claim_agree=True upper=0.953129776672  CERT
161607169,0,1 T   mem=True nz=True ynz=True cond=True claim_agree=True upper=2145.75026751  CERT
196497006,0,1 RHO mem=True nz=True ynz=True cond=True claim_agree=True upper=0.954642867557  CERT
196497006,0,1 T   mem=True nz=True ynz=True cond=True claim_agree=True upper=2602.71817586  CERT
222470499,0,1 RHO mem=True nz=True ynz=True cond=True claim_agree=True upper=0.936605077913  CERT
222470499,0,1 T   mem=True nz=True ynz=True cond=True claim_agree=True upper=3311.40009068  CERT
282244391,0,1 RHO mem=True nz=True ynz=True cond=True claim_agree=True upper=0.955515512400  CERT
282244391,0,1 T   mem=True nz=True ynz=True cond=True claim_agree=True upper=2765.70572165  CERT
290025351,0,1 RHO mem=True nz=True ynz=True cond=True claim_agree=True upper=0.983708020817  CERT
290025351,0,1 T   mem=True nz=True ynz=True cond=True claim_agree=True upper=2853.93760932  CERT
304655302,0,1 RHO mem=True nz=True ynz=True cond=True claim_agree=True upper=0.953129776672  CERT
304655302,0,1 T   mem=True nz=True ynz=True cond=True claim_agree=True upper=2027.68282099  CERT
318660677,0,1 RHO mem=True nz=True ynz=True cond=True claim_agree=True upper=0.946628145863  CERT
318660677,0,1 T   mem=True nz=True ynz=True cond=True claim_agree=True upper=1976.43074730  CERT
351871960,0,1 RHO mem=True nz=True ynz=True cond=True claim_agree=True upper=0.967933218057  CERT
351871960,0,1 T   mem=True nz=True ynz=True cond=True claim_agree=True upper=2330.70411914  CERT
410490264,0,1 RHO mem=True nz=True ynz=True cond=True claim_agree=True upper=0.963605706007  CERT
410490264,0,1 T   mem=True nz=True ynz=True cond=True claim_agree=True upper=3036.03325670  CERT
433785667,0,1 RHO mem=True nz=True ynz=True cond=True claim_agree=True upper=0.963605706007  CERT
433785667,0,1 T   mem=True nz=True ynz=True cond=True claim_agree=True upper=2759.39936369  CERT
477915996,0,1 RHO mem=True nz=True ynz=True cond=True claim_agree=True upper=0.957744790900  CERT
477915996,0,1 T   mem=True nz=True ynz=True cond=True claim_agree=True upper=2327.00271029  CERT
497290561,0,1 RHO mem=True nz=True ynz=True cond=True claim_agree=True upper=0.955515512400  CERT
497290561,0,1 T   mem=True nz=True ynz=True cond=True claim_agree=True upper=2496.72364952  CERT
503600256,0,1 RHO mem=True nz=True ynz=True cond=True claim_agree=True upper=0.935304225323  CERT
503600256,0,1 T   mem=True nz=True ynz=True cond=True claim_agree=True upper=3225.58379003  CERT
522974821,0,1 RHO mem=True nz=True ynz=True cond=True claim_agree=True upper=0.954642867557  CERT
522974821,0,1 T   mem=True nz=True ynz=True cond=True claim_agree=True upper=2555.66978713  CERT
567105150,0,1 RHO mem=True nz=True ynz=True cond=True claim_agree=True upper=0.953152963394  CERT
567105150,0,1 T   mem=True nz=True ynz=True cond=True claim_agree=True upper=2326.03307508  CERT
590400553,0,1 RHO mem=True nz=True ynz=True cond=True claim_agree=True upper=0.953152963394  CERT
590400553,0,1 T   mem=True nz=True ynz=True cond=True claim_agree=True upper=2603.66304677  CERT
649018857,0,1 RHO mem=True nz=True ynz=True cond=True claim_agree=True upper=0.953280986623  CERT
649018857,0,1 T   mem=True nz=True ynz=True cond=True claim_agree=True upper=2660.29048821  CERT
682230140,0,1 RHO mem=True nz=True ynz=True cond=True claim_agree=True upper=0.960818817693  CERT
682230140,0,1 T   mem=True nz=True ynz=True cond=True claim_agree=True upper=2292.51143985  CERT
696235515,0,1 RHO mem=True nz=True ynz=True cond=True claim_agree=True upper=0.943191659728  CERT
696235515,0,1 T   mem=True nz=True ynz=True cond=True claim_agree=True upper=2024.70800481  CERT
710865466,0,1 RHO mem=True nz=True ynz=True cond=True claim_agree=True upper=0.940168202275  CERT
710865466,0,1 T   mem=True nz=True ynz=True cond=True claim_agree=True upper=2341.29196575  CERT
718646426,0,1 RHO mem=True nz=True ynz=True cond=True claim_agree=True upper=0.935304225323  CERT
718646426,0,1 T   mem=True nz=True ynz=True cond=True claim_agree=True upper=2473.43307890  CERT
778420318,0,1 RHO mem=True nz=True ynz=True cond=True claim_agree=True upper=0.972590203034  CERT
778420318,0,1 T   mem=True nz=True ynz=True cond=True claim_agree=True upper=2289.86714616  CERT
804393811,0,1 RHO mem=True nz=True ynz=True cond=True claim_agree=True upper=0.957744790900  CERT
804393811,0,1 T   mem=True nz=True ynz=True cond=True claim_agree=True upper=1982.19771126  CERT
839283648,0,1 RHO mem=True nz=True ynz=True cond=True claim_agree=True upper=0.943191659728  CERT
839283648,0,1 T   mem=True nz=True ynz=True cond=True claim_agree=True upper=2345.29853682  CERT
843060389,0,1 RHO mem=True nz=True ynz=True cond=True claim_agree=True upper=0.972590203034  CERT
843060389,0,1 T   mem=True nz=True ynz=True cond=True claim_agree=True upper=2574.94274616  CERT
852959635,0,1 RHO mem=True nz=True ynz=True cond=True claim_agree=True upper=0.946628145863  CERT
852959635,0,1 T   mem=True nz=True ynz=True cond=True claim_agree=True upper=2440.85951292  CERT
961720449,0,1 RHO mem=True nz=True ynz=True cond=True claim_agree=True upper=0.953280986623  CERT
961720449,0,1 T   mem=True nz=True ynz=True cond=True claim_agree=True upper=1684.51322313  CERT
997917734,0,1 RHO mem=True nz=True ynz=True cond=True claim_agree=True upper=0.983708020817  CERT
997917734,0,1 T   mem=True nz=True ynz=True cond=True claim_agree=True upper=2373.60845909  CERT
FAMILY VERIFY n=7 l=1000890817 : EXCLUDED (components certified 32 / 32 ; lines 64 ; failed lines 0)
FAMILY VERIFY PASS
