FACTORIZATION: 32 irreducible factors of degree 2 over F_1000755649: OK (header deg/ncomp/bar_T agree)
40327544,0,1 RHO mem=True nz=True ynz=True cond=True claim_agree=True upper=0.908979711315  CERT
40327544,0,1 T   mem=True nz=True ynz=True cond=True claim_agree=True upper=1600.03878459  CERT
87703012,0,1 RHO mem=True nz=True ynz=True cond=True claim_agree=True upper=0.942972546820  CERT
87703012,0,1 T   mem=True nz=True ynz=True cond=True claim_agree=True upper=1790.71069208  CERT
102960119,0,1 RHO mem=True nz=True ynz=True cond=True claim_agree=True upper=0.933684816307  CERT
102960119,0,1 T   mem=True nz=True ynz=True cond=True claim_agree=True upper=2036.64525884  CERT
160496601,0,1 RHO mem=True nz=True ynz=True cond=True claim_agree=True upper=0.947466385598  CERT
160496601,0,1 T   mem=True nz=True ynz=True cond=True claim_agree=True upper=2395.08257940  CERT
195634275,0,1 RHO mem=True nz=True ynz=True cond=True claim_agree=True upper=0.945047686667  CERT
195634275,0,1 T   mem=True nz=True ynz=True cond=True claim_agree=True upper=2509.82695268  CERT
214775080,0,1 RHO mem=True nz=True ynz=True cond=True claim_agree=True upper=0.914527187454  CERT
214775080,0,1 T   mem=True nz=True ynz=True cond=True claim_agree=True upper=2195.93827314  CERT
226194120,0,1 RHO mem=True nz=True ynz=True cond=True claim_agree=True upper=0.934167345773  CERT
226194120,0,1 T   mem=True nz=True ynz=True cond=True claim_agree=True upper=2354.00344260  CERT
232379067,0,1 RHO mem=True nz=True ynz=True cond=True claim_agree=True upper=0.918832745402  CERT
232379067,0,1 T   mem=True nz=True ynz=True cond=True claim_agree=True upper=1960.81892955  CERT
307032646,0,1 RHO mem=True nz=True ynz=True cond=True claim_agree=True upper=0.900073593875  CERT
307032646,0,1 T   mem=True nz=True ynz=True cond=True claim_agree=True upper=2493.57855105  CERT
308535563,0,1 RHO mem=True nz=True ynz=True cond=True claim_agree=True upper=0.900948548259  CERT
308535563,0,1 T   mem=True nz=True ynz=True cond=True claim_agree=True upper=2460.39403934  CERT
313477855,0,1 RHO mem=True nz=True ynz=True cond=True claim_agree=True upper=0.900948548259  CERT
313477855,0,1 T   mem=True nz=True ynz=True cond=True claim_agree=True upper=2107.50501322  CERT
345387705,0,1 RHO mem=True nz=True ynz=True cond=True claim_agree=True upper=0.947466385598  CERT
345387705,0,1 T   mem=True nz=True ynz=True cond=True claim_agree=True upper=2223.81168284  CERT
367446894,0,1 RHO mem=True nz=True ynz=True cond=True claim_agree=True upper=0.930354134245  CERT
367446894,0,1 T   mem=True nz=True ynz=True cond=True claim_agree=True upper=1900.53324490  CERT
447157305,0,1 RHO mem=True nz=True ynz=True cond=True claim_agree=True upper=0.933684816307  CERT
447157305,0,1 T   mem=True nz=True ynz=True cond=True claim_agree=True upper=2245.52145069  CERT
453608043,0,1 RHO mem=True nz=True ynz=True cond=True claim_agree=True upper=0.894500460276  CERT
453608043,0,1 T   mem=True nz=True ynz=True cond=True claim_agree=True upper=1707.91120679  CERT
479145771,0,1 RHO mem=True nz=True ynz=True cond=True claim_agree=True upper=0.894485888222  CERT
479145771,0,1 T   mem=True nz=True ynz=True cond=True claim_agree=True upper=1806.90483282  CERT
521609878,0,1 RHO mem=True nz=True ynz=True cond=True claim_agree=True upper=0.942972546820  CERT
521609878,0,1 T   mem=True nz=True ynz=True cond=True claim_agree=True upper=2354.74508528  CERT
547147606,0,1 RHO mem=True nz=True ynz=True cond=True claim_agree=True upper=0.945047686667  CERT
547147606,0,1 T   mem=True nz=True ynz=True cond=True claim_agree=True upper=2411.31321610  CERT
553598344,0,1 RHO mem=True nz=True ynz=True cond=True claim_agree=True upper=0.905625360366  CERT
553598344,0,1 T   mem=True nz=True ynz=True cond=True claim_agree=True upper=1839.82835445  CERT
633308755,0,1 RHO mem=True nz=True ynz=True cond=True claim_agree=True upper=0.934167345773  CERT
633308755,0,1 T   mem=True nz=True ynz=True cond=True claim_agree=True upper=2229.88435406  CERT
655367944,0,1 RHO mem=True nz=True ynz=True cond=True claim_agree=True upper=0.898276374933  CERT
655367944,0,1 T   mem=True nz=True ynz=True cond=True claim_agree=True upper=1781.08472327  CERT
687277794,0,1 RHO mem=True nz=True ynz=True cond=True claim_agree=True upper=0.905268969578  CERT
687277794,0,1 T   mem=True nz=True ynz=True cond=True claim_agree=True upper=1698.61131081  CERT
692220086,0,1 RHO mem=True nz=True ynz=True cond=True claim_agree=True upper=0.905268969578  CERT
692220086,0,1 T   mem=True nz=True ynz=True cond=True claim_agree=True upper=2062.85582309  CERT
693723003,0,1 RHO mem=True nz=True ynz=True cond=True claim_agree=True upper=0.914527187454  CERT
693723003,0,1 T   mem=True nz=True ynz=True cond=True claim_agree=True upper=2046.42721421  CERT
768376582,0,1 RHO mem=True nz=True ynz=True cond=True claim_agree=True upper=0.908979711315  CERT
768376582,0,1 T   mem=True nz=True ynz=True cond=True claim_agree=True upper=1738.13276955  CERT
774561529,0,1 RHO mem=True nz=True ynz=True cond=True claim_agree=True upper=0.930354134245  CERT
774561529,0,1 T   mem=True nz=True ynz=True cond=True claim_agree=True upper=2225.94307237  CERT
785980569,0,1 RHO mem=True nz=True ynz=True cond=True claim_agree=True upper=0.900073593875  CERT
785980569,0,1 T   mem=True nz=True ynz=True cond=True claim_agree=True upper=1616.10138782  CERT
805121374,0,1 RHO mem=True nz=True ynz=True cond=True claim_agree=True upper=0.894500460276  CERT
805121374,0,1 T   mem=True nz=True ynz=True cond=True claim_agree=True upper=1846.31601818  CERT
840259048,0,1 RHO mem=True nz=True ynz=True cond=True claim_agree=True upper=0.898276374933  CERT
840259048,0,1 T   mem=True nz=True ynz=True cond=True claim_agree=True upper=1741.14724857  CERT
897795530,0,1 RHO mem=True nz=True ynz=True cond=True claim_agree=True upper=0.905625360366  CERT
897795530,0,1 T   mem=True nz=True ynz=True cond=True claim_agree=True upper=1774.28763134  CERT
913052637,0,1 RHO mem=True nz=True ynz=True cond=True claim_agree=True upper=0.894485888222  CERT
913052637,0,1 T   mem=True nz=True ynz=True cond=True claim_agree=True upper=1750.77312605  CERT
960428105,0,1 RHO mem=True nz=True ynz=True cond=True claim_agree=True upper=0.918832745402  CERT
960428105,0,1 T   mem=True nz=True ynz=True cond=True claim_agree=True upper=2282.60308243  CERT
FAMILY VERIFY n=7 l=1000755649 : EXCLUDED (components certified 32 / 32 ; lines 64 ; failed lines 0)
FAMILY VERIFY PASS
