FACTORIZATION: 32 irreducible factors of degree 2 over F_1000680001: OK (header deg/ncomp/bar_T agree)
64659437,0,1 RHO mem=True nz=True ynz=True cond=True claim_agree=True upper=0.912914867598  CERT
64659437,0,1 T   mem=True nz=True ynz=True cond=True claim_agree=True upper=1893.68213160  CERT
66439495,0,1 RHO mem=True nz=True ynz=True cond=True claim_agree=True upper=0.926391396733  CERT
66439495,0,1 T   mem=True nz=True ynz=True cond=True claim_agree=True upper=1989.19619114  CERT
100618687,0,1 RHO mem=True nz=True ynz=True cond=True claim_agree=True upper=0.908829449953  CERT
100618687,0,1 T   mem=True nz=True ynz=True cond=True claim_agree=True upper=2325.13176873  CERT
112983599,0,1 RHO mem=True nz=True ynz=True cond=True claim_agree=True upper=0.950222681768  CERT
112983599,0,1 T   mem=True nz=True ynz=True cond=True claim_agree=True upper=2378.78139527  CERT
174978339,0,1 RHO mem=True nz=True ynz=True cond=True claim_agree=True upper=0.934956441070  CERT
174978339,0,1 T   mem=True nz=True ynz=True cond=True claim_agree=True upper=2386.63271617  CERT
215773321,0,1 RHO mem=True nz=True ynz=True cond=True claim_agree=True upper=0.924244355912  CERT
215773321,0,1 T   mem=True nz=True ynz=True cond=True claim_agree=True upper=2565.28930352  CERT
233270695,0,1 RHO mem=True nz=True ynz=True cond=True claim_agree=True upper=0.886980225168  CERT
233270695,0,1 T   mem=True nz=True ynz=True cond=True claim_agree=True upper=1810.19806665  CERT
272993855,0,1 RHO mem=True nz=True ynz=True cond=True claim_agree=True upper=0.912914867598  CERT
272993855,0,1 T   mem=True nz=True ynz=True cond=True claim_agree=True upper=2616.41263656  CERT
314087018,0,1 RHO mem=True nz=True ynz=True cond=True claim_agree=True upper=0.886980225168  CERT
314087018,0,1 T   mem=True nz=True ynz=True cond=True claim_agree=True upper=2067.81849491  CERT
400336924,0,1 RHO mem=True nz=True ynz=True cond=True claim_agree=True upper=0.952651111956  CERT
400336924,0,1 T   mem=True nz=True ynz=True cond=True claim_agree=True upper=1955.80293664  CERT
411334843,0,1 RHO mem=True nz=True ynz=True cond=True claim_agree=True upper=0.951472601190  CERT
411334843,0,1 T   mem=True nz=True ynz=True cond=True claim_agree=True upper=2574.67811437  CERT
431982227,0,1 RHO mem=True nz=True ynz=True cond=True claim_agree=True upper=0.908829449953  CERT
431982227,0,1 T   mem=True nz=True ynz=True cond=True claim_agree=True upper=1713.99539033  CERT
444849544,0,1 RHO mem=True nz=True ynz=True cond=True claim_agree=True upper=0.934712758940  CERT
444849544,0,1 T   mem=True nz=True ynz=True cond=True claim_agree=True upper=2290.26950346  CERT
449646296,0,1 RHO mem=True nz=True ynz=True cond=True claim_agree=True upper=0.949515219133  CERT
449646296,0,1 T   mem=True nz=True ynz=True cond=True claim_agree=True upper=2069.20170854  CERT
464749749,0,1 RHO mem=True nz=True ynz=True cond=True claim_agree=True upper=0.952093768307  CERT
464749749,0,1 T   mem=True nz=True ynz=True cond=True claim_agree=True upper=2355.05195919  CERT
468496343,0,1 RHO mem=True nz=True ynz=True cond=True claim_agree=True upper=0.922967122954  CERT
468496343,0,1 T   mem=True nz=True ynz=True cond=True claim_agree=True upper=3617.70155963  CERT
532183658,0,1 RHO mem=True nz=True ynz=True cond=True claim_agree=True upper=0.952651111956  CERT
532183658,0,1 T   mem=True nz=True ynz=True cond=True claim_agree=True upper=1796.90017926  CERT
535930252,0,1 RHO mem=True nz=True ynz=True cond=True claim_agree=True upper=0.926391396733  CERT
535930252,0,1 T   mem=True nz=True ynz=True cond=True claim_agree=True upper=2012.88101345  CERT
551033705,0,1 RHO mem=True nz=True ynz=True cond=True claim_agree=True upper=0.934712758940  CERT
551033705,0,1 T   mem=True nz=True ynz=True cond=True claim_agree=True upper=2225.07900081  CERT
555830457,0,1 RHO mem=True nz=True ynz=True cond=True claim_agree=True upper=0.949515219133  CERT
555830457,0,1 T   mem=True nz=True ynz=True cond=True claim_agree=True upper=2917.27641660  CERT
568697774,0,1 RHO mem=True nz=True ynz=True cond=True claim_agree=True upper=0.941425073452  CERT
568697774,0,1 T   mem=True nz=True ynz=True cond=True claim_agree=True upper=2417.12694725  CERT
589345158,0,1 RHO mem=True nz=True ynz=True cond=True claim_agree=True upper=0.934956441070  CERT
589345158,0,1 T   mem=True nz=True ynz=True cond=True claim_agree=True upper=2919.62882307  CERT
600343077,0,1 RHO mem=True nz=True ynz=True cond=True claim_agree=True upper=0.922967122954  CERT
600343077,0,1 T   mem=True nz=True ynz=True cond=True claim_agree=True upper=2164.21956931  CERT
686592983,0,1 RHO mem=True nz=True ynz=True cond=True claim_agree=True upper=0.936151977952  CERT
686592983,0,1 T   mem=True nz=True ynz=True cond=True claim_agree=True upper=2905.45744236  CERT
727686146,0,1 RHO mem=True nz=True ynz=True cond=True claim_agree=True upper=0.960191560960  CERT
727686146,0,1 T   mem=True nz=True ynz=True cond=True claim_agree=True upper=2349.08859799  CERT
767409306,0,1 RHO mem=True nz=True ynz=True cond=True claim_agree=True upper=0.936151977952  CERT
767409306,0,1 T   mem=True nz=True ynz=True cond=True claim_agree=True upper=2790.64915174  CERT
784906680,0,1 RHO mem=True nz=True ynz=True cond=True claim_agree=True upper=0.950222681768  CERT
784906680,0,1 T   mem=True nz=True ynz=True cond=True claim_agree=True upper=1955.30172224  CERT
825701662,0,1 RHO mem=True nz=True ynz=True cond=True claim_agree=True upper=0.951472601190  CERT
825701662,0,1 T   mem=True nz=True ynz=True cond=True claim_agree=True upper=2462.29939339  CERT
887696402,0,1 RHO mem=True nz=True ynz=True cond=True claim_agree=True upper=0.924244355912  CERT
887696402,0,1 T   mem=True nz=True ynz=True cond=True claim_agree=True upper=1914.25990087  CERT
900061314,0,1 RHO mem=True nz=True ynz=True cond=True claim_agree=True upper=0.941425073452  CERT
900061314,0,1 T   mem=True nz=True ynz=True cond=True claim_agree=True upper=2724.69110506  CERT
934240506,0,1 RHO mem=True nz=True ynz=True cond=True claim_agree=True upper=0.952093768307  CERT
934240506,0,1 T   mem=True nz=True ynz=True cond=True claim_agree=True upper=2668.43199797  CERT
936020564,0,1 RHO mem=True nz=True ynz=True cond=True claim_agree=True upper=0.960191560960  CERT
936020564,0,1 T   mem=True nz=True ynz=True cond=True claim_agree=True upper=2125.44147526  CERT
FAMILY VERIFY n=7 l=1000680001 : EXCLUDED (components certified 32 / 32 ; lines 64 ; failed lines 0)
FAMILY VERIFY PASS
