FACTORIZATION: 32 irreducible factors of degree 2 over F_1000210241: OK (header deg/ncomp/bar_T agree)
398741,0,1 RHO mem=True nz=True ynz=True cond=True claim_agree=True upper=0.894447689370  CERT
398741,0,1 T   mem=True nz=True ynz=True cond=True claim_agree=True upper=3178.15113438  CERT
60693495,0,1 RHO mem=True nz=True ynz=True cond=True claim_agree=True upper=0.917443072464  CERT
60693495,0,1 T   mem=True nz=True ynz=True cond=True claim_agree=True upper=2330.87062848  CERT
73481490,0,1 RHO mem=True nz=True ynz=True cond=True claim_agree=True upper=0.933777677450  CERT
73481490,0,1 T   mem=True nz=True ynz=True cond=True claim_agree=True upper=2948.17794431  CERT
87914792,0,1 RHO mem=True nz=True ynz=True cond=True claim_agree=True upper=0.942058146885  CERT
87914792,0,1 T   mem=True nz=True ynz=True cond=True claim_agree=True upper=2540.67687160  CERT
132637807,0,1 RHO mem=True nz=True ynz=True cond=True claim_agree=True upper=0.904136736809  CERT
132637807,0,1 T   mem=True nz=True ynz=True cond=True claim_agree=True upper=2354.22221716  CERT
174199332,0,1 RHO mem=True nz=True ynz=True cond=True claim_agree=True upper=0.876381512740  CERT
174199332,0,1 T   mem=True nz=True ynz=True cond=True claim_agree=True upper=1828.22383102  CERT
219821928,0,1 RHO mem=True nz=True ynz=True cond=True claim_agree=True upper=0.935090601003  CERT
219821928,0,1 T   mem=True nz=True ynz=True cond=True claim_agree=True upper=3140.80536061  CERT
257471788,0,1 RHO mem=True nz=True ynz=True cond=True claim_agree=True upper=0.904136736809  CERT
257471788,0,1 T   mem=True nz=True ynz=True cond=True claim_agree=True upper=2402.49975354  CERT
268421136,0,1 RHO mem=True nz=True ynz=True cond=True claim_agree=True upper=0.896905330772  CERT
268421136,0,1 T   mem=True nz=True ynz=True cond=True claim_agree=True upper=2093.06720885  CERT
287028565,0,1 RHO mem=True nz=True ynz=True cond=True claim_agree=True upper=0.909885147876  CERT
287028565,0,1 T   mem=True nz=True ynz=True cond=True claim_agree=True upper=2475.34198291  CERT
348246941,0,1 RHO mem=True nz=True ynz=True cond=True claim_agree=True upper=0.899921929580  CERT
348246941,0,1 T   mem=True nz=True ynz=True cond=True claim_agree=True upper=2697.44261721  CERT
365986900,0,1 RHO mem=True nz=True ynz=True cond=True claim_agree=True upper=0.922893999690  CERT
365986900,0,1 T   mem=True nz=True ynz=True cond=True claim_agree=True upper=2510.03636280  CERT
366929378,0,1 RHO mem=True nz=True ynz=True cond=True claim_agree=True upper=0.951810925519  CERT
366929378,0,1 T   mem=True nz=True ynz=True cond=True claim_agree=True upper=2073.46272965  CERT
422073235,0,1 RHO mem=True nz=True ynz=True cond=True claim_agree=True upper=0.906841966351  CERT
422073235,0,1 T   mem=True nz=True ynz=True cond=True claim_agree=True upper=2239.61233337  CERT
428252061,0,1 RHO mem=True nz=True ynz=True cond=True claim_agree=True upper=0.940432677370  CERT
428252061,0,1 T   mem=True nz=True ynz=True cond=True claim_agree=True upper=2221.58301869  CERT
473246358,0,1 RHO mem=True nz=True ynz=True cond=True claim_agree=True upper=0.931772865101  CERT
473246358,0,1 T   mem=True nz=True ynz=True cond=True claim_agree=True upper=2559.02503356  CERT
526963883,0,1 RHO mem=True nz=True ynz=True cond=True claim_agree=True upper=0.922893999690  CERT
526963883,0,1 T   mem=True nz=True ynz=True cond=True claim_agree=True upper=2093.78299129  CERT
571958180,0,1 RHO mem=True nz=True ynz=True cond=True claim_agree=True upper=0.899921929580  CERT
571958180,0,1 T   mem=True nz=True ynz=True cond=True claim_agree=True upper=2135.28159125  CERT
578137006,0,1 RHO mem=True nz=True ynz=True cond=True claim_agree=True upper=0.942058146885  CERT
578137006,0,1 T   mem=True nz=True ynz=True cond=True claim_agree=True upper=2130.12155682  CERT
633280863,0,1 RHO mem=True nz=True ynz=True cond=True claim_agree=True upper=0.876381512740  CERT
633280863,0,1 T   mem=True nz=True ynz=True cond=True claim_agree=True upper=3281.68283262  CERT
634223341,0,1 RHO mem=True nz=True ynz=True cond=True claim_agree=True upper=0.931772865101  CERT
634223341,0,1 T   mem=True nz=True ynz=True cond=True claim_agree=True upper=2822.08917384  CERT
651963300,0,1 RHO mem=True nz=True ynz=True cond=True claim_agree=True upper=0.940432677370  CERT
651963300,0,1 T   mem=True nz=True ynz=True cond=True claim_agree=True upper=2830.29237246  CERT
713181676,0,1 RHO mem=True nz=True ynz=True cond=True claim_agree=True upper=0.894447689370  CERT
713181676,0,1 T   mem=True nz=True ynz=True cond=True claim_agree=True upper=2108.35923467  CERT
731789105,0,1 RHO mem=True nz=True ynz=True cond=True claim_agree=True upper=0.935090601003  CERT
731789105,0,1 T   mem=True nz=True ynz=True cond=True claim_agree=True upper=3032.08264233  CERT
742738453,0,1 RHO mem=True nz=True ynz=True cond=True claim_agree=True upper=0.958052172951  CERT
742738453,0,1 T   mem=True nz=True ynz=True cond=True claim_agree=True upper=2119.07763495  CERT
780388313,0,1 RHO mem=True nz=True ynz=True cond=True claim_agree=True upper=0.896905330772  CERT
780388313,0,1 T   mem=True nz=True ynz=True cond=True claim_agree=True upper=2297.05783866  CERT
826010909,0,1 RHO mem=True nz=True ynz=True cond=True claim_agree=True upper=0.951810925519  CERT
826010909,0,1 T   mem=True nz=True ynz=True cond=True claim_agree=True upper=2301.80306713  CERT
867572434,0,1 RHO mem=True nz=True ynz=True cond=True claim_agree=True upper=0.958052172951  CERT
867572434,0,1 T   mem=True nz=True ynz=True cond=True claim_agree=True upper=2382.49222287  CERT
912295449,0,1 RHO mem=True nz=True ynz=True cond=True claim_agree=True upper=0.906841966351  CERT
912295449,0,1 T   mem=True nz=True ynz=True cond=True claim_agree=True upper=2148.21528785  CERT
926728751,0,1 RHO mem=True nz=True ynz=True cond=True claim_agree=True upper=0.917443072464  CERT
926728751,0,1 T   mem=True nz=True ynz=True cond=True claim_agree=True upper=2431.53592941  CERT
939516746,0,1 RHO mem=True nz=True ynz=True cond=True claim_agree=True upper=0.933777677450  CERT
939516746,0,1 T   mem=True nz=True ynz=True cond=True claim_agree=True upper=3154.78517733  CERT
999811500,0,1 RHO mem=True nz=True ynz=True cond=True claim_agree=True upper=0.909885147876  CERT
999811500,0,1 T   mem=True nz=True ynz=True cond=True claim_agree=True upper=2106.29809844  CERT
FAMILY VERIFY n=7 l=1000210241 : EXCLUDED (components certified 32 / 32 ; lines 64 ; failed lines 0)
FAMILY VERIFY PASS
