FACTORIZATION: 32 irreducible factors of degree 2 over F_1000753601: OK (header deg/ncomp/bar_T agree)
113032317,0,1 RHO mem=True nz=True ynz=True cond=True claim_agree=True upper=0.899672912921  CERT
113032317,0,1 T   mem=True nz=True ynz=True cond=True claim_agree=True upper=2592.14132394  CERT
135764819,0,1 RHO mem=True nz=True ynz=True cond=True claim_agree=True upper=0.919982286536  CERT
135764819,0,1 T   mem=True nz=True ynz=True cond=True claim_agree=True upper=2264.72696028  CERT
149393195,0,1 RHO mem=True nz=True ynz=True cond=True claim_agree=True upper=0.884590238713  CERT
149393195,0,1 T   mem=True nz=True ynz=True cond=True claim_agree=True upper=2609.88043518  CERT
162050252,0,1 RHO mem=True nz=True ynz=True cond=True claim_agree=True upper=0.889203113460  CERT
162050252,0,1 T   mem=True nz=True ynz=True cond=True claim_agree=True upper=1931.11408988  CERT
173852584,0,1 RHO mem=True nz=True ynz=True cond=True claim_agree=True upper=0.919021873125  CERT
173852584,0,1 T   mem=True nz=True ynz=True cond=True claim_agree=True upper=2166.82226261  CERT
234855545,0,1 RHO mem=True nz=True ynz=True cond=True claim_agree=True upper=0.930430808278  CERT
234855545,0,1 T   mem=True nz=True ynz=True cond=True claim_agree=True upper=2251.25838111  CERT
237370597,0,1 RHO mem=True nz=True ynz=True cond=True claim_agree=True upper=0.933487881477  CERT
237370597,0,1 T   mem=True nz=True ynz=True cond=True claim_agree=True upper=2206.97055271  CERT
245442458,0,1 RHO mem=True nz=True ynz=True cond=True claim_agree=True upper=0.930687511926  CERT
245442458,0,1 T   mem=True nz=True ynz=True cond=True claim_agree=True upper=2196.26667002  CERT
265331580,0,1 RHO mem=True nz=True ynz=True cond=True claim_agree=True upper=0.899672912921  CERT
265331580,0,1 T   mem=True nz=True ynz=True cond=True claim_agree=True upper=2437.96573942  CERT
265379562,0,1 RHO mem=True nz=True ynz=True cond=True claim_agree=True upper=0.919982286536  CERT
265379562,0,1 T   mem=True nz=True ynz=True cond=True claim_agree=True upper=2286.36855087  CERT
293223276,0,1 RHO mem=True nz=True ynz=True cond=True claim_agree=True upper=0.933487881477  CERT
293223276,0,1 T   mem=True nz=True ynz=True cond=True claim_agree=True upper=2620.10246326  CERT
332550014,0,1 RHO mem=True nz=True ynz=True cond=True claim_agree=True upper=0.929579726746  CERT
332550014,0,1 T   mem=True nz=True ynz=True cond=True claim_agree=True upper=2280.96842960  CERT
361663257,0,1 RHO mem=True nz=True ynz=True cond=True claim_agree=True upper=0.902635505145  CERT
361663257,0,1 T   mem=True nz=True ynz=True cond=True claim_agree=True upper=1774.98653007  CERT
384429761,0,1 RHO mem=True nz=True ynz=True cond=True claim_agree=True upper=0.929579726746  CERT
384429761,0,1 T   mem=True nz=True ynz=True cond=True claim_agree=True upper=2763.27569741  CERT
389635547,0,1 RHO mem=True nz=True ynz=True cond=True claim_agree=True upper=0.917471201148  CERT
389635547,0,1 T   mem=True nz=True ynz=True cond=True claim_agree=True upper=2451.92669938  CERT
426685577,0,1 RHO mem=True nz=True ynz=True cond=True claim_agree=True upper=0.897114754562  CERT
426685577,0,1 T   mem=True nz=True ynz=True cond=True claim_agree=True upper=1772.07411285  CERT
574068024,0,1 RHO mem=True nz=True ynz=True cond=True claim_agree=True upper=0.902635505145  CERT
574068024,0,1 T   mem=True nz=True ynz=True cond=True claim_agree=True upper=1568.53470187  CERT
611118054,0,1 RHO mem=True nz=True ynz=True cond=True claim_agree=True upper=0.884590238713  CERT
611118054,0,1 T   mem=True nz=True ynz=True cond=True claim_agree=True upper=1840.59973310  CERT
616323840,0,1 RHO mem=True nz=True ynz=True cond=True claim_agree=True upper=0.915679347998  CERT
616323840,0,1 T   mem=True nz=True ynz=True cond=True claim_agree=True upper=1899.05188852  CERT
639090344,0,1 RHO mem=True nz=True ynz=True cond=True claim_agree=True upper=0.897114754562  CERT
639090344,0,1 T   mem=True nz=True ynz=True cond=True claim_agree=True upper=2390.96209657  CERT
668203587,0,1 RHO mem=True nz=True ynz=True cond=True claim_agree=True upper=0.915679347998  CERT
668203587,0,1 T   mem=True nz=True ynz=True cond=True claim_agree=True upper=2045.76937875  CERT
707530325,0,1 RHO mem=True nz=True ynz=True cond=True claim_agree=True upper=0.854850266870  CERT
707530325,0,1 T   mem=True nz=True ynz=True cond=True claim_agree=True upper=1915.44666121  CERT
735374039,0,1 RHO mem=True nz=True ynz=True cond=True claim_agree=True upper=0.890531948645  CERT
735374039,0,1 T   mem=True nz=True ynz=True cond=True claim_agree=True upper=1990.05670586  CERT
735422021,0,1 RHO mem=True nz=True ynz=True cond=True claim_agree=True upper=0.891855644286  CERT
735422021,0,1 T   mem=True nz=True ynz=True cond=True claim_agree=True upper=2362.56179518  CERT
755311143,0,1 RHO mem=True nz=True ynz=True cond=True claim_agree=True upper=0.919021873125  CERT
755311143,0,1 T   mem=True nz=True ynz=True cond=True claim_agree=True upper=1787.64004994  CERT
763383004,0,1 RHO mem=True nz=True ynz=True cond=True claim_agree=True upper=0.854850266870  CERT
763383004,0,1 T   mem=True nz=True ynz=True cond=True claim_agree=True upper=1892.45782372  CERT
765898056,0,1 RHO mem=True nz=True ynz=True cond=True claim_agree=True upper=0.889203113460  CERT
765898056,0,1 T   mem=True nz=True ynz=True cond=True claim_agree=True upper=2123.93521932  CERT
826901017,0,1 RHO mem=True nz=True ynz=True cond=True claim_agree=True upper=0.930687511926  CERT
826901017,0,1 T   mem=True nz=True ynz=True cond=True claim_agree=True upper=2370.92324524  CERT
838703349,0,1 RHO mem=True nz=True ynz=True cond=True claim_agree=True upper=0.930430808278  CERT
838703349,0,1 T   mem=True nz=True ynz=True cond=True claim_agree=True upper=1555.04387002  CERT
851360406,0,1 RHO mem=True nz=True ynz=True cond=True claim_agree=True upper=0.917471201148  CERT
851360406,0,1 T   mem=True nz=True ynz=True cond=True claim_agree=True upper=2016.40235106  CERT
864988782,0,1 RHO mem=True nz=True ynz=True cond=True claim_agree=True upper=0.890531948645  CERT
864988782,0,1 T   mem=True nz=True ynz=True cond=True claim_agree=True upper=1752.23057123  CERT
887721284,0,1 RHO mem=True nz=True ynz=True cond=True claim_agree=True upper=0.891855644286  CERT
887721284,0,1 T   mem=True nz=True ynz=True cond=True claim_agree=True upper=1541.59667238  CERT
FAMILY VERIFY n=7 l=1000753601 : EXCLUDED (components certified 32 / 32 ; lines 64 ; failed lines 0)
FAMILY VERIFY PASS
