FACTORIZATION: 32 irreducible factors of degree 2 over F_1000055873: OK (header deg/ncomp/bar_T agree)
17371811,0,1 RHO mem=True nz=True ynz=True cond=True claim_agree=True upper=0.947573523542  CERT
17371811,0,1 T   mem=True nz=True ynz=True cond=True claim_agree=True upper=2191.20192512  CERT
18082542,0,1 RHO mem=True nz=True ynz=True cond=True claim_agree=True upper=0.884589946088  CERT
18082542,0,1 T   mem=True nz=True ynz=True cond=True claim_agree=True upper=1868.74983576  CERT
62156794,0,1 RHO mem=True nz=True ynz=True cond=True claim_agree=True upper=0.937584051280  CERT
62156794,0,1 T   mem=True nz=True ynz=True cond=True claim_agree=True upper=2377.99598106  CERT
142971874,0,1 RHO mem=True nz=True ynz=True cond=True claim_agree=True upper=0.927367223795  CERT
142971874,0,1 T   mem=True nz=True ynz=True cond=True claim_agree=True upper=2056.07922462  CERT
175431398,0,1 RHO mem=True nz=True ynz=True cond=True claim_agree=True upper=0.966810859801  CERT
175431398,0,1 T   mem=True nz=True ynz=True cond=True claim_agree=True upper=3010.10995460  CERT
189314887,0,1 RHO mem=True nz=True ynz=True cond=True claim_agree=True upper=0.937584051280  CERT
189314887,0,1 T   mem=True nz=True ynz=True cond=True claim_agree=True upper=2146.50145964  CERT
192176183,0,1 RHO mem=True nz=True ynz=True cond=True claim_agree=True upper=0.924625090366  CERT
192176183,0,1 T   mem=True nz=True ynz=True cond=True claim_agree=True upper=2224.85154309  CERT
215230061,0,1 RHO mem=True nz=True ynz=True cond=True claim_agree=True upper=0.916132303917  CERT
215230061,0,1 T   mem=True nz=True ynz=True cond=True claim_agree=True upper=2176.45407035  CERT
220601720,0,1 RHO mem=True nz=True ynz=True cond=True claim_agree=True upper=0.962082520798  CERT
220601720,0,1 T   mem=True nz=True ynz=True cond=True claim_agree=True upper=2612.03852211  CERT
228403717,0,1 RHO mem=True nz=True ynz=True cond=True claim_agree=True upper=0.897638483047  CERT
228403717,0,1 T   mem=True nz=True ynz=True cond=True claim_agree=True upper=2298.74516654  CERT
273656992,0,1 RHO mem=True nz=True ynz=True cond=True claim_agree=True upper=0.945670489630  CERT
273656992,0,1 T   mem=True nz=True ynz=True cond=True claim_agree=True upper=2522.65635611  CERT
276157450,0,1 RHO mem=True nz=True ynz=True cond=True claim_agree=True upper=0.916908606860  CERT
276157450,0,1 T   mem=True nz=True ynz=True cond=True claim_agree=True upper=2241.62200547  CERT
285765168,0,1 RHO mem=True nz=True ynz=True cond=True claim_agree=True upper=0.924625090366  CERT
285765168,0,1 T   mem=True nz=True ynz=True cond=True claim_agree=True upper=2368.13371666  CERT
390477362,0,1 RHO mem=True nz=True ynz=True cond=True claim_agree=True upper=0.953232813349  CERT
390477362,0,1 T   mem=True nz=True ynz=True cond=True claim_agree=True upper=2941.56654799  CERT
394748197,0,1 RHO mem=True nz=True ynz=True cond=True claim_agree=True upper=0.886972532815  CERT
394748197,0,1 T   mem=True nz=True ynz=True cond=True claim_agree=True upper=2081.23028608  CERT
417137709,0,1 RHO mem=True nz=True ynz=True cond=True claim_agree=True upper=0.898396024126  CERT
417137709,0,1 T   mem=True nz=True ynz=True cond=True claim_agree=True upper=2652.45500622  CERT
582918164,0,1 RHO mem=True nz=True ynz=True cond=True claim_agree=True upper=0.945670489630  CERT
582918164,0,1 T   mem=True nz=True ynz=True cond=True claim_agree=True upper=2846.20455328  CERT
605307676,0,1 RHO mem=True nz=True ynz=True cond=True claim_agree=True upper=0.966810859801  CERT
605307676,0,1 T   mem=True nz=True ynz=True cond=True claim_agree=True upper=3667.82055866  CERT
609578511,0,1 RHO mem=True nz=True ynz=True cond=True claim_agree=True upper=0.916132303917  CERT
609578511,0,1 T   mem=True nz=True ynz=True cond=True claim_agree=True upper=2453.93313140  CERT
714290705,0,1 RHO mem=True nz=True ynz=True cond=True claim_agree=True upper=0.917012859837  CERT
714290705,0,1 T   mem=True nz=True ynz=True cond=True claim_agree=True upper=2922.69043595  CERT
723898423,0,1 RHO mem=True nz=True ynz=True cond=True claim_agree=True upper=0.947573523542  CERT
723898423,0,1 T   mem=True nz=True ynz=True cond=True claim_agree=True upper=2552.25740013  CERT
726398881,0,1 RHO mem=True nz=True ynz=True cond=True claim_agree=True upper=0.898396024126  CERT
726398881,0,1 T   mem=True nz=True ynz=True cond=True claim_agree=True upper=1713.25179441  CERT
771652156,0,1 RHO mem=True nz=True ynz=True cond=True claim_agree=True upper=0.927367223795  CERT
771652156,0,1 T   mem=True nz=True ynz=True cond=True claim_agree=True upper=2233.47562486  CERT
779454153,0,1 RHO mem=True nz=True ynz=True cond=True claim_agree=True upper=0.884589946088  CERT
779454153,0,1 T   mem=True nz=True ynz=True cond=True claim_agree=True upper=2412.16858910  CERT
784825812,0,1 RHO mem=True nz=True ynz=True cond=True claim_agree=True upper=0.953232813349  CERT
784825812,0,1 T   mem=True nz=True ynz=True cond=True claim_agree=True upper=2461.20257376  CERT
807879690,0,1 RHO mem=True nz=True ynz=True cond=True claim_agree=True upper=0.917012859837  CERT
807879690,0,1 T   mem=True nz=True ynz=True cond=True claim_agree=True upper=2001.51975577  CERT
810740986,0,1 RHO mem=True nz=True ynz=True cond=True claim_agree=True upper=0.890125154947  CERT
810740986,0,1 T   mem=True nz=True ynz=True cond=True claim_agree=True upper=1893.73957748  CERT
824624475,0,1 RHO mem=True nz=True ynz=True cond=True claim_agree=True upper=0.886972532815  CERT
824624475,0,1 T   mem=True nz=True ynz=True cond=True claim_agree=True upper=1853.10486073  CERT
857083999,0,1 RHO mem=True nz=True ynz=True cond=True claim_agree=True upper=0.897638483047  CERT
857083999,0,1 T   mem=True nz=True ynz=True cond=True claim_agree=True upper=2220.25992500  CERT
937899079,0,1 RHO mem=True nz=True ynz=True cond=True claim_agree=True upper=0.890125154947  CERT
937899079,0,1 T   mem=True nz=True ynz=True cond=True claim_agree=True upper=2095.59750488  CERT
981973331,0,1 RHO mem=True nz=True ynz=True cond=True claim_agree=True upper=0.962082520798  CERT
981973331,0,1 T   mem=True nz=True ynz=True cond=True claim_agree=True upper=2447.18654919  CERT
982684062,0,1 RHO mem=True nz=True ynz=True cond=True claim_agree=True upper=0.916908606860  CERT
982684062,0,1 T   mem=True nz=True ynz=True cond=True claim_agree=True upper=2700.48107091  CERT
FAMILY VERIFY n=7 l=1000055873 : EXCLUDED (components certified 32 / 32 ; lines 64 ; failed lines 0)
FAMILY VERIFY PASS
