FACTORIZATION: 32 irreducible factors of degree 2 over F_1000933313: OK (header deg/ncomp/bar_T agree)
69806340,0,1 RHO mem=True nz=True ynz=True cond=True claim_agree=True upper=0.924053034492  CERT
69806340,0,1 T   mem=True nz=True ynz=True cond=True claim_agree=True upper=2138.82187792  CERT
115678437,0,1 RHO mem=True nz=True ynz=True cond=True claim_agree=True upper=0.887031393892  CERT
115678437,0,1 T   mem=True nz=True ynz=True cond=True claim_agree=True upper=1942.34675508  CERT
122088453,0,1 RHO mem=True nz=True ynz=True cond=True claim_agree=True upper=0.931124646947  CERT
122088453,0,1 T   mem=True nz=True ynz=True cond=True claim_agree=True upper=2206.23734655  CERT
148300175,0,1 RHO mem=True nz=True ynz=True cond=True claim_agree=True upper=0.940469867777  CERT
148300175,0,1 T   mem=True nz=True ynz=True cond=True claim_agree=True upper=2373.52989519  CERT
192127913,0,1 RHO mem=True nz=True ynz=True cond=True claim_agree=True upper=0.934699593424  CERT
192127913,0,1 T   mem=True nz=True ynz=True cond=True claim_agree=True upper=2914.10262076  CERT
222983609,0,1 RHO mem=True nz=True ynz=True cond=True claim_agree=True upper=0.963161699532  CERT
222983609,0,1 T   mem=True nz=True ynz=True cond=True claim_agree=True upper=2827.49737530  CERT
226124943,0,1 RHO mem=True nz=True ynz=True cond=True claim_agree=True upper=0.891662178636  CERT
226124943,0,1 T   mem=True nz=True ynz=True cond=True claim_agree=True upper=2397.80002325  CERT
247980391,0,1 RHO mem=True nz=True ynz=True cond=True claim_agree=True upper=0.906844457196  CERT
247980391,0,1 T   mem=True nz=True ynz=True cond=True claim_agree=True upper=1460.85062652  CERT
251164397,0,1 RHO mem=True nz=True ynz=True cond=True claim_agree=True upper=0.931124646947  CERT
251164397,0,1 T   mem=True nz=True ynz=True cond=True claim_agree=True upper=2472.57268971  CERT
252929179,0,1 RHO mem=True nz=True ynz=True cond=True claim_agree=True upper=0.953100891176  CERT
252929179,0,1 T   mem=True nz=True ynz=True cond=True claim_agree=True upper=2813.14990906  CERT
260315992,0,1 RHO mem=True nz=True ynz=True cond=True claim_agree=True upper=0.932426434068  CERT
260315992,0,1 T   mem=True nz=True ynz=True cond=True claim_agree=True upper=2341.48257647  CERT
332024884,0,1 RHO mem=True nz=True ynz=True cond=True claim_agree=True upper=0.974719002020  CERT
332024884,0,1 T   mem=True nz=True ynz=True cond=True claim_agree=True upper=2286.43772825  CERT
357930792,0,1 RHO mem=True nz=True ynz=True cond=True claim_agree=True upper=0.963161699532  CERT
357930792,0,1 T   mem=True nz=True ynz=True cond=True claim_agree=True upper=2528.22039163  CERT
383289668,0,1 RHO mem=True nz=True ynz=True cond=True claim_agree=True upper=0.940469867777  CERT
383289668,0,1 T   mem=True nz=True ynz=True cond=True claim_agree=True upper=1855.76928891  CERT
416914888,0,1 RHO mem=True nz=True ynz=True cond=True claim_agree=True upper=0.932426434068  CERT
416914888,0,1 T   mem=True nz=True ynz=True cond=True claim_agree=True upper=2276.43077249  CERT
425902173,0,1 RHO mem=True nz=True ynz=True cond=True claim_agree=True upper=0.934699593424  CERT
425902173,0,1 T   mem=True nz=True ynz=True cond=True claim_agree=True upper=2311.09880960  CERT
575031140,0,1 RHO mem=True nz=True ynz=True cond=True claim_agree=True upper=0.901299402953  CERT
575031140,0,1 T   mem=True nz=True ynz=True cond=True claim_agree=True upper=2142.39923500  CERT
584018425,0,1 RHO mem=True nz=True ynz=True cond=True claim_agree=True upper=0.896998340567  CERT
584018425,0,1 T   mem=True nz=True ynz=True cond=True claim_agree=True upper=2293.17170056  CERT
617643645,0,1 RHO mem=True nz=True ynz=True cond=True claim_agree=True upper=0.909377860510  CERT
617643645,0,1 T   mem=True nz=True ynz=True cond=True claim_agree=True upper=2189.18831934  CERT
643002521,0,1 RHO mem=True nz=True ynz=True cond=True claim_agree=True upper=0.913217970751  CERT
643002521,0,1 T   mem=True nz=True ynz=True cond=True claim_agree=True upper=2671.02039586  CERT
668908429,0,1 RHO mem=True nz=True ynz=True cond=True claim_agree=True upper=0.891662178636  CERT
668908429,0,1 T   mem=True nz=True ynz=True cond=True claim_agree=True upper=1677.32834085  CERT
740617321,0,1 RHO mem=True nz=True ynz=True cond=True claim_agree=True upper=0.896998340567  CERT
740617321,0,1 T   mem=True nz=True ynz=True cond=True claim_agree=True upper=3149.26882273  CERT
748004134,0,1 RHO mem=True nz=True ynz=True cond=True claim_agree=True upper=0.924053034492  CERT
748004134,0,1 T   mem=True nz=True ynz=True cond=True claim_agree=True upper=2132.24221108  CERT
749768916,0,1 RHO mem=True nz=True ynz=True cond=True claim_agree=True upper=0.899238280899  CERT
749768916,0,1 T   mem=True nz=True ynz=True cond=True claim_agree=True upper=2543.15374932  CERT
752952922,0,1 RHO mem=True nz=True ynz=True cond=True claim_agree=True upper=0.887031393892  CERT
752952922,0,1 T   mem=True nz=True ynz=True cond=True claim_agree=True upper=2728.88456497  CERT
774808370,0,1 RHO mem=True nz=True ynz=True cond=True claim_agree=True upper=0.974719002020  CERT
774808370,0,1 T   mem=True nz=True ynz=True cond=True claim_agree=True upper=2665.14213729  CERT
777949704,0,1 RHO mem=True nz=True ynz=True cond=True claim_agree=True upper=0.913217970751  CERT
777949704,0,1 T   mem=True nz=True ynz=True cond=True claim_agree=True upper=1773.99238141  CERT
808805400,0,1 RHO mem=True nz=True ynz=True cond=True claim_agree=True upper=0.901299402953  CERT
808805400,0,1 T   mem=True nz=True ynz=True cond=True claim_agree=True upper=2544.40113613  CERT
852633138,0,1 RHO mem=True nz=True ynz=True cond=True claim_agree=True upper=0.909377860510  CERT
852633138,0,1 T   mem=True nz=True ynz=True cond=True claim_agree=True upper=2043.71111786  CERT
878844860,0,1 RHO mem=True nz=True ynz=True cond=True claim_agree=True upper=0.899238280899  CERT
878844860,0,1 T   mem=True nz=True ynz=True cond=True claim_agree=True upper=2243.82244481  CERT
885254876,0,1 RHO mem=True nz=True ynz=True cond=True claim_agree=True upper=0.906844457196  CERT
885254876,0,1 T   mem=True nz=True ynz=True cond=True claim_agree=True upper=2462.01671817  CERT
931126973,0,1 RHO mem=True nz=True ynz=True cond=True claim_agree=True upper=0.953100891176  CERT
931126973,0,1 T   mem=True nz=True ynz=True cond=True claim_agree=True upper=2576.22065110  CERT
FAMILY VERIFY n=7 l=1000933313 : EXCLUDED (components certified 32 / 32 ; lines 64 ; failed lines 0)
FAMILY VERIFY PASS
