FACTORIZATION: 32 irreducible factors of degree 2 over F_1000576321: OK (header deg/ncomp/bar_T agree)
16144619,0,1 RHO mem=True nz=True ynz=True cond=True claim_agree=True upper=0.947448638924  CERT
16144619,0,1 T   mem=True nz=True ynz=True cond=True claim_agree=True upper=2668.05457684  CERT
99868850,0,1 RHO mem=True nz=True ynz=True cond=True claim_agree=True upper=0.938016945868  CERT
99868850,0,1 T   mem=True nz=True ynz=True cond=True claim_agree=True upper=2253.46585218  CERT
126416397,0,1 RHO mem=True nz=True ynz=True cond=True claim_agree=True upper=0.887367421821  CERT
126416397,0,1 T   mem=True nz=True ynz=True cond=True claim_agree=True upper=2527.26096916  CERT
133180491,0,1 RHO mem=True nz=True ynz=True cond=True claim_agree=True upper=0.946517545598  CERT
133180491,0,1 T   mem=True nz=True ynz=True cond=True claim_agree=True upper=2297.73936460  CERT
155938836,0,1 RHO mem=True nz=True ynz=True cond=True claim_agree=True upper=0.947448638924  CERT
155938836,0,1 T   mem=True nz=True ynz=True cond=True claim_agree=True upper=2115.23757591  CERT
179734419,0,1 RHO mem=True nz=True ynz=True cond=True claim_agree=True upper=0.938089098392  CERT
179734419,0,1 T   mem=True nz=True ynz=True cond=True claim_agree=True upper=2612.66097158  CERT
181273589,0,1 RHO mem=True nz=True ynz=True cond=True claim_agree=True upper=0.937732834933  CERT
181273589,0,1 T   mem=True nz=True ynz=True cond=True claim_agree=True upper=2197.91591568  CERT
209018676,0,1 RHO mem=True nz=True ynz=True cond=True claim_agree=True upper=0.912125042987  CERT
209018676,0,1 T   mem=True nz=True ynz=True cond=True claim_agree=True upper=2711.26747656  CERT
270082938,0,1 RHO mem=True nz=True ynz=True cond=True claim_agree=True upper=0.920881989039  CERT
270082938,0,1 T   mem=True nz=True ynz=True cond=True claim_agree=True upper=2193.13870177  CERT
329864550,0,1 RHO mem=True nz=True ynz=True cond=True claim_agree=True upper=0.887367421821  CERT
329864550,0,1 T   mem=True nz=True ynz=True cond=True claim_agree=True upper=1906.76795824  CERT
380296378,0,1 RHO mem=True nz=True ynz=True cond=True claim_agree=True upper=0.883951329984  CERT
380296378,0,1 T   mem=True nz=True ynz=True cond=True claim_agree=True upper=2289.24376717  CERT
396047426,0,1 RHO mem=True nz=True ynz=True cond=True claim_agree=True upper=0.938016945868  CERT
396047426,0,1 T   mem=True nz=True ynz=True cond=True claim_agree=True upper=2356.67044185  CERT
401111314,0,1 RHO mem=True nz=True ynz=True cond=True claim_agree=True upper=0.945993470523  CERT
401111314,0,1 T   mem=True nz=True ynz=True cond=True claim_agree=True upper=3119.27599433  CERT
439656815,0,1 RHO mem=True nz=True ynz=True cond=True claim_agree=True upper=0.883951329984  CERT
439656815,0,1 T   mem=True nz=True ynz=True cond=True claim_agree=True upper=3553.59308928  CERT
449905460,0,1 RHO mem=True nz=True ynz=True cond=True claim_agree=True upper=0.920881989039  CERT
449905460,0,1 T   mem=True nz=True ynz=True cond=True claim_agree=True upper=2535.35219357  CERT
483116646,0,1 RHO mem=True nz=True ynz=True cond=True claim_agree=True upper=0.902589152746  CERT
483116646,0,1 T   mem=True nz=True ynz=True cond=True claim_agree=True upper=2868.85765826  CERT
517459675,0,1 RHO mem=True nz=True ynz=True cond=True claim_agree=True upper=0.938089098392  CERT
517459675,0,1 T   mem=True nz=True ynz=True cond=True claim_agree=True upper=2503.12171529  CERT
550670861,0,1 RHO mem=True nz=True ynz=True cond=True claim_agree=True upper=0.929225694287  CERT
550670861,0,1 T   mem=True nz=True ynz=True cond=True claim_agree=True upper=2521.38511292  CERT
560919506,0,1 RHO mem=True nz=True ynz=True cond=True claim_agree=True upper=0.933558220375  CERT
560919506,0,1 T   mem=True nz=True ynz=True cond=True claim_agree=True upper=1810.83690938  CERT
599465007,0,1 RHO mem=True nz=True ynz=True cond=True claim_agree=True upper=0.912125042987  CERT
599465007,0,1 T   mem=True nz=True ynz=True cond=True claim_agree=True upper=3136.55169705  CERT
604528895,0,1 RHO mem=True nz=True ynz=True cond=True claim_agree=True upper=0.929607703362  CERT
604528895,0,1 T   mem=True nz=True ynz=True cond=True claim_agree=True upper=2133.74087334  CERT
620279943,0,1 RHO mem=True nz=True ynz=True cond=True claim_agree=True upper=0.933558220375  CERT
620279943,0,1 T   mem=True nz=True ynz=True cond=True claim_agree=True upper=2681.73667493  CERT
670711771,0,1 RHO mem=True nz=True ynz=True cond=True claim_agree=True upper=0.954635506179  CERT
670711771,0,1 T   mem=True nz=True ynz=True cond=True claim_agree=True upper=2446.12386631  CERT
730493383,0,1 RHO mem=True nz=True ynz=True cond=True claim_agree=True upper=0.929225694287  CERT
730493383,0,1 T   mem=True nz=True ynz=True cond=True claim_agree=True upper=2608.64705013  CERT
791557645,0,1 RHO mem=True nz=True ynz=True cond=True claim_agree=True upper=0.945993470523  CERT
791557645,0,1 T   mem=True nz=True ynz=True cond=True claim_agree=True upper=2815.93460411  CERT
819302732,0,1 RHO mem=True nz=True ynz=True cond=True claim_agree=True upper=0.946517545598  CERT
819302732,0,1 T   mem=True nz=True ynz=True cond=True claim_agree=True upper=2783.11750288  CERT
820841902,0,1 RHO mem=True nz=True ynz=True cond=True claim_agree=True upper=0.902589152746  CERT
820841902,0,1 T   mem=True nz=True ynz=True cond=True claim_agree=True upper=3082.79490689  CERT
844637485,0,1 RHO mem=True nz=True ynz=True cond=True claim_agree=True upper=0.909669685275  CERT
844637485,0,1 T   mem=True nz=True ynz=True cond=True claim_agree=True upper=2198.23029794  CERT
867395830,0,1 RHO mem=True nz=True ynz=True cond=True claim_agree=True upper=0.937732834933  CERT
867395830,0,1 T   mem=True nz=True ynz=True cond=True claim_agree=True upper=2899.69672916  CERT
874159924,0,1 RHO mem=True nz=True ynz=True cond=True claim_agree=True upper=0.954635506179  CERT
874159924,0,1 T   mem=True nz=True ynz=True cond=True claim_agree=True upper=2428.11733865  CERT
900707471,0,1 RHO mem=True nz=True ynz=True cond=True claim_agree=True upper=0.929607703362  CERT
900707471,0,1 T   mem=True nz=True ynz=True cond=True claim_agree=True upper=2737.82626514  CERT
984431702,0,1 RHO mem=True nz=True ynz=True cond=True claim_agree=True upper=0.909669685275  CERT
984431702,0,1 T   mem=True nz=True ynz=True cond=True claim_agree=True upper=2052.17364565  CERT
FAMILY VERIFY n=7 l=1000576321 : EXCLUDED (components certified 32 / 32 ; lines 64 ; failed lines 0)
FAMILY VERIFY PASS
