FACTORIZATION: 32 irreducible factors of degree 2 over F_1000833217: OK (header deg/ncomp/bar_T agree)
9583425,0,1 RHO mem=True nz=True ynz=True cond=True claim_agree=True upper=0.964405782851  CERT
9583425,0,1 T   mem=True nz=True ynz=True cond=True claim_agree=True upper=2622.73300867  CERT
11394406,0,1 RHO mem=True nz=True ynz=True cond=True claim_agree=True upper=0.921743944828  CERT
11394406,0,1 T   mem=True nz=True ynz=True cond=True claim_agree=True upper=2425.91219164  CERT
11484395,0,1 RHO mem=True nz=True ynz=True cond=True claim_agree=True upper=0.947660340822  CERT
11484395,0,1 T   mem=True nz=True ynz=True cond=True claim_agree=True upper=2265.11418824  CERT
148074932,0,1 RHO mem=True nz=True ynz=True cond=True claim_agree=True upper=0.914749664150  CERT
148074932,0,1 T   mem=True nz=True ynz=True cond=True claim_agree=True upper=3178.45131018  CERT
180624108,0,1 RHO mem=True nz=True ynz=True cond=True claim_agree=True upper=0.921743944828  CERT
180624108,0,1 T   mem=True nz=True ynz=True cond=True claim_agree=True upper=1932.66790011  CERT
189271563,0,1 RHO mem=True nz=True ynz=True cond=True claim_agree=True upper=0.954307910894  CERT
189271563,0,1 T   mem=True nz=True ynz=True cond=True claim_agree=True upper=2201.59258227  CERT
209229293,0,1 RHO mem=True nz=True ynz=True cond=True claim_agree=True upper=0.938215532561  CERT
209229293,0,1 T   mem=True nz=True ynz=True cond=True claim_agree=True upper=2430.10778470  CERT
250587249,0,1 RHO mem=True nz=True ynz=True cond=True claim_agree=True upper=0.927170975303  CERT
250587249,0,1 T   mem=True nz=True ynz=True cond=True claim_agree=True upper=2288.06887721  CERT
250908097,0,1 RHO mem=True nz=True ynz=True cond=True claim_agree=True upper=0.938245534963  CERT
250908097,0,1 T   mem=True nz=True ynz=True cond=True claim_agree=True upper=2048.27697576  CERT
282347397,0,1 RHO mem=True nz=True ynz=True cond=True claim_agree=True upper=0.918052064376  CERT
282347397,0,1 T   mem=True nz=True ynz=True cond=True claim_agree=True upper=2454.19866821  CERT
284227867,0,1 RHO mem=True nz=True ynz=True cond=True claim_agree=True upper=0.932742568289  CERT
284227867,0,1 T   mem=True nz=True ynz=True cond=True claim_agree=True upper=2306.44810612  CERT
310272238,0,1 RHO mem=True nz=True ynz=True cond=True claim_agree=True upper=0.938245534963  CERT
310272238,0,1 T   mem=True nz=True ynz=True cond=True claim_agree=True upper=2654.36634692  CERT
327964608,0,1 RHO mem=True nz=True ynz=True cond=True claim_agree=True upper=0.938368502995  CERT
327964608,0,1 T   mem=True nz=True ynz=True cond=True claim_agree=True upper=2242.03587756  CERT
420431775,0,1 RHO mem=True nz=True ynz=True cond=True claim_agree=True upper=0.964405782851  CERT
420431775,0,1 T   mem=True nz=True ynz=True cond=True claim_agree=True upper=2904.39928080  CERT
426698287,0,1 RHO mem=True nz=True ynz=True cond=True claim_agree=True upper=0.947660340822  CERT
426698287,0,1 T   mem=True nz=True ynz=True cond=True claim_agree=True upper=2336.70011537  CERT
493691805,0,1 RHO mem=True nz=True ynz=True cond=True claim_agree=True upper=0.938215532561  CERT
493691805,0,1 T   mem=True nz=True ynz=True cond=True claim_agree=True upper=1832.51840287  CERT
507141412,0,1 RHO mem=True nz=True ynz=True cond=True claim_agree=True upper=0.926504125103  CERT
507141412,0,1 T   mem=True nz=True ynz=True cond=True claim_agree=True upper=2280.70116423  CERT
574134930,0,1 RHO mem=True nz=True ynz=True cond=True claim_agree=True upper=0.948769688233  CERT
574134930,0,1 T   mem=True nz=True ynz=True cond=True claim_agree=True upper=2538.35652045  CERT
580401442,0,1 RHO mem=True nz=True ynz=True cond=True claim_agree=True upper=0.939247190460  CERT
580401442,0,1 T   mem=True nz=True ynz=True cond=True claim_agree=True upper=1884.92480367  CERT
672868609,0,1 RHO mem=True nz=True ynz=True cond=True claim_agree=True upper=0.927170975303  CERT
672868609,0,1 T   mem=True nz=True ynz=True cond=True claim_agree=True upper=2671.33554900  CERT
690560979,0,1 RHO mem=True nz=True ynz=True cond=True claim_agree=True upper=0.915615781932  CERT
690560979,0,1 T   mem=True nz=True ynz=True cond=True claim_agree=True upper=3265.08087287  CERT
716605350,0,1 RHO mem=True nz=True ynz=True cond=True claim_agree=True upper=0.954307910894  CERT
716605350,0,1 T   mem=True nz=True ynz=True cond=True claim_agree=True upper=2136.90201511  CERT
718485820,0,1 RHO mem=True nz=True ynz=True cond=True claim_agree=True upper=0.914749664150  CERT
718485820,0,1 T   mem=True nz=True ynz=True cond=True claim_agree=True upper=2002.70251988  CERT
749925120,0,1 RHO mem=True nz=True ynz=True cond=True claim_agree=True upper=0.915615781932  CERT
749925120,0,1 T   mem=True nz=True ynz=True cond=True claim_agree=True upper=1906.79927543  CERT
750245968,0,1 RHO mem=True nz=True ynz=True cond=True claim_agree=True upper=0.938368502995  CERT
750245968,0,1 T   mem=True nz=True ynz=True cond=True claim_agree=True upper=2059.50518145  CERT
791603924,0,1 RHO mem=True nz=True ynz=True cond=True claim_agree=True upper=0.926504125103  CERT
791603924,0,1 T   mem=True nz=True ynz=True cond=True claim_agree=True upper=2070.58761987  CERT
811561654,0,1 RHO mem=True nz=True ynz=True cond=True claim_agree=True upper=0.932742568289  CERT
811561654,0,1 T   mem=True nz=True ynz=True cond=True claim_agree=True upper=3250.10375786  CERT
820209109,0,1 RHO mem=True nz=True ynz=True cond=True claim_agree=True upper=0.975725825540  CERT
820209109,0,1 T   mem=True nz=True ynz=True cond=True claim_agree=True upper=2774.33939897  CERT
852758285,0,1 RHO mem=True nz=True ynz=True cond=True claim_agree=True upper=0.918052064376  CERT
852758285,0,1 T   mem=True nz=True ynz=True cond=True claim_agree=True upper=2422.98151101  CERT
989348822,0,1 RHO mem=True nz=True ynz=True cond=True claim_agree=True upper=0.948769688233  CERT
989348822,0,1 T   mem=True nz=True ynz=True cond=True claim_agree=True upper=2510.05056063  CERT
989438811,0,1 RHO mem=True nz=True ynz=True cond=True claim_agree=True upper=0.975725825540  CERT
989438811,0,1 T   mem=True nz=True ynz=True cond=True claim_agree=True upper=2589.23945261  CERT
991249792,0,1 RHO mem=True nz=True ynz=True cond=True claim_agree=True upper=0.939247190460  CERT
991249792,0,1 T   mem=True nz=True ynz=True cond=True claim_agree=True upper=2534.87283336  CERT
FAMILY VERIFY n=7 l=1000833217 : EXCLUDED (components certified 32 / 32 ; lines 64 ; failed lines 0)
FAMILY VERIFY PASS
