FACTORIZATION: 32 irreducible factors of degree 2 over F_1000110401: OK (header deg/ncomp/bar_T agree)
48420361,0,1 RHO mem=True nz=True ynz=True cond=True claim_agree=True upper=0.966086625289  CERT
48420361,0,1 T   mem=True nz=True ynz=True cond=True claim_agree=True upper=2349.78636030  CERT
53403299,0,1 RHO mem=True nz=True ynz=True cond=True claim_agree=True upper=0.941217776802  CERT
53403299,0,1 T   mem=True nz=True ynz=True cond=True claim_agree=True upper=2520.05731448  CERT
59492617,0,1 RHO mem=True nz=True ynz=True cond=True claim_agree=True upper=0.966086625289  CERT
59492617,0,1 T   mem=True nz=True ynz=True cond=True claim_agree=True upper=2934.35491372  CERT
101827071,0,1 RHO mem=True nz=True ynz=True cond=True claim_agree=True upper=0.966080617636  CERT
101827071,0,1 T   mem=True nz=True ynz=True cond=True claim_agree=True upper=2139.01592422  CERT
105562528,0,1 RHO mem=True nz=True ynz=True cond=True claim_agree=True upper=0.963945164989  CERT
105562528,0,1 T   mem=True nz=True ynz=True cond=True claim_agree=True upper=2843.68303946  CERT
119653771,0,1 RHO mem=True nz=True ynz=True cond=True claim_agree=True upper=0.957228741119  CERT
119653771,0,1 T   mem=True nz=True ynz=True cond=True claim_agree=True upper=2298.11721361  CERT
140060120,0,1 RHO mem=True nz=True ynz=True cond=True claim_agree=True upper=0.932121856431  CERT
140060120,0,1 T   mem=True nz=True ynz=True cond=True claim_agree=True upper=2499.48871900  CERT
143185542,0,1 RHO mem=True nz=True ynz=True cond=True claim_agree=True upper=0.965960534731  CERT
143185542,0,1 T   mem=True nz=True ynz=True cond=True claim_agree=True upper=2751.78127912  CERT
208336736,0,1 RHO mem=True nz=True ynz=True cond=True claim_agree=True upper=0.995439098291  CERT
208336736,0,1 T   mem=True nz=True ynz=True cond=True claim_agree=True upper=2526.65904324  CERT
353109730,0,1 RHO mem=True nz=True ynz=True cond=True claim_agree=True upper=0.943663169442  CERT
353109730,0,1 T   mem=True nz=True ynz=True cond=True claim_agree=True upper=2332.26193963  CERT
397352112,0,1 RHO mem=True nz=True ynz=True cond=True claim_agree=True upper=0.965858233642  CERT
397352112,0,1 T   mem=True nz=True ynz=True cond=True claim_agree=True upper=3549.30669571  CERT
420735230,0,1 RHO mem=True nz=True ynz=True cond=True claim_agree=True upper=0.941217776802  CERT
420735230,0,1 T   mem=True nz=True ynz=True cond=True claim_agree=True upper=2968.92260038  CERT
435712988,0,1 RHO mem=True nz=True ynz=True cond=True claim_agree=True upper=0.957228741119  CERT
435712988,0,1 T   mem=True nz=True ynz=True cond=True claim_agree=True upper=3016.08447255  CERT
438655731,0,1 RHO mem=True nz=True ynz=True cond=True claim_agree=True upper=0.995439098291  CERT
438655731,0,1 T   mem=True nz=True ynz=True cond=True claim_agree=True upper=2845.33932355  CERT
459442609,0,1 RHO mem=True nz=True ynz=True cond=True claim_agree=True upper=0.965960534731  CERT
459442609,0,1 T   mem=True nz=True ynz=True cond=True claim_agree=True upper=2641.00750078  CERT
499627600,0,1 RHO mem=True nz=True ynz=True cond=True claim_agree=True upper=0.966080617636  CERT
499627600,0,1 T   mem=True nz=True ynz=True cond=True claim_agree=True upper=2847.05720729  CERT
500482801,0,1 RHO mem=True nz=True ynz=True cond=True claim_agree=True upper=0.956048507339  CERT
500482801,0,1 T   mem=True nz=True ynz=True cond=True claim_agree=True upper=2429.68023199  CERT
540667792,0,1 RHO mem=True nz=True ynz=True cond=True claim_agree=True upper=0.937680862123  CERT
540667792,0,1 T   mem=True nz=True ynz=True cond=True claim_agree=True upper=2474.77894770  CERT
561454670,0,1 RHO mem=True nz=True ynz=True cond=True claim_agree=True upper=0.953717308190  CERT
561454670,0,1 T   mem=True nz=True ynz=True cond=True claim_agree=True upper=2171.43650945  CERT
564397413,0,1 RHO mem=True nz=True ynz=True cond=True claim_agree=True upper=0.971708430307  CERT
564397413,0,1 T   mem=True nz=True ynz=True cond=True claim_agree=True upper=2549.86170545  CERT
579375171,0,1 RHO mem=True nz=True ynz=True cond=True claim_agree=True upper=0.994251946518  CERT
579375171,0,1 T   mem=True nz=True ynz=True cond=True claim_agree=True upper=3080.25272208  CERT
602758289,0,1 RHO mem=True nz=True ynz=True cond=True claim_agree=True upper=0.932121856431  CERT
602758289,0,1 T   mem=True nz=True ynz=True cond=True claim_agree=True upper=3197.58522685  CERT
647000671,0,1 RHO mem=True nz=True ynz=True cond=True claim_agree=True upper=0.963945164989  CERT
647000671,0,1 T   mem=True nz=True ynz=True cond=True claim_agree=True upper=2634.57507620  CERT
791773665,0,1 RHO mem=True nz=True ynz=True cond=True claim_agree=True upper=0.953717308190  CERT
791773665,0,1 T   mem=True nz=True ynz=True cond=True claim_agree=True upper=2856.26101260  CERT
856924859,0,1 RHO mem=True nz=True ynz=True cond=True claim_agree=True upper=0.937680862123  CERT
856924859,0,1 T   mem=True nz=True ynz=True cond=True claim_agree=True upper=2296.17315487  CERT
860050281,0,1 RHO mem=True nz=True ynz=True cond=True claim_agree=True upper=0.965858233642  CERT
860050281,0,1 T   mem=True nz=True ynz=True cond=True claim_agree=True upper=3063.83621767  CERT
880456630,0,1 RHO mem=True nz=True ynz=True cond=True claim_agree=True upper=0.971708430307  CERT
880456630,0,1 T   mem=True nz=True ynz=True cond=True claim_agree=True upper=1896.52416578  CERT
894547873,0,1 RHO mem=True nz=True ynz=True cond=True claim_agree=True upper=0.943663169442  CERT
894547873,0,1 T   mem=True nz=True ynz=True cond=True claim_agree=True upper=2301.66497410  CERT
898283330,0,1 RHO mem=True nz=True ynz=True cond=True claim_agree=True upper=0.956048507339  CERT
898283330,0,1 T   mem=True nz=True ynz=True cond=True claim_agree=True upper=2585.22894428  CERT
940617784,0,1 RHO mem=True nz=True ynz=True cond=True claim_agree=True upper=0.942913181145  CERT
940617784,0,1 T   mem=True nz=True ynz=True cond=True claim_agree=True upper=2876.90393432  CERT
946707102,0,1 RHO mem=True nz=True ynz=True cond=True claim_agree=True upper=0.994251946518  CERT
946707102,0,1 T   mem=True nz=True ynz=True cond=True claim_agree=True upper=2888.68398161  CERT
951690040,0,1 RHO mem=True nz=True ynz=True cond=True claim_agree=True upper=0.942913181145  CERT
951690040,0,1 T   mem=True nz=True ynz=True cond=True claim_agree=True upper=2241.91787556  CERT
FAMILY VERIFY n=7 l=1000110401 : EXCLUDED (components certified 32 / 32 ; lines 64 ; failed lines 0)
FAMILY VERIFY PASS
