FACTORIZATION: 32 irreducible factors of degree 2 over F_1000116673: OK (header deg/ncomp/bar_T agree)
19108630,0,1 RHO mem=True nz=True ynz=True cond=True claim_agree=True upper=0.979522968909  CERT
19108630,0,1 T   mem=True nz=True ynz=True cond=True claim_agree=True upper=3421.92256556  CERT
24008813,0,1 RHO mem=True nz=True ynz=True cond=True claim_agree=True upper=0.962010379720  CERT
24008813,0,1 T   mem=True nz=True ynz=True cond=True claim_agree=True upper=2677.51076564  CERT
26447540,0,1 RHO mem=True nz=True ynz=True cond=True claim_agree=True upper=0.970977933893  CERT
26447540,0,1 T   mem=True nz=True ynz=True cond=True claim_agree=True upper=2473.55754910  CERT
118533775,0,1 RHO mem=True nz=True ynz=True cond=True claim_agree=True upper=0.976321843481  CERT
118533775,0,1 T   mem=True nz=True ynz=True cond=True claim_agree=True upper=2777.69779248  CERT
133526455,0,1 RHO mem=True nz=True ynz=True cond=True claim_agree=True upper=0.939145630480  CERT
133526455,0,1 T   mem=True nz=True ynz=True cond=True claim_agree=True upper=3062.13244227  CERT
134934452,0,1 RHO mem=True nz=True ynz=True cond=True claim_agree=True upper=0.984182111229  CERT
134934452,0,1 T   mem=True nz=True ynz=True cond=True claim_agree=True upper=2746.98279995  CERT
166815458,0,1 RHO mem=True nz=True ynz=True cond=True claim_agree=True upper=0.979522968909  CERT
166815458,0,1 T   mem=True nz=True ynz=True cond=True claim_agree=True upper=2339.96829892  CERT
168904334,0,1 RHO mem=True nz=True ynz=True cond=True claim_agree=True upper=0.970977933893  CERT
168904334,0,1 T   mem=True nz=True ynz=True cond=True claim_agree=True upper=2476.25123627  CERT
203881373,0,1 RHO mem=True nz=True ynz=True cond=True claim_agree=True upper=0.969085820992  CERT
203881373,0,1 T   mem=True nz=True ynz=True cond=True claim_agree=True upper=2280.13605169  CERT
227955854,0,1 RHO mem=True nz=True ynz=True cond=True claim_agree=True upper=0.940859797361  CERT
227955854,0,1 T   mem=True nz=True ynz=True cond=True claim_agree=True upper=2979.54714561  CERT
231423061,0,1 RHO mem=True nz=True ynz=True cond=True claim_agree=True upper=0.904106716576  CERT
231423061,0,1 T   mem=True nz=True ynz=True cond=True claim_agree=True upper=1681.63423300  CERT
289771797,0,1 RHO mem=True nz=True ynz=True cond=True claim_agree=True upper=0.976321843481  CERT
289771797,0,1 T   mem=True nz=True ynz=True cond=True claim_agree=True upper=3043.97299431  CERT
313115775,0,1 RHO mem=True nz=True ynz=True cond=True claim_agree=True upper=0.945317742294  CERT
313115775,0,1 T   mem=True nz=True ynz=True cond=True claim_agree=True upper=2213.02094905  CERT
345483922,0,1 RHO mem=True nz=True ynz=True cond=True claim_agree=True upper=0.977222638306  CERT
345483922,0,1 T   mem=True nz=True ynz=True cond=True claim_agree=True upper=3045.22050855  CERT
351972677,0,1 RHO mem=True nz=True ynz=True cond=True claim_agree=True upper=0.972553923929  CERT
351972677,0,1 T   mem=True nz=True ynz=True cond=True claim_agree=True upper=3433.91063419  CERT
411050031,0,1 RHO mem=True nz=True ynz=True cond=True claim_agree=True upper=0.977337926397  CERT
411050031,0,1 T   mem=True nz=True ynz=True cond=True claim_agree=True upper=2941.67878676  CERT
589066642,0,1 RHO mem=True nz=True ynz=True cond=True claim_agree=True upper=0.969085820992  CERT
589066642,0,1 T   mem=True nz=True ynz=True cond=True claim_agree=True upper=3110.31727698  CERT
648143996,0,1 RHO mem=True nz=True ynz=True cond=True claim_agree=True upper=0.977222638306  CERT
648143996,0,1 T   mem=True nz=True ynz=True cond=True claim_agree=True upper=3287.76510146  CERT
654632751,0,1 RHO mem=True nz=True ynz=True cond=True claim_agree=True upper=0.972553923929  CERT
654632751,0,1 T   mem=True nz=True ynz=True cond=True claim_agree=True upper=3242.55800763  CERT
687000898,0,1 RHO mem=True nz=True ynz=True cond=True claim_agree=True upper=0.939145630480  CERT
687000898,0,1 T   mem=True nz=True ynz=True cond=True claim_agree=True upper=2601.72453203  CERT
710344876,0,1 RHO mem=True nz=True ynz=True cond=True claim_agree=True upper=0.964438939244  CERT
710344876,0,1 T   mem=True nz=True ynz=True cond=True claim_agree=True upper=3115.05775810  CERT
768693612,0,1 RHO mem=True nz=True ynz=True cond=True claim_agree=True upper=0.984182111229  CERT
768693612,0,1 T   mem=True nz=True ynz=True cond=True claim_agree=True upper=2583.39001709  CERT
772160819,0,1 RHO mem=True nz=True ynz=True cond=True claim_agree=True upper=0.962010379720  CERT
772160819,0,1 T   mem=True nz=True ynz=True cond=True claim_agree=True upper=3471.79765936  CERT
796235300,0,1 RHO mem=True nz=True ynz=True cond=True claim_agree=True upper=0.977337926397  CERT
796235300,0,1 T   mem=True nz=True ynz=True cond=True claim_agree=True upper=2754.05855421  CERT
831212339,0,1 RHO mem=True nz=True ynz=True cond=True claim_agree=True upper=0.981157990068  CERT
831212339,0,1 T   mem=True nz=True ynz=True cond=True claim_agree=True upper=2219.10714043  CERT
833301215,0,1 RHO mem=True nz=True ynz=True cond=True claim_agree=True upper=0.956013031590  CERT
833301215,0,1 T   mem=True nz=True ynz=True cond=True claim_agree=True upper=2275.50800711  CERT
865182221,0,1 RHO mem=True nz=True ynz=True cond=True claim_agree=True upper=0.904106716576  CERT
865182221,0,1 T   mem=True nz=True ynz=True cond=True claim_agree=True upper=2556.69596245  CERT
866590218,0,1 RHO mem=True nz=True ynz=True cond=True claim_agree=True upper=0.945317742294  CERT
866590218,0,1 T   mem=True nz=True ynz=True cond=True claim_agree=True upper=2374.06680106  CERT
881582898,0,1 RHO mem=True nz=True ynz=True cond=True claim_agree=True upper=0.964438939244  CERT
881582898,0,1 T   mem=True nz=True ynz=True cond=True claim_agree=True upper=2100.94170081  CERT
973669133,0,1 RHO mem=True nz=True ynz=True cond=True claim_agree=True upper=0.981157990068  CERT
973669133,0,1 T   mem=True nz=True ynz=True cond=True claim_agree=True upper=2944.70264691  CERT
976107860,0,1 RHO mem=True nz=True ynz=True cond=True claim_agree=True upper=0.940859797361  CERT
976107860,0,1 T   mem=True nz=True ynz=True cond=True claim_agree=True upper=2162.31182084  CERT
981008043,0,1 RHO mem=True nz=True ynz=True cond=True claim_agree=True upper=0.956013031590  CERT
981008043,0,1 T   mem=True nz=True ynz=True cond=True claim_agree=True upper=2663.22607846  CERT
FAMILY VERIFY n=7 l=1000116673 : EXCLUDED (components certified 32 / 32 ; lines 64 ; failed lines 0)
FAMILY VERIFY PASS
