FACTORIZATION: 32 irreducible factors of degree 2 over F_1000127041: OK (header deg/ncomp/bar_T agree)
21501261,0,1 RHO mem=True nz=True ynz=True cond=True claim_agree=True upper=0.839304083522  CERT
21501261,0,1 T   mem=True nz=True ynz=True cond=True claim_agree=True upper=1775.20407846  CERT
40723329,0,1 RHO mem=True nz=True ynz=True cond=True claim_agree=True upper=0.894880609344  CERT
40723329,0,1 T   mem=True nz=True ynz=True cond=True claim_agree=True upper=2501.27003644  CERT
80224374,0,1 RHO mem=True nz=True ynz=True cond=True claim_agree=True upper=0.918566613173  CERT
80224374,0,1 T   mem=True nz=True ynz=True cond=True claim_agree=True upper=2077.49145185  CERT
102891228,0,1 RHO mem=True nz=True ynz=True cond=True claim_agree=True upper=0.936388566128  CERT
102891228,0,1 T   mem=True nz=True ynz=True cond=True claim_agree=True upper=2184.81135116  CERT
111826686,0,1 RHO mem=True nz=True ynz=True cond=True claim_agree=True upper=0.910409847605  CERT
111826686,0,1 T   mem=True nz=True ynz=True cond=True claim_agree=True upper=1961.81877842  CERT
130806626,0,1 RHO mem=True nz=True ynz=True cond=True claim_agree=True upper=0.917193125970  CERT
130806626,0,1 T   mem=True nz=True ynz=True cond=True claim_agree=True upper=1892.10761518  CERT
199032558,0,1 RHO mem=True nz=True ynz=True cond=True claim_agree=True upper=0.936388566128  CERT
199032558,0,1 T   mem=True nz=True ynz=True cond=True claim_agree=True upper=2616.75835529  CERT
216602232,0,1 RHO mem=True nz=True ynz=True cond=True claim_agree=True upper=0.927343467053  CERT
216602232,0,1 T   mem=True nz=True ynz=True cond=True claim_agree=True upper=2171.81652450  CERT
223484756,0,1 RHO mem=True nz=True ynz=True cond=True claim_agree=True upper=0.909939306620  CERT
223484756,0,1 T   mem=True nz=True ynz=True cond=True claim_agree=True upper=2055.90080983  CERT
247434453,0,1 RHO mem=True nz=True ynz=True cond=True claim_agree=True upper=0.912934793684  CERT
247434453,0,1 T   mem=True nz=True ynz=True cond=True claim_agree=True upper=2604.74065629  CERT
263501049,0,1 RHO mem=True nz=True ynz=True cond=True claim_agree=True upper=0.912934793684  CERT
263501049,0,1 T   mem=True nz=True ynz=True cond=True claim_agree=True upper=2488.72305063  CERT
267647926,0,1 RHO mem=True nz=True ynz=True cond=True claim_agree=True upper=0.917193125970  CERT
267647926,0,1 T   mem=True nz=True ynz=True cond=True claim_agree=True upper=1810.77578883  CERT
268615438,0,1 RHO mem=True nz=True ynz=True cond=True claim_agree=True upper=0.839304083522  CERT
268615438,0,1 T   mem=True nz=True ynz=True cond=True claim_agree=True upper=2052.47059757  CERT
397181373,0,1 RHO mem=True nz=True ynz=True cond=True claim_agree=True upper=0.909939306620  CERT
397181373,0,1 T   mem=True nz=True ynz=True cond=True claim_agree=True upper=2038.66255528  CERT
452573590,0,1 RHO mem=True nz=True ynz=True cond=True claim_agree=True upper=0.901432772502  CERT
452573590,0,1 T   mem=True nz=True ynz=True cond=True claim_agree=True upper=2256.14104573  CERT
474517042,0,1 RHO mem=True nz=True ynz=True cond=True claim_agree=True upper=0.921364651507  CERT
474517042,0,1 T   mem=True nz=True ynz=True cond=True claim_agree=True upper=2081.14486908  CERT
525609999,0,1 RHO mem=True nz=True ynz=True cond=True claim_agree=True upper=0.894880609344  CERT
525609999,0,1 T   mem=True nz=True ynz=True cond=True claim_agree=True upper=2343.07213531  CERT
547553451,0,1 RHO mem=True nz=True ynz=True cond=True claim_agree=True upper=0.918566613173  CERT
547553451,0,1 T   mem=True nz=True ynz=True cond=True claim_agree=True upper=1908.27556846  CERT
602945668,0,1 RHO mem=True nz=True ynz=True cond=True claim_agree=True upper=0.898905690138  CERT
602945668,0,1 T   mem=True nz=True ynz=True cond=True claim_agree=True upper=1674.55855225  CERT
731511603,0,1 RHO mem=True nz=True ynz=True cond=True claim_agree=True upper=0.927205583566  CERT
731511603,0,1 T   mem=True nz=True ynz=True cond=True claim_agree=True upper=3143.19432432  CERT
732479115,0,1 RHO mem=True nz=True ynz=True cond=True claim_agree=True upper=0.899207958313  CERT
732479115,0,1 T   mem=True nz=True ynz=True cond=True claim_agree=True upper=1980.45519390  CERT
736625992,0,1 RHO mem=True nz=True ynz=True cond=True claim_agree=True upper=0.911346707107  CERT
736625992,0,1 T   mem=True nz=True ynz=True cond=True claim_agree=True upper=2393.18522330  CERT
752692588,0,1 RHO mem=True nz=True ynz=True cond=True claim_agree=True upper=0.911346707107  CERT
752692588,0,1 T   mem=True nz=True ynz=True cond=True claim_agree=True upper=1868.46752424  CERT
776642285,0,1 RHO mem=True nz=True ynz=True cond=True claim_agree=True upper=0.898905690138  CERT
776642285,0,1 T   mem=True nz=True ynz=True cond=True claim_agree=True upper=2070.18055688  CERT
783524809,0,1 RHO mem=True nz=True ynz=True cond=True claim_agree=True upper=0.910409847605  CERT
783524809,0,1 T   mem=True nz=True ynz=True cond=True claim_agree=True upper=1958.93975799  CERT
801094483,0,1 RHO mem=True nz=True ynz=True cond=True claim_agree=True upper=0.881942161759  CERT
801094483,0,1 T   mem=True nz=True ynz=True cond=True claim_agree=True upper=1704.99286865  CERT
869320415,0,1 RHO mem=True nz=True ynz=True cond=True claim_agree=True upper=0.899207958313  CERT
869320415,0,1 T   mem=True nz=True ynz=True cond=True claim_agree=True upper=1895.51973306  CERT
888300355,0,1 RHO mem=True nz=True ynz=True cond=True claim_agree=True upper=0.927343467053  CERT
888300355,0,1 T   mem=True nz=True ynz=True cond=True claim_agree=True upper=1899.87115734  CERT
897235813,0,1 RHO mem=True nz=True ynz=True cond=True claim_agree=True upper=0.881942161759  CERT
897235813,0,1 T   mem=True nz=True ynz=True cond=True claim_agree=True upper=1662.85677530  CERT
919902667,0,1 RHO mem=True nz=True ynz=True cond=True claim_agree=True upper=0.901432772502  CERT
919902667,0,1 T   mem=True nz=True ynz=True cond=True claim_agree=True upper=2126.10471713  CERT
959403712,0,1 RHO mem=True nz=True ynz=True cond=True claim_agree=True upper=0.921364651507  CERT
959403712,0,1 T   mem=True nz=True ynz=True cond=True claim_agree=True upper=2782.31006479  CERT
978625780,0,1 RHO mem=True nz=True ynz=True cond=True claim_agree=True upper=0.927205583566  CERT
978625780,0,1 T   mem=True nz=True ynz=True cond=True claim_agree=True upper=2550.85889622  CERT
FAMILY VERIFY n=7 l=1000127041 : EXCLUDED (components certified 32 / 32 ; lines 64 ; failed lines 0)
FAMILY VERIFY PASS
