FACTORIZATION: 32 irreducible factors of degree 2 over F_1000157633: OK (header deg/ncomp/bar_T agree)
38333811,0,1 RHO mem=True nz=True ynz=True cond=True claim_agree=True upper=0.947799736344  CERT
38333811,0,1 T   mem=True nz=True ynz=True cond=True claim_agree=True upper=3463.10607186  CERT
45320121,0,1 RHO mem=True nz=True ynz=True cond=True claim_agree=True upper=0.941746176460  CERT
45320121,0,1 T   mem=True nz=True ynz=True cond=True claim_agree=True upper=1932.54266091  CERT
69126710,0,1 RHO mem=True nz=True ynz=True cond=True claim_agree=True upper=0.966868629154  CERT
69126710,0,1 T   mem=True nz=True ynz=True cond=True claim_agree=True upper=2029.94816082  CERT
76755903,0,1 RHO mem=True nz=True ynz=True cond=True claim_agree=True upper=0.968446875167  CERT
76755903,0,1 T   mem=True nz=True ynz=True cond=True claim_agree=True upper=2336.15877657  CERT
140618014,0,1 RHO mem=True nz=True ynz=True cond=True claim_agree=True upper=0.941746176460  CERT
140618014,0,1 T   mem=True nz=True ynz=True cond=True claim_agree=True upper=2784.67985645  CERT
157298480,0,1 RHO mem=True nz=True ynz=True cond=True claim_agree=True upper=0.938892011003  CERT
157298480,0,1 T   mem=True nz=True ynz=True cond=True claim_agree=True upper=2103.22521985  CERT
178822112,0,1 RHO mem=True nz=True ynz=True cond=True claim_agree=True upper=0.947174476698  CERT
178822112,0,1 T   mem=True nz=True ynz=True cond=True claim_agree=True upper=2223.00046297  CERT
262254695,0,1 RHO mem=True nz=True ynz=True cond=True claim_agree=True upper=0.924866698917  CERT
262254695,0,1 T   mem=True nz=True ynz=True cond=True claim_agree=True upper=2397.43223697  CERT
276250669,0,1 RHO mem=True nz=True ynz=True cond=True claim_agree=True upper=0.958808309931  CERT
276250669,0,1 T   mem=True nz=True ynz=True cond=True claim_agree=True upper=2600.73394261  CERT
329674643,0,1 RHO mem=True nz=True ynz=True cond=True claim_agree=True upper=0.964567822241  CERT
329674643,0,1 T   mem=True nz=True ynz=True cond=True claim_agree=True upper=2906.39044658  CERT
339253578,0,1 RHO mem=True nz=True ynz=True cond=True claim_agree=True upper=0.958808309931  CERT
339253578,0,1 T   mem=True nz=True ynz=True cond=True claim_agree=True upper=2508.23583740  CERT
373442650,0,1 RHO mem=True nz=True ynz=True cond=True claim_agree=True upper=0.938892011003  CERT
373442650,0,1 T   mem=True nz=True ynz=True cond=True claim_agree=True upper=2744.64977757  CERT
380404578,0,1 RHO mem=True nz=True ynz=True cond=True claim_agree=True upper=0.938024930668  CERT
380404578,0,1 T   mem=True nz=True ynz=True cond=True claim_agree=True upper=3250.40538669  CERT
455913332,0,1 RHO mem=True nz=True ynz=True cond=True claim_agree=True upper=0.967161349663  CERT
455913332,0,1 T   mem=True nz=True ynz=True cond=True claim_agree=True upper=2601.96512767  CERT
461451170,0,1 RHO mem=True nz=True ynz=True cond=True claim_agree=True upper=0.964567822241  CERT
461451170,0,1 T   mem=True nz=True ynz=True cond=True claim_agree=True upper=2880.51761748  CERT
477597958,0,1 RHO mem=True nz=True ynz=True cond=True claim_agree=True upper=0.947174476698  CERT
477597958,0,1 T   mem=True nz=True ynz=True cond=True claim_agree=True upper=2431.42779170  CERT
522559675,0,1 RHO mem=True nz=True ynz=True cond=True claim_agree=True upper=0.984886525316  CERT
522559675,0,1 T   mem=True nz=True ynz=True cond=True claim_agree=True upper=2800.81729272  CERT
538706463,0,1 RHO mem=True nz=True ynz=True cond=True claim_agree=True upper=0.957858456900  CERT
538706463,0,1 T   mem=True nz=True ynz=True cond=True claim_agree=True upper=2207.20700498  CERT
544244301,0,1 RHO mem=True nz=True ynz=True cond=True claim_agree=True upper=0.947799736344  CERT
544244301,0,1 T   mem=True nz=True ynz=True cond=True claim_agree=True upper=2346.00459757  CERT
619753055,0,1 RHO mem=True nz=True ynz=True cond=True claim_agree=True upper=0.968446875167  CERT
619753055,0,1 T   mem=True nz=True ynz=True cond=True claim_agree=True upper=2732.67540894  CERT
626714983,0,1 RHO mem=True nz=True ynz=True cond=True claim_agree=True upper=0.968496251442  CERT
626714983,0,1 T   mem=True nz=True ynz=True cond=True claim_agree=True upper=3198.67659228  CERT
660904055,0,1 RHO mem=True nz=True ynz=True cond=True claim_agree=True upper=0.968556808593  CERT
660904055,0,1 T   mem=True nz=True ynz=True cond=True claim_agree=True upper=2315.31997208  CERT
670482990,0,1 RHO mem=True nz=True ynz=True cond=True claim_agree=True upper=0.957858456900  CERT
670482990,0,1 T   mem=True nz=True ynz=True cond=True claim_agree=True upper=2755.32002927  CERT
723906964,0,1 RHO mem=True nz=True ynz=True cond=True claim_agree=True upper=0.968556808593  CERT
723906964,0,1 T   mem=True nz=True ynz=True cond=True claim_agree=True upper=3114.89611752  CERT
737902938,0,1 RHO mem=True nz=True ynz=True cond=True claim_agree=True upper=0.966868629154  CERT
737902938,0,1 T   mem=True nz=True ynz=True cond=True claim_agree=True upper=2388.19551581  CERT
821335521,0,1 RHO mem=True nz=True ynz=True cond=True claim_agree=True upper=0.984886525316  CERT
821335521,0,1 T   mem=True nz=True ynz=True cond=True claim_agree=True upper=2663.87337610  CERT
842859153,0,1 RHO mem=True nz=True ynz=True cond=True claim_agree=True upper=0.968496251442  CERT
842859153,0,1 T   mem=True nz=True ynz=True cond=True claim_agree=True upper=2451.37808071  CERT
859539619,0,1 RHO mem=True nz=True ynz=True cond=True claim_agree=True upper=0.966659321266  CERT
859539619,0,1 T   mem=True nz=True ynz=True cond=True claim_agree=True upper=2644.90233165  CERT
923401730,0,1 RHO mem=True nz=True ynz=True cond=True claim_agree=True upper=0.938024930668  CERT
923401730,0,1 T   mem=True nz=True ynz=True cond=True claim_agree=True upper=2376.51905255  CERT
931030923,0,1 RHO mem=True nz=True ynz=True cond=True claim_agree=True upper=0.924866698917  CERT
931030923,0,1 T   mem=True nz=True ynz=True cond=True claim_agree=True upper=2042.43797168  CERT
954837512,0,1 RHO mem=True nz=True ynz=True cond=True claim_agree=True upper=0.966659321266  CERT
954837512,0,1 T   mem=True nz=True ynz=True cond=True claim_agree=True upper=2854.34155758  CERT
961823822,0,1 RHO mem=True nz=True ynz=True cond=True claim_agree=True upper=0.967161349663  CERT
961823822,0,1 T   mem=True nz=True ynz=True cond=True claim_agree=True upper=2209.83947063  CERT
FAMILY VERIFY n=7 l=1000157633 : EXCLUDED (components certified 32 / 32 ; lines 64 ; failed lines 0)
FAMILY VERIFY PASS
