FACTORIZATION: 32 irreducible factors of degree 2 over F_1000567361: OK (header deg/ncomp/bar_T agree)
14560791,0,1 RHO mem=True nz=True ynz=True cond=True claim_agree=True upper=0.919563089616  CERT
14560791,0,1 T   mem=True nz=True ynz=True cond=True claim_agree=True upper=2333.68583749  CERT
19830117,0,1 RHO mem=True nz=True ynz=True cond=True claim_agree=True upper=0.924338382927  CERT
19830117,0,1 T   mem=True nz=True ynz=True cond=True claim_agree=True upper=2751.90445259  CERT
49471336,0,1 RHO mem=True nz=True ynz=True cond=True claim_agree=True upper=0.916503030107  CERT
49471336,0,1 T   mem=True nz=True ynz=True cond=True claim_agree=True upper=2328.28816048  CERT
141435362,0,1 RHO mem=True nz=True ynz=True cond=True claim_agree=True upper=0.909601174704  CERT
141435362,0,1 T   mem=True nz=True ynz=True cond=True claim_agree=True upper=2374.19632455  CERT
150704574,0,1 RHO mem=True nz=True ynz=True cond=True claim_agree=True upper=0.911657254537  CERT
150704574,0,1 T   mem=True nz=True ynz=True cond=True claim_agree=True upper=1880.01275238  CERT
174213004,0,1 RHO mem=True nz=True ynz=True cond=True claim_agree=True upper=0.916503030107  CERT
174213004,0,1 T   mem=True nz=True ynz=True cond=True claim_agree=True upper=2569.19121200  CERT
239865147,0,1 RHO mem=True nz=True ynz=True cond=True claim_agree=True upper=0.938167157439  CERT
239865147,0,1 T   mem=True nz=True ynz=True cond=True claim_agree=True upper=2899.16353093  CERT
264265911,0,1 RHO mem=True nz=True ynz=True cond=True claim_agree=True upper=0.966609256227  CERT
264265911,0,1 T   mem=True nz=True ynz=True cond=True claim_agree=True upper=2826.12792664  CERT
296011950,0,1 RHO mem=True nz=True ynz=True cond=True claim_agree=True upper=0.911657254537  CERT
296011950,0,1 T   mem=True nz=True ynz=True cond=True claim_agree=True upper=2136.68704765  CERT
341317550,0,1 RHO mem=True nz=True ynz=True cond=True claim_agree=True upper=0.885288386157  CERT
341317550,0,1 T   mem=True nz=True ynz=True cond=True claim_agree=True upper=1756.38239913  CERT
348611127,0,1 RHO mem=True nz=True ynz=True cond=True claim_agree=True upper=0.890034274309  CERT
348611127,0,1 T   mem=True nz=True ynz=True cond=True claim_agree=True upper=1549.30221587  CERT
371530562,0,1 RHO mem=True nz=True ynz=True cond=True claim_agree=True upper=0.909601174704  CERT
371530562,0,1 T   mem=True nz=True ynz=True cond=True claim_agree=True upper=2165.52816522  CERT
378981750,0,1 RHO mem=True nz=True ynz=True cond=True claim_agree=True upper=0.963444498702  CERT
378981750,0,1 T   mem=True nz=True ynz=True cond=True claim_agree=True upper=2272.38756435  CERT
427641042,0,1 RHO mem=True nz=True ynz=True cond=True claim_agree=True upper=0.919563089616  CERT
427641042,0,1 T   mem=True nz=True ynz=True cond=True claim_agree=True upper=2064.08706556  CERT
462257820,0,1 RHO mem=True nz=True ynz=True cond=True claim_agree=True upper=0.942767017204  CERT
462257820,0,1 T   mem=True nz=True ynz=True cond=True claim_agree=True upper=2816.38932402  CERT
496034222,0,1 RHO mem=True nz=True ynz=True cond=True claim_agree=True upper=0.937588947932  CERT
496034222,0,1 T   mem=True nz=True ynz=True cond=True claim_agree=True upper=1959.53656936  CERT
504533139,0,1 RHO mem=True nz=True ynz=True cond=True claim_agree=True upper=0.890034274309  CERT
504533139,0,1 T   mem=True nz=True ynz=True cond=True claim_agree=True upper=2625.32129531  CERT
538309541,0,1 RHO mem=True nz=True ynz=True cond=True claim_agree=True upper=0.885288386157  CERT
538309541,0,1 T   mem=True nz=True ynz=True cond=True claim_agree=True upper=1833.29048321  CERT
572926319,0,1 RHO mem=True nz=True ynz=True cond=True claim_agree=True upper=0.953503860036  CERT
572926319,0,1 T   mem=True nz=True ynz=True cond=True claim_agree=True upper=2983.88648730  CERT
621585611,0,1 RHO mem=True nz=True ynz=True cond=True claim_agree=True upper=0.924338382927  CERT
621585611,0,1 T   mem=True nz=True ynz=True cond=True claim_agree=True upper=2067.19467912  CERT
629036799,0,1 RHO mem=True nz=True ynz=True cond=True claim_agree=True upper=0.947957657408  CERT
629036799,0,1 T   mem=True nz=True ynz=True cond=True claim_agree=True upper=2101.57861367  CERT
651956234,0,1 RHO mem=True nz=True ynz=True cond=True claim_agree=True upper=0.937588947932  CERT
651956234,0,1 T   mem=True nz=True ynz=True cond=True claim_agree=True upper=2370.15792085  CERT
659249811,0,1 RHO mem=True nz=True ynz=True cond=True claim_agree=True upper=0.942767017204  CERT
659249811,0,1 T   mem=True nz=True ynz=True cond=True claim_agree=True upper=2171.08583479  CERT
704555411,0,1 RHO mem=True nz=True ynz=True cond=True claim_agree=True upper=0.944417952478  CERT
704555411,0,1 T   mem=True nz=True ynz=True cond=True claim_agree=True upper=2196.69862815  CERT
736301450,0,1 RHO mem=True nz=True ynz=True cond=True claim_agree=True upper=0.938167157439  CERT
736301450,0,1 T   mem=True nz=True ynz=True cond=True claim_agree=True upper=2229.73457367  CERT
760702214,0,1 RHO mem=True nz=True ynz=True cond=True claim_agree=True upper=0.966609256227  CERT
760702214,0,1 T   mem=True nz=True ynz=True cond=True claim_agree=True upper=2455.52916456  CERT
826354357,0,1 RHO mem=True nz=True ynz=True cond=True claim_agree=True upper=0.952070740046  CERT
826354357,0,1 T   mem=True nz=True ynz=True cond=True claim_agree=True upper=2138.26782032  CERT
849862787,0,1 RHO mem=True nz=True ynz=True cond=True claim_agree=True upper=0.944417952478  CERT
849862787,0,1 T   mem=True nz=True ynz=True cond=True claim_agree=True upper=2409.22884669  CERT
859131999,0,1 RHO mem=True nz=True ynz=True cond=True claim_agree=True upper=0.947957657408  CERT
859131999,0,1 T   mem=True nz=True ynz=True cond=True claim_agree=True upper=2467.50563012  CERT
951096025,0,1 RHO mem=True nz=True ynz=True cond=True claim_agree=True upper=0.952070740046  CERT
951096025,0,1 T   mem=True nz=True ynz=True cond=True claim_agree=True upper=2834.10413587  CERT
980737244,0,1 RHO mem=True nz=True ynz=True cond=True claim_agree=True upper=0.963444498702  CERT
980737244,0,1 T   mem=True nz=True ynz=True cond=True claim_agree=True upper=2119.22129513  CERT
986006570,0,1 RHO mem=True nz=True ynz=True cond=True claim_agree=True upper=0.953503860036  CERT
986006570,0,1 T   mem=True nz=True ynz=True cond=True claim_agree=True upper=2630.72347940  CERT
FAMILY VERIFY n=7 l=1000567361 : EXCLUDED (components certified 32 / 32 ; lines 64 ; failed lines 0)
FAMILY VERIFY PASS
