FACTORIZATION: 32 irreducible factors of degree 2 over F_1000482881: OK (header deg/ncomp/bar_T agree)
15369791,0,1 RHO mem=True nz=True ynz=True cond=True claim_agree=True upper=0.939406754797  CERT
15369791,0,1 T   mem=True nz=True ynz=True cond=True claim_agree=True upper=2201.31515145  CERT
69401236,0,1 RHO mem=True nz=True ynz=True cond=True claim_agree=True upper=0.919032605033  CERT
69401236,0,1 T   mem=True nz=True ynz=True cond=True claim_agree=True upper=2050.25494552  CERT
83937035,0,1 RHO mem=True nz=True ynz=True cond=True claim_agree=True upper=0.952450601323  CERT
83937035,0,1 T   mem=True nz=True ynz=True cond=True claim_agree=True upper=2568.21297374  CERT
89914145,0,1 RHO mem=True nz=True ynz=True cond=True claim_agree=True upper=0.932032385706  CERT
89914145,0,1 T   mem=True nz=True ynz=True cond=True claim_agree=True upper=2838.54018400  CERT
92841322,0,1 RHO mem=True nz=True ynz=True cond=True claim_agree=True upper=0.960743283100  CERT
92841322,0,1 T   mem=True nz=True ynz=True cond=True claim_agree=True upper=2971.05426852  CERT
99553064,0,1 RHO mem=True nz=True ynz=True cond=True claim_agree=True upper=0.954759913686  CERT
99553064,0,1 T   mem=True nz=True ynz=True cond=True claim_agree=True upper=1875.27221023  CERT
120596766,0,1 RHO mem=True nz=True ynz=True cond=True claim_agree=True upper=0.954759913686  CERT
120596766,0,1 T   mem=True nz=True ynz=True cond=True claim_agree=True upper=2519.57492399  CERT
129627739,0,1 RHO mem=True nz=True ynz=True cond=True claim_agree=True upper=0.950586859150  CERT
129627739,0,1 T   mem=True nz=True ynz=True cond=True claim_agree=True upper=2084.93357410  CERT
145293575,0,1 RHO mem=True nz=True ynz=True cond=True claim_agree=True upper=0.964140270664  CERT
145293575,0,1 T   mem=True nz=True ynz=True cond=True claim_agree=True upper=2333.05908499  CERT
188684858,0,1 RHO mem=True nz=True ynz=True cond=True claim_agree=True upper=0.917232255170  CERT
188684858,0,1 T   mem=True nz=True ynz=True cond=True claim_agree=True upper=3008.85042689  CERT
277563790,0,1 RHO mem=True nz=True ynz=True cond=True claim_agree=True upper=0.927775535501  CERT
277563790,0,1 T   mem=True nz=True ynz=True cond=True claim_agree=True upper=2251.49120452  CERT
278359141,0,1 RHO mem=True nz=True ynz=True cond=True claim_agree=True upper=0.962497612279  CERT
278359141,0,1 T   mem=True nz=True ynz=True cond=True claim_agree=True upper=2008.53479401  CERT
332525950,0,1 RHO mem=True nz=True ynz=True cond=True claim_agree=True upper=0.955547173896  CERT
332525950,0,1 T   mem=True nz=True ynz=True cond=True claim_agree=True upper=2818.97506704  CERT
425001257,0,1 RHO mem=True nz=True ynz=True cond=True claim_agree=True upper=0.950586859150  CERT
425001257,0,1 T   mem=True nz=True ynz=True cond=True claim_agree=True upper=3129.42062517  CERT
430474912,0,1 RHO mem=True nz=True ynz=True cond=True claim_agree=True upper=0.917232255170  CERT
430474912,0,1 T   mem=True nz=True ynz=True cond=True claim_agree=True upper=2218.86141576  CERT
471538558,0,1 RHO mem=True nz=True ynz=True cond=True claim_agree=True upper=0.962497612279  CERT
471538558,0,1 T   mem=True nz=True ynz=True cond=True claim_agree=True upper=2511.79356346  CERT
528944323,0,1 RHO mem=True nz=True ynz=True cond=True claim_agree=True upper=0.936587514426  CERT
528944323,0,1 T   mem=True nz=True ynz=True cond=True claim_agree=True upper=2102.89171297  CERT
570007969,0,1 RHO mem=True nz=True ynz=True cond=True claim_agree=True upper=0.941821938718  CERT
570007969,0,1 T   mem=True nz=True ynz=True cond=True claim_agree=True upper=2644.22046402  CERT
575481624,0,1 RHO mem=True nz=True ynz=True cond=True claim_agree=True upper=0.933723786598  CERT
575481624,0,1 T   mem=True nz=True ynz=True cond=True claim_agree=True upper=2083.87949577  CERT
667956931,0,1 RHO mem=True nz=True ynz=True cond=True claim_agree=True upper=0.952450601323  CERT
667956931,0,1 T   mem=True nz=True ynz=True cond=True claim_agree=True upper=2532.45709686  CERT
722123740,0,1 RHO mem=True nz=True ynz=True cond=True claim_agree=True upper=0.936587514426  CERT
722123740,0,1 T   mem=True nz=True ynz=True cond=True claim_agree=True upper=2981.54728407  CERT
722919091,0,1 RHO mem=True nz=True ynz=True cond=True claim_agree=True upper=0.964140270664  CERT
722919091,0,1 T   mem=True nz=True ynz=True cond=True claim_agree=True upper=2531.74147025  CERT
811798023,0,1 RHO mem=True nz=True ynz=True cond=True claim_agree=True upper=0.941821938718  CERT
811798023,0,1 T   mem=True nz=True ynz=True cond=True claim_agree=True upper=2031.98740218  CERT
855189306,0,1 RHO mem=True nz=True ynz=True cond=True claim_agree=True upper=0.927775535501  CERT
855189306,0,1 T   mem=True nz=True ynz=True cond=True claim_agree=True upper=2360.59284229  CERT
870855142,0,1 RHO mem=True nz=True ynz=True cond=True claim_agree=True upper=0.933723786598  CERT
870855142,0,1 T   mem=True nz=True ynz=True cond=True claim_agree=True upper=2603.61188224  CERT
879886115,0,1 RHO mem=True nz=True ynz=True cond=True claim_agree=True upper=0.936265699822  CERT
879886115,0,1 T   mem=True nz=True ynz=True cond=True claim_agree=True upper=2662.91997255  CERT
900929817,0,1 RHO mem=True nz=True ynz=True cond=True claim_agree=True upper=0.936265699822  CERT
900929817,0,1 T   mem=True nz=True ynz=True cond=True claim_agree=True upper=2170.18533098  CERT
907641559,0,1 RHO mem=True nz=True ynz=True cond=True claim_agree=True upper=0.939406754797  CERT
907641559,0,1 T   mem=True nz=True ynz=True cond=True claim_agree=True upper=2208.03169831  CERT
910568736,0,1 RHO mem=True nz=True ynz=True cond=True claim_agree=True upper=0.919032605033  CERT
910568736,0,1 T   mem=True nz=True ynz=True cond=True claim_agree=True upper=2175.24646328  CERT
916545846,0,1 RHO mem=True nz=True ynz=True cond=True claim_agree=True upper=0.955547173896  CERT
916545846,0,1 T   mem=True nz=True ynz=True cond=True claim_agree=True upper=2373.93665281  CERT
931081645,0,1 RHO mem=True nz=True ynz=True cond=True claim_agree=True upper=0.932032385706  CERT
931081645,0,1 T   mem=True nz=True ynz=True cond=True claim_agree=True upper=2737.80399531  CERT
985113090,0,1 RHO mem=True nz=True ynz=True cond=True claim_agree=True upper=0.960743283100  CERT
985113090,0,1 T   mem=True nz=True ynz=True cond=True claim_agree=True upper=2363.46487043  CERT
FAMILY VERIFY n=7 l=1000482881 : EXCLUDED (components certified 32 / 32 ; lines 64 ; failed lines 0)
FAMILY VERIFY PASS
