FACTORIZATION: 32 irreducible factors of degree 2 over F_1000980289: OK (header deg/ncomp/bar_T agree)
38975524,0,1 RHO mem=True nz=True ynz=True cond=True claim_agree=True upper=0.903645218717  CERT
38975524,0,1 T   mem=True nz=True ynz=True cond=True claim_agree=True upper=2611.34347051  CERT
60992431,0,1 RHO mem=True nz=True ynz=True cond=True claim_agree=True upper=0.914996619864  CERT
60992431,0,1 T   mem=True nz=True ynz=True cond=True claim_agree=True upper=2739.90367965  CERT
120016092,0,1 RHO mem=True nz=True ynz=True cond=True claim_agree=True upper=0.886956756433  CERT
120016092,0,1 T   mem=True nz=True ynz=True cond=True claim_agree=True upper=2586.55118571  CERT
150304353,0,1 RHO mem=True nz=True ynz=True cond=True claim_agree=True upper=0.886956756433  CERT
150304353,0,1 T   mem=True nz=True ynz=True cond=True claim_agree=True upper=2229.42160209  CERT
180119563,0,1 RHO mem=True nz=True ynz=True cond=True claim_agree=True upper=0.899165541623  CERT
180119563,0,1 T   mem=True nz=True ynz=True cond=True claim_agree=True upper=2737.17739084  CERT
186812990,0,1 RHO mem=True nz=True ynz=True cond=True claim_agree=True upper=0.899165541623  CERT
186812990,0,1 T   mem=True nz=True ynz=True cond=True claim_agree=True upper=2582.07250360  CERT
203461736,0,1 RHO mem=True nz=True ynz=True cond=True claim_agree=True upper=0.889653532138  CERT
203461736,0,1 T   mem=True nz=True ynz=True cond=True claim_agree=True upper=1550.24846134  CERT
260152371,0,1 RHO mem=True nz=True ynz=True cond=True claim_agree=True upper=0.943461836744  CERT
260152371,0,1 T   mem=True nz=True ynz=True cond=True claim_agree=True upper=2507.96243626  CERT
285826908,0,1 RHO mem=True nz=True ynz=True cond=True claim_agree=True upper=0.884547841886  CERT
285826908,0,1 T   mem=True nz=True ynz=True cond=True claim_agree=True upper=2312.31332519  CERT
289819031,0,1 RHO mem=True nz=True ynz=True cond=True claim_agree=True upper=0.889653532138  CERT
289819031,0,1 T   mem=True nz=True ynz=True cond=True claim_agree=True upper=2850.38062859  CERT
298388355,0,1 RHO mem=True nz=True ynz=True cond=True claim_agree=True upper=0.896662664604  CERT
298388355,0,1 T   mem=True nz=True ynz=True cond=True claim_agree=True upper=2668.79044016  CERT
348074940,0,1 RHO mem=True nz=True ynz=True cond=True claim_agree=True upper=0.914525792793  CERT
348074940,0,1 T   mem=True nz=True ynz=True cond=True claim_agree=True upper=1619.73891606  CERT
371280072,0,1 RHO mem=True nz=True ynz=True cond=True claim_agree=True upper=0.912712264765  CERT
371280072,0,1 T   mem=True nz=True ynz=True cond=True claim_agree=True upper=2216.10125383  CERT
388392874,0,1 RHO mem=True nz=True ynz=True cond=True claim_agree=True upper=0.914525792793  CERT
388392874,0,1 T   mem=True nz=True ynz=True cond=True claim_agree=True upper=2426.58410186  CERT
392028562,0,1 RHO mem=True nz=True ynz=True cond=True claim_agree=True upper=0.944390818322  CERT
392028562,0,1 T   mem=True nz=True ynz=True cond=True claim_agree=True upper=2215.87085854  CERT
467224954,0,1 RHO mem=True nz=True ynz=True cond=True claim_agree=True upper=0.884547841886  CERT
467224954,0,1 T   mem=True nz=True ynz=True cond=True claim_agree=True upper=1817.68497598  CERT
533755335,0,1 RHO mem=True nz=True ynz=True cond=True claim_agree=True upper=0.946356660814  CERT
533755335,0,1 T   mem=True nz=True ynz=True cond=True claim_agree=True upper=2319.10211654  CERT
608951727,0,1 RHO mem=True nz=True ynz=True cond=True claim_agree=True upper=0.896662664604  CERT
608951727,0,1 T   mem=True nz=True ynz=True cond=True claim_agree=True upper=2102.27388582  CERT
612587415,0,1 RHO mem=True nz=True ynz=True cond=True claim_agree=True upper=0.933212101047  CERT
612587415,0,1 T   mem=True nz=True ynz=True cond=True claim_agree=True upper=2657.18944269  CERT
629700217,0,1 RHO mem=True nz=True ynz=True cond=True claim_agree=True upper=0.914996619864  CERT
629700217,0,1 T   mem=True nz=True ynz=True cond=True claim_agree=True upper=2546.32685690  CERT
652905349,0,1 RHO mem=True nz=True ynz=True cond=True claim_agree=True upper=0.933212101047  CERT
652905349,0,1 T   mem=True nz=True ynz=True cond=True claim_agree=True upper=1808.94359229  CERT
702591934,0,1 RHO mem=True nz=True ynz=True cond=True claim_agree=True upper=0.944390818322  CERT
702591934,0,1 T   mem=True nz=True ynz=True cond=True claim_agree=True upper=2835.64202471  CERT
711161258,0,1 RHO mem=True nz=True ynz=True cond=True claim_agree=True upper=0.949795139259  CERT
711161258,0,1 T   mem=True nz=True ynz=True cond=True claim_agree=True upper=2183.20895999  CERT
715153381,0,1 RHO mem=True nz=True ynz=True cond=True claim_agree=True upper=0.946356660814  CERT
715153381,0,1 T   mem=True nz=True ynz=True cond=True claim_agree=True upper=2490.16492242  CERT
740827918,0,1 RHO mem=True nz=True ynz=True cond=True claim_agree=True upper=0.903645218717  CERT
740827918,0,1 T   mem=True nz=True ynz=True cond=True claim_agree=True upper=2271.92858702  CERT
797518553,0,1 RHO mem=True nz=True ynz=True cond=True claim_agree=True upper=0.949795139259  CERT
797518553,0,1 T   mem=True nz=True ynz=True cond=True claim_agree=True upper=2237.36090065  CERT
814167299,0,1 RHO mem=True nz=True ynz=True cond=True claim_agree=True upper=0.909198648100  CERT
814167299,0,1 T   mem=True nz=True ynz=True cond=True claim_agree=True upper=2834.59317162  CERT
820860726,0,1 RHO mem=True nz=True ynz=True cond=True claim_agree=True upper=0.909198648100  CERT
820860726,0,1 T   mem=True nz=True ynz=True cond=True claim_agree=True upper=2733.19340859  CERT
850675936,0,1 RHO mem=True nz=True ynz=True cond=True claim_agree=True upper=0.963911099658  CERT
850675936,0,1 T   mem=True nz=True ynz=True cond=True claim_agree=True upper=2154.95949947  CERT
880964197,0,1 RHO mem=True nz=True ynz=True cond=True claim_agree=True upper=0.963911099658  CERT
880964197,0,1 T   mem=True nz=True ynz=True cond=True claim_agree=True upper=2983.37379147  CERT
939987858,0,1 RHO mem=True nz=True ynz=True cond=True claim_agree=True upper=0.912712264765  CERT
939987858,0,1 T   mem=True nz=True ynz=True cond=True claim_agree=True upper=2407.35074483  CERT
962004765,0,1 RHO mem=True nz=True ynz=True cond=True claim_agree=True upper=0.943461836744  CERT
962004765,0,1 T   mem=True nz=True ynz=True cond=True claim_agree=True upper=2580.27074548  CERT
FAMILY VERIFY n=7 l=1000980289 : EXCLUDED (components certified 32 / 32 ; lines 64 ; failed lines 0)
FAMILY VERIFY PASS
