FACTORIZATION: 32 irreducible factors of degree 2 over F_1000800833: OK (header deg/ncomp/bar_T agree)
2072981,0,1 RHO mem=True nz=True ynz=True cond=True claim_agree=True upper=0.965033743129  CERT
2072981,0,1 T   mem=True nz=True ynz=True cond=True claim_agree=True upper=3205.08594254  CERT
16589739,0,1 RHO mem=True nz=True ynz=True cond=True claim_agree=True upper=0.859446785972  CERT
16589739,0,1 T   mem=True nz=True ynz=True cond=True claim_agree=True upper=2037.44210069  CERT
51289381,0,1 RHO mem=True nz=True ynz=True cond=True claim_agree=True upper=0.935075716036  CERT
51289381,0,1 T   mem=True nz=True ynz=True cond=True claim_agree=True upper=2927.23018952  CERT
75494596,0,1 RHO mem=True nz=True ynz=True cond=True claim_agree=True upper=0.931369555845  CERT
75494596,0,1 T   mem=True nz=True ynz=True cond=True claim_agree=True upper=1949.76816568  CERT
111007703,0,1 RHO mem=True nz=True ynz=True cond=True claim_agree=True upper=0.934546643440  CERT
111007703,0,1 T   mem=True nz=True ynz=True cond=True claim_agree=True upper=2392.76101032  CERT
145916259,0,1 RHO mem=True nz=True ynz=True cond=True claim_agree=True upper=0.935075716036  CERT
145916259,0,1 T   mem=True nz=True ynz=True cond=True claim_agree=True upper=1812.70114408  CERT
152265542,0,1 RHO mem=True nz=True ynz=True cond=True claim_agree=True upper=0.919695326047  CERT
152265542,0,1 T   mem=True nz=True ynz=True cond=True claim_agree=True upper=2084.64092390  CERT
164307755,0,1 RHO mem=True nz=True ynz=True cond=True claim_agree=True upper=0.911292589686  CERT
164307755,0,1 T   mem=True nz=True ynz=True cond=True claim_agree=True upper=1800.84644636  CERT
203930603,0,1 RHO mem=True nz=True ynz=True cond=True claim_agree=True upper=0.931369555845  CERT
203930603,0,1 T   mem=True nz=True ynz=True cond=True claim_agree=True upper=1868.02841365  CERT
216297977,0,1 RHO mem=True nz=True ynz=True cond=True claim_agree=True upper=0.947426474564  CERT
216297977,0,1 T   mem=True nz=True ynz=True cond=True claim_agree=True upper=2621.40385714  CERT
259156466,0,1 RHO mem=True nz=True ynz=True cond=True claim_agree=True upper=0.939235746768  CERT
259156466,0,1 T   mem=True nz=True ynz=True cond=True claim_agree=True upper=2627.98950531  CERT
262617379,0,1 RHO mem=True nz=True ynz=True cond=True claim_agree=True upper=0.947426474564  CERT
262617379,0,1 T   mem=True nz=True ynz=True cond=True claim_agree=True upper=2505.87016733  CERT
387850048,0,1 RHO mem=True nz=True ynz=True cond=True claim_agree=True upper=0.936879120682  CERT
387850048,0,1 T   mem=True nz=True ynz=True cond=True claim_agree=True upper=2079.26793714  CERT
406552616,0,1 RHO mem=True nz=True ynz=True cond=True claim_agree=True upper=0.934546643440  CERT
406552616,0,1 T   mem=True nz=True ynz=True cond=True claim_agree=True upper=2158.85405014  CERT
431183212,0,1 RHO mem=True nz=True ynz=True cond=True claim_agree=True upper=0.985350473180  CERT
431183212,0,1 T   mem=True nz=True ynz=True cond=True claim_agree=True upper=2332.18776939  CERT
455113345,0,1 RHO mem=True nz=True ynz=True cond=True claim_agree=True upper=0.917870862457  CERT
455113345,0,1 T   mem=True nz=True ynz=True cond=True claim_agree=True upper=2128.18615294  CERT
545687488,0,1 RHO mem=True nz=True ynz=True cond=True claim_agree=True upper=0.939235746768  CERT
545687488,0,1 T   mem=True nz=True ynz=True cond=True claim_agree=True upper=1995.85070794  CERT
569617621,0,1 RHO mem=True nz=True ynz=True cond=True claim_agree=True upper=0.859446785972  CERT
569617621,0,1 T   mem=True nz=True ynz=True cond=True claim_agree=True upper=2547.06087273  CERT
594248217,0,1 RHO mem=True nz=True ynz=True cond=True claim_agree=True upper=0.913957784442  CERT
594248217,0,1 T   mem=True nz=True ynz=True cond=True claim_agree=True upper=2752.79699716  CERT
612950785,0,1 RHO mem=True nz=True ynz=True cond=True claim_agree=True upper=0.911292589686  CERT
612950785,0,1 T   mem=True nz=True ynz=True cond=True claim_agree=True upper=2041.44913981  CERT
738183454,0,1 RHO mem=True nz=True ynz=True cond=True claim_agree=True upper=0.945357585137  CERT
738183454,0,1 T   mem=True nz=True ynz=True cond=True claim_agree=True upper=2671.63669873  CERT
741644367,0,1 RHO mem=True nz=True ynz=True cond=True claim_agree=True upper=0.917870862457  CERT
741644367,0,1 T   mem=True nz=True ynz=True cond=True claim_agree=True upper=2489.65510076  CERT
784502856,0,1 RHO mem=True nz=True ynz=True cond=True claim_agree=True upper=0.945357585137  CERT
784502856,0,1 T   mem=True nz=True ynz=True cond=True claim_agree=True upper=2935.06449175  CERT
796870230,0,1 RHO mem=True nz=True ynz=True cond=True claim_agree=True upper=0.945332329857  CERT
796870230,0,1 T   mem=True nz=True ynz=True cond=True claim_agree=True upper=1985.22190826  CERT
836493078,0,1 RHO mem=True nz=True ynz=True cond=True claim_agree=True upper=0.936879120682  CERT
836493078,0,1 T   mem=True nz=True ynz=True cond=True claim_agree=True upper=1908.10303439  CERT
848535291,0,1 RHO mem=True nz=True ynz=True cond=True claim_agree=True upper=0.965033743129  CERT
848535291,0,1 T   mem=True nz=True ynz=True cond=True claim_agree=True upper=2842.49611888  CERT
854884574,0,1 RHO mem=True nz=True ynz=True cond=True claim_agree=True upper=0.934937157409  CERT
854884574,0,1 T   mem=True nz=True ynz=True cond=True claim_agree=True upper=1870.47477304  CERT
889793130,0,1 RHO mem=True nz=True ynz=True cond=True claim_agree=True upper=0.913957784442  CERT
889793130,0,1 T   mem=True nz=True ynz=True cond=True claim_agree=True upper=2136.54321200  CERT
925306237,0,1 RHO mem=True nz=True ynz=True cond=True claim_agree=True upper=0.945332329857  CERT
925306237,0,1 T   mem=True nz=True ynz=True cond=True claim_agree=True upper=2478.79311554  CERT
949511452,0,1 RHO mem=True nz=True ynz=True cond=True claim_agree=True upper=0.934937157409  CERT
949511452,0,1 T   mem=True nz=True ynz=True cond=True claim_agree=True upper=2037.62788073  CERT
984211094,0,1 RHO mem=True nz=True ynz=True cond=True claim_agree=True upper=0.985350473180  CERT
984211094,0,1 T   mem=True nz=True ynz=True cond=True claim_agree=True upper=3666.66316714  CERT
998727852,0,1 RHO mem=True nz=True ynz=True cond=True claim_agree=True upper=0.919695326047  CERT
998727852,0,1 T   mem=True nz=True ynz=True cond=True claim_agree=True upper=2071.65875272  CERT
FAMILY VERIFY n=7 l=1000800833 : EXCLUDED (components certified 32 / 32 ; lines 64 ; failed lines 0)
FAMILY VERIFY PASS
