FACTORIZATION: 32 irreducible factors of degree 2 over F_1001068993: OK (header deg/ncomp/bar_T agree)
4018112,0,1 RHO mem=True nz=True ynz=True cond=True claim_agree=True upper=0.917231201407  CERT
4018112,0,1 T   mem=True nz=True ynz=True cond=True claim_agree=True upper=2541.10917761  CERT
5828160,0,1 RHO mem=True nz=True ynz=True cond=True claim_agree=True upper=0.960102032469  CERT
5828160,0,1 T   mem=True nz=True ynz=True cond=True claim_agree=True upper=2723.96024230  CERT
67181171,0,1 RHO mem=True nz=True ynz=True cond=True claim_agree=True upper=0.925412623773  CERT
67181171,0,1 T   mem=True nz=True ynz=True cond=True claim_agree=True upper=2605.36370622  CERT
135652464,0,1 RHO mem=True nz=True ynz=True cond=True claim_agree=True upper=0.957120832144  CERT
135652464,0,1 T   mem=True nz=True ynz=True cond=True claim_agree=True upper=2770.65853087  CERT
194682186,0,1 RHO mem=True nz=True ynz=True cond=True claim_agree=True upper=0.938373429070  CERT
194682186,0,1 T   mem=True nz=True ynz=True cond=True claim_agree=True upper=2186.60809847  CERT
201594223,0,1 RHO mem=True nz=True ynz=True cond=True claim_agree=True upper=0.915008026593  CERT
201594223,0,1 T   mem=True nz=True ynz=True cond=True claim_agree=True upper=1996.95335088  CERT
227907146,0,1 RHO mem=True nz=True ynz=True cond=True claim_agree=True upper=0.922798494432  CERT
227907146,0,1 T   mem=True nz=True ynz=True cond=True claim_agree=True upper=2453.25939985  CERT
242162900,0,1 RHO mem=True nz=True ynz=True cond=True claim_agree=True upper=0.881885539571  CERT
242162900,0,1 T   mem=True nz=True ynz=True cond=True claim_agree=True upper=1848.09655112  CERT
263362789,0,1 RHO mem=True nz=True ynz=True cond=True claim_agree=True upper=0.915008026593  CERT
263362789,0,1 T   mem=True nz=True ynz=True cond=True claim_agree=True upper=2738.90844896  CERT
271637450,0,1 RHO mem=True nz=True ynz=True cond=True claim_agree=True upper=0.920956558801  CERT
271637450,0,1 T   mem=True nz=True ynz=True cond=True claim_agree=True upper=2635.11475059  CERT
276662111,0,1 RHO mem=True nz=True ynz=True cond=True claim_agree=True upper=0.932201863068  CERT
276662111,0,1 T   mem=True nz=True ynz=True cond=True claim_agree=True upper=1890.88340983  CERT
289750571,0,1 RHO mem=True nz=True ynz=True cond=True claim_agree=True upper=0.917231201407  CERT
289750571,0,1 T   mem=True nz=True ynz=True cond=True claim_agree=True upper=2157.32143849  CERT
297001777,0,1 RHO mem=True nz=True ynz=True cond=True claim_agree=True upper=0.932464667563  CERT
297001777,0,1 T   mem=True nz=True ynz=True cond=True claim_agree=True upper=2125.24119855  CERT
390127215,0,1 RHO mem=True nz=True ynz=True cond=True claim_agree=True upper=0.934173893691  CERT
390127215,0,1 T   mem=True nz=True ynz=True cond=True claim_agree=True upper=2392.39168339  CERT
449611278,0,1 RHO mem=True nz=True ynz=True cond=True claim_agree=True upper=0.920956558801  CERT
449611278,0,1 T   mem=True nz=True ynz=True cond=True claim_agree=True upper=1677.19074929  CERT
474695128,0,1 RHO mem=True nz=True ynz=True cond=True claim_agree=True upper=0.906409043553  CERT
474695128,0,1 T   mem=True nz=True ynz=True cond=True claim_agree=True upper=2235.19843756  CERT
526373865,0,1 RHO mem=True nz=True ynz=True cond=True claim_agree=True upper=0.957120832144  CERT
526373865,0,1 T   mem=True nz=True ynz=True cond=True claim_agree=True upper=3400.35194175  CERT
551457715,0,1 RHO mem=True nz=True ynz=True cond=True claim_agree=True upper=0.951982106595  CERT
551457715,0,1 T   mem=True nz=True ynz=True cond=True claim_agree=True upper=2294.39447690  CERT
610941778,0,1 RHO mem=True nz=True ynz=True cond=True claim_agree=True upper=0.932201863068  CERT
610941778,0,1 T   mem=True nz=True ynz=True cond=True claim_agree=True upper=2200.43381469  CERT
704067216,0,1 RHO mem=True nz=True ynz=True cond=True claim_agree=True upper=0.938373429070  CERT
704067216,0,1 T   mem=True nz=True ynz=True cond=True claim_agree=True upper=2586.50186259  CERT
711318422,0,1 RHO mem=True nz=True ynz=True cond=True claim_agree=True upper=0.915837439351  CERT
711318422,0,1 T   mem=True nz=True ynz=True cond=True claim_agree=True upper=2749.43270264  CERT
724406882,0,1 RHO mem=True nz=True ynz=True cond=True claim_agree=True upper=0.934173893691  CERT
724406882,0,1 T   mem=True nz=True ynz=True cond=True claim_agree=True upper=1718.27039876  CERT
729431543,0,1 RHO mem=True nz=True ynz=True cond=True claim_agree=True upper=0.951982106595  CERT
729431543,0,1 T   mem=True nz=True ynz=True cond=True claim_agree=True upper=2219.12175543  CERT
737706204,0,1 RHO mem=True nz=True ynz=True cond=True claim_agree=True upper=0.907606178900  CERT
737706204,0,1 T   mem=True nz=True ynz=True cond=True claim_agree=True upper=2779.31469988  CERT
758906093,0,1 RHO mem=True nz=True ynz=True cond=True claim_agree=True upper=0.960102032469  CERT
758906093,0,1 T   mem=True nz=True ynz=True cond=True claim_agree=True upper=2772.77322925  CERT
773161847,0,1 RHO mem=True nz=True ynz=True cond=True claim_agree=True upper=0.925412623773  CERT
773161847,0,1 T   mem=True nz=True ynz=True cond=True claim_agree=True upper=2440.11732231  CERT
799474770,0,1 RHO mem=True nz=True ynz=True cond=True claim_agree=True upper=0.907606178900  CERT
799474770,0,1 T   mem=True nz=True ynz=True cond=True claim_agree=True upper=2240.69267079  CERT
806386807,0,1 RHO mem=True nz=True ynz=True cond=True claim_agree=True upper=0.932464667563  CERT
806386807,0,1 T   mem=True nz=True ynz=True cond=True claim_agree=True upper=2056.51041236  CERT
865416529,0,1 RHO mem=True nz=True ynz=True cond=True claim_agree=True upper=0.906409043553  CERT
865416529,0,1 T   mem=True nz=True ynz=True cond=True claim_agree=True upper=2318.98648581  CERT
933887822,0,1 RHO mem=True nz=True ynz=True cond=True claim_agree=True upper=0.922798494432  CERT
933887822,0,1 T   mem=True nz=True ynz=True cond=True claim_agree=True upper=1417.39268784  CERT
995240833,0,1 RHO mem=True nz=True ynz=True cond=True claim_agree=True upper=0.881885539571  CERT
995240833,0,1 T   mem=True nz=True ynz=True cond=True claim_agree=True upper=2742.70211999  CERT
997050881,0,1 RHO mem=True nz=True ynz=True cond=True claim_agree=True upper=0.915837439351  CERT
997050881,0,1 T   mem=True nz=True ynz=True cond=True claim_agree=True upper=2455.52670357  CERT
FAMILY VERIFY n=7 l=1001068993 : EXCLUDED (components certified 32 / 32 ; lines 64 ; failed lines 0)
FAMILY VERIFY PASS
