FACTORIZATION: 32 irreducible factors of degree 2 over F_1000700737: OK (header deg/ncomp/bar_T agree)
33432147,0,1 RHO mem=True nz=True ynz=True cond=True claim_agree=True upper=0.973312731630  CERT
33432147,0,1 T   mem=True nz=True ynz=True cond=True claim_agree=True upper=2928.82131817  CERT
67696627,0,1 RHO mem=True nz=True ynz=True cond=True claim_agree=True upper=0.978297835642  CERT
67696627,0,1 T   mem=True nz=True ynz=True cond=True claim_agree=True upper=2438.69277514  CERT
82553814,0,1 RHO mem=True nz=True ynz=True cond=True claim_agree=True upper=0.952295644972  CERT
82553814,0,1 T   mem=True nz=True ynz=True cond=True claim_agree=True upper=2390.52366577  CERT
101370886,0,1 RHO mem=True nz=True ynz=True cond=True claim_agree=True upper=0.967071276839  CERT
101370886,0,1 T   mem=True nz=True ynz=True cond=True claim_agree=True upper=2303.06939550  CERT
163049687,0,1 RHO mem=True nz=True ynz=True cond=True claim_agree=True upper=0.946748422379  CERT
163049687,0,1 T   mem=True nz=True ynz=True cond=True claim_agree=True upper=2835.52862406  CERT
239144290,0,1 RHO mem=True nz=True ynz=True cond=True claim_agree=True upper=0.970906550234  CERT
239144290,0,1 T   mem=True nz=True ynz=True cond=True claim_agree=True upper=2851.00131057  CERT
276162109,0,1 RHO mem=True nz=True ynz=True cond=True claim_agree=True upper=0.986935245456  CERT
276162109,0,1 T   mem=True nz=True ynz=True cond=True claim_agree=True upper=2640.79345088  CERT
302549356,0,1 RHO mem=True nz=True ynz=True cond=True claim_agree=True upper=0.974731654590  CERT
302549356,0,1 T   mem=True nz=True ynz=True cond=True claim_agree=True upper=3286.65725927  CERT
304662347,0,1 RHO mem=True nz=True ynz=True cond=True claim_agree=True upper=0.973312731630  CERT
304662347,0,1 T   mem=True nz=True ynz=True cond=True claim_agree=True upper=2669.71526837  CERT
323667536,0,1 RHO mem=True nz=True ynz=True cond=True claim_agree=True upper=0.963845161506  CERT
323667536,0,1 T   mem=True nz=True ynz=True cond=True claim_agree=True upper=3517.49554499  CERT
363533947,0,1 RHO mem=True nz=True ynz=True cond=True claim_agree=True upper=0.963845161506  CERT
363533947,0,1 T   mem=True nz=True ynz=True cond=True claim_agree=True upper=3285.54042090  CERT
369550817,0,1 RHO mem=True nz=True ynz=True cond=True claim_agree=True upper=0.963154059005  CERT
369550817,0,1 T   mem=True nz=True ynz=True cond=True claim_agree=True upper=2986.54513422  CERT
392149971,0,1 RHO mem=True nz=True ynz=True cond=True claim_agree=True upper=0.937292163230  CERT
392149971,0,1 T   mem=True nz=True ynz=True cond=True claim_agree=True upper=2697.89289768  CERT
417212989,0,1 RHO mem=True nz=True ynz=True cond=True claim_agree=True upper=0.959600203416  CERT
417212989,0,1 T   mem=True nz=True ynz=True cond=True claim_agree=True upper=2819.30003929  CERT
429103201,0,1 RHO mem=True nz=True ynz=True cond=True claim_agree=True upper=0.978297835642  CERT
429103201,0,1 T   mem=True nz=True ynz=True cond=True claim_agree=True upper=2737.26301240  CERT
466427263,0,1 RHO mem=True nz=True ynz=True cond=True claim_agree=True upper=0.937292163230  CERT
466427263,0,1 T   mem=True nz=True ynz=True cond=True claim_agree=True upper=2815.60094254  CERT
534273474,0,1 RHO mem=True nz=True ynz=True cond=True claim_agree=True upper=0.967160243199  CERT
534273474,0,1 T   mem=True nz=True ynz=True cond=True claim_agree=True upper=2563.06351621  CERT
571597536,0,1 RHO mem=True nz=True ynz=True cond=True claim_agree=True upper=0.955030905410  CERT
571597536,0,1 T   mem=True nz=True ynz=True cond=True claim_agree=True upper=2619.54069106  CERT
583487748,0,1 RHO mem=True nz=True ynz=True cond=True claim_agree=True upper=0.946748422379  CERT
583487748,0,1 T   mem=True nz=True ynz=True cond=True claim_agree=True upper=2889.00176462  CERT
608550766,0,1 RHO mem=True nz=True ynz=True cond=True claim_agree=True upper=0.967160243199  CERT
608550766,0,1 T   mem=True nz=True ynz=True cond=True claim_agree=True upper=2367.79649827  CERT
631149920,0,1 RHO mem=True nz=True ynz=True cond=True claim_agree=True upper=0.974731654590  CERT
631149920,0,1 T   mem=True nz=True ynz=True cond=True claim_agree=True upper=3042.57375553  CERT
637166790,0,1 RHO mem=True nz=True ynz=True cond=True claim_agree=True upper=0.980390524319  CERT
637166790,0,1 T   mem=True nz=True ynz=True cond=True claim_agree=True upper=2713.09988109  CERT
677033201,0,1 RHO mem=True nz=True ynz=True cond=True claim_agree=True upper=0.980390524319  CERT
677033201,0,1 T   mem=True nz=True ynz=True cond=True claim_agree=True upper=2605.33243150  CERT
696038390,0,1 RHO mem=True nz=True ynz=True cond=True claim_agree=True upper=0.959857710721  CERT
696038390,0,1 T   mem=True nz=True ynz=True cond=True claim_agree=True upper=2883.44768704  CERT
698151381,0,1 RHO mem=True nz=True ynz=True cond=True claim_agree=True upper=0.963154059005  CERT
698151381,0,1 T   mem=True nz=True ynz=True cond=True claim_agree=True upper=2037.82515707  CERT
724538628,0,1 RHO mem=True nz=True ynz=True cond=True claim_agree=True upper=0.952295644972  CERT
724538628,0,1 T   mem=True nz=True ynz=True cond=True claim_agree=True upper=2278.29012659  CERT
761556447,0,1 RHO mem=True nz=True ynz=True cond=True claim_agree=True upper=0.967071276839  CERT
761556447,0,1 T   mem=True nz=True ynz=True cond=True claim_agree=True upper=2879.65480069  CERT
837651050,0,1 RHO mem=True nz=True ynz=True cond=True claim_agree=True upper=0.959600203416  CERT
837651050,0,1 T   mem=True nz=True ynz=True cond=True claim_agree=True upper=2446.08634865  CERT
899329851,0,1 RHO mem=True nz=True ynz=True cond=True claim_agree=True upper=0.970906550234  CERT
899329851,0,1 T   mem=True nz=True ynz=True cond=True claim_agree=True upper=2777.07009204  CERT
918146923,0,1 RHO mem=True nz=True ynz=True cond=True claim_agree=True upper=0.986935245456  CERT
918146923,0,1 T   mem=True nz=True ynz=True cond=True claim_agree=True upper=3620.03534421  CERT
933004110,0,1 RHO mem=True nz=True ynz=True cond=True claim_agree=True upper=0.955030905410  CERT
933004110,0,1 T   mem=True nz=True ynz=True cond=True claim_agree=True upper=2240.18395135  CERT
967268590,0,1 RHO mem=True nz=True ynz=True cond=True claim_agree=True upper=0.959857710721  CERT
967268590,0,1 T   mem=True nz=True ynz=True cond=True claim_agree=True upper=2282.17249838  CERT
FAMILY VERIFY n=7 l=1000700737 : EXCLUDED (components certified 32 / 32 ; lines 64 ; failed lines 0)
FAMILY VERIFY PASS
