FACTORIZATION: 32 irreducible factors of degree 2 over F_1001129153: OK (header deg/ncomp/bar_T agree)
11108543,0,1 RHO mem=True nz=True ynz=True cond=True claim_agree=True upper=0.868451311095  CERT
11108543,0,1 T   mem=True nz=True ynz=True cond=True claim_agree=True upper=2316.83075750  CERT
24174447,0,1 RHO mem=True nz=True ynz=True cond=True claim_agree=True upper=0.868451311095  CERT
24174447,0,1 T   mem=True nz=True ynz=True cond=True claim_agree=True upper=1807.57671169  CERT
41518130,0,1 RHO mem=True nz=True ynz=True cond=True claim_agree=True upper=0.859506209326  CERT
41518130,0,1 T   mem=True nz=True ynz=True cond=True claim_agree=True upper=1658.43173039  CERT
50872793,0,1 RHO mem=True nz=True ynz=True cond=True claim_agree=True upper=0.912587287152  CERT
50872793,0,1 T   mem=True nz=True ynz=True cond=True claim_agree=True upper=2432.97105168  CERT
100856665,0,1 RHO mem=True nz=True ynz=True cond=True claim_agree=True upper=0.887900963644  CERT
100856665,0,1 T   mem=True nz=True ynz=True cond=True claim_agree=True upper=1956.00016718  CERT
106010356,0,1 RHO mem=True nz=True ynz=True cond=True claim_agree=True upper=0.864907258321  CERT
106010356,0,1 T   mem=True nz=True ynz=True cond=True claim_agree=True upper=1777.81003081  CERT
116391853,0,1 RHO mem=True nz=True ynz=True cond=True claim_agree=True upper=0.900673814220  CERT
116391853,0,1 T   mem=True nz=True ynz=True cond=True claim_agree=True upper=2797.10359306  CERT
175679869,0,1 RHO mem=True nz=True ynz=True cond=True claim_agree=True upper=0.859506209326  CERT
175679869,0,1 T   mem=True nz=True ynz=True cond=True claim_agree=True upper=2313.47217078  CERT
213066942,0,1 RHO mem=True nz=True ynz=True cond=True claim_agree=True upper=0.912587287152  CERT
213066942,0,1 T   mem=True nz=True ynz=True cond=True claim_agree=True upper=2754.62537828  CERT
244793036,0,1 RHO mem=True nz=True ynz=True cond=True claim_agree=True upper=0.887900963644  CERT
244793036,0,1 T   mem=True nz=True ynz=True cond=True claim_agree=True upper=2067.92027365  CERT
337267858,0,1 RHO mem=True nz=True ynz=True cond=True claim_agree=True upper=0.878655102196  CERT
337267858,0,1 T   mem=True nz=True ynz=True cond=True claim_agree=True upper=2709.73726327  CERT
358406829,0,1 RHO mem=True nz=True ynz=True cond=True claim_agree=True upper=0.852657185046  CERT
358406829,0,1 T   mem=True nz=True ynz=True cond=True claim_agree=True upper=2473.13045201  CERT
363146968,0,1 RHO mem=True nz=True ynz=True cond=True claim_agree=True upper=0.864907258321  CERT
363146968,0,1 T   mem=True nz=True ynz=True cond=True claim_agree=True upper=2668.19571421  CERT
381380199,0,1 RHO mem=True nz=True ynz=True cond=True claim_agree=True upper=0.900673814220  CERT
381380199,0,1 T   mem=True nz=True ynz=True cond=True claim_agree=True upper=2661.22738041  CERT
459360039,0,1 RHO mem=True nz=True ynz=True cond=True claim_agree=True upper=0.878655102196  CERT
459360039,0,1 T   mem=True nz=True ynz=True cond=True claim_agree=True upper=1600.90516343  CERT
459382440,0,1 RHO mem=True nz=True ynz=True cond=True claim_agree=True upper=0.852657185046  CERT
459382440,0,1 T   mem=True nz=True ynz=True cond=True claim_agree=True upper=1545.86824935  CERT
541746713,0,1 RHO mem=True nz=True ynz=True cond=True claim_agree=True upper=0.934730479810  CERT
541746713,0,1 T   mem=True nz=True ynz=True cond=True claim_agree=True upper=2214.57186602  CERT
541769114,0,1 RHO mem=True nz=True ynz=True cond=True claim_agree=True upper=0.906522745192  CERT
541769114,0,1 T   mem=True nz=True ynz=True cond=True claim_agree=True upper=1937.20992194  CERT
619748954,0,1 RHO mem=True nz=True ynz=True cond=True claim_agree=True upper=0.897662973958  CERT
619748954,0,1 T   mem=True nz=True ynz=True cond=True claim_agree=True upper=2414.07883614  CERT
637982185,0,1 RHO mem=True nz=True ynz=True cond=True claim_agree=True upper=0.900037571357  CERT
637982185,0,1 T   mem=True nz=True ynz=True cond=True claim_agree=True upper=1813.69911391  CERT
642722324,0,1 RHO mem=True nz=True ynz=True cond=True claim_agree=True upper=0.934730479810  CERT
642722324,0,1 T   mem=True nz=True ynz=True cond=True claim_agree=True upper=2310.37469135  CERT
663861295,0,1 RHO mem=True nz=True ynz=True cond=True claim_agree=True upper=0.906522745192  CERT
663861295,0,1 T   mem=True nz=True ynz=True cond=True claim_agree=True upper=2263.72656576  CERT
756336117,0,1 RHO mem=True nz=True ynz=True cond=True claim_agree=True upper=0.909081452315  CERT
756336117,0,1 T   mem=True nz=True ynz=True cond=True claim_agree=True upper=2408.63613879  CERT
788062211,0,1 RHO mem=True nz=True ynz=True cond=True claim_agree=True upper=0.855682036296  CERT
788062211,0,1 T   mem=True nz=True ynz=True cond=True claim_agree=True upper=2434.25994742  CERT
825449284,0,1 RHO mem=True nz=True ynz=True cond=True claim_agree=True upper=0.914170666256  CERT
825449284,0,1 T   mem=True nz=True ynz=True cond=True claim_agree=True upper=2427.79127366  CERT
884737300,0,1 RHO mem=True nz=True ynz=True cond=True claim_agree=True upper=0.897662973958  CERT
884737300,0,1 T   mem=True nz=True ynz=True cond=True claim_agree=True upper=1904.22036528  CERT
895118797,0,1 RHO mem=True nz=True ynz=True cond=True claim_agree=True upper=0.900037571357  CERT
895118797,0,1 T   mem=True nz=True ynz=True cond=True claim_agree=True upper=1544.07036796  CERT
900272488,0,1 RHO mem=True nz=True ynz=True cond=True claim_agree=True upper=0.909081452315  CERT
900272488,0,1 T   mem=True nz=True ynz=True cond=True claim_agree=True upper=2253.23128072  CERT
950256360,0,1 RHO mem=True nz=True ynz=True cond=True claim_agree=True upper=0.855682036296  CERT
950256360,0,1 T   mem=True nz=True ynz=True cond=True claim_agree=True upper=1976.68982312  CERT
959611023,0,1 RHO mem=True nz=True ynz=True cond=True claim_agree=True upper=0.914170666256  CERT
959611023,0,1 T   mem=True nz=True ynz=True cond=True claim_agree=True upper=1909.23961124  CERT
976954706,0,1 RHO mem=True nz=True ynz=True cond=True claim_agree=True upper=0.913383215616  CERT
976954706,0,1 T   mem=True nz=True ynz=True cond=True claim_agree=True upper=1990.02580960  CERT
990020610,0,1 RHO mem=True nz=True ynz=True cond=True claim_agree=True upper=0.913383215616  CERT
990020610,0,1 T   mem=True nz=True ynz=True cond=True claim_agree=True upper=2455.46240415  CERT
FAMILY VERIFY n=7 l=1001129153 : EXCLUDED (components certified 32 / 32 ; lines 64 ; failed lines 0)
FAMILY VERIFY PASS
