FACTORIZATION: 32 irreducible factors of degree 2 over F_1000316609: OK (header deg/ncomp/bar_T agree)
44947512,0,1 RHO mem=True nz=True ynz=True cond=True claim_agree=True upper=0.953210504236  CERT
44947512,0,1 T   mem=True nz=True ynz=True cond=True claim_agree=True upper=2189.75490382  CERT
235840641,0,1 RHO mem=True nz=True ynz=True cond=True claim_agree=True upper=0.972093222917  CERT
235840641,0,1 T   mem=True nz=True ynz=True cond=True claim_agree=True upper=2953.09936035  CERT
237884048,0,1 RHO mem=True nz=True ynz=True cond=True claim_agree=True upper=0.974388624440  CERT
237884048,0,1 T   mem=True nz=True ynz=True cond=True claim_agree=True upper=3121.43753476  CERT
273463948,0,1 RHO mem=True nz=True ynz=True cond=True claim_agree=True upper=0.969672411272  CERT
273463948,0,1 T   mem=True nz=True ynz=True cond=True claim_agree=True upper=2658.97229244  CERT
304724285,0,1 RHO mem=True nz=True ynz=True cond=True claim_agree=True upper=0.969672411272  CERT
304724285,0,1 T   mem=True nz=True ynz=True cond=True claim_agree=True upper=2871.42063224  CERT
337556467,0,1 RHO mem=True nz=True ynz=True cond=True claim_agree=True upper=0.973496797955  CERT
337556467,0,1 T   mem=True nz=True ynz=True cond=True claim_agree=True upper=2460.59411329  CERT
360882871,0,1 RHO mem=True nz=True ynz=True cond=True claim_agree=True upper=0.947191624536  CERT
360882871,0,1 T   mem=True nz=True ynz=True cond=True claim_agree=True upper=3057.54116838  CERT
364802190,0,1 RHO mem=True nz=True ynz=True cond=True claim_agree=True upper=0.902224540401  CERT
364802190,0,1 T   mem=True nz=True ynz=True cond=True claim_agree=True upper=3090.88111130  CERT
375741261,0,1 RHO mem=True nz=True ynz=True cond=True claim_agree=True upper=0.958191189633  CERT
375741261,0,1 T   mem=True nz=True ynz=True cond=True claim_agree=True upper=2701.87237411  CERT
385149280,0,1 RHO mem=True nz=True ynz=True cond=True claim_agree=True upper=0.974388624440  CERT
385149280,0,1 T   mem=True nz=True ynz=True cond=True claim_agree=True upper=2404.03651082  CERT
395643501,0,1 RHO mem=True nz=True ynz=True cond=True claim_agree=True upper=0.938532781186  CERT
395643501,0,1 T   mem=True nz=True ynz=True cond=True claim_agree=True upper=2568.51731290  CERT
398651760,0,1 RHO mem=True nz=True ynz=True cond=True claim_agree=True upper=0.967577271196  CERT
398651760,0,1 T   mem=True nz=True ynz=True cond=True claim_agree=True upper=2983.41973956  CERT
415433850,0,1 RHO mem=True nz=True ynz=True cond=True claim_agree=True upper=0.902224540401  CERT
415433850,0,1 T   mem=True nz=True ynz=True cond=True claim_agree=True upper=2822.76632857  CERT
423349966,0,1 RHO mem=True nz=True ynz=True cond=True claim_agree=True upper=0.961563418803  CERT
423349966,0,1 T   mem=True nz=True ynz=True cond=True claim_agree=True upper=2236.19977351  CERT
434065667,0,1 RHO mem=True nz=True ynz=True cond=True claim_agree=True upper=0.947191624536  CERT
434065667,0,1 T   mem=True nz=True ynz=True cond=True claim_agree=True upper=2447.03944629  CERT
449238436,0,1 RHO mem=True nz=True ynz=True cond=True claim_agree=True upper=0.953210504236  CERT
449238436,0,1 T   mem=True nz=True ynz=True cond=True claim_agree=True upper=2462.47299744  CERT
551078173,0,1 RHO mem=True nz=True ynz=True cond=True claim_agree=True upper=0.936640662759  CERT
551078173,0,1 T   mem=True nz=True ynz=True cond=True claim_agree=True upper=2196.88078921  CERT
566250942,0,1 RHO mem=True nz=True ynz=True cond=True claim_agree=True upper=0.930157199378  CERT
566250942,0,1 T   mem=True nz=True ynz=True cond=True claim_agree=True upper=2187.09059296  CERT
576966643,0,1 RHO mem=True nz=True ynz=True cond=True claim_agree=True upper=0.958191189633  CERT
576966643,0,1 T   mem=True nz=True ynz=True cond=True claim_agree=True upper=2576.80732285  CERT
584882759,0,1 RHO mem=True nz=True ynz=True cond=True claim_agree=True upper=0.975868567201  CERT
584882759,0,1 T   mem=True nz=True ynz=True cond=True claim_agree=True upper=3386.85922077  CERT
601664849,0,1 RHO mem=True nz=True ynz=True cond=True claim_agree=True upper=0.972093222917  CERT
601664849,0,1 T   mem=True nz=True ynz=True cond=True claim_agree=True upper=2766.75227898  CERT
604673108,0,1 RHO mem=True nz=True ynz=True cond=True claim_agree=True upper=0.973496797955  CERT
604673108,0,1 T   mem=True nz=True ynz=True cond=True claim_agree=True upper=2537.66851293  CERT
615167329,0,1 RHO mem=True nz=True ynz=True cond=True claim_agree=True upper=0.943403337529  CERT
615167329,0,1 T   mem=True nz=True ynz=True cond=True claim_agree=True upper=3294.31198412  CERT
624575348,0,1 RHO mem=True nz=True ynz=True cond=True claim_agree=True upper=0.961563418803  CERT
624575348,0,1 T   mem=True nz=True ynz=True cond=True claim_agree=True upper=2414.81073525  CERT
635514419,0,1 RHO mem=True nz=True ynz=True cond=True claim_agree=True upper=0.975868567201  CERT
635514419,0,1 T   mem=True nz=True ynz=True cond=True claim_agree=True upper=2964.49994227  CERT
639433738,0,1 RHO mem=True nz=True ynz=True cond=True claim_agree=True upper=0.930157199378  CERT
639433738,0,1 T   mem=True nz=True ynz=True cond=True claim_agree=True upper=2287.52696385  CERT
662760142,0,1 RHO mem=True nz=True ynz=True cond=True claim_agree=True upper=0.938532781186  CERT
662760142,0,1 T   mem=True nz=True ynz=True cond=True claim_agree=True upper=2981.64123614  CERT
695592324,0,1 RHO mem=True nz=True ynz=True cond=True claim_agree=True upper=0.958442032299  CERT
695592324,0,1 T   mem=True nz=True ynz=True cond=True claim_agree=True upper=2435.04946239  CERT
726852661,0,1 RHO mem=True nz=True ynz=True cond=True claim_agree=True upper=0.958442032299  CERT
726852661,0,1 T   mem=True nz=True ynz=True cond=True claim_agree=True upper=2634.64155472  CERT
762432561,0,1 RHO mem=True nz=True ynz=True cond=True claim_agree=True upper=0.943403337529  CERT
762432561,0,1 T   mem=True nz=True ynz=True cond=True claim_agree=True upper=2212.97673252  CERT
764475968,0,1 RHO mem=True nz=True ynz=True cond=True claim_agree=True upper=0.967577271196  CERT
764475968,0,1 T   mem=True nz=True ynz=True cond=True claim_agree=True upper=1747.22235400  CERT
955369097,0,1 RHO mem=True nz=True ynz=True cond=True claim_agree=True upper=0.936640662759  CERT
955369097,0,1 T   mem=True nz=True ynz=True cond=True claim_agree=True upper=3076.97832638  CERT
FAMILY VERIFY n=7 l=1000316609 : EXCLUDED (components certified 32 / 32 ; lines 64 ; failed lines 0)
FAMILY VERIFY PASS
