FACTORIZATION: 32 irreducible factors of degree 2 over F_1000457281: OK (header deg/ncomp/bar_T agree)
2584138,0,1 RHO mem=True nz=True ynz=True cond=True claim_agree=True upper=0.948312306972  CERT
2584138,0,1 T   mem=True nz=True ynz=True cond=True claim_agree=True upper=2597.07653359  CERT
30397371,0,1 RHO mem=True nz=True ynz=True cond=True claim_agree=True upper=0.896911654121  CERT
30397371,0,1 T   mem=True nz=True ynz=True cond=True claim_agree=True upper=2071.83107290  CERT
116759480,0,1 RHO mem=True nz=True ynz=True cond=True claim_agree=True upper=0.896911654121  CERT
116759480,0,1 T   mem=True nz=True ynz=True cond=True claim_agree=True upper=3148.92672546  CERT
156311296,0,1 RHO mem=True nz=True ynz=True cond=True claim_agree=True upper=0.905268841523  CERT
156311296,0,1 T   mem=True nz=True ynz=True cond=True claim_agree=True upper=2855.91069257  CERT
194759765,0,1 RHO mem=True nz=True ynz=True cond=True claim_agree=True upper=0.901828805667  CERT
194759765,0,1 T   mem=True nz=True ynz=True cond=True claim_agree=True upper=2277.77559485  CERT
217093290,0,1 RHO mem=True nz=True ynz=True cond=True claim_agree=True upper=0.916420384587  CERT
217093290,0,1 T   mem=True nz=True ynz=True cond=True claim_agree=True upper=2632.92000717  CERT
270841316,0,1 RHO mem=True nz=True ynz=True cond=True claim_agree=True upper=0.916208284863  CERT
270841316,0,1 T   mem=True nz=True ynz=True cond=True claim_agree=True upper=1917.59664710  CERT
281167301,0,1 RHO mem=True nz=True ynz=True cond=True claim_agree=True upper=0.916208284863  CERT
281167301,0,1 T   mem=True nz=True ynz=True cond=True claim_agree=True upper=1964.95573504  CERT
284829778,0,1 RHO mem=True nz=True ynz=True cond=True claim_agree=True upper=0.929112434246  CERT
284829778,0,1 T   mem=True nz=True ynz=True cond=True claim_agree=True upper=2320.39543784  CERT
314204601,0,1 RHO mem=True nz=True ynz=True cond=True claim_agree=True upper=0.901828805667  CERT
314204601,0,1 T   mem=True nz=True ynz=True cond=True claim_agree=True upper=2616.80563728  CERT
405737709,0,1 RHO mem=True nz=True ynz=True cond=True claim_agree=True upper=0.839593066411  CERT
405737709,0,1 T   mem=True nz=True ynz=True cond=True claim_agree=True upper=2098.04044658  CERT
424181887,0,1 RHO mem=True nz=True ynz=True cond=True claim_agree=True upper=0.916475381519  CERT
424181887,0,1 T   mem=True nz=True ynz=True cond=True claim_agree=True upper=2005.27122145  CERT
463875297,0,1 RHO mem=True nz=True ynz=True cond=True claim_agree=True upper=0.874859284688  CERT
463875297,0,1 T   mem=True nz=True ynz=True cond=True claim_agree=True upper=1990.41929371  CERT
467611488,0,1 RHO mem=True nz=True ynz=True cond=True claim_agree=True upper=0.899880767014  CERT
467611488,0,1 T   mem=True nz=True ynz=True cond=True claim_agree=True upper=2290.32132376  CERT
469144951,0,1 RHO mem=True nz=True ynz=True cond=True claim_agree=True upper=0.922916438624  CERT
469144951,0,1 T   mem=True nz=True ynz=True cond=True claim_agree=True upper=1810.60057935  CERT
489069355,0,1 RHO mem=True nz=True ynz=True cond=True claim_agree=True upper=0.899880767014  CERT
489069355,0,1 T   mem=True nz=True ynz=True cond=True claim_agree=True upper=2168.14918969  CERT
511387926,0,1 RHO mem=True nz=True ynz=True cond=True claim_agree=True upper=0.932206629608  CERT
511387926,0,1 T   mem=True nz=True ynz=True cond=True claim_agree=True upper=2544.45022942  CERT
531312330,0,1 RHO mem=True nz=True ynz=True cond=True claim_agree=True upper=0.905268841523  CERT
531312330,0,1 T   mem=True nz=True ynz=True cond=True claim_agree=True upper=2437.44481290  CERT
532845793,0,1 RHO mem=True nz=True ynz=True cond=True claim_agree=True upper=0.932206629608  CERT
532845793,0,1 T   mem=True nz=True ynz=True cond=True claim_agree=True upper=1743.27426074  CERT
536581984,0,1 RHO mem=True nz=True ynz=True cond=True claim_agree=True upper=0.929112434246  CERT
536581984,0,1 T   mem=True nz=True ynz=True cond=True claim_agree=True upper=1764.34780444  CERT
576275394,0,1 RHO mem=True nz=True ynz=True cond=True claim_agree=True upper=0.916420384587  CERT
576275394,0,1 T   mem=True nz=True ynz=True cond=True claim_agree=True upper=1788.59529326  CERT
594719572,0,1 RHO mem=True nz=True ynz=True cond=True claim_agree=True upper=0.948312306972  CERT
594719572,0,1 T   mem=True nz=True ynz=True cond=True claim_agree=True upper=2560.90883373  CERT
686252680,0,1 RHO mem=True nz=True ynz=True cond=True claim_agree=True upper=0.902712575912  CERT
686252680,0,1 T   mem=True nz=True ynz=True cond=True claim_agree=True upper=2509.48630917  CERT
715627503,0,1 RHO mem=True nz=True ynz=True cond=True claim_agree=True upper=0.874859284688  CERT
715627503,0,1 T   mem=True nz=True ynz=True cond=True claim_agree=True upper=1919.98389960  CERT
719289980,0,1 RHO mem=True nz=True ynz=True cond=True claim_agree=True upper=0.884226925661  CERT
719289980,0,1 T   mem=True nz=True ynz=True cond=True claim_agree=True upper=1738.47813812  CERT
729615965,0,1 RHO mem=True nz=True ynz=True cond=True claim_agree=True upper=0.884226925661  CERT
729615965,0,1 T   mem=True nz=True ynz=True cond=True claim_agree=True upper=2349.84719156  CERT
783363991,0,1 RHO mem=True nz=True ynz=True cond=True claim_agree=True upper=0.916475381519  CERT
783363991,0,1 T   mem=True nz=True ynz=True cond=True claim_agree=True upper=2124.01598611  CERT
805697516,0,1 RHO mem=True nz=True ynz=True cond=True claim_agree=True upper=0.902712575912  CERT
805697516,0,1 T   mem=True nz=True ynz=True cond=True claim_agree=True upper=1579.70697507  CERT
844145985,0,1 RHO mem=True nz=True ynz=True cond=True claim_agree=True upper=0.922916438624  CERT
844145985,0,1 T   mem=True nz=True ynz=True cond=True claim_agree=True upper=2298.49735746  CERT
883697801,0,1 RHO mem=True nz=True ynz=True cond=True claim_agree=True upper=0.926279232990  CERT
883697801,0,1 T   mem=True nz=True ynz=True cond=True claim_agree=True upper=2454.62194332  CERT
970059910,0,1 RHO mem=True nz=True ynz=True cond=True claim_agree=True upper=0.926279232990  CERT
970059910,0,1 T   mem=True nz=True ynz=True cond=True claim_agree=True upper=1796.68486482  CERT
997873143,0,1 RHO mem=True nz=True ynz=True cond=True claim_agree=True upper=0.839593066411  CERT
997873143,0,1 T   mem=True nz=True ynz=True cond=True claim_agree=True upper=1252.39258069  CERT
FAMILY VERIFY n=7 l=1000457281 : EXCLUDED (components certified 32 / 32 ; lines 64 ; failed lines 0)
FAMILY VERIFY PASS
