FACTORIZATION: 32 irreducible factors of degree 2 over F_1000168513: OK (header deg/ncomp/bar_T agree)
2201979,0,1 RHO mem=True nz=True ynz=True cond=True claim_agree=True upper=0.963866394292  CERT
2201979,0,1 T   mem=True nz=True ynz=True cond=True claim_agree=True upper=2820.43245905  CERT
63491104,0,1 RHO mem=True nz=True ynz=True cond=True claim_agree=True upper=0.960301421519  CERT
63491104,0,1 T   mem=True nz=True ynz=True cond=True claim_agree=True upper=2431.20483301  CERT
75558157,0,1 RHO mem=True nz=True ynz=True cond=True claim_agree=True upper=0.948455355151  CERT
75558157,0,1 T   mem=True nz=True ynz=True cond=True claim_agree=True upper=3327.02453180  CERT
90362920,0,1 RHO mem=True nz=True ynz=True cond=True claim_agree=True upper=0.959371628103  CERT
90362920,0,1 T   mem=True nz=True ynz=True cond=True claim_agree=True upper=2320.03456096  CERT
152167794,0,1 RHO mem=True nz=True ynz=True cond=True claim_agree=True upper=0.950453158256  CERT
152167794,0,1 T   mem=True nz=True ynz=True cond=True claim_agree=True upper=2890.89047814  CERT
154478660,0,1 RHO mem=True nz=True ynz=True cond=True claim_agree=True upper=0.967407232297  CERT
154478660,0,1 T   mem=True nz=True ynz=True cond=True claim_agree=True upper=2278.99009561  CERT
154927178,0,1 RHO mem=True nz=True ynz=True cond=True claim_agree=True upper=0.954361169102  CERT
154927178,0,1 T   mem=True nz=True ynz=True cond=True claim_agree=True upper=2304.93325256  CERT
159385049,0,1 RHO mem=True nz=True ynz=True cond=True claim_agree=True upper=0.950453158256  CERT
159385049,0,1 T   mem=True nz=True ynz=True cond=True claim_agree=True upper=2856.21364284  CERT
182594602,0,1 RHO mem=True nz=True ynz=True cond=True claim_agree=True upper=0.924180866898  CERT
182594602,0,1 T   mem=True nz=True ynz=True cond=True claim_agree=True upper=3051.42743149  CERT
211885242,0,1 RHO mem=True nz=True ynz=True cond=True claim_agree=True upper=0.948455355151  CERT
211885242,0,1 T   mem=True nz=True ynz=True cond=True claim_agree=True upper=2403.64452839  CERT
218196183,0,1 RHO mem=True nz=True ynz=True cond=True claim_agree=True upper=0.965057840343  CERT
218196183,0,1 T   mem=True nz=True ynz=True cond=True claim_agree=True upper=2551.49609785  CERT
265276684,0,1 RHO mem=True nz=True ynz=True cond=True claim_agree=True upper=0.969021328990  CERT
265276684,0,1 T   mem=True nz=True ynz=True cond=True claim_agree=True upper=2678.63851058  CERT
378608881,0,1 RHO mem=True nz=True ynz=True cond=True claim_agree=True upper=0.965057840343  CERT
378608881,0,1 T   mem=True nz=True ynz=True cond=True claim_agree=True upper=2715.23628435  CERT
427554676,0,1 RHO mem=True nz=True ynz=True cond=True claim_agree=True upper=0.954361169102  CERT
427554676,0,1 T   mem=True nz=True ynz=True cond=True claim_agree=True upper=2205.37800088  CERT
447521282,0,1 RHO mem=True nz=True ynz=True cond=True claim_agree=True upper=0.941787650632  CERT
447521282,0,1 T   mem=True nz=True ynz=True cond=True claim_agree=True upper=2333.75040716  CERT
493061435,0,1 RHO mem=True nz=True ynz=True cond=True claim_agree=True upper=0.963866394292  CERT
493061435,0,1 T   mem=True nz=True ynz=True cond=True claim_agree=True upper=2334.87284231  CERT
507107078,0,1 RHO mem=True nz=True ynz=True cond=True claim_agree=True upper=0.959193090607  CERT
507107078,0,1 T   mem=True nz=True ynz=True cond=True claim_agree=True upper=2305.45811837  CERT
552647231,0,1 RHO mem=True nz=True ynz=True cond=True claim_agree=True upper=0.960301421519  CERT
552647231,0,1 T   mem=True nz=True ynz=True cond=True claim_agree=True upper=1970.78894798  CERT
572613837,0,1 RHO mem=True nz=True ynz=True cond=True claim_agree=True upper=0.955131151751  CERT
572613837,0,1 T   mem=True nz=True ynz=True cond=True claim_agree=True upper=3194.34990289  CERT
621559632,0,1 RHO mem=True nz=True ynz=True cond=True claim_agree=True upper=0.951804573270  CERT
621559632,0,1 T   mem=True nz=True ynz=True cond=True claim_agree=True upper=2569.85646989  CERT
734891829,0,1 RHO mem=True nz=True ynz=True cond=True claim_agree=True upper=0.959371628103  CERT
734891829,0,1 T   mem=True nz=True ynz=True cond=True claim_agree=True upper=2995.59986667  CERT
781972330,0,1 RHO mem=True nz=True ynz=True cond=True claim_agree=True upper=0.951804573270  CERT
781972330,0,1 T   mem=True nz=True ynz=True cond=True claim_agree=True upper=2115.30803607  CERT
788283271,0,1 RHO mem=True nz=True ynz=True cond=True claim_agree=True upper=0.932068684710  CERT
788283271,0,1 T   mem=True nz=True ynz=True cond=True claim_agree=True upper=1981.72806079  CERT
817573911,0,1 RHO mem=True nz=True ynz=True cond=True claim_agree=True upper=0.967407232297  CERT
817573911,0,1 T   mem=True nz=True ynz=True cond=True claim_agree=True upper=2902.78242606  CERT
840783464,0,1 RHO mem=True nz=True ynz=True cond=True claim_agree=True upper=0.962811473023  CERT
840783464,0,1 T   mem=True nz=True ynz=True cond=True claim_agree=True upper=2250.18705854  CERT
845241335,0,1 RHO mem=True nz=True ynz=True cond=True claim_agree=True upper=0.955131151751  CERT
845241335,0,1 T   mem=True nz=True ynz=True cond=True claim_agree=True upper=2332.73367229  CERT
845689853,0,1 RHO mem=True nz=True ynz=True cond=True claim_agree=True upper=0.924180866898  CERT
845689853,0,1 T   mem=True nz=True ynz=True cond=True claim_agree=True upper=2100.69965054  CERT
848000719,0,1 RHO mem=True nz=True ynz=True cond=True claim_agree=True upper=0.962811473023  CERT
848000719,0,1 T   mem=True nz=True ynz=True cond=True claim_agree=True upper=2692.21527401  CERT
909805593,0,1 RHO mem=True nz=True ynz=True cond=True claim_agree=True upper=0.969021328990  CERT
909805593,0,1 T   mem=True nz=True ynz=True cond=True claim_agree=True upper=2200.78351927  CERT
924610356,0,1 RHO mem=True nz=True ynz=True cond=True claim_agree=True upper=0.932068684710  CERT
924610356,0,1 T   mem=True nz=True ynz=True cond=True claim_agree=True upper=2046.72688315  CERT
936677409,0,1 RHO mem=True nz=True ynz=True cond=True claim_agree=True upper=0.941787650632  CERT
936677409,0,1 T   mem=True nz=True ynz=True cond=True claim_agree=True upper=2697.82743066  CERT
997966534,0,1 RHO mem=True nz=True ynz=True cond=True claim_agree=True upper=0.959193090607  CERT
997966534,0,1 T   mem=True nz=True ynz=True cond=True claim_agree=True upper=3146.72484774  CERT
FAMILY VERIFY n=7 l=1000168513 : EXCLUDED (components certified 32 / 32 ; lines 64 ; failed lines 0)
FAMILY VERIFY PASS
