FACTORIZATION: 32 irreducible factors of degree 2 over F_1000911553: OK (header deg/ncomp/bar_T agree)
106826720,0,1 RHO mem=True nz=True ynz=True cond=True claim_agree=True upper=0.954512046770  CERT
106826720,0,1 T   mem=True nz=True ynz=True cond=True claim_agree=True upper=2600.36966976  CERT
179004518,0,1 RHO mem=True nz=True ynz=True cond=True claim_agree=True upper=0.964269952530  CERT
179004518,0,1 T   mem=True nz=True ynz=True cond=True claim_agree=True upper=2746.82902652  CERT
205942664,0,1 RHO mem=True nz=True ynz=True cond=True claim_agree=True upper=0.980979578186  CERT
205942664,0,1 T   mem=True nz=True ynz=True cond=True claim_agree=True upper=2091.33844016  CERT
238698138,0,1 RHO mem=True nz=True ynz=True cond=True claim_agree=True upper=0.957123949452  CERT
238698138,0,1 T   mem=True nz=True ynz=True cond=True claim_agree=True upper=1935.15964203  CERT
298013798,0,1 RHO mem=True nz=True ynz=True cond=True claim_agree=True upper=0.884349894626  CERT
298013798,0,1 T   mem=True nz=True ynz=True cond=True claim_agree=True upper=1956.74080296  CERT
305526059,0,1 RHO mem=True nz=True ynz=True cond=True claim_agree=True upper=0.964269952530  CERT
305526059,0,1 T   mem=True nz=True ynz=True cond=True claim_agree=True upper=2645.57840805  CERT
306503247,0,1 RHO mem=True nz=True ynz=True cond=True claim_agree=True upper=0.961806715145  CERT
306503247,0,1 T   mem=True nz=True ynz=True cond=True claim_agree=True upper=2688.62701403  CERT
315447235,0,1 RHO mem=True nz=True ynz=True cond=True claim_agree=True upper=0.961806715145  CERT
315447235,0,1 T   mem=True nz=True ynz=True cond=True claim_agree=True upper=2338.59235965  CERT
320927928,0,1 RHO mem=True nz=True ynz=True cond=True claim_agree=True upper=0.932948585641  CERT
320927928,0,1 T   mem=True nz=True ynz=True cond=True claim_agree=True upper=1619.35885406  CERT
328754237,0,1 RHO mem=True nz=True ynz=True cond=True claim_agree=True upper=0.962939410713  CERT
328754237,0,1 T   mem=True nz=True ynz=True cond=True claim_agree=True upper=2528.55102590  CERT
384376511,0,1 RHO mem=True nz=True ynz=True cond=True claim_agree=True upper=0.958367254149  CERT
384376511,0,1 T   mem=True nz=True ynz=True cond=True claim_agree=True upper=1789.13337407  CERT
400943909,0,1 RHO mem=True nz=True ynz=True cond=True claim_agree=True upper=0.938759157480  CERT
400943909,0,1 T   mem=True nz=True ynz=True cond=True claim_agree=True upper=2436.80871014  CERT
446821676,0,1 RHO mem=True nz=True ynz=True cond=True claim_agree=True upper=0.954512046770  CERT
446821676,0,1 T   mem=True nz=True ynz=True cond=True claim_agree=True upper=2252.42082229  CERT
462671637,0,1 RHO mem=True nz=True ynz=True cond=True claim_agree=True upper=0.913804624028  CERT
462671637,0,1 T   mem=True nz=True ynz=True cond=True claim_agree=True upper=1518.27495157  CERT
479985417,0,1 RHO mem=True nz=True ynz=True cond=True claim_agree=True upper=0.942454171671  CERT
479985417,0,1 T   mem=True nz=True ynz=True cond=True claim_agree=True upper=2611.83853453  CERT
482546633,0,1 RHO mem=True nz=True ynz=True cond=True claim_agree=True upper=0.938759157480  CERT
482546633,0,1 T   mem=True nz=True ynz=True cond=True claim_agree=True upper=2859.44001210  CERT
518364920,0,1 RHO mem=True nz=True ynz=True cond=True claim_agree=True upper=0.964390367102  CERT
518364920,0,1 T   mem=True nz=True ynz=True cond=True claim_agree=True upper=2126.59546766  CERT
520926136,0,1 RHO mem=True nz=True ynz=True cond=True claim_agree=True upper=0.958367254149  CERT
520926136,0,1 T   mem=True nz=True ynz=True cond=True claim_agree=True upper=2774.21633338  CERT
538239916,0,1 RHO mem=True nz=True ynz=True cond=True claim_agree=True upper=0.884349894626  CERT
538239916,0,1 T   mem=True nz=True ynz=True cond=True claim_agree=True upper=2312.75778620  CERT
554089877,0,1 RHO mem=True nz=True ynz=True cond=True claim_agree=True upper=0.963874871101  CERT
554089877,0,1 T   mem=True nz=True ynz=True cond=True claim_agree=True upper=2285.14761625  CERT
599967644,0,1 RHO mem=True nz=True ynz=True cond=True claim_agree=True upper=0.964390367102  CERT
599967644,0,1 T   mem=True nz=True ynz=True cond=True claim_agree=True upper=2396.98996524  CERT
616535042,0,1 RHO mem=True nz=True ynz=True cond=True claim_agree=True upper=0.942454171671  CERT
616535042,0,1 T   mem=True nz=True ynz=True cond=True claim_agree=True upper=2488.53180173  CERT
672157316,0,1 RHO mem=True nz=True ynz=True cond=True claim_agree=True upper=0.932948585641  CERT
672157316,0,1 T   mem=True nz=True ynz=True cond=True claim_agree=True upper=2355.86860516  CERT
679983625,0,1 RHO mem=True nz=True ynz=True cond=True claim_agree=True upper=0.962939410713  CERT
679983625,0,1 T   mem=True nz=True ynz=True cond=True claim_agree=True upper=2988.57465617  CERT
685464318,0,1 RHO mem=True nz=True ynz=True cond=True claim_agree=True upper=0.955055284513  CERT
685464318,0,1 T   mem=True nz=True ynz=True cond=True claim_agree=True upper=2112.67136090  CERT
694408306,0,1 RHO mem=True nz=True ynz=True cond=True claim_agree=True upper=0.955055284513  CERT
694408306,0,1 T   mem=True nz=True ynz=True cond=True claim_agree=True upper=2513.90727540  CERT
695385494,0,1 RHO mem=True nz=True ynz=True cond=True claim_agree=True upper=0.904668907439  CERT
695385494,0,1 T   mem=True nz=True ynz=True cond=True claim_agree=True upper=1501.17577617  CERT
702897755,0,1 RHO mem=True nz=True ynz=True cond=True claim_agree=True upper=0.913804624028  CERT
702897755,0,1 T   mem=True nz=True ynz=True cond=True claim_agree=True upper=1783.26976063  CERT
762213415,0,1 RHO mem=True nz=True ynz=True cond=True claim_agree=True upper=0.980979578186  CERT
762213415,0,1 T   mem=True nz=True ynz=True cond=True claim_agree=True upper=2286.33413210  CERT
794968889,0,1 RHO mem=True nz=True ynz=True cond=True claim_agree=True upper=0.957123949452  CERT
794968889,0,1 T   mem=True nz=True ynz=True cond=True claim_agree=True upper=2837.61398667  CERT
821907035,0,1 RHO mem=True nz=True ynz=True cond=True claim_agree=True upper=0.904668907439  CERT
821907035,0,1 T   mem=True nz=True ynz=True cond=True claim_agree=True upper=2212.02169588  CERT
894084833,0,1 RHO mem=True nz=True ynz=True cond=True claim_agree=True upper=0.963874871101  CERT
894084833,0,1 T   mem=True nz=True ynz=True cond=True claim_agree=True upper=2458.36569262  CERT
FAMILY VERIFY n=7 l=1000911553 : EXCLUDED (components certified 32 / 32 ; lines 64 ; failed lines 0)
FAMILY VERIFY PASS
