FACTORIZATION: 32 irreducible factors of degree 2 over F_1000441153: OK (header deg/ncomp/bar_T agree)
42223535,0,1 RHO mem=True nz=True ynz=True cond=True claim_agree=True upper=0.925409550882  CERT
42223535,0,1 T   mem=True nz=True ynz=True cond=True claim_agree=True upper=2446.22796229  CERT
62220871,0,1 RHO mem=True nz=True ynz=True cond=True claim_agree=True upper=0.932566381550  CERT
62220871,0,1 T   mem=True nz=True ynz=True cond=True claim_agree=True upper=2404.61147869  CERT
75854963,0,1 RHO mem=True nz=True ynz=True cond=True claim_agree=True upper=0.960694141846  CERT
75854963,0,1 T   mem=True nz=True ynz=True cond=True claim_agree=True upper=2947.02197570  CERT
87318649,0,1 RHO mem=True nz=True ynz=True cond=True claim_agree=True upper=0.901495394952  CERT
87318649,0,1 T   mem=True nz=True ynz=True cond=True claim_agree=True upper=2437.73801489  CERT
136010165,0,1 RHO mem=True nz=True ynz=True cond=True claim_agree=True upper=0.907036712076  CERT
136010165,0,1 T   mem=True nz=True ynz=True cond=True claim_agree=True upper=1649.78340164  CERT
170478513,0,1 RHO mem=True nz=True ynz=True cond=True claim_agree=True upper=0.890254128380  CERT
170478513,0,1 T   mem=True nz=True ynz=True cond=True claim_agree=True upper=1602.05197762  CERT
181433863,0,1 RHO mem=True nz=True ynz=True cond=True claim_agree=True upper=0.943460367390  CERT
181433863,0,1 T   mem=True nz=True ynz=True cond=True claim_agree=True upper=2359.55549878  CERT
212103967,0,1 RHO mem=True nz=True ynz=True cond=True claim_agree=True upper=0.940886626744  CERT
212103967,0,1 T   mem=True nz=True ynz=True cond=True claim_agree=True upper=2248.76931734  CERT
224966114,0,1 RHO mem=True nz=True ynz=True cond=True claim_agree=True upper=0.890254128380  CERT
224966114,0,1 T   mem=True nz=True ynz=True cond=True claim_agree=True upper=2248.50672317  CERT
235326541,0,1 RHO mem=True nz=True ynz=True cond=True claim_agree=True upper=0.907036712076  CERT
235326541,0,1 T   mem=True nz=True ynz=True cond=True claim_agree=True upper=2415.85551486  CERT
242070569,0,1 RHO mem=True nz=True ynz=True cond=True claim_agree=True upper=0.939440354744  CERT
242070569,0,1 T   mem=True nz=True ynz=True cond=True claim_agree=True upper=2178.90694944  CERT
285565545,0,1 RHO mem=True nz=True ynz=True cond=True claim_agree=True upper=0.920079794540  CERT
285565545,0,1 T   mem=True nz=True ynz=True cond=True claim_agree=True upper=2522.40252985  CERT
310165924,0,1 RHO mem=True nz=True ynz=True cond=True claim_agree=True upper=0.943460367390  CERT
310165924,0,1 T   mem=True nz=True ynz=True cond=True claim_agree=True upper=2693.99437365  CERT
452365950,0,1 RHO mem=True nz=True ynz=True cond=True claim_agree=True upper=0.924965178357  CERT
452365950,0,1 T   mem=True nz=True ynz=True cond=True claim_agree=True upper=2363.09339462  CERT
456271675,0,1 RHO mem=True nz=True ynz=True cond=True claim_agree=True upper=0.901495394952  CERT
456271675,0,1 T   mem=True nz=True ynz=True cond=True claim_agree=True upper=2132.57027879  CERT
496462179,0,1 RHO mem=True nz=True ynz=True cond=True claim_agree=True upper=0.940886626744  CERT
496462179,0,1 T   mem=True nz=True ynz=True cond=True claim_agree=True upper=2337.34951466  CERT
503978974,0,1 RHO mem=True nz=True ynz=True cond=True claim_agree=True upper=0.928493195010  CERT
503978974,0,1 T   mem=True nz=True ynz=True cond=True claim_agree=True upper=1941.23137639  CERT
544169478,0,1 RHO mem=True nz=True ynz=True cond=True claim_agree=True upper=0.963114664841  CERT
544169478,0,1 T   mem=True nz=True ynz=True cond=True claim_agree=True upper=2660.18022825  CERT
548075203,0,1 RHO mem=True nz=True ynz=True cond=True claim_agree=True upper=0.925409550882  CERT
548075203,0,1 T   mem=True nz=True ynz=True cond=True claim_agree=True upper=2091.03773691  CERT
690275229,0,1 RHO mem=True nz=True ynz=True cond=True claim_agree=True upper=0.963251820831  CERT
690275229,0,1 T   mem=True nz=True ynz=True cond=True claim_agree=True upper=2535.91557181  CERT
714875608,0,1 RHO mem=True nz=True ynz=True cond=True claim_agree=True upper=0.960694141846  CERT
714875608,0,1 T   mem=True nz=True ynz=True cond=True claim_agree=True upper=2545.46428043  CERT
758370584,0,1 RHO mem=True nz=True ynz=True cond=True claim_agree=True upper=0.932566381550  CERT
758370584,0,1 T   mem=True nz=True ynz=True cond=True claim_agree=True upper=2216.03946348  CERT
765114612,0,1 RHO mem=True nz=True ynz=True cond=True claim_agree=True upper=0.924310058456  CERT
765114612,0,1 T   mem=True nz=True ynz=True cond=True claim_agree=True upper=2522.56038896  CERT
775475039,0,1 RHO mem=True nz=True ynz=True cond=True claim_agree=True upper=0.930320904585  CERT
775475039,0,1 T   mem=True nz=True ynz=True cond=True claim_agree=True upper=2569.09684779  CERT
788337186,0,1 RHO mem=True nz=True ynz=True cond=True claim_agree=True upper=0.928493195010  CERT
788337186,0,1 T   mem=True nz=True ynz=True cond=True claim_agree=True upper=2328.43516010  CERT
819007290,0,1 RHO mem=True nz=True ynz=True cond=True claim_agree=True upper=0.963251820831  CERT
819007290,0,1 T   mem=True nz=True ynz=True cond=True claim_agree=True upper=2073.32098003  CERT
829962640,0,1 RHO mem=True nz=True ynz=True cond=True claim_agree=True upper=0.930320904585  CERT
829962640,0,1 T   mem=True nz=True ynz=True cond=True claim_agree=True upper=2061.11334100  CERT
864430988,0,1 RHO mem=True nz=True ynz=True cond=True claim_agree=True upper=0.924310058456  CERT
864430988,0,1 T   mem=True nz=True ynz=True cond=True claim_agree=True upper=2599.52428535  CERT
913122504,0,1 RHO mem=True nz=True ynz=True cond=True claim_agree=True upper=0.963114664841  CERT
913122504,0,1 T   mem=True nz=True ynz=True cond=True claim_agree=True upper=2611.79929371  CERT
924586190,0,1 RHO mem=True nz=True ynz=True cond=True claim_agree=True upper=0.920079794540  CERT
924586190,0,1 T   mem=True nz=True ynz=True cond=True claim_agree=True upper=1965.03244046  CERT
938220282,0,1 RHO mem=True nz=True ynz=True cond=True claim_agree=True upper=0.939440354744  CERT
938220282,0,1 T   mem=True nz=True ynz=True cond=True claim_agree=True upper=2408.35515725  CERT
958217618,0,1 RHO mem=True nz=True ynz=True cond=True claim_agree=True upper=0.924965178357  CERT
958217618,0,1 T   mem=True nz=True ynz=True cond=True claim_agree=True upper=2513.14574751  CERT
FAMILY VERIFY n=7 l=1000441153 : EXCLUDED (components certified 32 / 32 ; lines 64 ; failed lines 0)
FAMILY VERIFY PASS
