FACTORIZATION: 32 irreducible factors of degree 2 over F_1000140353: OK (header deg/ncomp/bar_T agree)
302157,0,1 RHO mem=True nz=True ynz=True cond=True claim_agree=True upper=0.981347393972  CERT
302157,0,1 T   mem=True nz=True ynz=True cond=True claim_agree=True upper=3027.48365205  CERT
13331116,0,1 RHO mem=True nz=True ynz=True cond=True claim_agree=True upper=0.942566030245  CERT
13331116,0,1 T   mem=True nz=True ynz=True cond=True claim_agree=True upper=2337.35797280  CERT
36951337,0,1 RHO mem=True nz=True ynz=True cond=True claim_agree=True upper=0.971414013747  CERT
36951337,0,1 T   mem=True nz=True ynz=True cond=True claim_agree=True upper=2905.26228279  CERT
89874818,0,1 RHO mem=True nz=True ynz=True cond=True claim_agree=True upper=0.969632168427  CERT
89874818,0,1 T   mem=True nz=True ynz=True cond=True claim_agree=True upper=2719.00482168  CERT
102925145,0,1 RHO mem=True nz=True ynz=True cond=True claim_agree=True upper=0.971414013747  CERT
102925145,0,1 T   mem=True nz=True ynz=True cond=True claim_agree=True upper=2786.00857464  CERT
119623930,0,1 RHO mem=True nz=True ynz=True cond=True claim_agree=True upper=0.961752836956  CERT
119623930,0,1 T   mem=True nz=True ynz=True cond=True claim_agree=True upper=3147.24476685  CERT
281031205,0,1 RHO mem=True nz=True ynz=True cond=True claim_agree=True upper=0.954339598377  CERT
281031205,0,1 T   mem=True nz=True ynz=True cond=True claim_agree=True upper=1678.70747026  CERT
319529458,0,1 RHO mem=True nz=True ynz=True cond=True claim_agree=True upper=0.922242296222  CERT
319529458,0,1 T   mem=True nz=True ynz=True cond=True claim_agree=True upper=3024.31541757  CERT
341926263,0,1 RHO mem=True nz=True ynz=True cond=True claim_agree=True upper=0.942566030245  CERT
341926263,0,1 T   mem=True nz=True ynz=True cond=True claim_agree=True upper=2892.54730001  CERT
387745477,0,1 RHO mem=True nz=True ynz=True cond=True claim_agree=True upper=0.964005168545  CERT
387745477,0,1 T   mem=True nz=True ynz=True cond=True claim_agree=True upper=2215.18336307  CERT
448342106,0,1 RHO mem=True nz=True ynz=True cond=True claim_agree=True upper=0.969614244990  CERT
448342106,0,1 T   mem=True nz=True ynz=True cond=True claim_agree=True upper=2394.02608501  CERT
453943640,0,1 RHO mem=True nz=True ynz=True cond=True claim_agree=True upper=0.981347393972  CERT
453943640,0,1 T   mem=True nz=True ynz=True cond=True claim_agree=True upper=2813.01881308  CERT
466231153,0,1 RHO mem=True nz=True ynz=True cond=True claim_agree=True upper=0.956845149011  CERT
466231153,0,1 T   mem=True nz=True ynz=True cond=True claim_agree=True upper=2792.48156464  CERT
477077774,0,1 RHO mem=True nz=True ynz=True cond=True claim_agree=True upper=0.933389539388  CERT
477077774,0,1 T   mem=True nz=True ynz=True cond=True claim_agree=True upper=3388.13389102  CERT
478194355,0,1 RHO mem=True nz=True ynz=True cond=True claim_agree=True upper=0.964005168545  CERT
478194355,0,1 T   mem=True nz=True ynz=True cond=True claim_agree=True upper=2940.01138827  CERT
494379814,0,1 RHO mem=True nz=True ynz=True cond=True claim_agree=True upper=0.926353668367  CERT
494379814,0,1 T   mem=True nz=True ynz=True cond=True claim_agree=True upper=2609.82222404  CERT
505760539,0,1 RHO mem=True nz=True ynz=True cond=True claim_agree=True upper=0.961752836956  CERT
505760539,0,1 T   mem=True nz=True ynz=True cond=True claim_agree=True upper=2632.49934118  CERT
521945998,0,1 RHO mem=True nz=True ynz=True cond=True claim_agree=True upper=0.941280306310  CERT
521945998,0,1 T   mem=True nz=True ynz=True cond=True claim_agree=True upper=2982.26024131  CERT
523062579,0,1 RHO mem=True nz=True ynz=True cond=True claim_agree=True upper=0.969632168427  CERT
523062579,0,1 T   mem=True nz=True ynz=True cond=True claim_agree=True upper=2094.01231612  CERT
533909200,0,1 RHO mem=True nz=True ynz=True cond=True claim_agree=True upper=0.969614244990  CERT
533909200,0,1 T   mem=True nz=True ynz=True cond=True claim_agree=True upper=2974.75444708  CERT
546196713,0,1 RHO mem=True nz=True ynz=True cond=True claim_agree=True upper=0.936055074979  CERT
546196713,0,1 T   mem=True nz=True ynz=True cond=True claim_agree=True upper=2720.32527329  CERT
551798247,0,1 RHO mem=True nz=True ynz=True cond=True claim_agree=True upper=0.956845149011  CERT
551798247,0,1 T   mem=True nz=True ynz=True cond=True claim_agree=True upper=2895.27017612  CERT
612394876,0,1 RHO mem=True nz=True ynz=True cond=True claim_agree=True upper=0.941280306310  CERT
612394876,0,1 T   mem=True nz=True ynz=True cond=True claim_agree=True upper=2547.06900703  CERT
658214090,0,1 RHO mem=True nz=True ynz=True cond=True claim_agree=True upper=0.988341610636  CERT
658214090,0,1 T   mem=True nz=True ynz=True cond=True claim_agree=True upper=2755.59071165  CERT
680610895,0,1 RHO mem=True nz=True ynz=True cond=True claim_agree=True upper=0.954339598377  CERT
680610895,0,1 T   mem=True nz=True ynz=True cond=True claim_agree=True upper=2455.34316283  CERT
719109148,0,1 RHO mem=True nz=True ynz=True cond=True claim_agree=True upper=0.922242296222  CERT
719109148,0,1 T   mem=True nz=True ynz=True cond=True claim_agree=True upper=2739.25205032  CERT
880516423,0,1 RHO mem=True nz=True ynz=True cond=True claim_agree=True upper=0.926353668367  CERT
880516423,0,1 T   mem=True nz=True ynz=True cond=True claim_agree=True upper=2935.36392023  CERT
897215208,0,1 RHO mem=True nz=True ynz=True cond=True claim_agree=True upper=0.976847862668  CERT
897215208,0,1 T   mem=True nz=True ynz=True cond=True claim_agree=True upper=2595.05880568  CERT
910265535,0,1 RHO mem=True nz=True ynz=True cond=True claim_agree=True upper=0.933389539388  CERT
910265535,0,1 T   mem=True nz=True ynz=True cond=True claim_agree=True upper=3285.93397132  CERT
963189016,0,1 RHO mem=True nz=True ynz=True cond=True claim_agree=True upper=0.976847862668  CERT
963189016,0,1 T   mem=True nz=True ynz=True cond=True claim_agree=True upper=2818.71867385  CERT
986809237,0,1 RHO mem=True nz=True ynz=True cond=True claim_agree=True upper=0.988341610636  CERT
986809237,0,1 T   mem=True nz=True ynz=True cond=True claim_agree=True upper=3084.62649499  CERT
999838196,0,1 RHO mem=True nz=True ynz=True cond=True claim_agree=True upper=0.936055074979  CERT
999838196,0,1 T   mem=True nz=True ynz=True cond=True claim_agree=True upper=2530.60173499  CERT
FAMILY VERIFY n=7 l=1000140353 : EXCLUDED (components certified 32 / 32 ; lines 64 ; failed lines 0)
FAMILY VERIFY PASS
