FACTORIZATION: 32 irreducible factors of degree 2 over F_1000515137: OK (header deg/ncomp/bar_T agree)
656008,0,1 RHO mem=True nz=True ynz=True cond=True claim_agree=True upper=0.935797311880  CERT
656008,0,1 T   mem=True nz=True ynz=True cond=True claim_agree=True upper=2589.85674419  CERT
60192232,0,1 RHO mem=True nz=True ynz=True cond=True claim_agree=True upper=0.948007856040  CERT
60192232,0,1 T   mem=True nz=True ynz=True cond=True claim_agree=True upper=3203.06686043  CERT
81295439,0,1 RHO mem=True nz=True ynz=True cond=True claim_agree=True upper=0.935797311880  CERT
81295439,0,1 T   mem=True nz=True ynz=True cond=True claim_agree=True upper=2860.70513151  CERT
138910075,0,1 RHO mem=True nz=True ynz=True cond=True claim_agree=True upper=0.948809719705  CERT
138910075,0,1 T   mem=True nz=True ynz=True cond=True claim_agree=True upper=2159.55671520  CERT
149915760,0,1 RHO mem=True nz=True ynz=True cond=True claim_agree=True upper=0.947822194549  CERT
149915760,0,1 T   mem=True nz=True ynz=True cond=True claim_agree=True upper=2253.71639844  CERT
154133136,0,1 RHO mem=True nz=True ynz=True cond=True claim_agree=True upper=0.930333705967  CERT
154133136,0,1 T   mem=True nz=True ynz=True cond=True claim_agree=True upper=2241.93037994  CERT
175190153,0,1 RHO mem=True nz=True ynz=True cond=True claim_agree=True upper=0.934424414572  CERT
175190153,0,1 T   mem=True nz=True ynz=True cond=True claim_agree=True upper=2920.29868768  CERT
177917727,0,1 RHO mem=True nz=True ynz=True cond=True claim_agree=True upper=0.932249362155  CERT
177917727,0,1 T   mem=True nz=True ynz=True cond=True claim_agree=True upper=2668.56744468  CERT
250529849,0,1 RHO mem=True nz=True ynz=True cond=True claim_agree=True upper=0.948809719705  CERT
250529849,0,1 T   mem=True nz=True ynz=True cond=True claim_agree=True upper=2738.65851442  CERT
254729382,0,1 RHO mem=True nz=True ynz=True cond=True claim_agree=True upper=0.947822194549  CERT
254729382,0,1 T   mem=True nz=True ynz=True cond=True claim_agree=True upper=2301.00427424  CERT
258702394,0,1 RHO mem=True nz=True ynz=True cond=True claim_agree=True upper=0.899877264848  CERT
258702394,0,1 T   mem=True nz=True ynz=True cond=True claim_agree=True upper=2536.67843802  CERT
267159003,0,1 RHO mem=True nz=True ynz=True cond=True claim_agree=True upper=0.937423043275  CERT
267159003,0,1 T   mem=True nz=True ynz=True cond=True claim_agree=True upper=2350.82181636  CERT
274231662,0,1 RHO mem=True nz=True ynz=True cond=True claim_agree=True upper=0.914800070051  CERT
274231662,0,1 T   mem=True nz=True ynz=True cond=True claim_agree=True upper=2233.57639417  CERT
357444082,0,1 RHO mem=True nz=True ynz=True cond=True claim_agree=True upper=0.940857424104  CERT
357444082,0,1 T   mem=True nz=True ynz=True cond=True claim_agree=True upper=2783.74334815  CERT
367979321,0,1 RHO mem=True nz=True ynz=True cond=True claim_agree=True upper=0.940055326753  CERT
367979321,0,1 T   mem=True nz=True ynz=True cond=True claim_agree=True upper=3442.06087618  CERT
484067008,0,1 RHO mem=True nz=True ynz=True cond=True claim_agree=True upper=0.930333705967  CERT
484067008,0,1 T   mem=True nz=True ynz=True cond=True claim_agree=True upper=2196.31883479  CERT
516448129,0,1 RHO mem=True nz=True ynz=True cond=True claim_agree=True upper=0.903475744095  CERT
516448129,0,1 T   mem=True nz=True ynz=True cond=True claim_agree=True upper=2807.94012598  CERT
632535816,0,1 RHO mem=True nz=True ynz=True cond=True claim_agree=True upper=0.937423043275  CERT
632535816,0,1 T   mem=True nz=True ynz=True cond=True claim_agree=True upper=2152.75604994  CERT
643071055,0,1 RHO mem=True nz=True ynz=True cond=True claim_agree=True upper=0.932249362155  CERT
643071055,0,1 T   mem=True nz=True ynz=True cond=True claim_agree=True upper=2301.41149705  CERT
726283475,0,1 RHO mem=True nz=True ynz=True cond=True claim_agree=True upper=0.934424414572  CERT
726283475,0,1 T   mem=True nz=True ynz=True cond=True claim_agree=True upper=2398.16226043  CERT
733356134,0,1 RHO mem=True nz=True ynz=True cond=True claim_agree=True upper=0.940055326753  CERT
733356134,0,1 T   mem=True nz=True ynz=True cond=True claim_agree=True upper=2845.88982132  CERT
741812743,0,1 RHO mem=True nz=True ynz=True cond=True claim_agree=True upper=0.948007856040  CERT
741812743,0,1 T   mem=True nz=True ynz=True cond=True claim_agree=True upper=2176.18291059  CERT
745785755,0,1 RHO mem=True nz=True ynz=True cond=True claim_agree=True upper=0.933204749909  CERT
745785755,0,1 T   mem=True nz=True ynz=True cond=True claim_agree=True upper=2950.59151052  CERT
749985288,0,1 RHO mem=True nz=True ynz=True cond=True claim_agree=True upper=0.923540113913  CERT
749985288,0,1 T   mem=True nz=True ynz=True cond=True claim_agree=True upper=2681.50684242  CERT
822597410,0,1 RHO mem=True nz=True ynz=True cond=True claim_agree=True upper=0.940857424104  CERT
822597410,0,1 T   mem=True nz=True ynz=True cond=True claim_agree=True upper=2919.03603167  CERT
825324984,0,1 RHO mem=True nz=True ynz=True cond=True claim_agree=True upper=0.914800070051  CERT
825324984,0,1 T   mem=True nz=True ynz=True cond=True claim_agree=True upper=2093.51459035  CERT
846382001,0,1 RHO mem=True nz=True ynz=True cond=True claim_agree=True upper=0.903475744095  CERT
846382001,0,1 T   mem=True nz=True ynz=True cond=True claim_agree=True upper=2082.41053703  CERT
850599377,0,1 RHO mem=True nz=True ynz=True cond=True claim_agree=True upper=0.933204749909  CERT
850599377,0,1 T   mem=True nz=True ynz=True cond=True claim_agree=True upper=2230.40858335  CERT
861605062,0,1 RHO mem=True nz=True ynz=True cond=True claim_agree=True upper=0.923540113913  CERT
861605062,0,1 T   mem=True nz=True ynz=True cond=True claim_agree=True upper=2934.38042865  CERT
919219698,0,1 RHO mem=True nz=True ynz=True cond=True claim_agree=True upper=0.934047619736  CERT
919219698,0,1 T   mem=True nz=True ynz=True cond=True claim_agree=True upper=2879.08816599  CERT
940322905,0,1 RHO mem=True nz=True ynz=True cond=True claim_agree=True upper=0.899877264848  CERT
940322905,0,1 T   mem=True nz=True ynz=True cond=True claim_agree=True upper=3305.36726636  CERT
999859129,0,1 RHO mem=True nz=True ynz=True cond=True claim_agree=True upper=0.934047619736  CERT
999859129,0,1 T   mem=True nz=True ynz=True cond=True claim_agree=True upper=2315.25126549  CERT
FAMILY VERIFY n=7 l=1000515137 : EXCLUDED (components certified 32 / 32 ; lines 64 ; failed lines 0)
FAMILY VERIFY PASS
