FACTORIZATION: 32 irreducible factors of degree 2 over F_1000095169: OK (header deg/ncomp/bar_T agree)
24523093,0,1 RHO mem=True nz=True ynz=True cond=True claim_agree=True upper=0.966009194313  CERT
24523093,0,1 T   mem=True nz=True ynz=True cond=True claim_agree=True upper=2570.33543756  CERT
27568318,0,1 RHO mem=True nz=True ynz=True cond=True claim_agree=True upper=0.949239346951  CERT
27568318,0,1 T   mem=True nz=True ynz=True cond=True claim_agree=True upper=2194.48251800  CERT
94238184,0,1 RHO mem=True nz=True ynz=True cond=True claim_agree=True upper=0.960420508032  CERT
94238184,0,1 T   mem=True nz=True ynz=True cond=True claim_agree=True upper=3288.30333584  CERT
94912324,0,1 RHO mem=True nz=True ynz=True cond=True claim_agree=True upper=0.950182602569  CERT
94912324,0,1 T   mem=True nz=True ynz=True cond=True claim_agree=True upper=2347.65003713  CERT
138646067,0,1 RHO mem=True nz=True ynz=True cond=True claim_agree=True upper=0.947370326459  CERT
138646067,0,1 T   mem=True nz=True ynz=True cond=True claim_agree=True upper=2518.25021765  CERT
144363631,0,1 RHO mem=True nz=True ynz=True cond=True claim_agree=True upper=0.963056628967  CERT
144363631,0,1 T   mem=True nz=True ynz=True cond=True claim_agree=True upper=2740.76463796  CERT
204325887,0,1 RHO mem=True nz=True ynz=True cond=True claim_agree=True upper=0.949239346951  CERT
204325887,0,1 T   mem=True nz=True ynz=True cond=True claim_agree=True upper=2425.17337592  CERT
217995532,0,1 RHO mem=True nz=True ynz=True cond=True claim_agree=True upper=0.947370326459  CERT
217995532,0,1 T   mem=True nz=True ynz=True cond=True claim_agree=True upper=2508.45598841  CERT
221497636,0,1 RHO mem=True nz=True ynz=True cond=True claim_agree=True upper=0.959670494308  CERT
221497636,0,1 T   mem=True nz=True ynz=True cond=True claim_agree=True upper=2823.32984727  CERT
234202339,0,1 RHO mem=True nz=True ynz=True cond=True claim_agree=True upper=0.963878641910  CERT
234202339,0,1 T   mem=True nz=True ynz=True cond=True claim_agree=True upper=2527.04252196  CERT
284426169,0,1 RHO mem=True nz=True ynz=True cond=True claim_agree=True upper=0.960420508032  CERT
284426169,0,1 T   mem=True nz=True ynz=True cond=True claim_agree=True upper=2218.53443651  CERT
288654241,0,1 RHO mem=True nz=True ynz=True cond=True claim_agree=True upper=0.947233171341  CERT
288654241,0,1 T   mem=True nz=True ynz=True cond=True claim_agree=True upper=3036.27280594  CERT
304385720,0,1 RHO mem=True nz=True ynz=True cond=True claim_agree=True upper=0.964175234726  CERT
304385720,0,1 T   mem=True nz=True ynz=True cond=True claim_agree=True upper=2565.04789557  CERT
355397671,0,1 RHO mem=True nz=True ynz=True cond=True claim_agree=True upper=0.948589565915  CERT
355397671,0,1 T   mem=True nz=True ynz=True cond=True claim_agree=True upper=3008.99020167  CERT
393812532,0,1 RHO mem=True nz=True ynz=True cond=True claim_agree=True upper=0.964581780895  CERT
393812532,0,1 T   mem=True nz=True ynz=True cond=True claim_agree=True upper=2690.28528047  CERT
409007643,0,1 RHO mem=True nz=True ynz=True cond=True claim_agree=True upper=0.912920054537  CERT
409007643,0,1 T   mem=True nz=True ynz=True cond=True claim_agree=True upper=2562.12017605  CERT
591087526,0,1 RHO mem=True nz=True ynz=True cond=True claim_agree=True upper=0.947233171341  CERT
591087526,0,1 T   mem=True nz=True ynz=True cond=True claim_agree=True upper=2589.06426337  CERT
606282637,0,1 RHO mem=True nz=True ynz=True cond=True claim_agree=True upper=0.963056628967  CERT
606282637,0,1 T   mem=True nz=True ynz=True cond=True claim_agree=True upper=2471.88228898  CERT
644697498,0,1 RHO mem=True nz=True ynz=True cond=True claim_agree=True upper=0.959670494308  CERT
644697498,0,1 T   mem=True nz=True ynz=True cond=True claim_agree=True upper=2396.30633768  CERT
695709449,0,1 RHO mem=True nz=True ynz=True cond=True claim_agree=True upper=0.966009194313  CERT
695709449,0,1 T   mem=True nz=True ynz=True cond=True claim_agree=True upper=2601.66745916  CERT
711440928,0,1 RHO mem=True nz=True ynz=True cond=True claim_agree=True upper=0.912920054537  CERT
711440928,0,1 T   mem=True nz=True ynz=True cond=True claim_agree=True upper=2642.45258623  CERT
715669000,0,1 RHO mem=True nz=True ynz=True cond=True claim_agree=True upper=0.956935338912  CERT
715669000,0,1 T   mem=True nz=True ynz=True cond=True claim_agree=True upper=2673.40797852  CERT
765892830,0,1 RHO mem=True nz=True ynz=True cond=True claim_agree=True upper=0.950182602569  CERT
765892830,0,1 T   mem=True nz=True ynz=True cond=True claim_agree=True upper=1929.68779796  CERT
778597533,0,1 RHO mem=True nz=True ynz=True cond=True claim_agree=True upper=0.948589565915  CERT
778597533,0,1 T   mem=True nz=True ynz=True cond=True claim_agree=True upper=2243.48173694  CERT
782099637,0,1 RHO mem=True nz=True ynz=True cond=True claim_agree=True upper=0.958701853533  CERT
782099637,0,1 T   mem=True nz=True ynz=True cond=True claim_agree=True upper=3257.40802460  CERT
795769282,0,1 RHO mem=True nz=True ynz=True cond=True claim_agree=True upper=0.957892153138  CERT
795769282,0,1 T   mem=True nz=True ynz=True cond=True claim_agree=True upper=2404.12360987  CERT
855731538,0,1 RHO mem=True nz=True ynz=True cond=True claim_agree=True upper=0.964581780895  CERT
855731538,0,1 T   mem=True nz=True ynz=True cond=True claim_agree=True upper=3284.31479123  CERT
861449102,0,1 RHO mem=True nz=True ynz=True cond=True claim_agree=True upper=0.958701853533  CERT
861449102,0,1 T   mem=True nz=True ynz=True cond=True claim_agree=True upper=2030.57765875  CERT
905182845,0,1 RHO mem=True nz=True ynz=True cond=True claim_agree=True upper=0.963878641910  CERT
905182845,0,1 T   mem=True nz=True ynz=True cond=True claim_agree=True upper=2576.52541131  CERT
905856985,0,1 RHO mem=True nz=True ynz=True cond=True claim_agree=True upper=0.956935338912  CERT
905856985,0,1 T   mem=True nz=True ynz=True cond=True claim_agree=True upper=2675.18345271  CERT
972526851,0,1 RHO mem=True nz=True ynz=True cond=True claim_agree=True upper=0.957892153138  CERT
972526851,0,1 T   mem=True nz=True ynz=True cond=True claim_agree=True upper=2830.35822893  CERT
975572076,0,1 RHO mem=True nz=True ynz=True cond=True claim_agree=True upper=0.964175234726  CERT
975572076,0,1 T   mem=True nz=True ynz=True cond=True claim_agree=True upper=3239.71308599  CERT
FAMILY VERIFY n=7 l=1000095169 : EXCLUDED (components certified 32 / 32 ; lines 64 ; failed lines 0)
FAMILY VERIFY PASS
