FACTORIZATION: 32 irreducible factors of degree 2 over F_1000795073: OK (header deg/ncomp/bar_T agree)
22981214,0,1 RHO mem=True nz=True ynz=True cond=True claim_agree=True upper=0.947725182135  CERT
22981214,0,1 T   mem=True nz=True ynz=True cond=True claim_agree=True upper=2994.43424685  CERT
25025756,0,1 RHO mem=True nz=True ynz=True cond=True claim_agree=True upper=0.964573126272  CERT
25025756,0,1 T   mem=True nz=True ynz=True cond=True claim_agree=True upper=3094.81856324  CERT
57642578,0,1 RHO mem=True nz=True ynz=True cond=True claim_agree=True upper=0.946260971361  CERT
57642578,0,1 T   mem=True nz=True ynz=True cond=True claim_agree=True upper=2099.53457644  CERT
98924145,0,1 RHO mem=True nz=True ynz=True cond=True claim_agree=True upper=0.930548835539  CERT
98924145,0,1 T   mem=True nz=True ynz=True cond=True claim_agree=True upper=2748.88847446  CERT
107609722,0,1 RHO mem=True nz=True ynz=True cond=True claim_agree=True upper=0.940646816184  CERT
107609722,0,1 T   mem=True nz=True ynz=True cond=True claim_agree=True upper=2283.96130977  CERT
119551209,0,1 RHO mem=True nz=True ynz=True cond=True claim_agree=True upper=0.933566649681  CERT
119551209,0,1 T   mem=True nz=True ynz=True cond=True claim_agree=True upper=2569.75313850  CERT
146628481,0,1 RHO mem=True nz=True ynz=True cond=True claim_agree=True upper=0.946260971361  CERT
146628481,0,1 T   mem=True nz=True ynz=True cond=True claim_agree=True upper=2242.59715990  CERT
163404830,0,1 RHO mem=True nz=True ynz=True cond=True claim_agree=True upper=0.934871639049  CERT
163404830,0,1 T   mem=True nz=True ynz=True cond=True claim_agree=True upper=2265.47514059  CERT
197809804,0,1 RHO mem=True nz=True ynz=True cond=True claim_agree=True upper=0.955644824622  CERT
197809804,0,1 T   mem=True nz=True ynz=True cond=True claim_agree=True upper=2911.31776779  CERT
241089028,0,1 RHO mem=True nz=True ynz=True cond=True claim_agree=True upper=0.933566649681  CERT
241089028,0,1 T   mem=True nz=True ynz=True cond=True claim_agree=True upper=2586.12595229  CERT
257277025,0,1 RHO mem=True nz=True ynz=True cond=True claim_agree=True upper=0.957188331335  CERT
257277025,0,1 T   mem=True nz=True ynz=True cond=True claim_agree=True upper=2235.27510544  CERT
300250489,0,1 RHO mem=True nz=True ynz=True cond=True claim_agree=True upper=0.960360504146  CERT
300250489,0,1 T   mem=True nz=True ynz=True cond=True claim_agree=True upper=2701.49993696  CERT
321099107,0,1 RHO mem=True nz=True ynz=True cond=True claim_agree=True upper=0.900424278258  CERT
321099107,0,1 T   mem=True nz=True ynz=True cond=True claim_agree=True upper=1988.74512110  CERT
380151447,0,1 RHO mem=True nz=True ynz=True cond=True claim_agree=True upper=0.934871639049  CERT
380151447,0,1 T   mem=True nz=True ynz=True cond=True claim_agree=True upper=2669.31456668  CERT
391229699,0,1 RHO mem=True nz=True ynz=True cond=True claim_agree=True upper=0.890204086863  CERT
391229699,0,1 T   mem=True nz=True ynz=True cond=True claim_agree=True upper=2739.67663179  CERT
475532286,0,1 RHO mem=True nz=True ynz=True cond=True claim_agree=True upper=0.930548835539  CERT
475532286,0,1 T   mem=True nz=True ynz=True cond=True claim_agree=True upper=2588.22877760  CERT
525262787,0,1 RHO mem=True nz=True ynz=True cond=True claim_agree=True upper=0.947809017859  CERT
525262787,0,1 T   mem=True nz=True ynz=True cond=True claim_agree=True upper=2582.35167094  CERT
609565374,0,1 RHO mem=True nz=True ynz=True cond=True claim_agree=True upper=0.955644824622  CERT
609565374,0,1 T   mem=True nz=True ynz=True cond=True claim_agree=True upper=2328.95434813  CERT
620643626,0,1 RHO mem=True nz=True ynz=True cond=True claim_agree=True upper=0.952772219578  CERT
620643626,0,1 T   mem=True nz=True ynz=True cond=True claim_agree=True upper=3109.56368209  CERT
679695966,0,1 RHO mem=True nz=True ynz=True cond=True claim_agree=True upper=0.940646816184  CERT
679695966,0,1 T   mem=True nz=True ynz=True cond=True claim_agree=True upper=2219.60078115  CERT
700544584,0,1 RHO mem=True nz=True ynz=True cond=True claim_agree=True upper=0.947725182135  CERT
700544584,0,1 T   mem=True nz=True ynz=True cond=True claim_agree=True upper=2458.35827546  CERT
743518048,0,1 RHO mem=True nz=True ynz=True cond=True claim_agree=True upper=0.964573126272  CERT
743518048,0,1 T   mem=True nz=True ynz=True cond=True claim_agree=True upper=2214.00662618  CERT
759706045,0,1 RHO mem=True nz=True ynz=True cond=True claim_agree=True upper=0.915203843795  CERT
759706045,0,1 T   mem=True nz=True ynz=True cond=True claim_agree=True upper=2462.79973534  CERT
802985269,0,1 RHO mem=True nz=True ynz=True cond=True claim_agree=True upper=0.890204086863  CERT
802985269,0,1 T   mem=True nz=True ynz=True cond=True claim_agree=True upper=2616.46948084  CERT
837390243,0,1 RHO mem=True nz=True ynz=True cond=True claim_agree=True upper=0.952772219578  CERT
837390243,0,1 T   mem=True nz=True ynz=True cond=True claim_agree=True upper=2867.41592469  CERT
854166592,0,1 RHO mem=True nz=True ynz=True cond=True claim_agree=True upper=0.917653302046  CERT
854166592,0,1 T   mem=True nz=True ynz=True cond=True claim_agree=True upper=2099.86651335  CERT
881243864,0,1 RHO mem=True nz=True ynz=True cond=True claim_agree=True upper=0.915203843795  CERT
881243864,0,1 T   mem=True nz=True ynz=True cond=True claim_agree=True upper=2377.03034297  CERT
893185351,0,1 RHO mem=True nz=True ynz=True cond=True claim_agree=True upper=0.900424278258  CERT
893185351,0,1 T   mem=True nz=True ynz=True cond=True claim_agree=True upper=2123.21839968  CERT
901870928,0,1 RHO mem=True nz=True ynz=True cond=True claim_agree=True upper=0.947809017859  CERT
901870928,0,1 T   mem=True nz=True ynz=True cond=True claim_agree=True upper=2524.12908860  CERT
943152495,0,1 RHO mem=True nz=True ynz=True cond=True claim_agree=True upper=0.917653302046  CERT
943152495,0,1 T   mem=True nz=True ynz=True cond=True claim_agree=True upper=1825.65644438  CERT
975769317,0,1 RHO mem=True nz=True ynz=True cond=True claim_agree=True upper=0.957188331335  CERT
975769317,0,1 T   mem=True nz=True ynz=True cond=True claim_agree=True upper=2398.51562537  CERT
977813859,0,1 RHO mem=True nz=True ynz=True cond=True claim_agree=True upper=0.960360504146  CERT
977813859,0,1 T   mem=True nz=True ynz=True cond=True claim_agree=True upper=2513.12738778  CERT
FAMILY VERIFY n=7 l=1000795073 : EXCLUDED (components certified 32 / 32 ; lines 64 ; failed lines 0)
FAMILY VERIFY PASS
