FACTORIZATION: 32 irreducible factors of degree 2 over F_1000346177: OK (header deg/ncomp/bar_T agree)
2365732,0,1 RHO mem=True nz=True ynz=True cond=True claim_agree=True upper=0.927764998492  CERT
2365732,0,1 T   mem=True nz=True ynz=True cond=True claim_agree=True upper=2887.50478462  CERT
50542414,0,1 RHO mem=True nz=True ynz=True cond=True claim_agree=True upper=0.939066601188  CERT
50542414,0,1 T   mem=True nz=True ynz=True cond=True claim_agree=True upper=2314.63955969  CERT
79099898,0,1 RHO mem=True nz=True ynz=True cond=True claim_agree=True upper=0.932773007436  CERT
79099898,0,1 T   mem=True nz=True ynz=True cond=True claim_agree=True upper=2353.97509413  CERT
83590509,0,1 RHO mem=True nz=True ynz=True cond=True claim_agree=True upper=0.946462299573  CERT
83590509,0,1 T   mem=True nz=True ynz=True cond=True claim_agree=True upper=2496.80536802  CERT
100454450,0,1 RHO mem=True nz=True ynz=True cond=True claim_agree=True upper=0.932773007436  CERT
100454450,0,1 T   mem=True nz=True ynz=True cond=True claim_agree=True upper=2035.18569139  CERT
135133327,0,1 RHO mem=True nz=True ynz=True cond=True claim_agree=True upper=0.939066601188  CERT
135133327,0,1 T   mem=True nz=True ynz=True cond=True claim_agree=True upper=3325.44472900  CERT
154598150,0,1 RHO mem=True nz=True ynz=True cond=True claim_agree=True upper=0.939450024791  CERT
154598150,0,1 T   mem=True nz=True ynz=True cond=True claim_agree=True upper=2085.23958984  CERT
173036640,0,1 RHO mem=True nz=True ynz=True cond=True claim_agree=True upper=0.939450024791  CERT
173036640,0,1 T   mem=True nz=True ynz=True cond=True claim_agree=True upper=2457.30437578  CERT
184868932,0,1 RHO mem=True nz=True ynz=True cond=True claim_agree=True upper=0.927764998492  CERT
184868932,0,1 T   mem=True nz=True ynz=True cond=True claim_agree=True upper=2689.82656751  CERT
224882929,0,1 RHO mem=True nz=True ynz=True cond=True claim_agree=True upper=0.926457245084  CERT
224882929,0,1 T   mem=True nz=True ynz=True cond=True claim_agree=True upper=2479.73239078  CERT
236293975,0,1 RHO mem=True nz=True ynz=True cond=True claim_agree=True upper=0.908085892114  CERT
236293975,0,1 T   mem=True nz=True ynz=True cond=True claim_agree=True upper=2250.77392679  CERT
257966203,0,1 RHO mem=True nz=True ynz=True cond=True claim_agree=True upper=0.893066964516  CERT
257966203,0,1 T   mem=True nz=True ynz=True cond=True claim_agree=True upper=2405.62898142  CERT
263913278,0,1 RHO mem=True nz=True ynz=True cond=True claim_agree=True upper=0.908085892114  CERT
263913278,0,1 T   mem=True nz=True ynz=True cond=True claim_agree=True upper=2243.21102781  CERT
294650540,0,1 RHO mem=True nz=True ynz=True cond=True claim_agree=True upper=0.967012350863  CERT
294650540,0,1 T   mem=True nz=True ynz=True cond=True claim_agree=True upper=2683.85331998  CERT
432948568,0,1 RHO mem=True nz=True ynz=True cond=True claim_agree=True upper=0.935147697842  CERT
432948568,0,1 T   mem=True nz=True ynz=True cond=True claim_agree=True upper=2389.68317131  CERT
441474529,0,1 RHO mem=True nz=True ynz=True cond=True claim_agree=True upper=0.811980319139  CERT
441474529,0,1 T   mem=True nz=True ynz=True cond=True claim_agree=True upper=1232.10800685  CERT
558871648,0,1 RHO mem=True nz=True ynz=True cond=True claim_agree=True upper=0.967012350863  CERT
558871648,0,1 T   mem=True nz=True ynz=True cond=True claim_agree=True upper=2661.59419382  CERT
567397609,0,1 RHO mem=True nz=True ynz=True cond=True claim_agree=True upper=0.926457245084  CERT
567397609,0,1 T   mem=True nz=True ynz=True cond=True claim_agree=True upper=2155.79552890  CERT
705695637,0,1 RHO mem=True nz=True ynz=True cond=True claim_agree=True upper=0.811980319139  CERT
705695637,0,1 T   mem=True nz=True ynz=True cond=True claim_agree=True upper=1783.45152588  CERT
736432899,0,1 RHO mem=True nz=True ynz=True cond=True claim_agree=True upper=0.914106968435  CERT
736432899,0,1 T   mem=True nz=True ynz=True cond=True claim_agree=True upper=2622.94707911  CERT
742379974,0,1 RHO mem=True nz=True ynz=True cond=True claim_agree=True upper=0.946462299573  CERT
742379974,0,1 T   mem=True nz=True ynz=True cond=True claim_agree=True upper=2047.31159990  CERT
764052202,0,1 RHO mem=True nz=True ynz=True cond=True claim_agree=True upper=0.914106968435  CERT
764052202,0,1 T   mem=True nz=True ynz=True cond=True claim_agree=True upper=2147.00824248  CERT
775463248,0,1 RHO mem=True nz=True ynz=True cond=True claim_agree=True upper=0.935147697842  CERT
775463248,0,1 T   mem=True nz=True ynz=True cond=True claim_agree=True upper=2712.89652674  CERT
815477245,0,1 RHO mem=True nz=True ynz=True cond=True claim_agree=True upper=0.889761428086  CERT
815477245,0,1 T   mem=True nz=True ynz=True cond=True claim_agree=True upper=2550.95955323  CERT
827309537,0,1 RHO mem=True nz=True ynz=True cond=True claim_agree=True upper=0.896464555097  CERT
827309537,0,1 T   mem=True nz=True ynz=True cond=True claim_agree=True upper=2523.25209572  CERT
845748027,0,1 RHO mem=True nz=True ynz=True cond=True claim_agree=True upper=0.896464555097  CERT
845748027,0,1 T   mem=True nz=True ynz=True cond=True claim_agree=True upper=2813.26992368  CERT
865212850,0,1 RHO mem=True nz=True ynz=True cond=True claim_agree=True upper=0.861171608216  CERT
865212850,0,1 T   mem=True nz=True ynz=True cond=True claim_agree=True upper=2461.93391294  CERT
899891727,0,1 RHO mem=True nz=True ynz=True cond=True claim_agree=True upper=0.896595234053  CERT
899891727,0,1 T   mem=True nz=True ynz=True cond=True claim_agree=True upper=2396.32821915  CERT
916755668,0,1 RHO mem=True nz=True ynz=True cond=True claim_agree=True upper=0.893066964516  CERT
916755668,0,1 T   mem=True nz=True ynz=True cond=True claim_agree=True upper=2463.61186225  CERT
921246279,0,1 RHO mem=True nz=True ynz=True cond=True claim_agree=True upper=0.896595234053  CERT
921246279,0,1 T   mem=True nz=True ynz=True cond=True claim_agree=True upper=2118.36381244  CERT
949803763,0,1 RHO mem=True nz=True ynz=True cond=True claim_agree=True upper=0.861171608216  CERT
949803763,0,1 T   mem=True nz=True ynz=True cond=True claim_agree=True upper=1555.78438075  CERT
997980445,0,1 RHO mem=True nz=True ynz=True cond=True claim_agree=True upper=0.889761428086  CERT
997980445,0,1 T   mem=True nz=True ynz=True cond=True claim_agree=True upper=2618.09967033  CERT
FAMILY VERIFY n=7 l=1000346177 : EXCLUDED (components certified 32 / 32 ; lines 64 ; failed lines 0)
FAMILY VERIFY PASS
