FACTORIZATION: 32 irreducible factors of degree 2 over F_1000679489: OK (header deg/ncomp/bar_T agree)
22989493,0,1 RHO mem=True nz=True ynz=True cond=True claim_agree=True upper=0.954344333021  CERT
22989493,0,1 T   mem=True nz=True ynz=True cond=True claim_agree=True upper=2074.84966915  CERT
77081711,0,1 RHO mem=True nz=True ynz=True cond=True claim_agree=True upper=0.940451127487  CERT
77081711,0,1 T   mem=True nz=True ynz=True cond=True claim_agree=True upper=1971.86553764  CERT
105052634,0,1 RHO mem=True nz=True ynz=True cond=True claim_agree=True upper=0.961621468911  CERT
105052634,0,1 T   mem=True nz=True ynz=True cond=True claim_agree=True upper=2854.13563541  CERT
108721545,0,1 RHO mem=True nz=True ynz=True cond=True claim_agree=True upper=0.954344333021  CERT
108721545,0,1 T   mem=True nz=True ynz=True cond=True claim_agree=True upper=2788.57113844  CERT
118364723,0,1 RHO mem=True nz=True ynz=True cond=True claim_agree=True upper=0.946776604509  CERT
118364723,0,1 T   mem=True nz=True ynz=True cond=True claim_agree=True upper=2098.10749346  CERT
142163027,0,1 RHO mem=True nz=True ynz=True cond=True claim_agree=True upper=0.952775364278  CERT
142163027,0,1 T   mem=True nz=True ynz=True cond=True claim_agree=True upper=2676.12969221  CERT
186079098,0,1 RHO mem=True nz=True ynz=True cond=True claim_agree=True upper=0.949661987611  CERT
186079098,0,1 T   mem=True nz=True ynz=True cond=True claim_agree=True upper=2309.49794855  CERT
186467949,0,1 RHO mem=True nz=True ynz=True cond=True claim_agree=True upper=0.946559786531  CERT
186467949,0,1 T   mem=True nz=True ynz=True cond=True claim_agree=True upper=3297.90408311  CERT
212577471,0,1 RHO mem=True nz=True ynz=True cond=True claim_agree=True upper=0.946776604509  CERT
212577471,0,1 T   mem=True nz=True ynz=True cond=True claim_agree=True upper=3091.55143469  CERT
213564317,0,1 RHO mem=True nz=True ynz=True cond=True claim_agree=True upper=0.954959507288  CERT
213564317,0,1 T   mem=True nz=True ynz=True cond=True claim_agree=True upper=2382.83538664  CERT
249697069,0,1 RHO mem=True nz=True ynz=True cond=True claim_agree=True upper=0.913779587301  CERT
249697069,0,1 T   mem=True nz=True ynz=True cond=True claim_agree=True upper=2521.63307485  CERT
350741445,0,1 RHO mem=True nz=True ynz=True cond=True claim_agree=True upper=0.930856692069  CERT
350741445,0,1 T   mem=True nz=True ynz=True cond=True claim_agree=True upper=2215.93894102  CERT
414083407,0,1 RHO mem=True nz=True ynz=True cond=True claim_agree=True upper=0.930297289577  CERT
414083407,0,1 T   mem=True nz=True ynz=True cond=True claim_agree=True upper=2796.76778830  CERT
415204023,0,1 RHO mem=True nz=True ynz=True cond=True claim_agree=True upper=0.952775364278  CERT
415204023,0,1 T   mem=True nz=True ynz=True cond=True claim_agree=True upper=2748.68618618  CERT
471306916,0,1 RHO mem=True nz=True ynz=True cond=True claim_agree=True upper=0.940451127487  CERT
471306916,0,1 T   mem=True nz=True ynz=True cond=True claim_agree=True upper=1976.74496222  CERT
500239652,0,1 RHO mem=True nz=True ynz=True cond=True claim_agree=True upper=0.983349707986  CERT
500239652,0,1 T   mem=True nz=True ynz=True cond=True claim_agree=True upper=2486.44978176  CERT
500439837,0,1 RHO mem=True nz=True ynz=True cond=True claim_agree=True upper=0.930297289577  CERT
500439837,0,1 T   mem=True nz=True ynz=True cond=True claim_agree=True upper=2531.20625900  CERT
529372573,0,1 RHO mem=True nz=True ynz=True cond=True claim_agree=True upper=0.942269937975  CERT
529372573,0,1 T   mem=True nz=True ynz=True cond=True claim_agree=True upper=2175.41356885  CERT
585475466,0,1 RHO mem=True nz=True ynz=True cond=True claim_agree=True upper=0.959103002949  CERT
585475466,0,1 T   mem=True nz=True ynz=True cond=True claim_agree=True upper=2995.67840186  CERT
586596082,0,1 RHO mem=True nz=True ynz=True cond=True claim_agree=True upper=0.983349707986  CERT
586596082,0,1 T   mem=True nz=True ynz=True cond=True claim_agree=True upper=2409.31888876  CERT
649938044,0,1 RHO mem=True nz=True ynz=True cond=True claim_agree=True upper=0.954959507288  CERT
649938044,0,1 T   mem=True nz=True ynz=True cond=True claim_agree=True upper=2100.00802704  CERT
750982420,0,1 RHO mem=True nz=True ynz=True cond=True claim_agree=True upper=0.961621468911  CERT
750982420,0,1 T   mem=True nz=True ynz=True cond=True claim_agree=True upper=2460.53174137  CERT
787115172,0,1 RHO mem=True nz=True ynz=True cond=True claim_agree=True upper=0.930856692069  CERT
787115172,0,1 T   mem=True nz=True ynz=True cond=True claim_agree=True upper=2729.18370310  CERT
788102018,0,1 RHO mem=True nz=True ynz=True cond=True claim_agree=True upper=0.943612035593  CERT
788102018,0,1 T   mem=True nz=True ynz=True cond=True claim_agree=True upper=2968.67838487  CERT
814211540,0,1 RHO mem=True nz=True ynz=True cond=True claim_agree=True upper=0.949661987611  CERT
814211540,0,1 T   mem=True nz=True ynz=True cond=True claim_agree=True upper=2808.02667797  CERT
814600391,0,1 RHO mem=True nz=True ynz=True cond=True claim_agree=True upper=0.946559786531  CERT
814600391,0,1 T   mem=True nz=True ynz=True cond=True claim_agree=True upper=2018.08277045  CERT
858516462,0,1 RHO mem=True nz=True ynz=True cond=True claim_agree=True upper=0.959103002949  CERT
858516462,0,1 T   mem=True nz=True ynz=True cond=True claim_agree=True upper=2345.31389292  CERT
882314766,0,1 RHO mem=True nz=True ynz=True cond=True claim_agree=True upper=0.943612035593  CERT
882314766,0,1 T   mem=True nz=True ynz=True cond=True claim_agree=True upper=2445.34722886  CERT
891957944,0,1 RHO mem=True nz=True ynz=True cond=True claim_agree=True upper=0.947065611480  CERT
891957944,0,1 T   mem=True nz=True ynz=True cond=True claim_agree=True upper=2418.12007821  CERT
895626855,0,1 RHO mem=True nz=True ynz=True cond=True claim_agree=True upper=0.913779587301  CERT
895626855,0,1 T   mem=True nz=True ynz=True cond=True claim_agree=True upper=2499.72936698  CERT
923597778,0,1 RHO mem=True nz=True ynz=True cond=True claim_agree=True upper=0.942269937975  CERT
923597778,0,1 T   mem=True nz=True ynz=True cond=True claim_agree=True upper=2508.33480059  CERT
977689996,0,1 RHO mem=True nz=True ynz=True cond=True claim_agree=True upper=0.947065611480  CERT
977689996,0,1 T   mem=True nz=True ynz=True cond=True claim_agree=True upper=2749.70981399  CERT
FAMILY VERIFY n=7 l=1000679489 : EXCLUDED (components certified 32 / 32 ; lines 64 ; failed lines 0)
FAMILY VERIFY PASS
