FACTORIZATION: 32 irreducible factors of degree 2 over F_1000825153: OK (header deg/ncomp/bar_T agree)
4772892,0,1 RHO mem=True nz=True ynz=True cond=True claim_agree=True upper=0.898101231220  CERT
4772892,0,1 T   mem=True nz=True ynz=True cond=True claim_agree=True upper=1870.77332447  CERT
59437881,0,1 RHO mem=True nz=True ynz=True cond=True claim_agree=True upper=0.948961508209  CERT
59437881,0,1 T   mem=True nz=True ynz=True cond=True claim_agree=True upper=1959.32110243  CERT
106257003,0,1 RHO mem=True nz=True ynz=True cond=True claim_agree=True upper=0.937167018104  CERT
106257003,0,1 T   mem=True nz=True ynz=True cond=True claim_agree=True upper=2317.36583630  CERT
131630452,0,1 RHO mem=True nz=True ynz=True cond=True claim_agree=True upper=0.883182555073  CERT
131630452,0,1 T   mem=True nz=True ynz=True cond=True claim_agree=True upper=1907.06758216  CERT
180783200,0,1 RHO mem=True nz=True ynz=True cond=True claim_agree=True upper=0.903193868507  CERT
180783200,0,1 T   mem=True nz=True ynz=True cond=True claim_agree=True upper=2242.87124492  CERT
212769184,0,1 RHO mem=True nz=True ynz=True cond=True claim_agree=True upper=0.926478447437  CERT
212769184,0,1 T   mem=True nz=True ynz=True cond=True claim_agree=True upper=2215.06037500  CERT
253716992,0,1 RHO mem=True nz=True ynz=True cond=True claim_agree=True upper=0.948961508209  CERT
253716992,0,1 T   mem=True nz=True ynz=True cond=True claim_agree=True upper=2656.69534908  CERT
254492344,0,1 RHO mem=True nz=True ynz=True cond=True claim_agree=True upper=0.926449991352  CERT
254492344,0,1 T   mem=True nz=True ynz=True cond=True claim_agree=True upper=2533.81821655  CERT
255893028,0,1 RHO mem=True nz=True ynz=True cond=True claim_agree=True upper=0.937097079355  CERT
255893028,0,1 T   mem=True nz=True ynz=True cond=True claim_agree=True upper=2440.30450851  CERT
258722678,0,1 RHO mem=True nz=True ynz=True cond=True claim_agree=True upper=0.938391007550  CERT
258722678,0,1 T   mem=True nz=True ynz=True cond=True claim_agree=True upper=1778.78574119  CERT
280487233,0,1 RHO mem=True nz=True ynz=True cond=True claim_agree=True upper=0.910392022255  CERT
280487233,0,1 T   mem=True nz=True ynz=True cond=True claim_agree=True upper=2350.59277621  CERT
297110802,0,1 RHO mem=True nz=True ynz=True cond=True claim_agree=True upper=0.908753835796  CERT
297110802,0,1 T   mem=True nz=True ynz=True cond=True claim_agree=True upper=2331.41777746  CERT
410444684,0,1 RHO mem=True nz=True ynz=True cond=True claim_agree=True upper=0.932824696273  CERT
410444684,0,1 T   mem=True nz=True ynz=True cond=True claim_agree=True upper=1918.79158952  CERT
437861901,0,1 RHO mem=True nz=True ynz=True cond=True claim_agree=True upper=0.937167018104  CERT
437861901,0,1 T   mem=True nz=True ynz=True cond=True claim_agree=True upper=2395.24979427  CERT
437930576,0,1 RHO mem=True nz=True ynz=True cond=True claim_agree=True upper=0.938918008586  CERT
437930576,0,1 T   mem=True nz=True ynz=True cond=True claim_agree=True upper=2263.81382238  CERT
456246384,0,1 RHO mem=True nz=True ynz=True cond=True claim_agree=True upper=0.926478447437  CERT
456246384,0,1 T   mem=True nz=True ynz=True cond=True claim_agree=True upper=1710.82601366  CERT
544578769,0,1 RHO mem=True nz=True ynz=True cond=True claim_agree=True upper=0.930727447453  CERT
544578769,0,1 T   mem=True nz=True ynz=True cond=True claim_agree=True upper=1938.70650688  CERT
562894577,0,1 RHO mem=True nz=True ynz=True cond=True claim_agree=True upper=0.903193868507  CERT
562894577,0,1 T   mem=True nz=True ynz=True cond=True claim_agree=True upper=2159.66651224  CERT
562963252,0,1 RHO mem=True nz=True ynz=True cond=True claim_agree=True upper=0.897278891978  CERT
562963252,0,1 T   mem=True nz=True ynz=True cond=True claim_agree=True upper=1663.32522559  CERT
590380469,0,1 RHO mem=True nz=True ynz=True cond=True claim_agree=True upper=0.898101231220  CERT
590380469,0,1 T   mem=True nz=True ynz=True cond=True claim_agree=True upper=1682.07637407  CERT
703714351,0,1 RHO mem=True nz=True ynz=True cond=True claim_agree=True upper=0.883182555073  CERT
703714351,0,1 T   mem=True nz=True ynz=True cond=True claim_agree=True upper=1732.78385317  CERT
720337920,0,1 RHO mem=True nz=True ynz=True cond=True claim_agree=True upper=0.926449991352  CERT
720337920,0,1 T   mem=True nz=True ynz=True cond=True claim_agree=True upper=2308.06715521  CERT
742102475,0,1 RHO mem=True nz=True ynz=True cond=True claim_agree=True upper=0.937097079355  CERT
742102475,0,1 T   mem=True nz=True ynz=True cond=True claim_agree=True upper=1624.36326613  CERT
744932125,0,1 RHO mem=True nz=True ynz=True cond=True claim_agree=True upper=0.938391007550  CERT
744932125,0,1 T   mem=True nz=True ynz=True cond=True claim_agree=True upper=2388.18853668  CERT
746332809,0,1 RHO mem=True nz=True ynz=True cond=True claim_agree=True upper=0.910392022255  CERT
746332809,0,1 T   mem=True nz=True ynz=True cond=True claim_agree=True upper=2508.64665525  CERT
747108161,0,1 RHO mem=True nz=True ynz=True cond=True claim_agree=True upper=0.924316867272  CERT
747108161,0,1 T   mem=True nz=True ynz=True cond=True claim_agree=True upper=2426.32370234  CERT
788055969,0,1 RHO mem=True nz=True ynz=True cond=True claim_agree=True upper=0.930727447453  CERT
788055969,0,1 T   mem=True nz=True ynz=True cond=True claim_agree=True upper=2052.59743297  CERT
820041953,0,1 RHO mem=True nz=True ynz=True cond=True claim_agree=True upper=0.938918008586  CERT
820041953,0,1 T   mem=True nz=True ynz=True cond=True claim_agree=True upper=2141.83219967  CERT
869194701,0,1 RHO mem=True nz=True ynz=True cond=True claim_agree=True upper=0.908753835796  CERT
869194701,0,1 T   mem=True nz=True ynz=True cond=True claim_agree=True upper=2942.73195154  CERT
894568150,0,1 RHO mem=True nz=True ynz=True cond=True claim_agree=True upper=0.897278891978  CERT
894568150,0,1 T   mem=True nz=True ynz=True cond=True claim_agree=True upper=2329.55862891  CERT
941387272,0,1 RHO mem=True nz=True ynz=True cond=True claim_agree=True upper=0.924316867272  CERT
941387272,0,1 T   mem=True nz=True ynz=True cond=True claim_agree=True upper=1812.92437710  CERT
996052261,0,1 RHO mem=True nz=True ynz=True cond=True claim_agree=True upper=0.932824696273  CERT
996052261,0,1 T   mem=True nz=True ynz=True cond=True claim_agree=True upper=2117.74763267  CERT
FAMILY VERIFY n=7 l=1000825153 : EXCLUDED (components certified 32 / 32 ; lines 64 ; failed lines 0)
FAMILY VERIFY PASS
