FACTORIZATION: 32 irreducible factors of degree 2 over F_1001269441: OK (header deg/ncomp/bar_T agree)
20101249,0,1 RHO mem=True nz=True ynz=True cond=True claim_agree=True upper=0.874168346170  CERT
20101249,0,1 T   mem=True nz=True ynz=True cond=True claim_agree=True upper=1997.63219062  CERT
57856178,0,1 RHO mem=True nz=True ynz=True cond=True claim_agree=True upper=0.823816147754  CERT
57856178,0,1 T   mem=True nz=True ynz=True cond=True claim_agree=True upper=1518.60982828  CERT
68138428,0,1 RHO mem=True nz=True ynz=True cond=True claim_agree=True upper=0.874168346170  CERT
68138428,0,1 T   mem=True nz=True ynz=True cond=True claim_agree=True upper=1397.65158977  CERT
72651624,0,1 RHO mem=True nz=True ynz=True cond=True claim_agree=True upper=0.854080501861  CERT
72651624,0,1 T   mem=True nz=True ynz=True cond=True claim_agree=True upper=2048.49409579  CERT
140601727,0,1 RHO mem=True nz=True ynz=True cond=True claim_agree=True upper=0.852133766270  CERT
140601727,0,1 T   mem=True nz=True ynz=True cond=True claim_agree=True upper=2522.17720552  CERT
186333648,0,1 RHO mem=True nz=True ynz=True cond=True claim_agree=True upper=0.845489515085  CERT
186333648,0,1 T   mem=True nz=True ynz=True cond=True claim_agree=True upper=1223.14544503  CERT
231039104,0,1 RHO mem=True nz=True ynz=True cond=True claim_agree=True upper=0.825697992093  CERT
231039104,0,1 T   mem=True nz=True ynz=True cond=True claim_agree=True upper=1515.98604257  CERT
236042555,0,1 RHO mem=True nz=True ynz=True cond=True claim_agree=True upper=0.837345757658  CERT
236042555,0,1 T   mem=True nz=True ynz=True cond=True claim_agree=True upper=1539.57531750  CERT
272073486,0,1 RHO mem=True nz=True ynz=True cond=True claim_agree=True upper=0.812260388891  CERT
272073486,0,1 T   mem=True nz=True ynz=True cond=True claim_agree=True upper=1261.21168937  CERT
291634051,0,1 RHO mem=True nz=True ynz=True cond=True claim_agree=True upper=0.834736154852  CERT
291634051,0,1 T   mem=True nz=True ynz=True cond=True claim_agree=True upper=1433.20757097  CERT
309800674,0,1 RHO mem=True nz=True ynz=True cond=True claim_agree=True upper=0.851801103417  CERT
309800674,0,1 T   mem=True nz=True ynz=True cond=True claim_agree=True upper=1540.29130018  CERT
319306241,0,1 RHO mem=True nz=True ynz=True cond=True claim_agree=True upper=0.823816147754  CERT
319306241,0,1 T   mem=True nz=True ynz=True cond=True claim_agree=True upper=1549.76452610  CERT
336994929,0,1 RHO mem=True nz=True ynz=True cond=True claim_agree=True upper=0.835154901752  CERT
336994929,0,1 T   mem=True nz=True ynz=True cond=True claim_agree=True upper=1295.48090015  CERT
342704244,0,1 RHO mem=True nz=True ynz=True cond=True claim_agree=True upper=0.849478630898  CERT
342704244,0,1 T   mem=True nz=True ynz=True cond=True claim_agree=True upper=1387.17272710  CERT
365902485,0,1 RHO mem=True nz=True ynz=True cond=True claim_agree=True upper=0.812260388891  CERT
365902485,0,1 T   mem=True nz=True ynz=True cond=True claim_agree=True upper=1328.08247520  CERT
451349490,0,1 RHO mem=True nz=True ynz=True cond=True claim_agree=True upper=0.835154901752  CERT
451349490,0,1 T   mem=True nz=True ynz=True cond=True claim_agree=True upper=2166.23716237  CERT
549919951,0,1 RHO mem=True nz=True ynz=True cond=True claim_agree=True upper=0.849077818754  CERT
549919951,0,1 T   mem=True nz=True ynz=True cond=True claim_agree=True upper=2046.46757883  CERT
635366956,0,1 RHO mem=True nz=True ynz=True cond=True claim_agree=True upper=0.870881330395  CERT
635366956,0,1 T   mem=True nz=True ynz=True cond=True claim_agree=True upper=2293.15523926  CERT
658565197,0,1 RHO mem=True nz=True ynz=True cond=True claim_agree=True upper=0.825697992093  CERT
658565197,0,1 T   mem=True nz=True ynz=True cond=True claim_agree=True upper=1452.77253064  CERT
664274512,0,1 RHO mem=True nz=True ynz=True cond=True claim_agree=True upper=0.849077818754  CERT
664274512,0,1 T   mem=True nz=True ynz=True cond=True claim_agree=True upper=1255.28824685  CERT
681963200,0,1 RHO mem=True nz=True ynz=True cond=True claim_agree=True upper=0.857300048294  CERT
681963200,0,1 T   mem=True nz=True ynz=True cond=True claim_agree=True upper=1986.70153583  CERT
691468767,0,1 RHO mem=True nz=True ynz=True cond=True claim_agree=True upper=0.837345757658  CERT
691468767,0,1 T   mem=True nz=True ynz=True cond=True claim_agree=True upper=1770.77322232  CERT
709635390,0,1 RHO mem=True nz=True ynz=True cond=True claim_agree=True upper=0.854080501861  CERT
709635390,0,1 T   mem=True nz=True ynz=True cond=True claim_agree=True upper=2032.29051545  CERT
729195955,0,1 RHO mem=True nz=True ynz=True cond=True claim_agree=True upper=0.870881330395  CERT
729195955,0,1 T   mem=True nz=True ynz=True cond=True claim_agree=True upper=1928.88546068  CERT
765226886,0,1 RHO mem=True nz=True ynz=True cond=True claim_agree=True upper=0.851801103417  CERT
765226886,0,1 T   mem=True nz=True ynz=True cond=True claim_agree=True upper=2096.89414521  CERT
770230337,0,1 RHO mem=True nz=True ynz=True cond=True claim_agree=True upper=0.849478630898  CERT
770230337,0,1 T   mem=True nz=True ynz=True cond=True claim_agree=True upper=2217.86086554  CERT
814935793,0,1 RHO mem=True nz=True ynz=True cond=True claim_agree=True upper=0.852133766270  CERT
814935793,0,1 T   mem=True nz=True ynz=True cond=True claim_agree=True upper=1544.29563412  CERT
860667714,0,1 RHO mem=True nz=True ynz=True cond=True claim_agree=True upper=0.845489515085  CERT
860667714,0,1 T   mem=True nz=True ynz=True cond=True claim_agree=True upper=1831.77183325  CERT
928617817,0,1 RHO mem=True nz=True ynz=True cond=True claim_agree=True upper=0.834736154852  CERT
928617817,0,1 T   mem=True nz=True ynz=True cond=True claim_agree=True upper=1514.39717291  CERT
933131013,0,1 RHO mem=True nz=True ynz=True cond=True claim_agree=True upper=0.818819710657  CERT
933131013,0,1 T   mem=True nz=True ynz=True cond=True claim_agree=True upper=1313.06085862  CERT
943413263,0,1 RHO mem=True nz=True ynz=True cond=True claim_agree=True upper=0.857300048294  CERT
943413263,0,1 T   mem=True nz=True ynz=True cond=True claim_agree=True upper=1983.57381764  CERT
981168192,0,1 RHO mem=True nz=True ynz=True cond=True claim_agree=True upper=0.818819710657  CERT
981168192,0,1 T   mem=True nz=True ynz=True cond=True claim_agree=True upper=1421.77388536  CERT
FAMILY VERIFY n=7 l=1001269441 : EXCLUDED (components certified 32 / 32 ; lines 64 ; failed lines 0)
FAMILY VERIFY PASS
