FACTORIZATION: 32 irreducible factors of degree 2 over F_1000627009: OK (header deg/ncomp/bar_T agree)
7801597,0,1 RHO mem=True nz=True ynz=True cond=True claim_agree=True upper=0.944982696901  CERT
7801597,0,1 T   mem=True nz=True ynz=True cond=True claim_agree=True upper=2124.83071023  CERT
36210574,0,1 RHO mem=True nz=True ynz=True cond=True claim_agree=True upper=0.949527159887  CERT
36210574,0,1 T   mem=True nz=True ynz=True cond=True claim_agree=True upper=3317.05775114  CERT
66901671,0,1 RHO mem=True nz=True ynz=True cond=True claim_agree=True upper=0.931636158676  CERT
66901671,0,1 T   mem=True nz=True ynz=True cond=True claim_agree=True upper=3012.17636623  CERT
104330914,0,1 RHO mem=True nz=True ynz=True cond=True claim_agree=True upper=0.949527159887  CERT
104330914,0,1 T   mem=True nz=True ynz=True cond=True claim_agree=True upper=2785.84576472  CERT
121240987,0,1 RHO mem=True nz=True ynz=True cond=True claim_agree=True upper=0.941337333239  CERT
121240987,0,1 T   mem=True nz=True ynz=True cond=True claim_agree=True upper=2539.05696664  CERT
126017803,0,1 RHO mem=True nz=True ynz=True cond=True claim_agree=True upper=0.948077684828  CERT
126017803,0,1 T   mem=True nz=True ynz=True cond=True claim_agree=True upper=2179.84229655  CERT
198126981,0,1 RHO mem=True nz=True ynz=True cond=True claim_agree=True upper=0.967977910237  CERT
198126981,0,1 T   mem=True nz=True ynz=True cond=True claim_agree=True upper=2128.52871174  CERT
211605195,0,1 RHO mem=True nz=True ynz=True cond=True claim_agree=True upper=0.940572079395  CERT
211605195,0,1 T   mem=True nz=True ynz=True cond=True claim_agree=True upper=2415.36283289  CERT
265287513,0,1 RHO mem=True nz=True ynz=True cond=True claim_agree=True upper=0.945156116956  CERT
265287513,0,1 T   mem=True nz=True ynz=True cond=True claim_agree=True upper=2334.12793624  CERT
292831499,0,1 RHO mem=True nz=True ynz=True cond=True claim_agree=True upper=0.975803073877  CERT
292831499,0,1 T   mem=True nz=True ynz=True cond=True claim_agree=True upper=2972.12922550  CERT
346901893,0,1 RHO mem=True nz=True ynz=True cond=True claim_agree=True upper=0.964702724553  CERT
346901893,0,1 T   mem=True nz=True ynz=True cond=True claim_agree=True upper=2856.35204916  CERT
350980600,0,1 RHO mem=True nz=True ynz=True cond=True claim_agree=True upper=0.905012058151  CERT
350980600,0,1 T   mem=True nz=True ynz=True cond=True claim_agree=True upper=2742.59272672  CERT
359067840,0,1 RHO mem=True nz=True ynz=True cond=True claim_agree=True upper=0.927969504120  CERT
359067840,0,1 T   mem=True nz=True ynz=True cond=True claim_agree=True upper=2002.41005598  CERT
392763749,0,1 RHO mem=True nz=True ynz=True cond=True claim_agree=True upper=0.955270767464  CERT
392763749,0,1 T   mem=True nz=True ynz=True cond=True claim_agree=True upper=1956.33911507  CERT
416470757,0,1 RHO mem=True nz=True ynz=True cond=True claim_agree=True upper=0.945156116956  CERT
416470757,0,1 T   mem=True nz=True ynz=True cond=True claim_agree=True upper=2400.38178460  CERT
447471305,0,1 RHO mem=True nz=True ynz=True cond=True claim_agree=True upper=0.929051046415  CERT
447471305,0,1 T   mem=True nz=True ynz=True cond=True claim_agree=True upper=2398.66849084  CERT
553155704,0,1 RHO mem=True nz=True ynz=True cond=True claim_agree=True upper=0.964702724553  CERT
553155704,0,1 T   mem=True nz=True ynz=True cond=True claim_agree=True upper=2818.83053440  CERT
584156252,0,1 RHO mem=True nz=True ynz=True cond=True claim_agree=True upper=0.951352440801  CERT
584156252,0,1 T   mem=True nz=True ynz=True cond=True claim_agree=True upper=3182.49875889  CERT
607863260,0,1 RHO mem=True nz=True ynz=True cond=True claim_agree=True upper=0.975803073877  CERT
607863260,0,1 T   mem=True nz=True ynz=True cond=True claim_agree=True upper=2991.38511868  CERT
641559169,0,1 RHO mem=True nz=True ynz=True cond=True claim_agree=True upper=0.967977910237  CERT
641559169,0,1 T   mem=True nz=True ynz=True cond=True claim_agree=True upper=2915.42645769  CERT
649646409,0,1 RHO mem=True nz=True ynz=True cond=True claim_agree=True upper=0.948077684828  CERT
649646409,0,1 T   mem=True nz=True ynz=True cond=True claim_agree=True upper=2251.08743126  CERT
653725116,0,1 RHO mem=True nz=True ynz=True cond=True claim_agree=True upper=0.929051046415  CERT
653725116,0,1 T   mem=True nz=True ynz=True cond=True claim_agree=True upper=2685.57633856  CERT
707795510,0,1 RHO mem=True nz=True ynz=True cond=True claim_agree=True upper=0.955270767464  CERT
707795510,0,1 T   mem=True nz=True ynz=True cond=True claim_agree=True upper=2629.94122838  CERT
735339496,0,1 RHO mem=True nz=True ynz=True cond=True claim_agree=True upper=0.951352440801  CERT
735339496,0,1 T   mem=True nz=True ynz=True cond=True claim_agree=True upper=2189.37014401  CERT
789021814,0,1 RHO mem=True nz=True ynz=True cond=True claim_agree=True upper=0.944982696901  CERT
789021814,0,1 T   mem=True nz=True ynz=True cond=True claim_agree=True upper=3034.22745084  CERT
802500028,0,1 RHO mem=True nz=True ynz=True cond=True claim_agree=True upper=0.927969504120  CERT
802500028,0,1 T   mem=True nz=True ynz=True cond=True claim_agree=True upper=2942.29133036  CERT
874609206,0,1 RHO mem=True nz=True ynz=True cond=True claim_agree=True upper=0.905012058151  CERT
874609206,0,1 T   mem=True nz=True ynz=True cond=True claim_agree=True upper=2711.08590336  CERT
879386022,0,1 RHO mem=True nz=True ynz=True cond=True claim_agree=True upper=0.931636158676  CERT
879386022,0,1 T   mem=True nz=True ynz=True cond=True claim_agree=True upper=3148.14486019  CERT
896296095,0,1 RHO mem=True nz=True ynz=True cond=True claim_agree=True upper=0.925709611309  CERT
896296095,0,1 T   mem=True nz=True ynz=True cond=True claim_agree=True upper=3264.99875949  CERT
933725338,0,1 RHO mem=True nz=True ynz=True cond=True claim_agree=True upper=0.941337333239  CERT
933725338,0,1 T   mem=True nz=True ynz=True cond=True claim_agree=True upper=2052.60897607  CERT
964416435,0,1 RHO mem=True nz=True ynz=True cond=True claim_agree=True upper=0.925709611309  CERT
964416435,0,1 T   mem=True nz=True ynz=True cond=True claim_agree=True upper=2292.76186062  CERT
992825412,0,1 RHO mem=True nz=True ynz=True cond=True claim_agree=True upper=0.940572079395  CERT
992825412,0,1 T   mem=True nz=True ynz=True cond=True claim_agree=True upper=3098.06950621  CERT
FAMILY VERIFY n=7 l=1000627009 : EXCLUDED (components certified 32 / 32 ; lines 64 ; failed lines 0)
FAMILY VERIFY PASS
