FACTORIZATION: 32 irreducible factors of degree 2 over F_1000911937: OK (header deg/ncomp/bar_T agree)
27655038,0,1 RHO mem=True nz=True ynz=True cond=True claim_agree=True upper=0.953600375316  CERT
27655038,0,1 T   mem=True nz=True ynz=True cond=True claim_agree=True upper=2291.96389896  CERT
48494106,0,1 RHO mem=True nz=True ynz=True cond=True claim_agree=True upper=0.941582144350  CERT
48494106,0,1 T   mem=True nz=True ynz=True cond=True claim_agree=True upper=2093.64454592  CERT
90239008,0,1 RHO mem=True nz=True ynz=True cond=True claim_agree=True upper=0.922456395494  CERT
90239008,0,1 T   mem=True nz=True ynz=True cond=True claim_agree=True upper=2174.42252133  CERT
169019116,0,1 RHO mem=True nz=True ynz=True cond=True claim_agree=True upper=0.952927507311  CERT
169019116,0,1 T   mem=True nz=True ynz=True cond=True claim_agree=True upper=2006.27781341  CERT
181915938,0,1 RHO mem=True nz=True ynz=True cond=True claim_agree=True upper=0.954789851547  CERT
181915938,0,1 T   mem=True nz=True ynz=True cond=True claim_agree=True upper=2559.95106205  CERT
185945228,0,1 RHO mem=True nz=True ynz=True cond=True claim_agree=True upper=0.963519261477  CERT
185945228,0,1 T   mem=True nz=True ynz=True cond=True claim_agree=True upper=2646.92699372  CERT
263474058,0,1 RHO mem=True nz=True ynz=True cond=True claim_agree=True upper=0.951795168078  CERT
263474058,0,1 T   mem=True nz=True ynz=True cond=True claim_agree=True upper=2863.84930473  CERT
268666652,0,1 RHO mem=True nz=True ynz=True cond=True claim_agree=True upper=0.964656019758  CERT
268666652,0,1 T   mem=True nz=True ynz=True cond=True claim_agree=True upper=2605.82983625  CERT
376528411,0,1 RHO mem=True nz=True ynz=True cond=True claim_agree=True upper=0.949482090985  CERT
376528411,0,1 T   mem=True nz=True ynz=True cond=True claim_agree=True upper=2747.98810716  CERT
377769202,0,1 RHO mem=True nz=True ynz=True cond=True claim_agree=True upper=0.964129519513  CERT
377769202,0,1 T   mem=True nz=True ynz=True cond=True claim_agree=True upper=3085.24684674  CERT
409169311,0,1 RHO mem=True nz=True ynz=True cond=True claim_agree=True upper=0.964129519513  CERT
409169311,0,1 T   mem=True nz=True ynz=True cond=True claim_agree=True upper=2795.65346968  CERT
411973554,0,1 RHO mem=True nz=True ynz=True cond=True claim_agree=True upper=0.964656019758  CERT
411973554,0,1 T   mem=True nz=True ynz=True cond=True claim_agree=True upper=2621.22931013  CERT
433057676,0,1 RHO mem=True nz=True ynz=True cond=True claim_agree=True upper=0.949482090985  CERT
433057676,0,1 T   mem=True nz=True ynz=True cond=True claim_agree=True upper=2687.41897631  CERT
436741017,0,1 RHO mem=True nz=True ynz=True cond=True claim_agree=True upper=0.953600375316  CERT
436741017,0,1 T   mem=True nz=True ynz=True cond=True claim_agree=True upper=2799.89698956  CERT
489690794,0,1 RHO mem=True nz=True ynz=True cond=True claim_agree=True upper=0.974768862962  CERT
489690794,0,1 T   mem=True nz=True ynz=True cond=True claim_agree=True upper=2686.26114979  CERT
490160885,0,1 RHO mem=True nz=True ynz=True cond=True claim_agree=True upper=0.941582144350  CERT
490160885,0,1 T   mem=True nz=True ynz=True cond=True claim_agree=True upper=2875.63858840  CERT
510751052,0,1 RHO mem=True nz=True ynz=True cond=True claim_agree=True upper=0.956898562109  CERT
510751052,0,1 T   mem=True nz=True ynz=True cond=True claim_agree=True upper=2552.00598632  CERT
511221143,0,1 RHO mem=True nz=True ynz=True cond=True claim_agree=True upper=0.951795168078  CERT
511221143,0,1 T   mem=True nz=True ynz=True cond=True claim_agree=True upper=3739.64823894  CERT
564170920,0,1 RHO mem=True nz=True ynz=True cond=True claim_agree=True upper=0.988317760226  CERT
564170920,0,1 T   mem=True nz=True ynz=True cond=True claim_agree=True upper=2604.82194049  CERT
567854261,0,1 RHO mem=True nz=True ynz=True cond=True claim_agree=True upper=0.936278941229  CERT
567854261,0,1 T   mem=True nz=True ynz=True cond=True claim_agree=True upper=2529.00360075  CERT
588938383,0,1 RHO mem=True nz=True ynz=True cond=True claim_agree=True upper=0.942799343625  CERT
588938383,0,1 T   mem=True nz=True ynz=True cond=True claim_agree=True upper=2050.68291919  CERT
591742626,0,1 RHO mem=True nz=True ynz=True cond=True claim_agree=True upper=0.987620333047  CERT
591742626,0,1 T   mem=True nz=True ynz=True cond=True claim_agree=True upper=3190.79272543  CERT
623142735,0,1 RHO mem=True nz=True ynz=True cond=True claim_agree=True upper=0.987620333047  CERT
623142735,0,1 T   mem=True nz=True ynz=True cond=True claim_agree=True upper=2791.84304820  CERT
624383526,0,1 RHO mem=True nz=True ynz=True cond=True claim_agree=True upper=0.936278941229  CERT
624383526,0,1 T   mem=True nz=True ynz=True cond=True claim_agree=True upper=2537.70181702  CERT
732245285,0,1 RHO mem=True nz=True ynz=True cond=True claim_agree=True upper=0.942799343625  CERT
732245285,0,1 T   mem=True nz=True ynz=True cond=True claim_agree=True upper=2709.61114018  CERT
737437879,0,1 RHO mem=True nz=True ynz=True cond=True claim_agree=True upper=0.974768862962  CERT
737437879,0,1 T   mem=True nz=True ynz=True cond=True claim_agree=True upper=3151.82361488  CERT
814966709,0,1 RHO mem=True nz=True ynz=True cond=True claim_agree=True upper=0.922456395494  CERT
814966709,0,1 T   mem=True nz=True ynz=True cond=True claim_agree=True upper=2330.21075279  CERT
818995999,0,1 RHO mem=True nz=True ynz=True cond=True claim_agree=True upper=0.952927507311  CERT
818995999,0,1 T   mem=True nz=True ynz=True cond=True claim_agree=True upper=3070.45530108  CERT
831892821,0,1 RHO mem=True nz=True ynz=True cond=True claim_agree=True upper=0.954789851547  CERT
831892821,0,1 T   mem=True nz=True ynz=True cond=True claim_agree=True upper=3127.66956030  CERT
910672929,0,1 RHO mem=True nz=True ynz=True cond=True claim_agree=True upper=0.963519261477  CERT
910672929,0,1 T   mem=True nz=True ynz=True cond=True claim_agree=True upper=2650.10577707  CERT
952417831,0,1 RHO mem=True nz=True ynz=True cond=True claim_agree=True upper=0.956898562109  CERT
952417831,0,1 T   mem=True nz=True ynz=True cond=True claim_agree=True upper=2144.57552918  CERT
973256899,0,1 RHO mem=True nz=True ynz=True cond=True claim_agree=True upper=0.988317760226  CERT
973256899,0,1 T   mem=True nz=True ynz=True cond=True claim_agree=True upper=2727.47790768  CERT
FAMILY VERIFY n=7 l=1000911937 : EXCLUDED (components certified 32 / 32 ; lines 64 ; failed lines 0)
FAMILY VERIFY PASS
