FACTORIZATION: 32 irreducible factors of degree 2 over F_1000109377: OK (header deg/ncomp/bar_T agree)
34826310,0,1 RHO mem=True nz=True ynz=True cond=True claim_agree=True upper=0.964566008736  CERT
34826310,0,1 T   mem=True nz=True ynz=True cond=True claim_agree=True upper=2096.64358900  CERT
98219064,0,1 RHO mem=True nz=True ynz=True cond=True claim_agree=True upper=0.969627875778  CERT
98219064,0,1 T   mem=True nz=True ynz=True cond=True claim_agree=True upper=2572.26931749  CERT
150115872,0,1 RHO mem=True nz=True ynz=True cond=True claim_agree=True upper=0.965960426227  CERT
150115872,0,1 T   mem=True nz=True ynz=True cond=True claim_agree=True upper=2865.02091552  CERT
153985883,0,1 RHO mem=True nz=True ynz=True cond=True claim_agree=True upper=0.964893984324  CERT
153985883,0,1 T   mem=True nz=True ynz=True cond=True claim_agree=True upper=2760.06916537  CERT
155369856,0,1 RHO mem=True nz=True ynz=True cond=True claim_agree=True upper=0.964566008736  CERT
155369856,0,1 T   mem=True nz=True ynz=True cond=True claim_agree=True upper=2449.51028055  CERT
158634611,0,1 RHO mem=True nz=True ynz=True cond=True claim_agree=True upper=0.969627875778  CERT
158634611,0,1 T   mem=True nz=True ynz=True cond=True claim_agree=True upper=2545.54810684  CERT
193530570,0,1 RHO mem=True nz=True ynz=True cond=True claim_agree=True upper=0.970629400576  CERT
193530570,0,1 T   mem=True nz=True ynz=True cond=True claim_agree=True upper=2678.68195924  CERT
310189927,0,1 RHO mem=True nz=True ynz=True cond=True claim_agree=True upper=0.942676972135  CERT
310189927,0,1 T   mem=True nz=True ynz=True cond=True claim_agree=True upper=2770.37040511  CERT
322951745,0,1 RHO mem=True nz=True ynz=True cond=True claim_agree=True upper=0.920133548253  CERT
322951745,0,1 T   mem=True nz=True ynz=True cond=True claim_agree=True upper=2961.91982130  CERT
379307591,0,1 RHO mem=True nz=True ynz=True cond=True claim_agree=True upper=0.952513739294  CERT
379307591,0,1 T   mem=True nz=True ynz=True cond=True claim_agree=True upper=3147.70101256  CERT
383043575,0,1 RHO mem=True nz=True ynz=True cond=True claim_agree=True upper=0.920133548253  CERT
383043575,0,1 T   mem=True nz=True ynz=True cond=True claim_agree=True upper=2244.97477814  CERT
402049405,0,1 RHO mem=True nz=True ynz=True cond=True claim_agree=True upper=0.956759112518  CERT
402049405,0,1 T   mem=True nz=True ynz=True cond=True claim_agree=True upper=2349.01173639  CERT
415622882,0,1 T   mem=True nz=True ynz=True cond=True claim_agree=True upper=3534.75939039  CERT
427019207,0,1 RHO mem=True nz=True ynz=True cond=True claim_agree=True upper=0.956759112518  CERT
427019207,0,1 T   mem=True nz=True ynz=True cond=True claim_agree=True upper=1800.83023638  CERT
427864079,0,1 RHO mem=True nz=True ynz=True cond=True claim_agree=True upper=0.952513739294  CERT
427864079,0,1 T   mem=True nz=True ynz=True cond=True claim_agree=True upper=2063.97902516  CERT
462466261,0,1 RHO mem=True nz=True ynz=True cond=True claim_agree=True upper=0.981946224666  CERT
462466261,0,1 T   mem=True nz=True ynz=True cond=True claim_agree=True upper=2985.93754990  CERT
537643116,0,1 RHO mem=True nz=True ynz=True cond=True claim_agree=True upper=0.997351137530  CERT
537643116,0,1 T   mem=True nz=True ynz=True cond=True claim_agree=True upper=2237.57210978  CERT
572245298,0,1 RHO mem=True nz=True ynz=True cond=True claim_agree=True upper=0.982392978565  CERT
572245298,0,1 T   mem=True nz=True ynz=True cond=True claim_agree=True upper=3070.92650391  CERT
573090170,0,1 T   mem=True nz=True ynz=True cond=True claim_agree=True upper=3160.01593813  CERT
584486495,0,1 RHO mem=True nz=True ynz=True cond=True claim_agree=True upper=0.981946224666  CERT
584486495,0,1 T   mem=True nz=True ynz=True cond=True claim_agree=True upper=2906.29940403  CERT
598059972,0,1 T   mem=True nz=True ynz=True cond=True claim_agree=True upper=2546.45791486  CERT
617065802,0,1 RHO mem=True nz=True ynz=True cond=True claim_agree=True upper=0.987949132661  CERT
617065802,0,1 T   mem=True nz=True ynz=True cond=True claim_agree=True upper=2673.07700371  CERT
620801786,0,1 RHO mem=True nz=True ynz=True cond=True claim_agree=True upper=0.982392978565  CERT
620801786,0,1 T   mem=True nz=True ynz=True cond=True claim_agree=True upper=2277.70944382  CERT
677157632,0,1 RHO mem=True nz=True ynz=True cond=True claim_agree=True upper=0.987949132661  CERT
677157632,0,1 T   mem=True nz=True ynz=True cond=True claim_agree=True upper=3041.10808166  CERT
689919450,0,1 RHO mem=True nz=True ynz=True cond=True claim_agree=True upper=0.964893984324  CERT
689919450,0,1 T   mem=True nz=True ynz=True cond=True claim_agree=True upper=2771.02982573  CERT
806578807,0,1 RHO mem=True nz=True ynz=True cond=True claim_agree=True upper=0.965960426227  CERT
806578807,0,1 T   mem=True nz=True ynz=True cond=True claim_agree=True upper=2710.97389419  CERT
841474766,0,1 RHO mem=True nz=True ynz=True cond=True claim_agree=True upper=0.952745412522  CERT
841474766,0,1 T   mem=True nz=True ynz=True cond=True claim_agree=True upper=2380.34872916  CERT
844739521,0,1 RHO mem=True nz=True ynz=True cond=True claim_agree=True upper=0.979552606045  CERT
844739521,0,1 T   mem=True nz=True ynz=True cond=True claim_agree=True upper=2909.39700595  CERT
846123494,0,1 RHO mem=True nz=True ynz=True cond=True claim_agree=True upper=0.942676972135  CERT
846123494,0,1 T   mem=True nz=True ynz=True cond=True claim_agree=True upper=3052.81133313  CERT
849993505,0,1 RHO mem=True nz=True ynz=True cond=True claim_agree=True upper=0.970629400576  CERT
849993505,0,1 T   mem=True nz=True ynz=True cond=True claim_agree=True upper=3028.44388391  CERT
901890313,0,1 RHO mem=True nz=True ynz=True cond=True claim_agree=True upper=0.952745412522  CERT
901890313,0,1 T   mem=True nz=True ynz=True cond=True claim_agree=True upper=2149.51821692  CERT
965283067,0,1 RHO mem=True nz=True ynz=True cond=True claim_agree=True upper=0.979552606045  CERT
965283067,0,1 T   mem=True nz=True ynz=True cond=True claim_agree=True upper=2843.32317279  CERT
FAMILY VERIFY n=7 l=1000109377 : EXCLUDED (components certified 32 / 32 ; lines 61 ; failed lines 0)
FAMILY VERIFY PASS
