FACTORIZATION: 32 irreducible factors of degree 2 over F_1000040257: OK (header deg/ncomp/bar_T agree)
21050193,0,1 RHO mem=True nz=True ynz=True cond=True claim_agree=True upper=0.917445809578  CERT
21050193,0,1 T   mem=True nz=True ynz=True cond=True claim_agree=True upper=2220.39784978  CERT
72395192,0,1 RHO mem=True nz=True ynz=True cond=True claim_agree=True upper=0.967703610368  CERT
72395192,0,1 T   mem=True nz=True ynz=True cond=True claim_agree=True upper=2205.47612002  CERT
111605271,0,1 RHO mem=True nz=True ynz=True cond=True claim_agree=True upper=0.941712364591  CERT
111605271,0,1 T   mem=True nz=True ynz=True cond=True claim_agree=True upper=3252.81013543  CERT
122917956,0,1 RHO mem=True nz=True ynz=True cond=True claim_agree=True upper=0.958775422195  CERT
122917956,0,1 T   mem=True nz=True ynz=True cond=True claim_agree=True upper=3083.04042364  CERT
129446487,0,1 RHO mem=True nz=True ynz=True cond=True claim_agree=True upper=0.935017312989  CERT
129446487,0,1 T   mem=True nz=True ynz=True cond=True claim_agree=True upper=2078.47238466  CERT
137225832,0,1 RHO mem=True nz=True ynz=True cond=True claim_agree=True upper=0.929057912928  CERT
137225832,0,1 T   mem=True nz=True ynz=True cond=True claim_agree=True upper=1789.86924621  CERT
160677109,0,1 RHO mem=True nz=True ynz=True cond=True claim_agree=True upper=0.917445809578  CERT
160677109,0,1 T   mem=True nz=True ynz=True cond=True claim_agree=True upper=1915.33426486  CERT
304609338,0,1 RHO mem=True nz=True ynz=True cond=True claim_agree=True upper=0.911998100323  CERT
304609338,0,1 T   mem=True nz=True ynz=True cond=True claim_agree=True upper=2023.51652675  CERT
310646758,0,1 RHO mem=True nz=True ynz=True cond=True claim_agree=True upper=0.956702856301  CERT
310646758,0,1 T   mem=True nz=True ynz=True cond=True claim_agree=True upper=2294.73813872  CERT
323319609,0,1 RHO mem=True nz=True ynz=True cond=True claim_agree=True upper=0.891850709327  CERT
323319609,0,1 T   mem=True nz=True ynz=True cond=True claim_agree=True upper=2124.55833937  CERT
333178967,0,1 RHO mem=True nz=True ynz=True cond=True claim_agree=True upper=0.923881666643  CERT
333178967,0,1 T   mem=True nz=True ynz=True cond=True claim_agree=True upper=1801.19425544  CERT
366269044,0,1 RHO mem=True nz=True ynz=True cond=True claim_agree=True upper=0.929057912928  CERT
366269044,0,1 T   mem=True nz=True ynz=True cond=True claim_agree=True upper=2386.64589714  CERT
379432418,0,1 RHO mem=True nz=True ynz=True cond=True claim_agree=True upper=0.939255217852  CERT
379432418,0,1 T   mem=True nz=True ynz=True cond=True claim_agree=True upper=2860.69231662  CERT
443533482,0,1 RHO mem=True nz=True ynz=True cond=True claim_agree=True upper=0.967703610368  CERT
443533482,0,1 T   mem=True nz=True ynz=True cond=True claim_agree=True upper=2954.11982434  CERT
455228230,0,1 RHO mem=True nz=True ynz=True cond=True claim_agree=True upper=0.944445112149  CERT
455228230,0,1 T   mem=True nz=True ynz=True cond=True claim_agree=True upper=1659.80089731  CERT
479323042,0,1 RHO mem=True nz=True ynz=True cond=True claim_agree=True upper=0.956702856301  CERT
479323042,0,1 T   mem=True nz=True ynz=True cond=True claim_agree=True upper=2850.13709873  CERT
520717215,0,1 RHO mem=True nz=True ynz=True cond=True claim_agree=True upper=0.905631222317  CERT
520717215,0,1 T   mem=True nz=True ynz=True cond=True claim_agree=True upper=1669.90163855  CERT
544812027,0,1 RHO mem=True nz=True ynz=True cond=True claim_agree=True upper=0.935017312989  CERT
544812027,0,1 T   mem=True nz=True ynz=True cond=True claim_agree=True upper=2271.96750812  CERT
556506775,0,1 RHO mem=True nz=True ynz=True cond=True claim_agree=True upper=0.906492070812  CERT
556506775,0,1 T   mem=True nz=True ynz=True cond=True claim_agree=True upper=2193.19066049  CERT
620607839,0,1 RHO mem=True nz=True ynz=True cond=True claim_agree=True upper=0.911998100323  CERT
620607839,0,1 T   mem=True nz=True ynz=True cond=True claim_agree=True upper=2574.81776387  CERT
633771213,0,1 RHO mem=True nz=True ynz=True cond=True claim_agree=True upper=0.936353481841  CERT
633771213,0,1 T   mem=True nz=True ynz=True cond=True claim_agree=True upper=2086.56636768  CERT
666861290,0,1 RHO mem=True nz=True ynz=True cond=True claim_agree=True upper=0.958775422195  CERT
666861290,0,1 T   mem=True nz=True ynz=True cond=True claim_agree=True upper=2193.36021862  CERT
676720648,0,1 RHO mem=True nz=True ynz=True cond=True claim_agree=True upper=0.941712364591  CERT
676720648,0,1 T   mem=True nz=True ynz=True cond=True claim_agree=True upper=1893.26770925  CERT
689393499,0,1 RHO mem=True nz=True ynz=True cond=True claim_agree=True upper=0.905631222317  CERT
689393499,0,1 T   mem=True nz=True ynz=True cond=True claim_agree=True upper=2212.68877184  CERT
695430919,0,1 RHO mem=True nz=True ynz=True cond=True claim_agree=True upper=0.939255217852  CERT
695430919,0,1 T   mem=True nz=True ynz=True cond=True claim_agree=True upper=1798.82165335  CERT
839363148,0,1 RHO mem=True nz=True ynz=True cond=True claim_agree=True upper=0.946790370976  CERT
839363148,0,1 T   mem=True nz=True ynz=True cond=True claim_agree=True upper=2035.47918723  CERT
862814425,0,1 RHO mem=True nz=True ynz=True cond=True claim_agree=True upper=0.936353481841  CERT
862814425,0,1 T   mem=True nz=True ynz=True cond=True claim_agree=True upper=1820.03129727  CERT
870593770,0,1 RHO mem=True nz=True ynz=True cond=True claim_agree=True upper=0.944445112149  CERT
870593770,0,1 T   mem=True nz=True ynz=True cond=True claim_agree=True upper=2359.89404578  CERT
877122301,0,1 RHO mem=True nz=True ynz=True cond=True claim_agree=True upper=0.923881666643  CERT
877122301,0,1 T   mem=True nz=True ynz=True cond=True claim_agree=True upper=2244.21771362  CERT
888434986,0,1 RHO mem=True nz=True ynz=True cond=True claim_agree=True upper=0.891850709327  CERT
888434986,0,1 T   mem=True nz=True ynz=True cond=True claim_agree=True upper=1853.22935155  CERT
927645065,0,1 RHO mem=True nz=True ynz=True cond=True claim_agree=True upper=0.906492070812  CERT
927645065,0,1 T   mem=True nz=True ynz=True cond=True claim_agree=True upper=2377.33164105  CERT
978990064,0,1 RHO mem=True nz=True ynz=True cond=True claim_agree=True upper=0.946790370976  CERT
978990064,0,1 T   mem=True nz=True ynz=True cond=True claim_agree=True upper=2145.90446119  CERT
FAMILY VERIFY n=7 l=1000040257 : EXCLUDED (components certified 32 / 32 ; lines 64 ; failed lines 0)
FAMILY VERIFY PASS
