FACTORIZATION: 32 irreducible factors of degree 2 over F_1001217473: OK (header deg/ncomp/bar_T agree)
35439630,0,1 RHO mem=True nz=True ynz=True cond=True claim_agree=True upper=0.914880229403  CERT
35439630,0,1 T   mem=True nz=True ynz=True cond=True claim_agree=True upper=2580.06004020  CERT
62201943,0,1 RHO mem=True nz=True ynz=True cond=True claim_agree=True upper=0.949946021979  CERT
62201943,0,1 T   mem=True nz=True ynz=True cond=True claim_agree=True upper=2549.62087759  CERT
62855648,0,1 RHO mem=True nz=True ynz=True cond=True claim_agree=True upper=0.947554664389  CERT
62855648,0,1 T   mem=True nz=True ynz=True cond=True claim_agree=True upper=3171.51913931  CERT
151161431,0,1 RHO mem=True nz=True ynz=True cond=True claim_agree=True upper=0.969190084589  CERT
151161431,0,1 T   mem=True nz=True ynz=True cond=True claim_agree=True upper=2910.06510288  CERT
223538577,0,1 RHO mem=True nz=True ynz=True cond=True claim_agree=True upper=0.953988002061  CERT
223538577,0,1 T   mem=True nz=True ynz=True cond=True claim_agree=True upper=2202.69327731  CERT
307188083,0,1 RHO mem=True nz=True ynz=True cond=True claim_agree=True upper=0.937407822161  CERT
307188083,0,1 T   mem=True nz=True ynz=True cond=True claim_agree=True upper=2026.05441473  CERT
320569438,0,1 RHO mem=True nz=True ynz=True cond=True claim_agree=True upper=0.941176704096  CERT
320569438,0,1 T   mem=True nz=True ynz=True cond=True claim_agree=True upper=2152.66124977  CERT
363362875,0,1 RHO mem=True nz=True ynz=True cond=True claim_agree=True upper=0.930733382744  CERT
363362875,0,1 T   mem=True nz=True ynz=True cond=True claim_agree=True upper=2593.58713609  CERT
372080710,0,1 RHO mem=True nz=True ynz=True cond=True claim_agree=True upper=0.953988002061  CERT
372080710,0,1 T   mem=True nz=True ynz=True cond=True claim_agree=True upper=2354.29963443  CERT
400278590,0,1 RHO mem=True nz=True ynz=True cond=True claim_agree=True upper=0.958434522700  CERT
400278590,0,1 T   mem=True nz=True ynz=True cond=True claim_agree=True upper=2771.22385034  CERT
406473394,0,1 RHO mem=True nz=True ynz=True cond=True claim_agree=True upper=0.931464170850  CERT
406473394,0,1 T   mem=True nz=True ynz=True cond=True claim_agree=True upper=2408.46006564  CERT
455590214,0,1 RHO mem=True nz=True ynz=True cond=True claim_agree=True upper=0.949946021979  CERT
455590214,0,1 T   mem=True nz=True ynz=True cond=True claim_agree=True upper=2305.12419902  CERT
458829366,0,1 RHO mem=True nz=True ynz=True cond=True claim_agree=True upper=0.958434522700  CERT
458829366,0,1 T   mem=True nz=True ynz=True cond=True claim_agree=True upper=2343.08273661  CERT
474348596,0,1 RHO mem=True nz=True ynz=True cond=True claim_agree=True upper=0.966075288713  CERT
474348596,0,1 T   mem=True nz=True ynz=True cond=True claim_agree=True upper=3447.64570531  CERT
480365190,0,1 RHO mem=True nz=True ynz=True cond=True claim_agree=True upper=0.971128085625  CERT
480365190,0,1 T   mem=True nz=True ynz=True cond=True claim_agree=True upper=2616.03730930  CERT
491650665,0,1 RHO mem=True nz=True ynz=True cond=True claim_agree=True upper=0.955677346249  CERT
491650665,0,1 T   mem=True nz=True ynz=True cond=True claim_agree=True upper=2198.53503828  CERT
509566808,0,1 RHO mem=True nz=True ynz=True cond=True claim_agree=True upper=0.941176704096  CERT
509566808,0,1 T   mem=True nz=True ynz=True cond=True claim_agree=True upper=1840.86563923  CERT
520852283,0,1 RHO mem=True nz=True ynz=True cond=True claim_agree=True upper=0.937407822161  CERT
520852283,0,1 T   mem=True nz=True ynz=True cond=True claim_agree=True upper=2440.16147102  CERT
526868877,0,1 RHO mem=True nz=True ynz=True cond=True claim_agree=True upper=0.914880229403  CERT
526868877,0,1 T   mem=True nz=True ynz=True cond=True claim_agree=True upper=2108.40776852  CERT
542388107,0,1 RHO mem=True nz=True ynz=True cond=True claim_agree=True upper=0.941848171928  CERT
542388107,0,1 T   mem=True nz=True ynz=True cond=True claim_agree=True upper=3184.24205062  CERT
545627259,0,1 RHO mem=True nz=True ynz=True cond=True claim_agree=True upper=0.959344814807  CERT
545627259,0,1 T   mem=True nz=True ynz=True cond=True claim_agree=True upper=3272.92194775  CERT
594744079,0,1 RHO mem=True nz=True ynz=True cond=True claim_agree=True upper=0.947554664389  CERT
594744079,0,1 T   mem=True nz=True ynz=True cond=True claim_agree=True upper=2489.79281897  CERT
600938883,0,1 RHO mem=True nz=True ynz=True cond=True claim_agree=True upper=0.941848171928  CERT
600938883,0,1 T   mem=True nz=True ynz=True cond=True claim_agree=True upper=2398.68233408  CERT
629136763,0,1 RHO mem=True nz=True ynz=True cond=True claim_agree=True upper=0.955021480866  CERT
629136763,0,1 T   mem=True nz=True ynz=True cond=True claim_agree=True upper=2442.45703428  CERT
637854598,0,1 RHO mem=True nz=True ynz=True cond=True claim_agree=True upper=0.969190084589  CERT
637854598,0,1 T   mem=True nz=True ynz=True cond=True claim_agree=True upper=3098.02613852  CERT
680648035,0,1 RHO mem=True nz=True ynz=True cond=True claim_agree=True upper=0.955677346249  CERT
680648035,0,1 T   mem=True nz=True ynz=True cond=True claim_agree=True upper=2466.75796978  CERT
694029390,0,1 RHO mem=True nz=True ynz=True cond=True claim_agree=True upper=0.971128085625  CERT
694029390,0,1 T   mem=True nz=True ynz=True cond=True claim_agree=True upper=2482.17992963  CERT
777678896,0,1 RHO mem=True nz=True ynz=True cond=True claim_agree=True upper=0.955021480866  CERT
777678896,0,1 T   mem=True nz=True ynz=True cond=True claim_agree=True upper=3656.83977514  CERT
850056042,0,1 RHO mem=True nz=True ynz=True cond=True claim_agree=True upper=0.930733382744  CERT
850056042,0,1 T   mem=True nz=True ynz=True cond=True claim_agree=True upper=2169.00155101  CERT
938361825,0,1 RHO mem=True nz=True ynz=True cond=True claim_agree=True upper=0.931464170850  CERT
938361825,0,1 T   mem=True nz=True ynz=True cond=True claim_agree=True upper=3058.67228073  CERT
939015530,0,1 RHO mem=True nz=True ynz=True cond=True claim_agree=True upper=0.959344814807  CERT
939015530,0,1 T   mem=True nz=True ynz=True cond=True claim_agree=True upper=2611.23494753  CERT
965777843,0,1 RHO mem=True nz=True ynz=True cond=True claim_agree=True upper=0.966075288713  CERT
965777843,0,1 T   mem=True nz=True ynz=True cond=True claim_agree=True upper=2211.70310291  CERT
FAMILY VERIFY n=7 l=1001217473 : EXCLUDED (components certified 32 / 32 ; lines 64 ; failed lines 0)
FAMILY VERIFY PASS
