FACTORIZATION: 32 irreducible factors of degree 2 over F_1000263361: OK (header deg/ncomp/bar_T agree)
64223538,0,1 RHO mem=True nz=True ynz=True cond=True claim_agree=True upper=0.868859433105  CERT
64223538,0,1 T   mem=True nz=True ynz=True cond=True claim_agree=True upper=1580.95511573  CERT
147642902,0,1 RHO mem=True nz=True ynz=True cond=True claim_agree=True upper=0.847692062406  CERT
147642902,0,1 T   mem=True nz=True ynz=True cond=True claim_agree=True upper=1438.08270248  CERT
149313974,0,1 RHO mem=True nz=True ynz=True cond=True claim_agree=True upper=0.823565270371  CERT
149313974,0,1 T   mem=True nz=True ynz=True cond=True claim_agree=True upper=1071.69060945  CERT
167574812,0,1 RHO mem=True nz=True ynz=True cond=True claim_agree=True upper=0.864350139475  CERT
167574812,0,1 T   mem=True nz=True ynz=True cond=True claim_agree=True upper=1461.62073952  CERT
215246412,0,1 RHO mem=True nz=True ynz=True cond=True claim_agree=True upper=0.907758513667  CERT
215246412,0,1 T   mem=True nz=True ynz=True cond=True claim_agree=True upper=2023.27129941  CERT
223214876,0,1 RHO mem=True nz=True ynz=True cond=True claim_agree=True upper=0.907758513667  CERT
223214876,0,1 T   mem=True nz=True ynz=True cond=True claim_agree=True upper=1607.85654168  CERT
229219057,0,1 RHO mem=True nz=True ynz=True cond=True claim_agree=True upper=0.823565270371  CERT
229219057,0,1 T   mem=True nz=True ynz=True cond=True claim_agree=True upper=2166.19766760  CERT
298923216,0,1 RHO mem=True nz=True ynz=True cond=True claim_agree=True upper=0.847692062406  CERT
298923216,0,1 T   mem=True nz=True ynz=True cond=True claim_agree=True upper=2439.50120819  CERT
307331229,0,1 RHO mem=True nz=True ynz=True cond=True claim_agree=True upper=0.893512285059  CERT
307331229,0,1 T   mem=True nz=True ynz=True cond=True claim_agree=True upper=1893.16584781  CERT
321852673,0,1 RHO mem=True nz=True ynz=True cond=True claim_agree=True upper=0.909153286255  CERT
321852673,0,1 T   mem=True nz=True ynz=True cond=True claim_agree=True upper=2516.90684697  CERT
432885664,0,1 RHO mem=True nz=True ynz=True cond=True claim_agree=True upper=0.893512285059  CERT
432885664,0,1 T   mem=True nz=True ynz=True cond=True claim_agree=True upper=1427.97976649  CERT
433395210,0,1 RHO mem=True nz=True ynz=True cond=True claim_agree=True upper=0.870431088676  CERT
433395210,0,1 T   mem=True nz=True ynz=True cond=True claim_agree=True upper=1905.84009725  CERT
451009713,0,1 RHO mem=True nz=True ynz=True cond=True claim_agree=True upper=0.935101354025  CERT
451009713,0,1 T   mem=True nz=True ynz=True cond=True claim_agree=True upper=1895.96700757  CERT
486024098,0,1 RHO mem=True nz=True ynz=True cond=True claim_agree=True upper=0.836327417838  CERT
486024098,0,1 T   mem=True nz=True ynz=True cond=True claim_agree=True upper=2194.53193914  CERT
492637968,0,1 RHO mem=True nz=True ynz=True cond=True claim_agree=True upper=0.916204688471  CERT
492637968,0,1 T   mem=True nz=True ynz=True cond=True claim_agree=True upper=2455.81248314  CERT
497641492,0,1 RHO mem=True nz=True ynz=True cond=True claim_agree=True upper=0.864350139475  CERT
497641492,0,1 T   mem=True nz=True ynz=True cond=True claim_agree=True upper=1816.50675420  CERT
502621869,0,1 RHO mem=True nz=True ynz=True cond=True claim_agree=True upper=0.907405927701  CERT
502621869,0,1 T   mem=True nz=True ynz=True cond=True claim_agree=True upper=2512.73773632  CERT
507625393,0,1 RHO mem=True nz=True ynz=True cond=True claim_agree=True upper=0.870431088676  CERT
507625393,0,1 T   mem=True nz=True ynz=True cond=True claim_agree=True upper=1411.12926969  CERT
514239263,0,1 RHO mem=True nz=True ynz=True cond=True claim_agree=True upper=0.935101354025  CERT
514239263,0,1 T   mem=True nz=True ynz=True cond=True claim_agree=True upper=2060.11177328  CERT
549253648,0,1 RHO mem=True nz=True ynz=True cond=True claim_agree=True upper=0.836327417838  CERT
549253648,0,1 T   mem=True nz=True ynz=True cond=True claim_agree=True upper=1197.96664136  CERT
566868151,0,1 RHO mem=True nz=True ynz=True cond=True claim_agree=True upper=0.916204688471  CERT
566868151,0,1 T   mem=True nz=True ynz=True cond=True claim_agree=True upper=2335.97390023  CERT
567377697,0,1 RHO mem=True nz=True ynz=True cond=True claim_agree=True upper=0.894335900022  CERT
567377697,0,1 T   mem=True nz=True ynz=True cond=True claim_agree=True upper=1570.41087343  CERT
678410688,0,1 RHO mem=True nz=True ynz=True cond=True claim_agree=True upper=0.868859433105  CERT
678410688,0,1 T   mem=True nz=True ynz=True cond=True claim_agree=True upper=1486.52408309  CERT
692932132,0,1 RHO mem=True nz=True ynz=True cond=True claim_agree=True upper=0.894335900022  CERT
692932132,0,1 T   mem=True nz=True ynz=True cond=True claim_agree=True upper=1741.56591514  CERT
701340145,0,1 RHO mem=True nz=True ynz=True cond=True claim_agree=True upper=0.927299012993  CERT
701340145,0,1 T   mem=True nz=True ynz=True cond=True claim_agree=True upper=1958.77160038  CERT
771044304,0,1 RHO mem=True nz=True ynz=True cond=True claim_agree=True upper=0.937888887641  CERT
771044304,0,1 T   mem=True nz=True ynz=True cond=True claim_agree=True upper=2249.75390304  CERT
777048485,0,1 RHO mem=True nz=True ynz=True cond=True claim_agree=True upper=0.868020818286  CERT
777048485,0,1 T   mem=True nz=True ynz=True cond=True claim_agree=True upper=2614.36346466  CERT
785016949,0,1 RHO mem=True nz=True ynz=True cond=True claim_agree=True upper=0.868020818286  CERT
785016949,0,1 T   mem=True nz=True ynz=True cond=True claim_agree=True upper=1682.00604937  CERT
832688549,0,1 RHO mem=True nz=True ynz=True cond=True claim_agree=True upper=0.907405927701  CERT
832688549,0,1 T   mem=True nz=True ynz=True cond=True claim_agree=True upper=1949.62904074  CERT
850949387,0,1 RHO mem=True nz=True ynz=True cond=True claim_agree=True upper=0.937888887641  CERT
850949387,0,1 T   mem=True nz=True ynz=True cond=True claim_agree=True upper=1812.67766795  CERT
852620459,0,1 RHO mem=True nz=True ynz=True cond=True claim_agree=True upper=0.927299012993  CERT
852620459,0,1 T   mem=True nz=True ynz=True cond=True claim_agree=True upper=1551.41906497  CERT
936039823,0,1 RHO mem=True nz=True ynz=True cond=True claim_agree=True upper=0.909153286255  CERT
936039823,0,1 T   mem=True nz=True ynz=True cond=True claim_agree=True upper=2281.78889343  CERT
FAMILY VERIFY n=7 l=1000263361 : EXCLUDED (components certified 32 / 32 ; lines 64 ; failed lines 0)
FAMILY VERIFY PASS
