FACTORIZATION: 32 irreducible factors of degree 2 over F_1000157761: OK (header deg/ncomp/bar_T agree)
4677806,0,1 RHO mem=True nz=True ynz=True cond=True claim_agree=True upper=0.937959219806  CERT
4677806,0,1 T   mem=True nz=True ynz=True cond=True claim_agree=True upper=1796.71268503  CERT
6002355,0,1 RHO mem=True nz=True ynz=True cond=True claim_agree=True upper=0.955807457229  CERT
6002355,0,1 T   mem=True nz=True ynz=True cond=True claim_agree=True upper=2263.18120923  CERT
25008840,0,1 RHO mem=True nz=True ynz=True cond=True claim_agree=True upper=0.975893689846  CERT
25008840,0,1 T   mem=True nz=True ynz=True cond=True claim_agree=True upper=3133.82626643  CERT
29155983,0,1 RHO mem=True nz=True ynz=True cond=True claim_agree=True upper=0.942080269484  CERT
29155983,0,1 T   mem=True nz=True ynz=True cond=True claim_agree=True upper=2845.78398217  CERT
37562285,0,1 RHO mem=True nz=True ynz=True cond=True claim_agree=True upper=0.925915555944  CERT
37562285,0,1 T   mem=True nz=True ynz=True cond=True claim_agree=True upper=2965.57976285  CERT
41700538,0,1 RHO mem=True nz=True ynz=True cond=True claim_agree=True upper=0.929945140764  CERT
41700538,0,1 T   mem=True nz=True ynz=True cond=True claim_agree=True upper=2002.96955638  CERT
95836273,0,1 RHO mem=True nz=True ynz=True cond=True claim_agree=True upper=0.968923827072  CERT
95836273,0,1 T   mem=True nz=True ynz=True cond=True claim_agree=True upper=1945.06851268  CERT
120949693,0,1 RHO mem=True nz=True ynz=True cond=True claim_agree=True upper=0.943330166542  CERT
120949693,0,1 T   mem=True nz=True ynz=True cond=True claim_agree=True upper=2651.59207991  CERT
233901609,0,1 RHO mem=True nz=True ynz=True cond=True claim_agree=True upper=0.970516011171  CERT
233901609,0,1 T   mem=True nz=True ynz=True cond=True claim_agree=True upper=2777.40209522  CERT
289074693,0,1 RHO mem=True nz=True ynz=True cond=True claim_agree=True upper=0.956882199452  CERT
289074693,0,1 T   mem=True nz=True ynz=True cond=True claim_agree=True upper=2362.43780441  CERT
300111300,0,1 RHO mem=True nz=True ynz=True cond=True claim_agree=True upper=0.921487751915  CERT
300111300,0,1 T   mem=True nz=True ynz=True cond=True claim_agree=True upper=2420.66959353  CERT
375659782,0,1 RHO mem=True nz=True ynz=True cond=True claim_agree=True upper=0.978218944585  CERT
375659782,0,1 T   mem=True nz=True ynz=True cond=True claim_agree=True upper=2573.46379841  CERT
391115871,0,1 RHO mem=True nz=True ynz=True cond=True claim_agree=True upper=0.997078483313  CERT
391115871,0,1 T   mem=True nz=True ynz=True cond=True claim_agree=True upper=2853.64738683  CERT
408280046,0,1 RHO mem=True nz=True ynz=True cond=True claim_agree=True upper=0.943330166542  CERT
408280046,0,1 T   mem=True nz=True ynz=True cond=True claim_agree=True upper=2198.13512951  CERT
433354024,0,1 RHO mem=True nz=True ynz=True cond=True claim_agree=True upper=0.970516011171  CERT
433354024,0,1 T   mem=True nz=True ynz=True cond=True claim_agree=True upper=2583.15171065  CERT
444231799,0,1 RHO mem=True nz=True ynz=True cond=True claim_agree=True upper=0.945160509621  CERT
444231799,0,1 T   mem=True nz=True ynz=True cond=True claim_agree=True upper=2392.92409865  CERT
555925962,0,1 RHO mem=True nz=True ynz=True cond=True claim_agree=True upper=0.929945140764  CERT
555925962,0,1 T   mem=True nz=True ynz=True cond=True claim_agree=True upper=2268.14647685  CERT
566803737,0,1 RHO mem=True nz=True ynz=True cond=True claim_agree=True upper=0.959077895847  CERT
566803737,0,1 T   mem=True nz=True ynz=True cond=True claim_agree=True upper=3292.81046766  CERT
591877715,0,1 RHO mem=True nz=True ynz=True cond=True claim_agree=True upper=0.969232226908  CERT
591877715,0,1 T   mem=True nz=True ynz=True cond=True claim_agree=True upper=2320.20473240  CERT
609041890,0,1 RHO mem=True nz=True ynz=True cond=True claim_agree=True upper=0.955807457229  CERT
609041890,0,1 T   mem=True nz=True ynz=True cond=True claim_agree=True upper=2960.73548761  CERT
624497979,0,1 RHO mem=True nz=True ynz=True cond=True claim_agree=True upper=0.956882199452  CERT
624497979,0,1 T   mem=True nz=True ynz=True cond=True claim_agree=True upper=2725.88626790  CERT
700046461,0,1 RHO mem=True nz=True ynz=True cond=True claim_agree=True upper=0.937959219806  CERT
700046461,0,1 T   mem=True nz=True ynz=True cond=True claim_agree=True upper=2306.58535513  CERT
711083068,0,1 RHO mem=True nz=True ynz=True cond=True claim_agree=True upper=0.978218944585  CERT
711083068,0,1 T   mem=True nz=True ynz=True cond=True claim_agree=True upper=2453.09735599  CERT
766256152,0,1 RHO mem=True nz=True ynz=True cond=True claim_agree=True upper=0.959077895847  CERT
766256152,0,1 T   mem=True nz=True ynz=True cond=True claim_agree=True upper=2242.83956439  CERT
879208068,0,1 RHO mem=True nz=True ynz=True cond=True claim_agree=True upper=0.969232226908  CERT
879208068,0,1 T   mem=True nz=True ynz=True cond=True claim_agree=True upper=2700.00346709  CERT
904321488,0,1 RHO mem=True nz=True ynz=True cond=True claim_agree=True upper=0.942080269484  CERT
904321488,0,1 T   mem=True nz=True ynz=True cond=True claim_agree=True upper=2107.98470876  CERT
958457223,0,1 RHO mem=True nz=True ynz=True cond=True claim_agree=True upper=0.945160509621  CERT
958457223,0,1 T   mem=True nz=True ynz=True cond=True claim_agree=True upper=2625.69810786  CERT
962595476,0,1 RHO mem=True nz=True ynz=True cond=True claim_agree=True upper=0.975893689846  CERT
962595476,0,1 T   mem=True nz=True ynz=True cond=True claim_agree=True upper=2864.76589144  CERT
971001778,0,1 RHO mem=True nz=True ynz=True cond=True claim_agree=True upper=0.968923827072  CERT
971001778,0,1 T   mem=True nz=True ynz=True cond=True claim_agree=True upper=2464.20202194  CERT
975148921,0,1 RHO mem=True nz=True ynz=True cond=True claim_agree=True upper=0.925915555944  CERT
975148921,0,1 T   mem=True nz=True ynz=True cond=True claim_agree=True upper=1978.37265831  CERT
994155406,0,1 RHO mem=True nz=True ynz=True cond=True claim_agree=True upper=0.997078483313  CERT
994155406,0,1 T   mem=True nz=True ynz=True cond=True claim_agree=True upper=2694.20921764  CERT
995479955,0,1 RHO mem=True nz=True ynz=True cond=True claim_agree=True upper=0.921487751915  CERT
995479955,0,1 T   mem=True nz=True ynz=True cond=True claim_agree=True upper=2566.03440135  CERT
FAMILY VERIFY n=7 l=1000157761 : EXCLUDED (components certified 32 / 32 ; lines 64 ; failed lines 0)
FAMILY VERIFY PASS
