FACTORIZATION: 32 irreducible factors of degree 2 over F_1000366657: OK (header deg/ncomp/bar_T agree)
4360558,0,1 RHO mem=True nz=True ynz=True cond=True claim_agree=True upper=0.954209965837  CERT
4360558,0,1 T   mem=True nz=True ynz=True cond=True claim_agree=True upper=1922.07063525  CERT
66764682,0,1 RHO mem=True nz=True ynz=True cond=True claim_agree=True upper=0.973050338787  CERT
66764682,0,1 T   mem=True nz=True ynz=True cond=True claim_agree=True upper=2812.82366156  CERT
92645728,0,1 RHO mem=True nz=True ynz=True cond=True claim_agree=True upper=0.954209965837  CERT
92645728,0,1 T   mem=True nz=True ynz=True cond=True claim_agree=True upper=2844.04336738  CERT
104882634,0,1 RHO mem=True nz=True ynz=True cond=True claim_agree=True upper=0.919640189942  CERT
104882634,0,1 T   mem=True nz=True ynz=True cond=True claim_agree=True upper=2295.94776497  CERT
128112316,0,1 RHO mem=True nz=True ynz=True cond=True claim_agree=True upper=0.916135858972  CERT
128112316,0,1 T   mem=True nz=True ynz=True cond=True claim_agree=True upper=2126.09128622  CERT
147524260,0,1 RHO mem=True nz=True ynz=True cond=True claim_agree=True upper=0.906078635415  CERT
147524260,0,1 T   mem=True nz=True ynz=True cond=True claim_agree=True upper=1794.15868352  CERT
190300674,0,1 RHO mem=True nz=True ynz=True cond=True claim_agree=True upper=0.920909515149  CERT
190300674,0,1 T   mem=True nz=True ynz=True cond=True claim_agree=True upper=2368.79419726  CERT
229995129,0,1 RHO mem=True nz=True ynz=True cond=True claim_agree=True upper=0.948851846624  CERT
229995129,0,1 T   mem=True nz=True ynz=True cond=True claim_agree=True upper=2508.72564093  CERT
232486693,0,1 RHO mem=True nz=True ynz=True cond=True claim_agree=True upper=0.952352525501  CERT
232486693,0,1 T   mem=True nz=True ynz=True cond=True claim_agree=True upper=2547.99665320  CERT
282096926,0,1 RHO mem=True nz=True ynz=True cond=True claim_agree=True upper=0.906078635415  CERT
282096926,0,1 T   mem=True nz=True ynz=True cond=True claim_agree=True upper=1968.22738178  CERT
362366848,0,1 RHO mem=True nz=True ynz=True cond=True claim_agree=True upper=0.948851846624  CERT
362366848,0,1 T   mem=True nz=True ynz=True cond=True claim_agree=True upper=2532.08593137  CERT
367087458,0,1 RHO mem=True nz=True ynz=True cond=True claim_agree=True upper=0.935246687907  CERT
367087458,0,1 T   mem=True nz=True ynz=True cond=True claim_agree=True upper=1965.16626352  CERT
415973336,0,1 RHO mem=True nz=True ynz=True cond=True claim_agree=True upper=0.916135858972  CERT
415973336,0,1 T   mem=True nz=True ynz=True cond=True claim_agree=True upper=1978.48553623  CERT
429090845,0,1 RHO mem=True nz=True ynz=True cond=True claim_agree=True upper=0.968623228338  CERT
429090845,0,1 T   mem=True nz=True ynz=True cond=True claim_agree=True upper=2505.47386195  CERT
455322021,0,1 RHO mem=True nz=True ynz=True cond=True claim_agree=True upper=0.920909515149  CERT
455322021,0,1 T   mem=True nz=True ynz=True cond=True claim_agree=True upper=2552.82284755  CERT
459322887,0,1 RHO mem=True nz=True ynz=True cond=True claim_agree=True upper=0.984169046147  CERT
459322887,0,1 T   mem=True nz=True ynz=True cond=True claim_agree=True upper=2981.96956021  CERT
541043770,0,1 RHO mem=True nz=True ynz=True cond=True claim_agree=True upper=0.935246687907  CERT
541043770,0,1 T   mem=True nz=True ynz=True cond=True claim_agree=True upper=2524.38845217  CERT
545044636,0,1 RHO mem=True nz=True ynz=True cond=True claim_agree=True upper=0.952583621087  CERT
545044636,0,1 T   mem=True nz=True ynz=True cond=True claim_agree=True upper=2336.25177833  CERT
571275812,0,1 RHO mem=True nz=True ynz=True cond=True claim_agree=True upper=0.919640189942  CERT
571275812,0,1 T   mem=True nz=True ynz=True cond=True claim_agree=True upper=1847.73004909  CERT
584393321,0,1 RHO mem=True nz=True ynz=True cond=True claim_agree=True upper=0.986358237455  CERT
584393321,0,1 T   mem=True nz=True ynz=True cond=True claim_agree=True upper=3006.88074860  CERT
633279199,0,1 RHO mem=True nz=True ynz=True cond=True claim_agree=True upper=0.984169046147  CERT
633279199,0,1 T   mem=True nz=True ynz=True cond=True claim_agree=True upper=3086.83024644  CERT
637999809,0,1 RHO mem=True nz=True ynz=True cond=True claim_agree=True upper=0.925645737134  CERT
637999809,0,1 T   mem=True nz=True ynz=True cond=True claim_agree=True upper=2064.61436729  CERT
718269731,0,1 RHO mem=True nz=True ynz=True cond=True claim_agree=True upper=0.922036940463  CERT
718269731,0,1 T   mem=True nz=True ynz=True cond=True claim_agree=True upper=2765.38423349  CERT
767879964,0,1 RHO mem=True nz=True ynz=True cond=True claim_agree=True upper=0.973050338787  CERT
767879964,0,1 T   mem=True nz=True ynz=True cond=True claim_agree=True upper=2539.24105557  CERT
770371528,0,1 RHO mem=True nz=True ynz=True cond=True claim_agree=True upper=0.925645737134  CERT
770371528,0,1 T   mem=True nz=True ynz=True cond=True claim_agree=True upper=2392.78269059  CERT
810065983,0,1 RHO mem=True nz=True ynz=True cond=True claim_agree=True upper=0.952583621087  CERT
810065983,0,1 T   mem=True nz=True ynz=True cond=True claim_agree=True upper=2220.68553503  CERT
852842397,0,1 RHO mem=True nz=True ynz=True cond=True claim_agree=True upper=0.922036940463  CERT
852842397,0,1 T   mem=True nz=True ynz=True cond=True claim_agree=True upper=2284.29054695  CERT
872254341,0,1 RHO mem=True nz=True ynz=True cond=True claim_agree=True upper=0.986358237455  CERT
872254341,0,1 T   mem=True nz=True ynz=True cond=True claim_agree=True upper=2507.53694642  CERT
895484023,0,1 RHO mem=True nz=True ynz=True cond=True claim_agree=True upper=0.968623228338  CERT
895484023,0,1 T   mem=True nz=True ynz=True cond=True claim_agree=True upper=2920.44635556  CERT
907720929,0,1 RHO mem=True nz=True ynz=True cond=True claim_agree=True upper=0.959950617747  CERT
907720929,0,1 T   mem=True nz=True ynz=True cond=True claim_agree=True upper=2471.97251940  CERT
933601975,0,1 RHO mem=True nz=True ynz=True cond=True claim_agree=True upper=0.952352525501  CERT
933601975,0,1 T   mem=True nz=True ynz=True cond=True claim_agree=True upper=1998.44411211  CERT
996006099,0,1 RHO mem=True nz=True ynz=True cond=True claim_agree=True upper=0.959950617747  CERT
996006099,0,1 T   mem=True nz=True ynz=True cond=True claim_agree=True upper=2576.89275827  CERT
FAMILY VERIFY n=7 l=1000366657 : EXCLUDED (components certified 32 / 32 ; lines 64 ; failed lines 0)
FAMILY VERIFY PASS
