FACTORIZATION: 32 irreducible factors of degree 2 over F_1000115393: OK (header deg/ncomp/bar_T agree)
899905,0,1 RHO mem=True nz=True ynz=True cond=True claim_agree=True upper=0.937887266213  CERT
899905,0,1 T   mem=True nz=True ynz=True cond=True claim_agree=True upper=2647.16776039  CERT
21519053,0,1 RHO mem=True nz=True ynz=True cond=True claim_agree=True upper=0.949809414704  CERT
21519053,0,1 T   mem=True nz=True ynz=True cond=True claim_agree=True upper=2417.77538492  CERT
24110759,0,1 RHO mem=True nz=True ynz=True cond=True claim_agree=True upper=0.906083210576  CERT
24110759,0,1 T   mem=True nz=True ynz=True cond=True claim_agree=True upper=2308.28825466  CERT
76943225,0,1 RHO mem=True nz=True ynz=True cond=True claim_agree=True upper=0.913141962427  CERT
76943225,0,1 T   mem=True nz=True ynz=True cond=True claim_agree=True upper=1811.64287101  CERT
129025052,0,1 RHO mem=True nz=True ynz=True cond=True claim_agree=True upper=0.944370159871  CERT
129025052,0,1 T   mem=True nz=True ynz=True cond=True claim_agree=True upper=2768.65726253  CERT
155083796,0,1 RHO mem=True nz=True ynz=True cond=True claim_agree=True upper=0.927276170975  CERT
155083796,0,1 T   mem=True nz=True ynz=True cond=True claim_agree=True upper=2219.48726315  CERT
184812164,0,1 RHO mem=True nz=True ynz=True cond=True claim_agree=True upper=0.937567320791  CERT
184812164,0,1 T   mem=True nz=True ynz=True cond=True claim_agree=True upper=2919.48832681  CERT
200881273,0,1 RHO mem=True nz=True ynz=True cond=True claim_agree=True upper=0.949809414704  CERT
200881273,0,1 T   mem=True nz=True ynz=True cond=True claim_agree=True upper=2380.51843287  CERT
208167648,0,1 RHO mem=True nz=True ynz=True cond=True claim_agree=True upper=0.950677691831  CERT
208167648,0,1 T   mem=True nz=True ynz=True cond=True claim_agree=True upper=2811.95371417  CERT
230655819,0,1 RHO mem=True nz=True ynz=True cond=True claim_agree=True upper=0.917289556007  CERT
230655819,0,1 T   mem=True nz=True ynz=True cond=True claim_agree=True upper=2336.03017075  CERT
254209731,0,1 RHO mem=True nz=True ynz=True cond=True claim_agree=True upper=0.932533886205  CERT
254209731,0,1 T   mem=True nz=True ynz=True cond=True claim_agree=True upper=2142.65767547  CERT
308330009,0,1 RHO mem=True nz=True ynz=True cond=True claim_agree=True upper=0.913141962427  CERT
308330009,0,1 T   mem=True nz=True ynz=True cond=True claim_agree=True upper=1865.40710969  CERT
354124720,0,1 RHO mem=True nz=True ynz=True cond=True claim_agree=True upper=0.917289556007  CERT
354124720,0,1 T   mem=True nz=True ynz=True cond=True claim_agree=True upper=2104.88462884  CERT
391826167,0,1 RHO mem=True nz=True ynz=True cond=True claim_agree=True upper=0.932533886205  CERT
391826167,0,1 T   mem=True nz=True ynz=True cond=True claim_agree=True upper=2535.34311654  CERT
467525925,0,1 RHO mem=True nz=True ynz=True cond=True claim_agree=True upper=0.950677691831  CERT
467525925,0,1 T   mem=True nz=True ynz=True cond=True claim_agree=True upper=2169.59319279  CERT
468222330,0,1 RHO mem=True nz=True ynz=True cond=True claim_agree=True upper=0.914979256182  CERT
468222330,0,1 T   mem=True nz=True ynz=True cond=True claim_agree=True upper=2992.87968560  CERT
531893063,0,1 RHO mem=True nz=True ynz=True cond=True claim_agree=True upper=0.937887266213  CERT
531893063,0,1 T   mem=True nz=True ynz=True cond=True claim_agree=True upper=2163.98254300  CERT
532589468,0,1 RHO mem=True nz=True ynz=True cond=True claim_agree=True upper=0.889404428654  CERT
532589468,0,1 T   mem=True nz=True ynz=True cond=True claim_agree=True upper=2306.10014434  CERT
608289226,0,1 RHO mem=True nz=True ynz=True cond=True claim_agree=True upper=0.938304436089  CERT
608289226,0,1 T   mem=True nz=True ynz=True cond=True claim_agree=True upper=3075.57224713  CERT
645990673,0,1 RHO mem=True nz=True ynz=True cond=True claim_agree=True upper=0.896352326821  CERT
645990673,0,1 T   mem=True nz=True ynz=True cond=True claim_agree=True upper=2067.39800670  CERT
691785384,0,1 RHO mem=True nz=True ynz=True cond=True claim_agree=True upper=0.922071384626  CERT
691785384,0,1 T   mem=True nz=True ynz=True cond=True claim_agree=True upper=2309.44153084  CERT
745905662,0,1 RHO mem=True nz=True ynz=True cond=True claim_agree=True upper=0.938304436089  CERT
745905662,0,1 T   mem=True nz=True ynz=True cond=True claim_agree=True upper=2365.37078585  CERT
769459574,0,1 RHO mem=True nz=True ynz=True cond=True claim_agree=True upper=0.896352326821  CERT
769459574,0,1 T   mem=True nz=True ynz=True cond=True claim_agree=True upper=2720.36045238  CERT
791947745,0,1 RHO mem=True nz=True ynz=True cond=True claim_agree=True upper=0.889404428654  CERT
791947745,0,1 T   mem=True nz=True ynz=True cond=True claim_agree=True upper=3095.29930731  CERT
799234120,0,1 RHO mem=True nz=True ynz=True cond=True claim_agree=True upper=0.940999410704  CERT
799234120,0,1 T   mem=True nz=True ynz=True cond=True claim_agree=True upper=3149.40322640  CERT
815303229,0,1 RHO mem=True nz=True ynz=True cond=True claim_agree=True upper=0.927276170975  CERT
815303229,0,1 T   mem=True nz=True ynz=True cond=True claim_agree=True upper=2199.57346837  CERT
845031597,0,1 RHO mem=True nz=True ynz=True cond=True claim_agree=True upper=0.937567320791  CERT
845031597,0,1 T   mem=True nz=True ynz=True cond=True claim_agree=True upper=2304.54673630  CERT
871090341,0,1 RHO mem=True nz=True ynz=True cond=True claim_agree=True upper=0.906083210576  CERT
871090341,0,1 T   mem=True nz=True ynz=True cond=True claim_agree=True upper=1953.17648763  CERT
923172168,0,1 RHO mem=True nz=True ynz=True cond=True claim_agree=True upper=0.922071384626  CERT
923172168,0,1 T   mem=True nz=True ynz=True cond=True claim_agree=True upper=2257.75057552  CERT
976004634,0,1 RHO mem=True nz=True ynz=True cond=True claim_agree=True upper=0.944370159871  CERT
976004634,0,1 T   mem=True nz=True ynz=True cond=True claim_agree=True upper=2149.11853392  CERT
978596340,0,1 RHO mem=True nz=True ynz=True cond=True claim_agree=True upper=0.940999410704  CERT
978596340,0,1 T   mem=True nz=True ynz=True cond=True claim_agree=True upper=2421.13053041  CERT
999215488,0,1 RHO mem=True nz=True ynz=True cond=True claim_agree=True upper=0.914979256182  CERT
999215488,0,1 T   mem=True nz=True ynz=True cond=True claim_agree=True upper=2613.32489378  CERT
FAMILY VERIFY n=7 l=1000115393 : EXCLUDED (components certified 32 / 32 ; lines 64 ; failed lines 0)
FAMILY VERIFY PASS
