FACTORIZATION: 32 irreducible factors of degree 2 over F_1000693313: OK (header deg/ncomp/bar_T agree)
32270402,0,1 RHO mem=True nz=True ynz=True cond=True claim_agree=True upper=0.937150497211  CERT
32270402,0,1 T   mem=True nz=True ynz=True cond=True claim_agree=True upper=2517.60351383  CERT
36630677,0,1 RHO mem=True nz=True ynz=True cond=True claim_agree=True upper=0.948631949854  CERT
36630677,0,1 T   mem=True nz=True ynz=True cond=True claim_agree=True upper=2341.32004508  CERT
84961277,0,1 RHO mem=True nz=True ynz=True cond=True claim_agree=True upper=0.945961927837  CERT
84961277,0,1 T   mem=True nz=True ynz=True cond=True claim_agree=True upper=2147.23455857  CERT
176909631,0,1 RHO mem=True nz=True ynz=True cond=True claim_agree=True upper=0.913739660929  CERT
176909631,0,1 T   mem=True nz=True ynz=True cond=True claim_agree=True upper=2277.78504469  CERT
184663169,0,1 RHO mem=True nz=True ynz=True cond=True claim_agree=True upper=0.950564465025  CERT
184663169,0,1 T   mem=True nz=True ynz=True cond=True claim_agree=True upper=2116.73332658  CERT
194425068,0,1 RHO mem=True nz=True ynz=True cond=True claim_agree=True upper=0.934743933754  CERT
194425068,0,1 T   mem=True nz=True ynz=True cond=True claim_agree=True upper=1798.92154564  CERT
209246786,0,1 RHO mem=True nz=True ynz=True cond=True claim_agree=True upper=0.935066721949  CERT
209246786,0,1 T   mem=True nz=True ynz=True cond=True claim_agree=True upper=1932.78451926  CERT
209286584,0,1 RHO mem=True nz=True ynz=True cond=True claim_agree=True upper=0.954964590002  CERT
209286584,0,1 T   mem=True nz=True ynz=True cond=True claim_agree=True upper=2078.39947200  CERT
229298529,0,1 RHO mem=True nz=True ynz=True cond=True claim_agree=True upper=0.932711925080  CERT
229298529,0,1 T   mem=True nz=True ynz=True cond=True claim_agree=True upper=2222.96827984  CERT
276557059,0,1 RHO mem=True nz=True ynz=True cond=True claim_agree=True upper=0.937075150918  CERT
276557059,0,1 T   mem=True nz=True ynz=True cond=True claim_agree=True upper=2294.73369324  CERT
321328468,0,1 RHO mem=True nz=True ynz=True cond=True claim_agree=True upper=0.930882288797  CERT
321328468,0,1 T   mem=True nz=True ynz=True cond=True claim_agree=True upper=2209.30040812  CERT
334536449,0,1 RHO mem=True nz=True ynz=True cond=True claim_agree=True upper=0.950564465025  CERT
334536449,0,1 T   mem=True nz=True ynz=True cond=True claim_agree=True upper=2243.48981276  CERT
360577980,0,1 RHO mem=True nz=True ynz=True cond=True claim_agree=True upper=0.928427317828  CERT
360577980,0,1 T   mem=True nz=True ynz=True cond=True claim_agree=True upper=1831.68318063  CERT
399426186,0,1 RHO mem=True nz=True ynz=True cond=True claim_agree=True upper=0.938277211460  CERT
399426186,0,1 T   mem=True nz=True ynz=True cond=True claim_agree=True upper=2377.61979574  CERT
427273995,0,1 RHO mem=True nz=True ynz=True cond=True claim_agree=True upper=0.953181935680  CERT
427273995,0,1 T   mem=True nz=True ynz=True cond=True claim_agree=True upper=2308.86991565  CERT
443738034,0,1 RHO mem=True nz=True ynz=True cond=True claim_agree=True upper=0.894781132607  CERT
443738034,0,1 T   mem=True nz=True ynz=True cond=True claim_agree=True upper=2177.80390642  CERT
556955279,0,1 RHO mem=True nz=True ynz=True cond=True claim_agree=True upper=0.948631949854  CERT
556955279,0,1 T   mem=True nz=True ynz=True cond=True claim_agree=True upper=2134.26673876  CERT
573419318,0,1 RHO mem=True nz=True ynz=True cond=True claim_agree=True upper=0.935066721949  CERT
573419318,0,1 T   mem=True nz=True ynz=True cond=True claim_agree=True upper=2152.90449121  CERT
601267127,0,1 RHO mem=True nz=True ynz=True cond=True claim_agree=True upper=0.954964590002  CERT
601267127,0,1 T   mem=True nz=True ynz=True cond=True claim_agree=True upper=2129.99291463  CERT
640115333,0,1 RHO mem=True nz=True ynz=True cond=True claim_agree=True upper=0.932711925080  CERT
640115333,0,1 T   mem=True nz=True ynz=True cond=True claim_agree=True upper=2137.13079659  CERT
666156864,0,1 RHO mem=True nz=True ynz=True cond=True claim_agree=True upper=0.920291154618  CERT
666156864,0,1 T   mem=True nz=True ynz=True cond=True claim_agree=True upper=2377.95634709  CERT
679364845,0,1 RHO mem=True nz=True ynz=True cond=True claim_agree=True upper=0.934743933754  CERT
679364845,0,1 T   mem=True nz=True ynz=True cond=True claim_agree=True upper=2176.97998667  CERT
724136254,0,1 RHO mem=True nz=True ynz=True cond=True claim_agree=True upper=0.913739660929  CERT
724136254,0,1 T   mem=True nz=True ynz=True cond=True claim_agree=True upper=2151.02161311  CERT
771394784,0,1 RHO mem=True nz=True ynz=True cond=True claim_agree=True upper=0.928427317828  CERT
771394784,0,1 T   mem=True nz=True ynz=True cond=True claim_agree=True upper=2060.05842950  CERT
791406729,0,1 RHO mem=True nz=True ynz=True cond=True claim_agree=True upper=0.938277211460  CERT
791406729,0,1 T   mem=True nz=True ynz=True cond=True claim_agree=True upper=2110.30944566  CERT
791446527,0,1 RHO mem=True nz=True ynz=True cond=True claim_agree=True upper=0.953181935680  CERT
791446527,0,1 T   mem=True nz=True ynz=True cond=True claim_agree=True upper=2488.00419614  CERT
806268245,0,1 RHO mem=True nz=True ynz=True cond=True claim_agree=True upper=0.930882288797  CERT
806268245,0,1 T   mem=True nz=True ynz=True cond=True claim_agree=True upper=2393.83060429  CERT
816030144,0,1 RHO mem=True nz=True ynz=True cond=True claim_agree=True upper=0.920291154618  CERT
816030144,0,1 T   mem=True nz=True ynz=True cond=True claim_agree=True upper=2049.94109594  CERT
823783682,0,1 RHO mem=True nz=True ynz=True cond=True claim_agree=True upper=0.937075150918  CERT
823783682,0,1 T   mem=True nz=True ynz=True cond=True claim_agree=True upper=2371.46022384  CERT
915732036,0,1 RHO mem=True nz=True ynz=True cond=True claim_agree=True upper=0.937150497211  CERT
915732036,0,1 T   mem=True nz=True ynz=True cond=True claim_agree=True upper=2286.22510339  CERT
964062636,0,1 RHO mem=True nz=True ynz=True cond=True claim_agree=True upper=0.894781132607  CERT
964062636,0,1 T   mem=True nz=True ynz=True cond=True claim_agree=True upper=2007.93474210  CERT
968422911,0,1 RHO mem=True nz=True ynz=True cond=True claim_agree=True upper=0.945961927837  CERT
968422911,0,1 T   mem=True nz=True ynz=True cond=True claim_agree=True upper=1993.37215225  CERT
FAMILY VERIFY n=7 l=1000693313 : EXCLUDED (components certified 32 / 32 ; lines 64 ; failed lines 0)
FAMILY VERIFY PASS
