FACTORIZATION: 32 irreducible factors of degree 2 over F_1000291777: OK (header deg/ncomp/bar_T agree)
196962248,0,1 RHO mem=True nz=True ynz=True cond=True claim_agree=True upper=0.907177586429  CERT
196962248,0,1 T   mem=True nz=True ynz=True cond=True claim_agree=True upper=2457.85558968  CERT
213770187,0,1 RHO mem=True nz=True ynz=True cond=True claim_agree=True upper=0.907177586429  CERT
213770187,0,1 T   mem=True nz=True ynz=True cond=True claim_agree=True upper=2174.14149619  CERT
233513676,0,1 RHO mem=True nz=True ynz=True cond=True claim_agree=True upper=0.920492685920  CERT
233513676,0,1 T   mem=True nz=True ynz=True cond=True claim_agree=True upper=1929.91112643  CERT
236717238,0,1 RHO mem=True nz=True ynz=True cond=True claim_agree=True upper=0.922652828184  CERT
236717238,0,1 T   mem=True nz=True ynz=True cond=True claim_agree=True upper=2202.25408012  CERT
251933952,0,1 RHO mem=True nz=True ynz=True cond=True claim_agree=True upper=0.920492685920  CERT
251933952,0,1 T   mem=True nz=True ynz=True cond=True claim_agree=True upper=2113.02576246  CERT
278432150,0,1 RHO mem=True nz=True ynz=True cond=True claim_agree=True upper=0.933522081163  CERT
278432150,0,1 T   mem=True nz=True ynz=True cond=True claim_agree=True upper=2715.40793712  CERT
280722641,0,1 RHO mem=True nz=True ynz=True cond=True claim_agree=True upper=0.920718922080  CERT
280722641,0,1 T   mem=True nz=True ynz=True cond=True claim_agree=True upper=2422.30465829  CERT
282790851,0,1 RHO mem=True nz=True ynz=True cond=True claim_agree=True upper=0.883454604814  CERT
282790851,0,1 T   mem=True nz=True ynz=True cond=True claim_agree=True upper=2450.39583082  CERT
284428206,0,1 RHO mem=True nz=True ynz=True cond=True claim_agree=True upper=0.920346313514  CERT
284428206,0,1 T   mem=True nz=True ynz=True cond=True claim_agree=True upper=2515.09106686  CERT
314411138,0,1 RHO mem=True nz=True ynz=True cond=True claim_agree=True upper=0.897520928702  CERT
314411138,0,1 T   mem=True nz=True ynz=True cond=True claim_agree=True upper=2140.08654219  CERT
411031841,0,1 RHO mem=True nz=True ynz=True cond=True claim_agree=True upper=0.922652828184  CERT
411031841,0,1 T   mem=True nz=True ynz=True cond=True claim_agree=True upper=2238.32058111  CERT
462115732,0,1 RHO mem=True nz=True ynz=True cond=True claim_agree=True upper=0.903712123516  CERT
462115732,0,1 T   mem=True nz=True ynz=True cond=True claim_agree=True upper=2423.41428276  CERT
462316974,0,1 RHO mem=True nz=True ynz=True cond=True claim_agree=True upper=0.942510895614  CERT
462316974,0,1 T   mem=True nz=True ynz=True cond=True claim_agree=True upper=2487.36975257  CERT
470801568,0,1 RHO mem=True nz=True ynz=True cond=True claim_agree=True upper=0.897520928702  CERT
470801568,0,1 T   mem=True nz=True ynz=True cond=True claim_agree=True upper=1819.89748320  CERT
486128582,0,1 RHO mem=True nz=True ynz=True cond=True claim_agree=True upper=0.920718922080  CERT
486128582,0,1 T   mem=True nz=True ynz=True cond=True claim_agree=True upper=2732.43544451  CERT
488742794,0,1 RHO mem=True nz=True ynz=True cond=True claim_agree=True upper=0.883178039622  CERT
488742794,0,1 T   mem=True nz=True ynz=True cond=True claim_agree=True upper=2039.63112398  CERT
511548983,0,1 RHO mem=True nz=True ynz=True cond=True claim_agree=True upper=0.933522081163  CERT
511548983,0,1 T   mem=True nz=True ynz=True cond=True claim_agree=True upper=2649.29516740  CERT
514163195,0,1 RHO mem=True nz=True ynz=True cond=True claim_agree=True upper=0.906620148814  CERT
514163195,0,1 T   mem=True nz=True ynz=True cond=True claim_agree=True upper=2357.63551971  CERT
529490209,0,1 RHO mem=True nz=True ynz=True cond=True claim_agree=True upper=0.913031272722  CERT
529490209,0,1 T   mem=True nz=True ynz=True cond=True claim_agree=True upper=2781.68183298  CERT
537974803,0,1 RHO mem=True nz=True ynz=True cond=True claim_agree=True upper=0.883454604814  CERT
537974803,0,1 T   mem=True nz=True ynz=True cond=True claim_agree=True upper=2637.84687804  CERT
538176045,0,1 RHO mem=True nz=True ynz=True cond=True claim_agree=True upper=0.920346313514  CERT
538176045,0,1 T   mem=True nz=True ynz=True cond=True claim_agree=True upper=3022.68581299  CERT
589259936,0,1 RHO mem=True nz=True ynz=True cond=True claim_agree=True upper=0.902036262291  CERT
589259936,0,1 T   mem=True nz=True ynz=True cond=True claim_agree=True upper=1886.27916734  CERT
685880639,0,1 RHO mem=True nz=True ynz=True cond=True claim_agree=True upper=0.913031272722  CERT
685880639,0,1 T   mem=True nz=True ynz=True cond=True claim_agree=True upper=1932.25951858  CERT
715863571,0,1 RHO mem=True nz=True ynz=True cond=True claim_agree=True upper=0.903712123516  CERT
715863571,0,1 T   mem=True nz=True ynz=True cond=True claim_agree=True upper=2463.42766940  CERT
717500926,0,1 RHO mem=True nz=True ynz=True cond=True claim_agree=True upper=0.942510895614  CERT
717500926,0,1 T   mem=True nz=True ynz=True cond=True claim_agree=True upper=2833.21617935  CERT
719569136,0,1 RHO mem=True nz=True ynz=True cond=True claim_agree=True upper=0.906620148814  CERT
719569136,0,1 T   mem=True nz=True ynz=True cond=True claim_agree=True upper=1856.85781603  CERT
721859627,0,1 RHO mem=True nz=True ynz=True cond=True claim_agree=True upper=0.883178039622  CERT
721859627,0,1 T   mem=True nz=True ynz=True cond=True claim_agree=True upper=1796.80594415  CERT
748357825,0,1 RHO mem=True nz=True ynz=True cond=True claim_agree=True upper=0.892019165006  CERT
748357825,0,1 T   mem=True nz=True ynz=True cond=True claim_agree=True upper=1546.87111067  CERT
763574539,0,1 RHO mem=True nz=True ynz=True cond=True claim_agree=True upper=0.902036262291  CERT
763574539,0,1 T   mem=True nz=True ynz=True cond=True claim_agree=True upper=1680.96133142  CERT
766778101,0,1 RHO mem=True nz=True ynz=True cond=True claim_agree=True upper=0.892019165006  CERT
766778101,0,1 T   mem=True nz=True ynz=True cond=True claim_agree=True upper=3253.02760171  CERT
786521590,0,1 RHO mem=True nz=True ynz=True cond=True claim_agree=True upper=0.908077570921  CERT
786521590,0,1 T   mem=True nz=True ynz=True cond=True claim_agree=True upper=2010.04822161  CERT
803329529,0,1 RHO mem=True nz=True ynz=True cond=True claim_agree=True upper=0.908077570921  CERT
803329529,0,1 T   mem=True nz=True ynz=True cond=True claim_agree=True upper=1897.41986050  CERT
FAMILY VERIFY n=7 l=1000291777 : EXCLUDED (components certified 32 / 32 ; lines 64 ; failed lines 0)
FAMILY VERIFY PASS
