FACTORIZATION: 32 irreducible factors of degree 2 over F_1000448321: OK (header deg/ncomp/bar_T agree)
10787396,0,1 RHO mem=True nz=True ynz=True cond=True claim_agree=True upper=0.897605127272  CERT
10787396,0,1 T   mem=True nz=True ynz=True cond=True claim_agree=True upper=1934.72022908  CERT
13954275,0,1 RHO mem=True nz=True ynz=True cond=True claim_agree=True upper=0.923353495023  CERT
13954275,0,1 T   mem=True nz=True ynz=True cond=True claim_agree=True upper=2082.48936644  CERT
31256414,0,1 RHO mem=True nz=True ynz=True cond=True claim_agree=True upper=0.919246611880  CERT
31256414,0,1 T   mem=True nz=True ynz=True cond=True claim_agree=True upper=1753.64439557  CERT
67402085,0,1 RHO mem=True nz=True ynz=True cond=True claim_agree=True upper=0.919818496791  CERT
67402085,0,1 T   mem=True nz=True ynz=True cond=True claim_agree=True upper=2105.23387931  CERT
149735008,0,1 RHO mem=True nz=True ynz=True cond=True claim_agree=True upper=0.897605127272  CERT
149735008,0,1 T   mem=True nz=True ynz=True cond=True claim_agree=True upper=1626.82454565  CERT
173750070,0,1 RHO mem=True nz=True ynz=True cond=True claim_agree=True upper=0.919818496791  CERT
173750070,0,1 T   mem=True nz=True ynz=True cond=True claim_agree=True upper=1758.20839387  CERT
206894903,0,1 RHO mem=True nz=True ynz=True cond=True claim_agree=True upper=0.903894998528  CERT
206894903,0,1 T   mem=True nz=True ynz=True cond=True claim_agree=True upper=1680.17638269  CERT
262785760,0,1 RHO mem=True nz=True ynz=True cond=True claim_agree=True upper=0.931194570494  CERT
262785760,0,1 T   mem=True nz=True ynz=True cond=True claim_agree=True upper=2588.30806703  CERT
277047188,0,1 RHO mem=True nz=True ynz=True cond=True claim_agree=True upper=0.963911870613  CERT
277047188,0,1 T   mem=True nz=True ynz=True cond=True claim_agree=True upper=3179.75434600  CERT
316440324,0,1 RHO mem=True nz=True ynz=True cond=True claim_agree=True upper=0.935551286371  CERT
316440324,0,1 T   mem=True nz=True ynz=True cond=True claim_agree=True upper=1941.51081104  CERT
324519586,0,1 RHO mem=True nz=True ynz=True cond=True claim_agree=True upper=0.927651566956  CERT
324519586,0,1 T   mem=True nz=True ynz=True cond=True claim_agree=True upper=2165.71553048  CERT
327404019,0,1 RHO mem=True nz=True ynz=True cond=True claim_agree=True upper=0.931194570494  CERT
327404019,0,1 T   mem=True nz=True ynz=True cond=True claim_agree=True upper=2639.81550323  CERT
329611321,0,1 RHO mem=True nz=True ynz=True cond=True claim_agree=True upper=0.912496699784  CERT
329611321,0,1 T   mem=True nz=True ynz=True cond=True claim_agree=True upper=2501.78791871  CERT
360922874,0,1 RHO mem=True nz=True ynz=True cond=True claim_agree=True upper=0.947011574149  CERT
360922874,0,1 T   mem=True nz=True ynz=True cond=True claim_agree=True upper=2072.55923790  CERT
455721900,0,1 RHO mem=True nz=True ynz=True cond=True claim_agree=True upper=0.923353495023  CERT
455721900,0,1 T   mem=True nz=True ynz=True cond=True claim_agree=True upper=2771.83185676  CERT
499538874,0,1 RHO mem=True nz=True ynz=True cond=True claim_agree=True upper=0.951456909211  CERT
499538874,0,1 T   mem=True nz=True ynz=True cond=True claim_agree=True upper=2295.86090149  CERT
500909447,0,1 RHO mem=True nz=True ynz=True cond=True claim_agree=True upper=0.919246611880  CERT
500909447,0,1 T   mem=True nz=True ynz=True cond=True claim_agree=True upper=2473.17766618  CERT
544726421,0,1 RHO mem=True nz=True ynz=True cond=True claim_agree=True upper=0.934630503151  CERT
544726421,0,1 T   mem=True nz=True ynz=True cond=True claim_agree=True upper=2776.50131122  CERT
639525447,0,1 RHO mem=True nz=True ynz=True cond=True claim_agree=True upper=0.912496699784  CERT
639525447,0,1 T   mem=True nz=True ynz=True cond=True claim_agree=True upper=2457.84633329  CERT
670837000,0,1 RHO mem=True nz=True ynz=True cond=True claim_agree=True upper=0.947011574149  CERT
670837000,0,1 T   mem=True nz=True ynz=True cond=True claim_agree=True upper=2628.07258648  CERT
673044302,0,1 RHO mem=True nz=True ynz=True cond=True claim_agree=True upper=0.944170336980  CERT
673044302,0,1 T   mem=True nz=True ynz=True cond=True claim_agree=True upper=2379.01727437  CERT
675928735,0,1 RHO mem=True nz=True ynz=True cond=True claim_agree=True upper=0.935551286371  CERT
675928735,0,1 T   mem=True nz=True ynz=True cond=True claim_agree=True upper=2190.05866703  CERT
684007997,0,1 RHO mem=True nz=True ynz=True cond=True claim_agree=True upper=0.927651566956  CERT
684007997,0,1 T   mem=True nz=True ynz=True cond=True claim_agree=True upper=2230.11327608  CERT
723401133,0,1 RHO mem=True nz=True ynz=True cond=True claim_agree=True upper=0.903894998528  CERT
723401133,0,1 T   mem=True nz=True ynz=True cond=True claim_agree=True upper=2911.98270551  CERT
737662561,0,1 RHO mem=True nz=True ynz=True cond=True claim_agree=True upper=0.944170336980  CERT
737662561,0,1 T   mem=True nz=True ynz=True cond=True claim_agree=True upper=2208.03563868  CERT
793553418,0,1 RHO mem=True nz=True ynz=True cond=True claim_agree=True upper=0.963911870613  CERT
793553418,0,1 T   mem=True nz=True ynz=True cond=True claim_agree=True upper=3215.34557165  CERT
826698251,0,1 RHO mem=True nz=True ynz=True cond=True claim_agree=True upper=0.940825094865  CERT
826698251,0,1 T   mem=True nz=True ynz=True cond=True claim_agree=True upper=2071.38699152  CERT
850713313,0,1 RHO mem=True nz=True ynz=True cond=True claim_agree=True upper=0.918687139763  CERT
850713313,0,1 T   mem=True nz=True ynz=True cond=True claim_agree=True upper=2487.08704601  CERT
933046236,0,1 RHO mem=True nz=True ynz=True cond=True claim_agree=True upper=0.940825094865  CERT
933046236,0,1 T   mem=True nz=True ynz=True cond=True claim_agree=True upper=2584.26197224  CERT
969191907,0,1 RHO mem=True nz=True ynz=True cond=True claim_agree=True upper=0.951456909211  CERT
969191907,0,1 T   mem=True nz=True ynz=True cond=True claim_agree=True upper=2307.89464982  CERT
986494046,0,1 RHO mem=True nz=True ynz=True cond=True claim_agree=True upper=0.934630503151  CERT
986494046,0,1 T   mem=True nz=True ynz=True cond=True claim_agree=True upper=2724.12240785  CERT
989660925,0,1 RHO mem=True nz=True ynz=True cond=True claim_agree=True upper=0.918687139763  CERT
989660925,0,1 T   mem=True nz=True ynz=True cond=True claim_agree=True upper=2593.74403159  CERT
FAMILY VERIFY n=7 l=1000448321 : EXCLUDED (components certified 32 / 32 ; lines 64 ; failed lines 0)
FAMILY VERIFY PASS
