FACTORIZATION: 32 irreducible factors of degree 2 over F_1001214913: OK (header deg/ncomp/bar_T agree)
27981717,0,1 RHO mem=True nz=True ynz=True cond=True claim_agree=True upper=0.949219746086  CERT
27981717,0,1 T   mem=True nz=True ynz=True cond=True claim_agree=True upper=2807.26511309  CERT
37153784,0,1 RHO mem=True nz=True ynz=True cond=True claim_agree=True upper=0.967876297217  CERT
37153784,0,1 T   mem=True nz=True ynz=True cond=True claim_agree=True upper=2883.94500150  CERT
45743354,0,1 RHO mem=True nz=True ynz=True cond=True claim_agree=True upper=0.948808930450  CERT
45743354,0,1 T   mem=True nz=True ynz=True cond=True claim_agree=True upper=3048.79003832  CERT
99030537,0,1 RHO mem=True nz=True ynz=True cond=True claim_agree=True upper=0.990405177786  CERT
99030537,0,1 T   mem=True nz=True ynz=True cond=True claim_agree=True upper=2432.68193240  CERT
117790841,0,1 RHO mem=True nz=True ynz=True cond=True claim_agree=True upper=0.962308365419  CERT
117790841,0,1 T   mem=True nz=True ynz=True cond=True claim_agree=True upper=2898.88347772  CERT
135174567,0,1 RHO mem=True nz=True ynz=True cond=True claim_agree=True upper=0.934141884006  CERT
135174567,0,1 T   mem=True nz=True ynz=True cond=True claim_agree=True upper=2703.79626599  CERT
149909852,0,1 RHO mem=True nz=True ynz=True cond=True claim_agree=True upper=0.886638251609  CERT
149909852,0,1 T   mem=True nz=True ynz=True cond=True claim_agree=True upper=2087.79417961  CERT
239905105,0,1 RHO mem=True nz=True ynz=True cond=True claim_agree=True upper=0.934141884006  CERT
239905105,0,1 T   mem=True nz=True ynz=True cond=True claim_agree=True upper=2498.79214925  CERT
277956005,0,1 RHO mem=True nz=True ynz=True cond=True claim_agree=True upper=0.978232061114  CERT
277956005,0,1 T   mem=True nz=True ynz=True cond=True claim_agree=True upper=3031.06576654  CERT
296267726,0,1 RHO mem=True nz=True ynz=True cond=True claim_agree=True upper=0.961764950166  CERT
296267726,0,1 T   mem=True nz=True ynz=True cond=True claim_agree=True upper=2775.22070015  CERT
395250227,0,1 RHO mem=True nz=True ynz=True cond=True claim_agree=True upper=0.990405177786  CERT
395250227,0,1 T   mem=True nz=True ynz=True cond=True claim_agree=True upper=3055.61783525  CERT
431531877,0,1 RHO mem=True nz=True ynz=True cond=True claim_agree=True upper=0.963316321207  CERT
431531877,0,1 T   mem=True nz=True ynz=True cond=True claim_agree=True upper=2957.05955155  CERT
432707099,0,1 RHO mem=True nz=True ynz=True cond=True claim_agree=True upper=0.970091350474  CERT
432707099,0,1 T   mem=True nz=True ynz=True cond=True claim_agree=True upper=2871.08735639  CERT
443645785,0,1 RHO mem=True nz=True ynz=True cond=True claim_agree=True upper=0.948339094930  CERT
443645785,0,1 T   mem=True nz=True ynz=True cond=True claim_agree=True upper=2696.51748302  CERT
444046595,0,1 RHO mem=True nz=True ynz=True cond=True claim_agree=True upper=0.948808930450  CERT
444046595,0,1 T   mem=True nz=True ynz=True cond=True claim_agree=True upper=2395.62272698  CERT
475739153,0,1 RHO mem=True nz=True ynz=True cond=True claim_agree=True upper=0.952108116671  CERT
475739153,0,1 T   mem=True nz=True ynz=True cond=True claim_agree=True upper=2826.26882141  CERT
525475760,0,1 RHO mem=True nz=True ynz=True cond=True claim_agree=True upper=0.948339094930  CERT
525475760,0,1 T   mem=True nz=True ynz=True cond=True claim_agree=True upper=2561.75009833  CERT
557168318,0,1 RHO mem=True nz=True ynz=True cond=True claim_agree=True upper=0.976528759011  CERT
557168318,0,1 T   mem=True nz=True ynz=True cond=True claim_agree=True upper=2879.25571492  CERT
557569128,0,1 RHO mem=True nz=True ynz=True cond=True claim_agree=True upper=0.952108116671  CERT
557569128,0,1 T   mem=True nz=True ynz=True cond=True claim_agree=True upper=2726.86636701  CERT
568507814,0,1 RHO mem=True nz=True ynz=True cond=True claim_agree=True upper=0.978232061114  CERT
568507814,0,1 T   mem=True nz=True ynz=True cond=True claim_agree=True upper=2797.13991952  CERT
569683036,0,1 RHO mem=True nz=True ynz=True cond=True claim_agree=True upper=0.961764950166  CERT
569683036,0,1 T   mem=True nz=True ynz=True cond=True claim_agree=True upper=3060.75400878  CERT
605964686,0,1 RHO mem=True nz=True ynz=True cond=True claim_agree=True upper=0.947440436421  CERT
605964686,0,1 T   mem=True nz=True ynz=True cond=True claim_agree=True upper=3086.43840660  CERT
704947187,0,1 RHO mem=True nz=True ynz=True cond=True claim_agree=True upper=0.963316321207  CERT
704947187,0,1 T   mem=True nz=True ynz=True cond=True claim_agree=True upper=2626.55172028  CERT
723258908,0,1 RHO mem=True nz=True ynz=True cond=True claim_agree=True upper=0.970091350474  CERT
723258908,0,1 T   mem=True nz=True ynz=True cond=True claim_agree=True upper=3111.64710966  CERT
761309808,0,1 RHO mem=True nz=True ynz=True cond=True claim_agree=True upper=0.967598851254  CERT
761309808,0,1 T   mem=True nz=True ynz=True cond=True claim_agree=True upper=3306.87085291  CERT
851305061,0,1 RHO mem=True nz=True ynz=True cond=True claim_agree=True upper=0.949219746086  CERT
851305061,0,1 T   mem=True nz=True ynz=True cond=True claim_agree=True upper=3154.45695355  CERT
866040346,0,1 RHO mem=True nz=True ynz=True cond=True claim_agree=True upper=0.967598851254  CERT
866040346,0,1 T   mem=True nz=True ynz=True cond=True claim_agree=True upper=2594.58703538  CERT
883424072,0,1 RHO mem=True nz=True ynz=True cond=True claim_agree=True upper=0.967876297217  CERT
883424072,0,1 T   mem=True nz=True ynz=True cond=True claim_agree=True upper=2609.73525202  CERT
902184376,0,1 RHO mem=True nz=True ynz=True cond=True claim_agree=True upper=0.947440436421  CERT
902184376,0,1 T   mem=True nz=True ynz=True cond=True claim_agree=True upper=2630.09302084  CERT
955471559,0,1 RHO mem=True nz=True ynz=True cond=True claim_agree=True upper=0.976528759011  CERT
955471559,0,1 T   mem=True nz=True ynz=True cond=True claim_agree=True upper=2810.85207266  CERT
964061129,0,1 RHO mem=True nz=True ynz=True cond=True claim_agree=True upper=0.962308365419  CERT
964061129,0,1 T   mem=True nz=True ynz=True cond=True claim_agree=True upper=2207.80606078  CERT
973233196,0,1 RHO mem=True nz=True ynz=True cond=True claim_agree=True upper=0.886638251609  CERT
973233196,0,1 T   mem=True nz=True ynz=True cond=True claim_agree=True upper=2469.83132664  CERT
FAMILY VERIFY n=7 l=1001214913 : EXCLUDED (components certified 32 / 32 ; lines 64 ; failed lines 0)
FAMILY VERIFY PASS
