FACTORIZATION: 32 irreducible factors of degree 2 over F_1000201537: OK (header deg/ncomp/bar_T agree)
5224615,0,1 RHO mem=True nz=True ynz=True cond=True claim_agree=True upper=0.932691684268  CERT
5224615,0,1 T   mem=True nz=True ynz=True cond=True claim_agree=True upper=2001.84572594  CERT
33326278,0,1 RHO mem=True nz=True ynz=True cond=True claim_agree=True upper=0.915839510730  CERT
33326278,0,1 T   mem=True nz=True ynz=True cond=True claim_agree=True upper=2140.18798837  CERT
43599554,0,1 RHO mem=True nz=True ynz=True cond=True claim_agree=True upper=0.950340013660  CERT
43599554,0,1 T   mem=True nz=True ynz=True cond=True claim_agree=True upper=2097.46214712  CERT
74698182,0,1 RHO mem=True nz=True ynz=True cond=True claim_agree=True upper=0.938682037635  CERT
74698182,0,1 T   mem=True nz=True ynz=True cond=True claim_agree=True upper=2549.32429338  CERT
80946230,0,1 RHO mem=True nz=True ynz=True cond=True claim_agree=True upper=0.945785081144  CERT
80946230,0,1 T   mem=True nz=True ynz=True cond=True claim_agree=True upper=1957.75833713  CERT
126315549,0,1 RHO mem=True nz=True ynz=True cond=True claim_agree=True upper=0.945231055575  CERT
126315549,0,1 T   mem=True nz=True ynz=True cond=True claim_agree=True upper=2491.20209448  CERT
158147172,0,1 RHO mem=True nz=True ynz=True cond=True claim_agree=True upper=0.919023719264  CERT
158147172,0,1 T   mem=True nz=True ynz=True cond=True claim_agree=True upper=1568.18093821  CERT
214575216,0,1 RHO mem=True nz=True ynz=True cond=True claim_agree=True upper=0.932691684268  CERT
214575216,0,1 T   mem=True nz=True ynz=True cond=True claim_agree=True upper=1910.29318119  CERT
217235446,0,1 RHO mem=True nz=True ynz=True cond=True claim_agree=True upper=0.974068503083  CERT
217235446,0,1 T   mem=True nz=True ynz=True cond=True claim_agree=True upper=2592.49044116  CERT
233360879,0,1 RHO mem=True nz=True ynz=True cond=True claim_agree=True upper=0.938682037635  CERT
233360879,0,1 T   mem=True nz=True ynz=True cond=True claim_agree=True upper=2413.58463983  CERT
237786423,0,1 RHO mem=True nz=True ynz=True cond=True claim_agree=True upper=0.950340013660  CERT
237786423,0,1 T   mem=True nz=True ynz=True cond=True claim_agree=True upper=2657.19598181  CERT
284375544,0,1 RHO mem=True nz=True ynz=True cond=True claim_agree=True upper=0.945231055575  CERT
284375544,0,1 T   mem=True nz=True ynz=True cond=True claim_agree=True upper=2409.23318093  CERT
312481626,0,1 RHO mem=True nz=True ynz=True cond=True claim_agree=True upper=0.945845847146  CERT
312481626,0,1 T   mem=True nz=True ynz=True cond=True claim_agree=True upper=1856.52418507  CERT
317644741,0,1 RHO mem=True nz=True ynz=True cond=True claim_agree=True upper=0.945845847146  CERT
317644741,0,1 T   mem=True nz=True ynz=True cond=True claim_agree=True upper=2895.86669649  CERT
367262363,0,1 RHO mem=True nz=True ynz=True cond=True claim_agree=True upper=0.922327836599  CERT
367262363,0,1 T   mem=True nz=True ynz=True cond=True claim_agree=True upper=1840.51459402  CERT
417693599,0,1 RHO mem=True nz=True ynz=True cond=True claim_agree=True upper=0.922327836599  CERT
417693599,0,1 T   mem=True nz=True ynz=True cond=True claim_agree=True upper=2248.95839180  CERT
582507938,0,1 RHO mem=True nz=True ynz=True cond=True claim_agree=True upper=0.955300539152  CERT
582507938,0,1 T   mem=True nz=True ynz=True cond=True claim_agree=True upper=2877.41238054  CERT
632939174,0,1 RHO mem=True nz=True ynz=True cond=True claim_agree=True upper=0.955300539152  CERT
632939174,0,1 T   mem=True nz=True ynz=True cond=True claim_agree=True upper=2538.99431877  CERT
682556796,0,1 RHO mem=True nz=True ynz=True cond=True claim_agree=True upper=0.908785126648  CERT
682556796,0,1 T   mem=True nz=True ynz=True cond=True claim_agree=True upper=2360.13597279  CERT
687719911,0,1 RHO mem=True nz=True ynz=True cond=True claim_agree=True upper=0.908785126648  CERT
687719911,0,1 T   mem=True nz=True ynz=True cond=True claim_agree=True upper=1889.16509098  CERT
715825993,0,1 RHO mem=True nz=True ynz=True cond=True claim_agree=True upper=0.954230842933  CERT
715825993,0,1 T   mem=True nz=True ynz=True cond=True claim_agree=True upper=2857.80612310  CERT
762415114,0,1 RHO mem=True nz=True ynz=True cond=True claim_agree=True upper=0.944535805516  CERT
762415114,0,1 T   mem=True nz=True ynz=True cond=True claim_agree=True upper=2530.84498255  CERT
766840658,0,1 RHO mem=True nz=True ynz=True cond=True claim_agree=True upper=0.951119884388  CERT
766840658,0,1 T   mem=True nz=True ynz=True cond=True claim_agree=True upper=1941.21342827  CERT
782966091,0,1 RHO mem=True nz=True ynz=True cond=True claim_agree=True upper=0.919023719264  CERT
782966091,0,1 T   mem=True nz=True ynz=True cond=True claim_agree=True upper=2635.57879867  CERT
785626321,0,1 RHO mem=True nz=True ynz=True cond=True claim_agree=True upper=0.920401457208  CERT
785626321,0,1 T   mem=True nz=True ynz=True cond=True claim_agree=True upper=2662.33980247  CERT
842054365,0,1 RHO mem=True nz=True ynz=True cond=True claim_agree=True upper=0.974068503083  CERT
842054365,0,1 T   mem=True nz=True ynz=True cond=True claim_agree=True upper=2298.40879778  CERT
873885988,0,1 RHO mem=True nz=True ynz=True cond=True claim_agree=True upper=0.954230842933  CERT
873885988,0,1 T   mem=True nz=True ynz=True cond=True claim_agree=True upper=1972.05423977  CERT
919255307,0,1 RHO mem=True nz=True ynz=True cond=True claim_agree=True upper=0.915839510730  CERT
919255307,0,1 T   mem=True nz=True ynz=True cond=True claim_agree=True upper=2084.92641185  CERT
925503355,0,1 RHO mem=True nz=True ynz=True cond=True claim_agree=True upper=0.951119884388  CERT
925503355,0,1 T   mem=True nz=True ynz=True cond=True claim_agree=True upper=2532.90276720  CERT
956601983,0,1 RHO mem=True nz=True ynz=True cond=True claim_agree=True upper=0.944535805516  CERT
956601983,0,1 T   mem=True nz=True ynz=True cond=True claim_agree=True upper=2177.31527114  CERT
966875259,0,1 RHO mem=True nz=True ynz=True cond=True claim_agree=True upper=0.945785081144  CERT
966875259,0,1 T   mem=True nz=True ynz=True cond=True claim_agree=True upper=1921.43553072  CERT
994976922,0,1 RHO mem=True nz=True ynz=True cond=True claim_agree=True upper=0.920401457208  CERT
994976922,0,1 T   mem=True nz=True ynz=True cond=True claim_agree=True upper=2701.43471747  CERT
FAMILY VERIFY n=7 l=1000201537 : EXCLUDED (components certified 32 / 32 ; lines 64 ; failed lines 0)
FAMILY VERIFY PASS
