FACTORIZATION: 32 irreducible factors of degree 2 over F_1000321601: OK (header deg/ncomp/bar_T agree)
26381308,0,1 RHO mem=True nz=True ynz=True cond=True claim_agree=True upper=0.896330696251  CERT
26381308,0,1 T   mem=True nz=True ynz=True cond=True claim_agree=True upper=1878.86599196  CERT
52747825,0,1 RHO mem=True nz=True ynz=True cond=True claim_agree=True upper=0.905953324362  CERT
52747825,0,1 T   mem=True nz=True ynz=True cond=True claim_agree=True upper=2440.12987360  CERT
60299390,0,1 RHO mem=True nz=True ynz=True cond=True claim_agree=True upper=0.901990444835  CERT
60299390,0,1 T   mem=True nz=True ynz=True cond=True claim_agree=True upper=1972.25150265  CERT
62131743,0,1 RHO mem=True nz=True ynz=True cond=True claim_agree=True upper=0.909838212488  CERT
62131743,0,1 T   mem=True nz=True ynz=True cond=True claim_agree=True upper=2350.67532666  CERT
63631123,0,1 RHO mem=True nz=True ynz=True cond=True claim_agree=True upper=0.917482021390  CERT
63631123,0,1 T   mem=True nz=True ynz=True cond=True claim_agree=True upper=1829.04306973  CERT
65534518,0,1 RHO mem=True nz=True ynz=True cond=True claim_agree=True upper=0.919825921366  CERT
65534518,0,1 T   mem=True nz=True ynz=True cond=True claim_agree=True upper=1552.05234217  CERT
121068659,0,1 RHO mem=True nz=True ynz=True cond=True claim_agree=True upper=0.922773406706  CERT
121068659,0,1 T   mem=True nz=True ynz=True cond=True claim_agree=True upper=2015.35702212  CERT
141016944,0,1 RHO mem=True nz=True ynz=True cond=True claim_agree=True upper=0.930201066896  CERT
141016944,0,1 T   mem=True nz=True ynz=True cond=True claim_agree=True upper=1642.01161403  CERT
141314263,0,1 RHO mem=True nz=True ynz=True cond=True claim_agree=True upper=0.901527871255  CERT
141314263,0,1 T   mem=True nz=True ynz=True cond=True claim_agree=True upper=1638.24395904  CERT
206148185,0,1 RHO mem=True nz=True ynz=True cond=True claim_agree=True upper=0.901664352124  CERT
206148185,0,1 T   mem=True nz=True ynz=True cond=True claim_agree=True upper=2518.68588876  CERT
240285159,0,1 RHO mem=True nz=True ynz=True cond=True claim_agree=True upper=0.909838212488  CERT
240285159,0,1 T   mem=True nz=True ynz=True cond=True claim_agree=True upper=1941.67594235  CERT
257209061,0,1 RHO mem=True nz=True ynz=True cond=True claim_agree=True upper=0.928672601715  CERT
257209061,0,1 T   mem=True nz=True ynz=True cond=True claim_agree=True upper=2588.54632390  CERT
324680292,0,1 RHO mem=True nz=True ynz=True cond=True claim_agree=True upper=0.931478081808  CERT
324680292,0,1 T   mem=True nz=True ynz=True cond=True claim_agree=True upper=2409.77203996  CERT
387659788,0,1 RHO mem=True nz=True ynz=True cond=True claim_agree=True upper=0.889190664932  CERT
387659788,0,1 T   mem=True nz=True ynz=True cond=True claim_agree=True upper=1968.33899209  CERT
446626542,0,1 RHO mem=True nz=True ynz=True cond=True claim_agree=True upper=0.928672601715  CERT
446626542,0,1 T   mem=True nz=True ynz=True cond=True claim_agree=True upper=1859.21220220  CERT
469274498,0,1 RHO mem=True nz=True ynz=True cond=True claim_agree=True upper=0.888420969114  CERT
469274498,0,1 T   mem=True nz=True ynz=True cond=True claim_agree=True upper=2737.56250799  CERT
531047103,0,1 RHO mem=True nz=True ynz=True cond=True claim_agree=True upper=0.905953324362  CERT
531047103,0,1 T   mem=True nz=True ynz=True cond=True claim_agree=True upper=1705.74444471  CERT
553695059,0,1 RHO mem=True nz=True ynz=True cond=True claim_agree=True upper=0.906610254666  CERT
553695059,0,1 T   mem=True nz=True ynz=True cond=True claim_agree=True upper=1999.45013744  CERT
612661813,0,1 RHO mem=True nz=True ynz=True cond=True claim_agree=True upper=0.901527871255  CERT
612661813,0,1 T   mem=True nz=True ynz=True cond=True claim_agree=True upper=2152.66203369  CERT
675641309,0,1 RHO mem=True nz=True ynz=True cond=True claim_agree=True upper=0.896330696251  CERT
675641309,0,1 T   mem=True nz=True ynz=True cond=True claim_agree=True upper=1975.58374364  CERT
743112540,0,1 RHO mem=True nz=True ynz=True cond=True claim_agree=True upper=0.906610254666  CERT
743112540,0,1 T   mem=True nz=True ynz=True cond=True claim_agree=True upper=2498.51110068  CERT
760036442,0,1 RHO mem=True nz=True ynz=True cond=True claim_agree=True upper=0.886296094257  CERT
760036442,0,1 T   mem=True nz=True ynz=True cond=True claim_agree=True upper=1422.29031083  CERT
794173416,0,1 RHO mem=True nz=True ynz=True cond=True claim_agree=True upper=0.930201066896  CERT
794173416,0,1 T   mem=True nz=True ynz=True cond=True claim_agree=True upper=2004.91070041  CERT
859007338,0,1 RHO mem=True nz=True ynz=True cond=True claim_agree=True upper=0.889190664932  CERT
859007338,0,1 T   mem=True nz=True ynz=True cond=True claim_agree=True upper=2276.88619558  CERT
859304657,0,1 RHO mem=True nz=True ynz=True cond=True claim_agree=True upper=0.901664352124  CERT
859304657,0,1 T   mem=True nz=True ynz=True cond=True claim_agree=True upper=2014.60579145  CERT
879252942,0,1 RHO mem=True nz=True ynz=True cond=True claim_agree=True upper=0.917482021390  CERT
879252942,0,1 T   mem=True nz=True ynz=True cond=True claim_agree=True upper=1890.66056670  CERT
934787083,0,1 RHO mem=True nz=True ynz=True cond=True claim_agree=True upper=0.901990444835  CERT
934787083,0,1 T   mem=True nz=True ynz=True cond=True claim_agree=True upper=2382.17599585  CERT
936690478,0,1 RHO mem=True nz=True ynz=True cond=True claim_agree=True upper=0.922773406706  CERT
936690478,0,1 T   mem=True nz=True ynz=True cond=True claim_agree=True upper=2241.20323173  CERT
938189858,0,1 RHO mem=True nz=True ynz=True cond=True claim_agree=True upper=0.886296094257  CERT
938189858,0,1 T   mem=True nz=True ynz=True cond=True claim_agree=True upper=3140.95052117  CERT
940022211,0,1 RHO mem=True nz=True ynz=True cond=True claim_agree=True upper=0.919825921366  CERT
940022211,0,1 T   mem=True nz=True ynz=True cond=True claim_agree=True upper=2281.59378303  CERT
947573776,0,1 RHO mem=True nz=True ynz=True cond=True claim_agree=True upper=0.888420969114  CERT
947573776,0,1 T   mem=True nz=True ynz=True cond=True claim_agree=True upper=1714.12032805  CERT
973940293,0,1 RHO mem=True nz=True ynz=True cond=True claim_agree=True upper=0.931478081808  CERT
973940293,0,1 T   mem=True nz=True ynz=True cond=True claim_agree=True upper=2513.53452943  CERT
FAMILY VERIFY n=7 l=1000321601 : EXCLUDED (components certified 32 / 32 ; lines 64 ; failed lines 0)
FAMILY VERIFY PASS
