FACTORIZATION: 32 irreducible factors of degree 2 over F_1001220673: OK (header deg/ncomp/bar_T agree)
38847147,0,1 RHO mem=True nz=True ynz=True cond=True claim_agree=True upper=0.904810226774  CERT
38847147,0,1 T   mem=True nz=True ynz=True cond=True claim_agree=True upper=2688.78856817  CERT
85343790,0,1 RHO mem=True nz=True ynz=True cond=True claim_agree=True upper=0.927938459870  CERT
85343790,0,1 T   mem=True nz=True ynz=True cond=True claim_agree=True upper=2189.64103681  CERT
91999067,0,1 RHO mem=True nz=True ynz=True cond=True claim_agree=True upper=0.881199387930  CERT
91999067,0,1 T   mem=True nz=True ynz=True cond=True claim_agree=True upper=1769.48488468  CERT
118839572,0,1 RHO mem=True nz=True ynz=True cond=True claim_agree=True upper=0.925912906528  CERT
118839572,0,1 T   mem=True nz=True ynz=True cond=True claim_agree=True upper=2265.92272585  CERT
121591730,0,1 RHO mem=True nz=True ynz=True cond=True claim_agree=True upper=0.904810226774  CERT
121591730,0,1 T   mem=True nz=True ynz=True cond=True claim_agree=True upper=2074.80901335  CERT
158017046,0,1 RHO mem=True nz=True ynz=True cond=True claim_agree=True upper=0.881199387930  CERT
158017046,0,1 T   mem=True nz=True ynz=True cond=True claim_agree=True upper=1253.08020148  CERT
195163403,0,1 RHO mem=True nz=True ynz=True cond=True claim_agree=True upper=0.953828457649  CERT
195163403,0,1 T   mem=True nz=True ynz=True cond=True claim_agree=True upper=1961.60245114  CERT
196764635,0,1 RHO mem=True nz=True ynz=True cond=True claim_agree=True upper=0.932402250307  CERT
196764635,0,1 T   mem=True nz=True ynz=True cond=True claim_agree=True upper=2724.96043085  CERT
201251565,0,1 RHO mem=True nz=True ynz=True cond=True claim_agree=True upper=0.880004304258  CERT
201251565,0,1 T   mem=True nz=True ynz=True cond=True claim_agree=True upper=2260.48916344  CERT
229818985,0,1 RHO mem=True nz=True ynz=True cond=True claim_agree=True upper=0.924965509692  CERT
229818985,0,1 T   mem=True nz=True ynz=True cond=True claim_agree=True upper=2150.99053808  CERT
282772436,0,1 RHO mem=True nz=True ynz=True cond=True claim_agree=True upper=0.905188655608  CERT
282772436,0,1 T   mem=True nz=True ynz=True cond=True claim_agree=True upper=1892.85882884  CERT
292677300,0,1 RHO mem=True nz=True ynz=True cond=True claim_agree=True upper=0.901404108927  CERT
292677300,0,1 T   mem=True nz=True ynz=True cond=True claim_agree=True upper=2879.97325086  CERT
292782355,0,1 RHO mem=True nz=True ynz=True cond=True claim_agree=True upper=0.878206437325  CERT
292782355,0,1 T   mem=True nz=True ynz=True cond=True claim_agree=True upper=1569.17939913  CERT
312230654,0,1 RHO mem=True nz=True ynz=True cond=True claim_agree=True upper=0.925912906528  CERT
312230654,0,1 T   mem=True nz=True ynz=True cond=True claim_agree=True upper=2697.68553534  CERT
332226068,0,1 RHO mem=True nz=True ynz=True cond=True claim_agree=True upper=0.905188655608  CERT
332226068,0,1 T   mem=True nz=True ynz=True cond=True claim_agree=True upper=2043.05755152  CERT
499991459,0,1 RHO mem=True nz=True ynz=True cond=True claim_agree=True upper=0.960425381373  CERT
499991459,0,1 T   mem=True nz=True ynz=True cond=True claim_agree=True upper=2495.15821002  CERT
501229214,0,1 RHO mem=True nz=True ynz=True cond=True claim_agree=True upper=0.878206437325  CERT
501229214,0,1 T   mem=True nz=True ynz=True cond=True claim_agree=True upper=1779.56550978  CERT
668994605,0,1 RHO mem=True nz=True ynz=True cond=True claim_agree=True upper=0.925016181822  CERT
668994605,0,1 T   mem=True nz=True ynz=True cond=True claim_agree=True upper=2234.79797724  CERT
688990019,0,1 RHO mem=True nz=True ynz=True cond=True claim_agree=True upper=0.944484424705  CERT
688990019,0,1 T   mem=True nz=True ynz=True cond=True claim_agree=True upper=2866.07289668  CERT
708438318,0,1 RHO mem=True nz=True ynz=True cond=True claim_agree=True upper=0.960425381373  CERT
708438318,0,1 T   mem=True nz=True ynz=True cond=True claim_agree=True upper=2462.09709243  CERT
708543373,0,1 RHO mem=True nz=True ynz=True cond=True claim_agree=True upper=0.927938459870  CERT
708543373,0,1 T   mem=True nz=True ynz=True cond=True claim_agree=True upper=2508.47224598  CERT
718448237,0,1 RHO mem=True nz=True ynz=True cond=True claim_agree=True upper=0.925016181822  CERT
718448237,0,1 T   mem=True nz=True ynz=True cond=True claim_agree=True upper=1987.29097685  CERT
771401688,0,1 RHO mem=True nz=True ynz=True cond=True claim_agree=True upper=0.953828457649  CERT
771401688,0,1 T   mem=True nz=True ynz=True cond=True claim_agree=True upper=1994.63494981  CERT
799969108,0,1 RHO mem=True nz=True ynz=True cond=True claim_agree=True upper=0.932402250307  CERT
799969108,0,1 T   mem=True nz=True ynz=True cond=True claim_agree=True upper=2655.98045716  CERT
804456038,0,1 RHO mem=True nz=True ynz=True cond=True claim_agree=True upper=0.880004304258  CERT
804456038,0,1 T   mem=True nz=True ynz=True cond=True claim_agree=True upper=2014.05974528  CERT
806057270,0,1 RHO mem=True nz=True ynz=True cond=True claim_agree=True upper=0.924965509692  CERT
806057270,0,1 T   mem=True nz=True ynz=True cond=True claim_agree=True upper=2430.84930146  CERT
843203627,0,1 RHO mem=True nz=True ynz=True cond=True claim_agree=True upper=0.923735392385  CERT
843203627,0,1 T   mem=True nz=True ynz=True cond=True claim_agree=True upper=2141.42825965  CERT
879628943,0,1 RHO mem=True nz=True ynz=True cond=True claim_agree=True upper=0.878997048394  CERT
879628943,0,1 T   mem=True nz=True ynz=True cond=True claim_agree=True upper=2071.99418314  CERT
882381101,0,1 RHO mem=True nz=True ynz=True cond=True claim_agree=True upper=0.944484424705  CERT
882381101,0,1 T   mem=True nz=True ynz=True cond=True claim_agree=True upper=2802.59201503  CERT
909221606,0,1 RHO mem=True nz=True ynz=True cond=True claim_agree=True upper=0.923735392385  CERT
909221606,0,1 T   mem=True nz=True ynz=True cond=True claim_agree=True upper=2083.92641089  CERT
915876883,0,1 RHO mem=True nz=True ynz=True cond=True claim_agree=True upper=0.901404108927  CERT
915876883,0,1 T   mem=True nz=True ynz=True cond=True claim_agree=True upper=2220.04055619  CERT
962373526,0,1 RHO mem=True nz=True ynz=True cond=True claim_agree=True upper=0.878997048394  CERT
962373526,0,1 T   mem=True nz=True ynz=True cond=True claim_agree=True upper=1854.29557105  CERT
FAMILY VERIFY n=7 l=1001220673 : EXCLUDED (components certified 32 / 32 ; lines 64 ; failed lines 0)
FAMILY VERIFY PASS
