FACTORIZATION: 32 irreducible factors of degree 2 over F_1000843841: OK (header deg/ncomp/bar_T agree)
67995850,0,1 RHO mem=True nz=True ynz=True cond=True claim_agree=True upper=0.899881488002  CERT
67995850,0,1 T   mem=True nz=True ynz=True cond=True claim_agree=True upper=2711.61354716  CERT
89203540,0,1 RHO mem=True nz=True ynz=True cond=True claim_agree=True upper=0.913525242408  CERT
89203540,0,1 T   mem=True nz=True ynz=True cond=True claim_agree=True upper=2254.87299098  CERT
110890420,0,1 RHO mem=True nz=True ynz=True cond=True claim_agree=True upper=0.931597854642  CERT
110890420,0,1 T   mem=True nz=True ynz=True cond=True claim_agree=True upper=2376.86274770  CERT
161140283,0,1 RHO mem=True nz=True ynz=True cond=True claim_agree=True upper=0.928113976802  CERT
161140283,0,1 T   mem=True nz=True ynz=True cond=True claim_agree=True upper=2305.25016859  CERT
167935911,0,1 RHO mem=True nz=True ynz=True cond=True claim_agree=True upper=0.903633711985  CERT
167935911,0,1 T   mem=True nz=True ynz=True cond=True claim_agree=True upper=1921.24741999  CERT
173616248,0,1 RHO mem=True nz=True ynz=True cond=True claim_agree=True upper=0.910269873365  CERT
173616248,0,1 T   mem=True nz=True ynz=True cond=True claim_agree=True upper=2154.69947424  CERT
181572878,0,1 RHO mem=True nz=True ynz=True cond=True claim_agree=True upper=0.910269873365  CERT
181572878,0,1 T   mem=True nz=True ynz=True cond=True claim_agree=True upper=2229.98038691  CERT
190969916,0,1 RHO mem=True nz=True ynz=True cond=True claim_agree=True upper=0.938204130251  CERT
190969916,0,1 T   mem=True nz=True ynz=True cond=True claim_agree=True upper=2261.27748985  CERT
261248849,0,1 RHO mem=True nz=True ynz=True cond=True claim_agree=True upper=0.944678131222  CERT
261248849,0,1 T   mem=True nz=True ynz=True cond=True claim_agree=True upper=2697.02796148  CERT
272078917,0,1 RHO mem=True nz=True ynz=True cond=True claim_agree=True upper=0.896298455357  CERT
272078917,0,1 T   mem=True nz=True ynz=True cond=True claim_agree=True upper=2279.77750873  CERT
313336052,0,1 RHO mem=True nz=True ynz=True cond=True claim_agree=True upper=0.913525242408  CERT
313336052,0,1 T   mem=True nz=True ynz=True cond=True claim_agree=True upper=1942.16407296  CERT
332436263,0,1 RHO mem=True nz=True ynz=True cond=True claim_agree=True upper=0.928113976802  CERT
332436263,0,1 T   mem=True nz=True ynz=True cond=True claim_agree=True upper=3129.23357521  CERT
348558656,0,1 RHO mem=True nz=True ynz=True cond=True claim_agree=True upper=0.938204130251  CERT
348558656,0,1 T   mem=True nz=True ynz=True cond=True claim_agree=True upper=2334.77300313  CERT
373359042,0,1 RHO mem=True nz=True ynz=True cond=True claim_agree=True upper=0.904258880955  CERT
373359042,0,1 T   mem=True nz=True ynz=True cond=True claim_agree=True upper=2380.37669655  CERT
395706382,0,1 RHO mem=True nz=True ynz=True cond=True claim_agree=True upper=0.942830881757  CERT
395706382,0,1 T   mem=True nz=True ynz=True cond=True claim_agree=True upper=2035.15558099  CERT
410688302,0,1 RHO mem=True nz=True ynz=True cond=True claim_agree=True upper=0.880685596298  CERT
410688302,0,1 T   mem=True nz=True ynz=True cond=True claim_agree=True upper=1972.60970226  CERT
590155539,0,1 RHO mem=True nz=True ynz=True cond=True claim_agree=True upper=0.931597854642  CERT
590155539,0,1 T   mem=True nz=True ynz=True cond=True claim_agree=True upper=2156.84413357  CERT
605137459,0,1 RHO mem=True nz=True ynz=True cond=True claim_agree=True upper=0.903633711985  CERT
605137459,0,1 T   mem=True nz=True ynz=True cond=True claim_agree=True upper=2369.97741537  CERT
627484799,0,1 RHO mem=True nz=True ynz=True cond=True claim_agree=True upper=0.899881488002  CERT
627484799,0,1 T   mem=True nz=True ynz=True cond=True claim_agree=True upper=1824.50757966  CERT
652285185,0,1 RHO mem=True nz=True ynz=True cond=True claim_agree=True upper=0.909359453935  CERT
652285185,0,1 T   mem=True nz=True ynz=True cond=True claim_agree=True upper=2406.71892781  CERT
668407578,0,1 RHO mem=True nz=True ynz=True cond=True claim_agree=True upper=0.869975967093  CERT
668407578,0,1 T   mem=True nz=True ynz=True cond=True claim_agree=True upper=1563.99222756  CERT
687507789,0,1 RHO mem=True nz=True ynz=True cond=True claim_agree=True upper=0.897484606472  CERT
687507789,0,1 T   mem=True nz=True ynz=True cond=True claim_agree=True upper=1776.44011497  CERT
728764924,0,1 RHO mem=True nz=True ynz=True cond=True claim_agree=True upper=0.944678131222  CERT
728764924,0,1 T   mem=True nz=True ynz=True cond=True claim_agree=True upper=2160.08636664  CERT
739594992,0,1 RHO mem=True nz=True ynz=True cond=True claim_agree=True upper=0.896298455357  CERT
739594992,0,1 T   mem=True nz=True ynz=True cond=True claim_agree=True upper=2219.76797040  CERT
809873925,0,1 RHO mem=True nz=True ynz=True cond=True claim_agree=True upper=0.909359453935  CERT
809873925,0,1 T   mem=True nz=True ynz=True cond=True claim_agree=True upper=2336.33590931  CERT
819270963,0,1 RHO mem=True nz=True ynz=True cond=True claim_agree=True upper=0.936866194190  CERT
819270963,0,1 T   mem=True nz=True ynz=True cond=True claim_agree=True upper=2526.69997051  CERT
827227593,0,1 RHO mem=True nz=True ynz=True cond=True claim_agree=True upper=0.936866194190  CERT
827227593,0,1 T   mem=True nz=True ynz=True cond=True claim_agree=True upper=2877.10745916  CERT
832907930,0,1 RHO mem=True nz=True ynz=True cond=True claim_agree=True upper=0.942830881757  CERT
832907930,0,1 T   mem=True nz=True ynz=True cond=True claim_agree=True upper=2945.23834414  CERT
839703558,0,1 RHO mem=True nz=True ynz=True cond=True claim_agree=True upper=0.869975967093  CERT
839703558,0,1 T   mem=True nz=True ynz=True cond=True claim_agree=True upper=1559.86020332  CERT
889953421,0,1 RHO mem=True nz=True ynz=True cond=True claim_agree=True upper=0.880685596298  CERT
889953421,0,1 T   mem=True nz=True ynz=True cond=True claim_agree=True upper=2236.30158949  CERT
911640301,0,1 RHO mem=True nz=True ynz=True cond=True claim_agree=True upper=0.897484606472  CERT
911640301,0,1 T   mem=True nz=True ynz=True cond=True claim_agree=True upper=2471.03909216  CERT
932847991,0,1 RHO mem=True nz=True ynz=True cond=True claim_agree=True upper=0.904258880955  CERT
932847991,0,1 T   mem=True nz=True ynz=True cond=True claim_agree=True upper=2419.06064987  CERT
FAMILY VERIFY n=7 l=1000843841 : EXCLUDED (components certified 32 / 32 ; lines 64 ; failed lines 0)
FAMILY VERIFY PASS
