FACTORIZATION: 32 irreducible factors of degree 2 over F_1001096897: OK (header deg/ncomp/bar_T agree)
83956309,0,1 RHO mem=True nz=True ynz=True cond=True claim_agree=True upper=0.906497517317  CERT
83956309,0,1 T   mem=True nz=True ynz=True cond=True claim_agree=True upper=2825.47628140  CERT
95177545,0,1 RHO mem=True nz=True ynz=True cond=True claim_agree=True upper=0.933378385943  CERT
95177545,0,1 T   mem=True nz=True ynz=True cond=True claim_agree=True upper=3383.57762463  CERT
103806520,0,1 RHO mem=True nz=True ynz=True cond=True claim_agree=True upper=0.930260712379  CERT
103806520,0,1 T   mem=True nz=True ynz=True cond=True claim_agree=True upper=1989.09025302  CERT
136390843,0,1 RHO mem=True nz=True ynz=True cond=True claim_agree=True upper=0.933378385943  CERT
136390843,0,1 T   mem=True nz=True ynz=True cond=True claim_agree=True upper=2140.27313012  CERT
173761056,0,1 RHO mem=True nz=True ynz=True cond=True claim_agree=True upper=0.936444444075  CERT
173761056,0,1 T   mem=True nz=True ynz=True cond=True claim_agree=True upper=2753.09607000  CERT
209614600,0,1 RHO mem=True nz=True ynz=True cond=True claim_agree=True upper=0.957320980443  CERT
209614600,0,1 T   mem=True nz=True ynz=True cond=True claim_agree=True upper=2537.41717522  CERT
228931308,0,1 RHO mem=True nz=True ynz=True cond=True claim_agree=True upper=0.943510327120  CERT
228931308,0,1 T   mem=True nz=True ynz=True cond=True claim_agree=True upper=2855.27272519  CERT
254283310,0,1 RHO mem=True nz=True ynz=True cond=True claim_agree=True upper=0.902712903916  CERT
254283310,0,1 T   mem=True nz=True ynz=True cond=True claim_agree=True upper=2357.36187166  CERT
289168968,0,1 RHO mem=True nz=True ynz=True cond=True claim_agree=True upper=0.943222043470  CERT
289168968,0,1 T   mem=True nz=True ynz=True cond=True claim_agree=True upper=2389.17476508  CERT
306447397,0,1 RHO mem=True nz=True ynz=True cond=True claim_agree=True upper=0.902712903916  CERT
306447397,0,1 T   mem=True nz=True ynz=True cond=True claim_agree=True upper=2425.80118902  CERT
342413494,0,1 RHO mem=True nz=True ynz=True cond=True claim_agree=True upper=0.930260712379  CERT
342413494,0,1 T   mem=True nz=True ynz=True cond=True claim_agree=True upper=2938.14006594  CERT
353233515,0,1 RHO mem=True nz=True ynz=True cond=True claim_agree=True upper=0.952850825323  CERT
353233515,0,1 T   mem=True nz=True ynz=True cond=True claim_agree=True upper=2813.76129985  CERT
403669904,0,1 RHO mem=True nz=True ynz=True cond=True claim_agree=True upper=0.943510327120  CERT
403669904,0,1 T   mem=True nz=True ynz=True cond=True claim_agree=True upper=2173.87784880  CERT
424622526,0,1 RHO mem=True nz=True ynz=True cond=True claim_agree=True upper=0.936444444075  CERT
424622526,0,1 T   mem=True nz=True ynz=True cond=True claim_agree=True upper=2863.55344893  CERT
474138572,0,1 RHO mem=True nz=True ynz=True cond=True claim_agree=True upper=0.943222043470  CERT
474138572,0,1 T   mem=True nz=True ynz=True cond=True claim_agree=True upper=2692.52809945  CERT
495652523,0,1 RHO mem=True nz=True ynz=True cond=True claim_agree=True upper=0.957320980443  CERT
495652523,0,1 T   mem=True nz=True ynz=True cond=True claim_agree=True upper=2792.51195226  CERT
505444374,0,1 RHO mem=True nz=True ynz=True cond=True claim_agree=True upper=0.947707703890  CERT
505444374,0,1 T   mem=True nz=True ynz=True cond=True claim_agree=True upper=3111.69972898  CERT
526958325,0,1 RHO mem=True nz=True ynz=True cond=True claim_agree=True upper=0.959329473993  CERT
526958325,0,1 T   mem=True nz=True ynz=True cond=True claim_agree=True upper=2144.92707301  CERT
576474371,0,1 RHO mem=True nz=True ynz=True cond=True claim_agree=True upper=0.945728261129  CERT
576474371,0,1 T   mem=True nz=True ynz=True cond=True claim_agree=True upper=2407.94228173  CERT
597426993,0,1 RHO mem=True nz=True ynz=True cond=True claim_agree=True upper=0.961952829210  CERT
597426993,0,1 T   mem=True nz=True ynz=True cond=True claim_agree=True upper=2755.87629059  CERT
647863382,0,1 RHO mem=True nz=True ynz=True cond=True claim_agree=True upper=0.906497517317  CERT
647863382,0,1 T   mem=True nz=True ynz=True cond=True claim_agree=True upper=2083.35968961  CERT
658683403,0,1 RHO mem=True nz=True ynz=True cond=True claim_agree=True upper=0.947381385938  CERT
658683403,0,1 T   mem=True nz=True ynz=True cond=True claim_agree=True upper=2128.87711201  CERT
694649500,0,1 RHO mem=True nz=True ynz=True cond=True claim_agree=True upper=0.961855626580  CERT
694649500,0,1 T   mem=True nz=True ynz=True cond=True claim_agree=True upper=2517.94327201  CERT
711927929,0,1 RHO mem=True nz=True ynz=True cond=True claim_agree=True upper=0.959329473993  CERT
711927929,0,1 T   mem=True nz=True ynz=True cond=True claim_agree=True upper=2938.93198463  CERT
746813587,0,1 RHO mem=True nz=True ynz=True cond=True claim_agree=True upper=0.961855626580  CERT
746813587,0,1 T   mem=True nz=True ynz=True cond=True claim_agree=True upper=2610.49444864  CERT
772165589,0,1 RHO mem=True nz=True ynz=True cond=True claim_agree=True upper=0.961952829210  CERT
772165589,0,1 T   mem=True nz=True ynz=True cond=True claim_agree=True upper=2115.06194410  CERT
791482297,0,1 RHO mem=True nz=True ynz=True cond=True claim_agree=True upper=0.947707703890  CERT
791482297,0,1 T   mem=True nz=True ynz=True cond=True claim_agree=True upper=2504.06213188  CERT
827335841,0,1 RHO mem=True nz=True ynz=True cond=True claim_agree=True upper=0.945728261129  CERT
827335841,0,1 T   mem=True nz=True ynz=True cond=True claim_agree=True upper=2409.04658185  CERT
864706054,0,1 RHO mem=True nz=True ynz=True cond=True claim_agree=True upper=0.930571964654  CERT
864706054,0,1 T   mem=True nz=True ynz=True cond=True claim_agree=True upper=2019.40652373  CERT
897290377,0,1 RHO mem=True nz=True ynz=True cond=True claim_agree=True upper=0.947381385938  CERT
897290377,0,1 T   mem=True nz=True ynz=True cond=True claim_agree=True upper=2187.13570286  CERT
905919352,0,1 RHO mem=True nz=True ynz=True cond=True claim_agree=True upper=0.930571964654  CERT
905919352,0,1 T   mem=True nz=True ynz=True cond=True claim_agree=True upper=2400.22012600  CERT
917140588,0,1 RHO mem=True nz=True ynz=True cond=True claim_agree=True upper=0.952850825323  CERT
917140588,0,1 T   mem=True nz=True ynz=True cond=True claim_agree=True upper=2653.09743739  CERT
FAMILY VERIFY n=7 l=1001096897 : EXCLUDED (components certified 32 / 32 ; lines 64 ; failed lines 0)
FAMILY VERIFY PASS
