FACTORIZATION: 32 irreducible factors of degree 2 over F_1000164929: OK (header deg/ncomp/bar_T agree)
15048947,0,1 RHO mem=True nz=True ynz=True cond=True claim_agree=True upper=0.944571005707  CERT
15048947,0,1 T   mem=True nz=True ynz=True cond=True claim_agree=True upper=2560.33901943  CERT
36044374,0,1 RHO mem=True nz=True ynz=True cond=True claim_agree=True upper=0.935331586763  CERT
36044374,0,1 T   mem=True nz=True ynz=True cond=True claim_agree=True upper=3143.99165315  CERT
76486777,0,1 RHO mem=True nz=True ynz=True cond=True claim_agree=True upper=0.934452031146  CERT
76486777,0,1 T   mem=True nz=True ynz=True cond=True claim_agree=True upper=2887.41938210  CERT
96088235,0,1 RHO mem=True nz=True ynz=True cond=True claim_agree=True upper=0.934094868331  CERT
96088235,0,1 T   mem=True nz=True ynz=True cond=True claim_agree=True upper=2438.40354700  CERT
146718426,0,1 RHO mem=True nz=True ynz=True cond=True claim_agree=True upper=0.934452031146  CERT
146718426,0,1 T   mem=True nz=True ynz=True cond=True claim_agree=True upper=2142.07577135  CERT
164908043,0,1 RHO mem=True nz=True ynz=True cond=True claim_agree=True upper=0.893669382658  CERT
164908043,0,1 T   mem=True nz=True ynz=True cond=True claim_agree=True upper=2096.51359210  CERT
170740922,0,1 RHO mem=True nz=True ynz=True cond=True claim_agree=True upper=0.890062145942  CERT
170740922,0,1 T   mem=True nz=True ynz=True cond=True claim_agree=True upper=2191.25845798  CERT
226875024,0,1 RHO mem=True nz=True ynz=True cond=True claim_agree=True upper=0.890062145942  CERT
226875024,0,1 T   mem=True nz=True ynz=True cond=True claim_agree=True upper=2023.32899182  CERT
232269311,0,1 RHO mem=True nz=True ynz=True cond=True claim_agree=True upper=0.937470715951  CERT
232269311,0,1 T   mem=True nz=True ynz=True cond=True claim_agree=True upper=2308.00822205  CERT
237409933,0,1 RHO mem=True nz=True ynz=True cond=True claim_agree=True upper=0.922392350665  CERT
237409933,0,1 T   mem=True nz=True ynz=True cond=True claim_agree=True upper=2488.87621373  CERT
296540595,0,1 RHO mem=True nz=True ynz=True cond=True claim_agree=True upper=0.922752494041  CERT
296540595,0,1 T   mem=True nz=True ynz=True cond=True claim_agree=True upper=2081.71411996  CERT
297378147,0,1 RHO mem=True nz=True ynz=True cond=True claim_agree=True upper=0.936022249428  CERT
297378147,0,1 T   mem=True nz=True ynz=True cond=True claim_agree=True upper=2202.85313169  CERT
327098760,0,1 RHO mem=True nz=True ynz=True cond=True claim_agree=True upper=0.924128981793  CERT
327098760,0,1 T   mem=True nz=True ynz=True cond=True claim_agree=True upper=3160.09087845  CERT
336517399,0,1 RHO mem=True nz=True ynz=True cond=True claim_agree=True upper=0.966395653377  CERT
336517399,0,1 T   mem=True nz=True ynz=True cond=True claim_agree=True upper=2628.30900721  CERT
374629130,0,1 RHO mem=True nz=True ynz=True cond=True claim_agree=True upper=0.937470715951  CERT
374629130,0,1 T   mem=True nz=True ynz=True cond=True claim_agree=True upper=2250.62939644  CERT
447287624,0,1 RHO mem=True nz=True ynz=True cond=True claim_agree=True upper=0.934094868331  CERT
447287624,0,1 T   mem=True nz=True ynz=True cond=True claim_agree=True upper=1948.24775900  CERT
552877305,0,1 RHO mem=True nz=True ynz=True cond=True claim_agree=True upper=0.963232905779  CERT
552877305,0,1 T   mem=True nz=True ynz=True cond=True claim_agree=True upper=2972.98013651  CERT
625535799,0,1 RHO mem=True nz=True ynz=True cond=True claim_agree=True upper=0.945993015449  CERT
625535799,0,1 T   mem=True nz=True ynz=True cond=True claim_agree=True upper=2208.94249821  CERT
663647530,0,1 RHO mem=True nz=True ynz=True cond=True claim_agree=True upper=0.922752494041  CERT
663647530,0,1 T   mem=True nz=True ynz=True cond=True claim_agree=True upper=2304.87899609  CERT
673066169,0,1 RHO mem=True nz=True ynz=True cond=True claim_agree=True upper=0.922392350665  CERT
673066169,0,1 T   mem=True nz=True ynz=True cond=True claim_agree=True upper=2482.33256733  CERT
702786782,0,1 RHO mem=True nz=True ynz=True cond=True claim_agree=True upper=0.944571005707  CERT
702786782,0,1 T   mem=True nz=True ynz=True cond=True claim_agree=True upper=2994.60244591  CERT
703624334,0,1 RHO mem=True nz=True ynz=True cond=True claim_agree=True upper=0.966395653377  CERT
703624334,0,1 T   mem=True nz=True ynz=True cond=True claim_agree=True upper=2670.89791523  CERT
762754996,0,1 RHO mem=True nz=True ynz=True cond=True claim_agree=True upper=0.924128981793  CERT
762754996,0,1 T   mem=True nz=True ynz=True cond=True claim_agree=True upper=2300.97370745  CERT
767895618,0,1 RHO mem=True nz=True ynz=True cond=True claim_agree=True upper=0.945993015449  CERT
767895618,0,1 T   mem=True nz=True ynz=True cond=True claim_agree=True upper=2472.12859959  CERT
773289905,0,1 RHO mem=True nz=True ynz=True cond=True claim_agree=True upper=0.960783948009  CERT
773289905,0,1 T   mem=True nz=True ynz=True cond=True claim_agree=True upper=2458.28464376  CERT
829424007,0,1 RHO mem=True nz=True ynz=True cond=True claim_agree=True upper=0.960783948009  CERT
829424007,0,1 T   mem=True nz=True ynz=True cond=True claim_agree=True upper=2257.45380085  CERT
835256886,0,1 RHO mem=True nz=True ynz=True cond=True claim_agree=True upper=0.935331586763  CERT
835256886,0,1 T   mem=True nz=True ynz=True cond=True claim_agree=True upper=2696.52800160  CERT
853446503,0,1 RHO mem=True nz=True ynz=True cond=True claim_agree=True upper=0.922741650636  CERT
853446503,0,1 T   mem=True nz=True ynz=True cond=True claim_agree=True upper=2241.99082624  CERT
904076694,0,1 RHO mem=True nz=True ynz=True cond=True claim_agree=True upper=0.963232905779  CERT
904076694,0,1 T   mem=True nz=True ynz=True cond=True claim_agree=True upper=2407.38730352  CERT
923678152,0,1 RHO mem=True nz=True ynz=True cond=True claim_agree=True upper=0.922741650636  CERT
923678152,0,1 T   mem=True nz=True ynz=True cond=True claim_agree=True upper=2608.28334229  CERT
964120555,0,1 RHO mem=True nz=True ynz=True cond=True claim_agree=True upper=0.893669382658  CERT
964120555,0,1 T   mem=True nz=True ynz=True cond=True claim_agree=True upper=2297.10033431  CERT
985115982,0,1 RHO mem=True nz=True ynz=True cond=True claim_agree=True upper=0.936022249428  CERT
985115982,0,1 T   mem=True nz=True ynz=True cond=True claim_agree=True upper=2045.93325490  CERT
FAMILY VERIFY n=7 l=1000164929 : EXCLUDED (components certified 32 / 32 ; lines 64 ; failed lines 0)
FAMILY VERIFY PASS
