FACTORIZATION: 32 irreducible factors of degree 2 over F_1000136513: OK (header deg/ncomp/bar_T agree)
18560869,0,1 RHO mem=True nz=True ynz=True cond=True claim_agree=True upper=0.951470015959  CERT
18560869,0,1 T   mem=True nz=True ynz=True cond=True claim_agree=True upper=3061.18327474  CERT
50430944,0,1 RHO mem=True nz=True ynz=True cond=True claim_agree=True upper=0.931280874503  CERT
50430944,0,1 T   mem=True nz=True ynz=True cond=True claim_agree=True upper=2512.33460825  CERT
56494163,0,1 RHO mem=True nz=True ynz=True cond=True claim_agree=True upper=0.945811127401  CERT
56494163,0,1 T   mem=True nz=True ynz=True cond=True claim_agree=True upper=2289.91461259  CERT
68185048,0,1 RHO mem=True nz=True ynz=True cond=True claim_agree=True upper=0.919982378959  CERT
68185048,0,1 T   mem=True nz=True ynz=True cond=True claim_agree=True upper=2083.36861173  CERT
115521126,0,1 RHO mem=True nz=True ynz=True cond=True claim_agree=True upper=0.920876910005  CERT
115521126,0,1 T   mem=True nz=True ynz=True cond=True claim_agree=True upper=2050.57736122  CERT
157264401,0,1 RHO mem=True nz=True ynz=True cond=True claim_agree=True upper=0.897836890046  CERT
157264401,0,1 T   mem=True nz=True ynz=True cond=True claim_agree=True upper=2976.33634582  CERT
166559783,0,1 RHO mem=True nz=True ynz=True cond=True claim_agree=True upper=0.949341974348  CERT
166559783,0,1 T   mem=True nz=True ynz=True cond=True claim_agree=True upper=2872.85971596  CERT
238202258,0,1 RHO mem=True nz=True ynz=True cond=True claim_agree=True upper=0.949341974348  CERT
238202258,0,1 T   mem=True nz=True ynz=True cond=True claim_agree=True upper=2059.38592374  CERT
247277455,0,1 RHO mem=True nz=True ynz=True cond=True claim_agree=True upper=0.948660296050  CERT
247277455,0,1 T   mem=True nz=True ynz=True cond=True claim_agree=True upper=2030.86614364  CERT
288688654,0,1 RHO mem=True nz=True ynz=True cond=True claim_agree=True upper=0.949267899973  CERT
288688654,0,1 T   mem=True nz=True ynz=True cond=True claim_agree=True upper=2483.75100795  CERT
322553298,0,1 RHO mem=True nz=True ynz=True cond=True claim_agree=True upper=0.931280874503  CERT
322553298,0,1 T   mem=True nz=True ynz=True cond=True claim_agree=True upper=2059.95156455  CERT
341082531,0,1 RHO mem=True nz=True ynz=True cond=True claim_agree=True upper=0.948660296050  CERT
341082531,0,1 T   mem=True nz=True ynz=True cond=True claim_agree=True upper=2231.17923695  CERT
355905455,0,1 RHO mem=True nz=True ynz=True cond=True claim_agree=True upper=0.923421129091  CERT
355905455,0,1 T   mem=True nz=True ynz=True cond=True claim_agree=True upper=2839.17571850  CERT
442204756,0,1 RHO mem=True nz=True ynz=True cond=True claim_agree=True upper=0.949267899973  CERT
442204756,0,1 T   mem=True nz=True ynz=True cond=True claim_agree=True upper=2317.67729308  CERT
458104787,0,1 RHO mem=True nz=True ynz=True cond=True claim_agree=True upper=0.927329702693  CERT
458104787,0,1 T   mem=True nz=True ynz=True cond=True claim_agree=True upper=1930.68222272  CERT
475966878,0,1 RHO mem=True nz=True ynz=True cond=True claim_agree=True upper=0.897836890046  CERT
475966878,0,1 T   mem=True nz=True ynz=True cond=True claim_agree=True upper=2397.65469475  CERT
524169635,0,1 RHO mem=True nz=True ynz=True cond=True claim_agree=True upper=0.924270536790  CERT
524169635,0,1 T   mem=True nz=True ynz=True cond=True claim_agree=True upper=1950.37624752  CERT
542031726,0,1 RHO mem=True nz=True ynz=True cond=True claim_agree=True upper=0.945811127401  CERT
542031726,0,1 T   mem=True nz=True ynz=True cond=True claim_agree=True upper=2386.54969306  CERT
557931757,0,1 RHO mem=True nz=True ynz=True cond=True claim_agree=True upper=0.898486963356  CERT
557931757,0,1 T   mem=True nz=True ynz=True cond=True claim_agree=True upper=2759.97694188  CERT
644231058,0,1 RHO mem=True nz=True ynz=True cond=True claim_agree=True upper=0.920876910005  CERT
644231058,0,1 T   mem=True nz=True ynz=True cond=True claim_agree=True upper=2384.10472658  CERT
659053982,0,1 RHO mem=True nz=True ynz=True cond=True claim_agree=True upper=0.906883955109  CERT
659053982,0,1 T   mem=True nz=True ynz=True cond=True claim_agree=True upper=2190.00896604  CERT
677583215,0,1 RHO mem=True nz=True ynz=True cond=True claim_agree=True upper=0.893356528146  CERT
677583215,0,1 T   mem=True nz=True ynz=True cond=True claim_agree=True upper=2275.93187674  CERT
711447859,0,1 RHO mem=True nz=True ynz=True cond=True claim_agree=True upper=0.898486963356  CERT
711447859,0,1 T   mem=True nz=True ynz=True cond=True claim_agree=True upper=1849.58157080  CERT
752859058,0,1 RHO mem=True nz=True ynz=True cond=True claim_agree=True upper=0.906883955109  CERT
752859058,0,1 T   mem=True nz=True ynz=True cond=True claim_agree=True upper=2200.11329916  CERT
761934255,0,1 RHO mem=True nz=True ynz=True cond=True claim_agree=True upper=0.925841271325  CERT
761934255,0,1 T   mem=True nz=True ynz=True cond=True claim_agree=True upper=2312.58071083  CERT
833576730,0,1 RHO mem=True nz=True ynz=True cond=True claim_agree=True upper=0.925841271325  CERT
833576730,0,1 T   mem=True nz=True ynz=True cond=True claim_agree=True upper=2557.83107404  CERT
842872112,0,1 RHO mem=True nz=True ynz=True cond=True claim_agree=True upper=0.924270536790  CERT
842872112,0,1 T   mem=True nz=True ynz=True cond=True claim_agree=True upper=2390.30748063  CERT
884615387,0,1 RHO mem=True nz=True ynz=True cond=True claim_agree=True upper=0.923421129091  CERT
884615387,0,1 T   mem=True nz=True ynz=True cond=True claim_agree=True upper=2455.65991155  CERT
931951465,0,1 RHO mem=True nz=True ynz=True cond=True claim_agree=True upper=0.951470015959  CERT
931951465,0,1 T   mem=True nz=True ynz=True cond=True claim_agree=True upper=2590.00914091  CERT
943642350,0,1 RHO mem=True nz=True ynz=True cond=True claim_agree=True upper=0.927329702693  CERT
943642350,0,1 T   mem=True nz=True ynz=True cond=True claim_agree=True upper=2675.86586904  CERT
949705569,0,1 RHO mem=True nz=True ynz=True cond=True claim_agree=True upper=0.893356528146  CERT
949705569,0,1 T   mem=True nz=True ynz=True cond=True claim_agree=True upper=2900.69302160  CERT
981575644,0,1 RHO mem=True nz=True ynz=True cond=True claim_agree=True upper=0.919982378959  CERT
981575644,0,1 T   mem=True nz=True ynz=True cond=True claim_agree=True upper=1952.47718651  CERT
FAMILY VERIFY n=7 l=1000136513 : EXCLUDED (components certified 32 / 32 ; lines 64 ; failed lines 0)
FAMILY VERIFY PASS
