FACTORIZATION: 32 irreducible factors of degree 2 over F_1000455233: OK (header deg/ncomp/bar_T agree)
30670479,0,1 RHO mem=True nz=True ynz=True cond=True claim_agree=True upper=0.873912817001  CERT
30670479,0,1 T   mem=True nz=True ynz=True cond=True claim_agree=True upper=1967.24972627  CERT
92635000,0,1 RHO mem=True nz=True ynz=True cond=True claim_agree=True upper=0.898537125594  CERT
92635000,0,1 T   mem=True nz=True ynz=True cond=True claim_agree=True upper=1516.25014997  CERT
161949081,0,1 RHO mem=True nz=True ynz=True cond=True claim_agree=True upper=0.888257193926  CERT
161949081,0,1 T   mem=True nz=True ynz=True cond=True claim_agree=True upper=2525.14154294  CERT
164909593,0,1 RHO mem=True nz=True ynz=True cond=True claim_agree=True upper=0.862414912931  CERT
164909593,0,1 T   mem=True nz=True ynz=True cond=True claim_agree=True upper=1985.56275061  CERT
260129332,0,1 RHO mem=True nz=True ynz=True cond=True claim_agree=True upper=0.853409948170  CERT
260129332,0,1 T   mem=True nz=True ynz=True cond=True claim_agree=True upper=2142.26805851  CERT
328268157,0,1 RHO mem=True nz=True ynz=True cond=True claim_agree=True upper=0.851175092086  CERT
328268157,0,1 T   mem=True nz=True ynz=True cond=True claim_agree=True upper=1970.73656940  CERT
336316677,0,1 RHO mem=True nz=True ynz=True cond=True claim_agree=True upper=0.889360229788  CERT
336316677,0,1 T   mem=True nz=True ynz=True cond=True claim_agree=True upper=2856.29017896  CERT
358095722,0,1 RHO mem=True nz=True ynz=True cond=True claim_agree=True upper=0.898537125594  CERT
358095722,0,1 T   mem=True nz=True ynz=True cond=True claim_agree=True upper=2227.39843178  CERT
415751376,0,1 RHO mem=True nz=True ynz=True cond=True claim_agree=True upper=0.903706397847  CERT
415751376,0,1 T   mem=True nz=True ynz=True cond=True claim_agree=True upper=2412.33394430  CERT
445578187,0,1 RHO mem=True nz=True ynz=True cond=True claim_agree=True upper=0.887466579287  CERT
445578187,0,1 T   mem=True nz=True ynz=True cond=True claim_agree=True upper=1625.97417696  CERT
465332582,0,1 RHO mem=True nz=True ynz=True cond=True claim_agree=True upper=0.880437376014  CERT
465332582,0,1 T   mem=True nz=True ynz=True cond=True claim_agree=True upper=1994.74551716  CERT
468327705,0,1 RHO mem=True nz=True ynz=True cond=True claim_agree=True upper=0.889360229788  CERT
468327705,0,1 T   mem=True nz=True ynz=True cond=True claim_agree=True upper=1858.75090965  CERT
469760416,0,1 RHO mem=True nz=True ynz=True cond=True claim_agree=True upper=0.880242955142  CERT
469760416,0,1 T   mem=True nz=True ynz=True cond=True claim_agree=True upper=2129.83469035  CERT
487641253,0,1 RHO mem=True nz=True ynz=True cond=True claim_agree=True upper=0.878252581994  CERT
487641253,0,1 T   mem=True nz=True ynz=True cond=True claim_agree=True upper=1807.76824901  CERT
499008441,0,1 RHO mem=True nz=True ynz=True cond=True claim_agree=True upper=0.853409948170  CERT
499008441,0,1 T   mem=True nz=True ynz=True cond=True claim_agree=True upper=1437.22755885  CERT
500075478,0,1 RHO mem=True nz=True ynz=True cond=True claim_agree=True upper=0.906351372717  CERT
500075478,0,1 T   mem=True nz=True ynz=True cond=True claim_agree=True upper=2524.04993359  CERT
500379755,0,1 RHO mem=True nz=True ynz=True cond=True claim_agree=True upper=0.851175092086  CERT
500379755,0,1 T   mem=True nz=True ynz=True cond=True claim_agree=True upper=1907.39330587  CERT
501446792,0,1 RHO mem=True nz=True ynz=True cond=True claim_agree=True upper=0.895404062841  CERT
501446792,0,1 T   mem=True nz=True ynz=True cond=True claim_agree=True upper=1555.40904392  CERT
512813980,0,1 RHO mem=True nz=True ynz=True cond=True claim_agree=True upper=0.888257193926  CERT
512813980,0,1 T   mem=True nz=True ynz=True cond=True claim_agree=True upper=2359.84570823  CERT
530694817,0,1 RHO mem=True nz=True ynz=True cond=True claim_agree=True upper=0.880437376014  CERT
530694817,0,1 T   mem=True nz=True ynz=True cond=True claim_agree=True upper=2053.33740406  CERT
532127528,0,1 RHO mem=True nz=True ynz=True cond=True claim_agree=True upper=0.838072910515  CERT
532127528,0,1 T   mem=True nz=True ynz=True cond=True claim_agree=True upper=1384.91175802  CERT
535122651,0,1 RHO mem=True nz=True ynz=True cond=True claim_agree=True upper=0.880242955142  CERT
535122651,0,1 T   mem=True nz=True ynz=True cond=True claim_agree=True upper=2130.18143720  CERT
554877046,0,1 RHO mem=True nz=True ynz=True cond=True claim_agree=True upper=0.873912817001  CERT
554877046,0,1 T   mem=True nz=True ynz=True cond=True claim_agree=True upper=1680.66123446  CERT
584703857,0,1 RHO mem=True nz=True ynz=True cond=True claim_agree=True upper=0.862414912931  CERT
584703857,0,1 T   mem=True nz=True ynz=True cond=True claim_agree=True upper=1622.39889129  CERT
642359511,0,1 RHO mem=True nz=True ynz=True cond=True claim_agree=True upper=0.855583660510  CERT
642359511,0,1 T   mem=True nz=True ynz=True cond=True claim_agree=True upper=1751.02152405  CERT
664138556,0,1 RHO mem=True nz=True ynz=True cond=True claim_agree=True upper=0.838072910515  CERT
664138556,0,1 T   mem=True nz=True ynz=True cond=True claim_agree=True upper=1488.71972673  CERT
672187076,0,1 RHO mem=True nz=True ynz=True cond=True claim_agree=True upper=0.906351372717  CERT
672187076,0,1 T   mem=True nz=True ynz=True cond=True claim_agree=True upper=1864.45506492  CERT
740325901,0,1 RHO mem=True nz=True ynz=True cond=True claim_agree=True upper=0.895404062841  CERT
740325901,0,1 T   mem=True nz=True ynz=True cond=True claim_agree=True upper=1959.80094165  CERT
835545640,0,1 RHO mem=True nz=True ynz=True cond=True claim_agree=True upper=0.903706397847  CERT
835545640,0,1 T   mem=True nz=True ynz=True cond=True claim_agree=True upper=1957.67259283  CERT
838506152,0,1 RHO mem=True nz=True ynz=True cond=True claim_agree=True upper=0.878252581994  CERT
838506152,0,1 T   mem=True nz=True ynz=True cond=True claim_agree=True upper=1583.01949859  CERT
907820233,0,1 RHO mem=True nz=True ynz=True cond=True claim_agree=True upper=0.855583660510  CERT
907820233,0,1 T   mem=True nz=True ynz=True cond=True claim_agree=True upper=1982.59378596  CERT
969784754,0,1 RHO mem=True nz=True ynz=True cond=True claim_agree=True upper=0.887466579287  CERT
969784754,0,1 T   mem=True nz=True ynz=True cond=True claim_agree=True upper=2284.27069580  CERT
FAMILY VERIFY n=7 l=1000455233 : EXCLUDED (components certified 32 / 32 ; lines 64 ; failed lines 0)
FAMILY VERIFY PASS
