FACTORIZATION: 32 irreducible factors of degree 2 over F_1001138497: OK (header deg/ncomp/bar_T agree)
36029755,0,1 RHO mem=True nz=True ynz=True cond=True claim_agree=True upper=0.952717692525  CERT
36029755,0,1 T   mem=True nz=True ynz=True cond=True claim_agree=True upper=2347.42067025  CERT
48682854,0,1 RHO mem=True nz=True ynz=True cond=True claim_agree=True upper=0.895856984422  CERT
48682854,0,1 T   mem=True nz=True ynz=True cond=True claim_agree=True upper=2232.44097569  CERT
53715521,0,1 RHO mem=True nz=True ynz=True cond=True claim_agree=True upper=0.949773864889  CERT
53715521,0,1 T   mem=True nz=True ynz=True cond=True claim_agree=True upper=2918.43364992  CERT
87789126,0,1 RHO mem=True nz=True ynz=True cond=True claim_agree=True upper=0.928012515539  CERT
87789126,0,1 T   mem=True nz=True ynz=True cond=True claim_agree=True upper=2799.63020205  CERT
110927157,0,1 RHO mem=True nz=True ynz=True cond=True claim_agree=True upper=0.968756228278  CERT
110927157,0,1 T   mem=True nz=True ynz=True cond=True claim_agree=True upper=3249.51939933  CERT
139804566,0,1 RHO mem=True nz=True ynz=True cond=True claim_agree=True upper=0.956827726087  CERT
139804566,0,1 T   mem=True nz=True ynz=True cond=True claim_agree=True upper=2017.28995800  CERT
152736649,0,1 RHO mem=True nz=True ynz=True cond=True claim_agree=True upper=0.963814289780  CERT
152736649,0,1 T   mem=True nz=True ynz=True cond=True claim_agree=True upper=2639.46567436  CERT
235685691,0,1 RHO mem=True nz=True ynz=True cond=True claim_agree=True upper=0.956827726087  CERT
235685691,0,1 T   mem=True nz=True ynz=True cond=True claim_agree=True upper=3002.57777365  CERT
254300716,0,1 RHO mem=True nz=True ynz=True cond=True claim_agree=True upper=0.939854502820  CERT
254300716,0,1 T   mem=True nz=True ynz=True cond=True claim_agree=True upper=2387.06640725  CERT
303168646,0,1 RHO mem=True nz=True ynz=True cond=True claim_agree=True upper=0.946453969264  CERT
303168646,0,1 T   mem=True nz=True ynz=True cond=True claim_agree=True upper=2876.72816624  CERT
324945481,0,1 RHO mem=True nz=True ynz=True cond=True claim_agree=True upper=0.946398463649  CERT
324945481,0,1 T   mem=True nz=True ynz=True cond=True claim_agree=True upper=2207.15034683  CERT
405540725,0,1 RHO mem=True nz=True ynz=True cond=True claim_agree=True upper=0.963814289780  CERT
405540725,0,1 T   mem=True nz=True ynz=True cond=True claim_agree=True upper=2379.70716833  CERT
424826352,0,1 RHO mem=True nz=True ynz=True cond=True claim_agree=True upper=0.967509642866  CERT
424826352,0,1 T   mem=True nz=True ynz=True cond=True claim_agree=True upper=2592.65374947  CERT
468442073,0,1 RHO mem=True nz=True ynz=True cond=True claim_agree=True upper=0.956045228016  CERT
468442073,0,1 T   mem=True nz=True ynz=True cond=True claim_agree=True upper=2481.57035969  CERT
472835075,0,1 RHO mem=True nz=True ynz=True cond=True claim_agree=True upper=0.967509642866  CERT
472835075,0,1 T   mem=True nz=True ynz=True cond=True claim_agree=True upper=2223.23907937  CERT
479924492,0,1 RHO mem=True nz=True ynz=True cond=True claim_agree=True upper=0.930791918665  CERT
479924492,0,1 T   mem=True nz=True ynz=True cond=True claim_agree=True upper=2491.88224426  CERT
521214005,0,1 RHO mem=True nz=True ynz=True cond=True claim_agree=True upper=0.946398463649  CERT
521214005,0,1 T   mem=True nz=True ynz=True cond=True claim_agree=True upper=2662.94201379  CERT
528303422,0,1 RHO mem=True nz=True ynz=True cond=True claim_agree=True upper=0.954835217862  CERT
528303422,0,1 T   mem=True nz=True ynz=True cond=True claim_agree=True upper=1963.44108657  CERT
532696424,0,1 RHO mem=True nz=True ynz=True cond=True claim_agree=True upper=0.946453969264  CERT
532696424,0,1 T   mem=True nz=True ynz=True cond=True claim_agree=True upper=2775.20527000  CERT
576312145,0,1 RHO mem=True nz=True ynz=True cond=True claim_agree=True upper=0.954835217862  CERT
576312145,0,1 T   mem=True nz=True ynz=True cond=True claim_agree=True upper=2906.54916548  CERT
595597772,0,1 RHO mem=True nz=True ynz=True cond=True claim_agree=True upper=0.946641109212  CERT
595597772,0,1 T   mem=True nz=True ynz=True cond=True claim_agree=True upper=2074.27606007  CERT
676193016,0,1 RHO mem=True nz=True ynz=True cond=True claim_agree=True upper=0.930791918665  CERT
676193016,0,1 T   mem=True nz=True ynz=True cond=True claim_agree=True upper=2852.63426111  CERT
697969851,0,1 RHO mem=True nz=True ynz=True cond=True claim_agree=True upper=0.956045228016  CERT
697969851,0,1 T   mem=True nz=True ynz=True cond=True claim_agree=True upper=1846.47774781  CERT
746837781,0,1 RHO mem=True nz=True ynz=True cond=True claim_agree=True upper=0.952717692525  CERT
746837781,0,1 T   mem=True nz=True ynz=True cond=True claim_agree=True upper=2013.49616964  CERT
765452806,0,1 RHO mem=True nz=True ynz=True cond=True claim_agree=True upper=0.941565432547  CERT
765452806,0,1 T   mem=True nz=True ynz=True cond=True claim_agree=True upper=2750.04179740  CERT
848401848,0,1 RHO mem=True nz=True ynz=True cond=True claim_agree=True upper=0.946641109212  CERT
848401848,0,1 T   mem=True nz=True ynz=True cond=True claim_agree=True upper=2152.55682715  CERT
861333931,0,1 RHO mem=True nz=True ynz=True cond=True claim_agree=True upper=0.941565432547  CERT
861333931,0,1 T   mem=True nz=True ynz=True cond=True claim_agree=True upper=2480.01708559  CERT
890211340,0,1 RHO mem=True nz=True ynz=True cond=True claim_agree=True upper=0.949773864889  CERT
890211340,0,1 T   mem=True nz=True ynz=True cond=True claim_agree=True upper=2523.18550723  CERT
913349371,0,1 RHO mem=True nz=True ynz=True cond=True claim_agree=True upper=0.895856984422  CERT
913349371,0,1 T   mem=True nz=True ynz=True cond=True claim_agree=True upper=1712.97716978  CERT
947422976,0,1 RHO mem=True nz=True ynz=True cond=True claim_agree=True upper=0.968756228278  CERT
947422976,0,1 T   mem=True nz=True ynz=True cond=True claim_agree=True upper=2476.48963942  CERT
952455643,0,1 RHO mem=True nz=True ynz=True cond=True claim_agree=True upper=0.928012515539  CERT
952455643,0,1 T   mem=True nz=True ynz=True cond=True claim_agree=True upper=2203.05223530  CERT
965108742,0,1 RHO mem=True nz=True ynz=True cond=True claim_agree=True upper=0.939854502820  CERT
965108742,0,1 T   mem=True nz=True ynz=True cond=True claim_agree=True upper=2756.39812996  CERT
FAMILY VERIFY n=7 l=1001138497 : EXCLUDED (components certified 32 / 32 ; lines 64 ; failed lines 0)
FAMILY VERIFY PASS
