FACTORIZATION: 32 irreducible factors of degree 2 over F_1000511041: OK (header deg/ncomp/bar_T agree)
22389091,0,1 RHO mem=True nz=True ynz=True cond=True claim_agree=True upper=0.915243176417  CERT
22389091,0,1 T   mem=True nz=True ynz=True cond=True claim_agree=True upper=2006.79860240  CERT
123473010,0,1 RHO mem=True nz=True ynz=True cond=True claim_agree=True upper=0.949456821723  CERT
123473010,0,1 T   mem=True nz=True ynz=True cond=True claim_agree=True upper=2310.05673642  CERT
135883352,0,1 RHO mem=True nz=True ynz=True cond=True claim_agree=True upper=0.919496832551  CERT
135883352,0,1 T   mem=True nz=True ynz=True cond=True claim_agree=True upper=2160.33022290  CERT
162669911,0,1 RHO mem=True nz=True ynz=True cond=True claim_agree=True upper=0.971622969421  CERT
162669911,0,1 T   mem=True nz=True ynz=True cond=True claim_agree=True upper=2119.99099239  CERT
188115190,0,1 RHO mem=True nz=True ynz=True cond=True claim_agree=True upper=0.895251614147  CERT
188115190,0,1 T   mem=True nz=True ynz=True cond=True claim_agree=True upper=2065.60594460  CERT
217806448,0,1 RHO mem=True nz=True ynz=True cond=True claim_agree=True upper=0.938858783814  CERT
217806448,0,1 T   mem=True nz=True ynz=True cond=True claim_agree=True upper=2340.43665127  CERT
262304956,0,1 RHO mem=True nz=True ynz=True cond=True claim_agree=True upper=0.919496832551  CERT
262304956,0,1 T   mem=True nz=True ynz=True cond=True claim_agree=True upper=2993.32824831  CERT
329998964,0,1 RHO mem=True nz=True ynz=True cond=True claim_agree=True upper=0.915243176417  CERT
329998964,0,1 T   mem=True nz=True ynz=True cond=True claim_agree=True upper=2358.39163506  CERT
334965182,0,1 RHO mem=True nz=True ynz=True cond=True claim_agree=True upper=0.933794714427  CERT
334965182,0,1 T   mem=True nz=True ynz=True cond=True claim_agree=True upper=2153.37376212  CERT
379932601,0,1 RHO mem=True nz=True ynz=True cond=True claim_agree=True upper=0.953845425025  CERT
379932601,0,1 T   mem=True nz=True ynz=True cond=True claim_agree=True upper=2331.88598817  CERT
394807096,0,1 RHO mem=True nz=True ynz=True cond=True claim_agree=True upper=0.947952224301  CERT
394807096,0,1 T   mem=True nz=True ynz=True cond=True claim_agree=True upper=2327.92212195  CERT
410029604,0,1 RHO mem=True nz=True ynz=True cond=True claim_agree=True upper=0.979479847460  CERT
410029604,0,1 T   mem=True nz=True ynz=True cond=True claim_agree=True upper=2699.62295855  CERT
412241961,0,1 RHO mem=True nz=True ynz=True cond=True claim_agree=True upper=0.953845425025  CERT
412241961,0,1 T   mem=True nz=True ynz=True cond=True claim_agree=True upper=2451.02405817  CERT
418116129,0,1 RHO mem=True nz=True ynz=True cond=True claim_agree=True upper=0.934240439114  CERT
418116129,0,1 T   mem=True nz=True ynz=True cond=True claim_agree=True upper=2064.18385833  CERT
434749334,0,1 RHO mem=True nz=True ynz=True cond=True claim_agree=True upper=0.933794714427  CERT
434749334,0,1 T   mem=True nz=True ynz=True cond=True claim_agree=True upper=2363.06373658  CERT
479240974,0,1 RHO mem=True nz=True ynz=True cond=True claim_agree=True upper=0.894470914327  CERT
479240974,0,1 T   mem=True nz=True ynz=True cond=True claim_agree=True upper=2223.63372860  CERT
521270067,0,1 RHO mem=True nz=True ynz=True cond=True claim_agree=True upper=0.979479847460  CERT
521270067,0,1 T   mem=True nz=True ynz=True cond=True claim_agree=True upper=3042.72900806  CERT
565761707,0,1 RHO mem=True nz=True ynz=True cond=True claim_agree=True upper=0.927164742361  CERT
565761707,0,1 T   mem=True nz=True ynz=True cond=True claim_agree=True upper=1610.23141759  CERT
582394912,0,1 RHO mem=True nz=True ynz=True cond=True claim_agree=True upper=0.938858783814  CERT
582394912,0,1 T   mem=True nz=True ynz=True cond=True claim_agree=True upper=3089.06191639  CERT
588269080,0,1 RHO mem=True nz=True ynz=True cond=True claim_agree=True upper=0.908089960676  CERT
588269080,0,1 T   mem=True nz=True ynz=True cond=True claim_agree=True upper=1750.50000539  CERT
590481437,0,1 RHO mem=True nz=True ynz=True cond=True claim_agree=True upper=0.894470914327  CERT
590481437,0,1 T   mem=True nz=True ynz=True cond=True claim_agree=True upper=2158.51792447  CERT
605703945,0,1 RHO mem=True nz=True ynz=True cond=True claim_agree=True upper=0.949456821723  CERT
605703945,0,1 T   mem=True nz=True ynz=True cond=True claim_agree=True upper=2597.63356669  CERT
620578440,0,1 RHO mem=True nz=True ynz=True cond=True claim_agree=True upper=0.908089960676  CERT
620578440,0,1 T   mem=True nz=True ynz=True cond=True claim_agree=True upper=2640.74799040  CERT
665545859,0,1 RHO mem=True nz=True ynz=True cond=True claim_agree=True upper=0.927164742361  CERT
665545859,0,1 T   mem=True nz=True ynz=True cond=True claim_agree=True upper=2046.42165930  CERT
670512077,0,1 RHO mem=True nz=True ynz=True cond=True claim_agree=True upper=0.936015473858  CERT
670512077,0,1 T   mem=True nz=True ynz=True cond=True claim_agree=True upper=2792.62859823  CERT
738206085,0,1 RHO mem=True nz=True ynz=True cond=True claim_agree=True upper=0.944605891258  CERT
738206085,0,1 T   mem=True nz=True ynz=True cond=True claim_agree=True upper=2029.33804845  CERT
782704593,0,1 RHO mem=True nz=True ynz=True cond=True claim_agree=True upper=0.934240439114  CERT
782704593,0,1 T   mem=True nz=True ynz=True cond=True claim_agree=True upper=1901.74144422  CERT
812395851,0,1 RHO mem=True nz=True ynz=True cond=True claim_agree=True upper=0.971622969421  CERT
812395851,0,1 T   mem=True nz=True ynz=True cond=True claim_agree=True upper=3051.07370483  CERT
837841130,0,1 RHO mem=True nz=True ynz=True cond=True claim_agree=True upper=0.895251614147  CERT
837841130,0,1 T   mem=True nz=True ynz=True cond=True claim_agree=True upper=1722.56725357  CERT
864627689,0,1 RHO mem=True nz=True ynz=True cond=True claim_agree=True upper=0.944605891258  CERT
864627689,0,1 T   mem=True nz=True ynz=True cond=True claim_agree=True upper=2125.92723228  CERT
877038031,0,1 RHO mem=True nz=True ynz=True cond=True claim_agree=True upper=0.947952224301  CERT
877038031,0,1 T   mem=True nz=True ynz=True cond=True claim_agree=True upper=2529.58761954  CERT
978121950,0,1 RHO mem=True nz=True ynz=True cond=True claim_agree=True upper=0.936015473858  CERT
978121950,0,1 T   mem=True nz=True ynz=True cond=True claim_agree=True upper=1762.01197892  CERT
FAMILY VERIFY n=7 l=1000511041 : EXCLUDED (components certified 32 / 32 ; lines 64 ; failed lines 0)
FAMILY VERIFY PASS
