FACTORIZATION: 32 irreducible factors of degree 2 over F_1000527169: OK (header deg/ncomp/bar_T agree)
10085900,0,1 RHO mem=True nz=True ynz=True cond=True claim_agree=True upper=0.935517213670  CERT
10085900,0,1 T   mem=True nz=True ynz=True cond=True claim_agree=True upper=2775.57826545  CERT
20721200,0,1 RHO mem=True nz=True ynz=True cond=True claim_agree=True upper=0.930779873949  CERT
20721200,0,1 T   mem=True nz=True ynz=True cond=True claim_agree=True upper=2337.12290543  CERT
64219513,0,1 RHO mem=True nz=True ynz=True cond=True claim_agree=True upper=0.943701408263  CERT
64219513,0,1 T   mem=True nz=True ynz=True cond=True claim_agree=True upper=2042.65790912  CERT
66775350,0,1 RHO mem=True nz=True ynz=True cond=True claim_agree=True upper=0.943701408263  CERT
66775350,0,1 T   mem=True nz=True ynz=True cond=True claim_agree=True upper=2495.51862911  CERT
74009709,0,1 RHO mem=True nz=True ynz=True cond=True claim_agree=True upper=0.963402445217  CERT
74009709,0,1 T   mem=True nz=True ynz=True cond=True claim_agree=True upper=2500.35061045  CERT
117252300,0,1 RHO mem=True nz=True ynz=True cond=True claim_agree=True upper=0.956955652266  CERT
117252300,0,1 T   mem=True nz=True ynz=True cond=True claim_agree=True upper=2693.01314927  CERT
138343348,0,1 RHO mem=True nz=True ynz=True cond=True claim_agree=True upper=0.945541023041  CERT
138343348,0,1 T   mem=True nz=True ynz=True cond=True claim_agree=True upper=2971.26753401  CERT
188960149,0,1 RHO mem=True nz=True ynz=True cond=True claim_agree=True upper=0.931342836998  CERT
188960149,0,1 T   mem=True nz=True ynz=True cond=True claim_agree=True upper=2764.45230546  CERT
255152019,0,1 RHO mem=True nz=True ynz=True cond=True claim_agree=True upper=0.949248551285  CERT
255152019,0,1 T   mem=True nz=True ynz=True cond=True claim_agree=True upper=2706.74558308  CERT
257667753,0,1 RHO mem=True nz=True ynz=True cond=True claim_agree=True upper=0.932488480819  CERT
257667753,0,1 T   mem=True nz=True ynz=True cond=True claim_agree=True upper=2150.40681175  CERT
274666377,0,1 RHO mem=True nz=True ynz=True cond=True claim_agree=True upper=0.963402445217  CERT
274666377,0,1 T   mem=True nz=True ynz=True cond=True claim_agree=True upper=2260.17060189  CERT
300664096,0,1 RHO mem=True nz=True ynz=True cond=True claim_agree=True upper=0.932488480819  CERT
300664096,0,1 T   mem=True nz=True ynz=True cond=True claim_agree=True upper=2714.28576727  CERT
331608132,0,1 RHO mem=True nz=True ynz=True cond=True claim_agree=True upper=0.897380758769  CERT
331608132,0,1 T   mem=True nz=True ynz=True cond=True claim_agree=True upper=2594.49642124  CERT
376598973,0,1 RHO mem=True nz=True ynz=True cond=True claim_agree=True upper=0.930779873949  CERT
376598973,0,1 T   mem=True nz=True ynz=True cond=True claim_agree=True upper=2604.89986542  CERT
379220387,0,1 RHO mem=True nz=True ynz=True cond=True claim_agree=True upper=0.948510361846  CERT
379220387,0,1 T   mem=True nz=True ynz=True cond=True claim_agree=True upper=3025.66936893  CERT
395893464,0,1 RHO mem=True nz=True ynz=True cond=True claim_agree=True upper=0.985225029032  CERT
395893464,0,1 T   mem=True nz=True ynz=True cond=True claim_agree=True upper=2614.37191670  CERT
604633705,0,1 RHO mem=True nz=True ynz=True cond=True claim_agree=True upper=0.897380758769  CERT
604633705,0,1 T   mem=True nz=True ynz=True cond=True claim_agree=True upper=2388.14140016  CERT
621306782,0,1 RHO mem=True nz=True ynz=True cond=True claim_agree=True upper=0.949248551285  CERT
621306782,0,1 T   mem=True nz=True ynz=True cond=True claim_agree=True upper=3297.49488062  CERT
623928196,0,1 RHO mem=True nz=True ynz=True cond=True claim_agree=True upper=0.963053725371  CERT
623928196,0,1 T   mem=True nz=True ynz=True cond=True claim_agree=True upper=2429.22947554  CERT
668919037,0,1 RHO mem=True nz=True ynz=True cond=True claim_agree=True upper=0.985225029032  CERT
668919037,0,1 T   mem=True nz=True ynz=True cond=True claim_agree=True upper=2235.52300432  CERT
699863073,0,1 RHO mem=True nz=True ynz=True cond=True claim_agree=True upper=0.956884924480  CERT
699863073,0,1 T   mem=True nz=True ynz=True cond=True claim_agree=True upper=2438.81816326  CERT
725860792,0,1 RHO mem=True nz=True ynz=True cond=True claim_agree=True upper=0.926804782996  CERT
725860792,0,1 T   mem=True nz=True ynz=True cond=True claim_agree=True upper=2899.31545256  CERT
742859416,0,1 RHO mem=True nz=True ynz=True cond=True claim_agree=True upper=0.956884924480  CERT
742859416,0,1 T   mem=True nz=True ynz=True cond=True claim_agree=True upper=2454.06066240  CERT
745375150,0,1 RHO mem=True nz=True ynz=True cond=True claim_agree=True upper=0.948510361846  CERT
745375150,0,1 T   mem=True nz=True ynz=True cond=True claim_agree=True upper=2698.59672327  CERT
811567020,0,1 RHO mem=True nz=True ynz=True cond=True claim_agree=True upper=0.935517213670  CERT
811567020,0,1 T   mem=True nz=True ynz=True cond=True claim_agree=True upper=2707.05964644  CERT
862183821,0,1 RHO mem=True nz=True ynz=True cond=True claim_agree=True upper=0.956955652266  CERT
862183821,0,1 T   mem=True nz=True ynz=True cond=True claim_agree=True upper=2547.25146385  CERT
883274869,0,1 RHO mem=True nz=True ynz=True cond=True claim_agree=True upper=0.945541023041  CERT
883274869,0,1 T   mem=True nz=True ynz=True cond=True claim_agree=True upper=2922.77106524  CERT
926517460,0,1 RHO mem=True nz=True ynz=True cond=True claim_agree=True upper=0.926804782996  CERT
926517460,0,1 T   mem=True nz=True ynz=True cond=True claim_agree=True upper=2893.86348286  CERT
933751819,0,1 RHO mem=True nz=True ynz=True cond=True claim_agree=True upper=0.946375299129  CERT
933751819,0,1 T   mem=True nz=True ynz=True cond=True claim_agree=True upper=2982.79777913  CERT
936307656,0,1 RHO mem=True nz=True ynz=True cond=True claim_agree=True upper=0.946375299129  CERT
936307656,0,1 T   mem=True nz=True ynz=True cond=True claim_agree=True upper=2693.39203284  CERT
979805969,0,1 RHO mem=True nz=True ynz=True cond=True claim_agree=True upper=0.963053725371  CERT
979805969,0,1 T   mem=True nz=True ynz=True cond=True claim_agree=True upper=2054.74498011  CERT
990441269,0,1 RHO mem=True nz=True ynz=True cond=True claim_agree=True upper=0.931342836998  CERT
990441269,0,1 T   mem=True nz=True ynz=True cond=True claim_agree=True upper=2288.86295640  CERT
FAMILY VERIFY n=7 l=1000527169 : EXCLUDED (components certified 32 / 32 ; lines 64 ; failed lines 0)
FAMILY VERIFY PASS
