FACTORIZATION: 32 irreducible factors of degree 2 over F_1000138561: OK (header deg/ncomp/bar_T agree)
31838580,0,1 RHO mem=True nz=True ynz=True cond=True claim_agree=True upper=0.880915805064  CERT
31838580,0,1 T   mem=True nz=True ynz=True cond=True claim_agree=True upper=1951.38862663  CERT
32183198,0,1 RHO mem=True nz=True ynz=True cond=True claim_agree=True upper=0.874571243097  CERT
32183198,0,1 T   mem=True nz=True ynz=True cond=True claim_agree=True upper=2152.28230403  CERT
47209988,0,1 RHO mem=True nz=True ynz=True cond=True claim_agree=True upper=0.851954168847  CERT
47209988,0,1 T   mem=True nz=True ynz=True cond=True claim_agree=True upper=1625.53492520  CERT
82412443,0,1 RHO mem=True nz=True ynz=True cond=True claim_agree=True upper=0.866186030942  CERT
82412443,0,1 T   mem=True nz=True ynz=True cond=True claim_agree=True upper=1746.81249697  CERT
91131183,0,1 RHO mem=True nz=True ynz=True cond=True claim_agree=True upper=0.958153971331  CERT
91131183,0,1 T   mem=True nz=True ynz=True cond=True claim_agree=True upper=2186.31520753  CERT
164323498,0,1 RHO mem=True nz=True ynz=True cond=True claim_agree=True upper=0.874571243097  CERT
164323498,0,1 T   mem=True nz=True ynz=True cond=True claim_agree=True upper=1815.52966632  CERT
208091937,0,1 RHO mem=True nz=True ynz=True cond=True claim_agree=True upper=0.869207744840  CERT
208091937,0,1 T   mem=True nz=True ynz=True cond=True claim_agree=True upper=2503.06555175  CERT
302966947,0,1 RHO mem=True nz=True ynz=True cond=True claim_agree=True upper=0.864270804356  CERT
302966947,0,1 T   mem=True nz=True ynz=True cond=True claim_agree=True upper=2168.35094005  CERT
308602179,0,1 RHO mem=True nz=True ynz=True cond=True claim_agree=True upper=0.866186030942  CERT
308602179,0,1 T   mem=True nz=True ynz=True cond=True claim_agree=True upper=1799.88675484  CERT
359063564,0,1 RHO mem=True nz=True ynz=True cond=True claim_agree=True upper=0.903367971427  CERT
359063564,0,1 T   mem=True nz=True ynz=True cond=True claim_agree=True upper=2075.99445690  CERT
382053070,0,1 RHO mem=True nz=True ynz=True cond=True claim_agree=True upper=0.869207744840  CERT
382053070,0,1 T   mem=True nz=True ynz=True cond=True claim_agree=True upper=2148.13230231  CERT
388106515,0,1 RHO mem=True nz=True ynz=True cond=True claim_agree=True upper=0.915554197393  CERT
388106515,0,1 T   mem=True nz=True ynz=True cond=True claim_agree=True upper=2195.73849491  CERT
428144555,0,1 RHO mem=True nz=True ynz=True cond=True claim_agree=True upper=0.851954168847  CERT
428144555,0,1 T   mem=True nz=True ynz=True cond=True claim_agree=True upper=1938.36792283  CERT
445750380,0,1 RHO mem=True nz=True ynz=True cond=True claim_agree=True upper=0.915554197393  CERT
445750380,0,1 T   mem=True nz=True ynz=True cond=True claim_agree=True upper=2678.91182580  CERT
485598326,0,1 RHO mem=True nz=True ynz=True cond=True claim_agree=True upper=0.853729909807  CERT
485598326,0,1 T   mem=True nz=True ynz=True cond=True claim_agree=True upper=2048.79974713  CERT
495349114,0,1 RHO mem=True nz=True ynz=True cond=True claim_agree=True upper=0.844830247424  CERT
495349114,0,1 T   mem=True nz=True ynz=True cond=True claim_agree=True upper=2019.49584366  CERT
504789447,0,1 RHO mem=True nz=True ynz=True cond=True claim_agree=True upper=0.903367971427  CERT
504789447,0,1 T   mem=True nz=True ynz=True cond=True claim_agree=True upper=2122.90738916  CERT
514540235,0,1 RHO mem=True nz=True ynz=True cond=True claim_agree=True upper=0.905291311684  CERT
514540235,0,1 T   mem=True nz=True ynz=True cond=True claim_agree=True upper=2546.02369572  CERT
554388181,0,1 RHO mem=True nz=True ynz=True cond=True claim_agree=True upper=0.842867152735  CERT
554388181,0,1 T   mem=True nz=True ynz=True cond=True claim_agree=True upper=2242.65085763  CERT
571994006,0,1 RHO mem=True nz=True ynz=True cond=True claim_agree=True upper=0.902320596295  CERT
571994006,0,1 T   mem=True nz=True ynz=True cond=True claim_agree=True upper=2485.90690162  CERT
612032046,0,1 RHO mem=True nz=True ynz=True cond=True claim_agree=True upper=0.842867152735  CERT
612032046,0,1 T   mem=True nz=True ynz=True cond=True claim_agree=True upper=1586.83333792  CERT
618085491,0,1 RHO mem=True nz=True ynz=True cond=True claim_agree=True upper=0.833542288290  CERT
618085491,0,1 T   mem=True nz=True ynz=True cond=True claim_agree=True upper=1402.17520366  CERT
641074997,0,1 RHO mem=True nz=True ynz=True cond=True claim_agree=True upper=0.844830247424  CERT
641074997,0,1 T   mem=True nz=True ynz=True cond=True claim_agree=True upper=1468.90599630  CERT
691536382,0,1 RHO mem=True nz=True ynz=True cond=True claim_agree=True upper=0.853791224101  CERT
691536382,0,1 T   mem=True nz=True ynz=True cond=True claim_agree=True upper=1911.64460904  CERT
697171614,0,1 RHO mem=True nz=True ynz=True cond=True claim_agree=True upper=0.880915805064  CERT
697171614,0,1 T   mem=True nz=True ynz=True cond=True claim_agree=True upper=2107.00657704  CERT
792046624,0,1 RHO mem=True nz=True ynz=True cond=True claim_agree=True upper=0.833542288290  CERT
792046624,0,1 T   mem=True nz=True ynz=True cond=True claim_agree=True upper=1777.27280979  CERT
835815063,0,1 RHO mem=True nz=True ynz=True cond=True claim_agree=True upper=0.886072989881  CERT
835815063,0,1 T   mem=True nz=True ynz=True cond=True claim_agree=True upper=2125.85789055  CERT
909007378,0,1 RHO mem=True nz=True ynz=True cond=True claim_agree=True upper=0.853729909807  CERT
909007378,0,1 T   mem=True nz=True ynz=True cond=True claim_agree=True upper=1400.34994727  CERT
917726118,0,1 RHO mem=True nz=True ynz=True cond=True claim_agree=True upper=0.853791224101  CERT
917726118,0,1 T   mem=True nz=True ynz=True cond=True claim_agree=True upper=2169.25944679  CERT
952928573,0,1 RHO mem=True nz=True ynz=True cond=True claim_agree=True upper=0.902320596295  CERT
952928573,0,1 T   mem=True nz=True ynz=True cond=True claim_agree=True upper=1933.37918879  CERT
967955363,0,1 RHO mem=True nz=True ynz=True cond=True claim_agree=True upper=0.886072989881  CERT
967955363,0,1 T   mem=True nz=True ynz=True cond=True claim_agree=True upper=2617.32125622  CERT
968299981,0,1 RHO mem=True nz=True ynz=True cond=True claim_agree=True upper=0.864270804356  CERT
968299981,0,1 T   mem=True nz=True ynz=True cond=True claim_agree=True upper=1698.94562557  CERT
FAMILY VERIFY n=7 l=1000138561 : EXCLUDED (components certified 32 / 32 ; lines 64 ; failed lines 0)
FAMILY VERIFY PASS
