FACTORIZATION: 32 irreducible factors of degree 2 over F_1000342081: OK (header deg/ncomp/bar_T agree)
12073506,0,1 RHO mem=True nz=True ynz=True cond=True claim_agree=True upper=0.938443946274  CERT
12073506,0,1 T   mem=True nz=True ynz=True cond=True claim_agree=True upper=1985.45481540  CERT
91053771,0,1 RHO mem=True nz=True ynz=True cond=True claim_agree=True upper=0.918536659415  CERT
91053771,0,1 T   mem=True nz=True ynz=True cond=True claim_agree=True upper=2573.18770982  CERT
92912800,0,1 RHO mem=True nz=True ynz=True cond=True claim_agree=True upper=0.903903293689  CERT
92912800,0,1 T   mem=True nz=True ynz=True cond=True claim_agree=True upper=2302.08603279  CERT
143612331,0,1 RHO mem=True nz=True ynz=True cond=True claim_agree=True upper=0.907820500556  CERT
143612331,0,1 T   mem=True nz=True ynz=True cond=True claim_agree=True upper=2575.33129157  CERT
181039068,0,1 RHO mem=True nz=True ynz=True cond=True claim_agree=True upper=0.861776777966  CERT
181039068,0,1 T   mem=True nz=True ynz=True cond=True claim_agree=True upper=2080.61499919  CERT
214040710,0,1 RHO mem=True nz=True ynz=True cond=True claim_agree=True upper=0.919216710294  CERT
214040710,0,1 T   mem=True nz=True ynz=True cond=True claim_agree=True upper=1946.52710608  CERT
303449928,0,1 RHO mem=True nz=True ynz=True cond=True claim_agree=True upper=0.856829028376  CERT
303449928,0,1 T   mem=True nz=True ynz=True cond=True claim_agree=True upper=1745.91041321  CERT
320942899,0,1 RHO mem=True nz=True ynz=True cond=True claim_agree=True upper=0.878519216236  CERT
320942899,0,1 T   mem=True nz=True ynz=True cond=True claim_agree=True upper=1673.36349614  CERT
335341723,0,1 RHO mem=True nz=True ynz=True cond=True claim_agree=True upper=0.878601081336  CERT
335341723,0,1 T   mem=True nz=True ynz=True cond=True claim_agree=True upper=1785.47305496  CERT
345436297,0,1 RHO mem=True nz=True ynz=True cond=True claim_agree=True upper=0.938443946274  CERT
345436297,0,1 T   mem=True nz=True ynz=True cond=True claim_agree=True upper=2426.54192350  CERT
364312814,0,1 RHO mem=True nz=True ynz=True cond=True claim_agree=True upper=0.929502744553  CERT
364312814,0,1 T   mem=True nz=True ynz=True cond=True claim_agree=True upper=2310.04574085  CERT
444157856,0,1 RHO mem=True nz=True ynz=True cond=True claim_agree=True upper=0.878601081336  CERT
444157856,0,1 T   mem=True nz=True ynz=True cond=True claim_agree=True upper=1887.07467450  CERT
453621093,0,1 RHO mem=True nz=True ynz=True cond=True claim_agree=True upper=0.925335890066  CERT
453621093,0,1 T   mem=True nz=True ynz=True cond=True claim_agree=True upper=2103.76856979  CERT
462885199,0,1 RHO mem=True nz=True ynz=True cond=True claim_agree=True upper=0.913992354269  CERT
462885199,0,1 T   mem=True nz=True ynz=True cond=True claim_agree=True upper=2216.89558659  CERT
465665863,0,1 RHO mem=True nz=True ynz=True cond=True claim_agree=True upper=0.884748218238  CERT
465665863,0,1 T   mem=True nz=True ynz=True cond=True claim_agree=True upper=1824.21589036  CERT
495943430,0,1 RHO mem=True nz=True ynz=True cond=True claim_agree=True upper=0.925335890066  CERT
495943430,0,1 T   mem=True nz=True ynz=True cond=True claim_agree=True upper=2905.65559131  CERT
504398651,0,1 RHO mem=True nz=True ynz=True cond=True claim_agree=True upper=0.881386979991  CERT
504398651,0,1 T   mem=True nz=True ynz=True cond=True claim_agree=True upper=1606.66840185  CERT
534676218,0,1 RHO mem=True nz=True ynz=True cond=True claim_agree=True upper=0.861776777966  CERT
534676218,0,1 T   mem=True nz=True ynz=True cond=True claim_agree=True upper=1990.16287906  CERT
537456882,0,1 RHO mem=True nz=True ynz=True cond=True claim_agree=True upper=0.918536659415  CERT
537456882,0,1 T   mem=True nz=True ynz=True cond=True claim_agree=True upper=2380.56236065  CERT
546720988,0,1 RHO mem=True nz=True ynz=True cond=True claim_agree=True upper=0.881386979991  CERT
546720988,0,1 T   mem=True nz=True ynz=True cond=True claim_agree=True upper=2295.89475570  CERT
556184225,0,1 RHO mem=True nz=True ynz=True cond=True claim_agree=True upper=0.937487395329  CERT
556184225,0,1 T   mem=True nz=True ynz=True cond=True claim_agree=True upper=2556.53523763  CERT
636029267,0,1 RHO mem=True nz=True ynz=True cond=True claim_agree=True upper=0.878519216236  CERT
636029267,0,1 T   mem=True nz=True ynz=True cond=True claim_agree=True upper=1713.65922030  CERT
654905784,0,1 RHO mem=True nz=True ynz=True cond=True claim_agree=True upper=0.862829035399  CERT
654905784,0,1 T   mem=True nz=True ynz=True cond=True claim_agree=True upper=1853.67752200  CERT
665000358,0,1 RHO mem=True nz=True ynz=True cond=True claim_agree=True upper=0.937487395329  CERT
665000358,0,1 T   mem=True nz=True ynz=True cond=True claim_agree=True upper=2952.75880662  CERT
679399182,0,1 RHO mem=True nz=True ynz=True cond=True claim_agree=True upper=0.929502744553  CERT
679399182,0,1 T   mem=True nz=True ynz=True cond=True claim_agree=True upper=2472.54975603  CERT
696892153,0,1 RHO mem=True nz=True ynz=True cond=True claim_agree=True upper=0.907820500556  CERT
696892153,0,1 T   mem=True nz=True ynz=True cond=True claim_agree=True upper=2125.61101653  CERT
786301371,0,1 RHO mem=True nz=True ynz=True cond=True claim_agree=True upper=0.903903293689  CERT
786301371,0,1 T   mem=True nz=True ynz=True cond=True claim_agree=True upper=1961.05194298  CERT
819303013,0,1 RHO mem=True nz=True ynz=True cond=True claim_agree=True upper=0.884748218238  CERT
819303013,0,1 T   mem=True nz=True ynz=True cond=True claim_agree=True upper=1625.71053937  CERT
856729750,0,1 RHO mem=True nz=True ynz=True cond=True claim_agree=True upper=0.856829028376  CERT
856729750,0,1 T   mem=True nz=True ynz=True cond=True claim_agree=True upper=1295.91200668  CERT
907429281,0,1 RHO mem=True nz=True ynz=True cond=True claim_agree=True upper=0.919216710294  CERT
907429281,0,1 T   mem=True nz=True ynz=True cond=True claim_agree=True upper=2959.32401571  CERT
909288310,0,1 RHO mem=True nz=True ynz=True cond=True claim_agree=True upper=0.913992354269  CERT
909288310,0,1 T   mem=True nz=True ynz=True cond=True claim_agree=True upper=2139.79077922  CERT
988268575,0,1 RHO mem=True nz=True ynz=True cond=True claim_agree=True upper=0.862829035399  CERT
988268575,0,1 T   mem=True nz=True ynz=True cond=True claim_agree=True upper=1585.73956654  CERT
FAMILY VERIFY n=7 l=1000342081 : EXCLUDED (components certified 32 / 32 ; lines 64 ; failed lines 0)
FAMILY VERIFY PASS
