FACTORIZATION: 32 irreducible factors of degree 2 over F_1000767809: OK (header deg/ncomp/bar_T agree)
2266665,0,1 RHO mem=True nz=True ynz=True cond=True claim_agree=True upper=0.946872723359  CERT
2266665,0,1 T   mem=True nz=True ynz=True cond=True claim_agree=True upper=2599.69004843  CERT
118834465,0,1 RHO mem=True nz=True ynz=True cond=True claim_agree=True upper=0.951280795526  CERT
118834465,0,1 T   mem=True nz=True ynz=True cond=True claim_agree=True upper=2635.03309322  CERT
151588212,0,1 RHO mem=True nz=True ynz=True cond=True claim_agree=True upper=0.905075389545  CERT
151588212,0,1 T   mem=True nz=True ynz=True cond=True claim_agree=True upper=1740.05152195  CERT
155009183,0,1 RHO mem=True nz=True ynz=True cond=True claim_agree=True upper=0.926057839374  CERT
155009183,0,1 T   mem=True nz=True ynz=True cond=True claim_agree=True upper=2236.72384284  CERT
172035006,0,1 RHO mem=True nz=True ynz=True cond=True claim_agree=True upper=0.895881243809  CERT
172035006,0,1 T   mem=True nz=True ynz=True cond=True claim_agree=True upper=1877.20095586  CERT
178830109,0,1 RHO mem=True nz=True ynz=True cond=True claim_agree=True upper=0.951280795526  CERT
178830109,0,1 T   mem=True nz=True ynz=True cond=True claim_agree=True upper=2308.18505192  CERT
199704063,0,1 RHO mem=True nz=True ynz=True cond=True claim_agree=True upper=0.943947082283  CERT
199704063,0,1 T   mem=True nz=True ynz=True cond=True claim_agree=True upper=2592.96832044  CERT
215117514,0,1 RHO mem=True nz=True ynz=True cond=True claim_agree=True upper=0.927762736383  CERT
215117514,0,1 T   mem=True nz=True ynz=True cond=True claim_agree=True upper=2191.83783521  CERT
260731715,0,1 RHO mem=True nz=True ynz=True cond=True claim_agree=True upper=0.905075389545  CERT
260731715,0,1 T   mem=True nz=True ynz=True cond=True claim_agree=True upper=1737.71855486  CERT
292559588,0,1 RHO mem=True nz=True ynz=True cond=True claim_agree=True upper=0.939901071182  CERT
292559588,0,1 T   mem=True nz=True ynz=True cond=True claim_agree=True upper=3040.67063424  CERT
303108090,0,1 RHO mem=True nz=True ynz=True cond=True claim_agree=True upper=0.937600079662  CERT
303108090,0,1 T   mem=True nz=True ynz=True cond=True claim_agree=True upper=1852.82156809  CERT
315031352,0,1 RHO mem=True nz=True ynz=True cond=True claim_agree=True upper=0.911062998089  CERT
315031352,0,1 T   mem=True nz=True ynz=True cond=True claim_agree=True upper=2948.84767563  CERT
345846395,0,1 RHO mem=True nz=True ynz=True cond=True claim_agree=True upper=0.939901071182  CERT
345846395,0,1 T   mem=True nz=True ynz=True cond=True claim_agree=True upper=1742.60534791  CERT
381204954,0,1 RHO mem=True nz=True ynz=True cond=True claim_agree=True upper=0.946872723359  CERT
381204954,0,1 T   mem=True nz=True ynz=True cond=True claim_agree=True upper=2013.41431860  CERT
417079016,0,1 RHO mem=True nz=True ynz=True cond=True claim_agree=True upper=0.911062998089  CERT
417079016,0,1 T   mem=True nz=True ynz=True cond=True claim_agree=True upper=1922.52158052  CERT
439069861,0,1 RHO mem=True nz=True ynz=True cond=True claim_agree=True upper=0.937600079662  CERT
439069861,0,1 T   mem=True nz=True ynz=True cond=True claim_agree=True upper=2034.13744446  CERT
561697948,0,1 RHO mem=True nz=True ynz=True cond=True claim_agree=True upper=0.945143801627  CERT
561697948,0,1 T   mem=True nz=True ynz=True cond=True claim_agree=True upper=2355.43925109  CERT
583688793,0,1 RHO mem=True nz=True ynz=True cond=True claim_agree=True upper=0.947234421942  CERT
583688793,0,1 T   mem=True nz=True ynz=True cond=True claim_agree=True upper=2615.74903126  CERT
619562855,0,1 RHO mem=True nz=True ynz=True cond=True claim_agree=True upper=0.936410049397  CERT
619562855,0,1 T   mem=True nz=True ynz=True cond=True claim_agree=True upper=1796.87746581  CERT
654921414,0,1 RHO mem=True nz=True ynz=True cond=True claim_agree=True upper=0.953212166983  CERT
654921414,0,1 T   mem=True nz=True ynz=True cond=True claim_agree=True upper=2241.87021027  CERT
685736457,0,1 RHO mem=True nz=True ynz=True cond=True claim_agree=True upper=0.947234421942  CERT
685736457,0,1 T   mem=True nz=True ynz=True cond=True claim_agree=True upper=2436.44343121  CERT
697659719,0,1 RHO mem=True nz=True ynz=True cond=True claim_agree=True upper=0.945143801627  CERT
697659719,0,1 T   mem=True nz=True ynz=True cond=True claim_agree=True upper=2834.39102344  CERT
708208221,0,1 RHO mem=True nz=True ynz=True cond=True claim_agree=True upper=0.953212166983  CERT
708208221,0,1 T   mem=True nz=True ynz=True cond=True claim_agree=True upper=2401.13390792  CERT
740036094,0,1 RHO mem=True nz=True ynz=True cond=True claim_agree=True upper=0.959705635122  CERT
740036094,0,1 T   mem=True nz=True ynz=True cond=True claim_agree=True upper=2209.87319122  CERT
785650295,0,1 RHO mem=True nz=True ynz=True cond=True claim_agree=True upper=0.926057839374  CERT
785650295,0,1 T   mem=True nz=True ynz=True cond=True claim_agree=True upper=1809.72839923  CERT
801063746,0,1 RHO mem=True nz=True ynz=True cond=True claim_agree=True upper=0.895881243809  CERT
801063746,0,1 T   mem=True nz=True ynz=True cond=True claim_agree=True upper=2096.52432123  CERT
821937700,0,1 RHO mem=True nz=True ynz=True cond=True claim_agree=True upper=0.865994584994  CERT
821937700,0,1 T   mem=True nz=True ynz=True cond=True claim_agree=True upper=1566.60872917  CERT
828732803,0,1 RHO mem=True nz=True ynz=True cond=True claim_agree=True upper=0.943947082283  CERT
828732803,0,1 T   mem=True nz=True ynz=True cond=True claim_agree=True upper=1940.15683213  CERT
845758626,0,1 RHO mem=True nz=True ynz=True cond=True claim_agree=True upper=0.927762736383  CERT
845758626,0,1 T   mem=True nz=True ynz=True cond=True claim_agree=True upper=2118.59752651  CERT
849179597,0,1 RHO mem=True nz=True ynz=True cond=True claim_agree=True upper=0.959705635122  CERT
849179597,0,1 T   mem=True nz=True ynz=True cond=True claim_agree=True upper=2525.12960184  CERT
881933344,0,1 RHO mem=True nz=True ynz=True cond=True claim_agree=True upper=0.865994584994  CERT
881933344,0,1 T   mem=True nz=True ynz=True cond=True claim_agree=True upper=2254.20977702  CERT
998501144,0,1 RHO mem=True nz=True ynz=True cond=True claim_agree=True upper=0.936410049397  CERT
998501144,0,1 T   mem=True nz=True ynz=True cond=True claim_agree=True upper=2390.53120150  CERT
FAMILY VERIFY n=7 l=1000767809 : EXCLUDED (components certified 32 / 32 ; lines 64 ; failed lines 0)
FAMILY VERIFY PASS
