FACTORIZATION: 32 irreducible factors of degree 2 over F_1001033921: OK (header deg/ncomp/bar_T agree)
116328217,0,1 RHO mem=True nz=True ynz=True cond=True claim_agree=True upper=0.953836105353  CERT
116328217,0,1 T   mem=True nz=True ynz=True cond=True claim_agree=True upper=3153.76746080  CERT
146087581,0,1 RHO mem=True nz=True ynz=True cond=True claim_agree=True upper=0.962443706333  CERT
146087581,0,1 T   mem=True nz=True ynz=True cond=True claim_agree=True upper=3036.46490390  CERT
147567406,0,1 RHO mem=True nz=True ynz=True cond=True claim_agree=True upper=0.952945950141  CERT
147567406,0,1 T   mem=True nz=True ynz=True cond=True claim_agree=True upper=3058.14105538  CERT
180103593,0,1 RHO mem=True nz=True ynz=True cond=True claim_agree=True upper=0.953942301222  CERT
180103593,0,1 T   mem=True nz=True ynz=True cond=True claim_agree=True upper=2686.19984626  CERT
218929435,0,1 RHO mem=True nz=True ynz=True cond=True claim_agree=True upper=0.948267424317  CERT
218929435,0,1 T   mem=True nz=True ynz=True cond=True claim_agree=True upper=2640.92082955  CERT
230773067,0,1 RHO mem=True nz=True ynz=True cond=True claim_agree=True upper=0.953942301222  CERT
230773067,0,1 T   mem=True nz=True ynz=True cond=True claim_agree=True upper=2341.34462674  CERT
232913516,0,1 RHO mem=True nz=True ynz=True cond=True claim_agree=True upper=0.973335906788  CERT
232913516,0,1 T   mem=True nz=True ynz=True cond=True claim_agree=True upper=2851.70749514  CERT
260545314,0,1 RHO mem=True nz=True ynz=True cond=True claim_agree=True upper=0.987608230314  CERT
260545314,0,1 T   mem=True nz=True ynz=True cond=True claim_agree=True upper=2682.81563448  CERT
398744810,0,1 RHO mem=True nz=True ynz=True cond=True claim_agree=True upper=0.970953989947  CERT
398744810,0,1 T   mem=True nz=True ynz=True cond=True claim_agree=True upper=2756.56846848  CERT
409668828,0,1 RHO mem=True nz=True ynz=True cond=True claim_agree=True upper=0.970953989947  CERT
409668828,0,1 T   mem=True nz=True ynz=True cond=True claim_agree=True upper=3197.24837268  CERT
440848975,0,1 RHO mem=True nz=True ynz=True cond=True claim_agree=True upper=0.970250207196  CERT
440848975,0,1 T   mem=True nz=True ynz=True cond=True claim_agree=True upper=2600.31703602  CERT
456318868,0,1 RHO mem=True nz=True ynz=True cond=True claim_agree=True upper=0.962443706333  CERT
456318868,0,1 T   mem=True nz=True ynz=True cond=True claim_agree=True upper=3237.88730169  CERT
469650803,0,1 RHO mem=True nz=True ynz=True cond=True claim_agree=True upper=0.911649627826  CERT
469650803,0,1 T   mem=True nz=True ynz=True cond=True claim_agree=True upper=2584.67998283  CERT
479519055,0,1 RHO mem=True nz=True ynz=True cond=True claim_agree=True upper=0.988095189898  CERT
479519055,0,1 T   mem=True nz=True ynz=True cond=True claim_agree=True upper=2323.47476298  CERT
482456626,0,1 RHO mem=True nz=True ynz=True cond=True claim_agree=True upper=0.968589138072  CERT
482456626,0,1 T   mem=True nz=True ynz=True cond=True claim_agree=True upper=2647.56694613  CERT
498102477,0,1 RHO mem=True nz=True ynz=True cond=True claim_agree=True upper=0.964936699525  CERT
498102477,0,1 T   mem=True nz=True ynz=True cond=True claim_agree=True upper=2741.45639414  CERT
502931444,0,1 RHO mem=True nz=True ynz=True cond=True claim_agree=True upper=0.973335906788  CERT
502931444,0,1 T   mem=True nz=True ynz=True cond=True claim_agree=True upper=2644.20222444  CERT
518577295,0,1 RHO mem=True nz=True ynz=True cond=True claim_agree=True upper=0.970250207196  CERT
518577295,0,1 T   mem=True nz=True ynz=True cond=True claim_agree=True upper=2502.35358250  CERT
521514866,0,1 RHO mem=True nz=True ynz=True cond=True claim_agree=True upper=0.948267424317  CERT
521514866,0,1 T   mem=True nz=True ynz=True cond=True claim_agree=True upper=2077.48490885  CERT
531383118,0,1 RHO mem=True nz=True ynz=True cond=True claim_agree=True upper=0.953836105353  CERT
531383118,0,1 T   mem=True nz=True ynz=True cond=True claim_agree=True upper=2258.62349749  CERT
544715053,0,1 RHO mem=True nz=True ynz=True cond=True claim_agree=True upper=0.941193481206  CERT
544715053,0,1 T   mem=True nz=True ynz=True cond=True claim_agree=True upper=2204.39277535  CERT
560184946,0,1 RHO mem=True nz=True ynz=True cond=True claim_agree=True upper=0.968589138072  CERT
560184946,0,1 T   mem=True nz=True ynz=True cond=True claim_agree=True upper=2292.65773367  CERT
591365093,0,1 RHO mem=True nz=True ynz=True cond=True claim_agree=True upper=0.953360981185  CERT
591365093,0,1 T   mem=True nz=True ynz=True cond=True claim_agree=True upper=2502.08139084  CERT
602289111,0,1 RHO mem=True nz=True ynz=True cond=True claim_agree=True upper=0.953360981185  CERT
602289111,0,1 T   mem=True nz=True ynz=True cond=True claim_agree=True upper=2295.59586342  CERT
740488607,0,1 RHO mem=True nz=True ynz=True cond=True claim_agree=True upper=0.952945950141  CERT
740488607,0,1 T   mem=True nz=True ynz=True cond=True claim_agree=True upper=2695.01819134  CERT
768120405,0,1 RHO mem=True nz=True ynz=True cond=True claim_agree=True upper=0.964936699525  CERT
768120405,0,1 T   mem=True nz=True ynz=True cond=True claim_agree=True upper=3016.31996841  CERT
770260854,0,1 RHO mem=True nz=True ynz=True cond=True claim_agree=True upper=0.890313359077  CERT
770260854,0,1 T   mem=True nz=True ynz=True cond=True claim_agree=True upper=2192.31908243  CERT
782104486,0,1 RHO mem=True nz=True ynz=True cond=True claim_agree=True upper=0.988095189898  CERT
782104486,0,1 T   mem=True nz=True ynz=True cond=True claim_agree=True upper=2600.50912867  CERT
820930328,0,1 RHO mem=True nz=True ynz=True cond=True claim_agree=True upper=0.890313359077  CERT
820930328,0,1 T   mem=True nz=True ynz=True cond=True claim_agree=True upper=3125.69715776  CERT
853466515,0,1 RHO mem=True nz=True ynz=True cond=True claim_agree=True upper=0.987608230314  CERT
853466515,0,1 T   mem=True nz=True ynz=True cond=True claim_agree=True upper=2646.04605060  CERT
854946340,0,1 RHO mem=True nz=True ynz=True cond=True claim_agree=True upper=0.941193481206  CERT
854946340,0,1 T   mem=True nz=True ynz=True cond=True claim_agree=True upper=2399.01185372  CERT
884705704,0,1 RHO mem=True nz=True ynz=True cond=True claim_agree=True upper=0.911649627826  CERT
884705704,0,1 T   mem=True nz=True ynz=True cond=True claim_agree=True upper=2456.66146784  CERT
FAMILY VERIFY n=7 l=1001033921 : EXCLUDED (components certified 32 / 32 ; lines 64 ; failed lines 0)
FAMILY VERIFY PASS
