FACTORIZATION: 32 irreducible factors of degree 2 over F_1001287361: OK (header deg/ncomp/bar_T agree)
46912303,0,1 RHO mem=True nz=True ynz=True cond=True claim_agree=True upper=0.927048794985  CERT
46912303,0,1 T   mem=True nz=True ynz=True cond=True claim_agree=True upper=2901.05269320  CERT
63819721,0,1 RHO mem=True nz=True ynz=True cond=True claim_agree=True upper=0.958308409256  CERT
63819721,0,1 T   mem=True nz=True ynz=True cond=True claim_agree=True upper=2735.46901121  CERT
106086507,0,1 RHO mem=True nz=True ynz=True cond=True claim_agree=True upper=0.967951538616  CERT
106086507,0,1 T   mem=True nz=True ynz=True cond=True claim_agree=True upper=2790.99996446  CERT
112129327,0,1 RHO mem=True nz=True ynz=True cond=True claim_agree=True upper=0.928675785350  CERT
112129327,0,1 T   mem=True nz=True ynz=True cond=True claim_agree=True upper=2828.66903872  CERT
125179678,0,1 RHO mem=True nz=True ynz=True cond=True claim_agree=True upper=0.946522022869  CERT
125179678,0,1 T   mem=True nz=True ynz=True cond=True claim_agree=True upper=2664.64585946  CERT
128677470,0,1 RHO mem=True nz=True ynz=True cond=True claim_agree=True upper=0.932154687545  CERT
128677470,0,1 T   mem=True nz=True ynz=True cond=True claim_agree=True upper=2552.97119682  CERT
164594550,0,1 RHO mem=True nz=True ynz=True cond=True claim_agree=True upper=0.878792729816  CERT
164594550,0,1 T   mem=True nz=True ynz=True cond=True claim_agree=True upper=2063.80987096  CERT
171445203,0,1 RHO mem=True nz=True ynz=True cond=True claim_agree=True upper=0.927762605226  CERT
171445203,0,1 T   mem=True nz=True ynz=True cond=True claim_agree=True upper=3061.95969446  CERT
226895159,0,1 RHO mem=True nz=True ynz=True cond=True claim_agree=True upper=0.964480958083  CERT
226895159,0,1 T   mem=True nz=True ynz=True cond=True claim_agree=True upper=2410.45376123  CERT
272129064,0,1 RHO mem=True nz=True ynz=True cond=True claim_agree=True upper=0.946522022869  CERT
272129064,0,1 T   mem=True nz=True ynz=True cond=True claim_agree=True upper=2186.11357648  CERT
325492833,0,1 RHO mem=True nz=True ynz=True cond=True claim_agree=True upper=0.937083733109  CERT
325492833,0,1 T   mem=True nz=True ynz=True cond=True claim_agree=True upper=2151.15819360  CERT
388412118,0,1 RHO mem=True nz=True ynz=True cond=True claim_agree=True upper=0.959551292109  CERT
388412118,0,1 T   mem=True nz=True ynz=True cond=True claim_agree=True upper=3036.84534100  CERT
435805396,0,1 RHO mem=True nz=True ynz=True cond=True claim_agree=True upper=0.939939875109  CERT
435805396,0,1 T   mem=True nz=True ynz=True cond=True claim_agree=True upper=3005.23515818  CERT
452437407,0,1 RHO mem=True nz=True ynz=True cond=True claim_agree=True upper=0.932154687545  CERT
452437407,0,1 T   mem=True nz=True ynz=True cond=True claim_agree=True upper=1944.15333655  CERT
466536068,0,1 RHO mem=True nz=True ynz=True cond=True claim_agree=True upper=0.935055089018  CERT
466536068,0,1 T   mem=True nz=True ynz=True cond=True claim_agree=True upper=2397.50779638  CERT
468802748,0,1 RHO mem=True nz=True ynz=True cond=True claim_agree=True upper=0.930141863369  CERT
468802748,0,1 T   mem=True nz=True ynz=True cond=True claim_agree=True upper=2451.58465447  CERT
532484613,0,1 RHO mem=True nz=True ynz=True cond=True claim_agree=True upper=0.927762605226  CERT
532484613,0,1 T   mem=True nz=True ynz=True cond=True claim_agree=True upper=2143.61481415  CERT
534751293,0,1 RHO mem=True nz=True ynz=True cond=True claim_agree=True upper=0.928675785350  CERT
534751293,0,1 T   mem=True nz=True ynz=True cond=True claim_agree=True upper=3151.39166923  CERT
548849954,0,1 RHO mem=True nz=True ynz=True cond=True claim_agree=True upper=0.953909692993  CERT
548849954,0,1 T   mem=True nz=True ynz=True cond=True claim_agree=True upper=3367.47846887  CERT
565481965,0,1 RHO mem=True nz=True ynz=True cond=True claim_agree=True upper=0.927048794985  CERT
565481965,0,1 T   mem=True nz=True ynz=True cond=True claim_agree=True upper=2622.31052949  CERT
612875243,0,1 RHO mem=True nz=True ynz=True cond=True claim_agree=True upper=0.967951538616  CERT
612875243,0,1 T   mem=True nz=True ynz=True cond=True claim_agree=True upper=2855.58768594  CERT
675794528,0,1 RHO mem=True nz=True ynz=True cond=True claim_agree=True upper=0.958308409256  CERT
675794528,0,1 T   mem=True nz=True ynz=True cond=True claim_agree=True upper=2493.46671295  CERT
729158297,0,1 RHO mem=True nz=True ynz=True cond=True claim_agree=True upper=0.916820326103  CERT
729158297,0,1 T   mem=True nz=True ynz=True cond=True claim_agree=True upper=2369.08749332  CERT
774392202,0,1 RHO mem=True nz=True ynz=True cond=True claim_agree=True upper=0.878792729816  CERT
774392202,0,1 T   mem=True nz=True ynz=True cond=True claim_agree=True upper=1832.36973119  CERT
829842158,0,1 RHO mem=True nz=True ynz=True cond=True claim_agree=True upper=0.930141863369  CERT
829842158,0,1 T   mem=True nz=True ynz=True cond=True claim_agree=True upper=2708.44720641  CERT
836692811,0,1 RHO mem=True nz=True ynz=True cond=True claim_agree=True upper=0.964480958083  CERT
836692811,0,1 T   mem=True nz=True ynz=True cond=True claim_agree=True upper=2478.57621564  CERT
872609891,0,1 RHO mem=True nz=True ynz=True cond=True claim_agree=True upper=0.953909692993  CERT
872609891,0,1 T   mem=True nz=True ynz=True cond=True claim_agree=True upper=2761.23696926  CERT
876107683,0,1 RHO mem=True nz=True ynz=True cond=True claim_agree=True upper=0.916820326103  CERT
876107683,0,1 T   mem=True nz=True ynz=True cond=True claim_agree=True upper=2016.88387788  CERT
889158034,0,1 RHO mem=True nz=True ynz=True cond=True claim_agree=True upper=0.935055089018  CERT
889158034,0,1 T   mem=True nz=True ynz=True cond=True claim_agree=True upper=2033.99521279  CERT
895200854,0,1 RHO mem=True nz=True ynz=True cond=True claim_agree=True upper=0.959551292109  CERT
895200854,0,1 T   mem=True nz=True ynz=True cond=True claim_agree=True upper=2121.47385210  CERT
937467640,0,1 RHO mem=True nz=True ynz=True cond=True claim_agree=True upper=0.937083733109  CERT
937467640,0,1 T   mem=True nz=True ynz=True cond=True claim_agree=True upper=2199.97897297  CERT
954375058,0,1 RHO mem=True nz=True ynz=True cond=True claim_agree=True upper=0.939939875109  CERT
954375058,0,1 T   mem=True nz=True ynz=True cond=True claim_agree=True upper=2367.15464279  CERT
FAMILY VERIFY n=7 l=1001287361 : EXCLUDED (components certified 32 / 32 ; lines 64 ; failed lines 0)
FAMILY VERIFY PASS
