FACTORIZATION: 32 irreducible factors of degree 2 over F_1001145281: OK (header deg/ncomp/bar_T agree)
33615658,0,1 RHO mem=True nz=True ynz=True cond=True claim_agree=True upper=0.928154519067  CERT
33615658,0,1 T   mem=True nz=True ynz=True cond=True claim_agree=True upper=2397.15632573  CERT
91005647,0,1 RHO mem=True nz=True ynz=True cond=True claim_agree=True upper=0.966904885133  CERT
91005647,0,1 T   mem=True nz=True ynz=True cond=True claim_agree=True upper=2313.91487845  CERT
140542325,0,1 RHO mem=True nz=True ynz=True cond=True claim_agree=True upper=0.961758151534  CERT
140542325,0,1 T   mem=True nz=True ynz=True cond=True claim_agree=True upper=3110.12054457  CERT
156906689,0,1 RHO mem=True nz=True ynz=True cond=True claim_agree=True upper=0.961758151534  CERT
156906689,0,1 T   mem=True nz=True ynz=True cond=True claim_agree=True upper=2080.28483039  CERT
170926741,0,1 RHO mem=True nz=True ynz=True cond=True claim_agree=True upper=0.972825639761  CERT
170926741,0,1 T   mem=True nz=True ynz=True cond=True claim_agree=True upper=3067.11550724  CERT
177919955,0,1 RHO mem=True nz=True ynz=True cond=True claim_agree=True upper=0.971983063140  CERT
177919955,0,1 T   mem=True nz=True ynz=True cond=True claim_agree=True upper=2464.92103467  CERT
197245989,0,1 RHO mem=True nz=True ynz=True cond=True claim_agree=True upper=0.953302709705  CERT
197245989,0,1 T   mem=True nz=True ynz=True cond=True claim_agree=True upper=2399.65037769  CERT
216174125,0,1 RHO mem=True nz=True ynz=True cond=True claim_agree=True upper=0.937365478502  CERT
216174125,0,1 T   mem=True nz=True ynz=True cond=True claim_agree=True upper=2528.92419958  CERT
219185941,0,1 RHO mem=True nz=True ynz=True cond=True claim_agree=True upper=0.972825639761  CERT
219185941,0,1 T   mem=True nz=True ynz=True cond=True claim_agree=True upper=2378.10317157  CERT
311797803,0,1 RHO mem=True nz=True ynz=True cond=True claim_agree=True upper=0.955480758691  CERT
311797803,0,1 T   mem=True nz=True ynz=True cond=True claim_agree=True upper=2708.41242713  CERT
344533083,0,1 RHO mem=True nz=True ynz=True cond=True claim_agree=True upper=0.945551659340  CERT
344533083,0,1 T   mem=True nz=True ynz=True cond=True claim_agree=True upper=2507.77159388  CERT
359140936,0,1 RHO mem=True nz=True ynz=True cond=True claim_agree=True upper=0.956533488181  CERT
359140936,0,1 T   mem=True nz=True ynz=True cond=True claim_agree=True upper=3474.82705077  CERT
421145311,0,1 RHO mem=True nz=True ynz=True cond=True claim_agree=True upper=0.956533488181  CERT
421145311,0,1 T   mem=True nz=True ynz=True cond=True claim_agree=True upper=2030.71412937  CERT
454675494,0,1 RHO mem=True nz=True ynz=True cond=True claim_agree=True upper=0.946091537297  CERT
454675494,0,1 T   mem=True nz=True ynz=True cond=True claim_agree=True upper=2096.91529163  CERT
458054457,0,1 RHO mem=True nz=True ynz=True cond=True claim_agree=True upper=0.957791438406  CERT
458054457,0,1 T   mem=True nz=True ynz=True cond=True claim_agree=True upper=2359.84362941  CERT
470263445,0,1 RHO mem=True nz=True ynz=True cond=True claim_agree=True upper=0.961814854387  CERT
470263445,0,1 T   mem=True nz=True ynz=True cond=True claim_agree=True upper=2971.22141184  CERT
530881836,0,1 RHO mem=True nz=True ynz=True cond=True claim_agree=True upper=0.928154519067  CERT
530881836,0,1 T   mem=True nz=True ynz=True cond=True claim_agree=True upper=2494.62486583  CERT
543090824,0,1 RHO mem=True nz=True ynz=True cond=True claim_agree=True upper=0.937365478502  CERT
543090824,0,1 T   mem=True nz=True ynz=True cond=True claim_agree=True upper=2475.66377698  CERT
546469787,0,1 RHO mem=True nz=True ynz=True cond=True claim_agree=True upper=0.955480758691  CERT
546469787,0,1 T   mem=True nz=True ynz=True cond=True claim_agree=True upper=2676.76315934  CERT
579999970,0,1 RHO mem=True nz=True ynz=True cond=True claim_agree=True upper=0.912418402413  CERT
579999970,0,1 T   mem=True nz=True ynz=True cond=True claim_agree=True upper=2516.50116676  CERT
642004345,0,1 RHO mem=True nz=True ynz=True cond=True claim_agree=True upper=0.912418402413  CERT
642004345,0,1 T   mem=True nz=True ynz=True cond=True claim_agree=True upper=2187.47090789  CERT
656612198,0,1 RHO mem=True nz=True ynz=True cond=True claim_agree=True upper=0.971983063140  CERT
656612198,0,1 T   mem=True nz=True ynz=True cond=True claim_agree=True upper=3368.07758038  CERT
689347478,0,1 RHO mem=True nz=True ynz=True cond=True claim_agree=True upper=0.946091537297  CERT
689347478,0,1 T   mem=True nz=True ynz=True cond=True claim_agree=True upper=2572.13973961  CERT
781959340,0,1 RHO mem=True nz=True ynz=True cond=True claim_agree=True upper=0.950268183003  CERT
781959340,0,1 T   mem=True nz=True ynz=True cond=True claim_agree=True upper=3053.08962271  CERT
784971156,0,1 RHO mem=True nz=True ynz=True cond=True claim_agree=True upper=0.957791438406  CERT
784971156,0,1 T   mem=True nz=True ynz=True cond=True claim_agree=True upper=2932.79214043  CERT
803899292,0,1 RHO mem=True nz=True ynz=True cond=True claim_agree=True upper=0.966904885133  CERT
803899292,0,1 T   mem=True nz=True ynz=True cond=True claim_agree=True upper=2949.37840526  CERT
823225326,0,1 RHO mem=True nz=True ynz=True cond=True claim_agree=True upper=0.945551659340  CERT
823225326,0,1 T   mem=True nz=True ynz=True cond=True claim_agree=True upper=2149.31430080  CERT
830218540,0,1 RHO mem=True nz=True ynz=True cond=True claim_agree=True upper=0.950268183003  CERT
830218540,0,1 T   mem=True nz=True ynz=True cond=True claim_agree=True upper=2442.53355772  CERT
844238592,0,1 RHO mem=True nz=True ynz=True cond=True claim_agree=True upper=0.969742694911  CERT
844238592,0,1 T   mem=True nz=True ynz=True cond=True claim_agree=True upper=2506.22847186  CERT
860602956,0,1 RHO mem=True nz=True ynz=True cond=True claim_agree=True upper=0.969742694911  CERT
860602956,0,1 T   mem=True nz=True ynz=True cond=True claim_agree=True upper=2368.39810164  CERT
910139634,0,1 RHO mem=True nz=True ynz=True cond=True claim_agree=True upper=0.953302709705  CERT
910139634,0,1 T   mem=True nz=True ynz=True cond=True claim_agree=True upper=2868.36801913  CERT
967529623,0,1 RHO mem=True nz=True ynz=True cond=True claim_agree=True upper=0.961814854387  CERT
967529623,0,1 T   mem=True nz=True ynz=True cond=True claim_agree=True upper=2719.99260343  CERT
FAMILY VERIFY n=7 l=1001145281 : EXCLUDED (components certified 32 / 32 ; lines 64 ; failed lines 0)
FAMILY VERIFY PASS
