FACTORIZATION: 32 irreducible factors of degree 2 over F_1000541761: OK (header deg/ncomp/bar_T agree)
33892211,0,1 RHO mem=True nz=True ynz=True cond=True claim_agree=True upper=0.944909810283  CERT
33892211,0,1 T   mem=True nz=True ynz=True cond=True claim_agree=True upper=2507.51745431  CERT
46466997,0,1 RHO mem=True nz=True ynz=True cond=True claim_agree=True upper=0.948820032262  CERT
46466997,0,1 T   mem=True nz=True ynz=True cond=True claim_agree=True upper=2730.20802092  CERT
51090743,0,1 RHO mem=True nz=True ynz=True cond=True claim_agree=True upper=0.970120198419  CERT
51090743,0,1 T   mem=True nz=True ynz=True cond=True claim_agree=True upper=2315.81591569  CERT
67235572,0,1 RHO mem=True nz=True ynz=True cond=True claim_agree=True upper=0.975117712991  CERT
67235572,0,1 T   mem=True nz=True ynz=True cond=True claim_agree=True upper=2637.87001661  CERT
85349058,0,1 RHO mem=True nz=True ynz=True cond=True claim_agree=True upper=0.983358246626  CERT
85349058,0,1 T   mem=True nz=True ynz=True cond=True claim_agree=True upper=2797.86823284  CERT
133211520,0,1 RHO mem=True nz=True ynz=True cond=True claim_agree=True upper=0.959316012690  CERT
133211520,0,1 T   mem=True nz=True ynz=True cond=True claim_agree=True upper=2813.85113655  CERT
158325124,0,1 RHO mem=True nz=True ynz=True cond=True claim_agree=True upper=0.944909810283  CERT
158325124,0,1 T   mem=True nz=True ynz=True cond=True claim_agree=True upper=2505.77288713  CERT
158827799,0,1 RHO mem=True nz=True ynz=True cond=True claim_agree=True upper=0.933158048236  CERT
158827799,0,1 T   mem=True nz=True ynz=True cond=True claim_agree=True upper=2169.95401484  CERT
159023262,0,1 RHO mem=True nz=True ynz=True cond=True claim_agree=True upper=0.961647935059  CERT
159023262,0,1 T   mem=True nz=True ynz=True cond=True claim_agree=True upper=2995.60422642  CERT
159849320,0,1 RHO mem=True nz=True ynz=True cond=True claim_agree=True upper=0.957015586826  CERT
159849320,0,1 T   mem=True nz=True ynz=True cond=True claim_agree=True upper=2646.85934517  CERT
185832164,0,1 RHO mem=True nz=True ynz=True cond=True claim_agree=True upper=0.948820032262  CERT
185832164,0,1 T   mem=True nz=True ynz=True cond=True claim_agree=True upper=2369.82227243  CERT
317255291,0,1 RHO mem=True nz=True ynz=True cond=True claim_agree=True upper=0.975117712991  CERT
317255291,0,1 T   mem=True nz=True ynz=True cond=True claim_agree=True upper=2310.57470921  CERT
360270304,0,1 RHO mem=True nz=True ynz=True cond=True claim_agree=True upper=0.970120198419  CERT
360270304,0,1 T   mem=True nz=True ynz=True cond=True claim_agree=True upper=2066.22345592  CERT
393581143,0,1 RHO mem=True nz=True ynz=True cond=True claim_agree=True upper=0.958772554667  CERT
393581143,0,1 T   mem=True nz=True ynz=True cond=True claim_agree=True upper=2294.41297456  CERT
401797689,0,1 RHO mem=True nz=True ynz=True cond=True claim_agree=True upper=0.958772554667  CERT
401797689,0,1 T   mem=True nz=True ynz=True cond=True claim_agree=True upper=2739.96433622  CERT
495310077,0,1 RHO mem=True nz=True ynz=True cond=True claim_agree=True upper=0.944525402032  CERT
495310077,0,1 T   mem=True nz=True ynz=True cond=True claim_agree=True upper=2797.24667585  CERT
505231684,0,1 RHO mem=True nz=True ynz=True cond=True claim_agree=True upper=0.961647935059  CERT
505231684,0,1 T   mem=True nz=True ynz=True cond=True claim_agree=True upper=2584.40305339  CERT
598744072,0,1 RHO mem=True nz=True ynz=True cond=True claim_agree=True upper=0.963789810970  CERT
598744072,0,1 T   mem=True nz=True ynz=True cond=True claim_agree=True upper=2210.75526602  CERT
606960618,0,1 RHO mem=True nz=True ynz=True cond=True claim_agree=True upper=0.963789810970  CERT
606960618,0,1 T   mem=True nz=True ynz=True cond=True claim_agree=True upper=2441.91769211  CERT
640271457,0,1 RHO mem=True nz=True ynz=True cond=True claim_agree=True upper=0.925173132175  CERT
640271457,0,1 T   mem=True nz=True ynz=True cond=True claim_agree=True upper=2849.32017123  CERT
683286470,0,1 RHO mem=True nz=True ynz=True cond=True claim_agree=True upper=0.937929391436  CERT
683286470,0,1 T   mem=True nz=True ynz=True cond=True claim_agree=True upper=1959.93389483  CERT
814709597,0,1 RHO mem=True nz=True ynz=True cond=True claim_agree=True upper=0.967519932332  CERT
814709597,0,1 T   mem=True nz=True ynz=True cond=True claim_agree=True upper=2936.60399775  CERT
840692441,0,1 RHO mem=True nz=True ynz=True cond=True claim_agree=True upper=0.959316012690  CERT
840692441,0,1 T   mem=True nz=True ynz=True cond=True claim_agree=True upper=2849.89885091  CERT
841518499,0,1 RHO mem=True nz=True ynz=True cond=True claim_agree=True upper=0.944525402032  CERT
841518499,0,1 T   mem=True nz=True ynz=True cond=True claim_agree=True upper=2734.14407634  CERT
841713962,0,1 RHO mem=True nz=True ynz=True cond=True claim_agree=True upper=0.983358246626  CERT
841713962,0,1 T   mem=True nz=True ynz=True cond=True claim_agree=True upper=2593.42963436  CERT
842216637,0,1 RHO mem=True nz=True ynz=True cond=True claim_agree=True upper=0.957341385252  CERT
842216637,0,1 T   mem=True nz=True ynz=True cond=True claim_agree=True upper=2243.70457921  CERT
867330241,0,1 RHO mem=True nz=True ynz=True cond=True claim_agree=True upper=0.957015586826  CERT
867330241,0,1 T   mem=True nz=True ynz=True cond=True claim_agree=True upper=2380.23300905  CERT
915192703,0,1 RHO mem=True nz=True ynz=True cond=True claim_agree=True upper=0.933158048236  CERT
915192703,0,1 T   mem=True nz=True ynz=True cond=True claim_agree=True upper=3043.69808800  CERT
933306189,0,1 RHO mem=True nz=True ynz=True cond=True claim_agree=True upper=0.937929391436  CERT
933306189,0,1 T   mem=True nz=True ynz=True cond=True claim_agree=True upper=2549.76790627  CERT
949451018,0,1 RHO mem=True nz=True ynz=True cond=True claim_agree=True upper=0.925173132175  CERT
949451018,0,1 T   mem=True nz=True ynz=True cond=True claim_agree=True upper=2899.37476583  CERT
954074764,0,1 RHO mem=True nz=True ynz=True cond=True claim_agree=True upper=0.967519932332  CERT
954074764,0,1 T   mem=True nz=True ynz=True cond=True claim_agree=True upper=2559.83727894  CERT
966649550,0,1 RHO mem=True nz=True ynz=True cond=True claim_agree=True upper=0.957341385252  CERT
966649550,0,1 T   mem=True nz=True ynz=True cond=True claim_agree=True upper=2638.25293293  CERT
FAMILY VERIFY n=7 l=1000541761 : EXCLUDED (components certified 32 / 32 ; lines 64 ; failed lines 0)
FAMILY VERIFY PASS
