FACTORIZATION: 32 irreducible factors of degree 2 over F_1000438849: OK (header deg/ncomp/bar_T agree)
21925400,0,1 RHO mem=True nz=True ynz=True cond=True claim_agree=True upper=0.955739991064  CERT
21925400,0,1 T   mem=True nz=True ynz=True cond=True claim_agree=True upper=3431.75232253  CERT
34578157,0,1 RHO mem=True nz=True ynz=True cond=True claim_agree=True upper=0.970387375527  CERT
34578157,0,1 T   mem=True nz=True ynz=True cond=True claim_agree=True upper=2760.69677115  CERT
106960877,0,1 RHO mem=True nz=True ynz=True cond=True claim_agree=True upper=0.954793990691  CERT
106960877,0,1 T   mem=True nz=True ynz=True cond=True claim_agree=True upper=2276.23183835  CERT
126995249,0,1 RHO mem=True nz=True ynz=True cond=True claim_agree=True upper=0.966366443764  CERT
126995249,0,1 T   mem=True nz=True ynz=True cond=True claim_agree=True upper=3048.38611333  CERT
132272212,0,1 RHO mem=True nz=True ynz=True cond=True claim_agree=True upper=0.968663914510  CERT
132272212,0,1 T   mem=True nz=True ynz=True cond=True claim_agree=True upper=3436.07092086  CERT
205366446,0,1 RHO mem=True nz=True ynz=True cond=True claim_agree=True upper=0.935280556261  CERT
205366446,0,1 T   mem=True nz=True ynz=True cond=True claim_agree=True upper=2602.40563614  CERT
226193478,0,1 RHO mem=True nz=True ynz=True cond=True claim_agree=True upper=0.976819608486  CERT
226193478,0,1 T   mem=True nz=True ynz=True cond=True claim_agree=True upper=2513.93979244  CERT
232757820,0,1 RHO mem=True nz=True ynz=True cond=True claim_agree=True upper=0.966366443764  CERT
232757820,0,1 T   mem=True nz=True ynz=True cond=True claim_agree=True upper=2567.00114385  CERT
234086027,0,1 RHO mem=True nz=True ynz=True cond=True claim_agree=True upper=0.959668163957  CERT
234086027,0,1 T   mem=True nz=True ynz=True cond=True claim_agree=True upper=2237.68468905  CERT
271394302,0,1 RHO mem=True nz=True ynz=True cond=True claim_agree=True upper=0.961878261049  CERT
271394302,0,1 T   mem=True nz=True ynz=True cond=True claim_agree=True upper=2682.23208361  CERT
341269963,0,1 RHO mem=True nz=True ynz=True cond=True claim_agree=True upper=0.970387375527  CERT
341269963,0,1 T   mem=True nz=True ynz=True cond=True claim_agree=True upper=2904.62025234  CERT
370734929,0,1 RHO mem=True nz=True ynz=True cond=True claim_agree=True upper=0.935280556261  CERT
370734929,0,1 T   mem=True nz=True ynz=True cond=True claim_agree=True upper=1897.70780377  CERT
409444189,0,1 RHO mem=True nz=True ynz=True cond=True claim_agree=True upper=0.971529702326  CERT
409444189,0,1 T   mem=True nz=True ynz=True cond=True claim_agree=True upper=2976.08488840  CERT
415012494,0,1 RHO mem=True nz=True ynz=True cond=True claim_agree=True upper=0.983304828624  CERT
415012494,0,1 T   mem=True nz=True ynz=True cond=True claim_agree=True upper=2493.12734392  CERT
419773899,0,1 RHO mem=True nz=True ynz=True cond=True claim_agree=True upper=0.971529702326  CERT
419773899,0,1 T   mem=True nz=True ynz=True cond=True claim_agree=True upper=2822.38057791  CERT
460342316,0,1 RHO mem=True nz=True ynz=True cond=True claim_agree=True upper=0.954793990691  CERT
460342316,0,1 T   mem=True nz=True ynz=True cond=True claim_agree=True upper=2504.49254900  CERT
540096533,0,1 RHO mem=True nz=True ynz=True cond=True claim_agree=True upper=0.939607952891  CERT
540096533,0,1 T   mem=True nz=True ynz=True cond=True claim_agree=True upper=2196.58798662  CERT
580664950,0,1 RHO mem=True nz=True ynz=True cond=True claim_agree=True upper=0.920090777215  CERT
580664950,0,1 T   mem=True nz=True ynz=True cond=True claim_agree=True upper=2993.95915676  CERT
585426355,0,1 RHO mem=True nz=True ynz=True cond=True claim_agree=True upper=0.959668163957  CERT
585426355,0,1 T   mem=True nz=True ynz=True cond=True claim_agree=True upper=3102.89963701  CERT
590994660,0,1 RHO mem=True nz=True ynz=True cond=True claim_agree=True upper=0.920090777215  CERT
590994660,0,1 T   mem=True nz=True ynz=True cond=True claim_agree=True upper=1968.97736935  CERT
629703920,0,1 RHO mem=True nz=True ynz=True cond=True claim_agree=True upper=0.939900209946  CERT
629703920,0,1 T   mem=True nz=True ynz=True cond=True claim_agree=True upper=2728.80938597  CERT
659168886,0,1 RHO mem=True nz=True ynz=True cond=True claim_agree=True upper=0.947950614006  CERT
659168886,0,1 T   mem=True nz=True ynz=True cond=True claim_agree=True upper=3038.51448896  CERT
729044547,0,1 RHO mem=True nz=True ynz=True cond=True claim_agree=True upper=0.976819608486  CERT
729044547,0,1 T   mem=True nz=True ynz=True cond=True claim_agree=True upper=2902.15583850  CERT
766352822,0,1 RHO mem=True nz=True ynz=True cond=True claim_agree=True upper=0.983304828624  CERT
766352822,0,1 T   mem=True nz=True ynz=True cond=True claim_agree=True upper=2755.83484541  CERT
767681029,0,1 RHO mem=True nz=True ynz=True cond=True claim_agree=True upper=0.956555371033  CERT
767681029,0,1 T   mem=True nz=True ynz=True cond=True claim_agree=True upper=2577.86486149  CERT
774245371,0,1 RHO mem=True nz=True ynz=True cond=True claim_agree=True upper=0.961878261049  CERT
774245371,0,1 T   mem=True nz=True ynz=True cond=True claim_agree=True upper=3461.62625343  CERT
795072403,0,1 RHO mem=True nz=True ynz=True cond=True claim_agree=True upper=0.939900209946  CERT
795072403,0,1 T   mem=True nz=True ynz=True cond=True claim_agree=True upper=2710.50862671  CERT
868166637,0,1 RHO mem=True nz=True ynz=True cond=True claim_agree=True upper=0.955739991064  CERT
868166637,0,1 T   mem=True nz=True ynz=True cond=True claim_agree=True upper=3245.60779739  CERT
873443600,0,1 RHO mem=True nz=True ynz=True cond=True claim_agree=True upper=0.956555371033  CERT
873443600,0,1 T   mem=True nz=True ynz=True cond=True claim_agree=True upper=2764.18249416  CERT
893477972,0,1 RHO mem=True nz=True ynz=True cond=True claim_agree=True upper=0.939607952891  CERT
893477972,0,1 T   mem=True nz=True ynz=True cond=True claim_agree=True upper=3196.21477059  CERT
965860692,0,1 RHO mem=True nz=True ynz=True cond=True claim_agree=True upper=0.947950614006  CERT
965860692,0,1 T   mem=True nz=True ynz=True cond=True claim_agree=True upper=2882.01109877  CERT
978513449,0,1 RHO mem=True nz=True ynz=True cond=True claim_agree=True upper=0.968663914510  CERT
978513449,0,1 T   mem=True nz=True ynz=True cond=True claim_agree=True upper=3161.72922979  CERT
FAMILY VERIFY n=7 l=1000438849 : EXCLUDED (components certified 32 / 32 ; lines 64 ; failed lines 0)
FAMILY VERIFY PASS
