FACTORIZATION: 32 irreducible factors of degree 2 over F_1000690241: OK (header deg/ncomp/bar_T agree)
12217813,0,1 RHO mem=True nz=True ynz=True cond=True claim_agree=True upper=0.966410511761  CERT
12217813,0,1 T   mem=True nz=True ynz=True cond=True claim_agree=True upper=2415.40117911  CERT
61708706,0,1 RHO mem=True nz=True ynz=True cond=True claim_agree=True upper=0.956701704730  CERT
61708706,0,1 T   mem=True nz=True ynz=True cond=True claim_agree=True upper=2298.73550564  CERT
113734808,0,1 RHO mem=True nz=True ynz=True cond=True claim_agree=True upper=0.916838802157  CERT
113734808,0,1 T   mem=True nz=True ynz=True cond=True claim_agree=True upper=2768.17289081  CERT
163830546,0,1 RHO mem=True nz=True ynz=True cond=True claim_agree=True upper=0.954132899743  CERT
163830546,0,1 T   mem=True nz=True ynz=True cond=True claim_agree=True upper=2724.76244788  CERT
169445509,0,1 RHO mem=True nz=True ynz=True cond=True claim_agree=True upper=0.950342089785  CERT
169445509,0,1 T   mem=True nz=True ynz=True cond=True claim_agree=True upper=2458.31038727  CERT
196684948,0,1 RHO mem=True nz=True ynz=True cond=True claim_agree=True upper=0.961917994182  CERT
196684948,0,1 T   mem=True nz=True ynz=True cond=True claim_agree=True upper=2900.07776677  CERT
197245858,0,1 RHO mem=True nz=True ynz=True cond=True claim_agree=True upper=0.969946800227  CERT
197245858,0,1 T   mem=True nz=True ynz=True cond=True claim_agree=True upper=2783.93245801  CERT
200413045,0,1 RHO mem=True nz=True ynz=True cond=True claim_agree=True upper=0.912655372213  CERT
200413045,0,1 T   mem=True nz=True ynz=True cond=True claim_agree=True upper=2943.55216135  CERT
265080339,0,1 RHO mem=True nz=True ynz=True cond=True claim_agree=True upper=0.962282670488  CERT
265080339,0,1 T   mem=True nz=True ynz=True cond=True claim_agree=True upper=2159.14506278  CERT
295799745,0,1 RHO mem=True nz=True ynz=True cond=True claim_agree=True upper=0.941981476510  CERT
295799745,0,1 T   mem=True nz=True ynz=True cond=True claim_agree=True upper=3302.52195881  CERT
345155029,0,1 RHO mem=True nz=True ynz=True cond=True claim_agree=True upper=0.934083745954  CERT
345155029,0,1 T   mem=True nz=True ynz=True cond=True claim_agree=True upper=2822.66027834  CERT
378676124,0,1 RHO mem=True nz=True ynz=True cond=True claim_agree=True upper=0.919269826245  CERT
378676124,0,1 T   mem=True nz=True ynz=True cond=True claim_agree=True upper=2785.86133038  CERT
382523609,0,1 RHO mem=True nz=True ynz=True cond=True claim_agree=True upper=0.923348422936  CERT
382523609,0,1 T   mem=True nz=True ynz=True cond=True claim_agree=True upper=2408.17481534  CERT
420574974,0,1 RHO mem=True nz=True ynz=True cond=True claim_agree=True upper=0.969946800227  CERT
420574974,0,1 T   mem=True nz=True ynz=True cond=True claim_agree=True upper=2717.88012862  CERT
444865646,0,1 RHO mem=True nz=True ynz=True cond=True claim_agree=True upper=0.975016774970  CERT
444865646,0,1 T   mem=True nz=True ynz=True cond=True claim_agree=True upper=2024.39819677  CERT
491996666,0,1 RHO mem=True nz=True ynz=True cond=True claim_agree=True upper=0.966410511761  CERT
491996666,0,1 T   mem=True nz=True ynz=True cond=True claim_agree=True upper=3253.20609455  CERT
508693575,0,1 RHO mem=True nz=True ynz=True cond=True claim_agree=True upper=0.913357198906  CERT
508693575,0,1 T   mem=True nz=True ynz=True cond=True claim_agree=True upper=2255.38820958  CERT
555824595,0,1 RHO mem=True nz=True ynz=True cond=True claim_agree=True upper=0.916838802157  CERT
555824595,0,1 T   mem=True nz=True ynz=True cond=True claim_agree=True upper=2443.72695418  CERT
580115267,0,1 RHO mem=True nz=True ynz=True cond=True claim_agree=True upper=0.929049270147  CERT
580115267,0,1 T   mem=True nz=True ynz=True cond=True claim_agree=True upper=2961.35531191  CERT
618166632,0,1 RHO mem=True nz=True ynz=True cond=True claim_agree=True upper=0.956701704730  CERT
618166632,0,1 T   mem=True nz=True ynz=True cond=True claim_agree=True upper=2439.25201803  CERT
622014117,0,1 RHO mem=True nz=True ynz=True cond=True claim_agree=True upper=0.962282670488  CERT
622014117,0,1 T   mem=True nz=True ynz=True cond=True claim_agree=True upper=2322.67219378  CERT
655535212,0,1 RHO mem=True nz=True ynz=True cond=True claim_agree=True upper=0.961917994182  CERT
655535212,0,1 T   mem=True nz=True ynz=True cond=True claim_agree=True upper=2274.58488607  CERT
704890496,0,1 RHO mem=True nz=True ynz=True cond=True claim_agree=True upper=0.950342089785  CERT
704890496,0,1 T   mem=True nz=True ynz=True cond=True claim_agree=True upper=2253.14023468  CERT
735609902,0,1 RHO mem=True nz=True ynz=True cond=True claim_agree=True upper=0.919269826245  CERT
735609902,0,1 T   mem=True nz=True ynz=True cond=True claim_agree=True upper=3218.86095847  CERT
800277196,0,1 RHO mem=True nz=True ynz=True cond=True claim_agree=True upper=0.954132899743  CERT
800277196,0,1 T   mem=True nz=True ynz=True cond=True claim_agree=True upper=2137.80200358  CERT
803444383,0,1 RHO mem=True nz=True ynz=True cond=True claim_agree=True upper=0.929049270147  CERT
803444383,0,1 T   mem=True nz=True ynz=True cond=True claim_agree=True upper=2354.74857277  CERT
804005293,0,1 RHO mem=True nz=True ynz=True cond=True claim_agree=True upper=0.934083745954  CERT
804005293,0,1 T   mem=True nz=True ynz=True cond=True claim_agree=True upper=2818.07883081  CERT
831244732,0,1 RHO mem=True nz=True ynz=True cond=True claim_agree=True upper=0.941981476510  CERT
831244732,0,1 T   mem=True nz=True ynz=True cond=True claim_agree=True upper=2227.49043699  CERT
836859695,0,1 RHO mem=True nz=True ynz=True cond=True claim_agree=True upper=0.912655372213  CERT
836859695,0,1 T   mem=True nz=True ynz=True cond=True claim_agree=True upper=2921.72351556  CERT
886955433,0,1 RHO mem=True nz=True ynz=True cond=True claim_agree=True upper=0.975016774970  CERT
886955433,0,1 T   mem=True nz=True ynz=True cond=True claim_agree=True upper=2158.45449552  CERT
938981535,0,1 RHO mem=True nz=True ynz=True cond=True claim_agree=True upper=0.923348422936  CERT
938981535,0,1 T   mem=True nz=True ynz=True cond=True claim_agree=True upper=3122.69602772  CERT
988472428,0,1 RHO mem=True nz=True ynz=True cond=True claim_agree=True upper=0.913357198906  CERT
988472428,0,1 T   mem=True nz=True ynz=True cond=True claim_agree=True upper=2155.35683134  CERT
FAMILY VERIFY n=7 l=1000690241 : EXCLUDED (components certified 32 / 32 ; lines 64 ; failed lines 0)
FAMILY VERIFY PASS
