FACTORIZATION: 32 irreducible factors of degree 2 over F_1000296257: OK (header deg/ncomp/bar_T agree)
960162,0,1 RHO mem=True nz=True ynz=True cond=True claim_agree=True upper=0.942156256073  CERT
960162,0,1 T   mem=True nz=True ynz=True cond=True claim_agree=True upper=2166.81732922  CERT
93397385,0,1 RHO mem=True nz=True ynz=True cond=True claim_agree=True upper=0.926064547903  CERT
93397385,0,1 T   mem=True nz=True ynz=True cond=True claim_agree=True upper=2722.43908763  CERT
101965610,0,1 RHO mem=True nz=True ynz=True cond=True claim_agree=True upper=0.945344230009  CERT
101965610,0,1 T   mem=True nz=True ynz=True cond=True claim_agree=True upper=2278.56940831  CERT
118967618,0,1 RHO mem=True nz=True ynz=True cond=True claim_agree=True upper=0.946630450513  CERT
118967618,0,1 T   mem=True nz=True ynz=True cond=True claim_agree=True upper=2654.05709455  CERT
168822750,0,1 RHO mem=True nz=True ynz=True cond=True claim_agree=True upper=0.956933589960  CERT
168822750,0,1 T   mem=True nz=True ynz=True cond=True claim_agree=True upper=2643.33686599  CERT
177228593,0,1 RHO mem=True nz=True ynz=True cond=True claim_agree=True upper=0.956933589960  CERT
177228593,0,1 T   mem=True nz=True ynz=True cond=True claim_agree=True upper=2790.41689486  CERT
194765583,0,1 RHO mem=True nz=True ynz=True cond=True claim_agree=True upper=0.914475323137  CERT
194765583,0,1 T   mem=True nz=True ynz=True cond=True claim_agree=True upper=2101.47301657  CERT
215364384,0,1 RHO mem=True nz=True ynz=True cond=True claim_agree=True upper=0.937464890494  CERT
215364384,0,1 T   mem=True nz=True ynz=True cond=True claim_agree=True upper=2872.02841831  CERT
254015752,0,1 RHO mem=True nz=True ynz=True cond=True claim_agree=True upper=0.940060230283  CERT
254015752,0,1 T   mem=True nz=True ynz=True cond=True claim_agree=True upper=2348.70892134  CERT
288177387,0,1 RHO mem=True nz=True ynz=True cond=True claim_agree=True upper=0.966446027809  CERT
288177387,0,1 T   mem=True nz=True ynz=True cond=True claim_agree=True upper=2992.40745964  CERT
294158740,0,1 RHO mem=True nz=True ynz=True cond=True claim_agree=True upper=0.887240343231  CERT
294158740,0,1 T   mem=True nz=True ynz=True cond=True claim_agree=True upper=1861.57085957  CERT
345259115,0,1 RHO mem=True nz=True ynz=True cond=True claim_agree=True upper=0.887240343231  CERT
345259115,0,1 T   mem=True nz=True ynz=True cond=True claim_agree=True upper=2371.71007341  CERT
355824798,0,1 RHO mem=True nz=True ynz=True cond=True claim_agree=True upper=0.945344230009  CERT
355824798,0,1 T   mem=True nz=True ynz=True cond=True claim_agree=True upper=2018.12024202  CERT
399651985,0,1 RHO mem=True nz=True ynz=True cond=True claim_agree=True upper=0.942156256073  CERT
399651985,0,1 T   mem=True nz=True ynz=True cond=True claim_agree=True upper=2334.24989063  CERT
459478341,0,1 RHO mem=True nz=True ynz=True cond=True claim_agree=True upper=0.949947676328  CERT
459478341,0,1 T   mem=True nz=True ynz=True cond=True claim_agree=True upper=3140.10604165  CERT
464228637,0,1 RHO mem=True nz=True ynz=True cond=True claim_agree=True upper=0.966446027809  CERT
464228637,0,1 T   mem=True nz=True ynz=True cond=True claim_agree=True upper=3047.12252461  CERT
536067620,0,1 RHO mem=True nz=True ynz=True cond=True claim_agree=True upper=0.926586884579  CERT
536067620,0,1 T   mem=True nz=True ynz=True cond=True claim_agree=True upper=2312.80845630  CERT
540817916,0,1 RHO mem=True nz=True ynz=True cond=True claim_agree=True upper=0.940060230283  CERT
540817916,0,1 T   mem=True nz=True ynz=True cond=True claim_agree=True upper=2432.99098801  CERT
600644272,0,1 RHO mem=True nz=True ynz=True cond=True claim_agree=True upper=0.951676000487  CERT
600644272,0,1 T   mem=True nz=True ynz=True cond=True claim_agree=True upper=2797.06723667  CERT
644471459,0,1 RHO mem=True nz=True ynz=True cond=True claim_agree=True upper=0.947834679578  CERT
644471459,0,1 T   mem=True nz=True ynz=True cond=True claim_agree=True upper=2509.53626858  CERT
655037142,0,1 RHO mem=True nz=True ynz=True cond=True claim_agree=True upper=0.954514963281  CERT
655037142,0,1 T   mem=True nz=True ynz=True cond=True claim_agree=True upper=2704.35946575  CERT
706137517,0,1 RHO mem=True nz=True ynz=True cond=True claim_agree=True upper=0.954514963281  CERT
706137517,0,1 T   mem=True nz=True ynz=True cond=True claim_agree=True upper=2733.32630176  CERT
712118870,0,1 RHO mem=True nz=True ynz=True cond=True claim_agree=True upper=0.926586884579  CERT
712118870,0,1 T   mem=True nz=True ynz=True cond=True claim_agree=True upper=2041.09744339  CERT
746280505,0,1 RHO mem=True nz=True ynz=True cond=True claim_agree=True upper=0.949947676328  CERT
746280505,0,1 T   mem=True nz=True ynz=True cond=True claim_agree=True upper=2938.64946578  CERT
784931873,0,1 RHO mem=True nz=True ynz=True cond=True claim_agree=True upper=0.926064547903  CERT
784931873,0,1 T   mem=True nz=True ynz=True cond=True claim_agree=True upper=2399.13518408  CERT
805530674,0,1 RHO mem=True nz=True ynz=True cond=True claim_agree=True upper=0.946630450513  CERT
805530674,0,1 T   mem=True nz=True ynz=True cond=True claim_agree=True upper=3002.85923527  CERT
823067664,0,1 RHO mem=True nz=True ynz=True cond=True claim_agree=True upper=0.922908685017  CERT
823067664,0,1 T   mem=True nz=True ynz=True cond=True claim_agree=True upper=2553.86063930  CERT
831473507,0,1 RHO mem=True nz=True ynz=True cond=True claim_agree=True upper=0.922908685017  CERT
831473507,0,1 T   mem=True nz=True ynz=True cond=True claim_agree=True upper=1983.08690869  CERT
881328639,0,1 RHO mem=True nz=True ynz=True cond=True claim_agree=True upper=0.914475323137  CERT
881328639,0,1 T   mem=True nz=True ynz=True cond=True claim_agree=True upper=2732.77380429  CERT
898330647,0,1 RHO mem=True nz=True ynz=True cond=True claim_agree=True upper=0.947834679578  CERT
898330647,0,1 T   mem=True nz=True ynz=True cond=True claim_agree=True upper=2839.90180682  CERT
906898872,0,1 RHO mem=True nz=True ynz=True cond=True claim_agree=True upper=0.937464890494  CERT
906898872,0,1 T   mem=True nz=True ynz=True cond=True claim_agree=True upper=2022.31331252  CERT
999336095,0,1 RHO mem=True nz=True ynz=True cond=True claim_agree=True upper=0.951676000487  CERT
999336095,0,1 T   mem=True nz=True ynz=True cond=True claim_agree=True upper=2571.54321202  CERT
FAMILY VERIFY n=7 l=1000296257 : EXCLUDED (components certified 32 / 32 ; lines 64 ; failed lines 0)
FAMILY VERIFY PASS
