FACTORIZATION: 32 irreducible factors of degree 2 over F_1000537537: OK (header deg/ncomp/bar_T agree)
12071136,0,1 RHO mem=True nz=True ynz=True cond=True claim_agree=True upper=0.928393540395  CERT
12071136,0,1 T   mem=True nz=True ynz=True cond=True claim_agree=True upper=2117.30079231  CERT
18381350,0,1 RHO mem=True nz=True ynz=True cond=True claim_agree=True upper=0.935687630845  CERT
18381350,0,1 T   mem=True nz=True ynz=True cond=True claim_agree=True upper=2193.63634234  CERT
56340651,0,1 RHO mem=True nz=True ynz=True cond=True claim_agree=True upper=0.948755012830  CERT
56340651,0,1 T   mem=True nz=True ynz=True cond=True claim_agree=True upper=1963.29455524  CERT
113285583,0,1 RHO mem=True nz=True ynz=True cond=True claim_agree=True upper=0.928393540395  CERT
113285583,0,1 T   mem=True nz=True ynz=True cond=True claim_agree=True upper=2652.36640737  CERT
164689976,0,1 RHO mem=True nz=True ynz=True cond=True claim_agree=True upper=0.886154445238  CERT
164689976,0,1 T   mem=True nz=True ynz=True cond=True claim_agree=True upper=1869.52906460  CERT
186002133,0,1 RHO mem=True nz=True ynz=True cond=True claim_agree=True upper=0.923496440609  CERT
186002133,0,1 T   mem=True nz=True ynz=True cond=True claim_agree=True upper=2334.86680111  CERT
218967587,0,1 RHO mem=True nz=True ynz=True cond=True claim_agree=True upper=0.925948112134  CERT
218967587,0,1 T   mem=True nz=True ynz=True cond=True claim_agree=True upper=1722.08857337  CERT
243725535,0,1 RHO mem=True nz=True ynz=True cond=True claim_agree=True upper=0.913103792919  CERT
243725535,0,1 T   mem=True nz=True ynz=True cond=True claim_agree=True upper=1655.10852303  CERT
317475953,0,1 RHO mem=True nz=True ynz=True cond=True claim_agree=True upper=0.920305941708  CERT
317475953,0,1 T   mem=True nz=True ynz=True cond=True claim_agree=True upper=2260.35706754  CERT
337169024,0,1 RHO mem=True nz=True ynz=True cond=True claim_agree=True upper=0.903329338201  CERT
337169024,0,1 T   mem=True nz=True ynz=True cond=True claim_agree=True upper=2401.43300024  CERT
364740617,0,1 RHO mem=True nz=True ynz=True cond=True claim_agree=True upper=0.901039187076  CERT
364740617,0,1 T   mem=True nz=True ynz=True cond=True claim_agree=True upper=1756.16923759  CERT
387513290,0,1 RHO mem=True nz=True ynz=True cond=True claim_agree=True upper=0.881736975242  CERT
387513290,0,1 T   mem=True nz=True ynz=True cond=True claim_agree=True upper=1464.44652415  CERT
393779197,0,1 RHO mem=True nz=True ynz=True cond=True claim_agree=True upper=0.894902523038  CERT
393779197,0,1 T   mem=True nz=True ynz=True cond=True claim_agree=True upper=2476.47112195  CERT
428540778,0,1 RHO mem=True nz=True ynz=True cond=True claim_agree=True upper=0.945261106507  CERT
428540778,0,1 T   mem=True nz=True ynz=True cond=True claim_agree=True upper=2058.01812380  CERT
448332626,0,1 RHO mem=True nz=True ynz=True cond=True claim_agree=True upper=0.896500495872  CERT
448332626,0,1 T   mem=True nz=True ynz=True cond=True claim_agree=True upper=2445.65595207  CERT
458060619,0,1 RHO mem=True nz=True ynz=True cond=True claim_agree=True upper=0.896500495872  CERT
458060619,0,1 T   mem=True nz=True ynz=True cond=True claim_agree=True upper=2150.82402864  CERT
542476918,0,1 RHO mem=True nz=True ynz=True cond=True claim_agree=True upper=0.926164907416  CERT
542476918,0,1 T   mem=True nz=True ynz=True cond=True claim_agree=True upper=1813.27581350  CERT
552204911,0,1 RHO mem=True nz=True ynz=True cond=True claim_agree=True upper=0.926164907416  CERT
552204911,0,1 T   mem=True nz=True ynz=True cond=True claim_agree=True upper=2485.28783620  CERT
571996759,0,1 RHO mem=True nz=True ynz=True cond=True claim_agree=True upper=0.923496440609  CERT
571996759,0,1 T   mem=True nz=True ynz=True cond=True claim_agree=True upper=2031.66369411  CERT
606758340,0,1 RHO mem=True nz=True ynz=True cond=True claim_agree=True upper=0.903329338201  CERT
606758340,0,1 T   mem=True nz=True ynz=True cond=True claim_agree=True upper=1723.86679964  CERT
613024247,0,1 RHO mem=True nz=True ynz=True cond=True claim_agree=True upper=0.925948112134  CERT
613024247,0,1 T   mem=True nz=True ynz=True cond=True claim_agree=True upper=2421.75349615  CERT
635796920,0,1 RHO mem=True nz=True ynz=True cond=True claim_agree=True upper=0.935687630845  CERT
635796920,0,1 T   mem=True nz=True ynz=True cond=True claim_agree=True upper=2118.47343631  CERT
663368513,0,1 RHO mem=True nz=True ynz=True cond=True claim_agree=True upper=0.894902523038  CERT
663368513,0,1 T   mem=True nz=True ynz=True cond=True claim_agree=True upper=1406.69940727  CERT
683061584,0,1 RHO mem=True nz=True ynz=True cond=True claim_agree=True upper=0.886154445238  CERT
683061584,0,1 T   mem=True nz=True ynz=True cond=True claim_agree=True upper=2165.58151097  CERT
756812002,0,1 RHO mem=True nz=True ynz=True cond=True claim_agree=True upper=0.948755012830  CERT
756812002,0,1 T   mem=True nz=True ynz=True cond=True claim_agree=True upper=2400.46679711  CERT
781569950,0,1 RHO mem=True nz=True ynz=True cond=True claim_agree=True upper=0.881736975242  CERT
781569950,0,1 T   mem=True nz=True ynz=True cond=True claim_agree=True upper=1878.10881036  CERT
814535404,0,1 RHO mem=True nz=True ynz=True cond=True claim_agree=True upper=0.945261106507  CERT
814535404,0,1 T   mem=True nz=True ynz=True cond=True claim_agree=True upper=2375.58683896  CERT
835847561,0,1 RHO mem=True nz=True ynz=True cond=True claim_agree=True upper=0.920305941708  CERT
835847561,0,1 T   mem=True nz=True ynz=True cond=True claim_agree=True upper=2924.95597499  CERT
887251954,0,1 RHO mem=True nz=True ynz=True cond=True claim_agree=True upper=0.914197847414  CERT
887251954,0,1 T   mem=True nz=True ynz=True cond=True claim_agree=True upper=2630.11615582  CERT
944196886,0,1 RHO mem=True nz=True ynz=True cond=True claim_agree=True upper=0.913103792919  CERT
944196886,0,1 T   mem=True nz=True ynz=True cond=True claim_agree=True upper=2090.43940656  CERT
982156187,0,1 RHO mem=True nz=True ynz=True cond=True claim_agree=True upper=0.901039187076  CERT
982156187,0,1 T   mem=True nz=True ynz=True cond=True claim_agree=True upper=2657.61023399  CERT
988466401,0,1 RHO mem=True nz=True ynz=True cond=True claim_agree=True upper=0.914197847414  CERT
988466401,0,1 T   mem=True nz=True ynz=True cond=True claim_agree=True upper=2558.28432822  CERT
FAMILY VERIFY n=7 l=1000537537 : EXCLUDED (components certified 32 / 32 ; lines 64 ; failed lines 0)
FAMILY VERIFY PASS
