FACTORIZATION: 32 irreducible factors of degree 2 over F_1000465217: OK (header deg/ncomp/bar_T agree)
65241527,0,1 RHO mem=True nz=True ynz=True cond=True claim_agree=True upper=0.926291147314  CERT
65241527,0,1 T   mem=True nz=True ynz=True cond=True claim_agree=True upper=2518.56439655  CERT
112854666,0,1 RHO mem=True nz=True ynz=True cond=True claim_agree=True upper=0.959366539283  CERT
112854666,0,1 T   mem=True nz=True ynz=True cond=True claim_agree=True upper=2350.43357668  CERT
131704582,0,1 RHO mem=True nz=True ynz=True cond=True claim_agree=True upper=0.918770731926  CERT
131704582,0,1 T   mem=True nz=True ynz=True cond=True claim_agree=True upper=2568.76998831  CERT
185432674,0,1 RHO mem=True nz=True ynz=True cond=True claim_agree=True upper=0.949732660217  CERT
185432674,0,1 T   mem=True nz=True ynz=True cond=True claim_agree=True upper=2575.67100739  CERT
202944291,0,1 RHO mem=True nz=True ynz=True cond=True claim_agree=True upper=0.933276258503  CERT
202944291,0,1 T   mem=True nz=True ynz=True cond=True claim_agree=True upper=2392.67045278  CERT
231175240,0,1 RHO mem=True nz=True ynz=True cond=True claim_agree=True upper=0.894454297547  CERT
231175240,0,1 T   mem=True nz=True ynz=True cond=True claim_agree=True upper=2819.45611244  CERT
283104674,0,1 RHO mem=True nz=True ynz=True cond=True claim_agree=True upper=0.917990707543  CERT
283104674,0,1 T   mem=True nz=True ynz=True cond=True claim_agree=True upper=2492.49590171  CERT
289491072,0,1 RHO mem=True nz=True ynz=True cond=True claim_agree=True upper=0.898177269097  CERT
289491072,0,1 T   mem=True nz=True ynz=True cond=True claim_agree=True upper=2100.38637416  CERT
300801098,0,1 RHO mem=True nz=True ynz=True cond=True claim_agree=True upper=0.942418031801  CERT
300801098,0,1 T   mem=True nz=True ynz=True cond=True claim_agree=True upper=2204.98305408  CERT
368071116,0,1 RHO mem=True nz=True ynz=True cond=True claim_agree=True upper=0.917990707543  CERT
368071116,0,1 T   mem=True nz=True ynz=True cond=True claim_agree=True upper=2463.96703582  CERT
378160205,0,1 RHO mem=True nz=True ynz=True cond=True claim_agree=True upper=0.914201576228  CERT
378160205,0,1 T   mem=True nz=True ynz=True cond=True claim_agree=True upper=2768.72535622  CERT
386224833,0,1 RHO mem=True nz=True ynz=True cond=True claim_agree=True upper=0.936077761988  CERT
386224833,0,1 T   mem=True nz=True ynz=True cond=True claim_agree=True upper=2168.69003813  CERT
390954878,0,1 RHO mem=True nz=True ynz=True cond=True claim_agree=True upper=0.936077761988  CERT
390954878,0,1 T   mem=True nz=True ynz=True cond=True claim_agree=True upper=2262.30790753  CERT
411299736,0,1 RHO mem=True nz=True ynz=True cond=True claim_agree=True upper=0.894630423802  CERT
411299736,0,1 T   mem=True nz=True ynz=True cond=True claim_agree=True upper=2005.44656623  CERT
440751674,0,1 RHO mem=True nz=True ynz=True cond=True claim_agree=True upper=0.926291147314  CERT
440751674,0,1 T   mem=True nz=True ynz=True cond=True claim_agree=True upper=2002.64037023  CERT
451813551,0,1 RHO mem=True nz=True ynz=True cond=True claim_agree=True upper=0.959620757191  CERT
451813551,0,1 T   mem=True nz=True ynz=True cond=True claim_agree=True upper=2650.59921009  CERT
548651666,0,1 RHO mem=True nz=True ynz=True cond=True claim_agree=True upper=0.898177269097  CERT
548651666,0,1 T   mem=True nz=True ynz=True cond=True claim_agree=True upper=2581.63343595  CERT
559713543,0,1 RHO mem=True nz=True ynz=True cond=True claim_agree=True upper=0.907525194207  CERT
559713543,0,1 T   mem=True nz=True ynz=True cond=True claim_agree=True upper=2097.51246610  CERT
589165481,0,1 RHO mem=True nz=True ynz=True cond=True claim_agree=True upper=0.949732660217  CERT
589165481,0,1 T   mem=True nz=True ynz=True cond=True claim_agree=True upper=2181.76030743  CERT
609510339,0,1 RHO mem=True nz=True ynz=True cond=True claim_agree=True upper=0.926081220771  CERT
609510339,0,1 T   mem=True nz=True ynz=True cond=True claim_agree=True upper=2647.28609577  CERT
614240384,0,1 RHO mem=True nz=True ynz=True cond=True claim_agree=True upper=0.926081220771  CERT
614240384,0,1 T   mem=True nz=True ynz=True cond=True claim_agree=True upper=1770.59030974  CERT
622305012,0,1 RHO mem=True nz=True ynz=True cond=True claim_agree=True upper=0.933276258503  CERT
622305012,0,1 T   mem=True nz=True ynz=True cond=True claim_agree=True upper=2630.79798458  CERT
632394101,0,1 RHO mem=True nz=True ynz=True cond=True claim_agree=True upper=0.927765663529  CERT
632394101,0,1 T   mem=True nz=True ynz=True cond=True claim_agree=True upper=3335.59391599  CERT
699664119,0,1 RHO mem=True nz=True ynz=True cond=True claim_agree=True upper=0.918770731926  CERT
699664119,0,1 T   mem=True nz=True ynz=True cond=True claim_agree=True upper=3266.93336746  CERT
710974145,0,1 RHO mem=True nz=True ynz=True cond=True claim_agree=True upper=0.959620757191  CERT
710974145,0,1 T   mem=True nz=True ynz=True cond=True claim_agree=True upper=2210.73874529  CERT
717360543,0,1 RHO mem=True nz=True ynz=True cond=True claim_agree=True upper=0.927765663529  CERT
717360543,0,1 T   mem=True nz=True ynz=True cond=True claim_agree=True upper=2798.79745833  CERT
769289977,0,1 RHO mem=True nz=True ynz=True cond=True claim_agree=True upper=0.959366539283  CERT
769289977,0,1 T   mem=True nz=True ynz=True cond=True claim_agree=True upper=2001.51332883  CERT
797520926,0,1 RHO mem=True nz=True ynz=True cond=True claim_agree=True upper=0.914201576228  CERT
797520926,0,1 T   mem=True nz=True ynz=True cond=True claim_agree=True upper=2684.78338539  CERT
815032543,0,1 RHO mem=True nz=True ynz=True cond=True claim_agree=True upper=0.894630423802  CERT
815032543,0,1 T   mem=True nz=True ynz=True cond=True claim_agree=True upper=2467.79409808  CERT
868760635,0,1 RHO mem=True nz=True ynz=True cond=True claim_agree=True upper=0.942418031801  CERT
868760635,0,1 T   mem=True nz=True ynz=True cond=True claim_agree=True upper=2520.69234422  CERT
887610551,0,1 RHO mem=True nz=True ynz=True cond=True claim_agree=True upper=0.894454297547  CERT
887610551,0,1 T   mem=True nz=True ynz=True cond=True claim_agree=True upper=3041.69029082  CERT
935223690,0,1 RHO mem=True nz=True ynz=True cond=True claim_agree=True upper=0.907525194207  CERT
935223690,0,1 T   mem=True nz=True ynz=True cond=True claim_agree=True upper=2223.27987176  CERT
FAMILY VERIFY n=7 l=1000465217 : EXCLUDED (components certified 32 / 32 ; lines 64 ; failed lines 0)
FAMILY VERIFY PASS
