FACTORIZATION: 32 irreducible factors of degree 2 over F_1000048193: OK (header deg/ncomp/bar_T agree)
45598347,0,1 RHO mem=True nz=True ynz=True cond=True claim_agree=True upper=0.911841903379  CERT
45598347,0,1 T   mem=True nz=True ynz=True cond=True claim_agree=True upper=2296.27320953  CERT
58378303,0,1 RHO mem=True nz=True ynz=True cond=True claim_agree=True upper=0.885994319423  CERT
58378303,0,1 T   mem=True nz=True ynz=True cond=True claim_agree=True upper=2642.51843921  CERT
160387304,0,1 RHO mem=True nz=True ynz=True cond=True claim_agree=True upper=0.927019477905  CERT
160387304,0,1 T   mem=True nz=True ynz=True cond=True claim_agree=True upper=2429.75713998  CERT
195890766,0,1 RHO mem=True nz=True ynz=True cond=True claim_agree=True upper=0.892309115289  CERT
195890766,0,1 T   mem=True nz=True ynz=True cond=True claim_agree=True upper=2266.12894957  CERT
203412330,0,1 RHO mem=True nz=True ynz=True cond=True claim_agree=True upper=0.927019477905  CERT
203412330,0,1 T   mem=True nz=True ynz=True cond=True claim_agree=True upper=1834.38085699  CERT
207416624,0,1 RHO mem=True nz=True ynz=True cond=True claim_agree=True upper=0.885994319423  CERT
207416624,0,1 T   mem=True nz=True ynz=True cond=True claim_agree=True upper=1817.37748288  CERT
207553371,0,1 RHO mem=True nz=True ynz=True cond=True claim_agree=True upper=0.911450880135  CERT
207553371,0,1 T   mem=True nz=True ynz=True cond=True claim_agree=True upper=2156.31057117  CERT
293864274,0,1 RHO mem=True nz=True ynz=True cond=True claim_agree=True upper=0.938255120561  CERT
293864274,0,1 T   mem=True nz=True ynz=True cond=True claim_agree=True upper=2555.55059368  CERT
375141516,0,1 RHO mem=True nz=True ynz=True cond=True claim_agree=True upper=0.890305544755  CERT
375141516,0,1 T   mem=True nz=True ynz=True cond=True claim_agree=True upper=1914.40899289  CERT
387120050,0,1 RHO mem=True nz=True ynz=True cond=True claim_agree=True upper=0.912468053692  CERT
387120050,0,1 T   mem=True nz=True ynz=True cond=True claim_agree=True upper=1840.63350580  CERT
394499372,0,1 RHO mem=True nz=True ynz=True cond=True claim_agree=True upper=0.924255449845  CERT
394499372,0,1 T   mem=True nz=True ynz=True cond=True claim_agree=True upper=2383.78817366  CERT
416129041,0,1 RHO mem=True nz=True ynz=True cond=True claim_agree=True upper=0.911841903379  CERT
416129041,0,1 T   mem=True nz=True ynz=True cond=True claim_agree=True upper=2515.93755513  CERT
432955442,0,1 RHO mem=True nz=True ynz=True cond=True claim_agree=True upper=0.934073747560  CERT
432955442,0,1 T   mem=True nz=True ynz=True cond=True claim_agree=True upper=2367.68425448  CERT
434191624,0,1 RHO mem=True nz=True ynz=True cond=True claim_agree=True upper=0.892309115289  CERT
434191624,0,1 T   mem=True nz=True ynz=True cond=True claim_agree=True upper=2418.04785025  CERT
442359875,0,1 RHO mem=True nz=True ynz=True cond=True claim_agree=True upper=0.933742543960  CERT
442359875,0,1 T   mem=True nz=True ynz=True cond=True claim_agree=True upper=2834.28140633  CERT
489343454,0,1 RHO mem=True nz=True ynz=True cond=True claim_agree=True upper=0.904954241717  CERT
489343454,0,1 T   mem=True nz=True ynz=True cond=True claim_agree=True upper=1737.84318411  CERT
510704739,0,1 RHO mem=True nz=True ynz=True cond=True claim_agree=True upper=0.981432276973  CERT
510704739,0,1 T   mem=True nz=True ynz=True cond=True claim_agree=True upper=2762.30844164  CERT
557688318,0,1 RHO mem=True nz=True ynz=True cond=True claim_agree=True upper=0.890305544755  CERT
557688318,0,1 T   mem=True nz=True ynz=True cond=True claim_agree=True upper=1803.17292059  CERT
565856569,0,1 RHO mem=True nz=True ynz=True cond=True claim_agree=True upper=0.938949558923  CERT
565856569,0,1 T   mem=True nz=True ynz=True cond=True claim_agree=True upper=2615.71029088  CERT
567092751,0,1 RHO mem=True nz=True ynz=True cond=True claim_agree=True upper=0.911450880135  CERT
567092751,0,1 T   mem=True nz=True ynz=True cond=True claim_agree=True upper=2103.82131776  CERT
583919152,0,1 RHO mem=True nz=True ynz=True cond=True claim_agree=True upper=0.935808249164  CERT
583919152,0,1 T   mem=True nz=True ynz=True cond=True claim_agree=True upper=2285.00908742  CERT
605548821,0,1 RHO mem=True nz=True ynz=True cond=True claim_agree=True upper=0.912468053692  CERT
605548821,0,1 T   mem=True nz=True ynz=True cond=True claim_agree=True upper=2694.90960958  CERT
612928143,0,1 RHO mem=True nz=True ynz=True cond=True claim_agree=True upper=0.924255449845  CERT
612928143,0,1 T   mem=True nz=True ynz=True cond=True claim_agree=True upper=2349.55646549  CERT
624906677,0,1 RHO mem=True nz=True ynz=True cond=True claim_agree=True upper=0.933742543960  CERT
624906677,0,1 T   mem=True nz=True ynz=True cond=True claim_agree=True upper=2041.60956564  CERT
706183919,0,1 RHO mem=True nz=True ynz=True cond=True claim_agree=True upper=0.904954241717  CERT
706183919,0,1 T   mem=True nz=True ynz=True cond=True claim_agree=True upper=2316.83461507  CERT
792494822,0,1 RHO mem=True nz=True ynz=True cond=True claim_agree=True upper=0.934073747560  CERT
792494822,0,1 T   mem=True nz=True ynz=True cond=True claim_agree=True upper=2264.32263765  CERT
792631569,0,1 RHO mem=True nz=True ynz=True cond=True claim_agree=True upper=0.891352603830  CERT
792631569,0,1 T   mem=True nz=True ynz=True cond=True claim_agree=True upper=2335.82304619  CERT
796635863,0,1 RHO mem=True nz=True ynz=True cond=True claim_agree=True upper=0.924123613414  CERT
796635863,0,1 T   mem=True nz=True ynz=True cond=True claim_agree=True upper=1848.62442982  CERT
804157427,0,1 RHO mem=True nz=True ynz=True cond=True claim_agree=True upper=0.938949558923  CERT
804157427,0,1 T   mem=True nz=True ynz=True cond=True claim_agree=True upper=2629.88211706  CERT
839660889,0,1 RHO mem=True nz=True ynz=True cond=True claim_agree=True upper=0.924123613414  CERT
839660889,0,1 T   mem=True nz=True ynz=True cond=True claim_agree=True upper=2659.97710799  CERT
941669890,0,1 RHO mem=True nz=True ynz=True cond=True claim_agree=True upper=0.891352603830  CERT
941669890,0,1 T   mem=True nz=True ynz=True cond=True claim_agree=True upper=1980.47049491  CERT
954449846,0,1 RHO mem=True nz=True ynz=True cond=True claim_agree=True upper=0.935808249164  CERT
954449846,0,1 T   mem=True nz=True ynz=True cond=True claim_agree=True upper=2060.49775348  CERT
FAMILY VERIFY n=7 l=1000048193 : EXCLUDED (components certified 32 / 32 ; lines 64 ; failed lines 0)
FAMILY VERIFY PASS
