FACTORIZATION: 32 irreducible factors of degree 2 over F_1000014529: OK (header deg/ncomp/bar_T agree)
29811919,0,1 RHO mem=True nz=True ynz=True cond=True claim_agree=True upper=0.948433250753  CERT
29811919,0,1 T   mem=True nz=True ynz=True cond=True claim_agree=True upper=2749.85568900  CERT
68455862,0,1 RHO mem=True nz=True ynz=True cond=True claim_agree=True upper=0.952677594705  CERT
68455862,0,1 T   mem=True nz=True ynz=True cond=True claim_agree=True upper=2527.32340081  CERT
70843733,0,1 RHO mem=True nz=True ynz=True cond=True claim_agree=True upper=0.920709906415  CERT
70843733,0,1 T   mem=True nz=True ynz=True cond=True claim_agree=True upper=3281.75556207  CERT
113716901,0,1 RHO mem=True nz=True ynz=True cond=True claim_agree=True upper=0.937968908852  CERT
113716901,0,1 T   mem=True nz=True ynz=True cond=True claim_agree=True upper=2837.10062949  CERT
183161135,0,1 RHO mem=True nz=True ynz=True cond=True claim_agree=True upper=0.903204769900  CERT
183161135,0,1 T   mem=True nz=True ynz=True cond=True claim_agree=True upper=2689.87139267  CERT
193063650,0,1 RHO mem=True nz=True ynz=True cond=True claim_agree=True upper=0.937968908852  CERT
193063650,0,1 T   mem=True nz=True ynz=True cond=True claim_agree=True upper=2640.86228097  CERT
241848412,0,1 RHO mem=True nz=True ynz=True cond=True claim_agree=True upper=0.950669047836  CERT
241848412,0,1 T   mem=True nz=True ynz=True cond=True claim_agree=True upper=2212.77598932  CERT
261941053,0,1 RHO mem=True nz=True ynz=True cond=True claim_agree=True upper=0.949640090783  CERT
261941053,0,1 T   mem=True nz=True ynz=True cond=True claim_agree=True upper=2462.99236498  CERT
276937670,0,1 RHO mem=True nz=True ynz=True cond=True claim_agree=True upper=0.903204769900  CERT
276937670,0,1 T   mem=True nz=True ynz=True cond=True claim_agree=True upper=2580.75142953  CERT
351026092,0,1 RHO mem=True nz=True ynz=True cond=True claim_agree=True upper=0.946059277509  CERT
351026092,0,1 T   mem=True nz=True ynz=True cond=True claim_agree=True upper=2310.47258563  CERT
373640483,0,1 RHO mem=True nz=True ynz=True cond=True claim_agree=True upper=0.953400078907  CERT
373640483,0,1 T   mem=True nz=True ynz=True cond=True claim_agree=True upper=2949.71681898  CERT
387927046,0,1 RHO mem=True nz=True ynz=True cond=True claim_agree=True upper=0.935231697776  CERT
387927046,0,1 T   mem=True nz=True ynz=True cond=True claim_agree=True upper=2353.99031592  CERT
450872240,0,1 RHO mem=True nz=True ynz=True cond=True claim_agree=True upper=0.950669047836  CERT
450872240,0,1 T   mem=True nz=True ynz=True cond=True claim_agree=True upper=2230.91166874  CERT
462593101,0,1 RHO mem=True nz=True ynz=True cond=True claim_agree=True upper=0.913621609298  CERT
462593101,0,1 T   mem=True nz=True ynz=True cond=True claim_agree=True upper=1723.28728086  CERT
462947723,0,1 RHO mem=True nz=True ynz=True cond=True claim_agree=True upper=0.952677594705  CERT
462947723,0,1 T   mem=True nz=True ynz=True cond=True claim_agree=True upper=2147.60139531  CERT
486437949,0,1 RHO mem=True nz=True ynz=True cond=True claim_agree=True upper=0.938973939161  CERT
486437949,0,1 T   mem=True nz=True ynz=True cond=True claim_agree=True upper=2540.63692951  CERT
513576580,0,1 RHO mem=True nz=True ynz=True cond=True claim_agree=True upper=0.935231697776  CERT
513576580,0,1 T   mem=True nz=True ynz=True cond=True claim_agree=True upper=2422.58153707  CERT
537066806,0,1 RHO mem=True nz=True ynz=True cond=True claim_agree=True upper=0.955351907823  CERT
537066806,0,1 T   mem=True nz=True ynz=True cond=True claim_agree=True upper=2563.44606914  CERT
537421428,0,1 RHO mem=True nz=True ynz=True cond=True claim_agree=True upper=0.920709906415  CERT
537421428,0,1 T   mem=True nz=True ynz=True cond=True claim_agree=True upper=2604.37618125  CERT
549142289,0,1 RHO mem=True nz=True ynz=True cond=True claim_agree=True upper=0.953369836172  CERT
549142289,0,1 T   mem=True nz=True ynz=True cond=True claim_agree=True upper=2527.21042198  CERT
612087483,0,1 RHO mem=True nz=True ynz=True cond=True claim_agree=True upper=0.938973939161  CERT
612087483,0,1 T   mem=True nz=True ynz=True cond=True claim_agree=True upper=2940.09704541  CERT
626374046,0,1 RHO mem=True nz=True ynz=True cond=True claim_agree=True upper=0.946059277509  CERT
626374046,0,1 T   mem=True nz=True ynz=True cond=True claim_agree=True upper=2353.98804463  CERT
648988437,0,1 RHO mem=True nz=True ynz=True cond=True claim_agree=True upper=0.953400078907  CERT
648988437,0,1 T   mem=True nz=True ynz=True cond=True claim_agree=True upper=2428.35659174  CERT
723076859,0,1 RHO mem=True nz=True ynz=True cond=True claim_agree=True upper=0.947253268799  CERT
723076859,0,1 T   mem=True nz=True ynz=True cond=True claim_agree=True upper=2200.80941991  CERT
738073476,0,1 RHO mem=True nz=True ynz=True cond=True claim_agree=True upper=0.948433250753  CERT
738073476,0,1 T   mem=True nz=True ynz=True cond=True claim_agree=True upper=2745.63432442  CERT
758166117,0,1 RHO mem=True nz=True ynz=True cond=True claim_agree=True upper=0.953369836172  CERT
758166117,0,1 T   mem=True nz=True ynz=True cond=True claim_agree=True upper=2181.91739774  CERT
806950879,0,1 RHO mem=True nz=True ynz=True cond=True claim_agree=True upper=0.911749291044  CERT
806950879,0,1 T   mem=True nz=True ynz=True cond=True claim_agree=True upper=2629.87238724  CERT
816853394,0,1 RHO mem=True nz=True ynz=True cond=True claim_agree=True upper=0.947253268799  CERT
816853394,0,1 T   mem=True nz=True ynz=True cond=True claim_agree=True upper=2534.36207190  CERT
886297628,0,1 RHO mem=True nz=True ynz=True cond=True claim_agree=True upper=0.911749291044  CERT
886297628,0,1 T   mem=True nz=True ynz=True cond=True claim_agree=True upper=2095.18090201  CERT
929170796,0,1 RHO mem=True nz=True ynz=True cond=True claim_agree=True upper=0.913621609298  CERT
929170796,0,1 T   mem=True nz=True ynz=True cond=True claim_agree=True upper=2696.73137943  CERT
931558667,0,1 RHO mem=True nz=True ynz=True cond=True claim_agree=True upper=0.955351907823  CERT
931558667,0,1 T   mem=True nz=True ynz=True cond=True claim_agree=True upper=2536.61754197  CERT
970202610,0,1 RHO mem=True nz=True ynz=True cond=True claim_agree=True upper=0.949640090783  CERT
970202610,0,1 T   mem=True nz=True ynz=True cond=True claim_agree=True upper=3028.77939675  CERT
FAMILY VERIFY n=7 l=1000014529 : EXCLUDED (components certified 32 / 32 ; lines 64 ; failed lines 0)
FAMILY VERIFY PASS
