FACTORIZATION: 32 irreducible factors of degree 2 over F_1000586177: OK (header deg/ncomp/bar_T agree)
12703214,0,1 RHO mem=True nz=True ynz=True cond=True claim_agree=True upper=0.953293006804  CERT
12703214,0,1 T   mem=True nz=True ynz=True cond=True claim_agree=True upper=2119.60594517  CERT
66961409,0,1 RHO mem=True nz=True ynz=True cond=True claim_agree=True upper=0.923545334953  CERT
66961409,0,1 T   mem=True nz=True ynz=True cond=True claim_agree=True upper=2803.50200846  CERT
110449447,0,1 RHO mem=True nz=True ynz=True cond=True claim_agree=True upper=0.953293006804  CERT
110449447,0,1 T   mem=True nz=True ynz=True cond=True claim_agree=True upper=2328.99207455  CERT
183398440,0,1 RHO mem=True nz=True ynz=True cond=True claim_agree=True upper=0.962434416117  CERT
183398440,0,1 T   mem=True nz=True ynz=True cond=True claim_agree=True upper=2473.69580476  CERT
194429884,0,1 RHO mem=True nz=True ynz=True cond=True claim_agree=True upper=0.950056453246  CERT
194429884,0,1 T   mem=True nz=True ynz=True cond=True claim_agree=True upper=2335.63480821  CERT
229766400,0,1 RHO mem=True nz=True ynz=True cond=True claim_agree=True upper=0.932398109808  CERT
229766400,0,1 T   mem=True nz=True ynz=True cond=True claim_agree=True upper=2573.74250886  CERT
240385564,0,1 RHO mem=True nz=True ynz=True cond=True claim_agree=True upper=0.954127046822  CERT
240385564,0,1 T   mem=True nz=True ynz=True cond=True claim_agree=True upper=2147.34047886  CERT
285002476,0,1 RHO mem=True nz=True ynz=True cond=True claim_agree=True upper=0.913890580737  CERT
285002476,0,1 T   mem=True nz=True ynz=True cond=True claim_agree=True upper=1883.36779346  CERT
300676273,0,1 RHO mem=True nz=True ynz=True cond=True claim_agree=True upper=0.907132979415  CERT
300676273,0,1 T   mem=True nz=True ynz=True cond=True claim_agree=True upper=2722.65380354  CERT
331262867,0,1 RHO mem=True nz=True ynz=True cond=True claim_agree=True upper=0.938204828113  CERT
331262867,0,1 T   mem=True nz=True ynz=True cond=True claim_agree=True upper=2267.80043644  CERT
335718127,0,1 RHO mem=True nz=True ynz=True cond=True claim_agree=True upper=0.932438221147  CERT
335718127,0,1 T   mem=True nz=True ynz=True cond=True claim_agree=True upper=2480.47233084  CERT
341842421,0,1 RHO mem=True nz=True ynz=True cond=True claim_agree=True upper=0.931990405049  CERT
341842421,0,1 T   mem=True nz=True ynz=True cond=True claim_agree=True upper=2477.00530994  CERT
354912744,0,1 RHO mem=True nz=True ynz=True cond=True claim_agree=True upper=0.934323385273  CERT
354912744,0,1 T   mem=True nz=True ynz=True cond=True claim_agree=True upper=2765.25015112  CERT
426334935,0,1 RHO mem=True nz=True ynz=True cond=True claim_agree=True upper=0.907132979415  CERT
426334935,0,1 T   mem=True nz=True ynz=True cond=True claim_agree=True upper=2017.40230405  CERT
446537984,0,1 RHO mem=True nz=True ynz=True cond=True claim_agree=True upper=0.909563706707  CERT
446537984,0,1 T   mem=True nz=True ynz=True cond=True claim_agree=True upper=2267.73876633  CERT
457938738,0,1 RHO mem=True nz=True ynz=True cond=True claim_agree=True upper=0.953630654995  CERT
457938738,0,1 T   mem=True nz=True ynz=True cond=True claim_agree=True upper=2051.21435548  CERT
542647439,0,1 RHO mem=True nz=True ynz=True cond=True claim_agree=True upper=0.923545334953  CERT
542647439,0,1 T   mem=True nz=True ynz=True cond=True claim_agree=True upper=2739.44004056  CERT
554048193,0,1 RHO mem=True nz=True ynz=True cond=True claim_agree=True upper=0.954127046822  CERT
554048193,0,1 T   mem=True nz=True ynz=True cond=True claim_agree=True upper=2303.55488425  CERT
574251242,0,1 RHO mem=True nz=True ynz=True cond=True claim_agree=True upper=0.958400225843  CERT
574251242,0,1 T   mem=True nz=True ynz=True cond=True claim_agree=True upper=2234.52025342  CERT
645673433,0,1 RHO mem=True nz=True ynz=True cond=True claim_agree=True upper=0.938204828113  CERT
645673433,0,1 T   mem=True nz=True ynz=True cond=True claim_agree=True upper=2548.46879038  CERT
658743756,0,1 RHO mem=True nz=True ynz=True cond=True claim_agree=True upper=0.913890580737  CERT
658743756,0,1 T   mem=True nz=True ynz=True cond=True claim_agree=True upper=2107.14416031  CERT
664868050,0,1 RHO mem=True nz=True ynz=True cond=True claim_agree=True upper=0.950056453246  CERT
664868050,0,1 T   mem=True nz=True ynz=True cond=True claim_agree=True upper=2100.57429510  CERT
669323310,0,1 RHO mem=True nz=True ynz=True cond=True claim_agree=True upper=0.934323385273  CERT
669323310,0,1 T   mem=True nz=True ynz=True cond=True claim_agree=True upper=2901.02816472  CERT
699909904,0,1 RHO mem=True nz=True ynz=True cond=True claim_agree=True upper=0.958400225843  CERT
699909904,0,1 T   mem=True nz=True ynz=True cond=True claim_agree=True upper=2882.07553592  CERT
715583701,0,1 RHO mem=True nz=True ynz=True cond=True claim_agree=True upper=0.931990405049  CERT
715583701,0,1 T   mem=True nz=True ynz=True cond=True claim_agree=True upper=1984.12803085  CERT
760200613,0,1 RHO mem=True nz=True ynz=True cond=True claim_agree=True upper=0.909563706707  CERT
760200613,0,1 T   mem=True nz=True ynz=True cond=True claim_agree=True upper=2242.89590366  CERT
770819777,0,1 RHO mem=True nz=True ynz=True cond=True claim_agree=True upper=0.962434416117  CERT
770819777,0,1 T   mem=True nz=True ynz=True cond=True claim_agree=True upper=2418.91228067  CERT
806156293,0,1 RHO mem=True nz=True ynz=True cond=True claim_agree=True upper=0.932438221147  CERT
806156293,0,1 T   mem=True nz=True ynz=True cond=True claim_agree=True upper=2843.94338733  CERT
817187737,0,1 RHO mem=True nz=True ynz=True cond=True claim_agree=True upper=0.932398109808  CERT
817187737,0,1 T   mem=True nz=True ynz=True cond=True claim_agree=True upper=2722.69706770  CERT
890136730,0,1 RHO mem=True nz=True ynz=True cond=True claim_agree=True upper=0.920202291319  CERT
890136730,0,1 T   mem=True nz=True ynz=True cond=True claim_agree=True upper=1956.96060781  CERT
933624768,0,1 RHO mem=True nz=True ynz=True cond=True claim_agree=True upper=0.953630654995  CERT
933624768,0,1 T   mem=True nz=True ynz=True cond=True claim_agree=True upper=2260.24807687  CERT
987882963,0,1 RHO mem=True nz=True ynz=True cond=True claim_agree=True upper=0.920202291319  CERT
987882963,0,1 T   mem=True nz=True ynz=True cond=True claim_agree=True upper=2225.54169396  CERT
FAMILY VERIFY n=7 l=1000586177 : EXCLUDED (components certified 32 / 32 ; lines 64 ; failed lines 0)
FAMILY VERIFY PASS
