FACTORIZATION: 32 irreducible factors of degree 2 over F_1001238209: OK (header deg/ncomp/bar_T agree)
18952420,0,1 RHO mem=True nz=True ynz=True cond=True claim_agree=True upper=0.935233794284  CERT
18952420,0,1 T   mem=True nz=True ynz=True cond=True claim_agree=True upper=2250.65389162  CERT
74606257,0,1 RHO mem=True nz=True ynz=True cond=True claim_agree=True upper=0.902845058834  CERT
74606257,0,1 T   mem=True nz=True ynz=True cond=True claim_agree=True upper=2340.16684829  CERT
74722952,0,1 RHO mem=True nz=True ynz=True cond=True claim_agree=True upper=0.908501527593  CERT
74722952,0,1 T   mem=True nz=True ynz=True cond=True claim_agree=True upper=2186.28489852  CERT
77170767,0,1 RHO mem=True nz=True ynz=True cond=True claim_agree=True upper=0.902845058834  CERT
77170767,0,1 T   mem=True nz=True ynz=True cond=True claim_agree=True upper=2796.52057928  CERT
99267974,0,1 RHO mem=True nz=True ynz=True cond=True claim_agree=True upper=0.957341956429  CERT
99267974,0,1 T   mem=True nz=True ynz=True cond=True claim_agree=True upper=3060.71159917  CERT
121799947,0,1 RHO mem=True nz=True ynz=True cond=True claim_agree=True upper=0.877036949652  CERT
121799947,0,1 T   mem=True nz=True ynz=True cond=True claim_agree=True upper=2956.97775400  CERT
144783352,0,1 RHO mem=True nz=True ynz=True cond=True claim_agree=True upper=0.948335617465  CERT
144783352,0,1 T   mem=True nz=True ynz=True cond=True claim_agree=True upper=2342.60039073  CERT
195159867,0,1 RHO mem=True nz=True ynz=True cond=True claim_agree=True upper=0.908501527593  CERT
195159867,0,1 T   mem=True nz=True ynz=True cond=True claim_agree=True upper=2166.92346295  CERT
241764492,0,1 RHO mem=True nz=True ynz=True cond=True claim_agree=True upper=0.946857875995  CERT
241764492,0,1 T   mem=True nz=True ynz=True cond=True claim_agree=True upper=1889.20921487  CERT
252514387,0,1 RHO mem=True nz=True ynz=True cond=True claim_agree=True upper=0.944723506827  CERT
252514387,0,1 T   mem=True nz=True ynz=True cond=True claim_agree=True upper=2582.95435660  CERT
281947560,0,1 RHO mem=True nz=True ynz=True cond=True claim_agree=True upper=0.948451190532  CERT
281947560,0,1 T   mem=True nz=True ynz=True cond=True claim_agree=True upper=2330.64002374  CERT
334587942,0,1 RHO mem=True nz=True ynz=True cond=True claim_agree=True upper=0.933616561676  CERT
334587942,0,1 T   mem=True nz=True ynz=True cond=True claim_agree=True upper=2458.22805487  CERT
359489511,0,1 RHO mem=True nz=True ynz=True cond=True claim_agree=True upper=0.931280367064  CERT
359489511,0,1 T   mem=True nz=True ynz=True cond=True claim_agree=True upper=2038.41572307  CERT
427293994,0,1 RHO mem=True nz=True ynz=True cond=True claim_agree=True upper=0.938878767945  CERT
427293994,0,1 T   mem=True nz=True ynz=True cond=True claim_agree=True upper=2118.12108363  CERT
435959542,0,1 RHO mem=True nz=True ynz=True cond=True claim_agree=True upper=0.927348534208  CERT
435959542,0,1 T   mem=True nz=True ynz=True cond=True claim_agree=True upper=2009.44624045  CERT
494702192,0,1 RHO mem=True nz=True ynz=True cond=True claim_agree=True upper=0.950321845702  CERT
494702192,0,1 T   mem=True nz=True ynz=True cond=True claim_agree=True upper=2807.57859669  CERT
506536017,0,1 RHO mem=True nz=True ynz=True cond=True claim_agree=True upper=0.948335617465  CERT
506536017,0,1 T   mem=True nz=True ynz=True cond=True claim_agree=True upper=2795.76438687  CERT
565278667,0,1 RHO mem=True nz=True ynz=True cond=True claim_agree=True upper=0.957341956429  CERT
565278667,0,1 T   mem=True nz=True ynz=True cond=True claim_agree=True upper=2797.69940278  CERT
573944215,0,1 RHO mem=True nz=True ynz=True cond=True claim_agree=True upper=0.946857875995  CERT
573944215,0,1 T   mem=True nz=True ynz=True cond=True claim_agree=True upper=2136.06752034  CERT
641748698,0,1 RHO mem=True nz=True ynz=True cond=True claim_agree=True upper=0.933616561676  CERT
641748698,0,1 T   mem=True nz=True ynz=True cond=True claim_agree=True upper=2904.23023900  CERT
666650267,0,1 RHO mem=True nz=True ynz=True cond=True claim_agree=True upper=0.931280367064  CERT
666650267,0,1 T   mem=True nz=True ynz=True cond=True claim_agree=True upper=1999.76557380  CERT
719290649,0,1 RHO mem=True nz=True ynz=True cond=True claim_agree=True upper=0.944723506827  CERT
719290649,0,1 T   mem=True nz=True ynz=True cond=True claim_agree=True upper=2385.34637887  CERT
748723822,0,1 RHO mem=True nz=True ynz=True cond=True claim_agree=True upper=0.948451190532  CERT
748723822,0,1 T   mem=True nz=True ynz=True cond=True claim_agree=True upper=3384.15084477  CERT
759473717,0,1 RHO mem=True nz=True ynz=True cond=True claim_agree=True upper=0.938878767945  CERT
759473717,0,1 T   mem=True nz=True ynz=True cond=True claim_agree=True upper=2472.16335427  CERT
806078342,0,1 RHO mem=True nz=True ynz=True cond=True claim_agree=True upper=0.927900937703  CERT
806078342,0,1 T   mem=True nz=True ynz=True cond=True claim_agree=True upper=2843.69309689  CERT
856454857,0,1 RHO mem=True nz=True ynz=True cond=True claim_agree=True upper=0.950321845702  CERT
856454857,0,1 T   mem=True nz=True ynz=True cond=True claim_agree=True upper=2737.44200818  CERT
879438262,0,1 RHO mem=True nz=True ynz=True cond=True claim_agree=True upper=0.935233794284  CERT
879438262,0,1 T   mem=True nz=True ynz=True cond=True claim_agree=True upper=2561.81541682  CERT
901970235,0,1 RHO mem=True nz=True ynz=True cond=True claim_agree=True upper=0.927348534208  CERT
901970235,0,1 T   mem=True nz=True ynz=True cond=True claim_agree=True upper=2680.82793798  CERT
924067442,0,1 RHO mem=True nz=True ynz=True cond=True claim_agree=True upper=0.913770810395  CERT
924067442,0,1 T   mem=True nz=True ynz=True cond=True claim_agree=True upper=1991.47222871  CERT
926515257,0,1 RHO mem=True nz=True ynz=True cond=True claim_agree=True upper=0.927900937703  CERT
926515257,0,1 T   mem=True nz=True ynz=True cond=True claim_agree=True upper=3425.74891062  CERT
926631952,0,1 RHO mem=True nz=True ynz=True cond=True claim_agree=True upper=0.913770810395  CERT
926631952,0,1 T   mem=True nz=True ynz=True cond=True claim_agree=True upper=2228.93941431  CERT
982285789,0,1 RHO mem=True nz=True ynz=True cond=True claim_agree=True upper=0.877036949652  CERT
982285789,0,1 T   mem=True nz=True ynz=True cond=True claim_agree=True upper=2081.10598729  CERT
FAMILY VERIFY n=7 l=1001238209 : EXCLUDED (components certified 32 / 32 ; lines 64 ; failed lines 0)
FAMILY VERIFY PASS
