FACTORIZATION: 32 irreducible factors of degree 2 over F_1000141889: OK (header deg/ncomp/bar_T agree)
1497760,0,1 RHO mem=True nz=True ynz=True cond=True claim_agree=True upper=0.961845280062  CERT
1497760,0,1 T   mem=True nz=True ynz=True cond=True claim_agree=True upper=2357.21840332  CERT
3187052,0,1 RHO mem=True nz=True ynz=True cond=True claim_agree=True upper=0.930197137237  CERT
3187052,0,1 T   mem=True nz=True ynz=True cond=True claim_agree=True upper=2412.89249407  CERT
24503743,0,1 RHO mem=True nz=True ynz=True cond=True claim_agree=True upper=0.931542906778  CERT
24503743,0,1 T   mem=True nz=True ynz=True cond=True claim_agree=True upper=2882.37585831  CERT
27660930,0,1 RHO mem=True nz=True ynz=True cond=True claim_agree=True upper=0.935451714913  CERT
27660930,0,1 T   mem=True nz=True ynz=True cond=True claim_agree=True upper=3158.78700769  CERT
52804088,0,1 RHO mem=True nz=True ynz=True cond=True claim_agree=True upper=0.976429082770  CERT
52804088,0,1 T   mem=True nz=True ynz=True cond=True claim_agree=True upper=2890.08348934  CERT
62091062,0,1 RHO mem=True nz=True ynz=True cond=True claim_agree=True upper=0.979351784701  CERT
62091062,0,1 T   mem=True nz=True ynz=True cond=True claim_agree=True upper=2495.84163532  CERT
118802815,0,1 RHO mem=True nz=True ynz=True cond=True claim_agree=True upper=0.923508649698  CERT
118802815,0,1 T   mem=True nz=True ynz=True cond=True claim_agree=True upper=2142.56828166  CERT
174179114,0,1 RHO mem=True nz=True ynz=True cond=True claim_agree=True upper=0.957211255215  CERT
174179114,0,1 T   mem=True nz=True ynz=True cond=True claim_agree=True upper=2853.77694432  CERT
214380076,0,1 RHO mem=True nz=True ynz=True cond=True claim_agree=True upper=0.935451714913  CERT
214380076,0,1 T   mem=True nz=True ynz=True cond=True claim_agree=True upper=2589.31326947  CERT
246725565,0,1 RHO mem=True nz=True ynz=True cond=True claim_agree=True upper=0.977172985263  CERT
246725565,0,1 T   mem=True nz=True ynz=True cond=True claim_agree=True upper=2145.76279273  CERT
265322852,0,1 RHO mem=True nz=True ynz=True cond=True claim_agree=True upper=0.957211255215  CERT
265322852,0,1 T   mem=True nz=True ynz=True cond=True claim_agree=True upper=2884.83955221  CERT
376743305,0,1 RHO mem=True nz=True ynz=True cond=True claim_agree=True upper=0.961845280062  CERT
376743305,0,1 T   mem=True nz=True ynz=True cond=True claim_agree=True upper=3077.02448821  CERT
378767122,0,1 RHO mem=True nz=True ynz=True cond=True claim_agree=True upper=0.976429082770  CERT
378767122,0,1 T   mem=True nz=True ynz=True cond=True claim_agree=True upper=2698.53108942  CERT
403499812,0,1 RHO mem=True nz=True ynz=True cond=True claim_agree=True upper=0.970688292740  CERT
403499812,0,1 T   mem=True nz=True ynz=True cond=True claim_agree=True upper=2671.03098189  CERT
421322299,0,1 RHO mem=True nz=True ynz=True cond=True claim_agree=True upper=0.931976270137  CERT
421322299,0,1 T   mem=True nz=True ynz=True cond=True claim_agree=True upper=2578.73539992  CERT
476459257,0,1 RHO mem=True nz=True ynz=True cond=True claim_agree=True upper=0.971432521536  CERT
476459257,0,1 T   mem=True nz=True ynz=True cond=True claim_agree=True upper=2709.02187680  CERT
523682632,0,1 RHO mem=True nz=True ynz=True cond=True claim_agree=True upper=0.930197137237  CERT
523682632,0,1 T   mem=True nz=True ynz=True cond=True claim_agree=True upper=1920.49684549  CERT
578819590,0,1 RHO mem=True nz=True ynz=True cond=True claim_agree=True upper=0.923508649698  CERT
578819590,0,1 T   mem=True nz=True ynz=True cond=True claim_agree=True upper=1874.78382397  CERT
596642077,0,1 RHO mem=True nz=True ynz=True cond=True claim_agree=True upper=0.931542906778  CERT
596642077,0,1 T   mem=True nz=True ynz=True cond=True claim_agree=True upper=1647.50698666  CERT
621374767,0,1 RHO mem=True nz=True ynz=True cond=True claim_agree=True upper=0.898631738402  CERT
621374767,0,1 T   mem=True nz=True ynz=True cond=True claim_agree=True upper=2226.82430886  CERT
623398584,0,1 RHO mem=True nz=True ynz=True cond=True claim_agree=True upper=0.936149028586  CERT
623398584,0,1 T   mem=True nz=True ynz=True cond=True claim_agree=True upper=2233.41041139  CERT
734819037,0,1 RHO mem=True nz=True ynz=True cond=True claim_agree=True upper=0.978256210986  CERT
734819037,0,1 T   mem=True nz=True ynz=True cond=True claim_agree=True upper=3037.14302586  CERT
753416324,0,1 RHO mem=True nz=True ynz=True cond=True claim_agree=True upper=0.979351784701  CERT
753416324,0,1 T   mem=True nz=True ynz=True cond=True claim_agree=True upper=2458.49392129  CERT
785761813,0,1 RHO mem=True nz=True ynz=True cond=True claim_agree=True upper=0.962939179711  CERT
785761813,0,1 T   mem=True nz=True ynz=True cond=True claim_agree=True upper=3106.53909493  CERT
825962775,0,1 RHO mem=True nz=True ynz=True cond=True claim_agree=True upper=0.978256210986  CERT
825962775,0,1 T   mem=True nz=True ynz=True cond=True claim_agree=True upper=3971.58966437  CERT
881339074,0,1 RHO mem=True nz=True ynz=True cond=True claim_agree=True upper=0.931976270137  CERT
881339074,0,1 T   mem=True nz=True ynz=True cond=True claim_agree=True upper=2157.01888777  CERT
938050827,0,1 RHO mem=True nz=True ynz=True cond=True claim_agree=True upper=0.977172985263  CERT
938050827,0,1 T   mem=True nz=True ynz=True cond=True claim_agree=True upper=2258.37229297  CERT
947337801,0,1 RHO mem=True nz=True ynz=True cond=True claim_agree=True upper=0.898631738402  CERT
947337801,0,1 T   mem=True nz=True ynz=True cond=True claim_agree=True upper=1637.30748721  CERT
972480959,0,1 RHO mem=True nz=True ynz=True cond=True claim_agree=True upper=0.962939179711  CERT
972480959,0,1 T   mem=True nz=True ynz=True cond=True claim_agree=True upper=2023.77946310  CERT
975638146,0,1 RHO mem=True nz=True ynz=True cond=True claim_agree=True upper=0.970688292740  CERT
975638146,0,1 T   mem=True nz=True ynz=True cond=True claim_agree=True upper=2812.09978500  CERT
996954837,0,1 RHO mem=True nz=True ynz=True cond=True claim_agree=True upper=0.971432521536  CERT
996954837,0,1 T   mem=True nz=True ynz=True cond=True claim_agree=True upper=3369.00127502  CERT
998644129,0,1 RHO mem=True nz=True ynz=True cond=True claim_agree=True upper=0.936149028586  CERT
998644129,0,1 T   mem=True nz=True ynz=True cond=True claim_agree=True upper=2011.72250338  CERT
FAMILY VERIFY n=7 l=1000141889 : EXCLUDED (components certified 32 / 32 ; lines 64 ; failed lines 0)
FAMILY VERIFY PASS
