FACTORIZATION: 32 irreducible factors of degree 2 over F_1000819649: OK (header deg/ncomp/bar_T agree)
22539364,0,1 RHO mem=True nz=True ynz=True cond=True claim_agree=True upper=0.924222638059  CERT
22539364,0,1 T   mem=True nz=True ynz=True cond=True claim_agree=True upper=2274.53229808  CERT
39395994,0,1 RHO mem=True nz=True ynz=True cond=True claim_agree=True upper=0.964356859745  CERT
39395994,0,1 T   mem=True nz=True ynz=True cond=True claim_agree=True upper=2835.30664564  CERT
52101839,0,1 RHO mem=True nz=True ynz=True cond=True claim_agree=True upper=0.960160827223  CERT
52101839,0,1 T   mem=True nz=True ynz=True cond=True claim_agree=True upper=2059.82098841  CERT
84922465,0,1 RHO mem=True nz=True ynz=True cond=True claim_agree=True upper=0.966051500672  CERT
84922465,0,1 T   mem=True nz=True ynz=True cond=True claim_agree=True upper=2685.54465199  CERT
126843799,0,1 RHO mem=True nz=True ynz=True cond=True claim_agree=True upper=0.964356859745  CERT
126843799,0,1 T   mem=True nz=True ynz=True cond=True claim_agree=True upper=2341.87801321  CERT
127117252,0,1 RHO mem=True nz=True ynz=True cond=True claim_agree=True upper=0.905877288446  CERT
127117252,0,1 T   mem=True nz=True ynz=True cond=True claim_agree=True upper=2210.02068539  CERT
128992609,0,1 RHO mem=True nz=True ynz=True cond=True claim_agree=True upper=0.929886029311  CERT
128992609,0,1 T   mem=True nz=True ynz=True cond=True claim_agree=True upper=2252.87860619  CERT
194145708,0,1 RHO mem=True nz=True ynz=True cond=True claim_agree=True upper=0.933322336668  CERT
194145708,0,1 T   mem=True nz=True ynz=True cond=True claim_agree=True upper=2985.66963696  CERT
226609436,0,1 RHO mem=True nz=True ynz=True cond=True claim_agree=True upper=0.937452401732  CERT
226609436,0,1 T   mem=True nz=True ynz=True cond=True claim_agree=True upper=2422.18070885  CERT
237832039,0,1 RHO mem=True nz=True ynz=True cond=True claim_agree=True upper=0.932519821354  CERT
237832039,0,1 T   mem=True nz=True ynz=True cond=True claim_agree=True upper=2219.70012231  CERT
311758840,0,1 RHO mem=True nz=True ynz=True cond=True claim_agree=True upper=0.905877288446  CERT
311758840,0,1 T   mem=True nz=True ynz=True cond=True claim_agree=True upper=1710.19904877  CERT
318224523,0,1 RHO mem=True nz=True ynz=True cond=True claim_agree=True upper=0.899432543717  CERT
318224523,0,1 T   mem=True nz=True ynz=True cond=True claim_agree=True upper=2906.39240395  CERT
320967475,0,1 RHO mem=True nz=True ynz=True cond=True claim_agree=True upper=0.966051500672  CERT
320967475,0,1 T   mem=True nz=True ynz=True cond=True claim_agree=True upper=2393.31670544  CERT
335023399,0,1 RHO mem=True nz=True ynz=True cond=True claim_agree=True upper=0.954214947573  CERT
335023399,0,1 T   mem=True nz=True ynz=True cond=True claim_agree=True upper=2465.02189195  CERT
406213757,0,1 RHO mem=True nz=True ynz=True cond=True claim_agree=True upper=0.954214947573  CERT
406213757,0,1 T   mem=True nz=True ynz=True cond=True claim_agree=True upper=2400.43208398  CERT
486249867,0,1 RHO mem=True nz=True ynz=True cond=True claim_agree=True upper=0.916143330135  CERT
486249867,0,1 T   mem=True nz=True ynz=True cond=True claim_agree=True upper=2569.46051840  CERT
514569782,0,1 RHO mem=True nz=True ynz=True cond=True claim_agree=True upper=0.932519821354  CERT
514569782,0,1 T   mem=True nz=True ynz=True cond=True claim_agree=True upper=2714.53613325  CERT
594605892,0,1 RHO mem=True nz=True ynz=True cond=True claim_agree=True upper=0.888245207177  CERT
594605892,0,1 T   mem=True nz=True ynz=True cond=True claim_agree=True upper=1731.86237400  CERT
665796250,0,1 RHO mem=True nz=True ynz=True cond=True claim_agree=True upper=0.888245207177  CERT
665796250,0,1 T   mem=True nz=True ynz=True cond=True claim_agree=True upper=2131.36668687  CERT
679852174,0,1 RHO mem=True nz=True ynz=True cond=True claim_agree=True upper=0.930584583308  CERT
679852174,0,1 T   mem=True nz=True ynz=True cond=True claim_agree=True upper=2124.52424807  CERT
682595126,0,1 RHO mem=True nz=True ynz=True cond=True claim_agree=True upper=0.937452401732  CERT
682595126,0,1 T   mem=True nz=True ynz=True cond=True claim_agree=True upper=2879.38539086  CERT
689060809,0,1 RHO mem=True nz=True ynz=True cond=True claim_agree=True upper=0.966657193905  CERT
689060809,0,1 T   mem=True nz=True ynz=True cond=True claim_agree=True upper=2420.64517288  CERT
762987610,0,1 RHO mem=True nz=True ynz=True cond=True claim_agree=True upper=0.916143330135  CERT
762987610,0,1 T   mem=True nz=True ynz=True cond=True claim_agree=True upper=1883.72684576  CERT
774210213,0,1 RHO mem=True nz=True ynz=True cond=True claim_agree=True upper=0.899432543717  CERT
774210213,0,1 T   mem=True nz=True ynz=True cond=True claim_agree=True upper=1920.53282407  CERT
806673941,0,1 RHO mem=True nz=True ynz=True cond=True claim_agree=True upper=0.924222638059  CERT
806673941,0,1 T   mem=True nz=True ynz=True cond=True claim_agree=True upper=1988.04470116  CERT
871827040,0,1 RHO mem=True nz=True ynz=True cond=True claim_agree=True upper=0.960160827223  CERT
871827040,0,1 T   mem=True nz=True ynz=True cond=True claim_agree=True upper=2521.48107246  CERT
873702397,0,1 RHO mem=True nz=True ynz=True cond=True claim_agree=True upper=0.966657193905  CERT
873702397,0,1 T   mem=True nz=True ynz=True cond=True claim_agree=True upper=2633.71020944  CERT
873975850,0,1 RHO mem=True nz=True ynz=True cond=True claim_agree=True upper=0.881057150757  CERT
873975850,0,1 T   mem=True nz=True ynz=True cond=True claim_agree=True upper=1576.06971941  CERT
915897184,0,1 RHO mem=True nz=True ynz=True cond=True claim_agree=True upper=0.930584583308  CERT
915897184,0,1 T   mem=True nz=True ynz=True cond=True claim_agree=True upper=2569.62802060  CERT
948717810,0,1 RHO mem=True nz=True ynz=True cond=True claim_agree=True upper=0.929886029311  CERT
948717810,0,1 T   mem=True nz=True ynz=True cond=True claim_agree=True upper=2042.94708751  CERT
961423655,0,1 RHO mem=True nz=True ynz=True cond=True claim_agree=True upper=0.881057150757  CERT
961423655,0,1 T   mem=True nz=True ynz=True cond=True claim_agree=True upper=2994.67745484  CERT
978280285,0,1 RHO mem=True nz=True ynz=True cond=True claim_agree=True upper=0.933322336668  CERT
978280285,0,1 T   mem=True nz=True ynz=True cond=True claim_agree=True upper=2792.33569910  CERT
FAMILY VERIFY n=7 l=1000819649 : EXCLUDED (components certified 32 / 32 ; lines 64 ; failed lines 0)
FAMILY VERIFY PASS
