FACTORIZATION: 32 irreducible factors of degree 2 over F_1000483777: OK (header deg/ncomp/bar_T agree)
11775429,0,1 RHO mem=True nz=True ynz=True cond=True claim_agree=True upper=0.865847100163  CERT
11775429,0,1 T   mem=True nz=True ynz=True cond=True claim_agree=True upper=2143.54732214  CERT
19961112,0,1 RHO mem=True nz=True ynz=True cond=True claim_agree=True upper=0.856143507889  CERT
19961112,0,1 T   mem=True nz=True ynz=True cond=True claim_agree=True upper=1545.64334290  CERT
124479204,0,1 RHO mem=True nz=True ynz=True cond=True claim_agree=True upper=0.854294566400  CERT
124479204,0,1 T   mem=True nz=True ynz=True cond=True claim_agree=True upper=1714.05936029  CERT
155091600,0,1 RHO mem=True nz=True ynz=True cond=True claim_agree=True upper=0.830435864395  CERT
155091600,0,1 T   mem=True nz=True ynz=True cond=True claim_agree=True upper=1075.19035379  CERT
167812605,0,1 RHO mem=True nz=True ynz=True cond=True claim_agree=True upper=0.862394393151  CERT
167812605,0,1 T   mem=True nz=True ynz=True cond=True claim_agree=True upper=1565.25502538  CERT
302482961,0,1 RHO mem=True nz=True ynz=True cond=True claim_agree=True upper=0.820483323933  CERT
302482961,0,1 T   mem=True nz=True ynz=True cond=True claim_agree=True upper=1366.39505803  CERT
310959748,0,1 RHO mem=True nz=True ynz=True cond=True claim_agree=True upper=0.820067990789  CERT
310959748,0,1 T   mem=True nz=True ynz=True cond=True claim_agree=True upper=1293.55485403  CERT
319016264,0,1 RHO mem=True nz=True ynz=True cond=True claim_agree=True upper=0.884419577881  CERT
319016264,0,1 T   mem=True nz=True ynz=True cond=True claim_agree=True upper=1833.45852598  CERT
322242712,0,1 RHO mem=True nz=True ynz=True cond=True claim_agree=True upper=0.821724714652  CERT
322242712,0,1 T   mem=True nz=True ynz=True cond=True claim_agree=True upper=1973.29535720  CERT
354444472,0,1 RHO mem=True nz=True ynz=True cond=True claim_agree=True upper=0.821724714652  CERT
354444472,0,1 T   mem=True nz=True ynz=True cond=True claim_agree=True upper=1333.40952167  CERT
366711425,0,1 RHO mem=True nz=True ynz=True cond=True claim_agree=True upper=0.882640712081  CERT
366711425,0,1 T   mem=True nz=True ynz=True cond=True claim_agree=True upper=2869.02485446  CERT
371224801,0,1 RHO mem=True nz=True ynz=True cond=True claim_agree=True upper=0.827100364545  CERT
371224801,0,1 T   mem=True nz=True ynz=True cond=True claim_agree=True upper=1985.09208548  CERT
380319068,0,1 RHO mem=True nz=True ynz=True cond=True claim_agree=True upper=0.820483323933  CERT
380319068,0,1 T   mem=True nz=True ynz=True cond=True claim_agree=True upper=1495.85895873  CERT
426587283,0,1 RHO mem=True nz=True ynz=True cond=True claim_agree=True upper=0.868133213324  CERT
426587283,0,1 T   mem=True nz=True ynz=True cond=True claim_agree=True upper=1334.87345964  CERT
461537988,0,1 RHO mem=True nz=True ynz=True cond=True claim_agree=True upper=0.821348704977  CERT
461537988,0,1 T   mem=True nz=True ynz=True cond=True claim_agree=True upper=1910.93414669  CERT
497982049,0,1 RHO mem=True nz=True ynz=True cond=True claim_agree=True upper=0.854294566400  CERT
497982049,0,1 T   mem=True nz=True ynz=True cond=True claim_agree=True upper=2062.20061451  CERT
502501728,0,1 RHO mem=True nz=True ynz=True cond=True claim_agree=True upper=0.872143743833  CERT
502501728,0,1 T   mem=True nz=True ynz=True cond=True claim_agree=True upper=2180.21980895  CERT
538945789,0,1 RHO mem=True nz=True ynz=True cond=True claim_agree=True upper=0.882640712081  CERT
538945789,0,1 T   mem=True nz=True ynz=True cond=True claim_agree=True upper=2399.95867692  CERT
573896494,0,1 RHO mem=True nz=True ynz=True cond=True claim_agree=True upper=0.830435864395  CERT
573896494,0,1 T   mem=True nz=True ynz=True cond=True claim_agree=True upper=1889.49130814  CERT
620164709,0,1 RHO mem=True nz=True ynz=True cond=True claim_agree=True upper=0.872252888919  CERT
620164709,0,1 T   mem=True nz=True ynz=True cond=True claim_agree=True upper=1684.25194068  CERT
629258976,0,1 RHO mem=True nz=True ynz=True cond=True claim_agree=True upper=0.862394393151  CERT
629258976,0,1 T   mem=True nz=True ynz=True cond=True claim_agree=True upper=2091.48451256  CERT
633772352,0,1 RHO mem=True nz=True ynz=True cond=True claim_agree=True upper=0.821348704977  CERT
633772352,0,1 T   mem=True nz=True ynz=True cond=True claim_agree=True upper=1321.12933910  CERT
646039305,0,1 RHO mem=True nz=True ynz=True cond=True claim_agree=True upper=0.862903350482  CERT
646039305,0,1 T   mem=True nz=True ynz=True cond=True claim_agree=True upper=1609.44237830  CERT
678241065,0,1 RHO mem=True nz=True ynz=True cond=True claim_agree=True upper=0.862903350482  CERT
678241065,0,1 T   mem=True nz=True ynz=True cond=True claim_agree=True upper=1455.32942905  CERT
681467513,0,1 RHO mem=True nz=True ynz=True cond=True claim_agree=True upper=0.820067990789  CERT
681467513,0,1 T   mem=True nz=True ynz=True cond=True claim_agree=True upper=1062.62286415  CERT
689524029,0,1 RHO mem=True nz=True ynz=True cond=True claim_agree=True upper=0.884419577881  CERT
689524029,0,1 T   mem=True nz=True ynz=True cond=True claim_agree=True upper=1300.81783104  CERT
698000816,0,1 RHO mem=True nz=True ynz=True cond=True claim_agree=True upper=0.872252888919  CERT
698000816,0,1 T   mem=True nz=True ynz=True cond=True claim_agree=True upper=1693.81232471  CERT
832671172,0,1 RHO mem=True nz=True ynz=True cond=True claim_agree=True upper=0.827100364545  CERT
832671172,0,1 T   mem=True nz=True ynz=True cond=True claim_agree=True upper=1960.24628287  CERT
845392177,0,1 RHO mem=True nz=True ynz=True cond=True claim_agree=True upper=0.868133213324  CERT
845392177,0,1 T   mem=True nz=True ynz=True cond=True claim_agree=True upper=2427.54550493  CERT
876004573,0,1 RHO mem=True nz=True ynz=True cond=True claim_agree=True upper=0.872143743833  CERT
876004573,0,1 T   mem=True nz=True ynz=True cond=True claim_agree=True upper=2072.95167581  CERT
980522665,0,1 RHO mem=True nz=True ynz=True cond=True claim_agree=True upper=0.865847100163  CERT
980522665,0,1 T   mem=True nz=True ynz=True cond=True claim_agree=True upper=1631.18102148  CERT
988708348,0,1 RHO mem=True nz=True ynz=True cond=True claim_agree=True upper=0.856143507889  CERT
988708348,0,1 T   mem=True nz=True ynz=True cond=True claim_agree=True upper=1911.26311287  CERT
FAMILY VERIFY n=7 l=1000483777 : EXCLUDED (components certified 32 / 32 ; lines 64 ; failed lines 0)
FAMILY VERIFY PASS
