FACTORIZATION: 32 irreducible factors of degree 2 over F_1000018753: OK (header deg/ncomp/bar_T agree)
20216784,0,1 RHO mem=True nz=True ynz=True cond=True claim_agree=True upper=0.861341212311  CERT
20216784,0,1 T   mem=True nz=True ynz=True cond=True claim_agree=True upper=2335.06263090  CERT
20940379,0,1 RHO mem=True nz=True ynz=True cond=True claim_agree=True upper=0.858432449449  CERT
20940379,0,1 T   mem=True nz=True ynz=True cond=True claim_agree=True upper=1344.97019208  CERT
89748626,0,1 RHO mem=True nz=True ynz=True cond=True claim_agree=True upper=0.920739271815  CERT
89748626,0,1 T   mem=True nz=True ynz=True cond=True claim_agree=True upper=2096.97590153  CERT
175480089,0,1 RHO mem=True nz=True ynz=True cond=True claim_agree=True upper=0.886508294444  CERT
175480089,0,1 T   mem=True nz=True ynz=True cond=True claim_agree=True upper=1951.34969811  CERT
190467148,0,1 RHO mem=True nz=True ynz=True cond=True claim_agree=True upper=0.931099001789  CERT
190467148,0,1 T   mem=True nz=True ynz=True cond=True claim_agree=True upper=2021.19195014  CERT
227374339,0,1 RHO mem=True nz=True ynz=True cond=True claim_agree=True upper=0.881385683730  CERT
227374339,0,1 T   mem=True nz=True ynz=True cond=True claim_agree=True upper=2050.62066381  CERT
249568337,0,1 RHO mem=True nz=True ynz=True cond=True claim_agree=True upper=0.889250016634  CERT
249568337,0,1 T   mem=True nz=True ynz=True cond=True claim_agree=True upper=1755.24260153  CERT
272484563,0,1 RHO mem=True nz=True ynz=True cond=True claim_agree=True upper=0.880290690572  CERT
272484563,0,1 T   mem=True nz=True ynz=True cond=True claim_agree=True upper=2264.89384063  CERT
284686638,0,1 RHO mem=True nz=True ynz=True cond=True claim_agree=True upper=0.924603052628  CERT
284686638,0,1 T   mem=True nz=True ynz=True cond=True claim_agree=True upper=1630.37808823  CERT
310651205,0,1 RHO mem=True nz=True ynz=True cond=True claim_agree=True upper=0.834589508021  CERT
310651205,0,1 T   mem=True nz=True ynz=True cond=True claim_agree=True upper=1277.01424868  CERT
345936928,0,1 RHO mem=True nz=True ynz=True cond=True claim_agree=True upper=0.914730744562  CERT
345936928,0,1 T   mem=True nz=True ynz=True cond=True claim_agree=True upper=1754.56735530  CERT
348035866,0,1 RHO mem=True nz=True ynz=True cond=True claim_agree=True upper=0.881385683730  CERT
348035866,0,1 T   mem=True nz=True ynz=True cond=True claim_agree=True upper=1947.06060903  CERT
349003604,0,1 RHO mem=True nz=True ynz=True cond=True claim_agree=True upper=0.933213293056  CERT
349003604,0,1 T   mem=True nz=True ynz=True cond=True claim_agree=True upper=2318.87020975  CERT
406150974,0,1 RHO mem=True nz=True ynz=True cond=True claim_agree=True upper=0.931099001789  CERT
406150974,0,1 T   mem=True nz=True ynz=True cond=True claim_agree=True upper=2583.36104131  CERT
480841788,0,1 RHO mem=True nz=True ynz=True cond=True claim_agree=True upper=0.845837165518  CERT
480841788,0,1 T   mem=True nz=True ynz=True cond=True claim_agree=True upper=2955.92763724  CERT
488026610,0,1 RHO mem=True nz=True ynz=True cond=True claim_agree=True upper=0.898866193312  CERT
488026610,0,1 T   mem=True nz=True ynz=True cond=True claim_agree=True upper=1975.15608201  CERT
511992143,0,1 RHO mem=True nz=True ynz=True cond=True claim_agree=True upper=0.886508294444  CERT
511992143,0,1 T   mem=True nz=True ynz=True cond=True claim_agree=True upper=1923.53765888  CERT
519176965,0,1 RHO mem=True nz=True ynz=True cond=True claim_agree=True upper=0.924603052628  CERT
519176965,0,1 T   mem=True nz=True ynz=True cond=True claim_agree=True upper=2984.07578779  CERT
593867779,0,1 RHO mem=True nz=True ynz=True cond=True claim_agree=True upper=0.847469764453  CERT
593867779,0,1 T   mem=True nz=True ynz=True cond=True claim_agree=True upper=2100.79650319  CERT
651015149,0,1 RHO mem=True nz=True ynz=True cond=True claim_agree=True upper=0.834589508021  CERT
651015149,0,1 T   mem=True nz=True ynz=True cond=True claim_agree=True upper=1420.16321317  CERT
651982887,0,1 RHO mem=True nz=True ynz=True cond=True claim_agree=True upper=0.899509113996  CERT
651982887,0,1 T   mem=True nz=True ynz=True cond=True claim_agree=True upper=1834.11393016  CERT
654081825,0,1 RHO mem=True nz=True ynz=True cond=True claim_agree=True upper=0.861341212311  CERT
654081825,0,1 T   mem=True nz=True ynz=True cond=True claim_agree=True upper=1307.72631607  CERT
689367548,0,1 RHO mem=True nz=True ynz=True cond=True claim_agree=True upper=0.933213293056  CERT
689367548,0,1 T   mem=True nz=True ynz=True cond=True claim_agree=True upper=2464.54387453  CERT
715332115,0,1 RHO mem=True nz=True ynz=True cond=True claim_agree=True upper=0.845837165518  CERT
715332115,0,1 T   mem=True nz=True ynz=True cond=True claim_agree=True upper=1424.18791715  CERT
727534190,0,1 RHO mem=True nz=True ynz=True cond=True claim_agree=True upper=0.889250016634  CERT
727534190,0,1 T   mem=True nz=True ynz=True cond=True claim_agree=True upper=2958.53494385  CERT
750450416,0,1 RHO mem=True nz=True ynz=True cond=True claim_agree=True upper=0.880290690572  CERT
750450416,0,1 T   mem=True nz=True ynz=True cond=True claim_agree=True upper=1425.67890343  CERT
772644414,0,1 RHO mem=True nz=True ynz=True cond=True claim_agree=True upper=0.899509113996  CERT
772644414,0,1 T   mem=True nz=True ynz=True cond=True claim_agree=True upper=1956.38230291  CERT
809551605,0,1 RHO mem=True nz=True ynz=True cond=True claim_agree=True upper=0.847469764453  CERT
809551605,0,1 T   mem=True nz=True ynz=True cond=True claim_agree=True upper=1299.11729914  CERT
824538664,0,1 RHO mem=True nz=True ynz=True cond=True claim_agree=True upper=0.898866193312  CERT
824538664,0,1 T   mem=True nz=True ynz=True cond=True claim_agree=True upper=2459.87804151  CERT
910270127,0,1 RHO mem=True nz=True ynz=True cond=True claim_agree=True upper=0.858432449449  CERT
910270127,0,1 T   mem=True nz=True ynz=True cond=True claim_agree=True upper=2158.00517657  CERT
979078374,0,1 RHO mem=True nz=True ynz=True cond=True claim_agree=True upper=0.920739271815  CERT
979078374,0,1 T   mem=True nz=True ynz=True cond=True claim_agree=True upper=1969.05858099  CERT
979801969,0,1 RHO mem=True nz=True ynz=True cond=True claim_agree=True upper=0.914730744562  CERT
979801969,0,1 T   mem=True nz=True ynz=True cond=True claim_agree=True upper=2875.58659712  CERT
FAMILY VERIFY n=7 l=1000018753 : EXCLUDED (components certified 32 / 32 ; lines 64 ; failed lines 0)
FAMILY VERIFY PASS
