FACTORIZATION: 32 irreducible factors of degree 2 over F_1000150337: OK (header deg/ncomp/bar_T agree)
2021430,0,1 RHO mem=True nz=True ynz=True cond=True claim_agree=True upper=0.936211937262  CERT
2021430,0,1 T   mem=True nz=True ynz=True cond=True claim_agree=True upper=2879.86776018  CERT
37601652,0,1 RHO mem=True nz=True ynz=True cond=True claim_agree=True upper=0.973060728900  CERT
37601652,0,1 T   mem=True nz=True ynz=True cond=True claim_agree=True upper=2418.44092065  CERT
38808040,0,1 RHO mem=True nz=True ynz=True cond=True claim_agree=True upper=0.929104735914  CERT
38808040,0,1 T   mem=True nz=True ynz=True cond=True claim_agree=True upper=2010.23496166  CERT
53669053,0,1 RHO mem=True nz=True ynz=True cond=True claim_agree=True upper=0.907118260234  CERT
53669053,0,1 T   mem=True nz=True ynz=True cond=True claim_agree=True upper=2390.53234605  CERT
124507422,0,1 RHO mem=True nz=True ynz=True cond=True claim_agree=True upper=0.960643580330  CERT
124507422,0,1 T   mem=True nz=True ynz=True cond=True claim_agree=True upper=3309.53014048  CERT
173450968,0,1 RHO mem=True nz=True ynz=True cond=True claim_agree=True upper=0.889677282952  CERT
173450968,0,1 T   mem=True nz=True ynz=True cond=True claim_agree=True upper=2722.71069575  CERT
181219557,0,1 RHO mem=True nz=True ynz=True cond=True claim_agree=True upper=0.940118746236  CERT
181219557,0,1 T   mem=True nz=True ynz=True cond=True claim_agree=True upper=2081.83060738  CERT
279194807,0,1 RHO mem=True nz=True ynz=True cond=True claim_agree=True upper=0.940118746236  CERT
279194807,0,1 T   mem=True nz=True ynz=True cond=True claim_agree=True upper=2015.56362097  CERT
279839805,0,1 RHO mem=True nz=True ynz=True cond=True claim_agree=True upper=0.943462910506  CERT
279839805,0,1 T   mem=True nz=True ynz=True cond=True claim_agree=True upper=2560.04930312  CERT
283041675,0,1 RHO mem=True nz=True ynz=True cond=True claim_agree=True upper=0.957685291130  CERT
283041675,0,1 T   mem=True nz=True ynz=True cond=True claim_agree=True upper=2822.45963527  CERT
309297215,0,1 RHO mem=True nz=True ynz=True cond=True claim_agree=True upper=0.938367615467  CERT
309297215,0,1 T   mem=True nz=True ynz=True cond=True claim_agree=True upper=2468.62165794  CERT
361046096,0,1 RHO mem=True nz=True ynz=True cond=True claim_agree=True upper=0.916146623356  CERT
361046096,0,1 T   mem=True nz=True ynz=True cond=True claim_agree=True upper=2868.05990942  CERT
376449887,0,1 RHO mem=True nz=True ynz=True cond=True claim_agree=True upper=0.944834480141  CERT
376449887,0,1 T   mem=True nz=True ynz=True cond=True claim_agree=True upper=2238.98519330  CERT
454679477,0,1 RHO mem=True nz=True ynz=True cond=True claim_agree=True upper=0.929104735914  CERT
454679477,0,1 T   mem=True nz=True ynz=True cond=True claim_agree=True upper=2390.98324539  CERT
463602447,0,1 RHO mem=True nz=True ynz=True cond=True claim_agree=True upper=0.938367615467  CERT
463602447,0,1 T   mem=True nz=True ynz=True cond=True claim_agree=True upper=2455.54474497  CERT
499907935,0,1 RHO mem=True nz=True ynz=True cond=True claim_agree=True upper=0.936211937262  CERT
499907935,0,1 T   mem=True nz=True ynz=True cond=True claim_agree=True upper=2729.17811541  CERT
500242402,0,1 RHO mem=True nz=True ynz=True cond=True claim_agree=True upper=0.917615625442  CERT
500242402,0,1 T   mem=True nz=True ynz=True cond=True claim_agree=True upper=2536.26081649  CERT
536547890,0,1 RHO mem=True nz=True ynz=True cond=True claim_agree=True upper=0.945980560529  CERT
536547890,0,1 T   mem=True nz=True ynz=True cond=True claim_agree=True upper=2543.33912726  CERT
545470860,0,1 RHO mem=True nz=True ynz=True cond=True claim_agree=True upper=0.954515116818  CERT
545470860,0,1 T   mem=True nz=True ynz=True cond=True claim_agree=True upper=2362.64993431  CERT
623700450,0,1 RHO mem=True nz=True ynz=True cond=True claim_agree=True upper=0.943462910506  CERT
623700450,0,1 T   mem=True nz=True ynz=True cond=True claim_agree=True upper=2253.69289112  CERT
639104241,0,1 RHO mem=True nz=True ynz=True cond=True claim_agree=True upper=0.973060728900  CERT
639104241,0,1 T   mem=True nz=True ynz=True cond=True claim_agree=True upper=2494.19046753  CERT
690853122,0,1 RHO mem=True nz=True ynz=True cond=True claim_agree=True upper=0.945980560529  CERT
690853122,0,1 T   mem=True nz=True ynz=True cond=True claim_agree=True upper=1984.93787254  CERT
717108662,0,1 RHO mem=True nz=True ynz=True cond=True claim_agree=True upper=0.889677282952  CERT
717108662,0,1 T   mem=True nz=True ynz=True cond=True claim_agree=True upper=1998.11068946  CERT
720310532,0,1 RHO mem=True nz=True ynz=True cond=True claim_agree=True upper=0.944834480141  CERT
720310532,0,1 T   mem=True nz=True ynz=True cond=True claim_agree=True upper=2375.78493178  CERT
720955530,0,1 RHO mem=True nz=True ynz=True cond=True claim_agree=True upper=0.945173690580  CERT
720955530,0,1 T   mem=True nz=True ynz=True cond=True claim_agree=True upper=2561.31949491  CERT
818930780,0,1 RHO mem=True nz=True ynz=True cond=True claim_agree=True upper=0.945173690580  CERT
818930780,0,1 T   mem=True nz=True ynz=True cond=True claim_agree=True upper=2367.24960832  CERT
826699369,0,1 RHO mem=True nz=True ynz=True cond=True claim_agree=True upper=0.957685291130  CERT
826699369,0,1 T   mem=True nz=True ynz=True cond=True claim_agree=True upper=2053.60397685  CERT
875642915,0,1 RHO mem=True nz=True ynz=True cond=True claim_agree=True upper=0.907118260234  CERT
875642915,0,1 T   mem=True nz=True ynz=True cond=True claim_agree=True upper=3010.89178310  CERT
946481284,0,1 RHO mem=True nz=True ynz=True cond=True claim_agree=True upper=0.958912230433  CERT
946481284,0,1 T   mem=True nz=True ynz=True cond=True claim_agree=True upper=2714.71158494  CERT
961342297,0,1 RHO mem=True nz=True ynz=True cond=True claim_agree=True upper=0.954515116818  CERT
961342297,0,1 T   mem=True nz=True ynz=True cond=True claim_agree=True upper=2582.21719256  CERT
962548685,0,1 RHO mem=True nz=True ynz=True cond=True claim_agree=True upper=0.916146623356  CERT
962548685,0,1 T   mem=True nz=True ynz=True cond=True claim_agree=True upper=1809.11040647  CERT
998128907,0,1 RHO mem=True nz=True ynz=True cond=True claim_agree=True upper=0.917615625442  CERT
998128907,0,1 T   mem=True nz=True ynz=True cond=True claim_agree=True upper=2098.78689134  CERT
FAMILY VERIFY n=7 l=1000150337 : EXCLUDED (components certified 32 / 32 ; lines 64 ; failed lines 0)
FAMILY VERIFY PASS
