FACTORIZATION: 32 irreducible factors of degree 2 over F_1000584257: OK (header deg/ncomp/bar_T agree)
45845738,0,1 RHO mem=True nz=True ynz=True cond=True claim_agree=True upper=0.952044927093  CERT
45845738,0,1 T   mem=True nz=True ynz=True cond=True claim_agree=True upper=2582.21793213  CERT
79002973,0,1 RHO mem=True nz=True ynz=True cond=True claim_agree=True upper=0.952897254724  CERT
79002973,0,1 T   mem=True nz=True ynz=True cond=True claim_agree=True upper=2615.67763445  CERT
123096125,0,1 RHO mem=True nz=True ynz=True cond=True claim_agree=True upper=0.965033106351  CERT
123096125,0,1 T   mem=True nz=True ynz=True cond=True claim_agree=True upper=3109.37140039  CERT
144747515,0,1 RHO mem=True nz=True ynz=True cond=True claim_agree=True upper=0.924669122487  CERT
144747515,0,1 T   mem=True nz=True ynz=True cond=True claim_agree=True upper=2106.84660493  CERT
170001232,0,1 RHO mem=True nz=True ynz=True cond=True claim_agree=True upper=0.932912371786  CERT
170001232,0,1 T   mem=True nz=True ynz=True cond=True claim_agree=True upper=2559.28538201  CERT
241172064,0,1 RHO mem=True nz=True ynz=True cond=True claim_agree=True upper=0.942021825591  CERT
241172064,0,1 T   mem=True nz=True ynz=True cond=True claim_agree=True upper=2238.57083988  CERT
261965519,0,1 RHO mem=True nz=True ynz=True cond=True claim_agree=True upper=0.917624555484  CERT
261965519,0,1 T   mem=True nz=True ynz=True cond=True claim_agree=True upper=2375.93409928  CERT
269182005,0,1 RHO mem=True nz=True ynz=True cond=True claim_agree=True upper=0.920232572245  CERT
269182005,0,1 T   mem=True nz=True ynz=True cond=True claim_agree=True upper=2030.67535997  CERT
326566699,0,1 RHO mem=True nz=True ynz=True cond=True claim_agree=True upper=0.920624875751  CERT
326566699,0,1 T   mem=True nz=True ynz=True cond=True claim_agree=True upper=2558.27222638  CERT
344460958,0,1 RHO mem=True nz=True ynz=True cond=True claim_agree=True upper=0.940039689946  CERT
344460958,0,1 T   mem=True nz=True ynz=True cond=True claim_agree=True upper=2189.48848833  CERT
354365249,0,1 RHO mem=True nz=True ynz=True cond=True claim_agree=True upper=0.902090595297  CERT
354365249,0,1 T   mem=True nz=True ynz=True cond=True claim_agree=True upper=3565.81144663  CERT
402383191,0,1 RHO mem=True nz=True ynz=True cond=True claim_agree=True upper=0.952897254724  CERT
402383191,0,1 T   mem=True nz=True ynz=True cond=True claim_agree=True upper=2071.84109209  CERT
434922013,0,1 RHO mem=True nz=True ynz=True cond=True claim_agree=True upper=0.890617220942  CERT
434922013,0,1 T   mem=True nz=True ynz=True cond=True claim_agree=True upper=2105.18283781  CERT
442671345,0,1 RHO mem=True nz=True ynz=True cond=True claim_agree=True upper=0.953778867310  CERT
442671345,0,1 T   mem=True nz=True ynz=True cond=True claim_agree=True upper=3068.92858192  CERT
454158208,0,1 RHO mem=True nz=True ynz=True cond=True claim_agree=True upper=0.957373974823  CERT
454158208,0,1 T   mem=True nz=True ynz=True cond=True claim_agree=True upper=2196.92859409  CERT
472655909,0,1 RHO mem=True nz=True ynz=True cond=True claim_agree=True upper=0.932523322163  CERT
472655909,0,1 T   mem=True nz=True ynz=True cond=True claim_agree=True upper=3061.26949343  CERT
527928348,0,1 RHO mem=True nz=True ynz=True cond=True claim_agree=True upper=0.940039689946  CERT
527928348,0,1 T   mem=True nz=True ynz=True cond=True claim_agree=True upper=2406.81814967  CERT
546426049,0,1 RHO mem=True nz=True ynz=True cond=True claim_agree=True upper=0.890617220942  CERT
546426049,0,1 T   mem=True nz=True ynz=True cond=True claim_agree=True upper=1851.47311229  CERT
557912912,0,1 RHO mem=True nz=True ynz=True cond=True claim_agree=True upper=0.920624875751  CERT
557912912,0,1 T   mem=True nz=True ynz=True cond=True claim_agree=True upper=2311.40804610  CERT
565662244,0,1 RHO mem=True nz=True ynz=True cond=True claim_agree=True upper=0.957373974823  CERT
565662244,0,1 T   mem=True nz=True ynz=True cond=True claim_agree=True upper=2705.58290889  CERT
598201066,0,1 RHO mem=True nz=True ynz=True cond=True claim_agree=True upper=0.896482203721  CERT
598201066,0,1 T   mem=True nz=True ynz=True cond=True claim_agree=True upper=1862.24132492  CERT
646219008,0,1 RHO mem=True nz=True ynz=True cond=True claim_agree=True upper=0.965033106351  CERT
646219008,0,1 T   mem=True nz=True ynz=True cond=True claim_agree=True upper=2927.16680775  CERT
656123299,0,1 RHO mem=True nz=True ynz=True cond=True claim_agree=True upper=0.932523322163  CERT
656123299,0,1 T   mem=True nz=True ynz=True cond=True claim_agree=True upper=2321.43961528  CERT
674017558,0,1 RHO mem=True nz=True ynz=True cond=True claim_agree=True upper=0.953778867310  CERT
674017558,0,1 T   mem=True nz=True ynz=True cond=True claim_agree=True upper=2227.37392050  CERT
731402252,0,1 RHO mem=True nz=True ynz=True cond=True claim_agree=True upper=0.917624555484  CERT
731402252,0,1 T   mem=True nz=True ynz=True cond=True claim_agree=True upper=2360.78978247  CERT
738618738,0,1 RHO mem=True nz=True ynz=True cond=True claim_agree=True upper=0.920232572245  CERT
738618738,0,1 T   mem=True nz=True ynz=True cond=True claim_agree=True upper=3047.97197636  CERT
759412193,0,1 RHO mem=True nz=True ynz=True cond=True claim_agree=True upper=0.924669122487  CERT
759412193,0,1 T   mem=True nz=True ynz=True cond=True claim_agree=True upper=2946.01756006  CERT
830583025,0,1 RHO mem=True nz=True ynz=True cond=True claim_agree=True upper=0.952044927093  CERT
830583025,0,1 T   mem=True nz=True ynz=True cond=True claim_agree=True upper=2389.29513708  CERT
855836742,0,1 RHO mem=True nz=True ynz=True cond=True claim_agree=True upper=0.942021825591  CERT
855836742,0,1 T   mem=True nz=True ynz=True cond=True claim_agree=True upper=2985.51024892  CERT
877488132,0,1 RHO mem=True nz=True ynz=True cond=True claim_agree=True upper=0.902090595297  CERT
877488132,0,1 T   mem=True nz=True ynz=True cond=True claim_agree=True upper=2743.83375466  CERT
921581284,0,1 RHO mem=True nz=True ynz=True cond=True claim_agree=True upper=0.896482203721  CERT
921581284,0,1 T   mem=True nz=True ynz=True cond=True claim_agree=True upper=3267.90832331  CERT
954738519,0,1 RHO mem=True nz=True ynz=True cond=True claim_agree=True upper=0.932912371786  CERT
954738519,0,1 T   mem=True nz=True ynz=True cond=True claim_agree=True upper=2904.05356575  CERT
FAMILY VERIFY n=7 l=1000584257 : EXCLUDED (components certified 32 / 32 ; lines 64 ; failed lines 0)
FAMILY VERIFY PASS
