FACTORIZATION: 32 irreducible factors of degree 2 over F_1001206081: OK (header deg/ncomp/bar_T agree)
7993495,0,1 RHO mem=True nz=True ynz=True cond=True claim_agree=True upper=0.961801719369  CERT
7993495,0,1 T   mem=True nz=True ynz=True cond=True claim_agree=True upper=2546.11894163  CERT
50184827,0,1 RHO mem=True nz=True ynz=True cond=True claim_agree=True upper=0.974035422778  CERT
50184827,0,1 T   mem=True nz=True ynz=True cond=True claim_agree=True upper=3477.47274670  CERT
66099723,0,1 RHO mem=True nz=True ynz=True cond=True claim_agree=True upper=0.962874675325  CERT
66099723,0,1 T   mem=True nz=True ynz=True cond=True claim_agree=True upper=2823.26436445  CERT
68359849,0,1 RHO mem=True nz=True ynz=True cond=True claim_agree=True upper=0.930042839123  CERT
68359849,0,1 T   mem=True nz=True ynz=True cond=True claim_agree=True upper=2858.97009339  CERT
75129139,0,1 RHO mem=True nz=True ynz=True cond=True claim_agree=True upper=0.911876141712  CERT
75129139,0,1 T   mem=True nz=True ynz=True cond=True claim_agree=True upper=1702.19386190  CERT
102034157,0,1 RHO mem=True nz=True ynz=True cond=True claim_agree=True upper=0.979077764773  CERT
102034157,0,1 T   mem=True nz=True ynz=True cond=True claim_agree=True upper=2347.08193419  CERT
138241410,0,1 RHO mem=True nz=True ynz=True cond=True claim_agree=True upper=0.967475247511  CERT
138241410,0,1 T   mem=True nz=True ynz=True cond=True claim_agree=True upper=2695.32203040  CERT
164080434,0,1 RHO mem=True nz=True ynz=True cond=True claim_agree=True upper=0.960884843342  CERT
164080434,0,1 T   mem=True nz=True ynz=True cond=True claim_agree=True upper=2474.85818899  CERT
173052614,0,1 RHO mem=True nz=True ynz=True cond=True claim_agree=True upper=0.967475247511  CERT
173052614,0,1 T   mem=True nz=True ynz=True cond=True claim_agree=True upper=3079.04678544  CERT
207344542,0,1 RHO mem=True nz=True ynz=True cond=True claim_agree=True upper=0.985004287151  CERT
207344542,0,1 T   mem=True nz=True ynz=True cond=True claim_agree=True upper=2799.47228600  CERT
269528382,0,1 RHO mem=True nz=True ynz=True cond=True claim_agree=True upper=0.966486583030  CERT
269528382,0,1 T   mem=True nz=True ynz=True cond=True claim_agree=True upper=2651.56281590  CERT
303578000,0,1 RHO mem=True nz=True ynz=True cond=True claim_agree=True upper=0.945877532832  CERT
303578000,0,1 T   mem=True nz=True ynz=True cond=True claim_agree=True upper=2870.30221425  CERT
366897717,0,1 RHO mem=True nz=True ynz=True cond=True claim_agree=True upper=0.974035422778  CERT
366897717,0,1 T   mem=True nz=True ynz=True cond=True claim_agree=True upper=2232.55763726  CERT
376577360,0,1 RHO mem=True nz=True ynz=True cond=True claim_agree=True upper=0.969697083536  CERT
376577360,0,1 T   mem=True nz=True ynz=True cond=True claim_agree=True upper=2671.97589414  CERT
402307709,0,1 RHO mem=True nz=True ynz=True cond=True claim_agree=True upper=0.960884843342  CERT
402307709,0,1 T   mem=True nz=True ynz=True cond=True claim_agree=True upper=2627.99754263  CERT
463676550,0,1 RHO mem=True nz=True ynz=True cond=True claim_agree=True upper=0.954240497419  CERT
463676550,0,1 T   mem=True nz=True ynz=True cond=True claim_agree=True upper=2407.97733196  CERT
537529531,0,1 RHO mem=True nz=True ynz=True cond=True claim_agree=True upper=0.962874675325  CERT
537529531,0,1 T   mem=True nz=True ynz=True cond=True claim_agree=True upper=2530.67580120  CERT
598898372,0,1 RHO mem=True nz=True ynz=True cond=True claim_agree=True upper=0.961256225716  CERT
598898372,0,1 T   mem=True nz=True ynz=True cond=True claim_agree=True upper=2735.53271717  CERT
624628721,0,1 RHO mem=True nz=True ynz=True cond=True claim_agree=True upper=0.930042839123  CERT
624628721,0,1 T   mem=True nz=True ynz=True cond=True claim_agree=True upper=1830.47066715  CERT
634308364,0,1 RHO mem=True nz=True ynz=True cond=True claim_agree=True upper=0.972407252649  CERT
634308364,0,1 T   mem=True nz=True ynz=True cond=True claim_agree=True upper=2481.07335766  CERT
697628081,0,1 RHO mem=True nz=True ynz=True cond=True claim_agree=True upper=0.966486583030  CERT
697628081,0,1 T   mem=True nz=True ynz=True cond=True claim_agree=True upper=2097.62365232  CERT
731677699,0,1 RHO mem=True nz=True ynz=True cond=True claim_agree=True upper=0.945877532832  CERT
731677699,0,1 T   mem=True nz=True ynz=True cond=True claim_agree=True upper=2015.44209731  CERT
793861539,0,1 RHO mem=True nz=True ynz=True cond=True claim_agree=True upper=0.961801719369  CERT
793861539,0,1 T   mem=True nz=True ynz=True cond=True claim_agree=True upper=2489.99797795  CERT
828153467,0,1 RHO mem=True nz=True ynz=True cond=True claim_agree=True upper=0.956390836694  CERT
828153467,0,1 T   mem=True nz=True ynz=True cond=True claim_agree=True upper=2158.81431212  CERT
837125647,0,1 RHO mem=True nz=True ynz=True cond=True claim_agree=True upper=0.961256225716  CERT
837125647,0,1 T   mem=True nz=True ynz=True cond=True claim_agree=True upper=2500.40920236  CERT
862964671,0,1 RHO mem=True nz=True ynz=True cond=True claim_agree=True upper=0.956390836694  CERT
862964671,0,1 T   mem=True nz=True ynz=True cond=True claim_agree=True upper=2367.24486286  CERT
899171924,0,1 RHO mem=True nz=True ynz=True cond=True claim_agree=True upper=0.911876141712  CERT
899171924,0,1 T   mem=True nz=True ynz=True cond=True claim_agree=True upper=2047.57809325  CERT
926076942,0,1 RHO mem=True nz=True ynz=True cond=True claim_agree=True upper=0.979077764773  CERT
926076942,0,1 T   mem=True nz=True ynz=True cond=True claim_agree=True upper=2866.45826373  CERT
932846232,0,1 RHO mem=True nz=True ynz=True cond=True claim_agree=True upper=0.969697083536  CERT
932846232,0,1 T   mem=True nz=True ynz=True cond=True claim_agree=True upper=2610.33184699  CERT
935106358,0,1 RHO mem=True nz=True ynz=True cond=True claim_agree=True upper=0.954240497419  CERT
935106358,0,1 T   mem=True nz=True ynz=True cond=True claim_agree=True upper=2684.57493410  CERT
951021254,0,1 RHO mem=True nz=True ynz=True cond=True claim_agree=True upper=0.972407252649  CERT
951021254,0,1 T   mem=True nz=True ynz=True cond=True claim_agree=True upper=2647.81433999  CERT
993212586,0,1 RHO mem=True nz=True ynz=True cond=True claim_agree=True upper=0.985004287151  CERT
993212586,0,1 T   mem=True nz=True ynz=True cond=True claim_agree=True upper=2870.69185429  CERT
FAMILY VERIFY n=7 l=1001206081 : EXCLUDED (components certified 32 / 32 ; lines 64 ; failed lines 0)
FAMILY VERIFY PASS
