FACTORIZATION: 32 irreducible factors of degree 2 over F_1000103233: OK (header deg/ncomp/bar_T agree)
53630798,0,1 RHO mem=True nz=True ynz=True cond=True claim_agree=True upper=0.952302982351  CERT
53630798,0,1 T   mem=True nz=True ynz=True cond=True claim_agree=True upper=2359.90751965  CERT
69434659,0,1 RHO mem=True nz=True ynz=True cond=True claim_agree=True upper=0.906381592168  CERT
69434659,0,1 T   mem=True nz=True ynz=True cond=True claim_agree=True upper=2591.80984658  CERT
70876498,0,1 RHO mem=True nz=True ynz=True cond=True claim_agree=True upper=0.924708070930  CERT
70876498,0,1 T   mem=True nz=True ynz=True cond=True claim_agree=True upper=2677.95476275  CERT
126295523,0,1 RHO mem=True nz=True ynz=True cond=True claim_agree=True upper=0.935338847757  CERT
126295523,0,1 T   mem=True nz=True ynz=True cond=True claim_agree=True upper=3392.90993554  CERT
146740271,0,1 RHO mem=True nz=True ynz=True cond=True claim_agree=True upper=0.862902111844  CERT
146740271,0,1 T   mem=True nz=True ynz=True cond=True claim_agree=True upper=2327.08034463  CERT
177673767,0,1 RHO mem=True nz=True ynz=True cond=True claim_agree=True upper=0.906381592168  CERT
177673767,0,1 T   mem=True nz=True ynz=True cond=True claim_agree=True upper=1584.67529138  CERT
223084418,0,1 RHO mem=True nz=True ynz=True cond=True claim_agree=True upper=0.902846653684  CERT
223084418,0,1 T   mem=True nz=True ynz=True cond=True claim_agree=True upper=2592.86735695  CERT
279403712,0,1 RHO mem=True nz=True ynz=True cond=True claim_agree=True upper=0.840033491618  CERT
279403712,0,1 T   mem=True nz=True ynz=True cond=True claim_agree=True upper=2318.59353103  CERT
285749923,0,1 RHO mem=True nz=True ynz=True cond=True claim_agree=True upper=0.925790150098  CERT
285749923,0,1 T   mem=True nz=True ynz=True cond=True claim_agree=True upper=2862.65486108  CERT
295351723,0,1 RHO mem=True nz=True ynz=True cond=True claim_agree=True upper=0.909991197627  CERT
295351723,0,1 T   mem=True nz=True ynz=True cond=True claim_agree=True upper=2671.54306620  CERT
297884771,0,1 RHO mem=True nz=True ynz=True cond=True claim_agree=True upper=0.862902111844  CERT
297884771,0,1 T   mem=True nz=True ynz=True cond=True claim_agree=True upper=1758.55551658  CERT
362130575,0,1 RHO mem=True nz=True ynz=True cond=True claim_agree=True upper=0.890014453762  CERT
362130575,0,1 T   mem=True nz=True ynz=True cond=True claim_agree=True upper=2145.52603604  CERT
362544691,0,1 RHO mem=True nz=True ynz=True cond=True claim_agree=True upper=0.925790150098  CERT
362544691,0,1 T   mem=True nz=True ynz=True cond=True claim_agree=True upper=3022.56753530  CERT
363418036,0,1 RHO mem=True nz=True ynz=True cond=True claim_agree=True upper=0.907943755487  CERT
363418036,0,1 T   mem=True nz=True ynz=True cond=True claim_agree=True upper=2078.02469445  CERT
379410956,0,1 RHO mem=True nz=True ynz=True cond=True claim_agree=True upper=0.840033491618  CERT
379410956,0,1 T   mem=True nz=True ynz=True cond=True claim_agree=True upper=2817.90396927  CERT
451209040,0,1 RHO mem=True nz=True ynz=True cond=True claim_agree=True upper=0.887751648290  CERT
451209040,0,1 T   mem=True nz=True ynz=True cond=True claim_agree=True upper=1677.06942421  CERT
548894193,0,1 RHO mem=True nz=True ynz=True cond=True claim_agree=True upper=0.907943755487  CERT
548894193,0,1 T   mem=True nz=True ynz=True cond=True claim_agree=True upper=2089.95320750  CERT
620692277,0,1 RHO mem=True nz=True ynz=True cond=True claim_agree=True upper=0.959744023665  CERT
620692277,0,1 T   mem=True nz=True ynz=True cond=True claim_agree=True upper=2484.77824903  CERT
636685197,0,1 RHO mem=True nz=True ynz=True cond=True claim_agree=True upper=0.887751648290  CERT
636685197,0,1 T   mem=True nz=True ynz=True cond=True claim_agree=True upper=2619.75096657  CERT
637558542,0,1 RHO mem=True nz=True ynz=True cond=True claim_agree=True upper=0.908881478482  CERT
637558542,0,1 T   mem=True nz=True ynz=True cond=True claim_agree=True upper=2519.41493001  CERT
637972658,0,1 RHO mem=True nz=True ynz=True cond=True claim_agree=True upper=0.952302982351  CERT
637972658,0,1 T   mem=True nz=True ynz=True cond=True claim_agree=True upper=2582.80425812  CERT
702218462,0,1 RHO mem=True nz=True ynz=True cond=True claim_agree=True upper=0.949866206446  CERT
702218462,0,1 T   mem=True nz=True ynz=True cond=True claim_agree=True upper=2646.01239687  CERT
704751510,0,1 RHO mem=True nz=True ynz=True cond=True claim_agree=True upper=0.924708070930  CERT
704751510,0,1 T   mem=True nz=True ynz=True cond=True claim_agree=True upper=2256.00089636  CERT
714353310,0,1 RHO mem=True nz=True ynz=True cond=True claim_agree=True upper=0.908881478482  CERT
714353310,0,1 T   mem=True nz=True ynz=True cond=True claim_agree=True upper=2524.77676364  CERT
720699521,0,1 RHO mem=True nz=True ynz=True cond=True claim_agree=True upper=0.959744023665  CERT
720699521,0,1 T   mem=True nz=True ynz=True cond=True claim_agree=True upper=2477.55770260  CERT
777018815,0,1 RHO mem=True nz=True ynz=True cond=True claim_agree=True upper=0.935338847757  CERT
777018815,0,1 T   mem=True nz=True ynz=True cond=True claim_agree=True upper=2192.31733329  CERT
822429466,0,1 RHO mem=True nz=True ynz=True cond=True claim_agree=True upper=0.905499600889  CERT
822429466,0,1 T   mem=True nz=True ynz=True cond=True claim_agree=True upper=2505.29302838  CERT
853362962,0,1 RHO mem=True nz=True ynz=True cond=True claim_agree=True upper=0.949866206446  CERT
853362962,0,1 T   mem=True nz=True ynz=True cond=True claim_agree=True upper=3332.00621224  CERT
873807710,0,1 RHO mem=True nz=True ynz=True cond=True claim_agree=True upper=0.902846653684  CERT
873807710,0,1 T   mem=True nz=True ynz=True cond=True claim_agree=True upper=2458.46638981  CERT
929226735,0,1 RHO mem=True nz=True ynz=True cond=True claim_agree=True upper=0.909991197627  CERT
929226735,0,1 T   mem=True nz=True ynz=True cond=True claim_agree=True upper=3435.71823460  CERT
930668574,0,1 RHO mem=True nz=True ynz=True cond=True claim_agree=True upper=0.905499600889  CERT
930668574,0,1 T   mem=True nz=True ynz=True cond=True claim_agree=True upper=1859.16752262  CERT
946472435,0,1 RHO mem=True nz=True ynz=True cond=True claim_agree=True upper=0.890014453762  CERT
946472435,0,1 T   mem=True nz=True ynz=True cond=True claim_agree=True upper=2575.70425763  CERT
FAMILY VERIFY n=7 l=1000103233 : EXCLUDED (components certified 32 / 32 ; lines 64 ; failed lines 0)
FAMILY VERIFY PASS
