FACTORIZATION: 32 irreducible factors of degree 2 over F_1000952257: OK (header deg/ncomp/bar_T agree)
16961667,0,1 RHO mem=True nz=True ynz=True cond=True claim_agree=True upper=0.888600777419  CERT
16961667,0,1 T   mem=True nz=True ynz=True cond=True claim_agree=True upper=1835.01526093  CERT
39157669,0,1 RHO mem=True nz=True ynz=True cond=True claim_agree=True upper=0.889182619106  CERT
39157669,0,1 T   mem=True nz=True ynz=True cond=True claim_agree=True upper=1841.26453444  CERT
61605416,0,1 RHO mem=True nz=True ynz=True cond=True claim_agree=True upper=0.899764315155  CERT
61605416,0,1 T   mem=True nz=True ynz=True cond=True claim_agree=True upper=1861.03099913  CERT
68921378,0,1 RHO mem=True nz=True ynz=True cond=True claim_agree=True upper=0.889182619106  CERT
68921378,0,1 T   mem=True nz=True ynz=True cond=True claim_agree=True upper=1406.38318633  CERT
96849207,0,1 RHO mem=True nz=True ynz=True cond=True claim_agree=True upper=0.912445626671  CERT
96849207,0,1 T   mem=True nz=True ynz=True cond=True claim_agree=True upper=1843.57952915  CERT
125761173,0,1 RHO mem=True nz=True ynz=True cond=True claim_agree=True upper=0.881603755835  CERT
125761173,0,1 T   mem=True nz=True ynz=True cond=True claim_agree=True upper=1801.49898222  CERT
147173262,0,1 RHO mem=True nz=True ynz=True cond=True claim_agree=True upper=0.888600777419  CERT
147173262,0,1 T   mem=True nz=True ynz=True cond=True claim_agree=True upper=2152.83866380  CERT
198917733,0,1 RHO mem=True nz=True ynz=True cond=True claim_agree=True upper=0.916103971598  CERT
198917733,0,1 T   mem=True nz=True ynz=True cond=True claim_agree=True upper=2755.69807941  CERT
214337608,0,1 RHO mem=True nz=True ynz=True cond=True claim_agree=True upper=0.938899454059  CERT
214337608,0,1 T   mem=True nz=True ynz=True cond=True claim_agree=True upper=2098.47182466  CERT
228929128,0,1 RHO mem=True nz=True ynz=True cond=True claim_agree=True upper=0.913547927674  CERT
228929128,0,1 T   mem=True nz=True ynz=True cond=True claim_agree=True upper=2000.07106806  CERT
248219038,0,1 RHO mem=True nz=True ynz=True cond=True claim_agree=True upper=0.865698916725  CERT
248219038,0,1 T   mem=True nz=True ynz=True cond=True claim_agree=True upper=1606.22551397  CERT
283630831,0,1 RHO mem=True nz=True ynz=True cond=True claim_agree=True upper=0.912445626671  CERT
283630831,0,1 T   mem=True nz=True ynz=True cond=True claim_agree=True upper=2915.51988279  CERT
296985579,0,1 RHO mem=True nz=True ynz=True cond=True claim_agree=True upper=0.880847379022  CERT
296985579,0,1 T   mem=True nz=True ynz=True cond=True claim_agree=True upper=2572.84568478  CERT
350463183,0,1 RHO mem=True nz=True ynz=True cond=True claim_agree=True upper=0.924076557293  CERT
350463183,0,1 T   mem=True nz=True ynz=True cond=True claim_agree=True upper=2095.55823916  CERT
383791661,0,1 RHO mem=True nz=True ynz=True cond=True claim_agree=True upper=0.938662692756  CERT
383791661,0,1 T   mem=True nz=True ynz=True cond=True claim_agree=True upper=1907.38882915  CERT
452602627,0,1 RHO mem=True nz=True ynz=True cond=True claim_agree=True upper=0.880847379022  CERT
452602627,0,1 T   mem=True nz=True ynz=True cond=True claim_agree=True upper=2315.33356686  CERT
548349630,0,1 RHO mem=True nz=True ynz=True cond=True claim_agree=True upper=0.949960410063  CERT
548349630,0,1 T   mem=True nz=True ynz=True cond=True claim_agree=True upper=2909.89182512  CERT
617160596,0,1 RHO mem=True nz=True ynz=True cond=True claim_agree=True upper=0.865698916725  CERT
617160596,0,1 T   mem=True nz=True ynz=True cond=True claim_agree=True upper=2649.54306770  CERT
650489074,0,1 RHO mem=True nz=True ynz=True cond=True claim_agree=True upper=0.916103971598  CERT
650489074,0,1 T   mem=True nz=True ynz=True cond=True claim_agree=True upper=1878.05366152  CERT
703966678,0,1 RHO mem=True nz=True ynz=True cond=True claim_agree=True upper=0.949960410063  CERT
703966678,0,1 T   mem=True nz=True ynz=True cond=True claim_agree=True upper=2133.43895519  CERT
717321426,0,1 RHO mem=True nz=True ynz=True cond=True claim_agree=True upper=0.909521857394  CERT
717321426,0,1 T   mem=True nz=True ynz=True cond=True claim_agree=True upper=2266.78775305  CERT
752733219,0,1 RHO mem=True nz=True ynz=True cond=True claim_agree=True upper=0.938662692756  CERT
752733219,0,1 T   mem=True nz=True ynz=True cond=True claim_agree=True upper=1963.21216671  CERT
772023129,0,1 RHO mem=True nz=True ynz=True cond=True claim_agree=True upper=0.899764315155  CERT
772023129,0,1 T   mem=True nz=True ynz=True cond=True claim_agree=True upper=2505.16704496  CERT
786614649,0,1 RHO mem=True nz=True ynz=True cond=True claim_agree=True upper=0.881603755835  CERT
786614649,0,1 T   mem=True nz=True ynz=True cond=True claim_agree=True upper=1747.43099249  CERT
802034524,0,1 RHO mem=True nz=True ynz=True cond=True claim_agree=True upper=0.924076557293  CERT
802034524,0,1 T   mem=True nz=True ynz=True cond=True claim_agree=True upper=2073.25078105  CERT
853778995,0,1 RHO mem=True nz=True ynz=True cond=True claim_agree=True upper=0.930779339256  CERT
853778995,0,1 T   mem=True nz=True ynz=True cond=True claim_agree=True upper=1988.36980636  CERT
875191084,0,1 RHO mem=True nz=True ynz=True cond=True claim_agree=True upper=0.938899454059  CERT
875191084,0,1 T   mem=True nz=True ynz=True cond=True claim_agree=True upper=2031.79398660  CERT
904103050,0,1 RHO mem=True nz=True ynz=True cond=True claim_agree=True upper=0.909521857394  CERT
904103050,0,1 T   mem=True nz=True ynz=True cond=True claim_agree=True upper=1625.44580351  CERT
932030879,0,1 RHO mem=True nz=True ynz=True cond=True claim_agree=True upper=0.925725001604  CERT
932030879,0,1 T   mem=True nz=True ynz=True cond=True claim_agree=True upper=2046.16112470  CERT
939346841,0,1 RHO mem=True nz=True ynz=True cond=True claim_agree=True upper=0.913547927674  CERT
939346841,0,1 T   mem=True nz=True ynz=True cond=True claim_agree=True upper=2341.79409053  CERT
961794588,0,1 RHO mem=True nz=True ynz=True cond=True claim_agree=True upper=0.925725001604  CERT
961794588,0,1 T   mem=True nz=True ynz=True cond=True claim_agree=True upper=2676.23735933  CERT
983990590,0,1 RHO mem=True nz=True ynz=True cond=True claim_agree=True upper=0.930779339256  CERT
983990590,0,1 T   mem=True nz=True ynz=True cond=True claim_agree=True upper=2564.69058378  CERT
FAMILY VERIFY n=7 l=1000952257 : EXCLUDED (components certified 32 / 32 ; lines 64 ; failed lines 0)
FAMILY VERIFY PASS
