FACTORIZATION: 32 irreducible factors of degree 2 over F_1000302529: OK (header deg/ncomp/bar_T agree)
6798914,0,1 RHO mem=True nz=True ynz=True cond=True claim_agree=True upper=0.921185418765  CERT
6798914,0,1 T   mem=True nz=True ynz=True cond=True claim_agree=True upper=2041.54250947  CERT
31007098,0,1 RHO mem=True nz=True ynz=True cond=True claim_agree=True upper=0.953278588045  CERT
31007098,0,1 T   mem=True nz=True ynz=True cond=True claim_agree=True upper=2463.37251184  CERT
58789422,0,1 RHO mem=True nz=True ynz=True cond=True claim_agree=True upper=0.956369413991  CERT
58789422,0,1 T   mem=True nz=True ynz=True cond=True claim_agree=True upper=2331.62672954  CERT
79285213,0,1 RHO mem=True nz=True ynz=True cond=True claim_agree=True upper=0.891147967366  CERT
79285213,0,1 T   mem=True nz=True ynz=True cond=True claim_agree=True upper=1990.78149837  CERT
85829688,0,1 RHO mem=True nz=True ynz=True cond=True claim_agree=True upper=0.891147967366  CERT
85829688,0,1 T   mem=True nz=True ynz=True cond=True claim_agree=True upper=2633.10305646  CERT
130991833,0,1 RHO mem=True nz=True ynz=True cond=True claim_agree=True upper=0.858248350733  CERT
130991833,0,1 T   mem=True nz=True ynz=True cond=True claim_agree=True upper=1844.84941340  CERT
159280338,0,1 RHO mem=True nz=True ynz=True cond=True claim_agree=True upper=0.957213631027  CERT
159280338,0,1 T   mem=True nz=True ynz=True cond=True claim_agree=True upper=2368.46089184  CERT
203275604,0,1 RHO mem=True nz=True ynz=True cond=True claim_agree=True upper=0.902807537867  CERT
203275604,0,1 T   mem=True nz=True ynz=True cond=True claim_agree=True upper=2153.48312370  CERT
241497173,0,1 RHO mem=True nz=True ynz=True cond=True claim_agree=True upper=0.919911599506  CERT
241497173,0,1 T   mem=True nz=True ynz=True cond=True claim_agree=True upper=1859.48712360  CERT
243760383,0,1 RHO mem=True nz=True ynz=True cond=True claim_agree=True upper=0.946918686193  CERT
243760383,0,1 T   mem=True nz=True ynz=True cond=True claim_agree=True upper=2444.50424881  CERT
268155531,0,1 RHO mem=True nz=True ynz=True cond=True claim_agree=True upper=0.968654521038  CERT
268155531,0,1 T   mem=True nz=True ynz=True cond=True claim_agree=True upper=2539.91295206  CERT
277916792,0,1 RHO mem=True nz=True ynz=True cond=True claim_agree=True upper=0.946918686193  CERT
277916792,0,1 T   mem=True nz=True ynz=True cond=True claim_agree=True upper=2411.53528010  CERT
366229800,0,1 RHO mem=True nz=True ynz=True cond=True claim_agree=True upper=0.898728041871  CERT
366229800,0,1 T   mem=True nz=True ynz=True cond=True claim_agree=True upper=2714.80256007  CERT
402485407,0,1 RHO mem=True nz=True ynz=True cond=True claim_agree=True upper=0.959837533812  CERT
402485407,0,1 T   mem=True nz=True ynz=True cond=True claim_agree=True upper=2337.20228255  CERT
402912041,0,1 RHO mem=True nz=True ynz=True cond=True claim_agree=True upper=0.934209043102  CERT
402912041,0,1 T   mem=True nz=True ynz=True cond=True claim_agree=True upper=2765.22088312  CERT
487506012,0,1 RHO mem=True nz=True ynz=True cond=True claim_agree=True upper=0.953278588045  CERT
487506012,0,1 T   mem=True nz=True ynz=True cond=True claim_agree=True upper=3137.73983455  CERT
512796517,0,1 RHO mem=True nz=True ynz=True cond=True claim_agree=True upper=0.892343721345  CERT
512796517,0,1 T   mem=True nz=True ynz=True cond=True claim_agree=True upper=2261.75165343  CERT
597390488,0,1 RHO mem=True nz=True ynz=True cond=True claim_agree=True upper=0.898728041871  CERT
597390488,0,1 T   mem=True nz=True ynz=True cond=True claim_agree=True upper=1990.08003956  CERT
597817122,0,1 RHO mem=True nz=True ynz=True cond=True claim_agree=True upper=0.957213631027  CERT
597817122,0,1 T   mem=True nz=True ynz=True cond=True claim_agree=True upper=2896.67211749  CERT
634072729,0,1 RHO mem=True nz=True ynz=True cond=True claim_agree=True upper=0.934209043102  CERT
634072729,0,1 T   mem=True nz=True ynz=True cond=True claim_agree=True upper=2368.36115972  CERT
722385737,0,1 RHO mem=True nz=True ynz=True cond=True claim_agree=True upper=0.944251961867  CERT
722385737,0,1 T   mem=True nz=True ynz=True cond=True claim_agree=True upper=2343.15308290  CERT
732146998,0,1 RHO mem=True nz=True ynz=True cond=True claim_agree=True upper=0.921185418765  CERT
732146998,0,1 T   mem=True nz=True ynz=True cond=True claim_agree=True upper=2619.07795291  CERT
756542146,0,1 RHO mem=True nz=True ynz=True cond=True claim_agree=True upper=0.944251961867  CERT
756542146,0,1 T   mem=True nz=True ynz=True cond=True claim_agree=True upper=2252.93332798  CERT
758805356,0,1 RHO mem=True nz=True ynz=True cond=True claim_agree=True upper=0.858248350733  CERT
758805356,0,1 T   mem=True nz=True ynz=True cond=True claim_agree=True upper=1343.95703993  CERT
797026925,0,1 RHO mem=True nz=True ynz=True cond=True claim_agree=True upper=0.956369413991  CERT
797026925,0,1 T   mem=True nz=True ynz=True cond=True claim_agree=True upper=2447.70170087  CERT
841022191,0,1 RHO mem=True nz=True ynz=True cond=True claim_agree=True upper=0.959837533812  CERT
841022191,0,1 T   mem=True nz=True ynz=True cond=True claim_agree=True upper=2387.85605254  CERT
869310696,0,1 RHO mem=True nz=True ynz=True cond=True claim_agree=True upper=0.919911599506  CERT
869310696,0,1 T   mem=True nz=True ynz=True cond=True claim_agree=True upper=2667.02354549  CERT
914472841,0,1 RHO mem=True nz=True ynz=True cond=True claim_agree=True upper=0.954667267449  CERT
914472841,0,1 T   mem=True nz=True ynz=True cond=True claim_agree=True upper=2804.91936760  CERT
921017316,0,1 RHO mem=True nz=True ynz=True cond=True claim_agree=True upper=0.954667267449  CERT
921017316,0,1 T   mem=True nz=True ynz=True cond=True claim_agree=True upper=2389.19447645  CERT
941513107,0,1 RHO mem=True nz=True ynz=True cond=True claim_agree=True upper=0.902807537867  CERT
941513107,0,1 T   mem=True nz=True ynz=True cond=True claim_agree=True upper=2465.37520816  CERT
969295431,0,1 RHO mem=True nz=True ynz=True cond=True claim_agree=True upper=0.892343721345  CERT
969295431,0,1 T   mem=True nz=True ynz=True cond=True claim_agree=True upper=1841.57666223  CERT
993503615,0,1 RHO mem=True nz=True ynz=True cond=True claim_agree=True upper=0.968654521038  CERT
993503615,0,1 T   mem=True nz=True ynz=True cond=True claim_agree=True upper=2803.33433268  CERT
FAMILY VERIFY n=7 l=1000302529 : EXCLUDED (components certified 32 / 32 ; lines 64 ; failed lines 0)
FAMILY VERIFY PASS
