FACTORIZATION: 32 irreducible factors of degree 2 over F_1001214017: OK (header deg/ncomp/bar_T agree)
20447719,0,1 RHO mem=True nz=True ynz=True cond=True claim_agree=True upper=0.940932301037  CERT
20447719,0,1 T   mem=True nz=True ynz=True cond=True claim_agree=True upper=1783.83354120  CERT
45639663,0,1 RHO mem=True nz=True ynz=True cond=True claim_agree=True upper=0.928039440119  CERT
45639663,0,1 T   mem=True nz=True ynz=True cond=True claim_agree=True upper=2426.34853807  CERT
48271293,0,1 RHO mem=True nz=True ynz=True cond=True claim_agree=True upper=0.958760458801  CERT
48271293,0,1 T   mem=True nz=True ynz=True cond=True claim_agree=True upper=3199.03823530  CERT
137610754,0,1 RHO mem=True nz=True ynz=True cond=True claim_agree=True upper=0.968325463996  CERT
137610754,0,1 T   mem=True nz=True ynz=True cond=True claim_agree=True upper=2814.02611959  CERT
198681522,0,1 RHO mem=True nz=True ynz=True cond=True claim_agree=True upper=0.977125972604  CERT
198681522,0,1 T   mem=True nz=True ynz=True cond=True claim_agree=True upper=3177.08732338  CERT
203526515,0,1 RHO mem=True nz=True ynz=True cond=True claim_agree=True upper=0.983900898401  CERT
203526515,0,1 T   mem=True nz=True ynz=True cond=True claim_agree=True upper=2728.91018267  CERT
271348837,0,1 RHO mem=True nz=True ynz=True cond=True claim_agree=True upper=0.968325463996  CERT
271348837,0,1 T   mem=True nz=True ynz=True cond=True claim_agree=True upper=2960.63589071  CERT
289593050,0,1 RHO mem=True nz=True ynz=True cond=True claim_agree=True upper=0.983900898401  CERT
289593050,0,1 T   mem=True nz=True ynz=True cond=True claim_agree=True upper=2501.20108844  CERT
330312672,0,1 RHO mem=True nz=True ynz=True cond=True claim_agree=True upper=0.940932301037  CERT
330312672,0,1 T   mem=True nz=True ynz=True cond=True claim_agree=True upper=2311.96070169  CERT
354867103,0,1 RHO mem=True nz=True ynz=True cond=True claim_agree=True upper=0.977125972604  CERT
354867103,0,1 T   mem=True nz=True ynz=True cond=True claim_agree=True upper=2571.10280746  CERT
358610548,0,1 RHO mem=True nz=True ynz=True cond=True claim_agree=True upper=0.928039440119  CERT
358610548,0,1 T   mem=True nz=True ynz=True cond=True claim_agree=True upper=2027.80949305  CERT
362654368,0,1 RHO mem=True nz=True ynz=True cond=True claim_agree=True upper=0.889546497454  CERT
362654368,0,1 T   mem=True nz=True ynz=True cond=True claim_agree=True upper=1712.61118366  CERT
403449631,0,1 RHO mem=True nz=True ynz=True cond=True claim_agree=True upper=0.976230098059  CERT
403449631,0,1 T   mem=True nz=True ynz=True cond=True claim_agree=True upper=2631.56368143  CERT
433750475,0,1 RHO mem=True nz=True ynz=True cond=True claim_agree=True upper=0.933606731384  CERT
433750475,0,1 T   mem=True nz=True ynz=True cond=True claim_agree=True upper=2209.53256532  CERT
451348659,0,1 RHO mem=True nz=True ynz=True cond=True claim_agree=True upper=0.954707690170  CERT
451348659,0,1 T   mem=True nz=True ynz=True cond=True claim_agree=True upper=2747.22038337  CERT
455706542,0,1 RHO mem=True nz=True ynz=True cond=True claim_agree=True upper=0.981080825290  CERT
455706542,0,1 T   mem=True nz=True ynz=True cond=True claim_agree=True upper=2829.66566687  CERT
545507475,0,1 RHO mem=True nz=True ynz=True cond=True claim_agree=True upper=0.955249814684  CERT
545507475,0,1 T   mem=True nz=True ynz=True cond=True claim_agree=True upper=2409.85041919  CERT
549865358,0,1 RHO mem=True nz=True ynz=True cond=True claim_agree=True upper=0.889546497454  CERT
549865358,0,1 T   mem=True nz=True ynz=True cond=True claim_agree=True upper=1948.17040425  CERT
567463542,0,1 RHO mem=True nz=True ynz=True cond=True claim_agree=True upper=0.976230098059  CERT
567463542,0,1 T   mem=True nz=True ynz=True cond=True claim_agree=True upper=2391.03145810  CERT
597764386,0,1 RHO mem=True nz=True ynz=True cond=True claim_agree=True upper=0.933606731384  CERT
597764386,0,1 T   mem=True nz=True ynz=True cond=True claim_agree=True upper=2157.53711493  CERT
638559649,0,1 RHO mem=True nz=True ynz=True cond=True claim_agree=True upper=0.954707690170  CERT
638559649,0,1 T   mem=True nz=True ynz=True cond=True claim_agree=True upper=2405.08100571  CERT
642603469,0,1 RHO mem=True nz=True ynz=True cond=True claim_agree=True upper=0.964364287448  CERT
642603469,0,1 T   mem=True nz=True ynz=True cond=True claim_agree=True upper=2208.58433672  CERT
646346914,0,1 RHO mem=True nz=True ynz=True cond=True claim_agree=True upper=0.949907553005  CERT
646346914,0,1 T   mem=True nz=True ynz=True cond=True claim_agree=True upper=2052.32908484  CERT
670901345,0,1 RHO mem=True nz=True ynz=True cond=True claim_agree=True upper=0.934325328410  CERT
670901345,0,1 T   mem=True nz=True ynz=True cond=True claim_agree=True upper=2692.15518135  CERT
711620967,0,1 RHO mem=True nz=True ynz=True cond=True claim_agree=True upper=0.932918312293  CERT
711620967,0,1 T   mem=True nz=True ynz=True cond=True claim_agree=True upper=2101.12763804  CERT
729865180,0,1 RHO mem=True nz=True ynz=True cond=True claim_agree=True upper=0.946864870559  CERT
729865180,0,1 T   mem=True nz=True ynz=True cond=True claim_agree=True upper=2046.02111966  CERT
797687502,0,1 RHO mem=True nz=True ynz=True cond=True claim_agree=True upper=0.932918312293  CERT
797687502,0,1 T   mem=True nz=True ynz=True cond=True claim_agree=True upper=2712.24596759  CERT
802532495,0,1 RHO mem=True nz=True ynz=True cond=True claim_agree=True upper=0.949907553005  CERT
802532495,0,1 T   mem=True nz=True ynz=True cond=True claim_agree=True upper=2023.58083569  CERT
863603263,0,1 RHO mem=True nz=True ynz=True cond=True claim_agree=True upper=0.946864870559  CERT
863603263,0,1 T   mem=True nz=True ynz=True cond=True claim_agree=True upper=2787.02377312  CERT
952942724,0,1 RHO mem=True nz=True ynz=True cond=True claim_agree=True upper=0.981080825290  CERT
952942724,0,1 T   mem=True nz=True ynz=True cond=True claim_agree=True upper=2263.40433365  CERT
955574354,0,1 RHO mem=True nz=True ynz=True cond=True claim_agree=True upper=0.964364287448  CERT
955574354,0,1 T   mem=True nz=True ynz=True cond=True claim_agree=True upper=2595.02937714  CERT
980766298,0,1 RHO mem=True nz=True ynz=True cond=True claim_agree=True upper=0.934325328410  CERT
980766298,0,1 T   mem=True nz=True ynz=True cond=True claim_agree=True upper=1654.25189159  CERT
FAMILY VERIFY n=7 l=1001214017 : EXCLUDED (components certified 32 / 32 ; lines 64 ; failed lines 0)
FAMILY VERIFY PASS
