FACTORIZATION: 32 irreducible factors of degree 2 over F_1000682561: OK (header deg/ncomp/bar_T agree)
17524450,0,1 RHO mem=True nz=True ynz=True cond=True claim_agree=True upper=0.907266182082  CERT
17524450,0,1 T   mem=True nz=True ynz=True cond=True claim_agree=True upper=2583.86078496  CERT
28057633,0,1 RHO mem=True nz=True ynz=True cond=True claim_agree=True upper=0.903351223641  CERT
28057633,0,1 T   mem=True nz=True ynz=True cond=True claim_agree=True upper=2336.42150510  CERT
80750801,0,1 RHO mem=True nz=True ynz=True cond=True claim_agree=True upper=0.884974807616  CERT
80750801,0,1 T   mem=True nz=True ynz=True cond=True claim_agree=True upper=2454.18830363  CERT
85211829,0,1 RHO mem=True nz=True ynz=True cond=True claim_agree=True upper=0.903578917657  CERT
85211829,0,1 T   mem=True nz=True ynz=True cond=True claim_agree=True upper=2170.71133894  CERT
135981436,0,1 RHO mem=True nz=True ynz=True cond=True claim_agree=True upper=0.884503064627  CERT
135981436,0,1 T   mem=True nz=True ynz=True cond=True claim_agree=True upper=2208.52642501  CERT
146513033,0,1 RHO mem=True nz=True ynz=True cond=True claim_agree=True upper=0.907266182082  CERT
146513033,0,1 T   mem=True nz=True ynz=True cond=True claim_agree=True upper=1949.86646196  CERT
195470391,0,1 RHO mem=True nz=True ynz=True cond=True claim_agree=True upper=0.884421536529  CERT
195470391,0,1 T   mem=True nz=True ynz=True cond=True claim_agree=True upper=1967.60828495  CERT
207883320,0,1 RHO mem=True nz=True ynz=True cond=True claim_agree=True upper=0.879985419206  CERT
207883320,0,1 T   mem=True nz=True ynz=True cond=True claim_agree=True upper=2457.26769817  CERT
317475760,0,1 RHO mem=True nz=True ynz=True cond=True claim_agree=True upper=0.905264947718  CERT
317475760,0,1 T   mem=True nz=True ynz=True cond=True claim_agree=True upper=2451.58978964  CERT
335127117,0,1 RHO mem=True nz=True ynz=True cond=True claim_agree=True upper=0.903351223641  CERT
335127117,0,1 T   mem=True nz=True ynz=True cond=True claim_agree=True upper=2436.86264267  CERT
372640904,0,1 RHO mem=True nz=True ynz=True cond=True claim_agree=True upper=0.901827414167  CERT
372640904,0,1 T   mem=True nz=True ynz=True cond=True claim_agree=True upper=2159.51665941  CERT
381430183,0,1 RHO mem=True nz=True ynz=True cond=True claim_agree=True upper=0.905264947718  CERT
381430183,0,1 T   mem=True nz=True ynz=True cond=True claim_agree=True upper=2298.10794013  CERT
381911238,0,1 RHO mem=True nz=True ynz=True cond=True claim_agree=True upper=0.876438968543  CERT
381911238,0,1 T   mem=True nz=True ynz=True cond=True claim_agree=True upper=1453.39549924  CERT
414479904,0,1 RHO mem=True nz=True ynz=True cond=True claim_agree=True upper=0.901827414167  CERT
414479904,0,1 T   mem=True nz=True ynz=True cond=True claim_agree=True upper=2111.99993568  CERT
428970951,0,1 RHO mem=True nz=True ynz=True cond=True claim_agree=True upper=0.879985419206  CERT
428970951,0,1 T   mem=True nz=True ynz=True cond=True claim_agree=True upper=2059.39530037  CERT
491867087,0,1 RHO mem=True nz=True ynz=True cond=True claim_agree=True upper=0.884503064627  CERT
491867087,0,1 T   mem=True nz=True ynz=True cond=True claim_agree=True upper=1593.15506803  CERT
508815474,0,1 RHO mem=True nz=True ynz=True cond=True claim_agree=True upper=0.898184657514  CERT
508815474,0,1 T   mem=True nz=True ynz=True cond=True claim_agree=True upper=2408.18281366  CERT
571711610,0,1 RHO mem=True nz=True ynz=True cond=True claim_agree=True upper=0.907669954598  CERT
571711610,0,1 T   mem=True nz=True ynz=True cond=True claim_agree=True upper=2012.62512844  CERT
586202657,0,1 RHO mem=True nz=True ynz=True cond=True claim_agree=True upper=0.860685935363  CERT
586202657,0,1 T   mem=True nz=True ynz=True cond=True claim_agree=True upper=1326.36806393  CERT
618771323,0,1 RHO mem=True nz=True ynz=True cond=True claim_agree=True upper=0.884421536529  CERT
618771323,0,1 T   mem=True nz=True ynz=True cond=True claim_agree=True upper=2013.29474334  CERT
619252378,0,1 RHO mem=True nz=True ynz=True cond=True claim_agree=True upper=0.870334555178  CERT
619252378,0,1 T   mem=True nz=True ynz=True cond=True claim_agree=True upper=2746.26375830  CERT
628041657,0,1 RHO mem=True nz=True ynz=True cond=True claim_agree=True upper=0.860685935363  CERT
628041657,0,1 T   mem=True nz=True ynz=True cond=True claim_agree=True upper=1951.93438933  CERT
665555444,0,1 RHO mem=True nz=True ynz=True cond=True claim_agree=True upper=0.858229451392  CERT
665555444,0,1 T   mem=True nz=True ynz=True cond=True claim_agree=True upper=1806.94581490  CERT
683206801,0,1 RHO mem=True nz=True ynz=True cond=True claim_agree=True upper=0.870334555178  CERT
683206801,0,1 T   mem=True nz=True ynz=True cond=True claim_agree=True upper=2360.44079812  CERT
792799241,0,1 RHO mem=True nz=True ynz=True cond=True claim_agree=True upper=0.907669954598  CERT
792799241,0,1 T   mem=True nz=True ynz=True cond=True claim_agree=True upper=2446.00285518  CERT
805212170,0,1 RHO mem=True nz=True ynz=True cond=True claim_agree=True upper=0.876438968543  CERT
805212170,0,1 T   mem=True nz=True ynz=True cond=True claim_agree=True upper=1946.06001725  CERT
854169528,0,1 RHO mem=True nz=True ynz=True cond=True claim_agree=True upper=0.879234898689  CERT
854169528,0,1 T   mem=True nz=True ynz=True cond=True claim_agree=True upper=2203.68082440  CERT
864701125,0,1 RHO mem=True nz=True ynz=True cond=True claim_agree=True upper=0.898184657514  CERT
864701125,0,1 T   mem=True nz=True ynz=True cond=True claim_agree=True upper=1936.19053600  CERT
915470732,0,1 RHO mem=True nz=True ynz=True cond=True claim_agree=True upper=0.884974807616  CERT
915470732,0,1 T   mem=True nz=True ynz=True cond=True claim_agree=True upper=2218.42454322  CERT
919931760,0,1 RHO mem=True nz=True ynz=True cond=True claim_agree=True upper=0.903578917657  CERT
919931760,0,1 T   mem=True nz=True ynz=True cond=True claim_agree=True upper=2064.68121407  CERT
972624928,0,1 RHO mem=True nz=True ynz=True cond=True claim_agree=True upper=0.858229451392  CERT
972624928,0,1 T   mem=True nz=True ynz=True cond=True claim_agree=True upper=1689.85351819  CERT
983158111,0,1 RHO mem=True nz=True ynz=True cond=True claim_agree=True upper=0.879234898689  CERT
983158111,0,1 T   mem=True nz=True ynz=True cond=True claim_agree=True upper=2206.50366567  CERT
FAMILY VERIFY n=7 l=1000682561 : EXCLUDED (components certified 32 / 32 ; lines 64 ; failed lines 0)
FAMILY VERIFY PASS
