FACTORIZATION: 32 irreducible factors of degree 2 over F_1000271297: OK (header deg/ncomp/bar_T agree)
13011369,0,1 RHO mem=True nz=True ynz=True cond=True claim_agree=True upper=0.901329163665  CERT
13011369,0,1 T   mem=True nz=True ynz=True cond=True claim_agree=True upper=1826.67715656  CERT
84015107,0,1 RHO mem=True nz=True ynz=True cond=True claim_agree=True upper=0.920471122446  CERT
84015107,0,1 T   mem=True nz=True ynz=True cond=True claim_agree=True upper=2176.06093811  CERT
104708293,0,1 RHO mem=True nz=True ynz=True cond=True claim_agree=True upper=0.879871394490  CERT
104708293,0,1 T   mem=True nz=True ynz=True cond=True claim_agree=True upper=2273.17689657  CERT
110966484,0,1 RHO mem=True nz=True ynz=True cond=True claim_agree=True upper=0.853229093217  CERT
110966484,0,1 T   mem=True nz=True ynz=True cond=True claim_agree=True upper=1797.09713423  CERT
126254939,0,1 RHO mem=True nz=True ynz=True cond=True claim_agree=True upper=0.910865997123  CERT
126254939,0,1 T   mem=True nz=True ynz=True cond=True claim_agree=True upper=2491.77351473  CERT
132794010,0,1 RHO mem=True nz=True ynz=True cond=True claim_agree=True upper=0.920471122446  CERT
132794010,0,1 T   mem=True nz=True ynz=True cond=True claim_agree=True upper=1936.72044944  CERT
151685547,0,1 RHO mem=True nz=True ynz=True cond=True claim_agree=True upper=0.927631985952  CERT
151685547,0,1 T   mem=True nz=True ynz=True cond=True claim_agree=True upper=2098.05354833  CERT
153846639,0,1 RHO mem=True nz=True ynz=True cond=True claim_agree=True upper=0.895212817561  CERT
153846639,0,1 T   mem=True nz=True ynz=True cond=True claim_agree=True upper=1709.02423241  CERT
156941013,0,1 RHO mem=True nz=True ynz=True cond=True claim_agree=True upper=0.907257171877  CERT
156941013,0,1 T   mem=True nz=True ynz=True cond=True claim_agree=True upper=1884.79909381  CERT
162836301,0,1 RHO mem=True nz=True ynz=True cond=True claim_agree=True upper=0.907457037464  CERT
162836301,0,1 T   mem=True nz=True ynz=True cond=True claim_agree=True upper=2827.44606661  CERT
262019458,0,1 RHO mem=True nz=True ynz=True cond=True claim_agree=True upper=0.879871394490  CERT
262019458,0,1 T   mem=True nz=True ynz=True cond=True claim_agree=True upper=1912.89103583  CERT
265153859,0,1 RHO mem=True nz=True ynz=True cond=True claim_agree=True upper=0.863651063253  CERT
265153859,0,1 T   mem=True nz=True ynz=True cond=True claim_agree=True upper=1417.50396750  CERT
371355448,0,1 RHO mem=True nz=True ynz=True cond=True claim_agree=True upper=0.910865997123  CERT
371355448,0,1 T   mem=True nz=True ynz=True cond=True claim_agree=True upper=2532.45069890  CERT
400521750,0,1 RHO mem=True nz=True ynz=True cond=True claim_agree=True upper=0.865166933795  CERT
400521750,0,1 T   mem=True nz=True ynz=True cond=True claim_agree=True upper=1625.07748792  CERT
401845056,0,1 RHO mem=True nz=True ynz=True cond=True claim_agree=True upper=0.907457037464  CERT
401845056,0,1 T   mem=True nz=True ynz=True cond=True claim_agree=True upper=1855.07518089  CERT
448583623,0,1 RHO mem=True nz=True ynz=True cond=True claim_agree=True upper=0.905160718469  CERT
448583623,0,1 T   mem=True nz=True ynz=True cond=True claim_agree=True upper=2399.98880501  CERT
551687674,0,1 RHO mem=True nz=True ynz=True cond=True claim_agree=True upper=0.901329163665  CERT
551687674,0,1 T   mem=True nz=True ynz=True cond=True claim_agree=True upper=1475.59001787  CERT
598426241,0,1 RHO mem=True nz=True ynz=True cond=True claim_agree=True upper=0.821710332122  CERT
598426241,0,1 T   mem=True nz=True ynz=True cond=True claim_agree=True upper=1653.57358878  CERT
599749547,0,1 RHO mem=True nz=True ynz=True cond=True claim_agree=True upper=0.927631985952  CERT
599749547,0,1 T   mem=True nz=True ynz=True cond=True claim_agree=True upper=1960.49246369  CERT
628915849,0,1 RHO mem=True nz=True ynz=True cond=True claim_agree=True upper=0.883514972847  CERT
628915849,0,1 T   mem=True nz=True ynz=True cond=True claim_agree=True upper=1933.24894361  CERT
735117438,0,1 RHO mem=True nz=True ynz=True cond=True claim_agree=True upper=0.895212817561  CERT
735117438,0,1 T   mem=True nz=True ynz=True cond=True claim_agree=True upper=2294.87655629  CERT
738251839,0,1 RHO mem=True nz=True ynz=True cond=True claim_agree=True upper=0.892221356961  CERT
738251839,0,1 T   mem=True nz=True ynz=True cond=True claim_agree=True upper=2124.13251500  CERT
837434996,0,1 RHO mem=True nz=True ynz=True cond=True claim_agree=True upper=0.821710332122  CERT
837434996,0,1 T   mem=True nz=True ynz=True cond=True claim_agree=True upper=1367.17196085  CERT
843330284,0,1 RHO mem=True nz=True ynz=True cond=True claim_agree=True upper=0.853229093217  CERT
843330284,0,1 T   mem=True nz=True ynz=True cond=True claim_agree=True upper=1625.80571449  CERT
846424658,0,1 RHO mem=True nz=True ynz=True cond=True claim_agree=True upper=0.863651063253  CERT
846424658,0,1 T   mem=True nz=True ynz=True cond=True claim_agree=True upper=1665.25212931  CERT
848585750,0,1 RHO mem=True nz=True ynz=True cond=True claim_agree=True upper=0.865166933795  CERT
848585750,0,1 T   mem=True nz=True ynz=True cond=True claim_agree=True upper=1655.12675705  CERT
867477287,0,1 RHO mem=True nz=True ynz=True cond=True claim_agree=True upper=0.870142158687  CERT
867477287,0,1 T   mem=True nz=True ynz=True cond=True claim_agree=True upper=1541.70380982  CERT
874016358,0,1 RHO mem=True nz=True ynz=True cond=True claim_agree=True upper=0.883514972847  CERT
874016358,0,1 T   mem=True nz=True ynz=True cond=True claim_agree=True upper=1743.07155498  CERT
889304813,0,1 RHO mem=True nz=True ynz=True cond=True claim_agree=True upper=0.907257171877  CERT
889304813,0,1 T   mem=True nz=True ynz=True cond=True claim_agree=True upper=1832.74283739  CERT
895563004,0,1 RHO mem=True nz=True ynz=True cond=True claim_agree=True upper=0.892221356961  CERT
895563004,0,1 T   mem=True nz=True ynz=True cond=True claim_agree=True upper=1900.14525344  CERT
916256190,0,1 RHO mem=True nz=True ynz=True cond=True claim_agree=True upper=0.870142158687  CERT
916256190,0,1 T   mem=True nz=True ynz=True cond=True claim_agree=True upper=1662.95204152  CERT
987259928,0,1 RHO mem=True nz=True ynz=True cond=True claim_agree=True upper=0.905160718469  CERT
987259928,0,1 T   mem=True nz=True ynz=True cond=True claim_agree=True upper=2149.51986516  CERT
FAMILY VERIFY n=7 l=1000271297 : EXCLUDED (components certified 32 / 32 ; lines 64 ; failed lines 0)
FAMILY VERIFY PASS
