FACTORIZATION: 32 irreducible factors of degree 2 over F_1000850369: OK (header deg/ncomp/bar_T agree)
22383134,0,1 RHO mem=True nz=True ynz=True cond=True claim_agree=True upper=0.981398415091  CERT
22383134,0,1 T   mem=True nz=True ynz=True cond=True claim_agree=True upper=2962.71911819  CERT
47406802,0,1 RHO mem=True nz=True ynz=True cond=True claim_agree=True upper=0.989554222607  CERT
47406802,0,1 T   mem=True nz=True ynz=True cond=True claim_agree=True upper=2607.68917193  CERT
66545618,0,1 RHO mem=True nz=True ynz=True cond=True claim_agree=True upper=0.978257640537  CERT
66545618,0,1 T   mem=True nz=True ynz=True cond=True claim_agree=True upper=2890.93552602  CERT
162035228,0,1 RHO mem=True nz=True ynz=True cond=True claim_agree=True upper=0.969780429187  CERT
162035228,0,1 T   mem=True nz=True ynz=True cond=True claim_agree=True upper=2422.21396866  CERT
169449620,0,1 RHO mem=True nz=True ynz=True cond=True claim_agree=True upper=0.981398415091  CERT
169449620,0,1 T   mem=True nz=True ynz=True cond=True claim_agree=True upper=2690.96906882  CERT
181445729,0,1 RHO mem=True nz=True ynz=True cond=True claim_agree=True upper=0.952431506871  CERT
181445729,0,1 T   mem=True nz=True ynz=True cond=True claim_agree=True upper=2475.09945007  CERT
238758423,0,1 RHO mem=True nz=True ynz=True cond=True claim_agree=True upper=0.955142856099  CERT
238758423,0,1 T   mem=True nz=True ynz=True cond=True claim_agree=True upper=2558.81009725  CERT
274269509,0,1 RHO mem=True nz=True ynz=True cond=True claim_agree=True upper=0.989554222607  CERT
274269509,0,1 T   mem=True nz=True ynz=True cond=True claim_agree=True upper=2349.88522562  CERT
284832205,0,1 RHO mem=True nz=True ynz=True cond=True claim_agree=True upper=0.952431506871  CERT
284832205,0,1 T   mem=True nz=True ynz=True cond=True claim_agree=True upper=2691.41909879  CERT
288078037,0,1 RHO mem=True nz=True ynz=True cond=True claim_agree=True upper=0.963643175135  CERT
288078037,0,1 T   mem=True nz=True ynz=True cond=True claim_agree=True upper=2175.22620049  CERT
340996929,0,1 RHO mem=True nz=True ynz=True cond=True claim_agree=True upper=0.959623849540  CERT
340996929,0,1 T   mem=True nz=True ynz=True cond=True claim_agree=True upper=2400.07220407  CERT
395380553,0,1 RHO mem=True nz=True ynz=True cond=True claim_agree=True upper=0.947049824207  CERT
395380553,0,1 T   mem=True nz=True ynz=True cond=True claim_agree=True upper=2723.71402363  CERT
452073785,0,1 RHO mem=True nz=True ynz=True cond=True claim_agree=True upper=0.999059558520  CERT
452073785,0,1 T   mem=True nz=True ynz=True cond=True claim_agree=True upper=2748.76105552  CERT
458813644,0,1 RHO mem=True nz=True ynz=True cond=True claim_agree=True upper=0.908537193072  CERT
458813644,0,1 T   mem=True nz=True ynz=True cond=True claim_agree=True upper=2289.12142375  CERT
466084326,0,1 RHO mem=True nz=True ynz=True cond=True claim_agree=True upper=0.984506871699  CERT
466084326,0,1 T   mem=True nz=True ynz=True cond=True claim_agree=True upper=2672.06747281  CERT
495952575,0,1 RHO mem=True nz=True ynz=True cond=True claim_agree=True upper=0.984506871699  CERT
495952575,0,1 T   mem=True nz=True ynz=True cond=True claim_agree=True upper=2623.66401285  CERT
504897794,0,1 RHO mem=True nz=True ynz=True cond=True claim_agree=True upper=0.937224731991  CERT
504897794,0,1 T   mem=True nz=True ynz=True cond=True claim_agree=True upper=2278.91047948  CERT
534766043,0,1 RHO mem=True nz=True ynz=True cond=True claim_agree=True upper=0.937224731991  CERT
534766043,0,1 T   mem=True nz=True ynz=True cond=True claim_agree=True upper=2750.63666440  CERT
542036725,0,1 RHO mem=True nz=True ynz=True cond=True claim_agree=True upper=0.999059558520  CERT
542036725,0,1 T   mem=True nz=True ynz=True cond=True claim_agree=True upper=2633.27949358  CERT
548776584,0,1 RHO mem=True nz=True ynz=True cond=True claim_agree=True upper=0.908537193072  CERT
548776584,0,1 T   mem=True nz=True ynz=True cond=True claim_agree=True upper=2033.79130353  CERT
605469816,0,1 RHO mem=True nz=True ynz=True cond=True claim_agree=True upper=0.959623849540  CERT
605469816,0,1 T   mem=True nz=True ynz=True cond=True claim_agree=True upper=2814.24435106  CERT
659853440,0,1 RHO mem=True nz=True ynz=True cond=True claim_agree=True upper=0.947049824207  CERT
659853440,0,1 T   mem=True nz=True ynz=True cond=True claim_agree=True upper=1919.40753873  CERT
712772332,0,1 RHO mem=True nz=True ynz=True cond=True claim_agree=True upper=0.978257640537  CERT
712772332,0,1 T   mem=True nz=True ynz=True cond=True claim_agree=True upper=2617.33764545  CERT
716018164,0,1 RHO mem=True nz=True ynz=True cond=True claim_agree=True upper=0.992678055572  CERT
716018164,0,1 T   mem=True nz=True ynz=True cond=True claim_agree=True upper=2495.17071269  CERT
726580860,0,1 RHO mem=True nz=True ynz=True cond=True claim_agree=True upper=0.950589349059  CERT
726580860,0,1 T   mem=True nz=True ynz=True cond=True claim_agree=True upper=3156.98097723  CERT
762091946,0,1 RHO mem=True nz=True ynz=True cond=True claim_agree=True upper=0.969780429187  CERT
762091946,0,1 T   mem=True nz=True ynz=True cond=True claim_agree=True upper=2595.76486080  CERT
819404640,0,1 RHO mem=True nz=True ynz=True cond=True claim_agree=True upper=0.992678055572  CERT
819404640,0,1 T   mem=True nz=True ynz=True cond=True claim_agree=True upper=3357.54690915  CERT
831400749,0,1 RHO mem=True nz=True ynz=True cond=True claim_agree=True upper=0.940049987762  CERT
831400749,0,1 T   mem=True nz=True ynz=True cond=True claim_agree=True upper=2432.29185009  CERT
838815141,0,1 RHO mem=True nz=True ynz=True cond=True claim_agree=True upper=0.955142856099  CERT
838815141,0,1 T   mem=True nz=True ynz=True cond=True claim_agree=True upper=2608.64470558  CERT
934304751,0,1 RHO mem=True nz=True ynz=True cond=True claim_agree=True upper=0.963643175135  CERT
934304751,0,1 T   mem=True nz=True ynz=True cond=True claim_agree=True upper=2392.76671358  CERT
953443567,0,1 RHO mem=True nz=True ynz=True cond=True claim_agree=True upper=0.950589349059  CERT
953443567,0,1 T   mem=True nz=True ynz=True cond=True claim_agree=True upper=1806.56768069  CERT
978467235,0,1 RHO mem=True nz=True ynz=True cond=True claim_agree=True upper=0.940049987762  CERT
978467235,0,1 T   mem=True nz=True ynz=True cond=True claim_agree=True upper=2165.13476301  CERT
FAMILY VERIFY n=7 l=1000850369 : EXCLUDED (components certified 32 / 32 ; lines 64 ; failed lines 0)
FAMILY VERIFY PASS
