FACTORIZATION: 32 irreducible factors of degree 2 over F_1000372033: OK (header deg/ncomp/bar_T agree)
2799810,0,1 RHO mem=True nz=True ynz=True cond=True claim_agree=True upper=0.885389799247  CERT
2799810,0,1 T   mem=True nz=True ynz=True cond=True claim_agree=True upper=2061.18456751  CERT
40956045,0,1 RHO mem=True nz=True ynz=True cond=True claim_agree=True upper=0.896589235608  CERT
40956045,0,1 T   mem=True nz=True ynz=True cond=True claim_agree=True upper=2668.72398722  CERT
83156164,0,1 RHO mem=True nz=True ynz=True cond=True claim_agree=True upper=0.932931762547  CERT
83156164,0,1 T   mem=True nz=True ynz=True cond=True claim_agree=True upper=2459.97129867  CERT
96711193,0,1 RHO mem=True nz=True ynz=True cond=True claim_agree=True upper=0.890960658619  CERT
96711193,0,1 T   mem=True nz=True ynz=True cond=True claim_agree=True upper=1976.23435310  CERT
141448339,0,1 RHO mem=True nz=True ynz=True cond=True claim_agree=True upper=0.892927012783  CERT
141448339,0,1 T   mem=True nz=True ynz=True cond=True claim_agree=True upper=2010.25012383  CERT
150262064,0,1 RHO mem=True nz=True ynz=True cond=True claim_agree=True upper=0.892927012783  CERT
150262064,0,1 T   mem=True nz=True ynz=True cond=True claim_agree=True upper=2475.93462949  CERT
158295022,0,1 RHO mem=True nz=True ynz=True cond=True claim_agree=True upper=0.863191878274  CERT
158295022,0,1 T   mem=True nz=True ynz=True cond=True claim_agree=True upper=2798.69393140  CERT
226334168,0,1 RHO mem=True nz=True ynz=True cond=True claim_agree=True upper=0.914570718356  CERT
226334168,0,1 T   mem=True nz=True ynz=True cond=True claim_agree=True upper=2433.98771583  CERT
242273653,0,1 RHO mem=True nz=True ynz=True cond=True claim_agree=True upper=0.930115179466  CERT
242273653,0,1 T   mem=True nz=True ynz=True cond=True claim_agree=True upper=2083.91500267  CERT
250997871,0,1 RHO mem=True nz=True ynz=True cond=True claim_agree=True upper=0.862403161721  CERT
250997871,0,1 T   mem=True nz=True ynz=True cond=True claim_agree=True upper=2756.33719230  CERT
354293465,0,1 RHO mem=True nz=True ynz=True cond=True claim_agree=True upper=0.890245031473  CERT
354293465,0,1 T   mem=True nz=True ynz=True cond=True claim_agree=True upper=2674.65196222  CERT
372647824,0,1 RHO mem=True nz=True ynz=True cond=True claim_agree=True upper=0.966227185775  CERT
372647824,0,1 T   mem=True nz=True ynz=True cond=True claim_agree=True upper=2708.79416092  CERT
389553077,0,1 RHO mem=True nz=True ynz=True cond=True claim_agree=True upper=0.891191716299  CERT
389553077,0,1 T   mem=True nz=True ynz=True cond=True claim_agree=True upper=2533.59129683  CERT
405723072,0,1 RHO mem=True nz=True ynz=True cond=True claim_agree=True upper=0.930115179466  CERT
405723072,0,1 T   mem=True nz=True ynz=True cond=True claim_agree=True upper=2528.71969451  CERT
455715637,0,1 RHO mem=True nz=True ynz=True cond=True claim_agree=True upper=0.934500396589  CERT
455715637,0,1 T   mem=True nz=True ynz=True cond=True claim_agree=True upper=1888.53643384  CERT
466129994,0,1 RHO mem=True nz=True ynz=True cond=True claim_agree=True upper=0.864451812911  CERT
466129994,0,1 T   mem=True nz=True ynz=True cond=True claim_agree=True upper=2403.66497179  CERT
534242039,0,1 RHO mem=True nz=True ynz=True cond=True claim_agree=True upper=0.966227185775  CERT
534242039,0,1 T   mem=True nz=True ynz=True cond=True claim_agree=True upper=2262.58269901  CERT
544656396,0,1 RHO mem=True nz=True ynz=True cond=True claim_agree=True upper=0.862403161721  CERT
544656396,0,1 T   mem=True nz=True ynz=True cond=True claim_agree=True upper=1705.55671316  CERT
594648961,0,1 RHO mem=True nz=True ynz=True cond=True claim_agree=True upper=0.915038337440  CERT
594648961,0,1 T   mem=True nz=True ynz=True cond=True claim_agree=True upper=2731.32680701  CERT
610818956,0,1 RHO mem=True nz=True ynz=True cond=True claim_agree=True upper=0.890245031473  CERT
610818956,0,1 T   mem=True nz=True ynz=True cond=True claim_agree=True upper=1678.02234438  CERT
627724209,0,1 RHO mem=True nz=True ynz=True cond=True claim_agree=True upper=0.864451812911  CERT
627724209,0,1 T   mem=True nz=True ynz=True cond=True claim_agree=True upper=1897.32091637  CERT
646078568,0,1 RHO mem=True nz=True ynz=True cond=True claim_agree=True upper=0.891191716299  CERT
646078568,0,1 T   mem=True nz=True ynz=True cond=True claim_agree=True upper=3326.33669177  CERT
749374162,0,1 RHO mem=True nz=True ynz=True cond=True claim_agree=True upper=0.934500396589  CERT
749374162,0,1 T   mem=True nz=True ynz=True cond=True claim_agree=True upper=2291.48669810  CERT
758098380,0,1 RHO mem=True nz=True ynz=True cond=True claim_agree=True upper=0.915038337440  CERT
758098380,0,1 T   mem=True nz=True ynz=True cond=True claim_agree=True upper=2149.31504891  CERT
774037865,0,1 RHO mem=True nz=True ynz=True cond=True claim_agree=True upper=0.885389799247  CERT
774037865,0,1 T   mem=True nz=True ynz=True cond=True claim_agree=True upper=2170.20912088  CERT
842077011,0,1 RHO mem=True nz=True ynz=True cond=True claim_agree=True upper=0.896589235608  CERT
842077011,0,1 T   mem=True nz=True ynz=True cond=True claim_agree=True upper=2787.49719852  CERT
850109969,0,1 RHO mem=True nz=True ynz=True cond=True claim_agree=True upper=0.926456542107  CERT
850109969,0,1 T   mem=True nz=True ynz=True cond=True claim_agree=True upper=2670.48134199  CERT
858923694,0,1 RHO mem=True nz=True ynz=True cond=True claim_agree=True upper=0.926456542107  CERT
858923694,0,1 T   mem=True nz=True ynz=True cond=True claim_agree=True upper=2422.01882782  CERT
903660840,0,1 RHO mem=True nz=True ynz=True cond=True claim_agree=True upper=0.932931762547  CERT
903660840,0,1 T   mem=True nz=True ynz=True cond=True claim_agree=True upper=2662.60390204  CERT
917215869,0,1 RHO mem=True nz=True ynz=True cond=True claim_agree=True upper=0.890960658619  CERT
917215869,0,1 T   mem=True nz=True ynz=True cond=True claim_agree=True upper=2213.99993369  CERT
959415988,0,1 RHO mem=True nz=True ynz=True cond=True claim_agree=True upper=0.863191878274  CERT
959415988,0,1 T   mem=True nz=True ynz=True cond=True claim_agree=True upper=1389.09407449  CERT
997572223,0,1 RHO mem=True nz=True ynz=True cond=True claim_agree=True upper=0.914570718356  CERT
997572223,0,1 T   mem=True nz=True ynz=True cond=True claim_agree=True upper=1951.63651639  CERT
FAMILY VERIFY n=7 l=1000372033 : EXCLUDED (components certified 32 / 32 ; lines 64 ; failed lines 0)
FAMILY VERIFY PASS
