FACTORIZATION: 32 irreducible factors of degree 2 over F_1000638913: OK (header deg/ncomp/bar_T agree)
32234735,0,1 RHO mem=True nz=True ynz=True cond=True claim_agree=True upper=0.943948295697  CERT
32234735,0,1 T   mem=True nz=True ynz=True cond=True claim_agree=True upper=2411.60132104  CERT
77407180,0,1 RHO mem=True nz=True ynz=True cond=True claim_agree=True upper=0.896270966653  CERT
77407180,0,1 T   mem=True nz=True ynz=True cond=True claim_agree=True upper=3057.18096692  CERT
83822495,0,1 RHO mem=True nz=True ynz=True cond=True claim_agree=True upper=0.875767590856  CERT
83822495,0,1 T   mem=True nz=True ynz=True cond=True claim_agree=True upper=2281.14756616  CERT
102638297,0,1 RHO mem=True nz=True ynz=True cond=True claim_agree=True upper=0.915604082167  CERT
102638297,0,1 T   mem=True nz=True ynz=True cond=True claim_agree=True upper=2117.21254071  CERT
107929836,0,1 RHO mem=True nz=True ynz=True cond=True claim_agree=True upper=0.889617533985  CERT
107929836,0,1 T   mem=True nz=True ynz=True cond=True claim_agree=True upper=1810.60727433  CERT
124334721,0,1 RHO mem=True nz=True ynz=True cond=True claim_agree=True upper=0.957401820657  CERT
124334721,0,1 T   mem=True nz=True ynz=True cond=True claim_agree=True upper=3086.22168465  CERT
193370133,0,1 RHO mem=True nz=True ynz=True cond=True claim_agree=True upper=0.932146994377  CERT
193370133,0,1 T   mem=True nz=True ynz=True cond=True claim_agree=True upper=2148.22607038  CERT
216316549,0,1 RHO mem=True nz=True ynz=True cond=True claim_agree=True upper=0.861063787936  CERT
216316549,0,1 T   mem=True nz=True ynz=True cond=True claim_agree=True upper=1821.36911781  CERT
219353448,0,1 RHO mem=True nz=True ynz=True cond=True claim_agree=True upper=0.903660780976  CERT
219353448,0,1 T   mem=True nz=True ynz=True cond=True claim_agree=True upper=1890.70709291  CERT
265600485,0,1 RHO mem=True nz=True ynz=True cond=True claim_agree=True upper=0.932146994377  CERT
265600485,0,1 T   mem=True nz=True ynz=True cond=True claim_agree=True upper=2508.14615292  CERT
276582420,0,1 RHO mem=True nz=True ynz=True cond=True claim_agree=True upper=0.890184973088  CERT
276582420,0,1 T   mem=True nz=True ynz=True cond=True claim_agree=True upper=2453.62526726  CERT
354006356,0,1 RHO mem=True nz=True ynz=True cond=True claim_agree=True upper=0.942253510278  CERT
354006356,0,1 T   mem=True nz=True ynz=True cond=True claim_agree=True upper=1939.87208022  CERT
380422617,0,1 RHO mem=True nz=True ynz=True cond=True claim_agree=True upper=0.861063787936  CERT
380422617,0,1 T   mem=True nz=True ynz=True cond=True claim_agree=True upper=2568.17379141  CERT
396456329,0,1 RHO mem=True nz=True ynz=True cond=True claim_agree=True upper=0.917743447375  CERT
396456329,0,1 T   mem=True nz=True ynz=True cond=True claim_agree=True upper=2053.34134265  CERT
413840157,0,1 RHO mem=True nz=True ynz=True cond=True claim_agree=True upper=0.941189529725  CERT
413840157,0,1 T   mem=True nz=True ynz=True cond=True claim_agree=True upper=2903.72169890  CERT
491814825,0,1 RHO mem=True nz=True ynz=True cond=True claim_agree=True upper=0.943948295697  CERT
491814825,0,1 T   mem=True nz=True ynz=True cond=True claim_agree=True upper=2835.01350796  CERT
508824088,0,1 RHO mem=True nz=True ynz=True cond=True claim_agree=True upper=0.919126100194  CERT
508824088,0,1 T   mem=True nz=True ynz=True cond=True claim_agree=True upper=2413.38513581  CERT
586798756,0,1 RHO mem=True nz=True ynz=True cond=True claim_agree=True upper=0.889617533985  CERT
586798756,0,1 T   mem=True nz=True ynz=True cond=True claim_agree=True upper=1976.46674988  CERT
604182584,0,1 RHO mem=True nz=True ynz=True cond=True claim_agree=True upper=0.890184973088  CERT
604182584,0,1 T   mem=True nz=True ynz=True cond=True claim_agree=True upper=2290.45729480  CERT
620216296,0,1 RHO mem=True nz=True ynz=True cond=True claim_agree=True upper=0.947510519551  CERT
620216296,0,1 T   mem=True nz=True ynz=True cond=True claim_agree=True upper=1864.13564190  CERT
646632557,0,1 RHO mem=True nz=True ynz=True cond=True claim_agree=True upper=0.896270966653  CERT
646632557,0,1 T   mem=True nz=True ynz=True cond=True claim_agree=True upper=1763.61097419  CERT
724056493,0,1 RHO mem=True nz=True ynz=True cond=True claim_agree=True upper=0.917743447375  CERT
724056493,0,1 T   mem=True nz=True ynz=True cond=True claim_agree=True upper=2286.06033680  CERT
735038428,0,1 RHO mem=True nz=True ynz=True cond=True claim_agree=True upper=0.911635850612  CERT
735038428,0,1 T   mem=True nz=True ynz=True cond=True claim_agree=True upper=2685.48287101  CERT
781285465,0,1 RHO mem=True nz=True ynz=True cond=True claim_agree=True upper=0.915604082167  CERT
781285465,0,1 T   mem=True nz=True ynz=True cond=True claim_agree=True upper=2217.92515041  CERT
784322364,0,1 RHO mem=True nz=True ynz=True cond=True claim_agree=True upper=0.947510519551  CERT
784322364,0,1 T   mem=True nz=True ynz=True cond=True claim_agree=True upper=2609.82668167  CERT
807268780,0,1 RHO mem=True nz=True ynz=True cond=True claim_agree=True upper=0.911635850612  CERT
807268780,0,1 T   mem=True nz=True ynz=True cond=True claim_agree=True upper=2074.51011952  CERT
876304192,0,1 RHO mem=True nz=True ynz=True cond=True claim_agree=True upper=0.875767590856  CERT
876304192,0,1 T   mem=True nz=True ynz=True cond=True claim_agree=True upper=2295.10142804  CERT
892709077,0,1 RHO mem=True nz=True ynz=True cond=True claim_agree=True upper=0.941189529725  CERT
892709077,0,1 T   mem=True nz=True ynz=True cond=True claim_agree=True upper=2329.53993085  CERT
898000616,0,1 RHO mem=True nz=True ynz=True cond=True claim_agree=True upper=0.903660780976  CERT
898000616,0,1 T   mem=True nz=True ynz=True cond=True claim_agree=True upper=3256.15347542  CERT
916816418,0,1 RHO mem=True nz=True ynz=True cond=True claim_agree=True upper=0.957401820657  CERT
916816418,0,1 T   mem=True nz=True ynz=True cond=True claim_agree=True upper=3156.03684758  CERT
923231733,0,1 RHO mem=True nz=True ynz=True cond=True claim_agree=True upper=0.942253510278  CERT
923231733,0,1 T   mem=True nz=True ynz=True cond=True claim_agree=True upper=1957.92007987  CERT
968404178,0,1 RHO mem=True nz=True ynz=True cond=True claim_agree=True upper=0.919126100194  CERT
968404178,0,1 T   mem=True nz=True ynz=True cond=True claim_agree=True upper=2451.91442166  CERT
FAMILY VERIFY n=7 l=1000638913 : EXCLUDED (components certified 32 / 32 ; lines 64 ; failed lines 0)
FAMILY VERIFY PASS
