FACTORIZATION: 32 irreducible factors of degree 2 over F_1000846657: OK (header deg/ncomp/bar_T agree)
4869359,0,1 RHO mem=True nz=True ynz=True cond=True claim_agree=True upper=0.940039134807  CERT
4869359,0,1 T   mem=True nz=True ynz=True cond=True claim_agree=True upper=3428.30969692  CERT
36160557,0,1 RHO mem=True nz=True ynz=True cond=True claim_agree=True upper=0.983242384092  CERT
36160557,0,1 T   mem=True nz=True ynz=True cond=True claim_agree=True upper=2687.34341179  CERT
76302027,0,1 RHO mem=True nz=True ynz=True cond=True claim_agree=True upper=0.941171759874  CERT
76302027,0,1 T   mem=True nz=True ynz=True cond=True claim_agree=True upper=2106.05670749  CERT
96578643,0,1 RHO mem=True nz=True ynz=True cond=True claim_agree=True upper=0.936543657553  CERT
96578643,0,1 T   mem=True nz=True ynz=True cond=True claim_agree=True upper=3242.56894586  CERT
101111553,0,1 RHO mem=True nz=True ynz=True cond=True claim_agree=True upper=0.941171759874  CERT
101111553,0,1 T   mem=True nz=True ynz=True cond=True claim_agree=True upper=2842.49040305  CERT
109923794,0,1 RHO mem=True nz=True ynz=True cond=True claim_agree=True upper=0.976243765733  CERT
109923794,0,1 T   mem=True nz=True ynz=True cond=True claim_agree=True upper=2067.41321955  CERT
118678815,0,1 RHO mem=True nz=True ynz=True cond=True claim_agree=True upper=0.972388881345  CERT
118678815,0,1 T   mem=True nz=True ynz=True cond=True claim_agree=True upper=2291.15234074  CERT
163129025,0,1 RHO mem=True nz=True ynz=True cond=True claim_agree=True upper=0.972388881345  CERT
163129025,0,1 T   mem=True nz=True ynz=True cond=True claim_agree=True upper=3140.04120737  CERT
195056214,0,1 RHO mem=True nz=True ynz=True cond=True claim_agree=True upper=0.958079249485  CERT
195056214,0,1 T   mem=True nz=True ynz=True cond=True claim_agree=True upper=2370.88384893  CERT
202518530,0,1 RHO mem=True nz=True ynz=True cond=True claim_agree=True upper=0.909511023956  CERT
202518530,0,1 T   mem=True nz=True ynz=True cond=True claim_agree=True upper=2273.34676110  CERT
254740036,0,1 RHO mem=True nz=True ynz=True cond=True claim_agree=True upper=0.897227610862  CERT
254740036,0,1 T   mem=True nz=True ynz=True cond=True claim_agree=True upper=2107.07370444  CERT
361212882,0,1 RHO mem=True nz=True ynz=True cond=True claim_agree=True upper=0.897227610862  CERT
361212882,0,1 T   mem=True nz=True ynz=True cond=True claim_agree=True upper=2108.69128835  CERT
395906237,0,1 RHO mem=True nz=True ynz=True cond=True claim_agree=True upper=0.967648540772  CERT
395906237,0,1 T   mem=True nz=True ynz=True cond=True claim_agree=True upper=3151.50456535  CERT
411342913,0,1 RHO mem=True nz=True ynz=True cond=True claim_agree=True upper=0.931830277423  CERT
411342913,0,1 T   mem=True nz=True ynz=True cond=True claim_agree=True upper=2204.46686488  CERT
439237547,0,1 RHO mem=True nz=True ynz=True cond=True claim_agree=True upper=0.940039134807  CERT
439237547,0,1 T   mem=True nz=True ynz=True cond=True claim_agree=True upper=1678.95372832  CERT
468520406,0,1 RHO mem=True nz=True ynz=True cond=True claim_agree=True upper=0.900777973098  CERT
468520406,0,1 T   mem=True nz=True ynz=True cond=True claim_agree=True upper=2215.40443701  CERT
532326251,0,1 RHO mem=True nz=True ynz=True cond=True claim_agree=True upper=0.936543657553  CERT
532326251,0,1 T   mem=True nz=True ynz=True cond=True claim_agree=True upper=2808.96886219  CERT
561609110,0,1 RHO mem=True nz=True ynz=True cond=True claim_agree=True upper=0.986169843676  CERT
561609110,0,1 T   mem=True nz=True ynz=True cond=True claim_agree=True upper=2207.98032646  CERT
589503744,0,1 RHO mem=True nz=True ynz=True cond=True claim_agree=True upper=0.983242384092  CERT
589503744,0,1 T   mem=True nz=True ynz=True cond=True claim_agree=True upper=2282.47870710  CERT
604940420,0,1 RHO mem=True nz=True ynz=True cond=True claim_agree=True upper=0.909511023956  CERT
604940420,0,1 T   mem=True nz=True ynz=True cond=True claim_agree=True upper=2090.74520844  CERT
639633775,0,1 RHO mem=True nz=True ynz=True cond=True claim_agree=True upper=0.972652256858  CERT
639633775,0,1 T   mem=True nz=True ynz=True cond=True claim_agree=True upper=3059.93957130  CERT
746106621,0,1 RHO mem=True nz=True ynz=True cond=True claim_agree=True upper=0.972652256858  CERT
746106621,0,1 T   mem=True nz=True ynz=True cond=True claim_agree=True upper=2187.58911034  CERT
798328127,0,1 RHO mem=True nz=True ynz=True cond=True claim_agree=True upper=0.967648540772  CERT
798328127,0,1 T   mem=True nz=True ynz=True cond=True claim_agree=True upper=2689.15890616  CERT
805790443,0,1 RHO mem=True nz=True ynz=True cond=True claim_agree=True upper=0.976243765733  CERT
805790443,0,1 T   mem=True nz=True ynz=True cond=True claim_agree=True upper=2551.90080287  CERT
837717632,0,1 RHO mem=True nz=True ynz=True cond=True claim_agree=True upper=0.944040245047  CERT
837717632,0,1 T   mem=True nz=True ynz=True cond=True claim_agree=True upper=2716.05079474  CERT
882167842,0,1 RHO mem=True nz=True ynz=True cond=True claim_agree=True upper=0.944040245047  CERT
882167842,0,1 T   mem=True nz=True ynz=True cond=True claim_agree=True upper=1822.84690867  CERT
890922863,0,1 RHO mem=True nz=True ynz=True cond=True claim_agree=True upper=0.958079249485  CERT
890922863,0,1 T   mem=True nz=True ynz=True cond=True claim_agree=True upper=2412.19220381  CERT
899735104,0,1 RHO mem=True nz=True ynz=True cond=True claim_agree=True upper=0.955543821002  CERT
899735104,0,1 T   mem=True nz=True ynz=True cond=True claim_agree=True upper=3055.48637602  CERT
904268014,0,1 RHO mem=True nz=True ynz=True cond=True claim_agree=True upper=0.900777973098  CERT
904268014,0,1 T   mem=True nz=True ynz=True cond=True claim_agree=True upper=2885.40930178  CERT
924544630,0,1 RHO mem=True nz=True ynz=True cond=True claim_agree=True upper=0.955543821002  CERT
924544630,0,1 T   mem=True nz=True ynz=True cond=True claim_agree=True upper=2264.57491502  CERT
964686100,0,1 RHO mem=True nz=True ynz=True cond=True claim_agree=True upper=0.931830277423  CERT
964686100,0,1 T   mem=True nz=True ynz=True cond=True claim_agree=True upper=2132.65440822  CERT
995977298,0,1 RHO mem=True nz=True ynz=True cond=True claim_agree=True upper=0.986169843676  CERT
995977298,0,1 T   mem=True nz=True ynz=True cond=True claim_agree=True upper=2381.30269466  CERT
FAMILY VERIFY n=7 l=1000846657 : EXCLUDED (components certified 32 / 32 ; lines 64 ; failed lines 0)
FAMILY VERIFY PASS
