FACTORIZATION: 32 irreducible factors of degree 2 over F_1000422209: OK (header deg/ncomp/bar_T agree)
5948724,0,1 RHO mem=True nz=True ynz=True cond=True claim_agree=True upper=0.914264502240  CERT
5948724,0,1 T   mem=True nz=True ynz=True cond=True claim_agree=True upper=1919.69747456  CERT
101347354,0,1 RHO mem=True nz=True ynz=True cond=True claim_agree=True upper=0.984777402514  CERT
101347354,0,1 T   mem=True nz=True ynz=True cond=True claim_agree=True upper=2365.77468366  CERT
131136337,0,1 RHO mem=True nz=True ynz=True cond=True claim_agree=True upper=0.969152714200  CERT
131136337,0,1 T   mem=True nz=True ynz=True cond=True claim_agree=True upper=2649.10135721  CERT
133510120,0,1 RHO mem=True nz=True ynz=True cond=True claim_agree=True upper=0.966641588631  CERT
133510120,0,1 T   mem=True nz=True ynz=True cond=True claim_agree=True upper=2989.38705839  CERT
183525048,0,1 RHO mem=True nz=True ynz=True cond=True claim_agree=True upper=0.957664383409  CERT
183525048,0,1 T   mem=True nz=True ynz=True cond=True claim_agree=True upper=2702.23670660  CERT
186901154,0,1 RHO mem=True nz=True ynz=True cond=True claim_agree=True upper=0.963441494602  CERT
186901154,0,1 T   mem=True nz=True ynz=True cond=True claim_agree=True upper=3095.06900028  CERT
191598056,0,1 RHO mem=True nz=True ynz=True cond=True claim_agree=True upper=0.990489105286  CERT
191598056,0,1 T   mem=True nz=True ynz=True cond=True claim_agree=True upper=3606.33095887  CERT
191688622,0,1 RHO mem=True nz=True ynz=True cond=True claim_agree=True upper=0.982114298888  CERT
191688622,0,1 T   mem=True nz=True ynz=True cond=True claim_agree=True upper=2467.06014380  CERT
200770729,0,1 RHO mem=True nz=True ynz=True cond=True claim_agree=True upper=0.990489105286  CERT
200770729,0,1 T   mem=True nz=True ynz=True cond=True claim_agree=True upper=2961.99924236  CERT
252491477,0,1 RHO mem=True nz=True ynz=True cond=True claim_agree=True upper=0.990895060620  CERT
252491477,0,1 T   mem=True nz=True ynz=True cond=True claim_agree=True upper=3003.07120682  CERT
257420857,0,1 RHO mem=True nz=True ynz=True cond=True claim_agree=True upper=0.950703986653  CERT
257420857,0,1 T   mem=True nz=True ynz=True cond=True claim_agree=True upper=2318.00806162  CERT
312634028,0,1 RHO mem=True nz=True ynz=True cond=True claim_agree=True upper=0.950703986653  CERT
312634028,0,1 T   mem=True nz=True ynz=True cond=True claim_agree=True upper=3287.24537684  CERT
377592822,0,1 RHO mem=True nz=True ynz=True cond=True claim_agree=True upper=0.957664383409  CERT
377592822,0,1 T   mem=True nz=True ynz=True cond=True claim_agree=True upper=3072.23205592  CERT
444423603,0,1 RHO mem=True nz=True ynz=True cond=True claim_agree=True upper=0.963441494602  CERT
444423603,0,1 T   mem=True nz=True ynz=True cond=True claim_agree=True upper=3054.73399706  CERT
483842878,0,1 RHO mem=True nz=True ynz=True cond=True claim_agree=True upper=0.990895060620  CERT
483842878,0,1 T   mem=True nz=True ynz=True cond=True claim_agree=True upper=3168.54497050  CERT
492971062,0,1 RHO mem=True nz=True ynz=True cond=True claim_agree=True upper=0.988003589073  CERT
492971062,0,1 T   mem=True nz=True ynz=True cond=True claim_agree=True upper=2554.70057358  CERT
507451147,0,1 RHO mem=True nz=True ynz=True cond=True claim_agree=True upper=0.966641588631  CERT
507451147,0,1 T   mem=True nz=True ynz=True cond=True claim_agree=True upper=3233.92147292  CERT
516579331,0,1 RHO mem=True nz=True ynz=True cond=True claim_agree=True upper=0.951037810495  CERT
516579331,0,1 T   mem=True nz=True ynz=True cond=True claim_agree=True upper=3003.56104691  CERT
555998606,0,1 RHO mem=True nz=True ynz=True cond=True claim_agree=True upper=0.961333533099  CERT
555998606,0,1 T   mem=True nz=True ynz=True cond=True claim_agree=True upper=2520.09281285  CERT
622829387,0,1 RHO mem=True nz=True ynz=True cond=True claim_agree=True upper=0.957584547732  CERT
622829387,0,1 T   mem=True nz=True ynz=True cond=True claim_agree=True upper=2499.75941387  CERT
687788181,0,1 RHO mem=True nz=True ynz=True cond=True claim_agree=True upper=0.974407633158  CERT
687788181,0,1 T   mem=True nz=True ynz=True cond=True claim_agree=True upper=2570.48884550  CERT
743001352,0,1 RHO mem=True nz=True ynz=True cond=True claim_agree=True upper=0.974407633158  CERT
743001352,0,1 T   mem=True nz=True ynz=True cond=True claim_agree=True upper=2876.22328748  CERT
747930732,0,1 RHO mem=True nz=True ynz=True cond=True claim_agree=True upper=0.951037810495  CERT
747930732,0,1 T   mem=True nz=True ynz=True cond=True claim_agree=True upper=2314.03816883  CERT
799651480,0,1 RHO mem=True nz=True ynz=True cond=True claim_agree=True upper=0.946314759640  CERT
799651480,0,1 T   mem=True nz=True ynz=True cond=True claim_agree=True upper=2388.84410018  CERT
808733587,0,1 RHO mem=True nz=True ynz=True cond=True claim_agree=True upper=0.969152714200  CERT
808733587,0,1 T   mem=True nz=True ynz=True cond=True claim_agree=True upper=2437.42859706  CERT
808824153,0,1 RHO mem=True nz=True ynz=True cond=True claim_agree=True upper=0.946314759640  CERT
808824153,0,1 T   mem=True nz=True ynz=True cond=True claim_agree=True upper=3428.18502000  CERT
813521055,0,1 RHO mem=True nz=True ynz=True cond=True claim_agree=True upper=0.961333533099  CERT
813521055,0,1 T   mem=True nz=True ynz=True cond=True claim_agree=True upper=2810.16167677  CERT
816897161,0,1 RHO mem=True nz=True ynz=True cond=True claim_agree=True upper=0.957584547732  CERT
816897161,0,1 T   mem=True nz=True ynz=True cond=True claim_agree=True upper=1949.30431882  CERT
866912089,0,1 RHO mem=True nz=True ynz=True cond=True claim_agree=True upper=0.988003589073  CERT
866912089,0,1 T   mem=True nz=True ynz=True cond=True claim_agree=True upper=3078.51724882  CERT
869285872,0,1 RHO mem=True nz=True ynz=True cond=True claim_agree=True upper=0.982114298888  CERT
869285872,0,1 T   mem=True nz=True ynz=True cond=True claim_agree=True upper=2312.81717646  CERT
899074855,0,1 RHO mem=True nz=True ynz=True cond=True claim_agree=True upper=0.914264502240  CERT
899074855,0,1 T   mem=True nz=True ynz=True cond=True claim_agree=True upper=2217.82856413  CERT
994473485,0,1 RHO mem=True nz=True ynz=True cond=True claim_agree=True upper=0.984777402514  CERT
994473485,0,1 T   mem=True nz=True ynz=True cond=True claim_agree=True upper=3391.25968704  CERT
FAMILY VERIFY n=7 l=1000422209 : EXCLUDED (components certified 32 / 32 ; lines 64 ; failed lines 0)
FAMILY VERIFY PASS
