FACTORIZATION: 32 irreducible factors of degree 2 over F_1000072897: OK (header deg/ncomp/bar_T agree)
17434648,0,1 RHO mem=True nz=True ynz=True cond=True claim_agree=True upper=0.869393534923  CERT
17434648,0,1 T   mem=True nz=True ynz=True cond=True claim_agree=True upper=2102.24175682  CERT
56158473,0,1 RHO mem=True nz=True ynz=True cond=True claim_agree=True upper=0.860707792328  CERT
56158473,0,1 T   mem=True nz=True ynz=True cond=True claim_agree=True upper=1600.99168218  CERT
58000908,0,1 RHO mem=True nz=True ynz=True cond=True claim_agree=True upper=0.949863684074  CERT
58000908,0,1 T   mem=True nz=True ynz=True cond=True claim_agree=True upper=2028.04901368  CERT
75537459,0,1 RHO mem=True nz=True ynz=True cond=True claim_agree=True upper=0.911690552270  CERT
75537459,0,1 T   mem=True nz=True ynz=True cond=True claim_agree=True upper=1482.26778605  CERT
111235484,0,1 RHO mem=True nz=True ynz=True cond=True claim_agree=True upper=0.912984175195  CERT
111235484,0,1 T   mem=True nz=True ynz=True cond=True claim_agree=True upper=2516.21252888  CERT
163621003,0,1 RHO mem=True nz=True ynz=True cond=True claim_agree=True upper=0.868728468567  CERT
163621003,0,1 T   mem=True nz=True ynz=True cond=True claim_agree=True upper=2482.15414594  CERT
204652539,0,1 RHO mem=True nz=True ynz=True cond=True claim_agree=True upper=0.944123419120  CERT
204652539,0,1 T   mem=True nz=True ynz=True cond=True claim_agree=True upper=1930.93637203  CERT
227078944,0,1 RHO mem=True nz=True ynz=True cond=True claim_agree=True upper=0.944123419120  CERT
227078944,0,1 T   mem=True nz=True ynz=True cond=True claim_agree=True upper=3137.86453952  CERT
231367457,0,1 RHO mem=True nz=True ynz=True cond=True claim_agree=True upper=0.890522714485  CERT
231367457,0,1 T   mem=True nz=True ynz=True cond=True claim_agree=True upper=1634.03497733  CERT
314141978,0,1 RHO mem=True nz=True ynz=True cond=True claim_agree=True upper=0.919695345641  CERT
314141978,0,1 T   mem=True nz=True ynz=True cond=True claim_agree=True upper=2695.65634120  CERT
316688142,0,1 RHO mem=True nz=True ynz=True cond=True claim_agree=True upper=0.912984175195  CERT
316688142,0,1 T   mem=True nz=True ynz=True cond=True claim_agree=True upper=1989.38166047  CERT
334929706,0,1 RHO mem=True nz=True ynz=True cond=True claim_agree=True upper=0.919695345641  CERT
334929706,0,1 T   mem=True nz=True ynz=True cond=True claim_agree=True upper=1963.02711020  CERT
340700763,0,1 RHO mem=True nz=True ynz=True cond=True claim_agree=True upper=0.906668957601  CERT
340700763,0,1 T   mem=True nz=True ynz=True cond=True claim_agree=True upper=2793.62413615  CERT
344850857,0,1 RHO mem=True nz=True ynz=True cond=True claim_agree=True upper=0.918538514110  CERT
344850857,0,1 T   mem=True nz=True ynz=True cond=True claim_agree=True upper=2126.60463518  CERT
391103969,0,1 RHO mem=True nz=True ynz=True cond=True claim_agree=True upper=0.869393534923  CERT
391103969,0,1 T   mem=True nz=True ynz=True cond=True claim_agree=True upper=1792.10294744  CERT
414673229,0,1 RHO mem=True nz=True ynz=True cond=True claim_agree=True upper=0.923392437822  CERT
414673229,0,1 T   mem=True nz=True ynz=True cond=True claim_agree=True upper=2333.70928311  CERT
585399668,0,1 RHO mem=True nz=True ynz=True cond=True claim_agree=True upper=0.868728468567  CERT
585399668,0,1 T   mem=True nz=True ynz=True cond=True claim_agree=True upper=2530.52551513  CERT
608968928,0,1 RHO mem=True nz=True ynz=True cond=True claim_agree=True upper=0.942139401488  CERT
608968928,0,1 T   mem=True nz=True ynz=True cond=True claim_agree=True upper=2451.90382568  CERT
655222040,0,1 RHO mem=True nz=True ynz=True cond=True claim_agree=True upper=0.890522714485  CERT
655222040,0,1 T   mem=True nz=True ynz=True cond=True claim_agree=True upper=2196.77831461  CERT
659372134,0,1 RHO mem=True nz=True ynz=True cond=True claim_agree=True upper=0.911690552270  CERT
659372134,0,1 T   mem=True nz=True ynz=True cond=True claim_agree=True upper=2245.11172204  CERT
665143191,0,1 RHO mem=True nz=True ynz=True cond=True claim_agree=True upper=0.894277513980  CERT
665143191,0,1 T   mem=True nz=True ynz=True cond=True claim_agree=True upper=1331.61512735  CERT
683384755,0,1 RHO mem=True nz=True ynz=True cond=True claim_agree=True upper=0.894706519652  CERT
683384755,0,1 T   mem=True nz=True ynz=True cond=True claim_agree=True upper=1289.41839624  CERT
685930919,0,1 RHO mem=True nz=True ynz=True cond=True claim_agree=True upper=0.894277513980  CERT
685930919,0,1 T   mem=True nz=True ynz=True cond=True claim_agree=True upper=2209.17958097  CERT
768705440,0,1 RHO mem=True nz=True ynz=True cond=True claim_agree=True upper=0.918538514110  CERT
768705440,0,1 T   mem=True nz=True ynz=True cond=True claim_agree=True upper=1649.18387315  CERT
772993953,0,1 RHO mem=True nz=True ynz=True cond=True claim_agree=True upper=0.864159173798  CERT
772993953,0,1 T   mem=True nz=True ynz=True cond=True claim_agree=True upper=1651.55322707  CERT
795420358,0,1 RHO mem=True nz=True ynz=True cond=True claim_agree=True upper=0.864159173798  CERT
795420358,0,1 T   mem=True nz=True ynz=True cond=True claim_agree=True upper=1701.89973794  CERT
836451894,0,1 RHO mem=True nz=True ynz=True cond=True claim_agree=True upper=0.923392437822  CERT
836451894,0,1 T   mem=True nz=True ynz=True cond=True claim_agree=True upper=1915.58696888  CERT
888837413,0,1 RHO mem=True nz=True ynz=True cond=True claim_agree=True upper=0.894706519652  CERT
888837413,0,1 T   mem=True nz=True ynz=True cond=True claim_agree=True upper=2314.31869526  CERT
924535438,0,1 RHO mem=True nz=True ynz=True cond=True claim_agree=True upper=0.906668957601  CERT
924535438,0,1 T   mem=True nz=True ynz=True cond=True claim_agree=True upper=1582.66580667  CERT
942071989,0,1 RHO mem=True nz=True ynz=True cond=True claim_agree=True upper=0.860707792328  CERT
942071989,0,1 T   mem=True nz=True ynz=True cond=True claim_agree=True upper=1674.47292587  CERT
943914424,0,1 RHO mem=True nz=True ynz=True cond=True claim_agree=True upper=0.949863684074  CERT
943914424,0,1 T   mem=True nz=True ynz=True cond=True claim_agree=True upper=2689.19182095  CERT
982638249,0,1 RHO mem=True nz=True ynz=True cond=True claim_agree=True upper=0.942139401488  CERT
982638249,0,1 T   mem=True nz=True ynz=True cond=True claim_agree=True upper=2152.95187891  CERT
FAMILY VERIFY n=7 l=1000072897 : EXCLUDED (components certified 32 / 32 ; lines 64 ; failed lines 0)
FAMILY VERIFY PASS
