FACTORIZATION: 32 irreducible factors of degree 2 over F_1000655297: OK (header deg/ncomp/bar_T agree)
10646601,0,1 RHO mem=True nz=True ynz=True cond=True claim_agree=True upper=0.923566476089  CERT
10646601,0,1 T   mem=True nz=True ynz=True cond=True claim_agree=True upper=2742.85572764  CERT
13695250,0,1 RHO mem=True nz=True ynz=True cond=True claim_agree=True upper=0.923601975135  CERT
13695250,0,1 T   mem=True nz=True ynz=True cond=True claim_agree=True upper=2713.91826969  CERT
31961956,0,1 RHO mem=True nz=True ynz=True cond=True claim_agree=True upper=0.941847520589  CERT
31961956,0,1 T   mem=True nz=True ynz=True cond=True claim_agree=True upper=2588.75139238  CERT
36028074,0,1 RHO mem=True nz=True ynz=True cond=True claim_agree=True upper=0.936080860793  CERT
36028074,0,1 T   mem=True nz=True ynz=True cond=True claim_agree=True upper=2244.64162749  CERT
102496448,0,1 RHO mem=True nz=True ynz=True cond=True claim_agree=True upper=0.933515680593  CERT
102496448,0,1 T   mem=True nz=True ynz=True cond=True claim_agree=True upper=2612.80885399  CERT
118679997,0,1 RHO mem=True nz=True ynz=True cond=True claim_agree=True upper=0.933848853475  CERT
118679997,0,1 T   mem=True nz=True ynz=True cond=True claim_agree=True upper=2510.15378792  CERT
157055818,0,1 RHO mem=True nz=True ynz=True cond=True claim_agree=True upper=0.955058248101  CERT
157055818,0,1 T   mem=True nz=True ynz=True cond=True claim_agree=True upper=2555.32132426  CERT
164118968,0,1 RHO mem=True nz=True ynz=True cond=True claim_agree=True upper=0.955058248101  CERT
164118968,0,1 T   mem=True nz=True ynz=True cond=True claim_agree=True upper=2354.32513988  CERT
169698408,0,1 RHO mem=True nz=True ynz=True cond=True claim_agree=True upper=0.936080860793  CERT
169698408,0,1 T   mem=True nz=True ynz=True cond=True claim_agree=True upper=2449.07792269  CERT
170113166,0,1 RHO mem=True nz=True ynz=True cond=True claim_agree=True upper=0.881878755063  CERT
170113166,0,1 T   mem=True nz=True ynz=True cond=True claim_agree=True upper=1863.09060718  CERT
259848913,0,1 RHO mem=True nz=True ynz=True cond=True claim_agree=True upper=0.923566476089  CERT
259848913,0,1 T   mem=True nz=True ynz=True cond=True claim_agree=True upper=2507.40522514  CERT
303215007,0,1 RHO mem=True nz=True ynz=True cond=True claim_agree=True upper=0.906717057974  CERT
303215007,0,1 T   mem=True nz=True ynz=True cond=True claim_agree=True upper=2689.02335583  CERT
309133129,0,1 RHO mem=True nz=True ynz=True cond=True claim_agree=True upper=0.933112317919  CERT
309133129,0,1 T   mem=True nz=True ynz=True cond=True claim_agree=True upper=2825.15046604  CERT
428401909,0,1 RHO mem=True nz=True ynz=True cond=True claim_agree=True upper=0.947908927442  CERT
428401909,0,1 T   mem=True nz=True ynz=True cond=True claim_agree=True upper=2429.67377371  CERT
443569291,0,1 RHO mem=True nz=True ynz=True cond=True claim_agree=True upper=0.906717057974  CERT
443569291,0,1 T   mem=True nz=True ynz=True cond=True claim_agree=True upper=1754.77161902  CERT
486414601,0,1 RHO mem=True nz=True ynz=True cond=True claim_agree=True upper=0.909610409683  CERT
486414601,0,1 T   mem=True nz=True ynz=True cond=True claim_agree=True upper=2744.60743721  CERT
514240696,0,1 RHO mem=True nz=True ynz=True cond=True claim_agree=True upper=0.941847520589  CERT
514240696,0,1 T   mem=True nz=True ynz=True cond=True claim_agree=True upper=2293.15820746  CERT
557086006,0,1 RHO mem=True nz=True ynz=True cond=True claim_agree=True upper=0.953043784323  CERT
557086006,0,1 T   mem=True nz=True ynz=True cond=True claim_agree=True upper=2563.44302312  CERT
572253388,0,1 RHO mem=True nz=True ynz=True cond=True claim_agree=True upper=0.933848853475  CERT
572253388,0,1 T   mem=True nz=True ynz=True cond=True claim_agree=True upper=2249.98772306  CERT
691522168,0,1 RHO mem=True nz=True ynz=True cond=True claim_agree=True upper=0.923601975135  CERT
691522168,0,1 T   mem=True nz=True ynz=True cond=True claim_agree=True upper=2290.89144180  CERT
697440290,0,1 RHO mem=True nz=True ynz=True cond=True claim_agree=True upper=0.953043784323  CERT
697440290,0,1 T   mem=True nz=True ynz=True cond=True claim_agree=True upper=2648.41394607  CERT
740806384,0,1 RHO mem=True nz=True ynz=True cond=True claim_agree=True upper=0.901670381706  CERT
740806384,0,1 T   mem=True nz=True ynz=True cond=True claim_agree=True upper=2083.28963252  CERT
830542131,0,1 RHO mem=True nz=True ynz=True cond=True claim_agree=True upper=0.933515680593  CERT
830542131,0,1 T   mem=True nz=True ynz=True cond=True claim_agree=True upper=1987.80289391  CERT
830956889,0,1 RHO mem=True nz=True ynz=True cond=True claim_agree=True upper=0.913108670317  CERT
830956889,0,1 T   mem=True nz=True ynz=True cond=True claim_agree=True upper=3169.22385577  CERT
836536329,0,1 RHO mem=True nz=True ynz=True cond=True claim_agree=True upper=0.918025698204  CERT
836536329,0,1 T   mem=True nz=True ynz=True cond=True claim_agree=True upper=1957.63529693  CERT
843599479,0,1 RHO mem=True nz=True ynz=True cond=True claim_agree=True upper=0.918025698204  CERT
843599479,0,1 T   mem=True nz=True ynz=True cond=True claim_agree=True upper=2682.89309473  CERT
881975300,0,1 RHO mem=True nz=True ynz=True cond=True claim_agree=True upper=0.947908927442  CERT
881975300,0,1 T   mem=True nz=True ynz=True cond=True claim_agree=True upper=2545.25506523  CERT
898158849,0,1 RHO mem=True nz=True ynz=True cond=True claim_agree=True upper=0.881878755063  CERT
898158849,0,1 T   mem=True nz=True ynz=True cond=True claim_agree=True upper=1597.30527967  CERT
964627223,0,1 RHO mem=True nz=True ynz=True cond=True claim_agree=True upper=0.913108670317  CERT
964627223,0,1 T   mem=True nz=True ynz=True cond=True claim_agree=True upper=2368.79351752  CERT
968693341,0,1 RHO mem=True nz=True ynz=True cond=True claim_agree=True upper=0.909610409683  CERT
968693341,0,1 T   mem=True nz=True ynz=True cond=True claim_agree=True upper=2038.58791089  CERT
986960047,0,1 RHO mem=True nz=True ynz=True cond=True claim_agree=True upper=0.933112317919  CERT
986960047,0,1 T   mem=True nz=True ynz=True cond=True claim_agree=True upper=2793.40438237  CERT
990008696,0,1 RHO mem=True nz=True ynz=True cond=True claim_agree=True upper=0.901670381706  CERT
990008696,0,1 T   mem=True nz=True ynz=True cond=True claim_agree=True upper=1750.17341182  CERT
FAMILY VERIFY n=7 l=1000655297 : EXCLUDED (components certified 32 / 32 ; lines 64 ; failed lines 0)
FAMILY VERIFY PASS
