FACTORIZATION: 32 irreducible factors of degree 2 over F_1000841537: OK (header deg/ncomp/bar_T agree)
24905125,0,1 RHO mem=True nz=True ynz=True cond=True claim_agree=True upper=0.923947167225  CERT
24905125,0,1 T   mem=True nz=True ynz=True cond=True claim_agree=True upper=2300.12691550  CERT
25489417,0,1 RHO mem=True nz=True ynz=True cond=True claim_agree=True upper=0.909757233185  CERT
25489417,0,1 T   mem=True nz=True ynz=True cond=True claim_agree=True upper=2262.60273902  CERT
37522322,0,1 RHO mem=True nz=True ynz=True cond=True claim_agree=True upper=0.880473010157  CERT
37522322,0,1 T   mem=True nz=True ynz=True cond=True claim_agree=True upper=1928.63176046  CERT
48034172,0,1 RHO mem=True nz=True ynz=True cond=True claim_agree=True upper=0.920027431666  CERT
48034172,0,1 T   mem=True nz=True ynz=True cond=True claim_agree=True upper=1873.03156706  CERT
85396692,0,1 RHO mem=True nz=True ynz=True cond=True claim_agree=True upper=0.923947167225  CERT
85396692,0,1 T   mem=True nz=True ynz=True cond=True claim_agree=True upper=2357.31398031  CERT
94003923,0,1 RHO mem=True nz=True ynz=True cond=True claim_agree=True upper=0.864265072072  CERT
94003923,0,1 T   mem=True nz=True ynz=True cond=True claim_agree=True upper=1892.67145878  CERT
191823386,0,1 RHO mem=True nz=True ynz=True cond=True claim_agree=True upper=0.925754244152  CERT
191823386,0,1 T   mem=True nz=True ynz=True cond=True claim_agree=True upper=2002.99571440  CERT
205496090,0,1 RHO mem=True nz=True ynz=True cond=True claim_agree=True upper=0.936346343578  CERT
205496090,0,1 T   mem=True nz=True ynz=True cond=True claim_agree=True upper=2529.77148931  CERT
216944411,0,1 RHO mem=True nz=True ynz=True cond=True claim_agree=True upper=0.900128377030  CERT
216944411,0,1 T   mem=True nz=True ynz=True cond=True claim_agree=True upper=2271.62583477  CERT
251759628,0,1 RHO mem=True nz=True ynz=True cond=True claim_agree=True upper=0.882337943950  CERT
251759628,0,1 T   mem=True nz=True ynz=True cond=True claim_agree=True upper=1513.40144462  CERT
309835148,0,1 RHO mem=True nz=True ynz=True cond=True claim_agree=True upper=0.935199632821  CERT
309835148,0,1 T   mem=True nz=True ynz=True cond=True claim_agree=True upper=1966.12438879  CERT
356565085,0,1 RHO mem=True nz=True ynz=True cond=True claim_agree=True upper=0.957893216493  CERT
356565085,0,1 T   mem=True nz=True ynz=True cond=True claim_agree=True upper=2773.09092565  CERT
387404066,0,1 RHO mem=True nz=True ynz=True cond=True claim_agree=True upper=0.925754244152  CERT
387404066,0,1 T   mem=True nz=True ynz=True cond=True claim_agree=True upper=2366.74200859  CERT
468507262,0,1 RHO mem=True nz=True ynz=True cond=True claim_agree=True upper=0.880473010157  CERT
468507262,0,1 T   mem=True nz=True ynz=True cond=True claim_agree=True upper=1952.66900627  CERT
483463148,0,1 RHO mem=True nz=True ynz=True cond=True claim_agree=True upper=0.864265072072  CERT
483463148,0,1 T   mem=True nz=True ynz=True cond=True claim_agree=True upper=2008.39482946  CERT
492959067,0,1 RHO mem=True nz=True ynz=True cond=True claim_agree=True upper=0.909757233185  CERT
492959067,0,1 T   mem=True nz=True ynz=True cond=True claim_agree=True upper=1965.70226764  CERT
507882470,0,1 RHO mem=True nz=True ynz=True cond=True claim_agree=True upper=0.924284847594  CERT
507882470,0,1 T   mem=True nz=True ynz=True cond=True claim_agree=True upper=2172.73047517  CERT
517378389,0,1 RHO mem=True nz=True ynz=True cond=True claim_agree=True upper=0.934250615653  CERT
517378389,0,1 T   mem=True nz=True ynz=True cond=True claim_agree=True upper=2658.92213558  CERT
532334275,0,1 RHO mem=True nz=True ynz=True cond=True claim_agree=True upper=0.911515149773  CERT
532334275,0,1 T   mem=True nz=True ynz=True cond=True claim_agree=True upper=2887.99004905  CERT
613437471,0,1 RHO mem=True nz=True ynz=True cond=True claim_agree=True upper=0.924977433529  CERT
613437471,0,1 T   mem=True nz=True ynz=True cond=True claim_agree=True upper=2475.99469579  CERT
644276452,0,1 RHO mem=True nz=True ynz=True cond=True claim_agree=True upper=0.882337943950  CERT
644276452,0,1 T   mem=True nz=True ynz=True cond=True claim_agree=True upper=2343.51986722  CERT
691006389,0,1 RHO mem=True nz=True ynz=True cond=True claim_agree=True upper=0.920027431666  CERT
691006389,0,1 T   mem=True nz=True ynz=True cond=True claim_agree=True upper=1832.67638342  CERT
749081909,0,1 RHO mem=True nz=True ynz=True cond=True claim_agree=True upper=0.957893216493  CERT
749081909,0,1 T   mem=True nz=True ynz=True cond=True claim_agree=True upper=2219.97914388  CERT
783897126,0,1 RHO mem=True nz=True ynz=True cond=True claim_agree=True upper=0.936346343578  CERT
783897126,0,1 T   mem=True nz=True ynz=True cond=True claim_agree=True upper=3078.18496642  CERT
795345447,0,1 RHO mem=True nz=True ynz=True cond=True claim_agree=True upper=0.900128377030  CERT
795345447,0,1 T   mem=True nz=True ynz=True cond=True claim_agree=True upper=2057.16096962  CERT
809018151,0,1 RHO mem=True nz=True ynz=True cond=True claim_agree=True upper=0.924977433529  CERT
809018151,0,1 T   mem=True nz=True ynz=True cond=True claim_agree=True upper=2346.59054550  CERT
906837614,0,1 RHO mem=True nz=True ynz=True cond=True claim_agree=True upper=0.934250615653  CERT
906837614,0,1 T   mem=True nz=True ynz=True cond=True claim_agree=True upper=2059.16428910  CERT
915444845,0,1 RHO mem=True nz=True ynz=True cond=True claim_agree=True upper=0.897787070190  CERT
915444845,0,1 T   mem=True nz=True ynz=True cond=True claim_agree=True upper=1687.22971373  CERT
952807365,0,1 RHO mem=True nz=True ynz=True cond=True claim_agree=True upper=0.935199632821  CERT
952807365,0,1 T   mem=True nz=True ynz=True cond=True claim_agree=True upper=2755.49791978  CERT
963319215,0,1 RHO mem=True nz=True ynz=True cond=True claim_agree=True upper=0.911515149773  CERT
963319215,0,1 T   mem=True nz=True ynz=True cond=True claim_agree=True upper=1708.22656590  CERT
975352120,0,1 RHO mem=True nz=True ynz=True cond=True claim_agree=True upper=0.924284847594  CERT
975352120,0,1 T   mem=True nz=True ynz=True cond=True claim_agree=True upper=2687.89676955  CERT
975936412,0,1 RHO mem=True nz=True ynz=True cond=True claim_agree=True upper=0.897787070190  CERT
975936412,0,1 T   mem=True nz=True ynz=True cond=True claim_agree=True upper=2224.11943664  CERT
FAMILY VERIFY n=7 l=1000841537 : EXCLUDED (components certified 32 / 32 ; lines 64 ; failed lines 0)
FAMILY VERIFY PASS
