FACTORIZATION: 32 irreducible factors of degree 2 over F_1000254529: OK (header deg/ncomp/bar_T agree)
12085943,0,1 RHO mem=True nz=True ynz=True cond=True claim_agree=True upper=0.898256988559  CERT
12085943,0,1 T   mem=True nz=True ynz=True cond=True claim_agree=True upper=2054.43773854  CERT
18267021,0,1 RHO mem=True nz=True ynz=True cond=True claim_agree=True upper=0.948250184537  CERT
18267021,0,1 T   mem=True nz=True ynz=True cond=True claim_agree=True upper=2277.18636077  CERT
54512524,0,1 RHO mem=True nz=True ynz=True cond=True claim_agree=True upper=0.960515123115  CERT
54512524,0,1 T   mem=True nz=True ynz=True cond=True claim_agree=True upper=2827.81234559  CERT
60105573,0,1 RHO mem=True nz=True ynz=True cond=True claim_agree=True upper=0.953246788904  CERT
60105573,0,1 T   mem=True nz=True ynz=True cond=True claim_agree=True upper=1944.56786945  CERT
69787709,0,1 RHO mem=True nz=True ynz=True cond=True claim_agree=True upper=0.957467918431  CERT
69787709,0,1 T   mem=True nz=True ynz=True cond=True claim_agree=True upper=2250.15728246  CERT
90226852,0,1 RHO mem=True nz=True ynz=True cond=True claim_agree=True upper=0.957467918431  CERT
90226852,0,1 T   mem=True nz=True ynz=True cond=True claim_agree=True upper=3059.28743923  CERT
93287290,0,1 RHO mem=True nz=True ynz=True cond=True claim_agree=True upper=0.941204118907  CERT
93287290,0,1 T   mem=True nz=True ynz=True cond=True claim_agree=True upper=2862.05176840  CERT
121897852,0,1 RHO mem=True nz=True ynz=True cond=True claim_agree=True upper=0.966002087093  CERT
121897852,0,1 T   mem=True nz=True ynz=True cond=True claim_agree=True upper=3082.12523714  CERT
199891819,0,1 RHO mem=True nz=True ynz=True cond=True claim_agree=True upper=0.941204118907  CERT
199891819,0,1 T   mem=True nz=True ynz=True cond=True claim_agree=True upper=1920.88866247  CERT
227641888,0,1 RHO mem=True nz=True ynz=True cond=True claim_agree=True upper=0.966252238718  CERT
227641888,0,1 T   mem=True nz=True ynz=True cond=True claim_agree=True upper=2647.19289705  CERT
280365152,0,1 RHO mem=True nz=True ynz=True cond=True claim_agree=True upper=0.898256988559  CERT
280365152,0,1 T   mem=True nz=True ynz=True cond=True claim_agree=True upper=1805.37781942  CERT
290517543,0,1 RHO mem=True nz=True ynz=True cond=True claim_agree=True upper=0.974864641022  CERT
290517543,0,1 T   mem=True nz=True ynz=True cond=True claim_agree=True upper=2793.24101810  CERT
300008812,0,1 RHO mem=True nz=True ynz=True cond=True claim_agree=True upper=0.929068992778  CERT
300008812,0,1 T   mem=True nz=True ynz=True cond=True claim_agree=True upper=2616.55816344  CERT
390950313,0,1 RHO mem=True nz=True ynz=True cond=True claim_agree=True upper=0.938395517489  CERT
390950313,0,1 T   mem=True nz=True ynz=True cond=True claim_agree=True upper=2276.88287286  CERT
453332101,0,1 RHO mem=True nz=True ynz=True cond=True claim_agree=True upper=0.938395517489  CERT
453332101,0,1 T   mem=True nz=True ynz=True cond=True claim_agree=True upper=2307.03151731  CERT
479409633,0,1 RHO mem=True nz=True ynz=True cond=True claim_agree=True upper=0.960515123115  CERT
479409633,0,1 T   mem=True nz=True ynz=True cond=True claim_agree=True upper=2007.54831901  CERT
520844896,0,1 RHO mem=True nz=True ynz=True cond=True claim_agree=True upper=0.954046645198  CERT
520844896,0,1 T   mem=True nz=True ynz=True cond=True claim_agree=True upper=2319.18490248  CERT
546922428,0,1 RHO mem=True nz=True ynz=True cond=True claim_agree=True upper=0.928983702593  CERT
546922428,0,1 T   mem=True nz=True ynz=True cond=True claim_agree=True upper=2276.54021490  CERT
609304216,0,1 RHO mem=True nz=True ynz=True cond=True claim_agree=True upper=0.928983702593  CERT
609304216,0,1 T   mem=True nz=True ynz=True cond=True claim_agree=True upper=2976.91417022  CERT
700245717,0,1 RHO mem=True nz=True ynz=True cond=True claim_agree=True upper=0.953246788904  CERT
700245717,0,1 T   mem=True nz=True ynz=True cond=True claim_agree=True upper=1942.57232332  CERT
709736986,0,1 RHO mem=True nz=True ynz=True cond=True claim_agree=True upper=0.966002087093  CERT
709736986,0,1 T   mem=True nz=True ynz=True cond=True claim_agree=True upper=2504.99221191  CERT
719889377,0,1 RHO mem=True nz=True ynz=True cond=True claim_agree=True upper=0.961659311956  CERT
719889377,0,1 T   mem=True nz=True ynz=True cond=True claim_agree=True upper=2320.88934523  CERT
772612641,0,1 RHO mem=True nz=True ynz=True cond=True claim_agree=True upper=0.948250184537  CERT
772612641,0,1 T   mem=True nz=True ynz=True cond=True claim_agree=True upper=2992.49426126  CERT
800362710,0,1 RHO mem=True nz=True ynz=True cond=True claim_agree=True upper=0.982064336274  CERT
800362710,0,1 T   mem=True nz=True ynz=True cond=True claim_agree=True upper=2595.54491058  CERT
878356677,0,1 RHO mem=True nz=True ynz=True cond=True claim_agree=True upper=0.974864641022  CERT
878356677,0,1 T   mem=True nz=True ynz=True cond=True claim_agree=True upper=2322.67590295  CERT
906967239,0,1 RHO mem=True nz=True ynz=True cond=True claim_agree=True upper=0.982064336274  CERT
906967239,0,1 T   mem=True nz=True ynz=True cond=True claim_agree=True upper=2482.36427259  CERT
910027677,0,1 RHO mem=True nz=True ynz=True cond=True claim_agree=True upper=0.911688336676  CERT
910027677,0,1 T   mem=True nz=True ynz=True cond=True claim_agree=True upper=2182.69063623  CERT
930466820,0,1 RHO mem=True nz=True ynz=True cond=True claim_agree=True upper=0.911688336676  CERT
930466820,0,1 T   mem=True nz=True ynz=True cond=True claim_agree=True upper=2327.30603956  CERT
940148956,0,1 RHO mem=True nz=True ynz=True cond=True claim_agree=True upper=0.929068992778  CERT
940148956,0,1 T   mem=True nz=True ynz=True cond=True claim_agree=True upper=2385.30117746  CERT
945742005,0,1 RHO mem=True nz=True ynz=True cond=True claim_agree=True upper=0.954046645198  CERT
945742005,0,1 T   mem=True nz=True ynz=True cond=True claim_agree=True upper=3528.21104841  CERT
981987508,0,1 RHO mem=True nz=True ynz=True cond=True claim_agree=True upper=0.966252238718  CERT
981987508,0,1 T   mem=True nz=True ynz=True cond=True claim_agree=True upper=2326.95162102  CERT
988168586,0,1 RHO mem=True nz=True ynz=True cond=True claim_agree=True upper=0.961659311956  CERT
988168586,0,1 T   mem=True nz=True ynz=True cond=True claim_agree=True upper=2124.56261850  CERT
FAMILY VERIFY n=7 l=1000254529 : EXCLUDED (components certified 32 / 32 ; lines 64 ; failed lines 0)
FAMILY VERIFY PASS
