FACTORIZATION: 32 irreducible factors of degree 2 over F_1001102657: OK (header deg/ncomp/bar_T agree)
9291869,0,1 RHO mem=True nz=True ynz=True cond=True claim_agree=True upper=0.903983263514  CERT
9291869,0,1 T   mem=True nz=True ynz=True cond=True claim_agree=True upper=1943.49834193  CERT
55683046,0,1 RHO mem=True nz=True ynz=True cond=True claim_agree=True upper=0.936631958097  CERT
55683046,0,1 T   mem=True nz=True ynz=True cond=True claim_agree=True upper=2723.63575571  CERT
72952463,0,1 RHO mem=True nz=True ynz=True cond=True claim_agree=True upper=0.867989389832  CERT
72952463,0,1 T   mem=True nz=True ynz=True cond=True claim_agree=True upper=1500.27577014  CERT
158387968,0,1 RHO mem=True nz=True ynz=True cond=True claim_agree=True upper=0.938864421930  CERT
158387968,0,1 T   mem=True nz=True ynz=True cond=True claim_agree=True upper=2791.62986485  CERT
196412664,0,1 RHO mem=True nz=True ynz=True cond=True claim_agree=True upper=0.843826388410  CERT
196412664,0,1 T   mem=True nz=True ynz=True cond=True claim_agree=True upper=1850.25167250  CERT
238256097,0,1 RHO mem=True nz=True ynz=True cond=True claim_agree=True upper=0.905912754241  CERT
238256097,0,1 T   mem=True nz=True ynz=True cond=True claim_agree=True upper=2069.50499052  CERT
257337006,0,1 RHO mem=True nz=True ynz=True cond=True claim_agree=True upper=0.923568051655  CERT
257337006,0,1 T   mem=True nz=True ynz=True cond=True claim_agree=True upper=1897.33836506  CERT
263537054,0,1 RHO mem=True nz=True ynz=True cond=True claim_agree=True upper=0.923568051655  CERT
263537054,0,1 T   mem=True nz=True ynz=True cond=True claim_agree=True upper=1850.04752762  CERT
303454531,0,1 RHO mem=True nz=True ynz=True cond=True claim_agree=True upper=0.905912754241  CERT
303454531,0,1 T   mem=True nz=True ynz=True cond=True claim_agree=True upper=2225.05594904  CERT
327231320,0,1 RHO mem=True nz=True ynz=True cond=True claim_agree=True upper=0.936631958097  CERT
327231320,0,1 T   mem=True nz=True ynz=True cond=True claim_agree=True upper=3407.59395087  CERT
331371375,0,1 RHO mem=True nz=True ynz=True cond=True claim_agree=True upper=0.909618695458  CERT
331371375,0,1 T   mem=True nz=True ynz=True cond=True claim_agree=True upper=2049.02329587  CERT
380868940,0,1 RHO mem=True nz=True ynz=True cond=True claim_agree=True upper=0.843826388410  CERT
380868940,0,1 T   mem=True nz=True ynz=True cond=True claim_agree=True upper=1616.05057469  CERT
390041786,0,1 RHO mem=True nz=True ynz=True cond=True claim_agree=True upper=0.882095322303  CERT
390041786,0,1 T   mem=True nz=True ynz=True cond=True claim_agree=True upper=2632.00086294  CERT
422714747,0,1 RHO mem=True nz=True ynz=True cond=True claim_agree=True upper=0.882095322303  CERT
422714747,0,1 T   mem=True nz=True ynz=True cond=True claim_agree=True upper=2388.31671261  CERT
468690390,0,1 RHO mem=True nz=True ynz=True cond=True claim_agree=True upper=0.872710817718  CERT
468690390,0,1 T   mem=True nz=True ynz=True cond=True claim_agree=True upper=1607.73791047  CERT
476271237,0,1 RHO mem=True nz=True ynz=True cond=True claim_agree=True upper=0.867989389832  CERT
476271237,0,1 T   mem=True nz=True ynz=True cond=True claim_agree=True upper=2065.98340421  CERT
524831420,0,1 RHO mem=True nz=True ynz=True cond=True claim_agree=True upper=0.933679510235  CERT
524831420,0,1 T   mem=True nz=True ynz=True cond=True claim_agree=True upper=3022.72999661  CERT
532412267,0,1 RHO mem=True nz=True ynz=True cond=True claim_agree=True upper=0.938864421930  CERT
532412267,0,1 T   mem=True nz=True ynz=True cond=True claim_agree=True upper=2915.13046702  CERT
578387910,0,1 RHO mem=True nz=True ynz=True cond=True claim_agree=True upper=0.952838745468  CERT
578387910,0,1 T   mem=True nz=True ynz=True cond=True claim_agree=True upper=2235.92951010  CERT
611060871,0,1 RHO mem=True nz=True ynz=True cond=True claim_agree=True upper=0.952838745468  CERT
611060871,0,1 T   mem=True nz=True ynz=True cond=True claim_agree=True upper=3132.71023968  CERT
620233717,0,1 RHO mem=True nz=True ynz=True cond=True claim_agree=True upper=0.966746646511  CERT
620233717,0,1 T   mem=True nz=True ynz=True cond=True claim_agree=True upper=3050.22883640  CERT
669731282,0,1 RHO mem=True nz=True ynz=True cond=True claim_agree=True upper=0.903983263514  CERT
669731282,0,1 T   mem=True nz=True ynz=True cond=True claim_agree=True upper=2828.98492114  CERT
673871337,0,1 RHO mem=True nz=True ynz=True cond=True claim_agree=True upper=0.864111147381  CERT
673871337,0,1 T   mem=True nz=True ynz=True cond=True claim_agree=True upper=1469.18486263  CERT
697648126,0,1 RHO mem=True nz=True ynz=True cond=True claim_agree=True upper=0.919610019760  CERT
697648126,0,1 T   mem=True nz=True ynz=True cond=True claim_agree=True upper=1800.90827203  CERT
737565603,0,1 RHO mem=True nz=True ynz=True cond=True claim_agree=True upper=0.887533202276  CERT
737565603,0,1 T   mem=True nz=True ynz=True cond=True claim_agree=True upper=2354.60051864  CERT
743765651,0,1 RHO mem=True nz=True ynz=True cond=True claim_agree=True upper=0.887533202276  CERT
743765651,0,1 T   mem=True nz=True ynz=True cond=True claim_agree=True upper=1669.87839763  CERT
762846560,0,1 RHO mem=True nz=True ynz=True cond=True claim_agree=True upper=0.919610019760  CERT
762846560,0,1 T   mem=True nz=True ynz=True cond=True claim_agree=True upper=1793.38549691  CERT
804689993,0,1 RHO mem=True nz=True ynz=True cond=True claim_agree=True upper=0.966746646511  CERT
804689993,0,1 T   mem=True nz=True ynz=True cond=True claim_agree=True upper=2307.26078518  CERT
842714689,0,1 RHO mem=True nz=True ynz=True cond=True claim_agree=True upper=0.872710817718  CERT
842714689,0,1 T   mem=True nz=True ynz=True cond=True claim_agree=True upper=2176.36107503  CERT
928150194,0,1 RHO mem=True nz=True ynz=True cond=True claim_agree=True upper=0.933679510235  CERT
928150194,0,1 T   mem=True nz=True ynz=True cond=True claim_agree=True upper=2462.89221224  CERT
945419611,0,1 RHO mem=True nz=True ynz=True cond=True claim_agree=True upper=0.864111147381  CERT
945419611,0,1 T   mem=True nz=True ynz=True cond=True claim_agree=True upper=2189.16284895  CERT
991810788,0,1 RHO mem=True nz=True ynz=True cond=True claim_agree=True upper=0.909618695458  CERT
991810788,0,1 T   mem=True nz=True ynz=True cond=True claim_agree=True upper=1544.86442156  CERT
FAMILY VERIFY n=7 l=1001102657 : EXCLUDED (components certified 32 / 32 ; lines 64 ; failed lines 0)
FAMILY VERIFY PASS
