FACTORIZATION: 32 irreducible factors of degree 2 over F_1000117697: OK (header deg/ncomp/bar_T agree)
83500119,0,1 RHO mem=True nz=True ynz=True cond=True claim_agree=True upper=0.948950860642  CERT
83500119,0,1 T   mem=True nz=True ynz=True cond=True claim_agree=True upper=2406.69453945  CERT
109444745,0,1 RHO mem=True nz=True ynz=True cond=True claim_agree=True upper=0.928352049596  CERT
109444745,0,1 T   mem=True nz=True ynz=True cond=True claim_agree=True upper=2183.20927662  CERT
150264732,0,1 RHO mem=True nz=True ynz=True cond=True claim_agree=True upper=0.963492776259  CERT
150264732,0,1 T   mem=True nz=True ynz=True cond=True claim_agree=True upper=2216.82220920  CERT
206779949,0,1 RHO mem=True nz=True ynz=True cond=True claim_agree=True upper=0.937533216434  CERT
206779949,0,1 T   mem=True nz=True ynz=True cond=True claim_agree=True upper=2357.15789304  CERT
209554578,0,1 RHO mem=True nz=True ynz=True cond=True claim_agree=True upper=0.948950860642  CERT
209554578,0,1 T   mem=True nz=True ynz=True cond=True claim_agree=True upper=2672.75203988  CERT
307129856,0,1 RHO mem=True nz=True ynz=True cond=True claim_agree=True upper=0.929859202030  CERT
307129856,0,1 T   mem=True nz=True ynz=True cond=True claim_agree=True upper=2453.13365915  CERT
307794775,0,1 RHO mem=True nz=True ynz=True cond=True claim_agree=True upper=0.951535725558  CERT
307794775,0,1 T   mem=True nz=True ynz=True cond=True claim_agree=True upper=2396.07123806  CERT
314343808,0,1 RHO mem=True nz=True ynz=True cond=True claim_agree=True upper=0.981082455845  CERT
314343808,0,1 T   mem=True nz=True ynz=True cond=True claim_agree=True upper=2545.03202070  CERT
334179937,0,1 RHO mem=True nz=True ynz=True cond=True claim_agree=True upper=0.942914785971  CERT
334179937,0,1 T   mem=True nz=True ynz=True cond=True claim_agree=True upper=2921.30324052  CERT
375334929,0,1 RHO mem=True nz=True ynz=True cond=True claim_agree=True upper=0.958775024178  CERT
375334929,0,1 T   mem=True nz=True ynz=True cond=True claim_agree=True upper=2329.05605537  CERT
413438759,0,1 RHO mem=True nz=True ynz=True cond=True claim_agree=True upper=0.929628003542  CERT
413438759,0,1 T   mem=True nz=True ynz=True cond=True claim_agree=True upper=2719.67448911  CERT
417573149,0,1 RHO mem=True nz=True ynz=True cond=True claim_agree=True upper=0.947054474765  CERT
417573149,0,1 T   mem=True nz=True ynz=True cond=True claim_agree=True upper=1935.19732516  CERT
421828504,0,1 RHO mem=True nz=True ynz=True cond=True claim_agree=True upper=0.937605310545  CERT
421828504,0,1 T   mem=True nz=True ynz=True cond=True claim_agree=True upper=2383.89769640  CERT
458940024,0,1 RHO mem=True nz=True ynz=True cond=True claim_agree=True upper=0.926135106732  CERT
458940024,0,1 T   mem=True nz=True ynz=True cond=True claim_agree=True upper=2382.50668825  CERT
489590573,0,1 RHO mem=True nz=True ynz=True cond=True claim_agree=True upper=0.929628003542  CERT
489590573,0,1 T   mem=True nz=True ynz=True cond=True claim_agree=True upper=2081.44701962  CERT
499148251,0,1 RHO mem=True nz=True ynz=True cond=True claim_agree=True upper=0.948512658413  CERT
499148251,0,1 T   mem=True nz=True ynz=True cond=True claim_agree=True upper=2557.47423674  CERT
500969446,0,1 RHO mem=True nz=True ynz=True cond=True claim_agree=True upper=0.981082455845  CERT
500969446,0,1 T   mem=True nz=True ynz=True cond=True claim_agree=True upper=2493.48002451  CERT
510527124,0,1 RHO mem=True nz=True ynz=True cond=True claim_agree=True upper=0.956202389999  CERT
510527124,0,1 T   mem=True nz=True ynz=True cond=True claim_agree=True upper=3223.88873794  CERT
541177673,0,1 RHO mem=True nz=True ynz=True cond=True claim_agree=True upper=0.937605310545  CERT
541177673,0,1 T   mem=True nz=True ynz=True cond=True claim_agree=True upper=2703.24727887  CERT
578289193,0,1 RHO mem=True nz=True ynz=True cond=True claim_agree=True upper=0.926135106732  CERT
578289193,0,1 T   mem=True nz=True ynz=True cond=True claim_agree=True upper=3070.49584992  CERT
582544548,0,1 RHO mem=True nz=True ynz=True cond=True claim_agree=True upper=0.951535725558  CERT
582544548,0,1 T   mem=True nz=True ynz=True cond=True claim_agree=True upper=2826.99694077  CERT
586678938,0,1 RHO mem=True nz=True ynz=True cond=True claim_agree=True upper=0.956202389999  CERT
586678938,0,1 T   mem=True nz=True ynz=True cond=True claim_agree=True upper=2727.51196550  CERT
624782768,0,1 RHO mem=True nz=True ynz=True cond=True claim_agree=True upper=0.942914785971  CERT
624782768,0,1 T   mem=True nz=True ynz=True cond=True claim_agree=True upper=2326.13712689  CERT
665937760,0,1 RHO mem=True nz=True ynz=True cond=True claim_agree=True upper=0.958775024178  CERT
665937760,0,1 T   mem=True nz=True ynz=True cond=True claim_agree=True upper=2777.45975581  CERT
685773889,0,1 RHO mem=True nz=True ynz=True cond=True claim_agree=True upper=0.948512658413  CERT
685773889,0,1 T   mem=True nz=True ynz=True cond=True claim_agree=True upper=3439.81572709  CERT
692322922,0,1 RHO mem=True nz=True ynz=True cond=True claim_agree=True upper=0.947054474765  CERT
692322922,0,1 T   mem=True nz=True ynz=True cond=True claim_agree=True upper=2253.29349022  CERT
692987841,0,1 RHO mem=True nz=True ynz=True cond=True claim_agree=True upper=0.928352049596  CERT
692987841,0,1 T   mem=True nz=True ynz=True cond=True claim_agree=True upper=2987.73694533  CERT
790563119,0,1 RHO mem=True nz=True ynz=True cond=True claim_agree=True upper=0.916878845163  CERT
790563119,0,1 T   mem=True nz=True ynz=True cond=True claim_agree=True upper=2425.14365983  CERT
793337748,0,1 RHO mem=True nz=True ynz=True cond=True claim_agree=True upper=0.963492776259  CERT
793337748,0,1 T   mem=True nz=True ynz=True cond=True claim_agree=True upper=2395.05336341  CERT
849852965,0,1 RHO mem=True nz=True ynz=True cond=True claim_agree=True upper=0.937533216434  CERT
849852965,0,1 T   mem=True nz=True ynz=True cond=True claim_agree=True upper=2424.56498748  CERT
890672952,0,1 RHO mem=True nz=True ynz=True cond=True claim_agree=True upper=0.929859202030  CERT
890672952,0,1 T   mem=True nz=True ynz=True cond=True claim_agree=True upper=2374.47110508  CERT
916617578,0,1 RHO mem=True nz=True ynz=True cond=True claim_agree=True upper=0.916878845163  CERT
916617578,0,1 T   mem=True nz=True ynz=True cond=True claim_agree=True upper=2663.80577427  CERT
FAMILY VERIFY n=7 l=1000117697 : EXCLUDED (components certified 32 / 32 ; lines 64 ; failed lines 0)
FAMILY VERIFY PASS
