FACTORIZATION: 32 irreducible factors of degree 2 over F_1000979521: OK (header deg/ncomp/bar_T agree)
23110640,0,1 RHO mem=True nz=True ynz=True cond=True claim_agree=True upper=0.924922601668  CERT
23110640,0,1 T   mem=True nz=True ynz=True cond=True claim_agree=True upper=2223.77302242  CERT
60348425,0,1 RHO mem=True nz=True ynz=True cond=True claim_agree=True upper=0.950360115985  CERT
60348425,0,1 T   mem=True nz=True ynz=True cond=True claim_agree=True upper=2948.49453065  CERT
66016056,0,1 RHO mem=True nz=True ynz=True cond=True claim_agree=True upper=0.961262629137  CERT
66016056,0,1 T   mem=True nz=True ynz=True cond=True claim_agree=True upper=2513.46948820  CERT
74533422,0,1 RHO mem=True nz=True ynz=True cond=True claim_agree=True upper=0.982344260028  CERT
74533422,0,1 T   mem=True nz=True ynz=True cond=True claim_agree=True upper=2987.13233299  CERT
77065425,0,1 RHO mem=True nz=True ynz=True cond=True claim_agree=True upper=0.978811610118  CERT
77065425,0,1 T   mem=True nz=True ynz=True cond=True claim_agree=True upper=2183.29840710  CERT
129551102,0,1 RHO mem=True nz=True ynz=True cond=True claim_agree=True upper=0.965840479588  CERT
129551102,0,1 T   mem=True nz=True ynz=True cond=True claim_agree=True upper=2179.12383603  CERT
153021362,0,1 RHO mem=True nz=True ynz=True cond=True claim_agree=True upper=0.952856341074  CERT
153021362,0,1 T   mem=True nz=True ynz=True cond=True claim_agree=True upper=2639.79124920  CERT
157150262,0,1 RHO mem=True nz=True ynz=True cond=True claim_agree=True upper=0.940497460948  CERT
157150262,0,1 T   mem=True nz=True ynz=True cond=True claim_agree=True upper=1809.56216318  CERT
205013685,0,1 RHO mem=True nz=True ynz=True cond=True claim_agree=True upper=0.930433969054  CERT
205013685,0,1 T   mem=True nz=True ynz=True cond=True claim_agree=True upper=1822.02319051  CERT
248461143,0,1 RHO mem=True nz=True ynz=True cond=True claim_agree=True upper=0.918912615668  CERT
248461143,0,1 T   mem=True nz=True ynz=True cond=True claim_agree=True upper=2289.01371466  CERT
278403334,0,1 RHO mem=True nz=True ynz=True cond=True claim_agree=True upper=0.935154083011  CERT
278403334,0,1 T   mem=True nz=True ynz=True cond=True claim_agree=True upper=2860.16694127  CERT
360181337,0,1 RHO mem=True nz=True ynz=True cond=True claim_agree=True upper=0.929818964782  CERT
360181337,0,1 T   mem=True nz=True ynz=True cond=True claim_agree=True upper=1545.80165990  CERT
384526027,0,1 RHO mem=True nz=True ynz=True cond=True claim_agree=True upper=0.916763538599  CERT
384526027,0,1 T   mem=True nz=True ynz=True cond=True claim_agree=True upper=1908.78841561  CERT
406391269,0,1 RHO mem=True nz=True ynz=True cond=True claim_agree=True upper=0.920582419286  CERT
406391269,0,1 T   mem=True nz=True ynz=True cond=True claim_agree=True upper=2632.71041140  CERT
421291281,0,1 RHO mem=True nz=True ynz=True cond=True claim_agree=True upper=0.965840479588  CERT
421291281,0,1 T   mem=True nz=True ynz=True cond=True claim_agree=True upper=2335.60156863  CERT
464753975,0,1 RHO mem=True nz=True ynz=True cond=True claim_agree=True upper=0.959967609705  CERT
464753975,0,1 T   mem=True nz=True ynz=True cond=True claim_agree=True upper=2320.21460432  CERT
536225546,0,1 RHO mem=True nz=True ynz=True cond=True claim_agree=True upper=0.918912615668  CERT
536225546,0,1 T   mem=True nz=True ynz=True cond=True claim_agree=True upper=2569.44944325  CERT
579688240,0,1 RHO mem=True nz=True ynz=True cond=True claim_agree=True upper=0.947668799129  CERT
579688240,0,1 T   mem=True nz=True ynz=True cond=True claim_agree=True upper=2415.79590208  CERT
594588252,0,1 RHO mem=True nz=True ynz=True cond=True claim_agree=True upper=0.940497460948  CERT
594588252,0,1 T   mem=True nz=True ynz=True cond=True claim_agree=True upper=2254.20052345  CERT
616453494,0,1 RHO mem=True nz=True ynz=True cond=True claim_agree=True upper=0.982344260028  CERT
616453494,0,1 T   mem=True nz=True ynz=True cond=True claim_agree=True upper=2680.46892532  CERT
640798184,0,1 RHO mem=True nz=True ynz=True cond=True claim_agree=True upper=0.950360115985  CERT
640798184,0,1 T   mem=True nz=True ynz=True cond=True claim_agree=True upper=2409.44662873  CERT
722576187,0,1 RHO mem=True nz=True ynz=True cond=True claim_agree=True upper=0.961262629137  CERT
722576187,0,1 T   mem=True nz=True ynz=True cond=True claim_agree=True upper=2441.80479954  CERT
752518378,0,1 RHO mem=True nz=True ynz=True cond=True claim_agree=True upper=0.959967609705  CERT
752518378,0,1 T   mem=True nz=True ynz=True cond=True claim_agree=True upper=2042.05918703  CERT
795965836,0,1 RHO mem=True nz=True ynz=True cond=True claim_agree=True upper=0.978811610118  CERT
795965836,0,1 T   mem=True nz=True ynz=True cond=True claim_agree=True upper=2847.39541459  CERT
843829259,0,1 RHO mem=True nz=True ynz=True cond=True claim_agree=True upper=0.920582419286  CERT
843829259,0,1 T   mem=True nz=True ynz=True cond=True claim_agree=True upper=2120.05751660  CERT
847958159,0,1 RHO mem=True nz=True ynz=True cond=True claim_agree=True upper=0.924922601668  CERT
847958159,0,1 T   mem=True nz=True ynz=True cond=True claim_agree=True upper=2336.07556914  CERT
871428419,0,1 RHO mem=True nz=True ynz=True cond=True claim_agree=True upper=0.947668799129  CERT
871428419,0,1 T   mem=True nz=True ynz=True cond=True claim_agree=True upper=2243.21987114  CERT
923914096,0,1 RHO mem=True nz=True ynz=True cond=True claim_agree=True upper=0.930433969054  CERT
923914096,0,1 T   mem=True nz=True ynz=True cond=True claim_agree=True upper=2157.83560246  CERT
926446099,0,1 RHO mem=True nz=True ynz=True cond=True claim_agree=True upper=0.916763538599  CERT
926446099,0,1 T   mem=True nz=True ynz=True cond=True claim_agree=True upper=2103.31651699  CERT
934963465,0,1 RHO mem=True nz=True ynz=True cond=True claim_agree=True upper=0.935154083011  CERT
934963465,0,1 T   mem=True nz=True ynz=True cond=True claim_agree=True upper=2275.90438301  CERT
940631096,0,1 RHO mem=True nz=True ynz=True cond=True claim_agree=True upper=0.929818964782  CERT
940631096,0,1 T   mem=True nz=True ynz=True cond=True claim_agree=True upper=2114.97140660  CERT
977868881,0,1 RHO mem=True nz=True ynz=True cond=True claim_agree=True upper=0.952856341074  CERT
977868881,0,1 T   mem=True nz=True ynz=True cond=True claim_agree=True upper=3056.69135225  CERT
FAMILY VERIFY n=7 l=1000979521 : EXCLUDED (components certified 32 / 32 ; lines 64 ; failed lines 0)
FAMILY VERIFY PASS
