FACTORIZATION: 32 irreducible factors of degree 2 over F_1000785857: OK (header deg/ncomp/bar_T agree)
7737578,0,1 RHO mem=True nz=True ynz=True cond=True claim_agree=True upper=0.888136393639  CERT
7737578,0,1 T   mem=True nz=True ynz=True cond=True claim_agree=True upper=1883.66624633  CERT
20522920,0,1 RHO mem=True nz=True ynz=True cond=True claim_agree=True upper=0.947682219151  CERT
20522920,0,1 T   mem=True nz=True ynz=True cond=True claim_agree=True upper=2824.93364199  CERT
22493625,0,1 RHO mem=True nz=True ynz=True cond=True claim_agree=True upper=0.937981900342  CERT
22493625,0,1 T   mem=True nz=True ynz=True cond=True claim_agree=True upper=2894.02461867  CERT
50975077,0,1 RHO mem=True nz=True ynz=True cond=True claim_agree=True upper=0.972564349152  CERT
50975077,0,1 T   mem=True nz=True ynz=True cond=True claim_agree=True upper=2374.48476182  CERT
86082229,0,1 RHO mem=True nz=True ynz=True cond=True claim_agree=True upper=0.898247173677  CERT
86082229,0,1 T   mem=True nz=True ynz=True cond=True claim_agree=True upper=1904.24230195  CERT
147433241,0,1 RHO mem=True nz=True ynz=True cond=True claim_agree=True upper=0.960075613397  CERT
147433241,0,1 T   mem=True nz=True ynz=True cond=True claim_agree=True upper=2707.14465185  CERT
149913787,0,1 RHO mem=True nz=True ynz=True cond=True claim_agree=True upper=0.993126864385  CERT
149913787,0,1 T   mem=True nz=True ynz=True cond=True claim_agree=True upper=3119.37664481  CERT
200384811,0,1 RHO mem=True nz=True ynz=True cond=True claim_agree=True upper=0.994756595162  CERT
200384811,0,1 T   mem=True nz=True ynz=True cond=True claim_agree=True upper=2577.31428453  CERT
227388835,0,1 RHO mem=True nz=True ynz=True cond=True claim_agree=True upper=0.920356595805  CERT
227388835,0,1 T   mem=True nz=True ynz=True cond=True claim_agree=True upper=2799.40087555  CERT
239682445,0,1 RHO mem=True nz=True ynz=True cond=True claim_agree=True upper=0.916680887309  CERT
239682445,0,1 T   mem=True nz=True ynz=True cond=True claim_agree=True upper=3060.49988170  CERT
274627210,0,1 RHO mem=True nz=True ynz=True cond=True claim_agree=True upper=0.935500998338  CERT
274627210,0,1 T   mem=True nz=True ynz=True cond=True claim_agree=True upper=2417.91123223  CERT
314321346,0,1 RHO mem=True nz=True ynz=True cond=True claim_agree=True upper=0.994756595162  CERT
314321346,0,1 T   mem=True nz=True ynz=True cond=True claim_agree=True upper=2570.36202861  CERT
403234897,0,1 RHO mem=True nz=True ynz=True cond=True claim_agree=True upper=0.959864538302  CERT
403234897,0,1 T   mem=True nz=True ynz=True cond=True claim_agree=True upper=2542.55210797  CERT
449463450,0,1 RHO mem=True nz=True ynz=True cond=True claim_agree=True upper=0.937188549388  CERT
449463450,0,1 T   mem=True nz=True ynz=True cond=True claim_agree=True upper=2362.92527888  CERT
474323099,0,1 RHO mem=True nz=True ynz=True cond=True claim_agree=True upper=0.920089484028  CERT
474323099,0,1 T   mem=True nz=True ynz=True cond=True claim_agree=True upper=2606.23047357  CERT
475639970,0,1 RHO mem=True nz=True ynz=True cond=True claim_agree=True upper=0.935500998338  CERT
475639970,0,1 T   mem=True nz=True ynz=True cond=True claim_agree=True upper=2400.90638138  CERT
525145887,0,1 RHO mem=True nz=True ynz=True cond=True claim_agree=True upper=0.968961487634  CERT
525145887,0,1 T   mem=True nz=True ynz=True cond=True claim_agree=True upper=2637.10283341  CERT
526462758,0,1 RHO mem=True nz=True ynz=True cond=True claim_agree=True upper=0.937981900342  CERT
526462758,0,1 T   mem=True nz=True ynz=True cond=True claim_agree=True upper=2645.37252852  CERT
551322407,0,1 RHO mem=True nz=True ynz=True cond=True claim_agree=True upper=0.972564349152  CERT
551322407,0,1 T   mem=True nz=True ynz=True cond=True claim_agree=True upper=2518.41173322  CERT
597550960,0,1 RHO mem=True nz=True ynz=True cond=True claim_agree=True upper=0.898247173677  CERT
597550960,0,1 T   mem=True nz=True ynz=True cond=True claim_agree=True upper=2532.58469811  CERT
686464511,0,1 RHO mem=True nz=True ynz=True cond=True claim_agree=True upper=0.898129107822  CERT
686464511,0,1 T   mem=True nz=True ynz=True cond=True claim_agree=True upper=2051.37821860  CERT
726158647,0,1 RHO mem=True nz=True ynz=True cond=True claim_agree=True upper=0.968961487634  CERT
726158647,0,1 T   mem=True nz=True ynz=True cond=True claim_agree=True upper=2368.85357774  CERT
761103412,0,1 RHO mem=True nz=True ynz=True cond=True claim_agree=True upper=0.993126864385  CERT
761103412,0,1 T   mem=True nz=True ynz=True cond=True claim_agree=True upper=2961.28606832  CERT
773397022,0,1 RHO mem=True nz=True ynz=True cond=True claim_agree=True upper=0.960075613397  CERT
773397022,0,1 T   mem=True nz=True ynz=True cond=True claim_agree=True upper=2410.88113645  CERT
800401046,0,1 RHO mem=True nz=True ynz=True cond=True claim_agree=True upper=0.898129107822  CERT
800401046,0,1 T   mem=True nz=True ynz=True cond=True claim_agree=True upper=1913.71730016  CERT
850872070,0,1 RHO mem=True nz=True ynz=True cond=True claim_agree=True upper=0.916680887309  CERT
850872070,0,1 T   mem=True nz=True ynz=True cond=True claim_agree=True upper=2594.62311748  CERT
853352616,0,1 RHO mem=True nz=True ynz=True cond=True claim_agree=True upper=0.920356595805  CERT
853352616,0,1 T   mem=True nz=True ynz=True cond=True claim_agree=True upper=2062.24845246  CERT
914703628,0,1 RHO mem=True nz=True ynz=True cond=True claim_agree=True upper=0.959864538302  CERT
914703628,0,1 T   mem=True nz=True ynz=True cond=True claim_agree=True upper=2317.77557424  CERT
949810780,0,1 RHO mem=True nz=True ynz=True cond=True claim_agree=True upper=0.937188549388  CERT
949810780,0,1 T   mem=True nz=True ynz=True cond=True claim_agree=True upper=2468.10061544  CERT
978292232,0,1 RHO mem=True nz=True ynz=True cond=True claim_agree=True upper=0.920089484028  CERT
978292232,0,1 T   mem=True nz=True ynz=True cond=True claim_agree=True upper=1961.97576636  CERT
980262937,0,1 RHO mem=True nz=True ynz=True cond=True claim_agree=True upper=0.888136393639  CERT
980262937,0,1 T   mem=True nz=True ynz=True cond=True claim_agree=True upper=2478.71767685  CERT
993048279,0,1 RHO mem=True nz=True ynz=True cond=True claim_agree=True upper=0.947682219151  CERT
993048279,0,1 T   mem=True nz=True ynz=True cond=True claim_agree=True upper=2247.67104186  CERT
FAMILY VERIFY n=7 l=1000785857 : EXCLUDED (components certified 32 / 32 ; lines 64 ; failed lines 0)
FAMILY VERIFY PASS
