FACTORIZATION: 32 irreducible factors of degree 2 over F_1000972097: OK (header deg/ncomp/bar_T agree)
4997579,0,1 RHO mem=True nz=True ynz=True cond=True claim_agree=True upper=0.963926392629  CERT
4997579,0,1 T   mem=True nz=True ynz=True cond=True claim_agree=True upper=2491.50912768  CERT
10380853,0,1 RHO mem=True nz=True ynz=True cond=True claim_agree=True upper=0.938721443582  CERT
10380853,0,1 T   mem=True nz=True ynz=True cond=True claim_agree=True upper=2056.36071861  CERT
41240509,0,1 RHO mem=True nz=True ynz=True cond=True claim_agree=True upper=0.971438075013  CERT
41240509,0,1 T   mem=True nz=True ynz=True cond=True claim_agree=True upper=2478.00424635  CERT
106028071,0,1 RHO mem=True nz=True ynz=True cond=True claim_agree=True upper=0.947017612389  CERT
106028071,0,1 T   mem=True nz=True ynz=True cond=True claim_agree=True upper=2664.26775544  CERT
119501641,0,1 RHO mem=True nz=True ynz=True cond=True claim_agree=True upper=0.934802457754  CERT
119501641,0,1 T   mem=True nz=True ynz=True cond=True claim_agree=True upper=2300.50939119  CERT
122454138,0,1 RHO mem=True nz=True ynz=True cond=True claim_agree=True upper=0.969247491006  CERT
122454138,0,1 T   mem=True nz=True ynz=True cond=True claim_agree=True upper=2758.75747790  CERT
138989851,0,1 RHO mem=True nz=True ynz=True cond=True claim_agree=True upper=0.975717209461  CERT
138989851,0,1 T   mem=True nz=True ynz=True cond=True claim_agree=True upper=2202.28119891  CERT
145983589,0,1 RHO mem=True nz=True ynz=True cond=True claim_agree=True upper=0.976305764545  CERT
145983589,0,1 T   mem=True nz=True ynz=True cond=True claim_agree=True upper=2884.39947047  CERT
146998038,0,1 RHO mem=True nz=True ynz=True cond=True claim_agree=True upper=0.963931460032  CERT
146998038,0,1 T   mem=True nz=True ynz=True cond=True claim_agree=True upper=2990.81991682  CERT
158381611,0,1 RHO mem=True nz=True ynz=True cond=True claim_agree=True upper=0.970355748825  CERT
158381611,0,1 T   mem=True nz=True ynz=True cond=True claim_agree=True upper=2605.30921095  CERT
255914771,0,1 RHO mem=True nz=True ynz=True cond=True claim_agree=True upper=0.937671141593  CERT
255914771,0,1 T   mem=True nz=True ynz=True cond=True claim_agree=True upper=2777.92781222  CERT
388141798,0,1 RHO mem=True nz=True ynz=True cond=True claim_agree=True upper=0.979671485641  CERT
388141798,0,1 T   mem=True nz=True ynz=True cond=True claim_agree=True upper=2542.73590938  CERT
416369348,0,1 RHO mem=True nz=True ynz=True cond=True claim_agree=True upper=0.979671485641  CERT
416369348,0,1 T   mem=True nz=True ynz=True cond=True claim_agree=True upper=2668.31853623  CERT
448445816,0,1 RHO mem=True nz=True ynz=True cond=True claim_agree=True upper=0.937671141593  CERT
448445816,0,1 T   mem=True nz=True ynz=True cond=True claim_agree=True upper=3148.41220812  CERT
472497901,0,1 RHO mem=True nz=True ynz=True cond=True claim_agree=True upper=0.929368796443  CERT
472497901,0,1 T   mem=True nz=True ynz=True cond=True claim_agree=True upper=2419.33139901  CERT
494330711,0,1 RHO mem=True nz=True ynz=True cond=True claim_agree=True upper=0.970355748825  CERT
494330711,0,1 T   mem=True nz=True ynz=True cond=True claim_agree=True upper=2378.87190059  CERT
506641386,0,1 RHO mem=True nz=True ynz=True cond=True claim_agree=True upper=0.931150762925  CERT
506641386,0,1 T   mem=True nz=True ynz=True cond=True claim_agree=True upper=2296.51397266  CERT
528474196,0,1 RHO mem=True nz=True ynz=True cond=True claim_agree=True upper=0.971438075013  CERT
528474196,0,1 T   mem=True nz=True ynz=True cond=True claim_agree=True upper=2802.26366716  CERT
552526281,0,1 RHO mem=True nz=True ynz=True cond=True claim_agree=True upper=0.944792760935  CERT
552526281,0,1 T   mem=True nz=True ynz=True cond=True claim_agree=True upper=2388.08555463  CERT
584602749,0,1 RHO mem=True nz=True ynz=True cond=True claim_agree=True upper=0.952055917597  CERT
584602749,0,1 T   mem=True nz=True ynz=True cond=True claim_agree=True upper=2811.69142986  CERT
612830299,0,1 RHO mem=True nz=True ynz=True cond=True claim_agree=True upper=0.952055917597  CERT
612830299,0,1 T   mem=True nz=True ynz=True cond=True claim_agree=True upper=2299.84254687  CERT
745057326,0,1 RHO mem=True nz=True ynz=True cond=True claim_agree=True upper=0.944792760935  CERT
745057326,0,1 T   mem=True nz=True ynz=True cond=True claim_agree=True upper=3380.83527548  CERT
842590486,0,1 RHO mem=True nz=True ynz=True cond=True claim_agree=True upper=0.931150762925  CERT
842590486,0,1 T   mem=True nz=True ynz=True cond=True claim_agree=True upper=2550.97140883  CERT
853974059,0,1 RHO mem=True nz=True ynz=True cond=True claim_agree=True upper=0.934802457754  CERT
853974059,0,1 T   mem=True nz=True ynz=True cond=True claim_agree=True upper=3071.46889400  CERT
854988508,0,1 RHO mem=True nz=True ynz=True cond=True claim_agree=True upper=0.963926392629  CERT
854988508,0,1 T   mem=True nz=True ynz=True cond=True claim_agree=True upper=2658.55083271  CERT
861982246,0,1 RHO mem=True nz=True ynz=True cond=True claim_agree=True upper=0.938721443582  CERT
861982246,0,1 T   mem=True nz=True ynz=True cond=True claim_agree=True upper=1942.63070038  CERT
878517959,0,1 RHO mem=True nz=True ynz=True cond=True claim_agree=True upper=0.947017612389  CERT
878517959,0,1 T   mem=True nz=True ynz=True cond=True claim_agree=True upper=2979.95780522  CERT
881470456,0,1 RHO mem=True nz=True ynz=True cond=True claim_agree=True upper=0.963931460032  CERT
881470456,0,1 T   mem=True nz=True ynz=True cond=True claim_agree=True upper=3119.69879044  CERT
894944026,0,1 RHO mem=True nz=True ynz=True cond=True claim_agree=True upper=0.969247491006  CERT
894944026,0,1 T   mem=True nz=True ynz=True cond=True claim_agree=True upper=2508.36978770  CERT
959731588,0,1 RHO mem=True nz=True ynz=True cond=True claim_agree=True upper=0.929368796443  CERT
959731588,0,1 T   mem=True nz=True ynz=True cond=True claim_agree=True upper=2747.63815071  CERT
990591244,0,1 RHO mem=True nz=True ynz=True cond=True claim_agree=True upper=0.975717209461  CERT
990591244,0,1 T   mem=True nz=True ynz=True cond=True claim_agree=True upper=2216.44724365  CERT
995974518,0,1 RHO mem=True nz=True ynz=True cond=True claim_agree=True upper=0.976305764545  CERT
995974518,0,1 T   mem=True nz=True ynz=True cond=True claim_agree=True upper=3227.61018132  CERT
FAMILY VERIFY n=7 l=1000972097 : EXCLUDED (components certified 32 / 32 ; lines 64 ; failed lines 0)
FAMILY VERIFY PASS
