FACTORIZATION: 32 irreducible factors of degree 2 over F_1000956353: OK (header deg/ncomp/bar_T agree)
18733173,0,1 RHO mem=True nz=True ynz=True cond=True claim_agree=True upper=0.836069593989  CERT
18733173,0,1 T   mem=True nz=True ynz=True cond=True claim_agree=True upper=1543.72451025  CERT
42104938,0,1 RHO mem=True nz=True ynz=True cond=True claim_agree=True upper=0.843510277487  CERT
42104938,0,1 T   mem=True nz=True ynz=True cond=True claim_agree=True upper=1169.94348303  CERT
69983157,0,1 RHO mem=True nz=True ynz=True cond=True claim_agree=True upper=0.847422647319  CERT
69983157,0,1 T   mem=True nz=True ynz=True cond=True claim_agree=True upper=2840.69842079  CERT
95764616,0,1 RHO mem=True nz=True ynz=True cond=True claim_agree=True upper=0.851525555984  CERT
95764616,0,1 T   mem=True nz=True ynz=True cond=True claim_agree=True upper=1723.68998118  CERT
107686859,0,1 RHO mem=True nz=True ynz=True cond=True claim_agree=True upper=0.866265826635  CERT
107686859,0,1 T   mem=True nz=True ynz=True cond=True claim_agree=True upper=1399.89366218  CERT
127730876,0,1 RHO mem=True nz=True ynz=True cond=True claim_agree=True upper=0.823054230388  CERT
127730876,0,1 T   mem=True nz=True ynz=True cond=True claim_agree=True upper=1825.48724209  CERT
178732181,0,1 RHO mem=True nz=True ynz=True cond=True claim_agree=True upper=0.837958845022  CERT
178732181,0,1 T   mem=True nz=True ynz=True cond=True claim_agree=True upper=1267.50962116  CERT
254118407,0,1 RHO mem=True nz=True ynz=True cond=True claim_agree=True upper=0.853349845484  CERT
254118407,0,1 T   mem=True nz=True ynz=True cond=True claim_agree=True upper=3140.86294700  CERT
270887484,0,1 RHO mem=True nz=True ynz=True cond=True claim_agree=True upper=0.865127708592  CERT
270887484,0,1 T   mem=True nz=True ynz=True cond=True claim_agree=True upper=2685.97062247  CERT
341342214,0,1 RHO mem=True nz=True ynz=True cond=True claim_agree=True upper=0.826982313260  CERT
341342214,0,1 T   mem=True nz=True ynz=True cond=True claim_agree=True upper=1412.02257445  CERT
367740735,0,1 RHO mem=True nz=True ynz=True cond=True claim_agree=True upper=0.851525555984  CERT
367740735,0,1 T   mem=True nz=True ynz=True cond=True claim_agree=True upper=1748.81331253  CERT
395250518,0,1 RHO mem=True nz=True ynz=True cond=True claim_agree=True upper=0.821017611719  CERT
395250518,0,1 T   mem=True nz=True ynz=True cond=True claim_agree=True upper=1712.48500417  CERT
413567871,0,1 RHO mem=True nz=True ynz=True cond=True claim_agree=True upper=0.823054230388  CERT
413567871,0,1 T   mem=True nz=True ynz=True cond=True claim_agree=True upper=2819.09419453  CERT
428844689,0,1 RHO mem=True nz=True ynz=True cond=True claim_agree=True upper=0.835559385661  CERT
428844689,0,1 T   mem=True nz=True ynz=True cond=True claim_agree=True upper=1482.23824130  CERT
493968503,0,1 RHO mem=True nz=True ynz=True cond=True claim_agree=True upper=0.837958845022  CERT
493968503,0,1 T   mem=True nz=True ynz=True cond=True claim_agree=True upper=1297.79459564  CERT
500128129,0,1 RHO mem=True nz=True ynz=True cond=True claim_agree=True upper=0.866265826635  CERT
500128129,0,1 T   mem=True nz=True ynz=True cond=True claim_agree=True upper=2102.21536487  CERT
500828224,0,1 RHO mem=True nz=True ynz=True cond=True claim_agree=True upper=0.832387311107  CERT
500828224,0,1 T   mem=True nz=True ynz=True cond=True claim_agree=True upper=1270.68414298  CERT
506987850,0,1 RHO mem=True nz=True ynz=True cond=True claim_agree=True upper=0.853141287583  CERT
506987850,0,1 T   mem=True nz=True ynz=True cond=True claim_agree=True upper=1638.15795285  CERT
572111664,0,1 RHO mem=True nz=True ynz=True cond=True claim_agree=True upper=0.853349845484  CERT
572111664,0,1 T   mem=True nz=True ynz=True cond=True claim_agree=True upper=2499.46118977  CERT
587388482,0,1 RHO mem=True nz=True ynz=True cond=True claim_agree=True upper=0.861022810583  CERT
587388482,0,1 T   mem=True nz=True ynz=True cond=True claim_agree=True upper=3155.81085616  CERT
605705835,0,1 RHO mem=True nz=True ynz=True cond=True claim_agree=True upper=0.865127708592  CERT
605705835,0,1 T   mem=True nz=True ynz=True cond=True claim_agree=True upper=1997.89189538  CERT
633215618,0,1 RHO mem=True nz=True ynz=True cond=True claim_agree=True upper=0.824369064095  CERT
633215618,0,1 T   mem=True nz=True ynz=True cond=True claim_agree=True upper=1366.27982475  CERT
659614139,0,1 RHO mem=True nz=True ynz=True cond=True claim_agree=True upper=0.843510277487  CERT
659614139,0,1 T   mem=True nz=True ynz=True cond=True claim_agree=True upper=1391.88978220  CERT
730068869,0,1 RHO mem=True nz=True ynz=True cond=True claim_agree=True upper=0.821017611719  CERT
730068869,0,1 T   mem=True nz=True ynz=True cond=True claim_agree=True upper=2300.76771565  CERT
746837946,0,1 RHO mem=True nz=True ynz=True cond=True claim_agree=True upper=0.835559385661  CERT
746837946,0,1 T   mem=True nz=True ynz=True cond=True claim_agree=True upper=3192.99611058  CERT
822224172,0,1 RHO mem=True nz=True ynz=True cond=True claim_agree=True upper=0.853141287583  CERT
822224172,0,1 T   mem=True nz=True ynz=True cond=True claim_agree=True upper=1456.50969467  CERT
873225477,0,1 RHO mem=True nz=True ynz=True cond=True claim_agree=True upper=0.861022810583  CERT
873225477,0,1 T   mem=True nz=True ynz=True cond=True claim_agree=True upper=1992.19590975  CERT
893269494,0,1 RHO mem=True nz=True ynz=True cond=True claim_agree=True upper=0.832387311107  CERT
893269494,0,1 T   mem=True nz=True ynz=True cond=True claim_agree=True upper=1237.78983561  CERT
905191737,0,1 RHO mem=True nz=True ynz=True cond=True claim_agree=True upper=0.824369064095  CERT
905191737,0,1 T   mem=True nz=True ynz=True cond=True claim_agree=True upper=1129.96506722  CERT
930973196,0,1 RHO mem=True nz=True ynz=True cond=True claim_agree=True upper=0.836069593989  CERT
930973196,0,1 T   mem=True nz=True ynz=True cond=True claim_agree=True upper=1886.82400543  CERT
958851415,0,1 RHO mem=True nz=True ynz=True cond=True claim_agree=True upper=0.826982313260  CERT
958851415,0,1 T   mem=True nz=True ynz=True cond=True claim_agree=True upper=1207.97521696  CERT
982223180,0,1 RHO mem=True nz=True ynz=True cond=True claim_agree=True upper=0.847422647319  CERT
982223180,0,1 T   mem=True nz=True ynz=True cond=True claim_agree=True upper=2087.72889076  CERT
FAMILY VERIFY n=7 l=1000956353 : EXCLUDED (components certified 32 / 32 ; lines 64 ; failed lines 0)
FAMILY VERIFY PASS
