FACTORIZATION: 32 irreducible factors of degree 2 over F_1000906817: OK (header deg/ncomp/bar_T agree)
834758,0,1 RHO mem=True nz=True ynz=True cond=True claim_agree=True upper=0.970388889326  CERT
834758,0,1 T   mem=True nz=True ynz=True cond=True claim_agree=True upper=2720.32669597  CERT
83407014,0,1 RHO mem=True nz=True ynz=True cond=True claim_agree=True upper=0.959376309205  CERT
83407014,0,1 T   mem=True nz=True ynz=True cond=True claim_agree=True upper=2251.84422367  CERT
153858846,0,1 RHO mem=True nz=True ynz=True cond=True claim_agree=True upper=0.934266460858  CERT
153858846,0,1 T   mem=True nz=True ynz=True cond=True claim_agree=True upper=2549.87319191  CERT
180246110,0,1 RHO mem=True nz=True ynz=True cond=True claim_agree=True upper=0.933150971401  CERT
180246110,0,1 T   mem=True nz=True ynz=True cond=True claim_agree=True upper=1852.85844017  CERT
215811768,0,1 RHO mem=True nz=True ynz=True cond=True claim_agree=True upper=0.907763291442  CERT
215811768,0,1 T   mem=True nz=True ynz=True cond=True claim_agree=True upper=2663.00634035  CERT
248089625,0,1 RHO mem=True nz=True ynz=True cond=True claim_agree=True upper=0.953491173141  CERT
248089625,0,1 T   mem=True nz=True ynz=True cond=True claim_agree=True upper=2744.73152333  CERT
286656926,0,1 RHO mem=True nz=True ynz=True cond=True claim_agree=True upper=0.937653104480  CERT
286656926,0,1 T   mem=True nz=True ynz=True cond=True claim_agree=True upper=2477.21119593  CERT
337094362,0,1 RHO mem=True nz=True ynz=True cond=True claim_agree=True upper=0.940436950295  CERT
337094362,0,1 T   mem=True nz=True ynz=True cond=True claim_agree=True upper=2186.33417706  CERT
349859256,0,1 RHO mem=True nz=True ynz=True cond=True claim_agree=True upper=0.972915720977  CERT
349859256,0,1 T   mem=True nz=True ynz=True cond=True claim_agree=True upper=2293.83693121  CERT
418531193,0,1 RHO mem=True nz=True ynz=True cond=True claim_agree=True upper=0.951803150640  CERT
418531193,0,1 T   mem=True nz=True ynz=True cond=True claim_agree=True upper=2688.06747911  CERT
437246593,0,1 RHO mem=True nz=True ynz=True cond=True claim_agree=True upper=0.942527834528  CERT
437246593,0,1 T   mem=True nz=True ynz=True cond=True claim_agree=True upper=2108.54988937  CERT
444042196,0,1 RHO mem=True nz=True ynz=True cond=True claim_agree=True upper=0.959376309205  CERT
444042196,0,1 T   mem=True nz=True ynz=True cond=True claim_agree=True upper=2736.11745605  CERT
469427271,0,1 RHO mem=True nz=True ynz=True cond=True claim_agree=True upper=0.991302023970  CERT
469427271,0,1 T   mem=True nz=True ynz=True cond=True claim_agree=True upper=2914.36310286  CERT
475793936,0,1 RHO mem=True nz=True ynz=True cond=True claim_agree=True upper=0.940436950295  CERT
475793936,0,1 T   mem=True nz=True ynz=True cond=True claim_agree=True upper=2951.11938791  CERT
486564800,0,1 RHO mem=True nz=True ynz=True cond=True claim_agree=True upper=0.951803150640  CERT
486564800,0,1 T   mem=True nz=True ynz=True cond=True claim_agree=True upper=2221.16018750  CERT
495460613,0,1 RHO mem=True nz=True ynz=True cond=True claim_agree=True upper=0.946970560824  CERT
495460613,0,1 T   mem=True nz=True ynz=True cond=True claim_agree=True upper=2969.98306236  CERT
505446204,0,1 RHO mem=True nz=True ynz=True cond=True claim_agree=True upper=0.970426891078  CERT
505446204,0,1 T   mem=True nz=True ynz=True cond=True claim_agree=True upper=2337.46215600  CERT
514342017,0,1 RHO mem=True nz=True ynz=True cond=True claim_agree=True upper=0.956880730676  CERT
514342017,0,1 T   mem=True nz=True ynz=True cond=True claim_agree=True upper=2868.33988739  CERT
525112881,0,1 RHO mem=True nz=True ynz=True cond=True claim_agree=True upper=0.968287043411  CERT
525112881,0,1 T   mem=True nz=True ynz=True cond=True claim_agree=True upper=2123.05225181  CERT
531479546,0,1 RHO mem=True nz=True ynz=True cond=True claim_agree=True upper=0.972915720977  CERT
531479546,0,1 T   mem=True nz=True ynz=True cond=True claim_agree=True upper=2469.14545541  CERT
556864621,0,1 RHO mem=True nz=True ynz=True cond=True claim_agree=True upper=0.950906312164  CERT
556864621,0,1 T   mem=True nz=True ynz=True cond=True claim_agree=True upper=2458.20285135  CERT
563660224,0,1 RHO mem=True nz=True ynz=True cond=True claim_agree=True upper=0.937653104480  CERT
563660224,0,1 T   mem=True nz=True ynz=True cond=True claim_agree=True upper=2231.92155428  CERT
582375624,0,1 RHO mem=True nz=True ynz=True cond=True claim_agree=True upper=0.956880730676  CERT
582375624,0,1 T   mem=True nz=True ynz=True cond=True claim_agree=True upper=2016.04942019  CERT
651047561,0,1 RHO mem=True nz=True ynz=True cond=True claim_agree=True upper=0.991302023970  CERT
651047561,0,1 T   mem=True nz=True ynz=True cond=True claim_agree=True upper=2191.24614853  CERT
663812455,0,1 RHO mem=True nz=True ynz=True cond=True claim_agree=True upper=0.968287043411  CERT
663812455,0,1 T   mem=True nz=True ynz=True cond=True claim_agree=True upper=2655.77429474  CERT
714249891,0,1 RHO mem=True nz=True ynz=True cond=True claim_agree=True upper=0.942527834528  CERT
714249891,0,1 T   mem=True nz=True ynz=True cond=True claim_agree=True upper=3120.13006821  CERT
752817192,0,1 RHO mem=True nz=True ynz=True cond=True claim_agree=True upper=0.907763291442  CERT
752817192,0,1 T   mem=True nz=True ynz=True cond=True claim_agree=True upper=1998.20338266  CERT
785095049,0,1 RHO mem=True nz=True ynz=True cond=True claim_agree=True upper=0.953491173141  CERT
785095049,0,1 T   mem=True nz=True ynz=True cond=True claim_agree=True upper=2298.70175156  CERT
820660707,0,1 RHO mem=True nz=True ynz=True cond=True claim_agree=True upper=0.934266460858  CERT
820660707,0,1 T   mem=True nz=True ynz=True cond=True claim_agree=True upper=2641.47017913  CERT
847047971,0,1 RHO mem=True nz=True ynz=True cond=True claim_agree=True upper=0.933150971401  CERT
847047971,0,1 T   mem=True nz=True ynz=True cond=True claim_agree=True upper=1708.95574310  CERT
917499803,0,1 RHO mem=True nz=True ynz=True cond=True claim_agree=True upper=0.950906312164  CERT
917499803,0,1 T   mem=True nz=True ynz=True cond=True claim_agree=True upper=2115.81865084  CERT
1000072059,0,1 RHO mem=True nz=True ynz=True cond=True claim_agree=True upper=0.946970560824  CERT
1000072059,0,1 T   mem=True nz=True ynz=True cond=True claim_agree=True upper=1951.27626723  CERT
FAMILY VERIFY n=7 l=1000906817 : EXCLUDED (components certified 32 / 32 ; lines 64 ; failed lines 0)
FAMILY VERIFY PASS
