FACTORIZATION: 32 irreducible factors of degree 2 over F_1000989889: OK (header deg/ncomp/bar_T agree)
24324571,0,1 RHO mem=True nz=True ynz=True cond=True claim_agree=True upper=0.911823459580  CERT
24324571,0,1 T   mem=True nz=True ynz=True cond=True claim_agree=True upper=2947.11969932  CERT
26983372,0,1 RHO mem=True nz=True ynz=True cond=True claim_agree=True upper=0.956062477453  CERT
26983372,0,1 T   mem=True nz=True ynz=True cond=True claim_agree=True upper=3043.88932648  CERT
30671708,0,1 RHO mem=True nz=True ynz=True cond=True claim_agree=True upper=0.958794900154  CERT
30671708,0,1 T   mem=True nz=True ynz=True cond=True claim_agree=True upper=2128.94312828  CERT
99376732,0,1 RHO mem=True nz=True ynz=True cond=True claim_agree=True upper=0.951063307897  CERT
99376732,0,1 T   mem=True nz=True ynz=True cond=True claim_agree=True upper=3053.35504032  CERT
121863802,0,1 RHO mem=True nz=True ynz=True cond=True claim_agree=True upper=0.977581928957  CERT
121863802,0,1 T   mem=True nz=True ynz=True cond=True claim_agree=True upper=2573.86385398  CERT
144966841,0,1 RHO mem=True nz=True ynz=True cond=True claim_agree=True upper=0.949892503631  CERT
144966841,0,1 T   mem=True nz=True ynz=True cond=True claim_agree=True upper=2104.77558131  CERT
157569766,0,1 RHO mem=True nz=True ynz=True cond=True claim_agree=True upper=0.956062477453  CERT
157569766,0,1 T   mem=True nz=True ynz=True cond=True claim_agree=True upper=2173.19959487  CERT
196932735,0,1 RHO mem=True nz=True ynz=True cond=True claim_agree=True upper=0.944963692463  CERT
196932735,0,1 T   mem=True nz=True ynz=True cond=True claim_agree=True upper=2985.42300008  CERT
200671334,0,1 RHO mem=True nz=True ynz=True cond=True claim_agree=True upper=0.911823459580  CERT
200671334,0,1 T   mem=True nz=True ynz=True cond=True claim_agree=True upper=1871.36626280  CERT
219924470,0,1 RHO mem=True nz=True ynz=True cond=True claim_agree=True upper=0.936532806564  CERT
219924470,0,1 T   mem=True nz=True ynz=True cond=True claim_agree=True upper=2451.99377004  CERT
240649470,0,1 RHO mem=True nz=True ynz=True cond=True claim_agree=True upper=0.958794900154  CERT
240649470,0,1 T   mem=True nz=True ynz=True cond=True claim_agree=True upper=3071.60167274  CERT
274529578,0,1 RHO mem=True nz=True ynz=True cond=True claim_agree=True upper=0.937968400398  CERT
274529578,0,1 T   mem=True nz=True ynz=True cond=True claim_agree=True upper=2404.75016198  CERT
315587282,0,1 RHO mem=True nz=True ynz=True cond=True claim_agree=True upper=0.949892503631  CERT
315587282,0,1 T   mem=True nz=True ynz=True cond=True claim_agree=True upper=2613.27106935  CERT
371715747,0,1 RHO mem=True nz=True ynz=True cond=True claim_agree=True upper=0.952938881620  CERT
371715747,0,1 T   mem=True nz=True ynz=True cond=True claim_agree=True upper=3058.25288100  CERT
442401610,0,1 RHO mem=True nz=True ynz=True cond=True claim_agree=True upper=0.952938881620  CERT
442401610,0,1 T   mem=True nz=True ynz=True cond=True claim_agree=True upper=2521.98710190  CERT
469421540,0,1 RHO mem=True nz=True ynz=True cond=True claim_agree=True upper=0.936532806564  CERT
469421540,0,1 T   mem=True nz=True ynz=True cond=True claim_agree=True upper=2867.19184546  CERT
531568349,0,1 RHO mem=True nz=True ynz=True cond=True claim_agree=True upper=0.984560573759  CERT
531568349,0,1 T   mem=True nz=True ynz=True cond=True claim_agree=True upper=2436.70675293  CERT
558588279,0,1 RHO mem=True nz=True ynz=True cond=True claim_agree=True upper=0.963719394937  CERT
558588279,0,1 T   mem=True nz=True ynz=True cond=True claim_agree=True upper=2595.58366480  CERT
629274142,0,1 RHO mem=True nz=True ynz=True cond=True claim_agree=True upper=0.963719394937  CERT
629274142,0,1 T   mem=True nz=True ynz=True cond=True claim_agree=True upper=2311.78809364  CERT
685402607,0,1 RHO mem=True nz=True ynz=True cond=True claim_agree=True upper=0.939885622817  CERT
685402607,0,1 T   mem=True nz=True ynz=True cond=True claim_agree=True upper=2870.03829039  CERT
726460311,0,1 RHO mem=True nz=True ynz=True cond=True claim_agree=True upper=0.951063307897  CERT
726460311,0,1 T   mem=True nz=True ynz=True cond=True claim_agree=True upper=2972.16129487  CERT
760340419,0,1 RHO mem=True nz=True ynz=True cond=True claim_agree=True upper=0.940572610125  CERT
760340419,0,1 T   mem=True nz=True ynz=True cond=True claim_agree=True upper=2748.77274322  CERT
781065419,0,1 RHO mem=True nz=True ynz=True cond=True claim_agree=True upper=0.984560573759  CERT
781065419,0,1 T   mem=True nz=True ynz=True cond=True claim_agree=True upper=2047.11926237  CERT
800318555,0,1 RHO mem=True nz=True ynz=True cond=True claim_agree=True upper=0.982304606824  CERT
800318555,0,1 T   mem=True nz=True ynz=True cond=True claim_agree=True upper=2760.33222711  CERT
804057154,0,1 RHO mem=True nz=True ynz=True cond=True claim_agree=True upper=0.977581928957  CERT
804057154,0,1 T   mem=True nz=True ynz=True cond=True claim_agree=True upper=2900.04664808  CERT
843420123,0,1 RHO mem=True nz=True ynz=True cond=True claim_agree=True upper=0.943254461710  CERT
843420123,0,1 T   mem=True nz=True ynz=True cond=True claim_agree=True upper=3083.86948775  CERT
856023048,0,1 RHO mem=True nz=True ynz=True cond=True claim_agree=True upper=0.939885622817  CERT
856023048,0,1 T   mem=True nz=True ynz=True cond=True claim_agree=True upper=2772.32619436  CERT
879126087,0,1 RHO mem=True nz=True ynz=True cond=True claim_agree=True upper=0.944963692463  CERT
879126087,0,1 T   mem=True nz=True ynz=True cond=True claim_agree=True upper=3268.41392596  CERT
901613157,0,1 RHO mem=True nz=True ynz=True cond=True claim_agree=True upper=0.937968400398  CERT
901613157,0,1 T   mem=True nz=True ynz=True cond=True claim_agree=True upper=2718.18568746  CERT
970318181,0,1 RHO mem=True nz=True ynz=True cond=True claim_agree=True upper=0.940572610125  CERT
970318181,0,1 T   mem=True nz=True ynz=True cond=True claim_agree=True upper=2439.00907914  CERT
974006517,0,1 RHO mem=True nz=True ynz=True cond=True claim_agree=True upper=0.943254461710  CERT
974006517,0,1 T   mem=True nz=True ynz=True cond=True claim_agree=True upper=1889.83346135  CERT
976665318,0,1 RHO mem=True nz=True ynz=True cond=True claim_agree=True upper=0.982304606824  CERT
976665318,0,1 T   mem=True nz=True ynz=True cond=True claim_agree=True upper=2187.20440372  CERT
FAMILY VERIFY n=7 l=1000989889 : EXCLUDED (components certified 32 / 32 ; lines 64 ; failed lines 0)
FAMILY VERIFY PASS
