FACTORIZATION: 32 irreducible factors of degree 2 over F_1000946113: OK (header deg/ncomp/bar_T agree)
36241348,0,1 RHO mem=True nz=True ynz=True cond=True claim_agree=True upper=0.950289611231  CERT
36241348,0,1 T   mem=True nz=True ynz=True cond=True claim_agree=True upper=2731.47781712  CERT
110093222,0,1 RHO mem=True nz=True ynz=True cond=True claim_agree=True upper=0.914644241460  CERT
110093222,0,1 T   mem=True nz=True ynz=True cond=True claim_agree=True upper=1702.57630170  CERT
130792410,0,1 RHO mem=True nz=True ynz=True cond=True claim_agree=True upper=0.935020348349  CERT
130792410,0,1 T   mem=True nz=True ynz=True cond=True claim_agree=True upper=2590.15079629  CERT
161674196,0,1 RHO mem=True nz=True ynz=True cond=True claim_agree=True upper=0.925478391661  CERT
161674196,0,1 T   mem=True nz=True ynz=True cond=True claim_agree=True upper=2297.27716438  CERT
187218726,0,1 RHO mem=True nz=True ynz=True cond=True claim_agree=True upper=0.935020348349  CERT
187218726,0,1 T   mem=True nz=True ynz=True cond=True claim_agree=True upper=2213.66852595  CERT
219392121,0,1 RHO mem=True nz=True ynz=True cond=True claim_agree=True upper=0.952002111784  CERT
219392121,0,1 T   mem=True nz=True ynz=True cond=True claim_agree=True upper=2078.31374796  CERT
257454197,0,1 RHO mem=True nz=True ynz=True cond=True claim_agree=True upper=0.861310439061  CERT
257454197,0,1 T   mem=True nz=True ynz=True cond=True claim_agree=True upper=1611.26556994  CERT
302450466,0,1 RHO mem=True nz=True ynz=True cond=True claim_agree=True upper=0.928370351269  CERT
302450466,0,1 T   mem=True nz=True ynz=True cond=True claim_agree=True upper=2168.40871104  CERT
317213454,0,1 RHO mem=True nz=True ynz=True cond=True claim_agree=True upper=0.932814447939  CERT
317213454,0,1 T   mem=True nz=True ynz=True cond=True claim_agree=True upper=2710.62012291  CERT
322354278,0,1 RHO mem=True nz=True ynz=True cond=True claim_agree=True upper=0.950289611231  CERT
322354278,0,1 T   mem=True nz=True ynz=True cond=True claim_agree=True upper=2677.39836403  CERT
357748984,0,1 RHO mem=True nz=True ynz=True cond=True claim_agree=True upper=0.861310439061  CERT
357748984,0,1 T   mem=True nz=True ynz=True cond=True claim_agree=True upper=3102.82775789  CERT
456508704,0,1 RHO mem=True nz=True ynz=True cond=True claim_agree=True upper=0.888524439593  CERT
456508704,0,1 T   mem=True nz=True ynz=True cond=True claim_agree=True upper=2148.40985507  CERT
482115743,0,1 RHO mem=True nz=True ynz=True cond=True claim_agree=True upper=0.901178807448  CERT
482115743,0,1 T   mem=True nz=True ynz=True cond=True claim_agree=True upper=2618.94995543  CERT
485883346,0,1 RHO mem=True nz=True ynz=True cond=True claim_agree=True upper=0.947731303281  CERT
485883346,0,1 T   mem=True nz=True ynz=True cond=True claim_agree=True upper=2899.64909823  CERT
488633641,0,1 RHO mem=True nz=True ynz=True cond=True claim_agree=True upper=0.936759916716  CERT
488633641,0,1 T   mem=True nz=True ynz=True cond=True claim_agree=True upper=2457.79164710  CERT
490901921,0,1 RHO mem=True nz=True ynz=True cond=True claim_agree=True upper=0.925478391661  CERT
490901921,0,1 T   mem=True nz=True ynz=True cond=True claim_agree=True upper=1952.39465526  CERT
510044192,0,1 RHO mem=True nz=True ynz=True cond=True claim_agree=True upper=0.930858824131  CERT
510044192,0,1 T   mem=True nz=True ynz=True cond=True claim_agree=True upper=2743.38203519  CERT
512312472,0,1 RHO mem=True nz=True ynz=True cond=True claim_agree=True upper=0.932814447939  CERT
512312472,0,1 T   mem=True nz=True ynz=True cond=True claim_agree=True upper=1973.31589740  CERT
515062767,0,1 RHO mem=True nz=True ynz=True cond=True claim_agree=True upper=0.914644241460  CERT
515062767,0,1 T   mem=True nz=True ynz=True cond=True claim_agree=True upper=2438.60443412  CERT
518830370,0,1 RHO mem=True nz=True ynz=True cond=True claim_agree=True upper=0.928370351269  CERT
518830370,0,1 T   mem=True nz=True ynz=True cond=True claim_agree=True upper=2091.84966172  CERT
544437409,0,1 RHO mem=True nz=True ynz=True cond=True claim_agree=True upper=0.952002111784  CERT
544437409,0,1 T   mem=True nz=True ynz=True cond=True claim_agree=True upper=2460.17715322  CERT
643197129,0,1 RHO mem=True nz=True ynz=True cond=True claim_agree=True upper=0.933969798776  CERT
643197129,0,1 T   mem=True nz=True ynz=True cond=True claim_agree=True upper=2651.22380859  CERT
678591835,0,1 RHO mem=True nz=True ynz=True cond=True claim_agree=True upper=0.929136523768  CERT
678591835,0,1 T   mem=True nz=True ynz=True cond=True claim_agree=True upper=2733.03521632  CERT
683732659,0,1 RHO mem=True nz=True ynz=True cond=True claim_agree=True upper=0.936759916716  CERT
683732659,0,1 T   mem=True nz=True ynz=True cond=True claim_agree=True upper=2354.70363685  CERT
698495647,0,1 RHO mem=True nz=True ynz=True cond=True claim_agree=True upper=0.901178807448  CERT
698495647,0,1 T   mem=True nz=True ynz=True cond=True claim_agree=True upper=2891.77549784  CERT
743491916,0,1 RHO mem=True nz=True ynz=True cond=True claim_agree=True upper=0.933969798776  CERT
743491916,0,1 T   mem=True nz=True ynz=True cond=True claim_agree=True upper=2508.51448461  CERT
781553992,0,1 RHO mem=True nz=True ynz=True cond=True claim_agree=True upper=0.888524439593  CERT
781553992,0,1 T   mem=True nz=True ynz=True cond=True claim_agree=True upper=2734.48128534  CERT
813727387,0,1 RHO mem=True nz=True ynz=True cond=True claim_agree=True upper=0.934609647219  CERT
813727387,0,1 T   mem=True nz=True ynz=True cond=True claim_agree=True upper=2485.50986619  CERT
839271917,0,1 RHO mem=True nz=True ynz=True cond=True claim_agree=True upper=0.930858824131  CERT
839271917,0,1 T   mem=True nz=True ynz=True cond=True claim_agree=True upper=2295.04036937  CERT
870153703,0,1 RHO mem=True nz=True ynz=True cond=True claim_agree=True upper=0.934609647219  CERT
870153703,0,1 T   mem=True nz=True ynz=True cond=True claim_agree=True upper=2112.38621145  CERT
890852891,0,1 RHO mem=True nz=True ynz=True cond=True claim_agree=True upper=0.947731303281  CERT
890852891,0,1 T   mem=True nz=True ynz=True cond=True claim_agree=True upper=2600.20127727  CERT
964704765,0,1 RHO mem=True nz=True ynz=True cond=True claim_agree=True upper=0.929136523768  CERT
964704765,0,1 T   mem=True nz=True ynz=True cond=True claim_agree=True upper=2499.99639642  CERT
FAMILY VERIFY n=7 l=1000946113 : EXCLUDED (components certified 32 / 32 ; lines 64 ; failed lines 0)
FAMILY VERIFY PASS
