FACTORIZATION: 32 irreducible factors of degree 2 over F_1000092097: OK (header deg/ncomp/bar_T agree)
9403805,0,1 RHO mem=True nz=True ynz=True cond=True claim_agree=True upper=0.950871018012  CERT
9403805,0,1 T   mem=True nz=True ynz=True cond=True claim_agree=True upper=2447.81727820  CERT
20822769,0,1 RHO mem=True nz=True ynz=True cond=True claim_agree=True upper=0.925246436779  CERT
20822769,0,1 T   mem=True nz=True ynz=True cond=True claim_agree=True upper=2040.89591631  CERT
50158688,0,1 RHO mem=True nz=True ynz=True cond=True claim_agree=True upper=0.956714014148  CERT
50158688,0,1 T   mem=True nz=True ynz=True cond=True claim_agree=True upper=2718.96809777  CERT
63169674,0,1 RHO mem=True nz=True ynz=True cond=True claim_agree=True upper=0.976971921522  CERT
63169674,0,1 T   mem=True nz=True ynz=True cond=True claim_agree=True upper=2172.60833289  CERT
112857100,0,1 RHO mem=True nz=True ynz=True cond=True claim_agree=True upper=0.970924008346  CERT
112857100,0,1 T   mem=True nz=True ynz=True cond=True claim_agree=True upper=2788.86042061  CERT
115186633,0,1 RHO mem=True nz=True ynz=True cond=True claim_agree=True upper=0.986951173666  CERT
115186633,0,1 T   mem=True nz=True ynz=True cond=True claim_agree=True upper=2964.03427795  CERT
133956541,0,1 RHO mem=True nz=True ynz=True cond=True claim_agree=True upper=0.921401257147  CERT
133956541,0,1 T   mem=True nz=True ynz=True cond=True claim_agree=True upper=2300.66164244  CERT
166483798,0,1 RHO mem=True nz=True ynz=True cond=True claim_agree=True upper=0.950871018012  CERT
166483798,0,1 T   mem=True nz=True ynz=True cond=True claim_agree=True upper=3037.85830646  CERT
187165587,0,1 RHO mem=True nz=True ynz=True cond=True claim_agree=True upper=0.927105483818  CERT
187165587,0,1 T   mem=True nz=True ynz=True cond=True claim_agree=True upper=2345.19503744  CERT
192993961,0,1 RHO mem=True nz=True ynz=True cond=True claim_agree=True upper=0.899179744694  CERT
192993961,0,1 T   mem=True nz=True ynz=True cond=True claim_agree=True upper=2554.21957407  CERT
201613417,0,1 RHO mem=True nz=True ynz=True cond=True claim_agree=True upper=0.976971921522  CERT
201613417,0,1 T   mem=True nz=True ynz=True cond=True claim_agree=True upper=2644.85995280  CERT
317158307,0,1 RHO mem=True nz=True ynz=True cond=True claim_agree=True upper=0.925246436779  CERT
317158307,0,1 T   mem=True nz=True ynz=True cond=True claim_agree=True upper=3136.18914729  CERT
388178395,0,1 RHO mem=True nz=True ynz=True cond=True claim_agree=True upper=0.926373224359  CERT
388178395,0,1 T   mem=True nz=True ynz=True cond=True claim_agree=True upper=2496.93923509  CERT
404467582,0,1 RHO mem=True nz=True ynz=True cond=True claim_agree=True upper=0.956714014148  CERT
404467582,0,1 T   mem=True nz=True ynz=True cond=True claim_agree=True upper=2933.79569029  CERT
408916265,0,1 RHO mem=True nz=True ynz=True cond=True claim_agree=True upper=0.926373224359  CERT
408916265,0,1 T   mem=True nz=True ynz=True cond=True claim_agree=True upper=2691.66285968  CERT
469579483,0,1 RHO mem=True nz=True ynz=True cond=True claim_agree=True upper=0.972749338315  CERT
469579483,0,1 T   mem=True nz=True ynz=True cond=True claim_agree=True upper=2785.63657062  CERT
530512614,0,1 RHO mem=True nz=True ynz=True cond=True claim_agree=True upper=0.927105483818  CERT
530512614,0,1 T   mem=True nz=True ynz=True cond=True claim_agree=True upper=3109.81561958  CERT
591175832,0,1 RHO mem=True nz=True ynz=True cond=True claim_agree=True upper=0.945336434764  CERT
591175832,0,1 T   mem=True nz=True ynz=True cond=True claim_agree=True upper=2979.37666664  CERT
595624515,0,1 RHO mem=True nz=True ynz=True cond=True claim_agree=True upper=0.935447364479  CERT
595624515,0,1 T   mem=True nz=True ynz=True cond=True claim_agree=True upper=2206.85817452  CERT
611913702,0,1 RHO mem=True nz=True ynz=True cond=True claim_agree=True upper=0.945336434764  CERT
611913702,0,1 T   mem=True nz=True ynz=True cond=True claim_agree=True upper=2439.84782965  CERT
682933790,0,1 RHO mem=True nz=True ynz=True cond=True claim_agree=True upper=0.962025440605  CERT
682933790,0,1 T   mem=True nz=True ynz=True cond=True claim_agree=True upper=2676.38242452  CERT
798478680,0,1 RHO mem=True nz=True ynz=True cond=True claim_agree=True upper=0.924672164100  CERT
798478680,0,1 T   mem=True nz=True ynz=True cond=True claim_agree=True upper=1800.44316165  CERT
807098136,0,1 RHO mem=True nz=True ynz=True cond=True claim_agree=True upper=0.970924008346  CERT
807098136,0,1 T   mem=True nz=True ynz=True cond=True claim_agree=True upper=2932.32524758  CERT
812926510,0,1 RHO mem=True nz=True ynz=True cond=True claim_agree=True upper=0.971454079451  CERT
812926510,0,1 T   mem=True nz=True ynz=True cond=True claim_agree=True upper=2810.23472619  CERT
833608299,0,1 RHO mem=True nz=True ynz=True cond=True claim_agree=True upper=0.934437947623  CERT
833608299,0,1 T   mem=True nz=True ynz=True cond=True claim_agree=True upper=3798.02873406  CERT
866135556,0,1 RHO mem=True nz=True ynz=True cond=True claim_agree=True upper=0.986951173666  CERT
866135556,0,1 T   mem=True nz=True ynz=True cond=True claim_agree=True upper=3203.57633526  CERT
884905464,0,1 RHO mem=True nz=True ynz=True cond=True claim_agree=True upper=0.921401257147  CERT
884905464,0,1 T   mem=True nz=True ynz=True cond=True claim_agree=True upper=2458.40788544  CERT
887234997,0,1 RHO mem=True nz=True ynz=True cond=True claim_agree=True upper=0.899179744694  CERT
887234997,0,1 T   mem=True nz=True ynz=True cond=True claim_agree=True upper=1884.76548843  CERT
936922423,0,1 RHO mem=True nz=True ynz=True cond=True claim_agree=True upper=0.924672164100  CERT
936922423,0,1 T   mem=True nz=True ynz=True cond=True claim_agree=True upper=2661.63344397  CERT
949933409,0,1 RHO mem=True nz=True ynz=True cond=True claim_agree=True upper=0.935447364479  CERT
949933409,0,1 T   mem=True nz=True ynz=True cond=True claim_agree=True upper=2259.12016958  CERT
979269328,0,1 RHO mem=True nz=True ynz=True cond=True claim_agree=True upper=0.962025440605  CERT
979269328,0,1 T   mem=True nz=True ynz=True cond=True claim_agree=True upper=2252.35707525  CERT
990688292,0,1 RHO mem=True nz=True ynz=True cond=True claim_agree=True upper=0.934437947623  CERT
990688292,0,1 T   mem=True nz=True ynz=True cond=True claim_agree=True upper=2236.06987027  CERT
FAMILY VERIFY n=7 l=1000092097 : EXCLUDED (components certified 32 / 32 ; lines 64 ; failed lines 0)
FAMILY VERIFY PASS
