FACTORIZATION: 32 irreducible factors of degree 2 over F_1001078977: OK (header deg/ncomp/bar_T agree)
21030340,0,1 RHO mem=True nz=True ynz=True cond=True claim_agree=True upper=0.926541000096  CERT
21030340,0,1 T   mem=True nz=True ynz=True cond=True claim_agree=True upper=2480.96723609  CERT
61014475,0,1 RHO mem=True nz=True ynz=True cond=True claim_agree=True upper=0.938186840079  CERT
61014475,0,1 T   mem=True nz=True ynz=True cond=True claim_agree=True upper=2015.99333138  CERT
110351628,0,1 RHO mem=True nz=True ynz=True cond=True claim_agree=True upper=0.936381237001  CERT
110351628,0,1 T   mem=True nz=True ynz=True cond=True claim_agree=True upper=2327.54004918  CERT
126880639,0,1 RHO mem=True nz=True ynz=True cond=True claim_agree=True upper=0.926541000096  CERT
126880639,0,1 T   mem=True nz=True ynz=True cond=True claim_agree=True upper=2829.69958555  CERT
165829975,0,1 RHO mem=True nz=True ynz=True cond=True claim_agree=True upper=0.919177582728  CERT
165829975,0,1 T   mem=True nz=True ynz=True cond=True claim_agree=True upper=1943.67904185  CERT
172172643,0,1 RHO mem=True nz=True ynz=True cond=True claim_agree=True upper=0.919177582728  CERT
172172643,0,1 T   mem=True nz=True ynz=True cond=True claim_agree=True upper=2205.37181946  CERT
187882707,0,1 RHO mem=True nz=True ynz=True cond=True claim_agree=True upper=0.942559992139  CERT
187882707,0,1 T   mem=True nz=True ynz=True cond=True claim_agree=True upper=2178.64462780  CERT
238109573,0,1 RHO mem=True nz=True ynz=True cond=True claim_agree=True upper=0.910967774738  CERT
238109573,0,1 T   mem=True nz=True ynz=True cond=True claim_agree=True upper=1949.49453799  CERT
240323156,0,1 RHO mem=True nz=True ynz=True cond=True claim_agree=True upper=0.938186840079  CERT
240323156,0,1 T   mem=True nz=True ynz=True cond=True claim_agree=True upper=2964.70495795  CERT
313788384,0,1 RHO mem=True nz=True ynz=True cond=True claim_agree=True upper=0.911351550598  CERT
313788384,0,1 T   mem=True nz=True ynz=True cond=True claim_agree=True upper=2182.30878431  CERT
399513829,0,1 RHO mem=True nz=True ynz=True cond=True claim_agree=True upper=0.888768757521  CERT
399513829,0,1 T   mem=True nz=True ynz=True cond=True claim_agree=True upper=2493.38794705  CERT
437839291,0,1 RHO mem=True nz=True ynz=True cond=True claim_agree=True upper=0.944267160828  CERT
437839291,0,1 T   mem=True nz=True ynz=True cond=True claim_agree=True upper=1875.16028315  CERT
447967812,0,1 RHO mem=True nz=True ynz=True cond=True claim_agree=True upper=0.934340125213  CERT
447967812,0,1 T   mem=True nz=True ynz=True cond=True claim_agree=True upper=2264.68112266  CERT
454098301,0,1 RHO mem=True nz=True ynz=True cond=True claim_agree=True upper=0.925537789525  CERT
454098301,0,1 T   mem=True nz=True ynz=True cond=True claim_agree=True upper=1780.34706585  CERT
463179527,0,1 RHO mem=True nz=True ynz=True cond=True claim_agree=True upper=0.910967774738  CERT
463179527,0,1 T   mem=True nz=True ynz=True cond=True claim_agree=True upper=2537.91495138  CERT
472196843,0,1 RHO mem=True nz=True ynz=True cond=True claim_agree=True upper=0.942559992139  CERT
472196843,0,1 T   mem=True nz=True ynz=True cond=True claim_agree=True upper=1871.58561848  CERT
528882134,0,1 RHO mem=True nz=True ynz=True cond=True claim_agree=True upper=0.910813023551  CERT
528882134,0,1 T   mem=True nz=True ynz=True cond=True claim_agree=True upper=2571.66106404  CERT
537899450,0,1 RHO mem=True nz=True ynz=True cond=True claim_agree=True upper=0.931315249397  CERT
537899450,0,1 T   mem=True nz=True ynz=True cond=True claim_agree=True upper=2601.57907263  CERT
546980676,0,1 RHO mem=True nz=True ynz=True cond=True claim_agree=True upper=0.936381237001  CERT
546980676,0,1 T   mem=True nz=True ynz=True cond=True claim_agree=True upper=2407.35985132  CERT
553111165,0,1 RHO mem=True nz=True ynz=True cond=True claim_agree=True upper=0.944267160828  CERT
553111165,0,1 T   mem=True nz=True ynz=True cond=True claim_agree=True upper=2550.79296850  CERT
563239686,0,1 RHO mem=True nz=True ynz=True cond=True claim_agree=True upper=0.934340125213  CERT
563239686,0,1 T   mem=True nz=True ynz=True cond=True claim_agree=True upper=2273.50852807  CERT
601565148,0,1 RHO mem=True nz=True ynz=True cond=True claim_agree=True upper=0.911351550598  CERT
601565148,0,1 T   mem=True nz=True ynz=True cond=True claim_agree=True upper=2174.87605859  CERT
687290593,0,1 RHO mem=True nz=True ynz=True cond=True claim_agree=True upper=0.888768757521  CERT
687290593,0,1 T   mem=True nz=True ynz=True cond=True claim_agree=True upper=2600.34148114  CERT
760755821,0,1 RHO mem=True nz=True ynz=True cond=True claim_agree=True upper=0.935529805961  CERT
760755821,0,1 T   mem=True nz=True ynz=True cond=True claim_agree=True upper=2073.86257520  CERT
762969404,0,1 RHO mem=True nz=True ynz=True cond=True claim_agree=True upper=0.931315249397  CERT
762969404,0,1 T   mem=True nz=True ynz=True cond=True claim_agree=True upper=2182.00042716  CERT
813196270,0,1 RHO mem=True nz=True ynz=True cond=True claim_agree=True upper=0.910813023551  CERT
813196270,0,1 T   mem=True nz=True ynz=True cond=True claim_agree=True upper=2666.59969237  CERT
828906334,0,1 RHO mem=True nz=True ynz=True cond=True claim_agree=True upper=0.921571436177  CERT
828906334,0,1 T   mem=True nz=True ynz=True cond=True claim_agree=True upper=2879.39981395  CERT
835249002,0,1 RHO mem=True nz=True ynz=True cond=True claim_agree=True upper=0.921571436177  CERT
835249002,0,1 T   mem=True nz=True ynz=True cond=True claim_agree=True upper=1888.19907337  CERT
874198338,0,1 RHO mem=True nz=True ynz=True cond=True claim_agree=True upper=0.946368943236  CERT
874198338,0,1 T   mem=True nz=True ynz=True cond=True claim_agree=True upper=3232.95684840  CERT
890727349,0,1 RHO mem=True nz=True ynz=True cond=True claim_agree=True upper=0.925537789525  CERT
890727349,0,1 T   mem=True nz=True ynz=True cond=True claim_agree=True upper=2273.88629336  CERT
940064502,0,1 RHO mem=True nz=True ynz=True cond=True claim_agree=True upper=0.935529805961  CERT
940064502,0,1 T   mem=True nz=True ynz=True cond=True claim_agree=True upper=1767.73155172  CERT
980048637,0,1 RHO mem=True nz=True ynz=True cond=True claim_agree=True upper=0.946368943236  CERT
980048637,0,1 T   mem=True nz=True ynz=True cond=True claim_agree=True upper=2132.48540772  CERT
FAMILY VERIFY n=7 l=1001078977 : EXCLUDED (components certified 32 / 32 ; lines 64 ; failed lines 0)
FAMILY VERIFY PASS
