FACTORIZATION: 32 irreducible factors of degree 2 over F_1000946369: OK (header deg/ncomp/bar_T agree)
28126023,0,1 RHO mem=True nz=True ynz=True cond=True claim_agree=True upper=0.882108681659  CERT
28126023,0,1 T   mem=True nz=True ynz=True cond=True claim_agree=True upper=2324.10170647  CERT
52164353,0,1 RHO mem=True nz=True ynz=True cond=True claim_agree=True upper=0.899962726279  CERT
52164353,0,1 T   mem=True nz=True ynz=True cond=True claim_agree=True upper=2720.05783984  CERT
155413861,0,1 RHO mem=True nz=True ynz=True cond=True claim_agree=True upper=0.904829994727  CERT
155413861,0,1 T   mem=True nz=True ynz=True cond=True claim_agree=True upper=2213.45293906  CERT
163798809,0,1 RHO mem=True nz=True ynz=True cond=True claim_agree=True upper=0.866162575901  CERT
163798809,0,1 T   mem=True nz=True ynz=True cond=True claim_agree=True upper=2869.71392848  CERT
195627047,0,1 RHO mem=True nz=True ynz=True cond=True claim_agree=True upper=0.899962726279  CERT
195627047,0,1 T   mem=True nz=True ynz=True cond=True claim_agree=True upper=1812.43633909  CERT
209093526,0,1 RHO mem=True nz=True ynz=True cond=True claim_agree=True upper=0.889724692737  CERT
209093526,0,1 T   mem=True nz=True ynz=True cond=True claim_agree=True upper=2476.72818085  CERT
212254500,0,1 RHO mem=True nz=True ynz=True cond=True claim_agree=True upper=0.890460427563  CERT
212254500,0,1 T   mem=True nz=True ynz=True cond=True claim_agree=True upper=2222.09092962  CERT
215730767,0,1 RHO mem=True nz=True ynz=True cond=True claim_agree=True upper=0.878472600444  CERT
215730767,0,1 T   mem=True nz=True ynz=True cond=True claim_agree=True upper=3045.60813280  CERT
227634389,0,1 RHO mem=True nz=True ynz=True cond=True claim_agree=True upper=0.917785809933  CERT
227634389,0,1 T   mem=True nz=True ynz=True cond=True claim_agree=True upper=2324.37382665  CERT
276404047,0,1 RHO mem=True nz=True ynz=True cond=True claim_agree=True upper=0.917785809933  CERT
276404047,0,1 T   mem=True nz=True ynz=True cond=True claim_agree=True upper=1814.41158820  CERT
280827103,0,1 RHO mem=True nz=True ynz=True cond=True claim_agree=True upper=0.866162575901  CERT
280827103,0,1 T   mem=True nz=True ynz=True cond=True claim_agree=True upper=2122.04492254  CERT
285676751,0,1 RHO mem=True nz=True ynz=True cond=True claim_agree=True upper=0.899586223703  CERT
285676751,0,1 T   mem=True nz=True ynz=True cond=True claim_agree=True upper=2398.25632357  CERT
372741770,0,1 RHO mem=True nz=True ynz=True cond=True claim_agree=True upper=0.899626096600  CERT
372741770,0,1 T   mem=True nz=True ynz=True cond=True claim_agree=True upper=2376.21220158  CERT
419595905,0,1 RHO mem=True nz=True ynz=True cond=True claim_agree=True upper=0.882108681659  CERT
419595905,0,1 T   mem=True nz=True ynz=True cond=True claim_agree=True upper=2526.73788298  CERT
436187630,0,1 RHO mem=True nz=True ynz=True cond=True claim_agree=True upper=0.885338923972  CERT
436187630,0,1 T   mem=True nz=True ynz=True cond=True claim_agree=True upper=1691.95045643  CERT
485771827,0,1 RHO mem=True nz=True ynz=True cond=True claim_agree=True upper=0.890460427563  CERT
485771827,0,1 T   mem=True nz=True ynz=True cond=True claim_agree=True upper=1948.88092039  CERT
515174542,0,1 RHO mem=True nz=True ynz=True cond=True claim_agree=True upper=0.895944578958  CERT
515174542,0,1 T   mem=True nz=True ynz=True cond=True claim_agree=True upper=2501.95447950  CERT
564758739,0,1 RHO mem=True nz=True ynz=True cond=True claim_agree=True upper=0.899626096600  CERT
564758739,0,1 T   mem=True nz=True ynz=True cond=True claim_agree=True upper=2745.57623169  CERT
581350464,0,1 RHO mem=True nz=True ynz=True cond=True claim_agree=True upper=0.908682665014  CERT
581350464,0,1 T   mem=True nz=True ynz=True cond=True claim_agree=True upper=3224.69339568  CERT
628204599,0,1 RHO mem=True nz=True ynz=True cond=True claim_agree=True upper=0.885338923972  CERT
628204599,0,1 T   mem=True nz=True ynz=True cond=True claim_agree=True upper=1911.02715668  CERT
715269618,0,1 RHO mem=True nz=True ynz=True cond=True claim_agree=True upper=0.889724692737  CERT
715269618,0,1 T   mem=True nz=True ynz=True cond=True claim_agree=True upper=2336.23367671  CERT
720119266,0,1 RHO mem=True nz=True ynz=True cond=True claim_agree=True upper=0.905609793612  CERT
720119266,0,1 T   mem=True nz=True ynz=True cond=True claim_agree=True upper=2352.60814782  CERT
724542322,0,1 RHO mem=True nz=True ynz=True cond=True claim_agree=True upper=0.881382175369  CERT
724542322,0,1 T   mem=True nz=True ynz=True cond=True claim_agree=True upper=2544.55452674  CERT
773311980,0,1 RHO mem=True nz=True ynz=True cond=True claim_agree=True upper=0.881382175369  CERT
773311980,0,1 T   mem=True nz=True ynz=True cond=True claim_agree=True upper=3184.78118417  CERT
785215602,0,1 RHO mem=True nz=True ynz=True cond=True claim_agree=True upper=0.904829994727  CERT
785215602,0,1 T   mem=True nz=True ynz=True cond=True claim_agree=True upper=2349.63594494  CERT
788691869,0,1 RHO mem=True nz=True ynz=True cond=True claim_agree=True upper=0.895944578958  CERT
788691869,0,1 T   mem=True nz=True ynz=True cond=True claim_agree=True upper=1568.62403320  CERT
791852843,0,1 RHO mem=True nz=True ynz=True cond=True claim_agree=True upper=0.899586223703  CERT
791852843,0,1 T   mem=True nz=True ynz=True cond=True claim_agree=True upper=2891.51027421  CERT
805319322,0,1 RHO mem=True nz=True ynz=True cond=True claim_agree=True upper=0.902234988355  CERT
805319322,0,1 T   mem=True nz=True ynz=True cond=True claim_agree=True upper=2317.53230641  CERT
837147560,0,1 RHO mem=True nz=True ynz=True cond=True claim_agree=True upper=0.905609793612  CERT
837147560,0,1 T   mem=True nz=True ynz=True cond=True claim_agree=True upper=2252.20014135  CERT
845532508,0,1 RHO mem=True nz=True ynz=True cond=True claim_agree=True upper=0.878472600444  CERT
845532508,0,1 T   mem=True nz=True ynz=True cond=True claim_agree=True upper=1925.25365633  CERT
948782016,0,1 RHO mem=True nz=True ynz=True cond=True claim_agree=True upper=0.902234988355  CERT
948782016,0,1 T   mem=True nz=True ynz=True cond=True claim_agree=True upper=3930.27871949  CERT
972820346,0,1 RHO mem=True nz=True ynz=True cond=True claim_agree=True upper=0.908682665014  CERT
972820346,0,1 T   mem=True nz=True ynz=True cond=True claim_agree=True upper=2193.33312142  CERT
FAMILY VERIFY n=7 l=1000946369 : EXCLUDED (components certified 32 / 32 ; lines 64 ; failed lines 0)
FAMILY VERIFY PASS
