FACTORIZATION: 32 irreducible factors of degree 2 over F_1000028993: OK (header deg/ncomp/bar_T agree)
11128690,0,1 RHO mem=True nz=True ynz=True cond=True claim_agree=True upper=0.922053153186  CERT
11128690,0,1 T   mem=True nz=True ynz=True cond=True claim_agree=True upper=2128.83518646  CERT
16779004,0,1 RHO mem=True nz=True ynz=True cond=True claim_agree=True upper=0.958225614125  CERT
16779004,0,1 T   mem=True nz=True ynz=True cond=True claim_agree=True upper=2082.19401626  CERT
84811812,0,1 RHO mem=True nz=True ynz=True cond=True claim_agree=True upper=0.952440405059  CERT
84811812,0,1 T   mem=True nz=True ynz=True cond=True claim_agree=True upper=2263.81633202  CERT
158750216,0,1 RHO mem=True nz=True ynz=True cond=True claim_agree=True upper=0.955243516722  CERT
158750216,0,1 T   mem=True nz=True ynz=True cond=True claim_agree=True upper=2326.27093940  CERT
187322036,0,1 RHO mem=True nz=True ynz=True cond=True claim_agree=True upper=0.952694224868  CERT
187322036,0,1 T   mem=True nz=True ynz=True cond=True claim_agree=True upper=2274.57328991  CERT
199103347,0,1 RHO mem=True nz=True ynz=True cond=True claim_agree=True upper=0.958225614125  CERT
199103347,0,1 T   mem=True nz=True ynz=True cond=True claim_agree=True upper=2466.55780206  CERT
201376952,0,1 RHO mem=True nz=True ynz=True cond=True claim_agree=True upper=0.952694224868  CERT
201376952,0,1 T   mem=True nz=True ynz=True cond=True claim_agree=True upper=1620.17152450  CERT
213222478,0,1 RHO mem=True nz=True ynz=True cond=True claim_agree=True upper=0.947971168058  CERT
213222478,0,1 T   mem=True nz=True ynz=True cond=True claim_agree=True upper=2373.48671323  CERT
247694836,0,1 RHO mem=True nz=True ynz=True cond=True claim_agree=True upper=0.978355737339  CERT
247694836,0,1 T   mem=True nz=True ynz=True cond=True claim_agree=True upper=1882.65499627  CERT
253950658,0,1 RHO mem=True nz=True ynz=True cond=True claim_agree=True upper=0.925586906894  CERT
253950658,0,1 T   mem=True nz=True ynz=True cond=True claim_agree=True upper=2322.25070386  CERT
274570799,0,1 RHO mem=True nz=True ynz=True cond=True claim_agree=True upper=0.950879480365  CERT
274570799,0,1 T   mem=True nz=True ynz=True cond=True claim_agree=True upper=2998.27519865  CERT
319277017,0,1 RHO mem=True nz=True ynz=True cond=True claim_agree=True upper=0.948623619883  CERT
319277017,0,1 T   mem=True nz=True ynz=True cond=True claim_agree=True upper=2556.41732283  CERT
345625809,0,1 RHO mem=True nz=True ynz=True cond=True claim_agree=True upper=0.946614160465  CERT
345625809,0,1 T   mem=True nz=True ynz=True cond=True claim_agree=True upper=1874.10417835  CERT
379184381,0,1 RHO mem=True nz=True ynz=True cond=True claim_agree=True upper=0.973823783146  CERT
379184381,0,1 T   mem=True nz=True ynz=True cond=True claim_agree=True upper=2089.37630134  CERT
404381014,0,1 RHO mem=True nz=True ynz=True cond=True claim_agree=True upper=0.962275013576  CERT
404381014,0,1 T   mem=True nz=True ynz=True cond=True claim_agree=True upper=2046.10651958  CERT
473701020,0,1 RHO mem=True nz=True ynz=True cond=True claim_agree=True upper=0.942239548631  CERT
473701020,0,1 T   mem=True nz=True ynz=True cond=True claim_agree=True upper=1749.76332719  CERT
526327973,0,1 RHO mem=True nz=True ynz=True cond=True claim_agree=True upper=0.947971168058  CERT
526327973,0,1 T   mem=True nz=True ynz=True cond=True claim_agree=True upper=3079.13412943  CERT
595647979,0,1 RHO mem=True nz=True ynz=True cond=True claim_agree=True upper=0.978355737339  CERT
595647979,0,1 T   mem=True nz=True ynz=True cond=True claim_agree=True upper=2520.09341252  CERT
620844612,0,1 RHO mem=True nz=True ynz=True cond=True claim_agree=True upper=0.950879480365  CERT
620844612,0,1 T   mem=True nz=True ynz=True cond=True claim_agree=True upper=2443.17810030  CERT
654403184,0,1 RHO mem=True nz=True ynz=True cond=True claim_agree=True upper=0.948623619883  CERT
654403184,0,1 T   mem=True nz=True ynz=True cond=True claim_agree=True upper=2516.83216951  CERT
680751976,0,1 RHO mem=True nz=True ynz=True cond=True claim_agree=True upper=0.946614160465  CERT
680751976,0,1 T   mem=True nz=True ynz=True cond=True claim_agree=True upper=2268.06045287  CERT
725458194,0,1 RHO mem=True nz=True ynz=True cond=True claim_agree=True upper=0.973823783146  CERT
725458194,0,1 T   mem=True nz=True ynz=True cond=True claim_agree=True upper=2361.91180870  CERT
746078335,0,1 RHO mem=True nz=True ynz=True cond=True claim_agree=True upper=0.955243516722  CERT
746078335,0,1 T   mem=True nz=True ynz=True cond=True claim_agree=True upper=2407.94294235  CERT
752334157,0,1 RHO mem=True nz=True ynz=True cond=True claim_agree=True upper=0.962275013576  CERT
752334157,0,1 T   mem=True nz=True ynz=True cond=True claim_agree=True upper=2357.21382115  CERT
786806515,0,1 RHO mem=True nz=True ynz=True cond=True claim_agree=True upper=0.942239548631  CERT
786806515,0,1 T   mem=True nz=True ynz=True cond=True claim_agree=True upper=2148.61753155  CERT
798652041,0,1 RHO mem=True nz=True ynz=True cond=True claim_agree=True upper=0.922967119018  CERT
798652041,0,1 T   mem=True nz=True ynz=True cond=True claim_agree=True upper=2364.98661139  CERT
800925646,0,1 RHO mem=True nz=True ynz=True cond=True claim_agree=True upper=0.960984083972  CERT
800925646,0,1 T   mem=True nz=True ynz=True cond=True claim_agree=True upper=2263.12324344  CERT
812706957,0,1 RHO mem=True nz=True ynz=True cond=True claim_agree=True upper=0.922967119018  CERT
812706957,0,1 T   mem=True nz=True ynz=True cond=True claim_agree=True upper=2032.37352312  CERT
841278777,0,1 RHO mem=True nz=True ynz=True cond=True claim_agree=True upper=0.925586906894  CERT
841278777,0,1 T   mem=True nz=True ynz=True cond=True claim_agree=True upper=2133.09831819  CERT
915217181,0,1 RHO mem=True nz=True ynz=True cond=True claim_agree=True upper=0.922053153186  CERT
915217181,0,1 T   mem=True nz=True ynz=True cond=True claim_agree=True upper=1797.98336874  CERT
983249989,0,1 RHO mem=True nz=True ynz=True cond=True claim_agree=True upper=0.960984083972  CERT
983249989,0,1 T   mem=True nz=True ynz=True cond=True claim_agree=True upper=3212.97250431  CERT
988900303,0,1 RHO mem=True nz=True ynz=True cond=True claim_agree=True upper=0.952440405059  CERT
988900303,0,1 T   mem=True nz=True ynz=True cond=True claim_agree=True upper=1937.50961487  CERT
FAMILY VERIFY n=7 l=1000028993 : EXCLUDED (components certified 32 / 32 ; lines 64 ; failed lines 0)
FAMILY VERIFY PASS
