FACTORIZATION: 32 irreducible factors of degree 2 over F_1001067713: OK (header deg/ncomp/bar_T agree)
20474348,0,1 RHO mem=True nz=True ynz=True cond=True claim_agree=True upper=0.888316066340  CERT
20474348,0,1 T   mem=True nz=True ynz=True cond=True claim_agree=True upper=2228.76477553  CERT
29670372,0,1 RHO mem=True nz=True ynz=True cond=True claim_agree=True upper=0.872849781780  CERT
29670372,0,1 T   mem=True nz=True ynz=True cond=True claim_agree=True upper=2773.95345746  CERT
105820871,0,1 RHO mem=True nz=True ynz=True cond=True claim_agree=True upper=0.861866680230  CERT
105820871,0,1 T   mem=True nz=True ynz=True cond=True claim_agree=True upper=1962.77300790  CERT
145800245,0,1 RHO mem=True nz=True ynz=True cond=True claim_agree=True upper=0.903973641369  CERT
145800245,0,1 T   mem=True nz=True ynz=True cond=True claim_agree=True upper=2375.68023446  CERT
239396646,0,1 RHO mem=True nz=True ynz=True cond=True claim_agree=True upper=0.895026451698  CERT
239396646,0,1 T   mem=True nz=True ynz=True cond=True claim_agree=True upper=2685.56197469  CERT
253418293,0,1 RHO mem=True nz=True ynz=True cond=True claim_agree=True upper=0.888477305121  CERT
253418293,0,1 T   mem=True nz=True ynz=True cond=True claim_agree=True upper=2689.88922791  CERT
266505181,0,1 RHO mem=True nz=True ynz=True cond=True claim_agree=True upper=0.872725393888  CERT
266505181,0,1 T   mem=True nz=True ynz=True cond=True claim_agree=True upper=2666.94022754  CERT
266984071,0,1 RHO mem=True nz=True ynz=True cond=True claim_agree=True upper=0.916726523187  CERT
266984071,0,1 T   mem=True nz=True ynz=True cond=True claim_agree=True upper=2843.82195779  CERT
282055549,0,1 RHO mem=True nz=True ynz=True cond=True claim_agree=True upper=0.921027855500  CERT
282055549,0,1 T   mem=True nz=True ynz=True cond=True claim_agree=True upper=2953.56657701  CERT
316707487,0,1 RHO mem=True nz=True ynz=True cond=True claim_agree=True upper=0.867659322876  CERT
316707487,0,1 T   mem=True nz=True ynz=True cond=True claim_agree=True upper=2286.66817642  CERT
319078389,0,1 RHO mem=True nz=True ynz=True cond=True claim_agree=True upper=0.920133378339  CERT
319078389,0,1 T   mem=True nz=True ynz=True cond=True claim_agree=True upper=2711.22488405  CERT
328108969,0,1 RHO mem=True nz=True ynz=True cond=True claim_agree=True upper=0.872725393888  CERT
328108969,0,1 T   mem=True nz=True ynz=True cond=True claim_agree=True upper=3066.31865606  CERT
367796167,0,1 RHO mem=True nz=True ynz=True cond=True claim_agree=True upper=0.888316066340  CERT
367796167,0,1 T   mem=True nz=True ynz=True cond=True claim_agree=True upper=2054.35068218  CERT
386107418,0,1 RHO mem=True nz=True ynz=True cond=True claim_agree=True upper=0.868570287165  CERT
386107418,0,1 T   mem=True nz=True ynz=True cond=True claim_agree=True upper=2493.95962363  CERT
395389696,0,1 RHO mem=True nz=True ynz=True cond=True claim_agree=True upper=0.872849781780  CERT
395389696,0,1 T   mem=True nz=True ynz=True cond=True claim_agree=True upper=2466.31534948  CERT
436273454,0,1 RHO mem=True nz=True ynz=True cond=True claim_agree=True upper=0.903973641369  CERT
436273454,0,1 T   mem=True nz=True ynz=True cond=True claim_agree=True upper=2944.53663130  CERT
564794259,0,1 RHO mem=True nz=True ynz=True cond=True claim_agree=True upper=0.913285196052  CERT
564794259,0,1 T   mem=True nz=True ynz=True cond=True claim_agree=True upper=2257.61456751  CERT
605678017,0,1 RHO mem=True nz=True ynz=True cond=True claim_agree=True upper=0.887391904715  CERT
605678017,0,1 T   mem=True nz=True ynz=True cond=True claim_agree=True upper=2538.85986150  CERT
614960295,0,1 RHO mem=True nz=True ynz=True cond=True claim_agree=True upper=0.916726523187  CERT
614960295,0,1 T   mem=True nz=True ynz=True cond=True claim_agree=True upper=2024.44295931  CERT
633271546,0,1 RHO mem=True nz=True ynz=True cond=True claim_agree=True upper=0.900848043735  CERT
633271546,0,1 T   mem=True nz=True ynz=True cond=True claim_agree=True upper=2729.78544798  CERT
672958744,0,1 RHO mem=True nz=True ynz=True cond=True claim_agree=True upper=0.924220540590  CERT
672958744,0,1 T   mem=True nz=True ynz=True cond=True claim_agree=True upper=2911.81777626  CERT
681989324,0,1 RHO mem=True nz=True ynz=True cond=True claim_agree=True upper=0.861866680230  CERT
681989324,0,1 T   mem=True nz=True ynz=True cond=True claim_agree=True upper=1989.41156666  CERT
684360226,0,1 RHO mem=True nz=True ynz=True cond=True claim_agree=True upper=0.921027855500  CERT
684360226,0,1 T   mem=True nz=True ynz=True cond=True claim_agree=True upper=2931.99548878  CERT
719012164,0,1 RHO mem=True nz=True ynz=True cond=True claim_agree=True upper=0.867659322876  CERT
719012164,0,1 T   mem=True nz=True ynz=True cond=True claim_agree=True upper=2547.20622801  CERT
734083642,0,1 RHO mem=True nz=True ynz=True cond=True claim_agree=True upper=0.868570287165  CERT
734083642,0,1 T   mem=True nz=True ynz=True cond=True claim_agree=True upper=2783.55382654  CERT
734562532,0,1 RHO mem=True nz=True ynz=True cond=True claim_agree=True upper=0.924220540590  CERT
734562532,0,1 T   mem=True nz=True ynz=True cond=True claim_agree=True upper=2503.56887946  CERT
747649420,0,1 RHO mem=True nz=True ynz=True cond=True claim_agree=True upper=0.895026451698  CERT
747649420,0,1 T   mem=True nz=True ynz=True cond=True claim_agree=True upper=2618.33614647  CERT
761671067,0,1 RHO mem=True nz=True ynz=True cond=True claim_agree=True upper=0.888477305121  CERT
761671067,0,1 T   mem=True nz=True ynz=True cond=True claim_agree=True upper=2423.07973459  CERT
855267468,0,1 RHO mem=True nz=True ynz=True cond=True claim_agree=True upper=0.913285196052  CERT
855267468,0,1 T   mem=True nz=True ynz=True cond=True claim_agree=True upper=2276.04937711  CERT
895246842,0,1 RHO mem=True nz=True ynz=True cond=True claim_agree=True upper=0.920133378339  CERT
895246842,0,1 T   mem=True nz=True ynz=True cond=True claim_agree=True upper=2624.38992990  CERT
971397341,0,1 RHO mem=True nz=True ynz=True cond=True claim_agree=True upper=0.887391904715  CERT
971397341,0,1 T   mem=True nz=True ynz=True cond=True claim_agree=True upper=2031.86255059  CERT
980593365,0,1 RHO mem=True nz=True ynz=True cond=True claim_agree=True upper=0.900848043735  CERT
980593365,0,1 T   mem=True nz=True ynz=True cond=True claim_agree=True upper=2285.99106018  CERT
FAMILY VERIFY n=7 l=1001067713 : EXCLUDED (components certified 32 / 32 ; lines 64 ; failed lines 0)
FAMILY VERIFY PASS
