FACTORIZATION: 32 irreducible factors of degree 2 over F_1001226689: OK (header deg/ncomp/bar_T agree)
47548473,0,1 RHO mem=True nz=True ynz=True cond=True claim_agree=True upper=0.922268350960  CERT
47548473,0,1 T   mem=True nz=True ynz=True cond=True claim_agree=True upper=2068.22838180  CERT
50994902,0,1 RHO mem=True nz=True ynz=True cond=True claim_agree=True upper=0.947948424316  CERT
50994902,0,1 T   mem=True nz=True ynz=True cond=True claim_agree=True upper=2204.53854383  CERT
62959178,0,1 RHO mem=True nz=True ynz=True cond=True claim_agree=True upper=0.959640675213  CERT
62959178,0,1 T   mem=True nz=True ynz=True cond=True claim_agree=True upper=2292.09508417  CERT
70730877,0,1 RHO mem=True nz=True ynz=True cond=True claim_agree=True upper=0.920717241958  CERT
70730877,0,1 T   mem=True nz=True ynz=True cond=True claim_agree=True upper=1891.22706569  CERT
96215552,0,1 RHO mem=True nz=True ynz=True cond=True claim_agree=True upper=0.927841040136  CERT
96215552,0,1 T   mem=True nz=True ynz=True cond=True claim_agree=True upper=1707.21018872  CERT
158766760,0,1 RHO mem=True nz=True ynz=True cond=True claim_agree=True upper=0.913406621777  CERT
158766760,0,1 T   mem=True nz=True ynz=True cond=True claim_agree=True upper=2014.77383790  CERT
160249203,0,1 RHO mem=True nz=True ynz=True cond=True claim_agree=True upper=0.959640675213  CERT
160249203,0,1 T   mem=True nz=True ynz=True cond=True claim_agree=True upper=2441.97217650  CERT
185703836,0,1 RHO mem=True nz=True ynz=True cond=True claim_agree=True upper=0.928990455068  CERT
185703836,0,1 T   mem=True nz=True ynz=True cond=True claim_agree=True upper=1828.54890806  CERT
258343037,0,1 RHO mem=True nz=True ynz=True cond=True claim_agree=True upper=0.967059546019  CERT
258343037,0,1 T   mem=True nz=True ynz=True cond=True claim_agree=True upper=2100.22089288  CERT
284816442,0,1 RHO mem=True nz=True ynz=True cond=True claim_agree=True upper=0.900392857097  CERT
284816442,0,1 T   mem=True nz=True ynz=True cond=True claim_agree=True upper=1821.99415638  CERT
381704582,0,1 RHO mem=True nz=True ynz=True cond=True claim_agree=True upper=0.928990455068  CERT
381704582,0,1 T   mem=True nz=True ynz=True cond=True claim_agree=True upper=2503.36324720  CERT
387545705,0,1 RHO mem=True nz=True ynz=True cond=True claim_agree=True upper=0.913406621777  CERT
387545705,0,1 T   mem=True nz=True ynz=True cond=True claim_agree=True upper=2029.00197861  CERT
419172858,0,1 RHO mem=True nz=True ynz=True cond=True claim_agree=True upper=0.927841040136  CERT
419172858,0,1 T   mem=True nz=True ynz=True cond=True claim_agree=True upper=1732.62536872  CERT
462482815,0,1 RHO mem=True nz=True ynz=True cond=True claim_agree=True upper=0.918977880543  CERT
462482815,0,1 T   mem=True nz=True ynz=True cond=True claim_agree=True upper=1907.26774058  CERT
476264699,0,1 RHO mem=True nz=True ynz=True cond=True claim_agree=True upper=0.937297997481  CERT
476264699,0,1 T   mem=True nz=True ynz=True cond=True claim_agree=True upper=2042.37355385  CERT
487109058,0,1 RHO mem=True nz=True ynz=True cond=True claim_agree=True upper=0.895835136486  CERT
487109058,0,1 T   mem=True nz=True ynz=True cond=True claim_agree=True upper=2064.54156928  CERT
514117631,0,1 RHO mem=True nz=True ynz=True cond=True claim_agree=True upper=0.922268350960  CERT
514117631,0,1 T   mem=True nz=True ynz=True cond=True claim_agree=True upper=1916.75047421  CERT
524961990,0,1 RHO mem=True nz=True ynz=True cond=True claim_agree=True upper=0.918977880543  CERT
524961990,0,1 T   mem=True nz=True ynz=True cond=True claim_agree=True upper=2394.28595646  CERT
538743874,0,1 RHO mem=True nz=True ynz=True cond=True claim_agree=True upper=0.937297997481  CERT
538743874,0,1 T   mem=True nz=True ynz=True cond=True claim_agree=True upper=2068.38402969  CERT
582053831,0,1 RHO mem=True nz=True ynz=True cond=True claim_agree=True upper=0.947223050813  CERT
582053831,0,1 T   mem=True nz=True ynz=True cond=True claim_agree=True upper=2323.89555941  CERT
613680984,0,1 RHO mem=True nz=True ynz=True cond=True claim_agree=True upper=0.926399660119  CERT
613680984,0,1 T   mem=True nz=True ynz=True cond=True claim_agree=True upper=1917.74690420  CERT
619522107,0,1 RHO mem=True nz=True ynz=True cond=True claim_agree=True upper=0.942868994787  CERT
619522107,0,1 T   mem=True nz=True ynz=True cond=True claim_agree=True upper=1887.52128664  CERT
716410247,0,1 RHO mem=True nz=True ynz=True cond=True claim_agree=True upper=0.967059546019  CERT
716410247,0,1 T   mem=True nz=True ynz=True cond=True claim_agree=True upper=2478.68366498  CERT
742883652,0,1 RHO mem=True nz=True ynz=True cond=True claim_agree=True upper=0.900392857097  CERT
742883652,0,1 T   mem=True nz=True ynz=True cond=True claim_agree=True upper=1606.34760865  CERT
815522853,0,1 RHO mem=True nz=True ynz=True cond=True claim_agree=True upper=0.942868994787  CERT
815522853,0,1 T   mem=True nz=True ynz=True cond=True claim_agree=True upper=1847.99052700  CERT
840977486,0,1 RHO mem=True nz=True ynz=True cond=True claim_agree=True upper=0.926826834667  CERT
840977486,0,1 T   mem=True nz=True ynz=True cond=True claim_agree=True upper=2011.92759292  CERT
842459929,0,1 RHO mem=True nz=True ynz=True cond=True claim_agree=True upper=0.926399660119  CERT
842459929,0,1 T   mem=True nz=True ynz=True cond=True claim_agree=True upper=1976.83295420  CERT
905011137,0,1 RHO mem=True nz=True ynz=True cond=True claim_agree=True upper=0.947223050813  CERT
905011137,0,1 T   mem=True nz=True ynz=True cond=True claim_agree=True upper=2149.05929554  CERT
930495812,0,1 RHO mem=True nz=True ynz=True cond=True claim_agree=True upper=0.947948424316  CERT
930495812,0,1 T   mem=True nz=True ynz=True cond=True claim_agree=True upper=1693.76894105  CERT
938267511,0,1 RHO mem=True nz=True ynz=True cond=True claim_agree=True upper=0.926826834667  CERT
938267511,0,1 T   mem=True nz=True ynz=True cond=True claim_agree=True upper=1671.68237477  CERT
950231787,0,1 RHO mem=True nz=True ynz=True cond=True claim_agree=True upper=0.920717241958  CERT
950231787,0,1 T   mem=True nz=True ynz=True cond=True claim_agree=True upper=1905.72967296  CERT
953678216,0,1 RHO mem=True nz=True ynz=True cond=True claim_agree=True upper=0.895835136486  CERT
953678216,0,1 T   mem=True nz=True ynz=True cond=True claim_agree=True upper=1506.82146703  CERT
FAMILY VERIFY n=7 l=1001226689 : EXCLUDED (components certified 32 / 32 ; lines 64 ; failed lines 0)
FAMILY VERIFY PASS
