FACTORIZATION: 32 irreducible factors of degree 2 over F_1000304321: OK (header deg/ncomp/bar_T agree)
6029546,0,1 RHO mem=True nz=True ynz=True cond=True claim_agree=True upper=0.938436253388  CERT
6029546,0,1 T   mem=True nz=True ynz=True cond=True claim_agree=True upper=1741.24316588  CERT
33006120,0,1 RHO mem=True nz=True ynz=True cond=True claim_agree=True upper=0.982183184768  CERT
33006120,0,1 T   mem=True nz=True ynz=True cond=True claim_agree=True upper=2759.45546980  CERT
83788182,0,1 RHO mem=True nz=True ynz=True cond=True claim_agree=True upper=0.938436253388  CERT
83788182,0,1 T   mem=True nz=True ynz=True cond=True claim_agree=True upper=2450.17286478  CERT
103100393,0,1 RHO mem=True nz=True ynz=True cond=True claim_agree=True upper=0.936159006064  CERT
103100393,0,1 T   mem=True nz=True ynz=True cond=True claim_agree=True upper=1868.36105736  CERT
114411183,0,1 RHO mem=True nz=True ynz=True cond=True claim_agree=True upper=0.956008243884  CERT
114411183,0,1 T   mem=True nz=True ynz=True cond=True claim_agree=True upper=2569.14463867  CERT
149578127,0,1 RHO mem=True nz=True ynz=True cond=True claim_agree=True upper=0.941124961258  CERT
149578127,0,1 T   mem=True nz=True ynz=True cond=True claim_agree=True upper=2566.88124910  CERT
162476370,0,1 RHO mem=True nz=True ynz=True cond=True claim_agree=True upper=0.954012617927  CERT
162476370,0,1 T   mem=True nz=True ynz=True cond=True claim_agree=True upper=2514.40841871  CERT
185140476,0,1 RHO mem=True nz=True ynz=True cond=True claim_agree=True upper=0.974025201466  CERT
185140476,0,1 T   mem=True nz=True ynz=True cond=True claim_agree=True upper=2353.72781568  CERT
244005703,0,1 RHO mem=True nz=True ynz=True cond=True claim_agree=True upper=0.956008243884  CERT
244005703,0,1 T   mem=True nz=True ynz=True cond=True claim_agree=True upper=2353.03410871  CERT
263100127,0,1 RHO mem=True nz=True ynz=True cond=True claim_agree=True upper=0.986364129894  CERT
263100127,0,1 T   mem=True nz=True ynz=True cond=True claim_agree=True upper=3652.21415494  CERT
276265308,0,1 RHO mem=True nz=True ynz=True cond=True claim_agree=True upper=0.974614303129  CERT
276265308,0,1 T   mem=True nz=True ynz=True cond=True claim_agree=True upper=2677.59129884  CERT
302416512,0,1 RHO mem=True nz=True ynz=True cond=True claim_agree=True upper=0.982183184768  CERT
302416512,0,1 T   mem=True nz=True ynz=True cond=True claim_agree=True upper=2699.06405345  CERT
341783017,0,1 RHO mem=True nz=True ynz=True cond=True claim_agree=True upper=0.986364129894  CERT
341783017,0,1 T   mem=True nz=True ynz=True cond=True claim_agree=True upper=2297.34676013  CERT
349182111,0,1 RHO mem=True nz=True ynz=True cond=True claim_agree=True upper=0.937318127204  CERT
349182111,0,1 T   mem=True nz=True ynz=True cond=True claim_agree=True upper=2117.46019212  CERT
364202006,0,1 RHO mem=True nz=True ynz=True cond=True claim_agree=True upper=0.937587967736  CERT
364202006,0,1 T   mem=True nz=True ynz=True cond=True claim_agree=True upper=2888.00702110  CERT
391472052,0,1 RHO mem=True nz=True ynz=True cond=True claim_agree=True upper=0.937318127204  CERT
391472052,0,1 T   mem=True nz=True ynz=True cond=True claim_agree=True upper=2490.46021499  CERT
608832269,0,1 RHO mem=True nz=True ynz=True cond=True claim_agree=True upper=0.972887565566  CERT
608832269,0,1 T   mem=True nz=True ynz=True cond=True claim_agree=True upper=2966.41980230  CERT
636102315,0,1 RHO mem=True nz=True ynz=True cond=True claim_agree=True upper=0.974614303129  CERT
636102315,0,1 T   mem=True nz=True ynz=True cond=True claim_agree=True upper=2043.99473722  CERT
651122210,0,1 RHO mem=True nz=True ynz=True cond=True claim_agree=True upper=0.972887565566  CERT
651122210,0,1 T   mem=True nz=True ynz=True cond=True claim_agree=True upper=2068.46343334  CERT
658521304,0,1 RHO mem=True nz=True ynz=True cond=True claim_agree=True upper=0.951216387195  CERT
658521304,0,1 T   mem=True nz=True ynz=True cond=True claim_agree=True upper=2784.24659032  CERT
697887809,0,1 RHO mem=True nz=True ynz=True cond=True claim_agree=True upper=0.952642264337  CERT
697887809,0,1 T   mem=True nz=True ynz=True cond=True claim_agree=True upper=2359.39336797  CERT
724039013,0,1 RHO mem=True nz=True ynz=True cond=True claim_agree=True upper=0.937587967736  CERT
724039013,0,1 T   mem=True nz=True ynz=True cond=True claim_agree=True upper=2732.49254908  CERT
737204194,0,1 RHO mem=True nz=True ynz=True cond=True claim_agree=True upper=0.951216387195  CERT
737204194,0,1 T   mem=True nz=True ynz=True cond=True claim_agree=True upper=2283.69789600  CERT
756298618,0,1 RHO mem=True nz=True ynz=True cond=True claim_agree=True upper=0.968121352830  CERT
756298618,0,1 T   mem=True nz=True ynz=True cond=True claim_agree=True upper=2416.77118790  CERT
815163845,0,1 RHO mem=True nz=True ynz=True cond=True claim_agree=True upper=0.954012617927  CERT
815163845,0,1 T   mem=True nz=True ynz=True cond=True claim_agree=True upper=2279.65054267  CERT
837827951,0,1 RHO mem=True nz=True ynz=True cond=True claim_agree=True upper=0.974025201466  CERT
837827951,0,1 T   mem=True nz=True ynz=True cond=True claim_agree=True upper=2949.82957870  CERT
850726194,0,1 RHO mem=True nz=True ynz=True cond=True claim_agree=True upper=0.936159006064  CERT
850726194,0,1 T   mem=True nz=True ynz=True cond=True claim_agree=True upper=1726.02194260  CERT
885893138,0,1 RHO mem=True nz=True ynz=True cond=True claim_agree=True upper=0.968121352830  CERT
885893138,0,1 T   mem=True nz=True ynz=True cond=True claim_agree=True upper=2283.21884680  CERT
897203928,0,1 RHO mem=True nz=True ynz=True cond=True claim_agree=True upper=0.941124961258  CERT
897203928,0,1 T   mem=True nz=True ynz=True cond=True claim_agree=True upper=2363.33772768  CERT
916516139,0,1 RHO mem=True nz=True ynz=True cond=True claim_agree=True upper=0.978343668762  CERT
916516139,0,1 T   mem=True nz=True ynz=True cond=True claim_agree=True upper=2580.25617139  CERT
967298201,0,1 RHO mem=True nz=True ynz=True cond=True claim_agree=True upper=0.952642264337  CERT
967298201,0,1 T   mem=True nz=True ynz=True cond=True claim_agree=True upper=2445.25658746  CERT
994274775,0,1 RHO mem=True nz=True ynz=True cond=True claim_agree=True upper=0.978343668762  CERT
994274775,0,1 T   mem=True nz=True ynz=True cond=True claim_agree=True upper=2164.33088199  CERT
FAMILY VERIFY n=7 l=1000304321 : EXCLUDED (components certified 32 / 32 ; lines 64 ; failed lines 0)
FAMILY VERIFY PASS
