FACTORIZATION: 32 irreducible factors of degree 2 over F_1000562881: OK (header deg/ncomp/bar_T agree)
79439546,0,1 RHO mem=True nz=True ynz=True cond=True claim_agree=True upper=0.960084276521  CERT
79439546,0,1 T   mem=True nz=True ynz=True cond=True claim_agree=True upper=2427.06239119  CERT
92586263,0,1 RHO mem=True nz=True ynz=True cond=True claim_agree=True upper=0.945846809857  CERT
92586263,0,1 T   mem=True nz=True ynz=True cond=True claim_agree=True upper=2358.55297582  CERT
112968507,0,1 RHO mem=True nz=True ynz=True cond=True claim_agree=True upper=0.921069374280  CERT
112968507,0,1 T   mem=True nz=True ynz=True cond=True claim_agree=True upper=2679.35691177  CERT
134043163,0,1 RHO mem=True nz=True ynz=True cond=True claim_agree=True upper=0.929102409676  CERT
134043163,0,1 T   mem=True nz=True ynz=True cond=True claim_agree=True upper=2457.16925074  CERT
158571266,0,1 RHO mem=True nz=True ynz=True cond=True claim_agree=True upper=0.931773784390  CERT
158571266,0,1 T   mem=True nz=True ynz=True cond=True claim_agree=True upper=2368.83324013  CERT
169287333,0,1 RHO mem=True nz=True ynz=True cond=True claim_agree=True upper=0.901579649536  CERT
169287333,0,1 T   mem=True nz=True ynz=True cond=True claim_agree=True upper=2699.57103161  CERT
231851902,0,1 RHO mem=True nz=True ynz=True cond=True claim_agree=True upper=0.945846809857  CERT
231851902,0,1 T   mem=True nz=True ynz=True cond=True claim_agree=True upper=2446.42362603  CERT
262131696,0,1 RHO mem=True nz=True ynz=True cond=True claim_agree=True upper=0.932414375207  CERT
262131696,0,1 T   mem=True nz=True ynz=True cond=True claim_agree=True upper=2565.95668454  CERT
275456302,0,1 RHO mem=True nz=True ynz=True cond=True claim_agree=True upper=0.951120431086  CERT
275456302,0,1 T   mem=True nz=True ynz=True cond=True claim_agree=True upper=2566.05594135  CERT
280850101,0,1 RHO mem=True nz=True ynz=True cond=True claim_agree=True upper=0.979024481712  CERT
280850101,0,1 T   mem=True nz=True ynz=True cond=True claim_agree=True upper=2901.58021972  CERT
320390288,0,1 RHO mem=True nz=True ynz=True cond=True claim_agree=True upper=0.981713260622  CERT
320390288,0,1 T   mem=True nz=True ynz=True cond=True claim_agree=True upper=2982.54342816  CERT
342915540,0,1 RHO mem=True nz=True ynz=True cond=True claim_agree=True upper=0.971443903079  CERT
342915540,0,1 T   mem=True nz=True ynz=True cond=True claim_agree=True upper=2529.52939225  CERT
355285372,0,1 RHO mem=True nz=True ynz=True cond=True claim_agree=True upper=0.960084276521  CERT
355285372,0,1 T   mem=True nz=True ynz=True cond=True claim_agree=True upper=2033.41001340  CERT
404846293,0,1 RHO mem=True nz=True ynz=True cond=True claim_agree=True upper=0.954681496855  CERT
404846293,0,1 T   mem=True nz=True ynz=True cond=True claim_agree=True upper=3249.97535931  CERT
408025095,0,1 RHO mem=True nz=True ynz=True cond=True claim_agree=True upper=0.935303634451  CERT
408025095,0,1 T   mem=True nz=True ynz=True cond=True claim_agree=True upper=2777.49569078  CERT
451528006,0,1 RHO mem=True nz=True ynz=True cond=True claim_agree=True upper=0.938818759016  CERT
451528006,0,1 T   mem=True nz=True ynz=True cond=True claim_agree=True upper=2621.24800025  CERT
549034875,0,1 RHO mem=True nz=True ynz=True cond=True claim_agree=True upper=0.932414375207  CERT
549034875,0,1 T   mem=True nz=True ynz=True cond=True claim_agree=True upper=2245.18732342  CERT
592537786,0,1 RHO mem=True nz=True ynz=True cond=True claim_agree=True upper=0.929102409676  CERT
592537786,0,1 T   mem=True nz=True ynz=True cond=True claim_agree=True upper=2614.21446768  CERT
595716588,0,1 RHO mem=True nz=True ynz=True cond=True claim_agree=True upper=0.951120431086  CERT
595716588,0,1 T   mem=True nz=True ynz=True cond=True claim_agree=True upper=2562.62099686  CERT
645277509,0,1 RHO mem=True nz=True ynz=True cond=True claim_agree=True upper=0.957889530962  CERT
645277509,0,1 T   mem=True nz=True ynz=True cond=True claim_agree=True upper=3016.04918308  CERT
657647341,0,1 RHO mem=True nz=True ynz=True cond=True claim_agree=True upper=0.931773784390  CERT
657647341,0,1 T   mem=True nz=True ynz=True cond=True claim_agree=True upper=2359.39707337  CERT
680172593,0,1 RHO mem=True nz=True ynz=True cond=True claim_agree=True upper=0.901579649536  CERT
680172593,0,1 T   mem=True nz=True ynz=True cond=True claim_agree=True upper=2628.25158885  CERT
719712780,0,1 RHO mem=True nz=True ynz=True cond=True claim_agree=True upper=0.921069374280  CERT
719712780,0,1 T   mem=True nz=True ynz=True cond=True claim_agree=True upper=2141.71800812  CERT
725106579,0,1 RHO mem=True nz=True ynz=True cond=True claim_agree=True upper=0.954681496855  CERT
725106579,0,1 T   mem=True nz=True ynz=True cond=True claim_agree=True upper=2502.92250561  CERT
738431185,0,1 RHO mem=True nz=True ynz=True cond=True claim_agree=True upper=0.938818759016  CERT
738431185,0,1 T   mem=True nz=True ynz=True cond=True claim_agree=True upper=2547.28393505  CERT
768710979,0,1 RHO mem=True nz=True ynz=True cond=True claim_agree=True upper=0.980691736751  CERT
768710979,0,1 T   mem=True nz=True ynz=True cond=True claim_agree=True upper=2329.12375699  CERT
831275548,0,1 RHO mem=True nz=True ynz=True cond=True claim_agree=True upper=0.981713260622  CERT
831275548,0,1 T   mem=True nz=True ynz=True cond=True claim_agree=True upper=2790.19422681  CERT
841991615,0,1 RHO mem=True nz=True ynz=True cond=True claim_agree=True upper=0.971443903079  CERT
841991615,0,1 T   mem=True nz=True ynz=True cond=True claim_agree=True upper=2949.41852485  CERT
866519718,0,1 RHO mem=True nz=True ynz=True cond=True claim_agree=True upper=0.935303634451  CERT
866519718,0,1 T   mem=True nz=True ynz=True cond=True claim_agree=True upper=2610.54118277  CERT
887594374,0,1 RHO mem=True nz=True ynz=True cond=True claim_agree=True upper=0.979024481712  CERT
887594374,0,1 T   mem=True nz=True ynz=True cond=True claim_agree=True upper=2851.33299833  CERT
907976618,0,1 RHO mem=True nz=True ynz=True cond=True claim_agree=True upper=0.980691736751  CERT
907976618,0,1 T   mem=True nz=True ynz=True cond=True claim_agree=True upper=2530.66519289  CERT
921123335,0,1 RHO mem=True nz=True ynz=True cond=True claim_agree=True upper=0.957889530962  CERT
921123335,0,1 T   mem=True nz=True ynz=True cond=True claim_agree=True upper=2169.27403755  CERT
FAMILY VERIFY n=7 l=1000562881 : EXCLUDED (components certified 32 / 32 ; lines 64 ; failed lines 0)
FAMILY VERIFY PASS
