FACTORIZATION: 32 irreducible factors of degree 2 over F_1000007873: OK (header deg/ncomp/bar_T agree)
21535249,0,1 RHO mem=True nz=True ynz=True cond=True claim_agree=True upper=0.935512193841  CERT
21535249,0,1 T   mem=True nz=True ynz=True cond=True claim_agree=True upper=2257.35417305  CERT
62605676,0,1 RHO mem=True nz=True ynz=True cond=True claim_agree=True upper=0.917848183794  CERT
62605676,0,1 T   mem=True nz=True ynz=True cond=True claim_agree=True upper=1721.01907649  CERT
62910848,0,1 RHO mem=True nz=True ynz=True cond=True claim_agree=True upper=0.883027326225  CERT
62910848,0,1 T   mem=True nz=True ynz=True cond=True claim_agree=True upper=2178.96819074  CERT
86090797,0,1 RHO mem=True nz=True ynz=True cond=True claim_agree=True upper=0.914208080610  CERT
86090797,0,1 T   mem=True nz=True ynz=True cond=True claim_agree=True upper=1953.70524195  CERT
131186588,0,1 RHO mem=True nz=True ynz=True cond=True claim_agree=True upper=0.890434495283  CERT
131186588,0,1 T   mem=True nz=True ynz=True cond=True claim_agree=True upper=1866.02686299  CERT
137415543,0,1 RHO mem=True nz=True ynz=True cond=True claim_agree=True upper=0.915698920861  CERT
137415543,0,1 T   mem=True nz=True ynz=True cond=True claim_agree=True upper=2582.32337420  CERT
147168671,0,1 RHO mem=True nz=True ynz=True cond=True claim_agree=True upper=0.930325459036  CERT
147168671,0,1 T   mem=True nz=True ynz=True cond=True claim_agree=True upper=2083.84254730  CERT
166469480,0,1 RHO mem=True nz=True ynz=True cond=True claim_agree=True upper=0.890545867389  CERT
166469480,0,1 T   mem=True nz=True ynz=True cond=True claim_agree=True upper=2195.19380567  CERT
274288897,0,1 RHO mem=True nz=True ynz=True cond=True claim_agree=True upper=0.920918909085  CERT
274288897,0,1 T   mem=True nz=True ynz=True cond=True claim_agree=True upper=2377.54033997  CERT
302286313,0,1 RHO mem=True nz=True ynz=True cond=True claim_agree=True upper=0.862170290868  CERT
302286313,0,1 T   mem=True nz=True ynz=True cond=True claim_agree=True upper=1751.11036333  CERT
344921770,0,1 RHO mem=True nz=True ynz=True cond=True claim_agree=True upper=0.888356747170  CERT
344921770,0,1 T   mem=True nz=True ynz=True cond=True claim_agree=True upper=1719.34865502  CERT
349615102,0,1 RHO mem=True nz=True ynz=True cond=True claim_agree=True upper=0.935512193841  CERT
349615102,0,1 T   mem=True nz=True ynz=True cond=True claim_agree=True upper=2115.84850232  CERT
400329805,0,1 RHO mem=True nz=True ynz=True cond=True claim_agree=True upper=0.862170290868  CERT
400329805,0,1 T   mem=True nz=True ynz=True cond=True claim_agree=True upper=2532.64438099  CERT
474749601,0,1 RHO mem=True nz=True ynz=True cond=True claim_agree=True upper=0.932196784194  CERT
474749601,0,1 T   mem=True nz=True ynz=True cond=True claim_agree=True upper=2405.63492047  CERT
486343260,0,1 RHO mem=True nz=True ynz=True cond=True claim_agree=True upper=0.903615855492  CERT
486343260,0,1 T   mem=True nz=True ynz=True cond=True claim_agree=True upper=2635.71022671  CERT
487783878,0,1 RHO mem=True nz=True ynz=True cond=True claim_agree=True upper=0.917848183794  CERT
487783878,0,1 T   mem=True nz=True ynz=True cond=True claim_agree=True upper=1706.15377319  CERT
512223995,0,1 RHO mem=True nz=True ynz=True cond=True claim_agree=True upper=0.911209123901  CERT
512223995,0,1 T   mem=True nz=True ynz=True cond=True claim_agree=True upper=1915.81883268  CERT
513664613,0,1 RHO mem=True nz=True ynz=True cond=True claim_agree=True upper=0.915698920861  CERT
513664613,0,1 T   mem=True nz=True ynz=True cond=True claim_agree=True upper=2353.03538449  CERT
525258272,0,1 RHO mem=True nz=True ynz=True cond=True claim_agree=True upper=0.890545867389  CERT
525258272,0,1 T   mem=True nz=True ynz=True cond=True claim_agree=True upper=2345.71992296  CERT
599678068,0,1 RHO mem=True nz=True ynz=True cond=True claim_agree=True upper=0.933593838398  CERT
599678068,0,1 T   mem=True nz=True ynz=True cond=True claim_agree=True upper=1828.05532922  CERT
650392771,0,1 RHO mem=True nz=True ynz=True cond=True claim_agree=True upper=0.874216274697  CERT
650392771,0,1 T   mem=True nz=True ynz=True cond=True claim_agree=True upper=1971.59449735  CERT
655086103,0,1 RHO mem=True nz=True ynz=True cond=True claim_agree=True upper=0.920918909085  CERT
655086103,0,1 T   mem=True nz=True ynz=True cond=True claim_agree=True upper=2117.35576812  CERT
697721560,0,1 RHO mem=True nz=True ynz=True cond=True claim_agree=True upper=0.933593838398  CERT
697721560,0,1 T   mem=True nz=True ynz=True cond=True claim_agree=True upper=1793.36157361  CERT
725718976,0,1 RHO mem=True nz=True ynz=True cond=True claim_agree=True upper=0.888356747170  CERT
725718976,0,1 T   mem=True nz=True ynz=True cond=True claim_agree=True upper=2179.64716795  CERT
833538393,0,1 RHO mem=True nz=True ynz=True cond=True claim_agree=True upper=0.932196784194  CERT
833538393,0,1 T   mem=True nz=True ynz=True cond=True claim_agree=True upper=2128.30965086  CERT
852839202,0,1 RHO mem=True nz=True ynz=True cond=True claim_agree=True upper=0.883027326225  CERT
852839202,0,1 T   mem=True nz=True ynz=True cond=True claim_agree=True upper=1931.88957592  CERT
862592330,0,1 RHO mem=True nz=True ynz=True cond=True claim_agree=True upper=0.903615855492  CERT
862592330,0,1 T   mem=True nz=True ynz=True cond=True claim_agree=True upper=2073.85684213  CERT
868821285,0,1 RHO mem=True nz=True ynz=True cond=True claim_agree=True upper=0.914208080610  CERT
868821285,0,1 T   mem=True nz=True ynz=True cond=True claim_agree=True upper=2143.18211715  CERT
913917076,0,1 RHO mem=True nz=True ynz=True cond=True claim_agree=True upper=0.890434495283  CERT
913917076,0,1 T   mem=True nz=True ynz=True cond=True claim_agree=True upper=2562.67431510  CERT
937097025,0,1 RHO mem=True nz=True ynz=True cond=True claim_agree=True upper=0.930325459036  CERT
937097025,0,1 T   mem=True nz=True ynz=True cond=True claim_agree=True upper=2352.03763657  CERT
937402197,0,1 RHO mem=True nz=True ynz=True cond=True claim_agree=True upper=0.911209123901  CERT
937402197,0,1 T   mem=True nz=True ynz=True cond=True claim_agree=True upper=2610.70718936  CERT
978472624,0,1 RHO mem=True nz=True ynz=True cond=True claim_agree=True upper=0.874216274697  CERT
978472624,0,1 T   mem=True nz=True ynz=True cond=True claim_agree=True upper=1957.85548043  CERT
FAMILY VERIFY n=7 l=1000007873 : EXCLUDED (components certified 32 / 32 ; lines 64 ; failed lines 0)
FAMILY VERIFY PASS
