FACTORIZATION: 32 irreducible factors of degree 2 over F_1001181121: OK (header deg/ncomp/bar_T agree)
40906380,0,1 RHO mem=True nz=True ynz=True cond=True claim_agree=True upper=0.950632420381  CERT
40906380,0,1 T   mem=True nz=True ynz=True cond=True claim_agree=True upper=3146.66743288  CERT
48326630,0,1 RHO mem=True nz=True ynz=True cond=True claim_agree=True upper=0.983308573282  CERT
48326630,0,1 T   mem=True nz=True ynz=True cond=True claim_agree=True upper=3079.86338850  CERT
85898335,0,1 RHO mem=True nz=True ynz=True cond=True claim_agree=True upper=0.942052465306  CERT
85898335,0,1 T   mem=True nz=True ynz=True cond=True claim_agree=True upper=2326.89668467  CERT
86368176,0,1 RHO mem=True nz=True ynz=True cond=True claim_agree=True upper=0.952459338118  CERT
86368176,0,1 T   mem=True nz=True ynz=True cond=True claim_agree=True upper=2140.70244926  CERT
92488694,0,1 RHO mem=True nz=True ynz=True cond=True claim_agree=True upper=0.979737866758  CERT
92488694,0,1 T   mem=True nz=True ynz=True cond=True claim_agree=True upper=3511.39120776  CERT
109383718,0,1 RHO mem=True nz=True ynz=True cond=True claim_agree=True upper=0.952459338118  CERT
109383718,0,1 T   mem=True nz=True ynz=True cond=True claim_agree=True upper=2253.30921135  CERT
133154329,0,1 RHO mem=True nz=True ynz=True cond=True claim_agree=True upper=0.930112980181  CERT
133154329,0,1 T   mem=True nz=True ynz=True cond=True claim_agree=True upper=2370.08294582  CERT
156443610,0,1 RHO mem=True nz=True ynz=True cond=True claim_agree=True upper=0.980846691107  CERT
156443610,0,1 T   mem=True nz=True ynz=True cond=True claim_agree=True upper=2830.47760786  CERT
244914121,0,1 RHO mem=True nz=True ynz=True cond=True claim_agree=True upper=0.929369578848  CERT
244914121,0,1 T   mem=True nz=True ynz=True cond=True claim_agree=True upper=2054.88212866  CERT
314986431,0,1 RHO mem=True nz=True ynz=True cond=True claim_agree=True upper=0.973701514581  CERT
314986431,0,1 T   mem=True nz=True ynz=True cond=True claim_agree=True upper=2620.74657496  CERT
365262149,0,1 RHO mem=True nz=True ynz=True cond=True claim_agree=True upper=0.970438750260  CERT
365262149,0,1 T   mem=True nz=True ynz=True cond=True claim_agree=True upper=2325.97341901  CERT
378778310,0,1 RHO mem=True nz=True ynz=True cond=True claim_agree=True upper=0.984170743697  CERT
378778310,0,1 T   mem=True nz=True ynz=True cond=True claim_agree=True upper=2918.34907612  CERT
423122217,0,1 RHO mem=True nz=True ynz=True cond=True claim_agree=True upper=0.950632420381  CERT
423122217,0,1 T   mem=True nz=True ynz=True cond=True claim_agree=True upper=3085.05023188  CERT
450924063,0,1 RHO mem=True nz=True ynz=True cond=True claim_agree=True upper=0.911522504958  CERT
450924063,0,1 T   mem=True nz=True ynz=True cond=True claim_agree=True upper=2617.44756172  CERT
477882986,0,1 RHO mem=True nz=True ynz=True cond=True claim_agree=True upper=0.959215370646  CERT
477882986,0,1 T   mem=True nz=True ynz=True cond=True claim_agree=True upper=2860.61993470  CERT
499711119,0,1 RHO mem=True nz=True ynz=True cond=True claim_agree=True upper=0.984663359819  CERT
499711119,0,1 T   mem=True nz=True ynz=True cond=True claim_agree=True upper=3500.72118145  CERT
501470002,0,1 RHO mem=True nz=True ynz=True cond=True claim_agree=True upper=0.911522504958  CERT
501470002,0,1 T   mem=True nz=True ynz=True cond=True claim_agree=True upper=2642.66042250  CERT
523298135,0,1 RHO mem=True nz=True ynz=True cond=True claim_agree=True upper=0.980846691107  CERT
523298135,0,1 T   mem=True nz=True ynz=True cond=True claim_agree=True upper=2885.54512109  CERT
550257058,0,1 RHO mem=True nz=True ynz=True cond=True claim_agree=True upper=0.984663359819  CERT
550257058,0,1 T   mem=True nz=True ynz=True cond=True claim_agree=True upper=2648.68503423  CERT
578058904,0,1 RHO mem=True nz=True ynz=True cond=True claim_agree=True upper=0.954372756711  CERT
578058904,0,1 T   mem=True nz=True ynz=True cond=True claim_agree=True upper=2538.39005567  CERT
622402811,0,1 RHO mem=True nz=True ynz=True cond=True claim_agree=True upper=0.930112980181  CERT
622402811,0,1 T   mem=True nz=True ynz=True cond=True claim_agree=True upper=2761.62962247  CERT
635918972,0,1 RHO mem=True nz=True ynz=True cond=True claim_agree=True upper=0.942052465306  CERT
635918972,0,1 T   mem=True nz=True ynz=True cond=True claim_agree=True upper=2207.26153247  CERT
686194690,0,1 RHO mem=True nz=True ynz=True cond=True claim_agree=True upper=0.979737866758  CERT
686194690,0,1 T   mem=True nz=True ynz=True cond=True claim_agree=True upper=2500.84044843  CERT
756267000,0,1 RHO mem=True nz=True ynz=True cond=True claim_agree=True upper=0.983308573282  CERT
756267000,0,1 T   mem=True nz=True ynz=True cond=True claim_agree=True upper=3131.78151144  CERT
844737511,0,1 RHO mem=True nz=True ynz=True cond=True claim_agree=True upper=0.959215370646  CERT
844737511,0,1 T   mem=True nz=True ynz=True cond=True claim_agree=True upper=2333.35095327  CERT
868026792,0,1 RHO mem=True nz=True ynz=True cond=True claim_agree=True upper=0.984170743697  CERT
868026792,0,1 T   mem=True nz=True ynz=True cond=True claim_agree=True upper=2353.94375298  CERT
891797403,0,1 RHO mem=True nz=True ynz=True cond=True claim_agree=True upper=0.944205643516  CERT
891797403,0,1 T   mem=True nz=True ynz=True cond=True claim_agree=True upper=3278.88060239  CERT
908692427,0,1 RHO mem=True nz=True ynz=True cond=True claim_agree=True upper=0.973701514581  CERT
908692427,0,1 T   mem=True nz=True ynz=True cond=True claim_agree=True upper=3171.04907853  CERT
914812945,0,1 RHO mem=True nz=True ynz=True cond=True claim_agree=True upper=0.944205643516  CERT
914812945,0,1 T   mem=True nz=True ynz=True cond=True claim_agree=True upper=3063.47772356  CERT
915282786,0,1 RHO mem=True nz=True ynz=True cond=True claim_agree=True upper=0.970438750260  CERT
915282786,0,1 T   mem=True nz=True ynz=True cond=True claim_agree=True upper=2734.00617921  CERT
952854491,0,1 RHO mem=True nz=True ynz=True cond=True claim_agree=True upper=0.929369578848  CERT
952854491,0,1 T   mem=True nz=True ynz=True cond=True claim_agree=True upper=2921.27963460  CERT
960274741,0,1 RHO mem=True nz=True ynz=True cond=True claim_agree=True upper=0.954372756711  CERT
960274741,0,1 T   mem=True nz=True ynz=True cond=True claim_agree=True upper=2805.35222396  CERT
FAMILY VERIFY n=7 l=1001181121 : EXCLUDED (components certified 32 / 32 ; lines 64 ; failed lines 0)
FAMILY VERIFY PASS
