FACTORIZATION: 32 irreducible factors of degree 2 over F_1001224001: OK (header deg/ncomp/bar_T agree)
3128355,0,1 RHO mem=True nz=True ynz=True cond=True claim_agree=True upper=0.911325874329  CERT
3128355,0,1 T   mem=True nz=True ynz=True cond=True claim_agree=True upper=2409.57783892  CERT
89624343,0,1 RHO mem=True nz=True ynz=True cond=True claim_agree=True upper=0.938032799163  CERT
89624343,0,1 T   mem=True nz=True ynz=True cond=True claim_agree=True upper=1842.48974452  CERT
101636012,0,1 RHO mem=True nz=True ynz=True cond=True claim_agree=True upper=0.899092129877  CERT
101636012,0,1 T   mem=True nz=True ynz=True cond=True claim_agree=True upper=1776.21026950  CERT
105500990,0,1 RHO mem=True nz=True ynz=True cond=True claim_agree=True upper=0.919219660132  CERT
105500990,0,1 T   mem=True nz=True ynz=True cond=True claim_agree=True upper=2541.50566630  CERT
120520837,0,1 RHO mem=True nz=True ynz=True cond=True claim_agree=True upper=0.921647925911  CERT
120520837,0,1 T   mem=True nz=True ynz=True cond=True claim_agree=True upper=2083.64609875  CERT
132648133,0,1 RHO mem=True nz=True ynz=True cond=True claim_agree=True upper=0.921647925911  CERT
132648133,0,1 T   mem=True nz=True ynz=True cond=True claim_agree=True upper=2162.75008622  CERT
204372585,0,1 RHO mem=True nz=True ynz=True cond=True claim_agree=True upper=0.947855478372  CERT
204372585,0,1 T   mem=True nz=True ynz=True cond=True claim_agree=True upper=2793.03362999  CERT
228895538,0,1 RHO mem=True nz=True ynz=True cond=True claim_agree=True upper=0.938032799163  CERT
228895538,0,1 T   mem=True nz=True ynz=True cond=True claim_agree=True upper=2227.78664112  CERT
248142448,0,1 RHO mem=True nz=True ynz=True cond=True claim_agree=True upper=0.899009409950  CERT
248142448,0,1 T   mem=True nz=True ynz=True cond=True claim_agree=True upper=2151.13938659  CERT
251670913,0,1 RHO mem=True nz=True ynz=True cond=True claim_agree=True upper=0.916726786606  CERT
251670913,0,1 T   mem=True nz=True ynz=True cond=True claim_agree=True upper=2749.61541172  CERT
272092629,0,1 RHO mem=True nz=True ynz=True cond=True claim_agree=True upper=0.933230602761  CERT
272092629,0,1 T   mem=True nz=True ynz=True cond=True claim_agree=True upper=2202.62293987  CERT
351591702,0,1 RHO mem=True nz=True ynz=True cond=True claim_agree=True upper=0.976485102325  CERT
351591702,0,1 T   mem=True nz=True ynz=True cond=True claim_agree=True upper=2813.43337953  CERT
394848433,0,1 RHO mem=True nz=True ynz=True cond=True claim_agree=True upper=0.917133743831  CERT
394848433,0,1 T   mem=True nz=True ynz=True cond=True claim_agree=True upper=2444.89410393  CERT
423707672,0,1 RHO mem=True nz=True ynz=True cond=True claim_agree=True upper=0.916726786606  CERT
423707672,0,1 T   mem=True nz=True ynz=True cond=True claim_agree=True upper=2746.11644229  CERT
426720401,0,1 RHO mem=True nz=True ynz=True cond=True claim_agree=True upper=0.932193944868  CERT
426720401,0,1 T   mem=True nz=True ynz=True cond=True claim_agree=True upper=2506.98006437  CERT
450386599,0,1 RHO mem=True nz=True ynz=True cond=True claim_agree=True upper=0.932193944868  CERT
450386599,0,1 T   mem=True nz=True ynz=True cond=True claim_agree=True upper=2632.65799925  CERT
550837402,0,1 RHO mem=True nz=True ynz=True cond=True claim_agree=True upper=0.877494147785  CERT
550837402,0,1 T   mem=True nz=True ynz=True cond=True claim_agree=True upper=1870.70470934  CERT
574503600,0,1 RHO mem=True nz=True ynz=True cond=True claim_agree=True upper=0.877494147785  CERT
574503600,0,1 T   mem=True nz=True ynz=True cond=True claim_agree=True upper=2290.65177458  CERT
577516329,0,1 RHO mem=True nz=True ynz=True cond=True claim_agree=True upper=0.912432435017  CERT
577516329,0,1 T   mem=True nz=True ynz=True cond=True claim_agree=True upper=2100.51106872  CERT
606375568,0,1 RHO mem=True nz=True ynz=True cond=True claim_agree=True upper=0.911325874329  CERT
606375568,0,1 T   mem=True nz=True ynz=True cond=True claim_agree=True upper=2801.87853815  CERT
649632299,0,1 RHO mem=True nz=True ynz=True cond=True claim_agree=True upper=0.933230602761  CERT
649632299,0,1 T   mem=True nz=True ynz=True cond=True claim_agree=True upper=2854.86031557  CERT
729131372,0,1 RHO mem=True nz=True ynz=True cond=True claim_agree=True upper=0.976485102325  CERT
729131372,0,1 T   mem=True nz=True ynz=True cond=True claim_agree=True upper=2939.15776672  CERT
749553088,0,1 RHO mem=True nz=True ynz=True cond=True claim_agree=True upper=0.912432435017  CERT
749553088,0,1 T   mem=True nz=True ynz=True cond=True claim_agree=True upper=2399.55421733  CERT
753081553,0,1 RHO mem=True nz=True ynz=True cond=True claim_agree=True upper=0.899092129877  CERT
753081553,0,1 T   mem=True nz=True ynz=True cond=True claim_agree=True upper=2368.03110402  CERT
772328463,0,1 RHO mem=True nz=True ynz=True cond=True claim_agree=True upper=0.907687911919  CERT
772328463,0,1 T   mem=True nz=True ynz=True cond=True claim_agree=True upper=2089.83521419  CERT
796851416,0,1 RHO mem=True nz=True ynz=True cond=True claim_agree=True upper=0.919219660132  CERT
796851416,0,1 T   mem=True nz=True ynz=True cond=True claim_agree=True upper=2484.03206764  CERT
868575868,0,1 RHO mem=True nz=True ynz=True cond=True claim_agree=True upper=0.923698024094  CERT
868575868,0,1 T   mem=True nz=True ynz=True cond=True claim_agree=True upper=2316.73427981  CERT
880703164,0,1 RHO mem=True nz=True ynz=True cond=True claim_agree=True upper=0.923698024094  CERT
880703164,0,1 T   mem=True nz=True ynz=True cond=True claim_agree=True upper=2423.34781613  CERT
895723011,0,1 RHO mem=True nz=True ynz=True cond=True claim_agree=True upper=0.947855478372  CERT
895723011,0,1 T   mem=True nz=True ynz=True cond=True claim_agree=True upper=2823.39761220  CERT
899587989,0,1 RHO mem=True nz=True ynz=True cond=True claim_agree=True upper=0.899009409950  CERT
899587989,0,1 T   mem=True nz=True ynz=True cond=True claim_agree=True upper=2130.19634253  CERT
911599658,0,1 RHO mem=True nz=True ynz=True cond=True claim_agree=True upper=0.907687911919  CERT
911599658,0,1 T   mem=True nz=True ynz=True cond=True claim_agree=True upper=2359.47470076  CERT
998095646,0,1 RHO mem=True nz=True ynz=True cond=True claim_agree=True upper=0.917133743831  CERT
998095646,0,1 T   mem=True nz=True ynz=True cond=True claim_agree=True upper=1939.00745866  CERT
FAMILY VERIFY n=7 l=1001224001 : EXCLUDED (components certified 32 / 32 ; lines 64 ; failed lines 0)
FAMILY VERIFY PASS
