FACTORIZATION: 32 irreducible factors of degree 2 over F_1001058241: OK (header deg/ncomp/bar_T agree)
50965474,0,1 RHO mem=True nz=True ynz=True cond=True claim_agree=True upper=0.930026392496  CERT
50965474,0,1 T   mem=True nz=True ynz=True cond=True claim_agree=True upper=2750.43034858  CERT
98348443,0,1 RHO mem=True nz=True ynz=True cond=True claim_agree=True upper=0.944499639486  CERT
98348443,0,1 T   mem=True nz=True ynz=True cond=True claim_agree=True upper=2287.39661420  CERT
165146037,0,1 RHO mem=True nz=True ynz=True cond=True claim_agree=True upper=0.938338907313  CERT
165146037,0,1 T   mem=True nz=True ynz=True cond=True claim_agree=True upper=2991.36401912  CERT
170982339,0,1 RHO mem=True nz=True ynz=True cond=True claim_agree=True upper=0.904387466209  CERT
170982339,0,1 T   mem=True nz=True ynz=True cond=True claim_agree=True upper=1950.73229022  CERT
174733935,0,1 RHO mem=True nz=True ynz=True cond=True claim_agree=True upper=0.944499639486  CERT
174733935,0,1 T   mem=True nz=True ynz=True cond=True claim_agree=True upper=2534.04522520  CERT
191886789,0,1 RHO mem=True nz=True ynz=True cond=True claim_agree=True upper=0.933535930346  CERT
191886789,0,1 T   mem=True nz=True ynz=True cond=True claim_agree=True upper=2373.77845462  CERT
202701222,0,1 RHO mem=True nz=True ynz=True cond=True claim_agree=True upper=0.939432601375  CERT
202701222,0,1 T   mem=True nz=True ynz=True cond=True claim_agree=True upper=2214.85771430  CERT
210813635,0,1 RHO mem=True nz=True ynz=True cond=True claim_agree=True upper=0.904387466209  CERT
210813635,0,1 T   mem=True nz=True ynz=True cond=True claim_agree=True upper=2466.04432358  CERT
312374497,0,1 RHO mem=True nz=True ynz=True cond=True claim_agree=True upper=0.944729987495  CERT
312374497,0,1 T   mem=True nz=True ynz=True cond=True claim_agree=True upper=2511.36165302  CERT
323888739,0,1 RHO mem=True nz=True ynz=True cond=True claim_agree=True upper=0.933535930346  CERT
323888739,0,1 T   mem=True nz=True ynz=True cond=True claim_agree=True upper=2209.10593058  CERT
328752045,0,1 RHO mem=True nz=True ynz=True cond=True claim_agree=True upper=0.938338907313  CERT
328752045,0,1 T   mem=True nz=True ynz=True cond=True claim_agree=True upper=2207.60862820  CERT
347415102,0,1 RHO mem=True nz=True ynz=True cond=True claim_agree=True upper=0.913988430581  CERT
347415102,0,1 T   mem=True nz=True ynz=True cond=True claim_agree=True upper=2589.68391726  CERT
375371098,0,1 RHO mem=True nz=True ynz=True cond=True claim_agree=True upper=0.933700964561  CERT
375371098,0,1 T   mem=True nz=True ynz=True cond=True claim_agree=True upper=2693.85788590  CERT
408405501,0,1 RHO mem=True nz=True ynz=True cond=True claim_agree=True upper=0.939432601375  CERT
408405501,0,1 T   mem=True nz=True ynz=True cond=True claim_agree=True upper=2992.29731495  CERT
466682019,0,1 RHO mem=True nz=True ynz=True cond=True claim_agree=True upper=0.957729388591  CERT
466682019,0,1 T   mem=True nz=True ynz=True cond=True claim_agree=True upper=2290.44835066  CERT
491354086,0,1 RHO mem=True nz=True ynz=True cond=True claim_agree=True upper=0.933700964561  CERT
491354086,0,1 T   mem=True nz=True ynz=True cond=True claim_agree=True upper=2849.89971183  CERT
509704155,0,1 RHO mem=True nz=True ynz=True cond=True claim_agree=True upper=0.873711653312  CERT
509704155,0,1 T   mem=True nz=True ynz=True cond=True claim_agree=True upper=2411.21870667  CERT
534376222,0,1 RHO mem=True nz=True ynz=True cond=True claim_agree=True upper=0.930026392496  CERT
534376222,0,1 T   mem=True nz=True ynz=True cond=True claim_agree=True upper=2490.64916292  CERT
592652740,0,1 RHO mem=True nz=True ynz=True cond=True claim_agree=True upper=0.947492033649  CERT
592652740,0,1 T   mem=True nz=True ynz=True cond=True claim_agree=True upper=2932.71687483  CERT
625687143,0,1 RHO mem=True nz=True ynz=True cond=True claim_agree=True upper=0.873711653312  CERT
625687143,0,1 T   mem=True nz=True ynz=True cond=True claim_agree=True upper=1492.68565655  CERT
653643139,0,1 RHO mem=True nz=True ynz=True cond=True claim_agree=True upper=0.944729987495  CERT
653643139,0,1 T   mem=True nz=True ynz=True cond=True claim_agree=True upper=2564.08142650  CERT
672306196,0,1 RHO mem=True nz=True ynz=True cond=True claim_agree=True upper=0.848903023100  CERT
672306196,0,1 T   mem=True nz=True ynz=True cond=True claim_agree=True upper=1670.80071795  CERT
677169502,0,1 RHO mem=True nz=True ynz=True cond=True claim_agree=True upper=0.921932530253  CERT
677169502,0,1 T   mem=True nz=True ynz=True cond=True claim_agree=True upper=2185.82359565  CERT
688683744,0,1 RHO mem=True nz=True ynz=True cond=True claim_agree=True upper=0.913988430581  CERT
688683744,0,1 T   mem=True nz=True ynz=True cond=True claim_agree=True upper=1789.18689866  CERT
790244606,0,1 RHO mem=True nz=True ynz=True cond=True claim_agree=True upper=0.939421528444  CERT
790244606,0,1 T   mem=True nz=True ynz=True cond=True claim_agree=True upper=2700.71644681  CERT
798357019,0,1 RHO mem=True nz=True ynz=True cond=True claim_agree=True upper=0.947492033649  CERT
798357019,0,1 T   mem=True nz=True ynz=True cond=True claim_agree=True upper=3103.63208068  CERT
809171452,0,1 RHO mem=True nz=True ynz=True cond=True claim_agree=True upper=0.921932530253  CERT
809171452,0,1 T   mem=True nz=True ynz=True cond=True claim_agree=True upper=2333.65090736  CERT
826324306,0,1 RHO mem=True nz=True ynz=True cond=True claim_agree=True upper=0.935900771761  CERT
826324306,0,1 T   mem=True nz=True ynz=True cond=True claim_agree=True upper=2363.00433417  CERT
830075902,0,1 RHO mem=True nz=True ynz=True cond=True claim_agree=True upper=0.939421528444  CERT
830075902,0,1 T   mem=True nz=True ynz=True cond=True claim_agree=True upper=2443.65994970  CERT
835912204,0,1 RHO mem=True nz=True ynz=True cond=True claim_agree=True upper=0.848903023100  CERT
835912204,0,1 T   mem=True nz=True ynz=True cond=True claim_agree=True upper=1444.16358733  CERT
902709798,0,1 RHO mem=True nz=True ynz=True cond=True claim_agree=True upper=0.935900771761  CERT
902709798,0,1 T   mem=True nz=True ynz=True cond=True claim_agree=True upper=1790.22640995  CERT
950092767,0,1 RHO mem=True nz=True ynz=True cond=True claim_agree=True upper=0.957729388591  CERT
950092767,0,1 T   mem=True nz=True ynz=True cond=True claim_agree=True upper=2795.82869147  CERT
FAMILY VERIFY n=7 l=1001058241 : EXCLUDED (components certified 32 / 32 ; lines 64 ; failed lines 0)
FAMILY VERIFY PASS
