FACTORIZATION: 32 irreducible factors of degree 2 over F_1001121601: OK (header deg/ncomp/bar_T agree)
13394947,0,1 RHO mem=True nz=True ynz=True cond=True claim_agree=True upper=0.951144400093  CERT
13394947,0,1 T   mem=True nz=True ynz=True cond=True claim_agree=True upper=2458.88548878  CERT
31037996,0,1 RHO mem=True nz=True ynz=True cond=True claim_agree=True upper=0.964764069182  CERT
31037996,0,1 T   mem=True nz=True ynz=True cond=True claim_agree=True upper=2236.30255074  CERT
37754013,0,1 RHO mem=True nz=True ynz=True cond=True claim_agree=True upper=0.969367170431  CERT
37754013,0,1 T   mem=True nz=True ynz=True cond=True claim_agree=True upper=2392.42182592  CERT
82631307,0,1 RHO mem=True nz=True ynz=True cond=True claim_agree=True upper=0.935468050881  CERT
82631307,0,1 T   mem=True nz=True ynz=True cond=True claim_agree=True upper=2127.11920845  CERT
98873941,0,1 RHO mem=True nz=True ynz=True cond=True claim_agree=True upper=0.933269826148  CERT
98873941,0,1 T   mem=True nz=True ynz=True cond=True claim_agree=True upper=2194.40802961  CERT
129751124,0,1 RHO mem=True nz=True ynz=True cond=True claim_agree=True upper=0.964764069182  CERT
129751124,0,1 T   mem=True nz=True ynz=True cond=True claim_agree=True upper=2244.34686156  CERT
180186239,0,1 RHO mem=True nz=True ynz=True cond=True claim_agree=True upper=0.963911668105  CERT
180186239,0,1 T   mem=True nz=True ynz=True cond=True claim_agree=True upper=2590.44146649  CERT
189175271,0,1 RHO mem=True nz=True ynz=True cond=True claim_agree=True upper=0.977567360193  CERT
189175271,0,1 T   mem=True nz=True ynz=True cond=True claim_agree=True upper=2630.78342567  CERT
230948145,0,1 RHO mem=True nz=True ynz=True cond=True claim_agree=True upper=0.963638427417  CERT
230948145,0,1 T   mem=True nz=True ynz=True cond=True claim_agree=True upper=2783.37474937  CERT
243841631,0,1 RHO mem=True nz=True ynz=True cond=True claim_agree=True upper=0.956419241891  CERT
243841631,0,1 T   mem=True nz=True ynz=True cond=True claim_agree=True upper=2714.14812821  CERT
247061781,0,1 RHO mem=True nz=True ynz=True cond=True claim_agree=True upper=0.935468050881  CERT
247061781,0,1 T   mem=True nz=True ynz=True cond=True claim_agree=True upper=2248.74019046  CERT
285010932,0,1 RHO mem=True nz=True ynz=True cond=True claim_agree=True upper=0.960968625220  CERT
285010932,0,1 T   mem=True nz=True ynz=True cond=True claim_agree=True upper=2466.09048935  CERT
307087632,0,1 RHO mem=True nz=True ynz=True cond=True claim_agree=True upper=0.973719833613  CERT
307087632,0,1 T   mem=True nz=True ynz=True cond=True claim_agree=True upper=3148.36912482  CERT
335726343,0,1 RHO mem=True nz=True ynz=True cond=True claim_agree=True upper=0.878894649022  CERT
335726343,0,1 T   mem=True nz=True ynz=True cond=True claim_agree=True upper=2218.26614408  CERT
413059467,0,1 RHO mem=True nz=True ynz=True cond=True claim_agree=True upper=0.973719833613  CERT
413059467,0,1 T   mem=True nz=True ynz=True cond=True claim_agree=True upper=2784.37260539  CERT
414396102,0,1 RHO mem=True nz=True ynz=True cond=True claim_agree=True upper=0.944058257092  CERT
414396102,0,1 T   mem=True nz=True ynz=True cond=True claim_agree=True upper=1916.31900721  CERT
586725499,0,1 RHO mem=True nz=True ynz=True cond=True claim_agree=True upper=0.951144400093  CERT
586725499,0,1 T   mem=True nz=True ynz=True cond=True claim_agree=True upper=2221.09176637  CERT
588062134,0,1 RHO mem=True nz=True ynz=True cond=True claim_agree=True upper=0.937690304524  CERT
588062134,0,1 T   mem=True nz=True ynz=True cond=True claim_agree=True upper=2024.62875319  CERT
665395258,0,1 RHO mem=True nz=True ynz=True cond=True claim_agree=True upper=0.960968625220  CERT
665395258,0,1 T   mem=True nz=True ynz=True cond=True claim_agree=True upper=2621.60999871  CERT
694033969,0,1 RHO mem=True nz=True ynz=True cond=True claim_agree=True upper=0.937690304524  CERT
694033969,0,1 T   mem=True nz=True ynz=True cond=True claim_agree=True upper=2599.80910081  CERT
716110669,0,1 RHO mem=True nz=True ynz=True cond=True claim_agree=True upper=0.878894649022  CERT
716110669,0,1 T   mem=True nz=True ynz=True cond=True claim_agree=True upper=2282.72904042  CERT
754059820,0,1 RHO mem=True nz=True ynz=True cond=True claim_agree=True upper=0.980437491921  CERT
754059820,0,1 T   mem=True nz=True ynz=True cond=True claim_agree=True upper=2847.90261751  CERT
757279970,0,1 RHO mem=True nz=True ynz=True cond=True claim_agree=True upper=0.933269826148  CERT
757279970,0,1 T   mem=True nz=True ynz=True cond=True claim_agree=True upper=2638.02814785  CERT
770173456,0,1 RHO mem=True nz=True ynz=True cond=True claim_agree=True upper=0.963911668105  CERT
770173456,0,1 T   mem=True nz=True ynz=True cond=True claim_agree=True upper=2775.68230755  CERT
811946330,0,1 RHO mem=True nz=True ynz=True cond=True claim_agree=True upper=0.969367170431  CERT
811946330,0,1 T   mem=True nz=True ynz=True cond=True claim_agree=True upper=2020.60169801  CERT
820935362,0,1 RHO mem=True nz=True ynz=True cond=True claim_agree=True upper=0.963638427417  CERT
820935362,0,1 T   mem=True nz=True ynz=True cond=True claim_agree=True upper=2432.07260884  CERT
871370477,0,1 RHO mem=True nz=True ynz=True cond=True claim_agree=True upper=0.970689039394  CERT
871370477,0,1 T   mem=True nz=True ynz=True cond=True claim_agree=True upper=2654.53552737  CERT
902247660,0,1 RHO mem=True nz=True ynz=True cond=True claim_agree=True upper=0.956419241891  CERT
902247660,0,1 T   mem=True nz=True ynz=True cond=True claim_agree=True upper=2495.09056874  CERT
918490294,0,1 RHO mem=True nz=True ynz=True cond=True claim_agree=True upper=0.980437491921  CERT
918490294,0,1 T   mem=True nz=True ynz=True cond=True claim_agree=True upper=2101.02632433  CERT
963367588,0,1 RHO mem=True nz=True ynz=True cond=True claim_agree=True upper=0.977567360193  CERT
963367588,0,1 T   mem=True nz=True ynz=True cond=True claim_agree=True upper=2336.15130232  CERT
970083605,0,1 RHO mem=True nz=True ynz=True cond=True claim_agree=True upper=0.970689039394  CERT
970083605,0,1 T   mem=True nz=True ynz=True cond=True claim_agree=True upper=2648.38001036  CERT
987726654,0,1 RHO mem=True nz=True ynz=True cond=True claim_agree=True upper=0.944058257092  CERT
987726654,0,1 T   mem=True nz=True ynz=True cond=True claim_agree=True upper=2511.24003126  CERT
FAMILY VERIFY n=7 l=1001121601 : EXCLUDED (components certified 32 / 32 ; lines 64 ; failed lines 0)
FAMILY VERIFY PASS
