FACTORIZATION: 32 irreducible factors of degree 2 over F_1000518977: OK (header deg/ncomp/bar_T agree)
70748644,0,1 RHO mem=True nz=True ynz=True cond=True claim_agree=True upper=0.964087042491  CERT
70748644,0,1 T   mem=True nz=True ynz=True cond=True claim_agree=True upper=2505.51997583  CERT
122518587,0,1 RHO mem=True nz=True ynz=True cond=True claim_agree=True upper=0.943489866606  CERT
122518587,0,1 T   mem=True nz=True ynz=True cond=True claim_agree=True upper=3477.77546133  CERT
124931013,0,1 RHO mem=True nz=True ynz=True cond=True claim_agree=True upper=0.952693571187  CERT
124931013,0,1 T   mem=True nz=True ynz=True cond=True claim_agree=True upper=2395.64163785  CERT
129422505,0,1 RHO mem=True nz=True ynz=True cond=True claim_agree=True upper=0.944815687629  CERT
129422505,0,1 T   mem=True nz=True ynz=True cond=True claim_agree=True upper=2690.03967561  CERT
204743438,0,1 RHO mem=True nz=True ynz=True cond=True claim_agree=True upper=0.943489866606  CERT
204743438,0,1 T   mem=True nz=True ynz=True cond=True claim_agree=True upper=2488.25450034  CERT
216241529,0,1 RHO mem=True nz=True ynz=True cond=True claim_agree=True upper=0.924975328481  CERT
216241529,0,1 T   mem=True nz=True ynz=True cond=True claim_agree=True upper=2333.42844239  CERT
244784685,0,1 RHO mem=True nz=True ynz=True cond=True claim_agree=True upper=0.892788437862  CERT
244784685,0,1 T   mem=True nz=True ynz=True cond=True claim_agree=True upper=2597.06892285  CERT
260882663,0,1 RHO mem=True nz=True ynz=True cond=True claim_agree=True upper=0.888665469256  CERT
260882663,0,1 T   mem=True nz=True ynz=True cond=True claim_agree=True upper=1662.38304731  CERT
321366937,0,1 RHO mem=True nz=True ynz=True cond=True claim_agree=True upper=0.933192657504  CERT
321366937,0,1 T   mem=True nz=True ynz=True cond=True claim_agree=True upper=2313.62979523  CERT
340521914,0,1 RHO mem=True nz=True ynz=True cond=True claim_agree=True upper=0.933192657504  CERT
340521914,0,1 T   mem=True nz=True ynz=True cond=True claim_agree=True upper=2302.80266348  CERT
375590948,0,1 RHO mem=True nz=True ynz=True cond=True claim_agree=True upper=0.944815687629  CERT
375590948,0,1 T   mem=True nz=True ynz=True cond=True claim_agree=True upper=2331.02760477  CERT
411797788,0,1 RHO mem=True nz=True ynz=True cond=True claim_agree=True upper=0.964087042491  CERT
411797788,0,1 T   mem=True nz=True ynz=True cond=True claim_agree=True upper=2393.33775144  CERT
417129485,0,1 RHO mem=True nz=True ynz=True cond=True claim_agree=True upper=0.927702746741  CERT
417129485,0,1 T   mem=True nz=True ynz=True cond=True claim_agree=True upper=2402.62793397  CERT
428012278,0,1 RHO mem=True nz=True ynz=True cond=True claim_agree=True upper=0.930993753227  CERT
428012278,0,1 T   mem=True nz=True ynz=True cond=True claim_agree=True upper=1884.48208408  CERT
429515873,0,1 RHO mem=True nz=True ynz=True cond=True claim_agree=True upper=0.930993753227  CERT
429515873,0,1 T   mem=True nz=True ynz=True cond=True claim_agree=True upper=2336.16085840  CERT
495640567,0,1 RHO mem=True nz=True ynz=True cond=True claim_agree=True upper=0.888665469256  CERT
495640567,0,1 T   mem=True nz=True ynz=True cond=True claim_agree=True upper=2128.15554957  CERT
504878410,0,1 RHO mem=True nz=True ynz=True cond=True claim_agree=True upper=0.945761241221  CERT
504878410,0,1 T   mem=True nz=True ynz=True cond=True claim_agree=True upper=3082.12120165  CERT
571003104,0,1 RHO mem=True nz=True ynz=True cond=True claim_agree=True upper=0.959403444466  CERT
571003104,0,1 T   mem=True nz=True ynz=True cond=True claim_agree=True upper=2522.01210371  CERT
572506699,0,1 RHO mem=True nz=True ynz=True cond=True claim_agree=True upper=0.959403444466  CERT
572506699,0,1 T   mem=True nz=True ynz=True cond=True claim_agree=True upper=2963.86048355  CERT
583389492,0,1 RHO mem=True nz=True ynz=True cond=True claim_agree=True upper=0.952693571187  CERT
583389492,0,1 T   mem=True nz=True ynz=True cond=True claim_agree=True upper=2905.17414623  CERT
588721189,0,1 RHO mem=True nz=True ynz=True cond=True claim_agree=True upper=0.912918214443  CERT
588721189,0,1 T   mem=True nz=True ynz=True cond=True claim_agree=True upper=2167.67466744  CERT
624928029,0,1 RHO mem=True nz=True ynz=True cond=True claim_agree=True upper=0.910917222964  CERT
624928029,0,1 T   mem=True nz=True ynz=True cond=True claim_agree=True upper=2473.83345123  CERT
659997063,0,1 RHO mem=True nz=True ynz=True cond=True claim_agree=True upper=0.953026815611  CERT
659997063,0,1 T   mem=True nz=True ynz=True cond=True claim_agree=True upper=2160.47412555  CERT
679152040,0,1 RHO mem=True nz=True ynz=True cond=True claim_agree=True upper=0.953026815611  CERT
679152040,0,1 T   mem=True nz=True ynz=True cond=True claim_agree=True upper=1964.17276084  CERT
739636314,0,1 RHO mem=True nz=True ynz=True cond=True claim_agree=True upper=0.945761241221  CERT
739636314,0,1 T   mem=True nz=True ynz=True cond=True claim_agree=True upper=1984.67198616  CERT
755734292,0,1 RHO mem=True nz=True ynz=True cond=True claim_agree=True upper=0.924975328481  CERT
755734292,0,1 T   mem=True nz=True ynz=True cond=True claim_agree=True upper=2214.23261583  CERT
784277448,0,1 RHO mem=True nz=True ynz=True cond=True claim_agree=True upper=0.892788437862  CERT
784277448,0,1 T   mem=True nz=True ynz=True cond=True claim_agree=True upper=2475.42226915  CERT
795775539,0,1 RHO mem=True nz=True ynz=True cond=True claim_agree=True upper=0.925308720737  CERT
795775539,0,1 T   mem=True nz=True ynz=True cond=True claim_agree=True upper=2611.24875528  CERT
871096472,0,1 RHO mem=True nz=True ynz=True cond=True claim_agree=True upper=0.910917222964  CERT
871096472,0,1 T   mem=True nz=True ynz=True cond=True claim_agree=True upper=2568.85821034  CERT
875587964,0,1 RHO mem=True nz=True ynz=True cond=True claim_agree=True upper=0.927702746741  CERT
875587964,0,1 T   mem=True nz=True ynz=True cond=True claim_agree=True upper=2884.29296238  CERT
878000390,0,1 RHO mem=True nz=True ynz=True cond=True claim_agree=True upper=0.925308720737  CERT
878000390,0,1 T   mem=True nz=True ynz=True cond=True claim_agree=True upper=2655.87145476  CERT
929770333,0,1 RHO mem=True nz=True ynz=True cond=True claim_agree=True upper=0.912918214443  CERT
929770333,0,1 T   mem=True nz=True ynz=True cond=True claim_agree=True upper=1877.91511341  CERT
FAMILY VERIFY n=7 l=1000518977 : EXCLUDED (components certified 32 / 32 ; lines 64 ; failed lines 0)
FAMILY VERIFY PASS
