FACTORIZATION: 32 irreducible factors of degree 2 over F_1000992193: OK (header deg/ncomp/bar_T agree)
26896467,0,1 RHO mem=True nz=True ynz=True cond=True claim_agree=True upper=0.944319132895  CERT
26896467,0,1 T   mem=True nz=True ynz=True cond=True claim_agree=True upper=2210.89515750  CERT
100777506,0,1 RHO mem=True nz=True ynz=True cond=True claim_agree=True upper=0.937917901076  CERT
100777506,0,1 T   mem=True nz=True ynz=True cond=True claim_agree=True upper=2147.38700742  CERT
104713476,0,1 RHO mem=True nz=True ynz=True cond=True claim_agree=True upper=0.965557056954  CERT
104713476,0,1 T   mem=True nz=True ynz=True cond=True claim_agree=True upper=2392.78885776  CERT
119270357,0,1 RHO mem=True nz=True ynz=True cond=True claim_agree=True upper=0.956650637725  CERT
119270357,0,1 T   mem=True nz=True ynz=True cond=True claim_agree=True upper=2486.31847387  CERT
165791642,0,1 RHO mem=True nz=True ynz=True cond=True claim_agree=True upper=0.937917901076  CERT
165791642,0,1 T   mem=True nz=True ynz=True cond=True claim_agree=True upper=2076.88168101  CERT
178485892,0,1 RHO mem=True nz=True ynz=True cond=True claim_agree=True upper=0.922033692374  CERT
178485892,0,1 T   mem=True nz=True ynz=True cond=True claim_agree=True upper=2585.39934723  CERT
180194688,0,1 RHO mem=True nz=True ynz=True cond=True claim_agree=True upper=0.963947001346  CERT
180194688,0,1 T   mem=True nz=True ynz=True cond=True claim_agree=True upper=2732.58772052  CERT
210564112,0,1 RHO mem=True nz=True ynz=True cond=True claim_agree=True upper=0.922033692374  CERT
210564112,0,1 T   mem=True nz=True ynz=True cond=True claim_agree=True upper=2750.20463895  CERT
264056494,0,1 RHO mem=True nz=True ynz=True cond=True claim_agree=True upper=0.948554542513  CERT
264056494,0,1 T   mem=True nz=True ynz=True cond=True claim_agree=True upper=2739.42467794  CERT
344296214,0,1 RHO mem=True nz=True ynz=True cond=True claim_agree=True upper=0.956650637725  CERT
344296214,0,1 T   mem=True nz=True ynz=True cond=True claim_agree=True upper=2199.02776368  CERT
388194866,0,1 RHO mem=True nz=True ynz=True cond=True claim_agree=True upper=0.948554542513  CERT
388194866,0,1 T   mem=True nz=True ynz=True cond=True claim_agree=True upper=2353.54099773  CERT
398576672,0,1 RHO mem=True nz=True ynz=True cond=True claim_agree=True upper=0.962790238346  CERT
398576672,0,1 T   mem=True nz=True ynz=True cond=True claim_agree=True upper=2922.96031975  CERT
403609033,0,1 RHO mem=True nz=True ynz=True cond=True claim_agree=True upper=0.954404458506  CERT
403609033,0,1 T   mem=True nz=True ynz=True cond=True claim_agree=True upper=3172.09621141  CERT
407199427,0,1 RHO mem=True nz=True ynz=True cond=True claim_agree=True upper=0.962276532792  CERT
407199427,0,1 T   mem=True nz=True ynz=True cond=True claim_agree=True upper=2288.86267760  CERT
486414871,0,1 RHO mem=True nz=True ynz=True cond=True claim_agree=True upper=0.972119665034  CERT
486414871,0,1 T   mem=True nz=True ynz=True cond=True claim_agree=True upper=2745.80931007  CERT
514577322,0,1 RHO mem=True nz=True ynz=True cond=True claim_agree=True upper=0.941937528414  CERT
514577322,0,1 T   mem=True nz=True ynz=True cond=True claim_agree=True upper=2541.76763870  CERT
593792766,0,1 RHO mem=True nz=True ynz=True cond=True claim_agree=True upper=0.944319132895  CERT
593792766,0,1 T   mem=True nz=True ynz=True cond=True claim_agree=True upper=2632.02328924  CERT
597383160,0,1 RHO mem=True nz=True ynz=True cond=True claim_agree=True upper=0.965557056954  CERT
597383160,0,1 T   mem=True nz=True ynz=True cond=True claim_agree=True upper=3179.37090889  CERT
602415521,0,1 RHO mem=True nz=True ynz=True cond=True claim_agree=True upper=0.963947001346  CERT
602415521,0,1 T   mem=True nz=True ynz=True cond=True claim_agree=True upper=2439.50631573  CERT
612797327,0,1 RHO mem=True nz=True ynz=True cond=True claim_agree=True upper=0.954791609576  CERT
612797327,0,1 T   mem=True nz=True ynz=True cond=True claim_agree=True upper=2188.68718335  CERT
656695979,0,1 RHO mem=True nz=True ynz=True cond=True claim_agree=True upper=0.964598616683  CERT
656695979,0,1 T   mem=True nz=True ynz=True cond=True claim_agree=True upper=2614.51447088  CERT
736935699,0,1 RHO mem=True nz=True ynz=True cond=True claim_agree=True upper=0.954791609576  CERT
736935699,0,1 T   mem=True nz=True ynz=True cond=True claim_agree=True upper=2510.56410601  CERT
767129478,0,1 RHO mem=True nz=True ynz=True cond=True claim_agree=True upper=0.941937528414  CERT
767129478,0,1 T   mem=True nz=True ynz=True cond=True claim_agree=True upper=1983.36734616  CERT
790428081,0,1 RHO mem=True nz=True ynz=True cond=True claim_agree=True upper=0.964765619955  CERT
790428081,0,1 T   mem=True nz=True ynz=True cond=True claim_agree=True upper=2120.56604940  CERT
820797505,0,1 RHO mem=True nz=True ynz=True cond=True claim_agree=True upper=0.962790238346  CERT
820797505,0,1 T   mem=True nz=True ynz=True cond=True claim_agree=True upper=2586.77590917  CERT
822506301,0,1 RHO mem=True nz=True ynz=True cond=True claim_agree=True upper=0.964765619955  CERT
822506301,0,1 T   mem=True nz=True ynz=True cond=True claim_agree=True upper=2386.40821413  CERT
835200551,0,1 RHO mem=True nz=True ynz=True cond=True claim_agree=True upper=0.977922205995  CERT
835200551,0,1 T   mem=True nz=True ynz=True cond=True claim_agree=True upper=3057.94612645  CERT
881721836,0,1 RHO mem=True nz=True ynz=True cond=True claim_agree=True upper=0.964598616683  CERT
881721836,0,1 T   mem=True nz=True ynz=True cond=True claim_agree=True upper=2713.90272023  CERT
896278717,0,1 RHO mem=True nz=True ynz=True cond=True claim_agree=True upper=0.954404458506  CERT
896278717,0,1 T   mem=True nz=True ynz=True cond=True claim_agree=True upper=2501.49789039  CERT
900214687,0,1 RHO mem=True nz=True ynz=True cond=True claim_agree=True upper=0.977922205995  CERT
900214687,0,1 T   mem=True nz=True ynz=True cond=True claim_agree=True upper=2485.41979253  CERT
974095726,0,1 RHO mem=True nz=True ynz=True cond=True claim_agree=True upper=0.962276532792  CERT
974095726,0,1 T   mem=True nz=True ynz=True cond=True claim_agree=True upper=2510.27557561  CERT
233862715,0,1 RHO mem=True nz=True ynz=True cond=True claim_agree=True upper=0.972119665034  CERT
233862715,0,1 T   mem=True nz=True ynz=True cond=True claim_agree=True upper=2782.31798456  CERT
FAMILY VERIFY n=7 l=1000992193 : EXCLUDED (components certified 32 / 32 ; lines 64 ; failed lines 0)
FAMILY VERIFY PASS
