FACTORIZATION: 32 irreducible factors of degree 2 over F_1001283137: OK (header deg/ncomp/bar_T agree)
33933620,0,1 RHO mem=True nz=True ynz=True cond=True claim_agree=True upper=0.887352522080  CERT
33933620,0,1 T   mem=True nz=True ynz=True cond=True claim_agree=True upper=2108.31492499  CERT
122737363,0,1 RHO mem=True nz=True ynz=True cond=True claim_agree=True upper=0.897153589172  CERT
122737363,0,1 T   mem=True nz=True ynz=True cond=True claim_agree=True upper=1578.18371010  CERT
122903718,0,1 RHO mem=True nz=True ynz=True cond=True claim_agree=True upper=0.863911134498  CERT
122903718,0,1 T   mem=True nz=True ynz=True cond=True claim_agree=True upper=2432.64441121  CERT
150842880,0,1 RHO mem=True nz=True ynz=True cond=True claim_agree=True upper=0.871231549279  CERT
150842880,0,1 T   mem=True nz=True ynz=True cond=True claim_agree=True upper=1902.00026187  CERT
174276798,0,1 RHO mem=True nz=True ynz=True cond=True claim_agree=True upper=0.863744617499  CERT
174276798,0,1 T   mem=True nz=True ynz=True cond=True claim_agree=True upper=1902.88082772  CERT
176080041,0,1 RHO mem=True nz=True ynz=True cond=True claim_agree=True upper=0.863744617499  CERT
176080041,0,1 T   mem=True nz=True ynz=True cond=True claim_agree=True upper=2393.19496804  CERT
182555933,0,1 RHO mem=True nz=True ynz=True cond=True claim_agree=True upper=0.861751777496  CERT
182555933,0,1 T   mem=True nz=True ynz=True cond=True claim_agree=True upper=2209.36074823  CERT
203264852,0,1 RHO mem=True nz=True ynz=True cond=True claim_agree=True upper=0.821008790502  CERT
203264852,0,1 T   mem=True nz=True ynz=True cond=True claim_agree=True upper=1998.82139558  CERT
239148834,0,1 RHO mem=True nz=True ynz=True cond=True claim_agree=True upper=0.870229643545  CERT
239148834,0,1 T   mem=True nz=True ynz=True cond=True claim_agree=True upper=2706.13319805  CERT
245785187,0,1 RHO mem=True nz=True ynz=True cond=True claim_agree=True upper=0.844712115605  CERT
245785187,0,1 T   mem=True nz=True ynz=True cond=True claim_agree=True upper=2139.68409191  CERT
290789692,0,1 RHO mem=True nz=True ynz=True cond=True claim_agree=True upper=0.861751777496  CERT
290789692,0,1 T   mem=True nz=True ynz=True cond=True claim_agree=True upper=1985.99424300  CERT
293005659,0,1 RHO mem=True nz=True ynz=True cond=True claim_agree=True upper=0.870229643545  CERT
293005659,0,1 T   mem=True nz=True ynz=True cond=True claim_agree=True upper=1555.37249488  CERT
395402275,0,1 RHO mem=True nz=True ynz=True cond=True claim_agree=True upper=0.872130948662  CERT
395402275,0,1 T   mem=True nz=True ynz=True cond=True claim_agree=True upper=1608.15152624  CERT
427813344,0,1 RHO mem=True nz=True ynz=True cond=True claim_agree=True upper=0.859032042138  CERT
427813344,0,1 T   mem=True nz=True ynz=True cond=True claim_agree=True upper=2081.67676079  CERT
450451617,0,1 RHO mem=True nz=True ynz=True cond=True claim_agree=True upper=0.847701394584  CERT
450451617,0,1 T   mem=True nz=True ynz=True cond=True claim_agree=True upper=2548.41640657  CERT
470572628,0,1 RHO mem=True nz=True ynz=True cond=True claim_agree=True upper=0.859032042138  CERT
470572628,0,1 T   mem=True nz=True ynz=True cond=True claim_agree=True upper=2690.82190343  CERT
530710509,0,1 RHO mem=True nz=True ynz=True cond=True claim_agree=True upper=0.872371154852  CERT
530710509,0,1 T   mem=True nz=True ynz=True cond=True claim_agree=True upper=2235.57716173  CERT
550831520,0,1 RHO mem=True nz=True ynz=True cond=True claim_agree=True upper=0.872130948662  CERT
550831520,0,1 T   mem=True nz=True ynz=True cond=True claim_agree=True upper=2264.00568035  CERT
573469793,0,1 RHO mem=True nz=True ynz=True cond=True claim_agree=True upper=0.872371154852  CERT
573469793,0,1 T   mem=True nz=True ynz=True cond=True claim_agree=True upper=1737.94290536  CERT
605880862,0,1 RHO mem=True nz=True ynz=True cond=True claim_agree=True upper=0.847701394584  CERT
605880862,0,1 T   mem=True nz=True ynz=True cond=True claim_agree=True upper=1327.13504733  CERT
708277478,0,1 RHO mem=True nz=True ynz=True cond=True claim_agree=True upper=0.864449921800  CERT
708277478,0,1 T   mem=True nz=True ynz=True cond=True claim_agree=True upper=1494.44423265  CERT
710493445,0,1 RHO mem=True nz=True ynz=True cond=True claim_agree=True upper=0.857705163134  CERT
710493445,0,1 T   mem=True nz=True ynz=True cond=True claim_agree=True upper=1663.03277412  CERT
755497950,0,1 RHO mem=True nz=True ynz=True cond=True claim_agree=True upper=0.887352522080  CERT
755497950,0,1 T   mem=True nz=True ynz=True cond=True claim_agree=True upper=2440.37234037  CERT
762134303,0,1 RHO mem=True nz=True ynz=True cond=True claim_agree=True upper=0.864449921800  CERT
762134303,0,1 T   mem=True nz=True ynz=True cond=True claim_agree=True upper=2398.73515945  CERT
798018285,0,1 RHO mem=True nz=True ynz=True cond=True claim_agree=True upper=0.897153589172  CERT
798018285,0,1 T   mem=True nz=True ynz=True cond=True claim_agree=True upper=2737.45616111  CERT
818727204,0,1 RHO mem=True nz=True ynz=True cond=True claim_agree=True upper=0.857705163134  CERT
818727204,0,1 T   mem=True nz=True ynz=True cond=True claim_agree=True upper=2884.49362063  CERT
825203096,0,1 RHO mem=True nz=True ynz=True cond=True claim_agree=True upper=0.858040946414  CERT
825203096,0,1 T   mem=True nz=True ynz=True cond=True claim_agree=True upper=2003.18885550  CERT
827006339,0,1 RHO mem=True nz=True ynz=True cond=True claim_agree=True upper=0.858040946414  CERT
827006339,0,1 T   mem=True nz=True ynz=True cond=True claim_agree=True upper=2125.05563453  CERT
850440257,0,1 RHO mem=True nz=True ynz=True cond=True claim_agree=True upper=0.863911134498  CERT
850440257,0,1 T   mem=True nz=True ynz=True cond=True claim_agree=True upper=1249.08509426  CERT
878379419,0,1 RHO mem=True nz=True ynz=True cond=True claim_agree=True upper=0.871231549279  CERT
878379419,0,1 T   mem=True nz=True ynz=True cond=True claim_agree=True upper=2641.11690093  CERT
878545774,0,1 RHO mem=True nz=True ynz=True cond=True claim_agree=True upper=0.821008790502  CERT
878545774,0,1 T   mem=True nz=True ynz=True cond=True claim_agree=True upper=1372.34082246  CERT
967349517,0,1 RHO mem=True nz=True ynz=True cond=True claim_agree=True upper=0.844712115605  CERT
967349517,0,1 T   mem=True nz=True ynz=True cond=True claim_agree=True upper=1693.05461183  CERT
FAMILY VERIFY n=7 l=1001283137 : EXCLUDED (components certified 32 / 32 ; lines 64 ; failed lines 0)
FAMILY VERIFY PASS
