FACTORIZATION: 32 irreducible factors of degree 2 over F_1000454849: OK (header deg/ncomp/bar_T agree)
310865,0,1 RHO mem=True nz=True ynz=True cond=True claim_agree=True upper=0.946659229284  CERT
310865,0,1 T   mem=True nz=True ynz=True cond=True claim_agree=True upper=2485.25874273  CERT
12133733,0,1 RHO mem=True nz=True ynz=True cond=True claim_agree=True upper=0.958411839971  CERT
12133733,0,1 T   mem=True nz=True ynz=True cond=True claim_agree=True upper=2067.46125178  CERT
55414743,0,1 RHO mem=True nz=True ynz=True cond=True claim_agree=True upper=0.958411839971  CERT
55414743,0,1 T   mem=True nz=True ynz=True cond=True claim_agree=True upper=2425.26814443  CERT
78797421,0,1 RHO mem=True nz=True ynz=True cond=True claim_agree=True upper=0.896508764012  CERT
78797421,0,1 T   mem=True nz=True ynz=True cond=True claim_agree=True upper=2470.21259301  CERT
96296712,0,1 RHO mem=True nz=True ynz=True cond=True claim_agree=True upper=0.951054949998  CERT
96296712,0,1 T   mem=True nz=True ynz=True cond=True claim_agree=True upper=2253.66797391  CERT
103455267,0,1 RHO mem=True nz=True ynz=True cond=True claim_agree=True upper=0.946659229284  CERT
103455267,0,1 T   mem=True nz=True ynz=True cond=True claim_agree=True upper=2402.27465469  CERT
229605881,0,1 RHO mem=True nz=True ynz=True cond=True claim_agree=True upper=0.949002139965  CERT
229605881,0,1 T   mem=True nz=True ynz=True cond=True claim_agree=True upper=2443.79520967  CERT
242711233,0,1 RHO mem=True nz=True ynz=True cond=True claim_agree=True upper=0.903807049232  CERT
242711233,0,1 T   mem=True nz=True ynz=True cond=True claim_agree=True upper=2007.19250150  CERT
255453535,0,1 RHO mem=True nz=True ynz=True cond=True claim_agree=True upper=0.953762450018  CERT
255453535,0,1 T   mem=True nz=True ynz=True cond=True claim_agree=True upper=2626.55444135  CERT
256265747,0,1 RHO mem=True nz=True ynz=True cond=True claim_agree=True upper=0.896922246281  CERT
256265747,0,1 T   mem=True nz=True ynz=True cond=True claim_agree=True upper=2667.62130089  CERT
306928081,0,1 RHO mem=True nz=True ynz=True cond=True claim_agree=True upper=0.896922246281  CERT
306928081,0,1 T   mem=True nz=True ynz=True cond=True claim_agree=True upper=2354.95357975  CERT
362513811,0,1 RHO mem=True nz=True ynz=True cond=True claim_agree=True upper=0.930753888934  CERT
362513811,0,1 T   mem=True nz=True ynz=True cond=True claim_agree=True upper=2348.71916772  CERT
368422078,0,1 RHO mem=True nz=True ynz=True cond=True claim_agree=True upper=0.871290716576  CERT
368422078,0,1 T   mem=True nz=True ynz=True cond=True claim_agree=True upper=2103.61818280  CERT
371348054,0,1 RHO mem=True nz=True ynz=True cond=True claim_agree=True upper=0.958384236348  CERT
371348054,0,1 T   mem=True nz=True ynz=True cond=True claim_agree=True upper=2453.95450671  CERT
380150591,0,1 RHO mem=True nz=True ynz=True cond=True claim_agree=True upper=0.918849243040  CERT
380150591,0,1 T   mem=True nz=True ynz=True cond=True claim_agree=True upper=2098.88799836  CERT
380263028,0,1 RHO mem=True nz=True ynz=True cond=True claim_agree=True upper=0.953762450018  CERT
380263028,0,1 T   mem=True nz=True ynz=True cond=True claim_agree=True upper=3099.60631582  CERT
620191821,0,1 RHO mem=True nz=True ynz=True cond=True claim_agree=True upper=0.939612916059  CERT
620191821,0,1 T   mem=True nz=True ynz=True cond=True claim_agree=True upper=2630.60847922  CERT
620304258,0,1 RHO mem=True nz=True ynz=True cond=True claim_agree=True upper=0.949002139965  CERT
620304258,0,1 T   mem=True nz=True ynz=True cond=True claim_agree=True upper=1662.18834629  CERT
629106795,0,1 RHO mem=True nz=True ynz=True cond=True claim_agree=True upper=0.903807049232  CERT
629106795,0,1 T   mem=True nz=True ynz=True cond=True claim_agree=True upper=2564.49467944  CERT
632032771,0,1 RHO mem=True nz=True ynz=True cond=True claim_agree=True upper=0.896508764012  CERT
632032771,0,1 T   mem=True nz=True ynz=True cond=True claim_agree=True upper=2181.02667870  CERT
637941038,0,1 RHO mem=True nz=True ynz=True cond=True claim_agree=True upper=0.951054949998  CERT
637941038,0,1 T   mem=True nz=True ynz=True cond=True claim_agree=True upper=2079.84395437  CERT
693526768,0,1 RHO mem=True nz=True ynz=True cond=True claim_agree=True upper=0.918954845621  CERT
693526768,0,1 T   mem=True nz=True ynz=True cond=True claim_agree=True upper=2325.31450695  CERT
744189102,0,1 RHO mem=True nz=True ynz=True cond=True claim_agree=True upper=0.918954845621  CERT
744189102,0,1 T   mem=True nz=True ynz=True cond=True claim_agree=True upper=1986.04899820  CERT
745001314,0,1 RHO mem=True nz=True ynz=True cond=True claim_agree=True upper=0.939612916059  CERT
745001314,0,1 T   mem=True nz=True ynz=True cond=True claim_agree=True upper=2260.24666225  CERT
757743616,0,1 RHO mem=True nz=True ynz=True cond=True claim_agree=True upper=0.958384236348  CERT
757743616,0,1 T   mem=True nz=True ynz=True cond=True claim_agree=True upper=2497.56734272  CERT
770848968,0,1 RHO mem=True nz=True ynz=True cond=True claim_agree=True upper=0.918849243040  CERT
770848968,0,1 T   mem=True nz=True ynz=True cond=True claim_agree=True upper=2236.76805252  CERT
896999582,0,1 RHO mem=True nz=True ynz=True cond=True claim_agree=True upper=0.926648521299  CERT
896999582,0,1 T   mem=True nz=True ynz=True cond=True claim_agree=True upper=2429.62398638  CERT
904158137,0,1 RHO mem=True nz=True ynz=True cond=True claim_agree=True upper=0.930753888934  CERT
904158137,0,1 T   mem=True nz=True ynz=True cond=True claim_agree=True upper=1922.39489326  CERT
921657428,0,1 RHO mem=True nz=True ynz=True cond=True claim_agree=True upper=0.871290716576  CERT
921657428,0,1 T   mem=True nz=True ynz=True cond=True claim_agree=True upper=2863.81825136  CERT
945040106,0,1 RHO mem=True nz=True ynz=True cond=True claim_agree=True upper=0.903175453525  CERT
945040106,0,1 T   mem=True nz=True ynz=True cond=True claim_agree=True upper=2181.09445944  CERT
988321116,0,1 RHO mem=True nz=True ynz=True cond=True claim_agree=True upper=0.903175453525  CERT
988321116,0,1 T   mem=True nz=True ynz=True cond=True claim_agree=True upper=2900.56838385  CERT
1000143984,0,1 RHO mem=True nz=True ynz=True cond=True claim_agree=True upper=0.926648521299  CERT
1000143984,0,1 T   mem=True nz=True ynz=True cond=True claim_agree=True upper=2903.90652872  CERT
FAMILY VERIFY n=7 l=1000454849 : EXCLUDED (components certified 32 / 32 ; lines 64 ; failed lines 0)
FAMILY VERIFY PASS
