FACTORIZATION: 32 irreducible factors of degree 2 over F_1000532801: OK (header deg/ncomp/bar_T agree)
6564141,0,1 RHO mem=True nz=True ynz=True cond=True claim_agree=True upper=0.944234236837  CERT
6564141,0,1 T   mem=True nz=True ynz=True cond=True claim_agree=True upper=2034.34493496  CERT
28375518,0,1 RHO mem=True nz=True ynz=True cond=True claim_agree=True upper=0.937889824944  CERT
28375518,0,1 T   mem=True nz=True ynz=True cond=True claim_agree=True upper=2386.61740028  CERT
38083409,0,1 RHO mem=True nz=True ynz=True cond=True claim_agree=True upper=0.937889824944  CERT
38083409,0,1 T   mem=True nz=True ynz=True cond=True claim_agree=True upper=2220.38013636  CERT
73964571,0,1 RHO mem=True nz=True ynz=True cond=True claim_agree=True upper=0.904256282287  CERT
73964571,0,1 T   mem=True nz=True ynz=True cond=True claim_agree=True upper=2244.98607389  CERT
89851793,0,1 RHO mem=True nz=True ynz=True cond=True claim_agree=True upper=0.943723055647  CERT
89851793,0,1 T   mem=True nz=True ynz=True cond=True claim_agree=True upper=2459.68040607  CERT
96524120,0,1 RHO mem=True nz=True ynz=True cond=True claim_agree=True upper=0.974777452650  CERT
96524120,0,1 T   mem=True nz=True ynz=True cond=True claim_agree=True upper=2409.25604237  CERT
139683437,0,1 RHO mem=True nz=True ynz=True cond=True claim_agree=True upper=0.944011189271  CERT
139683437,0,1 T   mem=True nz=True ynz=True cond=True claim_agree=True upper=2483.78974970  CERT
154958377,0,1 RHO mem=True nz=True ynz=True cond=True claim_agree=True upper=0.965157434333  CERT
154958377,0,1 T   mem=True nz=True ynz=True cond=True claim_agree=True upper=2744.69374435  CERT
159370782,0,1 RHO mem=True nz=True ynz=True cond=True claim_agree=True upper=0.943723055647  CERT
159370782,0,1 T   mem=True nz=True ynz=True cond=True claim_agree=True upper=2612.91106258  CERT
187764509,0,1 RHO mem=True nz=True ynz=True cond=True claim_agree=True upper=0.938494400067  CERT
187764509,0,1 T   mem=True nz=True ynz=True cond=True claim_agree=True upper=2069.10890862  CERT
260946275,0,1 RHO mem=True nz=True ynz=True cond=True claim_agree=True upper=0.965239826025  CERT
260946275,0,1 T   mem=True nz=True ynz=True cond=True claim_agree=True upper=2164.41605925  CERT
288811417,0,1 RHO mem=True nz=True ynz=True cond=True claim_agree=True upper=0.965187648347  CERT
288811417,0,1 T   mem=True nz=True ynz=True cond=True claim_agree=True upper=2362.39566729  CERT
378664068,0,1 RHO mem=True nz=True ynz=True cond=True claim_agree=True upper=0.938494400067  CERT
378664068,0,1 T   mem=True nz=True ynz=True cond=True claim_agree=True upper=2490.34367134  CERT
380552386,0,1 RHO mem=True nz=True ynz=True cond=True claim_agree=True upper=0.904256282287  CERT
380552386,0,1 T   mem=True nz=True ynz=True cond=True claim_agree=True upper=2365.55942980  CERT
476732570,0,1 RHO mem=True nz=True ynz=True cond=True claim_agree=True upper=0.965187648347  CERT
476732570,0,1 T   mem=True nz=True ynz=True cond=True claim_agree=True upper=2321.78403629  CERT
481653716,0,1 RHO mem=True nz=True ynz=True cond=True claim_agree=True upper=0.895398592192  CERT
481653716,0,1 T   mem=True nz=True ynz=True cond=True claim_agree=True upper=1554.80486918  CERT
518879085,0,1 RHO mem=True nz=True ynz=True cond=True claim_agree=True upper=0.965157434333  CERT
518879085,0,1 T   mem=True nz=True ynz=True cond=True claim_agree=True upper=2567.41991525  CERT
523800231,0,1 RHO mem=True nz=True ynz=True cond=True claim_agree=True upper=0.928577662104  CERT
523800231,0,1 T   mem=True nz=True ynz=True cond=True claim_agree=True upper=2458.57897900  CERT
619980415,0,1 RHO mem=True nz=True ynz=True cond=True claim_agree=True upper=0.921437067668  CERT
619980415,0,1 T   mem=True nz=True ynz=True cond=True claim_agree=True upper=1981.53709448  CERT
621868733,0,1 RHO mem=True nz=True ynz=True cond=True claim_agree=True upper=0.950425875657  CERT
621868733,0,1 T   mem=True nz=True ynz=True cond=True claim_agree=True upper=2596.80275251  CERT
711721384,0,1 RHO mem=True nz=True ynz=True cond=True claim_agree=True upper=0.928577662104  CERT
711721384,0,1 T   mem=True nz=True ynz=True cond=True claim_agree=True upper=2091.69341653  CERT
739586526,0,1 RHO mem=True nz=True ynz=True cond=True claim_agree=True upper=0.944234236837  CERT
739586526,0,1 T   mem=True nz=True ynz=True cond=True claim_agree=True upper=2628.27888263  CERT
812768292,0,1 RHO mem=True nz=True ynz=True cond=True claim_agree=True upper=0.950425875657  CERT
812768292,0,1 T   mem=True nz=True ynz=True cond=True claim_agree=True upper=1981.64049912  CERT
841162019,0,1 RHO mem=True nz=True ynz=True cond=True claim_agree=True upper=0.928114387666  CERT
841162019,0,1 T   mem=True nz=True ynz=True cond=True claim_agree=True upper=2518.35909009  CERT
845574424,0,1 RHO mem=True nz=True ynz=True cond=True claim_agree=True upper=0.895398592192  CERT
845574424,0,1 T   mem=True nz=True ynz=True cond=True claim_agree=True upper=1885.42423505  CERT
860849364,0,1 RHO mem=True nz=True ynz=True cond=True claim_agree=True upper=0.974777452650  CERT
860849364,0,1 T   mem=True nz=True ynz=True cond=True claim_agree=True upper=2580.01366768  CERT
904008681,0,1 RHO mem=True nz=True ynz=True cond=True claim_agree=True upper=0.944011189271  CERT
904008681,0,1 T   mem=True nz=True ynz=True cond=True claim_agree=True upper=2249.89643184  CERT
910681008,0,1 RHO mem=True nz=True ynz=True cond=True claim_agree=True upper=0.928114387666  CERT
910681008,0,1 T   mem=True nz=True ynz=True cond=True claim_agree=True upper=1957.65330193  CERT
926568230,0,1 RHO mem=True nz=True ynz=True cond=True claim_agree=True upper=0.921437067668  CERT
926568230,0,1 T   mem=True nz=True ynz=True cond=True claim_agree=True upper=2075.90047879  CERT
962449392,0,1 RHO mem=True nz=True ynz=True cond=True claim_agree=True upper=0.938466805319  CERT
962449392,0,1 T   mem=True nz=True ynz=True cond=True claim_agree=True upper=2268.04357494  CERT
972157283,0,1 RHO mem=True nz=True ynz=True cond=True claim_agree=True upper=0.938466805319  CERT
972157283,0,1 T   mem=True nz=True ynz=True cond=True claim_agree=True upper=2791.96091260  CERT
993968660,0,1 RHO mem=True nz=True ynz=True cond=True claim_agree=True upper=0.965239826025  CERT
993968660,0,1 T   mem=True nz=True ynz=True cond=True claim_agree=True upper=3319.11255005  CERT
FAMILY VERIFY n=7 l=1000532801 : EXCLUDED (components certified 32 / 32 ; lines 64 ; failed lines 0)
FAMILY VERIFY PASS
