FACTORIZATION: 32 irreducible factors of degree 2 over F_1001194561: OK (header deg/ncomp/bar_T agree)
12397367,0,1 RHO mem=True nz=True ynz=True cond=True claim_agree=True upper=0.961419130958  CERT
12397367,0,1 T   mem=True nz=True ynz=True cond=True claim_agree=True upper=2710.88128886  CERT
31409550,0,1 RHO mem=True nz=True ynz=True cond=True claim_agree=True upper=0.964140475441  CERT
31409550,0,1 T   mem=True nz=True ynz=True cond=True claim_agree=True upper=2484.16014726  CERT
65976198,0,1 RHO mem=True nz=True ynz=True cond=True claim_agree=True upper=0.935352384259  CERT
65976198,0,1 T   mem=True nz=True ynz=True cond=True claim_agree=True upper=2539.85186299  CERT
102121950,0,1 RHO mem=True nz=True ynz=True cond=True claim_agree=True upper=0.936809471450  CERT
102121950,0,1 T   mem=True nz=True ynz=True cond=True claim_agree=True upper=3007.07612242  CERT
134374677,0,1 RHO mem=True nz=True ynz=True cond=True claim_agree=True upper=0.956557590331  CERT
134374677,0,1 T   mem=True nz=True ynz=True cond=True claim_agree=True upper=2074.57223944  CERT
135025210,0,1 RHO mem=True nz=True ynz=True cond=True claim_agree=True upper=0.932713043553  CERT
135025210,0,1 T   mem=True nz=True ynz=True cond=True claim_agree=True upper=2601.77115594  CERT
159372918,0,1 RHO mem=True nz=True ynz=True cond=True claim_agree=True upper=0.964140475441  CERT
159372918,0,1 T   mem=True nz=True ynz=True cond=True claim_agree=True upper=2257.03209252  CERT
167320807,0,1 RHO mem=True nz=True ynz=True cond=True claim_agree=True upper=0.942779815636  CERT
167320807,0,1 T   mem=True nz=True ynz=True cond=True claim_agree=True upper=1992.68661273  CERT
201771791,0,1 RHO mem=True nz=True ynz=True cond=True claim_agree=True upper=0.958345156656  CERT
201771791,0,1 T   mem=True nz=True ynz=True cond=True claim_agree=True upper=2803.21424079  CERT
203548899,0,1 RHO mem=True nz=True ynz=True cond=True claim_agree=True upper=0.936809471450  CERT
203548899,0,1 T   mem=True nz=True ynz=True cond=True claim_agree=True upper=1856.88659186  CERT
245299684,0,1 RHO mem=True nz=True ynz=True cond=True claim_agree=True upper=0.965947439479  CERT
245299684,0,1 T   mem=True nz=True ynz=True cond=True claim_agree=True upper=2726.32366221  CERT
247054641,0,1 RHO mem=True nz=True ynz=True cond=True claim_agree=True upper=0.941244320745  CERT
247054641,0,1 T   mem=True nz=True ynz=True cond=True claim_agree=True upper=2024.83033278  CERT
309748605,0,1 RHO mem=True nz=True ynz=True cond=True claim_agree=True upper=0.965947439479  CERT
309748605,0,1 T   mem=True nz=True ynz=True cond=True claim_agree=True upper=2390.93923020  CERT
356180038,0,1 RHO mem=True nz=True ynz=True cond=True claim_agree=True upper=0.958345156656  CERT
356180038,0,1 T   mem=True nz=True ynz=True cond=True claim_agree=True upper=2422.19720041  CERT
401163966,0,1 RHO mem=True nz=True ynz=True cond=True claim_agree=True upper=0.981046044383  CERT
401163966,0,1 T   mem=True nz=True ynz=True cond=True claim_agree=True upper=2621.37445258  CERT
431539384,0,1 RHO mem=True nz=True ynz=True cond=True claim_agree=True upper=0.942779815636  CERT
431539384,0,1 T   mem=True nz=True ynz=True cond=True claim_agree=True upper=2791.71475440  CERT
569655177,0,1 RHO mem=True nz=True ynz=True cond=True claim_agree=True upper=0.969968070334  CERT
569655177,0,1 T   mem=True nz=True ynz=True cond=True claim_agree=True upper=2389.79280636  CERT
600030595,0,1 RHO mem=True nz=True ynz=True cond=True claim_agree=True upper=0.961419130958  CERT
600030595,0,1 T   mem=True nz=True ynz=True cond=True claim_agree=True upper=2887.34942656  CERT
645014523,0,1 RHO mem=True nz=True ynz=True cond=True claim_agree=True upper=0.928496907469  CERT
645014523,0,1 T   mem=True nz=True ynz=True cond=True claim_agree=True upper=2411.33286221  CERT
691445956,0,1 RHO mem=True nz=True ynz=True cond=True claim_agree=True upper=0.965972657656  CERT
691445956,0,1 T   mem=True nz=True ynz=True cond=True claim_agree=True upper=2066.39393683  CERT
754139920,0,1 RHO mem=True nz=True ynz=True cond=True claim_agree=True upper=0.956557590331  CERT
754139920,0,1 T   mem=True nz=True ynz=True cond=True claim_agree=True upper=2291.00645415  CERT
755894877,0,1 RHO mem=True nz=True ynz=True cond=True claim_agree=True upper=0.965972657656  CERT
755894877,0,1 T   mem=True nz=True ynz=True cond=True claim_agree=True upper=2591.46932587  CERT
797645662,0,1 RHO mem=True nz=True ynz=True cond=True claim_agree=True upper=0.955442356556  CERT
797645662,0,1 T   mem=True nz=True ynz=True cond=True claim_agree=True upper=2301.17723147  CERT
799422770,0,1 RHO mem=True nz=True ynz=True cond=True claim_agree=True upper=0.928496907469  CERT
799422770,0,1 T   mem=True nz=True ynz=True cond=True claim_agree=True upper=2046.28652184  CERT
833873754,0,1 RHO mem=True nz=True ynz=True cond=True claim_agree=True upper=0.969968070334  CERT
833873754,0,1 T   mem=True nz=True ynz=True cond=True claim_agree=True upper=2980.58426769  CERT
841821643,0,1 RHO mem=True nz=True ynz=True cond=True claim_agree=True upper=0.941246867776  CERT
841821643,0,1 T   mem=True nz=True ynz=True cond=True claim_agree=True upper=2985.93985688  CERT
866169351,0,1 RHO mem=True nz=True ynz=True cond=True claim_agree=True upper=0.935352384259  CERT
866169351,0,1 T   mem=True nz=True ynz=True cond=True claim_agree=True upper=3042.66919981  CERT
866819884,0,1 RHO mem=True nz=True ynz=True cond=True claim_agree=True upper=0.941244320745  CERT
866819884,0,1 T   mem=True nz=True ynz=True cond=True claim_agree=True upper=2499.28486943  CERT
899072611,0,1 RHO mem=True nz=True ynz=True cond=True claim_agree=True upper=0.955442356556  CERT
899072611,0,1 T   mem=True nz=True ynz=True cond=True claim_agree=True upper=2484.24752336  CERT
935218363,0,1 RHO mem=True nz=True ynz=True cond=True claim_agree=True upper=0.932713043553  CERT
935218363,0,1 T   mem=True nz=True ynz=True cond=True claim_agree=True upper=2117.47048536  CERT
969785011,0,1 RHO mem=True nz=True ynz=True cond=True claim_agree=True upper=0.941246867776  CERT
969785011,0,1 T   mem=True nz=True ynz=True cond=True claim_agree=True upper=2420.50683605  CERT
988797194,0,1 RHO mem=True nz=True ynz=True cond=True claim_agree=True upper=0.981046044383  CERT
988797194,0,1 T   mem=True nz=True ynz=True cond=True claim_agree=True upper=2669.49194982  CERT
FAMILY VERIFY n=7 l=1001194561 : EXCLUDED (components certified 32 / 32 ; lines 64 ; failed lines 0)
FAMILY VERIFY PASS
