FACTORIZATION: 32 irreducible factors of degree 2 over F_1000981441: OK (header deg/ncomp/bar_T agree)
6313244,0,1 RHO mem=True nz=True ynz=True cond=True claim_agree=True upper=0.934601050138  CERT
6313244,0,1 T   mem=True nz=True ynz=True cond=True claim_agree=True upper=2356.10898922  CERT
76243401,0,1 RHO mem=True nz=True ynz=True cond=True claim_agree=True upper=0.919672430464  CERT
76243401,0,1 T   mem=True nz=True ynz=True cond=True claim_agree=True upper=2977.07144951  CERT
100709991,0,1 RHO mem=True nz=True ynz=True cond=True claim_agree=True upper=0.898027888335  CERT
100709991,0,1 T   mem=True nz=True ynz=True cond=True claim_agree=True upper=1618.77511617  CERT
142616113,0,1 RHO mem=True nz=True ynz=True cond=True claim_agree=True upper=0.955149272331  CERT
142616113,0,1 T   mem=True nz=True ynz=True cond=True claim_agree=True upper=3718.66858712  CERT
143415452,0,1 RHO mem=True nz=True ynz=True cond=True claim_agree=True upper=0.932710732197  CERT
143415452,0,1 T   mem=True nz=True ynz=True cond=True claim_agree=True upper=2117.48253614  CERT
147261985,0,1 RHO mem=True nz=True ynz=True cond=True claim_agree=True upper=0.939868045707  CERT
147261985,0,1 T   mem=True nz=True ynz=True cond=True claim_agree=True upper=2350.84049921  CERT
148662145,0,1 RHO mem=True nz=True ynz=True cond=True claim_agree=True upper=0.901176518246  CERT
148662145,0,1 T   mem=True nz=True ynz=True cond=True claim_agree=True upper=2651.76303106  CERT
209579156,0,1 RHO mem=True nz=True ynz=True cond=True claim_agree=True upper=0.911169125626  CERT
209579156,0,1 T   mem=True nz=True ynz=True cond=True claim_agree=True upper=2563.76455403  CERT
218863927,0,1 RHO mem=True nz=True ynz=True cond=True claim_agree=True upper=0.968809535592  CERT
218863927,0,1 T   mem=True nz=True ynz=True cond=True claim_agree=True upper=2936.89072279  CERT
293534025,0,1 RHO mem=True nz=True ynz=True cond=True claim_agree=True upper=0.924269000905  CERT
293534025,0,1 T   mem=True nz=True ynz=True cond=True claim_agree=True upper=1976.23096446  CERT
309227695,0,1 RHO mem=True nz=True ynz=True cond=True claim_agree=True upper=0.898027888335  CERT
309227695,0,1 T   mem=True nz=True ynz=True cond=True claim_agree=True upper=2743.58096837  CERT
330650218,0,1 RHO mem=True nz=True ynz=True cond=True claim_agree=True upper=0.935255924718  CERT
330650218,0,1 T   mem=True nz=True ynz=True cond=True claim_agree=True upper=2195.54890870  CERT
340322336,0,1 RHO mem=True nz=True ynz=True cond=True claim_agree=True upper=0.924269000905  CERT
340322336,0,1 T   mem=True nz=True ynz=True cond=True claim_agree=True upper=2499.85454835  CERT
348655416,0,1 RHO mem=True nz=True ynz=True cond=True claim_agree=True upper=0.955149272331  CERT
348655416,0,1 T   mem=True nz=True ynz=True cond=True claim_agree=True upper=2471.28402080  CERT
367069573,0,1 RHO mem=True nz=True ynz=True cond=True claim_agree=True upper=0.948398069279  CERT
367069573,0,1 T   mem=True nz=True ynz=True cond=True claim_agree=True upper=2647.63629277  CERT
450901608,0,1 RHO mem=True nz=True ynz=True cond=True claim_agree=True upper=0.905210139070  CERT
450901608,0,1 T   mem=True nz=True ynz=True cond=True claim_agree=True upper=2115.98083401  CERT
550079833,0,1 RHO mem=True nz=True ynz=True cond=True claim_agree=True upper=0.968809535592  CERT
550079833,0,1 T   mem=True nz=True ynz=True cond=True claim_agree=True upper=2705.85898040  CERT
633911868,0,1 RHO mem=True nz=True ynz=True cond=True claim_agree=True upper=0.901176518246  CERT
633911868,0,1 T   mem=True nz=True ynz=True cond=True claim_agree=True upper=1970.12390783  CERT
652326025,0,1 RHO mem=True nz=True ynz=True cond=True claim_agree=True upper=0.904926512976  CERT
652326025,0,1 T   mem=True nz=True ynz=True cond=True claim_agree=True upper=2492.43317810  CERT
660659105,0,1 RHO mem=True nz=True ynz=True cond=True claim_agree=True upper=0.951127551846  CERT
660659105,0,1 T   mem=True nz=True ynz=True cond=True claim_agree=True upper=2640.53711859  CERT
670331223,0,1 RHO mem=True nz=True ynz=True cond=True claim_agree=True upper=0.911169125626  CERT
670331223,0,1 T   mem=True nz=True ynz=True cond=True claim_agree=True upper=1884.69558183  CERT
691753746,0,1 RHO mem=True nz=True ynz=True cond=True claim_agree=True upper=0.939299951839  CERT
691753746,0,1 T   mem=True nz=True ynz=True cond=True claim_agree=True upper=2537.67949210  CERT
707447416,0,1 RHO mem=True nz=True ynz=True cond=True claim_agree=True upper=0.951127551846  CERT
707447416,0,1 T   mem=True nz=True ynz=True cond=True claim_agree=True upper=2827.33555329  CERT
782117514,0,1 RHO mem=True nz=True ynz=True cond=True claim_agree=True upper=0.905210139070  CERT
782117514,0,1 T   mem=True nz=True ynz=True cond=True claim_agree=True upper=2935.63176689  CERT
791402285,0,1 RHO mem=True nz=True ynz=True cond=True claim_agree=True upper=0.935255924718  CERT
791402285,0,1 T   mem=True nz=True ynz=True cond=True claim_agree=True upper=2675.33494574  CERT
852319296,0,1 RHO mem=True nz=True ynz=True cond=True claim_agree=True upper=0.948398069279  CERT
852319296,0,1 T   mem=True nz=True ynz=True cond=True claim_agree=True upper=2498.28174801  CERT
853719456,0,1 RHO mem=True nz=True ynz=True cond=True claim_agree=True upper=0.919672430464  CERT
853719456,0,1 T   mem=True nz=True ynz=True cond=True claim_agree=True upper=2781.32018468  CERT
857565989,0,1 RHO mem=True nz=True ynz=True cond=True claim_agree=True upper=0.934601050138  CERT
857565989,0,1 T   mem=True nz=True ynz=True cond=True claim_agree=True upper=3253.16823760  CERT
858365328,0,1 RHO mem=True nz=True ynz=True cond=True claim_agree=True upper=0.904926512976  CERT
858365328,0,1 T   mem=True nz=True ynz=True cond=True claim_agree=True upper=2967.37773908  CERT
900271450,0,1 RHO mem=True nz=True ynz=True cond=True claim_agree=True upper=0.939299951839  CERT
900271450,0,1 T   mem=True nz=True ynz=True cond=True claim_agree=True upper=3116.22984628  CERT
924738040,0,1 RHO mem=True nz=True ynz=True cond=True claim_agree=True upper=0.939868045707  CERT
924738040,0,1 T   mem=True nz=True ynz=True cond=True claim_agree=True upper=3236.68136927  CERT
994668197,0,1 RHO mem=True nz=True ynz=True cond=True claim_agree=True upper=0.932710732197  CERT
994668197,0,1 T   mem=True nz=True ynz=True cond=True claim_agree=True upper=2136.67323873  CERT
FAMILY VERIFY n=7 l=1000981441 : EXCLUDED (components certified 32 / 32 ; lines 64 ; failed lines 0)
FAMILY VERIFY PASS
