FACTORIZATION: 32 irreducible factors of degree 2 over F_1001016001: OK (header deg/ncomp/bar_T agree)
24920640,0,1 RHO mem=True nz=True ynz=True cond=True claim_agree=True upper=0.970790817242  CERT
24920640,0,1 T   mem=True nz=True ynz=True cond=True claim_agree=True upper=2419.92233419  CERT
62731329,0,1 RHO mem=True nz=True ynz=True cond=True claim_agree=True upper=0.908593561031  CERT
62731329,0,1 T   mem=True nz=True ynz=True cond=True claim_agree=True upper=2290.46068611  CERT
131974391,0,1 RHO mem=True nz=True ynz=True cond=True claim_agree=True upper=0.939188750213  CERT
131974391,0,1 T   mem=True nz=True ynz=True cond=True claim_agree=True upper=1611.45084091  CERT
140556430,0,1 RHO mem=True nz=True ynz=True cond=True claim_agree=True upper=0.929077073045  CERT
140556430,0,1 T   mem=True nz=True ynz=True cond=True claim_agree=True upper=2554.26923497  CERT
161187261,0,1 RHO mem=True nz=True ynz=True cond=True claim_agree=True upper=0.933705050431  CERT
161187261,0,1 T   mem=True nz=True ynz=True cond=True claim_agree=True upper=2176.45925060  CERT
167244139,0,1 RHO mem=True nz=True ynz=True cond=True claim_agree=True upper=0.958980137542  CERT
167244139,0,1 T   mem=True nz=True ynz=True cond=True claim_agree=True upper=2398.08870643  CERT
175982469,0,1 RHO mem=True nz=True ynz=True cond=True claim_agree=True upper=0.951305876245  CERT
175982469,0,1 T   mem=True nz=True ynz=True cond=True claim_agree=True upper=2439.32038550  CERT
178287339,0,1 RHO mem=True nz=True ynz=True cond=True claim_agree=True upper=0.925969582404  CERT
178287339,0,1 T   mem=True nz=True ynz=True cond=True claim_agree=True upper=2589.92847371  CERT
248206747,0,1 RHO mem=True nz=True ynz=True cond=True claim_agree=True upper=0.915192731143  CERT
248206747,0,1 T   mem=True nz=True ynz=True cond=True claim_agree=True upper=1626.04147657  CERT
261862632,0,1 RHO mem=True nz=True ynz=True cond=True claim_agree=True upper=0.915192731143  CERT
261862632,0,1 T   mem=True nz=True ynz=True cond=True claim_agree=True upper=2371.09763589  CERT
312605107,0,1 RHO mem=True nz=True ynz=True cond=True claim_agree=True upper=0.951305876245  CERT
312605107,0,1 T   mem=True nz=True ynz=True cond=True claim_agree=True upper=3342.19730181  CERT
375023171,0,1 RHO mem=True nz=True ynz=True cond=True claim_agree=True upper=0.958980137542  CERT
375023171,0,1 T   mem=True nz=True ynz=True cond=True claim_agree=True upper=2950.78741831  CERT
405281712,0,1 RHO mem=True nz=True ynz=True cond=True claim_agree=True upper=0.937296236086  CERT
405281712,0,1 T   mem=True nz=True ynz=True cond=True claim_agree=True upper=2621.59645848  CERT
472142459,0,1 RHO mem=True nz=True ynz=True cond=True claim_agree=True upper=0.939696337298  CERT
472142459,0,1 T   mem=True nz=True ynz=True cond=True claim_agree=True upper=2336.19980313  CERT
486944537,0,1 RHO mem=True nz=True ynz=True cond=True claim_agree=True upper=0.896520477450  CERT
486944537,0,1 T   mem=True nz=True ynz=True cond=True claim_agree=True upper=1660.30764973  CERT
491308194,0,1 RHO mem=True nz=True ynz=True cond=True claim_agree=True upper=0.937296236086  CERT
491308194,0,1 T   mem=True nz=True ynz=True cond=True claim_agree=True upper=2251.07506373  CERT
509707807,0,1 RHO mem=True nz=True ynz=True cond=True claim_agree=True upper=0.976729817583  CERT
509707807,0,1 T   mem=True nz=True ynz=True cond=True claim_agree=True upper=2357.16269509  CERT
514071464,0,1 RHO mem=True nz=True ynz=True cond=True claim_agree=True upper=0.908593561031  CERT
514071464,0,1 T   mem=True nz=True ynz=True cond=True claim_agree=True upper=2324.05089412  CERT
528873542,0,1 RHO mem=True nz=True ynz=True cond=True claim_agree=True upper=0.939188750213  CERT
528873542,0,1 T   mem=True nz=True ynz=True cond=True claim_agree=True upper=2246.52287889  CERT
595734289,0,1 RHO mem=True nz=True ynz=True cond=True claim_agree=True upper=0.976729817583  CERT
595734289,0,1 T   mem=True nz=True ynz=True cond=True claim_agree=True upper=2244.88619461  CERT
625992830,0,1 RHO mem=True nz=True ynz=True cond=True claim_agree=True upper=0.854821132582  CERT
625992830,0,1 T   mem=True nz=True ynz=True cond=True claim_agree=True upper=1976.56257801  CERT
688410894,0,1 RHO mem=True nz=True ynz=True cond=True claim_agree=True upper=0.933640782461  CERT
688410894,0,1 T   mem=True nz=True ynz=True cond=True claim_agree=True upper=2539.49766003  CERT
739153369,0,1 RHO mem=True nz=True ynz=True cond=True claim_agree=True upper=0.947515690531  CERT
739153369,0,1 T   mem=True nz=True ynz=True cond=True claim_agree=True upper=2432.23491930  CERT
752809254,0,1 RHO mem=True nz=True ynz=True cond=True claim_agree=True upper=0.947515690531  CERT
752809254,0,1 T   mem=True nz=True ynz=True cond=True claim_agree=True upper=2582.73719293  CERT
822728662,0,1 RHO mem=True nz=True ynz=True cond=True claim_agree=True upper=0.933705050431  CERT
822728662,0,1 T   mem=True nz=True ynz=True cond=True claim_agree=True upper=2515.37241875  CERT
825033532,0,1 RHO mem=True nz=True ynz=True cond=True claim_agree=True upper=0.933640782461  CERT
825033532,0,1 T   mem=True nz=True ynz=True cond=True claim_agree=True upper=2595.90960163  CERT
833771862,0,1 RHO mem=True nz=True ynz=True cond=True claim_agree=True upper=0.854821132582  CERT
833771862,0,1 T   mem=True nz=True ynz=True cond=True claim_agree=True upper=1581.16612199  CERT
839828740,0,1 RHO mem=True nz=True ynz=True cond=True claim_agree=True upper=0.925969582404  CERT
839828740,0,1 T   mem=True nz=True ynz=True cond=True claim_agree=True upper=3203.39349023  CERT
860459571,0,1 RHO mem=True nz=True ynz=True cond=True claim_agree=True upper=0.970790817242  CERT
860459571,0,1 T   mem=True nz=True ynz=True cond=True claim_agree=True upper=2272.33790806  CERT
869041610,0,1 RHO mem=True nz=True ynz=True cond=True claim_agree=True upper=0.939696337298  CERT
869041610,0,1 T   mem=True nz=True ynz=True cond=True claim_agree=True upper=2251.37926509  CERT
938284672,0,1 RHO mem=True nz=True ynz=True cond=True claim_agree=True upper=0.896520477450  CERT
938284672,0,1 T   mem=True nz=True ynz=True cond=True claim_agree=True upper=2315.28620417  CERT
976095361,0,1 RHO mem=True nz=True ynz=True cond=True claim_agree=True upper=0.929077073045  CERT
976095361,0,1 T   mem=True nz=True ynz=True cond=True claim_agree=True upper=2664.16222215  CERT
FAMILY VERIFY n=7 l=1001016001 : EXCLUDED (components certified 32 / 32 ; lines 64 ; failed lines 0)
FAMILY VERIFY PASS
