FACTORIZATION: 32 irreducible factors of degree 2 over F_1000546753: OK (header deg/ncomp/bar_T agree)
36539255,0,1 RHO mem=True nz=True ynz=True cond=True claim_agree=True upper=0.899353750141  CERT
36539255,0,1 T   mem=True nz=True ynz=True cond=True claim_agree=True upper=1987.07817960  CERT
73852371,0,1 RHO mem=True nz=True ynz=True cond=True claim_agree=True upper=0.951717636356  CERT
73852371,0,1 T   mem=True nz=True ynz=True cond=True claim_agree=True upper=2159.08816534  CERT
74957780,0,1 RHO mem=True nz=True ynz=True cond=True claim_agree=True upper=0.906185831532  CERT
74957780,0,1 T   mem=True nz=True ynz=True cond=True claim_agree=True upper=2341.36971521  CERT
81957978,0,1 RHO mem=True nz=True ynz=True cond=True claim_agree=True upper=0.954981432578  CERT
81957978,0,1 T   mem=True nz=True ynz=True cond=True claim_agree=True upper=2834.11910991  CERT
138693987,0,1 RHO mem=True nz=True ynz=True cond=True claim_agree=True upper=0.922556962689  CERT
138693987,0,1 T   mem=True nz=True ynz=True cond=True claim_agree=True upper=2426.70962873  CERT
163762460,0,1 RHO mem=True nz=True ynz=True cond=True claim_agree=True upper=0.943479095058  CERT
163762460,0,1 T   mem=True nz=True ynz=True cond=True claim_agree=True upper=2251.35676626  CERT
195409335,0,1 RHO mem=True nz=True ynz=True cond=True claim_agree=True upper=0.914862707992  CERT
195409335,0,1 T   mem=True nz=True ynz=True cond=True claim_agree=True upper=2154.88020994  CERT
229182222,0,1 RHO mem=True nz=True ynz=True cond=True claim_agree=True upper=0.914862707992  CERT
229182222,0,1 T   mem=True nz=True ynz=True cond=True claim_agree=True upper=1930.62535573  CERT
325259681,0,1 RHO mem=True nz=True ynz=True cond=True claim_agree=True upper=0.941570968242  CERT
325259681,0,1 T   mem=True nz=True ynz=True cond=True claim_agree=True upper=2271.86410949  CERT
335341701,0,1 RHO mem=True nz=True ynz=True cond=True claim_agree=True upper=0.922556962689  CERT
335341701,0,1 T   mem=True nz=True ynz=True cond=True claim_agree=True upper=2376.16646617  CERT
364181619,0,1 RHO mem=True nz=True ynz=True cond=True claim_agree=True upper=0.974207354921  CERT
364181619,0,1 T   mem=True nz=True ynz=True cond=True claim_agree=True upper=2860.13639287  CERT
375813943,0,1 RHO mem=True nz=True ynz=True cond=True claim_agree=True upper=0.947986307999  CERT
375813943,0,1 T   mem=True nz=True ynz=True cond=True claim_agree=True upper=2007.23465721  CERT
424201252,0,1 RHO mem=True nz=True ynz=True cond=True claim_agree=True upper=0.944256847189  CERT
424201252,0,1 T   mem=True nz=True ynz=True cond=True claim_agree=True upper=2300.81795862  CERT
463494092,0,1 RHO mem=True nz=True ynz=True cond=True claim_agree=True upper=0.906185831532  CERT
463494092,0,1 T   mem=True nz=True ynz=True cond=True claim_agree=True upper=2212.98821046  CERT
466935405,0,1 RHO mem=True nz=True ynz=True cond=True claim_agree=True upper=0.941570968242  CERT
466935405,0,1 T   mem=True nz=True ynz=True cond=True claim_agree=True upper=1620.36664558  CERT
474274710,0,1 RHO mem=True nz=True ynz=True cond=True claim_agree=True upper=0.968994302192  CERT
474274710,0,1 T   mem=True nz=True ynz=True cond=True claim_agree=True upper=2345.44301083  CERT
526272043,0,1 RHO mem=True nz=True ynz=True cond=True claim_agree=True upper=0.974207354921  CERT
526272043,0,1 T   mem=True nz=True ynz=True cond=True claim_agree=True upper=2900.07262677  CERT
533611348,0,1 RHO mem=True nz=True ynz=True cond=True claim_agree=True upper=0.972008617020  CERT
533611348,0,1 T   mem=True nz=True ynz=True cond=True claim_agree=True upper=2187.71532532  CERT
537052661,0,1 RHO mem=True nz=True ynz=True cond=True claim_agree=True upper=0.948668042153  CERT
537052661,0,1 T   mem=True nz=True ynz=True cond=True claim_agree=True upper=1606.98424679  CERT
576345501,0,1 RHO mem=True nz=True ynz=True cond=True claim_agree=True upper=0.947986307999  CERT
576345501,0,1 T   mem=True nz=True ynz=True cond=True claim_agree=True upper=2260.62928132  CERT
624732810,0,1 RHO mem=True nz=True ynz=True cond=True claim_agree=True upper=0.944256847189  CERT
624732810,0,1 T   mem=True nz=True ynz=True cond=True claim_agree=True upper=1905.38389087  CERT
636365134,0,1 RHO mem=True nz=True ynz=True cond=True claim_agree=True upper=0.968994302192  CERT
636365134,0,1 T   mem=True nz=True ynz=True cond=True claim_agree=True upper=2289.26676245  CERT
665205052,0,1 RHO mem=True nz=True ynz=True cond=True claim_agree=True upper=0.929592956777  CERT
665205052,0,1 T   mem=True nz=True ynz=True cond=True claim_agree=True upper=1907.64239766  CERT
675287072,0,1 RHO mem=True nz=True ynz=True cond=True claim_agree=True upper=0.972124064279  CERT
675287072,0,1 T   mem=True nz=True ynz=True cond=True claim_agree=True upper=2454.10375649  CERT
771364531,0,1 RHO mem=True nz=True ynz=True cond=True claim_agree=True upper=0.925596092502  CERT
771364531,0,1 T   mem=True nz=True ynz=True cond=True claim_agree=True upper=2280.46719894  CERT
805137418,0,1 RHO mem=True nz=True ynz=True cond=True claim_agree=True upper=0.925596092502  CERT
805137418,0,1 T   mem=True nz=True ynz=True cond=True claim_agree=True upper=2074.85010444  CERT
836784293,0,1 RHO mem=True nz=True ynz=True cond=True claim_agree=True upper=0.951717636356  CERT
836784293,0,1 T   mem=True nz=True ynz=True cond=True claim_agree=True upper=2946.33436780  CERT
861852766,0,1 RHO mem=True nz=True ynz=True cond=True claim_agree=True upper=0.929592956777  CERT
861852766,0,1 T   mem=True nz=True ynz=True cond=True claim_agree=True upper=2364.08162040  CERT
918588775,0,1 RHO mem=True nz=True ynz=True cond=True claim_agree=True upper=0.899353750141  CERT
918588775,0,1 T   mem=True nz=True ynz=True cond=True claim_agree=True upper=1820.88594747  CERT
925588973,0,1 RHO mem=True nz=True ynz=True cond=True claim_agree=True upper=0.948668042153  CERT
925588973,0,1 T   mem=True nz=True ynz=True cond=True claim_agree=True upper=1985.80643739  CERT
926694382,0,1 RHO mem=True nz=True ynz=True cond=True claim_agree=True upper=0.943479095058  CERT
926694382,0,1 T   mem=True nz=True ynz=True cond=True claim_agree=True upper=1776.42424648  CERT
964007498,0,1 RHO mem=True nz=True ynz=True cond=True claim_agree=True upper=0.954981432578  CERT
964007498,0,1 T   mem=True nz=True ynz=True cond=True claim_agree=True upper=2594.41575091  CERT
FAMILY VERIFY n=7 l=1000546753 : EXCLUDED (components certified 32 / 32 ; lines 64 ; failed lines 0)
FAMILY VERIFY PASS
