FACTORIZATION: 32 irreducible factors of degree 2 over F_1000892353: OK (header deg/ncomp/bar_T agree)
97647932,0,1 RHO mem=True nz=True ynz=True cond=True claim_agree=True upper=0.949456629368  CERT
97647932,0,1 T   mem=True nz=True ynz=True cond=True claim_agree=True upper=2203.37302890  CERT
103116988,0,1 RHO mem=True nz=True ynz=True cond=True claim_agree=True upper=0.927604672675  CERT
103116988,0,1 T   mem=True nz=True ynz=True cond=True claim_agree=True upper=3025.79769345  CERT
140401406,0,1 RHO mem=True nz=True ynz=True cond=True claim_agree=True upper=0.967378322020  CERT
140401406,0,1 T   mem=True nz=True ynz=True cond=True claim_agree=True upper=2121.56970413  CERT
176278554,0,1 RHO mem=True nz=True ynz=True cond=True claim_agree=True upper=0.967378322020  CERT
176278554,0,1 T   mem=True nz=True ynz=True cond=True claim_agree=True upper=2069.39370816  CERT
192430311,0,1 RHO mem=True nz=True ynz=True cond=True claim_agree=True upper=0.942857496027  CERT
192430311,0,1 T   mem=True nz=True ynz=True cond=True claim_agree=True upper=2628.13616218  CERT
192511555,0,1 RHO mem=True nz=True ynz=True cond=True claim_agree=True upper=0.918929721903  CERT
192511555,0,1 T   mem=True nz=True ynz=True cond=True claim_agree=True upper=2629.63548392  CERT
207046127,0,1 RHO mem=True nz=True ynz=True cond=True claim_agree=True upper=0.935909207883  CERT
207046127,0,1 T   mem=True nz=True ynz=True cond=True claim_agree=True upper=1940.68945297  CERT
210956251,0,1 RHO mem=True nz=True ynz=True cond=True claim_agree=True upper=0.927604672675  CERT
210956251,0,1 T   mem=True nz=True ynz=True cond=True claim_agree=True upper=2016.10377025  CERT
252646740,0,1 RHO mem=True nz=True ynz=True cond=True claim_agree=True upper=0.946725428421  CERT
252646740,0,1 T   mem=True nz=True ynz=True cond=True claim_agree=True upper=2326.37762082  CERT
299762058,0,1 RHO mem=True nz=True ynz=True cond=True claim_agree=True upper=0.973709419787  CERT
299762058,0,1 T   mem=True nz=True ynz=True cond=True claim_agree=True upper=2515.54657704  CERT
319678276,0,1 RHO mem=True nz=True ynz=True cond=True claim_agree=True upper=0.882654255879  CERT
319678276,0,1 T   mem=True nz=True ynz=True cond=True claim_agree=True upper=2189.35661703  CERT
348330326,0,1 RHO mem=True nz=True ynz=True cond=True claim_agree=True upper=0.967155505174  CERT
348330326,0,1 T   mem=True nz=True ynz=True cond=True claim_agree=True upper=2751.14811725  CERT
404391150,0,1 RHO mem=True nz=True ynz=True cond=True claim_agree=True upper=0.916262580282  CERT
404391150,0,1 T   mem=True nz=True ynz=True cond=True claim_agree=True upper=2460.23888881  CERT
427506034,0,1 RHO mem=True nz=True ynz=True cond=True claim_agree=True upper=0.941401877296  CERT
427506034,0,1 T   mem=True nz=True ynz=True cond=True claim_agree=True upper=3235.02835683  CERT
436167166,0,1 RHO mem=True nz=True ynz=True cond=True claim_agree=True upper=0.882654255879  CERT
436167166,0,1 T   mem=True nz=True ynz=True cond=True claim_agree=True upper=1419.30122629  CERT
453499559,0,1 RHO mem=True nz=True ynz=True cond=True claim_agree=True upper=0.965755979528  CERT
453499559,0,1 T   mem=True nz=True ynz=True cond=True claim_agree=True upper=2505.22572597  CERT
547392794,0,1 RHO mem=True nz=True ynz=True cond=True claim_agree=True upper=0.949456629368  CERT
547392794,0,1 T   mem=True nz=True ynz=True cond=True claim_agree=True upper=2326.79585404  CERT
564725187,0,1 RHO mem=True nz=True ynz=True cond=True claim_agree=True upper=0.970666633240  CERT
564725187,0,1 T   mem=True nz=True ynz=True cond=True claim_agree=True upper=2621.38593412  CERT
573386319,0,1 RHO mem=True nz=True ynz=True cond=True claim_agree=True upper=0.942857496027  CERT
573386319,0,1 T   mem=True nz=True ynz=True cond=True claim_agree=True upper=2967.08632231  CERT
596501203,0,1 RHO mem=True nz=True ynz=True cond=True claim_agree=True upper=0.946725428421  CERT
596501203,0,1 T   mem=True nz=True ynz=True cond=True claim_agree=True upper=2193.23756711  CERT
652562027,0,1 RHO mem=True nz=True ynz=True cond=True claim_agree=True upper=0.918929721903  CERT
652562027,0,1 T   mem=True nz=True ynz=True cond=True claim_agree=True upper=2041.16090063  CERT
681214077,0,1 RHO mem=True nz=True ynz=True cond=True claim_agree=True upper=0.970666633240  CERT
681214077,0,1 T   mem=True nz=True ynz=True cond=True claim_agree=True upper=2835.57131454  CERT
701130295,0,1 RHO mem=True nz=True ynz=True cond=True claim_agree=True upper=0.935909207883  CERT
701130295,0,1 T   mem=True nz=True ynz=True cond=True claim_agree=True upper=3020.63874019  CERT
748245613,0,1 RHO mem=True nz=True ynz=True cond=True claim_agree=True upper=0.916262580282  CERT
748245613,0,1 T   mem=True nz=True ynz=True cond=True claim_agree=True upper=2306.10440225  CERT
789936102,0,1 RHO mem=True nz=True ynz=True cond=True claim_agree=True upper=0.960428554679  CERT
789936102,0,1 T   mem=True nz=True ynz=True cond=True claim_agree=True upper=2335.04343295  CERT
793846226,0,1 RHO mem=True nz=True ynz=True cond=True claim_agree=True upper=0.973709419787  CERT
793846226,0,1 T   mem=True nz=True ynz=True cond=True claim_agree=True upper=2432.52132061  CERT
808380798,0,1 RHO mem=True nz=True ynz=True cond=True claim_agree=True upper=0.967155505174  CERT
808380798,0,1 T   mem=True nz=True ynz=True cond=True claim_agree=True upper=2802.96349475  CERT
808462042,0,1 RHO mem=True nz=True ynz=True cond=True claim_agree=True upper=0.941401877296  CERT
808462042,0,1 T   mem=True nz=True ynz=True cond=True claim_agree=True upper=1917.72189399  CERT
824613799,0,1 RHO mem=True nz=True ynz=True cond=True claim_agree=True upper=0.926910607495  CERT
824613799,0,1 T   mem=True nz=True ynz=True cond=True claim_agree=True upper=1721.28155818  CERT
860490947,0,1 RHO mem=True nz=True ynz=True cond=True claim_agree=True upper=0.926910607495  CERT
860490947,0,1 T   mem=True nz=True ynz=True cond=True claim_agree=True upper=2634.48282744  CERT
897775365,0,1 RHO mem=True nz=True ynz=True cond=True claim_agree=True upper=0.960428554679  CERT
897775365,0,1 T   mem=True nz=True ynz=True cond=True claim_agree=True upper=2586.40264078  CERT
903244421,0,1 RHO mem=True nz=True ynz=True cond=True claim_agree=True upper=0.965755979528  CERT
903244421,0,1 T   mem=True nz=True ynz=True cond=True claim_agree=True upper=2994.92240144  CERT
FAMILY VERIFY n=7 l=1000892353 : EXCLUDED (components certified 32 / 32 ; lines 64 ; failed lines 0)
FAMILY VERIFY PASS
