FACTORIZATION: 32 irreducible factors of degree 2 over F_1000339777: OK (header deg/ncomp/bar_T agree)
53769041,0,1 RHO mem=True nz=True ynz=True cond=True claim_agree=True upper=0.944854847835  CERT
53769041,0,1 T   mem=True nz=True ynz=True cond=True claim_agree=True upper=2131.58621889  CERT
75075501,0,1 RHO mem=True nz=True ynz=True cond=True claim_agree=True upper=0.935849530209  CERT
75075501,0,1 T   mem=True nz=True ynz=True cond=True claim_agree=True upper=2641.56015852  CERT
99967647,0,1 RHO mem=True nz=True ynz=True cond=True claim_agree=True upper=0.972250863726  CERT
99967647,0,1 T   mem=True nz=True ynz=True cond=True claim_agree=True upper=2815.55262880  CERT
116568386,0,1 RHO mem=True nz=True ynz=True cond=True claim_agree=True upper=0.952706714420  CERT
116568386,0,1 T   mem=True nz=True ynz=True cond=True claim_agree=True upper=2578.99410077  CERT
142707469,0,1 RHO mem=True nz=True ynz=True cond=True claim_agree=True upper=0.952706714420  CERT
142707469,0,1 T   mem=True nz=True ynz=True cond=True claim_agree=True upper=1956.84240650  CERT
196168082,0,1 RHO mem=True nz=True ynz=True cond=True claim_agree=True upper=0.937261386805  CERT
196168082,0,1 T   mem=True nz=True ynz=True cond=True claim_agree=True upper=2275.04106343  CERT
238270766,0,1 RHO mem=True nz=True ynz=True cond=True claim_agree=True upper=0.937261386805  CERT
238270766,0,1 T   mem=True nz=True ynz=True cond=True claim_agree=True upper=2371.19344200  CERT
252169529,0,1 RHO mem=True nz=True ynz=True cond=True claim_agree=True upper=0.948639776536  CERT
252169529,0,1 T   mem=True nz=True ynz=True cond=True claim_agree=True upper=2351.37828046  CERT
292045124,0,1 RHO mem=True nz=True ynz=True cond=True claim_agree=True upper=0.961642907625  CERT
292045124,0,1 T   mem=True nz=True ynz=True cond=True claim_agree=True upper=2453.09760199  CERT
310799491,0,1 RHO mem=True nz=True ynz=True cond=True claim_agree=True upper=0.969574163412  CERT
310799491,0,1 T   mem=True nz=True ynz=True cond=True claim_agree=True upper=2728.15426757  CERT
315735853,0,1 RHO mem=True nz=True ynz=True cond=True claim_agree=True upper=0.935849530209  CERT
315735853,0,1 T   mem=True nz=True ynz=True cond=True claim_agree=True upper=2564.60634311  CERT
355466678,0,1 RHO mem=True nz=True ynz=True cond=True claim_agree=True upper=0.946088907325  CERT
355466678,0,1 T   mem=True nz=True ynz=True cond=True claim_agree=True upper=2612.55997695  CERT
382372838,0,1 RHO mem=True nz=True ynz=True cond=True claim_agree=True upper=0.975468621544  CERT
382372838,0,1 T   mem=True nz=True ynz=True cond=True claim_agree=True upper=2554.34614110  CERT
401134661,0,1 RHO mem=True nz=True ynz=True cond=True claim_agree=True upper=0.944854847835  CERT
401134661,0,1 T   mem=True nz=True ynz=True cond=True claim_agree=True upper=2708.99297532  CERT
463855310,0,1 RHO mem=True nz=True ynz=True cond=True claim_agree=True upper=0.975468621544  CERT
463855310,0,1 T   mem=True nz=True ynz=True cond=True claim_agree=True upper=2261.14613980  CERT
475020454,0,1 RHO mem=True nz=True ynz=True cond=True claim_agree=True upper=0.969574163412  CERT
475020454,0,1 T   mem=True nz=True ynz=True cond=True claim_agree=True upper=2145.05939901  CERT
525319323,0,1 RHO mem=True nz=True ynz=True cond=True claim_agree=True upper=0.944797235615  CERT
525319323,0,1 T   mem=True nz=True ynz=True cond=True claim_agree=True upper=2506.11329540  CERT
536484467,0,1 RHO mem=True nz=True ynz=True cond=True claim_agree=True upper=0.906702657994  CERT
536484467,0,1 T   mem=True nz=True ynz=True cond=True claim_agree=True upper=2173.43869714  CERT
599205116,0,1 RHO mem=True nz=True ynz=True cond=True claim_agree=True upper=0.965773432008  CERT
599205116,0,1 T   mem=True nz=True ynz=True cond=True claim_agree=True upper=2247.85924617  CERT
617966939,0,1 RHO mem=True nz=True ynz=True cond=True claim_agree=True upper=0.906702657994  CERT
617966939,0,1 T   mem=True nz=True ynz=True cond=True claim_agree=True upper=2141.57611222  CERT
644873099,0,1 RHO mem=True nz=True ynz=True cond=True claim_agree=True upper=0.961642907625  CERT
644873099,0,1 T   mem=True nz=True ynz=True cond=True claim_agree=True upper=2398.12581914  CERT
684603924,0,1 RHO mem=True nz=True ynz=True cond=True claim_agree=True upper=0.897037808641  CERT
684603924,0,1 T   mem=True nz=True ynz=True cond=True claim_agree=True upper=2058.85045609  CERT
689540286,0,1 RHO mem=True nz=True ynz=True cond=True claim_agree=True upper=0.944797235615  CERT
689540286,0,1 T   mem=True nz=True ynz=True cond=True claim_agree=True upper=2890.64553839  CERT
708294653,0,1 RHO mem=True nz=True ynz=True cond=True claim_agree=True upper=0.946088907325  CERT
708294653,0,1 T   mem=True nz=True ynz=True cond=True claim_agree=True upper=2240.92531176  CERT
748170248,0,1 RHO mem=True nz=True ynz=True cond=True claim_agree=True upper=0.972250863726  CERT
748170248,0,1 T   mem=True nz=True ynz=True cond=True claim_agree=True upper=2469.59716129  CERT
762069011,0,1 RHO mem=True nz=True ynz=True cond=True claim_agree=True upper=0.953210390029  CERT
762069011,0,1 T   mem=True nz=True ynz=True cond=True claim_agree=True upper=2460.68027090  CERT
804171695,0,1 RHO mem=True nz=True ynz=True cond=True claim_agree=True upper=0.953210390029  CERT
804171695,0,1 T   mem=True nz=True ynz=True cond=True claim_agree=True upper=2252.42722427  CERT
857632308,0,1 RHO mem=True nz=True ynz=True cond=True claim_agree=True upper=0.958889858167  CERT
857632308,0,1 T   mem=True nz=True ynz=True cond=True claim_agree=True upper=2478.34340382  CERT
883771391,0,1 RHO mem=True nz=True ynz=True cond=True claim_agree=True upper=0.958889858167  CERT
883771391,0,1 T   mem=True nz=True ynz=True cond=True claim_agree=True upper=2193.87190332  CERT
900372130,0,1 RHO mem=True nz=True ynz=True cond=True claim_agree=True upper=0.948639776536  CERT
900372130,0,1 T   mem=True nz=True ynz=True cond=True claim_agree=True upper=2540.58251071  CERT
925264276,0,1 RHO mem=True nz=True ynz=True cond=True claim_agree=True upper=0.897037808641  CERT
925264276,0,1 T   mem=True nz=True ynz=True cond=True claim_agree=True upper=1877.74784875  CERT
946570736,0,1 RHO mem=True nz=True ynz=True cond=True claim_agree=True upper=0.968226730389  CERT
946570736,0,1 T   mem=True nz=True ynz=True cond=True claim_agree=True upper=3264.63010378  CERT
FAMILY VERIFY n=7 l=1000339777 : EXCLUDED (components certified 32 / 32 ; lines 64 ; failed lines 0)
FAMILY VERIFY PASS
