FACTORIZATION: 32 irreducible factors of degree 2 over F_1001146561: OK (header deg/ncomp/bar_T agree)
34409644,0,1 RHO mem=True nz=True ynz=True cond=True claim_agree=True upper=0.924405022755  CERT
34409644,0,1 T   mem=True nz=True ynz=True cond=True claim_agree=True upper=2918.88388115  CERT
37222415,0,1 RHO mem=True nz=True ynz=True cond=True claim_agree=True upper=0.916065082050  CERT
37222415,0,1 T   mem=True nz=True ynz=True cond=True claim_agree=True upper=2038.64763486  CERT
153314045,0,1 RHO mem=True nz=True ynz=True cond=True claim_agree=True upper=0.940879860562  CERT
153314045,0,1 T   mem=True nz=True ynz=True cond=True claim_agree=True upper=3151.68136373  CERT
262003666,0,1 RHO mem=True nz=True ynz=True cond=True claim_agree=True upper=0.951169204598  CERT
262003666,0,1 T   mem=True nz=True ynz=True cond=True claim_agree=True upper=2218.88429137  CERT
295563989,0,1 RHO mem=True nz=True ynz=True cond=True claim_agree=True upper=0.967457772886  CERT
295563989,0,1 T   mem=True nz=True ynz=True cond=True claim_agree=True upper=2646.77183167  CERT
325363733,0,1 RHO mem=True nz=True ynz=True cond=True claim_agree=True upper=0.916065082050  CERT
325363733,0,1 T   mem=True nz=True ynz=True cond=True claim_agree=True upper=2256.96608175  CERT
335452436,0,1 RHO mem=True nz=True ynz=True cond=True claim_agree=True upper=0.924763795594  CERT
335452436,0,1 T   mem=True nz=True ynz=True cond=True claim_agree=True upper=2262.42335030  CERT
358786356,0,1 RHO mem=True nz=True ynz=True cond=True claim_agree=True upper=0.939902279887  CERT
358786356,0,1 T   mem=True nz=True ynz=True cond=True claim_agree=True upper=2832.78827449  CERT
359452107,0,1 RHO mem=True nz=True ynz=True cond=True claim_agree=True upper=0.960213935323  CERT
359452107,0,1 T   mem=True nz=True ynz=True cond=True claim_agree=True upper=2180.90538602  CERT
376909860,0,1 RHO mem=True nz=True ynz=True cond=True claim_agree=True upper=0.949070438358  CERT
376909860,0,1 T   mem=True nz=True ynz=True cond=True claim_agree=True upper=2391.51105568  CERT
413003020,0,1 RHO mem=True nz=True ynz=True cond=True claim_agree=True upper=0.928100373841  CERT
413003020,0,1 T   mem=True nz=True ynz=True cond=True claim_agree=True upper=1939.44190267  CERT
414333659,0,1 RHO mem=True nz=True ynz=True cond=True claim_agree=True upper=0.951169204598  CERT
414333659,0,1 T   mem=True nz=True ynz=True cond=True claim_agree=True upper=2401.07252559  CERT
423961936,0,1 RHO mem=True nz=True ynz=True cond=True claim_agree=True upper=0.940879860562  CERT
423961936,0,1 T   mem=True nz=True ynz=True cond=True claim_agree=True upper=3307.94392220  CERT
432547886,0,1 RHO mem=True nz=True ynz=True cond=True claim_agree=True upper=0.951233165419  CERT
432547886,0,1 T   mem=True nz=True ynz=True cond=True claim_agree=True upper=2256.25848603  CERT
472735117,0,1 RHO mem=True nz=True ynz=True cond=True claim_agree=True upper=0.949805945464  CERT
472735117,0,1 T   mem=True nz=True ynz=True cond=True claim_agree=True upper=2049.96437060  CERT
493285421,0,1 RHO mem=True nz=True ynz=True cond=True claim_agree=True upper=0.951233165419  CERT
493285421,0,1 T   mem=True nz=True ynz=True cond=True claim_agree=True upper=1983.91336814  CERT
507861140,0,1 RHO mem=True nz=True ynz=True cond=True claim_agree=True upper=0.964400665367  CERT
507861140,0,1 T   mem=True nz=True ynz=True cond=True claim_agree=True upper=2403.59039523  CERT
528411444,0,1 RHO mem=True nz=True ynz=True cond=True claim_agree=True upper=0.924763795594  CERT
528411444,0,1 T   mem=True nz=True ynz=True cond=True claim_agree=True upper=2194.74499152  CERT
568598675,0,1 RHO mem=True nz=True ynz=True cond=True claim_agree=True upper=0.964400665367  CERT
568598675,0,1 T   mem=True nz=True ynz=True cond=True claim_agree=True upper=2450.44495299  CERT
577184625,0,1 RHO mem=True nz=True ynz=True cond=True claim_agree=True upper=0.913677561074  CERT
577184625,0,1 T   mem=True nz=True ynz=True cond=True claim_agree=True upper=2330.78214350  CERT
586812902,0,1 RHO mem=True nz=True ynz=True cond=True claim_agree=True upper=0.926160063894  CERT
586812902,0,1 T   mem=True nz=True ynz=True cond=True claim_agree=True upper=1970.55145167  CERT
588143541,0,1 RHO mem=True nz=True ynz=True cond=True claim_agree=True upper=0.967457772886  CERT
588143541,0,1 T   mem=True nz=True ynz=True cond=True claim_agree=True upper=2887.14927390  CERT
624236701,0,1 RHO mem=True nz=True ynz=True cond=True claim_agree=True upper=0.924405022755  CERT
624236701,0,1 T   mem=True nz=True ynz=True cond=True claim_agree=True upper=2201.90302823  CERT
641694454,0,1 RHO mem=True nz=True ynz=True cond=True claim_agree=True upper=0.939902279887  CERT
641694454,0,1 T   mem=True nz=True ynz=True cond=True claim_agree=True upper=2548.04032672  CERT
642360205,0,1 RHO mem=True nz=True ynz=True cond=True claim_agree=True upper=0.960213935323  CERT
642360205,0,1 T   mem=True nz=True ynz=True cond=True claim_agree=True upper=2253.86054585  CERT
665694125,0,1 RHO mem=True nz=True ynz=True cond=True claim_agree=True upper=0.949805945464  CERT
665694125,0,1 T   mem=True nz=True ynz=True cond=True claim_agree=True upper=2401.84884019  CERT
675782828,0,1 RHO mem=True nz=True ynz=True cond=True claim_agree=True upper=0.975369385002  CERT
675782828,0,1 T   mem=True nz=True ynz=True cond=True claim_agree=True upper=2507.29754940  CERT
705582572,0,1 RHO mem=True nz=True ynz=True cond=True claim_agree=True upper=0.928100373841  CERT
705582572,0,1 T   mem=True nz=True ynz=True cond=True claim_agree=True upper=2201.43985973  CERT
739142895,0,1 RHO mem=True nz=True ynz=True cond=True claim_agree=True upper=0.926160063894  CERT
739142895,0,1 T   mem=True nz=True ynz=True cond=True claim_agree=True upper=2177.21707500  CERT
847832516,0,1 RHO mem=True nz=True ynz=True cond=True claim_agree=True upper=0.913677561074  CERT
847832516,0,1 T   mem=True nz=True ynz=True cond=True claim_agree=True upper=1847.84576120  CERT
963924146,0,1 RHO mem=True nz=True ynz=True cond=True claim_agree=True upper=0.975369385002  CERT
963924146,0,1 T   mem=True nz=True ynz=True cond=True claim_agree=True upper=2242.70298708  CERT
966736917,0,1 RHO mem=True nz=True ynz=True cond=True claim_agree=True upper=0.949070438358  CERT
966736917,0,1 T   mem=True nz=True ynz=True cond=True claim_agree=True upper=2374.88322383  CERT
FAMILY VERIFY n=7 l=1001146561 : EXCLUDED (components certified 32 / 32 ; lines 64 ; failed lines 0)
FAMILY VERIFY PASS
