FACTORIZATION: 32 irreducible factors of degree 2 over F_1000777409: OK (header deg/ncomp/bar_T agree)
205036,0,1 RHO mem=True nz=True ynz=True cond=True claim_agree=True upper=0.970406496008  CERT
205036,0,1 T   mem=True nz=True ynz=True cond=True claim_agree=True upper=3328.88787090  CERT
103268036,0,1 RHO mem=True nz=True ynz=True cond=True claim_agree=True upper=0.926602644262  CERT
103268036,0,1 T   mem=True nz=True ynz=True cond=True claim_agree=True upper=2228.55202730  CERT
136856034,0,1 RHO mem=True nz=True ynz=True cond=True claim_agree=True upper=0.962950982751  CERT
136856034,0,1 T   mem=True nz=True ynz=True cond=True claim_agree=True upper=2573.87586654  CERT
175888074,0,1 RHO mem=True nz=True ynz=True cond=True claim_agree=True upper=0.902367027202  CERT
175888074,0,1 T   mem=True nz=True ynz=True cond=True claim_agree=True upper=2002.32610325  CERT
203484952,0,1 RHO mem=True nz=True ynz=True cond=True claim_agree=True upper=0.976266981571  CERT
203484952,0,1 T   mem=True nz=True ynz=True cond=True claim_agree=True upper=3653.76906841  CERT
217028256,0,1 RHO mem=True nz=True ynz=True cond=True claim_agree=True upper=0.964447384029  CERT
217028256,0,1 T   mem=True nz=True ynz=True cond=True claim_agree=True upper=2650.68283288  CERT
274852738,0,1 RHO mem=True nz=True ynz=True cond=True claim_agree=True upper=0.909179458098  CERT
274852738,0,1 T   mem=True nz=True ynz=True cond=True claim_agree=True upper=2070.75237806  CERT
302530665,0,1 RHO mem=True nz=True ynz=True cond=True claim_agree=True upper=0.902367027202  CERT
302530665,0,1 T   mem=True nz=True ynz=True cond=True claim_agree=True upper=2881.40439212  CERT
329460551,0,1 RHO mem=True nz=True ynz=True cond=True claim_agree=True upper=0.926602644262  CERT
329460551,0,1 T   mem=True nz=True ynz=True cond=True claim_agree=True upper=2692.55637958  CERT
340032831,0,1 RHO mem=True nz=True ynz=True cond=True claim_agree=True upper=0.926622909774  CERT
340032831,0,1 T   mem=True nz=True ynz=True cond=True claim_agree=True upper=2381.34777998  CERT
392079994,0,1 RHO mem=True nz=True ynz=True cond=True claim_agree=True upper=0.917036620100  CERT
392079994,0,1 T   mem=True nz=True ynz=True cond=True claim_agree=True upper=2376.90737650  CERT
419982304,0,1 RHO mem=True nz=True ynz=True cond=True claim_agree=True upper=0.937519165165  CERT
419982304,0,1 T   mem=True nz=True ynz=True cond=True claim_agree=True upper=2249.58814909  CERT
446292054,0,1 RHO mem=True nz=True ynz=True cond=True claim_agree=True upper=0.962950982751  CERT
446292054,0,1 T   mem=True nz=True ynz=True cond=True claim_agree=True upper=2353.74375825  CERT
491508903,0,1 RHO mem=True nz=True ynz=True cond=True claim_agree=True upper=0.917036620100  CERT
491508903,0,1 T   mem=True nz=True ynz=True cond=True claim_agree=True upper=2452.92800259  CERT
496368571,0,1 RHO mem=True nz=True ynz=True cond=True claim_agree=True upper=0.926622909774  CERT
496368571,0,1 T   mem=True nz=True ynz=True cond=True claim_agree=True upper=3207.99358260  CERT
500237394,0,1 RHO mem=True nz=True ynz=True cond=True claim_agree=True upper=0.970406496008  CERT
500237394,0,1 T   mem=True nz=True ynz=True cond=True claim_agree=True upper=2076.16373248  CERT
500540015,0,1 RHO mem=True nz=True ynz=True cond=True claim_agree=True upper=0.903232022545  CERT
500540015,0,1 T   mem=True nz=True ynz=True cond=True claim_agree=True upper=2749.82599903  CERT
504408838,0,1 RHO mem=True nz=True ynz=True cond=True claim_agree=True upper=0.900017622636  CERT
504408838,0,1 T   mem=True nz=True ynz=True cond=True claim_agree=True upper=2943.32244672  CERT
509268506,0,1 RHO mem=True nz=True ynz=True cond=True claim_agree=True upper=0.957275361971  CERT
509268506,0,1 T   mem=True nz=True ynz=True cond=True claim_agree=True upper=2366.89826061  CERT
554485355,0,1 RHO mem=True nz=True ynz=True cond=True claim_agree=True upper=0.907650050443  CERT
554485355,0,1 T   mem=True nz=True ynz=True cond=True claim_agree=True upper=2402.12175364  CERT
580795105,0,1 RHO mem=True nz=True ynz=True cond=True claim_agree=True upper=0.909179458098  CERT
580795105,0,1 T   mem=True nz=True ynz=True cond=True claim_agree=True upper=2279.59064458  CERT
608697415,0,1 RHO mem=True nz=True ynz=True cond=True claim_agree=True upper=0.957275361971  CERT
608697415,0,1 T   mem=True nz=True ynz=True cond=True claim_agree=True upper=2463.91572984  CERT
660744578,0,1 RHO mem=True nz=True ynz=True cond=True claim_agree=True upper=0.900017622636  CERT
660744578,0,1 T   mem=True nz=True ynz=True cond=True claim_agree=True upper=2441.20969560  CERT
671316858,0,1 RHO mem=True nz=True ynz=True cond=True claim_agree=True upper=0.943391309500  CERT
671316858,0,1 T   mem=True nz=True ynz=True cond=True claim_agree=True upper=2732.01520390  CERT
698246744,0,1 RHO mem=True nz=True ynz=True cond=True claim_agree=True upper=0.955820798275  CERT
698246744,0,1 T   mem=True nz=True ynz=True cond=True claim_agree=True upper=2285.81378025  CERT
725924671,0,1 RHO mem=True nz=True ynz=True cond=True claim_agree=True upper=0.937519165165  CERT
725924671,0,1 T   mem=True nz=True ynz=True cond=True claim_agree=True upper=2434.72513398  CERT
783749153,0,1 RHO mem=True nz=True ynz=True cond=True claim_agree=True upper=0.925498836422  CERT
783749153,0,1 T   mem=True nz=True ynz=True cond=True claim_agree=True upper=2800.81082151  CERT
797292457,0,1 RHO mem=True nz=True ynz=True cond=True claim_agree=True upper=0.925498836422  CERT
797292457,0,1 T   mem=True nz=True ynz=True cond=True claim_agree=True upper=2534.57958544  CERT
824889335,0,1 RHO mem=True nz=True ynz=True cond=True claim_agree=True upper=0.955820798275  CERT
824889335,0,1 T   mem=True nz=True ynz=True cond=True claim_agree=True upper=2759.69533787  CERT
863921375,0,1 RHO mem=True nz=True ynz=True cond=True claim_agree=True upper=0.907650050443  CERT
863921375,0,1 T   mem=True nz=True ynz=True cond=True claim_agree=True upper=2329.12653315  CERT
897509373,0,1 RHO mem=True nz=True ynz=True cond=True claim_agree=True upper=0.943391309500  CERT
897509373,0,1 T   mem=True nz=True ynz=True cond=True claim_agree=True upper=2599.84135858  CERT
1000572373,0,1 RHO mem=True nz=True ynz=True cond=True claim_agree=True upper=0.903232022545  CERT
1000572373,0,1 T   mem=True nz=True ynz=True cond=True claim_agree=True upper=2037.58182151  CERT
FAMILY VERIFY n=7 l=1000777409 : EXCLUDED (components certified 32 / 32 ; lines 64 ; failed lines 0)
FAMILY VERIFY PASS
