FACTORIZATION: 32 irreducible factors of degree 2 over F_1000763713: OK (header deg/ncomp/bar_T agree)
8295827,0,1 RHO mem=True nz=True ynz=True cond=True claim_agree=True upper=0.948598626871  CERT
8295827,0,1 T   mem=True nz=True ynz=True cond=True claim_agree=True upper=1950.34621272  CERT
8619590,0,1 RHO mem=True nz=True ynz=True cond=True claim_agree=True upper=0.866192068575  CERT
8619590,0,1 T   mem=True nz=True ynz=True cond=True claim_agree=True upper=2368.41783838  CERT
15766503,0,1 RHO mem=True nz=True ynz=True cond=True claim_agree=True upper=0.912049422775  CERT
15766503,0,1 T   mem=True nz=True ynz=True cond=True claim_agree=True upper=2246.34360507  CERT
46695346,0,1 RHO mem=True nz=True ynz=True cond=True claim_agree=True upper=0.964823794961  CERT
46695346,0,1 T   mem=True nz=True ynz=True cond=True claim_agree=True upper=2621.10880140  CERT
58862026,0,1 RHO mem=True nz=True ynz=True cond=True claim_agree=True upper=0.944019604133  CERT
58862026,0,1 T   mem=True nz=True ynz=True cond=True claim_agree=True upper=3141.45386733  CERT
78941454,0,1 RHO mem=True nz=True ynz=True cond=True claim_agree=True upper=0.969663784289  CERT
78941454,0,1 T   mem=True nz=True ynz=True cond=True claim_agree=True upper=2970.99375820  CERT
120799097,0,1 RHO mem=True nz=True ynz=True cond=True claim_agree=True upper=0.924682073142  CERT
120799097,0,1 T   mem=True nz=True ynz=True cond=True claim_agree=True upper=2159.18070507  CERT
131196202,0,1 RHO mem=True nz=True ynz=True cond=True claim_agree=True upper=0.938136402915  CERT
131196202,0,1 T   mem=True nz=True ynz=True cond=True claim_agree=True upper=2544.32949731  CERT
190019835,0,1 RHO mem=True nz=True ynz=True cond=True claim_agree=True upper=0.956324503420  CERT
190019835,0,1 T   mem=True nz=True ynz=True cond=True claim_agree=True upper=3026.33645687  CERT
266732175,0,1 RHO mem=True nz=True ynz=True cond=True claim_agree=True upper=0.961664749883  CERT
266732175,0,1 T   mem=True nz=True ynz=True cond=True claim_agree=True upper=3458.91460180  CERT
294498728,0,1 RHO mem=True nz=True ynz=True cond=True claim_agree=True upper=0.949863196412  CERT
294498728,0,1 T   mem=True nz=True ynz=True cond=True claim_agree=True upper=2995.01043526  CERT
300775755,0,1 RHO mem=True nz=True ynz=True cond=True claim_agree=True upper=0.961664749883  CERT
300775755,0,1 T   mem=True nz=True ynz=True cond=True claim_agree=True upper=2611.21014699  CERT
341862168,0,1 RHO mem=True nz=True ynz=True cond=True claim_agree=True upper=0.866192068575  CERT
341862168,0,1 T   mem=True nz=True ynz=True cond=True claim_agree=True upper=1417.45871113  CERT
375325101,0,1 RHO mem=True nz=True ynz=True cond=True claim_agree=True upper=0.941798090852  CERT
375325101,0,1 T   mem=True nz=True ynz=True cond=True claim_agree=True upper=2520.83925716  CERT
390410447,0,1 RHO mem=True nz=True ynz=True cond=True claim_agree=True upper=0.969663784289  CERT
390410447,0,1 T   mem=True nz=True ynz=True cond=True claim_agree=True upper=2385.23553655  CERT
460666586,0,1 RHO mem=True nz=True ynz=True cond=True claim_agree=True upper=0.946418099863  CERT
460666586,0,1 T   mem=True nz=True ynz=True cond=True claim_agree=True upper=2404.03944442  CERT
540097127,0,1 RHO mem=True nz=True ynz=True cond=True claim_agree=True upper=0.949863196412  CERT
540097127,0,1 T   mem=True nz=True ynz=True cond=True claim_agree=True upper=2757.76215479  CERT
610353266,0,1 RHO mem=True nz=True ynz=True cond=True claim_agree=True upper=0.930133473607  CERT
610353266,0,1 T   mem=True nz=True ynz=True cond=True claim_agree=True upper=2180.27588346  CERT
625438612,0,1 RHO mem=True nz=True ynz=True cond=True claim_agree=True upper=0.948598626871  CERT
625438612,0,1 T   mem=True nz=True ynz=True cond=True claim_agree=True upper=2571.16087015  CERT
658901545,0,1 RHO mem=True nz=True ynz=True cond=True claim_agree=True upper=0.957732061045  CERT
658901545,0,1 T   mem=True nz=True ynz=True cond=True claim_agree=True upper=1881.09533286  CERT
699987958,0,1 RHO mem=True nz=True ynz=True cond=True claim_agree=True upper=0.895769845893  CERT
699987958,0,1 T   mem=True nz=True ynz=True cond=True claim_agree=True upper=2372.88454137  CERT
706264985,0,1 RHO mem=True nz=True ynz=True cond=True claim_agree=True upper=0.946418099863  CERT
706264985,0,1 T   mem=True nz=True ynz=True cond=True claim_agree=True upper=2290.11184673  CERT
734031538,0,1 RHO mem=True nz=True ynz=True cond=True claim_agree=True upper=0.895769845893  CERT
734031538,0,1 T   mem=True nz=True ynz=True cond=True claim_agree=True upper=2155.56267045  CERT
810743878,0,1 RHO mem=True nz=True ynz=True cond=True claim_agree=True upper=0.912049422775  CERT
810743878,0,1 T   mem=True nz=True ynz=True cond=True claim_agree=True upper=2491.71639585  CERT
869567511,0,1 RHO mem=True nz=True ynz=True cond=True claim_agree=True upper=0.944019604133  CERT
869567511,0,1 T   mem=True nz=True ynz=True cond=True claim_agree=True upper=2888.48768577  CERT
879964616,0,1 RHO mem=True nz=True ynz=True cond=True claim_agree=True upper=0.964823794961  CERT
879964616,0,1 T   mem=True nz=True ynz=True cond=True claim_agree=True upper=2650.90516413  CERT
921822259,0,1 RHO mem=True nz=True ynz=True cond=True claim_agree=True upper=0.930133473607  CERT
921822259,0,1 T   mem=True nz=True ynz=True cond=True claim_agree=True upper=2289.42697609  CERT
941901687,0,1 RHO mem=True nz=True ynz=True cond=True claim_agree=True upper=0.938136402915  CERT
941901687,0,1 T   mem=True nz=True ynz=True cond=True claim_agree=True upper=2515.65860740  CERT
954068367,0,1 RHO mem=True nz=True ynz=True cond=True claim_agree=True upper=0.924682073142  CERT
954068367,0,1 T   mem=True nz=True ynz=True cond=True claim_agree=True upper=2684.52274001  CERT
984997210,0,1 RHO mem=True nz=True ynz=True cond=True claim_agree=True upper=0.956324503420  CERT
984997210,0,1 T   mem=True nz=True ynz=True cond=True claim_agree=True upper=2664.77748637  CERT
992144123,0,1 RHO mem=True nz=True ynz=True cond=True claim_agree=True upper=0.957732061045  CERT
992144123,0,1 T   mem=True nz=True ynz=True cond=True claim_agree=True upper=1683.24032244  CERT
992467886,0,1 RHO mem=True nz=True ynz=True cond=True claim_agree=True upper=0.941798090852  CERT
992467886,0,1 T   mem=True nz=True ynz=True cond=True claim_agree=True upper=2660.36223162  CERT
FAMILY VERIFY n=7 l=1000763713 : EXCLUDED (components certified 32 / 32 ; lines 64 ; failed lines 0)
FAMILY VERIFY PASS
