FACTORIZATION: 32 irreducible factors of degree 2 over F_1000395457: OK (header deg/ncomp/bar_T agree)
113893289,0,1 RHO mem=True nz=True ynz=True cond=True claim_agree=True upper=0.945178772405  CERT
113893289,0,1 T   mem=True nz=True ynz=True cond=True claim_agree=True upper=1992.14917902  CERT
144689638,0,1 RHO mem=True nz=True ynz=True cond=True claim_agree=True upper=0.916799611303  CERT
144689638,0,1 T   mem=True nz=True ynz=True cond=True claim_agree=True upper=2999.84857450  CERT
147150690,0,1 RHO mem=True nz=True ynz=True cond=True claim_agree=True upper=0.952984932138  CERT
147150690,0,1 T   mem=True nz=True ynz=True cond=True claim_agree=True upper=2657.50715029  CERT
171982575,0,1 RHO mem=True nz=True ynz=True cond=True claim_agree=True upper=0.929737695427  CERT
171982575,0,1 T   mem=True nz=True ynz=True cond=True claim_agree=True upper=2597.51860621  CERT
186421327,0,1 RHO mem=True nz=True ynz=True cond=True claim_agree=True upper=0.950140275960  CERT
186421327,0,1 T   mem=True nz=True ynz=True cond=True claim_agree=True upper=2974.63784189  CERT
220000627,0,1 RHO mem=True nz=True ynz=True cond=True claim_agree=True upper=0.956587993630  CERT
220000627,0,1 T   mem=True nz=True ynz=True cond=True claim_agree=True upper=2386.48544670  CERT
247149965,0,1 RHO mem=True nz=True ynz=True cond=True claim_agree=True upper=0.945469809013  CERT
247149965,0,1 T   mem=True nz=True ynz=True cond=True claim_agree=True upper=1995.41530333  CERT
265806454,0,1 RHO mem=True nz=True ynz=True cond=True claim_agree=True upper=0.966973295045  CERT
265806454,0,1 T   mem=True nz=True ynz=True cond=True claim_agree=True upper=3320.08499231  CERT
320450819,0,1 RHO mem=True nz=True ynz=True cond=True claim_agree=True upper=0.966973295045  CERT
320450819,0,1 T   mem=True nz=True ynz=True cond=True claim_agree=True upper=2606.31654357  CERT
339745239,0,1 RHO mem=True nz=True ynz=True cond=True claim_agree=True upper=0.945250902444  CERT
339745239,0,1 T   mem=True nz=True ynz=True cond=True claim_agree=True upper=2248.21877662  CERT
375467994,0,1 RHO mem=True nz=True ynz=True cond=True claim_agree=True upper=0.956587993630  CERT
375467994,0,1 T   mem=True nz=True ynz=True cond=True claim_agree=True upper=2936.50727248  CERT
419980113,0,1 RHO mem=True nz=True ynz=True cond=True claim_agree=True upper=0.945178772405  CERT
419980113,0,1 T   mem=True nz=True ynz=True cond=True claim_agree=True upper=2309.05680644  CERT
452029966,0,1 RHO mem=True nz=True ynz=True cond=True claim_agree=True upper=0.928137477677  CERT
452029966,0,1 T   mem=True nz=True ynz=True cond=True claim_agree=True upper=1866.02447479  CERT
483115877,0,1 RHO mem=True nz=True ynz=True cond=True claim_agree=True upper=0.954151517382  CERT
483115877,0,1 T   mem=True nz=True ynz=True cond=True claim_agree=True upper=2558.34367441  CERT
485094886,0,1 RHO mem=True nz=True ynz=True cond=True claim_agree=True upper=0.945250902444  CERT
485094886,0,1 T   mem=True nz=True ynz=True cond=True claim_agree=True upper=2292.10143787  CERT
491861853,0,1 RHO mem=True nz=True ynz=True cond=True claim_agree=True upper=0.962716191812  CERT
491861853,0,1 T   mem=True nz=True ynz=True cond=True claim_agree=True upper=2823.17685360  CERT
508533604,0,1 RHO mem=True nz=True ynz=True cond=True claim_agree=True upper=0.928137477677  CERT
508533604,0,1 T   mem=True nz=True ynz=True cond=True claim_agree=True upper=2693.89181440  CERT
515300571,0,1 RHO mem=True nz=True ynz=True cond=True claim_agree=True upper=0.937292060326  CERT
515300571,0,1 T   mem=True nz=True ynz=True cond=True claim_agree=True upper=2259.10466197  CERT
517279580,0,1 RHO mem=True nz=True ynz=True cond=True claim_agree=True upper=0.929737695427  CERT
517279580,0,1 T   mem=True nz=True ynz=True cond=True claim_agree=True upper=2164.32746414  CERT
548365491,0,1 RHO mem=True nz=True ynz=True cond=True claim_agree=True upper=0.962716191812  CERT
548365491,0,1 T   mem=True nz=True ynz=True cond=True claim_agree=True upper=2575.26973376  CERT
580415344,0,1 RHO mem=True nz=True ynz=True cond=True claim_agree=True upper=0.971137400843  CERT
580415344,0,1 T   mem=True nz=True ynz=True cond=True claim_agree=True upper=2664.89038237  CERT
624927463,0,1 RHO mem=True nz=True ynz=True cond=True claim_agree=True upper=0.919613213916  CERT
624927463,0,1 T   mem=True nz=True ynz=True cond=True claim_agree=True upper=3483.09426429  CERT
660650218,0,1 RHO mem=True nz=True ynz=True cond=True claim_agree=True upper=0.937292060326  CERT
660650218,0,1 T   mem=True nz=True ynz=True cond=True claim_agree=True upper=2774.33766320  CERT
679944638,0,1 RHO mem=True nz=True ynz=True cond=True claim_agree=True upper=0.928898837347  CERT
679944638,0,1 T   mem=True nz=True ynz=True cond=True claim_agree=True upper=2547.20072324  CERT
734589003,0,1 RHO mem=True nz=True ynz=True cond=True claim_agree=True upper=0.928898837347  CERT
734589003,0,1 T   mem=True nz=True ynz=True cond=True claim_agree=True upper=2278.38036413  CERT
753245492,0,1 RHO mem=True nz=True ynz=True cond=True claim_agree=True upper=0.916799611303  CERT
753245492,0,1 T   mem=True nz=True ynz=True cond=True claim_agree=True upper=3261.65543379  CERT
780394830,0,1 RHO mem=True nz=True ynz=True cond=True claim_agree=True upper=0.919613213916  CERT
780394830,0,1 T   mem=True nz=True ynz=True cond=True claim_agree=True upper=2237.71759925  CERT
813974130,0,1 RHO mem=True nz=True ynz=True cond=True claim_agree=True upper=0.952984932138  CERT
813974130,0,1 T   mem=True nz=True ynz=True cond=True claim_agree=True upper=2860.92842321  CERT
828412882,0,1 RHO mem=True nz=True ynz=True cond=True claim_agree=True upper=0.954151517382  CERT
828412882,0,1 T   mem=True nz=True ynz=True cond=True claim_agree=True upper=2898.39918107  CERT
853244767,0,1 RHO mem=True nz=True ynz=True cond=True claim_agree=True upper=0.950140275960  CERT
853244767,0,1 T   mem=True nz=True ynz=True cond=True claim_agree=True upper=2438.93247363  CERT
855705819,0,1 RHO mem=True nz=True ynz=True cond=True claim_agree=True upper=0.945469809013  CERT
855705819,0,1 T   mem=True nz=True ynz=True cond=True claim_agree=True upper=2101.34759254  CERT
886502168,0,1 RHO mem=True nz=True ynz=True cond=True claim_agree=True upper=0.971137400843  CERT
886502168,0,1 T   mem=True nz=True ynz=True cond=True claim_agree=True upper=2992.66334995  CERT
FAMILY VERIFY n=7 l=1000395457 : EXCLUDED (components certified 32 / 32 ; lines 64 ; failed lines 0)
FAMILY VERIFY PASS
