FACTORIZATION: 32 irreducible factors of degree 2 over F_1001128769: OK (header deg/ncomp/bar_T agree)
25371216,0,1 RHO mem=True nz=True ynz=True cond=True claim_agree=True upper=0.944150971827  CERT
25371216,0,1 T   mem=True nz=True ynz=True cond=True claim_agree=True upper=2357.09820758  CERT
36058932,0,1 RHO mem=True nz=True ynz=True cond=True claim_agree=True upper=0.950255231146  CERT
36058932,0,1 T   mem=True nz=True ynz=True cond=True claim_agree=True upper=2150.40541862  CERT
46410995,0,1 RHO mem=True nz=True ynz=True cond=True claim_agree=True upper=0.901854395572  CERT
46410995,0,1 T   mem=True nz=True ynz=True cond=True claim_agree=True upper=2458.15146402  CERT
63732526,0,1 RHO mem=True nz=True ynz=True cond=True claim_agree=True upper=0.934060739891  CERT
63732526,0,1 T   mem=True nz=True ynz=True cond=True claim_agree=True upper=1965.81441893  CERT
112979173,0,1 RHO mem=True nz=True ynz=True cond=True claim_agree=True upper=0.950255231146  CERT
112979173,0,1 T   mem=True nz=True ynz=True cond=True claim_agree=True upper=2874.15181514  CERT
116865221,0,1 RHO mem=True nz=True ynz=True cond=True claim_agree=True upper=0.963530813448  CERT
116865221,0,1 T   mem=True nz=True ynz=True cond=True claim_agree=True upper=2226.90649353  CERT
125462097,0,1 RHO mem=True nz=True ynz=True cond=True claim_agree=True upper=0.909797901397  CERT
125462097,0,1 T   mem=True nz=True ynz=True cond=True claim_agree=True upper=2229.03073497  CERT
151855550,0,1 RHO mem=True nz=True ynz=True cond=True claim_agree=True upper=0.923254783198  CERT
151855550,0,1 T   mem=True nz=True ynz=True cond=True claim_agree=True upper=2254.21474659  CERT
157910479,0,1 RHO mem=True nz=True ynz=True cond=True claim_agree=True upper=0.907821856200  CERT
157910479,0,1 T   mem=True nz=True ynz=True cond=True claim_agree=True upper=2398.34113694  CERT
191082020,0,1 RHO mem=True nz=True ynz=True cond=True claim_agree=True upper=0.951023426973  CERT
191082020,0,1 T   mem=True nz=True ynz=True cond=True claim_agree=True upper=2086.58459726  CERT
241512502,0,1 RHO mem=True nz=True ynz=True cond=True claim_agree=True upper=0.963530813448  CERT
241512502,0,1 T   mem=True nz=True ynz=True cond=True claim_agree=True upper=2280.57075634  CERT
284606327,0,1 RHO mem=True nz=True ynz=True cond=True claim_agree=True upper=0.923254783198  CERT
284606327,0,1 T   mem=True nz=True ynz=True cond=True claim_agree=True upper=2882.69440732  CERT
335228342,0,1 RHO mem=True nz=True ynz=True cond=True claim_agree=True upper=0.922777957711  CERT
335228342,0,1 T   mem=True nz=True ynz=True cond=True claim_agree=True upper=2528.87115938  CERT
350994949,0,1 RHO mem=True nz=True ynz=True cond=True claim_agree=True upper=0.923065420237  CERT
350994949,0,1 T   mem=True nz=True ynz=True cond=True claim_agree=True upper=2370.28550088  CERT
402969033,0,1 RHO mem=True nz=True ynz=True cond=True claim_agree=True upper=0.951185356004  CERT
402969033,0,1 T   mem=True nz=True ynz=True cond=True claim_agree=True upper=2511.04103273  CERT
457884187,0,1 RHO mem=True nz=True ynz=True cond=True claim_agree=True upper=0.907821856200  CERT
457884187,0,1 T   mem=True nz=True ynz=True cond=True claim_agree=True upper=2909.84637651  CERT
543244582,0,1 RHO mem=True nz=True ynz=True cond=True claim_agree=True upper=0.932260952021  CERT
543244582,0,1 T   mem=True nz=True ynz=True cond=True claim_agree=True upper=2704.94855656  CERT
598159736,0,1 RHO mem=True nz=True ynz=True cond=True claim_agree=True upper=0.923065420237  CERT
598159736,0,1 T   mem=True nz=True ynz=True cond=True claim_agree=True upper=1972.53527820  CERT
650133820,0,1 RHO mem=True nz=True ynz=True cond=True claim_agree=True upper=0.951185356004  CERT
650133820,0,1 T   mem=True nz=True ynz=True cond=True claim_agree=True upper=2922.32823885  CERT
665900427,0,1 RHO mem=True nz=True ynz=True cond=True claim_agree=True upper=0.901854395572  CERT
665900427,0,1 T   mem=True nz=True ynz=True cond=True claim_agree=True upper=1939.78021357  CERT
716522442,0,1 RHO mem=True nz=True ynz=True cond=True claim_agree=True upper=0.933079253868  CERT
716522442,0,1 T   mem=True nz=True ynz=True cond=True claim_agree=True upper=2251.96008196  CERT
759616267,0,1 RHO mem=True nz=True ynz=True cond=True claim_agree=True upper=0.933588969534  CERT
759616267,0,1 T   mem=True nz=True ynz=True cond=True claim_agree=True upper=2586.02838994  CERT
810046749,0,1 RHO mem=True nz=True ynz=True cond=True claim_agree=True upper=0.934060739891  CERT
810046749,0,1 T   mem=True nz=True ynz=True cond=True claim_agree=True upper=2657.19234232  CERT
843218290,0,1 RHO mem=True nz=True ynz=True cond=True claim_agree=True upper=0.932260952021  CERT
843218290,0,1 T   mem=True nz=True ynz=True cond=True claim_agree=True upper=2012.18862945  CERT
849273219,0,1 RHO mem=True nz=True ynz=True cond=True claim_agree=True upper=0.933079253868  CERT
849273219,0,1 T   mem=True nz=True ynz=True cond=True claim_agree=True upper=2836.70135357  CERT
875666672,0,1 RHO mem=True nz=True ynz=True cond=True claim_agree=True upper=0.944150971827  CERT
875666672,0,1 T   mem=True nz=True ynz=True cond=True claim_agree=True upper=3293.02675563  CERT
884263548,0,1 RHO mem=True nz=True ynz=True cond=True claim_agree=True upper=0.933588969534  CERT
884263548,0,1 T   mem=True nz=True ynz=True cond=True claim_agree=True upper=1933.57044353  CERT
888149596,0,1 RHO mem=True nz=True ynz=True cond=True claim_agree=True upper=0.925982363414  CERT
888149596,0,1 T   mem=True nz=True ynz=True cond=True claim_agree=True upper=2215.39468134  CERT
937396243,0,1 RHO mem=True nz=True ynz=True cond=True claim_agree=True upper=0.951023426973  CERT
937396243,0,1 T   mem=True nz=True ynz=True cond=True claim_agree=True upper=3120.29908156  CERT
954717774,0,1 RHO mem=True nz=True ynz=True cond=True claim_agree=True upper=0.922777957711  CERT
954717774,0,1 T   mem=True nz=True ynz=True cond=True claim_agree=True upper=2154.74355311  CERT
965069837,0,1 RHO mem=True nz=True ynz=True cond=True claim_agree=True upper=0.925982363414  CERT
965069837,0,1 T   mem=True nz=True ynz=True cond=True claim_agree=True upper=2279.20230882  CERT
975757553,0,1 RHO mem=True nz=True ynz=True cond=True claim_agree=True upper=0.909797901397  CERT
975757553,0,1 T   mem=True nz=True ynz=True cond=True claim_agree=True upper=1996.66793238  CERT
FAMILY VERIFY n=7 l=1001128769 : EXCLUDED (components certified 32 / 32 ; lines 64 ; failed lines 0)
FAMILY VERIFY PASS
