FACTORIZATION: 32 irreducible factors of degree 2 over F_1000362049: OK (header deg/ncomp/bar_T agree)
14844925,0,1 RHO mem=True nz=True ynz=True cond=True claim_agree=True upper=0.958213574778  CERT
14844925,0,1 T   mem=True nz=True ynz=True cond=True claim_agree=True upper=2359.08634673  CERT
39951697,0,1 RHO mem=True nz=True ynz=True cond=True claim_agree=True upper=0.932997105303  CERT
39951697,0,1 T   mem=True nz=True ynz=True cond=True claim_agree=True upper=2180.22835913  CERT
41085772,0,1 RHO mem=True nz=True ynz=True cond=True claim_agree=True upper=0.918558332975  CERT
41085772,0,1 T   mem=True nz=True ynz=True cond=True claim_agree=True upper=2702.91713260  CERT
43152322,0,1 RHO mem=True nz=True ynz=True cond=True claim_agree=True upper=0.958784558292  CERT
43152322,0,1 T   mem=True nz=True ynz=True cond=True claim_agree=True upper=2463.72833482  CERT
47821456,0,1 RHO mem=True nz=True ynz=True cond=True claim_agree=True upper=0.921931941254  CERT
47821456,0,1 T   mem=True nz=True ynz=True cond=True claim_agree=True upper=2071.06560249  CERT
79465374,0,1 RHO mem=True nz=True ynz=True cond=True claim_agree=True upper=0.960708006195  CERT
79465374,0,1 T   mem=True nz=True ynz=True cond=True claim_agree=True upper=2235.23048111  CERT
102662979,0,1 RHO mem=True nz=True ynz=True cond=True claim_agree=True upper=0.906157371094  CERT
102662979,0,1 T   mem=True nz=True ynz=True cond=True claim_agree=True upper=2015.16904283  CERT
108217115,0,1 RHO mem=True nz=True ynz=True cond=True claim_agree=True upper=0.950263901108  CERT
108217115,0,1 T   mem=True nz=True ynz=True cond=True claim_agree=True upper=2152.88974130  CERT
122794221,0,1 RHO mem=True nz=True ynz=True cond=True claim_agree=True upper=0.938871491126  CERT
122794221,0,1 T   mem=True nz=True ynz=True cond=True claim_agree=True upper=1893.28186879  CERT
125614382,0,1 RHO mem=True nz=True ynz=True cond=True claim_agree=True upper=0.947092481370  CERT
125614382,0,1 T   mem=True nz=True ynz=True cond=True claim_agree=True upper=2329.47778079  CERT
193603465,0,1 RHO mem=True nz=True ynz=True cond=True claim_agree=True upper=0.960427861421  CERT
193603465,0,1 T   mem=True nz=True ynz=True cond=True claim_agree=True upper=2569.82885926  CERT
293475336,0,1 RHO mem=True nz=True ynz=True cond=True claim_agree=True upper=0.960708006195  CERT
293475336,0,1 T   mem=True nz=True ynz=True cond=True claim_agree=True upper=2572.71071275  CERT
312423815,0,1 RHO mem=True nz=True ynz=True cond=True claim_agree=True upper=0.947092481370  CERT
312423815,0,1 T   mem=True nz=True ynz=True cond=True claim_agree=True upper=2908.91622786  CERT
384843090,0,1 RHO mem=True nz=True ynz=True cond=True claim_agree=True upper=0.951645458675  CERT
384843090,0,1 T   mem=True nz=True ynz=True cond=True claim_agree=True upper=2498.11257961  CERT
425634469,0,1 RHO mem=True nz=True ynz=True cond=True claim_agree=True upper=0.959329908020  CERT
425634469,0,1 T   mem=True nz=True ynz=True cond=True claim_agree=True upper=2396.85388043  CERT
457143708,0,1 RHO mem=True nz=True ynz=True cond=True claim_agree=True upper=0.927352634888  CERT
457143708,0,1 T   mem=True nz=True ynz=True cond=True claim_agree=True upper=2215.90976584  CERT
543218341,0,1 RHO mem=True nz=True ynz=True cond=True claim_agree=True upper=0.958784558292  CERT
543218341,0,1 T   mem=True nz=True ynz=True cond=True claim_agree=True upper=2371.70925691  CERT
574727580,0,1 RHO mem=True nz=True ynz=True cond=True claim_agree=True upper=0.950263901108  CERT
574727580,0,1 T   mem=True nz=True ynz=True cond=True claim_agree=True upper=2152.29327440  CERT
615518959,0,1 RHO mem=True nz=True ynz=True cond=True claim_agree=True upper=0.906157371094  CERT
615518959,0,1 T   mem=True nz=True ynz=True cond=True claim_agree=True upper=2222.14627097  CERT
687938234,0,1 RHO mem=True nz=True ynz=True cond=True claim_agree=True upper=0.957624304582  CERT
687938234,0,1 T   mem=True nz=True ynz=True cond=True claim_agree=True upper=2556.71620220  CERT
706886713,0,1 RHO mem=True nz=True ynz=True cond=True claim_agree=True upper=0.929272979050  CERT
706886713,0,1 T   mem=True nz=True ynz=True cond=True claim_agree=True upper=1989.14721677  CERT
806758584,0,1 RHO mem=True nz=True ynz=True cond=True claim_agree=True upper=0.918558332975  CERT
806758584,0,1 T   mem=True nz=True ynz=True cond=True claim_agree=True upper=2593.05808409  CERT
874747667,0,1 RHO mem=True nz=True ynz=True cond=True claim_agree=True upper=0.957624304582  CERT
874747667,0,1 T   mem=True nz=True ynz=True cond=True claim_agree=True upper=2908.74013219  CERT
877567828,0,1 RHO mem=True nz=True ynz=True cond=True claim_agree=True upper=0.932997105303  CERT
877567828,0,1 T   mem=True nz=True ynz=True cond=True claim_agree=True upper=2112.67723925  CERT
892144934,0,1 RHO mem=True nz=True ynz=True cond=True claim_agree=True upper=0.959329908020  CERT
892144934,0,1 T   mem=True nz=True ynz=True cond=True claim_agree=True upper=2493.77036678  CERT
897699070,0,1 RHO mem=True nz=True ynz=True cond=True claim_agree=True upper=0.951645458675  CERT
897699070,0,1 T   mem=True nz=True ynz=True cond=True claim_agree=True upper=2170.25139540  CERT
920896675,0,1 RHO mem=True nz=True ynz=True cond=True claim_agree=True upper=0.929272979050  CERT
920896675,0,1 T   mem=True nz=True ynz=True cond=True claim_agree=True upper=1897.15717446  CERT
952540593,0,1 RHO mem=True nz=True ynz=True cond=True claim_agree=True upper=0.958213574778  CERT
952540593,0,1 T   mem=True nz=True ynz=True cond=True claim_agree=True upper=2753.74472324  CERT
957209727,0,1 RHO mem=True nz=True ynz=True cond=True claim_agree=True upper=0.927352634888  CERT
957209727,0,1 T   mem=True nz=True ynz=True cond=True claim_agree=True upper=3015.06603362  CERT
959276277,0,1 RHO mem=True nz=True ynz=True cond=True claim_agree=True upper=0.960427861421  CERT
959276277,0,1 T   mem=True nz=True ynz=True cond=True claim_agree=True upper=2437.86521467  CERT
960410352,0,1 RHO mem=True nz=True ynz=True cond=True claim_agree=True upper=0.938871491126  CERT
960410352,0,1 T   mem=True nz=True ynz=True cond=True claim_agree=True upper=2677.84340632  CERT
985517124,0,1 RHO mem=True nz=True ynz=True cond=True claim_agree=True upper=0.921931941254  CERT
985517124,0,1 T   mem=True nz=True ynz=True cond=True claim_agree=True upper=1875.08045021  CERT
FAMILY VERIFY n=7 l=1000362049 : EXCLUDED (components certified 32 / 32 ; lines 64 ; failed lines 0)
FAMILY VERIFY PASS
