FACTORIZATION: 32 irreducible factors of degree 2 over F_1000425281: OK (header deg/ncomp/bar_T agree)
627263,0,1 RHO mem=True nz=True ynz=True cond=True claim_agree=True upper=0.944865063972  CERT
627263,0,1 T   mem=True nz=True ynz=True cond=True claim_agree=True upper=1950.73232472  CERT
26108800,0,1 RHO mem=True nz=True ynz=True cond=True claim_agree=True upper=0.878297587706  CERT
26108800,0,1 T   mem=True nz=True ynz=True cond=True claim_agree=True upper=2520.80164138  CERT
51046208,0,1 RHO mem=True nz=True ynz=True cond=True claim_agree=True upper=0.931040138105  CERT
51046208,0,1 T   mem=True nz=True ynz=True cond=True claim_agree=True upper=1960.51700895  CERT
87845414,0,1 RHO mem=True nz=True ynz=True cond=True claim_agree=True upper=0.922477454291  CERT
87845414,0,1 T   mem=True nz=True ynz=True cond=True claim_agree=True upper=2557.43321432  CERT
132490945,0,1 RHO mem=True nz=True ynz=True cond=True claim_agree=True upper=0.930225752416  CERT
132490945,0,1 T   mem=True nz=True ynz=True cond=True claim_agree=True upper=2067.06881299  CERT
164425703,0,1 RHO mem=True nz=True ynz=True cond=True claim_agree=True upper=0.909577963061  CERT
164425703,0,1 T   mem=True nz=True ynz=True cond=True claim_agree=True upper=1533.52471912  CERT
189607392,0,1 RHO mem=True nz=True ynz=True cond=True claim_agree=True upper=0.911159295394  CERT
189607392,0,1 T   mem=True nz=True ynz=True cond=True claim_agree=True upper=2200.51331408  CERT
233619248,0,1 RHO mem=True nz=True ynz=True cond=True claim_agree=True upper=0.943573479037  CERT
233619248,0,1 T   mem=True nz=True ynz=True cond=True claim_agree=True upper=2738.14914413  CERT
241845891,0,1 RHO mem=True nz=True ynz=True cond=True claim_agree=True upper=0.926873493680  CERT
241845891,0,1 T   mem=True nz=True ynz=True cond=True claim_agree=True upper=1490.12906667  CERT
324880170,0,1 RHO mem=True nz=True ynz=True cond=True claim_agree=True upper=0.948084006308  CERT
324880170,0,1 T   mem=True nz=True ynz=True cond=True claim_agree=True upper=1977.72889931  CERT
389549418,0,1 RHO mem=True nz=True ynz=True cond=True claim_agree=True upper=0.926873493680  CERT
389549418,0,1 T   mem=True nz=True ynz=True cond=True claim_agree=True upper=1983.56667968  CERT
448420473,0,1 RHO mem=True nz=True ynz=True cond=True claim_agree=True upper=0.944865063972  CERT
448420473,0,1 T   mem=True nz=True ynz=True cond=True claim_agree=True upper=2356.76308818  CERT
455629365,0,1 RHO mem=True nz=True ynz=True cond=True claim_agree=True upper=0.878297587706  CERT
455629365,0,1 T   mem=True nz=True ynz=True cond=True claim_agree=True upper=1279.91619506  CERT
467415256,0,1 RHO mem=True nz=True ynz=True cond=True claim_agree=True upper=0.954903981837  CERT
467415256,0,1 T   mem=True nz=True ynz=True cond=True claim_agree=True upper=2165.37612105  CERT
469467866,0,1 RHO mem=True nz=True ynz=True cond=True claim_agree=True upper=0.931040138105  CERT
469467866,0,1 T   mem=True nz=True ynz=True cond=True claim_agree=True upper=1847.22344229  CERT
481565663,0,1 RHO mem=True nz=True ynz=True cond=True claim_agree=True upper=0.943573479037  CERT
481565663,0,1 T   mem=True nz=True ynz=True cond=True claim_agree=True upper=2101.28799321  CERT
518859618,0,1 RHO mem=True nz=True ynz=True cond=True claim_agree=True upper=0.959748171871  CERT
518859618,0,1 T   mem=True nz=True ynz=True cond=True claim_agree=True upper=2553.67283114  CERT
530957415,0,1 RHO mem=True nz=True ynz=True cond=True claim_agree=True upper=0.926775387077  CERT
530957415,0,1 T   mem=True nz=True ynz=True cond=True claim_agree=True upper=2401.12085801  CERT
533010025,0,1 RHO mem=True nz=True ynz=True cond=True claim_agree=True upper=0.911159295394  CERT
533010025,0,1 T   mem=True nz=True ynz=True cond=True claim_agree=True upper=2283.95738018  CERT
544795916,0,1 RHO mem=True nz=True ynz=True cond=True claim_agree=True upper=0.937385156867  CERT
544795916,0,1 T   mem=True nz=True ynz=True cond=True claim_agree=True upper=2901.25939124  CERT
552004808,0,1 RHO mem=True nz=True ynz=True cond=True claim_agree=True upper=0.953761252037  CERT
552004808,0,1 T   mem=True nz=True ynz=True cond=True claim_agree=True upper=1842.58428461  CERT
610875863,0,1 RHO mem=True nz=True ynz=True cond=True claim_agree=True upper=0.915187445103  CERT
610875863,0,1 T   mem=True nz=True ynz=True cond=True claim_agree=True upper=2707.87529143  CERT
675545111,0,1 RHO mem=True nz=True ynz=True cond=True claim_agree=True upper=0.922477454291  CERT
675545111,0,1 T   mem=True nz=True ynz=True cond=True claim_agree=True upper=1815.70809543  CERT
758579390,0,1 RHO mem=True nz=True ynz=True cond=True claim_agree=True upper=0.915187445103  CERT
758579390,0,1 T   mem=True nz=True ynz=True cond=True claim_agree=True upper=1752.72826926  CERT
766806033,0,1 RHO mem=True nz=True ynz=True cond=True claim_agree=True upper=0.959748171871  CERT
766806033,0,1 T   mem=True nz=True ynz=True cond=True claim_agree=True upper=2714.51556532  CERT
810817889,0,1 RHO mem=True nz=True ynz=True cond=True claim_agree=True upper=0.954903981837  CERT
810817889,0,1 T   mem=True nz=True ynz=True cond=True claim_agree=True upper=2804.36494660  CERT
835999578,0,1 RHO mem=True nz=True ynz=True cond=True claim_agree=True upper=0.930225752416  CERT
835999578,0,1 T   mem=True nz=True ynz=True cond=True claim_agree=True upper=2224.82867280  CERT
867934336,0,1 RHO mem=True nz=True ynz=True cond=True claim_agree=True upper=0.909577963061  CERT
867934336,0,1 T   mem=True nz=True ynz=True cond=True claim_agree=True upper=2217.38390391  CERT
912579867,0,1 RHO mem=True nz=True ynz=True cond=True claim_agree=True upper=0.948084006308  CERT
912579867,0,1 T   mem=True nz=True ynz=True cond=True claim_agree=True upper=2467.28213975  CERT
949379073,0,1 RHO mem=True nz=True ynz=True cond=True claim_agree=True upper=0.926775387077  CERT
949379073,0,1 T   mem=True nz=True ynz=True cond=True claim_agree=True upper=2457.30223079  CERT
974316481,0,1 RHO mem=True nz=True ynz=True cond=True claim_agree=True upper=0.937385156867  CERT
974316481,0,1 T   mem=True nz=True ynz=True cond=True claim_agree=True upper=1930.53093364  CERT
999798018,0,1 RHO mem=True nz=True ynz=True cond=True claim_agree=True upper=0.953761252037  CERT
999798018,0,1 T   mem=True nz=True ynz=True cond=True claim_agree=True upper=2524.81174511  CERT
FAMILY VERIFY n=7 l=1000425281 : EXCLUDED (components certified 32 / 32 ; lines 64 ; failed lines 0)
FAMILY VERIFY PASS
