FACTORIZATION: 32 irreducible factors of degree 2 over F_1000797761: OK (header deg/ncomp/bar_T agree)
27068173,0,1 RHO mem=True nz=True ynz=True cond=True claim_agree=True upper=0.915529125324  CERT
27068173,0,1 T   mem=True nz=True ynz=True cond=True claim_agree=True upper=2281.23826594  CERT
55693932,0,1 RHO mem=True nz=True ynz=True cond=True claim_agree=True upper=0.937508821152  CERT
55693932,0,1 T   mem=True nz=True ynz=True cond=True claim_agree=True upper=2715.10178497  CERT
91713933,0,1 RHO mem=True nz=True ynz=True cond=True claim_agree=True upper=0.905540743331  CERT
91713933,0,1 T   mem=True nz=True ynz=True cond=True claim_agree=True upper=2403.60870313  CERT
131132614,0,1 RHO mem=True nz=True ynz=True cond=True claim_agree=True upper=0.905540743331  CERT
131132614,0,1 T   mem=True nz=True ynz=True cond=True claim_agree=True upper=2572.61715541  CERT
150544500,0,1 RHO mem=True nz=True ynz=True cond=True claim_agree=True upper=0.955826890757  CERT
150544500,0,1 T   mem=True nz=True ynz=True cond=True claim_agree=True upper=2160.22408451  CERT
152421952,0,1 RHO mem=True nz=True ynz=True cond=True claim_agree=True upper=0.915529125324  CERT
152421952,0,1 T   mem=True nz=True ynz=True cond=True claim_agree=True upper=2675.32546048  CERT
173592145,0,1 RHO mem=True nz=True ynz=True cond=True claim_agree=True upper=0.946353416830  CERT
173592145,0,1 T   mem=True nz=True ynz=True cond=True claim_agree=True upper=3353.61821290  CERT
208610187,0,1 RHO mem=True nz=True ynz=True cond=True claim_agree=True upper=0.943067030870  CERT
208610187,0,1 T   mem=True nz=True ynz=True cond=True claim_agree=True upper=2727.05239708  CERT
227339309,0,1 RHO mem=True nz=True ynz=True cond=True claim_agree=True upper=0.937307076713  CERT
227339309,0,1 T   mem=True nz=True ynz=True cond=True claim_agree=True upper=2767.93318720  CERT
251814647,0,1 RHO mem=True nz=True ynz=True cond=True claim_agree=True upper=0.926605245754  CERT
251814647,0,1 T   mem=True nz=True ynz=True cond=True claim_agree=True upper=2464.67706945  CERT
289027005,0,1 RHO mem=True nz=True ynz=True cond=True claim_agree=True upper=0.937508821152  CERT
289027005,0,1 T   mem=True nz=True ynz=True cond=True claim_agree=True upper=2334.79146157  CERT
337303165,0,1 RHO mem=True nz=True ynz=True cond=True claim_agree=True upper=0.955826890757  CERT
337303165,0,1 T   mem=True nz=True ynz=True cond=True claim_agree=True upper=2077.93769516  CERT
380293832,0,1 RHO mem=True nz=True ynz=True cond=True claim_agree=True upper=0.946353416830  CERT
380293832,0,1 T   mem=True nz=True ynz=True cond=True claim_agree=True upper=2116.35772066  CERT
421515034,0,1 RHO mem=True nz=True ynz=True cond=True claim_agree=True upper=0.943067030870  CERT
421515034,0,1 T   mem=True nz=True ynz=True cond=True claim_agree=True upper=1632.03929893  CERT
489479549,0,1 RHO mem=True nz=True ynz=True cond=True claim_agree=True upper=0.937307076713  CERT
489479549,0,1 T   mem=True nz=True ynz=True cond=True claim_agree=True upper=2335.25207152  CERT
498925681,0,1 RHO mem=True nz=True ynz=True cond=True claim_agree=True upper=0.926605245754  CERT
498925681,0,1 T   mem=True nz=True ynz=True cond=True claim_agree=True upper=2594.84364146  CERT
501872080,0,1 RHO mem=True nz=True ynz=True cond=True claim_agree=True upper=0.941080677751  CERT
501872080,0,1 T   mem=True nz=True ynz=True cond=True claim_agree=True upper=2608.33457110  CERT
511318212,0,1 RHO mem=True nz=True ynz=True cond=True claim_agree=True upper=0.918507794822  CERT
511318212,0,1 T   mem=True nz=True ynz=True cond=True claim_agree=True upper=2691.05417024  CERT
579282727,0,1 RHO mem=True nz=True ynz=True cond=True claim_agree=True upper=0.936286661674  CERT
579282727,0,1 T   mem=True nz=True ynz=True cond=True claim_agree=True upper=2652.97638333  CERT
620503929,0,1 RHO mem=True nz=True ynz=True cond=True claim_agree=True upper=0.922571129437  CERT
620503929,0,1 T   mem=True nz=True ynz=True cond=True claim_agree=True upper=2259.48939294  CERT
663494596,0,1 RHO mem=True nz=True ynz=True cond=True claim_agree=True upper=0.903963502944  CERT
663494596,0,1 T   mem=True nz=True ynz=True cond=True claim_agree=True upper=2367.83751473  CERT
711770756,0,1 RHO mem=True nz=True ynz=True cond=True claim_agree=True upper=0.910646520747  CERT
711770756,0,1 T   mem=True nz=True ynz=True cond=True claim_agree=True upper=2008.23509560  CERT
748983114,0,1 RHO mem=True nz=True ynz=True cond=True claim_agree=True upper=0.941080677751  CERT
748983114,0,1 T   mem=True nz=True ynz=True cond=True claim_agree=True upper=1925.11492699  CERT
773458452,0,1 RHO mem=True nz=True ynz=True cond=True claim_agree=True upper=0.918507794822  CERT
773458452,0,1 T   mem=True nz=True ynz=True cond=True claim_agree=True upper=2287.61278946  CERT
792187574,0,1 RHO mem=True nz=True ynz=True cond=True claim_agree=True upper=0.936286661674  CERT
792187574,0,1 T   mem=True nz=True ynz=True cond=True claim_agree=True upper=2672.90401205  CERT
827205616,0,1 RHO mem=True nz=True ynz=True cond=True claim_agree=True upper=0.922571129437  CERT
827205616,0,1 T   mem=True nz=True ynz=True cond=True claim_agree=True upper=3046.54173643  CERT
848375809,0,1 RHO mem=True nz=True ynz=True cond=True claim_agree=True upper=0.936405809963  CERT
848375809,0,1 T   mem=True nz=True ynz=True cond=True claim_agree=True upper=2317.40309172  CERT
850253261,0,1 RHO mem=True nz=True ynz=True cond=True claim_agree=True upper=0.903963502944  CERT
850253261,0,1 T   mem=True nz=True ynz=True cond=True claim_agree=True upper=2360.06355159  CERT
869665147,0,1 RHO mem=True nz=True ynz=True cond=True claim_agree=True upper=0.923146038810  CERT
869665147,0,1 T   mem=True nz=True ynz=True cond=True claim_agree=True upper=2348.17405672  CERT
909083828,0,1 RHO mem=True nz=True ynz=True cond=True claim_agree=True upper=0.923146038810  CERT
909083828,0,1 T   mem=True nz=True ynz=True cond=True claim_agree=True upper=2006.92906084  CERT
945103829,0,1 RHO mem=True nz=True ynz=True cond=True claim_agree=True upper=0.910646520747  CERT
945103829,0,1 T   mem=True nz=True ynz=True cond=True claim_agree=True upper=2236.49984596  CERT
973729588,0,1 RHO mem=True nz=True ynz=True cond=True claim_agree=True upper=0.936405809963  CERT
973729588,0,1 T   mem=True nz=True ynz=True cond=True claim_agree=True upper=2477.27877433  CERT
FAMILY VERIFY n=7 l=1000797761 : EXCLUDED (components certified 32 / 32 ; lines 64 ; failed lines 0)
FAMILY VERIFY PASS
