FACTORIZATION: 32 irreducible factors of degree 2 over F_1000207297: OK (header deg/ncomp/bar_T agree)
11606451,0,1 RHO mem=True nz=True ynz=True cond=True claim_agree=True upper=0.920533123340  CERT
11606451,0,1 T   mem=True nz=True ynz=True cond=True claim_agree=True upper=3140.12795335  CERT
27673163,0,1 RHO mem=True nz=True ynz=True cond=True claim_agree=True upper=0.896472561823  CERT
27673163,0,1 T   mem=True nz=True ynz=True cond=True claim_agree=True upper=2859.80890733  CERT
101016566,0,1 RHO mem=True nz=True ynz=True cond=True claim_agree=True upper=0.917716228079  CERT
101016566,0,1 T   mem=True nz=True ynz=True cond=True claim_agree=True upper=2569.40944930  CERT
130150923,0,1 RHO mem=True nz=True ynz=True cond=True claim_agree=True upper=0.890537865839  CERT
130150923,0,1 T   mem=True nz=True ynz=True cond=True claim_agree=True upper=2727.54666241  CERT
251376102,0,1 RHO mem=True nz=True ynz=True cond=True claim_agree=True upper=0.936120175612  CERT
251376102,0,1 T   mem=True nz=True ynz=True cond=True claim_agree=True upper=1932.98884841  CERT
315439003,0,1 RHO mem=True nz=True ynz=True cond=True claim_agree=True upper=0.918849830033  CERT
315439003,0,1 T   mem=True nz=True ynz=True cond=True claim_agree=True upper=1951.12567599  CERT
316090788,0,1 RHO mem=True nz=True ynz=True cond=True claim_agree=True upper=0.896472561823  CERT
316090788,0,1 T   mem=True nz=True ynz=True cond=True claim_agree=True upper=2829.14030201  CERT
351511437,0,1 RHO mem=True nz=True ynz=True cond=True claim_agree=True upper=0.901441011340  CERT
351511437,0,1 T   mem=True nz=True ynz=True cond=True claim_agree=True upper=2791.15152115  CERT
368297402,0,1 RHO mem=True nz=True ynz=True cond=True claim_agree=True upper=0.839792916473  CERT
368297402,0,1 T   mem=True nz=True ynz=True cond=True claim_agree=True upper=1751.88666077  CERT
376972992,0,1 RHO mem=True nz=True ynz=True cond=True claim_agree=True upper=0.920112418818  CERT
376972992,0,1 T   mem=True nz=True ynz=True cond=True claim_agree=True upper=2497.44998555  CERT
427537296,0,1 RHO mem=True nz=True ynz=True cond=True claim_agree=True upper=0.938309225020  CERT
427537296,0,1 T   mem=True nz=True ynz=True cond=True claim_agree=True upper=2970.86933134  CERT
434738832,0,1 RHO mem=True nz=True ynz=True cond=True claim_agree=True upper=0.938309225020  CERT
434738832,0,1 T   mem=True nz=True ynz=True cond=True claim_agree=True upper=2724.68072409  CERT
439281069,0,1 RHO mem=True nz=True ynz=True cond=True claim_agree=True upper=0.901275288497  CERT
439281069,0,1 T   mem=True nz=True ynz=True cond=True claim_agree=True upper=2431.22630118  CERT
467481795,0,1 RHO mem=True nz=True ynz=True cond=True claim_agree=True upper=0.920112418818  CERT
467481795,0,1 T   mem=True nz=True ynz=True cond=True claim_agree=True upper=2831.06996134  CERT
473502406,0,1 RHO mem=True nz=True ynz=True cond=True claim_agree=True upper=0.839792916473  CERT
473502406,0,1 T   mem=True nz=True ynz=True cond=True claim_agree=True upper=3123.99216552  CERT
497130332,0,1 RHO mem=True nz=True ynz=True cond=True claim_agree=True upper=0.920533123340  CERT
497130332,0,1 T   mem=True nz=True ynz=True cond=True claim_agree=True upper=2176.50393196  CERT
503076965,0,1 RHO mem=True nz=True ynz=True cond=True claim_agree=True upper=0.907110538024  CERT
503076965,0,1 T   mem=True nz=True ynz=True cond=True claim_agree=True upper=2167.80101449  CERT
526704891,0,1 RHO mem=True nz=True ynz=True cond=True claim_agree=True upper=0.891901205408  CERT
526704891,0,1 T   mem=True nz=True ynz=True cond=True claim_agree=True upper=3145.67573020  CERT
532725502,0,1 RHO mem=True nz=True ynz=True cond=True claim_agree=True upper=0.904105232151  CERT
532725502,0,1 T   mem=True nz=True ynz=True cond=True claim_agree=True upper=2691.64536900  CERT
560926228,0,1 RHO mem=True nz=True ynz=True cond=True claim_agree=True upper=0.918849830033  CERT
560926228,0,1 T   mem=True nz=True ynz=True cond=True claim_agree=True upper=1742.76606473  CERT
565468465,0,1 RHO mem=True nz=True ynz=True cond=True claim_agree=True upper=0.909341176722  CERT
565468465,0,1 T   mem=True nz=True ynz=True cond=True claim_agree=True upper=2639.18350080  CERT
572670001,0,1 RHO mem=True nz=True ynz=True cond=True claim_agree=True upper=0.909341176722  CERT
572670001,0,1 T   mem=True nz=True ynz=True cond=True claim_agree=True upper=2249.69125100  CERT
623234305,0,1 RHO mem=True nz=True ynz=True cond=True claim_agree=True upper=0.904105232151  CERT
623234305,0,1 T   mem=True nz=True ynz=True cond=True claim_agree=True upper=2421.01964710  CERT
631909895,0,1 RHO mem=True nz=True ynz=True cond=True claim_agree=True upper=0.891901205408  CERT
631909895,0,1 T   mem=True nz=True ynz=True cond=True claim_agree=True upper=2194.03441126  CERT
648695860,0,1 RHO mem=True nz=True ynz=True cond=True claim_agree=True upper=0.917716228079  CERT
648695860,0,1 T   mem=True nz=True ynz=True cond=True claim_agree=True upper=2852.21572637  CERT
684116509,0,1 RHO mem=True nz=True ynz=True cond=True claim_agree=True upper=0.916549245211  CERT
684116509,0,1 T   mem=True nz=True ynz=True cond=True claim_agree=True upper=2297.28978375  CERT
684768294,0,1 RHO mem=True nz=True ynz=True cond=True claim_agree=True upper=0.901275288497  CERT
684768294,0,1 T   mem=True nz=True ynz=True cond=True claim_agree=True upper=2561.69141530  CERT
748831195,0,1 RHO mem=True nz=True ynz=True cond=True claim_agree=True upper=0.890537865839  CERT
748831195,0,1 T   mem=True nz=True ynz=True cond=True claim_agree=True upper=1946.09090199  CERT
870056374,0,1 RHO mem=True nz=True ynz=True cond=True claim_agree=True upper=0.936120175612  CERT
870056374,0,1 T   mem=True nz=True ynz=True cond=True claim_agree=True upper=1770.36312664  CERT
899190731,0,1 RHO mem=True nz=True ynz=True cond=True claim_agree=True upper=0.901441011340  CERT
899190731,0,1 T   mem=True nz=True ynz=True cond=True claim_agree=True upper=1784.56067190  CERT
972534134,0,1 RHO mem=True nz=True ynz=True cond=True claim_agree=True upper=0.916549245211  CERT
972534134,0,1 T   mem=True nz=True ynz=True cond=True claim_agree=True upper=2094.59311818  CERT
988600846,0,1 RHO mem=True nz=True ynz=True cond=True claim_agree=True upper=0.907110538024  CERT
988600846,0,1 T   mem=True nz=True ynz=True cond=True claim_agree=True upper=1868.93330542  CERT
FAMILY VERIFY n=7 l=1000207297 : EXCLUDED (components certified 32 / 32 ; lines 64 ; failed lines 0)
FAMILY VERIFY PASS
