FACTORIZATION: 32 irreducible factors of degree 2 over F_1001101121: OK (header deg/ncomp/bar_T agree)
2737113,0,1 RHO mem=True nz=True ynz=True cond=True claim_agree=True upper=0.888831931360  CERT
2737113,0,1 T   mem=True nz=True ynz=True cond=True claim_agree=True upper=2190.65430945  CERT
14710716,0,1 RHO mem=True nz=True ynz=True cond=True claim_agree=True upper=0.916745436093  CERT
14710716,0,1 T   mem=True nz=True ynz=True cond=True claim_agree=True upper=2161.19811682  CERT
47027916,0,1 RHO mem=True nz=True ynz=True cond=True claim_agree=True upper=0.902095861843  CERT
47027916,0,1 T   mem=True nz=True ynz=True cond=True claim_agree=True upper=1543.38952533  CERT
56645281,0,1 RHO mem=True nz=True ynz=True cond=True claim_agree=True upper=0.910987327179  CERT
56645281,0,1 T   mem=True nz=True ynz=True cond=True claim_agree=True upper=1964.51938355  CERT
88471281,0,1 RHO mem=True nz=True ynz=True cond=True claim_agree=True upper=0.909607437812  CERT
88471281,0,1 T   mem=True nz=True ynz=True cond=True claim_agree=True upper=2560.81056025  CERT
108386436,0,1 RHO mem=True nz=True ynz=True cond=True claim_agree=True upper=0.921943782538  CERT
108386436,0,1 T   mem=True nz=True ynz=True cond=True claim_agree=True upper=2500.19712883  CERT
113745041,0,1 RHO mem=True nz=True ynz=True cond=True claim_agree=True upper=0.888002976765  CERT
113745041,0,1 T   mem=True nz=True ynz=True cond=True claim_agree=True upper=1649.94539361  CERT
137123544,0,1 RHO mem=True nz=True ynz=True cond=True claim_agree=True upper=0.856259925572  CERT
137123544,0,1 T   mem=True nz=True ynz=True cond=True claim_agree=True upper=1987.77795843  CERT
195817706,0,1 RHO mem=True nz=True ynz=True cond=True claim_agree=True upper=0.908044148944  CERT
195817706,0,1 T   mem=True nz=True ynz=True cond=True claim_agree=True upper=2597.62021579  CERT
228980738,0,1 RHO mem=True nz=True ynz=True cond=True claim_agree=True upper=0.909607437812  CERT
228980738,0,1 T   mem=True nz=True ynz=True cond=True claim_agree=True upper=2111.18580814  CERT
230349594,0,1 RHO mem=True nz=True ynz=True cond=True claim_agree=True upper=0.929672412080  CERT
230349594,0,1 T   mem=True nz=True ynz=True cond=True claim_agree=True upper=1950.02815059  CERT
251959363,0,1 RHO mem=True nz=True ynz=True cond=True claim_agree=True upper=0.908044148944  CERT
251959363,0,1 T   mem=True nz=True ynz=True cond=True claim_agree=True upper=2373.68498814  CERT
331484621,0,1 RHO mem=True nz=True ynz=True cond=True claim_agree=True upper=0.888002976765  CERT
331484621,0,1 T   mem=True nz=True ynz=True cond=True claim_agree=True upper=2966.14380220  CERT
381845958,0,1 RHO mem=True nz=True ynz=True cond=True claim_agree=True upper=0.896314918560  CERT
381845958,0,1 T   mem=True nz=True ynz=True cond=True claim_agree=True upper=3029.85945683  CERT
424824857,0,1 RHO mem=True nz=True ynz=True cond=True claim_agree=True upper=0.896996261556  CERT
424824857,0,1 T   mem=True nz=True ynz=True cond=True claim_agree=True upper=2000.12131493  CERT
461266275,0,1 RHO mem=True nz=True ynz=True cond=True claim_agree=True upper=0.888251454383  CERT
461266275,0,1 T   mem=True nz=True ynz=True cond=True claim_agree=True upper=2457.16892209  CERT
539834846,0,1 RHO mem=True nz=True ynz=True cond=True claim_agree=True upper=0.929672412080  CERT
539834846,0,1 T   mem=True nz=True ynz=True cond=True claim_agree=True upper=2134.91804218  CERT
576276264,0,1 RHO mem=True nz=True ynz=True cond=True claim_agree=True upper=0.902095861843  CERT
576276264,0,1 T   mem=True nz=True ynz=True cond=True claim_agree=True upper=2646.52213825  CERT
619255163,0,1 RHO mem=True nz=True ynz=True cond=True claim_agree=True upper=0.916745436093  CERT
619255163,0,1 T   mem=True nz=True ynz=True cond=True claim_agree=True upper=2395.93588765  CERT
669616500,0,1 RHO mem=True nz=True ynz=True cond=True claim_agree=True upper=0.877096709950  CERT
669616500,0,1 T   mem=True nz=True ynz=True cond=True claim_agree=True upper=2163.29121101  CERT
749141758,0,1 RHO mem=True nz=True ynz=True cond=True claim_agree=True upper=0.915598631050  CERT
749141758,0,1 T   mem=True nz=True ynz=True cond=True claim_agree=True upper=2424.22381577  CERT
770751527,0,1 RHO mem=True nz=True ynz=True cond=True claim_agree=True upper=0.888251454383  CERT
770751527,0,1 T   mem=True nz=True ynz=True cond=True claim_agree=True upper=2510.13793334  CERT
772120383,0,1 RHO mem=True nz=True ynz=True cond=True claim_agree=True upper=0.891062007571  CERT
772120383,0,1 T   mem=True nz=True ynz=True cond=True claim_agree=True upper=2264.22665862  CERT
805283415,0,1 RHO mem=True nz=True ynz=True cond=True claim_agree=True upper=0.915598631050  CERT
805283415,0,1 T   mem=True nz=True ynz=True cond=True claim_agree=True upper=2411.95624368  CERT
863977577,0,1 RHO mem=True nz=True ynz=True cond=True claim_agree=True upper=0.921943782538  CERT
863977577,0,1 T   mem=True nz=True ynz=True cond=True claim_agree=True upper=2351.21159814  CERT
887356080,0,1 RHO mem=True nz=True ynz=True cond=True claim_agree=True upper=0.877096709950  CERT
887356080,0,1 T   mem=True nz=True ynz=True cond=True claim_agree=True upper=1959.49158126  CERT
892714685,0,1 RHO mem=True nz=True ynz=True cond=True claim_agree=True upper=0.856259925572  CERT
892714685,0,1 T   mem=True nz=True ynz=True cond=True claim_agree=True upper=3275.58708393  CERT
912629840,0,1 RHO mem=True nz=True ynz=True cond=True claim_agree=True upper=0.891062007571  CERT
912629840,0,1 T   mem=True nz=True ynz=True cond=True claim_agree=True upper=2843.04190654  CERT
944455840,0,1 RHO mem=True nz=True ynz=True cond=True claim_agree=True upper=0.888831931360  CERT
944455840,0,1 T   mem=True nz=True ynz=True cond=True claim_agree=True upper=2024.79375510  CERT
954073205,0,1 RHO mem=True nz=True ynz=True cond=True claim_agree=True upper=0.896996261556  CERT
954073205,0,1 T   mem=True nz=True ynz=True cond=True claim_agree=True upper=2154.75724544  CERT
986390405,0,1 RHO mem=True nz=True ynz=True cond=True claim_agree=True upper=0.896314918560  CERT
986390405,0,1 T   mem=True nz=True ynz=True cond=True claim_agree=True upper=2270.13077890  CERT
998364008,0,1 RHO mem=True nz=True ynz=True cond=True claim_agree=True upper=0.910987327179  CERT
998364008,0,1 T   mem=True nz=True ynz=True cond=True claim_agree=True upper=2730.34612788  CERT
FAMILY VERIFY n=7 l=1001101121 : EXCLUDED (components certified 32 / 32 ; lines 64 ; failed lines 0)
FAMILY VERIFY PASS
