FACTORIZATION: 32 irreducible factors of degree 2 over F_1001228993: OK (header deg/ncomp/bar_T agree)
11110002,0,1 RHO mem=True nz=True ynz=True cond=True claim_agree=True upper=0.937954099155  CERT
11110002,0,1 T   mem=True nz=True ynz=True cond=True claim_agree=True upper=2530.36496348  CERT
84986843,0,1 RHO mem=True nz=True ynz=True cond=True claim_agree=True upper=0.937954099155  CERT
84986843,0,1 T   mem=True nz=True ynz=True cond=True claim_agree=True upper=1903.52642071  CERT
94788289,0,1 RHO mem=True nz=True ynz=True cond=True claim_agree=True upper=0.934187622869  CERT
94788289,0,1 T   mem=True nz=True ynz=True cond=True claim_agree=True upper=2436.27586310  CERT
105852506,0,1 RHO mem=True nz=True ynz=True cond=True claim_agree=True upper=0.958001153694  CERT
105852506,0,1 T   mem=True nz=True ynz=True cond=True claim_agree=True upper=2977.99522149  CERT
121790147,0,1 RHO mem=True nz=True ynz=True cond=True claim_agree=True upper=0.926866752833  CERT
121790147,0,1 T   mem=True nz=True ynz=True cond=True claim_agree=True upper=2243.97287938  CERT
149044969,0,1 RHO mem=True nz=True ynz=True cond=True claim_agree=True upper=0.960139856825  CERT
149044969,0,1 T   mem=True nz=True ynz=True cond=True claim_agree=True upper=2337.06365658  CERT
154213906,0,1 RHO mem=True nz=True ynz=True cond=True claim_agree=True upper=0.933729131903  CERT
154213906,0,1 T   mem=True nz=True ynz=True cond=True claim_agree=True upper=2358.59959111  CERT
196424408,0,1 RHO mem=True nz=True ynz=True cond=True claim_agree=True upper=0.913763728199  CERT
196424408,0,1 T   mem=True nz=True ynz=True cond=True claim_agree=True upper=1900.59460344  CERT
226319872,0,1 RHO mem=True nz=True ynz=True cond=True claim_agree=True upper=0.950431664365  CERT
226319872,0,1 T   mem=True nz=True ynz=True cond=True claim_agree=True upper=2408.48755003  CERT
257204939,0,1 RHO mem=True nz=True ynz=True cond=True claim_agree=True upper=0.934187622869  CERT
257204939,0,1 T   mem=True nz=True ynz=True cond=True claim_agree=True upper=2221.19660121  CERT
319099107,0,1 RHO mem=True nz=True ynz=True cond=True claim_agree=True upper=0.968612811907  CERT
319099107,0,1 T   mem=True nz=True ynz=True cond=True claim_agree=True upper=2325.42540093  CERT
366694424,0,1 RHO mem=True nz=True ynz=True cond=True claim_agree=True upper=0.948897257911  CERT
366694424,0,1 T   mem=True nz=True ynz=True cond=True claim_agree=True upper=2310.48199705  CERT
403116189,0,1 RHO mem=True nz=True ynz=True cond=True claim_agree=True upper=0.958001153694  CERT
403116189,0,1 T   mem=True nz=True ynz=True cond=True claim_agree=True upper=2273.01706896  CERT
421040803,0,1 RHO mem=True nz=True ynz=True cond=True claim_agree=True upper=0.955120386906  CERT
421040803,0,1 T   mem=True nz=True ynz=True cond=True claim_agree=True upper=2776.37241471  CERT
459761579,0,1 RHO mem=True nz=True ynz=True cond=True claim_agree=True upper=0.868134579427  CERT
459761579,0,1 T   mem=True nz=True ynz=True cond=True claim_agree=True upper=2578.20139607  CERT
475561936,0,1 RHO mem=True nz=True ynz=True cond=True claim_agree=True upper=0.955120386906  CERT
475561936,0,1 T   mem=True nz=True ynz=True cond=True claim_agree=True upper=2370.71528767  CERT
525667057,0,1 RHO mem=True nz=True ynz=True cond=True claim_agree=True upper=0.941013503459  CERT
525667057,0,1 T   mem=True nz=True ynz=True cond=True claim_agree=True upper=1569.37662560  CERT
541467414,0,1 RHO mem=True nz=True ynz=True cond=True claim_agree=True upper=0.926866752833  CERT
541467414,0,1 T   mem=True nz=True ynz=True cond=True claim_agree=True upper=2210.56208054  CERT
580188190,0,1 RHO mem=True nz=True ynz=True cond=True claim_agree=True upper=0.941013503459  CERT
580188190,0,1 T   mem=True nz=True ynz=True cond=True claim_agree=True upper=1906.74889605  CERT
598112804,0,1 RHO mem=True nz=True ynz=True cond=True claim_agree=True upper=0.929444497848  CERT
598112804,0,1 T   mem=True nz=True ynz=True cond=True claim_agree=True upper=2194.64743729  CERT
634534569,0,1 RHO mem=True nz=True ynz=True cond=True claim_agree=True upper=0.968612811907  CERT
634534569,0,1 T   mem=True nz=True ynz=True cond=True claim_agree=True upper=2010.03822827  CERT
682129886,0,1 RHO mem=True nz=True ynz=True cond=True claim_agree=True upper=0.948897257911  CERT
682129886,0,1 T   mem=True nz=True ynz=True cond=True claim_agree=True upper=1762.33083403  CERT
744024054,0,1 RHO mem=True nz=True ynz=True cond=True claim_agree=True upper=0.980393416291  CERT
744024054,0,1 T   mem=True nz=True ynz=True cond=True claim_agree=True upper=1896.49136462  CERT
774909121,0,1 RHO mem=True nz=True ynz=True cond=True claim_agree=True upper=0.960139856825  CERT
774909121,0,1 T   mem=True nz=True ynz=True cond=True claim_agree=True upper=2045.93479264  CERT
804804585,0,1 RHO mem=True nz=True ynz=True cond=True claim_agree=True upper=0.933729131903  CERT
804804585,0,1 T   mem=True nz=True ynz=True cond=True claim_agree=True upper=2244.59487114  CERT
847015087,0,1 RHO mem=True nz=True ynz=True cond=True claim_agree=True upper=0.913763728199  CERT
847015087,0,1 T   mem=True nz=True ynz=True cond=True claim_agree=True upper=2601.61669602  CERT
852184024,0,1 RHO mem=True nz=True ynz=True cond=True claim_agree=True upper=0.950431664365  CERT
852184024,0,1 T   mem=True nz=True ynz=True cond=True claim_agree=True upper=2498.98324504  CERT
879438846,0,1 RHO mem=True nz=True ynz=True cond=True claim_agree=True upper=0.868134579427  CERT
879438846,0,1 T   mem=True nz=True ynz=True cond=True claim_agree=True upper=1974.77078625  CERT
895376487,0,1 RHO mem=True nz=True ynz=True cond=True claim_agree=True upper=0.929444497848  CERT
895376487,0,1 T   mem=True nz=True ynz=True cond=True claim_agree=True upper=2710.93778736  CERT
906440704,0,1 RHO mem=True nz=True ynz=True cond=True claim_agree=True upper=0.980393416291  CERT
906440704,0,1 T   mem=True nz=True ynz=True cond=True claim_agree=True upper=2724.72437285  CERT
916242150,0,1 RHO mem=True nz=True ynz=True cond=True claim_agree=True upper=0.900876376338  CERT
916242150,0,1 T   mem=True nz=True ynz=True cond=True claim_agree=True upper=2199.04840194  CERT
990118991,0,1 RHO mem=True nz=True ynz=True cond=True claim_agree=True upper=0.900876376338  CERT
990118991,0,1 T   mem=True nz=True ynz=True cond=True claim_agree=True upper=2233.81588975  CERT
FAMILY VERIFY n=7 l=1001228993 : EXCLUDED (components certified 32 / 32 ; lines 64 ; failed lines 0)
FAMILY VERIFY PASS
