FACTORIZATION: 32 irreducible factors of degree 2 over F_1000446913: OK (header deg/ncomp/bar_T agree)
51669497,0,1 RHO mem=True nz=True ynz=True cond=True claim_agree=True upper=0.945687159970  CERT
51669497,0,1 T   mem=True nz=True ynz=True cond=True claim_agree=True upper=2734.51228038  CERT
53352183,0,1 RHO mem=True nz=True ynz=True cond=True claim_agree=True upper=0.973974624236  CERT
53352183,0,1 T   mem=True nz=True ynz=True cond=True claim_agree=True upper=2810.16503237  CERT
85569675,0,1 RHO mem=True nz=True ynz=True cond=True claim_agree=True upper=0.950309213391  CERT
85569675,0,1 T   mem=True nz=True ynz=True cond=True claim_agree=True upper=2327.89565546  CERT
92097918,0,1 RHO mem=True nz=True ynz=True cond=True claim_agree=True upper=0.952246859374  CERT
92097918,0,1 T   mem=True nz=True ynz=True cond=True claim_agree=True upper=2369.75318142  CERT
112194089,0,1 RHO mem=True nz=True ynz=True cond=True claim_agree=True upper=0.953375880027  CERT
112194089,0,1 T   mem=True nz=True ynz=True cond=True claim_agree=True upper=2792.59028690  CERT
146740984,0,1 RHO mem=True nz=True ynz=True cond=True claim_agree=True upper=0.961188695700  CERT
146740984,0,1 T   mem=True nz=True ynz=True cond=True claim_agree=True upper=2276.85018568  CERT
191991487,0,1 RHO mem=True nz=True ynz=True cond=True claim_agree=True upper=0.946638800209  CERT
191991487,0,1 T   mem=True nz=True ynz=True cond=True claim_agree=True upper=2228.85228375  CERT
263903236,0,1 RHO mem=True nz=True ynz=True cond=True claim_agree=True upper=0.973059300092  CERT
263903236,0,1 T   mem=True nz=True ynz=True cond=True claim_agree=True upper=2337.24994516  CERT
277181361,0,1 RHO mem=True nz=True ynz=True cond=True claim_agree=True upper=0.971114276557  CERT
277181361,0,1 T   mem=True nz=True ynz=True cond=True claim_agree=True upper=2401.53259703  CERT
304340269,0,1 RHO mem=True nz=True ynz=True cond=True claim_agree=True upper=0.945687159970  CERT
304340269,0,1 T   mem=True nz=True ynz=True cond=True claim_agree=True upper=2717.83274750  CERT
344003321,0,1 RHO mem=True nz=True ynz=True cond=True claim_agree=True upper=0.980994916753  CERT
344003321,0,1 T   mem=True nz=True ynz=True cond=True claim_agree=True upper=2580.50295068  CERT
353677196,0,1 RHO mem=True nz=True ynz=True cond=True claim_agree=True upper=0.974052175837  CERT
353677196,0,1 T   mem=True nz=True ynz=True cond=True claim_agree=True upper=2584.33418456  CERT
372546592,0,1 RHO mem=True nz=True ynz=True cond=True claim_agree=True upper=0.973974624236  CERT
372546592,0,1 T   mem=True nz=True ynz=True cond=True claim_agree=True upper=2308.87407480  CERT
434830440,0,1 RHO mem=True nz=True ynz=True cond=True claim_agree=True upper=0.961188695700  CERT
434830440,0,1 T   mem=True nz=True ynz=True cond=True claim_agree=True upper=2682.02501139  CERT
465984466,0,1 RHO mem=True nz=True ynz=True cond=True claim_agree=True upper=0.957484400629  CERT
465984466,0,1 T   mem=True nz=True ynz=True cond=True claim_agree=True upper=3247.13303281  CERT
474974582,0,1 RHO mem=True nz=True ynz=True cond=True claim_agree=True upper=0.931161184825  CERT
474974582,0,1 T   mem=True nz=True ynz=True cond=True claim_agree=True upper=2914.67906668  CERT
525472331,0,1 RHO mem=True nz=True ynz=True cond=True claim_agree=True upper=0.952246859374  CERT
525472331,0,1 T   mem=True nz=True ynz=True cond=True claim_agree=True upper=2135.96804428  CERT
534462447,0,1 RHO mem=True nz=True ynz=True cond=True claim_agree=True upper=0.950309213391  CERT
534462447,0,1 T   mem=True nz=True ynz=True cond=True claim_agree=True upper=2167.83263206  CERT
565616473,0,1 RHO mem=True nz=True ynz=True cond=True claim_agree=True upper=0.971289625294  CERT
565616473,0,1 T   mem=True nz=True ynz=True cond=True claim_agree=True upper=2150.69148058  CERT
627900321,0,1 RHO mem=True nz=True ynz=True cond=True claim_agree=True upper=0.940756173493  CERT
627900321,0,1 T   mem=True nz=True ynz=True cond=True claim_agree=True upper=2132.30742724  CERT
646769717,0,1 RHO mem=True nz=True ynz=True cond=True claim_agree=True upper=0.953375880027  CERT
646769717,0,1 T   mem=True nz=True ynz=True cond=True claim_agree=True upper=2640.40377022  CERT
656443592,0,1 RHO mem=True nz=True ynz=True cond=True claim_agree=True upper=0.971114276557  CERT
656443592,0,1 T   mem=True nz=True ynz=True cond=True claim_agree=True upper=2666.08731959  CERT
696106644,0,1 RHO mem=True nz=True ynz=True cond=True claim_agree=True upper=0.977540888596  CERT
696106644,0,1 T   mem=True nz=True ynz=True cond=True claim_agree=True upper=2479.30946095  CERT
723265552,0,1 RHO mem=True nz=True ynz=True cond=True claim_agree=True upper=0.980994916753  CERT
723265552,0,1 T   mem=True nz=True ynz=True cond=True claim_agree=True upper=2345.16748238  CERT
736543677,0,1 RHO mem=True nz=True ynz=True cond=True claim_agree=True upper=0.946638800209  CERT
736543677,0,1 T   mem=True nz=True ynz=True cond=True claim_agree=True upper=2480.48219749  CERT
808455426,0,1 RHO mem=True nz=True ynz=True cond=True claim_agree=True upper=0.973059300092  CERT
808455426,0,1 T   mem=True nz=True ynz=True cond=True claim_agree=True upper=2362.99522436  CERT
853705929,0,1 RHO mem=True nz=True ynz=True cond=True claim_agree=True upper=0.971289625294  CERT
853705929,0,1 T   mem=True nz=True ynz=True cond=True claim_agree=True upper=2802.56355384  CERT
888252824,0,1 RHO mem=True nz=True ynz=True cond=True claim_agree=True upper=0.974052175837  CERT
888252824,0,1 T   mem=True nz=True ynz=True cond=True claim_agree=True upper=2281.98584746  CERT
908348995,0,1 RHO mem=True nz=True ynz=True cond=True claim_agree=True upper=0.931161184825  CERT
908348995,0,1 T   mem=True nz=True ynz=True cond=True claim_agree=True upper=2250.84224104  CERT
914877238,0,1 RHO mem=True nz=True ynz=True cond=True claim_agree=True upper=0.957484400629  CERT
914877238,0,1 T   mem=True nz=True ynz=True cond=True claim_agree=True upper=2554.41865283  CERT
947094730,0,1 RHO mem=True nz=True ynz=True cond=True claim_agree=True upper=0.940756173493  CERT
947094730,0,1 T   mem=True nz=True ynz=True cond=True claim_agree=True upper=2837.71690881  CERT
948777416,0,1 RHO mem=True nz=True ynz=True cond=True claim_agree=True upper=0.977540888596  CERT
948777416,0,1 T   mem=True nz=True ynz=True cond=True claim_agree=True upper=2443.68273785  CERT
FAMILY VERIFY n=7 l=1000446913 : EXCLUDED (components certified 32 / 32 ; lines 64 ; failed lines 0)
FAMILY VERIFY PASS
