FACTORIZATION: 32 irreducible factors of degree 2 over F_1000098241: OK (header deg/ncomp/bar_T agree)
9950176,0,1 RHO mem=True nz=True ynz=True cond=True claim_agree=True upper=0.910327191592  CERT
9950176,0,1 T   mem=True nz=True ynz=True cond=True claim_agree=True upper=2731.93622153  CERT
14965570,0,1 RHO mem=True nz=True ynz=True cond=True claim_agree=True upper=0.918129156575  CERT
14965570,0,1 T   mem=True nz=True ynz=True cond=True claim_agree=True upper=1763.35662314  CERT
34245829,0,1 RHO mem=True nz=True ynz=True cond=True claim_agree=True upper=0.891012493834  CERT
34245829,0,1 T   mem=True nz=True ynz=True cond=True claim_agree=True upper=1729.93563992  CERT
75947082,0,1 RHO mem=True nz=True ynz=True cond=True claim_agree=True upper=0.949645721907  CERT
75947082,0,1 T   mem=True nz=True ynz=True cond=True claim_agree=True upper=2145.60816101  CERT
109274108,0,1 RHO mem=True nz=True ynz=True cond=True claim_agree=True upper=0.929971304754  CERT
109274108,0,1 T   mem=True nz=True ynz=True cond=True claim_agree=True upper=2372.19052269  CERT
187992901,0,1 RHO mem=True nz=True ynz=True cond=True claim_agree=True upper=0.907965142253  CERT
187992901,0,1 T   mem=True nz=True ynz=True cond=True claim_agree=True upper=2023.90969435  CERT
215550364,0,1 RHO mem=True nz=True ynz=True cond=True claim_agree=True upper=0.907805754163  CERT
215550364,0,1 T   mem=True nz=True ynz=True cond=True claim_agree=True upper=1847.70784104  CERT
231135171,0,1 RHO mem=True nz=True ynz=True cond=True claim_agree=True upper=0.891012493834  CERT
231135171,0,1 T   mem=True nz=True ynz=True cond=True claim_agree=True upper=1664.30477039  CERT
255628653,0,1 RHO mem=True nz=True ynz=True cond=True claim_agree=True upper=0.931876797152  CERT
255628653,0,1 T   mem=True nz=True ynz=True cond=True claim_agree=True upper=2487.01449320  CERT
256300200,0,1 RHO mem=True nz=True ynz=True cond=True claim_agree=True upper=0.931876797152  CERT
256300200,0,1 T   mem=True nz=True ynz=True cond=True claim_agree=True upper=2370.75452986  CERT
259242306,0,1 RHO mem=True nz=True ynz=True cond=True claim_agree=True upper=0.899542748483  CERT
259242306,0,1 T   mem=True nz=True ynz=True cond=True claim_agree=True upper=1586.34469778  CERT
260324418,0,1 RHO mem=True nz=True ynz=True cond=True claim_agree=True upper=0.907805754163  CERT
260324418,0,1 T   mem=True nz=True ynz=True cond=True claim_agree=True upper=1720.20476644  CERT
306620174,0,1 RHO mem=True nz=True ynz=True cond=True claim_agree=True upper=0.942475021436  CERT
306620174,0,1 T   mem=True nz=True ynz=True cond=True claim_agree=True upper=1699.79902535  CERT
356582690,0,1 RHO mem=True nz=True ynz=True cond=True claim_agree=True upper=0.918129156575  CERT
356582690,0,1 T   mem=True nz=True ynz=True cond=True claim_agree=True upper=1837.52867307  CERT
385342817,0,1 RHO mem=True nz=True ynz=True cond=True claim_agree=True upper=0.932143089001  CERT
385342817,0,1 T   mem=True nz=True ynz=True cond=True claim_agree=True upper=2833.52541274  CERT
447793764,0,1 RHO mem=True nz=True ynz=True cond=True claim_agree=True upper=0.910773991857  CERT
447793764,0,1 T   mem=True nz=True ynz=True cond=True claim_agree=True upper=1879.74470070  CERT
552304477,0,1 RHO mem=True nz=True ynz=True cond=True claim_agree=True upper=0.949645721907  CERT
552304477,0,1 T   mem=True nz=True ynz=True cond=True claim_agree=True upper=1958.22772575  CERT
614755424,0,1 RHO mem=True nz=True ynz=True cond=True claim_agree=True upper=0.907965142253  CERT
614755424,0,1 T   mem=True nz=True ynz=True cond=True claim_agree=True upper=1697.94685648  CERT
643515551,0,1 RHO mem=True nz=True ynz=True cond=True claim_agree=True upper=0.927750623899  CERT
643515551,0,1 T   mem=True nz=True ynz=True cond=True claim_agree=True upper=2308.14749462  CERT
693478067,0,1 RHO mem=True nz=True ynz=True cond=True claim_agree=True upper=0.910327191592  CERT
693478067,0,1 T   mem=True nz=True ynz=True cond=True claim_agree=True upper=1986.04402543  CERT
739773823,0,1 RHO mem=True nz=True ynz=True cond=True claim_agree=True upper=0.901710737607  CERT
739773823,0,1 T   mem=True nz=True ynz=True cond=True claim_agree=True upper=2082.23486669  CERT
740855935,0,1 RHO mem=True nz=True ynz=True cond=True claim_agree=True upper=0.929971304754  CERT
740855935,0,1 T   mem=True nz=True ynz=True cond=True claim_agree=True upper=2160.84938210  CERT
743798041,0,1 RHO mem=True nz=True ynz=True cond=True claim_agree=True upper=0.925607223271  CERT
743798041,0,1 T   mem=True nz=True ynz=True cond=True claim_agree=True upper=2303.41429386  CERT
744469588,0,1 RHO mem=True nz=True ynz=True cond=True claim_agree=True upper=0.925607223271  CERT
744469588,0,1 T   mem=True nz=True ynz=True cond=True claim_agree=True upper=2741.41893332  CERT
768963070,0,1 RHO mem=True nz=True ynz=True cond=True claim_agree=True upper=0.905733313543  CERT
768963070,0,1 T   mem=True nz=True ynz=True cond=True claim_agree=True upper=2113.11312960  CERT
784547877,0,1 RHO mem=True nz=True ynz=True cond=True claim_agree=True upper=0.901710737607  CERT
784547877,0,1 T   mem=True nz=True ynz=True cond=True claim_agree=True upper=2204.39916813  CERT
812105340,0,1 RHO mem=True nz=True ynz=True cond=True claim_agree=True upper=0.932143089001  CERT
812105340,0,1 T   mem=True nz=True ynz=True cond=True claim_agree=True upper=2646.30805212  CERT
890824133,0,1 RHO mem=True nz=True ynz=True cond=True claim_agree=True upper=0.899542748483  CERT
890824133,0,1 T   mem=True nz=True ynz=True cond=True claim_agree=True upper=1540.93318125  CERT
924151159,0,1 RHO mem=True nz=True ynz=True cond=True claim_agree=True upper=0.910773991857  CERT
924151159,0,1 T   mem=True nz=True ynz=True cond=True claim_agree=True upper=2274.38853768  CERT
965852412,0,1 RHO mem=True nz=True ynz=True cond=True claim_agree=True upper=0.905733313543  CERT
965852412,0,1 T   mem=True nz=True ynz=True cond=True claim_agree=True upper=2626.95888415  CERT
985132671,0,1 RHO mem=True nz=True ynz=True cond=True claim_agree=True upper=0.927750623899  CERT
985132671,0,1 T   mem=True nz=True ynz=True cond=True claim_agree=True upper=2259.19926194  CERT
990148065,0,1 RHO mem=True nz=True ynz=True cond=True claim_agree=True upper=0.942475021436  CERT
990148065,0,1 T   mem=True nz=True ynz=True cond=True claim_agree=True upper=1849.78765092  CERT
FAMILY VERIFY n=7 l=1000098241 : EXCLUDED (components certified 32 / 32 ; lines 64 ; failed lines 0)
FAMILY VERIFY PASS
