FACTORIZATION: 32 irreducible factors of degree 2 over F_1000122049: OK (header deg/ncomp/bar_T agree)
31401209,0,1 RHO mem=True nz=True ynz=True cond=True claim_agree=True upper=0.965553120779  CERT
31401209,0,1 T   mem=True nz=True ynz=True cond=True claim_agree=True upper=2781.29020112  CERT
74210414,0,1 RHO mem=True nz=True ynz=True cond=True claim_agree=True upper=0.943482098530  CERT
74210414,0,1 T   mem=True nz=True ynz=True cond=True claim_agree=True upper=1821.08966080  CERT
127872359,0,1 RHO mem=True nz=True ynz=True cond=True claim_agree=True upper=0.922529508288  CERT
127872359,0,1 T   mem=True nz=True ynz=True cond=True claim_agree=True upper=1798.69090963  CERT
137608318,0,1 RHO mem=True nz=True ynz=True cond=True claim_agree=True upper=0.944844598176  CERT
137608318,0,1 T   mem=True nz=True ynz=True cond=True claim_agree=True upper=2435.47445330  CERT
153192553,0,1 RHO mem=True nz=True ynz=True cond=True claim_agree=True upper=0.944844598176  CERT
153192553,0,1 T   mem=True nz=True ynz=True cond=True claim_agree=True upper=2259.98958558  CERT
165590110,0,1 RHO mem=True nz=True ynz=True cond=True claim_agree=True upper=0.943482098530  CERT
165590110,0,1 T   mem=True nz=True ynz=True cond=True claim_agree=True upper=2171.37962557  CERT
181047957,0,1 RHO mem=True nz=True ynz=True cond=True claim_agree=True upper=0.966719610077  CERT
181047957,0,1 T   mem=True nz=True ynz=True cond=True claim_agree=True upper=2847.91879423  CERT
201241265,0,1 RHO mem=True nz=True ynz=True cond=True claim_agree=True upper=0.925561218690  CERT
201241265,0,1 T   mem=True nz=True ynz=True cond=True claim_agree=True upper=2462.77678297  CERT
222332662,0,1 RHO mem=True nz=True ynz=True cond=True claim_agree=True upper=0.917113807365  CERT
222332662,0,1 T   mem=True nz=True ynz=True cond=True claim_agree=True upper=1601.23520560  CERT
248049735,0,1 RHO mem=True nz=True ynz=True cond=True claim_agree=True upper=0.917319041061  CERT
248049735,0,1 T   mem=True nz=True ynz=True cond=True claim_agree=True upper=2240.96793605  CERT
316148207,0,1 RHO mem=True nz=True ynz=True cond=True claim_agree=True upper=0.966719610077  CERT
316148207,0,1 T   mem=True nz=True ynz=True cond=True claim_agree=True upper=2081.00190593  CERT
330684655,0,1 RHO mem=True nz=True ynz=True cond=True claim_agree=True upper=0.942705309978  CERT
330684655,0,1 T   mem=True nz=True ynz=True cond=True claim_agree=True upper=2595.95094937  CERT
353656358,0,1 RHO mem=True nz=True ynz=True cond=True claim_agree=True upper=0.944746089462  CERT
353656358,0,1 T   mem=True nz=True ynz=True cond=True claim_agree=True upper=2685.94472627  CERT
392007539,0,1 RHO mem=True nz=True ynz=True cond=True claim_agree=True upper=0.925561218690  CERT
392007539,0,1 T   mem=True nz=True ynz=True cond=True claim_agree=True upper=2236.90737848  CERT
396407732,0,1 RHO mem=True nz=True ynz=True cond=True claim_agree=True upper=0.965553120779  CERT
396407732,0,1 T   mem=True nz=True ynz=True cond=True claim_agree=True upper=2876.46803125  CERT
474091675,0,1 RHO mem=True nz=True ynz=True cond=True claim_agree=True upper=0.917113807365  CERT
474091675,0,1 T   mem=True nz=True ynz=True cond=True claim_agree=True upper=2256.33790662  CERT
526030374,0,1 RHO mem=True nz=True ynz=True cond=True claim_agree=True upper=0.841435608543  CERT
526030374,0,1 T   mem=True nz=True ynz=True cond=True claim_agree=True upper=2049.87253017  CERT
603714317,0,1 RHO mem=True nz=True ynz=True cond=True claim_agree=True upper=0.934989964213  CERT
603714317,0,1 T   mem=True nz=True ynz=True cond=True claim_agree=True upper=2823.66058414  CERT
608114510,0,1 RHO mem=True nz=True ynz=True cond=True claim_agree=True upper=0.920847476632  CERT
608114510,0,1 T   mem=True nz=True ynz=True cond=True claim_agree=True upper=1689.87776282  CERT
646465691,0,1 RHO mem=True nz=True ynz=True cond=True claim_agree=True upper=0.942705309978  CERT
646465691,0,1 T   mem=True nz=True ynz=True cond=True claim_agree=True upper=2934.44377539  CERT
669437394,0,1 RHO mem=True nz=True ynz=True cond=True claim_agree=True upper=0.944746089462  CERT
669437394,0,1 T   mem=True nz=True ynz=True cond=True claim_agree=True upper=2437.80462680  CERT
683973842,0,1 RHO mem=True nz=True ynz=True cond=True claim_agree=True upper=0.948851212844  CERT
683973842,0,1 T   mem=True nz=True ynz=True cond=True claim_agree=True upper=1874.54876782  CERT
752072314,0,1 RHO mem=True nz=True ynz=True cond=True claim_agree=True upper=0.922529508288  CERT
752072314,0,1 T   mem=True nz=True ynz=True cond=True claim_agree=True upper=1964.57421614  CERT
777789387,0,1 RHO mem=True nz=True ynz=True cond=True claim_agree=True upper=0.841435608543  CERT
777789387,0,1 T   mem=True nz=True ynz=True cond=True claim_agree=True upper=1313.02578025  CERT
798880784,0,1 RHO mem=True nz=True ynz=True cond=True claim_agree=True upper=0.920847476632  CERT
798880784,0,1 T   mem=True nz=True ynz=True cond=True claim_agree=True upper=1828.63240743  CERT
819074092,0,1 RHO mem=True nz=True ynz=True cond=True claim_agree=True upper=0.948851212844  CERT
819074092,0,1 T   mem=True nz=True ynz=True cond=True claim_agree=True upper=2276.98491247  CERT
834531939,0,1 RHO mem=True nz=True ynz=True cond=True claim_agree=True upper=0.914823119823  CERT
834531939,0,1 T   mem=True nz=True ynz=True cond=True claim_agree=True upper=2519.12636966  CERT
846929496,0,1 RHO mem=True nz=True ynz=True cond=True claim_agree=True upper=0.956774438319  CERT
846929496,0,1 T   mem=True nz=True ynz=True cond=True claim_agree=True upper=2526.73114419  CERT
862513731,0,1 RHO mem=True nz=True ynz=True cond=True claim_agree=True upper=0.956774438319  CERT
862513731,0,1 T   mem=True nz=True ynz=True cond=True claim_agree=True upper=2471.18913253  CERT
872249690,0,1 RHO mem=True nz=True ynz=True cond=True claim_agree=True upper=0.917319041061  CERT
872249690,0,1 T   mem=True nz=True ynz=True cond=True claim_agree=True upper=2064.85484168  CERT
925911635,0,1 RHO mem=True nz=True ynz=True cond=True claim_agree=True upper=0.914823119823  CERT
925911635,0,1 T   mem=True nz=True ynz=True cond=True claim_agree=True upper=2168.45669785  CERT
968720840,0,1 RHO mem=True nz=True ynz=True cond=True claim_agree=True upper=0.934989964213  CERT
968720840,0,1 T   mem=True nz=True ynz=True cond=True claim_agree=True upper=2592.11993770  CERT
FAMILY VERIFY n=7 l=1000122049 : EXCLUDED (components certified 32 / 32 ; lines 64 ; failed lines 0)
FAMILY VERIFY PASS
