FACTORIZATION: 32 irreducible factors of degree 2 over F_1000763969: OK (header deg/ncomp/bar_T agree)
1714674,0,1 RHO mem=True nz=True ynz=True cond=True claim_agree=True upper=0.954636689139  CERT
1714674,0,1 T   mem=True nz=True ynz=True cond=True claim_agree=True upper=2132.00167978  CERT
12484486,0,1 RHO mem=True nz=True ynz=True cond=True claim_agree=True upper=0.934853371913  CERT
12484486,0,1 T   mem=True nz=True ynz=True cond=True claim_agree=True upper=2707.19638564  CERT
39855956,0,1 RHO mem=True nz=True ynz=True cond=True claim_agree=True upper=0.951430757449  CERT
39855956,0,1 T   mem=True nz=True ynz=True cond=True claim_agree=True upper=2248.32321661  CERT
123848708,0,1 RHO mem=True nz=True ynz=True cond=True claim_agree=True upper=0.939947517691  CERT
123848708,0,1 T   mem=True nz=True ynz=True cond=True claim_agree=True upper=2604.68493175  CERT
143745752,0,1 RHO mem=True nz=True ynz=True cond=True claim_agree=True upper=0.928463824711  CERT
143745752,0,1 T   mem=True nz=True ynz=True cond=True claim_agree=True upper=2395.66109019  CERT
156637188,0,1 RHO mem=True nz=True ynz=True cond=True claim_agree=True upper=0.967988811207  CERT
156637188,0,1 T   mem=True nz=True ynz=True cond=True claim_agree=True upper=2720.51986016  CERT
179563085,0,1 RHO mem=True nz=True ynz=True cond=True claim_agree=True upper=0.912510579403  CERT
179563085,0,1 T   mem=True nz=True ynz=True cond=True claim_agree=True upper=1940.17923061  CERT
215604472,0,1 RHO mem=True nz=True ynz=True cond=True claim_agree=True upper=0.951062651427  CERT
215604472,0,1 T   mem=True nz=True ynz=True cond=True claim_agree=True upper=2222.53595043  CERT
229045200,0,1 RHO mem=True nz=True ynz=True cond=True claim_agree=True upper=0.951062651427  CERT
229045200,0,1 T   mem=True nz=True ynz=True cond=True claim_agree=True upper=2494.90788492  CERT
275924033,0,1 RHO mem=True nz=True ynz=True cond=True claim_agree=True upper=0.919566647283  CERT
275924033,0,1 T   mem=True nz=True ynz=True cond=True claim_agree=True upper=2768.65859799  CERT
285765432,0,1 RHO mem=True nz=True ynz=True cond=True claim_agree=True upper=0.912510579403  CERT
285765432,0,1 T   mem=True nz=True ynz=True cond=True claim_agree=True upper=2559.33960215  CERT
358287338,0,1 RHO mem=True nz=True ynz=True cond=True claim_agree=True upper=0.936089398187  CERT
358287338,0,1 T   mem=True nz=True ynz=True cond=True claim_agree=True upper=3327.17596208  CERT
412467197,0,1 RHO mem=True nz=True ynz=True cond=True claim_agree=True upper=0.952445732197  CERT
412467197,0,1 T   mem=True nz=True ynz=True cond=True claim_agree=True upper=2647.18381708  CERT
422779303,0,1 RHO mem=True nz=True ynz=True cond=True claim_agree=True upper=0.934853371913  CERT
422779303,0,1 T   mem=True nz=True ynz=True cond=True claim_agree=True upper=2623.50032472  CERT
458831549,0,1 RHO mem=True nz=True ynz=True cond=True claim_agree=True upper=0.967988811207  CERT
458831549,0,1 T   mem=True nz=True ynz=True cond=True claim_agree=True upper=2502.28288784  CERT
472187406,0,1 RHO mem=True nz=True ynz=True cond=True claim_agree=True upper=0.928463824711  CERT
472187406,0,1 T   mem=True nz=True ynz=True cond=True claim_agree=True upper=2126.74536517  CERT
528576563,0,1 RHO mem=True nz=True ynz=True cond=True claim_agree=True upper=0.959801980785  CERT
528576563,0,1 T   mem=True nz=True ynz=True cond=True claim_agree=True upper=3127.34501482  CERT
541932420,0,1 RHO mem=True nz=True ynz=True cond=True claim_agree=True upper=0.930869270958  CERT
541932420,0,1 T   mem=True nz=True ynz=True cond=True claim_agree=True upper=2647.41507305  CERT
577984666,0,1 RHO mem=True nz=True ynz=True cond=True claim_agree=True upper=0.937345980000  CERT
577984666,0,1 T   mem=True nz=True ynz=True cond=True claim_agree=True upper=2299.40360774  CERT
588296772,0,1 RHO mem=True nz=True ynz=True cond=True claim_agree=True upper=0.939947517691  CERT
588296772,0,1 T   mem=True nz=True ynz=True cond=True claim_agree=True upper=2624.07962194  CERT
642476631,0,1 RHO mem=True nz=True ynz=True cond=True claim_agree=True upper=0.954636689139  CERT
642476631,0,1 T   mem=True nz=True ynz=True cond=True claim_agree=True upper=2503.91345067  CERT
714998537,0,1 RHO mem=True nz=True ynz=True cond=True claim_agree=True upper=0.951555829352  CERT
714998537,0,1 T   mem=True nz=True ynz=True cond=True claim_agree=True upper=1977.33562954  CERT
724839936,0,1 RHO mem=True nz=True ynz=True cond=True claim_agree=True upper=0.951430757449  CERT
724839936,0,1 T   mem=True nz=True ynz=True cond=True claim_agree=True upper=3082.35861928  CERT
771718769,0,1 RHO mem=True nz=True ynz=True cond=True claim_agree=True upper=0.972565990975  CERT
771718769,0,1 T   mem=True nz=True ynz=True cond=True claim_agree=True upper=2618.55251435  CERT
785159497,0,1 RHO mem=True nz=True ynz=True cond=True claim_agree=True upper=0.972565990975  CERT
785159497,0,1 T   mem=True nz=True ynz=True cond=True claim_agree=True upper=2817.18742221  CERT
821200884,0,1 RHO mem=True nz=True ynz=True cond=True claim_agree=True upper=0.951555829352  CERT
821200884,0,1 T   mem=True nz=True ynz=True cond=True claim_agree=True upper=2942.74814785  CERT
844126781,0,1 RHO mem=True nz=True ynz=True cond=True claim_agree=True upper=0.930869270958  CERT
844126781,0,1 T   mem=True nz=True ynz=True cond=True claim_agree=True upper=2721.86434347  CERT
857018217,0,1 RHO mem=True nz=True ynz=True cond=True claim_agree=True upper=0.959801980785  CERT
857018217,0,1 T   mem=True nz=True ynz=True cond=True claim_agree=True upper=2595.55873534  CERT
876915261,0,1 RHO mem=True nz=True ynz=True cond=True claim_agree=True upper=0.952445732197  CERT
876915261,0,1 T   mem=True nz=True ynz=True cond=True claim_agree=True upper=2064.52267768  CERT
960908013,0,1 RHO mem=True nz=True ynz=True cond=True claim_agree=True upper=0.919566647283  CERT
960908013,0,1 T   mem=True nz=True ynz=True cond=True claim_agree=True upper=1887.12939010  CERT
988279483,0,1 RHO mem=True nz=True ynz=True cond=True claim_agree=True upper=0.937345980000  CERT
988279483,0,1 T   mem=True nz=True ynz=True cond=True claim_agree=True upper=2593.75708525  CERT
999049295,0,1 RHO mem=True nz=True ynz=True cond=True claim_agree=True upper=0.936089398187  CERT
999049295,0,1 T   mem=True nz=True ynz=True cond=True claim_agree=True upper=2246.48735248  CERT
FAMILY VERIFY n=7 l=1000763969 : EXCLUDED (components certified 32 / 32 ; lines 64 ; failed lines 0)
FAMILY VERIFY PASS
