FACTORIZATION: 32 irreducible factors of degree 2 over F_1000835137: OK (header deg/ncomp/bar_T agree)
7122430,0,1 RHO mem=True nz=True ynz=True cond=True claim_agree=True upper=0.935275743772  CERT
7122430,0,1 T   mem=True nz=True ynz=True cond=True claim_agree=True upper=2727.01889142  CERT
35996424,0,1 RHO mem=True nz=True ynz=True cond=True claim_agree=True upper=0.948008729403  CERT
35996424,0,1 T   mem=True nz=True ynz=True cond=True claim_agree=True upper=2667.68019662  CERT
63404831,0,1 RHO mem=True nz=True ynz=True cond=True claim_agree=True upper=0.959705876516  CERT
63404831,0,1 T   mem=True nz=True ynz=True cond=True claim_agree=True upper=2136.81586777  CERT
120356906,0,1 RHO mem=True nz=True ynz=True cond=True claim_agree=True upper=0.959226975344  CERT
120356906,0,1 T   mem=True nz=True ynz=True cond=True claim_agree=True upper=2211.20140080  CERT
159429089,0,1 RHO mem=True nz=True ynz=True cond=True claim_agree=True upper=0.944321882568  CERT
159429089,0,1 T   mem=True nz=True ynz=True cond=True claim_agree=True upper=2387.06852445  CERT
173033532,0,1 RHO mem=True nz=True ynz=True cond=True claim_agree=True upper=0.948008729403  CERT
173033532,0,1 T   mem=True nz=True ynz=True cond=True claim_agree=True upper=2249.29257010  CERT
178163525,0,1 RHO mem=True nz=True ynz=True cond=True claim_agree=True upper=0.959705876516  CERT
178163525,0,1 T   mem=True nz=True ynz=True cond=True claim_agree=True upper=2249.08345333  CERT
187768364,0,1 RHO mem=True nz=True ynz=True cond=True claim_agree=True upper=0.934711861867  CERT
187768364,0,1 T   mem=True nz=True ynz=True cond=True claim_agree=True upper=2271.56449857  CERT
221563215,0,1 RHO mem=True nz=True ynz=True cond=True claim_agree=True upper=0.979893133048  CERT
221563215,0,1 T   mem=True nz=True ynz=True cond=True claim_agree=True upper=2967.50387608  CERT
237578001,0,1 RHO mem=True nz=True ynz=True cond=True claim_agree=True upper=0.979893133048  CERT
237578001,0,1 T   mem=True nz=True ynz=True cond=True claim_agree=True upper=3278.76884633  CERT
267071732,0,1 RHO mem=True nz=True ynz=True cond=True claim_agree=True upper=0.950910121651  CERT
267071732,0,1 T   mem=True nz=True ynz=True cond=True claim_agree=True upper=2988.62073266  CERT
305923003,0,1 RHO mem=True nz=True ynz=True cond=True claim_agree=True upper=0.935275743772  CERT
305923003,0,1 T   mem=True nz=True ynz=True cond=True claim_agree=True upper=2570.73851591  CERT
339736641,0,1 RHO mem=True nz=True ynz=True cond=True claim_agree=True upper=0.965792607937  CERT
339736641,0,1 T   mem=True nz=True ynz=True cond=True claim_agree=True upper=2995.59588844  CERT
363108239,0,1 RHO mem=True nz=True ynz=True cond=True claim_agree=True upper=0.944321882568  CERT
363108239,0,1 T   mem=True nz=True ynz=True cond=True claim_agree=True upper=2276.34638472  CERT
413340683,0,1 RHO mem=True nz=True ynz=True cond=True claim_agree=True upper=0.961078315157  CERT
413340683,0,1 T   mem=True nz=True ynz=True cond=True claim_agree=True upper=2530.31632090  CERT
453791284,0,1 RHO mem=True nz=True ynz=True cond=True claim_agree=True upper=0.961078315157  CERT
453791284,0,1 T   mem=True nz=True ynz=True cond=True claim_agree=True upper=2534.49437956  CERT
547043853,0,1 RHO mem=True nz=True ynz=True cond=True claim_agree=True upper=0.951172876784  CERT
547043853,0,1 T   mem=True nz=True ynz=True cond=True claim_agree=True upper=2081.78979606  CERT
587494454,0,1 RHO mem=True nz=True ynz=True cond=True claim_agree=True upper=0.951172876784  CERT
587494454,0,1 T   mem=True nz=True ynz=True cond=True claim_agree=True upper=2323.94198954  CERT
637726898,0,1 RHO mem=True nz=True ynz=True cond=True claim_agree=True upper=0.975114930218  CERT
637726898,0,1 T   mem=True nz=True ynz=True cond=True claim_agree=True upper=3528.24814676  CERT
661098496,0,1 RHO mem=True nz=True ynz=True cond=True claim_agree=True upper=0.959226975344  CERT
661098496,0,1 T   mem=True nz=True ynz=True cond=True claim_agree=True upper=2439.09022426  CERT
694912134,0,1 RHO mem=True nz=True ynz=True cond=True claim_agree=True upper=0.984856881309  CERT
694912134,0,1 T   mem=True nz=True ynz=True cond=True claim_agree=True upper=3284.09868950  CERT
733763405,0,1 RHO mem=True nz=True ynz=True cond=True claim_agree=True upper=0.934711861867  CERT
733763405,0,1 T   mem=True nz=True ynz=True cond=True claim_agree=True upper=3337.44510307  CERT
763257136,0,1 RHO mem=True nz=True ynz=True cond=True claim_agree=True upper=0.948743992673  CERT
763257136,0,1 T   mem=True nz=True ynz=True cond=True claim_agree=True upper=2388.25636661  CERT
779271922,0,1 RHO mem=True nz=True ynz=True cond=True claim_agree=True upper=0.948743992673  CERT
779271922,0,1 T   mem=True nz=True ynz=True cond=True claim_agree=True upper=2759.18581167  CERT
813066773,0,1 RHO mem=True nz=True ynz=True cond=True claim_agree=True upper=0.950910121651  CERT
813066773,0,1 T   mem=True nz=True ynz=True cond=True claim_agree=True upper=2324.82136276  CERT
822671612,0,1 RHO mem=True nz=True ynz=True cond=True claim_agree=True upper=0.950124647035  CERT
822671612,0,1 T   mem=True nz=True ynz=True cond=True claim_agree=True upper=2892.16577016  CERT
827801605,0,1 RHO mem=True nz=True ynz=True cond=True claim_agree=True upper=0.942008232660  CERT
827801605,0,1 T   mem=True nz=True ynz=True cond=True claim_agree=True upper=2038.06643368  CERT
841406048,0,1 RHO mem=True nz=True ynz=True cond=True claim_agree=True upper=0.975114930218  CERT
841406048,0,1 T   mem=True nz=True ynz=True cond=True claim_agree=True upper=3719.47436858  CERT
880478231,0,1 RHO mem=True nz=True ynz=True cond=True claim_agree=True upper=0.965792607937  CERT
880478231,0,1 T   mem=True nz=True ynz=True cond=True claim_agree=True upper=3185.32828849  CERT
937430306,0,1 RHO mem=True nz=True ynz=True cond=True claim_agree=True upper=0.950124647035  CERT
937430306,0,1 T   mem=True nz=True ynz=True cond=True claim_agree=True upper=3085.63492269  CERT
964838713,0,1 RHO mem=True nz=True ynz=True cond=True claim_agree=True upper=0.942008232660  CERT
964838713,0,1 T   mem=True nz=True ynz=True cond=True claim_agree=True upper=2183.62546951  CERT
993712707,0,1 RHO mem=True nz=True ynz=True cond=True claim_agree=True upper=0.984856881309  CERT
993712707,0,1 T   mem=True nz=True ynz=True cond=True claim_agree=True upper=2859.67786229  CERT
FAMILY VERIFY n=7 l=1000835137 : EXCLUDED (components certified 32 / 32 ; lines 64 ; failed lines 0)
FAMILY VERIFY PASS
