FACTORIZATION: 32 irreducible factors of degree 2 over F_1001267009: OK (header deg/ncomp/bar_T agree)
70737728,0,1 RHO mem=True nz=True ynz=True cond=True claim_agree=True upper=0.927210425797  CERT
70737728,0,1 T   mem=True nz=True ynz=True cond=True claim_agree=True upper=1975.34104627  CERT
89176048,0,1 RHO mem=True nz=True ynz=True cond=True claim_agree=True upper=0.916224048090  CERT
89176048,0,1 T   mem=True nz=True ynz=True cond=True claim_agree=True upper=2343.33731969  CERT
103968604,0,1 RHO mem=True nz=True ynz=True cond=True claim_agree=True upper=0.915736569409  CERT
103968604,0,1 T   mem=True nz=True ynz=True cond=True claim_agree=True upper=2729.81178507  CERT
143207745,0,1 RHO mem=True nz=True ynz=True cond=True claim_agree=True upper=0.932200234559  CERT
143207745,0,1 T   mem=True nz=True ynz=True cond=True claim_agree=True upper=2449.86615699  CERT
146495083,0,1 RHO mem=True nz=True ynz=True cond=True claim_agree=True upper=0.906142825065  CERT
146495083,0,1 T   mem=True nz=True ynz=True cond=True claim_agree=True upper=3246.81364814  CERT
168113194,0,1 RHO mem=True nz=True ynz=True cond=True claim_agree=True upper=0.930492371227  CERT
168113194,0,1 T   mem=True nz=True ynz=True cond=True claim_agree=True upper=2242.97606883  CERT
210706136,0,1 RHO mem=True nz=True ynz=True cond=True claim_agree=True upper=0.918373108116  CERT
210706136,0,1 T   mem=True nz=True ynz=True cond=True claim_agree=True upper=2238.53829348  CERT
293035808,0,1 RHO mem=True nz=True ynz=True cond=True claim_agree=True upper=0.946315382492  CERT
293035808,0,1 T   mem=True nz=True ynz=True cond=True claim_agree=True upper=2390.62388752  CERT
294659139,0,1 RHO mem=True nz=True ynz=True cond=True claim_agree=True upper=0.928394384819  CERT
294659139,0,1 T   mem=True nz=True ynz=True cond=True claim_agree=True upper=2048.87077643  CERT
316035770,0,1 RHO mem=True nz=True ynz=True cond=True claim_agree=True upper=0.906142825065  CERT
316035770,0,1 T   mem=True nz=True ynz=True cond=True claim_agree=True upper=2061.49977084  CERT
351378845,0,1 RHO mem=True nz=True ynz=True cond=True claim_agree=True upper=0.918373108116  CERT
351378845,0,1 T   mem=True nz=True ynz=True cond=True claim_agree=True upper=2425.56125599  CERT
405400357,0,1 RHO mem=True nz=True ynz=True cond=True claim_agree=True upper=0.946315382492  CERT
405400357,0,1 T   mem=True nz=True ynz=True cond=True claim_agree=True upper=3051.87671747  CERT
416350116,0,1 RHO mem=True nz=True ynz=True cond=True claim_agree=True upper=0.906863516822  CERT
416350116,0,1 T   mem=True nz=True ynz=True cond=True claim_agree=True upper=2061.13516464  CERT
450154668,0,1 RHO mem=True nz=True ynz=True cond=True claim_agree=True upper=0.948005946194  CERT
450154668,0,1 T   mem=True nz=True ynz=True cond=True claim_agree=True upper=2387.02529192  CERT
456759137,0,1 RHO mem=True nz=True ynz=True cond=True claim_agree=True upper=0.929028683546  CERT
456759137,0,1 T   mem=True nz=True ynz=True cond=True claim_agree=True upper=2321.41561483  CERT
486457591,0,1 RHO mem=True nz=True ynz=True cond=True claim_agree=True upper=0.935599096363  CERT
486457591,0,1 T   mem=True nz=True ynz=True cond=True claim_agree=True upper=2444.04796809  CERT
514809418,0,1 RHO mem=True nz=True ynz=True cond=True claim_agree=True upper=0.927210425797  CERT
514809418,0,1 T   mem=True nz=True ynz=True cond=True claim_agree=True upper=2253.93701670  CERT
544507872,0,1 RHO mem=True nz=True ynz=True cond=True claim_agree=True upper=0.932200234559  CERT
544507872,0,1 T   mem=True nz=True ynz=True cond=True claim_agree=True upper=2590.49541167  CERT
551112341,0,1 RHO mem=True nz=True ynz=True cond=True claim_agree=True upper=0.930492371227  CERT
551112341,0,1 T   mem=True nz=True ynz=True cond=True claim_agree=True upper=2978.89604649  CERT
584916893,0,1 RHO mem=True nz=True ynz=True cond=True claim_agree=True upper=0.928394384819  CERT
584916893,0,1 T   mem=True nz=True ynz=True cond=True claim_agree=True upper=2503.20991205  CERT
595866652,0,1 RHO mem=True nz=True ynz=True cond=True claim_agree=True upper=0.926388808186  CERT
595866652,0,1 T   mem=True nz=True ynz=True cond=True claim_agree=True upper=2397.75677277  CERT
649888164,0,1 RHO mem=True nz=True ynz=True cond=True claim_agree=True upper=0.928927050941  CERT
649888164,0,1 T   mem=True nz=True ynz=True cond=True claim_agree=True upper=2028.00606286  CERT
685231239,0,1 RHO mem=True nz=True ynz=True cond=True claim_agree=True upper=0.929736228168  CERT
685231239,0,1 T   mem=True nz=True ynz=True cond=True claim_agree=True upper=2166.17440033  CERT
706607870,0,1 RHO mem=True nz=True ynz=True cond=True claim_agree=True upper=0.906863516822  CERT
706607870,0,1 T   mem=True nz=True ynz=True cond=True claim_agree=True upper=2164.87679825  CERT
708231201,0,1 RHO mem=True nz=True ynz=True cond=True claim_agree=True upper=0.926388808186  CERT
708231201,0,1 T   mem=True nz=True ynz=True cond=True claim_agree=True upper=1979.63740248  CERT
790560873,0,1 RHO mem=True nz=True ynz=True cond=True claim_agree=True upper=0.928927050941  CERT
790560873,0,1 T   mem=True nz=True ynz=True cond=True claim_agree=True upper=2280.05300085  CERT
833153815,0,1 RHO mem=True nz=True ynz=True cond=True claim_agree=True upper=0.948005946194  CERT
833153815,0,1 T   mem=True nz=True ynz=True cond=True claim_agree=True upper=2261.61389034  CERT
854771926,0,1 RHO mem=True nz=True ynz=True cond=True claim_agree=True upper=0.929736228168  CERT
854771926,0,1 T   mem=True nz=True ynz=True cond=True claim_agree=True upper=2280.80575609  CERT
858059264,0,1 RHO mem=True nz=True ynz=True cond=True claim_agree=True upper=0.929028683546  CERT
858059264,0,1 T   mem=True nz=True ynz=True cond=True claim_agree=True upper=2303.41370876  CERT
897298405,0,1 RHO mem=True nz=True ynz=True cond=True claim_agree=True upper=0.916224048090  CERT
897298405,0,1 T   mem=True nz=True ynz=True cond=True claim_agree=True upper=2698.64086467  CERT
912090961,0,1 RHO mem=True nz=True ynz=True cond=True claim_agree=True upper=0.915736569409  CERT
912090961,0,1 T   mem=True nz=True ynz=True cond=True claim_agree=True upper=2361.87787376  CERT
930529281,0,1 RHO mem=True nz=True ynz=True cond=True claim_agree=True upper=0.935599096363  CERT
930529281,0,1 T   mem=True nz=True ynz=True cond=True claim_agree=True upper=2418.59917949  CERT
FAMILY VERIFY n=7 l=1001267009 : EXCLUDED (components certified 32 / 32 ; lines 64 ; failed lines 0)
FAMILY VERIFY PASS
