FACTORIZATION: 32 irreducible factors of degree 2 over F_1000274753: OK (header deg/ncomp/bar_T agree)
129723694,0,1 RHO mem=True nz=True ynz=True cond=True claim_agree=True upper=0.938605407117  CERT
129723694,0,1 T   mem=True nz=True ynz=True cond=True claim_agree=True upper=1997.42653893  CERT
151980207,0,1 RHO mem=True nz=True ynz=True cond=True claim_agree=True upper=0.969546027541  CERT
151980207,0,1 T   mem=True nz=True ynz=True cond=True claim_agree=True upper=2009.22911438  CERT
178489984,0,1 RHO mem=True nz=True ynz=True cond=True claim_agree=True upper=0.946294882264  CERT
178489984,0,1 T   mem=True nz=True ynz=True cond=True claim_agree=True upper=2402.56164723  CERT
206518692,0,1 RHO mem=True nz=True ynz=True cond=True claim_agree=True upper=0.936632352215  CERT
206518692,0,1 T   mem=True nz=True ynz=True cond=True claim_agree=True upper=1982.62168551  CERT
212203664,0,1 RHO mem=True nz=True ynz=True cond=True claim_agree=True upper=0.921848968934  CERT
212203664,0,1 T   mem=True nz=True ynz=True cond=True claim_agree=True upper=1747.03001678  CERT
264055210,0,1 RHO mem=True nz=True ynz=True cond=True claim_agree=True upper=0.935483613940  CERT
264055210,0,1 T   mem=True nz=True ynz=True cond=True claim_agree=True upper=2865.09636521  CERT
278629026,0,1 RHO mem=True nz=True ynz=True cond=True claim_agree=True upper=0.946297179160  CERT
278629026,0,1 T   mem=True nz=True ynz=True cond=True claim_agree=True upper=1867.60243476  CERT
292869544,0,1 RHO mem=True nz=True ynz=True cond=True claim_agree=True upper=0.931460957779  CERT
292869544,0,1 T   mem=True nz=True ynz=True cond=True claim_agree=True upper=2606.48562046  CERT
308194235,0,1 RHO mem=True nz=True ynz=True cond=True claim_agree=True upper=0.938605407117  CERT
308194235,0,1 T   mem=True nz=True ynz=True cond=True claim_agree=True upper=1834.72794384  CERT
356885508,0,1 RHO mem=True nz=True ynz=True cond=True claim_agree=True upper=0.969546027541  CERT
356885508,0,1 T   mem=True nz=True ynz=True cond=True claim_agree=True upper=2515.37348857  CERT
363146993,0,1 RHO mem=True nz=True ynz=True cond=True claim_agree=True upper=0.949289027582  CERT
363146993,0,1 T   mem=True nz=True ynz=True cond=True claim_agree=True upper=2683.61488202  CERT
365695384,0,1 RHO mem=True nz=True ynz=True cond=True claim_agree=True upper=0.944984863174  CERT
365695384,0,1 T   mem=True nz=True ynz=True cond=True claim_agree=True upper=2267.28542925  CERT
373196611,0,1 RHO mem=True nz=True ynz=True cond=True claim_agree=True upper=0.944984863174  CERT
373196611,0,1 T   mem=True nz=True ynz=True cond=True claim_agree=True upper=2081.51930842  CERT
421227455,0,1 RHO mem=True nz=True ynz=True cond=True claim_agree=True upper=0.958646142255  CERT
421227455,0,1 T   mem=True nz=True ynz=True cond=True claim_agree=True upper=2529.11259617  CERT
481890783,0,1 RHO mem=True nz=True ynz=True cond=True claim_agree=True upper=0.931612407601  CERT
481890783,0,1 T   mem=True nz=True ynz=True cond=True claim_agree=True upper=2166.59851863  CERT
482438870,0,1 RHO mem=True nz=True ynz=True cond=True claim_agree=True upper=0.930257278614  CERT
482438870,0,1 T   mem=True nz=True ynz=True cond=True claim_agree=True upper=2274.31176469  CERT
517835883,0,1 RHO mem=True nz=True ynz=True cond=True claim_agree=True upper=0.931612407601  CERT
517835883,0,1 T   mem=True nz=True ynz=True cond=True claim_agree=True upper=2595.36509845  CERT
518383970,0,1 RHO mem=True nz=True ynz=True cond=True claim_agree=True upper=0.930257278614  CERT
518383970,0,1 T   mem=True nz=True ynz=True cond=True claim_agree=True upper=2068.90713077  CERT
579047298,0,1 RHO mem=True nz=True ynz=True cond=True claim_agree=True upper=0.921848968934  CERT
579047298,0,1 T   mem=True nz=True ynz=True cond=True claim_agree=True upper=1910.40947381  CERT
627078142,0,1 RHO mem=True nz=True ynz=True cond=True claim_agree=True upper=0.938916922954  CERT
627078142,0,1 T   mem=True nz=True ynz=True cond=True claim_agree=True upper=2740.68868029  CERT
634579369,0,1 RHO mem=True nz=True ynz=True cond=True claim_agree=True upper=0.938916922954  CERT
634579369,0,1 T   mem=True nz=True ynz=True cond=True claim_agree=True upper=2399.98625890  CERT
637127760,0,1 RHO mem=True nz=True ynz=True cond=True claim_agree=True upper=0.931460957779  CERT
637127760,0,1 T   mem=True nz=True ynz=True cond=True claim_agree=True upper=2045.86877538  CERT
643389245,0,1 RHO mem=True nz=True ynz=True cond=True claim_agree=True upper=0.921442323532  CERT
643389245,0,1 T   mem=True nz=True ynz=True cond=True claim_agree=True upper=2599.83695208  CERT
692080518,0,1 RHO mem=True nz=True ynz=True cond=True claim_agree=True upper=0.971286069270  CERT
692080518,0,1 T   mem=True nz=True ynz=True cond=True claim_agree=True upper=2008.33356102  CERT
707405209,0,1 RHO mem=True nz=True ynz=True cond=True claim_agree=True upper=0.949289027582  CERT
707405209,0,1 T   mem=True nz=True ynz=True cond=True claim_agree=True upper=2281.49436720  CERT
721645727,0,1 RHO mem=True nz=True ynz=True cond=True claim_agree=True upper=0.935483613940  CERT
721645727,0,1 T   mem=True nz=True ynz=True cond=True claim_agree=True upper=2791.08238892  CERT
736219543,0,1 RHO mem=True nz=True ynz=True cond=True claim_agree=True upper=0.946297179160  CERT
736219543,0,1 T   mem=True nz=True ynz=True cond=True claim_agree=True upper=3086.09610228  CERT
788071089,0,1 RHO mem=True nz=True ynz=True cond=True claim_agree=True upper=0.958646142255  CERT
788071089,0,1 T   mem=True nz=True ynz=True cond=True claim_agree=True upper=2664.27495045  CERT
793756061,0,1 RHO mem=True nz=True ynz=True cond=True claim_agree=True upper=0.946294882264  CERT
793756061,0,1 T   mem=True nz=True ynz=True cond=True claim_agree=True upper=2130.45845324  CERT
821784769,0,1 RHO mem=True nz=True ynz=True cond=True claim_agree=True upper=0.936632352215  CERT
821784769,0,1 T   mem=True nz=True ynz=True cond=True claim_agree=True upper=2386.98388412  CERT
848294546,0,1 RHO mem=True nz=True ynz=True cond=True claim_agree=True upper=0.921442323532  CERT
848294546,0,1 T   mem=True nz=True ynz=True cond=True claim_agree=True upper=1744.98693091  CERT
870551059,0,1 RHO mem=True nz=True ynz=True cond=True claim_agree=True upper=0.971286069270  CERT
870551059,0,1 T   mem=True nz=True ynz=True cond=True claim_agree=True upper=2658.91483539  CERT
FAMILY VERIFY n=7 l=1000274753 : EXCLUDED (components certified 32 / 32 ; lines 64 ; failed lines 0)
FAMILY VERIFY PASS
