FACTORIZATION: 32 irreducible factors of degree 2 over F_1000856641: OK (header deg/ncomp/bar_T agree)
13854558,0,1 RHO mem=True nz=True ynz=True cond=True claim_agree=True upper=0.884735671699  CERT
13854558,0,1 T   mem=True nz=True ynz=True cond=True claim_agree=True upper=1731.92581947  CERT
19747376,0,1 RHO mem=True nz=True ynz=True cond=True claim_agree=True upper=0.921565424957  CERT
19747376,0,1 T   mem=True nz=True ynz=True cond=True claim_agree=True upper=2142.19770402  CERT
42416038,0,1 RHO mem=True nz=True ynz=True cond=True claim_agree=True upper=0.870676065304  CERT
42416038,0,1 T   mem=True nz=True ynz=True cond=True claim_agree=True upper=1972.75815373  CERT
44163121,0,1 RHO mem=True nz=True ynz=True cond=True claim_agree=True upper=0.894231652809  CERT
44163121,0,1 T   mem=True nz=True ynz=True cond=True claim_agree=True upper=3083.86262525  CERT
73793833,0,1 RHO mem=True nz=True ynz=True cond=True claim_agree=True upper=0.944467299982  CERT
73793833,0,1 T   mem=True nz=True ynz=True cond=True claim_agree=True upper=3675.96327758  CERT
81936829,0,1 RHO mem=True nz=True ynz=True cond=True claim_agree=True upper=0.870676065304  CERT
81936829,0,1 T   mem=True nz=True ynz=True cond=True claim_agree=True upper=2102.33256897  CERT
97695515,0,1 RHO mem=True nz=True ynz=True cond=True claim_agree=True upper=0.922064675089  CERT
97695515,0,1 T   mem=True nz=True ynz=True cond=True claim_agree=True upper=2174.33459100  CERT
104034648,0,1 RHO mem=True nz=True ynz=True cond=True claim_agree=True upper=0.832627977726  CERT
104034648,0,1 T   mem=True nz=True ynz=True cond=True claim_agree=True upper=1744.04236344  CERT
131776049,0,1 RHO mem=True nz=True ynz=True cond=True claim_agree=True upper=0.931704761243  CERT
131776049,0,1 T   mem=True nz=True ynz=True cond=True claim_agree=True upper=2508.03740484  CERT
140281256,0,1 RHO mem=True nz=True ynz=True cond=True claim_agree=True upper=0.964428728879  CERT
140281256,0,1 T   mem=True nz=True ynz=True cond=True claim_agree=True upper=3329.72407176  CERT
219549074,0,1 RHO mem=True nz=True ynz=True cond=True claim_agree=True upper=0.925009430805  CERT
219549074,0,1 T   mem=True nz=True ynz=True cond=True claim_agree=True upper=2064.30826156  CERT
363164223,0,1 RHO mem=True nz=True ynz=True cond=True claim_agree=True upper=0.868460275871  CERT
363164223,0,1 T   mem=True nz=True ynz=True cond=True claim_agree=True upper=1949.75262433  CERT
378077910,0,1 RHO mem=True nz=True ynz=True cond=True claim_agree=True upper=0.884735671699  CERT
378077910,0,1 T   mem=True nz=True ynz=True cond=True claim_agree=True upper=2666.91295374  CERT
389499637,0,1 RHO mem=True nz=True ynz=True cond=True claim_agree=True upper=0.832627977726  CERT
389499637,0,1 T   mem=True nz=True ynz=True cond=True claim_agree=True upper=3394.45410634  CERT
441035722,0,1 RHO mem=True nz=True ynz=True cond=True claim_agree=True upper=0.948085201617  CERT
441035722,0,1 T   mem=True nz=True ynz=True cond=True claim_agree=True upper=2517.96879958  CERT
482434987,0,1 RHO mem=True nz=True ynz=True cond=True claim_agree=True upper=0.921565424957  CERT
482434987,0,1 T   mem=True nz=True ynz=True cond=True claim_agree=True upper=1939.08746557  CERT
518421654,0,1 RHO mem=True nz=True ynz=True cond=True claim_agree=True upper=0.924302750451  CERT
518421654,0,1 T   mem=True nz=True ynz=True cond=True claim_agree=True upper=2867.25877351  CERT
559820919,0,1 RHO mem=True nz=True ynz=True cond=True claim_agree=True upper=0.894231652809  CERT
559820919,0,1 T   mem=True nz=True ynz=True cond=True claim_agree=True upper=1643.34302330  CERT
611357004,0,1 RHO mem=True nz=True ynz=True cond=True claim_agree=True upper=0.896241687190  CERT
611357004,0,1 T   mem=True nz=True ynz=True cond=True claim_agree=True upper=2786.09502222  CERT
622778731,0,1 RHO mem=True nz=True ynz=True cond=True claim_agree=True upper=0.945522337738  CERT
622778731,0,1 T   mem=True nz=True ynz=True cond=True claim_agree=True upper=2859.08269417  CERT
637692418,0,1 RHO mem=True nz=True ynz=True cond=True claim_agree=True upper=0.964428728879  CERT
637692418,0,1 T   mem=True nz=True ynz=True cond=True claim_agree=True upper=2514.09292686  CERT
781307567,0,1 RHO mem=True nz=True ynz=True cond=True claim_agree=True upper=0.931704761243  CERT
781307567,0,1 T   mem=True nz=True ynz=True cond=True claim_agree=True upper=2698.30925765  CERT
860575385,0,1 RHO mem=True nz=True ynz=True cond=True claim_agree=True upper=0.868460275871  CERT
860575385,0,1 T   mem=True nz=True ynz=True cond=True claim_agree=True upper=2449.30650965  CERT
869080592,0,1 RHO mem=True nz=True ynz=True cond=True claim_agree=True upper=0.925009430805  CERT
869080592,0,1 T   mem=True nz=True ynz=True cond=True claim_agree=True upper=2103.63304138  CERT
896821993,0,1 RHO mem=True nz=True ynz=True cond=True claim_agree=True upper=0.896241687190  CERT
896821993,0,1 T   mem=True nz=True ynz=True cond=True claim_agree=True upper=1611.41261259  CERT
903161126,0,1 RHO mem=True nz=True ynz=True cond=True claim_agree=True upper=0.944467299982  CERT
903161126,0,1 T   mem=True nz=True ynz=True cond=True claim_agree=True upper=2406.13055233  CERT
918919812,0,1 RHO mem=True nz=True ynz=True cond=True claim_agree=True upper=0.956285478603  CERT
918919812,0,1 T   mem=True nz=True ynz=True cond=True claim_agree=True upper=2978.68042414  CERT
927062808,0,1 RHO mem=True nz=True ynz=True cond=True claim_agree=True upper=0.922064675089  CERT
927062808,0,1 T   mem=True nz=True ynz=True cond=True claim_agree=True upper=3180.53602101  CERT
956693520,0,1 RHO mem=True nz=True ynz=True cond=True claim_agree=True upper=0.948085201617  CERT
956693520,0,1 T   mem=True nz=True ynz=True cond=True claim_agree=True upper=2400.57775145  CERT
958440603,0,1 RHO mem=True nz=True ynz=True cond=True claim_agree=True upper=0.956285478603  CERT
958440603,0,1 T   mem=True nz=True ynz=True cond=True claim_agree=True upper=2007.45810628  CERT
981109265,0,1 RHO mem=True nz=True ynz=True cond=True claim_agree=True upper=0.924302750451  CERT
981109265,0,1 T   mem=True nz=True ynz=True cond=True claim_agree=True upper=2577.90665973  CERT
987002083,0,1 RHO mem=True nz=True ynz=True cond=True claim_agree=True upper=0.945522337738  CERT
987002083,0,1 T   mem=True nz=True ynz=True cond=True claim_agree=True upper=2524.18926916  CERT
FAMILY VERIFY n=7 l=1000856641 : EXCLUDED (components certified 32 / 32 ; lines 64 ; failed lines 0)
FAMILY VERIFY PASS
