FACTORIZATION: 32 irreducible factors of degree 2 over F_1001152193: OK (header deg/ncomp/bar_T agree)
35286784,0,1 RHO mem=True nz=True ynz=True cond=True claim_agree=True upper=0.941761164568  CERT
35286784,0,1 T   mem=True nz=True ynz=True cond=True claim_agree=True upper=2377.10355360  CERT
88732613,0,1 RHO mem=True nz=True ynz=True cond=True claim_agree=True upper=0.915023341489  CERT
88732613,0,1 T   mem=True nz=True ynz=True cond=True claim_agree=True upper=2709.56464607  CERT
98645326,0,1 RHO mem=True nz=True ynz=True cond=True claim_agree=True upper=0.916107592109  CERT
98645326,0,1 T   mem=True nz=True ynz=True cond=True claim_agree=True upper=1777.84291191  CERT
99934571,0,1 RHO mem=True nz=True ynz=True cond=True claim_agree=True upper=0.941590908061  CERT
99934571,0,1 T   mem=True nz=True ynz=True cond=True claim_agree=True upper=2735.37825109  CERT
107828577,0,1 RHO mem=True nz=True ynz=True cond=True claim_agree=True upper=0.915023341489  CERT
107828577,0,1 T   mem=True nz=True ynz=True cond=True claim_agree=True upper=2391.34851648  CERT
167558065,0,1 RHO mem=True nz=True ynz=True cond=True claim_agree=True upper=0.949551805109  CERT
167558065,0,1 T   mem=True nz=True ynz=True cond=True claim_agree=True upper=2127.23363418  CERT
179849168,0,1 RHO mem=True nz=True ynz=True cond=True claim_agree=True upper=0.948270869447  CERT
179849168,0,1 T   mem=True nz=True ynz=True cond=True claim_agree=True upper=2218.76835408  CERT
182035702,0,1 RHO mem=True nz=True ynz=True cond=True claim_agree=True upper=0.946023763530  CERT
182035702,0,1 T   mem=True nz=True ynz=True cond=True claim_agree=True upper=2660.31691902  CERT
270610536,0,1 RHO mem=True nz=True ynz=True cond=True claim_agree=True upper=0.888911725480  CERT
270610536,0,1 T   mem=True nz=True ynz=True cond=True claim_agree=True upper=1917.83964530  CERT
271155714,0,1 RHO mem=True nz=True ynz=True cond=True claim_agree=True upper=0.955255795885  CERT
271155714,0,1 T   mem=True nz=True ynz=True cond=True claim_agree=True upper=2556.90952926  CERT
289021100,0,1 RHO mem=True nz=True ynz=True cond=True claim_agree=True upper=0.888911725480  CERT
289021100,0,1 T   mem=True nz=True ynz=True cond=True claim_agree=True upper=1449.17323504  CERT
305425313,0,1 RHO mem=True nz=True ynz=True cond=True claim_agree=True upper=0.946023763530  CERT
305425313,0,1 T   mem=True nz=True ynz=True cond=True claim_agree=True upper=2330.14279331  CERT
349785225,0,1 RHO mem=True nz=True ynz=True cond=True claim_agree=True upper=0.948236912475  CERT
349785225,0,1 T   mem=True nz=True ynz=True cond=True claim_agree=True upper=2369.54078900  CERT
378191443,0,1 RHO mem=True nz=True ynz=True cond=True claim_agree=True upper=0.926359542748  CERT
378191443,0,1 T   mem=True nz=True ynz=True cond=True claim_agree=True upper=2946.71026446  CERT
438661192,0,1 RHO mem=True nz=True ynz=True cond=True claim_agree=True upper=0.941590908061  CERT
438661192,0,1 T   mem=True nz=True ynz=True cond=True claim_agree=True upper=2280.29052744  CERT
441644281,0,1 RHO mem=True nz=True ynz=True cond=True claim_agree=True upper=0.941761164568  CERT
441644281,0,1 T   mem=True nz=True ynz=True cond=True claim_agree=True upper=2306.20496720  CERT
559507912,0,1 RHO mem=True nz=True ynz=True cond=True claim_agree=True upper=0.928922587357  CERT
559507912,0,1 T   mem=True nz=True ynz=True cond=True claim_agree=True upper=2489.73197022  CERT
562491001,0,1 RHO mem=True nz=True ynz=True cond=True claim_agree=True upper=0.926043089593  CERT
562491001,0,1 T   mem=True nz=True ynz=True cond=True claim_agree=True upper=1797.47681049  CERT
622960750,0,1 RHO mem=True nz=True ynz=True cond=True claim_agree=True upper=0.916107592109  CERT
622960750,0,1 T   mem=True nz=True ynz=True cond=True claim_agree=True upper=2355.72821328  CERT
651366968,0,1 RHO mem=True nz=True ynz=True cond=True claim_agree=True upper=0.955255795885  CERT
651366968,0,1 T   mem=True nz=True ynz=True cond=True claim_agree=True upper=2729.26931424  CERT
695726880,0,1 RHO mem=True nz=True ynz=True cond=True claim_agree=True upper=0.945181569984  CERT
695726880,0,1 T   mem=True nz=True ynz=True cond=True claim_agree=True upper=2308.47129324  CERT
712131093,0,1 RHO mem=True nz=True ynz=True cond=True claim_agree=True upper=0.948989997193  CERT
712131093,0,1 T   mem=True nz=True ynz=True cond=True claim_agree=True upper=2720.67118220  CERT
729996479,0,1 RHO mem=True nz=True ynz=True cond=True claim_agree=True upper=0.948236912475  CERT
729996479,0,1 T   mem=True nz=True ynz=True cond=True claim_agree=True upper=2148.95126203  CERT
730541657,0,1 RHO mem=True nz=True ynz=True cond=True claim_agree=True upper=0.948989997193  CERT
730541657,0,1 T   mem=True nz=True ynz=True cond=True claim_agree=True upper=2660.21620410  CERT
819116491,0,1 RHO mem=True nz=True ynz=True cond=True claim_agree=True upper=0.945181569984  CERT
819116491,0,1 T   mem=True nz=True ynz=True cond=True claim_agree=True upper=2745.70697387  CERT
821303025,0,1 RHO mem=True nz=True ynz=True cond=True claim_agree=True upper=0.949551805109  CERT
821303025,0,1 T   mem=True nz=True ynz=True cond=True claim_agree=True upper=2156.56505698  CERT
833594128,0,1 RHO mem=True nz=True ynz=True cond=True claim_agree=True upper=0.948270869447  CERT
833594128,0,1 T   mem=True nz=True ynz=True cond=True claim_agree=True upper=2322.44827057  CERT
893323616,0,1 RHO mem=True nz=True ynz=True cond=True claim_agree=True upper=0.972020826681  CERT
893323616,0,1 T   mem=True nz=True ynz=True cond=True claim_agree=True upper=2582.46998177  CERT
901217622,0,1 RHO mem=True nz=True ynz=True cond=True claim_agree=True upper=0.926043089593  CERT
901217622,0,1 T   mem=True nz=True ynz=True cond=True claim_agree=True upper=2969.78457869  CERT
902506867,0,1 RHO mem=True nz=True ynz=True cond=True claim_agree=True upper=0.926359542748  CERT
902506867,0,1 T   mem=True nz=True ynz=True cond=True claim_agree=True upper=2213.13207899  CERT
912419580,0,1 RHO mem=True nz=True ynz=True cond=True claim_agree=True upper=0.972020826681  CERT
912419580,0,1 T   mem=True nz=True ynz=True cond=True claim_agree=True upper=2936.58901013  CERT
965865409,0,1 RHO mem=True nz=True ynz=True cond=True claim_agree=True upper=0.928922587357  CERT
965865409,0,1 T   mem=True nz=True ynz=True cond=True claim_agree=True upper=2113.19488787  CERT
FAMILY VERIFY n=7 l=1001152193 : EXCLUDED (components certified 32 / 32 ; lines 64 ; failed lines 0)
FAMILY VERIFY PASS
