FACTORIZATION: 32 irreducible factors of degree 2 over F_1000618561: OK (header deg/ncomp/bar_T agree)
812687,0,1 RHO mem=True nz=True ynz=True cond=True claim_agree=True upper=0.953215902740  CERT
812687,0,1 T   mem=True nz=True ynz=True cond=True claim_agree=True upper=2291.30237032  CERT
56563417,0,1 RHO mem=True nz=True ynz=True cond=True claim_agree=True upper=0.944117613173  CERT
56563417,0,1 T   mem=True nz=True ynz=True cond=True claim_agree=True upper=2339.91688080  CERT
101919352,0,1 RHO mem=True nz=True ynz=True cond=True claim_agree=True upper=0.968342294240  CERT
101919352,0,1 T   mem=True nz=True ynz=True cond=True claim_agree=True upper=2945.53793593  CERT
189696301,0,1 RHO mem=True nz=True ynz=True cond=True claim_agree=True upper=0.947057364693  CERT
189696301,0,1 T   mem=True nz=True ynz=True cond=True claim_agree=True upper=2962.99654484  CERT
237908321,0,1 RHO mem=True nz=True ynz=True cond=True claim_agree=True upper=0.974281173048  CERT
237908321,0,1 T   mem=True nz=True ynz=True cond=True claim_agree=True upper=2410.06814843  CERT
239436178,0,1 RHO mem=True nz=True ynz=True cond=True claim_agree=True upper=0.951507088944  CERT
239436178,0,1 T   mem=True nz=True ynz=True cond=True claim_agree=True upper=2372.05812821  CERT
267146323,0,1 RHO mem=True nz=True ynz=True cond=True claim_agree=True upper=0.946649059042  CERT
267146323,0,1 T   mem=True nz=True ynz=True cond=True claim_agree=True upper=2789.78441478  CERT
273849003,0,1 RHO mem=True nz=True ynz=True cond=True claim_agree=True upper=0.943294991242  CERT
273849003,0,1 T   mem=True nz=True ynz=True cond=True claim_agree=True upper=2668.74328048  CERT
303028692,0,1 RHO mem=True nz=True ynz=True cond=True claim_agree=True upper=0.956832771950  CERT
303028692,0,1 T   mem=True nz=True ynz=True cond=True claim_agree=True upper=2885.06366338  CERT
359554952,0,1 RHO mem=True nz=True ynz=True cond=True claim_agree=True upper=0.954220159251  CERT
359554952,0,1 T   mem=True nz=True ynz=True cond=True claim_agree=True upper=2599.14979281  CERT
365800755,0,1 RHO mem=True nz=True ynz=True cond=True claim_agree=True upper=0.943531947063  CERT
365800755,0,1 T   mem=True nz=True ynz=True cond=True claim_agree=True upper=2794.17047908  CERT
385936453,0,1 RHO mem=True nz=True ynz=True cond=True claim_agree=True upper=0.943531947063  CERT
385936453,0,1 T   mem=True nz=True ynz=True cond=True claim_agree=True upper=2397.54101260  CERT
391109103,0,1 RHO mem=True nz=True ynz=True cond=True claim_agree=True upper=0.943294991242  CERT
391109103,0,1 T   mem=True nz=True ynz=True cond=True claim_agree=True upper=2346.91391398  CERT
426581278,0,1 RHO mem=True nz=True ynz=True cond=True claim_agree=True upper=0.930065191861  CERT
426581278,0,1 T   mem=True nz=True ynz=True cond=True claim_agree=True upper=1920.24764368  CERT
470928873,0,1 RHO mem=True nz=True ynz=True cond=True claim_agree=True upper=0.968342294240  CERT
470928873,0,1 T   mem=True nz=True ynz=True cond=True claim_agree=True upper=2773.16085138  CERT
471184664,0,1 RHO mem=True nz=True ynz=True cond=True claim_agree=True upper=0.962855441830  CERT
471184664,0,1 T   mem=True nz=True ynz=True cond=True claim_agree=True upper=2419.37381215  CERT
529433897,0,1 RHO mem=True nz=True ynz=True cond=True claim_agree=True upper=0.951507088944  CERT
529433897,0,1 T   mem=True nz=True ynz=True cond=True claim_agree=True upper=2585.13827189  CERT
529689688,0,1 RHO mem=True nz=True ynz=True cond=True claim_agree=True upper=0.937291071781  CERT
529689688,0,1 T   mem=True nz=True ynz=True cond=True claim_agree=True upper=2291.27740188  CERT
574037283,0,1 RHO mem=True nz=True ynz=True cond=True claim_agree=True upper=0.956832771950  CERT
574037283,0,1 T   mem=True nz=True ynz=True cond=True claim_agree=True upper=2063.09902889  CERT
609509458,0,1 RHO mem=True nz=True ynz=True cond=True claim_agree=True upper=0.974976501870  CERT
609509458,0,1 T   mem=True nz=True ynz=True cond=True claim_agree=True upper=2610.46778292  CERT
614682108,0,1 RHO mem=True nz=True ynz=True cond=True claim_agree=True upper=0.966287495108  CERT
614682108,0,1 T   mem=True nz=True ynz=True cond=True claim_agree=True upper=2458.51710963  CERT
634817806,0,1 RHO mem=True nz=True ynz=True cond=True claim_agree=True upper=0.966287495108  CERT
634817806,0,1 T   mem=True nz=True ynz=True cond=True claim_agree=True upper=2615.69194245  CERT
641063609,0,1 RHO mem=True nz=True ynz=True cond=True claim_agree=True upper=0.953215902740  CERT
641063609,0,1 T   mem=True nz=True ynz=True cond=True claim_agree=True upper=2256.40890634  CERT
697589869,0,1 RHO mem=True nz=True ynz=True cond=True claim_agree=True upper=0.930065191861  CERT
697589869,0,1 T   mem=True nz=True ynz=True cond=True claim_agree=True upper=1540.04102397  CERT
726769558,0,1 RHO mem=True nz=True ynz=True cond=True claim_agree=True upper=0.974976501870  CERT
726769558,0,1 T   mem=True nz=True ynz=True cond=True claim_agree=True upper=2697.08555931  CERT
733472238,0,1 RHO mem=True nz=True ynz=True cond=True claim_agree=True upper=0.974281173048  CERT
733472238,0,1 T   mem=True nz=True ynz=True cond=True claim_agree=True upper=2653.78904850  CERT
761182383,0,1 RHO mem=True nz=True ynz=True cond=True claim_agree=True upper=0.962855441830  CERT
761182383,0,1 T   mem=True nz=True ynz=True cond=True claim_agree=True upper=3299.01214323  CERT
762710240,0,1 RHO mem=True nz=True ynz=True cond=True claim_agree=True upper=0.946649059042  CERT
762710240,0,1 T   mem=True nz=True ynz=True cond=True claim_agree=True upper=2319.95719789  CERT
810922260,0,1 RHO mem=True nz=True ynz=True cond=True claim_agree=True upper=0.944117613173  CERT
810922260,0,1 T   mem=True nz=True ynz=True cond=True claim_agree=True upper=3253.18318792  CERT
898699209,0,1 RHO mem=True nz=True ynz=True cond=True claim_agree=True upper=0.937291071781  CERT
898699209,0,1 T   mem=True nz=True ynz=True cond=True claim_agree=True upper=2783.20221274  CERT
944055144,0,1 RHO mem=True nz=True ynz=True cond=True claim_agree=True upper=0.947057364693  CERT
944055144,0,1 T   mem=True nz=True ynz=True cond=True claim_agree=True upper=2364.63270939  CERT
999805874,0,1 RHO mem=True nz=True ynz=True cond=True claim_agree=True upper=0.954220159251  CERT
999805874,0,1 T   mem=True nz=True ynz=True cond=True claim_agree=True upper=2521.57885971  CERT
FAMILY VERIFY n=7 l=1000618561 : EXCLUDED (components certified 32 / 32 ; lines 64 ; failed lines 0)
FAMILY VERIFY PASS
