  comp   0 f=1000001086,19094749,1  rho=1.10459  T=6480.1  OPEN_NEAR  11s
  comp   1 f=1000001086,27614932,1  rho=1.08595  T=6297.3  OPEN_NEAR  54s
  comp   2 f=1000001086,55706088,1  rho=1.14785  T=7881.8  OPEN_NEAR  15s
  comp   3 f=1000001086,68714333,1  rho=1.11517  T=8711.2  OPEN_FAR  22s
  comp   4 f=1000001086,102771469,1  rho=1.12447  T=4833.8  OPEN_NEAR  50s
  comp   5 f=1000001086,118893614,1  rho=1.11950  T=4093.2  PASS_T  80s
  comp   6 f=1000001086,122245921,1  rho=1.10330  T=5499.1  OPEN_NEAR  39s
  comp   7 f=1000001086,135251876,1  rho=1.14562  T=8754.9  OPEN_FAR  60s
  comp   8 f=1000001086,211203136,1  rho=1.12401  T=6096.9  OPEN_NEAR  24s
  comp   9 f=1000001086,219331537,1  rho=1.06833  T=3448.2  PASS_T  33s
  comp  10 f=1000001086,298674881,1  rho=1.12316  T=7220.4  OPEN_NEAR  40s
  comp  11 f=1000001086,329871333,1  rho=1.13254  T=7000.3  OPEN_NEAR  53s
  comp  12 f=1000001086,385231018,1  rho=1.09175  T=4562.4  OPEN_NEAR  32s
  comp  13 f=1000001086,406053673,1  rho=1.12431  T=6603.7  OPEN_NEAR  75s
  comp  14 f=1000001086,410978949,1  rho=1.09907  T=5352.7  OPEN_NEAR  5s
  comp  15 f=1000001086,491088373,1  rho=1.12544  T=6478.2  OPEN_NEAR  52s
  comp  16 f=1000001086,508912714,1  rho=1.13096  T=6933.0  OPEN_NEAR  28s
  comp  17 f=1000001086,589022138,1  rho=1.09907  T=4706.6  OPEN_NEAR  25s
  comp  18 f=1000001086,593947414,1  rho=1.12431  T=5951.6  OPEN_NEAR  22s
  comp  19 f=1000001086,614770069,1  rho=1.09175  T=5340.9  OPEN_NEAR  21s
  comp  20 f=1000001086,670129754,1  rho=1.13254  T=6468.1  OPEN_NEAR  51s
  comp  21 f=1000001086,701326206,1  rho=1.12316  T=6592.8  OPEN_NEAR  10s
  comp  22 f=1000001086,780669550,1  rho=1.06833  T=3050.2  PASS_T  10s
  comp  23 f=1000001086,788797951,1  rho=1.12401  T=5276.3  OPEN_NEAR  39s
  comp  24 f=1000001086,864749211,1  rho=1.14562  T=5226.7  OPEN_NEAR  63s
  comp  25 f=1000001086,877755166,1  rho=1.10330  T=3979.3  PASS_T  29s
  comp  26 f=1000001086,881107473,1  rho=1.11950  T=8256.3  OPEN_NEAR  66s
  comp  27 f=1000001086,897229618,1  rho=1.12447  T=5908.3  OPEN_NEAR  38s
  comp  28 f=1000001086,931286754,1  rho=1.11517  T=5778.7  OPEN_NEAR  39s
  comp  29 f=1000001086,944294999,1  rho=1.14476  T=9285.7  OPEN_FAR  23s
  comp  30 f=1000001086,972386155,1  rho=1.08595  T=5856.3  OPEN_NEAR  31s
  comp  31 f=1000001086,980906338,1  rho=1.10459  T=3836.3  PASS_T  41s
FAMILY GEN n=7 l=1000001087 : INCOMPLETE ; PASS 5 / 32 ; OPEN_NEAR 24 ; OPEN_FAR 3 ; 1180s
FAMILY GEN DONE n=7 l=1000001087
