  comp   0 f=1000000446,4567264,1  rho=1.15676  T=8339.9  OPEN_NEAR  14s
  comp   1 f=1000000446,74866243,1  rho=1.11104  T=4041.3  PASS_T  21s
  comp   2 f=1000000446,98635635,1  rho=1.15281  T=8846.3  OPEN_FAR  33s
  comp   3 f=1000000446,173744476,1  rho=1.05581  T=3417.9  PASS_T  32s
  comp   4 f=1000000446,201195757,1  rho=1.10713  T=5912.6  OPEN_NEAR  50s
  comp   5 f=1000000446,242424641,1  rho=1.10925  T=4785.5  OPEN_NEAR  34s
  comp   6 f=1000000446,246040749,1  rho=1.12189  T=7507.1  OPEN_NEAR  54s
  comp   7 f=1000000446,291483021,1  rho=1.11457  T=6436.9  OPEN_NEAR  14s
  comp   8 f=1000000446,302569161,1  rho=1.10767  T=6431.3  OPEN_NEAR  30s
  comp   9 f=1000000446,324408412,1  rho=1.13807  T=9187.5  OPEN_FAR  78s
  comp  10 f=1000000446,336993297,1  rho=1.09361  T=7552.2  OPEN_NEAR  12s
  comp  11 f=1000000446,359493922,1  rho=1.13416  T=4410.3  OPEN_NEAR  43s
  comp  12 f=1000000446,393516206,1  rho=1.12262  T=6819.0  OPEN_NEAR  32s
  comp  13 f=1000000446,417416650,1  rho=1.11348  T=6824.9  OPEN_NEAR  89s
  comp  14 f=1000000446,447873343,1  rho=1.08365  T=5659.1  OPEN_NEAR  11s
  comp  15 f=1000000446,481130704,1  rho=1.10674  T=5159.5  OPEN_NEAR  21s
  comp  16 f=1000000446,518869743,1  rho=1.10674  T=6142.0  OPEN_NEAR  41s
  comp  17 f=1000000446,552127104,1  rho=1.08365  T=6242.9  OPEN_NEAR  32s
  comp  18 f=1000000446,582583797,1  rho=1.11348  T=5812.6  OPEN_NEAR  47s
  comp  19 f=1000000446,606484241,1  rho=1.12262  T=5092.4  OPEN_NEAR  14s
  comp  20 f=1000000446,640506525,1  rho=1.13416  T=9347.3  OPEN_FAR  39s
  comp  21 f=1000000446,663007150,1  rho=1.09361  T=8441.3  OPEN_NEAR  29s
  comp  22 f=1000000446,675592035,1  rho=1.13807  T=7259.2  OPEN_NEAR  11s
  comp  23 f=1000000446,697431286,1  rho=1.10767  T=6806.1  OPEN_NEAR  50s
  comp  24 f=1000000446,708517426,1  rho=1.11457  T=4631.5  OPEN_NEAR  33s
  comp  25 f=1000000446,753959698,1  rho=1.12189  T=6835.9  OPEN_NEAR  26s
  comp  26 f=1000000446,757575806,1  rho=1.10925  T=5160.6  OPEN_NEAR  51s
  comp  27 f=1000000446,798804690,1  rho=1.10713  T=6713.5  OPEN_NEAR  99s
  comp  28 f=1000000446,826255971,1  rho=1.05581  T=8056.0  OPEN_NEAR  32s
  comp  29 f=1000000446,901364812,1  rho=1.15281  T=7179.2  OPEN_NEAR  46s
  comp  30 f=1000000446,925134204,1  rho=1.11104  T=7715.2  OPEN_NEAR  15s
  comp  31 f=1000000446,995433183,1  rho=1.14393  T=7058.8  OPEN_NEAR  38s
FAMILY GEN n=7 l=1000000447 : INCOMPLETE ; PASS 2 / 32 ; OPEN_NEAR 27 ; OPEN_FAR 3 ; 1170s
FAMILY GEN DONE n=7 l=1000000447
