  comp   0 f=1000002238,37776266,1  rho=1.13450  T=7506.3  OPEN_NEAR  22s
  comp   1 f=1000002238,63280753,1  rho=1.12078  T=7595.2  OPEN_NEAR  26s
  comp   2 f=1000002238,95379929,1  rho=1.11452  T=7224.5  OPEN_NEAR  61s
  comp   3 f=1000002238,173646633,1  rho=1.10104  T=7054.2  OPEN_NEAR  17s
  comp   4 f=1000002238,269397741,1  rho=1.13751  T=6130.5  OPEN_NEAR  72s
  comp   5 f=1000002238,289640659,1  rho=1.11004  T=4389.1  OPEN_NEAR  7s
  comp   6 f=1000002238,319800668,1  rho=1.09885  T=4597.5  OPEN_NEAR  28s
  comp   7 f=1000002238,337216899,1  rho=1.07440  T=4243.9  OPEN_NEAR  12s
  comp   8 f=1000002238,357999758,1  rho=1.10848  T=4739.2  OPEN_NEAR  22s
  comp   9 f=1000002238,363102856,1  rho=1.13558  T=6880.2  OPEN_NEAR  22s
  comp  10 f=1000002238,388295986,1  rho=1.10445  T=5048.4  OPEN_NEAR  9s
  comp  11 f=1000002238,431384663,1  rho=1.08342  T=7290.8  OPEN_NEAR  11s
  comp  12 f=1000002238,437243383,1  rho=1.05725  T=9016.5  OPEN_NEAR  30s
  comp  13 f=1000002238,459871380,1  rho=1.10773  T=4950.9  OPEN_NEAR  32s
  comp  14 f=1000002238,465376004,1  rho=1.12663  T=6486.5  OPEN_NEAR  34s
  comp  15 f=1000002238,484326601,1  rho=1.11872  T=6717.9  OPEN_NEAR  45s
  comp  16 f=1000002238,515675638,1  rho=1.11872  T=6971.3  OPEN_NEAR  16s
  comp  17 f=1000002238,534626235,1  rho=1.12663  T=4576.5  OPEN_NEAR  25s
  comp  18 f=1000002238,540130859,1  rho=1.10773  T=4997.8  OPEN_NEAR  16s
  comp  19 f=1000002238,562758856,1  rho=1.05725  T=7680.3  OPEN_NEAR  11s
  comp  20 f=1000002238,568617576,1  rho=1.08342  T=7514.2  OPEN_NEAR  14s
  comp  21 f=1000002238,611706253,1  rho=1.10445  T=6583.1  OPEN_NEAR  31s
  comp  22 f=1000002238,636899383,1  rho=1.13558  T=8709.6  OPEN_FAR  24s
  comp  23 f=1000002238,642002481,1  rho=1.10848  T=8139.6  OPEN_NEAR  17s
  comp  24 f=1000002238,662785340,1  rho=1.07440  T=5844.8  OPEN_NEAR  20s
  comp  25 f=1000002238,680201571,1  rho=1.09885  T=5503.8  OPEN_NEAR  67s
  comp  26 f=1000002238,710361580,1  rho=1.11004  T=8483.8  OPEN_FAR  36s
  comp  27 f=1000002238,730604498,1  rho=1.13751  T=9321.3  OPEN_FAR  26s
  comp  28 f=1000002238,826355606,1  rho=1.10104  T=11895.0  OPEN_FAR  17s
  comp  29 f=1000002238,904622310,1  rho=1.11452  T=9532.4  OPEN_FAR  37s
  comp  30 f=1000002238,936721486,1  rho=1.12078  T=7128.6  OPEN_NEAR  44s
  comp  31 f=1000002238,962225973,1  rho=1.13848  T=8406.0  OPEN_NEAR  39s
FAMILY GEN n=7 l=1000002239 : INCOMPLETE ; PASS 0 / 32 ; OPEN_NEAR 27 ; OPEN_FAR 5 ; 889s
FAMILY GEN DONE n=7 l=1000002239
