  comp   0 f=1000003518,7417963,1  rho=1.15621  T=8362.0  OPEN_NEAR  33s
  comp   1 f=1000003518,36967624,1  rho=1.14094  T=11118.9  OPEN_FAR  19s
  comp   2 f=1000003518,74195788,1  rho=1.09575  T=6868.4  OPEN_NEAR  6s
  comp   3 f=1000003518,124508386,1  rho=1.12998  T=9290.6  OPEN_FAR  13s
  comp   4 f=1000003518,179576687,1  rho=1.12140  T=5772.5  OPEN_NEAR  22s
  comp   5 f=1000003518,186031219,1  rho=1.10678  T=6621.2  OPEN_NEAR  25s
  comp   6 f=1000003518,215334575,1  rho=1.10475  T=9987.4  OPEN_FAR  61s
  comp   7 f=1000003518,215516739,1  rho=1.06147  T=4408.2  OPEN_NEAR  18s
  comp   8 f=1000003518,258597342,1  rho=1.12721  T=6734.6  OPEN_NEAR  22s
  comp   9 f=1000003518,260659384,1  rho=1.14067  T=5485.9  OPEN_NEAR  35s
  comp  10 f=1000003518,284436042,1  rho=1.13355  T=4703.9  OPEN_NEAR  61s
  comp  11 f=1000003518,313907170,1  rho=1.07873  T=4063.8  PASS_T  5s
  comp  12 f=1000003518,333236325,1  rho=1.15288  T=6032.6  OPEN_NEAR  97s
  comp  13 f=1000003518,353944619,1  rho=1.11052  T=3542.6  PASS_T  51s
  comp  14 f=1000003518,365830386,1  rho=1.10433  T=6818.9  OPEN_NEAR  33s
  comp  15 f=1000003518,482379627,1  rho=1.12463  T=5655.0  OPEN_NEAR  29s
  comp  16 f=1000003518,517623892,1  rho=1.12463  T=8816.4  OPEN_FAR  28s
  comp  17 f=1000003518,634173133,1  rho=1.10433  T=5850.1  OPEN_NEAR  18s
  comp  18 f=1000003518,646058900,1  rho=1.11396  T=6773.4  OPEN_NEAR  15s
  comp  19 f=1000003518,666767194,1  rho=1.15132  T=7981.3  OPEN_NEAR  30s
  comp  20 f=1000003518,686096349,1  rho=1.07873  T=4470.4  OPEN_NEAR  13s
  comp  21 f=1000003518,715567477,1  rho=1.13355  T=7095.8  OPEN_NEAR  38s
  comp  22 f=1000003518,739344135,1  rho=1.14067  T=6214.9  OPEN_NEAR  13s
  comp  23 f=1000003518,741406177,1  rho=1.12721  T=8850.3  OPEN_FAR  30s
  comp  24 f=1000003518,784486780,1  rho=1.06147  T=5287.5  OPEN_NEAR  16s
  comp  25 f=1000003518,784668944,1  rho=1.10475  T=5993.7  OPEN_NEAR  37s
  comp  26 f=1000003518,813972300,1  rho=1.10678  T=6269.2  OPEN_NEAR  23s
  comp  27 f=1000003518,820426832,1  rho=1.12140  T=7466.8  OPEN_NEAR  30s
  comp  28 f=1000003518,875495133,1  rho=1.12998  T=5782.2  OPEN_NEAR  15s
  comp  29 f=1000003518,925807731,1  rho=1.09575  T=5666.7  OPEN_NEAR  17s
  comp  30 f=1000003518,963035895,1  rho=1.14094  T=7728.3  OPEN_NEAR  55s
  comp  31 f=1000003518,992585556,1  rho=1.15478  T=8143.6  OPEN_NEAR  26s
FAMILY GEN n=7 l=1000003519 : INCOMPLETE ; PASS 2 / 32 ; OPEN_NEAR 25 ; OPEN_FAR 5 ; 935s
FAMILY GEN DONE n=7 l=1000003519
