  comp   0 f=1000004926,46954183,1  rho=1.11271  T=8288.0  OPEN_NEAR  16s
  comp   1 f=1000004926,50068678,1  rho=1.11361  T=6158.5  OPEN_NEAR  28s
  comp   2 f=1000004926,135554849,1  rho=1.12477  T=5150.3  OPEN_NEAR  35s
  comp   3 f=1000004926,178269201,1  rho=1.10746  T=6649.5  OPEN_NEAR  68s
  comp   4 f=1000004926,211984063,1  rho=1.10877  T=5218.9  OPEN_NEAR  51s
  comp   5 f=1000004926,268702354,1  rho=1.08036  T=5893.3  OPEN_NEAR  29s
  comp   6 f=1000004926,328562342,1  rho=1.15150  T=6218.8  OPEN_NEAR  27s
  comp   7 f=1000004926,374132805,1  rho=1.08774  T=5089.1  OPEN_NEAR  39s
  comp   8 f=1000004926,376314477,1  rho=1.07291  T=7526.1  OPEN_NEAR  13s
  comp   9 f=1000004926,380600928,1  rho=1.14034  T=5867.9  OPEN_NEAR  47s
  comp  10 f=1000004926,411407521,1  rho=1.08577  T=4730.8  OPEN_NEAR  28s
  comp  11 f=1000004926,422299331,1  rho=1.11984  T=7922.7  OPEN_NEAR  16s
  comp  12 f=1000004926,431640132,1  rho=1.08931  T=5604.3  OPEN_NEAR  40s
  comp  13 f=1000004926,439187247,1  rho=1.05379  T=3549.5  PASS_T  16s
  comp  14 f=1000004926,468065194,1  rho=1.09618  T=6651.6  OPEN_NEAR  32s
  comp  15 f=1000004926,473730178,1  rho=1.09109  T=4164.2  PASS_T  34s
  comp  16 f=1000004926,526274749,1  rho=1.09109  T=4164.7  PASS_T  21s
  comp  17 f=1000004926,531939733,1  rho=1.09618  T=4371.3  OPEN_NEAR  22s
  comp  18 f=1000004926,560817680,1  rho=1.05379  T=4612.1  OPEN_NEAR  27s
  comp  19 f=1000004926,568364795,1  rho=1.08931  T=10277.6  OPEN_NEAR  36s
  comp  20 f=1000004926,577705596,1  rho=1.11416  T=4483.9  OPEN_NEAR  23s
  comp  21 f=1000004926,588597406,1  rho=1.08577  T=6724.0  OPEN_NEAR  33s
  comp  22 f=1000004926,619403999,1  rho=1.14507  T=6088.7  OPEN_NEAR  41s
  comp  23 f=1000004926,623690450,1  rho=1.07291  T=4711.9  OPEN_NEAR  16s
  comp  24 f=1000004926,625872122,1  rho=1.08774  T=9811.1  OPEN_NEAR  16s
  comp  25 f=1000004926,671442585,1  rho=1.15150  T=10339.1  OPEN_FAR  30s
  comp  26 f=1000004926,731302573,1  rho=1.08036  T=6140.6  OPEN_NEAR  11s
  comp  27 f=1000004926,788020864,1  rho=1.10877  T=5826.4  OPEN_NEAR  29s
  comp  28 f=1000004926,821735726,1  rho=1.10746  T=6354.5  OPEN_NEAR  22s
  comp  29 f=1000004926,864450078,1  rho=1.12477  T=6298.3  OPEN_NEAR  42s
  comp  30 f=1000004926,949936249,1  rho=1.11361  T=8572.3  OPEN_FAR  44s
  comp  31 f=1000004926,953050744,1  rho=1.11271  T=5221.3  OPEN_NEAR  30s
FAMILY GEN n=7 l=1000004927 : INCOMPLETE ; PASS 3 / 32 ; OPEN_NEAR 27 ; OPEN_FAR 2 ; 962s
FAMILY GEN DONE n=7 l=1000004927
